[runlim] version:		2.0.0rc1
[runlim] host:			p02n05
[runlim] time limit:		311040000 seconds
[runlim] real time limit:	5000 seconds
[runlim] space limit:		7000 MB
[runlim] argv[0]:		./binary
[runlim] argv[1]:		-c
[runlim] argv[2]:		/tmp/local-unzipped-12235997-7-419-BMS_k3_n100_m429_124.cnf
[runlim] start:			Fri Mar 20 13:16:49 2026
[runlim] child:			1211708
[runlim] sample:		9.96 time, 10.01 real, 4 MB, 2.90 load
[runlim] sample:		19.92 time, 20.01 real, 4 MB, 3.91 load
[runlim] sample:		29.87 time, 30.01 real, 4 MB, 4.84 load
[runlim] sample:		39.83 time, 40.01 real, 4 MB, 5.48 load
[runlim] sample:		49.79 time, 50.01 real, 4 MB, 5.94 load
[runlim] sample:		59.74 time, 60.01 real, 4 MB, 6.26 load
[runlim] end:			Fri Mar 20 13:17:49 2026
[runlim] status:		ok
[runlim] result:		0
[runlim] children:		1
[runlim] processes:		2
[runlim] real:			60.30 seconds
[runlim] time:			59.94 seconds
[runlim] space:			4 MB
[runlim] load:			6.26 maximum
[runlim] samples:		602
