[runlim] version:		2.0.0rc1
[runlim] host:			m05n12
[runlim] time limit:		311040000 seconds
[runlim] real time limit:	5000 seconds
[runlim] space limit:		7000 MB
[runlim] argv[0]:		./binary
[runlim] argv[1]:		-c
[runlim] argv[2]:		/tmp/local-unzipped-12235997-4-227-BMS_k3_n100_m429_9.cnf
[runlim] start:			Fri Mar 20 12:15:54 2026
[runlim] child:			1033161
[runlim] end:			Fri Mar 20 12:15:56 2026
[runlim] status:		ok
[runlim] result:		0
[runlim] children:		1
[runlim] processes:		2
[runlim] real:			2.52 seconds
[runlim] time:			2.50 seconds
[runlim] space:			3 MB
[runlim] load:			3.96 maximum
[runlim] samples:		25
