[runlim] version:		2.0.0rc1
[runlim] host:			p02n05
[runlim] time limit:		311040000 seconds
[runlim] real time limit:	5000 seconds
[runlim] space limit:		7000 MB
[runlim] argv[0]:		./binary
[runlim] argv[1]:		-c
[runlim] argv[2]:		/tmp/local-unzipped-12235997-3-176-BMS_k3_n100_m429_498.cnf
[runlim] start:			Fri Mar 20 12:07:37 2026
[runlim] child:			1124744
[runlim] sample:		9.96 time, 10.01 real, 3 MB, 2.21 load
[runlim] sample:		19.93 time, 20.01 real, 3 MB, 3.10 load
[runlim] sample:		29.89 time, 30.01 real, 3 MB, 3.85 load
[runlim] sample:		39.85 time, 40.01 real, 3 MB, 4.49 load
[runlim] sample:		49.82 time, 50.01 real, 3 MB, 5.03 load
[runlim] sample:		59.78 time, 60.01 real, 3 MB, 5.41 load
[runlim] sample:		69.75 time, 70.01 real, 3 MB, 5.50 load
[runlim] sample:		79.70 time, 80.01 real, 3 MB, 5.42 load
[runlim] sample:		89.66 time, 90.01 real, 3 MB, 5.36 load
[runlim] sample:		99.62 time, 100.01 real, 3 MB, 5.30 load
[runlim] sample:		109.58 time, 110.01 real, 3 MB, 5.25 load
[runlim] sample:		119.54 time, 120.01 real, 3 MB, 5.21 load
[runlim] sample:		129.50 time, 130.01 real, 3 MB, 5.18 load
[runlim] sample:		139.45 time, 140.01 real, 3 MB, 5.15 load
[runlim] sample:		149.41 time, 150.01 real, 3 MB, 5.13 load
[runlim] sample:		159.37 time, 160.01 real, 3 MB, 5.03 load
[runlim] sample:		169.33 time, 170.01 real, 3 MB, 4.87 load
[runlim] sample:		179.29 time, 180.01 real, 3 MB, 4.74 load
[runlim] sample:		189.25 time, 190.01 real, 3 MB, 4.62 load
[runlim] sample:		199.21 time, 200.01 real, 3 MB, 4.60 load
[runlim] sample:		209.16 time, 210.01 real, 3 MB, 4.58 load
[runlim] sample:		219.12 time, 220.01 real, 3 MB, 4.49 load
[runlim] sample:		229.08 time, 230.01 real, 3 MB, 4.42 load
[runlim] sample:		239.04 time, 240.01 real, 3 MB, 4.35 load
[runlim] sample:		249.00 time, 250.01 real, 3 MB, 4.30 load
[runlim] sample:		258.96 time, 260.01 real, 3 MB, 4.25 load
[runlim] sample:		268.92 time, 270.01 real, 3 MB, 4.21 load
[runlim] end:			Fri Mar 20 12:12:17 2026
[runlim] status:		ok
[runlim] result:		0
[runlim] children:		1
[runlim] processes:		2
[runlim] real:			279.72 seconds
[runlim] time:			278.58 seconds
[runlim] space:			3 MB
[runlim] load:			5.50 maximum
[runlim] samples:		2797
