[runlim] version:		2.0.0rc1
[runlim] host:			m05n12
[runlim] time limit:		311040000 seconds
[runlim] real time limit:	5000 seconds
[runlim] space limit:		7000 MB
[runlim] argv[0]:		./binary
[runlim] argv[1]:		-c
[runlim] argv[2]:		/tmp/local-unzipped-12235997-6-341-BMS_k3_n100_m429_27.cnf
[runlim] start:			Fri Mar 20 13:14:28 2026
[runlim] child:			1133154
[runlim] end:			Fri Mar 20 13:14:36 2026
[runlim] status:		ok
[runlim] result:		0
[runlim] children:		1
[runlim] processes:		2
[runlim] real:			8.06 seconds
[runlim] time:			7.97 seconds
[runlim] space:			4 MB
[runlim] load:			4.02 maximum
[runlim] samples:		80
