[runlim] version:		2.0.0rc1
[runlim] host:			p02n05
[runlim] time limit:		311040000 seconds
[runlim] real time limit:	5000 seconds
[runlim] space limit:		7000 MB
[runlim] argv[0]:		./binary
[runlim] argv[1]:		-c
[runlim] argv[2]:		/tmp/local-unzipped-12235997-3-157-BMS_k3_n100_m429_396.cnf
[runlim] start:			Fri Mar 20 12:07:18 2026
[runlim] child:			1124041
[runlim] end:			Fri Mar 20 12:07:18 2026
[runlim] status:		ok
[runlim] result:		0
[runlim] children:		1
[runlim] processes:		2
[runlim] real:			0.55 seconds
[runlim] time:			0.50 seconds
[runlim] space:			3 MB
[runlim] load:			0.59 maximum
[runlim] samples:		5
