[runlim] version:		2.0.0rc1
[runlim] host:			m04n11
[runlim] time limit:		311040000 seconds
[runlim] real time limit:	5000 seconds
[runlim] space limit:		7000 MB
[runlim] argv[0]:		./binary
[runlim] argv[1]:		-c
[runlim] argv[2]:		/tmp/local-unzipped-12235997-2-74-BMS_k3_n100_m429_317.cnf
[runlim] start:			Fri Mar 20 11:52:08 2026
[runlim] child:			3374444
[runlim] end:			Fri Mar 20 11:52:09 2026
[runlim] status:		ok
[runlim] result:		0
[runlim] children:		1
[runlim] processes:		2
[runlim] real:			0.95 seconds
[runlim] time:			0.90 seconds
[runlim] space:			4 MB
[runlim] load:			0.59 maximum
[runlim] samples:		9
