[runlim] version:		2.0.0rc1
[runlim] host:			m10n06
[runlim] time limit:		311040000 seconds
[runlim] real time limit:	5000 seconds
[runlim] space limit:		7000 MB
[runlim] argv[0]:		./binary
[runlim] argv[1]:		-c
[runlim] argv[2]:		-r
[runlim] argv[3]:		/tmp/local-unzipped-12181362-4-194-BMS_k3_n100_m429_341.cnf
[runlim] start:			Mon Mar 16 17:49:36 2026
[runlim] child:			1403039
[runlim] end:			Mon Mar 16 17:49:39 2026
[runlim] status:		ok
[runlim] result:		0
[runlim] children:		1
[runlim] processes:		2
[runlim] real:			3.27 seconds
[runlim] time:			3.19 seconds
[runlim] space:			4 MB
[runlim] load:			0.27 maximum
[runlim] samples:		32
