[runlim] version:		2.0.0rc1
[runlim] host:			m06n10
[runlim] time limit:		311040000 seconds
[runlim] real time limit:	5000 seconds
[runlim] space limit:		7000 MB
[runlim] argv[0]:		./binary
[runlim] argv[1]:		-c
[runlim] argv[2]:		-r
[runlim] argv[3]:		/tmp/local-unzipped-12181362-5-313-BMS_k3_n100_m429_1.cnf
[runlim] start:			Mon Mar 16 17:52:58 2026
[runlim] child:			3086910
[runlim] end:			Mon Mar 16 17:53:01 2026
[runlim] status:		ok
[runlim] result:		0
[runlim] children:		1
[runlim] processes:		2
[runlim] real:			2.20 seconds
[runlim] time:			2.10 seconds
[runlim] space:			3 MB
[runlim] load:			2.41 maximum
[runlim] samples:		21
