[runlim] version:		2.0.0rc1
[runlim] host:			m03n05
[runlim] time limit:		311040000 seconds
[runlim] real time limit:	5000 seconds
[runlim] space limit:		7000 MB
[runlim] argv[0]:		./binary
[runlim] argv[1]:		-c
[runlim] argv[2]:		-r
[runlim] argv[3]:		/tmp/local-unzipped-12181362-1-7-BMS_k3_n100_m429_392.cnf
[runlim] start:			Mon Mar 16 17:39:56 2026
[runlim] child:			4180740
[runlim] sample:		9.96 time, 10.01 real, 3 MB, 4.34 load
[runlim] sample:		19.92 time, 20.01 real, 3 MB, 4.52 load
[runlim] sample:		29.88 time, 30.01 real, 3 MB, 4.36 load
[runlim] sample:		39.83 time, 40.01 real, 3 MB, 4.31 load
[runlim] sample:		49.79 time, 50.01 real, 3 MB, 4.26 load
[runlim] sample:		59.74 time, 60.01 real, 3 MB, 4.68 load
[runlim] sample:		69.70 time, 70.01 real, 3 MB, 5.04 load
[runlim] sample:		79.66 time, 80.01 real, 3 MB, 5.19 load
[runlim] sample:		89.61 time, 90.01 real, 3 MB, 5.31 load
[runlim] sample:		99.57 time, 100.01 real, 3 MB, 5.42 load
[runlim] sample:		109.52 time, 110.01 real, 3 MB, 5.51 load
[runlim] end:			Mon Mar 16 17:41:51 2026
[runlim] status:		ok
[runlim] result:		0
[runlim] children:		1
[runlim] processes:		2
[runlim] real:			115.29 seconds
[runlim] time:			114.70 seconds
[runlim] space:			3 MB
[runlim] load:			5.51 maximum
[runlim] samples:		1152
