[runlim] version:		2.0.0rc1
[runlim] host:			p01n09
[runlim] time limit:		311040000 seconds
[runlim] real time limit:	5000 seconds
[runlim] space limit:		7000 MB
[runlim] argv[0]:		./binary
[runlim] argv[1]:		-c
[runlim] argv[2]:		/tmp/local-unzipped-12181314-3-169-BMS_k3_n100_m429_74.cnf
[runlim] start:			Mon Mar 16 16:24:51 2026
[runlim] child:			1153096
[runlim] end:			Mon Mar 16 16:24:54 2026
[runlim] status:		ok
[runlim] result:		0
[runlim] children:		1
[runlim] processes:		2
[runlim] real:			3.19 seconds
[runlim] time:			3.09 seconds
[runlim] space:			4 MB
[runlim] load:			1.03 maximum
[runlim] samples:		31
