[runlim] version:		2.0.0rc1
[runlim] host:			p06n12
[runlim] time limit:		311040000 seconds
[runlim] real time limit:	5000 seconds
[runlim] space limit:		7000 MB
[runlim] argv[0]:		./binary
[runlim] argv[1]:		-c
[runlim] argv[2]:		/tmp/local-unzipped-12181314-4-255-BMS_k3_n100_m429_355.cnf
[runlim] start:			Mon Mar 16 16:27:41 2026
[runlim] child:			2814847
[runlim] end:			Mon Mar 16 16:27:45 2026
[runlim] status:		ok
[runlim] result:		0
[runlim] children:		1
[runlim] processes:		2
[runlim] real:			3.81 seconds
[runlim] time:			3.79 seconds
[runlim] space:			4 MB
[runlim] load:			4.27 maximum
[runlim] samples:		38
