[runlim] version:		2.0.0rc1
[runlim] host:			p05n15
[runlim] time limit:		311040000 seconds
[runlim] real time limit:	5000 seconds
[runlim] space limit:		7000 MB
[runlim] argv[0]:		./binary
[runlim] argv[1]:		-c
[runlim] argv[2]:		/tmp/local-unzipped-12181314-7-423-BMS_k3_n100_m429_21.cnf
[runlim] start:			Mon Mar 16 16:32:20 2026
[runlim] child:			2117487
[runlim] sample:		9.97 time, 10.01 real, 4 MB, 7.81 load
[runlim] sample:		19.93 time, 20.01 real, 4 MB, 8.22 load
[runlim] sample:		29.89 time, 30.01 real, 4 MB, 8.49 load
[runlim] sample:		39.85 time, 40.01 real, 4 MB, 8.64 load
[runlim] end:			Mon Mar 16 16:33:10 2026
[runlim] status:		ok
[runlim] result:		0
[runlim] children:		1
[runlim] processes:		2
[runlim] real:			49.29 seconds
[runlim] time:			49.01 seconds
[runlim] space:			4 MB
[runlim] load:			8.70 maximum
[runlim] samples:		492
