[runlim] version:		2.0.0rc1
[runlim] host:			p05n13
[runlim] time limit:		311040000 seconds
[runlim] real time limit:	5000 seconds
[runlim] space limit:		7000 MB
[runlim] argv[0]:		./binary
[runlim] argv[1]:		-c
[runlim] argv[2]:		/tmp/local-unzipped-12181314-6-360-BMS_k3_n100_m429_303.cnf
[runlim] start:			Mon Mar 16 16:32:21 2026
[runlim] child:			3226346
[runlim] sample:		9.96 time, 10.01 real, 3 MB, 10.98 load
[runlim] sample:		19.90 time, 20.01 real, 3 MB, 10.52 load
[runlim] sample:		29.84 time, 30.01 real, 3 MB, 10.44 load
[runlim] sample:		39.78 time, 40.01 real, 3 MB, 10.37 load
[runlim] sample:		49.72 time, 50.01 real, 3 MB, 10.32 load
[runlim] sample:		59.67 time, 60.01 real, 3 MB, 10.11 load
[runlim] sample:		69.62 time, 70.01 real, 3 MB, 9.94 load
[runlim] sample:		79.57 time, 80.01 real, 3 MB, 9.80 load
[runlim] sample:		89.53 time, 90.01 real, 3 MB, 9.52 load
[runlim] sample:		99.48 time, 100.01 real, 3 MB, 9.21 load
[runlim] sample:		109.44 time, 110.01 real, 3 MB, 8.87 load
[runlim] sample:		119.40 time, 120.01 real, 3 MB, 8.50 load
[runlim] sample:		129.36 time, 130.01 real, 3 MB, 8.19 load
[runlim] sample:		139.32 time, 140.01 real, 3 MB, 7.86 load
[runlim] sample:		149.28 time, 150.01 real, 3 MB, 7.57 load
[runlim] sample:		159.24 time, 160.01 real, 3 MB, 7.33 load
[runlim] sample:		169.20 time, 170.01 real, 3 MB, 7.12 load
[runlim] sample:		179.16 time, 180.01 real, 3 MB, 6.95 load
[runlim] sample:		189.12 time, 190.01 real, 3 MB, 6.88 load
[runlim] sample:		199.07 time, 200.01 real, 3 MB, 6.75 load
[runlim] sample:		209.03 time, 210.01 real, 3 MB, 6.63 load
[runlim] sample:		218.99 time, 220.01 real, 3 MB, 6.54 load
[runlim] sample:		228.95 time, 230.01 real, 3 MB, 6.45 load
[runlim] sample:		238.92 time, 240.01 real, 3 MB, 6.31 load
[runlim] sample:		248.88 time, 250.01 real, 3 MB, 6.11 load
[runlim] sample:		258.84 time, 260.01 real, 3 MB, 5.94 load
[runlim] sample:		268.80 time, 270.01 real, 3 MB, 5.79 load
[runlim] sample:		278.77 time, 280.01 real, 3 MB, 5.67 load
[runlim] sample:		288.73 time, 290.01 real, 3 MB, 5.57 load
[runlim] sample:		298.69 time, 300.01 real, 3 MB, 5.48 load
[runlim] sample:		308.65 time, 310.01 real, 3 MB, 5.40 load
[runlim] sample:		318.62 time, 320.01 real, 3 MB, 5.34 load
[runlim] sample:		328.58 time, 330.01 real, 3 MB, 5.29 load
[runlim] sample:		338.54 time, 340.01 real, 3 MB, 5.24 load
[runlim] sample:		348.50 time, 350.01 real, 3 MB, 5.21 load
[runlim] sample:		358.47 time, 360.01 real, 3 MB, 5.09 load
[runlim] sample:		368.43 time, 370.01 real, 3 MB, 5.01 load
[runlim] sample:		378.40 time, 380.01 real, 3 MB, 4.70 load
[runlim] sample:		388.36 time, 390.01 real, 3 MB, 4.44 load
[runlim] sample:		398.33 time, 400.01 real, 3 MB, 4.21 load
[runlim] sample:		408.30 time, 410.01 real, 3 MB, 4.03 load
[runlim] sample:		418.25 time, 420.01 real, 3 MB, 3.87 load
[runlim] sample:		428.21 time, 430.01 real, 3 MB, 3.73 load
[runlim] sample:		438.17 time, 440.01 real, 3 MB, 3.62 load
[runlim] sample:		448.13 time, 450.01 real, 3 MB, 3.53 load
[runlim] sample:		458.09 time, 460.01 real, 3 MB, 3.44 load
[runlim] sample:		468.05 time, 470.01 real, 3 MB, 3.38 load
[runlim] sample:		478.01 time, 480.01 real, 3 MB, 3.32 load
[runlim] sample:		487.96 time, 490.01 real, 3 MB, 3.27 load
[runlim] sample:		497.92 time, 500.01 real, 3 MB, 3.23 load
[runlim] sample:		507.88 time, 510.01 real, 3 MB, 3.19 load
[runlim] sample:		517.84 time, 520.01 real, 3 MB, 3.16 load
[runlim] sample:		527.80 time, 530.01 real, 3 MB, 3.21 load
[runlim] sample:		537.75 time, 540.01 real, 3 MB, 3.18 load
[runlim] sample:		547.71 time, 550.01 real, 3 MB, 3.15 load
[runlim] sample:		557.67 time, 560.01 real, 3 MB, 3.27 load
[runlim] sample:		567.63 time, 570.01 real, 3 MB, 3.23 load
[runlim] sample:		577.59 time, 580.01 real, 3 MB, 3.20 load
[runlim] sample:		587.54 time, 590.01 real, 3 MB, 3.25 load
[runlim] sample:		597.50 time, 600.01 real, 3 MB, 3.21 load
[runlim] sample:		607.46 time, 610.01 real, 3 MB, 3.17 load
[runlim] sample:		617.42 time, 620.01 real, 3 MB, 3.15 load
[runlim] sample:		627.38 time, 630.01 real, 3 MB, 3.12 load
[runlim] sample:		637.34 time, 640.01 real, 3 MB, 3.10 load
[runlim] sample:		647.30 time, 650.01 real, 3 MB, 3.09 load
[runlim] sample:		657.25 time, 660.01 real, 3 MB, 3.07 load
[runlim] sample:		667.21 time, 670.01 real, 3 MB, 3.14 load
[runlim] sample:		677.17 time, 680.01 real, 3 MB, 3.12 load
[runlim] sample:		687.13 time, 690.01 real, 3 MB, 3.10 load
[runlim] sample:		697.09 time, 700.01 real, 3 MB, 2.92 load
[runlim] sample:		707.06 time, 710.01 real, 3 MB, 2.63 load
[runlim] sample:		717.03 time, 720.01 real, 3 MB, 2.38 load
[runlim] sample:		727.00 time, 730.01 real, 3 MB, 2.17 load
[runlim] sample:		736.97 time, 740.01 real, 3 MB, 1.99 load
[runlim] sample:		746.94 time, 750.01 real, 3 MB, 1.91 load
[runlim] sample:		756.91 time, 760.01 real, 3 MB, 1.77 load
[runlim] sample:		766.88 time, 770.01 real, 3 MB, 3.42 load
[runlim] sample:		776.85 time, 780.01 real, 3 MB, 3.04 load
[runlim] sample:		786.82 time, 790.01 real, 3 MB, 2.81 load
[runlim] sample:		796.79 time, 800.01 real, 3 MB, 2.53 load
[runlim] sample:		806.75 time, 810.01 real, 3 MB, 2.30 load
[runlim] sample:		816.72 time, 820.01 real, 3 MB, 2.18 load
[runlim] sample:		826.69 time, 830.01 real, 3 MB, 2.23 load
[runlim] sample:		836.66 time, 840.01 real, 3 MB, 2.19 load
[runlim] sample:		846.63 time, 850.01 real, 3 MB, 2.16 load
[runlim] sample:		856.60 time, 860.01 real, 3 MB, 2.14 load
[runlim] sample:		866.58 time, 870.01 real, 3 MB, 2.20 load
[runlim] sample:		876.54 time, 880.01 real, 3 MB, 2.24 load
[runlim] sample:		886.51 time, 890.01 real, 3 MB, 2.20 load
[runlim] sample:		896.48 time, 900.01 real, 3 MB, 2.17 load
[runlim] sample:		906.45 time, 910.01 real, 3 MB, 2.06 load
[runlim] sample:		916.42 time, 920.01 real, 3 MB, 1.90 load
[runlim] sample:		926.39 time, 930.01 real, 3 MB, 1.76 load
[runlim] sample:		936.36 time, 940.01 real, 3 MB, 1.72 load
[runlim] sample:		946.33 time, 950.01 real, 3 MB, 1.61 load
[runlim] sample:		956.30 time, 960.01 real, 3 MB, 1.51 load
[runlim] sample:		966.27 time, 970.01 real, 3 MB, 1.43 load
[runlim] sample:		976.24 time, 980.01 real, 3 MB, 1.37 load
[runlim] sample:		986.21 time, 990.01 real, 3 MB, 1.31 load
[runlim] sample:		996.18 time, 1000.01 real, 3 MB, 1.41 load
[runlim] sample:		1006.15 time, 1010.01 real, 3 MB, 1.35 load
[runlim] sample:		1016.12 time, 1020.01 real, 3 MB, 1.29 load
[runlim] sample:		1026.09 time, 1030.01 real, 3 MB, 1.25 load
[runlim] sample:		1036.06 time, 1040.01 real, 3 MB, 1.21 load
[runlim] sample:		1046.03 time, 1050.01 real, 3 MB, 1.18 load
[runlim] sample:		1056.00 time, 1060.01 real, 3 MB, 1.23 load
[runlim] sample:		1065.97 time, 1070.01 real, 3 MB, 1.19 load
[runlim] sample:		1075.94 time, 1080.01 real, 3 MB, 1.16 load
[runlim] sample:		1085.91 time, 1090.01 real, 3 MB, 1.14 load
[runlim] sample:		1095.88 time, 1100.01 real, 3 MB, 1.12 load
[runlim] sample:		1105.85 time, 1110.01 real, 3 MB, 1.10 load
[runlim] sample:		1115.82 time, 1120.01 real, 3 MB, 1.16 load
[runlim] sample:		1125.79 time, 1130.01 real, 3 MB, 1.14 load
[runlim] sample:		1135.76 time, 1140.01 real, 3 MB, 1.20 load
[runlim] sample:		1145.73 time, 1150.01 real, 3 MB, 1.17 load
[runlim] sample:		1155.70 time, 1160.01 real, 3 MB, 1.14 load
[runlim] sample:		1165.67 time, 1170.01 real, 3 MB, 1.12 load
[runlim] sample:		1175.64 time, 1180.01 real, 3 MB, 1.18 load
[runlim] sample:		1185.61 time, 1190.01 real, 3 MB, 1.15 load
[runlim] sample:		1195.58 time, 1200.01 real, 3 MB, 1.13 load
[runlim] sample:		1205.55 time, 1210.01 real, 3 MB, 1.11 load
[runlim] sample:		1215.52 time, 1220.01 real, 3 MB, 1.09 load
[runlim] sample:		1225.49 time, 1230.01 real, 3 MB, 1.16 load
[runlim] sample:		1235.46 time, 1240.01 real, 3 MB, 1.21 load
[runlim] sample:		1245.43 time, 1250.01 real, 3 MB, 1.18 load
[runlim] sample:		1255.40 time, 1260.01 real, 3 MB, 1.15 load
[runlim] sample:		1265.37 time, 1270.01 real, 3 MB, 1.13 load
[runlim] sample:		1275.34 time, 1280.01 real, 3 MB, 1.11 load
[runlim] sample:		1285.31 time, 1290.01 real, 3 MB, 1.09 load
[runlim] sample:		1295.27 time, 1300.01 real, 3 MB, 1.24 load
[runlim] sample:		1305.25 time, 1310.01 real, 3 MB, 1.20 load
[runlim] sample:		1315.22 time, 1320.01 real, 3 MB, 1.25 load
[runlim] sample:		1325.19 time, 1330.01 real, 3 MB, 1.21 load
[runlim] sample:		1335.16 time, 1340.01 real, 3 MB, 1.18 load
[runlim] sample:		1345.13 time, 1350.01 real, 3 MB, 1.15 load
[runlim] sample:		1355.10 time, 1360.01 real, 3 MB, 1.13 load
[runlim] sample:		1365.06 time, 1370.01 real, 3 MB, 1.26 load
[runlim] sample:		1375.03 time, 1380.01 real, 3 MB, 1.22 load
[runlim] sample:		1385.00 time, 1390.01 real, 3 MB, 1.18 load
[runlim] sample:		1394.97 time, 1400.01 real, 3 MB, 1.15 load
[runlim] sample:		1404.94 time, 1410.01 real, 3 MB, 1.13 load
[runlim] sample:		1414.91 time, 1420.01 real, 3 MB, 1.11 load
[runlim] sample:		1424.88 time, 1430.01 real, 3 MB, 1.09 load
[runlim] sample:		1434.85 time, 1440.01 real, 3 MB, 1.08 load
[runlim] sample:		1444.82 time, 1450.01 real, 3 MB, 1.06 load
[runlim] sample:		1454.79 time, 1460.01 real, 3 MB, 1.05 load
[runlim] sample:		1464.76 time, 1470.01 real, 3 MB, 1.05 load
[runlim] sample:		1474.73 time, 1480.01 real, 3 MB, 1.04 load
[runlim] sample:		1484.70 time, 1490.01 real, 3 MB, 1.03 load
[runlim] sample:		1494.67 time, 1500.01 real, 3 MB, 1.19 load
[runlim] sample:		1504.64 time, 1510.01 real, 3 MB, 1.16 load
[runlim] sample:		1514.61 time, 1520.01 real, 3 MB, 1.13 load
[runlim] sample:		1524.58 time, 1530.01 real, 3 MB, 1.11 load
[runlim] sample:		1534.55 time, 1540.01 real, 3 MB, 1.10 load
[runlim] sample:		1544.52 time, 1550.01 real, 3 MB, 1.08 load
[runlim] sample:		1554.49 time, 1560.01 real, 3 MB, 1.07 load
[runlim] sample:		1564.46 time, 1570.01 real, 3 MB, 1.06 load
[runlim] sample:		1574.43 time, 1580.01 real, 3 MB, 1.05 load
[runlim] sample:		1584.40 time, 1590.01 real, 3 MB, 1.20 load
[runlim] sample:		1594.37 time, 1600.01 real, 3 MB, 1.25 load
[runlim] sample:		1604.34 time, 1610.01 real, 3 MB, 1.21 load
[runlim] sample:		1614.30 time, 1620.01 real, 3 MB, 1.18 load
[runlim] sample:		1624.27 time, 1630.01 real, 3 MB, 1.15 load
[runlim] sample:		1634.24 time, 1640.01 real, 3 MB, 1.13 load
[runlim] sample:		1644.21 time, 1650.01 real, 3 MB, 1.11 load
[runlim] sample:		1654.18 time, 1660.01 real, 3 MB, 1.09 load
[runlim] sample:		1664.15 time, 1670.01 real, 3 MB, 1.08 load
[runlim] sample:		1674.12 time, 1680.01 real, 3 MB, 1.06 load
[runlim] sample:		1684.09 time, 1690.01 real, 3 MB, 1.05 load
[runlim] sample:		1694.06 time, 1700.01 real, 3 MB, 1.04 load
[runlim] sample:		1704.02 time, 1710.01 real, 3 MB, 1.04 load
[runlim] sample:		1713.99 time, 1720.01 real, 3 MB, 1.03 load
[runlim] sample:		1723.97 time, 1730.01 real, 3 MB, 1.03 load
[runlim] sample:		1733.94 time, 1740.01 real, 3 MB, 1.10 load
[runlim] sample:		1743.91 time, 1750.01 real, 3 MB, 1.08 load
[runlim] sample:		1753.88 time, 1760.01 real, 3 MB, 1.14 load
[runlim] sample:		1763.85 time, 1770.01 real, 3 MB, 1.20 load
[runlim] sample:		1773.81 time, 1780.01 real, 3 MB, 1.17 load
[runlim] sample:		1783.78 time, 1790.01 real, 3 MB, 1.14 load
[runlim] sample:		1793.75 time, 1800.01 real, 3 MB, 1.12 load
[runlim] sample:		1803.72 time, 1810.01 real, 3 MB, 1.10 load
[runlim] sample:		1813.69 time, 1820.01 real, 3 MB, 1.08 load
[runlim] sample:		1823.66 time, 1830.01 real, 3 MB, 1.07 load
[runlim] sample:		1833.63 time, 1840.01 real, 3 MB, 1.06 load
[runlim] sample:		1843.60 time, 1850.01 real, 3 MB, 1.05 load
[runlim] sample:		1853.57 time, 1860.01 real, 3 MB, 1.04 load
[runlim] sample:		1863.54 time, 1870.01 real, 3 MB, 1.04 load
[runlim] sample:		1873.51 time, 1880.01 real, 3 MB, 1.03 load
[runlim] sample:		1883.48 time, 1890.01 real, 3 MB, 1.02 load
[runlim] sample:		1893.45 time, 1900.01 real, 3 MB, 1.02 load
[runlim] sample:		1903.42 time, 1910.01 real, 3 MB, 1.02 load
[runlim] sample:		1913.39 time, 1920.01 real, 3 MB, 1.01 load
[runlim] sample:		1923.36 time, 1930.01 real, 3 MB, 1.01 load
[runlim] sample:		1933.33 time, 1940.01 real, 3 MB, 1.08 load
[runlim] sample:		1943.30 time, 1950.01 real, 3 MB, 1.07 load
[runlim] sample:		1953.27 time, 1960.01 real, 3 MB, 1.06 load
[runlim] sample:		1963.24 time, 1970.01 real, 3 MB, 1.05 load
[runlim] sample:		1973.21 time, 1980.01 real, 3 MB, 1.04 load
[runlim] sample:		1983.18 time, 1990.01 real, 3 MB, 1.03 load
[runlim] sample:		1993.15 time, 2000.01 real, 3 MB, 1.03 load
[runlim] sample:		2003.12 time, 2010.01 real, 3 MB, 1.02 load
[runlim] sample:		2013.09 time, 2020.01 real, 3 MB, 1.02 load
[runlim] sample:		2023.06 time, 2030.01 real, 3 MB, 1.02 load
[runlim] sample:		2033.02 time, 2040.01 real, 3 MB, 1.01 load
[runlim] sample:		2042.99 time, 2050.01 real, 3 MB, 1.01 load
[runlim] sample:		2052.97 time, 2060.01 real, 3 MB, 1.01 load
[runlim] sample:		2062.94 time, 2070.01 real, 3 MB, 1.01 load
[runlim] sample:		2072.91 time, 2080.01 real, 3 MB, 1.01 load
[runlim] sample:		2082.88 time, 2090.01 real, 3 MB, 1.00 load
[runlim] sample:		2092.84 time, 2100.01 real, 3 MB, 1.00 load
[runlim] sample:		2102.81 time, 2110.01 real, 3 MB, 1.00 load
[runlim] sample:		2112.78 time, 2120.01 real, 3 MB, 1.00 load
[runlim] sample:		2122.75 time, 2130.01 real, 3 MB, 1.00 load
[runlim] sample:		2132.72 time, 2140.01 real, 3 MB, 1.00 load
[runlim] sample:		2142.69 time, 2150.01 real, 3 MB, 1.07 load
[runlim] sample:		2152.66 time, 2160.01 real, 3 MB, 1.06 load
[runlim] sample:		2162.63 time, 2170.01 real, 3 MB, 1.05 load
[runlim] sample:		2172.60 time, 2180.01 real, 3 MB, 1.04 load
[runlim] sample:		2182.57 time, 2190.01 real, 3 MB, 1.12 load
[runlim] sample:		2192.53 time, 2200.01 real, 3 MB, 1.10 load
[runlim] sample:		2202.50 time, 2210.01 real, 3 MB, 1.08 load
[runlim] sample:		2212.47 time, 2220.01 real, 3 MB, 1.07 load
[runlim] sample:		2222.44 time, 2230.01 real, 3 MB, 1.06 load
[runlim] sample:		2232.41 time, 2240.01 real, 3 MB, 1.05 load
[runlim] sample:		2242.38 time, 2250.01 real, 3 MB, 1.04 load
[runlim] sample:		2252.35 time, 2260.01 real, 3 MB, 1.03 load
[runlim] sample:		2262.32 time, 2270.01 real, 3 MB, 1.03 load
[runlim] sample:		2272.29 time, 2280.01 real, 3 MB, 1.02 load
[runlim] sample:		2282.26 time, 2290.01 real, 3 MB, 1.02 load
[runlim] sample:		2292.23 time, 2300.01 real, 3 MB, 1.02 load
[runlim] sample:		2302.20 time, 2310.01 real, 3 MB, 1.01 load
[runlim] sample:		2312.17 time, 2320.01 real, 3 MB, 1.01 load
[runlim] sample:		2322.13 time, 2330.01 real, 3 MB, 1.01 load
[runlim] sample:		2332.10 time, 2340.01 real, 3 MB, 1.09 load
[runlim] sample:		2342.07 time, 2350.01 real, 3 MB, 1.07 load
[runlim] sample:		2352.04 time, 2360.01 real, 3 MB, 1.14 load
[runlim] sample:		2362.01 time, 2370.01 real, 3 MB, 1.11 load
[runlim] sample:		2371.98 time, 2380.01 real, 3 MB, 1.10 load
[runlim] sample:		2381.95 time, 2390.01 real, 3 MB, 1.08 load
[runlim] sample:		2391.92 time, 2400.01 real, 3 MB, 1.07 load
[runlim] sample:		2401.89 time, 2410.01 real, 3 MB, 1.06 load
[runlim] sample:		2411.86 time, 2420.01 real, 3 MB, 1.05 load
[runlim] sample:		2421.83 time, 2430.01 real, 3 MB, 1.04 load
[runlim] sample:		2431.79 time, 2440.01 real, 3 MB, 1.03 load
[runlim] sample:		2441.76 time, 2450.01 real, 3 MB, 1.03 load
[runlim] sample:		2451.74 time, 2460.01 real, 3 MB, 1.02 load
[runlim] sample:		2461.71 time, 2470.01 real, 3 MB, 1.02 load
[runlim] sample:		2471.68 time, 2480.01 real, 3 MB, 1.02 load
[runlim] sample:		2481.65 time, 2490.01 real, 3 MB, 1.01 load
[runlim] sample:		2491.61 time, 2500.01 real, 3 MB, 1.09 load
[runlim] sample:		2501.58 time, 2510.01 real, 3 MB, 1.08 load
[runlim] sample:		2511.55 time, 2520.01 real, 3 MB, 1.06 load
[runlim] sample:		2521.52 time, 2530.01 real, 3 MB, 1.21 load
[runlim] sample:		2531.49 time, 2540.01 real, 3 MB, 1.18 load
[runlim] sample:		2541.46 time, 2550.01 real, 3 MB, 1.15 load
[runlim] sample:		2551.43 time, 2560.01 real, 3 MB, 1.13 load
[runlim] sample:		2561.40 time, 2570.01 real, 3 MB, 1.11 load
[runlim] sample:		2571.37 time, 2580.01 real, 3 MB, 1.09 load
[runlim] sample:		2581.34 time, 2590.01 real, 3 MB, 1.08 load
[runlim] sample:		2591.31 time, 2600.01 real, 3 MB, 1.06 load
[runlim] sample:		2601.27 time, 2610.01 real, 3 MB, 1.14 load
[runlim] sample:		2611.24 time, 2620.01 real, 3 MB, 1.11 load
[runlim] sample:		2621.21 time, 2630.01 real, 3 MB, 1.10 load
[runlim] sample:		2631.18 time, 2640.01 real, 3 MB, 1.08 load
[runlim] sample:		2641.15 time, 2650.01 real, 3 MB, 1.07 load
[runlim] sample:		2651.12 time, 2660.01 real, 3 MB, 1.06 load
[runlim] sample:		2661.09 time, 2670.01 real, 3 MB, 1.05 load
[runlim] sample:		2671.06 time, 2680.01 real, 3 MB, 1.04 load
[runlim] sample:		2681.03 time, 2690.01 real, 3 MB, 1.03 load
[runlim] sample:		2690.99 time, 2700.01 real, 3 MB, 1.10 load
[runlim] sample:		2700.97 time, 2710.01 real, 3 MB, 1.08 load
[runlim] sample:		2710.94 time, 2720.01 real, 3 MB, 1.07 load
[runlim] sample:		2720.91 time, 2730.01 real, 3 MB, 1.06 load
[runlim] sample:		2730.88 time, 2740.01 real, 3 MB, 1.05 load
[runlim] sample:		2740.85 time, 2750.01 real, 3 MB, 1.04 load
[runlim] sample:		2750.81 time, 2760.01 real, 3 MB, 1.04 load
[runlim] sample:		2760.78 time, 2770.01 real, 3 MB, 1.03 load
[runlim] sample:		2770.75 time, 2780.01 real, 3 MB, 1.02 load
[runlim] sample:		2780.72 time, 2790.01 real, 3 MB, 1.02 load
[runlim] sample:		2790.69 time, 2800.01 real, 3 MB, 1.18 load
[runlim] sample:		2800.66 time, 2810.01 real, 3 MB, 1.15 load
[runlim] sample:		2810.63 time, 2820.01 real, 3 MB, 1.13 load
[runlim] sample:		2820.60 time, 2830.01 real, 3 MB, 1.11 load
[runlim] sample:		2830.57 time, 2840.01 real, 3 MB, 1.09 load
[runlim] sample:		2840.54 time, 2850.01 real, 3 MB, 1.08 load
[runlim] sample:		2850.51 time, 2860.01 real, 3 MB, 1.06 load
[runlim] sample:		2860.48 time, 2870.01 real, 3 MB, 1.13 load
[runlim] sample:		2870.45 time, 2880.01 real, 3 MB, 1.11 load
[runlim] sample:		2880.42 time, 2890.01 real, 3 MB, 1.09 load
[runlim] sample:		2890.39 time, 2900.01 real, 3 MB, 1.15 load
[runlim] sample:		2900.36 time, 2910.01 real, 3 MB, 1.13 load
[runlim] sample:		2910.33 time, 2920.01 real, 3 MB, 1.11 load
[runlim] sample:		2920.30 time, 2930.01 real, 3 MB, 1.09 load
[runlim] sample:		2930.27 time, 2940.01 real, 3 MB, 1.16 load
[runlim] sample:		2940.24 time, 2950.01 real, 3 MB, 1.13 load
[runlim] sample:		2950.21 time, 2960.01 real, 3 MB, 1.11 load
[runlim] sample:		2960.17 time, 2970.01 real, 3 MB, 1.09 load
[runlim] sample:		2970.14 time, 2980.01 real, 3 MB, 1.08 load
[runlim] sample:		2980.11 time, 2990.01 real, 3 MB, 1.07 load
[runlim] sample:		2990.08 time, 3000.01 real, 3 MB, 1.06 load
[runlim] sample:		3000.05 time, 3010.01 real, 3 MB, 1.05 load
[runlim] sample:		3010.02 time, 3020.01 real, 3 MB, 1.04 load
[runlim] sample:		3019.99 time, 3030.01 real, 3 MB, 1.03 load
[runlim] sample:		3029.96 time, 3040.01 real, 3 MB, 1.03 load
[runlim] sample:		3039.93 time, 3050.01 real, 3 MB, 1.02 load
[runlim] sample:		3049.90 time, 3060.01 real, 3 MB, 1.02 load
[runlim] sample:		3059.87 time, 3070.01 real, 3 MB, 1.02 load
[runlim] sample:		3069.84 time, 3080.01 real, 3 MB, 1.09 load
[runlim] sample:		3079.81 time, 3090.01 real, 3 MB, 1.08 load
[runlim] sample:		3089.78 time, 3100.01 real, 3 MB, 1.07 load
[runlim] sample:		3099.75 time, 3110.01 real, 3 MB, 1.06 load
[runlim] sample:		3109.72 time, 3120.01 real, 3 MB, 1.05 load
[runlim] sample:		3119.69 time, 3130.01 real, 3 MB, 1.04 load
[runlim] sample:		3129.66 time, 3140.01 real, 3 MB, 1.11 load
[runlim] sample:		3139.63 time, 3150.01 real, 3 MB, 1.10 load
[runlim] sample:		3149.60 time, 3160.01 real, 3 MB, 1.08 load
[runlim] sample:		3159.57 time, 3170.01 real, 3 MB, 1.07 load
[runlim] sample:		3169.54 time, 3180.01 real, 3 MB, 1.06 load
[runlim] sample:		3179.51 time, 3190.01 real, 3 MB, 1.05 load
[runlim] sample:		3189.48 time, 3200.01 real, 3 MB, 1.04 load
[runlim] sample:		3199.45 time, 3210.01 real, 3 MB, 1.03 load
[runlim] sample:		3209.42 time, 3220.01 real, 3 MB, 1.03 load
[runlim] sample:		3219.39 time, 3230.01 real, 3 MB, 1.02 load
[runlim] sample:		3229.36 time, 3240.01 real, 3 MB, 1.02 load
[runlim] sample:		3239.33 time, 3250.01 real, 3 MB, 1.02 load
[runlim] sample:		3249.30 time, 3260.01 real, 3 MB, 1.01 load
[runlim] sample:		3259.27 time, 3270.01 real, 3 MB, 1.01 load
[runlim] sample:		3269.24 time, 3280.01 real, 3 MB, 1.01 load
[runlim] sample:		3279.21 time, 3290.01 real, 3 MB, 1.01 load
[runlim] sample:		3289.18 time, 3300.01 real, 3 MB, 1.00 load
[runlim] sample:		3299.15 time, 3310.01 real, 3 MB, 1.00 load
[runlim] sample:		3309.12 time, 3320.01 real, 3 MB, 1.00 load
[runlim] sample:		3319.09 time, 3330.01 real, 3 MB, 1.08 load
[runlim] sample:		3329.06 time, 3340.01 real, 3 MB, 1.22 load
[runlim] sample:		3339.03 time, 3350.01 real, 3 MB, 1.18 load
[runlim] sample:		3349.00 time, 3360.01 real, 3 MB, 1.15 load
[runlim] sample:		3358.97 time, 3370.01 real, 3 MB, 1.13 load
[runlim] sample:		3368.94 time, 3380.01 real, 3 MB, 1.11 load
[runlim] sample:		3378.91 time, 3390.01 real, 3 MB, 1.17 load
[runlim] sample:		3388.88 time, 3400.01 real, 3 MB, 1.15 load
[runlim] sample:		3398.85 time, 3410.01 real, 3 MB, 1.12 load
[runlim] sample:		3408.82 time, 3420.01 real, 3 MB, 1.10 load
[runlim] sample:		3418.79 time, 3430.01 real, 3 MB, 1.09 load
[runlim] sample:		3428.76 time, 3440.01 real, 3 MB, 1.07 load
[runlim] sample:		3438.73 time, 3450.01 real, 3 MB, 1.06 load
[runlim] sample:		3448.70 time, 3460.01 real, 3 MB, 1.05 load
[runlim] sample:		3458.67 time, 3470.01 real, 3 MB, 1.04 load
[runlim] sample:		3468.64 time, 3480.01 real, 3 MB, 1.04 load
[runlim] sample:		3478.61 time, 3490.01 real, 3 MB, 1.03 load
[runlim] sample:		3488.58 time, 3500.01 real, 3 MB, 1.02 load
[runlim] sample:		3498.54 time, 3510.01 real, 3 MB, 1.02 load
[runlim] sample:		3508.51 time, 3520.01 real, 3 MB, 1.02 load
[runlim] sample:		3518.48 time, 3530.01 real, 3 MB, 1.01 load
[runlim] sample:		3528.44 time, 3540.01 real, 3 MB, 1.01 load
[runlim] sample:		3538.42 time, 3550.01 real, 3 MB, 1.01 load
[runlim] sample:		3548.38 time, 3560.01 real, 3 MB, 1.01 load
[runlim] sample:		3558.35 time, 3570.01 real, 3 MB, 1.01 load
[runlim] sample:		3568.32 time, 3580.01 real, 3 MB, 1.00 load
[runlim] sample:		3578.29 time, 3590.01 real, 3 MB, 1.00 load
[runlim] sample:		3588.26 time, 3600.01 real, 3 MB, 1.00 load
[runlim] sample:		3598.23 time, 3610.01 real, 3 MB, 1.00 load
[runlim] sample:		3608.20 time, 3620.01 real, 3 MB, 1.00 load
[runlim] sample:		3618.17 time, 3630.01 real, 3 MB, 1.00 load
[runlim] sample:		3628.14 time, 3640.01 real, 3 MB, 1.00 load
[runlim] sample:		3638.11 time, 3650.01 real, 3 MB, 1.00 load
[runlim] sample:		3648.08 time, 3660.01 real, 3 MB, 1.00 load
[runlim] sample:		3658.05 time, 3670.01 real, 3 MB, 1.00 load
[runlim] sample:		3668.02 time, 3680.01 real, 3 MB, 1.00 load
[runlim] sample:		3678.00 time, 3690.01 real, 3 MB, 1.00 load
[runlim] sample:		3687.96 time, 3700.01 real, 3 MB, 1.00 load
[runlim] sample:		3697.93 time, 3710.01 real, 3 MB, 1.00 load
[runlim] sample:		3707.90 time, 3720.01 real, 3 MB, 1.00 load
[runlim] sample:		3717.87 time, 3730.01 real, 3 MB, 1.00 load
[runlim] sample:		3727.85 time, 3740.01 real, 3 MB, 1.00 load
[runlim] sample:		3737.82 time, 3750.01 real, 3 MB, 1.00 load
[runlim] sample:		3747.79 time, 3760.01 real, 3 MB, 1.00 load
[runlim] sample:		3757.76 time, 3770.01 real, 3 MB, 1.00 load
[runlim] sample:		3767.72 time, 3780.01 real, 3 MB, 1.07 load
[runlim] sample:		3777.69 time, 3790.01 real, 3 MB, 1.06 load
[runlim] sample:		3787.67 time, 3800.01 real, 3 MB, 1.05 load
[runlim] sample:		3797.64 time, 3810.01 real, 3 MB, 1.04 load
[runlim] sample:		3807.61 time, 3820.01 real, 3 MB, 1.04 load
[runlim] sample:		3817.58 time, 3830.01 real, 3 MB, 1.03 load
[runlim] sample:		3827.55 time, 3840.01 real, 3 MB, 1.10 load
[runlim] sample:		3837.52 time, 3850.01 real, 3 MB, 1.08 load
[runlim] sample:		3847.49 time, 3860.01 real, 3 MB, 1.07 load
[runlim] sample:		3857.46 time, 3870.01 real, 3 MB, 1.06 load
[runlim] sample:		3867.43 time, 3880.01 real, 3 MB, 1.05 load
[runlim] sample:		3877.40 time, 3890.01 real, 3 MB, 1.04 load
[runlim] sample:		3887.36 time, 3900.01 real, 3 MB, 1.11 load
[runlim] sample:		3897.33 time, 3910.01 real, 3 MB, 1.09 load
[runlim] sample:		3907.31 time, 3920.01 real, 3 MB, 1.08 load
[runlim] sample:		3917.28 time, 3930.01 real, 3 MB, 1.06 load
[runlim] sample:		3927.25 time, 3940.01 real, 3 MB, 1.05 load
[runlim] sample:		3937.21 time, 3950.01 real, 3 MB, 1.05 load
[runlim] sample:		3947.18 time, 3960.01 real, 3 MB, 1.04 load
[runlim] sample:		3957.15 time, 3970.01 real, 3 MB, 1.03 load
[runlim] sample:		3967.12 time, 3980.01 real, 3 MB, 1.03 load
[runlim] sample:		3977.09 time, 3990.01 real, 3 MB, 1.02 load
[runlim] sample:		3987.06 time, 4000.01 real, 3 MB, 1.02 load
[runlim] sample:		3997.03 time, 4010.01 real, 3 MB, 1.02 load
[runlim] sample:		4007.00 time, 4020.01 real, 3 MB, 1.01 load
[runlim] sample:		4016.97 time, 4030.01 real, 3 MB, 1.01 load
[runlim] sample:		4026.94 time, 4040.01 real, 3 MB, 1.01 load
[runlim] sample:		4036.91 time, 4050.01 real, 3 MB, 1.01 load
[runlim] sample:		4046.88 time, 4060.01 real, 3 MB, 1.00 load
[runlim] sample:		4056.84 time, 4070.01 real, 3 MB, 1.00 load
[runlim] sample:		4066.81 time, 4080.01 real, 3 MB, 1.00 load
[runlim] sample:		4076.78 time, 4090.01 real, 3 MB, 1.00 load
[runlim] sample:		4086.75 time, 4100.01 real, 3 MB, 1.00 load
[runlim] sample:		4096.72 time, 4110.01 real, 3 MB, 1.00 load
[runlim] sample:		4106.69 time, 4120.01 real, 3 MB, 1.00 load
[runlim] sample:		4116.66 time, 4130.01 real, 3 MB, 1.00 load
[runlim] sample:		4126.63 time, 4140.01 real, 3 MB, 1.00 load
[runlim] sample:		4136.60 time, 4150.01 real, 3 MB, 1.00 load
[runlim] sample:		4146.57 time, 4160.01 real, 3 MB, 1.00 load
[runlim] sample:		4156.54 time, 4170.01 real, 3 MB, 1.00 load
[runlim] sample:		4166.51 time, 4180.01 real, 3 MB, 1.07 load
[runlim] sample:		4176.48 time, 4190.01 real, 3 MB, 1.06 load
[runlim] sample:		4186.45 time, 4200.01 real, 3 MB, 1.05 load
[runlim] sample:		4196.42 time, 4210.01 real, 3 MB, 1.04 load
[runlim] sample:		4206.39 time, 4220.01 real, 3 MB, 1.04 load
[runlim] sample:		4216.36 time, 4230.01 real, 3 MB, 1.03 load
[runlim] sample:		4226.33 time, 4240.01 real, 3 MB, 1.10 load
[runlim] sample:		4236.30 time, 4250.01 real, 3 MB, 1.08 load
[runlim] sample:		4246.27 time, 4260.01 real, 3 MB, 1.07 load
[runlim] sample:		4256.24 time, 4270.01 real, 3 MB, 1.06 load
[runlim] sample:		4266.21 time, 4280.01 real, 3 MB, 1.05 load
[runlim] sample:		4276.19 time, 4290.01 real, 3 MB, 1.04 load
[runlim] sample:		4286.15 time, 4300.01 real, 3 MB, 1.35 load
[runlim] sample:		4296.12 time, 4310.01 real, 3 MB, 1.30 load
[runlim] sample:		4306.09 time, 4320.01 real, 3 MB, 1.33 load
[runlim] sample:		4316.07 time, 4330.01 real, 3 MB, 1.28 load
[runlim] sample:		4326.04 time, 4340.01 real, 3 MB, 1.24 load
[runlim] sample:		4336.01 time, 4350.01 real, 3 MB, 1.20 load
[runlim] sample:		4345.98 time, 4360.01 real, 3 MB, 1.17 load
[runlim] sample:		4355.95 time, 4370.01 real, 3 MB, 1.14 load
[runlim] sample:		4365.91 time, 4380.01 real, 3 MB, 1.34 load
[runlim] sample:		4375.88 time, 4390.01 real, 3 MB, 1.29 load
[runlim] sample:		4385.86 time, 4400.01 real, 3 MB, 1.24 load
[runlim] sample:		4395.82 time, 4410.01 real, 3 MB, 1.21 load
[runlim] sample:		4405.79 time, 4420.01 real, 3 MB, 1.17 load
[runlim] sample:		4415.76 time, 4430.01 real, 3 MB, 1.15 load
[runlim] sample:		4425.73 time, 4440.01 real, 3 MB, 1.27 load
[runlim] sample:		4435.70 time, 4450.01 real, 3 MB, 1.23 load
[runlim] sample:		4445.67 time, 4460.01 real, 3 MB, 1.19 load
[runlim] sample:		4455.64 time, 4470.01 real, 3 MB, 1.16 load
[runlim] sample:		4465.61 time, 4480.01 real, 3 MB, 1.14 load
[runlim] sample:		4475.58 time, 4490.01 real, 3 MB, 1.12 load
[runlim] sample:		4485.55 time, 4500.01 real, 3 MB, 1.17 load
[runlim] sample:		4495.52 time, 4510.01 real, 3 MB, 1.14 load
[runlim] sample:		4505.49 time, 4520.01 real, 3 MB, 1.12 load
[runlim] sample:		4515.46 time, 4530.01 real, 3 MB, 1.10 load
[runlim] sample:		4525.43 time, 4540.01 real, 3 MB, 1.09 load
[runlim] sample:		4535.40 time, 4550.01 real, 3 MB, 1.07 load
[runlim] sample:		4545.37 time, 4560.01 real, 3 MB, 1.06 load
[runlim] sample:		4555.35 time, 4570.01 real, 3 MB, 1.05 load
[runlim] sample:		4565.31 time, 4580.01 real, 3 MB, 1.12 load
[runlim] sample:		4575.28 time, 4590.01 real, 3 MB, 1.10 load
[runlim] sample:		4585.25 time, 4600.01 real, 3 MB, 1.08 load
[runlim] sample:		4595.22 time, 4610.01 real, 3 MB, 1.07 load
[runlim] sample:		4605.19 time, 4620.01 real, 3 MB, 1.06 load
[runlim] sample:		4615.17 time, 4630.01 real, 3 MB, 1.05 load
[runlim] sample:		4625.13 time, 4640.01 real, 3 MB, 1.12 load
[runlim] sample:		4635.10 time, 4650.01 real, 3 MB, 1.10 load
[runlim] sample:		4645.07 time, 4660.01 real, 3 MB, 1.08 load
[runlim] sample:		4655.04 time, 4670.01 real, 3 MB, 1.07 load
[runlim] sample:		4665.02 time, 4680.01 real, 3 MB, 1.06 load
[runlim] sample:		4674.99 time, 4690.01 real, 3 MB, 1.05 load
[runlim] sample:		4684.95 time, 4700.01 real, 3 MB, 1.11 load
[runlim] sample:		4694.93 time, 4710.01 real, 3 MB, 1.10 load
[runlim] sample:		4704.89 time, 4720.01 real, 3 MB, 1.08 load
[runlim] sample:		4714.86 time, 4730.01 real, 3 MB, 1.07 load
[runlim] sample:		4724.83 time, 4740.01 real, 3 MB, 1.06 load
[runlim] sample:		4734.81 time, 4750.01 real, 3 MB, 1.05 load
[runlim] sample:		4744.78 time, 4760.01 real, 3 MB, 1.04 load
[runlim] sample:		4754.75 time, 4770.01 real, 3 MB, 1.03 load
[runlim] sample:		4764.71 time, 4780.01 real, 3 MB, 1.25 load
[runlim] sample:		4774.69 time, 4790.01 real, 3 MB, 1.21 load
[runlim] sample:		4784.66 time, 4800.01 real, 3 MB, 1.18 load
[runlim] sample:		4794.63 time, 4810.01 real, 3 MB, 1.15 load
[runlim] sample:		4804.60 time, 4820.01 real, 3 MB, 1.13 load
[runlim] sample:		4814.57 time, 4830.01 real, 3 MB, 1.11 load
[runlim] sample:		4824.53 time, 4840.01 real, 3 MB, 1.16 load
[runlim] sample:		4834.51 time, 4850.01 real, 3 MB, 1.14 load
[runlim] sample:		4844.48 time, 4860.01 real, 3 MB, 1.12 load
[runlim] sample:		4854.45 time, 4870.01 real, 3 MB, 1.10 load
[runlim] sample:		4864.42 time, 4880.01 real, 3 MB, 1.08 load
[runlim] sample:		4874.39 time, 4890.01 real, 3 MB, 1.07 load
[runlim] sample:		4884.35 time, 4900.01 real, 3 MB, 1.13 load
[runlim] sample:		4894.32 time, 4910.01 real, 3 MB, 1.19 load
[runlim] sample:		4904.29 time, 4920.01 real, 3 MB, 1.16 load
[runlim] sample:		4914.26 time, 4930.01 real, 3 MB, 1.14 load
[runlim] sample:		4924.23 time, 4940.01 real, 3 MB, 1.12 load
[runlim] sample:		4934.20 time, 4950.01 real, 3 MB, 1.10 load
[runlim] sample:		4944.17 time, 4960.01 real, 3 MB, 1.08 load
[runlim] sample:		4954.14 time, 4970.01 real, 3 MB, 2.40 load
[runlim] sample:		4964.11 time, 4980.01 real, 3 MB, 2.18 load
[runlim] sample:		4974.08 time, 4990.01 real, 3 MB, 2.00 load
[runlim] sample:		4984.05 time, 5000.01 real, 3 MB, 1.84 load
[runlim] end:			Mon Mar 16 17:55:41 2026
[runlim] status:		out of time
[runlim] result:		2
[runlim] children:		1
[runlim] processes:		2
[runlim] real:			5000.05 seconds
[runlim] time:			4984.05 seconds
[runlim] space:			3 MB
[runlim] load:			11.42 maximum
[runlim] samples:		50000
