[runlim] version:		2.0.0rc1
[runlim] host:			m05n10
[runlim] time limit:		311040000 seconds
[runlim] real time limit:	5000 seconds
[runlim] space limit:		7000 MB
[runlim] argv[0]:		./binary
[runlim] argv[1]:		-c
[runlim] argv[2]:		/tmp/local-unzipped-12156030-6-376-BMS_k3_n100_m429_210.cnf
[runlim] start:			Sat Mar 14 10:22:15 2026
[runlim] child:			172202
[runlim] sample:		9.95 time, 10.01 real, 3 MB, 9.94 load
[runlim] sample:		19.91 time, 20.01 real, 3 MB, 10.10 load
[runlim] sample:		29.86 time, 30.01 real, 3 MB, 10.09 load
[runlim] sample:		39.81 time, 40.01 real, 3 MB, 10.07 load
[runlim] sample:		49.77 time, 50.01 real, 3 MB, 10.06 load
[runlim] sample:		59.72 time, 60.01 real, 3 MB, 10.05 load
[runlim] sample:		69.67 time, 70.01 real, 3 MB, 10.04 load
[runlim] sample:		79.63 time, 80.01 real, 3 MB, 10.04 load
[runlim] sample:		89.58 time, 90.01 real, 3 MB, 10.03 load
[runlim] sample:		99.53 time, 100.01 real, 3 MB, 10.02 load
[runlim] sample:		109.49 time, 110.01 real, 3 MB, 9.95 load
[runlim] sample:		119.45 time, 120.01 real, 3 MB, 9.80 load
[runlim] sample:		129.40 time, 130.01 real, 3 MB, 9.52 load
[runlim] sample:		139.36 time, 140.01 real, 3 MB, 9.29 load
[runlim] sample:		149.32 time, 150.01 real, 3 MB, 8.94 load
[runlim] sample:		159.27 time, 160.01 real, 3 MB, 8.64 load
[runlim] sample:		169.23 time, 170.01 real, 3 MB, 8.39 load
[runlim] sample:		179.19 time, 180.01 real, 3 MB, 8.02 load
[runlim] sample:		189.16 time, 190.01 real, 3 MB, 7.71 load
[runlim] sample:		199.12 time, 200.01 real, 3 MB, 7.44 load
[runlim] sample:		209.09 time, 210.01 real, 3 MB, 7.22 load
[runlim] sample:		219.05 time, 220.01 real, 3 MB, 7.03 load
[runlim] sample:		229.02 time, 230.01 real, 3 MB, 6.87 load
[runlim] sample:		238.98 time, 240.01 real, 3 MB, 6.74 load
[runlim] sample:		248.95 time, 250.01 real, 3 MB, 6.63 load
[runlim] sample:		258.92 time, 260.01 real, 3 MB, 6.53 load
[runlim] sample:		268.88 time, 270.01 real, 3 MB, 6.53 load
[runlim] sample:		278.85 time, 280.01 real, 3 MB, 6.45 load
[runlim] sample:		288.81 time, 290.01 real, 3 MB, 6.38 load
[runlim] sample:		298.78 time, 300.01 real, 3 MB, 6.32 load
[runlim] sample:		308.74 time, 310.01 real, 3 MB, 6.27 load
[runlim] sample:		318.71 time, 320.01 real, 3 MB, 6.23 load
[runlim] sample:		328.67 time, 330.01 real, 3 MB, 6.19 load
[runlim] sample:		338.64 time, 340.01 real, 3 MB, 6.16 load
[runlim] sample:		348.60 time, 350.01 real, 3 MB, 6.14 load
[runlim] sample:		358.57 time, 360.01 real, 3 MB, 6.12 load
[runlim] sample:		368.54 time, 370.01 real, 3 MB, 6.10 load
[runlim] sample:		378.50 time, 380.01 real, 3 MB, 6.08 load
[runlim] sample:		388.47 time, 390.01 real, 3 MB, 5.91 load
[runlim] sample:		398.43 time, 400.01 real, 3 MB, 5.85 load
[runlim] sample:		408.40 time, 410.01 real, 3 MB, 5.72 load
[runlim] sample:		418.37 time, 420.01 real, 3 MB, 5.61 load
[runlim] sample:		428.33 time, 430.01 real, 3 MB, 5.51 load
[runlim] sample:		438.30 time, 440.01 real, 3 MB, 5.43 load
[runlim] sample:		448.27 time, 450.01 real, 3 MB, 5.37 load
[runlim] sample:		458.23 time, 460.01 real, 3 MB, 5.31 load
[runlim] sample:		468.20 time, 470.01 real, 3 MB, 5.26 load
[runlim] sample:		478.16 time, 480.01 real, 3 MB, 5.22 load
[runlim] sample:		488.13 time, 490.01 real, 3 MB, 5.19 load
[runlim] sample:		498.09 time, 500.01 real, 3 MB, 5.16 load
[runlim] sample:		508.06 time, 510.01 real, 3 MB, 5.13 load
[runlim] sample:		518.02 time, 520.01 real, 3 MB, 5.19 load
[runlim] sample:		527.98 time, 530.01 real, 3 MB, 5.23 load
[runlim] sample:		537.95 time, 540.01 real, 3 MB, 5.19 load
[runlim] sample:		547.91 time, 550.01 real, 3 MB, 5.16 load
[runlim] sample:		557.88 time, 560.01 real, 3 MB, 5.14 load
[runlim] sample:		567.84 time, 570.01 real, 3 MB, 5.12 load
[runlim] sample:		577.81 time, 580.01 real, 3 MB, 5.10 load
[runlim] sample:		587.77 time, 590.01 real, 3 MB, 5.01 load
[runlim] sample:		597.74 time, 600.01 real, 3 MB, 4.85 load
[runlim] sample:		607.71 time, 610.01 real, 3 MB, 4.72 load
[runlim] sample:		617.68 time, 620.01 real, 3 MB, 4.61 load
[runlim] sample:		627.64 time, 630.01 real, 3 MB, 4.59 load
[runlim] sample:		637.61 time, 640.01 real, 3 MB, 4.50 load
[runlim] sample:		647.58 time, 650.01 real, 3 MB, 4.27 load
[runlim] sample:		657.55 time, 660.01 real, 3 MB, 4.07 load
[runlim] sample:		667.51 time, 670.01 real, 3 MB, 3.91 load
[runlim] sample:		677.48 time, 680.01 real, 3 MB, 3.77 load
[runlim] sample:		687.45 time, 690.01 real, 3 MB, 3.65 load
[runlim] sample:		697.42 time, 700.01 real, 3 MB, 3.55 load
[runlim] sample:		707.39 time, 710.01 real, 3 MB, 3.46 load
[runlim] sample:		717.36 time, 720.01 real, 3 MB, 3.39 load
[runlim] sample:		727.32 time, 730.01 real, 3 MB, 3.33 load
[runlim] sample:		737.29 time, 740.01 real, 3 MB, 3.28 load
[runlim] sample:		747.26 time, 750.01 real, 3 MB, 3.24 load
[runlim] sample:		757.23 time, 760.01 real, 3 MB, 3.20 load
[runlim] sample:		767.20 time, 770.01 real, 3 MB, 3.17 load
[runlim] sample:		777.16 time, 780.01 real, 3 MB, 3.14 load
[runlim] sample:		787.13 time, 790.01 real, 3 MB, 3.12 load
[runlim] sample:		797.10 time, 800.01 real, 3 MB, 3.10 load
[runlim] sample:		807.07 time, 810.01 real, 3 MB, 3.08 load
[runlim] sample:		817.04 time, 820.01 real, 3 MB, 3.07 load
[runlim] sample:		827.00 time, 830.01 real, 3 MB, 3.06 load
[runlim] sample:		836.97 time, 840.01 real, 3 MB, 3.05 load
[runlim] sample:		846.94 time, 850.01 real, 3 MB, 3.12 load
[runlim] sample:		856.91 time, 860.01 real, 3 MB, 3.10 load
[runlim] sample:		866.88 time, 870.01 real, 3 MB, 3.09 load
[runlim] sample:		876.85 time, 880.01 real, 3 MB, 3.07 load
[runlim] sample:		886.81 time, 890.01 real, 3 MB, 3.06 load
[runlim] sample:		896.78 time, 900.01 real, 3 MB, 3.05 load
[runlim] sample:		906.75 time, 910.01 real, 3 MB, 3.12 load
[runlim] sample:		916.72 time, 920.01 real, 3 MB, 3.10 load
[runlim] sample:		926.69 time, 930.01 real, 3 MB, 3.09 load
[runlim] sample:		936.66 time, 940.01 real, 3 MB, 3.07 load
[runlim] sample:		946.62 time, 950.01 real, 3 MB, 3.06 load
[runlim] sample:		956.59 time, 960.01 real, 3 MB, 3.05 load
[runlim] sample:		966.56 time, 970.01 real, 3 MB, 3.04 load
[runlim] sample:		976.53 time, 980.01 real, 3 MB, 3.12 load
[runlim] sample:		986.50 time, 990.01 real, 3 MB, 3.10 load
[runlim] sample:		996.47 time, 1000.01 real, 3 MB, 3.08 load
[runlim] sample:		1006.44 time, 1010.01 real, 3 MB, 3.07 load
[runlim] sample:		1016.40 time, 1020.01 real, 3 MB, 3.06 load
[runlim] sample:		1026.37 time, 1030.01 real, 3 MB, 3.05 load
[runlim] sample:		1036.34 time, 1040.01 real, 3 MB, 3.12 load
[runlim] sample:		1046.31 time, 1050.01 real, 3 MB, 3.10 load
[runlim] sample:		1056.28 time, 1060.01 real, 3 MB, 3.09 load
[runlim] sample:		1066.25 time, 1070.01 real, 3 MB, 3.15 load
[runlim] sample:		1076.22 time, 1080.01 real, 3 MB, 3.13 load
[runlim] sample:		1086.18 time, 1090.01 real, 3 MB, 3.11 load
[runlim] sample:		1096.15 time, 1100.01 real, 3 MB, 3.17 load
[runlim] sample:		1106.12 time, 1110.01 real, 3 MB, 3.14 load
[runlim] sample:		1116.09 time, 1120.01 real, 3 MB, 3.12 load
[runlim] sample:		1126.06 time, 1130.01 real, 3 MB, 3.18 load
[runlim] sample:		1136.02 time, 1140.01 real, 3 MB, 3.15 load
[runlim] sample:		1145.99 time, 1150.01 real, 3 MB, 3.13 load
[runlim] sample:		1155.96 time, 1160.01 real, 3 MB, 3.19 load
[runlim] end:			Sat Mar 14 10:41:39 2026
[runlim] status:		ok
[runlim] result:		0
[runlim] children:		1
[runlim] processes:		2
[runlim] real:			1163.51 seconds
[runlim] time:			1159.45 seconds
[runlim] space:			3 MB
[runlim] load:			10.10 maximum
[runlim] samples:		11635
