[runlim] version:		2.0.0rc1
[runlim] host:			p06n14
[runlim] time limit:		311040000 seconds
[runlim] real time limit:	5000 seconds
[runlim] space limit:		7000 MB
[runlim] argv[0]:		./binary
[runlim] argv[1]:		-c
[runlim] argv[2]:		/tmp/local-unzipped-12156030-3-192-BMS_k3_n100_m429_323.cnf
[runlim] start:			Sat Mar 14 10:21:30 2026
[runlim] child:			1169762
[runlim] sample:		9.95 time, 10.01 real, 3 MB, 4.65 load
[runlim] sample:		19.91 time, 20.01 real, 3 MB, 5.17 load
[runlim] sample:		29.86 time, 30.01 real, 3 MB, 5.60 load
[runlim] sample:		39.82 time, 40.01 real, 3 MB, 5.97 load
[runlim] sample:		49.77 time, 50.01 real, 3 MB, 6.28 load
[runlim] sample:		59.73 time, 60.01 real, 3 MB, 6.55 load
[runlim] end:			Sat Mar 14 10:22:39 2026
[runlim] status:		ok
[runlim] result:		0
[runlim] children:		1
[runlim] processes:		2
[runlim] real:			68.37 seconds
[runlim] time:			67.99 seconds
[runlim] space:			3 MB
[runlim] load:			6.66 maximum
[runlim] samples:		683
