[runlim] version:		2.0.0rc1
[runlim] host:			o03n03
[runlim] time limit:		311040000 seconds
[runlim] real time limit:	5000 seconds
[runlim] space limit:		7000 MB
[runlim] argv[0]:		./binary
[runlim] argv[1]:		-c
[runlim] argv[2]:		/tmp/local-unzipped-12156030-5-272-BMS_k3_n100_m429_187.cnf
[runlim] start:			Sat Mar 14 10:21:04 2026
[runlim] child:			3872449
[runlim] end:			Sat Mar 14 10:21:09 2026
[runlim] status:		ok
[runlim] result:		0
[runlim] children:		1
[runlim] processes:		2
[runlim] real:			5.20 seconds
[runlim] time:			5.09 seconds
[runlim] space:			3 MB
[runlim] load:			3.82 maximum
[runlim] samples:		51
