[runlim] version:		2.0.0rc1
[runlim] host:			p06n14
[runlim] time limit:		311040000 seconds
[runlim] real time limit:	5000 seconds
[runlim] space limit:		7000 MB
[runlim] argv[0]:		./binary
[runlim] argv[1]:		-c
[runlim] argv[2]:		/tmp/local-unzipped-12156030-3-152-BMS_k3_n100_m429_313.cnf
[runlim] start:			Sat Mar 14 10:20:50 2026
[runlim] child:			1168171
[runlim] sample:		9.97 time, 10.01 real, 3 MB, 1.78 load
[runlim] sample:		19.93 time, 20.01 real, 3 MB, 2.27 load
[runlim] sample:		29.89 time, 30.01 real, 3 MB, 2.93 load
[runlim] sample:		39.84 time, 40.01 real, 3 MB, 3.95 load
[runlim] sample:		49.80 time, 50.01 real, 3 MB, 4.65 load
[runlim] sample:		59.76 time, 60.01 real, 3 MB, 5.17 load
[runlim] sample:		69.71 time, 70.01 real, 3 MB, 5.60 load
[runlim] sample:		79.67 time, 80.01 real, 3 MB, 5.97 load
[runlim] sample:		89.63 time, 90.01 real, 3 MB, 6.28 load
[runlim] sample:		99.59 time, 100.01 real, 3 MB, 6.55 load
[runlim] sample:		109.54 time, 110.01 real, 3 MB, 6.69 load
[runlim] sample:		119.51 time, 120.01 real, 3 MB, 6.74 load
[runlim] sample:		129.47 time, 130.01 real, 3 MB, 6.78 load
[runlim] sample:		139.43 time, 140.01 real, 3 MB, 6.89 load
[runlim] sample:		149.39 time, 150.01 real, 3 MB, 6.83 load
[runlim] sample:		159.35 time, 160.01 real, 3 MB, 6.62 load
[runlim] sample:		169.31 time, 170.01 real, 3 MB, 6.37 load
[runlim] sample:		179.27 time, 180.01 real, 3 MB, 6.16 load
[runlim] sample:		189.23 time, 190.01 real, 3 MB, 5.98 load
[runlim] sample:		199.19 time, 200.01 real, 3 MB, 5.83 load
[runlim] sample:		209.15 time, 210.01 real, 3 MB, 5.70 load
[runlim] sample:		219.11 time, 220.01 real, 3 MB, 5.59 load
[runlim] sample:		229.07 time, 230.01 real, 3 MB, 5.50 load
[runlim] sample:		239.04 time, 240.01 real, 3 MB, 5.42 load
[runlim] sample:		249.00 time, 250.01 real, 3 MB, 5.36 load
[runlim] sample:		258.96 time, 260.01 real, 3 MB, 5.30 load
[runlim] sample:		268.92 time, 270.01 real, 3 MB, 5.26 load
[runlim] sample:		278.88 time, 280.01 real, 3 MB, 5.22 load
[runlim] sample:		288.84 time, 290.01 real, 3 MB, 5.18 load
[runlim] sample:		298.81 time, 300.01 real, 3 MB, 5.15 load
[runlim] sample:		308.77 time, 310.01 real, 3 MB, 4.98 load
[runlim] sample:		318.74 time, 320.01 real, 3 MB, 4.83 load
[runlim] sample:		328.71 time, 330.01 real, 3 MB, 4.70 load
[runlim] sample:		338.68 time, 340.01 real, 3 MB, 4.59 load
[runlim] sample:		348.64 time, 350.01 real, 3 MB, 4.50 load
[runlim] sample:		358.61 time, 360.01 real, 3 MB, 4.42 load
[runlim] sample:		368.58 time, 370.01 real, 3 MB, 4.36 load
[runlim] sample:		378.55 time, 380.01 real, 3 MB, 4.38 load
[runlim] sample:		388.51 time, 390.01 real, 3 MB, 4.32 load
[runlim] sample:		398.48 time, 400.01 real, 3 MB, 4.27 load
[runlim] sample:		408.45 time, 410.01 real, 3 MB, 4.23 load
[runlim] sample:		418.42 time, 420.01 real, 3 MB, 4.19 load
[runlim] sample:		428.38 time, 430.01 real, 3 MB, 4.16 load
[runlim] sample:		438.35 time, 440.01 real, 3 MB, 4.14 load
[runlim] sample:		448.32 time, 450.01 real, 3 MB, 4.11 load
[runlim] sample:		458.29 time, 460.01 real, 3 MB, 4.10 load
[runlim] sample:		468.25 time, 470.01 real, 3 MB, 4.08 load
[runlim] sample:		478.22 time, 480.01 real, 3 MB, 4.14 load
[runlim] sample:		488.19 time, 490.01 real, 3 MB, 4.12 load
[runlim] sample:		498.16 time, 500.01 real, 3 MB, 4.10 load
[runlim] sample:		508.12 time, 510.01 real, 3 MB, 4.08 load
[runlim] sample:		518.09 time, 520.01 real, 3 MB, 4.07 load
[runlim] sample:		528.06 time, 530.01 real, 3 MB, 4.06 load
[runlim] sample:		538.02 time, 540.01 real, 3 MB, 4.04 load
[runlim] sample:		547.99 time, 550.01 real, 3 MB, 4.12 load
[runlim] sample:		557.96 time, 560.01 real, 3 MB, 3.95 load
[runlim] sample:		567.93 time, 570.01 real, 3 MB, 3.80 load
[runlim] sample:		577.90 time, 580.01 real, 3 MB, 3.68 load
[runlim] sample:		587.87 time, 590.01 real, 3 MB, 3.58 load
[runlim] sample:		597.83 time, 600.01 real, 3 MB, 3.56 load
[runlim] sample:		607.80 time, 610.01 real, 3 MB, 3.47 load
[runlim] sample:		617.77 time, 620.01 real, 3 MB, 3.40 load
[runlim] sample:		627.73 time, 630.01 real, 3 MB, 3.34 load
[runlim] sample:		637.70 time, 640.01 real, 3 MB, 3.29 load
[runlim] sample:		647.67 time, 650.01 real, 3 MB, 3.24 load
[runlim] sample:		657.64 time, 660.01 real, 3 MB, 3.28 load
[runlim] sample:		667.61 time, 670.01 real, 3 MB, 3.24 load
[runlim] sample:		677.57 time, 680.01 real, 3 MB, 3.27 load
[runlim] sample:		687.54 time, 690.01 real, 3 MB, 3.23 load
[runlim] sample:		697.51 time, 700.01 real, 3 MB, 3.19 load
[runlim] sample:		707.48 time, 710.01 real, 3 MB, 3.16 load
[runlim] sample:		717.45 time, 720.01 real, 3 MB, 3.14 load
[runlim] sample:		727.41 time, 730.01 real, 3 MB, 3.12 load
[runlim] sample:		737.38 time, 740.01 real, 3 MB, 3.10 load
[runlim] sample:		747.35 time, 750.01 real, 3 MB, 3.00 load
[runlim] sample:		757.32 time, 760.01 real, 3 MB, 2.85 load
[runlim] sample:		767.29 time, 770.01 real, 3 MB, 2.72 load
[runlim] sample:		777.26 time, 780.01 real, 3 MB, 2.61 load
[runlim] sample:		787.23 time, 790.01 real, 3 MB, 2.51 load
[runlim] sample:		797.20 time, 800.01 real, 3 MB, 2.43 load
[runlim] sample:		807.17 time, 810.01 real, 4 MB, 2.37 load
[runlim] sample:		817.14 time, 820.01 real, 4 MB, 2.39 load
[runlim] sample:		827.11 time, 830.01 real, 4 MB, 2.33 load
[runlim] sample:		837.08 time, 840.01 real, 4 MB, 2.28 load
[runlim] sample:		847.05 time, 850.01 real, 4 MB, 2.24 load
[runlim] sample:		857.02 time, 860.01 real, 4 MB, 2.20 load
[runlim] sample:		866.99 time, 870.01 real, 4 MB, 2.17 load
[runlim] sample:		876.96 time, 880.01 real, 4 MB, 2.14 load
[runlim] sample:		886.93 time, 890.01 real, 4 MB, 2.12 load
[runlim] sample:		896.90 time, 900.01 real, 4 MB, 2.10 load
[runlim] sample:		906.87 time, 910.01 real, 4 MB, 2.08 load
[runlim] sample:		916.84 time, 920.01 real, 4 MB, 2.07 load
[runlim] sample:		926.81 time, 930.01 real, 4 MB, 2.06 load
[runlim] sample:		936.78 time, 940.01 real, 4 MB, 2.05 load
[runlim] sample:		946.75 time, 950.01 real, 4 MB, 2.04 load
[runlim] sample:		956.72 time, 960.01 real, 4 MB, 2.04 load
[runlim] sample:		966.69 time, 970.01 real, 4 MB, 2.03 load
[runlim] sample:		976.66 time, 980.01 real, 4 MB, 2.02 load
[runlim] sample:		986.63 time, 990.01 real, 4 MB, 2.02 load
[runlim] sample:		996.60 time, 1000.01 real, 4 MB, 2.02 load
[runlim] sample:		1006.57 time, 1010.01 real, 4 MB, 2.01 load
[runlim] sample:		1016.54 time, 1020.01 real, 4 MB, 2.01 load
[runlim] sample:		1026.51 time, 1030.01 real, 4 MB, 2.25 load
[runlim] sample:		1036.48 time, 1040.01 real, 4 MB, 2.21 load
[runlim] sample:		1046.45 time, 1050.01 real, 4 MB, 2.18 load
[runlim] sample:		1056.42 time, 1060.01 real, 4 MB, 2.15 load
[runlim] sample:		1066.39 time, 1070.01 real, 4 MB, 2.13 load
[runlim] sample:		1076.36 time, 1080.01 real, 4 MB, 2.11 load
[runlim] sample:		1086.33 time, 1090.01 real, 4 MB, 2.09 load
[runlim] sample:		1096.30 time, 1100.01 real, 4 MB, 2.08 load
[runlim] sample:		1106.28 time, 1110.01 real, 4 MB, 2.06 load
[runlim] sample:		1116.25 time, 1120.01 real, 4 MB, 2.21 load
[runlim] sample:		1126.23 time, 1130.01 real, 4 MB, 2.18 load
[runlim] sample:		1136.20 time, 1140.01 real, 4 MB, 2.15 load
[runlim] sample:		1146.18 time, 1150.01 real, 4 MB, 2.13 load
[runlim] sample:		1156.15 time, 1160.01 real, 4 MB, 2.19 load
[runlim] sample:		1166.13 time, 1170.01 real, 4 MB, 2.16 load
[runlim] sample:		1176.10 time, 1180.01 real, 4 MB, 2.21 load
[runlim] sample:		1186.08 time, 1190.01 real, 4 MB, 2.18 load
[runlim] sample:		1196.06 time, 1200.01 real, 4 MB, 2.17 load
[runlim] sample:		1206.03 time, 1210.01 real, 4 MB, 2.14 load
[runlim] sample:		1216.01 time, 1220.01 real, 4 MB, 2.12 load
[runlim] sample:		1225.98 time, 1230.01 real, 4 MB, 2.10 load
[runlim] sample:		1235.96 time, 1240.01 real, 4 MB, 2.08 load
[runlim] sample:		1245.93 time, 1250.01 real, 4 MB, 2.07 load
[runlim] sample:		1255.91 time, 1260.01 real, 4 MB, 2.06 load
[runlim] sample:		1265.88 time, 1270.01 real, 4 MB, 2.05 load
[runlim] sample:		1275.86 time, 1280.01 real, 4 MB, 2.04 load
[runlim] sample:		1285.83 time, 1290.01 real, 4 MB, 2.04 load
[runlim] sample:		1295.81 time, 1300.01 real, 4 MB, 2.03 load
[runlim] sample:		1305.78 time, 1310.01 real, 4 MB, 2.10 load
[runlim] sample:		1315.75 time, 1320.01 real, 4 MB, 2.08 load
[runlim] sample:		1325.73 time, 1330.01 real, 4 MB, 2.07 load
[runlim] sample:		1335.70 time, 1340.01 real, 4 MB, 2.06 load
[runlim] sample:		1345.68 time, 1350.01 real, 4 MB, 2.05 load
[runlim] sample:		1355.66 time, 1360.01 real, 4 MB, 2.04 load
[runlim] sample:		1365.63 time, 1370.01 real, 4 MB, 2.03 load
[runlim] sample:		1375.61 time, 1380.01 real, 4 MB, 2.11 load
[runlim] sample:		1385.58 time, 1390.01 real, 4 MB, 2.09 load
[runlim] sample:		1395.56 time, 1400.01 real, 4 MB, 2.08 load
[runlim] sample:		1405.53 time, 1410.01 real, 4 MB, 2.06 load
[runlim] sample:		1415.51 time, 1420.01 real, 4 MB, 2.05 load
[runlim] sample:		1425.48 time, 1430.01 real, 4 MB, 2.05 load
[runlim] sample:		1435.46 time, 1440.01 real, 4 MB, 2.12 load
[runlim] sample:		1445.43 time, 1450.01 real, 4 MB, 2.10 load
[runlim] sample:		1455.41 time, 1460.01 real, 4 MB, 2.08 load
[runlim] sample:		1465.38 time, 1470.01 real, 4 MB, 2.07 load
[runlim] sample:		1475.36 time, 1480.01 real, 4 MB, 2.06 load
[runlim] sample:		1485.33 time, 1490.01 real, 4 MB, 2.05 load
[runlim] sample:		1495.30 time, 1500.01 real, 4 MB, 2.04 load
[runlim] sample:		1505.27 time, 1510.01 real, 4 MB, 2.04 load
[runlim] sample:		1515.25 time, 1520.01 real, 4 MB, 2.03 load
[runlim] sample:		1525.22 time, 1530.01 real, 4 MB, 2.02 load
[runlim] sample:		1535.20 time, 1540.01 real, 4 MB, 2.02 load
[runlim] sample:		1545.17 time, 1550.01 real, 4 MB, 2.02 load
[runlim] sample:		1555.15 time, 1560.01 real, 4 MB, 2.01 load
[runlim] sample:		1565.12 time, 1570.01 real, 4 MB, 2.01 load
[runlim] sample:		1575.10 time, 1580.01 real, 4 MB, 2.08 load
[runlim] sample:		1585.07 time, 1590.01 real, 4 MB, 2.07 load
[runlim] sample:		1595.05 time, 1600.01 real, 4 MB, 2.06 load
[runlim] sample:		1605.02 time, 1610.01 real, 4 MB, 2.05 load
[runlim] sample:		1615.00 time, 1620.01 real, 4 MB, 2.04 load
[runlim] sample:		1624.97 time, 1630.01 real, 4 MB, 2.03 load
[runlim] sample:		1634.95 time, 1640.01 real, 4 MB, 2.03 load
[runlim] sample:		1644.92 time, 1650.01 real, 4 MB, 2.02 load
[runlim] sample:		1654.90 time, 1660.01 real, 4 MB, 2.02 load
[runlim] sample:		1664.87 time, 1670.01 real, 4 MB, 2.02 load
[runlim] sample:		1674.85 time, 1680.01 real, 4 MB, 2.01 load
[runlim] sample:		1684.83 time, 1690.01 real, 4 MB, 2.01 load
[runlim] sample:		1694.80 time, 1700.01 real, 4 MB, 2.01 load
[runlim] sample:		1704.77 time, 1710.01 real, 4 MB, 2.01 load
[runlim] sample:		1714.75 time, 1720.01 real, 4 MB, 2.01 load
[runlim] sample:		1724.73 time, 1730.01 real, 4 MB, 2.00 load
[runlim] sample:		1734.70 time, 1740.01 real, 4 MB, 2.00 load
[runlim] sample:		1744.68 time, 1750.01 real, 4 MB, 2.00 load
[runlim] sample:		1754.65 time, 1760.01 real, 4 MB, 2.00 load
[runlim] sample:		1764.63 time, 1770.01 real, 4 MB, 2.00 load
[runlim] sample:		1774.60 time, 1780.01 real, 4 MB, 2.08 load
[runlim] sample:		1784.58 time, 1790.01 real, 4 MB, 2.07 load
[runlim] sample:		1794.55 time, 1800.01 real, 4 MB, 2.06 load
[runlim] sample:		1804.53 time, 1810.01 real, 4 MB, 2.05 load
[runlim] sample:		1814.50 time, 1820.01 real, 4 MB, 2.12 load
[runlim] sample:		1824.48 time, 1830.01 real, 4 MB, 2.17 load
[runlim] sample:		1834.45 time, 1840.01 real, 4 MB, 2.15 load
[runlim] sample:		1844.43 time, 1850.01 real, 4 MB, 2.12 load
[runlim] sample:		1854.41 time, 1860.01 real, 4 MB, 2.10 load
[runlim] sample:		1864.38 time, 1870.01 real, 4 MB, 2.09 load
[runlim] sample:		1874.36 time, 1880.01 real, 4 MB, 2.07 load
[runlim] sample:		1884.33 time, 1890.01 real, 4 MB, 2.06 load
[runlim] sample:		1894.31 time, 1900.01 real, 4 MB, 2.05 load
[runlim] sample:		1904.28 time, 1910.01 real, 4 MB, 2.04 load
[runlim] sample:		1914.26 time, 1920.01 real, 4 MB, 2.04 load
[runlim] sample:		1924.23 time, 1930.01 real, 4 MB, 2.03 load
[runlim] sample:		1934.21 time, 1940.01 real, 4 MB, 2.02 load
[runlim] sample:		1944.19 time, 1950.01 real, 4 MB, 2.02 load
[runlim] sample:		1954.16 time, 1960.01 real, 4 MB, 2.02 load
[runlim] sample:		1964.14 time, 1970.01 real, 4 MB, 2.01 load
[runlim] sample:		1974.11 time, 1980.01 real, 4 MB, 2.09 load
[runlim] sample:		1984.09 time, 1990.01 real, 4 MB, 2.08 load
[runlim] sample:		1994.06 time, 2000.01 real, 4 MB, 2.06 load
[runlim] sample:		2004.04 time, 2010.01 real, 4 MB, 2.05 load
[runlim] sample:		2014.01 time, 2020.01 real, 4 MB, 2.05 load
[runlim] sample:		2023.99 time, 2030.01 real, 4 MB, 2.04 load
[runlim] sample:		2033.96 time, 2040.01 real, 4 MB, 2.03 load
[runlim] sample:		2043.94 time, 2050.01 real, 4 MB, 2.03 load
[runlim] sample:		2053.92 time, 2060.01 real, 4 MB, 2.10 load
[runlim] sample:		2063.89 time, 2070.01 real, 4 MB, 2.08 load
[runlim] sample:		2073.87 time, 2080.01 real, 4 MB, 2.07 load
[runlim] sample:		2083.84 time, 2090.01 real, 4 MB, 2.06 load
[runlim] sample:		2093.82 time, 2100.01 real, 4 MB, 2.13 load
[runlim] sample:		2103.79 time, 2110.01 real, 4 MB, 2.11 load
[runlim] sample:		2113.77 time, 2120.01 real, 4 MB, 2.09 load
[runlim] sample:		2123.75 time, 2130.01 real, 4 MB, 2.08 load
[runlim] sample:		2133.72 time, 2140.01 real, 4 MB, 2.06 load
[runlim] sample:		2143.70 time, 2150.01 real, 4 MB, 2.05 load
[runlim] sample:		2153.67 time, 2160.01 real, 4 MB, 2.05 load
[runlim] sample:		2163.65 time, 2170.01 real, 4 MB, 2.04 load
[runlim] sample:		2173.62 time, 2180.01 real, 4 MB, 2.03 load
[runlim] sample:		2183.60 time, 2190.01 real, 4 MB, 2.03 load
[runlim] sample:		2193.57 time, 2200.01 real, 4 MB, 2.02 load
[runlim] sample:		2203.55 time, 2210.01 real, 4 MB, 2.02 load
[runlim] sample:		2213.53 time, 2220.01 real, 4 MB, 2.10 load
[runlim] sample:		2223.50 time, 2230.01 real, 4 MB, 2.08 load
[runlim] sample:		2233.48 time, 2240.01 real, 4 MB, 2.07 load
[runlim] sample:		2243.45 time, 2250.01 real, 4 MB, 2.06 load
[runlim] sample:		2253.43 time, 2260.01 real, 4 MB, 2.05 load
[runlim] sample:		2263.40 time, 2270.01 real, 4 MB, 2.04 load
[runlim] sample:		2273.38 time, 2280.01 real, 4 MB, 2.03 load
[runlim] sample:		2283.36 time, 2290.01 real, 4 MB, 2.03 load
[runlim] sample:		2293.33 time, 2300.01 real, 4 MB, 2.02 load
[runlim] sample:		2303.31 time, 2310.01 real, 4 MB, 2.02 load
[runlim] sample:		2313.28 time, 2320.01 real, 4 MB, 2.02 load
[runlim] sample:		2323.26 time, 2330.01 real, 4 MB, 2.01 load
[runlim] sample:		2333.23 time, 2340.01 real, 4 MB, 2.01 load
[runlim] sample:		2343.21 time, 2350.01 real, 4 MB, 2.01 load
[runlim] sample:		2353.18 time, 2360.01 real, 4 MB, 2.01 load
[runlim] sample:		2363.16 time, 2370.01 real, 4 MB, 2.00 load
[runlim] sample:		2373.13 time, 2380.01 real, 4 MB, 2.00 load
[runlim] sample:		2383.11 time, 2390.01 real, 4 MB, 2.00 load
[runlim] sample:		2393.08 time, 2400.01 real, 4 MB, 2.00 load
[runlim] sample:		2403.05 time, 2410.01 real, 4 MB, 2.00 load
[runlim] sample:		2413.03 time, 2420.01 real, 4 MB, 2.00 load
[runlim] sample:		2423.01 time, 2430.01 real, 4 MB, 2.00 load
[runlim] sample:		2432.98 time, 2440.01 real, 4 MB, 2.00 load
[runlim] sample:		2442.95 time, 2450.01 real, 4 MB, 2.00 load
[runlim] sample:		2452.93 time, 2460.01 real, 4 MB, 2.00 load
[runlim] sample:		2462.91 time, 2470.01 real, 4 MB, 2.00 load
[runlim] sample:		2472.88 time, 2480.01 real, 4 MB, 2.00 load
[runlim] sample:		2482.86 time, 2490.01 real, 4 MB, 2.00 load
[runlim] sample:		2492.83 time, 2500.01 real, 4 MB, 2.00 load
[runlim] sample:		2502.81 time, 2510.01 real, 4 MB, 2.00 load
[runlim] sample:		2512.78 time, 2520.01 real, 4 MB, 2.00 load
[runlim] sample:		2522.76 time, 2530.01 real, 4 MB, 2.00 load
[runlim] sample:		2532.73 time, 2540.01 real, 4 MB, 2.22 load
[runlim] sample:		2542.71 time, 2550.01 real, 4 MB, 2.19 load
[runlim] sample:		2552.68 time, 2560.01 real, 4 MB, 2.16 load
[runlim] sample:		2562.66 time, 2570.01 real, 4 MB, 2.13 load
[runlim] sample:		2572.64 time, 2580.01 real, 4 MB, 2.11 load
[runlim] sample:		2582.61 time, 2590.01 real, 4 MB, 2.09 load
[runlim] sample:		2592.59 time, 2600.01 real, 4 MB, 2.08 load
[runlim] sample:		2602.56 time, 2610.01 real, 4 MB, 2.07 load
[runlim] sample:		2612.54 time, 2620.01 real, 4 MB, 2.06 load
[runlim] sample:		2622.51 time, 2630.01 real, 4 MB, 2.05 load
[runlim] sample:		2632.49 time, 2640.01 real, 4 MB, 2.04 load
[runlim] sample:		2642.46 time, 2650.01 real, 4 MB, 2.03 load
[runlim] sample:		2652.44 time, 2660.01 real, 4 MB, 2.03 load
[runlim] sample:		2662.41 time, 2670.01 real, 4 MB, 2.02 load
[runlim] sample:		2672.38 time, 2680.01 real, 4 MB, 2.10 load
[runlim] sample:		2682.36 time, 2690.01 real, 4 MB, 2.08 load
[runlim] sample:		2692.33 time, 2700.01 real, 4 MB, 2.07 load
[runlim] sample:		2702.31 time, 2710.01 real, 4 MB, 1.98 load
[runlim] sample:		2712.28 time, 2720.01 real, 4 MB, 1.83 load
[runlim] sample:		2722.26 time, 2730.01 real, 4 MB, 1.70 load
[runlim] sample:		2732.22 time, 2740.01 real, 4 MB, 1.59 load
[runlim] sample:		2742.20 time, 2750.01 real, 4 MB, 1.50 load
[runlim] sample:		2752.17 time, 2760.01 real, 4 MB, 1.42 load
[runlim] sample:		2762.14 time, 2770.01 real, 4 MB, 1.36 load
[runlim] sample:		2772.12 time, 2780.01 real, 4 MB, 1.30 load
[runlim] sample:		2782.09 time, 2790.01 real, 4 MB, 1.26 load
[runlim] sample:		2792.06 time, 2800.01 real, 4 MB, 1.22 load
[runlim] sample:		2802.03 time, 2810.01 real, 4 MB, 1.18 load
[runlim] sample:		2812.01 time, 2820.01 real, 4 MB, 1.15 load
[runlim] sample:		2821.98 time, 2830.01 real, 4 MB, 1.13 load
[runlim] sample:		2831.95 time, 2840.01 real, 4 MB, 1.11 load
[runlim] sample:		2841.93 time, 2850.01 real, 4 MB, 1.09 load
[runlim] sample:		2851.90 time, 2860.01 real, 4 MB, 1.08 load
[runlim] sample:		2861.87 time, 2870.01 real, 4 MB, 1.07 load
[runlim] sample:		2871.84 time, 2880.01 real, 4 MB, 1.14 load
[runlim] sample:		2881.81 time, 2890.01 real, 4 MB, 1.11 load
[runlim] sample:		2891.78 time, 2900.01 real, 4 MB, 1.10 load
[runlim] sample:		2901.75 time, 2910.01 real, 4 MB, 1.08 load
[runlim] sample:		2911.73 time, 2920.01 real, 4 MB, 1.07 load
[runlim] sample:		2921.70 time, 2930.01 real, 4 MB, 1.06 load
[runlim] sample:		2931.67 time, 2940.01 real, 4 MB, 1.05 load
[runlim] sample:		2941.64 time, 2950.01 real, 4 MB, 1.04 load
[runlim] sample:		2951.61 time, 2960.01 real, 4 MB, 1.03 load
[runlim] sample:		2961.59 time, 2970.01 real, 4 MB, 1.03 load
[runlim] sample:		2971.56 time, 2980.01 real, 4 MB, 1.02 load
[runlim] sample:		2981.53 time, 2990.01 real, 4 MB, 1.02 load
[runlim] sample:		2991.50 time, 3000.01 real, 4 MB, 1.02 load
[runlim] sample:		3001.47 time, 3010.01 real, 4 MB, 1.01 load
[runlim] sample:		3011.45 time, 3020.01 real, 4 MB, 1.01 load
[runlim] sample:		3021.42 time, 3030.01 real, 4 MB, 1.01 load
[runlim] sample:		3031.39 time, 3040.01 real, 4 MB, 1.01 load
[runlim] sample:		3041.36 time, 3050.01 real, 4 MB, 1.00 load
[runlim] sample:		3051.34 time, 3060.01 real, 4 MB, 1.00 load
[runlim] sample:		3061.31 time, 3070.01 real, 4 MB, 1.00 load
[runlim] sample:		3071.28 time, 3080.01 real, 4 MB, 1.08 load
[runlim] sample:		3081.25 time, 3090.01 real, 4 MB, 1.06 load
[runlim] sample:		3091.22 time, 3100.01 real, 4 MB, 1.05 load
[runlim] sample:		3101.19 time, 3110.01 real, 4 MB, 1.04 load
[runlim] sample:		3111.17 time, 3120.01 real, 4 MB, 1.04 load
[runlim] sample:		3121.13 time, 3130.01 real, 4 MB, 1.11 load
[runlim] sample:		3131.11 time, 3140.01 real, 4 MB, 1.09 load
[runlim] sample:		3141.08 time, 3150.01 real, 4 MB, 1.08 load
[runlim] sample:		3151.05 time, 3160.01 real, 4 MB, 1.07 load
[runlim] sample:		3161.02 time, 3170.01 real, 4 MB, 1.06 load
[runlim] sample:		3171.00 time, 3180.01 real, 4 MB, 1.05 load
[runlim] sample:		3180.96 time, 3190.01 real, 4 MB, 1.04 load
[runlim] sample:		3190.94 time, 3200.01 real, 4 MB, 1.03 load
[runlim] sample:		3200.91 time, 3210.01 real, 4 MB, 1.03 load
[runlim] sample:		3210.88 time, 3220.01 real, 4 MB, 1.02 load
[runlim] sample:		3220.85 time, 3230.01 real, 4 MB, 1.02 load
[runlim] sample:		3230.82 time, 3240.01 real, 4 MB, 1.02 load
[runlim] sample:		3240.79 time, 3250.01 real, 4 MB, 1.01 load
[runlim] sample:		3250.76 time, 3260.01 real, 4 MB, 1.01 load
[runlim] sample:		3260.74 time, 3270.01 real, 4 MB, 1.01 load
[runlim] sample:		3270.71 time, 3280.01 real, 4 MB, 1.01 load
[runlim] sample:		3280.68 time, 3290.01 real, 4 MB, 1.00 load
[runlim] sample:		3290.65 time, 3300.01 real, 4 MB, 1.00 load
[runlim] sample:		3300.62 time, 3310.01 real, 4 MB, 1.08 load
[runlim] sample:		3310.59 time, 3320.01 real, 4 MB, 1.07 load
[runlim] sample:		3320.56 time, 3330.01 real, 4 MB, 1.06 load
[runlim] sample:		3330.54 time, 3340.01 real, 4 MB, 1.05 load
[runlim] sample:		3340.51 time, 3350.01 real, 4 MB, 1.12 load
[runlim] sample:		3350.48 time, 3360.01 real, 4 MB, 1.10 load
[runlim] sample:		3360.45 time, 3370.01 real, 4 MB, 1.09 load
[runlim] sample:		3370.42 time, 3380.01 real, 4 MB, 1.15 load
[runlim] sample:		3380.40 time, 3390.01 real, 4 MB, 1.13 load
[runlim] sample:		3390.37 time, 3400.01 real, 4 MB, 1.11 load
[runlim] sample:		3400.34 time, 3410.01 real, 4 MB, 1.09 load
[runlim] sample:		3410.32 time, 3420.01 real, 4 MB, 1.08 load
[runlim] sample:		3420.29 time, 3430.01 real, 4 MB, 1.06 load
[runlim] sample:		3430.26 time, 3440.01 real, 4 MB, 1.14 load
[runlim] sample:		3440.23 time, 3450.01 real, 4 MB, 1.11 load
[runlim] sample:		3450.20 time, 3460.01 real, 4 MB, 1.10 load
[runlim] sample:		3460.18 time, 3470.01 real, 4 MB, 1.08 load
[runlim] sample:		3470.15 time, 3480.01 real, 4 MB, 1.07 load
[runlim] sample:		3480.12 time, 3490.01 real, 4 MB, 1.06 load
[runlim] sample:		3490.09 time, 3500.01 real, 4 MB, 1.13 load
[runlim] sample:		3500.06 time, 3510.01 real, 4 MB, 1.11 load
[runlim] sample:		3510.03 time, 3520.01 real, 4 MB, 1.09 load
[runlim] sample:		3520.01 time, 3530.01 real, 4 MB, 1.08 load
[runlim] sample:		3529.98 time, 3540.01 real, 4 MB, 1.06 load
[runlim] sample:		3539.95 time, 3550.01 real, 4 MB, 1.05 load
[runlim] sample:		3549.92 time, 3560.01 real, 4 MB, 1.19 load
[runlim] sample:		3559.90 time, 3570.01 real, 4 MB, 1.16 load
[runlim] sample:		3569.87 time, 3580.01 real, 4 MB, 1.22 load
[runlim] sample:		3579.84 time, 3590.01 real, 4 MB, 1.18 load
[runlim] sample:		3589.81 time, 3600.01 real, 4 MB, 1.16 load
[runlim] sample:		3599.78 time, 3610.01 real, 4 MB, 1.13 load
[runlim] sample:		3609.75 time, 3620.01 real, 4 MB, 1.26 load
[runlim] sample:		3619.73 time, 3630.01 real, 4 MB, 1.22 load
[runlim] sample:		3629.70 time, 3640.01 real, 4 MB, 1.26 load
[runlim] sample:		3639.67 time, 3650.01 real, 4 MB, 1.22 load
[runlim] sample:		3649.64 time, 3660.01 real, 4 MB, 1.19 load
[runlim] sample:		3659.62 time, 3670.01 real, 4 MB, 1.16 load
[runlim] sample:		3669.59 time, 3680.01 real, 4 MB, 1.13 load
[runlim] sample:		3679.56 time, 3690.01 real, 4 MB, 1.11 load
[runlim] sample:		3689.53 time, 3700.01 real, 4 MB, 1.18 load
[runlim] sample:		3699.50 time, 3710.01 real, 4 MB, 1.15 load
[runlim] sample:		3709.48 time, 3720.01 real, 4 MB, 1.12 load
[runlim] sample:		3719.45 time, 3730.01 real, 4 MB, 1.11 load
[runlim] sample:		3729.42 time, 3740.01 real, 4 MB, 1.09 load
[runlim] sample:		3739.40 time, 3750.01 real, 4 MB, 1.07 load
[runlim] sample:		3749.37 time, 3760.01 real, 4 MB, 1.06 load
[runlim] sample:		3759.34 time, 3770.01 real, 4 MB, 1.05 load
[runlim] sample:		3769.31 time, 3780.01 real, 4 MB, 1.20 load
[runlim] sample:		3779.29 time, 3790.01 real, 4 MB, 1.17 load
[runlim] sample:		3789.26 time, 3800.01 real, 4 MB, 1.15 load
[runlim] sample:		3799.23 time, 3810.01 real, 4 MB, 1.12 load
[runlim] sample:		3809.21 time, 3820.01 real, 4 MB, 1.10 load
[runlim] sample:		3819.18 time, 3830.01 real, 4 MB, 1.09 load
[runlim] sample:		3829.15 time, 3840.01 real, 4 MB, 1.15 load
[runlim] sample:		3839.12 time, 3850.01 real, 4 MB, 1.13 load
[runlim] sample:		3849.10 time, 3860.01 real, 4 MB, 1.11 load
[runlim] sample:		3859.07 time, 3870.01 real, 4 MB, 1.09 load
[runlim] sample:		3869.04 time, 3880.01 real, 4 MB, 1.08 load
[runlim] sample:		3879.02 time, 3890.01 real, 4 MB, 1.06 load
[runlim] sample:		3888.98 time, 3900.01 real, 4 MB, 1.14 load
[runlim] sample:		3898.96 time, 3910.01 real, 4 MB, 1.11 load
[runlim] sample:		3908.93 time, 3920.01 real, 4 MB, 1.10 load
[runlim] sample:		3918.90 time, 3930.01 real, 4 MB, 1.08 load
[runlim] sample:		3928.88 time, 3940.01 real, 4 MB, 1.07 load
[runlim] sample:		3938.85 time, 3950.01 real, 4 MB, 1.06 load
[runlim] sample:		3948.82 time, 3960.01 real, 4 MB, 1.05 load
[runlim] sample:		3958.80 time, 3970.01 real, 4 MB, 1.04 load
[runlim] sample:		3968.77 time, 3980.01 real, 4 MB, 1.11 load
[runlim] sample:		3978.74 time, 3990.01 real, 4 MB, 1.10 load
[runlim] sample:		3988.71 time, 4000.01 real, 4 MB, 1.08 load
[runlim] sample:		3998.69 time, 4010.01 real, 4 MB, 1.07 load
[runlim] sample:		4008.66 time, 4020.01 real, 4 MB, 1.06 load
[runlim] sample:		4018.63 time, 4030.01 real, 4 MB, 1.05 load
[runlim] sample:		4028.60 time, 4040.01 real, 4 MB, 1.11 load
[runlim] sample:		4038.58 time, 4050.01 real, 4 MB, 1.10 load
[runlim] sample:		4048.55 time, 4060.01 real, 4 MB, 1.08 load
[runlim] sample:		4058.52 time, 4070.01 real, 4 MB, 1.07 load
[runlim] sample:		4068.50 time, 4080.01 real, 4 MB, 1.06 load
[runlim] sample:		4078.47 time, 4090.01 real, 4 MB, 1.05 load
[runlim] sample:		4088.44 time, 4100.01 real, 4 MB, 1.19 load
[runlim] sample:		4098.41 time, 4110.01 real, 4 MB, 1.16 load
[runlim] sample:		4108.39 time, 4120.01 real, 4 MB, 1.14 load
[runlim] sample:		4118.36 time, 4130.01 real, 4 MB, 1.12 load
[runlim] sample:		4128.33 time, 4140.01 real, 4 MB, 1.10 load
[runlim] sample:		4138.31 time, 4150.01 real, 4 MB, 1.08 load
[runlim] sample:		4148.28 time, 4160.01 real, 4 MB, 1.07 load
[runlim] sample:		4158.25 time, 4170.01 real, 4 MB, 1.06 load
[runlim] sample:		4168.23 time, 4180.01 real, 4 MB, 1.21 load
[runlim] sample:		4178.20 time, 4190.01 real, 4 MB, 1.18 load
[runlim] sample:		4188.16 time, 4200.01 real, 4 MB, 1.23 load
[runlim] sample:		4198.13 time, 4210.01 real, 4 MB, 1.19 load
[runlim] sample:		4208.10 time, 4220.01 real, 4 MB, 1.16 load
[runlim] sample:		4218.08 time, 4230.01 real, 4 MB, 1.14 load
[runlim] sample:		4228.04 time, 4240.01 real, 4 MB, 1.20 load
[runlim] sample:		4238.01 time, 4250.01 real, 4 MB, 1.17 load
[runlim] sample:		4247.99 time, 4260.01 real, 4 MB, 1.14 load
[runlim] sample:		4257.96 time, 4270.01 real, 4 MB, 1.12 load
[runlim] sample:		4267.93 time, 4280.01 real, 4 MB, 1.10 load
[runlim] sample:		4277.90 time, 4290.01 real, 4 MB, 1.08 load
[runlim] sample:		4287.87 time, 4300.01 real, 4 MB, 1.15 load
[runlim] sample:		4297.84 time, 4310.01 real, 4 MB, 1.13 load
[runlim] sample:		4307.82 time, 4320.01 real, 4 MB, 1.11 load
[runlim] sample:		4317.79 time, 4330.01 real, 4 MB, 1.09 load
[runlim] sample:		4327.76 time, 4340.01 real, 4 MB, 1.08 load
[runlim] sample:		4337.73 time, 4350.01 real, 4 MB, 1.06 load
[runlim] sample:		4347.71 time, 4360.01 real, 4 MB, 1.05 load
[runlim] sample:		4357.68 time, 4370.01 real, 4 MB, 1.05 load
[runlim] sample:		4367.65 time, 4380.01 real, 4 MB, 1.12 load
[runlim] sample:		4377.62 time, 4390.01 real, 4 MB, 1.25 load
[runlim] sample:		4387.60 time, 4400.01 real, 4 MB, 1.21 load
[runlim] sample:		4397.57 time, 4410.01 real, 4 MB, 1.18 load
[runlim] sample:		4407.54 time, 4420.01 real, 4 MB, 1.15 load
[runlim] sample:		4417.51 time, 4430.01 real, 4 MB, 1.13 load
[runlim] sample:		4427.48 time, 4440.01 real, 4 MB, 1.27 load
[runlim] sample:		4437.45 time, 4450.01 real, 4 MB, 1.22 load
[runlim] sample:		4447.42 time, 4460.01 real, 4 MB, 1.19 load
[runlim] sample:		4457.40 time, 4470.01 real, 4 MB, 1.16 load
[runlim] sample:		4467.37 time, 4480.01 real, 4 MB, 1.22 load
[runlim] sample:		4477.34 time, 4490.01 real, 4 MB, 1.34 load
[runlim] sample:		4487.31 time, 4500.01 real, 4 MB, 1.45 load
[runlim] sample:		4497.28 time, 4510.01 real, 4 MB, 1.53 load
[runlim] sample:		4507.25 time, 4520.01 real, 4 MB, 1.60 load
[runlim] sample:		4517.22 time, 4530.01 real, 4 MB, 1.66 load
[runlim] sample:		4527.19 time, 4540.01 real, 4 MB, 1.80 load
[runlim] sample:		4537.17 time, 4550.01 real, 4 MB, 1.83 load
[runlim] sample:		4547.14 time, 4560.01 real, 4 MB, 1.86 load
[runlim] sample:		4557.11 time, 4570.01 real, 4 MB, 1.96 load
[runlim] sample:		4567.08 time, 4580.01 real, 4 MB, 2.18 load
[runlim] sample:		4577.06 time, 4590.01 real, 4 MB, 2.00 load
[runlim] sample:		4587.03 time, 4600.01 real, 4 MB, 1.85 load
[runlim] sample:		4597.01 time, 4610.01 real, 4 MB, 1.72 load
[runlim] sample:		4606.98 time, 4620.01 real, 4 MB, 1.61 load
[runlim] sample:		4616.95 time, 4630.01 real, 4 MB, 1.51 load
[runlim] sample:		4626.92 time, 4640.01 real, 4 MB, 1.51 load
[runlim] sample:		4636.90 time, 4650.01 real, 4 MB, 1.43 load
[runlim] sample:		4646.87 time, 4660.01 real, 4 MB, 1.37 load
[runlim] sample:		4656.84 time, 4670.01 real, 4 MB, 1.31 load
[runlim] sample:		4666.82 time, 4680.01 real, 4 MB, 1.26 load
[runlim] sample:		4676.79 time, 4690.01 real, 4 MB, 1.22 load
[runlim] sample:		4686.76 time, 4700.01 real, 4 MB, 1.27 load
[runlim] sample:		4696.73 time, 4710.01 real, 4 MB, 1.22 load
[runlim] sample:		4706.71 time, 4720.01 real, 4 MB, 1.19 load
[runlim] sample:		4716.68 time, 4730.01 real, 4 MB, 1.16 load
[runlim] sample:		4726.65 time, 4740.01 real, 4 MB, 1.14 load
[runlim] sample:		4736.63 time, 4750.01 real, 4 MB, 1.11 load
[runlim] sample:		4746.60 time, 4760.01 real, 4 MB, 1.10 load
[runlim] sample:		4756.57 time, 4770.01 real, 4 MB, 1.08 load
[runlim] sample:		4766.54 time, 4780.01 real, 4 MB, 1.15 load
[runlim] sample:		4776.52 time, 4790.01 real, 4 MB, 1.12 load
[runlim] sample:		4786.49 time, 4800.01 real, 4 MB, 1.10 load
[runlim] sample:		4796.46 time, 4810.01 real, 4 MB, 1.09 load
[runlim] sample:		4806.44 time, 4820.01 real, 4 MB, 1.07 load
[runlim] sample:		4816.41 time, 4830.01 real, 4 MB, 1.06 load
[runlim] sample:		4826.38 time, 4840.01 real, 4 MB, 1.13 load
[runlim] sample:		4836.35 time, 4850.01 real, 4 MB, 1.11 load
[runlim] sample:		4846.32 time, 4860.01 real, 4 MB, 1.09 load
[runlim] sample:		4856.30 time, 4870.01 real, 4 MB, 1.08 load
[runlim] sample:		4866.27 time, 4880.01 real, 4 MB, 1.07 load
[runlim] sample:		4876.24 time, 4890.01 real, 4 MB, 1.06 load
[runlim] sample:		4886.21 time, 4900.01 real, 4 MB, 1.13 load
[runlim] sample:		4896.19 time, 4910.01 real, 4 MB, 1.11 load
[runlim] sample:		4906.16 time, 4920.01 real, 4 MB, 1.09 load
[runlim] sample:		4916.13 time, 4930.01 real, 4 MB, 1.08 load
[runlim] sample:		4926.11 time, 4940.01 real, 4 MB, 1.06 load
[runlim] sample:		4936.08 time, 4950.01 real, 4 MB, 1.05 load
[runlim] sample:		4946.05 time, 4960.01 real, 4 MB, 1.04 load
[runlim] sample:		4956.03 time, 4970.01 real, 4 MB, 1.04 load
[runlim] sample:		4966.00 time, 4980.01 real, 4 MB, 1.03 load
[runlim] sample:		4975.97 time, 4990.01 real, 4 MB, 1.03 load
[runlim] sample:		4985.94 time, 5000.01 real, 4 MB, 1.02 load
[runlim] end:			Sat Mar 14 11:44:10 2026
[runlim] status:		out of time
[runlim] result:		2
[runlim] children:		1
[runlim] processes:		2
[runlim] real:			5000.05 seconds
[runlim] time:			4985.94 seconds
[runlim] space:			4 MB
[runlim] load:			6.90 maximum
[runlim] samples:		50000
