[runlim] version:		2.0.0rc1
[runlim] host:			p03n02
[runlim] time limit:		311040000 seconds
[runlim] real time limit:	5000 seconds
[runlim] space limit:		7000 MB
[runlim] argv[0]:		./binary
[runlim] argv[1]:		-c
[runlim] argv[2]:		/tmp/local-unzipped-12156030-4-223-BMS_k3_n100_m429_367.cnf
[runlim] start:			Sat Mar 14 10:21:10 2026
[runlim] child:			1436281
[runlim] sample:		9.97 time, 10.01 real, 3 MB, 2.28 load
[runlim] sample:		19.93 time, 20.01 real, 3 MB, 2.94 load
[runlim] sample:		29.88 time, 30.01 real, 4 MB, 4.02 load
[runlim] end:			Sat Mar 14 10:21:48 2026
[runlim] status:		ok
[runlim] result:		0
[runlim] children:		1
[runlim] processes:		2
[runlim] real:			37.49 seconds
[runlim] time:			37.25 seconds
[runlim] space:			4 MB
[runlim] load:			4.85 maximum
[runlim] samples:		374
