[runlim] version:		2.0.0rc1
[runlim] host:			p01n15
[runlim] time limit:		311040000 seconds
[runlim] real time limit:	5000 seconds
[runlim] space limit:		7000 MB
[runlim] argv[0]:		./binary
[runlim] argv[1]:		-c
[runlim] argv[2]:		/tmp/local-unzipped-12156030-1-4-BMS_k3_n100_m429_385.cnf
[runlim] start:			Sat Mar 14 10:20:12 2026
[runlim] child:			1747366
[runlim] sample:		9.97 time, 10.01 real, 3 MB, 7.79 load
[runlim] sample:		19.93 time, 20.01 real, 3 MB, 7.28 load
[runlim] sample:		29.89 time, 30.01 real, 3 MB, 6.93 load
[runlim] sample:		39.84 time, 40.01 real, 3 MB, 6.71 load
[runlim] sample:		49.80 time, 50.01 real, 3 MB, 6.46 load
[runlim] sample:		59.75 time, 60.01 real, 3 MB, 6.77 load
[runlim] sample:		69.70 time, 70.01 real, 3 MB, 7.03 load
[runlim] sample:		79.65 time, 80.01 real, 3 MB, 7.03 load
[runlim] sample:		89.60 time, 90.01 real, 3 MB, 6.94 load
[runlim] sample:		99.56 time, 100.01 real, 3 MB, 6.80 load
[runlim] sample:		109.51 time, 110.01 real, 3 MB, 6.67 load
[runlim] sample:		119.46 time, 120.01 real, 3 MB, 6.57 load
[runlim] sample:		129.42 time, 130.01 real, 3 MB, 6.48 load
[runlim] sample:		139.37 time, 140.01 real, 3 MB, 6.55 load
[runlim] sample:		149.33 time, 150.01 real, 4 MB, 6.47 load
[runlim] sample:		159.28 time, 160.01 real, 4 MB, 6.24 load
[runlim] sample:		169.23 time, 170.01 real, 4 MB, 6.05 load
[runlim] sample:		179.19 time, 180.01 real, 4 MB, 5.89 load
[runlim] sample:		189.14 time, 190.01 real, 4 MB, 5.75 load
[runlim] sample:		199.10 time, 200.01 real, 4 MB, 5.64 load
[runlim] sample:		209.05 time, 210.01 real, 4 MB, 5.46 load
[runlim] sample:		219.02 time, 220.01 real, 4 MB, 5.15 load
[runlim] sample:		228.98 time, 230.01 real, 4 MB, 4.90 load
[runlim] sample:		238.95 time, 240.01 real, 4 MB, 4.61 load
[runlim] sample:		248.92 time, 250.01 real, 4 MB, 4.36 load
[runlim] sample:		258.88 time, 260.01 real, 4 MB, 4.15 load
[runlim] sample:		268.85 time, 270.01 real, 4 MB, 3.97 load
[runlim] sample:		278.82 time, 280.01 real, 4 MB, 3.82 load
[runlim] sample:		288.78 time, 290.01 real, 4 MB, 3.70 load
[runlim] sample:		298.75 time, 300.01 real, 4 MB, 3.59 load
[runlim] sample:		308.71 time, 310.01 real, 4 MB, 3.50 load
[runlim] sample:		318.68 time, 320.01 real, 4 MB, 3.42 load
[runlim] sample:		328.64 time, 330.01 real, 4 MB, 3.36 load
[runlim] sample:		338.61 time, 340.01 real, 4 MB, 3.30 load
[runlim] sample:		348.58 time, 350.01 real, 4 MB, 3.25 load
[runlim] sample:		358.54 time, 360.01 real, 4 MB, 3.21 load
[runlim] sample:		368.51 time, 370.01 real, 4 MB, 3.18 load
[runlim] sample:		378.47 time, 380.01 real, 4 MB, 3.15 load
[runlim] sample:		388.44 time, 390.01 real, 4 MB, 3.13 load
[runlim] sample:		398.41 time, 400.01 real, 4 MB, 3.11 load
[runlim] sample:		408.37 time, 410.01 real, 4 MB, 3.09 load
[runlim] sample:		418.34 time, 420.01 real, 4 MB, 3.08 load
[runlim] sample:		428.30 time, 430.01 real, 4 MB, 3.06 load
[runlim] sample:		438.27 time, 440.01 real, 4 MB, 3.05 load
[runlim] sample:		448.23 time, 450.01 real, 4 MB, 3.05 load
[runlim] sample:		458.20 time, 460.01 real, 4 MB, 3.04 load
[runlim] sample:		468.16 time, 470.01 real, 4 MB, 3.03 load
[runlim] sample:		478.13 time, 480.01 real, 4 MB, 3.03 load
[runlim] sample:		488.10 time, 490.01 real, 4 MB, 3.02 load
[runlim] sample:		498.06 time, 500.01 real, 4 MB, 3.09 load
[runlim] sample:		508.03 time, 510.01 real, 4 MB, 3.08 load
[runlim] sample:		517.99 time, 520.01 real, 4 MB, 3.07 load
[runlim] sample:		527.96 time, 530.01 real, 4 MB, 3.06 load
[runlim] sample:		537.93 time, 540.01 real, 4 MB, 3.05 load
[runlim] sample:		547.89 time, 550.01 real, 4 MB, 3.04 load
[runlim] sample:		557.86 time, 560.01 real, 4 MB, 3.03 load
[runlim] sample:		567.82 time, 570.01 real, 4 MB, 3.03 load
[runlim] sample:		577.79 time, 580.01 real, 4 MB, 3.02 load
[runlim] sample:		587.76 time, 590.01 real, 4 MB, 3.02 load
[runlim] sample:		597.72 time, 600.01 real, 4 MB, 3.02 load
[runlim] sample:		607.69 time, 610.01 real, 4 MB, 3.01 load
[runlim] sample:		617.65 time, 620.01 real, 4 MB, 3.01 load
[runlim] sample:		627.62 time, 630.01 real, 4 MB, 3.01 load
[runlim] sample:		637.58 time, 640.01 real, 4 MB, 3.01 load
[runlim] sample:		647.55 time, 650.01 real, 4 MB, 3.00 load
[runlim] sample:		657.52 time, 660.01 real, 4 MB, 3.00 load
[runlim] sample:		667.48 time, 670.01 real, 4 MB, 3.00 load
[runlim] sample:		677.45 time, 680.01 real, 4 MB, 3.00 load
[runlim] sample:		687.42 time, 690.01 real, 4 MB, 3.00 load
[runlim] sample:		697.38 time, 700.01 real, 4 MB, 3.00 load
[runlim] sample:		707.35 time, 710.01 real, 4 MB, 3.00 load
[runlim] sample:		717.32 time, 720.01 real, 4 MB, 3.00 load
[runlim] end:			Sat Mar 14 10:32:18 2026
[runlim] status:		ok
[runlim] result:		0
[runlim] children:		1
[runlim] processes:		2
[runlim] real:			725.85 seconds
[runlim] time:			723.10 seconds
[runlim] space:			4 MB
[runlim] load:			8.47 maximum
[runlim] samples:		7258
