[runlim] version:		2.0.0rc1
[runlim] host:			m06n05
[runlim] time limit:		311040000 seconds
[runlim] real time limit:	5000 seconds
[runlim] space limit:		7000 MB
[runlim] argv[0]:		./binary
[runlim] argv[1]:		-c
[runlim] argv[2]:		-s
[runlim] argv[3]:		-f
[runlim] argv[4]:		-r
[runlim] argv[5]:		/tmp/local-unzipped-12273071-2-75-BMS_k3_n100_m429_101.cnf
[runlim] start:			Wed Mar 25 01:03:45 2026
[runlim] child:			3151429
[runlim] sample:		9.96 time, 10.01 real, 4 MB, 1.22 load
[runlim] sample:		19.91 time, 20.01 real, 4 MB, 2.11 load
[runlim] sample:		29.86 time, 30.01 real, 4 MB, 2.56 load
[runlim] sample:		39.81 time, 40.01 real, 4 MB, 3.17 load
[runlim] sample:		49.77 time, 50.01 real, 4 MB, 3.68 load
[runlim] sample:		59.72 time, 60.01 real, 4 MB, 4.42 load
[runlim] sample:		69.67 time, 70.01 real, 4 MB, 4.82 load
[runlim] sample:		79.63 time, 80.01 real, 4 MB, 5.00 load
[runlim] sample:		89.58 time, 90.01 real, 4 MB, 5.15 load
[runlim] sample:		99.54 time, 100.01 real, 4 MB, 5.44 load
[runlim] sample:		109.49 time, 110.01 real, 4 MB, 5.53 load
[runlim] sample:		119.45 time, 120.01 real, 4 MB, 5.68 load
[runlim] sample:		129.40 time, 130.01 real, 4 MB, 5.73 load
[runlim] sample:		139.36 time, 140.01 real, 4 MB, 5.77 load
[runlim] sample:		149.31 time, 150.01 real, 4 MB, 5.81 load
[runlim] sample:		159.27 time, 160.01 real, 4 MB, 5.84 load
[runlim] sample:		169.23 time, 170.01 real, 4 MB, 5.78 load
[runlim] sample:		179.19 time, 180.01 real, 4 MB, 5.66 load
[runlim] sample:		189.15 time, 190.01 real, 4 MB, 5.56 load
[runlim] sample:		199.10 time, 200.01 real, 4 MB, 5.32 load
[runlim] sample:		209.07 time, 210.01 real, 4 MB, 5.04 load
[runlim] sample:		219.03 time, 220.01 real, 4 MB, 4.72 load
[runlim] sample:		228.99 time, 230.01 real, 4 MB, 4.46 load
[runlim] sample:		238.95 time, 240.01 real, 4 MB, 4.23 load
[runlim] sample:		248.92 time, 250.01 real, 4 MB, 4.04 load
[runlim] sample:		258.88 time, 260.01 real, 4 MB, 3.96 load
[runlim] sample:		268.84 time, 270.01 real, 4 MB, 3.81 load
[runlim] sample:		278.80 time, 280.01 real, 4 MB, 3.69 load
[runlim] sample:		288.76 time, 290.01 real, 4 MB, 3.66 load
[runlim] sample:		298.73 time, 300.01 real, 4 MB, 3.56 load
[runlim] sample:		308.69 time, 310.01 real, 4 MB, 3.47 load
[runlim] sample:		318.65 time, 320.01 real, 4 MB, 3.40 load
[runlim] sample:		328.61 time, 330.01 real, 4 MB, 3.34 load
[runlim] sample:		338.58 time, 340.01 real, 4 MB, 3.28 load
[runlim] sample:		348.54 time, 350.01 real, 4 MB, 3.31 load
[runlim] sample:		358.51 time, 360.01 real, 4 MB, 3.11 load
[runlim] sample:		368.48 time, 370.01 real, 5 MB, 2.94 load
[runlim] sample:		378.45 time, 380.01 real, 5 MB, 2.87 load
[runlim] sample:		388.42 time, 390.01 real, 5 MB, 2.73 load
[runlim] sample:		398.38 time, 400.01 real, 5 MB, 2.62 load
[runlim] sample:		408.35 time, 410.01 real, 5 MB, 2.60 load
[runlim] sample:		418.32 time, 420.01 real, 5 MB, 2.51 load
[runlim] sample:		428.29 time, 430.01 real, 5 MB, 2.43 load
[runlim] sample:		438.26 time, 440.01 real, 5 MB, 2.36 load
[runlim] sample:		448.23 time, 450.01 real, 5 MB, 2.31 load
[runlim] sample:		458.19 time, 460.01 real, 5 MB, 2.26 load
[runlim] sample:		468.16 time, 470.01 real, 5 MB, 2.29 load
[runlim] sample:		478.13 time, 480.01 real, 5 MB, 2.25 load
[runlim] sample:		488.10 time, 490.01 real, 5 MB, 2.21 load
[runlim] sample:		498.07 time, 500.01 real, 5 MB, 2.18 load
[runlim] sample:		508.03 time, 510.01 real, 5 MB, 2.15 load
[runlim] sample:		518.00 time, 520.01 real, 5 MB, 2.12 load
[runlim] sample:		527.97 time, 530.01 real, 5 MB, 2.18 load
[runlim] sample:		537.93 time, 540.01 real, 5 MB, 2.15 load
[runlim] sample:		547.90 time, 550.01 real, 5 MB, 2.13 load
[runlim] end:			Wed Mar 25 01:12:56 2026
[runlim] status:		ok
[runlim] result:		0
[runlim] children:		1
[runlim] processes:		2
[runlim] real:			550.89 seconds
[runlim] time:			548.70 seconds
[runlim] space:			5 MB
[runlim] load:			5.85 maximum
[runlim] samples:		5508
