[runlim] version:		2.0.0rc1
[runlim] host:			m05n08
[runlim] time limit:		311040000 seconds
[runlim] real time limit:	5000 seconds
[runlim] space limit:		7000 MB
[runlim] argv[0]:		./binary
[runlim] argv[1]:		-c
[runlim] argv[2]:		-s
[runlim] argv[3]:		-f
[runlim] argv[4]:		-r
[runlim] argv[5]:		/tmp/local-unzipped-12273071-6-362-BMS_k3_n100_m429_260.cnf
[runlim] start:			Wed Mar 25 01:11:33 2026
[runlim] child:			3358961
[runlim] sample:		9.96 time, 10.01 real, 4 MB, 3.31 load
[runlim] sample:		19.92 time, 20.01 real, 4 MB, 3.95 load
[runlim] sample:		29.87 time, 30.01 real, 4 MB, 4.57 load
[runlim] sample:		39.83 time, 40.01 real, 4 MB, 5.10 load
[runlim] sample:		49.79 time, 50.01 real, 4 MB, 5.55 load
[runlim] sample:		59.75 time, 60.01 real, 4 MB, 5.84 load
[runlim] sample:		69.71 time, 70.01 real, 4 MB, 6.02 load
[runlim] sample:		79.67 time, 80.01 real, 4 MB, 6.17 load
[runlim] sample:		89.63 time, 90.01 real, 4 MB, 6.22 load
[runlim] sample:		99.59 time, 100.01 real, 4 MB, 6.19 load
[runlim] sample:		109.55 time, 110.01 real, 4 MB, 6.16 load
[runlim] sample:		119.51 time, 120.01 real, 4 MB, 6.21 load
[runlim] sample:		129.47 time, 130.01 real, 4 MB, 6.26 load
[runlim] sample:		139.42 time, 140.01 real, 4 MB, 6.22 load
[runlim] end:			Wed Mar 25 01:14:01 2026
[runlim] status:		ok
[runlim] result:		0
[runlim] children:		1
[runlim] processes:		2
[runlim] real:			147.94 seconds
[runlim] time:			147.29 seconds
[runlim] space:			5 MB
[runlim] load:			6.26 maximum
[runlim] samples:		1479
