[runlim] version:		2.0.0rc1
[runlim] host:			p09n16
[runlim] time limit:		311040000 seconds
[runlim] real time limit:	5000 seconds
[runlim] space limit:		7000 MB
[runlim] argv[0]:		./binary
[runlim] argv[1]:		-c
[runlim] argv[2]:		-f
[runlim] argv[3]:		-r
[runlim] argv[4]:		/tmp/local-unzipped-12158335-2-122-BMS_k3_n100_m429_370.cnf
[runlim] start:			Sat Mar 14 13:28:44 2026
[runlim] child:			1086694
[runlim] end:			Sat Mar 14 13:28:46 2026
[runlim] status:		ok
[runlim] result:		0
[runlim] children:		1
[runlim] processes:		2
[runlim] real:			1.89 seconds
[runlim] time:			1.79 seconds
[runlim] space:			4 MB
[runlim] load:			6.98 maximum
[runlim] samples:		18
