[runlim] version:		2.0.0rc1
[runlim] host:			m01n14
[runlim] time limit:		311040000 seconds
[runlim] real time limit:	5000 seconds
[runlim] space limit:		7000 MB
[runlim] argv[0]:		./binary
[runlim] argv[1]:		-c
[runlim] argv[2]:		-f
[runlim] argv[3]:		-r
[runlim] argv[4]:		/tmp/local-unzipped-12158335-8-481-BMS_k3_n100_m429_343.cnf
[runlim] start:			Sat Mar 14 14:23:14 2026
[runlim] child:			448870
[runlim] sample:		9.95 time, 10.01 real, 4 MB, 3.05 load
[runlim] sample:		19.90 time, 20.01 real, 4 MB, 3.89 load
[runlim] sample:		29.85 time, 30.01 real, 4 MB, 4.37 load
[runlim] sample:		39.80 time, 40.01 real, 4 MB, 4.54 load
[runlim] sample:		49.76 time, 50.01 real, 4 MB, 4.61 load
[runlim] sample:		59.71 time, 60.01 real, 4 MB, 4.67 load
[runlim] sample:		69.67 time, 70.01 real, 4 MB, 4.72 load
[runlim] sample:		79.62 time, 80.01 real, 4 MB, 4.77 load
[runlim] sample:		89.58 time, 90.01 real, 4 MB, 4.80 load
[runlim] sample:		99.53 time, 100.01 real, 4 MB, 4.83 load
[runlim] sample:		109.49 time, 110.01 real, 4 MB, 4.86 load
[runlim] sample:		119.45 time, 120.01 real, 4 MB, 4.88 load
[runlim] sample:		129.41 time, 130.01 real, 4 MB, 4.82 load
[runlim] sample:		139.38 time, 140.01 real, 4 MB, 4.77 load
[runlim] sample:		149.35 time, 150.01 real, 4 MB, 4.65 load
[runlim] sample:		159.31 time, 160.01 real, 4 MB, 4.55 load
[runlim] sample:		169.28 time, 170.01 real, 4 MB, 4.46 load
[runlim] sample:		179.24 time, 180.01 real, 5 MB, 4.39 load
[runlim] sample:		189.21 time, 190.01 real, 5 MB, 4.33 load
[runlim] end:			Sat Mar 14 14:26:27 2026
[runlim] status:		ok
[runlim] result:		0
[runlim] children:		1
[runlim] processes:		2
[runlim] real:			193.29 seconds
[runlim] time:			192.39 seconds
[runlim] space:			5 MB
[runlim] load:			4.89 maximum
[runlim] samples:		1932
