[runlim] version:		2.0.0rc1
[runlim] host:			m10n01
[runlim] time limit:		311040000 seconds
[runlim] real time limit:	5000 seconds
[runlim] space limit:		7000 MB
[runlim] argv[0]:		./binary
[runlim] argv[1]:		-c
[runlim] argv[2]:		-f
[runlim] argv[3]:		-r
[runlim] argv[4]:		/tmp/local-unzipped-12158335-7-420-BMS_k3_n100_m429_93.cnf
[runlim] start:			Sat Mar 14 14:23:04 2026
[runlim] child:			3133226
[runlim] sample:		9.96 time, 10.01 real, 4 MB, 3.90 load
[runlim] sample:		19.91 time, 20.01 real, 4 MB, 5.30 load
[runlim] sample:		29.88 time, 30.01 real, 4 MB, 6.71 load
[runlim] sample:		39.84 time, 40.01 real, 4 MB, 7.29 load
[runlim] sample:		49.81 time, 50.01 real, 4 MB, 7.63 load
[runlim] sample:		59.77 time, 60.01 real, 4 MB, 7.84 load
[runlim] sample:		69.73 time, 70.01 real, 4 MB, 8.02 load
[runlim] sample:		79.70 time, 80.01 real, 4 MB, 8.17 load
[runlim] sample:		89.66 time, 90.01 real, 4 MB, 8.30 load
[runlim] sample:		99.63 time, 100.01 real, 4 MB, 8.25 load
[runlim] sample:		109.60 time, 110.01 real, 4 MB, 8.21 load
[runlim] sample:		119.56 time, 120.01 real, 4 MB, 8.10 load
[runlim] sample:		129.52 time, 130.01 real, 4 MB, 7.93 load
[runlim] sample:		139.48 time, 140.01 real, 4 MB, 7.71 load
[runlim] sample:		149.43 time, 150.01 real, 4 MB, 7.44 load
[runlim] sample:		159.39 time, 160.01 real, 4 MB, 7.37 load
[runlim] sample:		169.35 time, 170.01 real, 4 MB, 7.16 load
[runlim] sample:		179.31 time, 180.01 real, 4 MB, 6.98 load
[runlim] sample:		189.27 time, 190.01 real, 4 MB, 6.91 load
[runlim] sample:		199.23 time, 200.01 real, 4 MB, 6.77 load
[runlim] sample:		209.19 time, 210.01 real, 4 MB, 6.65 load
[runlim] sample:		219.15 time, 220.01 real, 4 MB, 6.55 load
[runlim] sample:		229.11 time, 230.01 real, 4 MB, 6.46 load
[runlim] sample:		239.06 time, 240.01 real, 4 MB, 6.39 load
[runlim] sample:		249.02 time, 250.01 real, 4 MB, 6.33 load
[runlim] sample:		258.98 time, 260.01 real, 4 MB, 6.35 load
[runlim] sample:		268.94 time, 270.01 real, 4 MB, 6.30 load
[runlim] sample:		278.90 time, 280.01 real, 4 MB, 6.25 load
[runlim] sample:		288.86 time, 290.01 real, 4 MB, 6.21 load
[runlim] sample:		298.82 time, 300.01 real, 4 MB, 6.18 load
[runlim] sample:		308.78 time, 310.01 real, 4 MB, 6.15 load
[runlim] sample:		318.74 time, 320.01 real, 4 MB, 6.20 load
[runlim] sample:		328.70 time, 330.01 real, 4 MB, 6.17 load
[runlim] sample:		338.65 time, 340.01 real, 4 MB, 6.14 load
[runlim] sample:		348.61 time, 350.01 real, 4 MB, 6.12 load
[runlim] sample:		358.57 time, 360.01 real, 4 MB, 6.02 load
[runlim] sample:		368.53 time, 370.01 real, 4 MB, 5.86 load
[runlim] sample:		378.49 time, 380.01 real, 4 MB, 5.81 load
[runlim] sample:		388.46 time, 390.01 real, 4 MB, 5.68 load
[runlim] sample:		398.42 time, 400.01 real, 4 MB, 5.58 load
[runlim] sample:		408.38 time, 410.01 real, 4 MB, 5.49 load
[runlim] sample:		418.34 time, 420.01 real, 4 MB, 5.41 load
[runlim] sample:		428.30 time, 430.01 real, 4 MB, 5.35 load
[runlim] sample:		438.26 time, 440.01 real, 4 MB, 5.29 load
[runlim] sample:		448.22 time, 450.01 real, 4 MB, 5.33 load
[runlim] sample:		458.18 time, 460.01 real, 4 MB, 5.28 load
[runlim] sample:		468.14 time, 470.01 real, 4 MB, 5.23 load
[runlim] sample:		478.10 time, 480.01 real, 4 MB, 5.20 load
[runlim] sample:		488.06 time, 490.01 real, 4 MB, 5.17 load
[runlim] sample:		498.02 time, 500.01 real, 4 MB, 5.14 load
[runlim] sample:		507.98 time, 510.01 real, 4 MB, 5.68 load
[runlim] sample:		517.94 time, 520.01 real, 4 MB, 5.57 load
[runlim] sample:		527.90 time, 530.01 real, 4 MB, 5.49 load
[runlim] sample:		537.86 time, 540.01 real, 4 MB, 5.48 load
[runlim] sample:		547.82 time, 550.01 real, 4 MB, 5.41 load
[runlim] sample:		557.78 time, 560.01 real, 4 MB, 5.35 load
[runlim] sample:		567.75 time, 570.01 real, 4 MB, 5.37 load
[runlim] sample:		577.71 time, 580.01 real, 4 MB, 5.31 load
[runlim] sample:		587.67 time, 590.01 real, 4 MB, 5.27 load
[runlim] sample:		597.63 time, 600.01 real, 4 MB, 5.22 load
[runlim] sample:		607.59 time, 610.01 real, 4 MB, 5.19 load
[runlim] sample:		617.55 time, 620.01 real, 4 MB, 5.24 load
[runlim] sample:		627.51 time, 630.01 real, 4 MB, 5.20 load
[runlim] sample:		637.47 time, 640.01 real, 4 MB, 5.17 load
[runlim] sample:		647.43 time, 650.01 real, 4 MB, 5.14 load
[runlim] sample:		657.39 time, 660.01 real, 4 MB, 5.12 load
[runlim] sample:		667.35 time, 670.01 real, 4 MB, 5.10 load
[runlim] sample:		677.31 time, 680.01 real, 4 MB, 5.09 load
[runlim] sample:		687.27 time, 690.01 real, 4 MB, 5.07 load
[runlim] sample:		697.23 time, 700.01 real, 4 MB, 5.06 load
[runlim] sample:		707.20 time, 710.01 real, 4 MB, 5.05 load
[runlim] sample:		717.16 time, 720.01 real, 4 MB, 5.04 load
[runlim] sample:		727.12 time, 730.01 real, 4 MB, 5.04 load
[runlim] sample:		737.08 time, 740.01 real, 4 MB, 5.03 load
[runlim] sample:		747.04 time, 750.01 real, 4 MB, 5.02 load
[runlim] sample:		757.00 time, 760.01 real, 4 MB, 5.02 load
[runlim] sample:		766.96 time, 770.01 real, 4 MB, 5.02 load
[runlim] sample:		776.92 time, 780.01 real, 4 MB, 5.01 load
[runlim] sample:		786.88 time, 790.01 real, 4 MB, 5.01 load
[runlim] sample:		796.84 time, 800.01 real, 4 MB, 5.01 load
[runlim] sample:		806.79 time, 810.01 real, 4 MB, 5.01 load
[runlim] sample:		816.75 time, 820.01 real, 4 MB, 5.01 load
[runlim] sample:		826.71 time, 830.01 real, 4 MB, 5.00 load
[runlim] sample:		836.67 time, 840.01 real, 4 MB, 5.00 load
[runlim] sample:		846.63 time, 850.01 real, 4 MB, 5.00 load
[runlim] sample:		856.59 time, 860.01 real, 4 MB, 5.00 load
[runlim] sample:		866.55 time, 870.01 real, 4 MB, 5.00 load
[runlim] sample:		876.50 time, 880.01 real, 4 MB, 5.00 load
[runlim] sample:		886.46 time, 890.01 real, 4 MB, 5.00 load
[runlim] sample:		896.42 time, 900.01 real, 4 MB, 5.00 load
[runlim] sample:		906.38 time, 910.01 real, 4 MB, 5.00 load
[runlim] sample:		916.34 time, 920.01 real, 4 MB, 5.00 load
[runlim] sample:		926.30 time, 930.01 real, 4 MB, 5.00 load
[runlim] sample:		936.26 time, 940.01 real, 4 MB, 5.00 load
[runlim] sample:		946.22 time, 950.01 real, 4 MB, 5.00 load
[runlim] sample:		956.18 time, 960.01 real, 4 MB, 5.15 load
[runlim] sample:		966.14 time, 970.01 real, 4 MB, 5.12 load
[runlim] sample:		976.10 time, 980.01 real, 4 MB, 5.10 load
[runlim] sample:		986.06 time, 990.01 real, 4 MB, 5.09 load
[runlim] sample:		996.02 time, 1000.01 real, 4 MB, 5.07 load
[runlim] sample:		1005.98 time, 1010.01 real, 4 MB, 5.06 load
[runlim] sample:		1015.94 time, 1020.01 real, 4 MB, 5.05 load
[runlim] sample:		1025.90 time, 1030.01 real, 4 MB, 5.04 load
[runlim] sample:		1035.86 time, 1040.01 real, 4 MB, 5.04 load
[runlim] sample:		1045.82 time, 1050.01 real, 4 MB, 5.03 load
[runlim] sample:		1055.78 time, 1060.01 real, 4 MB, 5.02 load
[runlim] sample:		1065.74 time, 1070.01 real, 4 MB, 5.02 load
[runlim] sample:		1075.70 time, 1080.01 real, 4 MB, 5.09 load
[runlim] sample:		1085.66 time, 1090.01 real, 4 MB, 5.08 load
[runlim] sample:		1095.61 time, 1100.01 real, 4 MB, 5.06 load
[runlim] sample:		1105.57 time, 1110.01 real, 4 MB, 5.13 load
[runlim] sample:		1115.53 time, 1120.01 real, 4 MB, 5.11 load
[runlim] sample:		1125.49 time, 1130.01 real, 4 MB, 5.10 load
[runlim] sample:		1135.45 time, 1140.01 real, 4 MB, 5.08 load
[runlim] sample:		1145.41 time, 1150.01 real, 4 MB, 5.07 load
[runlim] sample:		1155.36 time, 1160.01 real, 4 MB, 5.06 load
[runlim] sample:		1165.32 time, 1170.01 real, 4 MB, 5.05 load
[runlim] sample:		1175.28 time, 1180.01 real, 4 MB, 5.04 load
[runlim] sample:		1185.24 time, 1190.01 real, 4 MB, 5.03 load
[runlim] sample:		1195.20 time, 1200.01 real, 4 MB, 5.03 load
[runlim] sample:		1205.16 time, 1210.01 real, 4 MB, 5.02 load
[runlim] sample:		1215.12 time, 1220.01 real, 4 MB, 5.09 load
[runlim] sample:		1225.07 time, 1230.01 real, 4 MB, 5.08 load
[runlim] sample:		1235.03 time, 1240.01 real, 4 MB, 5.07 load
[runlim] sample:		1244.99 time, 1250.01 real, 4 MB, 5.06 load
[runlim] sample:		1254.95 time, 1260.01 real, 4 MB, 5.05 load
[runlim] sample:		1264.91 time, 1270.01 real, 4 MB, 5.04 load
[runlim] sample:		1274.87 time, 1280.01 real, 4 MB, 5.03 load
[runlim] sample:		1284.83 time, 1290.01 real, 4 MB, 5.03 load
[runlim] sample:		1294.78 time, 1300.01 real, 4 MB, 5.02 load
[runlim] sample:		1304.74 time, 1310.01 real, 4 MB, 5.02 load
[runlim] sample:		1314.70 time, 1320.01 real, 4 MB, 5.02 load
[runlim] sample:		1324.66 time, 1330.01 real, 4 MB, 5.01 load
[runlim] sample:		1334.63 time, 1340.01 real, 4 MB, 5.01 load
[runlim] sample:		1344.59 time, 1350.01 real, 4 MB, 5.01 load
[runlim] sample:		1354.55 time, 1360.01 real, 4 MB, 5.01 load
[runlim] sample:		1364.51 time, 1370.01 real, 4 MB, 5.00 load
[runlim] sample:		1374.47 time, 1380.01 real, 4 MB, 5.00 load
[runlim] sample:		1384.43 time, 1390.01 real, 4 MB, 5.00 load
[runlim] sample:		1394.39 time, 1400.01 real, 4 MB, 5.00 load
[runlim] sample:		1404.35 time, 1410.01 real, 4 MB, 5.00 load
[runlim] sample:		1414.31 time, 1420.01 real, 4 MB, 5.00 load
[runlim] sample:		1424.28 time, 1430.01 real, 4 MB, 5.00 load
[runlim] sample:		1434.24 time, 1440.01 real, 4 MB, 5.00 load
[runlim] sample:		1444.20 time, 1450.01 real, 4 MB, 5.00 load
[runlim] sample:		1454.16 time, 1460.01 real, 4 MB, 5.07 load
[runlim] sample:		1464.12 time, 1470.01 real, 4 MB, 5.06 load
[runlim] sample:		1474.08 time, 1480.01 real, 4 MB, 5.05 load
[runlim] sample:		1484.04 time, 1490.01 real, 4 MB, 5.04 load
[runlim] sample:		1494.01 time, 1500.01 real, 4 MB, 5.04 load
[runlim] sample:		1503.97 time, 1510.01 real, 4 MB, 5.03 load
[runlim] sample:		1513.93 time, 1520.01 real, 4 MB, 5.02 load
[runlim] sample:		1523.89 time, 1530.01 real, 4 MB, 5.02 load
[runlim] sample:		1533.85 time, 1540.01 real, 4 MB, 5.02 load
[runlim] sample:		1543.81 time, 1550.01 real, 4 MB, 5.01 load
[runlim] sample:		1553.77 time, 1560.01 real, 4 MB, 5.01 load
[runlim] sample:		1563.74 time, 1570.01 real, 4 MB, 5.01 load
[runlim] sample:		1573.70 time, 1580.01 real, 4 MB, 5.01 load
[runlim] sample:		1583.66 time, 1590.01 real, 4 MB, 5.01 load
[runlim] sample:		1593.62 time, 1600.01 real, 4 MB, 5.00 load
[runlim] sample:		1603.58 time, 1610.01 real, 4 MB, 5.00 load
[runlim] sample:		1613.54 time, 1620.01 real, 4 MB, 5.08 load
[runlim] sample:		1623.50 time, 1630.01 real, 4 MB, 5.06 load
[runlim] sample:		1633.47 time, 1640.01 real, 4 MB, 5.13 load
[runlim] sample:		1643.43 time, 1650.01 real, 4 MB, 5.11 load
[runlim] sample:		1653.39 time, 1660.01 real, 4 MB, 5.09 load
[runlim] sample:		1663.35 time, 1670.01 real, 4 MB, 5.08 load
[runlim] sample:		1673.31 time, 1680.01 real, 4 MB, 5.06 load
[runlim] sample:		1683.26 time, 1690.01 real, 4 MB, 5.05 load
[runlim] sample:		1693.22 time, 1700.01 real, 4 MB, 5.05 load
[runlim] sample:		1703.18 time, 1710.01 real, 4 MB, 5.04 load
[runlim] sample:		1713.13 time, 1720.01 real, 4 MB, 5.03 load
[runlim] sample:		1723.09 time, 1730.01 real, 4 MB, 5.03 load
[runlim] sample:		1733.04 time, 1740.01 real, 4 MB, 5.02 load
[runlim] sample:		1743.00 time, 1750.01 real, 4 MB, 5.02 load
[runlim] sample:		1752.95 time, 1760.01 real, 4 MB, 5.02 load
[runlim] sample:		1762.91 time, 1770.01 real, 4 MB, 5.01 load
[runlim] sample:		1772.87 time, 1780.01 real, 4 MB, 5.01 load
[runlim] sample:		1782.82 time, 1790.01 real, 4 MB, 5.01 load
[runlim] sample:		1792.78 time, 1800.01 real, 4 MB, 5.01 load
[runlim] sample:		1802.73 time, 1810.01 real, 4 MB, 5.00 load
[runlim] sample:		1812.69 time, 1820.01 real, 4 MB, 5.08 load
[runlim] sample:		1822.64 time, 1830.01 real, 4 MB, 5.07 load
[runlim] sample:		1832.60 time, 1840.01 real, 4 MB, 5.06 load
[runlim] sample:		1842.55 time, 1850.01 real, 4 MB, 5.05 load
[runlim] sample:		1852.51 time, 1860.01 real, 4 MB, 5.04 load
[runlim] sample:		1862.47 time, 1870.01 real, 4 MB, 5.03 load
[runlim] sample:		1872.42 time, 1880.01 real, 4 MB, 5.03 load
[runlim] sample:		1882.38 time, 1890.01 real, 4 MB, 5.10 load
[runlim] sample:		1892.34 time, 1900.01 real, 4 MB, 5.09 load
[runlim] sample:		1902.30 time, 1910.01 real, 4 MB, 5.07 load
[runlim] sample:		1912.25 time, 1920.01 real, 4 MB, 5.06 load
[runlim] sample:		1922.21 time, 1930.01 real, 4 MB, 5.05 load
[runlim] sample:		1932.17 time, 1940.01 real, 4 MB, 5.04 load
[runlim] sample:		1942.12 time, 1950.01 real, 4 MB, 5.04 load
[runlim] sample:		1952.08 time, 1960.01 real, 4 MB, 5.03 load
[runlim] sample:		1962.04 time, 1970.01 real, 4 MB, 5.02 load
[runlim] sample:		1971.99 time, 1980.01 real, 4 MB, 5.02 load
[runlim] sample:		1981.95 time, 1990.01 real, 4 MB, 5.02 load
[runlim] sample:		1991.90 time, 2000.01 real, 4 MB, 5.09 load
[runlim] sample:		2001.86 time, 2010.01 real, 4 MB, 5.15 load
[runlim] sample:		2011.81 time, 2020.01 real, 4 MB, 5.13 load
[runlim] sample:		2021.77 time, 2030.01 real, 4 MB, 5.11 load
[runlim] sample:		2031.73 time, 2040.01 real, 4 MB, 5.09 load
[runlim] sample:		2041.68 time, 2050.01 real, 4 MB, 5.08 load
[runlim] sample:		2051.64 time, 2060.01 real, 4 MB, 5.06 load
[runlim] sample:		2061.60 time, 2070.01 real, 4 MB, 5.05 load
[runlim] sample:		2071.55 time, 2080.01 real, 4 MB, 5.05 load
[runlim] sample:		2081.51 time, 2090.01 real, 4 MB, 5.04 load
[runlim] sample:		2091.46 time, 2100.01 real, 4 MB, 5.03 load
[runlim] sample:		2101.42 time, 2110.01 real, 4 MB, 5.03 load
[runlim] sample:		2111.38 time, 2120.01 real, 4 MB, 5.02 load
[runlim] sample:		2121.33 time, 2130.01 real, 4 MB, 5.02 load
[runlim] sample:		2131.29 time, 2140.01 real, 4 MB, 5.02 load
[runlim] sample:		2141.25 time, 2150.01 real, 4 MB, 5.01 load
[runlim] sample:		2151.20 time, 2160.01 real, 4 MB, 5.08 load
[runlim] sample:		2161.16 time, 2170.01 real, 4 MB, 5.07 load
[runlim] sample:		2171.11 time, 2180.01 real, 4 MB, 5.06 load
[runlim] sample:		2181.07 time, 2190.01 real, 4 MB, 5.05 load
[runlim] sample:		2191.03 time, 2200.01 real, 4 MB, 5.04 load
[runlim] sample:		2200.98 time, 2210.01 real, 4 MB, 5.04 load
[runlim] sample:		2210.94 time, 2220.01 real, 4 MB, 5.03 load
[runlim] sample:		2220.89 time, 2230.01 real, 4 MB, 5.02 load
[runlim] sample:		2230.85 time, 2240.01 real, 4 MB, 5.02 load
[runlim] sample:		2240.81 time, 2250.01 real, 4 MB, 5.02 load
[runlim] sample:		2250.76 time, 2260.01 real, 4 MB, 5.01 load
[runlim] sample:		2260.72 time, 2270.01 real, 4 MB, 5.01 load
[runlim] sample:		2270.67 time, 2280.01 real, 4 MB, 5.01 load
[runlim] sample:		2280.63 time, 2290.01 real, 4 MB, 5.08 load
[runlim] sample:		2290.59 time, 2300.01 real, 4 MB, 5.07 load
[runlim] sample:		2300.54 time, 2310.01 real, 4 MB, 5.06 load
[runlim] sample:		2310.50 time, 2320.01 real, 4 MB, 5.13 load
[runlim] sample:		2320.46 time, 2330.01 real, 4 MB, 5.11 load
[runlim] sample:		2330.41 time, 2340.01 real, 4 MB, 5.09 load
[runlim] sample:		2340.37 time, 2350.01 real, 4 MB, 5.08 load
[runlim] sample:		2350.32 time, 2360.01 real, 4 MB, 5.14 load
[runlim] sample:		2360.28 time, 2370.01 real, 4 MB, 5.12 load
[runlim] sample:		2370.24 time, 2380.01 real, 4 MB, 5.10 load
[runlim] sample:		2380.19 time, 2390.01 real, 4 MB, 5.08 load
[runlim] sample:		2390.15 time, 2400.01 real, 4 MB, 5.07 load
[runlim] sample:		2400.10 time, 2410.01 real, 4 MB, 5.06 load
[runlim] sample:		2410.06 time, 2420.01 real, 4 MB, 5.12 load
[runlim] sample:		2420.01 time, 2430.01 real, 4 MB, 5.10 load
[runlim] sample:		2429.97 time, 2440.01 real, 4 MB, 5.09 load
[runlim] sample:		2439.92 time, 2450.01 real, 4 MB, 5.07 load
[runlim] sample:		2449.88 time, 2460.01 real, 4 MB, 5.06 load
[runlim] sample:		2459.83 time, 2470.01 real, 4 MB, 5.05 load
[runlim] sample:		2469.79 time, 2480.01 real, 4 MB, 5.12 load
[runlim] sample:		2479.75 time, 2490.01 real, 4 MB, 5.10 load
[runlim] sample:		2489.70 time, 2500.01 real, 4 MB, 5.08 load
[runlim] sample:		2499.66 time, 2510.01 real, 4 MB, 5.07 load
[runlim] sample:		2509.61 time, 2520.01 real, 4 MB, 5.06 load
[runlim] sample:		2519.57 time, 2530.01 real, 4 MB, 5.05 load
[runlim] sample:		2529.53 time, 2540.01 real, 4 MB, 5.04 load
[runlim] sample:		2539.48 time, 2550.01 real, 4 MB, 5.11 load
[runlim] sample:		2549.44 time, 2560.01 real, 4 MB, 5.09 load
[runlim] sample:		2559.39 time, 2570.01 real, 4 MB, 5.08 load
[runlim] sample:		2569.35 time, 2580.01 real, 4 MB, 5.14 load
[runlim] sample:		2579.30 time, 2590.01 real, 4 MB, 5.12 load
[runlim] sample:		2589.26 time, 2600.01 real, 4 MB, 5.10 load
[runlim] sample:		2599.21 time, 2610.01 real, 4 MB, 5.16 load
[runlim] sample:		2609.17 time, 2620.01 real, 4 MB, 5.21 load
[runlim] sample:		2619.13 time, 2630.01 real, 4 MB, 5.17 load
[runlim] sample:		2629.08 time, 2640.01 real, 4 MB, 5.15 load
[runlim] sample:		2639.04 time, 2650.01 real, 4 MB, 5.20 load
[runlim] sample:		2648.99 time, 2660.01 real, 4 MB, 5.17 load
[runlim] sample:		2658.95 time, 2670.01 real, 4 MB, 5.22 load
[runlim] sample:		2668.91 time, 2680.01 real, 4 MB, 5.18 load
[runlim] sample:		2678.86 time, 2690.01 real, 4 MB, 5.15 load
[runlim] sample:		2688.82 time, 2700.01 real, 4 MB, 5.13 load
[runlim] sample:		2698.77 time, 2710.01 real, 4 MB, 5.11 load
[runlim] sample:		2708.73 time, 2720.01 real, 4 MB, 5.17 load
[runlim] sample:		2718.68 time, 2730.01 real, 4 MB, 5.14 load
[runlim] sample:		2728.64 time, 2740.01 real, 4 MB, 5.12 load
[runlim] sample:		2738.59 time, 2750.01 real, 4 MB, 5.10 load
[runlim] sample:		2748.55 time, 2760.01 real, 4 MB, 5.08 load
[runlim] sample:		2758.51 time, 2770.01 real, 4 MB, 5.07 load
[runlim] sample:		2768.46 time, 2780.01 real, 4 MB, 5.06 load
[runlim] sample:		2778.42 time, 2790.01 real, 4 MB, 5.05 load
[runlim] sample:		2788.37 time, 2800.01 real, 4 MB, 5.04 load
[runlim] sample:		2798.33 time, 2810.01 real, 4 MB, 5.03 load
[runlim] sample:		2808.28 time, 2820.01 real, 4 MB, 5.03 load
[runlim] sample:		2818.24 time, 2830.01 real, 4 MB, 5.02 load
[runlim] sample:		2828.19 time, 2840.01 real, 4 MB, 4.94 load
[runlim] sample:		2838.15 time, 2850.01 real, 4 MB, 4.79 load
[runlim] sample:		2848.11 time, 2860.01 real, 4 MB, 4.67 load
[runlim] sample:		2858.07 time, 2870.01 real, 4 MB, 4.57 load
[runlim] sample:		2868.02 time, 2880.01 real, 4 MB, 4.48 load
[runlim] sample:		2877.98 time, 2890.01 real, 4 MB, 4.41 load
[runlim] sample:		2887.93 time, 2900.01 real, 4 MB, 4.34 load
[runlim] sample:		2897.89 time, 2910.01 real, 4 MB, 4.29 load
[runlim] sample:		2907.85 time, 2920.01 real, 4 MB, 4.39 load
[runlim] sample:		2917.80 time, 2930.01 real, 4 MB, 4.33 load
[runlim] sample:		2927.76 time, 2940.01 real, 4 MB, 4.28 load
[runlim] sample:		2937.72 time, 2950.01 real, 4 MB, 4.24 load
[runlim] sample:		2947.67 time, 2960.01 real, 4 MB, 4.20 load
[runlim] sample:		2957.63 time, 2970.01 real, 4 MB, 4.17 load
[runlim] sample:		2967.58 time, 2980.01 real, 4 MB, 4.22 load
[runlim] sample:		2977.54 time, 2990.01 real, 4 MB, 4.18 load
[runlim] sample:		2987.50 time, 3000.01 real, 4 MB, 4.15 load
[runlim] sample:		2997.45 time, 3010.01 real, 4 MB, 4.13 load
[runlim] sample:		3007.41 time, 3020.01 real, 4 MB, 4.11 load
[runlim] sample:		3017.37 time, 3030.01 real, 4 MB, 4.09 load
[runlim] sample:		3027.32 time, 3040.01 real, 4 MB, 4.08 load
[runlim] sample:		3037.28 time, 3050.01 real, 4 MB, 4.07 load
[runlim] sample:		3047.24 time, 3060.01 real, 4 MB, 4.13 load
[runlim] sample:		3057.19 time, 3070.01 real, 4 MB, 4.11 load
[runlim] sample:		3067.15 time, 3080.01 real, 4 MB, 4.09 load
[runlim] sample:		3077.11 time, 3090.01 real, 4 MB, 4.08 load
[runlim] sample:		3087.07 time, 3100.01 real, 4 MB, 4.14 load
[runlim] sample:		3097.02 time, 3110.01 real, 4 MB, 4.12 load
[runlim] sample:		3106.98 time, 3120.01 real, 4 MB, 4.17 load
[runlim] sample:		3116.94 time, 3130.01 real, 4 MB, 4.15 load
[runlim] sample:		3126.89 time, 3140.01 real, 4 MB, 4.12 load
[runlim] sample:		3136.85 time, 3150.01 real, 4 MB, 4.10 load
[runlim] sample:		3146.81 time, 3160.01 real, 4 MB, 4.09 load
[runlim] sample:		3156.76 time, 3170.01 real, 4 MB, 4.07 load
[runlim] sample:		3166.72 time, 3180.01 real, 4 MB, 4.14 load
[runlim] sample:		3176.68 time, 3190.01 real, 4 MB, 4.11 load
[runlim] sample:		3186.63 time, 3200.01 real, 4 MB, 4.10 load
[runlim] sample:		3196.59 time, 3210.01 real, 4 MB, 4.08 load
[runlim] sample:		3206.55 time, 3220.01 real, 4 MB, 4.07 load
[runlim] sample:		3216.51 time, 3230.01 real, 4 MB, 4.06 load
[runlim] sample:		3226.46 time, 3240.01 real, 4 MB, 4.05 load
[runlim] sample:		3236.42 time, 3250.01 real, 4 MB, 4.04 load
[runlim] sample:		3246.38 time, 3260.01 real, 4 MB, 4.03 load
[runlim] sample:		3256.34 time, 3270.01 real, 4 MB, 4.03 load
[runlim] sample:		3266.29 time, 3280.01 real, 4 MB, 4.02 load
[runlim] sample:		3276.25 time, 3290.01 real, 4 MB, 4.02 load
[runlim] sample:		3286.21 time, 3300.01 real, 4 MB, 4.02 load
[runlim] sample:		3296.17 time, 3310.01 real, 4 MB, 4.01 load
[runlim] sample:		3306.13 time, 3320.01 real, 4 MB, 4.01 load
[runlim] sample:		3316.09 time, 3330.01 real, 4 MB, 4.01 load
[runlim] sample:		3326.04 time, 3340.01 real, 4 MB, 4.01 load
[runlim] sample:		3336.00 time, 3350.01 real, 4 MB, 4.00 load
[runlim] sample:		3345.96 time, 3360.01 real, 4 MB, 4.00 load
[runlim] sample:		3355.92 time, 3370.01 real, 4 MB, 4.00 load
[runlim] sample:		3365.88 time, 3380.01 real, 4 MB, 4.08 load
[runlim] sample:		3375.83 time, 3390.01 real, 4 MB, 4.07 load
[runlim] sample:		3385.79 time, 3400.01 real, 4 MB, 4.06 load
[runlim] sample:		3395.75 time, 3410.01 real, 4 MB, 4.05 load
[runlim] sample:		3405.71 time, 3420.01 real, 4 MB, 4.04 load
[runlim] sample:		3415.66 time, 3430.01 real, 4 MB, 4.03 load
[runlim] sample:		3425.62 time, 3440.01 real, 4 MB, 4.03 load
[runlim] sample:		3435.58 time, 3450.01 real, 4 MB, 4.02 load
[runlim] sample:		3445.53 time, 3460.01 real, 4 MB, 4.09 load
[runlim] sample:		3455.49 time, 3470.01 real, 4 MB, 4.08 load
[runlim] sample:		3465.45 time, 3480.01 real, 4 MB, 4.07 load
[runlim] sample:		3475.41 time, 3490.01 real, 4 MB, 4.06 load
[runlim] sample:		3485.37 time, 3500.01 real, 4 MB, 4.05 load
[runlim] sample:		3495.32 time, 3510.01 real, 4 MB, 4.04 load
[runlim] sample:		3505.28 time, 3520.01 real, 4 MB, 4.11 load
[runlim] sample:		3515.24 time, 3530.01 real, 4 MB, 4.09 load
[runlim] sample:		3525.19 time, 3540.01 real, 4 MB, 4.08 load
[runlim] sample:		3535.15 time, 3550.01 real, 4 MB, 4.28 load
[runlim] sample:		3545.11 time, 3560.01 real, 4 MB, 4.24 load
[runlim] sample:		3555.07 time, 3570.01 real, 4 MB, 4.20 load
[runlim] sample:		3565.03 time, 3580.01 real, 4 MB, 4.25 load
[runlim] sample:		3574.98 time, 3590.01 real, 4 MB, 4.21 load
[runlim] sample:		3584.94 time, 3600.01 real, 4 MB, 4.17 load
[runlim] sample:		3594.90 time, 3610.01 real, 4 MB, 4.15 load
[runlim] sample:		3604.86 time, 3620.01 real, 4 MB, 4.12 load
[runlim] sample:		3614.81 time, 3630.01 real, 4 MB, 4.10 load
[runlim] sample:		3624.77 time, 3640.01 real, 4 MB, 4.40 load
[runlim] sample:		3634.73 time, 3650.01 real, 4 MB, 4.50 load
[runlim] sample:		3644.69 time, 3660.01 real, 4 MB, 4.65 load
[runlim] sample:		3654.64 time, 3670.01 real, 4 MB, 4.70 load
[runlim] sample:		3664.60 time, 3680.01 real, 4 MB, 4.75 load
[runlim] sample:		3674.56 time, 3690.01 real, 4 MB, 4.79 load
[runlim] sample:		3684.52 time, 3700.01 real, 4 MB, 4.82 load
[runlim] sample:		3694.47 time, 3710.01 real, 4 MB, 4.85 load
[runlim] sample:		3704.43 time, 3720.01 real, 4 MB, 4.95 load
[runlim] sample:		3714.39 time, 3730.01 real, 4 MB, 4.95 load
[runlim] sample:		3724.35 time, 3740.01 real, 4 MB, 4.80 load
[runlim] sample:		3734.31 time, 3750.01 real, 4 MB, 4.68 load
[runlim] sample:		3744.26 time, 3760.01 real, 4 MB, 4.57 load
[runlim] sample:		3754.22 time, 3770.01 real, 4 MB, 4.48 load
[runlim] sample:		3764.18 time, 3780.01 real, 4 MB, 4.48 load
[runlim] sample:		3774.14 time, 3790.01 real, 4 MB, 4.41 load
[runlim] sample:		3784.09 time, 3800.01 real, 4 MB, 4.35 load
[runlim] sample:		3794.05 time, 3810.01 real, 4 MB, 4.29 load
[runlim] sample:		3804.01 time, 3820.01 real, 4 MB, 4.25 load
[runlim] sample:		3813.97 time, 3830.01 real, 4 MB, 4.21 load
[runlim] sample:		3823.93 time, 3840.01 real, 4 MB, 4.18 load
[runlim] sample:		3833.88 time, 3850.01 real, 4 MB, 4.15 load
[runlim] sample:		3843.84 time, 3860.01 real, 4 MB, 4.20 load
[runlim] sample:		3853.80 time, 3870.01 real, 4 MB, 4.17 load
[runlim] sample:		3863.76 time, 3880.01 real, 4 MB, 4.14 load
[runlim] sample:		3873.72 time, 3890.01 real, 4 MB, 4.12 load
[runlim] sample:		3883.67 time, 3900.01 real, 4 MB, 4.10 load
[runlim] sample:		3893.63 time, 3910.01 real, 4 MB, 4.08 load
[runlim] sample:		3903.59 time, 3920.01 real, 4 MB, 4.15 load
[runlim] sample:		3913.55 time, 3930.01 real, 4 MB, 4.12 load
[runlim] sample:		3923.51 time, 3940.01 real, 4 MB, 4.10 load
[runlim] sample:		3933.47 time, 3950.01 real, 4 MB, 4.09 load
[runlim] sample:		3943.42 time, 3960.01 real, 4 MB, 4.07 load
[runlim] sample:		3953.38 time, 3970.01 real, 4 MB, 4.06 load
[runlim] sample:		3963.34 time, 3980.01 real, 4 MB, 4.13 load
[runlim] sample:		3973.30 time, 3990.01 real, 4 MB, 4.11 load
[runlim] sample:		3983.26 time, 4000.01 real, 4 MB, 4.09 load
[runlim] sample:		3993.22 time, 4010.01 real, 4 MB, 4.08 load
[runlim] sample:		4003.18 time, 4020.01 real, 4 MB, 4.06 load
[runlim] sample:		4013.14 time, 4030.01 real, 4 MB, 4.05 load
[runlim] sample:		4023.09 time, 4040.01 real, 4 MB, 4.04 load
[runlim] sample:		4033.05 time, 4050.01 real, 4 MB, 4.04 load
[runlim] sample:		4043.01 time, 4060.01 real, 4 MB, 4.10 load
[runlim] sample:		4052.97 time, 4070.01 real, 4 MB, 4.09 load
[runlim] sample:		4062.93 time, 4080.01 real, 4 MB, 4.07 load
[runlim] sample:		4072.88 time, 4090.01 real, 4 MB, 4.06 load
[runlim] sample:		4082.84 time, 4100.01 real, 4 MB, 4.05 load
[runlim] sample:		4092.80 time, 4110.01 real, 4 MB, 4.04 load
[runlim] sample:		4102.76 time, 4120.01 real, 4 MB, 4.11 load
[runlim] sample:		4112.71 time, 4130.01 real, 4 MB, 4.09 load
[runlim] sample:		4122.67 time, 4140.01 real, 4 MB, 4.08 load
[runlim] sample:		4132.62 time, 4150.01 real, 4 MB, 4.15 load
[runlim] sample:		4142.58 time, 4160.01 real, 4 MB, 4.20 load
[runlim] sample:		4152.54 time, 4170.01 real, 4 MB, 4.25 load
[runlim] sample:		4162.49 time, 4180.01 real, 4 MB, 4.37 load
[runlim] sample:		4172.45 time, 4190.01 real, 4 MB, 4.31 load
[runlim] sample:		4182.40 time, 4200.01 real, 4 MB, 4.26 load
[runlim] sample:		4192.36 time, 4210.01 real, 4 MB, 4.22 load
[runlim] sample:		4202.32 time, 4220.01 real, 4 MB, 4.19 load
[runlim] sample:		4212.28 time, 4230.01 real, 4 MB, 4.16 load
[runlim] sample:		4222.23 time, 4240.01 real, 4 MB, 4.21 load
[runlim] sample:		4232.19 time, 4250.01 real, 4 MB, 4.17 load
[runlim] sample:		4242.15 time, 4260.01 real, 4 MB, 4.22 load
[runlim] sample:		4252.10 time, 4270.01 real, 4 MB, 4.19 load
[runlim] sample:		4262.06 time, 4280.01 real, 4 MB, 4.16 load
[runlim] sample:		4272.02 time, 4290.01 real, 4 MB, 4.13 load
[runlim] sample:		4281.98 time, 4300.01 real, 4 MB, 4.11 load
[runlim] sample:		4291.93 time, 4310.01 real, 4 MB, 4.09 load
[runlim] sample:		4301.89 time, 4320.01 real, 4 MB, 4.15 load
[runlim] sample:		4311.85 time, 4330.01 real, 4 MB, 4.13 load
[runlim] sample:		4321.81 time, 4340.01 real, 4 MB, 4.11 load
[runlim] sample:		4331.76 time, 4350.01 real, 4 MB, 4.09 load
[runlim] sample:		4341.72 time, 4360.01 real, 4 MB, 4.08 load
[runlim] sample:		4351.68 time, 4370.01 real, 4 MB, 4.06 load
[runlim] sample:		4361.64 time, 4380.01 real, 4 MB, 4.13 load
[runlim] sample:		4371.59 time, 4390.01 real, 4 MB, 4.11 load
[runlim] sample:		4381.55 time, 4400.01 real, 4 MB, 4.09 load
[runlim] sample:		4391.51 time, 4410.01 real, 4 MB, 4.08 load
[runlim] sample:		4401.47 time, 4420.01 real, 4 MB, 4.06 load
[runlim] sample:		4411.43 time, 4430.01 real, 4 MB, 4.05 load
[runlim] sample:		4421.39 time, 4440.01 real, 4 MB, 4.05 load
[runlim] sample:		4431.35 time, 4450.01 real, 4 MB, 4.04 load
[runlim] sample:		4441.30 time, 4460.01 real, 4 MB, 4.11 load
[runlim] sample:		4451.26 time, 4470.01 real, 4 MB, 4.09 load
[runlim] sample:		4461.22 time, 4480.01 real, 4 MB, 4.08 load
[runlim] sample:		4471.18 time, 4490.01 real, 4 MB, 4.06 load
[runlim] sample:		4481.14 time, 4500.01 real, 4 MB, 4.05 load
[runlim] sample:		4491.09 time, 4510.01 real, 4 MB, 4.04 load
[runlim] sample:		4501.05 time, 4520.01 real, 4 MB, 4.11 load
[runlim] sample:		4511.01 time, 4530.01 real, 4 MB, 4.09 load
[runlim] sample:		4520.97 time, 4540.01 real, 4 MB, 4.08 load
[runlim] sample:		4530.93 time, 4550.01 real, 4 MB, 4.07 load
[runlim] sample:		4540.88 time, 4560.01 real, 4 MB, 4.06 load
[runlim] sample:		4550.84 time, 4570.01 real, 4 MB, 4.05 load
[runlim] sample:		4560.80 time, 4580.01 real, 4 MB, 4.11 load
[runlim] sample:		4570.76 time, 4590.01 real, 4 MB, 4.10 load
[runlim] sample:		4580.71 time, 4600.01 real, 4 MB, 4.08 load
[runlim] sample:		4590.67 time, 4610.01 real, 4 MB, 4.07 load
[runlim] sample:		4600.63 time, 4620.01 real, 4 MB, 4.06 load
[runlim] sample:		4610.59 time, 4630.01 real, 4 MB, 4.05 load
[runlim] sample:		4620.55 time, 4640.01 real, 4 MB, 4.04 load
[runlim] sample:		4630.50 time, 4650.01 real, 4 MB, 4.11 load
[runlim] sample:		4640.46 time, 4660.01 real, 4 MB, 4.09 load
[runlim] sample:		4650.42 time, 4670.01 real, 4 MB, 4.08 load
[runlim] sample:		4660.38 time, 4680.01 real, 4 MB, 4.06 load
[runlim] sample:		4670.33 time, 4690.01 real, 4 MB, 4.05 load
[runlim] sample:		4680.29 time, 4700.01 real, 4 MB, 4.04 load
[runlim] sample:		4690.25 time, 4710.01 real, 4 MB, 4.11 load
[runlim] sample:		4700.21 time, 4720.01 real, 4 MB, 4.09 load
[runlim] sample:		4710.16 time, 4730.01 real, 4 MB, 4.08 load
[runlim] sample:		4720.12 time, 4740.01 real, 4 MB, 4.07 load
[runlim] sample:		4730.08 time, 4750.01 real, 4 MB, 4.06 load
[runlim] sample:		4740.04 time, 4760.01 real, 4 MB, 4.05 load
[runlim] sample:		4750.00 time, 4770.01 real, 4 MB, 4.11 load
[runlim] sample:		4759.95 time, 4780.01 real, 4 MB, 4.10 load
[runlim] sample:		4769.91 time, 4790.01 real, 4 MB, 4.08 load
[runlim] sample:		4779.87 time, 4800.01 real, 4 MB, 4.07 load
[runlim] sample:		4789.83 time, 4810.01 real, 4 MB, 4.06 load
[runlim] sample:		4799.79 time, 4820.01 real, 4 MB, 4.05 load
[runlim] sample:		4809.74 time, 4830.01 real, 4 MB, 4.11 load
[runlim] sample:		4819.70 time, 4840.01 real, 4 MB, 4.10 load
[runlim] sample:		4829.66 time, 4850.01 real, 4 MB, 4.08 load
[runlim] sample:		4839.62 time, 4860.01 real, 4 MB, 4.07 load
[runlim] sample:		4849.57 time, 4870.01 real, 4 MB, 4.06 load
[runlim] sample:		4859.53 time, 4880.01 real, 4 MB, 4.05 load
[runlim] sample:		4869.49 time, 4890.01 real, 4 MB, 4.11 load
[runlim] sample:		4879.45 time, 4900.01 real, 4 MB, 4.10 load
[runlim] sample:		4889.40 time, 4910.01 real, 4 MB, 4.08 load
[runlim] sample:		4899.36 time, 4920.01 real, 4 MB, 4.07 load
[runlim] sample:		4909.32 time, 4930.01 real, 4 MB, 4.06 load
[runlim] sample:		4919.28 time, 4940.01 real, 4 MB, 4.05 load
[runlim] sample:		4929.23 time, 4950.01 real, 4 MB, 4.20 load
[runlim] sample:		4939.19 time, 4960.01 real, 4 MB, 4.39 load
[runlim] sample:		4949.15 time, 4970.01 real, 4 MB, 4.33 load
[runlim] sample:		4959.11 time, 4980.01 real, 4 MB, 4.20 load
[runlim] sample:		4969.07 time, 4990.01 real, 4 MB, 3.93 load
[runlim] sample:		4979.03 time, 5000.01 real, 4 MB, 3.64 load
[runlim] end:			Sat Mar 14 15:46:24 2026
[runlim] status:		out of time
[runlim] result:		2
[runlim] children:		1
[runlim] processes:		2
[runlim] real:			5000.05 seconds
[runlim] time:			4979.03 seconds
[runlim] space:			4 MB
[runlim] load:			8.30 maximum
[runlim] samples:		50000
