[runlim] version:		2.0.0rc1
[runlim] host:			p09n05
[runlim] time limit:		311040000 seconds
[runlim] real time limit:	5000 seconds
[runlim] space limit:		7000 MB
[runlim] argv[0]:		./binary
[runlim] argv[1]:		-c
[runlim] argv[2]:		-f
[runlim] argv[3]:		-r
[runlim] argv[4]:		/tmp/local-unzipped-12158335-6-367-BMS_k3_n100_m429_484.cnf
[runlim] start:			Sat Mar 14 14:23:13 2026
[runlim] child:			3577152
[runlim] sample:		9.96 time, 10.01 real, 3 MB, 5.54 load
[runlim] sample:		19.91 time, 20.01 real, 3 MB, 6.46 load
[runlim] sample:		29.86 time, 30.01 real, 3 MB, 7.52 load
[runlim] sample:		39.82 time, 40.01 real, 3 MB, 8.05 load
[runlim] sample:		49.77 time, 50.01 real, 3 MB, 8.43 load
[runlim] sample:		59.73 time, 60.01 real, 3 MB, 8.67 load
[runlim] sample:		69.68 time, 70.01 real, 3 MB, 8.87 load
[runlim] sample:		79.64 time, 80.01 real, 3 MB, 9.12 load
[runlim] sample:		89.60 time, 90.01 real, 3 MB, 9.26 load
[runlim] sample:		99.55 time, 100.01 real, 3 MB, 9.37 load
[runlim] sample:		109.51 time, 110.01 real, 3 MB, 9.54 load
[runlim] sample:		119.47 time, 120.01 real, 3 MB, 9.69 load
[runlim] sample:		129.42 time, 130.01 real, 4 MB, 9.66 load
[runlim] sample:		139.38 time, 140.01 real, 4 MB, 9.55 load
[runlim] sample:		149.33 time, 150.01 real, 4 MB, 9.31 load
[runlim] sample:		159.29 time, 160.01 real, 4 MB, 9.19 load
[runlim] end:			Sat Mar 14 14:26:02 2026
[runlim] status:		ok
[runlim] result:		0
[runlim] children:		1
[runlim] processes:		2
[runlim] real:			169.10 seconds
[runlim] time:			168.24 seconds
[runlim] space:			4 MB
[runlim] load:			9.71 maximum
[runlim] samples:		1690
