[runlim] version:		2.0.0rc1
[runlim] host:			p01n09
[runlim] time limit:		311040000 seconds
[runlim] real time limit:	5000 seconds
[runlim] space limit:		7000 MB
[runlim] argv[0]:		./binary
[runlim] argv[1]:		-c
[runlim] argv[2]:		/tmp/local-unzipped-12181314-3-144-BMS_k3_n100_m429_290.cnf
[runlim] start:			Mon Mar 16 16:24:26 2026
[runlim] child:			1152136
[runlim] end:			Mon Mar 16 16:24:29 2026
[runlim] status:		ok
[runlim] result:		0
[runlim] children:		1
[runlim] processes:		2
[runlim] real:			3.34 seconds
[runlim] time:			3.29 seconds
[runlim] space:			3 MB
[runlim] load:			0.25 maximum
[runlim] samples:		33
