[runlim] version:		2.0.0rc1
[runlim] host:			p05n13
[runlim] time limit:		311040000 seconds
[runlim] real time limit:	5000 seconds
[runlim] space limit:		7000 MB
[runlim] argv[0]:		./binary
[runlim] argv[1]:		-c
[runlim] argv[2]:		/tmp/local-unzipped-12181314-6-341-BMS_k3_n100_m429_27.cnf
[runlim] start:			Mon Mar 16 16:32:02 2026
[runlim] child:			3225602
[runlim] end:			Mon Mar 16 16:32:11 2026
[runlim] status:		ok
[runlim] result:		0
[runlim] children:		1
[runlim] processes:		2
[runlim] real:			8.69 seconds
[runlim] time:			8.57 seconds
[runlim] space:			4 MB
[runlim] load:			13.47 maximum
[runlim] samples:		86
