[runlim] version:		2.0.0rc1
[runlim] host:			p06n12
[runlim] time limit:		311040000 seconds
[runlim] real time limit:	5000 seconds
[runlim] space limit:		7000 MB
[runlim] argv[0]:		./binary
[runlim] argv[1]:		-c
[runlim] argv[2]:		/tmp/local-unzipped-12181314-4-237-BMS_k3_n100_m429_119.cnf
[runlim] start:			Mon Mar 16 16:27:23 2026
[runlim] child:			2814489
[runlim] sample:		9.96 time, 10.01 real, 3 MB, 3.97 load
[runlim] sample:		19.92 time, 20.01 real, 3 MB, 4.27 load
[runlim] sample:		29.89 time, 30.01 real, 3 MB, 4.23 load
[runlim] sample:		39.85 time, 40.01 real, 3 MB, 4.04 load
[runlim] sample:		49.81 time, 50.01 real, 4 MB, 3.88 load
[runlim] sample:		59.77 time, 60.01 real, 4 MB, 3.75 load
[runlim] sample:		69.73 time, 70.01 real, 4 MB, 3.63 load
[runlim] end:			Mon Mar 16 16:28:42 2026
[runlim] status:		ok
[runlim] result:		0
[runlim] children:		1
[runlim] processes:		2
[runlim] real:			79.78 seconds
[runlim] time:			79.40 seconds
[runlim] space:			4 MB
[runlim] load:			4.27 maximum
[runlim] samples:		797
