[runlim] version:		2.0.0rc1
[runlim] host:			p07n19
[runlim] time limit:		311040000 seconds
[runlim] real time limit:	5000 seconds
[runlim] space limit:		7000 MB
[runlim] argv[0]:		./binary
[runlim] argv[1]:		-c
[runlim] argv[2]:		-f
[runlim] argv[3]:		/tmp/local-unzipped-12181322-4-237-BMS_k3_n100_m429_119.cnf
[runlim] start:			Mon Mar 16 16:32:26 2026
[runlim] child:			553990
[runlim] sample:		9.96 time, 10.01 real, 4 MB, 7.60 load
[runlim] sample:		19.91 time, 20.01 real, 4 MB, 7.97 load
[runlim] sample:		29.88 time, 30.01 real, 4 MB, 7.74 load
[runlim] sample:		39.84 time, 40.01 real, 4 MB, 7.16 load
[runlim] sample:		49.81 time, 50.01 real, 4 MB, 6.75 load
[runlim] sample:		59.77 time, 60.01 real, 4 MB, 6.25 load
[runlim] sample:		69.74 time, 70.01 real, 4 MB, 5.91 load
[runlim] sample:		79.70 time, 80.01 real, 4 MB, 5.46 load
[runlim] sample:		89.67 time, 90.01 real, 4 MB, 5.08 load
[runlim] end:			Mon Mar 16 16:34:06 2026
[runlim] status:		ok
[runlim] result:		0
[runlim] children:		1
[runlim] processes:		2
[runlim] real:			99.49 seconds
[runlim] time:			99.04 seconds
[runlim] space:			5 MB
[runlim] load:			7.97 maximum
[runlim] samples:		994
