[runlim] version:		2.0.0rc1
[runlim] host:			p03n07
[runlim] time limit:		311040000 seconds
[runlim] real time limit:	5000 seconds
[runlim] space limit:		7000 MB
[runlim] argv[0]:		./binary
[runlim] argv[1]:		-c
[runlim] argv[2]:		-f
[runlim] argv[3]:		/tmp/local-unzipped-12181322-8-486-BMS_k3_n100_m429_479.cnf
[runlim] start:			Mon Mar 16 16:34:56 2026
[runlim] child:			4009838
[runlim] sample:		9.97 time, 10.01 real, 5 MB, 10.57 load
[runlim] sample:		19.92 time, 20.01 real, 5 MB, 9.86 load
[runlim] sample:		29.88 time, 30.01 real, 5 MB, 9.11 load
[runlim] sample:		39.84 time, 40.01 real, 5 MB, 8.56 load
[runlim] sample:		49.80 time, 50.01 real, 5 MB, 8.01 load
[runlim] sample:		59.76 time, 60.01 real, 5 MB, 7.55 load
[runlim] sample:		69.71 time, 70.01 real, 5 MB, 7.15 load
[runlim] sample:		79.67 time, 80.01 real, 5 MB, 6.74 load
[runlim] sample:		89.63 time, 90.01 real, 5 MB, 6.32 load
[runlim] sample:		99.59 time, 100.01 real, 5 MB, 5.96 load
[runlim] sample:		109.55 time, 110.01 real, 5 MB, 5.58 load
[runlim] sample:		119.51 time, 120.01 real, 5 MB, 5.26 load
[runlim] sample:		129.48 time, 130.01 real, 5 MB, 4.91 load
[runlim] sample:		139.44 time, 140.01 real, 5 MB, 4.46 load
[runlim] sample:		149.41 time, 150.01 real, 5 MB, 4.08 load
[runlim] sample:		159.37 time, 160.01 real, 5 MB, 3.84 load
[runlim] sample:		169.34 time, 170.01 real, 5 MB, 3.56 load
[runlim] sample:		179.30 time, 180.01 real, 5 MB, 3.39 load
[runlim] sample:		189.27 time, 190.01 real, 5 MB, 3.18 load
[runlim] sample:		199.23 time, 200.01 real, 5 MB, 3.00 load
[runlim] sample:		209.20 time, 210.01 real, 5 MB, 2.84 load
[runlim] sample:		219.16 time, 220.01 real, 5 MB, 2.71 load
[runlim] sample:		229.13 time, 230.01 real, 5 MB, 2.60 load
[runlim] sample:		239.09 time, 240.01 real, 5 MB, 2.58 load
[runlim] sample:		249.06 time, 250.01 real, 5 MB, 2.49 load
[runlim] sample:		259.02 time, 260.01 real, 5 MB, 2.42 load
[runlim] sample:		268.99 time, 270.01 real, 5 MB, 2.35 load
[runlim] sample:		278.96 time, 280.01 real, 5 MB, 2.30 load
[runlim] sample:		288.92 time, 290.01 real, 5 MB, 2.25 load
[runlim] sample:		298.89 time, 300.01 real, 5 MB, 2.21 load
[runlim] sample:		308.85 time, 310.01 real, 5 MB, 2.18 load
[runlim] sample:		318.82 time, 320.01 real, 5 MB, 2.23 load
[runlim] sample:		328.79 time, 330.01 real, 5 MB, 2.19 load
[runlim] sample:		338.75 time, 340.01 real, 5 MB, 2.16 load
[runlim] sample:		348.72 time, 350.01 real, 5 MB, 2.14 load
[runlim] sample:		358.69 time, 360.01 real, 5 MB, 2.11 load
[runlim] sample:		368.65 time, 370.01 real, 5 MB, 2.10 load
[runlim] sample:		378.62 time, 380.01 real, 5 MB, 2.15 load
[runlim] sample:		388.59 time, 390.01 real, 5 MB, 2.13 load
[runlim] sample:		398.55 time, 400.01 real, 5 MB, 2.11 load
[runlim] sample:		408.52 time, 410.01 real, 5 MB, 2.09 load
[runlim] sample:		418.49 time, 420.01 real, 5 MB, 2.08 load
[runlim] sample:		428.45 time, 430.01 real, 5 MB, 2.22 load
[runlim] sample:		438.42 time, 440.01 real, 5 MB, 2.26 load
[runlim] sample:		448.39 time, 450.01 real, 5 MB, 2.22 load
[runlim] sample:		458.35 time, 460.01 real, 5 MB, 2.18 load
[runlim] sample:		468.32 time, 470.01 real, 5 MB, 2.16 load
[runlim] sample:		478.29 time, 480.01 real, 5 MB, 2.13 load
[runlim] sample:		488.26 time, 490.01 real, 5 MB, 2.11 load
[runlim] sample:		498.23 time, 500.01 real, 5 MB, 2.09 load
[runlim] sample:		508.19 time, 510.01 real, 5 MB, 2.08 load
[runlim] sample:		518.16 time, 520.01 real, 5 MB, 2.14 load
[runlim] sample:		528.13 time, 530.01 real, 5 MB, 2.12 load
[runlim] sample:		538.09 time, 540.01 real, 5 MB, 2.10 load
[runlim] sample:		548.06 time, 550.01 real, 5 MB, 2.08 load
[runlim] sample:		558.03 time, 560.01 real, 5 MB, 2.07 load
[runlim] end:			Mon Mar 16 16:44:23 2026
[runlim] status:		ok
[runlim] result:		0
[runlim] children:		1
[runlim] processes:		2
[runlim] real:			567.09 seconds
[runlim] time:			565.01 seconds
[runlim] space:			5 MB
[runlim] load:			11.40 maximum
[runlim] samples:		5670
