[runlim] version:		2.0.0rc1
[runlim] host:			p09n02
[runlim] time limit:		311040000 seconds
[runlim] real time limit:	5000 seconds
[runlim] space limit:		7000 MB
[runlim] argv[0]:		./binary
[runlim] argv[1]:		-c
[runlim] argv[2]:		-f
[runlim] argv[3]:		/tmp/local-unzipped-12181322-6-321-BMS_k3_n100_m429_58.cnf
[runlim] start:			Mon Mar 16 16:31:42 2026
[runlim] child:			2694096
[runlim] sample:		9.94 time, 10.01 real, 4 MB, 9.20 load
[runlim] end:			Mon Mar 16 16:31:58 2026
[runlim] status:		ok
[runlim] result:		0
[runlim] children:		1
[runlim] processes:		2
[runlim] real:			16.17 seconds
[runlim] time:			16.01 seconds
[runlim] space:			4 MB
[runlim] load:			10.41 maximum
[runlim] samples:		161
