[runlim] version:		2.0.0rc1
[runlim] host:			p06n21
[runlim] time limit:		311040000 seconds
[runlim] real time limit:	5000 seconds
[runlim] space limit:		7000 MB
[runlim] argv[0]:		./binary
[runlim] argv[1]:		-c
[runlim] argv[2]:		-f
[runlim] argv[3]:		/tmp/local-unzipped-12181322-2-73-BMS_k3_n100_m429_386.cnf
[runlim] start:			Mon Mar 16 16:31:50 2026
[runlim] child:			2826045
[runlim] sample:		9.96 time, 10.01 real, 4 MB, 8.91 load
[runlim] sample:		19.92 time, 20.01 real, 4 MB, 8.69 load
[runlim] sample:		29.89 time, 30.01 real, 4 MB, 8.42 load
[runlim] sample:		39.85 time, 40.01 real, 4 MB, 7.97 load
[runlim] sample:		49.81 time, 50.01 real, 4 MB, 7.83 load
[runlim] sample:		59.77 time, 60.01 real, 4 MB, 7.94 load
[runlim] sample:		69.73 time, 70.01 real, 4 MB, 7.87 load
[runlim] sample:		79.69 time, 80.01 real, 4 MB, 7.73 load
[runlim] sample:		89.65 time, 90.01 real, 4 MB, 7.62 load
[runlim] sample:		99.61 time, 100.01 real, 4 MB, 7.52 load
[runlim] sample:		109.57 time, 110.01 real, 4 MB, 7.36 load
[runlim] sample:		119.52 time, 120.01 real, 4 MB, 7.15 load
[runlim] sample:		129.48 time, 130.01 real, 4 MB, 6.98 load
[runlim] sample:		139.43 time, 140.01 real, 4 MB, 6.83 load
[runlim] sample:		149.39 time, 150.01 real, 4 MB, 6.70 load
[runlim] sample:		159.34 time, 160.01 real, 4 MB, 6.59 load
[runlim] sample:		169.30 time, 170.01 real, 4 MB, 6.50 load
[runlim] sample:		179.25 time, 180.01 real, 4 MB, 6.27 load
[runlim] sample:		189.21 time, 190.01 real, 4 MB, 6.07 load
[runlim] sample:		199.16 time, 200.01 real, 4 MB, 5.91 load
[runlim] sample:		209.11 time, 210.01 real, 4 MB, 5.77 load
[runlim] sample:		219.07 time, 220.01 real, 4 MB, 5.50 load
[runlim] sample:		229.03 time, 230.01 real, 4 MB, 5.27 load
[runlim] sample:		238.98 time, 240.01 real, 4 MB, 5.07 load
[runlim] sample:		248.94 time, 250.01 real, 4 MB, 4.91 load
[runlim] sample:		258.90 time, 260.01 real, 4 MB, 4.77 load
[runlim] sample:		268.86 time, 270.01 real, 4 MB, 4.65 load
[runlim] sample:		278.81 time, 280.01 real, 4 MB, 4.55 load
[runlim] sample:		288.78 time, 290.01 real, 4 MB, 4.31 load
[runlim] sample:		298.74 time, 300.01 real, 4 MB, 4.11 load
[runlim] sample:		308.69 time, 310.01 real, 4 MB, 4.01 load
[runlim] sample:		318.66 time, 320.01 real, 4 MB, 3.85 load
[runlim] sample:		328.62 time, 330.01 real, 4 MB, 3.72 load
[runlim] sample:		338.58 time, 340.01 real, 4 MB, 3.61 load
[runlim] sample:		348.54 time, 350.01 real, 4 MB, 3.52 load
[runlim] sample:		358.50 time, 360.01 real, 4 MB, 3.44 load
[runlim] sample:		368.46 time, 370.01 real, 4 MB, 3.37 load
[runlim] sample:		378.42 time, 380.01 real, 4 MB, 3.31 load
[runlim] sample:		388.38 time, 390.01 real, 4 MB, 3.26 load
[runlim] sample:		398.34 time, 400.01 real, 4 MB, 3.22 load
[runlim] sample:		408.30 time, 410.01 real, 4 MB, 3.19 load
[runlim] end:			Mon Mar 16 16:38:50 2026
[runlim] status:		ok
[runlim] result:		0
[runlim] children:		1
[runlim] processes:		2
[runlim] real:			419.98 seconds
[runlim] time:			418.16 seconds
[runlim] space:			4 MB
[runlim] load:			9.52 maximum
[runlim] samples:		4199
