[runlim] version:		2.0.0rc1
[runlim] host:			m06n05
[runlim] time limit:		311040000 seconds
[runlim] real time limit:	5000 seconds
[runlim] space limit:		7000 MB
[runlim] argv[0]:		./binary
[runlim] argv[1]:		-c
[runlim] argv[2]:		-s
[runlim] argv[3]:		/tmp/local-unzipped-12273029-5-285-BMS_k3_n100_m429_308.cnf
[runlim] start:			Wed Mar 25 00:25:14 2026
[runlim] child:			3099048
[runlim] sample:		9.97 time, 10.01 real, 3 MB, 6.68 load
[runlim] sample:		19.93 time, 20.01 real, 3 MB, 5.96 load
[runlim] sample:		29.90 time, 30.01 real, 3 MB, 5.43 load
[runlim] sample:		39.86 time, 40.01 real, 3 MB, 5.14 load
[runlim] sample:		49.83 time, 50.01 real, 3 MB, 4.88 load
[runlim] sample:		59.80 time, 60.01 real, 3 MB, 4.59 load
[runlim] sample:		69.76 time, 70.01 real, 3 MB, 4.35 load
[runlim] sample:		79.73 time, 80.01 real, 4 MB, 4.14 load
[runlim] sample:		89.70 time, 90.01 real, 4 MB, 3.96 load
[runlim] sample:		99.66 time, 100.01 real, 4 MB, 3.89 load
[runlim] sample:		109.63 time, 110.01 real, 4 MB, 3.75 load
[runlim] sample:		119.60 time, 120.01 real, 4 MB, 3.72 load
[runlim] sample:		129.56 time, 130.01 real, 4 MB, 3.69 load
[runlim] sample:		139.53 time, 140.01 real, 4 MB, 3.58 load
[runlim] sample:		149.50 time, 150.01 real, 4 MB, 3.49 load
[runlim] sample:		159.47 time, 160.01 real, 4 MB, 3.41 load
[runlim] sample:		169.43 time, 170.01 real, 4 MB, 3.43 load
[runlim] sample:		179.40 time, 180.01 real, 4 MB, 3.36 load
[runlim] sample:		189.36 time, 190.01 real, 4 MB, 3.39 load
[runlim] sample:		199.33 time, 200.01 real, 4 MB, 3.33 load
[runlim] sample:		209.30 time, 210.01 real, 4 MB, 3.28 load
[runlim] end:			Wed Mar 25 00:28:44 2026
[runlim] status:		ok
[runlim] result:		0
[runlim] children:		1
[runlim] processes:		2
[runlim] real:			210.17 seconds
[runlim] time:			209.40 seconds
[runlim] space:			4 MB
[runlim] load:			7.53 maximum
[runlim] samples:		2101
