[runlim] version:		2.0.0rc1
[runlim] host:			m04n16
[runlim] time limit:		311040000 seconds
[runlim] real time limit:	5000 seconds
[runlim] space limit:		7000 MB
[runlim] argv[0]:		./binary
[runlim] argv[1]:		-c
[runlim] argv[2]:		-s
[runlim] argv[3]:		/tmp/local-unzipped-12273029-2-65-BMS_k3_n100_m429_79.cnf
[runlim] start:			Wed Mar 25 00:19:53 2026
[runlim] child:			1513764
[runlim] end:			Wed Mar 25 00:19:54 2026
[runlim] status:		ok
[runlim] result:		0
[runlim] children:		1
[runlim] processes:		2
[runlim] real:			0.78 seconds
[runlim] time:			0.67 seconds
[runlim] space:			4 MB
[runlim] load:			7.94 maximum
[runlim] samples:		7
