[runlim] version:		2.0.0rc1
[runlim] host:			p09n05
[runlim] time limit:		311040000 seconds
[runlim] real time limit:	5000 seconds
[runlim] space limit:		7000 MB
[runlim] argv[0]:		./binary
[runlim] argv[1]:		-c
[runlim] argv[2]:		-s
[runlim] argv[3]:		/tmp/local-unzipped-12181354-8-481-BMS_k3_n100_m429_343.cnf
[runlim] start:			Mon Mar 16 17:37:52 2026
[runlim] child:			1494938
[runlim] sample:		9.97 time, 10.01 real, 3 MB, 2.45 load
[runlim] sample:		19.93 time, 20.01 real, 3 MB, 3.15 load
[runlim] sample:		29.90 time, 30.01 real, 3 MB, 3.66 load
[runlim] sample:		39.86 time, 40.01 real, 3 MB, 4.02 load
[runlim] sample:		49.83 time, 50.01 real, 3 MB, 4.40 load
[runlim] sample:		59.79 time, 60.01 real, 3 MB, 4.65 load
[runlim] sample:		69.76 time, 70.01 real, 3 MB, 4.78 load
[runlim] sample:		79.73 time, 80.01 real, 3 MB, 4.81 load
[runlim] sample:		89.69 time, 90.01 real, 3 MB, 4.69 load
[runlim] sample:		99.65 time, 100.01 real, 3 MB, 4.58 load
[runlim] sample:		109.61 time, 110.01 real, 3 MB, 4.56 load
[runlim] sample:		119.57 time, 120.01 real, 4 MB, 4.40 load
[runlim] sample:		129.53 time, 130.01 real, 4 MB, 4.18 load
[runlim] sample:		139.49 time, 140.01 real, 4 MB, 4.00 load
[runlim] sample:		149.45 time, 150.01 real, 4 MB, 3.85 load
[runlim] sample:		159.41 time, 160.01 real, 4 MB, 3.71 load
[runlim] sample:		169.37 time, 170.01 real, 4 MB, 3.68 load
[runlim] sample:		179.33 time, 180.01 real, 4 MB, 3.57 load
[runlim] sample:		189.29 time, 190.01 real, 4 MB, 3.48 load
[runlim] sample:		199.25 time, 200.01 real, 4 MB, 3.41 load
[runlim] sample:		209.22 time, 210.01 real, 4 MB, 3.35 load
[runlim] sample:		219.18 time, 220.01 real, 4 MB, 3.29 load
[runlim] sample:		229.14 time, 230.01 real, 4 MB, 3.09 load
[runlim] sample:		239.10 time, 240.01 real, 4 MB, 2.93 load
[runlim] sample:		249.06 time, 250.01 real, 4 MB, 2.78 load
[runlim] sample:		259.02 time, 260.01 real, 4 MB, 2.66 load
[runlim] sample:		268.98 time, 270.01 real, 4 MB, 2.56 load
[runlim] sample:		278.94 time, 280.01 real, 4 MB, 2.47 load
[runlim] sample:		288.91 time, 290.01 real, 4 MB, 2.40 load
[runlim] sample:		298.87 time, 300.01 real, 4 MB, 2.34 load
[runlim] sample:		308.83 time, 310.01 real, 4 MB, 2.36 load
[runlim] sample:		318.79 time, 320.01 real, 4 MB, 2.30 load
[runlim] sample:		328.75 time, 330.01 real, 4 MB, 2.26 load
[runlim] sample:		338.71 time, 340.01 real, 4 MB, 2.22 load
[runlim] sample:		348.67 time, 350.01 real, 4 MB, 2.18 load
[runlim] sample:		358.64 time, 360.01 real, 4 MB, 2.15 load
[runlim] sample:		368.60 time, 370.01 real, 4 MB, 2.20 load
[runlim] sample:		378.56 time, 380.01 real, 4 MB, 2.17 load
[runlim] sample:		388.52 time, 390.01 real, 4 MB, 2.15 load
[runlim] sample:		398.48 time, 400.01 real, 4 MB, 2.12 load
[runlim] sample:		408.44 time, 410.01 real, 4 MB, 2.10 load
[runlim] sample:		418.40 time, 420.01 real, 4 MB, 2.09 load
[runlim] sample:		428.37 time, 430.01 real, 4 MB, 2.15 load
[runlim] sample:		438.33 time, 440.01 real, 4 MB, 2.12 load
[runlim] sample:		448.29 time, 450.01 real, 4 MB, 2.10 load
[runlim] end:			Mon Mar 16 17:45:32 2026
[runlim] status:		ok
[runlim] result:		0
[runlim] children:		1
[runlim] processes:		2
[runlim] real:			459.98 seconds
[runlim] time:			458.15 seconds
[runlim] space:			4 MB
[runlim] load:			4.81 maximum
[runlim] samples:		4599
