[runlim] version:		2.0.0rc1
[runlim] host:			p01n09
[runlim] time limit:		311040000 seconds
[runlim] real time limit:	5000 seconds
[runlim] space limit:		7000 MB
[runlim] argv[0]:		./binary
[runlim] argv[1]:		-c
[runlim] argv[2]:		-s
[runlim] argv[3]:		/tmp/local-unzipped-12181354-6-364-BMS_k3_n100_m429_14.cnf
[runlim] start:			Mon Mar 16 17:35:34 2026
[runlim] child:			1242697
[runlim] end:			Mon Mar 16 17:35:41 2026
[runlim] status:		ok
[runlim] result:		0
[runlim] children:		1
[runlim] processes:		2
[runlim] real:			7.26 seconds
[runlim] time:			7.17 seconds
[runlim] space:			3 MB
[runlim] load:			4.55 maximum
[runlim] samples:		72
