[runlim] version:		2.0.0rc1
[runlim] host:			p06n12
[runlim] time limit:		311040000 seconds
[runlim] real time limit:	5000 seconds
[runlim] space limit:		7000 MB
[runlim] argv[0]:		./binary
[runlim] argv[1]:		-c
[runlim] argv[2]:		-s
[runlim] argv[3]:		/tmp/local-unzipped-12181354-3-161-BMS_k3_n100_m429_49.cnf
[runlim] start:			Mon Mar 16 17:25:27 2026
[runlim] child:			2828663
[runlim] end:			Mon Mar 16 17:25:29 2026
[runlim] status:		ok
[runlim] result:		0
[runlim] children:		1
[runlim] processes:		2
[runlim] real:			2.62 seconds
[runlim] time:			2.59 seconds
[runlim] space:			4 MB
[runlim] load:			1.08 maximum
[runlim] samples:		26
