[runlim] version:		2.0.0rc1
[runlim] host:			p09n05
[runlim] time limit:		311040000 seconds
[runlim] real time limit:	5000 seconds
[runlim] space limit:		7000 MB
[runlim] argv[0]:		./binary
[runlim] argv[1]:		-c
[runlim] argv[2]:		-s
[runlim] argv[3]:		/tmp/local-unzipped-12181354-8-457-BMS_k3_n100_m429_107.cnf
[runlim] start:			Mon Mar 16 17:37:28 2026
[runlim] child:			1494067
[runlim] sample:		9.96 time, 10.01 real, 3 MB, 1.16 load
[runlim] sample:		19.91 time, 20.01 real, 3 MB, 1.59 load
[runlim] sample:		29.86 time, 30.01 real, 3 MB, 1.97 load
[runlim] sample:		39.81 time, 40.01 real, 3 MB, 2.82 load
[runlim] sample:		49.76 time, 50.01 real, 3 MB, 3.46 load
[runlim] sample:		59.71 time, 60.01 real, 3 MB, 3.85 load
[runlim] sample:		69.66 time, 70.01 real, 3 MB, 4.26 load
[runlim] sample:		79.61 time, 80.01 real, 3 MB, 4.53 load
[runlim] sample:		89.56 time, 90.01 real, 3 MB, 4.76 load
[runlim] sample:		99.51 time, 100.01 real, 3 MB, 4.79 load
[runlim] end:			Mon Mar 16 17:39:09 2026
[runlim] status:		ok
[runlim] result:		0
[runlim] children:		1
[runlim] processes:		2
[runlim] real:			101.45 seconds
[runlim] time:			100.91 seconds
[runlim] space:			3 MB
[runlim] load:			4.81 maximum
[runlim] samples:		1014
