[runlim] version:		2.0.0rc1
[runlim] host:			m06n02
[runlim] time limit:		311040000 seconds
[runlim] real time limit:	5000 seconds
[runlim] space limit:		7000 MB
[runlim] argv[0]:		./binary
[runlim] argv[1]:		-c
[runlim] argv[2]:		-f
[runlim] argv[3]:		-r
[runlim] argv[4]:		/tmp/local-unzipped-12273070-4-245-BMS_k3_n100_m429_249.cnf
[runlim] start:			Wed Mar 25 00:54:46 2026
[runlim] child:			2945494
[runlim] end:			Wed Mar 25 00:54:53 2026
[runlim] status:		ok
[runlim] result:		0
[runlim] children:		1
[runlim] processes:		2
[runlim] real:			7.14 seconds
[runlim] time:			7.07 seconds
[runlim] space:			5 MB
[runlim] load:			3.37 maximum
[runlim] samples:		71
