[runlim] version:		2.0.0rc1
[runlim] host:			m03n05
[runlim] time limit:		311040000 seconds
[runlim] real time limit:	5000 seconds
[runlim] space limit:		7000 MB
[runlim] argv[0]:		./binary
[runlim] argv[1]:		-c
[runlim] argv[2]:		-f
[runlim] argv[3]:		-r
[runlim] argv[4]:		/tmp/local-unzipped-12273070-8-481-BMS_k3_n100_m429_343.cnf
[runlim] start:			Wed Mar 25 00:59:17 2026
[runlim] child:			3115226
[runlim] sample:		9.96 time, 10.01 real, 4 MB, 2.40 load
[runlim] sample:		19.91 time, 20.01 real, 4 MB, 3.12 load
[runlim] sample:		29.86 time, 30.01 real, 4 MB, 3.55 load
[runlim] sample:		39.81 time, 40.01 real, 4 MB, 3.86 load
[runlim] sample:		49.76 time, 50.01 real, 4 MB, 4.03 load
[runlim] sample:		59.71 time, 60.01 real, 4 MB, 4.18 load
[runlim] sample:		69.65 time, 70.01 real, 4 MB, 4.31 load
[runlim] sample:		79.60 time, 80.01 real, 4 MB, 4.41 load
[runlim] sample:		89.56 time, 90.01 real, 5 MB, 4.42 load
[runlim] sample:		99.51 time, 100.01 real, 5 MB, 4.36 load
[runlim] sample:		109.46 time, 110.01 real, 5 MB, 4.30 load
[runlim] end:			Wed Mar 25 01:01:11 2026
[runlim] status:		ok
[runlim] result:		0
[runlim] children:		1
[runlim] processes:		2
[runlim] real:			114.09 seconds
[runlim] time:			113.44 seconds
[runlim] space:			5 MB
[runlim] load:			4.46 maximum
[runlim] samples:		1140
