[runlim] version:		2.0.0rc1
[runlim] host:			m10n13
[runlim] time limit:		311040000 seconds
[runlim] real time limit:	5000 seconds
[runlim] space limit:		7000 MB
[runlim] argv[0]:		./binary
[runlim] argv[1]:		-c
[runlim] argv[2]:		-f
[runlim] argv[3]:		-r
[runlim] argv[4]:		/tmp/local-unzipped-12273070-6-372-BMS_k3_n100_m429_232.cnf
[runlim] start:			Wed Mar 25 00:57:12 2026
[runlim] child:			2014133
[runlim] end:			Wed Mar 25 00:57:13 2026
[runlim] status:		ok
[runlim] result:		0
[runlim] children:		1
[runlim] processes:		2
[runlim] real:			0.72 seconds
[runlim] time:			0.70 seconds
[runlim] space:			4 MB
[runlim] load:			4.07 maximum
[runlim] samples:		7
