[runlim] version:		2.0.0rc1
[runlim] host:			m10n06
[runlim] time limit:		311040000 seconds
[runlim] real time limit:	5000 seconds
[runlim] space limit:		7000 MB
[runlim] argv[0]:		./binary
[runlim] argv[1]:		-c
[runlim] argv[2]:		-f
[runlim] argv[3]:		-r
[runlim] argv[4]:		/tmp/local-unzipped-12273070-3-157-BMS_k3_n100_m429_396.cnf
[runlim] start:			Wed Mar 25 00:51:57 2026
[runlim] child:			975575
[runlim] end:			Wed Mar 25 00:51:57 2026
[runlim] status:		ok
[runlim] result:		0
[runlim] children:		1
[runlim] processes:		2
[runlim] real:			0.78 seconds
[runlim] time:			0.70 seconds
[runlim] space:			4 MB
[runlim] load:			1.28 maximum
[runlim] samples:		7
