[runlim] version:		2.0.0rc1
[runlim] host:			p09n05
[runlim] time limit:		311040000 seconds
[runlim] real time limit:	5000 seconds
[runlim] space limit:		7000 MB
[runlim] argv[0]:		./binary
[runlim] argv[1]:		-c
[runlim] argv[2]:		-f
[runlim] argv[3]:		/tmp/local-unzipped-12158327-4-245-BMS_k3_n100_m429_249.cnf
[runlim] start:			Sat Mar 14 12:59:17 2026
[runlim] child:			3471744
[runlim] sample:		9.96 time, 10.01 real, 4 MB, 26.82 load
[runlim] end:			Sat Mar 14 12:59:28 2026
[runlim] status:		ok
[runlim] result:		0
[runlim] children:		1
[runlim] processes:		2
[runlim] real:			11.14 seconds
[runlim] time:			11.05 seconds
[runlim] space:			4 MB
[runlim] load:			29.70 maximum
[runlim] samples:		111
