[runlim] version:		2.0.0rc1
[runlim] host:			p09n05
[runlim] time limit:		311040000 seconds
[runlim] real time limit:	5000 seconds
[runlim] space limit:		7000 MB
[runlim] argv[0]:		./binary
[runlim] argv[1]:		-c
[runlim] argv[2]:		-f
[runlim] argv[3]:		/tmp/local-unzipped-12158327-4-237-BMS_k3_n100_m429_119.cnf
[runlim] start:			Sat Mar 14 12:59:09 2026
[runlim] child:			3471463
[runlim] sample:		9.96 time, 10.01 real, 4 MB, 29.70 load
[runlim] sample:		19.92 time, 20.01 real, 4 MB, 26.82 load
[runlim] sample:		29.88 time, 30.01 real, 4 MB, 23.92 load
[runlim] sample:		39.85 time, 40.01 real, 4 MB, 21.01 load
[runlim] sample:		49.81 time, 50.01 real, 4 MB, 18.62 load
[runlim] sample:		59.77 time, 60.01 real, 4 MB, 16.45 load
[runlim] sample:		69.74 time, 70.01 real, 4 MB, 14.45 load
[runlim] sample:		79.71 time, 80.01 real, 4 MB, 12.69 load
[runlim] sample:		89.67 time, 90.01 real, 4 MB, 11.20 load
[runlim] sample:		99.64 time, 100.01 real, 4 MB, 10.02 load
[runlim] sample:		109.60 time, 110.01 real, 4 MB, 9.09 load
[runlim] sample:		119.57 time, 120.01 real, 4 MB, 8.22 load
[runlim] sample:		129.53 time, 130.01 real, 4 MB, 7.42 load
[runlim] sample:		139.50 time, 140.01 real, 4 MB, 6.74 load
[runlim] sample:		149.46 time, 150.01 real, 4 MB, 6.16 load
[runlim] end:			Sat Mar 14 13:01:45 2026
[runlim] status:		ok
[runlim] result:		0
[runlim] children:		1
[runlim] processes:		2
[runlim] real:			156.25 seconds
[runlim] time:			155.64 seconds
[runlim] space:			4 MB
[runlim] load:			33.45 maximum
[runlim] samples:		1562
