[runlim] version:		2.0.0rc1
[runlim] host:			p06n20
[runlim] time limit:		311040000 seconds
[runlim] real time limit:	5000 seconds
[runlim] space limit:		7000 MB
[runlim] argv[0]:		./binary
[runlim] argv[1]:		-c
[runlim] argv[2]:		-f
[runlim] argv[3]:		/tmp/local-unzipped-12158327-1-4-BMS_k3_n100_m429_385.cnf
[runlim] start:			Sat Mar 14 12:03:34 2026
[runlim] child:			1699704
[runlim] sample:		9.97 time, 10.01 real, 4 MB, 2.69 load
[runlim] sample:		19.93 time, 20.01 real, 4 MB, 3.04 load
[runlim] sample:		29.88 time, 30.01 real, 4 MB, 3.42 load
[runlim] sample:		39.84 time, 40.01 real, 4 MB, 3.97 load
[runlim] sample:		49.80 time, 50.01 real, 4 MB, 3.98 load
[runlim] sample:		59.76 time, 60.01 real, 4 MB, 4.52 load
[runlim] sample:		69.71 time, 70.01 real, 4 MB, 5.21 load
[runlim] sample:		79.67 time, 80.01 real, 4 MB, 5.49 load
[runlim] sample:		89.63 time, 90.01 real, 4 MB, 5.72 load
[runlim] sample:		99.58 time, 100.01 real, 4 MB, 5.76 load
[runlim] sample:		109.54 time, 110.01 real, 4 MB, 5.80 load
[runlim] sample:		119.50 time, 120.01 real, 4 MB, 5.91 load
[runlim] sample:		129.46 time, 130.01 real, 4 MB, 5.92 load
[runlim] sample:		139.42 time, 140.01 real, 4 MB, 5.93 load
[runlim] sample:		149.39 time, 150.01 real, 4 MB, 5.94 load
[runlim] sample:		159.35 time, 160.01 real, 4 MB, 5.87 load
[runlim] sample:		169.32 time, 170.01 real, 4 MB, 5.74 load
[runlim] sample:		179.29 time, 180.01 real, 4 MB, 5.62 load
[runlim] sample:		189.24 time, 190.01 real, 4 MB, 5.53 load
[runlim] sample:		199.20 time, 200.01 real, 4 MB, 5.45 load
[runlim] sample:		209.16 time, 210.01 real, 4 MB, 5.38 load
[runlim] sample:		219.11 time, 220.01 real, 4 MB, 5.32 load
[runlim] sample:		229.07 time, 230.01 real, 4 MB, 5.27 load
[runlim] sample:		239.03 time, 240.01 real, 4 MB, 5.15 load
[runlim] sample:		248.99 time, 250.01 real, 4 MB, 4.82 load
[runlim] sample:		258.95 time, 260.01 real, 4 MB, 4.54 load
[runlim] sample:		268.91 time, 270.01 real, 4 MB, 4.30 load
[runlim] sample:		278.88 time, 280.01 real, 4 MB, 4.10 load
[runlim] sample:		288.84 time, 290.01 real, 5 MB, 4.01 load
[runlim] sample:		298.80 time, 300.01 real, 5 MB, 3.85 load
[runlim] sample:		308.76 time, 310.01 real, 5 MB, 3.72 load
[runlim] sample:		318.72 time, 320.01 real, 5 MB, 3.61 load
[runlim] sample:		328.68 time, 330.01 real, 5 MB, 3.52 load
[runlim] sample:		338.64 time, 340.01 real, 5 MB, 3.44 load
[runlim] sample:		348.61 time, 350.01 real, 5 MB, 3.37 load
[runlim] sample:		358.57 time, 360.01 real, 5 MB, 3.31 load
[runlim] sample:		368.53 time, 370.01 real, 5 MB, 3.26 load
[runlim] sample:		378.49 time, 380.01 real, 5 MB, 3.22 load
[runlim] sample:		388.45 time, 390.01 real, 5 MB, 3.19 load
[runlim] sample:		398.41 time, 400.01 real, 5 MB, 3.16 load
[runlim] sample:		408.37 time, 410.01 real, 5 MB, 3.13 load
[runlim] sample:		418.33 time, 420.01 real, 5 MB, 3.11 load
[runlim] sample:		428.29 time, 430.01 real, 5 MB, 3.10 load
[runlim] sample:		438.25 time, 440.01 real, 5 MB, 3.08 load
[runlim] sample:		448.21 time, 450.01 real, 5 MB, 3.07 load
[runlim] sample:		458.17 time, 460.01 real, 5 MB, 3.06 load
[runlim] sample:		468.14 time, 470.01 real, 5 MB, 3.05 load
[runlim] sample:		478.10 time, 480.01 real, 5 MB, 3.04 load
[runlim] sample:		488.06 time, 490.01 real, 5 MB, 3.11 load
[runlim] sample:		498.02 time, 500.01 real, 5 MB, 3.10 load
[runlim] sample:		507.98 time, 510.01 real, 5 MB, 3.08 load
[runlim] sample:		517.94 time, 520.01 real, 5 MB, 3.14 load
[runlim] sample:		527.90 time, 530.01 real, 5 MB, 3.12 load
[runlim] sample:		537.86 time, 540.01 real, 5 MB, 3.10 load
[runlim] sample:		547.82 time, 550.01 real, 5 MB, 3.08 load
[runlim] sample:		557.79 time, 560.01 real, 5 MB, 3.07 load
[runlim] sample:		567.75 time, 570.01 real, 5 MB, 3.06 load
[runlim] sample:		577.71 time, 580.01 real, 5 MB, 3.12 load
[runlim] sample:		587.67 time, 590.01 real, 5 MB, 3.10 load
[runlim] sample:		597.63 time, 600.01 real, 5 MB, 3.09 load
[runlim] sample:		607.59 time, 610.01 real, 5 MB, 3.07 load
[runlim] sample:		617.56 time, 620.01 real, 5 MB, 3.06 load
[runlim] sample:		627.52 time, 630.01 real, 5 MB, 3.05 load
[runlim] sample:		637.48 time, 640.01 real, 5 MB, 3.04 load
[runlim] sample:		647.44 time, 650.01 real, 5 MB, 3.04 load
[runlim] sample:		657.40 time, 660.01 real, 5 MB, 3.03 load
[runlim] sample:		667.36 time, 670.01 real, 5 MB, 3.02 load
[runlim] sample:		677.32 time, 680.01 real, 5 MB, 3.02 load
[runlim] sample:		687.28 time, 690.01 real, 5 MB, 3.02 load
[runlim] sample:		697.24 time, 700.01 real, 5 MB, 3.01 load
[runlim] sample:		707.21 time, 710.01 real, 5 MB, 3.01 load
[runlim] sample:		717.17 time, 720.01 real, 5 MB, 3.08 load
[runlim] sample:		727.13 time, 730.01 real, 5 MB, 3.07 load
[runlim] sample:		737.08 time, 740.01 real, 5 MB, 3.06 load
[runlim] sample:		747.04 time, 750.01 real, 5 MB, 3.05 load
[runlim] sample:		757.01 time, 760.01 real, 5 MB, 3.04 load
[runlim] sample:		766.97 time, 770.01 real, 5 MB, 3.03 load
[runlim] sample:		776.93 time, 780.01 real, 5 MB, 3.03 load
[runlim] sample:		786.89 time, 790.01 real, 5 MB, 3.02 load
[runlim] sample:		796.85 time, 800.01 real, 5 MB, 3.02 load
[runlim] end:			Sat Mar 14 12:17:02 2026
[runlim] status:		ok
[runlim] result:		0
[runlim] children:		1
[runlim] processes:		2
[runlim] real:			807.88 seconds
[runlim] time:			804.62 seconds
[runlim] space:			5 MB
[runlim] load:			5.95 maximum
[runlim] samples:		8078
