[runlim] version:		2.0.0rc1
[runlim] host:			p06n20
[runlim] time limit:		311040000 seconds
[runlim] real time limit:	5000 seconds
[runlim] space limit:		7000 MB
[runlim] argv[0]:		./binary
[runlim] argv[1]:		-c
[runlim] argv[2]:		-f
[runlim] argv[3]:		/tmp/local-unzipped-12158327-1-57-BMS_k3_n100_m429_138.cnf
[runlim] start:			Sat Mar 14 12:04:27 2026
[runlim] child:			1701703
[runlim] sample:		9.96 time, 10.01 real, 5 MB, 4.52 load
[runlim] sample:		19.92 time, 20.01 real, 5 MB, 5.21 load
[runlim] sample:		29.87 time, 30.01 real, 5 MB, 5.49 load
[runlim] sample:		39.83 time, 40.01 real, 5 MB, 5.72 load
[runlim] sample:		49.79 time, 50.01 real, 5 MB, 5.76 load
[runlim] sample:		59.74 time, 60.01 real, 5 MB, 5.80 load
[runlim] sample:		69.69 time, 70.01 real, 5 MB, 5.91 load
[runlim] sample:		79.65 time, 80.01 real, 5 MB, 5.92 load
[runlim] sample:		89.60 time, 90.01 real, 6 MB, 5.93 load
[runlim] sample:		99.55 time, 100.01 real, 6 MB, 5.94 load
[runlim] sample:		109.50 time, 110.01 real, 6 MB, 5.87 load
[runlim] sample:		119.45 time, 120.01 real, 6 MB, 5.74 load
[runlim] sample:		129.41 time, 130.01 real, 6 MB, 5.62 load
[runlim] sample:		139.37 time, 140.01 real, 6 MB, 5.53 load
[runlim] sample:		149.33 time, 150.01 real, 6 MB, 5.45 load
[runlim] sample:		159.29 time, 160.01 real, 6 MB, 5.38 load
[runlim] sample:		169.25 time, 170.01 real, 6 MB, 5.32 load
[runlim] sample:		179.22 time, 180.01 real, 6 MB, 5.27 load
[runlim] end:			Sat Mar 14 12:07:35 2026
[runlim] status:		ok
[runlim] result:		0
[runlim] children:		1
[runlim] processes:		2
[runlim] real:			188.01 seconds
[runlim] time:			187.20 seconds
[runlim] space:			6 MB
[runlim] load:			5.95 maximum
[runlim] samples:		1880
