[runlim] version:		2.0.0rc1
[runlim] host:			m04n06
[runlim] time limit:		311040000 seconds
[runlim] real time limit:	5000 seconds
[runlim] space limit:		7000 MB
[runlim] argv[0]:		./binary
[runlim] argv[1]:		-c
[runlim] argv[2]:		-f
[runlim] argv[3]:		/tmp/local-unzipped-12158327-2-67-BMS_k3_n100_m429_132.cnf
[runlim] start:			Sat Mar 14 12:58:22 2026
[runlim] child:			2370200
[runlim] sample:		9.96 time, 10.01 real, 3 MB, 51.51 load
[runlim] sample:		19.91 time, 20.01 real, 4 MB, 44.67 load
[runlim] sample:		29.86 time, 30.01 real, 4 MB, 39.12 load
[runlim] sample:		39.81 time, 40.01 real, 4 MB, 34.02 load
[runlim] sample:		49.76 time, 50.01 real, 4 MB, 29.72 load
[runlim] sample:		59.72 time, 60.01 real, 4 MB, 26.38 load
[runlim] sample:		69.66 time, 70.01 real, 4 MB, 23.86 load
[runlim] sample:		79.62 time, 80.01 real, 4 MB, 21.49 load
[runlim] sample:		89.57 time, 90.01 real, 4 MB, 19.50 load
[runlim] sample:		99.52 time, 100.01 real, 4 MB, 17.73 load
[runlim] sample:		109.48 time, 110.01 real, 4 MB, 16.15 load
[runlim] sample:		119.43 time, 120.01 real, 4 MB, 14.75 load
[runlim] sample:		129.39 time, 130.01 real, 4 MB, 13.78 load
[runlim] sample:		139.34 time, 140.01 real, 4 MB, 12.73 load
[runlim] sample:		149.30 time, 150.01 real, 4 MB, 11.92 load
[runlim] sample:		159.25 time, 160.01 real, 4 MB, 11.17 load
[runlim] sample:		169.21 time, 170.01 real, 4 MB, 10.53 load
[runlim] end:			Sat Mar 14 13:01:18 2026
[runlim] status:		ok
[runlim] result:		0
[runlim] children:		1
[runlim] processes:		2
[runlim] real:			176.65 seconds
[runlim] time:			175.78 seconds
[runlim] space:			4 MB
[runlim] load:			60.31 maximum
[runlim] samples:		1766
