[runlim] version:		2.0.0rc1
[runlim] host:			m01n14
[runlim] time limit:		311040000 seconds
[runlim] real time limit:	5000 seconds
[runlim] space limit:		7000 MB
[runlim] argv[0]:		./binary
[runlim] argv[1]:		-c
[runlim] argv[2]:		-f
[runlim] argv[3]:		/tmp/local-unzipped-12158327-5-288-BMS_k3_n100_m429_133.cnf
[runlim] start:			Sat Mar 14 12:58:59 2026
[runlim] child:			342936
[runlim] sample:		9.96 time, 10.01 real, 4 MB, 32.78 load
[runlim] sample:		19.92 time, 20.01 real, 4 MB, 28.44 load
[runlim] sample:		29.87 time, 30.01 real, 4 MB, 25.15 load
[runlim] sample:		39.83 time, 40.01 real, 4 MB, 22.36 load
[runlim] sample:		49.78 time, 50.01 real, 4 MB, 19.83 load
[runlim] sample:		59.74 time, 60.01 real, 4 MB, 17.63 load
[runlim] sample:		69.70 time, 70.01 real, 4 MB, 15.69 load
[runlim] sample:		79.66 time, 80.01 real, 4 MB, 14.04 load
[runlim] sample:		89.61 time, 90.01 real, 4 MB, 12.65 load
[runlim] sample:		99.57 time, 100.01 real, 4 MB, 11.39 load
[runlim] sample:		109.53 time, 110.01 real, 4 MB, 10.26 load
[runlim] sample:		119.50 time, 120.01 real, 4 MB, 9.14 load
[runlim] sample:		129.46 time, 130.01 real, 4 MB, 8.20 load
[runlim] sample:		139.42 time, 140.01 real, 4 MB, 7.40 load
[runlim] sample:		149.38 time, 150.01 real, 4 MB, 6.72 load
[runlim] sample:		159.34 time, 160.01 real, 4 MB, 6.15 load
[runlim] sample:		169.30 time, 170.01 real, 4 MB, 5.66 load
[runlim] sample:		179.26 time, 180.01 real, 4 MB, 5.25 load
[runlim] sample:		189.22 time, 190.01 real, 4 MB, 4.91 load
[runlim] sample:		199.18 time, 200.01 real, 4 MB, 4.69 load
[runlim] sample:		209.14 time, 210.01 real, 4 MB, 4.43 load
[runlim] sample:		219.11 time, 220.01 real, 4 MB, 4.21 load
[runlim] sample:		229.07 time, 230.01 real, 4 MB, 4.03 load
[runlim] sample:		239.03 time, 240.01 real, 4 MB, 3.87 load
[runlim] sample:		248.99 time, 250.01 real, 4 MB, 3.73 load
[runlim] sample:		258.95 time, 260.01 real, 4 MB, 3.62 load
[runlim] sample:		268.91 time, 270.01 real, 4 MB, 3.52 load
[runlim] sample:		278.87 time, 280.01 real, 4 MB, 3.44 load
[runlim] sample:		288.83 time, 290.01 real, 4 MB, 3.37 load
[runlim] sample:		298.79 time, 300.01 real, 4 MB, 3.32 load
[runlim] sample:		308.75 time, 310.01 real, 4 MB, 3.27 load
[runlim] sample:		318.71 time, 320.01 real, 4 MB, 3.23 load
[runlim] sample:		328.67 time, 330.01 real, 4 MB, 3.19 load
[runlim] sample:		338.64 time, 340.01 real, 4 MB, 3.16 load
[runlim] sample:		348.60 time, 350.01 real, 4 MB, 3.14 load
[runlim] sample:		358.56 time, 360.01 real, 4 MB, 3.11 load
[runlim] sample:		368.52 time, 370.01 real, 4 MB, 3.10 load
[runlim] sample:		378.48 time, 380.01 real, 4 MB, 3.08 load
[runlim] sample:		388.44 time, 390.01 real, 4 MB, 3.22 load
[runlim] sample:		398.40 time, 400.01 real, 4 MB, 3.26 load
[runlim] sample:		408.36 time, 410.01 real, 4 MB, 3.22 load
[runlim] sample:		418.32 time, 420.01 real, 4 MB, 3.19 load
[runlim] sample:		428.28 time, 430.01 real, 4 MB, 3.16 load
[runlim] sample:		438.25 time, 440.01 real, 4 MB, 3.13 load
[runlim] sample:		448.21 time, 450.01 real, 4 MB, 3.11 load
[runlim] sample:		458.17 time, 460.01 real, 4 MB, 3.17 load
[runlim] sample:		468.13 time, 470.01 real, 4 MB, 3.14 load
[runlim] sample:		478.09 time, 480.01 real, 4 MB, 3.12 load
[runlim] sample:		488.05 time, 490.01 real, 4 MB, 3.10 load
[runlim] sample:		498.01 time, 500.01 real, 4 MB, 3.08 load
[runlim] sample:		507.97 time, 510.01 real, 4 MB, 3.07 load
[runlim] sample:		517.93 time, 520.01 real, 4 MB, 3.06 load
[runlim] sample:		527.89 time, 530.01 real, 4 MB, 3.05 load
[runlim] sample:		537.85 time, 540.01 real, 4 MB, 3.04 load
[runlim] sample:		547.81 time, 550.01 real, 4 MB, 3.04 load
[runlim] sample:		557.77 time, 560.01 real, 4 MB, 3.03 load
[runlim] sample:		567.73 time, 570.01 real, 4 MB, 3.02 load
[runlim] sample:		577.70 time, 580.01 real, 4 MB, 3.02 load
[runlim] sample:		587.66 time, 590.01 real, 4 MB, 3.02 load
[runlim] sample:		597.62 time, 600.01 real, 4 MB, 3.09 load
[runlim] sample:		607.58 time, 610.01 real, 4 MB, 3.15 load
[runlim] sample:		617.54 time, 620.01 real, 4 MB, 3.13 load
[runlim] sample:		627.50 time, 630.01 real, 4 MB, 3.11 load
[runlim] sample:		637.46 time, 640.01 real, 4 MB, 3.09 load
[runlim] sample:		647.42 time, 650.01 real, 4 MB, 3.08 load
[runlim] sample:		657.38 time, 660.01 real, 4 MB, 3.23 load
[runlim] sample:		667.34 time, 670.01 real, 4 MB, 3.35 load
[runlim] sample:		677.31 time, 680.01 real, 4 MB, 3.29 load
[runlim] sample:		687.27 time, 690.01 real, 4 MB, 3.25 load
[runlim] sample:		697.23 time, 700.01 real, 4 MB, 3.21 load
[runlim] sample:		707.19 time, 710.01 real, 4 MB, 3.18 load
[runlim] sample:		717.15 time, 720.01 real, 4 MB, 3.15 load
[runlim] sample:		727.11 time, 730.01 real, 4 MB, 3.12 load
[runlim] sample:		737.08 time, 740.01 real, 4 MB, 3.10 load
[runlim] sample:		747.04 time, 750.01 real, 4 MB, 3.09 load
[runlim] sample:		757.00 time, 760.01 real, 4 MB, 3.07 load
[runlim] sample:		766.96 time, 770.01 real, 4 MB, 3.06 load
[runlim] sample:		776.92 time, 780.01 real, 4 MB, 3.05 load
[runlim] sample:		786.88 time, 790.01 real, 4 MB, 3.04 load
[runlim] sample:		796.84 time, 800.01 real, 4 MB, 3.04 load
[runlim] sample:		806.81 time, 810.01 real, 4 MB, 3.03 load
[runlim] sample:		816.77 time, 820.01 real, 4 MB, 3.03 load
[runlim] sample:		826.73 time, 830.01 real, 4 MB, 3.18 load
[runlim] sample:		836.69 time, 840.01 real, 4 MB, 3.15 load
[runlim] sample:		846.65 time, 850.01 real, 4 MB, 3.13 load
[runlim] sample:		856.61 time, 860.01 real, 4 MB, 3.11 load
[runlim] sample:		866.58 time, 870.01 real, 4 MB, 3.09 load
[runlim] sample:		876.54 time, 880.01 real, 4 MB, 3.08 load
[runlim] sample:		886.50 time, 890.01 real, 4 MB, 3.06 load
[runlim] sample:		896.46 time, 900.01 real, 4 MB, 3.14 load
[runlim] sample:		906.42 time, 910.01 real, 4 MB, 3.11 load
[runlim] sample:		916.38 time, 920.01 real, 4 MB, 3.10 load
[runlim] sample:		926.34 time, 930.01 real, 4 MB, 3.08 load
[runlim] sample:		936.30 time, 940.01 real, 4 MB, 3.07 load
[runlim] sample:		946.27 time, 950.01 real, 4 MB, 3.06 load
[runlim] sample:		956.23 time, 960.01 real, 4 MB, 3.05 load
[runlim] sample:		966.19 time, 970.01 real, 4 MB, 3.04 load
[runlim] sample:		976.15 time, 980.01 real, 4 MB, 3.03 load
[runlim] sample:		986.11 time, 990.01 real, 4 MB, 3.03 load
[runlim] sample:		996.07 time, 1000.01 real, 4 MB, 3.02 load
[runlim] sample:		1006.03 time, 1010.01 real, 4 MB, 3.02 load
[runlim] sample:		1015.99 time, 1020.01 real, 4 MB, 3.02 load
[runlim] sample:		1025.95 time, 1030.01 real, 4 MB, 3.01 load
[runlim] sample:		1035.91 time, 1040.01 real, 4 MB, 3.01 load
[runlim] sample:		1045.88 time, 1050.01 real, 4 MB, 3.01 load
[runlim] sample:		1055.84 time, 1060.01 real, 4 MB, 3.08 load
[runlim] sample:		1065.80 time, 1070.01 real, 4 MB, 3.07 load
[runlim] sample:		1075.76 time, 1080.01 real, 4 MB, 3.06 load
[runlim] sample:		1085.72 time, 1090.01 real, 4 MB, 3.05 load
[runlim] sample:		1095.68 time, 1100.01 real, 4 MB, 3.04 load
[runlim] sample:		1105.64 time, 1110.01 real, 4 MB, 3.03 load
[runlim] sample:		1115.60 time, 1120.01 real, 4 MB, 3.10 load
[runlim] sample:		1125.57 time, 1130.01 real, 4 MB, 3.08 load
[runlim] sample:		1135.53 time, 1140.01 real, 4 MB, 3.07 load
[runlim] sample:		1145.49 time, 1150.01 real, 4 MB, 3.06 load
[runlim] sample:		1155.45 time, 1160.01 real, 4 MB, 3.05 load
[runlim] sample:		1165.41 time, 1170.01 real, 4 MB, 3.04 load
[runlim] sample:		1175.37 time, 1180.01 real, 4 MB, 3.04 load
[runlim] sample:		1185.34 time, 1190.01 real, 4 MB, 3.03 load
[runlim] sample:		1195.30 time, 1200.01 real, 4 MB, 3.10 load
[runlim] sample:		1205.26 time, 1210.01 real, 4 MB, 3.08 load
[runlim] sample:		1215.22 time, 1220.01 real, 4 MB, 3.07 load
[runlim] sample:		1225.18 time, 1230.01 real, 4 MB, 3.06 load
[runlim] sample:		1235.14 time, 1240.01 real, 4 MB, 3.05 load
[runlim] sample:		1245.10 time, 1250.01 real, 4 MB, 3.04 load
[runlim] sample:		1255.06 time, 1260.01 real, 4 MB, 3.03 load
[runlim] sample:		1265.02 time, 1270.01 real, 4 MB, 2.87 load
[runlim] sample:		1274.99 time, 1280.01 real, 4 MB, 2.74 load
[runlim] sample:		1284.95 time, 1290.01 real, 4 MB, 2.63 load
[runlim] sample:		1294.91 time, 1300.01 real, 4 MB, 2.53 load
[runlim] sample:		1304.87 time, 1310.01 real, 4 MB, 2.45 load
[runlim] sample:		1314.84 time, 1320.01 real, 4 MB, 2.38 load
[runlim] sample:		1324.80 time, 1330.01 real, 4 MB, 2.32 load
[runlim] sample:		1334.76 time, 1340.01 real, 4 MB, 2.27 load
[runlim] sample:		1344.72 time, 1350.01 real, 4 MB, 2.23 load
[runlim] sample:		1354.68 time, 1360.01 real, 4 MB, 2.19 load
[runlim] sample:		1364.65 time, 1370.01 real, 4 MB, 2.16 load
[runlim] sample:		1374.61 time, 1380.01 real, 4 MB, 2.14 load
[runlim] sample:		1384.57 time, 1390.01 real, 4 MB, 2.12 load
[runlim] sample:		1394.53 time, 1400.01 real, 4 MB, 2.10 load
[runlim] sample:		1404.49 time, 1410.01 real, 4 MB, 2.08 load
[runlim] sample:		1414.46 time, 1420.01 real, 4 MB, 2.07 load
[runlim] sample:		1424.42 time, 1430.01 real, 4 MB, 2.06 load
[runlim] sample:		1434.38 time, 1440.01 real, 4 MB, 2.05 load
[runlim] sample:		1444.34 time, 1450.01 real, 4 MB, 2.04 load
[runlim] sample:		1454.30 time, 1460.01 real, 4 MB, 2.03 load
[runlim] sample:		1464.27 time, 1470.01 real, 4 MB, 2.03 load
[runlim] sample:		1474.23 time, 1480.01 real, 4 MB, 2.02 load
[runlim] sample:		1484.19 time, 1490.01 real, 4 MB, 2.02 load
[runlim] sample:		1494.15 time, 1500.01 real, 4 MB, 2.02 load
[runlim] sample:		1504.12 time, 1510.01 real, 4 MB, 2.01 load
[runlim] sample:		1514.08 time, 1520.01 real, 4 MB, 2.01 load
[runlim] sample:		1524.04 time, 1530.01 real, 4 MB, 2.01 load
[runlim] sample:		1534.00 time, 1540.01 real, 4 MB, 2.01 load
[runlim] sample:		1543.97 time, 1550.01 real, 4 MB, 2.00 load
[runlim] sample:		1553.93 time, 1560.01 real, 4 MB, 2.00 load
[runlim] sample:		1563.89 time, 1570.01 real, 4 MB, 2.00 load
[runlim] sample:		1573.85 time, 1580.01 real, 4 MB, 2.00 load
[runlim] sample:		1583.81 time, 1590.01 real, 4 MB, 2.00 load
[runlim] sample:		1593.78 time, 1600.01 real, 4 MB, 2.00 load
[runlim] sample:		1603.74 time, 1610.01 real, 4 MB, 2.00 load
[runlim] sample:		1613.70 time, 1620.01 real, 4 MB, 2.00 load
[runlim] sample:		1623.66 time, 1630.01 real, 4 MB, 2.00 load
[runlim] sample:		1633.62 time, 1640.01 real, 4 MB, 2.00 load
[runlim] sample:		1643.59 time, 1650.01 real, 4 MB, 2.00 load
[runlim] sample:		1653.55 time, 1660.01 real, 4 MB, 2.00 load
[runlim] sample:		1663.51 time, 1670.01 real, 4 MB, 2.00 load
[runlim] sample:		1673.47 time, 1680.01 real, 4 MB, 2.00 load
[runlim] sample:		1683.44 time, 1690.01 real, 4 MB, 2.00 load
[runlim] sample:		1693.40 time, 1700.01 real, 4 MB, 2.00 load
[runlim] sample:		1703.36 time, 1710.01 real, 4 MB, 2.00 load
[runlim] sample:		1713.32 time, 1720.01 real, 4 MB, 2.00 load
[runlim] sample:		1723.29 time, 1730.01 real, 4 MB, 2.00 load
[runlim] sample:		1733.25 time, 1740.01 real, 4 MB, 2.00 load
[runlim] sample:		1743.21 time, 1750.01 real, 4 MB, 2.00 load
[runlim] sample:		1753.17 time, 1760.01 real, 4 MB, 2.00 load
[runlim] sample:		1763.13 time, 1770.01 real, 4 MB, 2.00 load
[runlim] sample:		1773.10 time, 1780.01 real, 4 MB, 2.00 load
[runlim] sample:		1783.06 time, 1790.01 real, 4 MB, 2.00 load
[runlim] sample:		1793.02 time, 1800.01 real, 4 MB, 2.00 load
[runlim] sample:		1802.98 time, 1810.01 real, 4 MB, 2.00 load
[runlim] sample:		1812.94 time, 1820.01 real, 4 MB, 2.00 load
[runlim] sample:		1822.90 time, 1830.01 real, 4 MB, 2.00 load
[runlim] sample:		1832.87 time, 1840.01 real, 4 MB, 2.00 load
[runlim] sample:		1842.83 time, 1850.01 real, 4 MB, 2.00 load
[runlim] sample:		1852.79 time, 1860.01 real, 4 MB, 2.00 load
[runlim] sample:		1862.75 time, 1870.01 real, 4 MB, 2.00 load
[runlim] sample:		1872.72 time, 1880.01 real, 4 MB, 2.00 load
[runlim] sample:		1882.67 time, 1890.01 real, 4 MB, 2.00 load
[runlim] sample:		1892.63 time, 1900.01 real, 4 MB, 2.07 load
[runlim] sample:		1902.60 time, 1910.01 real, 4 MB, 2.06 load
[runlim] sample:		1912.56 time, 1920.01 real, 4 MB, 2.05 load
[runlim] sample:		1922.52 time, 1930.01 real, 4 MB, 2.19 load
[runlim] sample:		1932.48 time, 1940.01 real, 4 MB, 2.16 load
[runlim] sample:		1942.45 time, 1950.01 real, 4 MB, 2.14 load
[runlim] sample:		1952.41 time, 1960.01 real, 4 MB, 2.26 load
[runlim] sample:		1962.37 time, 1970.01 real, 4 MB, 2.22 load
[runlim] sample:		1972.33 time, 1980.01 real, 4 MB, 2.19 load
[runlim] sample:		1982.29 time, 1990.01 real, 4 MB, 2.16 load
[runlim] sample:		1992.26 time, 2000.01 real, 4 MB, 2.13 load
[runlim] sample:		2002.22 time, 2010.01 real, 4 MB, 2.11 load
[runlim] sample:		2012.18 time, 2020.01 real, 4 MB, 2.17 load
[runlim] sample:		2022.14 time, 2030.01 real, 4 MB, 2.14 load
[runlim] sample:		2032.11 time, 2040.01 real, 4 MB, 2.12 load
[runlim] sample:		2042.07 time, 2050.01 real, 4 MB, 2.10 load
[runlim] sample:		2052.03 time, 2060.01 real, 4 MB, 2.08 load
[runlim] sample:		2062.00 time, 2070.01 real, 4 MB, 2.07 load
[runlim] sample:		2071.96 time, 2080.01 real, 4 MB, 2.06 load
[runlim] sample:		2081.92 time, 2090.01 real, 4 MB, 2.05 load
[runlim] sample:		2091.88 time, 2100.01 real, 4 MB, 2.19 load
[runlim] sample:		2101.84 time, 2110.01 real, 4 MB, 2.31 load
[runlim] sample:		2111.81 time, 2120.01 real, 4 MB, 2.26 load
[runlim] sample:		2121.77 time, 2130.01 real, 4 MB, 2.22 load
[runlim] sample:		2131.73 time, 2140.01 real, 4 MB, 2.26 load
[runlim] sample:		2141.69 time, 2150.01 real, 4 MB, 2.22 load
[runlim] sample:		2151.66 time, 2160.01 real, 4 MB, 2.26 load
[runlim] sample:		2161.62 time, 2170.01 real, 4 MB, 2.22 load
[runlim] sample:		2171.58 time, 2180.01 real, 4 MB, 2.18 load
[runlim] sample:		2181.54 time, 2190.01 real, 4 MB, 2.16 load
[runlim] sample:		2191.50 time, 2200.01 real, 4 MB, 2.13 load
[runlim] sample:		2201.46 time, 2210.01 real, 4 MB, 2.11 load
[runlim] sample:		2211.43 time, 2220.01 real, 4 MB, 2.09 load
[runlim] sample:		2221.39 time, 2230.01 real, 4 MB, 2.08 load
[runlim] sample:		2231.35 time, 2240.01 real, 4 MB, 2.07 load
[runlim] sample:		2241.31 time, 2250.01 real, 4 MB, 2.06 load
[runlim] sample:		2251.28 time, 2260.01 real, 4 MB, 2.05 load
[runlim] sample:		2261.24 time, 2270.01 real, 4 MB, 2.04 load
[runlim] sample:		2271.20 time, 2280.01 real, 4 MB, 2.03 load
[runlim] sample:		2281.16 time, 2290.01 real, 4 MB, 2.03 load
[runlim] sample:		2291.12 time, 2300.01 real, 4 MB, 2.10 load
[runlim] sample:		2301.09 time, 2310.01 real, 4 MB, 2.08 load
[runlim] sample:		2311.05 time, 2320.01 real, 4 MB, 2.07 load
[runlim] sample:		2321.01 time, 2330.01 real, 4 MB, 2.06 load
[runlim] sample:		2330.97 time, 2340.01 real, 4 MB, 2.05 load
[runlim] sample:		2340.94 time, 2350.01 real, 4 MB, 2.11 load
[runlim] sample:		2350.90 time, 2360.01 real, 4 MB, 2.17 load
[runlim] sample:		2360.86 time, 2370.01 real, 4 MB, 2.14 load
[runlim] sample:		2370.82 time, 2380.01 real, 4 MB, 2.12 load
[runlim] sample:		2380.78 time, 2390.01 real, 4 MB, 2.10 load
[runlim] sample:		2390.75 time, 2400.01 real, 4 MB, 2.09 load
[runlim] sample:		2400.71 time, 2410.01 real, 4 MB, 2.07 load
[runlim] sample:		2410.67 time, 2420.01 real, 4 MB, 2.14 load
[runlim] sample:		2420.63 time, 2430.01 real, 4 MB, 2.11 load
[runlim] sample:		2430.59 time, 2440.01 real, 4 MB, 2.32 load
[runlim] sample:		2440.56 time, 2450.01 real, 4 MB, 2.43 load
[runlim] sample:		2450.52 time, 2460.01 real, 4 MB, 2.52 load
[runlim] sample:		2460.48 time, 2470.01 real, 4 MB, 2.59 load
[runlim] sample:		2470.44 time, 2480.01 real, 4 MB, 2.65 load
[runlim] sample:		2480.40 time, 2490.01 real, 4 MB, 2.71 load
[runlim] sample:		2490.36 time, 2500.01 real, 4 MB, 2.83 load
[runlim] sample:		2500.33 time, 2510.01 real, 4 MB, 2.85 load
[runlim] sample:		2510.29 time, 2520.01 real, 4 MB, 2.88 load
[runlim] sample:		2520.25 time, 2530.01 real, 4 MB, 2.97 load
[runlim] sample:		2530.21 time, 2540.01 real, 4 MB, 2.82 load
[runlim] sample:		2540.17 time, 2550.01 real, 4 MB, 2.69 load
[runlim] sample:		2550.13 time, 2560.01 real, 4 MB, 2.73 load
[runlim] sample:		2560.10 time, 2570.01 real, 4 MB, 2.62 load
[runlim] sample:		2570.06 time, 2580.01 real, 4 MB, 2.53 load
[runlim] sample:		2580.02 time, 2590.01 real, 4 MB, 2.44 load
[runlim] sample:		2589.98 time, 2600.01 real, 4 MB, 2.38 load
[runlim] sample:		2599.95 time, 2610.01 real, 4 MB, 2.32 load
[runlim] sample:		2609.91 time, 2620.01 real, 4 MB, 2.34 load
[runlim] sample:		2619.87 time, 2630.01 real, 4 MB, 2.29 load
[runlim] sample:		2629.83 time, 2640.01 real, 4 MB, 2.24 load
[runlim] sample:		2639.79 time, 2650.01 real, 4 MB, 2.21 load
[runlim] sample:		2649.76 time, 2660.01 real, 4 MB, 2.17 load
[runlim] sample:		2659.72 time, 2670.01 real, 4 MB, 2.15 load
[runlim] sample:		2669.68 time, 2680.01 real, 4 MB, 2.12 load
[runlim] sample:		2679.65 time, 2690.01 real, 4 MB, 2.10 load
[runlim] sample:		2689.61 time, 2700.01 real, 4 MB, 2.16 load
[runlim] sample:		2699.57 time, 2710.01 real, 4 MB, 2.14 load
[runlim] sample:		2709.53 time, 2720.01 real, 4 MB, 2.11 load
[runlim] sample:		2719.50 time, 2730.01 real, 4 MB, 2.10 load
[runlim] sample:		2729.46 time, 2740.01 real, 4 MB, 2.16 load
[runlim] sample:		2739.42 time, 2750.01 real, 4 MB, 2.14 load
[runlim] sample:		2749.38 time, 2760.01 real, 4 MB, 2.19 load
[runlim] sample:		2759.35 time, 2770.01 real, 4 MB, 2.16 load
[runlim] sample:		2769.31 time, 2780.01 real, 4 MB, 2.13 load
[runlim] sample:		2779.27 time, 2790.01 real, 4 MB, 2.11 load
[runlim] sample:		2789.23 time, 2800.01 real, 4 MB, 2.10 load
[runlim] sample:		2799.19 time, 2810.01 real, 4 MB, 2.08 load
[runlim] sample:		2809.16 time, 2820.01 real, 4 MB, 2.07 load
[runlim] sample:		2819.12 time, 2830.01 real, 4 MB, 2.13 load
[runlim] sample:		2829.08 time, 2840.01 real, 4 MB, 2.11 load
[runlim] sample:		2839.04 time, 2850.01 real, 4 MB, 2.09 load
[runlim] sample:		2849.01 time, 2860.01 real, 4 MB, 2.08 load
[runlim] sample:		2858.97 time, 2870.01 real, 4 MB, 2.07 load
[runlim] sample:		2868.93 time, 2880.01 real, 4 MB, 2.06 load
[runlim] sample:		2878.90 time, 2890.01 real, 4 MB, 2.05 load
[runlim] sample:		2888.86 time, 2900.01 real, 4 MB, 2.11 load
[runlim] sample:		2898.82 time, 2910.01 real, 4 MB, 2.09 load
[runlim] sample:		2908.78 time, 2920.01 real, 4 MB, 2.08 load
[runlim] sample:		2918.74 time, 2930.01 real, 4 MB, 2.07 load
[runlim] sample:		2928.71 time, 2940.01 real, 4 MB, 2.06 load
[runlim] sample:		2938.67 time, 2950.01 real, 4 MB, 2.05 load
[runlim] sample:		2948.63 time, 2960.01 real, 4 MB, 2.11 load
[runlim] sample:		2958.59 time, 2970.01 real, 4 MB, 2.10 load
[runlim] sample:		2968.55 time, 2980.01 real, 4 MB, 2.08 load
[runlim] sample:		2978.52 time, 2990.01 real, 4 MB, 2.07 load
[runlim] sample:		2988.48 time, 3000.01 real, 4 MB, 2.06 load
[runlim] sample:		2998.44 time, 3010.01 real, 4 MB, 2.05 load
[runlim] sample:		3008.40 time, 3020.01 real, 4 MB, 2.11 load
[runlim] sample:		3018.36 time, 3030.01 real, 4 MB, 2.10 load
[runlim] sample:		3028.33 time, 3040.01 real, 4 MB, 2.08 load
[runlim] sample:		3038.29 time, 3050.01 real, 4 MB, 2.07 load
[runlim] sample:		3048.25 time, 3060.01 real, 4 MB, 2.06 load
[runlim] sample:		3058.21 time, 3070.01 real, 4 MB, 2.05 load
[runlim] sample:		3068.18 time, 3080.01 real, 4 MB, 2.04 load
[runlim] sample:		3078.14 time, 3090.01 real, 4 MB, 2.03 load
[runlim] sample:		3088.10 time, 3100.01 real, 4 MB, 2.03 load
[runlim] sample:		3098.06 time, 3110.01 real, 4 MB, 2.02 load
[runlim] sample:		3108.02 time, 3120.01 real, 4 MB, 2.02 load
[runlim] sample:		3117.99 time, 3130.01 real, 4 MB, 2.02 load
[runlim] sample:		3127.95 time, 3140.01 real, 4 MB, 2.01 load
[runlim] sample:		3137.91 time, 3150.01 real, 4 MB, 2.01 load
[runlim] sample:		3147.87 time, 3160.01 real, 4 MB, 2.16 load
[runlim] sample:		3157.83 time, 3170.01 real, 4 MB, 2.13 load
[runlim] sample:		3167.80 time, 3180.01 real, 4 MB, 2.11 load
[runlim] sample:		3177.76 time, 3190.01 real, 4 MB, 2.09 load
[runlim] sample:		3187.72 time, 3200.01 real, 4 MB, 2.08 load
[runlim] sample:		3197.68 time, 3210.01 real, 4 MB, 2.07 load
[runlim] sample:		3207.64 time, 3220.01 real, 4 MB, 2.13 load
[runlim] sample:		3217.61 time, 3230.01 real, 4 MB, 2.11 load
[runlim] sample:		3227.57 time, 3240.01 real, 4 MB, 2.09 load
[runlim] sample:		3237.53 time, 3250.01 real, 4 MB, 2.08 load
[runlim] sample:		3247.49 time, 3260.01 real, 4 MB, 2.06 load
[runlim] sample:		3257.46 time, 3270.01 real, 4 MB, 2.05 load
[runlim] sample:		3267.42 time, 3280.01 real, 4 MB, 2.05 load
[runlim] sample:		3277.38 time, 3290.01 real, 4 MB, 2.04 load
[runlim] sample:		3287.34 time, 3300.01 real, 4 MB, 2.11 load
[runlim] sample:		3297.30 time, 3310.01 real, 4 MB, 2.09 load
[runlim] sample:		3307.27 time, 3320.01 real, 4 MB, 2.08 load
[runlim] sample:		3317.23 time, 3330.01 real, 4 MB, 2.06 load
[runlim] sample:		3327.19 time, 3340.01 real, 4 MB, 2.05 load
[runlim] sample:		3337.15 time, 3350.01 real, 4 MB, 2.04 load
[runlim] sample:		3347.12 time, 3360.01 real, 4 MB, 2.04 load
[runlim] sample:		3357.08 time, 3370.01 real, 4 MB, 2.11 load
[runlim] sample:		3367.04 time, 3380.01 real, 4 MB, 2.09 load
[runlim] sample:		3377.00 time, 3390.01 real, 4 MB, 2.08 load
[runlim] sample:		3386.96 time, 3400.01 real, 4 MB, 2.07 load
[runlim] sample:		3396.92 time, 3410.01 real, 4 MB, 2.06 load
[runlim] sample:		3406.88 time, 3420.01 real, 4 MB, 2.05 load
[runlim] sample:		3416.85 time, 3430.01 real, 4 MB, 2.04 load
[runlim] sample:		3426.81 time, 3440.01 real, 4 MB, 2.03 load
[runlim] sample:		3436.77 time, 3450.01 real, 4 MB, 2.03 load
[runlim] sample:		3446.73 time, 3460.01 real, 4 MB, 2.02 load
[runlim] sample:		3456.70 time, 3470.01 real, 4 MB, 2.02 load
[runlim] sample:		3466.66 time, 3480.01 real, 4 MB, 2.02 load
[runlim] sample:		3476.62 time, 3490.01 real, 4 MB, 2.01 load
[runlim] sample:		3486.58 time, 3500.01 real, 4 MB, 2.08 load
[runlim] sample:		3496.54 time, 3510.01 real, 4 MB, 2.07 load
[runlim] sample:		3506.50 time, 3520.01 real, 4 MB, 2.06 load
[runlim] sample:		3516.47 time, 3530.01 real, 4 MB, 2.05 load
[runlim] sample:		3526.43 time, 3540.01 real, 4 MB, 2.04 load
[runlim] sample:		3536.39 time, 3550.01 real, 4 MB, 2.04 load
[runlim] sample:		3546.35 time, 3560.01 real, 4 MB, 2.10 load
[runlim] sample:		3556.31 time, 3570.01 real, 4 MB, 2.09 load
[runlim] sample:		3566.28 time, 3580.01 real, 4 MB, 2.07 load
[runlim] sample:		3576.24 time, 3590.01 real, 4 MB, 2.06 load
[runlim] sample:		3586.20 time, 3600.01 real, 4 MB, 2.05 load
[runlim] sample:		3596.16 time, 3610.01 real, 4 MB, 2.04 load
[runlim] sample:		3606.12 time, 3620.01 real, 4 MB, 2.04 load
[runlim] sample:		3616.09 time, 3630.01 real, 4 MB, 2.03 load
[runlim] sample:		3626.05 time, 3640.01 real, 4 MB, 2.02 load
[runlim] sample:		3636.01 time, 3650.01 real, 4 MB, 2.02 load
[runlim] sample:		3645.97 time, 3660.01 real, 4 MB, 2.02 load
[runlim] sample:		3655.94 time, 3670.01 real, 4 MB, 2.01 load
[runlim] sample:		3665.90 time, 3680.01 real, 4 MB, 2.01 load
[runlim] sample:		3675.85 time, 3690.01 real, 4 MB, 2.16 load
[runlim] sample:		3685.82 time, 3700.01 real, 4 MB, 2.13 load
[runlim] sample:		3695.78 time, 3710.01 real, 4 MB, 2.11 load
[runlim] sample:		3705.74 time, 3720.01 real, 4 MB, 2.09 load
[runlim] sample:		3715.70 time, 3730.01 real, 4 MB, 2.16 load
[runlim] sample:		3725.66 time, 3740.01 real, 4 MB, 2.13 load
[runlim] sample:		3735.62 time, 3750.01 real, 4 MB, 2.11 load
[runlim] sample:		3745.59 time, 3760.01 real, 4 MB, 2.10 load
[runlim] sample:		3755.55 time, 3770.01 real, 4 MB, 2.08 load
[runlim] sample:		3765.51 time, 3780.01 real, 4 MB, 2.07 load
[runlim] sample:		3775.47 time, 3790.01 real, 4 MB, 2.06 load
[runlim] sample:		3785.44 time, 3800.01 real, 4 MB, 2.05 load
[runlim] sample:		3795.40 time, 3810.01 real, 4 MB, 2.11 load
[runlim] sample:		3805.36 time, 3820.01 real, 4 MB, 2.10 load
[runlim] sample:		3815.32 time, 3830.01 real, 4 MB, 2.08 load
[runlim] sample:		3825.28 time, 3840.01 real, 4 MB, 2.07 load
[runlim] sample:		3835.24 time, 3850.01 real, 4 MB, 2.06 load
[runlim] sample:		3845.21 time, 3860.01 real, 4 MB, 2.05 load
[runlim] sample:		3855.17 time, 3870.01 real, 4 MB, 2.04 load
[runlim] sample:		3865.13 time, 3880.01 real, 4 MB, 2.03 load
[runlim] sample:		3875.09 time, 3890.01 real, 4 MB, 2.03 load
[runlim] sample:		3885.05 time, 3900.01 real, 4 MB, 2.02 load
[runlim] sample:		3895.01 time, 3910.01 real, 4 MB, 2.02 load
[runlim] sample:		3904.98 time, 3920.01 real, 4 MB, 2.02 load
[runlim] sample:		3914.94 time, 3930.01 real, 4 MB, 2.01 load
[runlim] sample:		3924.90 time, 3940.01 real, 4 MB, 2.01 load
[runlim] sample:		3934.86 time, 3950.01 real, 4 MB, 2.01 load
[runlim] sample:		3944.83 time, 3960.01 real, 4 MB, 2.01 load
[runlim] sample:		3954.79 time, 3970.01 real, 4 MB, 2.00 load
[runlim] sample:		3964.75 time, 3980.01 real, 4 MB, 2.00 load
[runlim] sample:		3974.71 time, 3990.01 real, 4 MB, 2.00 load
[runlim] sample:		3984.67 time, 4000.01 real, 4 MB, 2.08 load
[runlim] end:			Sat Mar 14 14:05:44 2026
[runlim] status:		ok
[runlim] result:		0
[runlim] children:		1
[runlim] processes:		2
[runlim] real:			4005.00 seconds
[runlim] time:			3989.56 seconds
[runlim] space:			4 MB
[runlim] load:			37.91 maximum
[runlim] samples:		40049
