[runlim] version:		2.0.0rc1
[runlim] host:			m04n06
[runlim] time limit:		311040000 seconds
[runlim] real time limit:	5000 seconds
[runlim] space limit:		7000 MB
[runlim] argv[0]:		./binary
[runlim] argv[1]:		-c
[runlim] argv[2]:		-f
[runlim] argv[3]:		/tmp/local-unzipped-12158327-8-470-BMS_k3_n100_m429_429.cnf
[runlim] start:			Sat Mar 14 13:24:49 2026
[runlim] child:			2404964
[runlim] end:			Sat Mar 14 13:24:49 2026
[runlim] status:		ok
[runlim] result:		0
[runlim] children:		1
[runlim] processes:		2
[runlim] real:			0.65 seconds
[runlim] time:			0.60 seconds
[runlim] space:			3 MB
[runlim] load:			1.53 maximum
[runlim] samples:		6
