[runlim] version:		2.0.0rc1
[runlim] host:			p06n20
[runlim] time limit:		311040000 seconds
[runlim] real time limit:	5000 seconds
[runlim] space limit:		7000 MB
[runlim] argv[0]:		./binary
[runlim] argv[1]:		-c
[runlim] argv[2]:		-f
[runlim] argv[3]:		/tmp/local-unzipped-12158327-1-41-BMS_k3_n100_m429_487.cnf
[runlim] start:			Sat Mar 14 12:04:11 2026
[runlim] child:			1701116
[runlim] end:			Sat Mar 14 12:04:12 2026
[runlim] status:		ok
[runlim] result:		0
[runlim] children:		1
[runlim] processes:		2
[runlim] real:			0.88 seconds
[runlim] time:			0.80 seconds
[runlim] space:			4 MB
[runlim] load:			3.70 maximum
[runlim] samples:		8
