[runlim] version:		2.0.0rc1
[runlim] host:			p09n05
[runlim] time limit:		311040000 seconds
[runlim] real time limit:	5000 seconds
[runlim] space limit:		7000 MB
[runlim] argv[0]:		./binary
[runlim] argv[1]:		-c
[runlim] argv[2]:		-f
[runlim] argv[3]:		/tmp/local-unzipped-12158327-4-194-BMS_k3_n100_m429_341.cnf
[runlim] start:			Sat Mar 14 12:58:26 2026
[runlim] child:			3469843
[runlim] end:			Sat Mar 14 12:58:33 2026
[runlim] status:		ok
[runlim] result:		0
[runlim] children:		1
[runlim] processes:		2
[runlim] real:			7.11 seconds
[runlim] time:			7.07 seconds
[runlim] space:			5 MB
[runlim] load:			61.46 maximum
[runlim] samples:		71
