[runlim] version:		2.0.0rc1
[runlim] host:			p06n20
[runlim] time limit:		311040000 seconds
[runlim] real time limit:	5000 seconds
[runlim] space limit:		7000 MB
[runlim] argv[0]:		./binary
[runlim] argv[1]:		-c
[runlim] argv[2]:		-f
[runlim] argv[3]:		/tmp/local-unzipped-12158327-1-58-BMS_k3_n100_m429_480.cnf
[runlim] start:			Sat Mar 14 12:04:28 2026
[runlim] child:			1701736
[runlim] sample:		9.97 time, 10.01 real, 4 MB, 4.88 load
[runlim] sample:		19.93 time, 20.01 real, 4 MB, 5.36 load
[runlim] sample:		29.89 time, 30.01 real, 4 MB, 5.61 load
[runlim] sample:		39.86 time, 40.01 real, 4 MB, 5.74 load
[runlim] sample:		49.82 time, 50.01 real, 4 MB, 5.78 load
[runlim] sample:		59.78 time, 60.01 real, 4 MB, 5.90 load
[runlim] sample:		69.74 time, 70.01 real, 4 MB, 5.91 load
[runlim] sample:		79.71 time, 80.01 real, 4 MB, 5.93 load
[runlim] sample:		89.66 time, 90.01 real, 4 MB, 5.94 load
[runlim] sample:		99.63 time, 100.01 real, 4 MB, 5.95 load
[runlim] sample:		109.59 time, 110.01 real, 4 MB, 5.80 load
[runlim] sample:		119.55 time, 120.01 real, 4 MB, 5.68 load
[runlim] sample:		129.51 time, 130.01 real, 4 MB, 5.57 load
[runlim] sample:		139.47 time, 140.01 real, 4 MB, 5.48 load
[runlim] sample:		149.44 time, 150.01 real, 4 MB, 5.41 load
[runlim] sample:		159.40 time, 160.01 real, 4 MB, 5.35 load
[runlim] sample:		169.37 time, 170.01 real, 4 MB, 5.29 load
[runlim] sample:		179.33 time, 180.01 real, 4 MB, 5.25 load
[runlim] sample:		189.30 time, 190.01 real, 4 MB, 4.97 load
[runlim] sample:		199.27 time, 200.01 real, 4 MB, 4.67 load
[runlim] sample:		209.24 time, 210.01 real, 4 MB, 4.41 load
[runlim] sample:		219.21 time, 220.01 real, 4 MB, 4.20 load
[runlim] sample:		229.18 time, 230.01 real, 4 MB, 4.01 load
[runlim] sample:		239.15 time, 240.01 real, 4 MB, 3.93 load
[runlim] sample:		249.12 time, 250.01 real, 4 MB, 3.79 load
[runlim] sample:		259.09 time, 260.01 real, 4 MB, 3.66 load
[runlim] sample:		269.06 time, 270.01 real, 4 MB, 3.56 load
[runlim] sample:		279.03 time, 280.01 real, 4 MB, 3.47 load
[runlim] sample:		288.99 time, 290.01 real, 4 MB, 3.40 load
[runlim] sample:		298.96 time, 300.01 real, 4 MB, 3.34 load
[runlim] sample:		308.93 time, 310.01 real, 4 MB, 3.29 load
[runlim] sample:		318.90 time, 320.01 real, 4 MB, 3.24 load
[runlim] sample:		328.87 time, 330.01 real, 4 MB, 3.20 load
[runlim] sample:		338.84 time, 340.01 real, 4 MB, 3.17 load
[runlim] sample:		348.81 time, 350.01 real, 4 MB, 3.15 load
[runlim] sample:		358.78 time, 360.01 real, 4 MB, 3.12 load
[runlim] sample:		368.75 time, 370.01 real, 4 MB, 3.10 load
[runlim] sample:		378.72 time, 380.01 real, 4 MB, 3.09 load
[runlim] sample:		388.68 time, 390.01 real, 4 MB, 3.07 load
[runlim] sample:		398.65 time, 400.01 real, 4 MB, 3.06 load
[runlim] sample:		408.62 time, 410.01 real, 4 MB, 3.05 load
[runlim] sample:		418.59 time, 420.01 real, 4 MB, 3.04 load
[runlim] sample:		428.56 time, 430.01 real, 4 MB, 3.04 load
[runlim] sample:		438.53 time, 440.01 real, 4 MB, 3.10 load
[runlim] sample:		448.50 time, 450.01 real, 4 MB, 3.09 load
[runlim] sample:		458.46 time, 460.01 real, 4 MB, 3.15 load
[runlim] sample:		468.43 time, 470.01 real, 4 MB, 3.13 load
[runlim] sample:		478.40 time, 480.01 real, 4 MB, 3.11 load
[runlim] sample:		488.37 time, 490.01 real, 4 MB, 3.09 load
[runlim] sample:		498.34 time, 500.01 real, 4 MB, 3.08 load
[runlim] sample:		508.31 time, 510.01 real, 4 MB, 3.06 load
[runlim] sample:		518.28 time, 520.01 real, 4 MB, 3.14 load
[runlim] sample:		528.25 time, 530.01 real, 4 MB, 3.11 load
[runlim] sample:		538.22 time, 540.01 real, 4 MB, 3.10 load
[runlim] sample:		548.19 time, 550.01 real, 4 MB, 3.08 load
[runlim] sample:		558.16 time, 560.01 real, 4 MB, 3.07 load
[runlim] sample:		568.12 time, 570.01 real, 4 MB, 3.06 load
[runlim] sample:		578.09 time, 580.01 real, 4 MB, 3.05 load
[runlim] sample:		588.06 time, 590.01 real, 4 MB, 3.04 load
[runlim] sample:		598.03 time, 600.01 real, 4 MB, 3.03 load
[runlim] sample:		608.00 time, 610.01 real, 4 MB, 3.03 load
[runlim] sample:		617.97 time, 620.01 real, 4 MB, 3.02 load
[runlim] sample:		627.94 time, 630.01 real, 4 MB, 3.02 load
[runlim] sample:		637.91 time, 640.01 real, 4 MB, 3.02 load
[runlim] sample:		647.88 time, 650.01 real, 4 MB, 3.01 load
[runlim] sample:		657.84 time, 660.01 real, 4 MB, 3.09 load
[runlim] sample:		667.81 time, 670.01 real, 4 MB, 3.08 load
[runlim] sample:		677.78 time, 680.01 real, 4 MB, 3.06 load
[runlim] sample:		687.75 time, 690.01 real, 4 MB, 3.05 load
[runlim] sample:		697.72 time, 700.01 real, 4 MB, 3.04 load
[runlim] sample:		707.69 time, 710.01 real, 4 MB, 3.04 load
[runlim] sample:		717.65 time, 720.01 real, 4 MB, 3.03 load
[runlim] sample:		727.62 time, 730.01 real, 4 MB, 3.03 load
[runlim] sample:		737.59 time, 740.01 real, 4 MB, 3.02 load
[runlim] sample:		747.56 time, 750.01 real, 4 MB, 3.02 load
[runlim] sample:		757.53 time, 760.01 real, 4 MB, 2.86 load
[runlim] sample:		767.49 time, 770.01 real, 4 MB, 2.73 load
[runlim] sample:		777.45 time, 780.01 real, 4 MB, 2.70 load
[runlim] sample:		787.41 time, 790.01 real, 4 MB, 2.59 load
[runlim] sample:		797.37 time, 800.01 real, 4 MB, 2.50 load
[runlim] sample:		807.33 time, 810.01 real, 4 MB, 2.42 load
[runlim] sample:		817.30 time, 820.01 real, 4 MB, 2.36 load
[runlim] sample:		827.26 time, 830.01 real, 4 MB, 2.30 load
[runlim] sample:		837.22 time, 840.01 real, 4 MB, 2.25 load
[runlim] sample:		847.18 time, 850.01 real, 4 MB, 2.21 load
[runlim] sample:		857.14 time, 860.01 real, 4 MB, 2.18 load
[runlim] sample:		867.11 time, 870.01 real, 4 MB, 2.07 load
[runlim] sample:		877.08 time, 880.01 real, 4 MB, 1.91 load
[runlim] sample:		887.05 time, 890.01 real, 4 MB, 1.77 load
[runlim] sample:		897.02 time, 900.01 real, 4 MB, 1.65 load
[runlim] sample:		906.99 time, 910.01 real, 4 MB, 1.55 load
[runlim] sample:		916.96 time, 920.01 real, 4 MB, 1.46 load
[runlim] sample:		926.93 time, 930.01 real, 4 MB, 1.39 load
[runlim] sample:		936.90 time, 940.01 real, 4 MB, 1.33 load
[runlim] sample:		946.87 time, 950.01 real, 4 MB, 1.28 load
[runlim] sample:		956.84 time, 960.01 real, 4 MB, 1.24 load
[runlim] sample:		966.81 time, 970.01 real, 4 MB, 1.20 load
[runlim] sample:		976.78 time, 980.01 real, 4 MB, 1.17 load
[runlim] sample:		986.75 time, 990.01 real, 4 MB, 1.14 load
[runlim] sample:		996.71 time, 1000.01 real, 4 MB, 1.12 load
[runlim] sample:		1006.68 time, 1010.01 real, 4 MB, 1.10 load
[runlim] sample:		1016.66 time, 1020.01 real, 4 MB, 1.08 load
[runlim] sample:		1026.62 time, 1030.01 real, 4 MB, 1.07 load
[runlim] sample:		1036.59 time, 1040.01 real, 4 MB, 1.06 load
[runlim] sample:		1046.56 time, 1050.01 real, 4 MB, 1.05 load
[runlim] sample:		1056.53 time, 1060.01 real, 4 MB, 1.04 load
[runlim] sample:		1066.50 time, 1070.01 real, 4 MB, 1.04 load
[runlim] sample:		1076.47 time, 1080.01 real, 4 MB, 1.03 load
[runlim] sample:		1086.44 time, 1090.01 real, 4 MB, 1.02 load
[runlim] sample:		1096.41 time, 1100.01 real, 4 MB, 1.02 load
[runlim] sample:		1106.38 time, 1110.01 real, 4 MB, 1.02 load
[runlim] sample:		1116.35 time, 1120.01 real, 4 MB, 1.01 load
[runlim] sample:		1126.32 time, 1130.01 real, 4 MB, 1.01 load
[runlim] sample:		1136.29 time, 1140.01 real, 4 MB, 1.01 load
[runlim] sample:		1146.26 time, 1150.01 real, 4 MB, 1.01 load
[runlim] sample:		1156.23 time, 1160.01 real, 4 MB, 1.09 load
[runlim] sample:		1166.20 time, 1170.01 real, 4 MB, 1.07 load
[runlim] sample:		1176.17 time, 1180.01 real, 4 MB, 1.06 load
[runlim] sample:		1186.14 time, 1190.01 real, 4 MB, 1.05 load
[runlim] sample:		1196.11 time, 1200.01 real, 4 MB, 1.04 load
[runlim] sample:		1206.08 time, 1210.01 real, 4 MB, 1.04 load
[runlim] sample:		1216.05 time, 1220.01 real, 4 MB, 1.11 load
[runlim] sample:		1226.02 time, 1230.01 real, 4 MB, 1.09 load
[runlim] sample:		1235.99 time, 1240.01 real, 4 MB, 1.08 load
[runlim] sample:		1245.96 time, 1250.01 real, 4 MB, 1.07 load
[runlim] sample:		1255.93 time, 1260.01 real, 4 MB, 1.06 load
[runlim] sample:		1265.90 time, 1270.01 real, 4 MB, 1.05 load
[runlim] sample:		1275.87 time, 1280.01 real, 4 MB, 1.12 load
[runlim] sample:		1285.83 time, 1290.01 real, 4 MB, 1.10 load
[runlim] sample:		1295.80 time, 1300.01 real, 4 MB, 1.08 load
[runlim] sample:		1305.77 time, 1310.01 real, 4 MB, 1.07 load
[runlim] sample:		1315.74 time, 1320.01 real, 4 MB, 1.06 load
[runlim] sample:		1325.71 time, 1330.01 real, 4 MB, 1.05 load
[runlim] sample:		1335.68 time, 1340.01 real, 4 MB, 1.04 load
[runlim] sample:		1345.65 time, 1350.01 real, 4 MB, 1.04 load
[runlim] sample:		1355.62 time, 1360.01 real, 4 MB, 1.11 load
[runlim] sample:		1365.58 time, 1370.01 real, 4 MB, 1.09 load
[runlim] sample:		1375.55 time, 1380.01 real, 4 MB, 1.08 load
[runlim] sample:		1385.53 time, 1390.01 real, 4 MB, 1.07 load
[runlim] sample:		1395.50 time, 1400.01 real, 4 MB, 1.06 load
[runlim] sample:		1405.47 time, 1410.01 real, 4 MB, 1.05 load
[runlim] sample:		1415.44 time, 1420.01 real, 4 MB, 1.12 load
[runlim] sample:		1425.41 time, 1430.01 real, 4 MB, 1.10 load
[runlim] sample:		1435.38 time, 1440.01 real, 4 MB, 1.08 load
[runlim] sample:		1445.35 time, 1450.01 real, 4 MB, 1.07 load
[runlim] sample:		1455.32 time, 1460.01 real, 4 MB, 1.06 load
[runlim] sample:		1465.29 time, 1470.01 real, 4 MB, 1.06 load
[runlim] sample:		1475.25 time, 1480.01 real, 4 MB, 1.05 load
[runlim] sample:		1485.22 time, 1490.01 real, 4 MB, 1.11 load
[runlim] sample:		1495.19 time, 1500.01 real, 4 MB, 1.09 load
[runlim] sample:		1505.16 time, 1510.01 real, 4 MB, 1.08 load
[runlim] sample:		1515.13 time, 1520.01 real, 4 MB, 1.07 load
[runlim] sample:		1525.10 time, 1530.01 real, 4 MB, 1.06 load
[runlim] sample:		1535.07 time, 1540.01 real, 4 MB, 1.05 load
[runlim] sample:		1545.04 time, 1550.01 real, 4 MB, 1.04 load
[runlim] sample:		1555.01 time, 1560.01 real, 4 MB, 1.03 load
[runlim] sample:		1564.98 time, 1570.01 real, 4 MB, 1.10 load
[runlim] sample:		1574.94 time, 1580.01 real, 4 MB, 1.08 load
[runlim] sample:		1584.91 time, 1590.01 real, 4 MB, 1.07 load
[runlim] sample:		1594.88 time, 1600.01 real, 4 MB, 1.06 load
[runlim] sample:		1604.85 time, 1610.01 real, 4 MB, 1.05 load
[runlim] sample:		1614.82 time, 1620.01 real, 4 MB, 1.04 load
[runlim] sample:		1624.78 time, 1630.01 real, 4 MB, 1.11 load
[runlim] sample:		1634.75 time, 1640.01 real, 4 MB, 1.09 load
[runlim] sample:		1644.72 time, 1650.01 real, 4 MB, 1.08 load
[runlim] sample:		1654.69 time, 1660.01 real, 4 MB, 1.07 load
[runlim] sample:		1664.66 time, 1670.01 real, 4 MB, 1.06 load
[runlim] sample:		1674.63 time, 1680.01 real, 4 MB, 1.05 load
[runlim] sample:		1684.60 time, 1690.01 real, 4 MB, 1.04 load
[runlim] sample:		1694.57 time, 1700.01 real, 4 MB, 1.03 load
[runlim] sample:		1704.54 time, 1710.01 real, 4 MB, 1.03 load
[runlim] sample:		1714.51 time, 1720.01 real, 4 MB, 1.02 load
[runlim] sample:		1724.48 time, 1730.01 real, 4 MB, 1.02 load
[runlim] sample:		1734.45 time, 1740.01 real, 4 MB, 1.02 load
[runlim] sample:		1744.42 time, 1750.01 real, 4 MB, 1.01 load
[runlim] sample:		1754.39 time, 1760.01 real, 4 MB, 1.01 load
[runlim] sample:		1764.35 time, 1770.01 real, 4 MB, 1.08 load
[runlim] sample:		1774.32 time, 1780.01 real, 4 MB, 1.07 load
[runlim] sample:		1784.29 time, 1790.01 real, 4 MB, 1.06 load
[runlim] sample:		1794.26 time, 1800.01 real, 4 MB, 1.05 load
[runlim] sample:		1804.23 time, 1810.01 real, 4 MB, 1.04 load
[runlim] sample:		1814.20 time, 1820.01 real, 4 MB, 1.03 load
[runlim] sample:		1824.17 time, 1830.01 real, 4 MB, 1.10 load
[runlim] sample:		1834.13 time, 1840.01 real, 4 MB, 1.09 load
[runlim] sample:		1844.10 time, 1850.01 real, 4 MB, 1.07 load
[runlim] sample:		1854.07 time, 1860.01 real, 4 MB, 1.06 load
[runlim] sample:		1864.04 time, 1870.01 real, 4 MB, 1.05 load
[runlim] sample:		1874.01 time, 1880.01 real, 4 MB, 1.04 load
[runlim] sample:		1883.98 time, 1890.01 real, 4 MB, 1.11 load
[runlim] sample:		1893.95 time, 1900.01 real, 4 MB, 1.09 load
[runlim] sample:		1903.92 time, 1910.01 real, 4 MB, 1.08 load
[runlim] sample:		1913.89 time, 1920.01 real, 4 MB, 1.07 load
[runlim] sample:		1923.86 time, 1930.01 real, 4 MB, 1.06 load
[runlim] sample:		1933.83 time, 1940.01 real, 4 MB, 1.05 load
[runlim] sample:		1943.80 time, 1950.01 real, 4 MB, 1.04 load
[runlim] sample:		1953.76 time, 1960.01 real, 4 MB, 1.03 load
[runlim] sample:		1963.73 time, 1970.01 real, 4 MB, 1.10 load
[runlim] sample:		1973.70 time, 1980.01 real, 4 MB, 1.08 load
[runlim] sample:		1983.67 time, 1990.01 real, 4 MB, 1.07 load
[runlim] sample:		1993.64 time, 2000.01 real, 4 MB, 1.06 load
[runlim] sample:		2003.61 time, 2010.01 real, 4 MB, 1.05 load
[runlim] sample:		2013.58 time, 2020.01 real, 4 MB, 1.04 load
[runlim] sample:		2023.55 time, 2030.01 real, 4 MB, 1.04 load
[runlim] sample:		2033.52 time, 2040.01 real, 4 MB, 1.03 load
[runlim] sample:		2043.49 time, 2050.01 real, 4 MB, 1.02 load
[runlim] sample:		2053.46 time, 2060.01 real, 4 MB, 1.02 load
[runlim] sample:		2063.43 time, 2070.01 real, 4 MB, 1.02 load
[runlim] sample:		2073.40 time, 2080.01 real, 4 MB, 1.01 load
[runlim] sample:		2083.37 time, 2090.01 real, 4 MB, 1.01 load
[runlim] sample:		2093.33 time, 2100.01 real, 4 MB, 1.01 load
[runlim] sample:		2103.30 time, 2110.01 real, 4 MB, 1.01 load
[runlim] sample:		2113.27 time, 2120.01 real, 4 MB, 1.01 load
[runlim] sample:		2123.24 time, 2130.01 real, 4 MB, 1.00 load
[runlim] sample:		2133.21 time, 2140.01 real, 4 MB, 1.00 load
[runlim] sample:		2143.18 time, 2150.01 real, 4 MB, 1.08 load
[runlim] sample:		2153.15 time, 2160.01 real, 4 MB, 1.06 load
[runlim] sample:		2163.12 time, 2170.01 real, 4 MB, 1.05 load
[runlim] sample:		2173.09 time, 2180.01 real, 4 MB, 1.05 load
[runlim] sample:		2183.06 time, 2190.01 real, 4 MB, 1.04 load
[runlim] sample:		2193.03 time, 2200.01 real, 4 MB, 1.03 load
[runlim] sample:		2203.00 time, 2210.01 real, 4 MB, 1.03 load
[runlim] sample:		2212.97 time, 2220.01 real, 4 MB, 1.02 load
[runlim] sample:		2222.93 time, 2230.01 real, 4 MB, 1.09 load
[runlim] sample:		2232.90 time, 2240.01 real, 4 MB, 1.08 load
[runlim] sample:		2242.87 time, 2250.01 real, 4 MB, 1.07 load
[runlim] sample:		2252.84 time, 2260.01 real, 4 MB, 1.06 load
[runlim] sample:		2262.81 time, 2270.01 real, 4 MB, 1.05 load
[runlim] sample:		2272.78 time, 2280.01 real, 4 MB, 1.04 load
[runlim] sample:		2282.75 time, 2290.01 real, 4 MB, 1.11 load
[runlim] sample:		2292.72 time, 2300.01 real, 4 MB, 1.09 load
[runlim] sample:		2302.69 time, 2310.01 real, 4 MB, 1.08 load
[runlim] sample:		2312.66 time, 2320.01 real, 4 MB, 1.06 load
[runlim] sample:		2322.63 time, 2330.01 real, 4 MB, 1.05 load
[runlim] sample:		2332.60 time, 2340.01 real, 4 MB, 1.04 load
[runlim] sample:		2342.57 time, 2350.01 real, 4 MB, 1.04 load
[runlim] sample:		2352.54 time, 2360.01 real, 4 MB, 1.03 load
[runlim] sample:		2362.51 time, 2370.01 real, 4 MB, 1.03 load
[runlim] sample:		2372.47 time, 2380.01 real, 4 MB, 1.02 load
[runlim] sample:		2382.45 time, 2390.01 real, 4 MB, 1.02 load
[runlim] sample:		2392.42 time, 2400.01 real, 4 MB, 1.01 load
[runlim] sample:		2402.39 time, 2410.01 real, 4 MB, 1.01 load
[runlim] sample:		2412.36 time, 2420.01 real, 4 MB, 1.01 load
[runlim] sample:		2422.33 time, 2430.01 real, 4 MB, 1.01 load
[runlim] sample:		2432.30 time, 2440.01 real, 4 MB, 1.01 load
[runlim] sample:		2442.27 time, 2450.01 real, 4 MB, 1.00 load
[runlim] sample:		2452.24 time, 2460.01 real, 4 MB, 1.00 load
[runlim] sample:		2462.21 time, 2470.01 real, 4 MB, 1.00 load
[runlim] sample:		2472.18 time, 2480.01 real, 4 MB, 1.00 load
[runlim] sample:		2482.14 time, 2490.01 real, 4 MB, 1.07 load
[runlim] sample:		2492.11 time, 2500.01 real, 4 MB, 1.06 load
[runlim] sample:		2502.08 time, 2510.01 real, 4 MB, 1.05 load
[runlim] sample:		2512.05 time, 2520.01 real, 4 MB, 1.28 load
[runlim] sample:		2522.02 time, 2530.01 real, 4 MB, 1.24 load
[runlim] sample:		2531.99 time, 2540.01 real, 4 MB, 1.20 load
[runlim] sample:		2541.96 time, 2550.01 real, 4 MB, 1.17 load
[runlim] sample:		2551.93 time, 2560.01 real, 4 MB, 1.14 load
[runlim] sample:		2561.90 time, 2570.01 real, 4 MB, 1.12 load
[runlim] sample:		2571.87 time, 2580.01 real, 4 MB, 1.10 load
[runlim] sample:		2581.84 time, 2590.01 real, 4 MB, 1.09 load
[runlim] sample:		2591.81 time, 2600.01 real, 4 MB, 1.07 load
[runlim] sample:		2601.78 time, 2610.01 real, 4 MB, 1.06 load
[runlim] sample:		2611.75 time, 2620.01 real, 4 MB, 1.05 load
[runlim] sample:		2621.71 time, 2630.01 real, 4 MB, 1.04 load
[runlim] sample:		2631.68 time, 2640.01 real, 4 MB, 1.04 load
[runlim] sample:		2641.65 time, 2650.01 real, 4 MB, 1.03 load
[runlim] sample:		2651.63 time, 2660.01 real, 4 MB, 1.02 load
[runlim] sample:		2661.60 time, 2670.01 real, 4 MB, 1.02 load
[runlim] sample:		2671.56 time, 2680.01 real, 4 MB, 1.02 load
[runlim] sample:		2681.53 time, 2690.01 real, 4 MB, 1.01 load
[runlim] sample:		2691.50 time, 2700.01 real, 4 MB, 1.01 load
[runlim] sample:		2701.47 time, 2710.01 real, 4 MB, 1.01 load
[runlim] sample:		2711.44 time, 2720.01 real, 4 MB, 1.01 load
[runlim] sample:		2721.41 time, 2730.01 real, 4 MB, 1.01 load
[runlim] sample:		2731.38 time, 2740.01 real, 4 MB, 1.00 load
[runlim] sample:		2741.35 time, 2750.01 real, 4 MB, 1.00 load
[runlim] sample:		2751.32 time, 2760.01 real, 4 MB, 1.00 load
[runlim] sample:		2761.29 time, 2770.01 real, 4 MB, 1.08 load
[runlim] sample:		2771.26 time, 2780.01 real, 4 MB, 1.07 load
[runlim] sample:		2781.23 time, 2790.01 real, 4 MB, 1.06 load
[runlim] sample:		2791.20 time, 2800.01 real, 4 MB, 1.12 load
[runlim] sample:		2801.17 time, 2810.01 real, 4 MB, 1.10 load
[runlim] sample:		2811.14 time, 2820.01 real, 4 MB, 1.09 load
[runlim] sample:		2821.10 time, 2830.01 real, 4 MB, 1.15 load
[runlim] sample:		2831.07 time, 2840.01 real, 4 MB, 1.13 load
[runlim] sample:		2841.04 time, 2850.01 real, 4 MB, 1.11 load
[runlim] sample:		2851.01 time, 2860.01 real, 4 MB, 1.09 load
[runlim] sample:		2860.98 time, 2870.01 real, 4 MB, 1.08 load
[runlim] sample:		2870.95 time, 2880.01 real, 4 MB, 1.06 load
[runlim] sample:		2880.92 time, 2890.01 real, 4 MB, 1.14 load
[runlim] sample:		2890.89 time, 2900.01 real, 4 MB, 1.11 load
[runlim] sample:		2900.86 time, 2910.01 real, 4 MB, 1.10 load
[runlim] sample:		2910.83 time, 2920.01 real, 4 MB, 1.08 load
[runlim] sample:		2920.80 time, 2930.01 real, 4 MB, 1.07 load
[runlim] sample:		2930.77 time, 2940.01 real, 4 MB, 1.06 load
[runlim] sample:		2940.74 time, 2950.01 real, 4 MB, 1.05 load
[runlim] sample:		2950.71 time, 2960.01 real, 4 MB, 1.11 load
[runlim] sample:		2960.68 time, 2970.01 real, 4 MB, 1.10 load
[runlim] sample:		2970.65 time, 2980.01 real, 4 MB, 1.16 load
[runlim] sample:		2980.62 time, 2990.01 real, 4 MB, 1.14 load
[runlim] sample:		2990.59 time, 3000.01 real, 4 MB, 1.11 load
[runlim] sample:		3000.56 time, 3010.01 real, 4 MB, 1.10 load
[runlim] sample:		3010.52 time, 3020.01 real, 4 MB, 1.15 load
[runlim] sample:		3020.50 time, 3030.01 real, 4 MB, 1.13 load
[runlim] sample:		3030.46 time, 3040.01 real, 4 MB, 1.11 load
[runlim] sample:		3040.43 time, 3050.01 real, 4 MB, 1.09 load
[runlim] sample:		3050.41 time, 3060.01 real, 4 MB, 1.08 load
[runlim] sample:		3060.37 time, 3070.01 real, 4 MB, 1.07 load
[runlim] sample:		3070.34 time, 3080.01 real, 4 MB, 1.13 load
[runlim] sample:		3080.31 time, 3090.01 real, 4 MB, 1.11 load
[runlim] sample:		3090.28 time, 3100.01 real, 4 MB, 1.09 load
[runlim] sample:		3100.25 time, 3110.01 real, 4 MB, 1.08 load
[runlim] sample:		3110.22 time, 3120.01 real, 4 MB, 1.06 load
[runlim] sample:		3120.19 time, 3130.01 real, 4 MB, 1.05 load
[runlim] sample:		3130.16 time, 3140.01 real, 4 MB, 1.12 load
[runlim] sample:		3140.13 time, 3150.01 real, 4 MB, 1.10 load
[runlim] sample:		3150.10 time, 3160.01 real, 4 MB, 1.08 load
[runlim] sample:		3160.07 time, 3170.01 real, 4 MB, 1.07 load
[runlim] sample:		3170.04 time, 3180.01 real, 4 MB, 1.06 load
[runlim] sample:		3180.01 time, 3190.01 real, 4 MB, 1.05 load
[runlim] sample:		3189.97 time, 3200.01 real, 4 MB, 1.12 load
[runlim] sample:		3199.95 time, 3210.01 real, 4 MB, 1.10 load
[runlim] sample:		3209.91 time, 3220.01 real, 4 MB, 1.08 load
[runlim] sample:		3219.88 time, 3230.01 real, 4 MB, 1.07 load
[runlim] sample:		3229.85 time, 3240.01 real, 4 MB, 1.06 load
[runlim] sample:		3239.82 time, 3250.01 real, 4 MB, 1.05 load
[runlim] sample:		3249.79 time, 3260.01 real, 4 MB, 1.12 load
[runlim] sample:		3259.75 time, 3270.01 real, 4 MB, 1.26 load
[runlim] sample:		3269.72 time, 3280.01 real, 4 MB, 1.22 load
[runlim] sample:		3279.69 time, 3290.01 real, 4 MB, 1.26 load
[runlim] sample:		3289.66 time, 3300.01 real, 4 MB, 1.22 load
[runlim] sample:		3299.63 time, 3310.01 real, 4 MB, 1.18 load
[runlim] sample:		3309.60 time, 3320.01 real, 4 MB, 1.15 load
[runlim] sample:		3319.57 time, 3330.01 real, 4 MB, 1.20 load
[runlim] sample:		3329.54 time, 3340.01 real, 4 MB, 1.17 load
[runlim] sample:		3339.51 time, 3350.01 real, 4 MB, 1.15 load
[runlim] sample:		3349.48 time, 3360.01 real, 4 MB, 1.28 load
[runlim] sample:		3359.45 time, 3370.01 real, 4 MB, 1.39 load
[runlim] sample:		3369.41 time, 3380.01 real, 4 MB, 1.48 load
[runlim] sample:		3379.38 time, 3390.01 real, 4 MB, 1.64 load
[runlim] sample:		3389.35 time, 3400.01 real, 4 MB, 1.77 load
[runlim] sample:		3399.32 time, 3410.01 real, 4 MB, 1.80 load
[runlim] sample:		3409.29 time, 3420.01 real, 4 MB, 1.83 load
[runlim] sample:		3419.26 time, 3430.01 real, 4 MB, 1.93 load
[runlim] sample:		3429.23 time, 3440.01 real, 4 MB, 1.94 load
[runlim] sample:		3439.20 time, 3450.01 real, 4 MB, 1.80 load
[runlim] sample:		3449.17 time, 3460.01 real, 4 MB, 1.68 load
[runlim] sample:		3459.13 time, 3470.01 real, 4 MB, 1.57 load
[runlim] sample:		3469.10 time, 3480.01 real, 4 MB, 1.48 load
[runlim] sample:		3479.07 time, 3490.01 real, 4 MB, 1.41 load
[runlim] sample:		3489.04 time, 3500.01 real, 5 MB, 1.43 load
[runlim] sample:		3499.01 time, 3510.01 real, 5 MB, 1.36 load
[runlim] sample:		3508.98 time, 3520.01 real, 5 MB, 1.30 load
[runlim] sample:		3518.95 time, 3530.01 real, 5 MB, 1.34 load
[runlim] sample:		3528.92 time, 3540.01 real, 5 MB, 1.29 load
[runlim] sample:		3538.89 time, 3550.01 real, 5 MB, 1.24 load
[runlim] sample:		3548.86 time, 3560.01 real, 5 MB, 1.20 load
[runlim] sample:		3558.83 time, 3570.01 real, 5 MB, 1.17 load
[runlim] sample:		3568.80 time, 3580.01 real, 5 MB, 1.14 load
[runlim] sample:		3578.76 time, 3590.01 real, 5 MB, 1.20 load
[runlim] sample:		3588.73 time, 3600.01 real, 5 MB, 1.17 load
[runlim] sample:		3598.71 time, 3610.01 real, 5 MB, 1.14 load
[runlim] sample:		3608.68 time, 3620.01 real, 5 MB, 1.12 load
[runlim] sample:		3618.65 time, 3630.01 real, 5 MB, 1.10 load
[runlim] sample:		3628.61 time, 3640.01 real, 5 MB, 1.09 load
[runlim] sample:		3638.58 time, 3650.01 real, 5 MB, 1.07 load
[runlim] sample:		3648.55 time, 3660.01 real, 5 MB, 1.06 load
[runlim] sample:		3658.52 time, 3670.01 real, 5 MB, 1.05 load
[runlim] sample:		3668.49 time, 3680.01 real, 5 MB, 1.04 load
[runlim] sample:		3678.46 time, 3690.01 real, 5 MB, 1.04 load
[runlim] sample:		3688.43 time, 3700.01 real, 5 MB, 1.03 load
[runlim] sample:		3698.40 time, 3710.01 real, 5 MB, 1.02 load
[runlim] sample:		3708.38 time, 3720.01 real, 5 MB, 1.02 load
[runlim] sample:		3718.34 time, 3730.01 real, 5 MB, 1.02 load
[runlim] sample:		3728.31 time, 3740.01 real, 5 MB, 1.01 load
[runlim] sample:		3738.28 time, 3750.01 real, 5 MB, 1.01 load
[runlim] sample:		3748.25 time, 3760.01 real, 5 MB, 1.01 load
[runlim] sample:		3758.22 time, 3770.01 real, 5 MB, 1.01 load
[runlim] sample:		3768.19 time, 3780.01 real, 5 MB, 1.01 load
[runlim] sample:		3778.16 time, 3790.01 real, 5 MB, 1.08 load
[runlim] sample:		3788.13 time, 3800.01 real, 5 MB, 1.07 load
[runlim] sample:		3798.10 time, 3810.01 real, 5 MB, 1.06 load
[runlim] sample:		3808.07 time, 3820.01 real, 5 MB, 1.05 load
[runlim] sample:		3818.04 time, 3830.01 real, 5 MB, 1.04 load
[runlim] sample:		3828.01 time, 3840.01 real, 5 MB, 1.03 load
[runlim] sample:		3837.98 time, 3850.01 real, 5 MB, 1.03 load
[runlim] sample:		3847.95 time, 3860.01 real, 5 MB, 1.02 load
[runlim] sample:		3857.92 time, 3870.01 real, 5 MB, 1.10 load
[runlim] sample:		3867.89 time, 3880.01 real, 5 MB, 1.08 load
[runlim] sample:		3877.86 time, 3890.01 real, 5 MB, 1.07 load
[runlim] sample:		3887.83 time, 3900.01 real, 5 MB, 1.06 load
[runlim] sample:		3897.80 time, 3910.01 real, 5 MB, 1.05 load
[runlim] sample:		3907.77 time, 3920.01 real, 5 MB, 1.04 load
[runlim] sample:		3917.73 time, 3930.01 real, 5 MB, 1.12 load
[runlim] sample:		3927.70 time, 3940.01 real, 5 MB, 1.10 load
[runlim] sample:		3937.67 time, 3950.01 real, 5 MB, 1.08 load
[runlim] sample:		3947.64 time, 3960.01 real, 5 MB, 1.07 load
[runlim] sample:		3957.61 time, 3970.01 real, 5 MB, 1.06 load
[runlim] sample:		3967.58 time, 3980.01 real, 5 MB, 1.05 load
[runlim] sample:		3977.55 time, 3990.01 real, 5 MB, 1.12 load
[runlim] sample:		3987.52 time, 4000.01 real, 5 MB, 1.18 load
[runlim] sample:		3997.49 time, 4010.01 real, 5 MB, 1.15 load
[runlim] sample:		4007.45 time, 4020.01 real, 5 MB, 1.20 load
[runlim] sample:		4017.42 time, 4030.01 real, 5 MB, 1.17 load
[runlim] sample:		4027.39 time, 4040.01 real, 5 MB, 1.14 load
[runlim] sample:		4037.36 time, 4050.01 real, 5 MB, 1.12 load
[runlim] sample:		4047.33 time, 4060.01 real, 5 MB, 1.10 load
[runlim] sample:		4057.30 time, 4070.01 real, 5 MB, 1.16 load
[runlim] sample:		4067.27 time, 4080.01 real, 5 MB, 1.13 load
[runlim] sample:		4077.24 time, 4090.01 real, 5 MB, 1.11 load
[runlim] sample:		4087.21 time, 4100.01 real, 5 MB, 1.10 load
[runlim] sample:		4097.18 time, 4110.01 real, 5 MB, 1.08 load
[runlim] sample:		4107.15 time, 4120.01 real, 5 MB, 1.07 load
[runlim] sample:		4117.11 time, 4130.01 real, 5 MB, 1.13 load
[runlim] sample:		4127.08 time, 4140.01 real, 5 MB, 1.11 load
[runlim] sample:		4137.06 time, 4150.01 real, 5 MB, 1.09 load
[runlim] sample:		4147.03 time, 4160.01 real, 5 MB, 1.08 load
[runlim] sample:		4157.00 time, 4170.01 real, 5 MB, 1.07 load
[runlim] sample:		4166.96 time, 4180.01 real, 5 MB, 1.06 load
[runlim] sample:		4176.93 time, 4190.01 real, 5 MB, 1.12 load
[runlim] sample:		4186.90 time, 4200.01 real, 5 MB, 1.10 load
[runlim] sample:		4196.87 time, 4210.01 real, 5 MB, 1.08 load
[runlim] sample:		4206.84 time, 4220.01 real, 5 MB, 1.07 load
[runlim] sample:		4216.81 time, 4230.01 real, 5 MB, 1.06 load
[runlim] sample:		4226.78 time, 4240.01 real, 5 MB, 1.05 load
[runlim] sample:		4236.75 time, 4250.01 real, 5 MB, 1.04 load
[runlim] sample:		4246.72 time, 4260.01 real, 5 MB, 1.04 load
[runlim] sample:		4256.68 time, 4270.01 real, 5 MB, 1.03 load
[runlim] sample:		4266.65 time, 4280.01 real, 5 MB, 1.02 load
[runlim] sample:		4276.62 time, 4290.01 real, 5 MB, 1.02 load
[runlim] sample:		4286.59 time, 4300.01 real, 5 MB, 1.02 load
[runlim] sample:		4296.55 time, 4310.01 real, 5 MB, 1.01 load
[runlim] sample:		4306.52 time, 4320.01 real, 5 MB, 1.01 load
[runlim] sample:		4316.49 time, 4330.01 real, 5 MB, 1.01 load
[runlim] sample:		4326.46 time, 4340.01 real, 5 MB, 1.01 load
[runlim] sample:		4336.43 time, 4350.01 real, 5 MB, 1.01 load
[runlim] sample:		4346.40 time, 4360.01 real, 5 MB, 1.00 load
[runlim] sample:		4356.36 time, 4370.01 real, 5 MB, 1.00 load
[runlim] sample:		4366.33 time, 4380.01 real, 5 MB, 1.00 load
[runlim] sample:		4376.30 time, 4390.01 real, 5 MB, 1.00 load
[runlim] sample:		4386.27 time, 4400.01 real, 5 MB, 1.00 load
[runlim] sample:		4396.24 time, 4410.01 real, 5 MB, 1.00 load
[runlim] sample:		4406.21 time, 4420.01 real, 5 MB, 1.00 load
[runlim] sample:		4416.18 time, 4430.01 real, 5 MB, 1.00 load
[runlim] sample:		4426.15 time, 4440.01 real, 5 MB, 1.00 load
[runlim] sample:		4436.12 time, 4450.01 real, 5 MB, 1.00 load
[runlim] sample:		4446.09 time, 4460.01 real, 5 MB, 1.00 load
[runlim] sample:		4456.06 time, 4470.01 real, 5 MB, 1.07 load
[runlim] sample:		4466.02 time, 4480.01 real, 5 MB, 1.06 load
[runlim] sample:		4475.99 time, 4490.01 real, 5 MB, 1.05 load
[runlim] sample:		4485.96 time, 4500.01 real, 5 MB, 1.04 load
[runlim] sample:		4495.93 time, 4510.01 real, 5 MB, 1.04 load
[runlim] sample:		4505.90 time, 4520.01 real, 5 MB, 1.03 load
[runlim] sample:		4515.87 time, 4530.01 real, 5 MB, 1.10 load
[runlim] sample:		4525.84 time, 4540.01 real, 5 MB, 1.08 load
[runlim] sample:		4535.81 time, 4550.01 real, 5 MB, 1.07 load
[runlim] sample:		4545.78 time, 4560.01 real, 5 MB, 1.06 load
[runlim] sample:		4555.75 time, 4570.01 real, 5 MB, 1.05 load
[runlim] sample:		4565.72 time, 4580.01 real, 5 MB, 1.04 load
[runlim] sample:		4575.69 time, 4590.01 real, 5 MB, 1.11 load
[runlim] sample:		4585.65 time, 4600.01 real, 5 MB, 1.17 load
[runlim] sample:		4595.62 time, 4610.01 real, 5 MB, 1.14 load
[runlim] sample:		4605.59 time, 4620.01 real, 5 MB, 1.12 load
[runlim] sample:		4615.56 time, 4630.01 real, 5 MB, 1.10 load
[runlim] sample:		4625.53 time, 4640.01 real, 5 MB, 1.08 load
[runlim] sample:		4635.50 time, 4650.01 real, 5 MB, 1.07 load
[runlim] sample:		4645.47 time, 4660.01 real, 5 MB, 1.06 load
[runlim] sample:		4655.44 time, 4670.01 real, 5 MB, 1.13 load
[runlim] sample:		4665.41 time, 4680.01 real, 5 MB, 1.11 load
[runlim] sample:		4675.38 time, 4690.01 real, 5 MB, 1.09 load
[runlim] sample:		4685.35 time, 4700.01 real, 5 MB, 1.08 load
[runlim] sample:		4695.32 time, 4710.01 real, 5 MB, 1.07 load
[runlim] sample:		4705.29 time, 4720.01 real, 5 MB, 1.06 load
[runlim] sample:		4715.25 time, 4730.01 real, 5 MB, 1.13 load
[runlim] sample:		4725.22 time, 4740.01 real, 5 MB, 1.11 load
[runlim] sample:		4735.19 time, 4750.01 real, 5 MB, 1.09 load
[runlim] sample:		4745.16 time, 4760.01 real, 5 MB, 1.08 load
[runlim] sample:		4755.13 time, 4770.01 real, 5 MB, 1.06 load
[runlim] sample:		4765.10 time, 4780.01 real, 5 MB, 1.05 load
[runlim] sample:		4775.07 time, 4790.01 real, 5 MB, 1.12 load
[runlim] sample:		4785.04 time, 4800.01 real, 5 MB, 1.11 load
[runlim] sample:		4795.01 time, 4810.01 real, 5 MB, 1.09 load
[runlim] sample:		4804.98 time, 4820.01 real, 5 MB, 1.07 load
[runlim] sample:		4814.95 time, 4830.01 real, 5 MB, 1.06 load
[runlim] sample:		4824.92 time, 4840.01 real, 5 MB, 1.05 load
[runlim] sample:		4834.89 time, 4850.01 real, 5 MB, 1.04 load
[runlim] sample:		4844.85 time, 4860.01 real, 5 MB, 1.11 load
[runlim] sample:		4854.83 time, 4870.01 real, 5 MB, 1.09 load
[runlim] sample:		4864.79 time, 4880.01 real, 5 MB, 1.08 load
[runlim] sample:		4874.76 time, 4890.01 real, 5 MB, 1.07 load
[runlim] sample:		4884.73 time, 4900.01 real, 5 MB, 1.06 load
[runlim] sample:		4894.70 time, 4910.01 real, 5 MB, 1.05 load
[runlim] sample:		4904.67 time, 4920.01 real, 5 MB, 1.11 load
[runlim] sample:		4914.64 time, 4930.01 real, 5 MB, 1.10 load
[runlim] sample:		4924.61 time, 4940.01 real, 5 MB, 1.08 load
[runlim] sample:		4934.58 time, 4950.01 real, 5 MB, 1.07 load
[runlim] sample:		4944.55 time, 4960.01 real, 5 MB, 1.06 load
[runlim] sample:		4954.52 time, 4970.01 real, 5 MB, 1.05 load
[runlim] sample:		4964.49 time, 4980.01 real, 5 MB, 1.11 load
[runlim] sample:		4974.46 time, 4990.01 real, 5 MB, 1.10 load
[runlim] sample:		4984.43 time, 5000.01 real, 5 MB, 1.08 load
[runlim] end:			Sat Mar 14 13:27:48 2026
[runlim] status:		out of time
[runlim] result:		2
[runlim] children:		1
[runlim] processes:		2
[runlim] real:			5000.05 seconds
[runlim] time:			4984.43 seconds
[runlim] space:			5 MB
[runlim] load:			5.95 maximum
[runlim] samples:		50000
