[runlim] version:		2.0.0rc1
[runlim] host:			p06n20
[runlim] time limit:		311040000 seconds
[runlim] real time limit:	5000 seconds
[runlim] space limit:		7000 MB
[runlim] argv[0]:		./binary
[runlim] argv[1]:		-c
[runlim] argv[2]:		-f
[runlim] argv[3]:		/tmp/local-unzipped-12158327-1-25-BMS_k3_n100_m429_60.cnf
[runlim] start:			Sat Mar 14 12:03:55 2026
[runlim] child:			1700479
[runlim] end:			Sat Mar 14 12:03:59 2026
[runlim] status:		ok
[runlim] result:		0
[runlim] children:		1
[runlim] processes:		2
[runlim] real:			3.91 seconds
[runlim] time:			3.79 seconds
[runlim] space:			5 MB
[runlim] load:			3.28 maximum
[runlim] samples:		38
