[runlim] version:		2.0.0rc1
[runlim] host:			m10n01
[runlim] time limit:		311040000 seconds
[runlim] real time limit:	5000 seconds
[runlim] space limit:		7000 MB
[runlim] argv[0]:		./binary
[runlim] argv[1]:		-c
[runlim] argv[2]:		-f
[runlim] argv[3]:		/tmp/local-unzipped-12158327-6-362-BMS_k3_n100_m429_260.cnf
[runlim] start:			Sat Mar 14 12:59:09 2026
[runlim] child:			3027849
[runlim] sample:		9.96 time, 10.01 real, 4 MB, 30.97 load
[runlim] sample:		19.93 time, 20.01 real, 4 MB, 27.90 load
[runlim] sample:		29.89 time, 30.01 real, 4 MB, 25.61 load
[runlim] sample:		39.86 time, 40.01 real, 4 MB, 23.37 load
[runlim] sample:		49.82 time, 50.01 real, 4 MB, 21.31 load
[runlim] sample:		59.79 time, 60.01 real, 4 MB, 19.57 load
[runlim] sample:		69.75 time, 70.01 real, 4 MB, 18.10 load
[runlim] sample:		79.72 time, 80.01 real, 4 MB, 16.85 load
[runlim] sample:		89.68 time, 90.01 real, 4 MB, 15.80 load
[runlim] sample:		99.65 time, 100.01 real, 4 MB, 14.91 load
[runlim] sample:		109.61 time, 110.01 real, 4 MB, 14.15 load
[runlim] sample:		119.58 time, 120.01 real, 4 MB, 13.51 load
[runlim] sample:		129.54 time, 130.01 real, 4 MB, 12.89 load
[runlim] sample:		139.51 time, 140.01 real, 4 MB, 12.29 load
[runlim] sample:		149.47 time, 150.01 real, 4 MB, 11.71 load
[runlim] sample:		159.43 time, 160.01 real, 4 MB, 11.14 load
[runlim] sample:		169.39 time, 170.01 real, 4 MB, 10.65 load
[runlim] sample:		179.34 time, 180.01 real, 4 MB, 10.16 load
[runlim] sample:		189.30 time, 190.01 real, 4 MB, 9.76 load
[runlim] sample:		199.25 time, 200.01 real, 4 MB, 9.33 load
[runlim] sample:		209.21 time, 210.01 real, 4 MB, 8.89 load
[runlim] sample:		219.17 time, 220.01 real, 4 MB, 8.45 load
[runlim] sample:		229.13 time, 230.01 real, 4 MB, 8.07 load
[runlim] sample:		239.09 time, 240.01 real, 4 MB, 7.75 load
[runlim] sample:		249.04 time, 250.01 real, 4 MB, 7.48 load
[runlim] sample:		259.00 time, 260.01 real, 4 MB, 7.25 load
[runlim] sample:		268.96 time, 270.01 real, 4 MB, 7.13 load
[runlim] sample:		278.92 time, 280.01 real, 4 MB, 6.96 load
[runlim] sample:		288.88 time, 290.01 real, 4 MB, 6.81 load
[runlim] sample:		298.83 time, 300.01 real, 4 MB, 6.69 load
[runlim] sample:		308.79 time, 310.01 real, 4 MB, 6.98 load
[runlim] sample:		318.75 time, 320.01 real, 4 MB, 6.91 load
[runlim] sample:		328.71 time, 330.01 real, 4 MB, 6.77 load
[runlim] sample:		338.67 time, 340.01 real, 4 MB, 6.65 load
[runlim] sample:		348.62 time, 350.01 real, 4 MB, 6.55 load
[runlim] sample:		358.58 time, 360.01 real, 4 MB, 6.47 load
[runlim] sample:		368.54 time, 370.01 real, 4 MB, 6.47 load
[runlim] sample:		378.50 time, 380.01 real, 4 MB, 6.39 load
[runlim] sample:		388.45 time, 390.01 real, 4 MB, 6.41 load
[runlim] sample:		398.41 time, 400.01 real, 4 MB, 6.35 load
[runlim] sample:		408.37 time, 410.01 real, 4 MB, 6.29 load
[runlim] sample:		418.33 time, 420.01 real, 4 MB, 6.25 load
[runlim] sample:		428.28 time, 430.01 real, 4 MB, 6.21 load
[runlim] end:			Sat Mar 14 13:06:25 2026
[runlim] status:		ok
[runlim] result:		0
[runlim] children:		1
[runlim] processes:		2
[runlim] real:			435.65 seconds
[runlim] time:			433.86 seconds
[runlim] space:			4 MB
[runlim] load:			34.68 maximum
[runlim] samples:		4356
