[runlim] version:		2.0.0rc1
[runlim] host:			p05n22
[runlim] time limit:		311040000 seconds
[runlim] real time limit:	5000 seconds
[runlim] space limit:		7000 MB
[runlim] argv[0]:		./binary
[runlim] argv[1]:		-c
[runlim] argv[2]:		-f
[runlim] argv[3]:		-s
[runlim] argv[4]:		-r
[runlim] argv[5]:		/tmp/local-unzipped-12181346-2-66-BMS_k3_n100_m429_12.cnf
[runlim] start:			Mon Mar 16 16:41:37 2026
[runlim] child:			1383526
[runlim] end:			Mon Mar 16 16:41:41 2026
[runlim] status:		ok
[runlim] result:		0
[runlim] children:		1
[runlim] processes:		2
[runlim] real:			4.22 seconds
[runlim] time:			4.19 seconds
[runlim] space:			5 MB
[runlim] load:			1.07 maximum
[runlim] samples:		42
