[runlim] version:		2.0.0rc1
[runlim] host:			p06n01
[runlim] time limit:		311040000 seconds
[runlim] real time limit:	5000 seconds
[runlim] space limit:		7000 MB
[runlim] argv[0]:		./binary
[runlim] argv[1]:		-c
[runlim] argv[2]:		-f
[runlim] argv[3]:		-s
[runlim] argv[4]:		-r
[runlim] argv[5]:		/tmp/local-unzipped-12181346-3-143-BMS_k3_n100_m429_320.cnf
[runlim] start:			Mon Mar 16 16:41:50 2026
[runlim] child:			3957123
[runlim] sample:		9.97 time, 10.01 real, 4 MB, 1.89 load
[runlim] end:			Mon Mar 16 16:42:08 2026
[runlim] status:		ok
[runlim] result:		0
[runlim] children:		1
[runlim] processes:		2
[runlim] real:			17.67 seconds
[runlim] time:			17.54 seconds
[runlim] space:			5 MB
[runlim] load:			2.30 maximum
[runlim] samples:		176
