[runlim] version:		2.0.0rc1
[runlim] host:			p08n10
[runlim] time limit:		311040000 seconds
[runlim] real time limit:	5000 seconds
[runlim] space limit:		7000 MB
[runlim] argv[0]:		./binary
[runlim] argv[1]:		-c
[runlim] argv[2]:		-s
[runlim] argv[3]:		-r
[runlim] argv[4]:		/tmp/local-unzipped-12236055-8-498-BMS_k3_n100_m429_368.cnf
[runlim] start:			Fri Mar 20 18:34:14 2026
[runlim] child:			3374592
[runlim] sample:		9.97 time, 10.01 real, 3 MB, 2.60 load
[runlim] sample:		19.94 time, 20.01 real, 3 MB, 2.66 load
[runlim] end:			Fri Mar 20 18:34:42 2026
[runlim] status:		ok
[runlim] result:		0
[runlim] children:		1
[runlim] processes:		2
[runlim] real:			28.43 seconds
[runlim] time:			28.32 seconds
[runlim] space:			3 MB
[runlim] load:			2.69 maximum
[runlim] samples:		284
