[runlim] version:		2.0.0rc1
[runlim] host:			p08n10
[runlim] time limit:		311040000 seconds
[runlim] real time limit:	5000 seconds
[runlim] space limit:		7000 MB
[runlim] argv[0]:		./binary
[runlim] argv[1]:		-c
[runlim] argv[2]:		-s
[runlim] argv[3]:		-r
[runlim] argv[4]:		/tmp/local-unzipped-12236055-8-477-BMS_k3_n100_m429_387.cnf
[runlim] start:			Fri Mar 20 18:33:53 2026
[runlim] child:			3373760
[runlim] sample:		9.96 time, 10.01 real, 4 MB, 1.50 load
[runlim] end:			Fri Mar 20 18:34:12 2026
[runlim] status:		ok
[runlim] result:		0
[runlim] children:		1
[runlim] processes:		2
[runlim] real:			19.35 seconds
[runlim] time:			19.21 seconds
[runlim] space:			4 MB
[runlim] load:			1.78 maximum
[runlim] samples:		193
