[runlim] version:		2.0.0rc1
[runlim] host:			m09n03
[runlim] time limit:		311040000 seconds
[runlim] real time limit:	5000 seconds
[runlim] space limit:		7000 MB
[runlim] argv[0]:		./binary
[runlim] argv[1]:		-c
[runlim] argv[2]:		-s
[runlim] argv[3]:		-r
[runlim] argv[4]:		/tmp/local-unzipped-12236055-7-397-BMS_k3_n100_m429_493.cnf
[runlim] start:			Fri Mar 20 18:30:58 2026
[runlim] child:			2323416
[runlim] sample:		9.96 time, 10.01 real, 4 MB, 0.73 load
[runlim] end:			Fri Mar 20 18:31:15 2026
[runlim] status:		ok
[runlim] result:		0
[runlim] children:		1
[runlim] processes:		2
[runlim] real:			17.68 seconds
[runlim] time:			17.53 seconds
[runlim] space:			4 MB
[runlim] load:			0.99 maximum
[runlim] samples:		176
