[runlim] version:		2.0.0rc1
[runlim] host:			o03n05
[runlim] time limit:		311040000 seconds
[runlim] real time limit:	5000 seconds
[runlim] space limit:		7000 MB
[runlim] argv[0]:		./binary
[runlim] argv[1]:		-c
[runlim] argv[2]:		-s
[runlim] argv[3]:		-r
[runlim] argv[4]:		/tmp/local-unzipped-12236055-2-115-BMS_k3_n100_m429_395.cnf
[runlim] start:			Fri Mar 20 18:10:07 2026
[runlim] child:			3868747
[runlim] sample:		9.97 time, 10.01 real, 4 MB, 3.07 load
[runlim] sample:		19.94 time, 20.01 real, 4 MB, 3.44 load
[runlim] sample:		29.91 time, 30.01 real, 4 MB, 3.68 load
[runlim] sample:		39.88 time, 40.01 real, 4 MB, 3.57 load
[runlim] sample:		49.85 time, 50.01 real, 4 MB, 3.65 load
[runlim] sample:		59.82 time, 60.01 real, 4 MB, 3.55 load
[runlim] end:			Fri Mar 20 18:11:07 2026
[runlim] status:		ok
[runlim] result:		0
[runlim] children:		1
[runlim] processes:		2
[runlim] real:			60.07 seconds
[runlim] time:			59.82 seconds
[runlim] space:			4 MB
[runlim] load:			3.68 maximum
[runlim] samples:		600
