[runlim] version:		2.0.0rc1
[runlim] host:			p05n22
[runlim] time limit:		311040000 seconds
[runlim] real time limit:	5000 seconds
[runlim] space limit:		7000 MB
[runlim] argv[0]:		./binary
[runlim] argv[1]:		-c
[runlim] argv[2]:		-s
[runlim] argv[3]:		-r
[runlim] argv[4]:		/tmp/local-unzipped-12236055-6-348-BMS_k3_n100_m429_106.cnf
[runlim] start:			Fri Mar 20 18:28:34 2026
[runlim] child:			315193
[runlim] end:			Fri Mar 20 18:28:35 2026
[runlim] status:		ok
[runlim] result:		0
[runlim] children:		1
[runlim] processes:		2
[runlim] real:			0.73 seconds
[runlim] time:			0.70 seconds
[runlim] space:			3 MB
[runlim] load:			0.82 maximum
[runlim] samples:		7
