[runlim] version:		2.0.0rc1
[runlim] host:			m07n01
[runlim] time limit:		311040000 seconds
[runlim] real time limit:	5000 seconds
[runlim] space limit:		7000 MB
[runlim] argv[0]:		./binary
[runlim] argv[1]:		-c
[runlim] argv[2]:		-f
[runlim] argv[3]:		/tmp/local-unzipped-12459992-1-25-mc2025_track1_145.cnf
[runlim] start:			Thu Apr  9 20:20:02 2026
[runlim] child:			2262260
[runlim] sample:		9.95 time, 10.01 real, 10 MB, 26.97 load
[runlim] sample:		19.89 time, 20.01 real, 10 MB, 29.22 load
[runlim] sample:		29.83 time, 30.01 real, 10 MB, 32.59 load
[runlim] sample:		39.76 time, 40.01 real, 10 MB, 36.97 load
[runlim] sample:		49.70 time, 50.01 real, 10 MB, 40.98 load
[runlim] sample:		59.58 time, 60.01 real, 10 MB, 45.48 load
[runlim] sample:		69.50 time, 70.01 real, 10 MB, 48.09 load
[runlim] sample:		79.43 time, 80.01 real, 10 MB, 50.30 load
[runlim] sample:		89.37 time, 90.01 real, 10 MB, 52.18 load
[runlim] sample:		99.32 time, 100.01 real, 10 MB, 53.53 load
[runlim] sample:		109.25 time, 110.01 real, 10 MB, 54.68 load
[runlim] sample:		119.20 time, 120.01 real, 10 MB, 55.65 load
[runlim] sample:		129.14 time, 130.01 real, 10 MB, 56.48 load
[runlim] sample:		139.08 time, 140.01 real, 10 MB, 57.17 load
[runlim] sample:		149.02 time, 150.01 real, 10 MB, 57.69 load
[runlim] sample:		158.96 time, 160.01 real, 10 MB, 58.04 load
[runlim] sample:		168.90 time, 170.01 real, 10 MB, 58.35 load
[runlim] sample:		178.85 time, 180.01 real, 10 MB, 58.53 load
[runlim] sample:		188.79 time, 190.01 real, 10 MB, 58.67 load
[runlim] sample:		198.74 time, 200.01 real, 10 MB, 58.88 load
[runlim] sample:		208.68 time, 210.01 real, 10 MB, 58.90 load
[runlim] sample:		218.63 time, 220.01 real, 10 MB, 58.91 load
[runlim] sample:		228.57 time, 230.01 real, 10 MB, 58.93 load
[runlim] sample:		238.51 time, 240.01 real, 10 MB, 59.25 load
[runlim] sample:		248.45 time, 250.01 real, 10 MB, 59.21 load
[runlim] sample:		258.39 time, 260.01 real, 10 MB, 59.26 load
[runlim] sample:		268.34 time, 270.01 real, 10 MB, 59.22 load
[runlim] sample:		278.28 time, 280.01 real, 10 MB, 59.18 load
[runlim] sample:		288.22 time, 290.01 real, 10 MB, 59.00 load
[runlim] sample:		298.17 time, 300.01 real, 10 MB, 59.01 load
[runlim] sample:		308.11 time, 310.01 real, 10 MB, 58.85 load
[runlim] sample:		318.06 time, 320.01 real, 10 MB, 58.72 load
[runlim] sample:		328.00 time, 330.01 real, 10 MB, 58.61 load
[runlim] sample:		337.95 time, 340.01 real, 10 MB, 58.52 load
[runlim] sample:		347.89 time, 350.01 real, 10 MB, 58.44 load
[runlim] sample:		357.84 time, 360.01 real, 10 MB, 58.45 load
[runlim] sample:		367.78 time, 370.01 real, 10 MB, 58.38 load
[runlim] sample:		377.73 time, 380.01 real, 10 MB, 58.32 load
[runlim] sample:		387.67 time, 390.01 real, 10 MB, 58.27 load
[runlim] sample:		397.62 time, 400.01 real, 10 MB, 58.23 load
[runlim] sample:		407.56 time, 410.01 real, 10 MB, 58.19 load
[runlim] sample:		417.51 time, 420.01 real, 10 MB, 58.16 load
[runlim] sample:		427.45 time, 430.01 real, 10 MB, 58.43 load
[runlim] sample:		437.40 time, 440.01 real, 10 MB, 58.21 load
[runlim] sample:		447.34 time, 450.01 real, 10 MB, 58.02 load
[runlim] sample:		457.29 time, 460.01 real, 10 MB, 57.95 load
[runlim] sample:		467.23 time, 470.01 real, 10 MB, 57.80 load
[runlim] sample:		477.17 time, 480.01 real, 10 MB, 57.68 load
[runlim] sample:		487.10 time, 490.01 real, 10 MB, 57.49 load
[runlim] sample:		497.05 time, 500.01 real, 10 MB, 57.26 load
[runlim] sample:		506.99 time, 510.01 real, 10 MB, 57.14 load
[runlim] sample:		516.94 time, 520.01 real, 10 MB, 56.97 load
[runlim] sample:		526.88 time, 530.01 real, 10 MB, 56.82 load
[runlim] sample:		536.82 time, 540.01 real, 10 MB, 56.77 load
[runlim] sample:		546.76 time, 550.01 real, 10 MB, 56.73 load
[runlim] sample:		556.71 time, 560.01 real, 10 MB, 56.69 load
[runlim] sample:		566.65 time, 570.01 real, 10 MB, 56.58 load
[runlim] sample:		576.60 time, 580.01 real, 10 MB, 56.64 load
[runlim] sample:		586.54 time, 590.01 real, 10 MB, 56.54 load
[runlim] sample:		596.48 time, 600.01 real, 10 MB, 56.46 load
[runlim] sample:		606.43 time, 610.01 real, 10 MB, 56.39 load
[runlim] sample:		616.37 time, 620.01 real, 10 MB, 56.41 load
[runlim] sample:		626.31 time, 630.01 real, 10 MB, 56.34 load
[runlim] sample:		636.25 time, 640.01 real, 10 MB, 56.36 load
[runlim] sample:		646.20 time, 650.01 real, 10 MB, 56.31 load
[runlim] sample:		656.14 time, 660.01 real, 10 MB, 56.33 load
[runlim] sample:		666.08 time, 670.01 real, 10 MB, 56.28 load
[runlim] sample:		676.03 time, 680.01 real, 10 MB, 56.24 load
[runlim] sample:		685.97 time, 690.01 real, 10 MB, 56.20 load
[runlim] sample:		695.91 time, 700.01 real, 10 MB, 56.33 load
[runlim] sample:		705.86 time, 710.01 real, 10 MB, 56.28 load
[runlim] sample:		715.80 time, 720.01 real, 10 MB, 56.24 load
[runlim] sample:		725.75 time, 730.01 real, 10 MB, 56.20 load
[runlim] sample:		735.69 time, 740.01 real, 10 MB, 56.32 load
[runlim] sample:		745.64 time, 750.01 real, 10 MB, 56.27 load
[runlim] sample:		755.58 time, 760.01 real, 10 MB, 56.39 load
[runlim] sample:		765.53 time, 770.01 real, 10 MB, 56.33 load
[runlim] sample:		775.47 time, 780.01 real, 10 MB, 56.35 load
[runlim] sample:		785.42 time, 790.01 real, 10 MB, 56.30 load
[runlim] sample:		795.36 time, 800.01 real, 10 MB, 56.25 load
[runlim] sample:		805.30 time, 810.01 real, 10 MB, 56.21 load
[runlim] sample:		815.25 time, 820.01 real, 10 MB, 56.25 load
[runlim] sample:		825.19 time, 830.01 real, 10 MB, 56.21 load
[runlim] sample:		835.13 time, 840.01 real, 10 MB, 56.26 load
[runlim] sample:		845.08 time, 850.01 real, 10 MB, 56.29 load
[runlim] sample:		855.02 time, 860.01 real, 10 MB, 56.27 load
[runlim] sample:		864.96 time, 870.01 real, 10 MB, 56.22 load
[runlim] sample:		874.91 time, 880.01 real, 10 MB, 56.27 load
[runlim] sample:		884.85 time, 890.01 real, 10 MB, 56.23 load
[runlim] sample:		894.79 time, 900.01 real, 10 MB, 56.19 load
[runlim] sample:		904.74 time, 910.01 real, 10 MB, 56.16 load
[runlim] sample:		914.68 time, 920.01 real, 10 MB, 56.14 load
[runlim] sample:		924.63 time, 930.01 real, 10 MB, 56.20 load
[runlim] sample:		934.57 time, 940.01 real, 10 MB, 56.17 load
[runlim] sample:		944.51 time, 950.01 real, 10 MB, 56.14 load
[runlim] sample:		954.46 time, 960.01 real, 10 MB, 56.20 load
[runlim] sample:		964.40 time, 970.01 real, 10 MB, 56.32 load
[runlim] sample:		974.35 time, 980.01 real, 10 MB, 56.42 load
[runlim] sample:		984.29 time, 990.01 real, 10 MB, 56.44 load
[runlim] sample:		994.23 time, 1000.01 real, 10 MB, 56.52 load
[runlim] sample:		1004.18 time, 1010.01 real, 10 MB, 56.44 load
[runlim] sample:		1014.12 time, 1020.01 real, 10 MB, 56.53 load
[runlim] sample:		1024.06 time, 1030.01 real, 10 MB, 56.52 load
[runlim] sample:		1034.01 time, 1040.01 real, 10 MB, 56.44 load
[runlim] sample:		1043.95 time, 1050.01 real, 10 MB, 56.53 load
[runlim] sample:		1053.90 time, 1060.01 real, 10 MB, 56.45 load
[runlim] sample:		1063.85 time, 1070.01 real, 10 MB, 56.38 load
[runlim] sample:		1073.79 time, 1080.01 real, 10 MB, 56.32 load
[runlim] sample:		1083.73 time, 1090.01 real, 10 MB, 56.35 load
[runlim] sample:		1093.68 time, 1100.01 real, 10 MB, 56.30 load
[runlim] sample:		1103.62 time, 1110.01 real, 10 MB, 56.33 load
[runlim] sample:		1113.57 time, 1120.01 real, 10 MB, 56.28 load
[runlim] sample:		1123.51 time, 1130.01 real, 10 MB, 56.31 load
[runlim] sample:		1133.46 time, 1140.01 real, 10 MB, 56.34 load
[runlim] sample:		1143.40 time, 1150.01 real, 10 MB, 56.37 load
[runlim] sample:		1153.35 time, 1160.01 real, 10 MB, 56.39 load
[runlim] sample:		1163.29 time, 1170.01 real, 10 MB, 56.33 load
[runlim] sample:		1173.23 time, 1180.01 real, 10 MB, 56.28 load
[runlim] sample:		1183.18 time, 1190.01 real, 10 MB, 56.31 load
[runlim] sample:		1193.12 time, 1200.01 real, 10 MB, 56.34 load
[runlim] sample:		1203.07 time, 1210.01 real, 10 MB, 56.29 load
[runlim] sample:		1213.01 time, 1220.01 real, 10 MB, 56.25 load
[runlim] sample:		1222.95 time, 1230.01 real, 10 MB, 56.21 load
[runlim] sample:		1232.90 time, 1240.01 real, 10 MB, 56.25 load
[runlim] sample:		1242.84 time, 1250.01 real, 10 MB, 56.21 load
[runlim] sample:		1252.78 time, 1260.01 real, 10 MB, 56.18 load
[runlim] sample:		1262.73 time, 1270.01 real, 10 MB, 56.22 load
[runlim] sample:		1272.67 time, 1280.01 real, 10 MB, 56.19 load
[runlim] sample:		1282.61 time, 1290.01 real, 10 MB, 56.16 load
[runlim] sample:		1292.56 time, 1300.01 real, 10 MB, 56.36 load
[runlim] sample:		1302.50 time, 1310.01 real, 10 MB, 56.30 load
[runlim] sample:		1312.45 time, 1320.01 real, 10 MB, 56.25 load
[runlim] sample:		1322.39 time, 1330.01 real, 10 MB, 56.21 load
[runlim] sample:		1332.34 time, 1340.01 real, 10 MB, 56.18 load
[runlim] sample:		1342.28 time, 1350.01 real, 10 MB, 56.23 load
[runlim] sample:		1352.23 time, 1360.01 real, 10 MB, 56.27 load
[runlim] sample:		1362.17 time, 1370.01 real, 10 MB, 56.23 load
[runlim] sample:		1372.12 time, 1380.01 real, 10 MB, 56.19 load
[runlim] sample:		1382.06 time, 1390.01 real, 10 MB, 56.16 load
[runlim] sample:		1392.01 time, 1400.01 real, 10 MB, 56.14 load
[runlim] sample:		1401.95 time, 1410.01 real, 10 MB, 56.12 load
[runlim] sample:		1411.90 time, 1420.01 real, 10 MB, 56.10 load
[runlim] sample:		1421.84 time, 1430.01 real, 10 MB, 56.24 load
[runlim] sample:		1431.78 time, 1440.01 real, 10 MB, 56.20 load
[runlim] sample:		1441.72 time, 1450.01 real, 10 MB, 56.17 load
[runlim] sample:		1451.67 time, 1460.01 real, 10 MB, 56.15 load
[runlim] sample:		1461.61 time, 1470.01 real, 10 MB, 56.28 load
[runlim] sample:		1471.55 time, 1480.01 real, 10 MB, 56.31 load
[runlim] sample:		1481.50 time, 1490.01 real, 10 MB, 56.34 load
[runlim] sample:		1491.44 time, 1500.01 real, 10 MB, 56.29 load
[runlim] sample:		1501.38 time, 1510.01 real, 10 MB, 56.24 load
[runlim] sample:		1511.32 time, 1520.01 real, 10 MB, 56.29 load
[runlim] sample:		1521.26 time, 1530.01 real, 10 MB, 56.40 load
[runlim] sample:		1531.21 time, 1540.01 real, 10 MB, 56.34 load
[runlim] sample:		1541.15 time, 1550.01 real, 10 MB, 56.45 load
[runlim] sample:		1551.09 time, 1560.01 real, 10 MB, 56.38 load
[runlim] sample:		1561.03 time, 1570.01 real, 10 MB, 56.39 load
[runlim] sample:		1570.97 time, 1580.01 real, 10 MB, 56.33 load
[runlim] sample:		1580.92 time, 1590.01 real, 10 MB, 56.28 load
[runlim] sample:		1590.86 time, 1600.01 real, 10 MB, 56.24 load
[runlim] sample:		1600.80 time, 1610.01 real, 10 MB, 56.20 load
[runlim] sample:		1610.75 time, 1620.01 real, 10 MB, 56.17 load
[runlim] sample:		1620.69 time, 1630.01 real, 10 MB, 56.22 load
[runlim] sample:		1630.63 time, 1640.01 real, 10 MB, 56.18 load
[runlim] sample:		1640.57 time, 1650.01 real, 10 MB, 56.23 load
[runlim] sample:		1650.52 time, 1660.01 real, 10 MB, 56.19 load
[runlim] sample:		1660.46 time, 1670.01 real, 10 MB, 56.16 load
[runlim] sample:		1670.40 time, 1680.01 real, 10 MB, 56.14 load
[runlim] sample:		1680.34 time, 1690.01 real, 10 MB, 56.12 load
[runlim] sample:		1690.29 time, 1700.01 real, 10 MB, 56.10 load
[runlim] sample:		1700.23 time, 1710.01 real, 10 MB, 56.23 load
[runlim] sample:		1710.17 time, 1720.01 real, 10 MB, 56.11 load
[runlim] sample:		1720.12 time, 1730.01 real, 10 MB, 55.94 load
[runlim] sample:		1730.06 time, 1740.01 real, 10 MB, 55.94 load
[runlim] sample:		1740.01 time, 1750.01 real, 10 MB, 55.80 load
[runlim] sample:		1749.95 time, 1760.01 real, 10 MB, 55.68 load
[runlim] sample:		1759.89 time, 1770.01 real, 10 MB, 55.65 load
[runlim] sample:		1769.84 time, 1780.01 real, 10 MB, 55.55 load
[runlim] sample:		1779.78 time, 1790.01 real, 10 MB, 55.46 load
[runlim] sample:		1789.72 time, 1800.01 real, 10 MB, 55.39 load
[runlim] sample:		1799.67 time, 1810.01 real, 10 MB, 55.48 load
[runlim] sample:		1809.61 time, 1820.01 real, 10 MB, 55.40 load
[runlim] sample:		1819.55 time, 1830.01 real, 10 MB, 55.34 load
[runlim] sample:		1829.50 time, 1840.01 real, 10 MB, 55.29 load
[runlim] sample:		1839.44 time, 1850.01 real, 10 MB, 55.32 load
[runlim] sample:		1849.38 time, 1860.01 real, 10 MB, 55.27 load
[runlim] sample:		1859.32 time, 1870.01 real, 10 MB, 55.23 load
[runlim] sample:		1869.27 time, 1880.01 real, 10 MB, 55.20 load
[runlim] sample:		1879.21 time, 1890.01 real, 10 MB, 55.16 load
[runlim] sample:		1889.15 time, 1900.01 real, 10 MB, 55.21 load
[runlim] sample:		1899.10 time, 1910.01 real, 10 MB, 55.25 load
[runlim] sample:		1909.04 time, 1920.01 real, 10 MB, 55.21 load
[runlim] sample:		1918.98 time, 1930.01 real, 10 MB, 55.26 load
[runlim] sample:		1928.92 time, 1940.01 real, 10 MB, 55.29 load
[runlim] sample:		1938.87 time, 1950.01 real, 10 MB, 55.25 load
[runlim] sample:		1948.81 time, 1960.01 real, 10 MB, 55.21 load
[runlim] sample:		1958.75 time, 1970.01 real, 10 MB, 55.25 load
[runlim] sample:		1968.69 time, 1980.01 real, 10 MB, 55.21 load
[runlim] sample:		1978.64 time, 1990.01 real, 10 MB, 55.18 load
[runlim] sample:		1988.58 time, 2000.01 real, 10 MB, 55.15 load
[runlim] sample:		1998.53 time, 2010.01 real, 10 MB, 55.13 load
[runlim] sample:		2008.47 time, 2020.01 real, 10 MB, 55.19 load
[runlim] sample:		2018.41 time, 2030.01 real, 10 MB, 55.16 load
[runlim] sample:		2028.36 time, 2040.01 real, 10 MB, 55.13 load
[runlim] sample:		2038.30 time, 2050.01 real, 10 MB, 55.41 load
[runlim] sample:		2048.24 time, 2060.01 real, 10 MB, 55.42 load
[runlim] sample:		2058.19 time, 2070.01 real, 10 MB, 55.43 load
[runlim] sample:		2068.13 time, 2080.01 real, 10 MB, 55.36 load
[runlim] sample:		2078.08 time, 2090.01 real, 10 MB, 55.31 load
[runlim] sample:		2088.02 time, 2100.01 real, 10 MB, 55.26 load
[runlim] sample:		2097.96 time, 2110.01 real, 10 MB, 55.22 load
[runlim] sample:		2107.91 time, 2120.01 real, 10 MB, 55.18 load
[runlim] sample:		2117.85 time, 2130.01 real, 10 MB, 55.30 load
[runlim] sample:		2127.79 time, 2140.01 real, 10 MB, 55.33 load
[runlim] sample:		2137.74 time, 2150.01 real, 10 MB, 55.28 load
[runlim] sample:		2147.68 time, 2160.01 real, 10 MB, 55.31 load
[runlim] sample:		2157.62 time, 2170.01 real, 10 MB, 55.26 load
[runlim] sample:		2167.57 time, 2180.01 real, 10 MB, 55.22 load
[runlim] sample:		2177.51 time, 2190.01 real, 10 MB, 55.19 load
[runlim] sample:		2187.45 time, 2200.01 real, 10 MB, 55.31 load
[runlim] sample:		2197.39 time, 2210.01 real, 10 MB, 55.41 load
[runlim] sample:		2207.34 time, 2220.01 real, 10 MB, 55.35 load
[runlim] sample:		2217.28 time, 2230.01 real, 10 MB, 55.37 load
[runlim] sample:		2227.22 time, 2240.01 real, 10 MB, 55.31 load
[runlim] sample:		2237.17 time, 2250.01 real, 10 MB, 55.26 load
[runlim] sample:		2247.11 time, 2260.01 real, 10 MB, 55.37 load
[runlim] sample:		2257.05 time, 2270.01 real, 10 MB, 55.46 load
[runlim] sample:		2266.99 time, 2280.01 real, 10 MB, 55.46 load
[runlim] sample:		2276.94 time, 2290.01 real, 10 MB, 55.39 load
[runlim] sample:		2286.88 time, 2300.01 real, 10 MB, 55.33 load
[runlim] sample:		2296.82 time, 2310.01 real, 10 MB, 55.59 load
[runlim] sample:		2306.77 time, 2320.01 real, 10 MB, 55.65 load
[runlim] sample:		2316.71 time, 2330.01 real, 10 MB, 55.78 load
[runlim] sample:		2326.65 time, 2340.01 real, 10 MB, 55.89 load
[runlim] sample:		2336.59 time, 2350.01 real, 10 MB, 55.99 load
[runlim] sample:		2346.54 time, 2360.01 real, 10 MB, 56.06 load
[runlim] sample:		2356.48 time, 2370.01 real, 10 MB, 56.13 load
[runlim] sample:		2366.42 time, 2380.01 real, 10 MB, 56.26 load
[runlim] sample:		2376.36 time, 2390.01 real, 10 MB, 56.22 load
[runlim] sample:		2386.30 time, 2400.01 real, 10 MB, 56.41 load
[runlim] sample:		2396.24 time, 2410.01 real, 10 MB, 56.28 load
[runlim] sample:		2406.19 time, 2420.01 real, 10 MB, 56.15 load
[runlim] sample:		2416.12 time, 2430.01 real, 10 MB, 55.97 load
[runlim] sample:		2426.07 time, 2440.01 real, 10 MB, 56.05 load
[runlim] sample:		2436.01 time, 2450.01 real, 10 MB, 55.89 load
[runlim] sample:		2445.95 time, 2460.01 real, 10 MB, 55.90 load
[runlim] sample:		2455.89 time, 2470.01 real, 10 MB, 55.84 load
[runlim] sample:		2465.83 time, 2480.01 real, 10 MB, 55.71 load
[runlim] sample:		2475.78 time, 2490.01 real, 10 MB, 55.60 load
[runlim] sample:		2485.72 time, 2500.01 real, 10 MB, 55.73 load
[runlim] sample:		2495.66 time, 2510.01 real, 10 MB, 55.62 load
[runlim] sample:		2505.60 time, 2520.01 real, 10 MB, 55.59 load
[runlim] sample:		2515.54 time, 2530.01 real, 10 MB, 55.58 load
[runlim] sample:		2525.49 time, 2540.01 real, 10 MB, 55.49 load
[runlim] sample:		2535.43 time, 2550.01 real, 10 MB, 55.41 load
[runlim] sample:		2545.37 time, 2560.01 real, 10 MB, 55.35 load
[runlim] sample:		2555.31 time, 2570.01 real, 10 MB, 55.29 load
[runlim] sample:		2565.25 time, 2580.01 real, 10 MB, 55.40 load
[runlim] sample:		2575.19 time, 2590.01 real, 10 MB, 55.34 load
[runlim] sample:		2585.13 time, 2600.01 real, 10 MB, 55.29 load
[runlim] sample:		2595.08 time, 2610.01 real, 10 MB, 55.32 load
[runlim] sample:		2605.02 time, 2620.01 real, 10 MB, 55.27 load
[runlim] sample:		2614.96 time, 2630.01 real, 10 MB, 55.23 load
[runlim] sample:		2624.90 time, 2640.01 real, 10 MB, 55.28 load
[runlim] sample:		2634.85 time, 2650.01 real, 10 MB, 55.23 load
[runlim] sample:		2644.79 time, 2660.01 real, 10 MB, 55.20 load
[runlim] sample:		2654.73 time, 2670.01 real, 10 MB, 55.17 load
[runlim] sample:		2664.67 time, 2680.01 real, 10 MB, 55.14 load
[runlim] sample:		2674.62 time, 2690.01 real, 10 MB, 55.12 load
[runlim] sample:		2684.56 time, 2700.01 real, 10 MB, 55.10 load
[runlim] sample:		2694.50 time, 2710.01 real, 10 MB, 55.16 load
[runlim] sample:		2704.44 time, 2720.01 real, 10 MB, 55.13 load
[runlim] sample:		2714.38 time, 2730.01 real, 10 MB, 55.11 load
[runlim] sample:		2724.33 time, 2740.01 real, 10 MB, 55.09 load
[runlim] sample:		2734.27 time, 2750.01 real, 10 MB, 55.08 load
[runlim] sample:		2744.21 time, 2760.01 real, 10 MB, 55.15 load
[runlim] sample:		2754.15 time, 2770.01 real, 10 MB, 55.20 load
[runlim] sample:		2764.10 time, 2780.01 real, 10 MB, 55.17 load
[runlim] sample:		2774.04 time, 2790.01 real, 10 MB, 55.14 load
[runlim] sample:		2783.98 time, 2800.01 real, 10 MB, 55.12 load
[runlim] sample:		2793.92 time, 2810.01 real, 10 MB, 55.10 load
[runlim] sample:		2803.87 time, 2820.01 real, 10 MB, 55.08 load
[runlim] sample:		2813.81 time, 2830.01 real, 10 MB, 55.14 load
[runlim] sample:		2823.75 time, 2840.01 real, 10 MB, 55.20 load
[runlim] sample:		2833.69 time, 2850.01 real, 10 MB, 55.17 load
[runlim] sample:		2843.64 time, 2860.01 real, 10 MB, 55.14 load
[runlim] sample:		2853.58 time, 2870.01 real, 10 MB, 55.20 load
[runlim] sample:		2863.52 time, 2880.01 real, 10 MB, 55.17 load
[runlim] sample:		2873.47 time, 2890.01 real, 10 MB, 55.14 load
[runlim] sample:		2883.41 time, 2900.01 real, 10 MB, 55.19 load
[runlim] sample:		2893.35 time, 2910.01 real, 10 MB, 55.16 load
[runlim] sample:		2903.30 time, 2920.01 real, 10 MB, 55.14 load
[runlim] sample:		2913.24 time, 2930.01 real, 10 MB, 55.12 load
[runlim] sample:		2923.18 time, 2940.01 real, 10 MB, 55.10 load
[runlim] sample:		2933.12 time, 2950.01 real, 10 MB, 55.08 load
[runlim] sample:		2943.06 time, 2960.01 real, 10 MB, 55.14 load
[runlim] sample:		2953.01 time, 2970.01 real, 10 MB, 55.19 load
[runlim] sample:		2962.95 time, 2980.01 real, 10 MB, 55.16 load
[runlim] sample:		2972.89 time, 2990.01 real, 10 MB, 55.14 load
[runlim] sample:		2982.83 time, 3000.01 real, 10 MB, 55.12 load
[runlim] sample:		2992.77 time, 3010.01 real, 10 MB, 55.10 load
[runlim] sample:		3002.72 time, 3020.01 real, 10 MB, 55.16 load
[runlim] sample:		3012.66 time, 3030.01 real, 10 MB, 55.13 load
[runlim] sample:		3022.60 time, 3040.01 real, 10 MB, 55.11 load
[runlim] sample:		3032.54 time, 3050.01 real, 10 MB, 55.09 load
[runlim] sample:		3042.49 time, 3060.01 real, 10 MB, 55.08 load
[runlim] sample:		3052.43 time, 3070.01 real, 10 MB, 55.07 load
[runlim] sample:		3062.37 time, 3080.01 real, 10 MB, 55.35 load
[runlim] sample:		3072.31 time, 3090.01 real, 10 MB, 55.30 load
[runlim] sample:		3082.26 time, 3100.01 real, 10 MB, 55.25 load
[runlim] sample:		3092.20 time, 3110.01 real, 10 MB, 55.29 load
[runlim] sample:		3102.14 time, 3120.01 real, 10 MB, 55.25 load
[runlim] sample:		3112.08 time, 3130.01 real, 10 MB, 55.28 load
[runlim] sample:		3122.02 time, 3140.01 real, 10 MB, 55.24 load
[runlim] sample:		3131.96 time, 3150.01 real, 10 MB, 55.20 load
[runlim] sample:		3141.90 time, 3160.01 real, 10 MB, 55.17 load
[runlim] sample:		3151.85 time, 3170.01 real, 10 MB, 55.14 load
[runlim] sample:		3161.79 time, 3180.01 real, 10 MB, 55.28 load
[runlim] sample:		3171.73 time, 3190.01 real, 10 MB, 55.23 load
[runlim] sample:		3181.67 time, 3200.01 real, 10 MB, 55.27 load
[runlim] sample:		3191.62 time, 3210.01 real, 10 MB, 55.38 load
[runlim] sample:		3201.56 time, 3220.01 real, 10 MB, 55.32 load
[runlim] sample:		3211.50 time, 3230.01 real, 10 MB, 55.27 load
[runlim] sample:		3221.44 time, 3240.01 real, 10 MB, 55.23 load
[runlim] sample:		3231.39 time, 3250.01 real, 10 MB, 55.19 load
[runlim] sample:		3241.33 time, 3260.01 real, 10 MB, 55.31 load
[runlim] sample:		3251.27 time, 3270.01 real, 10 MB, 55.33 load
[runlim] sample:		3261.21 time, 3280.01 real, 10 MB, 55.28 load
[runlim] sample:		3271.16 time, 3290.01 real, 10 MB, 55.24 load
[runlim] sample:		3281.10 time, 3300.01 real, 10 MB, 55.20 load
[runlim] sample:		3291.04 time, 3310.01 real, 10 MB, 55.17 load
[runlim] sample:		3300.99 time, 3320.01 real, 10 MB, 55.22 load
[runlim] sample:		3310.93 time, 3330.01 real, 10 MB, 55.18 load
[runlim] sample:		3320.87 time, 3340.01 real, 10 MB, 55.16 load
[runlim] sample:		3330.81 time, 3350.01 real, 10 MB, 55.13 load
[runlim] sample:		3340.75 time, 3360.01 real, 10 MB, 55.19 load
[runlim] sample:		3350.69 time, 3370.01 real, 10 MB, 55.16 load
[runlim] sample:		3360.64 time, 3380.01 real, 10 MB, 55.14 load
[runlim] sample:		3370.58 time, 3390.01 real, 10 MB, 55.11 load
[runlim] sample:		3380.52 time, 3400.01 real, 10 MB, 55.17 load
[runlim] sample:		3390.46 time, 3410.01 real, 10 MB, 55.22 load
[runlim] sample:		3400.41 time, 3420.01 real, 10 MB, 55.26 load
[runlim] sample:		3410.35 time, 3430.01 real, 10 MB, 55.30 load
[runlim] sample:		3420.29 time, 3440.01 real, 10 MB, 55.33 load
[runlim] sample:		3430.24 time, 3450.01 real, 10 MB, 55.28 load
[runlim] sample:		3440.18 time, 3460.01 real, 10 MB, 55.24 load
[runlim] sample:		3450.12 time, 3470.01 real, 10 MB, 55.27 load
[runlim] sample:		3460.06 time, 3480.01 real, 10 MB, 55.23 load
[runlim] sample:		3470.01 time, 3490.01 real, 10 MB, 55.20 load
[runlim] sample:		3479.95 time, 3500.01 real, 10 MB, 55.16 load
[runlim] sample:		3489.89 time, 3510.01 real, 10 MB, 55.14 load
[runlim] sample:		3499.84 time, 3520.01 real, 10 MB, 55.12 load
[runlim] sample:		3509.78 time, 3530.01 real, 10 MB, 55.18 load
[runlim] sample:		3519.72 time, 3540.01 real, 10 MB, 55.15 load
[runlim] sample:		3529.66 time, 3550.01 real, 10 MB, 55.20 load
[runlim] sample:		3539.60 time, 3560.01 real, 10 MB, 55.17 load
[runlim] sample:		3549.54 time, 3570.01 real, 10 MB, 55.22 load
[runlim] sample:		3559.49 time, 3580.01 real, 10 MB, 55.27 load
[runlim] sample:		3569.43 time, 3590.01 real, 10 MB, 55.23 load
[runlim] sample:		3579.37 time, 3600.01 real, 10 MB, 55.19 load
[runlim] sample:		3589.31 time, 3610.01 real, 10 MB, 55.16 load
[runlim] sample:		3599.25 time, 3620.01 real, 10 MB, 55.21 load
[runlim] sample:		3609.20 time, 3630.01 real, 10 MB, 55.25 load
[runlim] sample:		3619.14 time, 3640.01 real, 10 MB, 55.29 load
[runlim] sample:		3629.08 time, 3650.01 real, 10 MB, 55.33 load
[runlim] sample:		3639.02 time, 3660.01 real, 10 MB, 55.36 load
[runlim] sample:		3648.96 time, 3670.01 real, 10 MB, 55.30 load
[runlim] sample:		3658.91 time, 3680.01 real, 10 MB, 55.26 load
[runlim] sample:		3668.85 time, 3690.01 real, 10 MB, 55.30 load
[runlim] sample:		3678.79 time, 3700.01 real, 10 MB, 55.25 load
[runlim] sample:		3688.73 time, 3710.01 real, 10 MB, 55.43 load
[runlim] sample:		3698.67 time, 3720.01 real, 10 MB, 55.45 load
[runlim] sample:		3708.61 time, 3730.01 real, 10 MB, 55.38 load
[runlim] sample:		3718.56 time, 3740.01 real, 10 MB, 55.48 load
[runlim] sample:		3728.50 time, 3750.01 real, 10 MB, 55.41 load
[runlim] sample:		3738.44 time, 3760.01 real, 10 MB, 55.34 load
[runlim] sample:		3748.38 time, 3770.01 real, 10 MB, 55.36 load
[runlim] sample:		3758.32 time, 3780.01 real, 10 MB, 55.31 load
[runlim] sample:		3768.27 time, 3790.01 real, 10 MB, 55.26 load
[runlim] sample:		3778.21 time, 3800.01 real, 10 MB, 55.38 load
[runlim] sample:		3788.15 time, 3810.01 real, 10 MB, 55.32 load
[runlim] sample:		3798.09 time, 3820.01 real, 10 MB, 55.27 load
[runlim] sample:		3808.03 time, 3830.01 real, 10 MB, 55.23 load
[runlim] sample:		3817.97 time, 3840.01 real, 10 MB, 55.19 load
[runlim] sample:		3827.92 time, 3850.01 real, 10 MB, 55.24 load
[runlim] sample:		3837.86 time, 3860.01 real, 10 MB, 55.28 load
[runlim] sample:		3847.80 time, 3870.01 real, 10 MB, 55.24 load
[runlim] sample:		3857.75 time, 3880.01 real, 10 MB, 55.20 load
[runlim] sample:		3867.69 time, 3890.01 real, 10 MB, 55.17 load
[runlim] sample:		3877.64 time, 3900.01 real, 10 MB, 55.14 load
[runlim] sample:		3887.58 time, 3910.01 real, 10 MB, 55.12 load
[runlim] sample:		3897.53 time, 3920.01 real, 10 MB, 55.10 load
[runlim] sample:		3907.47 time, 3930.01 real, 10 MB, 55.17 load
[runlim] sample:		3917.41 time, 3940.01 real, 10 MB, 55.22 load
[runlim] sample:		3927.36 time, 3950.01 real, 10 MB, 55.19 load
[runlim] sample:		3937.30 time, 3960.01 real, 10 MB, 55.16 load
[runlim] sample:		3947.25 time, 3970.01 real, 10 MB, 55.21 load
[runlim] sample:		3957.19 time, 3980.01 real, 10 MB, 55.25 load
[runlim] sample:		3967.14 time, 3990.01 real, 10 MB, 55.21 load
[runlim] sample:		3977.08 time, 4000.01 real, 10 MB, 55.18 load
[runlim] sample:		3987.03 time, 4010.01 real, 10 MB, 55.15 load
[runlim] sample:		3996.97 time, 4020.01 real, 10 MB, 55.13 load
[runlim] sample:		4006.92 time, 4030.01 real, 10 MB, 55.27 load
[runlim] sample:		4016.86 time, 4040.01 real, 10 MB, 55.30 load
[runlim] sample:		4026.81 time, 4050.01 real, 10 MB, 55.41 load
[runlim] sample:		4036.76 time, 4060.01 real, 10 MB, 55.43 load
[runlim] sample:		4046.70 time, 4070.01 real, 10 MB, 55.43 load
[runlim] sample:		4056.65 time, 4080.01 real, 10 MB, 55.37 load
[runlim] sample:		4066.60 time, 4090.01 real, 10 MB, 55.54 load
[runlim] sample:		4076.55 time, 4100.01 real, 10 MB, 55.61 load
[runlim] sample:		4086.49 time, 4110.01 real, 10 MB, 55.52 load
[runlim] sample:		4096.44 time, 4120.01 real, 10 MB, 55.52 load
[runlim] sample:		4106.39 time, 4130.01 real, 10 MB, 55.59 load
[runlim] sample:		4116.33 time, 4140.01 real, 10 MB, 55.50 load
[runlim] sample:		4126.28 time, 4150.01 real, 10 MB, 55.50 load
[runlim] sample:		4136.23 time, 4160.01 real, 10 MB, 55.42 load
[runlim] sample:		4146.17 time, 4170.01 real, 10 MB, 55.36 load
[runlim] sample:		4156.12 time, 4180.01 real, 10 MB, 55.46 load
[runlim] sample:		4166.07 time, 4190.01 real, 10 MB, 55.39 load
[runlim] sample:		4176.01 time, 4200.01 real, 10 MB, 55.33 load
[runlim] sample:		4185.95 time, 4210.01 real, 10 MB, 55.28 load
[runlim] sample:		4195.90 time, 4220.01 real, 10 MB, 55.23 load
[runlim] sample:		4205.84 time, 4230.01 real, 10 MB, 55.36 load
[runlim] sample:		4215.79 time, 4240.01 real, 10 MB, 55.38 load
[runlim] sample:		4225.74 time, 4250.01 real, 10 MB, 55.40 load
[runlim] sample:		4235.68 time, 4260.01 real, 10 MB, 55.34 load
[runlim] sample:		4245.62 time, 4270.01 real, 10 MB, 55.28 load
[runlim] sample:		4255.57 time, 4280.01 real, 10 MB, 55.24 load
[runlim] sample:		4265.51 time, 4290.01 real, 10 MB, 55.20 load
[runlim] sample:		4275.46 time, 4300.01 real, 10 MB, 55.25 load
[runlim] sample:		4285.41 time, 4310.01 real, 10 MB, 55.21 load
[runlim] sample:		4295.35 time, 4320.01 real, 10 MB, 55.18 load
[runlim] sample:		4305.30 time, 4330.01 real, 10 MB, 55.15 load
[runlim] sample:		4315.24 time, 4340.01 real, 10 MB, 55.13 load
[runlim] sample:		4325.19 time, 4350.01 real, 10 MB, 55.18 load
[runlim] sample:		4335.13 time, 4360.01 real, 10 MB, 55.31 load
[runlim] sample:		4345.08 time, 4370.01 real, 10 MB, 55.34 load
[runlim] sample:		4355.02 time, 4380.01 real, 10 MB, 55.29 load
[runlim] sample:		4364.97 time, 4390.01 real, 10 MB, 55.24 load
[runlim] sample:		4374.91 time, 4400.01 real, 10 MB, 55.21 load
[runlim] sample:		4384.86 time, 4410.01 real, 10 MB, 55.17 load
[runlim] sample:		4394.81 time, 4420.01 real, 10 MB, 55.15 load
[runlim] sample:		4404.75 time, 4430.01 real, 10 MB, 55.12 load
[runlim] sample:		4414.70 time, 4440.01 real, 10 MB, 55.18 load
[runlim] sample:		4424.64 time, 4450.01 real, 10 MB, 55.16 load
[runlim] sample:		4434.59 time, 4460.01 real, 10 MB, 55.20 load
[runlim] sample:		4444.54 time, 4470.01 real, 10 MB, 55.33 load
[runlim] sample:		4454.48 time, 4480.01 real, 10 MB, 55.28 load
[runlim] sample:		4464.43 time, 4490.01 real, 10 MB, 55.23 load
[runlim] sample:		4474.37 time, 4500.01 real, 10 MB, 55.28 load
[runlim] sample:		4484.32 time, 4510.01 real, 10 MB, 55.38 load
[runlim] sample:		4494.26 time, 4520.01 real, 10 MB, 55.32 load
[runlim] sample:		4504.21 time, 4530.01 real, 10 MB, 55.27 load
[runlim] sample:		4514.16 time, 4540.01 real, 10 MB, 55.30 load
[runlim] sample:		4524.11 time, 4550.01 real, 10 MB, 55.26 load
[runlim] sample:		4534.05 time, 4560.01 real, 10 MB, 55.38 load
[runlim] sample:		4544.00 time, 4570.01 real, 10 MB, 55.32 load
[runlim] sample:		4553.94 time, 4580.01 real, 10 MB, 55.35 load
[runlim] sample:		4563.89 time, 4590.01 real, 10 MB, 55.30 load
[runlim] sample:		4573.83 time, 4600.01 real, 10 MB, 55.25 load
[runlim] sample:		4583.78 time, 4610.01 real, 10 MB, 55.21 load
[runlim] sample:		4593.72 time, 4620.01 real, 10 MB, 55.18 load
[runlim] sample:		4603.67 time, 4630.01 real, 10 MB, 55.30 load
[runlim] sample:		4613.61 time, 4640.01 real, 10 MB, 55.33 load
[runlim] sample:		4623.56 time, 4650.01 real, 10 MB, 55.28 load
[runlim] sample:		4633.51 time, 4660.01 real, 10 MB, 55.24 load
[runlim] sample:		4643.45 time, 4670.01 real, 10 MB, 55.20 load
[runlim] sample:		4653.40 time, 4680.01 real, 10 MB, 55.24 load
[runlim] sample:		4663.35 time, 4690.01 real, 10 MB, 55.21 load
[runlim] sample:		4673.29 time, 4700.01 real, 10 MB, 55.33 load
[runlim] sample:		4683.24 time, 4710.01 real, 10 MB, 55.43 load
[runlim] sample:		4693.18 time, 4720.01 real, 10 MB, 55.36 load
[runlim] sample:		4703.13 time, 4730.01 real, 10 MB, 55.30 load
[runlim] sample:		4713.08 time, 4740.01 real, 10 MB, 55.26 load
[runlim] sample:		4723.02 time, 4750.01 real, 10 MB, 55.22 load
[runlim] sample:		4732.97 time, 4760.01 real, 10 MB, 55.26 load
[runlim] sample:		4742.91 time, 4770.01 real, 10 MB, 55.30 load
[runlim] sample:		4752.86 time, 4780.01 real, 10 MB, 55.25 load
[runlim] sample:		4762.81 time, 4790.01 real, 10 MB, 55.21 load
[runlim] sample:		4772.75 time, 4800.01 real, 10 MB, 55.18 load
[runlim] sample:		4782.70 time, 4810.01 real, 10 MB, 55.15 load
[runlim] sample:		4792.65 time, 4820.01 real, 10 MB, 55.21 load
[runlim] sample:		4802.59 time, 4830.01 real, 10 MB, 55.25 load
[runlim] sample:		4812.54 time, 4840.01 real, 10 MB, 55.37 load
[runlim] sample:		4822.49 time, 4850.01 real, 10 MB, 55.31 load
[runlim] sample:		4832.43 time, 4860.01 real, 10 MB, 55.27 load
[runlim] sample:		4842.38 time, 4870.01 real, 10 MB, 55.22 load
[runlim] sample:		4852.32 time, 4880.01 real, 10 MB, 55.27 load
[runlim] sample:		4862.27 time, 4890.01 real, 10 MB, 55.23 load
[runlim] sample:		4872.21 time, 4900.01 real, 10 MB, 55.19 load
[runlim] sample:		4882.16 time, 4910.01 real, 10 MB, 55.16 load
[runlim] sample:		4892.10 time, 4920.01 real, 10 MB, 55.14 load
[runlim] sample:		4902.05 time, 4930.01 real, 10 MB, 55.20 load
[runlim] sample:		4912.00 time, 4940.01 real, 10 MB, 55.25 load
[runlim] sample:		4921.94 time, 4950.01 real, 10 MB, 55.21 load
[runlim] sample:		4931.89 time, 4960.01 real, 10 MB, 55.17 load
[runlim] sample:		4941.83 time, 4970.01 real, 10 MB, 55.22 load
[runlim] sample:		4951.78 time, 4980.01 real, 10 MB, 55.19 load
[runlim] sample:		4961.72 time, 4990.01 real, 10 MB, 54.22 load
[runlim] sample:		4971.67 time, 5000.01 real, 10 MB, 52.10 load
[runlim] end:			Thu Apr  9 21:43:22 2026
[runlim] status:		out of time
[runlim] result:		2
[runlim] children:		1
[runlim] processes:		2
[runlim] real:			5000.05 seconds
[runlim] time:			4971.67 seconds
[runlim] space:			10 MB
[runlim] load:			59.26 maximum
[runlim] samples:		50000
