[runlim] version:		2.0.0rc1
[runlim] host:			o02n01
[runlim] time limit:		311040000 seconds
[runlim] real time limit:	5000 seconds
[runlim] space limit:		7000 MB
[runlim] argv[0]:		./binary
[runlim] argv[1]:		-c
[runlim] argv[2]:		-f
[runlim] argv[3]:		/tmp/local-unzipped-12459992-2-87-mc2025_track1_043.cnf
[runlim] start:			Thu Apr  9 21:59:22 2026
[runlim] child:			2498421
[runlim] sample:		9.96 time, 10.01 real, 6 MB, 8.47 load
[runlim] sample:		19.91 time, 20.01 real, 6 MB, 12.17 load
[runlim] sample:		29.87 time, 30.01 real, 6 MB, 15.14 load
[runlim] sample:		39.82 time, 40.01 real, 6 MB, 17.58 load
[runlim] sample:		49.78 time, 50.01 real, 6 MB, 19.72 load
[runlim] sample:		59.73 time, 60.01 real, 6 MB, 21.45 load
[runlim] sample:		69.69 time, 70.01 real, 6 MB, 22.92 load
[runlim] sample:		79.64 time, 80.01 real, 6 MB, 24.24 load
[runlim] sample:		89.59 time, 90.01 real, 6 MB, 25.28 load
[runlim] sample:		99.55 time, 100.01 real, 6 MB, 26.16 load
[runlim] sample:		109.50 time, 110.01 real, 6 MB, 26.91 load
[runlim] sample:		119.46 time, 120.01 real, 6 MB, 27.54 load
[runlim] sample:		129.41 time, 130.01 real, 6 MB, 28.14 load
[runlim] sample:		139.37 time, 140.01 real, 6 MB, 28.58 load
[runlim] sample:		149.32 time, 150.01 real, 6 MB, 28.95 load
[runlim] sample:		159.28 time, 160.01 real, 6 MB, 29.27 load
[runlim] sample:		169.23 time, 170.01 real, 6 MB, 29.54 load
[runlim] sample:		179.19 time, 180.01 real, 6 MB, 29.76 load
[runlim] sample:		189.14 time, 190.01 real, 6 MB, 30.03 load
[runlim] sample:		199.10 time, 200.01 real, 6 MB, 30.18 load
[runlim] sample:		209.06 time, 210.01 real, 6 MB, 30.31 load
[runlim] sample:		219.01 time, 220.01 real, 6 MB, 30.41 load
[runlim] sample:		228.97 time, 230.01 real, 6 MB, 30.51 load
[runlim] sample:		238.92 time, 240.01 real, 6 MB, 30.58 load
[runlim] sample:		248.88 time, 250.01 real, 6 MB, 30.65 load
[runlim] sample:		258.83 time, 260.01 real, 6 MB, 30.70 load
[runlim] sample:		268.79 time, 270.01 real, 6 MB, 30.82 load
[runlim] sample:		278.75 time, 280.01 real, 6 MB, 30.85 load
[runlim] sample:		288.70 time, 290.01 real, 6 MB, 30.95 load
[runlim] sample:		298.65 time, 300.01 real, 6 MB, 30.95 load
[runlim] sample:		308.61 time, 310.01 real, 6 MB, 30.81 load
[runlim] sample:		318.57 time, 320.01 real, 6 MB, 30.68 load
[runlim] sample:		328.52 time, 330.01 real, 6 MB, 30.58 load
[runlim] sample:		338.48 time, 340.01 real, 6 MB, 30.49 load
[runlim] sample:		348.43 time, 350.01 real, 6 MB, 30.41 load
[runlim] sample:		358.39 time, 360.01 real, 6 MB, 30.35 load
[runlim] sample:		368.34 time, 370.01 real, 6 MB, 30.29 load
[runlim] sample:		378.30 time, 380.01 real, 6 MB, 30.25 load
[runlim] sample:		388.25 time, 390.01 real, 6 MB, 30.21 load
[runlim] sample:		398.21 time, 400.01 real, 6 MB, 30.18 load
[runlim] sample:		408.16 time, 410.01 real, 6 MB, 30.15 load
[runlim] sample:		418.11 time, 420.01 real, 6 MB, 30.13 load
[runlim] sample:		428.07 time, 430.01 real, 6 MB, 30.11 load
[runlim] sample:		438.02 time, 440.01 real, 6 MB, 30.09 load
[runlim] sample:		447.98 time, 450.01 real, 6 MB, 30.08 load
[runlim] sample:		457.93 time, 460.01 real, 6 MB, 30.06 load
[runlim] sample:		467.88 time, 470.01 real, 6 MB, 30.05 load
[runlim] sample:		477.84 time, 480.01 real, 6 MB, 30.04 load
[runlim] sample:		487.79 time, 490.01 real, 6 MB, 30.12 load
[runlim] sample:		497.75 time, 500.01 real, 6 MB, 30.10 load
[runlim] sample:		507.70 time, 510.01 real, 6 MB, 30.08 load
[runlim] sample:		517.65 time, 520.01 real, 6 MB, 30.07 load
[runlim] sample:		527.61 time, 530.01 real, 6 MB, 30.21 load
[runlim] sample:		537.57 time, 540.01 real, 6 MB, 30.17 load
[runlim] sample:		547.52 time, 550.01 real, 6 MB, 30.23 load
[runlim] sample:		557.48 time, 560.01 real, 6 MB, 30.19 load
[runlim] sample:		567.43 time, 570.01 real, 6 MB, 30.24 load
[runlim] sample:		577.39 time, 580.01 real, 6 MB, 30.20 load
[runlim] sample:		587.34 time, 590.01 real, 6 MB, 30.17 load
[runlim] sample:		597.30 time, 600.01 real, 6 MB, 30.14 load
[runlim] sample:		607.25 time, 610.01 real, 6 MB, 30.20 load
[runlim] sample:		617.21 time, 620.01 real, 6 MB, 30.17 load
[runlim] sample:		627.16 time, 630.01 real, 6 MB, 30.14 load
[runlim] sample:		637.12 time, 640.01 real, 6 MB, 30.12 load
[runlim] sample:		647.07 time, 650.01 real, 6 MB, 30.10 load
[runlim] sample:		657.03 time, 660.01 real, 6 MB, 30.08 load
[runlim] sample:		666.98 time, 670.01 real, 6 MB, 30.15 load
[runlim] sample:		676.93 time, 680.01 real, 6 MB, 30.13 load
[runlim] sample:		686.89 time, 690.01 real, 6 MB, 30.11 load
[runlim] sample:		696.84 time, 700.01 real, 6 MB, 30.09 load
[runlim] sample:		706.80 time, 710.01 real, 6 MB, 30.08 load
[runlim] sample:		716.75 time, 720.01 real, 6 MB, 30.06 load
[runlim] sample:		726.71 time, 730.01 real, 6 MB, 30.14 load
[runlim] sample:		736.67 time, 740.01 real, 6 MB, 30.11 load
[runlim] sample:		746.62 time, 750.01 real, 6 MB, 30.10 load
[runlim] sample:		756.58 time, 760.01 real, 6 MB, 30.08 load
[runlim] sample:		766.53 time, 770.01 real, 6 MB, 29.91 load
[runlim] sample:		776.49 time, 780.01 real, 6 MB, 29.77 load
[runlim] sample:		786.45 time, 790.01 real, 6 MB, 29.65 load
[runlim] sample:		796.41 time, 800.01 real, 6 MB, 29.55 load
[runlim] sample:		806.36 time, 810.01 real, 6 MB, 29.47 load
[runlim] sample:		816.32 time, 820.01 real, 6 MB, 29.40 load
[runlim] sample:		826.28 time, 830.01 real, 6 MB, 29.33 load
[runlim] sample:		836.24 time, 840.01 real, 6 MB, 29.28 load
[runlim] sample:		846.20 time, 850.01 real, 6 MB, 29.24 load
[runlim] sample:		856.16 time, 860.01 real, 6 MB, 29.20 load
[runlim] sample:		866.12 time, 870.01 real, 6 MB, 29.17 load
[runlim] sample:		876.07 time, 880.01 real, 6 MB, 29.14 load
[runlim] sample:		886.03 time, 890.01 real, 6 MB, 29.12 load
[runlim] sample:		895.99 time, 900.01 real, 6 MB, 29.10 load
[runlim] sample:		905.95 time, 910.01 real, 6 MB, 29.09 load
[runlim] sample:		915.90 time, 920.01 real, 6 MB, 29.07 load
[runlim] sample:		925.86 time, 930.01 real, 6 MB, 29.06 load
[runlim] sample:		935.82 time, 940.01 real, 6 MB, 29.05 load
[runlim] sample:		945.77 time, 950.01 real, 6 MB, 29.04 load
[runlim] sample:		955.73 time, 960.01 real, 6 MB, 29.04 load
[runlim] sample:		965.68 time, 970.01 real, 6 MB, 29.03 load
[runlim] sample:		975.64 time, 980.01 real, 6 MB, 29.02 load
[runlim] sample:		985.59 time, 990.01 real, 6 MB, 29.02 load
[runlim] sample:		995.55 time, 1000.01 real, 6 MB, 29.09 load
[runlim] sample:		1005.51 time, 1010.01 real, 6 MB, 29.08 load
[runlim] sample:		1015.47 time, 1020.01 real, 6 MB, 29.06 load
[runlim] sample:		1025.42 time, 1030.01 real, 6 MB, 29.05 load
[runlim] sample:		1035.38 time, 1040.01 real, 6 MB, 29.05 load
[runlim] sample:		1045.34 time, 1050.01 real, 6 MB, 29.04 load
[runlim] sample:		1055.30 time, 1060.01 real, 6 MB, 29.11 load
[runlim] sample:		1065.25 time, 1070.01 real, 6 MB, 29.09 load
[runlim] sample:		1075.21 time, 1080.01 real, 6 MB, 29.08 load
[runlim] sample:		1085.16 time, 1090.01 real, 6 MB, 29.06 load
[runlim] sample:		1095.12 time, 1100.01 real, 6 MB, 29.05 load
[runlim] sample:		1105.08 time, 1110.01 real, 6 MB, 29.04 load
[runlim] sample:		1115.03 time, 1120.01 real, 6 MB, 29.11 load
[runlim] sample:		1124.99 time, 1130.01 real, 6 MB, 29.09 load
[runlim] sample:		1134.95 time, 1140.01 real, 6 MB, 29.08 load
[runlim] sample:		1144.90 time, 1150.01 real, 6 MB, 29.07 load
[runlim] sample:		1154.86 time, 1160.01 real, 6 MB, 29.06 load
[runlim] sample:		1164.82 time, 1170.01 real, 6 MB, 29.05 load
[runlim] sample:		1174.77 time, 1180.01 real, 6 MB, 29.04 load
[runlim] sample:		1184.73 time, 1190.01 real, 6 MB, 29.03 load
[runlim] sample:		1194.69 time, 1200.01 real, 6 MB, 29.03 load
[runlim] sample:		1204.64 time, 1210.01 real, 6 MB, 29.02 load
[runlim] sample:		1214.60 time, 1220.01 real, 6 MB, 29.02 load
[runlim] sample:		1224.56 time, 1230.01 real, 6 MB, 29.02 load
[runlim] sample:		1234.51 time, 1240.01 real, 6 MB, 29.01 load
[runlim] sample:		1244.47 time, 1250.01 real, 6 MB, 29.01 load
[runlim] sample:		1254.43 time, 1260.01 real, 6 MB, 29.09 load
[runlim] sample:		1264.38 time, 1270.01 real, 6 MB, 29.07 load
[runlim] sample:		1274.34 time, 1280.01 real, 6 MB, 29.06 load
[runlim] sample:		1284.30 time, 1290.01 real, 6 MB, 29.05 load
[runlim] sample:		1294.25 time, 1300.01 real, 6 MB, 29.04 load
[runlim] sample:		1304.21 time, 1310.01 real, 6 MB, 29.04 load
[runlim] sample:		1314.16 time, 1320.01 real, 6 MB, 29.03 load
[runlim] sample:		1324.12 time, 1330.01 real, 6 MB, 29.03 load
[runlim] sample:		1334.07 time, 1340.01 real, 6 MB, 29.02 load
[runlim] sample:		1344.03 time, 1350.01 real, 6 MB, 29.02 load
[runlim] sample:		1353.99 time, 1360.01 real, 6 MB, 29.01 load
[runlim] sample:		1363.94 time, 1370.01 real, 6 MB, 29.01 load
[runlim] sample:		1373.90 time, 1380.01 real, 6 MB, 29.01 load
[runlim] sample:		1383.86 time, 1390.01 real, 6 MB, 29.01 load
[runlim] sample:		1393.82 time, 1400.01 real, 6 MB, 29.01 load
[runlim] sample:		1403.78 time, 1410.01 real, 6 MB, 29.00 load
[runlim] sample:		1413.73 time, 1420.01 real, 6 MB, 29.00 load
[runlim] sample:		1423.69 time, 1430.01 real, 6 MB, 29.00 load
[runlim] sample:		1433.65 time, 1440.01 real, 6 MB, 29.15 load
[runlim] sample:		1443.61 time, 1450.01 real, 6 MB, 29.13 load
[runlim] sample:		1453.56 time, 1460.01 real, 6 MB, 29.11 load
[runlim] sample:		1463.52 time, 1470.01 real, 6 MB, 29.09 load
[runlim] sample:		1473.48 time, 1480.01 real, 6 MB, 29.22 load
[runlim] sample:		1483.43 time, 1490.01 real, 6 MB, 29.19 load
[runlim] sample:		1493.39 time, 1500.01 real, 6 MB, 29.23 load
[runlim] sample:		1503.35 time, 1510.01 real, 6 MB, 29.20 load
[runlim] sample:		1513.31 time, 1520.01 real, 6 MB, 29.17 load
[runlim] sample:		1523.26 time, 1530.01 real, 6 MB, 29.21 load
[runlim] sample:		1533.22 time, 1540.01 real, 6 MB, 29.18 load
[runlim] sample:		1543.18 time, 1550.01 real, 6 MB, 29.15 load
[runlim] sample:		1553.14 time, 1560.01 real, 6 MB, 29.20 load
[runlim] sample:		1563.09 time, 1570.01 real, 6 MB, 29.17 load
[runlim] sample:		1573.05 time, 1580.01 real, 6 MB, 29.14 load
[runlim] sample:		1583.01 time, 1590.01 real, 6 MB, 29.12 load
[runlim] sample:		1592.97 time, 1600.01 real, 6 MB, 29.10 load
[runlim] sample:		1602.93 time, 1610.01 real, 6 MB, 29.09 load
[runlim] sample:		1612.88 time, 1620.01 real, 6 MB, 29.07 load
[runlim] sample:		1622.84 time, 1630.01 real, 6 MB, 29.06 load
[runlim] sample:		1632.79 time, 1640.01 real, 6 MB, 29.05 load
[runlim] sample:		1642.75 time, 1650.01 real, 6 MB, 29.04 load
[runlim] sample:		1652.71 time, 1660.01 real, 6 MB, 29.04 load
[runlim] sample:		1662.66 time, 1670.01 real, 6 MB, 29.11 load
[runlim] sample:		1672.62 time, 1680.01 real, 6 MB, 29.17 load
[runlim] sample:		1682.57 time, 1690.01 real, 6 MB, 29.15 load
[runlim] sample:		1692.53 time, 1700.01 real, 6 MB, 29.12 load
[runlim] sample:		1702.49 time, 1710.01 real, 6 MB, 29.10 load
[runlim] sample:		1712.44 time, 1720.01 real, 6 MB, 29.09 load
[runlim] sample:		1722.40 time, 1730.01 real, 6 MB, 29.07 load
[runlim] sample:		1732.35 time, 1740.01 real, 6 MB, 29.14 load
[runlim] sample:		1742.31 time, 1750.01 real, 6 MB, 29.11 load
[runlim] sample:		1752.27 time, 1760.01 real, 6 MB, 29.10 load
[runlim] sample:		1762.22 time, 1770.01 real, 6 MB, 29.08 load
[runlim] sample:		1772.18 time, 1780.01 real, 6 MB, 29.07 load
[runlim] sample:		1782.13 time, 1790.01 real, 6 MB, 29.06 load
[runlim] sample:		1792.09 time, 1800.01 real, 6 MB, 29.12 load
[runlim] sample:		1802.04 time, 1810.01 real, 6 MB, 29.10 load
[runlim] sample:		1812.00 time, 1820.01 real, 6 MB, 29.09 load
[runlim] sample:		1821.96 time, 1830.01 real, 6 MB, 29.07 load
[runlim] sample:		1831.91 time, 1840.01 real, 6 MB, 29.06 load
[runlim] sample:		1841.87 time, 1850.01 real, 6 MB, 29.05 load
[runlim] sample:		1851.83 time, 1860.01 real, 6 MB, 29.12 load
[runlim] sample:		1861.78 time, 1870.01 real, 6 MB, 29.10 load
[runlim] sample:		1871.74 time, 1880.01 real, 6 MB, 29.08 load
[runlim] sample:		1881.69 time, 1890.01 real, 6 MB, 29.07 load
[runlim] sample:		1891.65 time, 1900.01 real, 6 MB, 29.06 load
[runlim] sample:		1901.60 time, 1910.01 real, 6 MB, 29.05 load
[runlim] sample:		1911.56 time, 1920.01 real, 6 MB, 29.11 load
[runlim] sample:		1921.52 time, 1930.01 real, 6 MB, 29.10 load
[runlim] sample:		1931.48 time, 1940.01 real, 6 MB, 29.08 load
[runlim] sample:		1941.43 time, 1950.01 real, 6 MB, 29.07 load
[runlim] sample:		1951.39 time, 1960.01 real, 6 MB, 29.06 load
[runlim] sample:		1961.35 time, 1970.01 real, 6 MB, 29.28 load
[runlim] sample:		1971.31 time, 1980.01 real, 6 MB, 29.47 load
[runlim] sample:		1981.26 time, 1990.01 real, 6 MB, 29.55 load
[runlim] sample:		1991.22 time, 2000.01 real, 6 MB, 29.62 load
[runlim] sample:		2001.18 time, 2010.01 real, 6 MB, 29.75 load
[runlim] sample:		2011.14 time, 2020.01 real, 6 MB, 29.79 load
[runlim] sample:		2021.09 time, 2030.01 real, 6 MB, 29.90 load
[runlim] sample:		2031.05 time, 2040.01 real, 6 MB, 29.99 load
[runlim] sample:		2041.01 time, 2050.01 real, 6 MB, 29.99 load
[runlim] sample:		2050.96 time, 2060.01 real, 6 MB, 29.91 load
[runlim] sample:		2060.92 time, 2070.01 real, 6 MB, 29.77 load
[runlim] sample:		2070.88 time, 2080.01 real, 6 MB, 29.65 load
[runlim] sample:		2080.83 time, 2090.01 real, 6 MB, 29.55 load
[runlim] sample:		2090.79 time, 2100.01 real, 6 MB, 29.54 load
[runlim] sample:		2100.74 time, 2110.01 real, 6 MB, 29.46 load
[runlim] sample:		2110.70 time, 2120.01 real, 6 MB, 29.39 load
[runlim] sample:		2120.65 time, 2130.01 real, 6 MB, 29.33 load
[runlim] sample:		2130.61 time, 2140.01 real, 6 MB, 29.28 load
[runlim] sample:		2140.57 time, 2150.01 real, 6 MB, 29.23 load
[runlim] sample:		2150.52 time, 2160.01 real, 6 MB, 29.20 load
[runlim] sample:		2160.48 time, 2170.01 real, 6 MB, 29.24 load
[runlim] sample:		2170.43 time, 2180.01 real, 6 MB, 29.20 load
[runlim] sample:		2180.39 time, 2190.01 real, 6 MB, 29.17 load
[runlim] sample:		2190.35 time, 2200.01 real, 6 MB, 29.14 load
[runlim] sample:		2200.30 time, 2210.01 real, 6 MB, 29.12 load
[runlim] sample:		2210.26 time, 2220.01 real, 6 MB, 29.18 load
[runlim] sample:		2220.22 time, 2230.01 real, 6 MB, 29.15 load
[runlim] sample:		2230.18 time, 2240.01 real, 6 MB, 29.13 load
[runlim] sample:		2240.14 time, 2250.01 real, 6 MB, 29.11 load
[runlim] sample:		2250.09 time, 2260.01 real, 6 MB, 29.09 load
[runlim] sample:		2260.05 time, 2270.01 real, 6 MB, 29.08 load
[runlim] sample:		2270.01 time, 2280.01 real, 6 MB, 29.06 load
[runlim] sample:		2279.97 time, 2290.01 real, 6 MB, 29.13 load
[runlim] sample:		2289.92 time, 2300.01 real, 6 MB, 29.11 load
[runlim] sample:		2299.88 time, 2310.01 real, 6 MB, 29.09 load
[runlim] sample:		2309.84 time, 2320.01 real, 6 MB, 29.08 load
[runlim] sample:		2319.80 time, 2330.01 real, 6 MB, 29.06 load
[runlim] sample:		2329.75 time, 2340.01 real, 6 MB, 29.05 load
[runlim] sample:		2339.71 time, 2350.01 real, 6 MB, 29.04 load
[runlim] sample:		2349.67 time, 2360.01 real, 6 MB, 29.04 load
[runlim] sample:		2359.62 time, 2370.01 real, 6 MB, 29.03 load
[runlim] sample:		2369.58 time, 2380.01 real, 6 MB, 29.03 load
[runlim] sample:		2379.53 time, 2390.01 real, 6 MB, 29.02 load
[runlim] sample:		2389.49 time, 2400.01 real, 6 MB, 29.02 load
[runlim] sample:		2399.45 time, 2410.01 real, 6 MB, 29.01 load
[runlim] sample:		2409.41 time, 2420.01 real, 6 MB, 29.01 load
[runlim] sample:		2419.36 time, 2430.01 real, 6 MB, 29.01 load
[runlim] sample:		2429.32 time, 2440.01 real, 6 MB, 29.01 load
[runlim] sample:		2439.27 time, 2450.01 real, 6 MB, 29.01 load
[runlim] sample:		2449.23 time, 2460.01 real, 6 MB, 29.00 load
[runlim] sample:		2459.18 time, 2470.01 real, 6 MB, 29.00 load
[runlim] sample:		2469.14 time, 2480.01 real, 6 MB, 29.00 load
[runlim] sample:		2479.09 time, 2490.01 real, 6 MB, 29.00 load
[runlim] sample:		2489.05 time, 2500.01 real, 6 MB, 29.07 load
[runlim] sample:		2499.00 time, 2510.01 real, 6 MB, 29.06 load
[runlim] sample:		2508.96 time, 2520.01 real, 6 MB, 29.05 load
[runlim] sample:		2518.92 time, 2530.01 real, 6 MB, 29.04 load
[runlim] sample:		2528.87 time, 2540.01 real, 6 MB, 29.04 load
[runlim] sample:		2538.83 time, 2550.01 real, 6 MB, 29.03 load
[runlim] sample:		2548.78 time, 2560.01 real, 6 MB, 29.10 load
[runlim] sample:		2558.74 time, 2570.01 real, 6 MB, 29.08 load
[runlim] sample:		2568.70 time, 2580.01 real, 6 MB, 29.14 load
[runlim] sample:		2578.65 time, 2590.01 real, 6 MB, 29.12 load
[runlim] sample:		2588.61 time, 2600.01 real, 6 MB, 29.10 load
[runlim] sample:		2598.56 time, 2610.01 real, 6 MB, 29.09 load
[runlim] sample:		2608.52 time, 2620.01 real, 6 MB, 29.15 load
[runlim] sample:		2618.47 time, 2630.01 real, 6 MB, 29.12 load
[runlim] sample:		2628.43 time, 2640.01 real, 6 MB, 29.10 load
[runlim] sample:		2638.39 time, 2650.01 real, 6 MB, 29.09 load
[runlim] sample:		2648.34 time, 2660.01 real, 6 MB, 29.07 load
[runlim] sample:		2658.30 time, 2670.01 real, 6 MB, 29.06 load
[runlim] sample:		2668.25 time, 2680.01 real, 6 MB, 29.21 load
[runlim] sample:		2678.21 time, 2690.01 real, 6 MB, 29.17 load
[runlim] sample:		2688.17 time, 2700.01 real, 6 MB, 29.15 load
[runlim] sample:		2698.13 time, 2710.01 real, 6 MB, 29.12 load
[runlim] sample:		2708.08 time, 2720.01 real, 6 MB, 29.10 load
[runlim] sample:		2718.04 time, 2730.01 real, 6 MB, 29.09 load
[runlim] sample:		2728.00 time, 2740.01 real, 6 MB, 29.15 load
[runlim] sample:		2737.96 time, 2750.01 real, 6 MB, 29.12 load
[runlim] sample:		2747.91 time, 2760.01 real, 6 MB, 29.10 load
[runlim] sample:		2757.87 time, 2770.01 real, 6 MB, 29.09 load
[runlim] sample:		2767.82 time, 2780.01 real, 6 MB, 29.15 load
[runlim] sample:		2777.78 time, 2790.01 real, 6 MB, 29.13 load
[runlim] sample:		2787.74 time, 2800.01 real, 6 MB, 29.18 load
[runlim] sample:		2797.69 time, 2810.01 real, 6 MB, 29.15 load
[runlim] sample:		2807.65 time, 2820.01 real, 6 MB, 29.13 load
[runlim] sample:		2817.61 time, 2830.01 real, 6 MB, 29.11 load
[runlim] sample:		2827.57 time, 2840.01 real, 6 MB, 29.09 load
[runlim] sample:		2837.52 time, 2850.01 real, 6 MB, 29.08 load
[runlim] sample:		2847.48 time, 2860.01 real, 6 MB, 29.14 load
[runlim] sample:		2857.44 time, 2870.01 real, 6 MB, 29.12 load
[runlim] sample:		2867.40 time, 2880.01 real, 6 MB, 29.10 load
[runlim] sample:		2877.35 time, 2890.01 real, 6 MB, 29.08 load
[runlim] sample:		2887.31 time, 2900.01 real, 6 MB, 29.07 load
[runlim] sample:		2897.27 time, 2910.01 real, 6 MB, 29.06 load
[runlim] sample:		2907.22 time, 2920.01 real, 6 MB, 29.12 load
[runlim] sample:		2917.18 time, 2930.01 real, 6 MB, 29.10 load
[runlim] sample:		2927.14 time, 2940.01 real, 6 MB, 29.09 load
[runlim] sample:		2937.10 time, 2950.01 real, 6 MB, 29.07 load
[runlim] sample:		2947.06 time, 2960.01 real, 6 MB, 29.06 load
[runlim] sample:		2957.02 time, 2970.01 real, 6 MB, 29.05 load
[runlim] sample:		2966.98 time, 2980.01 real, 6 MB, 29.12 load
[runlim] sample:		2976.93 time, 2990.01 real, 6 MB, 29.10 load
[runlim] sample:		2986.89 time, 3000.01 real, 6 MB, 29.08 load
[runlim] sample:		2996.85 time, 3010.01 real, 6 MB, 29.07 load
[runlim] sample:		3006.81 time, 3020.01 real, 6 MB, 29.06 load
[runlim] sample:		3016.77 time, 3030.01 real, 6 MB, 29.13 load
[runlim] sample:		3026.72 time, 3040.01 real, 6 MB, 29.18 load
[runlim] sample:		3036.68 time, 3050.01 real, 6 MB, 29.15 load
[runlim] sample:		3046.64 time, 3060.01 real, 6 MB, 29.13 load
[runlim] sample:		3056.60 time, 3070.01 real, 6 MB, 29.11 load
[runlim] sample:		3066.56 time, 3080.01 real, 6 MB, 29.09 load
[runlim] sample:		3076.52 time, 3090.01 real, 6 MB, 29.08 load
[runlim] sample:		3086.47 time, 3100.01 real, 6 MB, 29.07 load
[runlim] sample:		3096.43 time, 3110.01 real, 6 MB, 29.06 load
[runlim] sample:		3106.39 time, 3120.01 real, 6 MB, 29.05 load
[runlim] sample:		3116.35 time, 3130.01 real, 6 MB, 29.04 load
[runlim] sample:		3126.31 time, 3140.01 real, 6 MB, 29.03 load
[runlim] sample:		3136.27 time, 3150.01 real, 6 MB, 29.03 load
[runlim] sample:		3146.22 time, 3160.01 real, 6 MB, 29.02 load
[runlim] sample:		3156.18 time, 3170.01 real, 6 MB, 29.02 load
[runlim] sample:		3166.14 time, 3180.01 real, 6 MB, 29.10 load
[runlim] sample:		3176.10 time, 3190.01 real, 6 MB, 29.08 load
[runlim] sample:		3186.05 time, 3200.01 real, 6 MB, 29.07 load
[runlim] sample:		3196.01 time, 3210.01 real, 6 MB, 29.13 load
[runlim] sample:		3205.97 time, 3220.01 real, 6 MB, 29.18 load
[runlim] sample:		3215.93 time, 3230.01 real, 6 MB, 29.24 load
[runlim] sample:		3225.88 time, 3240.01 real, 6 MB, 29.20 load
[runlim] sample:		3235.84 time, 3250.01 real, 6 MB, 29.17 load
[runlim] sample:		3245.80 time, 3260.01 real, 6 MB, 29.14 load
[runlim] sample:		3255.76 time, 3270.01 real, 6 MB, 29.12 load
[runlim] sample:		3265.71 time, 3280.01 real, 6 MB, 29.10 load
[runlim] sample:		3275.67 time, 3290.01 real, 6 MB, 29.08 load
[runlim] sample:		3285.63 time, 3300.01 real, 6 MB, 29.07 load
[runlim] sample:		3295.59 time, 3310.01 real, 6 MB, 29.06 load
[runlim] sample:		3305.54 time, 3320.01 real, 6 MB, 29.05 load
[runlim] sample:		3315.50 time, 3330.01 real, 6 MB, 29.04 load
[runlim] sample:		3325.46 time, 3340.01 real, 6 MB, 29.04 load
[runlim] sample:		3335.42 time, 3350.01 real, 6 MB, 29.03 load
[runlim] sample:		3345.37 time, 3360.01 real, 6 MB, 29.02 load
[runlim] sample:		3355.33 time, 3370.01 real, 6 MB, 29.02 load
[runlim] sample:		3365.29 time, 3380.01 real, 6 MB, 29.02 load
[runlim] sample:		3375.24 time, 3390.01 real, 6 MB, 29.01 load
[runlim] sample:		3385.20 time, 3400.01 real, 6 MB, 29.01 load
[runlim] sample:		3395.16 time, 3410.01 real, 6 MB, 29.01 load
[runlim] sample:		3405.12 time, 3420.01 real, 6 MB, 29.09 load
[runlim] sample:		3415.07 time, 3430.01 real, 6 MB, 29.07 load
[runlim] sample:		3425.03 time, 3440.01 real, 6 MB, 29.06 load
[runlim] sample:		3434.99 time, 3450.01 real, 6 MB, 29.05 load
[runlim] sample:		3444.95 time, 3460.01 real, 6 MB, 29.04 load
[runlim] sample:		3454.90 time, 3470.01 real, 6 MB, 29.04 load
[runlim] sample:		3464.86 time, 3480.01 real, 6 MB, 29.03 load
[runlim] sample:		3474.82 time, 3490.01 real, 6 MB, 29.02 load
[runlim] sample:		3484.77 time, 3500.01 real, 6 MB, 29.02 load
[runlim] sample:		3494.73 time, 3510.01 real, 6 MB, 29.02 load
[runlim] sample:		3504.69 time, 3520.01 real, 6 MB, 29.09 load
[runlim] sample:		3514.65 time, 3530.01 real, 6 MB, 29.08 load
[runlim] sample:		3524.60 time, 3540.01 real, 6 MB, 29.07 load
[runlim] sample:		3534.56 time, 3550.01 real, 6 MB, 29.06 load
[runlim] sample:		3544.52 time, 3560.01 real, 6 MB, 29.05 load
[runlim] sample:		3554.48 time, 3570.01 real, 6 MB, 29.04 load
[runlim] sample:		3564.43 time, 3580.01 real, 6 MB, 29.03 load
[runlim] sample:		3574.39 time, 3590.01 real, 6 MB, 29.03 load
[runlim] sample:		3584.35 time, 3600.01 real, 6 MB, 29.02 load
[runlim] sample:		3594.31 time, 3610.01 real, 6 MB, 29.02 load
[runlim] sample:		3604.27 time, 3620.01 real, 6 MB, 29.02 load
[runlim] sample:		3614.22 time, 3630.01 real, 6 MB, 29.01 load
[runlim] sample:		3624.18 time, 3640.01 real, 6 MB, 29.01 load
[runlim] sample:		3634.14 time, 3650.01 real, 6 MB, 29.01 load
[runlim] sample:		3644.09 time, 3660.01 real, 6 MB, 29.01 load
[runlim] sample:		3654.05 time, 3670.01 real, 6 MB, 29.00 load
[runlim] sample:		3664.01 time, 3680.01 real, 6 MB, 29.00 load
[runlim] sample:		3673.96 time, 3690.01 real, 6 MB, 29.00 load
[runlim] sample:		3683.92 time, 3700.01 real, 6 MB, 29.08 load
[runlim] sample:		3693.88 time, 3710.01 real, 6 MB, 29.07 load
[runlim] sample:		3703.83 time, 3720.01 real, 6 MB, 29.06 load
[runlim] sample:		3713.79 time, 3730.01 real, 6 MB, 28.97 load
[runlim] sample:		3723.75 time, 3740.01 real, 6 MB, 28.82 load
[runlim] sample:		3733.71 time, 3750.01 real, 6 MB, 28.69 load
[runlim] sample:		3743.66 time, 3760.01 real, 6 MB, 28.59 load
[runlim] sample:		3753.62 time, 3770.01 real, 6 MB, 28.50 load
[runlim] sample:		3763.58 time, 3780.01 real, 6 MB, 28.42 load
[runlim] sample:		3773.54 time, 3790.01 real, 6 MB, 28.35 load
[runlim] sample:		3783.50 time, 3800.01 real, 6 MB, 28.30 load
[runlim] sample:		3793.46 time, 3810.01 real, 6 MB, 28.33 load
[runlim] sample:		3803.41 time, 3820.01 real, 6 MB, 28.28 load
[runlim] sample:		3813.37 time, 3830.01 real, 6 MB, 28.23 load
[runlim] sample:		3823.33 time, 3840.01 real, 6 MB, 28.20 load
[runlim] sample:		3833.29 time, 3850.01 real, 6 MB, 28.17 load
[runlim] sample:		3843.25 time, 3860.01 real, 6 MB, 28.14 load
[runlim] sample:		3853.20 time, 3870.01 real, 6 MB, 28.12 load
[runlim] sample:		3863.16 time, 3880.01 real, 6 MB, 28.10 load
[runlim] sample:		3873.12 time, 3890.01 real, 6 MB, 28.08 load
[runlim] sample:		3883.08 time, 3900.01 real, 6 MB, 28.07 load
[runlim] sample:		3893.04 time, 3910.01 real, 6 MB, 28.06 load
[runlim] sample:		3903.00 time, 3920.01 real, 6 MB, 28.05 load
[runlim] sample:		3912.95 time, 3930.01 real, 6 MB, 28.04 load
[runlim] sample:		3922.91 time, 3940.01 real, 6 MB, 28.03 load
[runlim] sample:		3932.87 time, 3950.01 real, 6 MB, 28.03 load
[runlim] sample:		3942.82 time, 3960.01 real, 6 MB, 28.02 load
[runlim] sample:		3952.78 time, 3970.01 real, 6 MB, 28.02 load
[runlim] sample:		3962.74 time, 3980.01 real, 6 MB, 28.02 load
[runlim] sample:		3972.70 time, 3990.01 real, 6 MB, 28.01 load
[runlim] sample:		3982.65 time, 4000.01 real, 6 MB, 28.09 load
[runlim] sample:		3992.61 time, 4010.01 real, 6 MB, 28.15 load
[runlim] sample:		4002.57 time, 4020.01 real, 6 MB, 28.13 load
[runlim] sample:		4012.53 time, 4030.01 real, 6 MB, 28.11 load
[runlim] sample:		4022.48 time, 4040.01 real, 6 MB, 28.09 load
[runlim] sample:		4032.44 time, 4050.01 real, 6 MB, 28.08 load
[runlim] sample:		4042.40 time, 4060.01 real, 6 MB, 28.14 load
[runlim] sample:		4052.36 time, 4070.01 real, 6 MB, 28.12 load
[runlim] sample:		4062.31 time, 4080.01 real, 6 MB, 28.10 load
[runlim] sample:		4072.27 time, 4090.01 real, 6 MB, 28.09 load
[runlim] sample:		4082.23 time, 4100.01 real, 6 MB, 28.07 load
[runlim] sample:		4092.19 time, 4110.01 real, 6 MB, 28.06 load
[runlim] sample:		4102.15 time, 4120.01 real, 6 MB, 28.13 load
[runlim] sample:		4112.10 time, 4130.01 real, 6 MB, 28.11 load
[runlim] sample:		4122.06 time, 4140.01 real, 6 MB, 28.09 load
[runlim] sample:		4132.02 time, 4150.01 real, 6 MB, 28.08 load
[runlim] sample:		4141.98 time, 4160.01 real, 6 MB, 28.07 load
[runlim] sample:		4151.93 time, 4170.01 real, 6 MB, 28.06 load
[runlim] sample:		4161.89 time, 4180.01 real, 6 MB, 28.05 load
[runlim] sample:		4171.85 time, 4190.01 real, 6 MB, 28.04 load
[runlim] sample:		4181.81 time, 4200.01 real, 6 MB, 28.03 load
[runlim] sample:		4191.77 time, 4210.01 real, 6 MB, 28.03 load
[runlim] sample:		4201.73 time, 4220.01 real, 6 MB, 28.02 load
[runlim] sample:		4211.68 time, 4230.01 real, 6 MB, 28.02 load
[runlim] sample:		4221.64 time, 4240.01 real, 6 MB, 28.02 load
[runlim] sample:		4231.60 time, 4250.01 real, 6 MB, 28.01 load
[runlim] sample:		4241.55 time, 4260.01 real, 6 MB, 28.01 load
[runlim] sample:		4251.51 time, 4270.01 real, 6 MB, 28.01 load
[runlim] sample:		4261.47 time, 4280.01 real, 6 MB, 28.01 load
[runlim] sample:		4271.43 time, 4290.01 real, 6 MB, 28.00 load
[runlim] sample:		4281.38 time, 4300.01 real, 6 MB, 28.08 load
[runlim] sample:		4291.34 time, 4310.01 real, 6 MB, 28.07 load
[runlim] sample:		4301.30 time, 4320.01 real, 6 MB, 28.14 load
[runlim] sample:		4311.26 time, 4330.01 real, 6 MB, 28.12 load
[runlim] sample:		4321.21 time, 4340.01 real, 6 MB, 28.10 load
[runlim] sample:		4331.17 time, 4350.01 real, 6 MB, 28.08 load
[runlim] sample:		4341.13 time, 4360.01 real, 6 MB, 28.07 load
[runlim] sample:		4351.08 time, 4370.01 real, 6 MB, 28.06 load
[runlim] sample:		4361.04 time, 4380.01 real, 6 MB, 28.05 load
[runlim] sample:		4371.00 time, 4390.01 real, 6 MB, 28.04 load
[runlim] sample:		4380.95 time, 4400.01 real, 6 MB, 28.12 load
[runlim] sample:		4390.91 time, 4410.01 real, 6 MB, 28.10 load
[runlim] sample:		4400.87 time, 4420.01 real, 6 MB, 28.08 load
[runlim] sample:		4410.83 time, 4430.01 real, 6 MB, 28.07 load
[runlim] sample:		4420.78 time, 4440.01 real, 6 MB, 28.14 load
[runlim] sample:		4430.74 time, 4450.01 real, 6 MB, 28.12 load
[runlim] sample:		4440.70 time, 4460.01 real, 6 MB, 28.18 load
[runlim] sample:		4450.65 time, 4470.01 real, 6 MB, 28.15 load
[runlim] sample:		4460.61 time, 4480.01 real, 6 MB, 28.13 load
[runlim] sample:		4470.57 time, 4490.01 real, 6 MB, 28.11 load
[runlim] sample:		4480.53 time, 4500.01 real, 6 MB, 28.09 load
[runlim] sample:		4490.49 time, 4510.01 real, 6 MB, 28.08 load
[runlim] sample:		4500.44 time, 4520.01 real, 6 MB, 28.14 load
[runlim] sample:		4510.40 time, 4530.01 real, 6 MB, 28.12 load
[runlim] sample:		4520.36 time, 4540.01 real, 6 MB, 28.10 load
[runlim] sample:		4530.32 time, 4550.01 real, 6 MB, 28.09 load
[runlim] sample:		4540.28 time, 4560.01 real, 6 MB, 28.07 load
[runlim] sample:		4550.23 time, 4570.01 real, 6 MB, 28.06 load
[runlim] sample:		4560.19 time, 4580.01 real, 6 MB, 28.21 load
[runlim] sample:		4570.15 time, 4590.01 real, 6 MB, 28.18 load
[runlim] sample:		4580.11 time, 4600.01 real, 6 MB, 28.15 load
[runlim] sample:		4590.06 time, 4610.01 real, 6 MB, 28.13 load
[runlim] sample:		4600.02 time, 4620.01 real, 6 MB, 28.11 load
[runlim] sample:		4609.98 time, 4630.01 real, 6 MB, 28.09 load
[runlim] sample:		4619.94 time, 4640.01 real, 6 MB, 28.24 load
[runlim] sample:		4629.90 time, 4650.01 real, 6 MB, 28.20 load
[runlim] sample:		4639.86 time, 4660.01 real, 6 MB, 28.17 load
[runlim] sample:		4649.82 time, 4670.01 real, 6 MB, 28.14 load
[runlim] sample:		4659.77 time, 4680.01 real, 6 MB, 28.12 load
[runlim] sample:		4669.73 time, 4690.01 real, 6 MB, 28.10 load
[runlim] sample:		4679.69 time, 4700.01 real, 6 MB, 28.17 load
[runlim] sample:		4689.64 time, 4710.01 real, 6 MB, 28.14 load
[runlim] sample:		4699.60 time, 4720.01 real, 6 MB, 28.12 load
[runlim] sample:		4709.55 time, 4730.01 real, 6 MB, 28.10 load
[runlim] sample:		4719.51 time, 4740.01 real, 6 MB, 28.08 load
[runlim] sample:		4729.47 time, 4750.01 real, 6 MB, 28.07 load
[runlim] sample:		4739.42 time, 4760.01 real, 6 MB, 28.22 load
[runlim] sample:		4749.38 time, 4770.01 real, 6 MB, 28.19 load
[runlim] sample:		4759.34 time, 4780.01 real, 6 MB, 28.16 load
[runlim] sample:		4769.30 time, 4790.01 real, 6 MB, 28.13 load
[runlim] sample:		4779.25 time, 4800.01 real, 6 MB, 28.11 load
[runlim] sample:		4789.21 time, 4810.01 real, 6 MB, 28.09 load
[runlim] sample:		4799.17 time, 4820.01 real, 6 MB, 28.16 load
[runlim] sample:		4809.12 time, 4830.01 real, 6 MB, 28.13 load
[runlim] sample:		4819.08 time, 4840.01 real, 6 MB, 28.11 load
[runlim] sample:		4829.04 time, 4850.01 real, 6 MB, 28.10 load
[runlim] sample:		4838.99 time, 4860.01 real, 6 MB, 28.16 load
[runlim] sample:		4848.95 time, 4870.01 real, 6 MB, 28.14 load
[runlim] sample:		4858.91 time, 4880.01 real, 6 MB, 28.19 load
[runlim] sample:		4868.87 time, 4890.01 real, 6 MB, 28.16 load
[runlim] sample:		4878.82 time, 4900.01 real, 6 MB, 28.22 load
[runlim] sample:		4888.78 time, 4910.01 real, 6 MB, 28.18 load
[runlim] sample:		4898.74 time, 4920.01 real, 6 MB, 28.16 load
[runlim] sample:		4908.69 time, 4930.01 real, 6 MB, 28.13 load
[runlim] sample:		4918.65 time, 4940.01 real, 6 MB, 28.19 load
[runlim] sample:		4928.61 time, 4950.01 real, 6 MB, 28.16 load
[runlim] sample:		4938.56 time, 4960.01 real, 6 MB, 28.14 load
[runlim] sample:		4948.52 time, 4970.01 real, 6 MB, 28.12 load
[runlim] sample:		4958.47 time, 4980.01 real, 6 MB, 28.10 load
[runlim] sample:		4968.43 time, 4990.01 real, 6 MB, 27.23 load
[runlim] sample:		4978.39 time, 5000.01 real, 6 MB, 25.33 load
[runlim] end:			Thu Apr  9 23:22:42 2026
[runlim] status:		out of time
[runlim] result:		2
[runlim] children:		1
[runlim] processes:		2
[runlim] real:			5000.05 seconds
[runlim] time:			4978.39 seconds
[runlim] space:			6 MB
[runlim] load:			30.95 maximum
[runlim] samples:		50000
