[runlim] version:		2.0.0rc1
[runlim] host:			o02n01
[runlim] time limit:		311040000 seconds
[runlim] real time limit:	5000 seconds
[runlim] space limit:		7000 MB
[runlim] argv[0]:		./binary
[runlim] argv[1]:		-c
[runlim] argv[2]:		-f
[runlim] argv[3]:		/tmp/local-unzipped-12459992-2-78-mc2025_track1_129.cnf
[runlim] start:			Thu Apr  9 21:59:13 2026
[runlim] child:			2498113
[runlim] sample:		9.95 time, 10.01 real, 4 MB, 6.86 load
[runlim] sample:		19.90 time, 20.01 real, 4 MB, 10.36 load
[runlim] sample:		29.85 time, 30.01 real, 4 MB, 13.76 load
[runlim] sample:		39.81 time, 40.01 real, 4 MB, 16.41 load
[runlim] sample:		49.76 time, 50.01 real, 4 MB, 18.73 load
[runlim] sample:		59.71 time, 60.01 real, 4 MB, 20.62 load
[runlim] sample:		69.66 time, 70.01 real, 4 MB, 22.22 load
[runlim] sample:		79.62 time, 80.01 real, 4 MB, 23.57 load
[runlim] sample:		89.57 time, 90.01 real, 4 MB, 24.78 load
[runlim] sample:		99.52 time, 100.01 real, 4 MB, 25.74 load
[runlim] sample:		109.47 time, 110.01 real, 4 MB, 26.55 load
[runlim] sample:		119.42 time, 120.01 real, 4 MB, 27.23 load
[runlim] sample:		129.37 time, 130.01 real, 4 MB, 27.89 load
[runlim] sample:		139.33 time, 140.01 real, 4 MB, 28.37 load
[runlim] sample:		149.28 time, 150.01 real, 4 MB, 28.78 load
[runlim] sample:		159.23 time, 160.01 real, 4 MB, 29.12 load
[runlim] sample:		169.18 time, 170.01 real, 4 MB, 29.41 load
[runlim] sample:		179.14 time, 180.01 real, 4 MB, 29.65 load
[runlim] sample:		189.09 time, 190.01 real, 4 MB, 29.86 load
[runlim] sample:		199.05 time, 200.01 real, 4 MB, 30.11 load
[runlim] sample:		209.00 time, 210.01 real, 4 MB, 30.25 load
[runlim] sample:		218.96 time, 220.01 real, 4 MB, 30.36 load
[runlim] sample:		228.91 time, 230.01 real, 4 MB, 30.46 load
[runlim] sample:		238.87 time, 240.01 real, 4 MB, 30.55 load
[runlim] sample:		248.83 time, 250.01 real, 4 MB, 30.62 load
[runlim] sample:		258.78 time, 260.01 real, 4 MB, 30.68 load
[runlim] sample:		268.74 time, 270.01 real, 4 MB, 30.81 load
[runlim] sample:		278.69 time, 280.01 real, 4 MB, 30.84 load
[runlim] sample:		288.65 time, 290.01 real, 4 MB, 30.94 load
[runlim] sample:		298.60 time, 300.01 real, 4 MB, 30.95 load
[runlim] sample:		308.56 time, 310.01 real, 4 MB, 30.88 load
[runlim] sample:		318.51 time, 320.01 real, 4 MB, 30.74 load
[runlim] sample:		328.47 time, 330.01 real, 4 MB, 30.63 load
[runlim] sample:		338.42 time, 340.01 real, 4 MB, 30.53 load
[runlim] sample:		348.38 time, 350.01 real, 4 MB, 30.45 load
[runlim] sample:		358.33 time, 360.01 real, 4 MB, 30.38 load
[runlim] sample:		368.29 time, 370.01 real, 4 MB, 30.32 load
[runlim] sample:		378.24 time, 380.01 real, 4 MB, 30.27 load
[runlim] sample:		388.20 time, 390.01 real, 4 MB, 30.23 load
[runlim] sample:		398.15 time, 400.01 real, 4 MB, 30.19 load
[runlim] sample:		408.11 time, 410.01 real, 4 MB, 30.16 load
[runlim] sample:		418.06 time, 420.01 real, 4 MB, 30.14 load
[runlim] sample:		428.01 time, 430.01 real, 4 MB, 30.12 load
[runlim] sample:		437.97 time, 440.01 real, 4 MB, 30.10 load
[runlim] sample:		447.93 time, 450.01 real, 4 MB, 30.08 load
[runlim] sample:		457.88 time, 460.01 real, 4 MB, 30.07 load
[runlim] sample:		467.84 time, 470.01 real, 4 MB, 30.06 load
[runlim] sample:		477.79 time, 480.01 real, 4 MB, 30.05 load
[runlim] sample:		487.75 time, 490.01 real, 4 MB, 30.04 load
[runlim] sample:		497.70 time, 500.01 real, 4 MB, 30.11 load
[runlim] sample:		507.66 time, 510.01 real, 4 MB, 30.09 load
[runlim] sample:		517.61 time, 520.01 real, 4 MB, 30.08 load
[runlim] sample:		527.57 time, 530.01 real, 4 MB, 30.22 load
[runlim] sample:		537.52 time, 540.01 real, 4 MB, 30.19 load
[runlim] sample:		547.48 time, 550.01 real, 4 MB, 30.16 load
[runlim] sample:		557.43 time, 560.01 real, 4 MB, 30.21 load
[runlim] sample:		567.39 time, 570.01 real, 4 MB, 30.26 load
[runlim] sample:		577.34 time, 580.01 real, 4 MB, 30.22 load
[runlim] sample:		587.30 time, 590.01 real, 4 MB, 30.18 load
[runlim] sample:		597.25 time, 600.01 real, 4 MB, 30.15 load
[runlim] sample:		607.21 time, 610.01 real, 4 MB, 30.13 load
[runlim] sample:		617.16 time, 620.01 real, 4 MB, 30.18 load
[runlim] sample:		627.12 time, 630.01 real, 4 MB, 30.16 load
[runlim] sample:		637.07 time, 640.01 real, 4 MB, 30.13 load
[runlim] sample:		647.03 time, 650.01 real, 4 MB, 30.11 load
[runlim] sample:		656.98 time, 660.01 real, 4 MB, 30.09 load
[runlim] sample:		666.93 time, 670.01 real, 4 MB, 30.08 load
[runlim] sample:		676.89 time, 680.01 real, 4 MB, 30.14 load
[runlim] sample:		686.84 time, 690.01 real, 4 MB, 30.12 load
[runlim] sample:		696.80 time, 700.01 real, 4 MB, 30.10 load
[runlim] sample:		706.75 time, 710.01 real, 4 MB, 30.08 load
[runlim] sample:		716.71 time, 720.01 real, 4 MB, 30.07 load
[runlim] sample:		726.66 time, 730.01 real, 4 MB, 30.06 load
[runlim] sample:		736.62 time, 740.01 real, 4 MB, 30.12 load
[runlim] sample:		746.58 time, 750.01 real, 4 MB, 30.10 load
[runlim] sample:		756.53 time, 760.01 real, 4 MB, 30.09 load
[runlim] sample:		766.49 time, 770.01 real, 4 MB, 29.99 load
[runlim] sample:		776.44 time, 780.01 real, 4 MB, 29.84 load
[runlim] sample:		786.40 time, 790.01 real, 4 MB, 29.71 load
[runlim] sample:		796.36 time, 800.01 real, 4 MB, 29.60 load
[runlim] sample:		806.32 time, 810.01 real, 4 MB, 29.51 load
[runlim] sample:		816.27 time, 820.01 real, 4 MB, 29.43 load
[runlim] sample:		826.23 time, 830.01 real, 4 MB, 29.36 load
[runlim] sample:		836.19 time, 840.01 real, 4 MB, 29.31 load
[runlim] sample:		846.14 time, 850.01 real, 4 MB, 29.26 load
[runlim] sample:		856.10 time, 860.01 real, 4 MB, 29.22 load
[runlim] sample:		866.05 time, 870.01 real, 4 MB, 29.18 load
[runlim] sample:		876.00 time, 880.01 real, 4 MB, 29.16 load
[runlim] sample:		885.96 time, 890.01 real, 4 MB, 29.13 load
[runlim] sample:		895.91 time, 900.01 real, 4 MB, 29.11 load
[runlim] sample:		905.87 time, 910.01 real, 4 MB, 29.09 load
[runlim] sample:		915.82 time, 920.01 real, 4 MB, 29.08 load
[runlim] sample:		925.78 time, 930.01 real, 4 MB, 29.07 load
[runlim] sample:		935.73 time, 940.01 real, 4 MB, 29.06 load
[runlim] sample:		945.68 time, 950.01 real, 4 MB, 29.05 load
[runlim] sample:		955.64 time, 960.01 real, 4 MB, 29.04 load
[runlim] sample:		965.59 time, 970.01 real, 4 MB, 29.03 load
[runlim] sample:		975.55 time, 980.01 real, 4 MB, 29.03 load
[runlim] sample:		985.50 time, 990.01 real, 4 MB, 29.02 load
[runlim] sample:		995.46 time, 1000.01 real, 4 MB, 29.10 load
[runlim] sample:		1005.41 time, 1010.01 real, 4 MB, 29.08 load
[runlim] sample:		1015.37 time, 1020.01 real, 4 MB, 29.07 load
[runlim] sample:		1025.32 time, 1030.01 real, 4 MB, 29.06 load
[runlim] sample:		1035.28 time, 1040.01 real, 4 MB, 29.05 load
[runlim] sample:		1045.23 time, 1050.01 real, 4 MB, 29.04 load
[runlim] sample:		1055.19 time, 1060.01 real, 4 MB, 29.12 load
[runlim] sample:		1065.15 time, 1070.01 real, 4 MB, 29.10 load
[runlim] sample:		1075.10 time, 1080.01 real, 4 MB, 29.08 load
[runlim] sample:		1085.06 time, 1090.01 real, 4 MB, 29.07 load
[runlim] sample:		1095.01 time, 1100.01 real, 4 MB, 29.06 load
[runlim] sample:		1104.97 time, 1110.01 real, 4 MB, 29.05 load
[runlim] sample:		1114.92 time, 1120.01 real, 4 MB, 29.12 load
[runlim] sample:		1124.88 time, 1130.01 real, 4 MB, 29.10 load
[runlim] sample:		1134.83 time, 1140.01 real, 4 MB, 29.09 load
[runlim] sample:		1144.79 time, 1150.01 real, 4 MB, 29.07 load
[runlim] sample:		1154.75 time, 1160.01 real, 4 MB, 29.06 load
[runlim] sample:		1164.70 time, 1170.01 real, 4 MB, 29.05 load
[runlim] sample:		1174.66 time, 1180.01 real, 4 MB, 29.04 load
[runlim] sample:		1184.62 time, 1190.01 real, 4 MB, 29.04 load
[runlim] sample:		1194.57 time, 1200.01 real, 4 MB, 29.03 load
[runlim] sample:		1204.53 time, 1210.01 real, 4 MB, 29.02 load
[runlim] sample:		1214.49 time, 1220.01 real, 4 MB, 29.02 load
[runlim] sample:		1224.44 time, 1230.01 real, 4 MB, 29.02 load
[runlim] sample:		1234.40 time, 1240.01 real, 4 MB, 29.01 load
[runlim] sample:		1244.36 time, 1250.01 real, 4 MB, 29.01 load
[runlim] sample:		1254.31 time, 1260.01 real, 4 MB, 29.01 load
[runlim] sample:		1264.27 time, 1270.01 real, 4 MB, 29.08 load
[runlim] sample:		1274.23 time, 1280.01 real, 4 MB, 29.07 load
[runlim] sample:		1284.18 time, 1290.01 real, 4 MB, 29.06 load
[runlim] sample:		1294.14 time, 1300.01 real, 4 MB, 29.05 load
[runlim] sample:		1304.10 time, 1310.01 real, 4 MB, 29.04 load
[runlim] sample:		1314.05 time, 1320.01 real, 4 MB, 29.03 load
[runlim] sample:		1324.01 time, 1330.01 real, 4 MB, 29.03 load
[runlim] sample:		1333.96 time, 1340.01 real, 4 MB, 29.02 load
[runlim] sample:		1343.92 time, 1350.01 real, 4 MB, 29.02 load
[runlim] sample:		1353.87 time, 1360.01 real, 4 MB, 29.02 load
[runlim] sample:		1363.83 time, 1370.01 real, 4 MB, 29.01 load
[runlim] sample:		1373.79 time, 1380.01 real, 4 MB, 29.01 load
[runlim] sample:		1383.75 time, 1390.01 real, 4 MB, 29.01 load
[runlim] sample:		1393.70 time, 1400.01 real, 4 MB, 29.01 load
[runlim] sample:		1403.66 time, 1410.01 real, 4 MB, 29.00 load
[runlim] sample:		1413.62 time, 1420.01 real, 4 MB, 29.00 load
[runlim] sample:		1423.58 time, 1430.01 real, 4 MB, 29.00 load
[runlim] sample:		1433.53 time, 1440.01 real, 4 MB, 29.16 load
[runlim] sample:		1443.49 time, 1450.01 real, 4 MB, 29.14 load
[runlim] sample:		1453.45 time, 1460.01 real, 4 MB, 29.12 load
[runlim] sample:		1463.41 time, 1470.01 real, 4 MB, 29.10 load
[runlim] sample:		1473.36 time, 1480.01 real, 4 MB, 29.24 load
[runlim] sample:		1483.32 time, 1490.01 real, 4 MB, 29.20 load
[runlim] sample:		1493.28 time, 1500.01 real, 4 MB, 29.25 load
[runlim] sample:		1503.24 time, 1510.01 real, 4 MB, 29.21 load
[runlim] sample:		1513.19 time, 1520.01 real, 4 MB, 29.18 load
[runlim] sample:		1523.15 time, 1530.01 real, 4 MB, 29.23 load
[runlim] sample:		1533.11 time, 1540.01 real, 4 MB, 29.20 load
[runlim] sample:		1543.07 time, 1550.01 real, 4 MB, 29.17 load
[runlim] sample:		1553.02 time, 1560.01 real, 4 MB, 29.22 load
[runlim] sample:		1562.98 time, 1570.01 real, 4 MB, 29.19 load
[runlim] sample:		1572.94 time, 1580.01 real, 4 MB, 29.16 load
[runlim] sample:		1582.90 time, 1590.01 real, 4 MB, 29.13 load
[runlim] sample:		1592.85 time, 1600.01 real, 4 MB, 29.11 load
[runlim] sample:		1602.81 time, 1610.01 real, 4 MB, 29.09 load
[runlim] sample:		1612.77 time, 1620.01 real, 4 MB, 29.08 load
[runlim] sample:		1622.73 time, 1630.01 real, 4 MB, 29.07 load
[runlim] sample:		1632.69 time, 1640.01 real, 4 MB, 29.06 load
[runlim] sample:		1642.64 time, 1650.01 real, 4 MB, 29.05 load
[runlim] sample:		1652.60 time, 1660.01 real, 4 MB, 29.04 load
[runlim] sample:		1662.56 time, 1670.01 real, 4 MB, 29.03 load
[runlim] sample:		1672.52 time, 1680.01 real, 4 MB, 29.10 load
[runlim] sample:		1682.47 time, 1690.01 real, 4 MB, 29.16 load
[runlim] sample:		1692.43 time, 1700.01 real, 4 MB, 29.13 load
[runlim] sample:		1702.39 time, 1710.01 real, 4 MB, 29.11 load
[runlim] sample:		1712.35 time, 1720.01 real, 4 MB, 29.10 load
[runlim] sample:		1722.31 time, 1730.01 real, 4 MB, 29.08 load
[runlim] sample:		1732.26 time, 1740.01 real, 4 MB, 29.15 load
[runlim] sample:		1742.22 time, 1750.01 real, 4 MB, 29.12 load
[runlim] sample:		1752.18 time, 1760.01 real, 4 MB, 29.10 load
[runlim] sample:		1762.14 time, 1770.01 real, 4 MB, 29.09 load
[runlim] sample:		1772.10 time, 1780.01 real, 4 MB, 29.07 load
[runlim] sample:		1782.05 time, 1790.01 real, 4 MB, 29.06 load
[runlim] sample:		1792.01 time, 1800.01 real, 4 MB, 29.13 load
[runlim] sample:		1801.96 time, 1810.01 real, 4 MB, 29.11 load
[runlim] sample:		1811.92 time, 1820.01 real, 4 MB, 29.09 load
[runlim] sample:		1821.87 time, 1830.01 real, 4 MB, 29.08 load
[runlim] sample:		1831.83 time, 1840.01 real, 4 MB, 29.07 load
[runlim] sample:		1841.78 time, 1850.01 real, 4 MB, 29.06 load
[runlim] sample:		1851.73 time, 1860.01 real, 4 MB, 29.13 load
[runlim] sample:		1861.69 time, 1870.01 real, 4 MB, 29.11 load
[runlim] sample:		1871.64 time, 1880.01 real, 4 MB, 29.09 load
[runlim] sample:		1881.59 time, 1890.01 real, 4 MB, 29.08 load
[runlim] sample:		1891.54 time, 1900.01 real, 4 MB, 29.06 load
[runlim] sample:		1901.49 time, 1910.01 real, 4 MB, 29.05 load
[runlim] sample:		1911.45 time, 1920.01 real, 4 MB, 29.12 load
[runlim] sample:		1921.40 time, 1930.01 real, 4 MB, 29.11 load
[runlim] sample:		1931.35 time, 1940.01 real, 4 MB, 29.09 load
[runlim] sample:		1941.31 time, 1950.01 real, 4 MB, 29.07 load
[runlim] sample:		1951.26 time, 1960.01 real, 4 MB, 29.06 load
[runlim] sample:		1961.21 time, 1970.01 real, 4 MB, 29.13 load
[runlim] sample:		1971.17 time, 1980.01 real, 4 MB, 29.42 load
[runlim] sample:		1981.12 time, 1990.01 real, 4 MB, 29.51 load
[runlim] sample:		1991.07 time, 2000.01 real, 4 MB, 29.59 load
[runlim] sample:		2001.02 time, 2010.01 real, 4 MB, 29.73 load
[runlim] sample:		2010.98 time, 2020.01 real, 4 MB, 29.77 load
[runlim] sample:		2020.93 time, 2030.01 real, 4 MB, 29.81 load
[runlim] sample:		2030.88 time, 2040.01 real, 4 MB, 29.99 load
[runlim] sample:		2040.84 time, 2050.01 real, 4 MB, 29.99 load
[runlim] sample:		2050.79 time, 2060.01 real, 4 MB, 29.99 load
[runlim] sample:		2060.74 time, 2070.01 real, 4 MB, 29.84 load
[runlim] sample:		2070.69 time, 2080.01 real, 4 MB, 29.71 load
[runlim] sample:		2080.65 time, 2090.01 real, 4 MB, 29.60 load
[runlim] sample:		2090.60 time, 2100.01 real, 4 MB, 29.59 load
[runlim] sample:		2100.55 time, 2110.01 real, 4 MB, 29.50 load
[runlim] sample:		2110.50 time, 2120.01 real, 4 MB, 29.42 load
[runlim] sample:		2120.46 time, 2130.01 real, 4 MB, 29.36 load
[runlim] sample:		2130.41 time, 2140.01 real, 4 MB, 29.30 load
[runlim] sample:		2140.37 time, 2150.01 real, 4 MB, 29.25 load
[runlim] sample:		2150.32 time, 2160.01 real, 4 MB, 29.21 load
[runlim] sample:		2160.26 time, 2170.01 real, 4 MB, 29.26 load
[runlim] sample:		2170.20 time, 2180.01 real, 4 MB, 29.22 load
[runlim] sample:		2180.14 time, 2190.01 real, 4 MB, 29.19 load
[runlim] sample:		2190.09 time, 2200.01 real, 4 MB, 29.16 load
[runlim] sample:		2200.03 time, 2210.01 real, 4 MB, 29.13 load
[runlim] sample:		2209.97 time, 2220.01 real, 4 MB, 29.19 load
[runlim] sample:		2219.92 time, 2230.01 real, 4 MB, 29.16 load
[runlim] sample:		2229.86 time, 2240.01 real, 4 MB, 29.14 load
[runlim] sample:		2239.80 time, 2250.01 real, 4 MB, 29.12 load
[runlim] sample:		2249.75 time, 2260.01 real, 4 MB, 29.10 load
[runlim] sample:		2259.69 time, 2270.01 real, 4 MB, 29.08 load
[runlim] sample:		2269.63 time, 2280.01 real, 4 MB, 29.07 load
[runlim] sample:		2279.57 time, 2290.01 real, 4 MB, 29.14 load
[runlim] sample:		2289.52 time, 2300.01 real, 4 MB, 29.12 load
[runlim] sample:		2299.46 time, 2310.01 real, 4 MB, 29.10 load
[runlim] sample:		2309.40 time, 2320.01 real, 4 MB, 29.08 load
[runlim] sample:		2319.35 time, 2330.01 real, 4 MB, 29.07 load
[runlim] sample:		2329.29 time, 2340.01 real, 4 MB, 29.06 load
[runlim] sample:		2339.23 time, 2350.01 real, 4 MB, 29.05 load
[runlim] sample:		2349.18 time, 2360.01 real, 4 MB, 29.04 load
[runlim] sample:		2359.12 time, 2370.01 real, 4 MB, 29.03 load
[runlim] sample:		2369.06 time, 2380.01 real, 4 MB, 29.03 load
[runlim] sample:		2379.01 time, 2390.01 real, 4 MB, 29.02 load
[runlim] sample:		2388.95 time, 2400.01 real, 4 MB, 29.02 load
[runlim] sample:		2398.90 time, 2410.01 real, 4 MB, 29.02 load
[runlim] sample:		2408.84 time, 2420.01 real, 4 MB, 29.01 load
[runlim] sample:		2418.79 time, 2430.01 real, 4 MB, 29.01 load
[runlim] sample:		2428.73 time, 2440.01 real, 4 MB, 29.01 load
[runlim] sample:		2438.67 time, 2450.01 real, 4 MB, 29.01 load
[runlim] sample:		2448.62 time, 2460.01 real, 4 MB, 29.01 load
[runlim] sample:		2458.56 time, 2470.01 real, 4 MB, 29.00 load
[runlim] sample:		2468.51 time, 2480.01 real, 4 MB, 29.00 load
[runlim] sample:		2478.45 time, 2490.01 real, 4 MB, 29.00 load
[runlim] sample:		2488.40 time, 2500.01 real, 4 MB, 29.00 load
[runlim] sample:		2498.34 time, 2510.01 real, 4 MB, 29.07 load
[runlim] sample:		2508.29 time, 2520.01 real, 4 MB, 29.06 load
[runlim] sample:		2518.23 time, 2530.01 real, 4 MB, 29.05 load
[runlim] sample:		2528.17 time, 2540.01 real, 4 MB, 29.04 load
[runlim] sample:		2538.12 time, 2550.01 real, 4 MB, 29.04 load
[runlim] sample:		2548.06 time, 2560.01 real, 4 MB, 29.03 load
[runlim] sample:		2558.01 time, 2570.01 real, 4 MB, 29.10 load
[runlim] sample:		2567.95 time, 2580.01 real, 4 MB, 29.08 load
[runlim] sample:		2577.90 time, 2590.01 real, 4 MB, 29.14 load
[runlim] sample:		2587.84 time, 2600.01 real, 4 MB, 29.12 load
[runlim] sample:		2597.79 time, 2610.01 real, 4 MB, 29.10 load
[runlim] sample:		2607.73 time, 2620.01 real, 4 MB, 29.09 load
[runlim] sample:		2617.68 time, 2630.01 real, 4 MB, 29.15 load
[runlim] sample:		2627.62 time, 2640.01 real, 4 MB, 29.12 load
[runlim] sample:		2637.57 time, 2650.01 real, 4 MB, 29.10 load
[runlim] sample:		2647.51 time, 2660.01 real, 4 MB, 29.09 load
[runlim] sample:		2657.46 time, 2670.01 real, 4 MB, 29.07 load
[runlim] sample:		2667.40 time, 2680.01 real, 4 MB, 29.06 load
[runlim] sample:		2677.35 time, 2690.01 real, 4 MB, 29.21 load
[runlim] sample:		2687.29 time, 2700.01 real, 4 MB, 29.17 load
[runlim] sample:		2697.24 time, 2710.01 real, 4 MB, 29.15 load
[runlim] sample:		2707.19 time, 2720.01 real, 4 MB, 29.12 load
[runlim] sample:		2717.14 time, 2730.01 real, 4 MB, 29.10 load
[runlim] sample:		2727.08 time, 2740.01 real, 4 MB, 29.09 load
[runlim] sample:		2737.03 time, 2750.01 real, 4 MB, 29.15 load
[runlim] sample:		2746.98 time, 2760.01 real, 4 MB, 29.12 load
[runlim] sample:		2756.92 time, 2770.01 real, 4 MB, 29.10 load
[runlim] sample:		2766.87 time, 2780.01 real, 4 MB, 29.09 load
[runlim] sample:		2776.81 time, 2790.01 real, 4 MB, 29.15 load
[runlim] sample:		2786.75 time, 2800.01 real, 4 MB, 29.13 load
[runlim] sample:		2796.70 time, 2810.01 real, 4 MB, 29.18 load
[runlim] sample:		2806.65 time, 2820.01 real, 4 MB, 29.15 load
[runlim] sample:		2816.59 time, 2830.01 real, 4 MB, 29.13 load
[runlim] sample:		2826.54 time, 2840.01 real, 4 MB, 29.11 load
[runlim] sample:		2836.49 time, 2850.01 real, 4 MB, 29.09 load
[runlim] sample:		2846.43 time, 2860.01 real, 4 MB, 29.08 load
[runlim] sample:		2856.38 time, 2870.01 real, 4 MB, 29.14 load
[runlim] sample:		2866.33 time, 2880.01 real, 4 MB, 29.12 load
[runlim] sample:		2876.27 time, 2890.01 real, 4 MB, 29.10 load
[runlim] sample:		2886.22 time, 2900.01 real, 4 MB, 29.08 load
[runlim] sample:		2896.17 time, 2910.01 real, 4 MB, 29.07 load
[runlim] sample:		2906.12 time, 2920.01 real, 4 MB, 29.06 load
[runlim] sample:		2916.08 time, 2930.01 real, 4 MB, 29.12 load
[runlim] sample:		2926.03 time, 2940.01 real, 4 MB, 29.10 load
[runlim] sample:		2935.98 time, 2950.01 real, 4 MB, 29.09 load
[runlim] sample:		2945.94 time, 2960.01 real, 4 MB, 29.07 load
[runlim] sample:		2955.90 time, 2970.01 real, 4 MB, 29.06 load
[runlim] sample:		2965.85 time, 2980.01 real, 4 MB, 29.05 load
[runlim] sample:		2975.81 time, 2990.01 real, 4 MB, 29.12 load
[runlim] sample:		2985.77 time, 3000.01 real, 4 MB, 29.10 load
[runlim] sample:		2995.73 time, 3010.01 real, 4 MB, 29.08 load
[runlim] sample:		3005.68 time, 3020.01 real, 4 MB, 29.07 load
[runlim] sample:		3015.64 time, 3030.01 real, 4 MB, 29.06 load
[runlim] sample:		3025.60 time, 3040.01 real, 4 MB, 29.13 load
[runlim] sample:		3035.55 time, 3050.01 real, 4 MB, 29.18 load
[runlim] sample:		3045.51 time, 3060.01 real, 4 MB, 29.15 load
[runlim] sample:		3055.47 time, 3070.01 real, 4 MB, 29.13 load
[runlim] sample:		3065.43 time, 3080.01 real, 4 MB, 29.11 load
[runlim] sample:		3075.39 time, 3090.01 real, 4 MB, 29.09 load
[runlim] sample:		3085.35 time, 3100.01 real, 4 MB, 29.08 load
[runlim] sample:		3095.31 time, 3110.01 real, 4 MB, 29.07 load
[runlim] sample:		3105.27 time, 3120.01 real, 4 MB, 29.06 load
[runlim] sample:		3115.22 time, 3130.01 real, 4 MB, 29.05 load
[runlim] sample:		3125.18 time, 3140.01 real, 4 MB, 29.04 load
[runlim] sample:		3135.14 time, 3150.01 real, 4 MB, 29.03 load
[runlim] sample:		3145.10 time, 3160.01 real, 4 MB, 29.03 load
[runlim] sample:		3155.06 time, 3170.01 real, 4 MB, 29.02 load
[runlim] sample:		3165.02 time, 3180.01 real, 4 MB, 29.02 load
[runlim] sample:		3174.98 time, 3190.01 real, 4 MB, 29.10 load
[runlim] sample:		3184.93 time, 3200.01 real, 4 MB, 29.08 load
[runlim] sample:		3194.89 time, 3210.01 real, 4 MB, 29.07 load
[runlim] sample:		3204.85 time, 3220.01 real, 4 MB, 29.13 load
[runlim] sample:		3214.81 time, 3230.01 real, 4 MB, 29.18 load
[runlim] sample:		3224.77 time, 3240.01 real, 4 MB, 29.24 load
[runlim] sample:		3234.73 time, 3250.01 real, 4 MB, 29.20 load
[runlim] sample:		3244.68 time, 3260.01 real, 4 MB, 29.17 load
[runlim] sample:		3254.64 time, 3270.01 real, 4 MB, 29.14 load
[runlim] sample:		3264.60 time, 3280.01 real, 4 MB, 29.12 load
[runlim] sample:		3274.56 time, 3290.01 real, 4 MB, 29.10 load
[runlim] sample:		3284.51 time, 3300.01 real, 4 MB, 29.08 load
[runlim] sample:		3294.47 time, 3310.01 real, 4 MB, 29.07 load
[runlim] sample:		3304.43 time, 3320.01 real, 4 MB, 29.06 load
[runlim] sample:		3314.39 time, 3330.01 real, 4 MB, 29.05 load
[runlim] sample:		3324.34 time, 3340.01 real, 4 MB, 29.04 load
[runlim] sample:		3334.30 time, 3350.01 real, 4 MB, 29.04 load
[runlim] sample:		3344.26 time, 3360.01 real, 4 MB, 29.03 load
[runlim] sample:		3354.22 time, 3370.01 real, 4 MB, 29.02 load
[runlim] sample:		3364.17 time, 3380.01 real, 4 MB, 29.02 load
[runlim] sample:		3374.13 time, 3390.01 real, 4 MB, 29.02 load
[runlim] sample:		3384.09 time, 3400.01 real, 4 MB, 29.01 load
[runlim] sample:		3394.04 time, 3410.01 real, 4 MB, 29.01 load
[runlim] sample:		3404.00 time, 3420.01 real, 4 MB, 29.01 load
[runlim] sample:		3413.96 time, 3430.01 real, 4 MB, 29.09 load
[runlim] sample:		3423.92 time, 3440.01 real, 4 MB, 29.07 load
[runlim] sample:		3433.87 time, 3450.01 real, 4 MB, 29.06 load
[runlim] sample:		3443.83 time, 3460.01 real, 4 MB, 29.05 load
[runlim] sample:		3453.79 time, 3470.01 real, 4 MB, 29.04 load
[runlim] sample:		3463.75 time, 3480.01 real, 4 MB, 29.04 load
[runlim] sample:		3473.70 time, 3490.01 real, 4 MB, 29.03 load
[runlim] sample:		3483.66 time, 3500.01 real, 4 MB, 29.02 load
[runlim] sample:		3493.62 time, 3510.01 real, 4 MB, 29.02 load
[runlim] sample:		3503.57 time, 3520.01 real, 4 MB, 29.02 load
[runlim] sample:		3513.53 time, 3530.01 real, 4 MB, 29.09 load
[runlim] sample:		3523.49 time, 3540.01 real, 4 MB, 29.08 load
[runlim] sample:		3533.45 time, 3550.01 real, 4 MB, 29.07 load
[runlim] sample:		3543.40 time, 3560.01 real, 4 MB, 29.06 load
[runlim] sample:		3553.36 time, 3570.01 real, 4 MB, 29.05 load
[runlim] sample:		3563.32 time, 3580.01 real, 4 MB, 29.04 load
[runlim] sample:		3573.28 time, 3590.01 real, 4 MB, 29.03 load
[runlim] sample:		3583.24 time, 3600.01 real, 4 MB, 29.03 load
[runlim] sample:		3593.20 time, 3610.01 real, 4 MB, 29.02 load
[runlim] sample:		3603.15 time, 3620.01 real, 4 MB, 29.02 load
[runlim] sample:		3613.11 time, 3630.01 real, 4 MB, 29.02 load
[runlim] sample:		3623.07 time, 3640.01 real, 4 MB, 29.01 load
[runlim] sample:		3633.03 time, 3650.01 real, 4 MB, 29.01 load
[runlim] sample:		3642.98 time, 3660.01 real, 4 MB, 29.01 load
[runlim] sample:		3652.93 time, 3670.01 real, 4 MB, 29.01 load
[runlim] sample:		3662.89 time, 3680.01 real, 4 MB, 29.00 load
[runlim] sample:		3672.84 time, 3690.01 real, 4 MB, 29.00 load
[runlim] sample:		3682.80 time, 3700.01 real, 4 MB, 29.00 load
[runlim] sample:		3692.75 time, 3710.01 real, 4 MB, 29.08 load
[runlim] sample:		3702.70 time, 3720.01 real, 4 MB, 29.07 load
[runlim] sample:		3712.65 time, 3730.01 real, 4 MB, 29.06 load
[runlim] sample:		3722.61 time, 3740.01 real, 4 MB, 28.97 load
[runlim] sample:		3732.57 time, 3750.01 real, 4 MB, 28.82 load
[runlim] sample:		3742.53 time, 3760.01 real, 4 MB, 28.69 load
[runlim] sample:		3752.48 time, 3770.01 real, 4 MB, 28.59 load
[runlim] sample:		3762.44 time, 3780.01 real, 4 MB, 28.50 load
[runlim] sample:		3772.40 time, 3790.01 real, 4 MB, 28.42 load
[runlim] sample:		3782.36 time, 3800.01 real, 4 MB, 28.35 load
[runlim] sample:		3792.32 time, 3810.01 real, 4 MB, 28.30 load
[runlim] sample:		3802.28 time, 3820.01 real, 4 MB, 28.33 load
[runlim] sample:		3812.24 time, 3830.01 real, 4 MB, 28.28 load
[runlim] sample:		3822.20 time, 3840.01 real, 4 MB, 28.23 load
[runlim] sample:		3832.15 time, 3850.01 real, 4 MB, 28.20 load
[runlim] sample:		3842.11 time, 3860.01 real, 4 MB, 28.17 load
[runlim] sample:		3852.07 time, 3870.01 real, 4 MB, 28.14 load
[runlim] sample:		3862.03 time, 3880.01 real, 4 MB, 28.12 load
[runlim] sample:		3871.99 time, 3890.01 real, 4 MB, 28.10 load
[runlim] sample:		3881.95 time, 3900.01 real, 4 MB, 28.08 load
[runlim] sample:		3891.91 time, 3910.01 real, 4 MB, 28.07 load
[runlim] sample:		3901.87 time, 3920.01 real, 4 MB, 28.06 load
[runlim] sample:		3911.82 time, 3930.01 real, 4 MB, 28.05 load
[runlim] sample:		3921.78 time, 3940.01 real, 4 MB, 28.04 load
[runlim] sample:		3931.74 time, 3950.01 real, 4 MB, 28.03 load
[runlim] sample:		3941.70 time, 3960.01 real, 4 MB, 28.03 load
[runlim] sample:		3951.65 time, 3970.01 real, 4 MB, 28.02 load
[runlim] sample:		3961.61 time, 3980.01 real, 4 MB, 28.02 load
[runlim] sample:		3971.57 time, 3990.01 real, 4 MB, 28.02 load
[runlim] sample:		3981.53 time, 4000.01 real, 4 MB, 28.01 load
[runlim] sample:		3991.48 time, 4010.01 real, 4 MB, 28.09 load
[runlim] sample:		4001.44 time, 4020.01 real, 4 MB, 28.15 load
[runlim] sample:		4011.40 time, 4030.01 real, 4 MB, 28.13 load
[runlim] sample:		4021.36 time, 4040.01 real, 4 MB, 28.11 load
[runlim] sample:		4031.31 time, 4050.01 real, 4 MB, 28.09 load
[runlim] sample:		4041.27 time, 4060.01 real, 4 MB, 28.08 load
[runlim] sample:		4051.23 time, 4070.01 real, 4 MB, 28.14 load
[runlim] sample:		4061.19 time, 4080.01 real, 4 MB, 28.12 load
[runlim] sample:		4071.14 time, 4090.01 real, 4 MB, 28.10 load
[runlim] sample:		4081.10 time, 4100.01 real, 4 MB, 28.09 load
[runlim] sample:		4091.06 time, 4110.01 real, 4 MB, 28.07 load
[runlim] sample:		4101.02 time, 4120.01 real, 4 MB, 28.06 load
[runlim] sample:		4110.97 time, 4130.01 real, 4 MB, 28.13 load
[runlim] sample:		4120.93 time, 4140.01 real, 4 MB, 28.11 load
[runlim] sample:		4130.89 time, 4150.01 real, 4 MB, 28.09 load
[runlim] sample:		4140.85 time, 4160.01 real, 4 MB, 28.08 load
[runlim] sample:		4150.81 time, 4170.01 real, 4 MB, 28.07 load
[runlim] sample:		4160.76 time, 4180.01 real, 4 MB, 28.06 load
[runlim] sample:		4170.72 time, 4190.01 real, 4 MB, 28.05 load
[runlim] sample:		4180.68 time, 4200.01 real, 4 MB, 28.04 load
[runlim] sample:		4190.63 time, 4210.01 real, 4 MB, 28.03 load
[runlim] sample:		4200.59 time, 4220.01 real, 4 MB, 28.03 load
[runlim] sample:		4210.55 time, 4230.01 real, 4 MB, 28.02 load
[runlim] sample:		4220.51 time, 4240.01 real, 4 MB, 28.02 load
[runlim] sample:		4230.47 time, 4250.01 real, 4 MB, 28.02 load
[runlim] sample:		4240.42 time, 4260.01 real, 4 MB, 28.01 load
[runlim] sample:		4250.38 time, 4270.01 real, 4 MB, 28.01 load
[runlim] sample:		4260.34 time, 4280.01 real, 4 MB, 28.01 load
[runlim] sample:		4270.30 time, 4290.01 real, 4 MB, 28.01 load
[runlim] sample:		4280.25 time, 4300.01 real, 4 MB, 28.00 load
[runlim] sample:		4290.21 time, 4310.01 real, 4 MB, 28.08 load
[runlim] sample:		4300.17 time, 4320.01 real, 4 MB, 28.07 load
[runlim] sample:		4310.12 time, 4330.01 real, 4 MB, 28.14 load
[runlim] sample:		4320.08 time, 4340.01 real, 4 MB, 28.12 load
[runlim] sample:		4330.04 time, 4350.01 real, 4 MB, 28.10 load
[runlim] sample:		4340.00 time, 4360.01 real, 4 MB, 28.08 load
[runlim] sample:		4349.95 time, 4370.01 real, 4 MB, 28.07 load
[runlim] sample:		4359.91 time, 4380.01 real, 4 MB, 28.06 load
[runlim] sample:		4369.87 time, 4390.01 real, 4 MB, 28.05 load
[runlim] sample:		4379.82 time, 4400.01 real, 4 MB, 28.04 load
[runlim] sample:		4389.78 time, 4410.01 real, 4 MB, 28.12 load
[runlim] sample:		4399.74 time, 4420.01 real, 4 MB, 28.10 load
[runlim] sample:		4409.69 time, 4430.01 real, 4 MB, 28.08 load
[runlim] sample:		4419.65 time, 4440.01 real, 4 MB, 28.07 load
[runlim] sample:		4429.61 time, 4450.01 real, 4 MB, 28.14 load
[runlim] sample:		4439.57 time, 4460.01 real, 4 MB, 28.12 load
[runlim] sample:		4449.52 time, 4470.01 real, 4 MB, 28.18 load
[runlim] sample:		4459.48 time, 4480.01 real, 4 MB, 28.15 load
[runlim] sample:		4469.44 time, 4490.01 real, 4 MB, 28.13 load
[runlim] sample:		4479.39 time, 4500.01 real, 4 MB, 28.11 load
[runlim] sample:		4489.35 time, 4510.01 real, 4 MB, 28.09 load
[runlim] sample:		4499.31 time, 4520.01 real, 4 MB, 28.08 load
[runlim] sample:		4509.27 time, 4530.01 real, 4 MB, 28.14 load
[runlim] sample:		4519.23 time, 4540.01 real, 4 MB, 28.12 load
[runlim] sample:		4529.18 time, 4550.01 real, 4 MB, 28.10 load
[runlim] sample:		4539.14 time, 4560.01 real, 4 MB, 28.09 load
[runlim] sample:		4549.10 time, 4570.01 real, 4 MB, 28.07 load
[runlim] sample:		4559.06 time, 4580.01 real, 4 MB, 28.06 load
[runlim] sample:		4569.01 time, 4590.01 real, 4 MB, 28.21 load
[runlim] sample:		4578.97 time, 4600.01 real, 4 MB, 28.18 load
[runlim] sample:		4588.93 time, 4610.01 real, 4 MB, 28.15 load
[runlim] sample:		4598.89 time, 4620.01 real, 4 MB, 28.13 load
[runlim] sample:		4608.85 time, 4630.01 real, 4 MB, 28.11 load
[runlim] sample:		4618.80 time, 4640.01 real, 4 MB, 28.09 load
[runlim] sample:		4628.76 time, 4650.01 real, 4 MB, 28.24 load
[runlim] sample:		4638.72 time, 4660.01 real, 4 MB, 28.20 load
[runlim] sample:		4648.68 time, 4670.01 real, 4 MB, 28.17 load
[runlim] sample:		4658.64 time, 4680.01 real, 4 MB, 28.14 load
[runlim] sample:		4668.59 time, 4690.01 real, 4 MB, 28.12 load
[runlim] sample:		4678.55 time, 4700.01 real, 4 MB, 28.10 load
[runlim] sample:		4688.51 time, 4710.01 real, 4 MB, 28.17 load
[runlim] sample:		4698.46 time, 4720.01 real, 4 MB, 28.14 load
[runlim] sample:		4708.42 time, 4730.01 real, 4 MB, 28.12 load
[runlim] sample:		4718.38 time, 4740.01 real, 4 MB, 28.10 load
[runlim] sample:		4728.33 time, 4750.01 real, 4 MB, 28.08 load
[runlim] sample:		4738.29 time, 4760.01 real, 4 MB, 28.07 load
[runlim] sample:		4748.25 time, 4770.01 real, 4 MB, 28.22 load
[runlim] sample:		4758.20 time, 4780.01 real, 4 MB, 28.19 load
[runlim] sample:		4768.16 time, 4790.01 real, 4 MB, 28.16 load
[runlim] sample:		4778.12 time, 4800.01 real, 4 MB, 28.13 load
[runlim] sample:		4788.07 time, 4810.01 real, 4 MB, 28.11 load
[runlim] sample:		4798.03 time, 4820.01 real, 4 MB, 28.09 load
[runlim] sample:		4807.99 time, 4830.01 real, 4 MB, 28.16 load
[runlim] sample:		4817.94 time, 4840.01 real, 4 MB, 28.13 load
[runlim] sample:		4827.90 time, 4850.01 real, 4 MB, 28.11 load
[runlim] sample:		4837.86 time, 4860.01 real, 4 MB, 28.10 load
[runlim] sample:		4847.82 time, 4870.01 real, 4 MB, 28.16 load
[runlim] sample:		4857.77 time, 4880.01 real, 4 MB, 28.14 load
[runlim] sample:		4867.73 time, 4890.01 real, 4 MB, 28.19 load
[runlim] sample:		4877.69 time, 4900.01 real, 4 MB, 28.16 load
[runlim] sample:		4887.64 time, 4910.01 real, 4 MB, 28.22 load
[runlim] sample:		4897.60 time, 4920.01 real, 4 MB, 28.18 load
[runlim] sample:		4907.56 time, 4930.01 real, 4 MB, 28.16 load
[runlim] sample:		4917.51 time, 4940.01 real, 4 MB, 28.13 load
[runlim] sample:		4927.47 time, 4950.01 real, 4 MB, 28.19 load
[runlim] sample:		4937.43 time, 4960.01 real, 4 MB, 28.16 load
[runlim] sample:		4947.38 time, 4970.01 real, 4 MB, 28.14 load
[runlim] sample:		4957.34 time, 4980.01 real, 4 MB, 28.12 load
[runlim] sample:		4967.29 time, 4990.01 real, 4 MB, 28.10 load
[runlim] sample:		4977.25 time, 5000.01 real, 4 MB, 27.23 load
[runlim] end:			Thu Apr  9 23:22:33 2026
[runlim] status:		out of time
[runlim] result:		2
[runlim] children:		1
[runlim] processes:		2
[runlim] real:			5000.05 seconds
[runlim] time:			4977.25 seconds
[runlim] space:			4 MB
[runlim] load:			30.95 maximum
[runlim] samples:		50000
