[runlim] version:		2.0.0rc1
[runlim] host:			o02n01
[runlim] time limit:		311040000 seconds
[runlim] real time limit:	5000 seconds
[runlim] space limit:		7000 MB
[runlim] argv[0]:		./binary
[runlim] argv[1]:		-c
[runlim] argv[2]:		-f
[runlim] argv[3]:		/tmp/local-unzipped-12459992-2-73-mc2025_track1_143.cnf
[runlim] start:			Thu Apr  9 21:59:08 2026
[runlim] child:			2497906
[runlim] sample:		9.96 time, 10.01 real, 4 MB, 5.54 load
[runlim] sample:		19.92 time, 20.01 real, 4 MB, 8.47 load
[runlim] sample:		29.87 time, 30.01 real, 4 MB, 12.17 load
[runlim] sample:		39.82 time, 40.01 real, 4 MB, 15.14 load
[runlim] sample:		49.78 time, 50.01 real, 4 MB, 17.58 load
[runlim] sample:		59.73 time, 60.01 real, 5 MB, 19.72 load
[runlim] sample:		69.67 time, 70.01 real, 5 MB, 21.45 load
[runlim] sample:		79.62 time, 80.01 real, 5 MB, 22.92 load
[runlim] sample:		89.56 time, 90.01 real, 5 MB, 24.24 load
[runlim] sample:		99.51 time, 100.01 real, 5 MB, 25.28 load
[runlim] sample:		109.46 time, 110.01 real, 5 MB, 26.16 load
[runlim] sample:		119.40 time, 120.01 real, 5 MB, 26.91 load
[runlim] sample:		129.35 time, 130.01 real, 5 MB, 27.54 load
[runlim] sample:		139.30 time, 140.01 real, 5 MB, 28.14 load
[runlim] sample:		149.24 time, 150.01 real, 5 MB, 28.58 load
[runlim] sample:		159.19 time, 160.01 real, 5 MB, 28.95 load
[runlim] sample:		169.14 time, 170.01 real, 5 MB, 29.27 load
[runlim] sample:		179.08 time, 180.01 real, 5 MB, 29.54 load
[runlim] sample:		189.03 time, 190.01 real, 5 MB, 29.76 load
[runlim] sample:		198.97 time, 200.01 real, 5 MB, 30.03 load
[runlim] sample:		208.92 time, 210.01 real, 5 MB, 30.18 load
[runlim] sample:		218.87 time, 220.01 real, 5 MB, 30.31 load
[runlim] sample:		228.81 time, 230.01 real, 5 MB, 30.41 load
[runlim] sample:		238.76 time, 240.01 real, 5 MB, 30.51 load
[runlim] sample:		248.70 time, 250.01 real, 5 MB, 30.58 load
[runlim] sample:		258.65 time, 260.01 real, 5 MB, 30.65 load
[runlim] sample:		268.60 time, 270.01 real, 5 MB, 30.70 load
[runlim] sample:		278.54 time, 280.01 real, 5 MB, 30.82 load
[runlim] sample:		288.49 time, 290.01 real, 5 MB, 30.85 load
[runlim] sample:		298.43 time, 300.01 real, 5 MB, 30.95 load
[runlim] sample:		308.38 time, 310.01 real, 5 MB, 30.95 load
[runlim] sample:		318.32 time, 320.01 real, 5 MB, 30.81 load
[runlim] sample:		328.27 time, 330.01 real, 5 MB, 30.68 load
[runlim] sample:		338.22 time, 340.01 real, 5 MB, 30.58 load
[runlim] sample:		348.16 time, 350.01 real, 5 MB, 30.49 load
[runlim] sample:		358.11 time, 360.01 real, 5 MB, 30.41 load
[runlim] sample:		368.06 time, 370.01 real, 5 MB, 30.35 load
[runlim] sample:		378.00 time, 380.01 real, 5 MB, 30.29 load
[runlim] sample:		387.95 time, 390.01 real, 5 MB, 30.25 load
[runlim] sample:		397.90 time, 400.01 real, 5 MB, 30.21 load
[runlim] sample:		407.84 time, 410.01 real, 5 MB, 30.18 load
[runlim] sample:		417.79 time, 420.01 real, 5 MB, 30.15 load
[runlim] sample:		427.74 time, 430.01 real, 5 MB, 30.13 load
[runlim] sample:		437.69 time, 440.01 real, 5 MB, 30.11 load
[runlim] sample:		447.64 time, 450.01 real, 5 MB, 30.09 load
[runlim] sample:		457.59 time, 460.01 real, 5 MB, 30.08 load
[runlim] sample:		467.54 time, 470.01 real, 5 MB, 30.06 load
[runlim] sample:		477.49 time, 480.01 real, 5 MB, 30.05 load
[runlim] sample:		487.44 time, 490.01 real, 5 MB, 30.04 load
[runlim] sample:		497.39 time, 500.01 real, 5 MB, 30.12 load
[runlim] sample:		507.34 time, 510.01 real, 5 MB, 30.10 load
[runlim] sample:		517.29 time, 520.01 real, 5 MB, 30.08 load
[runlim] sample:		527.24 time, 530.01 real, 5 MB, 30.07 load
[runlim] sample:		537.19 time, 540.01 real, 5 MB, 30.21 load
[runlim] sample:		547.14 time, 550.01 real, 5 MB, 30.17 load
[runlim] sample:		557.09 time, 560.01 real, 5 MB, 30.23 load
[runlim] sample:		567.04 time, 570.01 real, 5 MB, 30.19 load
[runlim] sample:		576.99 time, 580.01 real, 5 MB, 30.24 load
[runlim] sample:		586.93 time, 590.01 real, 5 MB, 30.20 load
[runlim] sample:		596.88 time, 600.01 real, 5 MB, 30.17 load
[runlim] sample:		606.83 time, 610.01 real, 5 MB, 30.14 load
[runlim] sample:		616.78 time, 620.01 real, 5 MB, 30.20 load
[runlim] sample:		626.73 time, 630.01 real, 5 MB, 30.17 load
[runlim] sample:		636.68 time, 640.01 real, 5 MB, 30.14 load
[runlim] sample:		646.63 time, 650.01 real, 5 MB, 30.12 load
[runlim] sample:		656.58 time, 660.01 real, 5 MB, 30.10 load
[runlim] sample:		666.53 time, 670.01 real, 5 MB, 30.08 load
[runlim] sample:		676.49 time, 680.01 real, 5 MB, 30.15 load
[runlim] sample:		686.44 time, 690.01 real, 5 MB, 30.13 load
[runlim] sample:		696.39 time, 700.01 real, 5 MB, 30.11 load
[runlim] sample:		706.34 time, 710.01 real, 5 MB, 30.09 load
[runlim] sample:		716.29 time, 720.01 real, 5 MB, 30.08 load
[runlim] sample:		726.24 time, 730.01 real, 5 MB, 30.06 load
[runlim] sample:		736.19 time, 740.01 real, 5 MB, 30.14 load
[runlim] sample:		746.14 time, 750.01 real, 5 MB, 30.11 load
[runlim] sample:		756.09 time, 760.01 real, 5 MB, 30.10 load
[runlim] sample:		766.04 time, 770.01 real, 5 MB, 30.08 load
[runlim] sample:		775.99 time, 780.01 real, 5 MB, 29.91 load
[runlim] sample:		785.94 time, 790.01 real, 5 MB, 29.77 load
[runlim] sample:		795.89 time, 800.01 real, 5 MB, 29.65 load
[runlim] sample:		805.84 time, 810.01 real, 5 MB, 29.55 load
[runlim] sample:		815.79 time, 820.01 real, 5 MB, 29.47 load
[runlim] sample:		825.75 time, 830.01 real, 5 MB, 29.40 load
[runlim] sample:		835.70 time, 840.01 real, 5 MB, 29.33 load
[runlim] sample:		845.66 time, 850.01 real, 5 MB, 29.28 load
[runlim] sample:		855.61 time, 860.01 real, 5 MB, 29.24 load
[runlim] sample:		865.56 time, 870.01 real, 5 MB, 29.20 load
[runlim] sample:		875.52 time, 880.01 real, 5 MB, 29.17 load
[runlim] sample:		885.47 time, 890.01 real, 5 MB, 29.14 load
[runlim] sample:		895.42 time, 900.01 real, 5 MB, 29.12 load
[runlim] sample:		905.37 time, 910.01 real, 5 MB, 29.10 load
[runlim] sample:		915.33 time, 920.01 real, 5 MB, 29.09 load
[runlim] sample:		925.28 time, 930.01 real, 5 MB, 29.07 load
[runlim] sample:		935.23 time, 940.01 real, 5 MB, 29.06 load
[runlim] sample:		945.18 time, 950.01 real, 5 MB, 29.05 load
[runlim] sample:		955.13 time, 960.01 real, 5 MB, 29.04 load
[runlim] sample:		965.09 time, 970.01 real, 5 MB, 29.04 load
[runlim] sample:		975.04 time, 980.01 real, 5 MB, 29.03 load
[runlim] sample:		984.99 time, 990.01 real, 5 MB, 29.02 load
[runlim] sample:		994.94 time, 1000.01 real, 5 MB, 29.02 load
[runlim] sample:		1004.89 time, 1010.01 real, 5 MB, 29.09 load
[runlim] sample:		1014.85 time, 1020.01 real, 5 MB, 29.08 load
[runlim] sample:		1024.80 time, 1030.01 real, 5 MB, 29.06 load
[runlim] sample:		1034.75 time, 1040.01 real, 5 MB, 29.05 load
[runlim] sample:		1044.71 time, 1050.01 real, 5 MB, 29.05 load
[runlim] sample:		1054.66 time, 1060.01 real, 5 MB, 29.04 load
[runlim] sample:		1064.61 time, 1070.01 real, 5 MB, 29.11 load
[runlim] sample:		1074.57 time, 1080.01 real, 5 MB, 29.09 load
[runlim] sample:		1084.52 time, 1090.01 real, 5 MB, 29.08 load
[runlim] sample:		1094.47 time, 1100.01 real, 5 MB, 29.06 load
[runlim] sample:		1104.42 time, 1110.01 real, 5 MB, 29.05 load
[runlim] sample:		1114.38 time, 1120.01 real, 5 MB, 29.04 load
[runlim] sample:		1124.33 time, 1130.01 real, 5 MB, 29.11 load
[runlim] sample:		1134.28 time, 1140.01 real, 5 MB, 29.09 load
[runlim] sample:		1144.23 time, 1150.01 real, 5 MB, 29.08 load
[runlim] sample:		1154.18 time, 1160.01 real, 5 MB, 29.07 load
[runlim] sample:		1164.14 time, 1170.01 real, 5 MB, 29.06 load
[runlim] sample:		1174.09 time, 1180.01 real, 5 MB, 29.05 load
[runlim] sample:		1184.04 time, 1190.01 real, 5 MB, 29.04 load
[runlim] sample:		1193.99 time, 1200.01 real, 5 MB, 29.03 load
[runlim] sample:		1203.94 time, 1210.01 real, 5 MB, 29.03 load
[runlim] sample:		1213.89 time, 1220.01 real, 5 MB, 29.02 load
[runlim] sample:		1223.85 time, 1230.01 real, 5 MB, 29.02 load
[runlim] sample:		1233.80 time, 1240.01 real, 5 MB, 29.02 load
[runlim] sample:		1243.75 time, 1250.01 real, 5 MB, 29.01 load
[runlim] sample:		1253.71 time, 1260.01 real, 5 MB, 29.01 load
[runlim] sample:		1263.66 time, 1270.01 real, 5 MB, 29.09 load
[runlim] sample:		1273.61 time, 1280.01 real, 5 MB, 29.07 load
[runlim] sample:		1283.56 time, 1290.01 real, 5 MB, 29.06 load
[runlim] sample:		1293.51 time, 1300.01 real, 5 MB, 29.05 load
[runlim] sample:		1303.46 time, 1310.01 real, 5 MB, 29.04 load
[runlim] sample:		1313.41 time, 1320.01 real, 5 MB, 29.04 load
[runlim] sample:		1323.36 time, 1330.01 real, 5 MB, 29.03 load
[runlim] sample:		1333.32 time, 1340.01 real, 5 MB, 29.03 load
[runlim] sample:		1343.27 time, 1350.01 real, 5 MB, 29.02 load
[runlim] sample:		1353.22 time, 1360.01 real, 5 MB, 29.02 load
[runlim] sample:		1363.17 time, 1370.01 real, 5 MB, 29.01 load
[runlim] sample:		1373.12 time, 1380.01 real, 5 MB, 29.01 load
[runlim] sample:		1383.07 time, 1390.01 real, 5 MB, 29.01 load
[runlim] sample:		1393.02 time, 1400.01 real, 5 MB, 29.01 load
[runlim] sample:		1402.97 time, 1410.01 real, 5 MB, 29.01 load
[runlim] sample:		1412.92 time, 1420.01 real, 5 MB, 29.00 load
[runlim] sample:		1422.87 time, 1430.01 real, 5 MB, 29.00 load
[runlim] sample:		1432.83 time, 1440.01 real, 5 MB, 29.00 load
[runlim] sample:		1442.78 time, 1450.01 real, 5 MB, 29.15 load
[runlim] sample:		1452.73 time, 1460.01 real, 5 MB, 29.13 load
[runlim] sample:		1462.68 time, 1470.01 real, 5 MB, 29.11 load
[runlim] sample:		1472.63 time, 1480.01 real, 5 MB, 29.09 load
[runlim] sample:		1482.59 time, 1490.01 real, 5 MB, 29.22 load
[runlim] sample:		1492.54 time, 1500.01 real, 5 MB, 29.19 load
[runlim] sample:		1502.49 time, 1510.01 real, 5 MB, 29.23 load
[runlim] sample:		1512.44 time, 1520.01 real, 5 MB, 29.20 load
[runlim] sample:		1522.39 time, 1530.01 real, 5 MB, 29.17 load
[runlim] sample:		1532.34 time, 1540.01 real, 5 MB, 29.21 load
[runlim] sample:		1542.30 time, 1550.01 real, 5 MB, 29.18 load
[runlim] sample:		1552.25 time, 1560.01 real, 5 MB, 29.15 load
[runlim] sample:		1562.20 time, 1570.01 real, 5 MB, 29.20 load
[runlim] sample:		1572.15 time, 1580.01 real, 5 MB, 29.17 load
[runlim] sample:		1582.09 time, 1590.01 real, 5 MB, 29.14 load
[runlim] sample:		1592.04 time, 1600.01 real, 5 MB, 29.12 load
[runlim] sample:		1601.99 time, 1610.01 real, 5 MB, 29.10 load
[runlim] sample:		1611.94 time, 1620.01 real, 5 MB, 29.09 load
[runlim] sample:		1621.89 time, 1630.01 real, 5 MB, 29.07 load
[runlim] sample:		1631.84 time, 1640.01 real, 5 MB, 29.06 load
[runlim] sample:		1641.79 time, 1650.01 real, 5 MB, 29.05 load
[runlim] sample:		1651.74 time, 1660.01 real, 5 MB, 29.04 load
[runlim] sample:		1661.69 time, 1670.01 real, 5 MB, 29.04 load
[runlim] sample:		1671.64 time, 1680.01 real, 5 MB, 29.11 load
[runlim] sample:		1681.59 time, 1690.01 real, 5 MB, 29.17 load
[runlim] sample:		1691.54 time, 1700.01 real, 5 MB, 29.15 load
[runlim] sample:		1701.49 time, 1710.01 real, 5 MB, 29.12 load
[runlim] sample:		1711.44 time, 1720.01 real, 5 MB, 29.10 load
[runlim] sample:		1721.39 time, 1730.01 real, 5 MB, 29.09 load
[runlim] sample:		1731.33 time, 1740.01 real, 5 MB, 29.07 load
[runlim] sample:		1741.28 time, 1750.01 real, 5 MB, 29.14 load
[runlim] sample:		1751.23 time, 1760.01 real, 5 MB, 29.11 load
[runlim] sample:		1761.18 time, 1770.01 real, 5 MB, 29.10 load
[runlim] sample:		1771.13 time, 1780.01 real, 5 MB, 29.08 load
[runlim] sample:		1781.08 time, 1790.01 real, 5 MB, 29.07 load
[runlim] sample:		1791.03 time, 1800.01 real, 5 MB, 29.06 load
[runlim] sample:		1800.98 time, 1810.01 real, 5 MB, 29.12 load
[runlim] sample:		1810.93 time, 1820.01 real, 5 MB, 29.10 load
[runlim] sample:		1820.88 time, 1830.01 real, 5 MB, 29.09 load
[runlim] sample:		1830.83 time, 1840.01 real, 5 MB, 29.07 load
[runlim] sample:		1840.78 time, 1850.01 real, 5 MB, 29.06 load
[runlim] sample:		1850.73 time, 1860.01 real, 5 MB, 29.05 load
[runlim] sample:		1860.67 time, 1870.01 real, 5 MB, 29.12 load
[runlim] sample:		1870.62 time, 1880.01 real, 5 MB, 29.10 load
[runlim] sample:		1880.57 time, 1890.01 real, 5 MB, 29.08 load
[runlim] sample:		1890.52 time, 1900.01 real, 5 MB, 29.07 load
[runlim] sample:		1900.47 time, 1910.01 real, 5 MB, 29.06 load
[runlim] sample:		1910.41 time, 1920.01 real, 5 MB, 29.05 load
[runlim] sample:		1920.36 time, 1930.01 real, 5 MB, 29.11 load
[runlim] sample:		1930.31 time, 1940.01 real, 5 MB, 29.10 load
[runlim] sample:		1940.26 time, 1950.01 real, 5 MB, 29.08 load
[runlim] sample:		1950.21 time, 1960.01 real, 5 MB, 29.07 load
[runlim] sample:		1960.16 time, 1970.01 real, 5 MB, 29.06 load
[runlim] sample:		1970.11 time, 1980.01 real, 5 MB, 29.28 load
[runlim] sample:		1980.06 time, 1990.01 real, 5 MB, 29.47 load
[runlim] sample:		1990.01 time, 2000.01 real, 5 MB, 29.55 load
[runlim] sample:		1999.95 time, 2010.01 real, 5 MB, 29.62 load
[runlim] sample:		2009.90 time, 2020.01 real, 5 MB, 29.75 load
[runlim] sample:		2019.85 time, 2030.01 real, 5 MB, 29.79 load
[runlim] sample:		2029.80 time, 2040.01 real, 5 MB, 29.90 load
[runlim] sample:		2039.75 time, 2050.01 real, 5 MB, 29.99 load
[runlim] sample:		2049.69 time, 2060.01 real, 5 MB, 29.99 load
[runlim] sample:		2059.64 time, 2070.01 real, 5 MB, 29.91 load
[runlim] sample:		2069.59 time, 2080.01 real, 5 MB, 29.77 load
[runlim] sample:		2079.54 time, 2090.01 real, 5 MB, 29.65 load
[runlim] sample:		2089.49 time, 2100.01 real, 5 MB, 29.55 load
[runlim] sample:		2099.43 time, 2110.01 real, 5 MB, 29.54 load
[runlim] sample:		2109.38 time, 2120.01 real, 5 MB, 29.46 load
[runlim] sample:		2119.33 time, 2130.01 real, 5 MB, 29.39 load
[runlim] sample:		2129.28 time, 2140.01 real, 5 MB, 29.33 load
[runlim] sample:		2139.23 time, 2150.01 real, 5 MB, 29.28 load
[runlim] sample:		2149.17 time, 2160.01 real, 5 MB, 29.23 load
[runlim] sample:		2159.12 time, 2170.01 real, 5 MB, 29.20 load
[runlim] sample:		2169.07 time, 2180.01 real, 5 MB, 29.24 load
[runlim] sample:		2179.02 time, 2190.01 real, 5 MB, 29.20 load
[runlim] sample:		2188.97 time, 2200.01 real, 5 MB, 29.17 load
[runlim] sample:		2198.92 time, 2210.01 real, 5 MB, 29.14 load
[runlim] sample:		2208.87 time, 2220.01 real, 5 MB, 29.12 load
[runlim] sample:		2218.82 time, 2230.01 real, 5 MB, 29.18 load
[runlim] sample:		2228.77 time, 2240.01 real, 5 MB, 29.15 load
[runlim] sample:		2238.72 time, 2250.01 real, 5 MB, 29.13 load
[runlim] sample:		2248.66 time, 2260.01 real, 5 MB, 29.11 load
[runlim] sample:		2258.61 time, 2270.01 real, 5 MB, 29.09 load
[runlim] sample:		2268.56 time, 2280.01 real, 5 MB, 29.08 load
[runlim] sample:		2278.51 time, 2290.01 real, 5 MB, 29.07 load
[runlim] sample:		2288.46 time, 2300.01 real, 5 MB, 29.14 load
[runlim] sample:		2298.41 time, 2310.01 real, 5 MB, 29.12 load
[runlim] sample:		2308.36 time, 2320.01 real, 5 MB, 29.10 load
[runlim] sample:		2318.31 time, 2330.01 real, 5 MB, 29.08 load
[runlim] sample:		2328.26 time, 2340.01 real, 5 MB, 29.07 load
[runlim] sample:		2338.21 time, 2350.01 real, 5 MB, 29.06 load
[runlim] sample:		2348.16 time, 2360.01 real, 5 MB, 29.05 load
[runlim] sample:		2358.11 time, 2370.01 real, 5 MB, 29.04 load
[runlim] sample:		2368.05 time, 2380.01 real, 5 MB, 29.03 load
[runlim] sample:		2378.00 time, 2390.01 real, 5 MB, 29.03 load
[runlim] sample:		2387.95 time, 2400.01 real, 5 MB, 29.02 load
[runlim] sample:		2397.90 time, 2410.01 real, 5 MB, 29.02 load
[runlim] sample:		2407.85 time, 2420.01 real, 5 MB, 29.02 load
[runlim] sample:		2417.80 time, 2430.01 real, 5 MB, 29.01 load
[runlim] sample:		2427.75 time, 2440.01 real, 5 MB, 29.01 load
[runlim] sample:		2437.70 time, 2450.01 real, 5 MB, 29.01 load
[runlim] sample:		2447.65 time, 2460.01 real, 5 MB, 29.01 load
[runlim] sample:		2457.60 time, 2470.01 real, 5 MB, 29.00 load
[runlim] sample:		2467.55 time, 2480.01 real, 5 MB, 29.00 load
[runlim] sample:		2477.49 time, 2490.01 real, 5 MB, 29.00 load
[runlim] sample:		2487.44 time, 2500.01 real, 5 MB, 29.00 load
[runlim] sample:		2497.39 time, 2510.01 real, 5 MB, 29.08 load
[runlim] sample:		2507.34 time, 2520.01 real, 5 MB, 29.07 load
[runlim] sample:		2517.29 time, 2530.01 real, 5 MB, 29.06 load
[runlim] sample:		2527.24 time, 2540.01 real, 5 MB, 29.05 load
[runlim] sample:		2537.19 time, 2550.01 real, 5 MB, 29.04 load
[runlim] sample:		2547.14 time, 2560.01 real, 5 MB, 29.03 load
[runlim] sample:		2557.09 time, 2570.01 real, 5 MB, 29.11 load
[runlim] sample:		2567.03 time, 2580.01 real, 5 MB, 29.09 load
[runlim] sample:		2576.98 time, 2590.01 real, 5 MB, 29.16 load
[runlim] sample:		2586.93 time, 2600.01 real, 5 MB, 29.13 load
[runlim] sample:		2596.88 time, 2610.01 real, 5 MB, 29.11 load
[runlim] sample:		2606.83 time, 2620.01 real, 5 MB, 29.09 load
[runlim] sample:		2616.78 time, 2630.01 real, 5 MB, 29.16 load
[runlim] sample:		2626.73 time, 2640.01 real, 5 MB, 29.13 load
[runlim] sample:		2636.68 time, 2650.01 real, 5 MB, 29.11 load
[runlim] sample:		2646.63 time, 2660.01 real, 5 MB, 29.10 load
[runlim] sample:		2656.58 time, 2670.01 real, 5 MB, 29.08 load
[runlim] sample:		2666.53 time, 2680.01 real, 5 MB, 29.07 load
[runlim] sample:		2676.48 time, 2690.01 real, 5 MB, 29.14 load
[runlim] sample:		2686.43 time, 2700.01 real, 5 MB, 29.19 load
[runlim] sample:		2696.38 time, 2710.01 real, 5 MB, 29.16 load
[runlim] sample:		2706.33 time, 2720.01 real, 5 MB, 29.13 load
[runlim] sample:		2716.28 time, 2730.01 real, 5 MB, 29.11 load
[runlim] sample:		2726.24 time, 2740.01 real, 5 MB, 29.10 load
[runlim] sample:		2736.19 time, 2750.01 real, 5 MB, 29.16 load
[runlim] sample:		2746.14 time, 2760.01 real, 5 MB, 29.14 load
[runlim] sample:		2756.09 time, 2770.01 real, 5 MB, 29.11 load
[runlim] sample:		2766.04 time, 2780.01 real, 5 MB, 29.10 load
[runlim] sample:		2775.99 time, 2790.01 real, 5 MB, 29.08 load
[runlim] sample:		2785.94 time, 2800.01 real, 5 MB, 29.14 load
[runlim] sample:		2795.89 time, 2810.01 real, 5 MB, 29.20 load
[runlim] sample:		2805.85 time, 2820.01 real, 5 MB, 29.17 load
[runlim] sample:		2815.80 time, 2830.01 real, 5 MB, 29.14 load
[runlim] sample:		2825.75 time, 2840.01 real, 5 MB, 29.12 load
[runlim] sample:		2835.70 time, 2850.01 real, 5 MB, 29.10 load
[runlim] sample:		2845.66 time, 2860.01 real, 5 MB, 29.08 load
[runlim] sample:		2855.61 time, 2870.01 real, 5 MB, 29.15 load
[runlim] sample:		2865.56 time, 2880.01 real, 5 MB, 29.13 load
[runlim] sample:		2875.52 time, 2890.01 real, 5 MB, 29.11 load
[runlim] sample:		2885.47 time, 2900.01 real, 5 MB, 29.09 load
[runlim] sample:		2895.42 time, 2910.01 real, 5 MB, 29.08 load
[runlim] sample:		2905.38 time, 2920.01 real, 5 MB, 29.06 load
[runlim] sample:		2915.33 time, 2930.01 real, 5 MB, 29.13 load
[runlim] sample:		2925.28 time, 2940.01 real, 5 MB, 29.11 load
[runlim] sample:		2935.23 time, 2950.01 real, 5 MB, 29.10 load
[runlim] sample:		2945.19 time, 2960.01 real, 5 MB, 29.08 load
[runlim] sample:		2955.14 time, 2970.01 real, 5 MB, 29.07 load
[runlim] sample:		2965.09 time, 2980.01 real, 5 MB, 29.06 load
[runlim] sample:		2975.04 time, 2990.01 real, 5 MB, 29.13 load
[runlim] sample:		2985.00 time, 3000.01 real, 5 MB, 29.11 load
[runlim] sample:		2994.95 time, 3010.01 real, 5 MB, 29.09 load
[runlim] sample:		3004.90 time, 3020.01 real, 5 MB, 29.08 load
[runlim] sample:		3014.86 time, 3030.01 real, 5 MB, 29.06 load
[runlim] sample:		3024.81 time, 3040.01 real, 5 MB, 29.05 load
[runlim] sample:		3034.76 time, 3050.01 real, 5 MB, 29.20 load
[runlim] sample:		3044.71 time, 3060.01 real, 5 MB, 29.17 load
[runlim] sample:		3054.67 time, 3070.01 real, 5 MB, 29.14 load
[runlim] sample:		3064.62 time, 3080.01 real, 5 MB, 29.12 load
[runlim] sample:		3074.57 time, 3090.01 real, 5 MB, 29.10 load
[runlim] sample:		3084.53 time, 3100.01 real, 5 MB, 29.08 load
[runlim] sample:		3094.48 time, 3110.01 real, 5 MB, 29.07 load
[runlim] sample:		3104.43 time, 3120.01 real, 5 MB, 29.06 load
[runlim] sample:		3114.38 time, 3130.01 real, 5 MB, 29.05 load
[runlim] sample:		3124.34 time, 3140.01 real, 5 MB, 29.04 load
[runlim] sample:		3134.29 time, 3150.01 real, 5 MB, 29.04 load
[runlim] sample:		3144.24 time, 3160.01 real, 5 MB, 29.03 load
[runlim] sample:		3154.19 time, 3170.01 real, 5 MB, 29.02 load
[runlim] sample:		3164.15 time, 3180.01 real, 5 MB, 29.02 load
[runlim] sample:		3174.10 time, 3190.01 real, 5 MB, 29.02 load
[runlim] sample:		3184.05 time, 3200.01 real, 5 MB, 29.09 load
[runlim] sample:		3194.01 time, 3210.01 real, 5 MB, 29.07 load
[runlim] sample:		3203.96 time, 3220.01 real, 5 MB, 29.14 load
[runlim] sample:		3213.91 time, 3230.01 real, 5 MB, 29.20 load
[runlim] sample:		3223.86 time, 3240.01 real, 5 MB, 29.17 load
[runlim] sample:		3233.81 time, 3250.01 real, 5 MB, 29.22 load
[runlim] sample:		3243.76 time, 3260.01 real, 5 MB, 29.18 load
[runlim] sample:		3253.72 time, 3270.01 real, 5 MB, 29.15 load
[runlim] sample:		3263.67 time, 3280.01 real, 5 MB, 29.13 load
[runlim] sample:		3273.62 time, 3290.01 real, 5 MB, 29.11 load
[runlim] sample:		3283.57 time, 3300.01 real, 5 MB, 29.09 load
[runlim] sample:		3293.53 time, 3310.01 real, 5 MB, 29.08 load
[runlim] sample:		3303.48 time, 3320.01 real, 5 MB, 29.07 load
[runlim] sample:		3313.43 time, 3330.01 real, 5 MB, 29.06 load
[runlim] sample:		3323.38 time, 3340.01 real, 5 MB, 29.05 load
[runlim] sample:		3333.33 time, 3350.01 real, 5 MB, 29.04 load
[runlim] sample:		3343.29 time, 3360.01 real, 5 MB, 29.03 load
[runlim] sample:		3353.24 time, 3370.01 real, 5 MB, 29.03 load
[runlim] sample:		3363.19 time, 3380.01 real, 5 MB, 29.02 load
[runlim] sample:		3373.14 time, 3390.01 real, 5 MB, 29.02 load
[runlim] sample:		3383.09 time, 3400.01 real, 5 MB, 29.02 load
[runlim] sample:		3393.05 time, 3410.01 real, 5 MB, 29.01 load
[runlim] sample:		3403.00 time, 3420.01 real, 5 MB, 29.01 load
[runlim] sample:		3412.95 time, 3430.01 real, 5 MB, 29.01 load
[runlim] sample:		3422.90 time, 3440.01 real, 5 MB, 29.08 load
[runlim] sample:		3432.86 time, 3450.01 real, 5 MB, 29.07 load
[runlim] sample:		3442.81 time, 3460.01 real, 5 MB, 29.06 load
[runlim] sample:		3452.76 time, 3470.01 real, 5 MB, 29.05 load
[runlim] sample:		3462.71 time, 3480.01 real, 5 MB, 29.04 load
[runlim] sample:		3472.66 time, 3490.01 real, 5 MB, 29.03 load
[runlim] sample:		3482.61 time, 3500.01 real, 5 MB, 29.03 load
[runlim] sample:		3492.57 time, 3510.01 real, 5 MB, 29.02 load
[runlim] sample:		3502.52 time, 3520.01 real, 5 MB, 29.02 load
[runlim] sample:		3512.47 time, 3530.01 real, 5 MB, 29.02 load
[runlim] sample:		3522.42 time, 3540.01 real, 5 MB, 29.09 load
[runlim] sample:		3532.37 time, 3550.01 real, 5 MB, 29.07 load
[runlim] sample:		3542.32 time, 3560.01 real, 5 MB, 29.06 load
[runlim] sample:		3552.28 time, 3570.01 real, 5 MB, 29.05 load
[runlim] sample:		3562.23 time, 3580.01 real, 5 MB, 29.04 load
[runlim] sample:		3572.18 time, 3590.01 real, 5 MB, 29.04 load
[runlim] sample:		3582.13 time, 3600.01 real, 5 MB, 29.03 load
[runlim] sample:		3592.08 time, 3610.01 real, 5 MB, 29.02 load
[runlim] sample:		3602.04 time, 3620.01 real, 5 MB, 29.02 load
[runlim] sample:		3611.99 time, 3630.01 real, 5 MB, 29.02 load
[runlim] sample:		3621.94 time, 3640.01 real, 5 MB, 29.01 load
[runlim] sample:		3631.89 time, 3650.01 real, 5 MB, 29.01 load
[runlim] sample:		3641.84 time, 3660.01 real, 5 MB, 29.01 load
[runlim] sample:		3651.79 time, 3670.01 real, 5 MB, 29.01 load
[runlim] sample:		3661.75 time, 3680.01 real, 5 MB, 29.01 load
[runlim] sample:		3671.70 time, 3690.01 real, 5 MB, 29.00 load
[runlim] sample:		3681.65 time, 3700.01 real, 5 MB, 29.00 load
[runlim] sample:		3691.60 time, 3710.01 real, 5 MB, 29.00 load
[runlim] sample:		3701.55 time, 3720.01 real, 5 MB, 29.08 load
[runlim] sample:		3711.50 time, 3730.01 real, 5 MB, 29.06 load
[runlim] sample:		3721.45 time, 3740.01 real, 5 MB, 29.05 load
[runlim] sample:		3731.40 time, 3750.01 real, 5 MB, 28.89 load
[runlim] sample:		3741.35 time, 3760.01 real, 5 MB, 28.75 load
[runlim] sample:		3751.30 time, 3770.01 real, 5 MB, 28.64 load
[runlim] sample:		3761.25 time, 3780.01 real, 5 MB, 28.54 load
[runlim] sample:		3771.21 time, 3790.01 real, 5 MB, 28.45 load
[runlim] sample:		3781.16 time, 3800.01 real, 5 MB, 28.38 load
[runlim] sample:		3791.11 time, 3810.01 real, 5 MB, 28.33 load
[runlim] sample:		3801.06 time, 3820.01 real, 5 MB, 28.35 load
[runlim] sample:		3811.01 time, 3830.01 real, 5 MB, 28.30 load
[runlim] sample:		3820.97 time, 3840.01 real, 5 MB, 28.25 load
[runlim] sample:		3830.92 time, 3850.01 real, 5 MB, 28.21 load
[runlim] sample:		3840.87 time, 3860.01 real, 5 MB, 28.18 load
[runlim] sample:		3850.82 time, 3870.01 real, 5 MB, 28.15 load
[runlim] sample:		3860.77 time, 3880.01 real, 5 MB, 28.13 load
[runlim] sample:		3870.73 time, 3890.01 real, 5 MB, 28.11 load
[runlim] sample:		3880.68 time, 3900.01 real, 5 MB, 28.09 load
[runlim] sample:		3890.63 time, 3910.01 real, 5 MB, 28.08 load
[runlim] sample:		3900.58 time, 3920.01 real, 5 MB, 28.06 load
[runlim] sample:		3910.54 time, 3930.01 real, 5 MB, 28.05 load
[runlim] sample:		3920.49 time, 3940.01 real, 5 MB, 28.05 load
[runlim] sample:		3930.44 time, 3950.01 real, 5 MB, 28.04 load
[runlim] sample:		3940.39 time, 3960.01 real, 5 MB, 28.03 load
[runlim] sample:		3950.34 time, 3970.01 real, 5 MB, 28.03 load
[runlim] sample:		3960.29 time, 3980.01 real, 5 MB, 28.02 load
[runlim] sample:		3970.23 time, 3990.01 real, 5 MB, 28.02 load
[runlim] sample:		3980.18 time, 4000.01 real, 5 MB, 28.02 load
[runlim] sample:		3990.13 time, 4010.01 real, 5 MB, 28.01 load
[runlim] sample:		4000.08 time, 4020.01 real, 5 MB, 28.16 load
[runlim] sample:		4010.02 time, 4030.01 real, 5 MB, 28.14 load
[runlim] sample:		4019.97 time, 4040.01 real, 5 MB, 28.12 load
[runlim] sample:		4029.92 time, 4050.01 real, 5 MB, 28.10 load
[runlim] sample:		4039.87 time, 4060.01 real, 5 MB, 28.08 load
[runlim] sample:		4049.82 time, 4070.01 real, 5 MB, 28.07 load
[runlim] sample:		4059.76 time, 4080.01 real, 5 MB, 28.13 load
[runlim] sample:		4069.71 time, 4090.01 real, 5 MB, 28.11 load
[runlim] sample:		4079.66 time, 4100.01 real, 5 MB, 28.09 load
[runlim] sample:		4089.61 time, 4110.01 real, 5 MB, 28.08 load
[runlim] sample:		4099.56 time, 4120.01 real, 5 MB, 28.07 load
[runlim] sample:		4109.50 time, 4130.01 real, 5 MB, 28.06 load
[runlim] sample:		4119.45 time, 4140.01 real, 5 MB, 28.12 load
[runlim] sample:		4129.40 time, 4150.01 real, 5 MB, 28.10 load
[runlim] sample:		4139.35 time, 4160.01 real, 5 MB, 28.09 load
[runlim] sample:		4149.30 time, 4170.01 real, 5 MB, 28.07 load
[runlim] sample:		4159.24 time, 4180.01 real, 5 MB, 28.06 load
[runlim] sample:		4169.19 time, 4190.01 real, 5 MB, 28.05 load
[runlim] sample:		4179.14 time, 4200.01 real, 5 MB, 28.04 load
[runlim] sample:		4189.09 time, 4210.01 real, 5 MB, 28.04 load
[runlim] sample:		4199.04 time, 4220.01 real, 5 MB, 28.03 load
[runlim] sample:		4208.99 time, 4230.01 real, 5 MB, 28.02 load
[runlim] sample:		4218.93 time, 4240.01 real, 5 MB, 28.02 load
[runlim] sample:		4228.88 time, 4250.01 real, 5 MB, 28.02 load
[runlim] sample:		4238.83 time, 4260.01 real, 5 MB, 28.01 load
[runlim] sample:		4248.78 time, 4270.01 real, 5 MB, 28.01 load
[runlim] sample:		4258.73 time, 4280.01 real, 5 MB, 28.01 load
[runlim] sample:		4268.68 time, 4290.01 real, 5 MB, 28.01 load
[runlim] sample:		4278.63 time, 4300.01 real, 5 MB, 28.01 load
[runlim] sample:		4288.58 time, 4310.01 real, 5 MB, 28.00 load
[runlim] sample:		4298.52 time, 4320.01 real, 5 MB, 28.08 load
[runlim] sample:		4308.47 time, 4330.01 real, 5 MB, 28.07 load
[runlim] sample:		4318.42 time, 4340.01 real, 5 MB, 28.13 load
[runlim] sample:		4328.37 time, 4350.01 real, 5 MB, 28.11 load
[runlim] sample:		4338.32 time, 4360.01 real, 5 MB, 28.09 load
[runlim] sample:		4348.27 time, 4370.01 real, 5 MB, 28.08 load
[runlim] sample:		4358.22 time, 4380.01 real, 5 MB, 28.06 load
[runlim] sample:		4368.17 time, 4390.01 real, 5 MB, 28.05 load
[runlim] sample:		4378.12 time, 4400.01 real, 5 MB, 28.05 load
[runlim] sample:		4388.07 time, 4410.01 real, 5 MB, 28.04 load
[runlim] sample:		4398.02 time, 4420.01 real, 5 MB, 28.11 load
[runlim] sample:		4407.97 time, 4430.01 real, 5 MB, 28.09 load
[runlim] sample:		4417.92 time, 4440.01 real, 5 MB, 28.08 load
[runlim] sample:		4427.87 time, 4450.01 real, 5 MB, 28.06 load
[runlim] sample:		4437.82 time, 4460.01 real, 5 MB, 28.13 load
[runlim] sample:		4447.77 time, 4470.01 real, 5 MB, 28.11 load
[runlim] sample:		4457.72 time, 4480.01 real, 5 MB, 28.16 load
[runlim] sample:		4467.67 time, 4490.01 real, 5 MB, 28.14 load
[runlim] sample:		4477.63 time, 4500.01 real, 5 MB, 28.12 load
[runlim] sample:		4487.58 time, 4510.01 real, 5 MB, 28.10 load
[runlim] sample:		4497.53 time, 4520.01 real, 5 MB, 28.08 load
[runlim] sample:		4507.48 time, 4530.01 real, 5 MB, 28.07 load
[runlim] sample:		4517.43 time, 4540.01 real, 5 MB, 28.13 load
[runlim] sample:		4527.38 time, 4550.01 real, 5 MB, 28.11 load
[runlim] sample:		4537.33 time, 4560.01 real, 5 MB, 28.09 load
[runlim] sample:		4547.28 time, 4570.01 real, 5 MB, 28.08 load
[runlim] sample:		4557.23 time, 4580.01 real, 5 MB, 28.07 load
[runlim] sample:		4567.18 time, 4590.01 real, 5 MB, 28.06 load
[runlim] sample:		4577.13 time, 4600.01 real, 5 MB, 28.19 load
[runlim] sample:		4587.08 time, 4610.01 real, 5 MB, 28.16 load
[runlim] sample:		4597.03 time, 4620.01 real, 5 MB, 28.14 load
[runlim] sample:		4606.98 time, 4630.01 real, 5 MB, 28.12 load
[runlim] sample:		4616.94 time, 4640.01 real, 5 MB, 28.10 load
[runlim] sample:		4626.89 time, 4650.01 real, 5 MB, 28.08 load
[runlim] sample:		4636.84 time, 4660.01 real, 5 MB, 28.22 load
[runlim] sample:		4646.79 time, 4670.01 real, 5 MB, 28.18 load
[runlim] sample:		4656.74 time, 4680.01 real, 5 MB, 28.16 load
[runlim] sample:		4666.69 time, 4690.01 real, 5 MB, 28.13 load
[runlim] sample:		4676.64 time, 4700.01 real, 5 MB, 28.11 load
[runlim] sample:		4686.59 time, 4710.01 real, 5 MB, 28.09 load
[runlim] sample:		4696.54 time, 4720.01 real, 5 MB, 28.15 load
[runlim] sample:		4706.49 time, 4730.01 real, 5 MB, 28.13 load
[runlim] sample:		4716.45 time, 4740.01 real, 5 MB, 28.11 load
[runlim] sample:		4726.40 time, 4750.01 real, 5 MB, 28.09 load
[runlim] sample:		4736.35 time, 4760.01 real, 5 MB, 28.08 load
[runlim] sample:		4746.30 time, 4770.01 real, 5 MB, 28.06 load
[runlim] sample:		4756.25 time, 4780.01 real, 5 MB, 28.20 load
[runlim] sample:		4766.20 time, 4790.01 real, 5 MB, 28.17 load
[runlim] sample:		4776.15 time, 4800.01 real, 5 MB, 28.14 load
[runlim] sample:		4786.10 time, 4810.01 real, 5 MB, 28.12 load
[runlim] sample:		4796.05 time, 4820.01 real, 5 MB, 28.10 load
[runlim] sample:		4806.00 time, 4830.01 real, 5 MB, 28.09 load
[runlim] sample:		4815.95 time, 4840.01 real, 5 MB, 28.15 load
[runlim] sample:		4825.91 time, 4850.01 real, 5 MB, 28.12 load
[runlim] sample:		4835.86 time, 4860.01 real, 5 MB, 28.10 load
[runlim] sample:		4845.81 time, 4870.01 real, 5 MB, 28.09 load
[runlim] sample:		4855.76 time, 4880.01 real, 5 MB, 28.15 load
[runlim] sample:		4865.71 time, 4890.01 real, 5 MB, 28.12 load
[runlim] sample:		4875.66 time, 4900.01 real, 5 MB, 28.18 load
[runlim] sample:		4885.61 time, 4910.01 real, 5 MB, 28.15 load
[runlim] sample:		4895.56 time, 4920.01 real, 5 MB, 28.20 load
[runlim] sample:		4905.51 time, 4930.01 real, 5 MB, 28.17 load
[runlim] sample:		4915.46 time, 4940.01 real, 5 MB, 28.14 load
[runlim] sample:		4925.41 time, 4950.01 real, 5 MB, 28.12 load
[runlim] sample:		4935.36 time, 4960.01 real, 5 MB, 28.18 load
[runlim] sample:		4945.32 time, 4970.01 real, 5 MB, 28.15 load
[runlim] sample:		4955.27 time, 4980.01 real, 5 MB, 28.13 load
[runlim] sample:		4965.22 time, 4990.01 real, 5 MB, 28.11 load
[runlim] sample:		4975.16 time, 5000.01 real, 5 MB, 27.77 load
[runlim] end:			Thu Apr  9 23:22:28 2026
[runlim] status:		out of time
[runlim] result:		2
[runlim] children:		1
[runlim] processes:		2
[runlim] real:			5000.05 seconds
[runlim] time:			4975.16 seconds
[runlim] space:			5 MB
[runlim] load:			30.95 maximum
[runlim] samples:		50000
