[runlim] version:		2.0.0rc1
[runlim] host:			m07n01
[runlim] time limit:		311040000 seconds
[runlim] real time limit:	5000 seconds
[runlim] space limit:		7000 MB
[runlim] argv[0]:		./binary
[runlim] argv[1]:		-c
[runlim] argv[2]:		-f
[runlim] argv[3]:		/tmp/local-unzipped-12459992-1-38-mc2025_track1_059.cnf
[runlim] start:			Thu Apr  9 20:20:15 2026
[runlim] child:			2262696
[runlim] sample:		9.94 time, 10.01 real, 3 MB, 29.22 load
[runlim] sample:		19.88 time, 20.01 real, 3 MB, 32.59 load
[runlim] sample:		29.69 time, 30.01 real, 3 MB, 36.97 load
[runlim] sample:		39.63 time, 40.01 real, 3 MB, 40.98 load
[runlim] sample:		49.53 time, 50.01 real, 3 MB, 45.48 load
[runlim] sample:		59.47 time, 60.01 real, 3 MB, 48.09 load
[runlim] sample:		69.41 time, 70.01 real, 3 MB, 50.30 load
[runlim] sample:		79.36 time, 80.01 real, 3 MB, 52.18 load
[runlim] sample:		89.31 time, 90.01 real, 3 MB, 53.53 load
[runlim] sample:		99.27 time, 100.01 real, 3 MB, 54.68 load
[runlim] sample:		109.22 time, 110.01 real, 3 MB, 55.65 load
[runlim] sample:		119.17 time, 120.01 real, 3 MB, 56.48 load
[runlim] sample:		129.13 time, 130.01 real, 3 MB, 57.17 load
[runlim] sample:		139.08 time, 140.01 real, 3 MB, 57.69 load
[runlim] sample:		149.03 time, 150.01 real, 3 MB, 58.04 load
[runlim] sample:		158.99 time, 160.01 real, 3 MB, 58.35 load
[runlim] sample:		168.94 time, 170.01 real, 3 MB, 58.53 load
[runlim] sample:		178.89 time, 180.01 real, 3 MB, 58.67 load
[runlim] sample:		188.85 time, 190.01 real, 3 MB, 58.88 load
[runlim] sample:		198.81 time, 200.01 real, 3 MB, 58.90 load
[runlim] sample:		208.76 time, 210.01 real, 3 MB, 58.91 load
[runlim] sample:		218.71 time, 220.01 real, 3 MB, 58.93 load
[runlim] sample:		228.67 time, 230.01 real, 3 MB, 59.25 load
[runlim] sample:		238.63 time, 240.01 real, 3 MB, 59.21 load
[runlim] sample:		248.58 time, 250.01 real, 3 MB, 59.26 load
[runlim] sample:		258.54 time, 260.01 real, 3 MB, 59.22 load
[runlim] sample:		268.50 time, 270.01 real, 3 MB, 59.18 load
[runlim] sample:		278.45 time, 280.01 real, 3 MB, 59.00 load
[runlim] sample:		288.40 time, 290.01 real, 3 MB, 59.01 load
[runlim] sample:		298.36 time, 300.01 real, 3 MB, 58.85 load
[runlim] sample:		308.31 time, 310.01 real, 3 MB, 58.72 load
[runlim] sample:		318.27 time, 320.01 real, 3 MB, 58.61 load
[runlim] sample:		328.22 time, 330.01 real, 3 MB, 58.52 load
[runlim] sample:		338.18 time, 340.01 real, 3 MB, 58.44 load
[runlim] sample:		348.13 time, 350.01 real, 3 MB, 58.45 load
[runlim] sample:		358.09 time, 360.01 real, 3 MB, 58.38 load
[runlim] sample:		368.04 time, 370.01 real, 3 MB, 58.32 load
[runlim] sample:		377.99 time, 380.01 real, 3 MB, 58.27 load
[runlim] sample:		387.95 time, 390.01 real, 3 MB, 58.23 load
[runlim] sample:		397.90 time, 400.01 real, 3 MB, 58.19 load
[runlim] sample:		407.86 time, 410.01 real, 3 MB, 58.16 load
[runlim] sample:		417.81 time, 420.01 real, 3 MB, 58.43 load
[runlim] sample:		427.77 time, 430.01 real, 3 MB, 58.21 load
[runlim] sample:		437.72 time, 440.01 real, 3 MB, 58.02 load
[runlim] sample:		447.67 time, 450.01 real, 3 MB, 57.95 load
[runlim] sample:		457.62 time, 460.01 real, 3 MB, 57.80 load
[runlim] sample:		467.57 time, 470.01 real, 3 MB, 57.68 load
[runlim] sample:		477.52 time, 480.01 real, 3 MB, 57.49 load
[runlim] sample:		487.47 time, 490.01 real, 3 MB, 57.26 load
[runlim] sample:		497.41 time, 500.01 real, 3 MB, 57.14 load
[runlim] sample:		507.36 time, 510.01 real, 3 MB, 56.97 load
[runlim] sample:		517.31 time, 520.01 real, 3 MB, 56.82 load
[runlim] sample:		527.26 time, 530.01 real, 3 MB, 56.77 load
[runlim] sample:		537.20 time, 540.01 real, 3 MB, 56.73 load
[runlim] sample:		547.15 time, 550.01 real, 3 MB, 56.69 load
[runlim] sample:		557.09 time, 560.01 real, 3 MB, 56.58 load
[runlim] sample:		567.04 time, 570.01 real, 3 MB, 56.64 load
[runlim] sample:		576.99 time, 580.01 real, 3 MB, 56.54 load
[runlim] sample:		586.93 time, 590.01 real, 3 MB, 56.46 load
[runlim] sample:		596.88 time, 600.01 real, 3 MB, 56.39 load
[runlim] sample:		606.82 time, 610.01 real, 3 MB, 56.41 load
[runlim] sample:		616.76 time, 620.01 real, 3 MB, 56.34 load
[runlim] sample:		626.71 time, 630.01 real, 3 MB, 56.36 load
[runlim] sample:		636.65 time, 640.01 real, 3 MB, 56.31 load
[runlim] sample:		646.60 time, 650.01 real, 3 MB, 56.33 load
[runlim] sample:		656.54 time, 660.01 real, 3 MB, 56.28 load
[runlim] sample:		666.49 time, 670.01 real, 3 MB, 56.24 load
[runlim] sample:		676.43 time, 680.01 real, 3 MB, 56.20 load
[runlim] sample:		686.38 time, 690.01 real, 3 MB, 56.33 load
[runlim] sample:		696.32 time, 700.01 real, 3 MB, 56.28 load
[runlim] sample:		706.27 time, 710.01 real, 3 MB, 56.24 load
[runlim] sample:		716.21 time, 720.01 real, 3 MB, 56.20 load
[runlim] sample:		726.16 time, 730.01 real, 3 MB, 56.32 load
[runlim] sample:		736.11 time, 740.01 real, 3 MB, 56.27 load
[runlim] sample:		746.06 time, 750.01 real, 3 MB, 56.39 load
[runlim] sample:		756.00 time, 760.01 real, 3 MB, 56.33 load
[runlim] sample:		765.95 time, 770.01 real, 3 MB, 56.35 load
[runlim] sample:		775.90 time, 780.01 real, 3 MB, 56.30 load
[runlim] sample:		785.84 time, 790.01 real, 3 MB, 56.25 load
[runlim] sample:		795.79 time, 800.01 real, 3 MB, 56.21 load
[runlim] sample:		805.73 time, 810.01 real, 3 MB, 56.25 load
[runlim] sample:		815.68 time, 820.01 real, 3 MB, 56.21 load
[runlim] sample:		825.62 time, 830.01 real, 3 MB, 56.26 load
[runlim] sample:		835.57 time, 840.01 real, 3 MB, 56.29 load
[runlim] sample:		845.51 time, 850.01 real, 3 MB, 56.25 load
[runlim] sample:		855.46 time, 860.01 real, 3 MB, 56.21 load
[runlim] sample:		865.41 time, 870.01 real, 3 MB, 56.25 load
[runlim] sample:		875.36 time, 880.01 real, 3 MB, 56.21 load
[runlim] sample:		885.30 time, 890.01 real, 3 MB, 56.18 load
[runlim] sample:		895.25 time, 900.01 real, 3 MB, 56.15 load
[runlim] sample:		905.20 time, 910.01 real, 3 MB, 56.13 load
[runlim] sample:		915.14 time, 920.01 real, 3 MB, 56.18 load
[runlim] sample:		925.09 time, 930.01 real, 3 MB, 56.15 load
[runlim] sample:		935.04 time, 940.01 real, 3 MB, 56.13 load
[runlim] sample:		944.98 time, 950.01 real, 3 MB, 56.34 load
[runlim] sample:		954.93 time, 960.01 real, 3 MB, 56.37 load
[runlim] sample:		964.87 time, 970.01 real, 3 MB, 56.39 load
[runlim] sample:		974.82 time, 980.01 real, 3 MB, 56.48 load
[runlim] sample:		984.76 time, 990.01 real, 3 MB, 56.48 load
[runlim] sample:		994.71 time, 1000.01 real, 3 MB, 56.49 load
[runlim] sample:		1004.65 time, 1010.01 real, 3 MB, 56.57 load
[runlim] sample:		1014.59 time, 1020.01 real, 3 MB, 56.48 load
[runlim] sample:		1024.54 time, 1030.01 real, 3 MB, 56.49 load
[runlim] sample:		1034.48 time, 1040.01 real, 3 MB, 56.48 load
[runlim] sample:		1044.43 time, 1050.01 real, 3 MB, 56.41 load
[runlim] sample:		1054.37 time, 1060.01 real, 3 MB, 56.35 load
[runlim] sample:		1064.32 time, 1070.01 real, 3 MB, 56.29 load
[runlim] sample:		1074.26 time, 1080.01 real, 3 MB, 56.32 load
[runlim] sample:		1084.21 time, 1090.01 real, 3 MB, 56.27 load
[runlim] sample:		1094.15 time, 1100.01 real, 3 MB, 56.30 load
[runlim] sample:		1104.10 time, 1110.01 real, 3 MB, 56.34 load
[runlim] sample:		1114.04 time, 1120.01 real, 3 MB, 56.28 load
[runlim] sample:		1123.99 time, 1130.01 real, 3 MB, 56.31 load
[runlim] sample:		1133.93 time, 1140.01 real, 3 MB, 56.34 load
[runlim] sample:		1143.88 time, 1150.01 real, 3 MB, 56.36 load
[runlim] sample:		1153.82 time, 1160.01 real, 3 MB, 56.31 load
[runlim] sample:		1163.77 time, 1170.01 real, 3 MB, 56.34 load
[runlim] sample:		1173.72 time, 1180.01 real, 3 MB, 56.29 load
[runlim] sample:		1183.66 time, 1190.01 real, 3 MB, 56.32 load
[runlim] sample:		1193.61 time, 1200.01 real, 3 MB, 56.27 load
[runlim] sample:		1203.55 time, 1210.01 real, 3 MB, 56.22 load
[runlim] sample:		1213.50 time, 1220.01 real, 3 MB, 56.27 load
[runlim] sample:		1223.44 time, 1230.01 real, 3 MB, 56.23 load
[runlim] sample:		1233.39 time, 1240.01 real, 3 MB, 56.19 load
[runlim] sample:		1243.33 time, 1250.01 real, 3 MB, 56.24 load
[runlim] sample:		1253.27 time, 1260.01 real, 3 MB, 56.21 load
[runlim] sample:		1263.22 time, 1270.01 real, 3 MB, 56.17 load
[runlim] sample:		1273.17 time, 1280.01 real, 3 MB, 56.39 load
[runlim] sample:		1283.11 time, 1290.01 real, 3 MB, 56.33 load
[runlim] sample:		1293.06 time, 1300.01 real, 3 MB, 56.28 load
[runlim] sample:		1303.00 time, 1310.01 real, 3 MB, 56.23 load
[runlim] sample:		1312.95 time, 1320.01 real, 3 MB, 56.20 load
[runlim] sample:		1322.89 time, 1330.01 real, 3 MB, 56.17 load
[runlim] sample:		1332.84 time, 1340.01 real, 3 MB, 56.29 load
[runlim] sample:		1342.79 time, 1350.01 real, 3 MB, 56.25 load
[runlim] sample:		1352.73 time, 1360.01 real, 3 MB, 56.21 load
[runlim] sample:		1362.68 time, 1370.01 real, 3 MB, 56.18 load
[runlim] sample:		1372.62 time, 1380.01 real, 3 MB, 56.15 load
[runlim] sample:		1382.57 time, 1390.01 real, 3 MB, 56.13 load
[runlim] sample:		1392.51 time, 1400.01 real, 3 MB, 56.11 load
[runlim] sample:		1402.46 time, 1410.01 real, 3 MB, 56.09 load
[runlim] sample:		1412.40 time, 1420.01 real, 3 MB, 56.22 load
[runlim] sample:		1422.34 time, 1430.01 real, 3 MB, 56.19 load
[runlim] sample:		1432.29 time, 1440.01 real, 3 MB, 56.16 load
[runlim] sample:		1442.23 time, 1450.01 real, 3 MB, 56.21 load
[runlim] sample:		1452.18 time, 1460.01 real, 3 MB, 56.34 load
[runlim] sample:		1462.12 time, 1470.01 real, 3 MB, 56.28 load
[runlim] sample:		1472.06 time, 1480.01 real, 3 MB, 56.31 load
[runlim] sample:		1482.01 time, 1490.01 real, 3 MB, 56.27 load
[runlim] sample:		1491.95 time, 1500.01 real, 3 MB, 56.22 load
[runlim] sample:		1501.89 time, 1510.01 real, 3 MB, 56.26 load
[runlim] sample:		1511.83 time, 1520.01 real, 3 MB, 56.37 load
[runlim] sample:		1521.78 time, 1530.01 real, 3 MB, 56.31 load
[runlim] sample:		1531.72 time, 1540.01 real, 3 MB, 56.41 load
[runlim] sample:		1541.66 time, 1550.01 real, 3 MB, 56.43 load
[runlim] sample:		1551.61 time, 1560.01 real, 3 MB, 56.36 load
[runlim] sample:		1561.55 time, 1570.01 real, 3 MB, 56.31 load
[runlim] sample:		1571.50 time, 1580.01 real, 3 MB, 56.26 load
[runlim] sample:		1581.44 time, 1590.01 real, 3 MB, 56.22 load
[runlim] sample:		1591.39 time, 1600.01 real, 3 MB, 56.18 load
[runlim] sample:		1601.33 time, 1610.01 real, 3 MB, 56.24 load
[runlim] sample:		1611.27 time, 1620.01 real, 3 MB, 56.20 load
[runlim] sample:		1621.22 time, 1630.01 real, 3 MB, 56.25 load
[runlim] sample:		1631.16 time, 1640.01 real, 3 MB, 56.21 load
[runlim] sample:		1641.11 time, 1650.01 real, 3 MB, 56.18 load
[runlim] sample:		1651.05 time, 1660.01 real, 3 MB, 56.15 load
[runlim] sample:		1660.99 time, 1670.01 real, 3 MB, 56.13 load
[runlim] sample:		1670.94 time, 1680.01 real, 3 MB, 56.11 load
[runlim] sample:		1680.89 time, 1690.01 real, 3 MB, 56.25 load
[runlim] sample:		1690.83 time, 1700.01 real, 3 MB, 56.21 load
[runlim] sample:		1700.77 time, 1710.01 real, 3 MB, 56.02 load
[runlim] sample:		1710.72 time, 1720.01 real, 3 MB, 56.03 load
[runlim] sample:		1720.67 time, 1730.01 real, 3 MB, 55.87 load
[runlim] sample:		1730.61 time, 1740.01 real, 3 MB, 55.73 load
[runlim] sample:		1740.56 time, 1750.01 real, 3 MB, 55.70 load
[runlim] sample:		1750.50 time, 1760.01 real, 3 MB, 55.59 load
[runlim] sample:		1760.45 time, 1770.01 real, 3 MB, 55.50 load
[runlim] sample:		1770.39 time, 1780.01 real, 3 MB, 55.42 load
[runlim] sample:		1780.34 time, 1790.01 real, 3 MB, 55.52 load
[runlim] sample:		1790.28 time, 1800.01 real, 3 MB, 55.44 load
[runlim] sample:		1800.22 time, 1810.01 real, 3 MB, 55.37 load
[runlim] sample:		1810.17 time, 1820.01 real, 3 MB, 55.31 load
[runlim] sample:		1820.11 time, 1830.01 real, 3 MB, 55.27 load
[runlim] sample:		1830.06 time, 1840.01 real, 3 MB, 55.30 load
[runlim] sample:		1840.00 time, 1850.01 real, 3 MB, 55.25 load
[runlim] sample:		1849.94 time, 1860.01 real, 3 MB, 55.21 load
[runlim] sample:		1859.89 time, 1870.01 real, 3 MB, 55.18 load
[runlim] sample:		1869.83 time, 1880.01 real, 3 MB, 55.23 load
[runlim] sample:		1879.77 time, 1890.01 real, 3 MB, 55.28 load
[runlim] sample:		1889.72 time, 1900.01 real, 3 MB, 55.23 load
[runlim] sample:		1899.66 time, 1910.01 real, 3 MB, 55.20 load
[runlim] sample:		1909.60 time, 1920.01 real, 3 MB, 55.32 load
[runlim] sample:		1919.55 time, 1930.01 real, 3 MB, 55.27 load
[runlim] sample:		1929.49 time, 1940.01 real, 3 MB, 55.23 load
[runlim] sample:		1939.43 time, 1950.01 real, 3 MB, 55.27 load
[runlim] sample:		1949.38 time, 1960.01 real, 3 MB, 55.23 load
[runlim] sample:		1959.32 time, 1970.01 real, 3 MB, 55.20 load
[runlim] sample:		1969.27 time, 1980.01 real, 3 MB, 55.16 load
[runlim] sample:		1979.21 time, 1990.01 real, 3 MB, 55.14 load
[runlim] sample:		1989.16 time, 2000.01 real, 3 MB, 55.12 load
[runlim] sample:		1999.10 time, 2010.01 real, 3 MB, 55.17 load
[runlim] sample:		2009.05 time, 2020.01 real, 3 MB, 55.15 load
[runlim] sample:		2018.99 time, 2030.01 real, 3 MB, 55.44 load
[runlim] sample:		2028.94 time, 2040.01 real, 3 MB, 55.46 load
[runlim] sample:		2038.88 time, 2050.01 real, 3 MB, 55.47 load
[runlim] sample:		2048.83 time, 2060.01 real, 3 MB, 55.39 load
[runlim] sample:		2058.77 time, 2070.01 real, 3 MB, 55.33 load
[runlim] sample:		2068.72 time, 2080.01 real, 3 MB, 55.28 load
[runlim] sample:		2078.66 time, 2090.01 real, 3 MB, 55.24 load
[runlim] sample:		2088.61 time, 2100.01 real, 3 MB, 55.20 load
[runlim] sample:		2098.55 time, 2110.01 real, 3 MB, 55.33 load
[runlim] sample:		2108.50 time, 2120.01 real, 3 MB, 55.36 load
[runlim] sample:		2118.44 time, 2130.01 real, 3 MB, 55.30 load
[runlim] sample:		2128.39 time, 2140.01 real, 3 MB, 55.34 load
[runlim] sample:		2138.33 time, 2150.01 real, 3 MB, 55.29 load
[runlim] sample:		2148.27 time, 2160.01 real, 3 MB, 55.24 load
[runlim] sample:		2158.21 time, 2170.01 real, 3 MB, 55.20 load
[runlim] sample:		2168.16 time, 2180.01 real, 3 MB, 55.33 load
[runlim] sample:		2178.10 time, 2190.01 real, 3 MB, 55.36 load
[runlim] sample:		2188.05 time, 2200.01 real, 3 MB, 55.38 load
[runlim] sample:		2197.99 time, 2210.01 real, 3 MB, 55.40 load
[runlim] sample:		2207.93 time, 2220.01 real, 3 MB, 55.34 load
[runlim] sample:		2217.88 time, 2230.01 real, 3 MB, 55.29 load
[runlim] sample:		2227.82 time, 2240.01 real, 3 MB, 55.40 load
[runlim] sample:		2237.76 time, 2250.01 real, 3 MB, 55.50 load
[runlim] sample:		2247.71 time, 2260.01 real, 3 MB, 55.50 load
[runlim] sample:		2257.65 time, 2270.01 real, 3 MB, 55.43 load
[runlim] sample:		2267.59 time, 2280.01 real, 3 MB, 55.36 load
[runlim] sample:		2277.54 time, 2290.01 real, 3 MB, 55.46 load
[runlim] sample:		2287.48 time, 2300.01 real, 3 MB, 55.62 load
[runlim] sample:		2297.43 time, 2310.01 real, 3 MB, 55.76 load
[runlim] sample:		2307.37 time, 2320.01 real, 3 MB, 55.88 load
[runlim] sample:		2317.32 time, 2330.01 real, 3 MB, 55.90 load
[runlim] sample:		2327.26 time, 2340.01 real, 3 MB, 56.07 load
[runlim] sample:		2337.20 time, 2350.01 real, 3 MB, 56.14 load
[runlim] sample:		2347.15 time, 2360.01 real, 3 MB, 56.20 load
[runlim] sample:		2357.09 time, 2370.01 real, 3 MB, 56.24 load
[runlim] sample:		2367.03 time, 2380.01 real, 3 MB, 56.36 load
[runlim] sample:		2376.97 time, 2390.01 real, 3 MB, 56.30 load
[runlim] sample:		2386.92 time, 2400.01 real, 3 MB, 56.25 load
[runlim] sample:		2396.86 time, 2410.01 real, 3 MB, 56.06 load
[runlim] sample:		2406.80 time, 2420.01 real, 3 MB, 56.14 load
[runlim] sample:		2416.74 time, 2430.01 real, 3 MB, 55.96 load
[runlim] sample:		2426.68 time, 2440.01 real, 3 MB, 55.89 load
[runlim] sample:		2436.62 time, 2450.01 real, 3 MB, 55.91 load
[runlim] sample:		2446.56 time, 2460.01 real, 3 MB, 55.77 load
[runlim] sample:		2456.51 time, 2470.01 real, 3 MB, 55.65 load
[runlim] sample:		2466.45 time, 2480.01 real, 3 MB, 55.79 load
[runlim] sample:		2476.39 time, 2490.01 real, 3 MB, 55.67 load
[runlim] sample:		2486.34 time, 2500.01 real, 3 MB, 55.65 load
[runlim] sample:		2496.28 time, 2510.01 real, 3 MB, 55.63 load
[runlim] sample:		2506.22 time, 2520.01 real, 3 MB, 55.53 load
[runlim] sample:		2516.16 time, 2530.01 real, 3 MB, 55.45 load
[runlim] sample:		2526.11 time, 2540.01 real, 3 MB, 55.38 load
[runlim] sample:		2536.05 time, 2550.01 real, 3 MB, 55.32 load
[runlim] sample:		2545.99 time, 2560.01 real, 3 MB, 55.35 load
[runlim] sample:		2555.93 time, 2570.01 real, 3 MB, 55.37 load
[runlim] sample:		2565.87 time, 2580.01 real, 3 MB, 55.31 load
[runlim] sample:		2575.82 time, 2590.01 real, 3 MB, 55.26 load
[runlim] sample:		2585.76 time, 2600.01 real, 3 MB, 55.30 load
[runlim] sample:		2595.70 time, 2610.01 real, 3 MB, 55.25 load
[runlim] sample:		2605.64 time, 2620.01 real, 3 MB, 55.21 load
[runlim] sample:		2615.58 time, 2630.01 real, 3 MB, 55.25 load
[runlim] sample:		2625.53 time, 2640.01 real, 3 MB, 55.21 load
[runlim] sample:		2635.47 time, 2650.01 real, 3 MB, 55.18 load
[runlim] sample:		2645.41 time, 2660.01 real, 3 MB, 55.15 load
[runlim] sample:		2655.36 time, 2670.01 real, 3 MB, 55.13 load
[runlim] sample:		2665.30 time, 2680.01 real, 3 MB, 55.11 load
[runlim] sample:		2675.24 time, 2690.01 real, 3 MB, 55.17 load
[runlim] sample:		2685.18 time, 2700.01 real, 3 MB, 55.14 load
[runlim] sample:		2695.12 time, 2710.01 real, 3 MB, 55.12 load
[runlim] sample:		2705.06 time, 2720.01 real, 3 MB, 55.10 load
[runlim] sample:		2715.01 time, 2730.01 real, 3 MB, 55.09 load
[runlim] sample:		2724.95 time, 2740.01 real, 3 MB, 55.07 load
[runlim] sample:		2734.89 time, 2750.01 real, 3 MB, 55.22 load
[runlim] sample:		2744.83 time, 2760.01 real, 3 MB, 55.18 load
[runlim] sample:		2754.78 time, 2770.01 real, 3 MB, 55.15 load
[runlim] sample:		2764.72 time, 2780.01 real, 3 MB, 55.13 load
[runlim] sample:		2774.66 time, 2790.01 real, 3 MB, 55.11 load
[runlim] sample:		2784.60 time, 2800.01 real, 3 MB, 55.09 load
[runlim] sample:		2794.54 time, 2810.01 real, 3 MB, 55.16 load
[runlim] sample:		2804.49 time, 2820.01 real, 3 MB, 55.21 load
[runlim] sample:		2814.43 time, 2830.01 real, 3 MB, 55.18 load
[runlim] sample:		2824.37 time, 2840.01 real, 3 MB, 55.15 load
[runlim] sample:		2834.32 time, 2850.01 real, 3 MB, 55.13 load
[runlim] sample:		2844.26 time, 2860.01 real, 3 MB, 55.18 load
[runlim] sample:		2854.21 time, 2870.01 real, 3 MB, 55.15 load
[runlim] sample:		2864.15 time, 2880.01 real, 3 MB, 55.21 load
[runlim] sample:		2874.10 time, 2890.01 real, 3 MB, 55.18 load
[runlim] sample:		2884.04 time, 2900.01 real, 3 MB, 55.15 load
[runlim] sample:		2893.98 time, 2910.01 real, 3 MB, 55.13 load
[runlim] sample:		2903.93 time, 2920.01 real, 3 MB, 55.11 load
[runlim] sample:		2913.87 time, 2930.01 real, 3 MB, 55.09 load
[runlim] sample:		2923.81 time, 2940.01 real, 3 MB, 55.16 load
[runlim] sample:		2933.76 time, 2950.01 real, 3 MB, 55.21 load
[runlim] sample:		2943.70 time, 2960.01 real, 3 MB, 55.18 load
[runlim] sample:		2953.64 time, 2970.01 real, 3 MB, 55.15 load
[runlim] sample:		2963.58 time, 2980.01 real, 3 MB, 55.13 load
[runlim] sample:		2973.53 time, 2990.01 real, 3 MB, 55.11 load
[runlim] sample:		2983.47 time, 3000.01 real, 3 MB, 55.17 load
[runlim] sample:		2993.41 time, 3010.01 real, 3 MB, 55.14 load
[runlim] sample:		3003.36 time, 3020.01 real, 3 MB, 55.12 load
[runlim] sample:		3013.30 time, 3030.01 real, 3 MB, 55.10 load
[runlim] sample:		3023.25 time, 3040.01 real, 3 MB, 55.09 load
[runlim] sample:		3033.19 time, 3050.01 real, 3 MB, 55.07 load
[runlim] sample:		3043.13 time, 3060.01 real, 3 MB, 55.38 load
[runlim] sample:		3053.08 time, 3070.01 real, 3 MB, 55.32 load
[runlim] sample:		3063.02 time, 3080.01 real, 3 MB, 55.27 load
[runlim] sample:		3072.96 time, 3090.01 real, 3 MB, 55.23 load
[runlim] sample:		3082.91 time, 3100.01 real, 3 MB, 55.27 load
[runlim] sample:		3092.85 time, 3110.01 real, 3 MB, 55.31 load
[runlim] sample:		3102.79 time, 3120.01 real, 3 MB, 55.26 load
[runlim] sample:		3112.73 time, 3130.01 real, 3 MB, 55.22 load
[runlim] sample:		3122.67 time, 3140.01 real, 3 MB, 55.18 load
[runlim] sample:		3132.62 time, 3150.01 real, 3 MB, 55.16 load
[runlim] sample:		3142.56 time, 3160.01 real, 3 MB, 55.21 load
[runlim] sample:		3152.50 time, 3170.01 real, 3 MB, 55.25 load
[runlim] sample:		3162.45 time, 3180.01 real, 3 MB, 55.29 load
[runlim] sample:		3172.39 time, 3190.01 real, 3 MB, 55.41 load
[runlim] sample:		3182.33 time, 3200.01 real, 3 MB, 55.35 load
[runlim] sample:		3192.28 time, 3210.01 real, 3 MB, 55.29 load
[runlim] sample:		3202.22 time, 3220.01 real, 3 MB, 55.25 load
[runlim] sample:		3212.17 time, 3230.01 real, 3 MB, 55.21 load
[runlim] sample:		3222.11 time, 3240.01 real, 3 MB, 55.34 load
[runlim] sample:		3232.05 time, 3250.01 real, 3 MB, 55.36 load
[runlim] sample:		3242.00 time, 3260.01 real, 3 MB, 55.31 load
[runlim] sample:		3251.94 time, 3270.01 real, 3 MB, 55.26 load
[runlim] sample:		3261.88 time, 3280.01 real, 3 MB, 55.22 load
[runlim] sample:		3271.83 time, 3290.01 real, 3 MB, 55.18 load
[runlim] sample:		3281.77 time, 3300.01 real, 3 MB, 55.24 load
[runlim] sample:		3291.71 time, 3310.01 real, 3 MB, 55.20 load
[runlim] sample:		3301.65 time, 3320.01 real, 3 MB, 55.17 load
[runlim] sample:		3311.60 time, 3330.01 real, 3 MB, 55.14 load
[runlim] sample:		3321.54 time, 3340.01 real, 3 MB, 55.12 load
[runlim] sample:		3331.48 time, 3350.01 real, 3 MB, 55.18 load
[runlim] sample:		3341.42 time, 3360.01 real, 3 MB, 55.15 load
[runlim] sample:		3351.37 time, 3370.01 real, 3 MB, 55.12 load
[runlim] sample:		3361.31 time, 3380.01 real, 3 MB, 55.19 load
[runlim] sample:		3371.25 time, 3390.01 real, 3 MB, 55.24 load
[runlim] sample:		3381.20 time, 3400.01 real, 3 MB, 55.28 load
[runlim] sample:		3391.14 time, 3410.01 real, 3 MB, 55.24 load
[runlim] sample:		3401.08 time, 3420.01 real, 3 MB, 55.27 load
[runlim] sample:		3411.02 time, 3430.01 real, 3 MB, 55.31 load
[runlim] sample:		3420.96 time, 3440.01 real, 3 MB, 55.26 load
[runlim] sample:		3430.91 time, 3450.01 real, 3 MB, 55.30 load
[runlim] sample:		3440.85 time, 3460.01 real, 3 MB, 55.25 load
[runlim] sample:		3450.79 time, 3470.01 real, 3 MB, 55.21 load
[runlim] sample:		3460.73 time, 3480.01 real, 3 MB, 55.18 load
[runlim] sample:		3470.68 time, 3490.01 real, 3 MB, 55.15 load
[runlim] sample:		3480.62 time, 3500.01 real, 3 MB, 55.13 load
[runlim] sample:		3490.56 time, 3510.01 real, 3 MB, 55.11 load
[runlim] sample:		3500.50 time, 3520.01 real, 3 MB, 55.16 load
[runlim] sample:		3510.44 time, 3530.01 real, 3 MB, 55.22 load
[runlim] sample:		3520.39 time, 3540.01 real, 3 MB, 55.18 load
[runlim] sample:		3530.33 time, 3550.01 real, 3 MB, 55.16 load
[runlim] sample:		3540.27 time, 3560.01 real, 3 MB, 55.21 load
[runlim] sample:		3550.21 time, 3570.01 real, 3 MB, 55.25 load
[runlim] sample:		3560.15 time, 3580.01 real, 3 MB, 55.21 load
[runlim] sample:		3570.09 time, 3590.01 real, 3 MB, 55.18 load
[runlim] sample:		3580.04 time, 3600.01 real, 3 MB, 55.23 load
[runlim] sample:		3589.98 time, 3610.01 real, 3 MB, 55.27 load
[runlim] sample:		3599.93 time, 3620.01 real, 3 MB, 55.23 load
[runlim] sample:		3609.87 time, 3630.01 real, 3 MB, 55.27 load
[runlim] sample:		3619.81 time, 3640.01 real, 3 MB, 55.30 load
[runlim] sample:		3629.75 time, 3650.01 real, 3 MB, 55.33 load
[runlim] sample:		3639.70 time, 3660.01 real, 3 MB, 55.28 load
[runlim] sample:		3649.64 time, 3670.01 real, 3 MB, 55.24 load
[runlim] sample:		3659.59 time, 3680.01 real, 3 MB, 55.27 load
[runlim] sample:		3669.53 time, 3690.01 real, 3 MB, 55.47 load
[runlim] sample:		3679.48 time, 3700.01 real, 3 MB, 55.40 load
[runlim] sample:		3689.42 time, 3710.01 real, 3 MB, 55.41 load
[runlim] sample:		3699.36 time, 3720.01 real, 3 MB, 55.35 load
[runlim] sample:		3709.31 time, 3730.01 real, 3 MB, 55.44 load
[runlim] sample:		3719.25 time, 3740.01 real, 3 MB, 55.37 load
[runlim] sample:		3729.20 time, 3750.01 real, 3 MB, 55.39 load
[runlim] sample:		3739.14 time, 3760.01 real, 3 MB, 55.33 load
[runlim] sample:		3749.08 time, 3770.01 real, 3 MB, 55.28 load
[runlim] sample:		3759.02 time, 3780.01 real, 3 MB, 55.24 load
[runlim] sample:		3768.96 time, 3790.01 real, 3 MB, 55.35 load
[runlim] sample:		3778.90 time, 3800.01 real, 3 MB, 55.29 load
[runlim] sample:		3788.85 time, 3810.01 real, 3 MB, 55.25 load
[runlim] sample:		3798.79 time, 3820.01 real, 3 MB, 55.21 load
[runlim] sample:		3808.74 time, 3830.01 real, 3 MB, 55.26 load
[runlim] sample:		3818.68 time, 3840.01 real, 3 MB, 55.22 load
[runlim] sample:		3828.63 time, 3850.01 real, 3 MB, 55.26 load
[runlim] sample:		3838.57 time, 3860.01 real, 3 MB, 55.22 load
[runlim] sample:		3848.52 time, 3870.01 real, 3 MB, 55.18 load
[runlim] sample:		3858.46 time, 3880.01 real, 3 MB, 55.16 load
[runlim] sample:		3868.40 time, 3890.01 real, 3 MB, 55.13 load
[runlim] sample:		3878.35 time, 3900.01 real, 3 MB, 55.11 load
[runlim] sample:		3888.30 time, 3910.01 real, 3 MB, 55.09 load
[runlim] sample:		3898.24 time, 3920.01 real, 3 MB, 55.15 load
[runlim] sample:		3908.19 time, 3930.01 real, 3 MB, 55.20 load
[runlim] sample:		3918.14 time, 3940.01 real, 3 MB, 55.17 load
[runlim] sample:		3928.08 time, 3950.01 real, 3 MB, 55.22 load
[runlim] sample:		3938.03 time, 3960.01 real, 3 MB, 55.27 load
[runlim] sample:		3947.98 time, 3970.01 real, 3 MB, 55.23 load
[runlim] sample:		3957.92 time, 3980.01 real, 3 MB, 55.19 load
[runlim] sample:		3967.87 time, 3990.01 real, 3 MB, 55.16 load
[runlim] sample:		3977.82 time, 4000.01 real, 3 MB, 55.14 load
[runlim] sample:		3987.77 time, 4010.01 real, 3 MB, 55.12 load
[runlim] sample:		3997.72 time, 4020.01 real, 3 MB, 55.33 load
[runlim] sample:		4007.67 time, 4030.01 real, 3 MB, 55.36 load
[runlim] sample:		4017.62 time, 4040.01 real, 3 MB, 55.37 load
[runlim] sample:		4027.57 time, 4050.01 real, 3 MB, 55.47 load
[runlim] sample:		4037.52 time, 4060.01 real, 3 MB, 55.40 load
[runlim] sample:		4047.47 time, 4070.01 real, 3 MB, 55.42 load
[runlim] sample:		4057.42 time, 4080.01 real, 3 MB, 55.58 load
[runlim] sample:		4067.37 time, 4090.01 real, 3 MB, 55.56 load
[runlim] sample:		4077.33 time, 4100.01 real, 3 MB, 55.48 load
[runlim] sample:		4087.28 time, 4110.01 real, 3 MB, 55.64 load
[runlim] sample:		4097.23 time, 4120.01 real, 3 MB, 55.54 load
[runlim] sample:		4107.18 time, 4130.01 real, 3 MB, 55.46 load
[runlim] sample:		4117.13 time, 4140.01 real, 3 MB, 55.46 load
[runlim] sample:		4127.08 time, 4150.01 real, 3 MB, 55.39 load
[runlim] sample:		4137.03 time, 4160.01 real, 3 MB, 55.41 load
[runlim] sample:		4146.98 time, 4170.01 real, 3 MB, 55.42 load
[runlim] sample:		4156.93 time, 4180.01 real, 3 MB, 55.35 load
[runlim] sample:		4166.88 time, 4190.01 real, 3 MB, 55.30 load
[runlim] sample:		4176.83 time, 4200.01 real, 3 MB, 55.25 load
[runlim] sample:		4186.78 time, 4210.01 real, 3 MB, 55.21 load
[runlim] sample:		4196.73 time, 4220.01 real, 3 MB, 55.33 load
[runlim] sample:		4206.68 time, 4230.01 real, 3 MB, 55.43 load
[runlim] sample:		4216.63 time, 4240.01 real, 3 MB, 55.37 load
[runlim] sample:		4226.58 time, 4250.01 real, 3 MB, 55.31 load
[runlim] sample:		4236.53 time, 4260.01 real, 3 MB, 55.26 load
[runlim] sample:		4246.48 time, 4270.01 real, 3 MB, 55.22 load
[runlim] sample:		4256.43 time, 4280.01 real, 3 MB, 55.19 load
[runlim] sample:		4266.38 time, 4290.01 real, 3 MB, 55.23 load
[runlim] sample:		4276.33 time, 4300.01 real, 3 MB, 55.19 load
[runlim] sample:		4286.28 time, 4310.01 real, 3 MB, 55.16 load
[runlim] sample:		4296.23 time, 4320.01 real, 3 MB, 55.14 load
[runlim] sample:		4306.18 time, 4330.01 real, 3 MB, 55.20 load
[runlim] sample:		4316.13 time, 4340.01 real, 3 MB, 55.25 load
[runlim] sample:		4326.08 time, 4350.01 real, 3 MB, 55.28 load
[runlim] sample:		4336.03 time, 4360.01 real, 3 MB, 55.31 load
[runlim] sample:		4345.98 time, 4370.01 real, 3 MB, 55.27 load
[runlim] sample:		4355.93 time, 4380.01 real, 3 MB, 55.22 load
[runlim] sample:		4365.88 time, 4390.01 real, 3 MB, 55.19 load
[runlim] sample:		4375.83 time, 4400.01 real, 3 MB, 55.16 load
[runlim] sample:		4385.78 time, 4410.01 real, 3 MB, 55.13 load
[runlim] sample:		4395.72 time, 4420.01 real, 3 MB, 55.11 load
[runlim] sample:		4405.67 time, 4430.01 real, 3 MB, 55.17 load
[runlim] sample:		4415.62 time, 4440.01 real, 3 MB, 55.22 load
[runlim] sample:		4425.57 time, 4450.01 real, 3 MB, 55.27 load
[runlim] sample:		4435.52 time, 4460.01 real, 3 MB, 55.30 load
[runlim] sample:		4445.47 time, 4470.01 real, 3 MB, 55.25 load
[runlim] sample:		4455.43 time, 4480.01 real, 3 MB, 55.21 load
[runlim] sample:		4465.37 time, 4490.01 real, 3 MB, 55.42 load
[runlim] sample:		4475.32 time, 4500.01 real, 3 MB, 55.35 load
[runlim] sample:		4485.27 time, 4510.01 real, 3 MB, 55.30 load
[runlim] sample:		4495.22 time, 4520.01 real, 3 MB, 55.33 load
[runlim] sample:		4505.17 time, 4530.01 real, 3 MB, 55.28 load
[runlim] sample:		4515.13 time, 4540.01 real, 3 MB, 55.24 load
[runlim] sample:		4525.07 time, 4550.01 real, 3 MB, 55.35 load
[runlim] sample:		4535.02 time, 4560.01 real, 3 MB, 55.29 load
[runlim] sample:		4544.97 time, 4570.01 real, 3 MB, 55.32 load
[runlim] sample:		4554.92 time, 4580.01 real, 3 MB, 55.27 load
[runlim] sample:		4564.87 time, 4590.01 real, 3 MB, 55.23 load
[runlim] sample:		4574.82 time, 4600.01 real, 3 MB, 55.19 load
[runlim] sample:		4584.77 time, 4610.01 real, 3 MB, 55.32 load
[runlim] sample:		4594.72 time, 4620.01 real, 3 MB, 55.27 load
[runlim] sample:		4604.67 time, 4630.01 real, 3 MB, 55.31 load
[runlim] sample:		4614.62 time, 4640.01 real, 3 MB, 55.26 load
[runlim] sample:		4624.57 time, 4650.01 real, 3 MB, 55.22 load
[runlim] sample:		4634.52 time, 4660.01 real, 3 MB, 55.26 load
[runlim] sample:		4644.47 time, 4670.01 real, 3 MB, 55.22 load
[runlim] sample:		4654.42 time, 4680.01 real, 3 MB, 55.27 load
[runlim] sample:		4664.37 time, 4690.01 real, 3 MB, 55.46 load
[runlim] sample:		4674.32 time, 4700.01 real, 3 MB, 55.39 load
[runlim] sample:		4684.27 time, 4710.01 real, 3 MB, 55.33 load
[runlim] sample:		4694.22 time, 4720.01 real, 3 MB, 55.28 load
[runlim] sample:		4704.17 time, 4730.01 real, 3 MB, 55.24 load
[runlim] sample:		4714.12 time, 4740.01 real, 3 MB, 55.20 load
[runlim] sample:		4724.07 time, 4750.01 real, 3 MB, 55.32 load
[runlim] sample:		4734.02 time, 4760.01 real, 3 MB, 55.27 load
[runlim] sample:		4743.97 time, 4770.01 real, 3 MB, 55.23 load
[runlim] sample:		4753.92 time, 4780.01 real, 3 MB, 55.19 load
[runlim] sample:		4763.86 time, 4790.01 real, 3 MB, 55.16 load
[runlim] sample:		4773.81 time, 4800.01 real, 3 MB, 55.14 load
[runlim] sample:		4783.76 time, 4810.01 real, 3 MB, 55.27 load
[runlim] sample:		4793.71 time, 4820.01 real, 3 MB, 55.23 load
[runlim] sample:		4803.66 time, 4830.01 real, 3 MB, 55.34 load
[runlim] sample:		4813.61 time, 4840.01 real, 3 MB, 55.29 load
[runlim] sample:		4823.56 time, 4850.01 real, 3 MB, 55.24 load
[runlim] sample:		4833.51 time, 4860.01 real, 3 MB, 55.21 load
[runlim] sample:		4843.46 time, 4870.01 real, 3 MB, 55.25 load
[runlim] sample:		4853.41 time, 4880.01 real, 3 MB, 55.21 load
[runlim] sample:		4863.35 time, 4890.01 real, 3 MB, 55.18 load
[runlim] sample:		4873.30 time, 4900.01 real, 3 MB, 55.15 load
[runlim] sample:		4883.25 time, 4910.01 real, 3 MB, 55.13 load
[runlim] sample:		4893.20 time, 4920.01 real, 3 MB, 55.18 load
[runlim] sample:		4903.15 time, 4930.01 real, 3 MB, 55.23 load
[runlim] sample:		4913.10 time, 4940.01 real, 3 MB, 55.19 load
[runlim] sample:		4923.05 time, 4950.01 real, 3 MB, 55.24 load
[runlim] sample:		4932.99 time, 4960.01 real, 3 MB, 55.20 load
[runlim] sample:		4942.94 time, 4970.01 real, 3 MB, 54.85 load
[runlim] sample:		4952.89 time, 4980.01 real, 3 MB, 53.24 load
[runlim] sample:		4962.84 time, 4990.01 real, 3 MB, 50.73 load
[runlim] sample:		4972.79 time, 5000.01 real, 3 MB, 47.22 load
[runlim] end:			Thu Apr  9 21:43:35 2026
[runlim] status:		out of time
[runlim] result:		2
[runlim] children:		1
[runlim] processes:		2
[runlim] real:			5000.05 seconds
[runlim] time:			4972.79 seconds
[runlim] space:			3 MB
[runlim] load:			59.26 maximum
[runlim] samples:		50000
