[runlim] version:		2.0.0rc1
[runlim] host:			m07n01
[runlim] time limit:		311040000 seconds
[runlim] real time limit:	5000 seconds
[runlim] space limit:		7000 MB
[runlim] argv[0]:		./binary
[runlim] argv[1]:		-c
[runlim] argv[2]:		-f
[runlim] argv[3]:		/tmp/local-unzipped-12459992-1-47-mc2025_track1_001.cnf
[runlim] start:			Thu Apr  9 20:20:24 2026
[runlim] child:			2263015
[runlim] sample:		9.93 time, 10.01 real, 20 MB, 32.59 load
[runlim] sample:		19.87 time, 20.01 real, 25 MB, 36.97 load
[runlim] sample:		29.79 time, 30.01 real, 18 MB, 40.98 load
[runlim] sample:		39.47 time, 40.01 real, 27 MB, 45.48 load
[runlim] sample:		49.40 time, 50.01 real, 23 MB, 48.09 load
[runlim] sample:		59.32 time, 60.01 real, 27 MB, 50.30 load
[runlim] sample:		69.25 time, 70.01 real, 32 MB, 52.18 load
[runlim] sample:		79.20 time, 80.01 real, 39 MB, 53.53 load
[runlim] sample:		89.13 time, 90.01 real, 45 MB, 54.68 load
[runlim] sample:		99.07 time, 100.01 real, 40 MB, 55.65 load
[runlim] sample:		109.01 time, 110.01 real, 48 MB, 56.48 load
[runlim] sample:		118.95 time, 120.01 real, 34 MB, 57.17 load
[runlim] sample:		128.88 time, 130.01 real, 49 MB, 57.69 load
[runlim] sample:		138.83 time, 140.01 real, 35 MB, 58.04 load
[runlim] sample:		148.77 time, 150.01 real, 50 MB, 58.35 load
[runlim] sample:		158.72 time, 160.01 real, 50 MB, 58.53 load
[runlim] sample:		168.67 time, 170.01 real, 34 MB, 58.67 load
[runlim] sample:		178.62 time, 180.01 real, 51 MB, 58.88 load
[runlim] sample:		188.57 time, 190.01 real, 51 MB, 58.90 load
[runlim] sample:		198.52 time, 200.01 real, 35 MB, 58.91 load
[runlim] sample:		208.48 time, 210.01 real, 35 MB, 58.93 load
[runlim] sample:		218.42 time, 220.01 real, 44 MB, 59.25 load
[runlim] sample:		228.37 time, 230.01 real, 53 MB, 59.21 load
[runlim] sample:		238.33 time, 240.01 real, 36 MB, 59.26 load
[runlim] sample:		248.28 time, 250.01 real, 45 MB, 59.22 load
[runlim] sample:		258.23 time, 260.01 real, 55 MB, 59.18 load
[runlim] sample:		268.19 time, 270.01 real, 47 MB, 59.00 load
[runlim] sample:		278.14 time, 280.01 real, 57 MB, 59.01 load
[runlim] sample:		288.08 time, 290.01 real, 48 MB, 58.85 load
[runlim] sample:		298.04 time, 300.01 real, 59 MB, 58.72 load
[runlim] sample:		307.99 time, 310.01 real, 59 MB, 58.61 load
[runlim] sample:		317.94 time, 320.01 real, 59 MB, 58.52 load
[runlim] sample:		327.90 time, 330.01 real, 59 MB, 58.44 load
[runlim] sample:		337.84 time, 340.01 real, 39 MB, 58.45 load
[runlim] sample:		347.79 time, 350.01 real, 38 MB, 58.38 load
[runlim] sample:		357.74 time, 360.01 real, 61 MB, 58.32 load
[runlim] sample:		367.70 time, 370.01 real, 42 MB, 58.27 load
[runlim] sample:		377.64 time, 380.01 real, 41 MB, 58.23 load
[runlim] sample:		387.60 time, 390.01 real, 58 MB, 58.19 load
[runlim] sample:		397.55 time, 400.01 real, 58 MB, 58.16 load
[runlim] sample:		407.49 time, 410.01 real, 60 MB, 58.43 load
[runlim] sample:		417.44 time, 420.01 real, 76 MB, 58.21 load
[runlim] sample:		427.40 time, 430.01 real, 61 MB, 58.02 load
[runlim] sample:		437.35 time, 440.01 real, 62 MB, 57.95 load
[runlim] sample:		447.29 time, 450.01 real, 78 MB, 57.80 load
[runlim] sample:		457.24 time, 460.01 real, 78 MB, 57.68 load
[runlim] sample:		467.19 time, 470.01 real, 59 MB, 57.49 load
[runlim] sample:		477.13 time, 480.01 real, 74 MB, 57.26 load
[runlim] sample:		487.07 time, 490.01 real, 74 MB, 57.14 load
[runlim] sample:		497.01 time, 500.01 real, 81 MB, 56.97 load
[runlim] sample:		506.95 time, 510.01 real, 81 MB, 56.82 load
[runlim] sample:		516.89 time, 520.01 real, 81 MB, 56.77 load
[runlim] sample:		526.83 time, 530.01 real, 47 MB, 56.73 load
[runlim] sample:		536.78 time, 540.01 real, 84 MB, 56.69 load
[runlim] sample:		546.72 time, 550.01 real, 85 MB, 56.58 load
[runlim] sample:		556.65 time, 560.01 real, 85 MB, 56.64 load
[runlim] sample:		566.60 time, 570.01 real, 85 MB, 56.54 load
[runlim] sample:		576.53 time, 580.01 real, 85 MB, 56.46 load
[runlim] sample:		586.48 time, 590.01 real, 85 MB, 56.39 load
[runlim] sample:		596.42 time, 600.01 real, 85 MB, 56.41 load
[runlim] sample:		606.35 time, 610.01 real, 116 MB, 56.34 load
[runlim] sample:		616.30 time, 620.01 real, 116 MB, 56.36 load
[runlim] sample:		626.24 time, 630.01 real, 85 MB, 56.31 load
[runlim] sample:		636.19 time, 640.01 real, 102 MB, 56.33 load
[runlim] sample:		646.13 time, 650.01 real, 102 MB, 56.28 load
[runlim] sample:		656.07 time, 660.01 real, 102 MB, 56.24 load
[runlim] sample:		666.01 time, 670.01 real, 102 MB, 56.20 load
[runlim] sample:		675.96 time, 680.01 real, 102 MB, 56.33 load
[runlim] sample:		685.90 time, 690.01 real, 104 MB, 56.28 load
[runlim] sample:		695.84 time, 700.01 real, 104 MB, 56.24 load
[runlim] sample:		705.78 time, 710.01 real, 122 MB, 56.20 load
[runlim] sample:		715.72 time, 720.01 real, 121 MB, 56.32 load
[runlim] sample:		725.67 time, 730.01 real, 68 MB, 56.27 load
[runlim] sample:		735.61 time, 740.01 real, 101 MB, 56.39 load
[runlim] sample:		745.56 time, 750.01 real, 68 MB, 56.33 load
[runlim] sample:		755.51 time, 760.01 real, 84 MB, 56.35 load
[runlim] sample:		765.45 time, 770.01 real, 84 MB, 56.30 load
[runlim] sample:		775.39 time, 780.01 real, 103 MB, 56.25 load
[runlim] sample:		785.33 time, 790.01 real, 84 MB, 56.21 load
[runlim] sample:		795.27 time, 800.01 real, 101 MB, 56.25 load
[runlim] sample:		805.21 time, 810.01 real, 101 MB, 56.21 load
[runlim] sample:		815.15 time, 820.01 real, 101 MB, 56.26 load
[runlim] sample:		825.09 time, 830.01 real, 102 MB, 56.29 load
[runlim] sample:		835.04 time, 840.01 real, 102 MB, 56.25 load
[runlim] sample:		844.98 time, 850.01 real, 102 MB, 56.21 load
[runlim] sample:		854.92 time, 860.01 real, 118 MB, 56.25 load
[runlim] sample:		864.86 time, 870.01 real, 118 MB, 56.21 load
[runlim] sample:		874.80 time, 880.01 real, 118 MB, 56.18 load
[runlim] sample:		884.74 time, 890.01 real, 118 MB, 56.15 load
[runlim] sample:		894.69 time, 900.01 real, 118 MB, 56.13 load
[runlim] sample:		904.63 time, 910.01 real, 136 MB, 56.18 load
[runlim] sample:		914.57 time, 920.01 real, 136 MB, 56.15 load
[runlim] sample:		924.52 time, 930.01 real, 103 MB, 56.13 load
[runlim] sample:		934.46 time, 940.01 real, 102 MB, 56.34 load
[runlim] sample:		944.40 time, 950.01 real, 122 MB, 56.37 load
[runlim] sample:		954.35 time, 960.01 real, 121 MB, 56.39 load
[runlim] sample:		964.29 time, 970.01 real, 139 MB, 56.48 load
[runlim] sample:		974.23 time, 980.01 real, 139 MB, 56.48 load
[runlim] sample:		984.18 time, 990.01 real, 139 MB, 56.49 load
[runlim] sample:		994.12 time, 1000.01 real, 85 MB, 56.57 load
[runlim] sample:		1004.06 time, 1010.01 real, 85 MB, 56.48 load
[runlim] sample:		1014.01 time, 1020.01 real, 85 MB, 56.49 load
[runlim] sample:		1023.95 time, 1030.01 real, 85 MB, 56.48 load
[runlim] sample:		1033.89 time, 1040.01 real, 104 MB, 56.41 load
[runlim] sample:		1043.83 time, 1050.01 real, 123 MB, 56.35 load
[runlim] sample:		1053.78 time, 1060.01 real, 104 MB, 56.29 load
[runlim] sample:		1063.72 time, 1070.01 real, 106 MB, 56.32 load
[runlim] sample:		1073.66 time, 1080.01 real, 107 MB, 56.27 load
[runlim] sample:		1083.61 time, 1090.01 real, 131 MB, 56.30 load
[runlim] sample:		1093.56 time, 1100.01 real, 107 MB, 56.34 load
[runlim] sample:		1103.50 time, 1110.01 real, 111 MB, 56.28 load
[runlim] sample:		1113.44 time, 1120.01 real, 111 MB, 56.31 load
[runlim] sample:		1123.38 time, 1130.01 real, 136 MB, 56.34 load
[runlim] sample:		1133.33 time, 1140.01 real, 136 MB, 56.36 load
[runlim] sample:		1143.27 time, 1150.01 real, 136 MB, 56.31 load
[runlim] sample:		1153.21 time, 1160.01 real, 136 MB, 56.34 load
[runlim] sample:		1163.16 time, 1170.01 real, 136 MB, 56.29 load
[runlim] sample:		1173.10 time, 1180.01 real, 136 MB, 56.32 load
[runlim] sample:		1183.05 time, 1190.01 real, 136 MB, 56.27 load
[runlim] sample:		1192.99 time, 1200.01 real, 136 MB, 56.22 load
[runlim] sample:		1202.93 time, 1210.01 real, 136 MB, 56.27 load
[runlim] sample:		1212.88 time, 1220.01 real, 136 MB, 56.23 load
[runlim] sample:		1222.82 time, 1230.01 real, 136 MB, 56.19 load
[runlim] sample:		1232.76 time, 1240.01 real, 136 MB, 56.24 load
[runlim] sample:		1242.71 time, 1250.01 real, 136 MB, 56.21 load
[runlim] sample:		1252.65 time, 1260.01 real, 136 MB, 56.17 load
[runlim] sample:		1262.59 time, 1270.01 real, 136 MB, 56.39 load
[runlim] sample:		1272.54 time, 1280.01 real, 136 MB, 56.33 load
[runlim] sample:		1282.48 time, 1290.01 real, 136 MB, 56.28 load
[runlim] sample:		1292.42 time, 1300.01 real, 136 MB, 56.23 load
[runlim] sample:		1302.37 time, 1310.01 real, 136 MB, 56.20 load
[runlim] sample:		1312.32 time, 1320.01 real, 136 MB, 56.17 load
[runlim] sample:		1322.26 time, 1330.01 real, 136 MB, 56.29 load
[runlim] sample:		1332.20 time, 1340.01 real, 136 MB, 56.25 load
[runlim] sample:		1342.15 time, 1350.01 real, 136 MB, 56.21 load
[runlim] sample:		1352.09 time, 1360.01 real, 136 MB, 56.18 load
[runlim] sample:		1362.03 time, 1370.01 real, 137 MB, 56.15 load
[runlim] sample:		1371.97 time, 1380.01 real, 137 MB, 56.13 load
[runlim] sample:		1381.92 time, 1390.01 real, 137 MB, 56.11 load
[runlim] sample:		1391.86 time, 1400.01 real, 137 MB, 56.09 load
[runlim] sample:		1401.80 time, 1410.01 real, 137 MB, 56.22 load
[runlim] sample:		1411.74 time, 1420.01 real, 137 MB, 56.19 load
[runlim] sample:		1421.70 time, 1430.01 real, 157 MB, 56.16 load
[runlim] sample:		1431.64 time, 1440.01 real, 157 MB, 56.21 load
[runlim] sample:		1441.58 time, 1450.01 real, 157 MB, 56.34 load
[runlim] sample:		1451.52 time, 1460.01 real, 157 MB, 56.28 load
[runlim] sample:		1461.46 time, 1470.01 real, 157 MB, 56.31 load
[runlim] sample:		1471.40 time, 1480.01 real, 157 MB, 56.27 load
[runlim] sample:		1481.34 time, 1490.01 real, 157 MB, 56.22 load
[runlim] sample:		1491.29 time, 1500.01 real, 157 MB, 56.26 load
[runlim] sample:		1501.22 time, 1510.01 real, 157 MB, 56.37 load
[runlim] sample:		1511.17 time, 1520.01 real, 157 MB, 56.31 load
[runlim] sample:		1521.11 time, 1530.01 real, 157 MB, 56.41 load
[runlim] sample:		1531.05 time, 1540.01 real, 157 MB, 56.43 load
[runlim] sample:		1540.99 time, 1550.01 real, 157 MB, 56.36 load
[runlim] sample:		1550.93 time, 1560.01 real, 157 MB, 56.31 load
[runlim] sample:		1560.87 time, 1570.01 real, 157 MB, 56.26 load
[runlim] sample:		1570.81 time, 1580.01 real, 157 MB, 56.22 load
[runlim] sample:		1580.75 time, 1590.01 real, 157 MB, 56.18 load
[runlim] sample:		1590.68 time, 1600.01 real, 88 MB, 56.24 load
[runlim] sample:		1600.61 time, 1610.01 real, 110 MB, 56.20 load
[runlim] sample:		1610.56 time, 1620.01 real, 110 MB, 56.25 load
[runlim] sample:		1620.50 time, 1630.01 real, 110 MB, 56.21 load
[runlim] sample:		1630.44 time, 1640.01 real, 110 MB, 56.18 load
[runlim] sample:		1640.38 time, 1650.01 real, 110 MB, 56.15 load
[runlim] sample:		1650.32 time, 1660.01 real, 132 MB, 56.13 load
[runlim] sample:		1660.26 time, 1670.01 real, 156 MB, 56.11 load
[runlim] sample:		1670.21 time, 1680.01 real, 156 MB, 56.25 load
[runlim] sample:		1680.15 time, 1690.01 real, 156 MB, 56.21 load
[runlim] sample:		1690.09 time, 1700.01 real, 157 MB, 56.02 load
[runlim] sample:		1700.03 time, 1710.01 real, 157 MB, 56.03 load
[runlim] sample:		1709.97 time, 1720.01 real, 157 MB, 55.87 load
[runlim] sample:		1719.92 time, 1730.01 real, 157 MB, 55.73 load
[runlim] sample:		1729.86 time, 1740.01 real, 157 MB, 55.70 load
[runlim] sample:		1739.80 time, 1750.01 real, 157 MB, 55.59 load
[runlim] sample:		1749.75 time, 1760.01 real, 157 MB, 55.50 load
[runlim] sample:		1759.69 time, 1770.01 real, 113 MB, 55.42 load
[runlim] sample:		1769.63 time, 1780.01 real, 110 MB, 55.52 load
[runlim] sample:		1779.57 time, 1790.01 real, 110 MB, 55.44 load
[runlim] sample:		1789.51 time, 1800.01 real, 110 MB, 55.37 load
[runlim] sample:		1799.45 time, 1810.01 real, 110 MB, 55.31 load
[runlim] sample:		1809.39 time, 1820.01 real, 110 MB, 55.27 load
[runlim] sample:		1819.35 time, 1830.01 real, 129 MB, 55.30 load
[runlim] sample:		1829.28 time, 1840.01 real, 129 MB, 55.25 load
[runlim] sample:		1839.23 time, 1850.01 real, 129 MB, 55.21 load
[runlim] sample:		1849.17 time, 1860.01 real, 135 MB, 55.18 load
[runlim] sample:		1859.11 time, 1870.01 real, 135 MB, 55.23 load
[runlim] sample:		1869.05 time, 1880.01 real, 135 MB, 55.28 load
[runlim] sample:		1878.99 time, 1890.01 real, 94 MB, 55.23 load
[runlim] sample:		1888.93 time, 1900.01 real, 94 MB, 55.20 load
[runlim] sample:		1898.87 time, 1910.01 real, 91 MB, 55.32 load
[runlim] sample:		1908.81 time, 1920.01 real, 120 MB, 55.27 load
[runlim] sample:		1918.75 time, 1930.01 real, 120 MB, 55.23 load
[runlim] sample:		1928.69 time, 1940.01 real, 94 MB, 55.27 load
[runlim] sample:		1938.63 time, 1950.01 real, 123 MB, 55.23 load
[runlim] sample:		1948.57 time, 1960.01 real, 94 MB, 55.20 load
[runlim] sample:		1958.51 time, 1970.01 real, 94 MB, 55.16 load
[runlim] sample:		1968.46 time, 1980.01 real, 121 MB, 55.14 load
[runlim] sample:		1978.41 time, 1990.01 real, 121 MB, 55.12 load
[runlim] sample:		1988.35 time, 2000.01 real, 121 MB, 55.17 load
[runlim] sample:		1998.29 time, 2010.01 real, 121 MB, 55.15 load
[runlim] sample:		2008.23 time, 2020.01 real, 146 MB, 55.44 load
[runlim] sample:		2018.17 time, 2030.01 real, 146 MB, 55.46 load
[runlim] sample:		2028.12 time, 2040.01 real, 146 MB, 55.47 load
[runlim] sample:		2038.06 time, 2050.01 real, 96 MB, 55.39 load
[runlim] sample:		2048.00 time, 2060.01 real, 96 MB, 55.33 load
[runlim] sample:		2057.94 time, 2070.01 real, 95 MB, 55.28 load
[runlim] sample:		2067.89 time, 2080.01 real, 92 MB, 55.24 load
[runlim] sample:		2077.83 time, 2090.01 real, 117 MB, 55.20 load
[runlim] sample:		2087.78 time, 2100.01 real, 117 MB, 55.33 load
[runlim] sample:		2097.72 time, 2110.01 real, 117 MB, 55.36 load
[runlim] sample:		2107.66 time, 2120.01 real, 121 MB, 55.30 load
[runlim] sample:		2117.60 time, 2130.01 real, 150 MB, 55.34 load
[runlim] sample:		2127.54 time, 2140.01 real, 150 MB, 55.29 load
[runlim] sample:		2137.48 time, 2150.01 real, 150 MB, 55.24 load
[runlim] sample:		2147.42 time, 2160.01 real, 150 MB, 55.20 load
[runlim] sample:		2157.36 time, 2170.01 real, 150 MB, 55.33 load
[runlim] sample:		2167.30 time, 2180.01 real, 150 MB, 55.36 load
[runlim] sample:		2177.24 time, 2190.01 real, 150 MB, 55.38 load
[runlim] sample:		2187.19 time, 2200.01 real, 90 MB, 55.40 load
[runlim] sample:		2197.13 time, 2210.01 real, 90 MB, 55.34 load
[runlim] sample:		2207.08 time, 2220.01 real, 114 MB, 55.29 load
[runlim] sample:		2217.01 time, 2230.01 real, 142 MB, 55.40 load
[runlim] sample:		2226.95 time, 2240.01 real, 142 MB, 55.50 load
[runlim] sample:		2236.89 time, 2250.01 real, 142 MB, 55.50 load
[runlim] sample:		2246.83 time, 2260.01 real, 142 MB, 55.43 load
[runlim] sample:		2256.77 time, 2270.01 real, 150 MB, 55.36 load
[runlim] sample:		2266.71 time, 2280.01 real, 150 MB, 55.46 load
[runlim] sample:		2276.66 time, 2290.01 real, 150 MB, 55.62 load
[runlim] sample:		2286.60 time, 2300.01 real, 150 MB, 55.76 load
[runlim] sample:		2296.54 time, 2310.01 real, 150 MB, 55.88 load
[runlim] sample:		2306.48 time, 2320.01 real, 91 MB, 55.90 load
[runlim] sample:		2316.43 time, 2330.01 real, 115 MB, 56.07 load
[runlim] sample:		2326.37 time, 2340.01 real, 143 MB, 56.14 load
[runlim] sample:		2336.31 time, 2350.01 real, 143 MB, 56.20 load
[runlim] sample:		2346.25 time, 2360.01 real, 143 MB, 56.24 load
[runlim] sample:		2356.20 time, 2370.01 real, 143 MB, 56.36 load
[runlim] sample:		2366.13 time, 2380.01 real, 144 MB, 56.30 load
[runlim] sample:		2376.07 time, 2390.01 real, 148 MB, 56.25 load
[runlim] sample:		2386.01 time, 2400.01 real, 148 MB, 56.06 load
[runlim] sample:		2395.95 time, 2410.01 real, 148 MB, 56.14 load
[runlim] sample:		2405.90 time, 2420.01 real, 148 MB, 55.96 load
[runlim] sample:		2415.84 time, 2430.01 real, 148 MB, 55.89 load
[runlim] sample:		2425.77 time, 2440.01 real, 148 MB, 55.91 load
[runlim] sample:		2435.72 time, 2450.01 real, 148 MB, 55.77 load
[runlim] sample:		2445.66 time, 2460.01 real, 148 MB, 55.65 load
[runlim] sample:		2455.60 time, 2470.01 real, 148 MB, 55.79 load
[runlim] sample:		2465.54 time, 2480.01 real, 148 MB, 55.67 load
[runlim] sample:		2475.48 time, 2490.01 real, 148 MB, 55.65 load
[runlim] sample:		2485.42 time, 2500.01 real, 148 MB, 55.63 load
[runlim] sample:		2495.36 time, 2510.01 real, 148 MB, 55.53 load
[runlim] sample:		2505.30 time, 2520.01 real, 148 MB, 55.45 load
[runlim] sample:		2515.25 time, 2530.01 real, 148 MB, 55.38 load
[runlim] sample:		2525.19 time, 2540.01 real, 148 MB, 55.32 load
[runlim] sample:		2535.13 time, 2550.01 real, 148 MB, 55.35 load
[runlim] sample:		2545.07 time, 2560.01 real, 148 MB, 55.37 load
[runlim] sample:		2555.01 time, 2570.01 real, 148 MB, 55.31 load
[runlim] sample:		2564.95 time, 2580.01 real, 148 MB, 55.26 load
[runlim] sample:		2574.89 time, 2590.01 real, 148 MB, 55.30 load
[runlim] sample:		2584.83 time, 2600.01 real, 148 MB, 55.25 load
[runlim] sample:		2594.78 time, 2610.01 real, 148 MB, 55.21 load
[runlim] sample:		2604.72 time, 2620.01 real, 148 MB, 55.25 load
[runlim] sample:		2614.66 time, 2630.01 real, 148 MB, 55.21 load
[runlim] sample:		2624.60 time, 2640.01 real, 148 MB, 55.18 load
[runlim] sample:		2634.54 time, 2650.01 real, 173 MB, 55.15 load
[runlim] sample:		2644.48 time, 2660.01 real, 173 MB, 55.13 load
[runlim] sample:		2654.42 time, 2670.01 real, 173 MB, 55.11 load
[runlim] sample:		2664.36 time, 2680.01 real, 173 MB, 55.17 load
[runlim] sample:		2674.30 time, 2690.01 real, 173 MB, 55.14 load
[runlim] sample:		2684.24 time, 2700.01 real, 173 MB, 55.12 load
[runlim] sample:		2694.18 time, 2710.01 real, 173 MB, 55.10 load
[runlim] sample:		2704.12 time, 2720.01 real, 174 MB, 55.09 load
[runlim] sample:		2714.07 time, 2730.01 real, 174 MB, 55.07 load
[runlim] sample:		2724.01 time, 2740.01 real, 174 MB, 55.22 load
[runlim] sample:		2733.95 time, 2750.01 real, 174 MB, 55.18 load
[runlim] sample:		2743.89 time, 2760.01 real, 174 MB, 55.15 load
[runlim] sample:		2753.83 time, 2770.01 real, 174 MB, 55.13 load
[runlim] sample:		2763.77 time, 2780.01 real, 174 MB, 55.11 load
[runlim] sample:		2773.71 time, 2790.01 real, 174 MB, 55.09 load
[runlim] sample:		2783.65 time, 2800.01 real, 174 MB, 55.16 load
[runlim] sample:		2793.59 time, 2810.01 real, 174 MB, 55.21 load
[runlim] sample:		2803.54 time, 2820.01 real, 174 MB, 55.18 load
[runlim] sample:		2813.48 time, 2830.01 real, 89 MB, 55.15 load
[runlim] sample:		2823.42 time, 2840.01 real, 111 MB, 55.13 load
[runlim] sample:		2833.36 time, 2850.01 real, 134 MB, 55.18 load
[runlim] sample:		2843.30 time, 2860.01 real, 134 MB, 55.15 load
[runlim] sample:		2853.24 time, 2870.01 real, 134 MB, 55.21 load
[runlim] sample:		2863.18 time, 2880.01 real, 134 MB, 55.18 load
[runlim] sample:		2873.12 time, 2890.01 real, 144 MB, 55.15 load
[runlim] sample:		2883.06 time, 2900.01 real, 144 MB, 55.13 load
[runlim] sample:		2893.01 time, 2910.01 real, 144 MB, 55.11 load
[runlim] sample:		2902.95 time, 2920.01 real, 144 MB, 55.09 load
[runlim] sample:		2912.89 time, 2930.01 real, 100 MB, 55.16 load
[runlim] sample:		2922.83 time, 2940.01 real, 97 MB, 55.21 load
[runlim] sample:		2932.77 time, 2950.01 real, 97 MB, 55.18 load
[runlim] sample:		2942.71 time, 2960.01 real, 95 MB, 55.15 load
[runlim] sample:		2952.65 time, 2970.01 real, 95 MB, 55.13 load
[runlim] sample:		2962.60 time, 2980.01 real, 125 MB, 55.11 load
[runlim] sample:		2972.54 time, 2990.01 real, 156 MB, 55.17 load
[runlim] sample:		2982.48 time, 3000.01 real, 156 MB, 55.14 load
[runlim] sample:		2992.42 time, 3010.01 real, 125 MB, 55.12 load
[runlim] sample:		3002.36 time, 3020.01 real, 125 MB, 55.10 load
[runlim] sample:		3012.30 time, 3030.01 real, 157 MB, 55.09 load
[runlim] sample:		3022.24 time, 3040.01 real, 157 MB, 55.07 load
[runlim] sample:		3032.19 time, 3050.01 real, 125 MB, 55.38 load
[runlim] sample:		3042.13 time, 3060.01 real, 126 MB, 55.32 load
[runlim] sample:		3052.08 time, 3070.01 real, 126 MB, 55.27 load
[runlim] sample:		3062.01 time, 3080.01 real, 158 MB, 55.23 load
[runlim] sample:		3071.96 time, 3090.01 real, 158 MB, 55.27 load
[runlim] sample:		3081.89 time, 3100.01 real, 126 MB, 55.31 load
[runlim] sample:		3091.83 time, 3110.01 real, 160 MB, 55.26 load
[runlim] sample:		3101.77 time, 3120.01 real, 160 MB, 55.22 load
[runlim] sample:		3111.71 time, 3130.01 real, 126 MB, 55.18 load
[runlim] sample:		3121.65 time, 3140.01 real, 126 MB, 55.16 load
[runlim] sample:		3131.60 time, 3150.01 real, 134 MB, 55.21 load
[runlim] sample:		3141.54 time, 3160.01 real, 135 MB, 55.25 load
[runlim] sample:		3151.48 time, 3170.01 real, 135 MB, 55.29 load
[runlim] sample:		3161.43 time, 3180.01 real, 135 MB, 55.41 load
[runlim] sample:		3171.37 time, 3190.01 real, 135 MB, 55.35 load
[runlim] sample:		3181.31 time, 3200.01 real, 158 MB, 55.29 load
[runlim] sample:		3191.25 time, 3210.01 real, 158 MB, 55.25 load
[runlim] sample:		3201.19 time, 3220.01 real, 158 MB, 55.21 load
[runlim] sample:		3211.13 time, 3230.01 real, 158 MB, 55.34 load
[runlim] sample:		3221.07 time, 3240.01 real, 158 MB, 55.36 load
[runlim] sample:		3231.02 time, 3250.01 real, 158 MB, 55.31 load
[runlim] sample:		3240.96 time, 3260.01 real, 162 MB, 55.26 load
[runlim] sample:		3250.90 time, 3270.01 real, 162 MB, 55.22 load
[runlim] sample:		3260.84 time, 3280.01 real, 98 MB, 55.18 load
[runlim] sample:		3270.78 time, 3290.01 real, 98 MB, 55.24 load
[runlim] sample:		3280.72 time, 3300.01 real, 127 MB, 55.20 load
[runlim] sample:		3290.66 time, 3310.01 real, 127 MB, 55.17 load
[runlim] sample:		3300.61 time, 3320.01 real, 127 MB, 55.14 load
[runlim] sample:		3310.55 time, 3330.01 real, 127 MB, 55.12 load
[runlim] sample:		3320.48 time, 3340.01 real, 159 MB, 55.18 load
[runlim] sample:		3330.43 time, 3350.01 real, 127 MB, 55.15 load
[runlim] sample:		3340.37 time, 3360.01 real, 127 MB, 55.12 load
[runlim] sample:		3350.31 time, 3370.01 real, 159 MB, 55.19 load
[runlim] sample:		3360.26 time, 3380.01 real, 159 MB, 55.24 load
[runlim] sample:		3370.20 time, 3390.01 real, 127 MB, 55.28 load
[runlim] sample:		3380.14 time, 3400.01 real, 127 MB, 55.24 load
[runlim] sample:		3390.08 time, 3410.01 real, 127 MB, 55.27 load
[runlim] sample:		3400.02 time, 3420.01 real, 127 MB, 55.31 load
[runlim] sample:		3409.96 time, 3430.01 real, 127 MB, 55.26 load
[runlim] sample:		3419.91 time, 3440.01 real, 127 MB, 55.30 load
[runlim] sample:		3429.85 time, 3450.01 real, 128 MB, 55.25 load
[runlim] sample:		3439.79 time, 3460.01 real, 128 MB, 55.21 load
[runlim] sample:		3449.73 time, 3470.01 real, 128 MB, 55.18 load
[runlim] sample:		3459.68 time, 3480.01 real, 128 MB, 55.15 load
[runlim] sample:		3469.62 time, 3490.01 real, 128 MB, 55.13 load
[runlim] sample:		3479.55 time, 3500.01 real, 158 MB, 55.11 load
[runlim] sample:		3489.50 time, 3510.01 real, 158 MB, 55.16 load
[runlim] sample:		3499.43 time, 3520.01 real, 158 MB, 55.22 load
[runlim] sample:		3509.38 time, 3530.01 real, 158 MB, 55.18 load
[runlim] sample:		3519.32 time, 3540.01 real, 158 MB, 55.16 load
[runlim] sample:		3529.26 time, 3550.01 real, 158 MB, 55.21 load
[runlim] sample:		3539.20 time, 3560.01 real, 158 MB, 55.25 load
[runlim] sample:		3549.14 time, 3570.01 real, 158 MB, 55.21 load
[runlim] sample:		3559.08 time, 3580.01 real, 158 MB, 55.18 load
[runlim] sample:		3569.03 time, 3590.01 real, 159 MB, 55.23 load
[runlim] sample:		3578.97 time, 3600.01 real, 159 MB, 55.27 load
[runlim] sample:		3588.91 time, 3610.01 real, 159 MB, 55.23 load
[runlim] sample:		3598.85 time, 3620.01 real, 159 MB, 55.27 load
[runlim] sample:		3608.80 time, 3630.01 real, 159 MB, 55.30 load
[runlim] sample:		3618.73 time, 3640.01 real, 159 MB, 55.33 load
[runlim] sample:		3628.67 time, 3650.01 real, 96 MB, 55.28 load
[runlim] sample:		3638.61 time, 3660.01 real, 96 MB, 55.24 load
[runlim] sample:		3648.55 time, 3670.01 real, 126 MB, 55.27 load
[runlim] sample:		3658.50 time, 3680.01 real, 126 MB, 55.47 load
[runlim] sample:		3668.43 time, 3690.01 real, 127 MB, 55.40 load
[runlim] sample:		3678.37 time, 3700.01 real, 127 MB, 55.41 load
[runlim] sample:		3688.31 time, 3710.01 real, 127 MB, 55.35 load
[runlim] sample:		3698.25 time, 3720.01 real, 127 MB, 55.44 load
[runlim] sample:		3708.19 time, 3730.01 real, 157 MB, 55.37 load
[runlim] sample:		3718.13 time, 3740.01 real, 157 MB, 55.39 load
[runlim] sample:		3728.07 time, 3750.01 real, 157 MB, 55.33 load
[runlim] sample:		3738.01 time, 3760.01 real, 157 MB, 55.28 load
[runlim] sample:		3747.95 time, 3770.01 real, 157 MB, 55.24 load
[runlim] sample:		3757.89 time, 3780.01 real, 157 MB, 55.35 load
[runlim] sample:		3767.83 time, 3790.01 real, 157 MB, 55.29 load
[runlim] sample:		3777.77 time, 3800.01 real, 157 MB, 55.25 load
[runlim] sample:		3787.72 time, 3810.01 real, 157 MB, 55.21 load
[runlim] sample:		3797.67 time, 3820.01 real, 187 MB, 55.26 load
[runlim] sample:		3807.61 time, 3830.01 real, 187 MB, 55.22 load
[runlim] sample:		3817.55 time, 3840.01 real, 218 MB, 55.26 load
[runlim] sample:		3827.49 time, 3850.01 real, 218 MB, 55.22 load
[runlim] sample:		3837.44 time, 3860.01 real, 218 MB, 55.18 load
[runlim] sample:		3847.38 time, 3870.01 real, 218 MB, 55.16 load
[runlim] sample:		3857.33 time, 3880.01 real, 218 MB, 55.13 load
[runlim] sample:		3867.27 time, 3890.01 real, 218 MB, 55.11 load
[runlim] sample:		3877.22 time, 3900.01 real, 221 MB, 55.09 load
[runlim] sample:		3887.16 time, 3910.01 real, 221 MB, 55.15 load
[runlim] sample:		3897.11 time, 3920.01 real, 157 MB, 55.20 load
[runlim] sample:		3907.05 time, 3930.01 real, 157 MB, 55.17 load
[runlim] sample:		3917.00 time, 3940.01 real, 187 MB, 55.22 load
[runlim] sample:		3926.94 time, 3950.01 real, 187 MB, 55.27 load
[runlim] sample:		3936.88 time, 3960.01 real, 218 MB, 55.23 load
[runlim] sample:		3946.83 time, 3970.01 real, 218 MB, 55.19 load
[runlim] sample:		3956.77 time, 3980.01 real, 126 MB, 55.16 load
[runlim] sample:		3966.72 time, 3990.01 real, 126 MB, 55.14 load
[runlim] sample:		3976.67 time, 4000.01 real, 154 MB, 55.12 load
[runlim] sample:		3986.61 time, 4010.01 real, 184 MB, 55.33 load
[runlim] sample:		3996.55 time, 4020.01 real, 184 MB, 55.36 load
[runlim] sample:		4006.50 time, 4030.01 real, 95 MB, 55.37 load
[runlim] sample:		4016.44 time, 4040.01 real, 122 MB, 55.47 load
[runlim] sample:		4026.39 time, 4050.01 real, 122 MB, 55.40 load
[runlim] sample:		4036.34 time, 4060.01 real, 151 MB, 55.42 load
[runlim] sample:		4046.29 time, 4070.01 real, 182 MB, 55.58 load
[runlim] sample:		4056.23 time, 4080.01 real, 182 MB, 55.56 load
[runlim] sample:		4066.18 time, 4090.01 real, 182 MB, 55.48 load
[runlim] sample:		4076.13 time, 4100.01 real, 182 MB, 55.64 load
[runlim] sample:		4086.07 time, 4110.01 real, 182 MB, 55.54 load
[runlim] sample:		4096.02 time, 4120.01 real, 182 MB, 55.46 load
[runlim] sample:		4105.96 time, 4130.01 real, 130 MB, 55.46 load
[runlim] sample:		4115.91 time, 4140.01 real, 130 MB, 55.39 load
[runlim] sample:		4125.86 time, 4150.01 real, 134 MB, 55.41 load
[runlim] sample:		4135.80 time, 4160.01 real, 134 MB, 55.42 load
[runlim] sample:		4145.74 time, 4170.01 real, 133 MB, 55.35 load
[runlim] sample:		4155.69 time, 4180.01 real, 133 MB, 55.30 load
[runlim] sample:		4165.63 time, 4190.01 real, 129 MB, 55.25 load
[runlim] sample:		4175.58 time, 4200.01 real, 129 MB, 55.21 load
[runlim] sample:		4185.52 time, 4210.01 real, 130 MB, 55.33 load
[runlim] sample:		4195.45 time, 4220.01 real, 130 MB, 55.43 load
[runlim] sample:		4205.39 time, 4230.01 real, 132 MB, 55.37 load
[runlim] sample:		4215.33 time, 4240.01 real, 132 MB, 55.31 load
[runlim] sample:		4225.27 time, 4250.01 real, 133 MB, 55.26 load
[runlim] sample:		4235.22 time, 4260.01 real, 133 MB, 55.22 load
[runlim] sample:		4245.16 time, 4270.01 real, 133 MB, 55.19 load
[runlim] sample:		4255.11 time, 4280.01 real, 133 MB, 55.23 load
[runlim] sample:		4265.06 time, 4290.01 real, 133 MB, 55.19 load
[runlim] sample:		4275.00 time, 4300.01 real, 132 MB, 55.16 load
[runlim] sample:		4284.94 time, 4310.01 real, 132 MB, 55.14 load
[runlim] sample:		4294.89 time, 4320.01 real, 128 MB, 55.20 load
[runlim] sample:		4304.84 time, 4330.01 real, 128 MB, 55.25 load
[runlim] sample:		4314.78 time, 4340.01 real, 130 MB, 55.28 load
[runlim] sample:		4324.72 time, 4350.01 real, 130 MB, 55.31 load
[runlim] sample:		4334.66 time, 4360.01 real, 130 MB, 55.27 load
[runlim] sample:		4344.61 time, 4370.01 real, 130 MB, 55.22 load
[runlim] sample:		4354.56 time, 4380.01 real, 131 MB, 55.19 load
[runlim] sample:		4364.51 time, 4390.01 real, 131 MB, 55.16 load
[runlim] sample:		4374.45 time, 4400.01 real, 131 MB, 55.13 load
[runlim] sample:		4384.39 time, 4410.01 real, 131 MB, 55.11 load
[runlim] sample:		4394.33 time, 4420.01 real, 131 MB, 55.17 load
[runlim] sample:		4404.28 time, 4430.01 real, 132 MB, 55.22 load
[runlim] sample:		4414.22 time, 4440.01 real, 132 MB, 55.27 load
[runlim] sample:		4424.18 time, 4450.01 real, 129 MB, 55.30 load
[runlim] sample:		4434.13 time, 4460.01 real, 129 MB, 55.25 load
[runlim] sample:		4444.07 time, 4470.01 real, 129 MB, 55.21 load
[runlim] sample:		4454.01 time, 4480.01 real, 129 MB, 55.42 load
[runlim] sample:		4463.95 time, 4490.01 real, 130 MB, 55.35 load
[runlim] sample:		4473.90 time, 4500.01 real, 130 MB, 55.30 load
[runlim] sample:		4483.85 time, 4510.01 real, 131 MB, 55.33 load
[runlim] sample:		4493.80 time, 4520.01 real, 131 MB, 55.28 load
[runlim] sample:		4503.74 time, 4530.01 real, 131 MB, 55.24 load
[runlim] sample:		4513.68 time, 4540.01 real, 132 MB, 55.35 load
[runlim] sample:		4523.63 time, 4550.01 real, 132 MB, 55.29 load
[runlim] sample:		4533.57 time, 4560.01 real, 133 MB, 55.32 load
[runlim] sample:		4543.51 time, 4570.01 real, 133 MB, 55.27 load
[runlim] sample:		4553.47 time, 4580.01 real, 130 MB, 55.23 load
[runlim] sample:		4563.41 time, 4590.01 real, 130 MB, 55.19 load
[runlim] sample:		4573.35 time, 4600.01 real, 128 MB, 55.32 load
[runlim] sample:		4583.30 time, 4610.01 real, 128 MB, 55.27 load
[runlim] sample:		4593.24 time, 4620.01 real, 128 MB, 55.31 load
[runlim] sample:		4603.19 time, 4630.01 real, 128 MB, 55.26 load
[runlim] sample:		4613.14 time, 4640.01 real, 128 MB, 55.22 load
[runlim] sample:		4623.08 time, 4650.01 real, 131 MB, 55.26 load
[runlim] sample:		4633.03 time, 4660.01 real, 131 MB, 55.22 load
[runlim] sample:		4642.97 time, 4670.01 real, 130 MB, 55.27 load
[runlim] sample:		4652.92 time, 4680.01 real, 130 MB, 55.46 load
[runlim] sample:		4662.86 time, 4690.01 real, 130 MB, 55.39 load
[runlim] sample:		4672.81 time, 4700.01 real, 132 MB, 55.33 load
[runlim] sample:		4682.76 time, 4710.01 real, 132 MB, 55.28 load
[runlim] sample:		4692.70 time, 4720.01 real, 131 MB, 55.24 load
[runlim] sample:		4702.65 time, 4730.01 real, 131 MB, 55.20 load
[runlim] sample:		4712.59 time, 4740.01 real, 128 MB, 55.32 load
[runlim] sample:		4722.53 time, 4750.01 real, 128 MB, 55.27 load
[runlim] sample:		4732.48 time, 4760.01 real, 128 MB, 55.23 load
[runlim] sample:		4742.43 time, 4770.01 real, 104 MB, 55.19 load
[runlim] sample:		4752.38 time, 4780.01 real, 104 MB, 55.16 load
[runlim] sample:		4762.32 time, 4790.01 real, 136 MB, 55.14 load
[runlim] sample:		4772.27 time, 4800.01 real, 136 MB, 55.27 load
[runlim] sample:		4782.21 time, 4810.01 real, 139 MB, 55.23 load
[runlim] sample:		4792.15 time, 4820.01 real, 139 MB, 55.34 load
[runlim] sample:		4802.10 time, 4830.01 real, 139 MB, 55.29 load
[runlim] sample:		4812.05 time, 4840.01 real, 138 MB, 55.24 load
[runlim] sample:		4822.00 time, 4850.01 real, 138 MB, 55.21 load
[runlim] sample:		4831.93 time, 4860.01 real, 139 MB, 55.25 load
[runlim] sample:		4841.88 time, 4870.01 real, 139 MB, 55.21 load
[runlim] sample:		4851.83 time, 4880.01 real, 137 MB, 55.18 load
[runlim] sample:		4861.77 time, 4890.01 real, 137 MB, 55.15 load
[runlim] sample:		4871.72 time, 4900.01 real, 137 MB, 55.13 load
[runlim] sample:		4881.66 time, 4910.01 real, 138 MB, 55.18 load
[runlim] sample:		4891.61 time, 4920.01 real, 138 MB, 55.23 load
[runlim] sample:		4901.56 time, 4930.01 real, 136 MB, 55.19 load
[runlim] sample:		4911.50 time, 4940.01 real, 136 MB, 55.24 load
[runlim] sample:		4921.45 time, 4950.01 real, 139 MB, 55.20 load
[runlim] sample:		4931.39 time, 4960.01 real, 139 MB, 54.85 load
[runlim] sample:		4941.34 time, 4970.01 real, 139 MB, 53.24 load
[runlim] sample:		4951.28 time, 4980.01 real, 138 MB, 50.73 load
[runlim] sample:		4961.23 time, 4990.01 real, 138 MB, 47.22 load
[runlim] sample:		4971.19 time, 5000.01 real, 137 MB, 43.10 load
[runlim] end:			Thu Apr  9 21:43:44 2026
[runlim] status:		out of time
[runlim] result:		2
[runlim] children:		1
[runlim] processes:		2
[runlim] real:			5000.05 seconds
[runlim] time:			4971.19 seconds
[runlim] space:			221 MB
[runlim] load:			59.26 maximum
[runlim] samples:		50000
