[runlim] version:		2.0.0rc1
[runlim] host:			m07n01
[runlim] time limit:		311040000 seconds
[runlim] real time limit:	5000 seconds
[runlim] space limit:		7000 MB
[runlim] argv[0]:		./binary
[runlim] argv[1]:		-c
[runlim] argv[2]:		-f
[runlim] argv[3]:		/tmp/local-unzipped-12459992-1-23-mc2025_track1_033.cnf
[runlim] start:			Thu Apr  9 20:20:00 2026
[runlim] child:			2262138
[runlim] sample:		9.95 time, 10.01 real, 10 MB, 26.36 load
[runlim] sample:		19.89 time, 20.01 real, 12 MB, 27.94 load
[runlim] sample:		29.82 time, 30.01 real, 13 MB, 30.81 load
[runlim] sample:		39.75 time, 40.01 real, 18 MB, 34.62 load
[runlim] sample:		49.67 time, 50.01 real, 15 MB, 39.06 load
[runlim] sample:		59.54 time, 60.01 real, 15 MB, 42.82 load
[runlim] sample:		69.38 time, 70.01 real, 15 MB, 46.88 load
[runlim] sample:		79.29 time, 80.01 real, 22 MB, 49.29 load
[runlim] sample:		89.21 time, 90.01 real, 26 MB, 51.32 load
[runlim] sample:		99.15 time, 100.01 real, 20 MB, 52.88 load
[runlim] sample:		109.09 time, 110.01 real, 20 MB, 54.13 load
[runlim] sample:		119.02 time, 120.01 real, 24 MB, 55.19 load
[runlim] sample:		128.96 time, 130.01 real, 26 MB, 56.08 load
[runlim] sample:		138.90 time, 140.01 real, 26 MB, 56.84 load
[runlim] sample:		148.84 time, 150.01 real, 36 MB, 57.40 load
[runlim] sample:		158.77 time, 160.01 real, 31 MB, 57.87 load
[runlim] sample:		168.71 time, 170.01 real, 36 MB, 58.20 load
[runlim] sample:		178.64 time, 180.01 real, 36 MB, 58.40 load
[runlim] sample:		188.58 time, 190.01 real, 23 MB, 58.64 load
[runlim] sample:		198.51 time, 200.01 real, 28 MB, 58.78 load
[runlim] sample:		208.46 time, 210.01 real, 29 MB, 58.89 load
[runlim] sample:		218.41 time, 220.01 real, 35 MB, 58.91 load
[runlim] sample:		228.34 time, 230.01 real, 29 MB, 58.92 load
[runlim] sample:		238.28 time, 240.01 real, 34 MB, 59.09 load
[runlim] sample:		248.23 time, 250.01 real, 34 MB, 59.23 load
[runlim] sample:		258.16 time, 260.01 real, 47 MB, 59.19 load
[runlim] sample:		268.10 time, 270.01 real, 26 MB, 59.23 load
[runlim] sample:		278.04 time, 280.01 real, 33 MB, 59.20 load
[runlim] sample:		287.98 time, 290.01 real, 27 MB, 59.09 load
[runlim] sample:		297.93 time, 300.01 real, 41 MB, 58.92 load
[runlim] sample:		307.85 time, 310.01 real, 35 MB, 58.93 load
[runlim] sample:		317.79 time, 320.01 real, 41 MB, 58.78 load
[runlim] sample:		327.74 time, 330.01 real, 41 MB, 58.66 load
[runlim] sample:		337.68 time, 340.01 real, 41 MB, 58.56 load
[runlim] sample:		347.62 time, 350.01 real, 41 MB, 58.47 load
[runlim] sample:		357.56 time, 360.01 real, 41 MB, 58.40 load
[runlim] sample:		367.49 time, 370.01 real, 48 MB, 58.41 load
[runlim] sample:		377.44 time, 380.01 real, 48 MB, 58.35 load
[runlim] sample:		387.37 time, 390.01 real, 48 MB, 58.29 load
[runlim] sample:		397.32 time, 400.01 real, 48 MB, 58.25 load
[runlim] sample:		407.26 time, 410.01 real, 48 MB, 58.21 load
[runlim] sample:		417.20 time, 420.01 real, 35 MB, 58.18 load
[runlim] sample:		427.13 time, 430.01 real, 35 MB, 58.47 load
[runlim] sample:		437.06 time, 440.01 real, 49 MB, 58.32 load
[runlim] sample:		446.99 time, 450.01 real, 49 MB, 58.11 load
[runlim] sample:		456.92 time, 460.01 real, 51 MB, 57.94 load
[runlim] sample:		466.86 time, 470.01 real, 41 MB, 57.87 load
[runlim] sample:		476.80 time, 480.01 real, 41 MB, 57.74 load
[runlim] sample:		486.72 time, 490.01 real, 49 MB, 57.62 load
[runlim] sample:		496.66 time, 500.01 real, 49 MB, 57.37 load
[runlim] sample:		506.59 time, 510.01 real, 33 MB, 57.24 load
[runlim] sample:		516.52 time, 520.01 real, 40 MB, 57.05 load
[runlim] sample:		526.46 time, 530.01 real, 40 MB, 56.89 load
[runlim] sample:		536.40 time, 540.01 real, 47 MB, 56.75 load
[runlim] sample:		546.31 time, 550.01 real, 47 MB, 56.79 load
[runlim] sample:		556.23 time, 560.01 real, 47 MB, 56.75 load
[runlim] sample:		566.16 time, 570.01 real, 47 MB, 56.63 load
[runlim] sample:		576.10 time, 580.01 real, 48 MB, 56.70 load
[runlim] sample:		586.03 time, 590.01 real, 48 MB, 56.59 load
[runlim] sample:		595.97 time, 600.01 real, 48 MB, 56.50 load
[runlim] sample:		605.90 time, 610.01 real, 48 MB, 56.42 load
[runlim] sample:		615.84 time, 620.01 real, 48 MB, 56.36 load
[runlim] sample:		625.77 time, 630.01 real, 56 MB, 56.37 load
[runlim] sample:		635.71 time, 640.01 real, 49 MB, 56.40 load
[runlim] sample:		645.64 time, 650.01 real, 57 MB, 56.34 load
[runlim] sample:		655.58 time, 660.01 real, 49 MB, 56.36 load
[runlim] sample:		665.52 time, 670.01 real, 56 MB, 56.31 load
[runlim] sample:		675.45 time, 680.01 real, 56 MB, 56.26 load
[runlim] sample:		685.39 time, 690.01 real, 56 MB, 56.22 load
[runlim] sample:		695.33 time, 700.01 real, 56 MB, 56.18 load
[runlim] sample:		705.26 time, 710.01 real, 56 MB, 56.30 load
[runlim] sample:		715.20 time, 720.01 real, 42 MB, 56.26 load
[runlim] sample:		725.14 time, 730.01 real, 41 MB, 56.22 load
[runlim] sample:		735.08 time, 740.01 real, 41 MB, 56.26 load
[runlim] sample:		745.02 time, 750.01 real, 50 MB, 56.30 load
[runlim] sample:		754.95 time, 760.01 real, 59 MB, 56.33 load
[runlim] sample:		764.89 time, 770.01 real, 59 MB, 56.35 load
[runlim] sample:		774.83 time, 780.01 real, 59 MB, 56.30 load
[runlim] sample:		784.77 time, 790.01 real, 59 MB, 56.33 load
[runlim] sample:		794.71 time, 800.01 real, 59 MB, 56.28 load
[runlim] sample:		804.64 time, 810.01 real, 59 MB, 56.23 load
[runlim] sample:		814.57 time, 820.01 real, 59 MB, 56.28 load
[runlim] sample:		824.52 time, 830.01 real, 59 MB, 56.23 load
[runlim] sample:		834.45 time, 840.01 real, 59 MB, 56.28 load
[runlim] sample:		844.38 time, 850.01 real, 68 MB, 56.32 load
[runlim] sample:		854.32 time, 860.01 real, 50 MB, 56.27 load
[runlim] sample:		864.26 time, 870.01 real, 50 MB, 56.22 load
[runlim] sample:		874.19 time, 880.01 real, 50 MB, 56.27 load
[runlim] sample:		884.14 time, 890.01 real, 59 MB, 56.23 load
[runlim] sample:		894.07 time, 900.01 real, 59 MB, 56.19 load
[runlim] sample:		903.99 time, 910.01 real, 59 MB, 56.16 load
[runlim] sample:		913.91 time, 920.01 real, 42 MB, 56.14 load
[runlim] sample:		923.85 time, 930.01 real, 42 MB, 56.20 load
[runlim] sample:		933.79 time, 940.01 real, 42 MB, 56.17 load
[runlim] sample:		943.73 time, 950.01 real, 42 MB, 56.14 load
[runlim] sample:		953.67 time, 960.01 real, 42 MB, 56.20 load
[runlim] sample:		963.61 time, 970.01 real, 51 MB, 56.32 load
[runlim] sample:		973.55 time, 980.01 real, 51 MB, 56.42 load
[runlim] sample:		983.49 time, 990.01 real, 61 MB, 56.44 load
[runlim] sample:		993.42 time, 1000.01 real, 51 MB, 56.52 load
[runlim] sample:		1003.36 time, 1010.01 real, 52 MB, 56.44 load
[runlim] sample:		1013.30 time, 1020.01 real, 52 MB, 56.53 load
[runlim] sample:		1023.24 time, 1030.01 real, 52 MB, 56.52 load
[runlim] sample:		1033.18 time, 1040.01 real, 59 MB, 56.44 load
[runlim] sample:		1043.12 time, 1050.01 real, 59 MB, 56.53 load
[runlim] sample:		1053.06 time, 1060.01 real, 59 MB, 56.45 load
[runlim] sample:		1062.99 time, 1070.01 real, 59 MB, 56.38 load
[runlim] sample:		1072.93 time, 1080.01 real, 68 MB, 56.32 load
[runlim] sample:		1082.87 time, 1090.01 real, 68 MB, 56.35 load
[runlim] sample:		1092.81 time, 1100.01 real, 68 MB, 56.30 load
[runlim] sample:		1102.75 time, 1110.01 real, 40 MB, 56.33 load
[runlim] sample:		1112.70 time, 1120.01 real, 49 MB, 56.28 load
[runlim] sample:		1122.63 time, 1130.01 real, 58 MB, 56.31 load
[runlim] sample:		1132.57 time, 1140.01 real, 68 MB, 56.34 load
[runlim] sample:		1142.51 time, 1150.01 real, 68 MB, 56.37 load
[runlim] sample:		1152.45 time, 1160.01 real, 40 MB, 56.39 load
[runlim] sample:		1162.39 time, 1170.01 real, 49 MB, 56.33 load
[runlim] sample:		1172.33 time, 1180.01 real, 50 MB, 56.28 load
[runlim] sample:		1182.27 time, 1190.01 real, 49 MB, 56.31 load
[runlim] sample:		1192.21 time, 1200.01 real, 59 MB, 56.34 load
[runlim] sample:		1202.15 time, 1210.01 real, 69 MB, 56.29 load
[runlim] sample:		1212.09 time, 1220.01 real, 69 MB, 56.25 load
[runlim] sample:		1222.03 time, 1230.01 real, 69 MB, 56.21 load
[runlim] sample:		1231.97 time, 1240.01 real, 69 MB, 56.25 load
[runlim] sample:		1241.91 time, 1250.01 real, 69 MB, 56.21 load
[runlim] sample:		1251.85 time, 1260.01 real, 69 MB, 56.18 load
[runlim] sample:		1261.79 time, 1270.01 real, 69 MB, 56.22 load
[runlim] sample:		1271.72 time, 1280.01 real, 50 MB, 56.19 load
[runlim] sample:		1281.66 time, 1290.01 real, 51 MB, 56.16 load
[runlim] sample:		1291.59 time, 1300.01 real, 50 MB, 56.36 load
[runlim] sample:		1301.54 time, 1310.01 real, 60 MB, 56.30 load
[runlim] sample:		1311.48 time, 1320.01 real, 60 MB, 56.25 load
[runlim] sample:		1321.40 time, 1330.01 real, 71 MB, 56.21 load
[runlim] sample:		1331.34 time, 1340.01 real, 71 MB, 56.18 load
[runlim] sample:		1341.27 time, 1350.01 real, 71 MB, 56.23 load
[runlim] sample:		1351.20 time, 1360.01 real, 71 MB, 56.27 load
[runlim] sample:		1361.14 time, 1370.01 real, 71 MB, 56.23 load
[runlim] sample:		1371.08 time, 1380.01 real, 71 MB, 56.19 load
[runlim] sample:		1381.01 time, 1390.01 real, 71 MB, 56.16 load
[runlim] sample:		1390.95 time, 1400.01 real, 71 MB, 56.14 load
[runlim] sample:		1400.89 time, 1410.01 real, 71 MB, 56.12 load
[runlim] sample:		1410.82 time, 1420.01 real, 71 MB, 56.10 load
[runlim] sample:		1420.76 time, 1430.01 real, 71 MB, 56.24 load
[runlim] sample:		1430.69 time, 1440.01 real, 71 MB, 56.20 load
[runlim] sample:		1440.62 time, 1450.01 real, 71 MB, 56.17 load
[runlim] sample:		1450.56 time, 1460.01 real, 71 MB, 56.15 load
[runlim] sample:		1460.50 time, 1470.01 real, 71 MB, 56.28 load
[runlim] sample:		1470.43 time, 1480.01 real, 81 MB, 56.31 load
[runlim] sample:		1480.36 time, 1490.01 real, 81 MB, 56.34 load
[runlim] sample:		1490.30 time, 1500.01 real, 81 MB, 56.29 load
[runlim] sample:		1500.23 time, 1510.01 real, 81 MB, 56.24 load
[runlim] sample:		1510.17 time, 1520.01 real, 81 MB, 56.29 load
[runlim] sample:		1520.11 time, 1530.01 real, 61 MB, 56.40 load
[runlim] sample:		1530.04 time, 1540.01 real, 61 MB, 56.34 load
[runlim] sample:		1539.97 time, 1550.01 real, 61 MB, 56.45 load
[runlim] sample:		1549.91 time, 1560.01 real, 61 MB, 56.38 load
[runlim] sample:		1559.85 time, 1570.01 real, 72 MB, 56.39 load
[runlim] sample:		1569.78 time, 1580.01 real, 83 MB, 56.33 load
[runlim] sample:		1579.72 time, 1590.01 real, 83 MB, 56.28 load
[runlim] sample:		1589.66 time, 1600.01 real, 83 MB, 56.24 load
[runlim] sample:		1599.60 time, 1610.01 real, 83 MB, 56.20 load
[runlim] sample:		1609.54 time, 1620.01 real, 61 MB, 56.17 load
[runlim] sample:		1619.47 time, 1630.01 real, 61 MB, 56.22 load
[runlim] sample:		1629.41 time, 1640.01 real, 71 MB, 56.18 load
[runlim] sample:		1639.36 time, 1650.01 real, 82 MB, 56.23 load
[runlim] sample:		1649.29 time, 1660.01 real, 82 MB, 56.19 load
[runlim] sample:		1659.23 time, 1670.01 real, 82 MB, 56.16 load
[runlim] sample:		1669.17 time, 1680.01 real, 82 MB, 56.14 load
[runlim] sample:		1679.11 time, 1690.01 real, 82 MB, 56.12 load
[runlim] sample:		1689.05 time, 1700.01 real, 62 MB, 56.10 load
[runlim] sample:		1698.98 time, 1710.01 real, 61 MB, 56.23 load
[runlim] sample:		1708.92 time, 1720.01 real, 61 MB, 56.11 load
[runlim] sample:		1718.86 time, 1730.01 real, 73 MB, 55.94 load
[runlim] sample:		1728.80 time, 1740.01 real, 85 MB, 55.94 load
[runlim] sample:		1738.74 time, 1750.01 real, 85 MB, 55.80 load
[runlim] sample:		1748.68 time, 1760.01 real, 73 MB, 55.68 load
[runlim] sample:		1758.62 time, 1770.01 real, 73 MB, 55.65 load
[runlim] sample:		1768.56 time, 1780.01 real, 73 MB, 55.55 load
[runlim] sample:		1778.51 time, 1790.01 real, 84 MB, 55.46 load
[runlim] sample:		1788.45 time, 1800.01 real, 84 MB, 55.39 load
[runlim] sample:		1798.38 time, 1810.01 real, 84 MB, 55.48 load
[runlim] sample:		1808.32 time, 1820.01 real, 84 MB, 55.40 load
[runlim] sample:		1818.26 time, 1830.01 real, 84 MB, 55.34 load
[runlim] sample:		1828.20 time, 1840.01 real, 84 MB, 55.29 load
[runlim] sample:		1838.14 time, 1850.01 real, 84 MB, 55.32 load
[runlim] sample:		1848.08 time, 1860.01 real, 84 MB, 55.27 load
[runlim] sample:		1858.02 time, 1870.01 real, 84 MB, 55.23 load
[runlim] sample:		1867.96 time, 1880.01 real, 84 MB, 55.20 load
[runlim] sample:		1877.90 time, 1890.01 real, 63 MB, 55.16 load
[runlim] sample:		1887.84 time, 1900.01 real, 63 MB, 55.21 load
[runlim] sample:		1897.78 time, 1910.01 real, 63 MB, 55.25 load
[runlim] sample:		1907.71 time, 1920.01 real, 63 MB, 55.21 load
[runlim] sample:		1917.65 time, 1930.01 real, 63 MB, 55.26 load
[runlim] sample:		1927.59 time, 1940.01 real, 63 MB, 55.29 load
[runlim] sample:		1937.54 time, 1950.01 real, 63 MB, 55.25 load
[runlim] sample:		1947.48 time, 1960.01 real, 63 MB, 55.21 load
[runlim] sample:		1957.41 time, 1970.01 real, 75 MB, 55.25 load
[runlim] sample:		1967.35 time, 1980.01 real, 89 MB, 55.21 load
[runlim] sample:		1977.29 time, 1990.01 real, 89 MB, 55.18 load
[runlim] sample:		1987.23 time, 2000.01 real, 76 MB, 55.15 load
[runlim] sample:		1997.17 time, 2010.01 real, 76 MB, 55.13 load
[runlim] sample:		2007.12 time, 2020.01 real, 53 MB, 55.19 load
[runlim] sample:		2017.05 time, 2030.01 real, 52 MB, 55.16 load
[runlim] sample:		2026.99 time, 2040.01 real, 52 MB, 55.13 load
[runlim] sample:		2036.93 time, 2050.01 real, 64 MB, 55.41 load
[runlim] sample:		2046.87 time, 2060.01 real, 64 MB, 55.42 load
[runlim] sample:		2056.81 time, 2070.01 real, 64 MB, 55.43 load
[runlim] sample:		2066.75 time, 2080.01 real, 64 MB, 55.36 load
[runlim] sample:		2076.69 time, 2090.01 real, 64 MB, 55.31 load
[runlim] sample:		2086.63 time, 2100.01 real, 64 MB, 55.26 load
[runlim] sample:		2096.56 time, 2110.01 real, 64 MB, 55.22 load
[runlim] sample:		2106.50 time, 2120.01 real, 64 MB, 55.18 load
[runlim] sample:		2116.44 time, 2130.01 real, 64 MB, 55.30 load
[runlim] sample:		2126.38 time, 2140.01 real, 64 MB, 55.33 load
[runlim] sample:		2136.32 time, 2150.01 real, 64 MB, 55.28 load
[runlim] sample:		2146.26 time, 2160.01 real, 64 MB, 55.31 load
[runlim] sample:		2156.20 time, 2170.01 real, 64 MB, 55.26 load
[runlim] sample:		2166.14 time, 2180.01 real, 64 MB, 55.22 load
[runlim] sample:		2176.09 time, 2190.01 real, 72 MB, 55.19 load
[runlim] sample:		2186.03 time, 2200.01 real, 72 MB, 55.31 load
[runlim] sample:		2195.97 time, 2210.01 real, 72 MB, 55.41 load
[runlim] sample:		2205.90 time, 2220.01 real, 72 MB, 55.35 load
[runlim] sample:		2215.84 time, 2230.01 real, 72 MB, 55.37 load
[runlim] sample:		2225.78 time, 2240.01 real, 72 MB, 55.31 load
[runlim] sample:		2235.72 time, 2250.01 real, 72 MB, 55.26 load
[runlim] sample:		2245.66 time, 2260.01 real, 72 MB, 55.37 load
[runlim] sample:		2255.60 time, 2270.01 real, 72 MB, 55.46 load
[runlim] sample:		2265.53 time, 2280.01 real, 75 MB, 55.46 load
[runlim] sample:		2275.47 time, 2290.01 real, 75 MB, 55.39 load
[runlim] sample:		2285.41 time, 2300.01 real, 75 MB, 55.33 load
[runlim] sample:		2295.35 time, 2310.01 real, 75 MB, 55.59 load
[runlim] sample:		2305.29 time, 2320.01 real, 75 MB, 55.65 load
[runlim] sample:		2315.23 time, 2330.01 real, 75 MB, 55.78 load
[runlim] sample:		2325.17 time, 2340.01 real, 75 MB, 55.89 load
[runlim] sample:		2335.11 time, 2350.01 real, 75 MB, 55.99 load
[runlim] sample:		2345.05 time, 2360.01 real, 75 MB, 56.06 load
[runlim] sample:		2354.99 time, 2370.01 real, 75 MB, 56.13 load
[runlim] sample:		2364.93 time, 2380.01 real, 75 MB, 56.26 load
[runlim] sample:		2374.87 time, 2390.01 real, 75 MB, 56.22 load
[runlim] sample:		2384.81 time, 2400.01 real, 75 MB, 56.41 load
[runlim] sample:		2394.75 time, 2410.01 real, 75 MB, 56.28 load
[runlim] sample:		2404.69 time, 2420.01 real, 88 MB, 56.15 load
[runlim] sample:		2414.63 time, 2430.01 real, 88 MB, 55.97 load
[runlim] sample:		2424.57 time, 2440.01 real, 88 MB, 56.05 load
[runlim] sample:		2434.51 time, 2450.01 real, 88 MB, 55.89 load
[runlim] sample:		2444.44 time, 2460.01 real, 88 MB, 55.90 load
[runlim] sample:		2454.38 time, 2470.01 real, 88 MB, 55.84 load
[runlim] sample:		2464.32 time, 2480.01 real, 52 MB, 55.71 load
[runlim] sample:		2474.26 time, 2490.01 real, 52 MB, 55.60 load
[runlim] sample:		2484.20 time, 2500.01 real, 65 MB, 55.73 load
[runlim] sample:		2494.14 time, 2510.01 real, 78 MB, 55.62 load
[runlim] sample:		2504.08 time, 2520.01 real, 78 MB, 55.59 load
[runlim] sample:		2514.01 time, 2530.01 real, 78 MB, 55.58 load
[runlim] sample:		2523.95 time, 2540.01 real, 78 MB, 55.49 load
[runlim] sample:		2533.89 time, 2550.01 real, 78 MB, 55.41 load
[runlim] sample:		2543.83 time, 2560.01 real, 78 MB, 55.35 load
[runlim] sample:		2553.77 time, 2570.01 real, 78 MB, 55.29 load
[runlim] sample:		2563.71 time, 2580.01 real, 78 MB, 55.40 load
[runlim] sample:		2573.64 time, 2590.01 real, 92 MB, 55.34 load
[runlim] sample:		2583.58 time, 2600.01 real, 92 MB, 55.29 load
[runlim] sample:		2593.53 time, 2610.01 real, 78 MB, 55.32 load
[runlim] sample:		2603.47 time, 2620.01 real, 78 MB, 55.27 load
[runlim] sample:		2613.41 time, 2630.01 real, 78 MB, 55.23 load
[runlim] sample:		2623.35 time, 2640.01 real, 91 MB, 55.28 load
[runlim] sample:		2633.28 time, 2650.01 real, 91 MB, 55.23 load
[runlim] sample:		2643.22 time, 2660.01 real, 91 MB, 55.20 load
[runlim] sample:		2653.16 time, 2670.01 real, 91 MB, 55.17 load
[runlim] sample:		2663.10 time, 2680.01 real, 91 MB, 55.14 load
[runlim] sample:		2673.04 time, 2690.01 real, 91 MB, 55.12 load
[runlim] sample:		2682.98 time, 2700.01 real, 91 MB, 55.10 load
[runlim] sample:		2692.92 time, 2710.01 real, 91 MB, 55.16 load
[runlim] sample:		2702.85 time, 2720.01 real, 91 MB, 55.13 load
[runlim] sample:		2712.79 time, 2730.01 real, 91 MB, 55.11 load
[runlim] sample:		2722.73 time, 2740.01 real, 93 MB, 55.09 load
[runlim] sample:		2732.67 time, 2750.01 real, 93 MB, 55.08 load
[runlim] sample:		2742.61 time, 2760.01 real, 93 MB, 55.15 load
[runlim] sample:		2752.55 time, 2770.01 real, 93 MB, 55.20 load
[runlim] sample:		2762.49 time, 2780.01 real, 93 MB, 55.17 load
[runlim] sample:		2772.42 time, 2790.01 real, 107 MB, 55.14 load
[runlim] sample:		2782.37 time, 2800.01 real, 107 MB, 55.12 load
[runlim] sample:		2792.31 time, 2810.01 real, 93 MB, 55.10 load
[runlim] sample:		2802.25 time, 2820.01 real, 93 MB, 55.08 load
[runlim] sample:		2812.19 time, 2830.01 real, 94 MB, 55.14 load
[runlim] sample:		2822.13 time, 2840.01 real, 94 MB, 55.20 load
[runlim] sample:		2832.07 time, 2850.01 real, 94 MB, 55.17 load
[runlim] sample:		2842.01 time, 2860.01 real, 94 MB, 55.14 load
[runlim] sample:		2851.94 time, 2870.01 real, 94 MB, 55.20 load
[runlim] sample:		2861.88 time, 2880.01 real, 94 MB, 55.17 load
[runlim] sample:		2871.82 time, 2890.01 real, 66 MB, 55.14 load
[runlim] sample:		2881.76 time, 2900.01 real, 66 MB, 55.19 load
[runlim] sample:		2891.70 time, 2910.01 real, 79 MB, 55.16 load
[runlim] sample:		2901.64 time, 2920.01 real, 79 MB, 55.14 load
[runlim] sample:		2911.58 time, 2930.01 real, 79 MB, 55.12 load
[runlim] sample:		2921.51 time, 2940.01 real, 79 MB, 55.10 load
[runlim] sample:		2931.45 time, 2950.01 real, 79 MB, 55.08 load
[runlim] sample:		2941.39 time, 2960.01 real, 79 MB, 55.14 load
[runlim] sample:		2951.33 time, 2970.01 real, 79 MB, 55.19 load
[runlim] sample:		2961.27 time, 2980.01 real, 79 MB, 55.16 load
[runlim] sample:		2971.21 time, 2990.01 real, 79 MB, 55.14 load
[runlim] sample:		2981.15 time, 3000.01 real, 79 MB, 55.12 load
[runlim] sample:		2991.08 time, 3010.01 real, 79 MB, 55.10 load
[runlim] sample:		3001.02 time, 3020.01 real, 93 MB, 55.16 load
[runlim] sample:		3010.96 time, 3030.01 real, 93 MB, 55.13 load
[runlim] sample:		3020.91 time, 3040.01 real, 106 MB, 55.11 load
[runlim] sample:		3030.85 time, 3050.01 real, 106 MB, 55.09 load
[runlim] sample:		3040.79 time, 3060.01 real, 106 MB, 55.08 load
[runlim] sample:		3050.72 time, 3070.01 real, 106 MB, 55.07 load
[runlim] sample:		3060.66 time, 3080.01 real, 107 MB, 55.35 load
[runlim] sample:		3070.60 time, 3090.01 real, 107 MB, 55.30 load
[runlim] sample:		3080.54 time, 3100.01 real, 66 MB, 55.25 load
[runlim] sample:		3090.48 time, 3110.01 real, 66 MB, 55.29 load
[runlim] sample:		3100.41 time, 3120.01 real, 78 MB, 55.25 load
[runlim] sample:		3110.35 time, 3130.01 real, 78 MB, 55.28 load
[runlim] sample:		3120.29 time, 3140.01 real, 91 MB, 55.24 load
[runlim] sample:		3130.23 time, 3150.01 real, 91 MB, 55.20 load
[runlim] sample:		3140.17 time, 3160.01 real, 105 MB, 55.17 load
[runlim] sample:		3150.11 time, 3170.01 real, 105 MB, 55.14 load
[runlim] sample:		3160.04 time, 3180.01 real, 105 MB, 55.28 load
[runlim] sample:		3169.98 time, 3190.01 real, 105 MB, 55.23 load
[runlim] sample:		3179.92 time, 3200.01 real, 105 MB, 55.27 load
[runlim] sample:		3189.86 time, 3210.01 real, 105 MB, 55.38 load
[runlim] sample:		3199.80 time, 3220.01 real, 105 MB, 55.32 load
[runlim] sample:		3209.74 time, 3230.01 real, 66 MB, 55.27 load
[runlim] sample:		3219.68 time, 3240.01 real, 66 MB, 55.23 load
[runlim] sample:		3229.62 time, 3250.01 real, 81 MB, 55.19 load
[runlim] sample:		3239.56 time, 3260.01 real, 81 MB, 55.31 load
[runlim] sample:		3249.50 time, 3270.01 real, 81 MB, 55.33 load
[runlim] sample:		3259.44 time, 3280.01 real, 81 MB, 55.28 load
[runlim] sample:		3269.38 time, 3290.01 real, 81 MB, 55.24 load
[runlim] sample:		3279.33 time, 3300.01 real, 66 MB, 55.20 load
[runlim] sample:		3289.27 time, 3310.01 real, 66 MB, 55.17 load
[runlim] sample:		3299.20 time, 3320.01 real, 80 MB, 55.22 load
[runlim] sample:		3309.14 time, 3330.01 real, 80 MB, 55.18 load
[runlim] sample:		3319.08 time, 3340.01 real, 80 MB, 55.16 load
[runlim] sample:		3329.01 time, 3350.01 real, 94 MB, 55.13 load
[runlim] sample:		3338.95 time, 3360.01 real, 94 MB, 55.19 load
[runlim] sample:		3348.89 time, 3370.01 real, 94 MB, 55.16 load
[runlim] sample:		3358.83 time, 3380.01 real, 94 MB, 55.14 load
[runlim] sample:		3368.77 time, 3390.01 real, 94 MB, 55.11 load
[runlim] sample:		3378.71 time, 3400.01 real, 94 MB, 55.17 load
[runlim] sample:		3388.66 time, 3410.01 real, 94 MB, 55.22 load
[runlim] sample:		3398.60 time, 3420.01 real, 94 MB, 55.26 load
[runlim] sample:		3408.54 time, 3430.01 real, 94 MB, 55.30 load
[runlim] sample:		3418.47 time, 3440.01 real, 94 MB, 55.33 load
[runlim] sample:		3428.41 time, 3450.01 real, 94 MB, 55.28 load
[runlim] sample:		3438.35 time, 3460.01 real, 94 MB, 55.24 load
[runlim] sample:		3448.29 time, 3470.01 real, 94 MB, 55.27 load
[runlim] sample:		3458.23 time, 3480.01 real, 94 MB, 55.23 load
[runlim] sample:		3468.17 time, 3490.01 real, 94 MB, 55.20 load
[runlim] sample:		3478.10 time, 3500.01 real, 94 MB, 55.16 load
[runlim] sample:		3488.04 time, 3510.01 real, 96 MB, 55.14 load
[runlim] sample:		3497.98 time, 3520.01 real, 96 MB, 55.12 load
[runlim] sample:		3507.93 time, 3530.01 real, 96 MB, 55.18 load
[runlim] sample:		3517.86 time, 3540.01 real, 81 MB, 55.15 load
[runlim] sample:		3527.80 time, 3550.01 real, 81 MB, 55.20 load
[runlim] sample:		3537.74 time, 3560.01 real, 81 MB, 55.17 load
[runlim] sample:		3547.68 time, 3570.01 real, 81 MB, 55.22 load
[runlim] sample:		3557.62 time, 3580.01 real, 81 MB, 55.27 load
[runlim] sample:		3567.55 time, 3590.01 real, 81 MB, 55.23 load
[runlim] sample:		3577.50 time, 3600.01 real, 81 MB, 55.19 load
[runlim] sample:		3587.44 time, 3610.01 real, 96 MB, 55.16 load
[runlim] sample:		3597.38 time, 3620.01 real, 96 MB, 55.21 load
[runlim] sample:		3607.32 time, 3630.01 real, 96 MB, 55.25 load
[runlim] sample:		3617.26 time, 3640.01 real, 96 MB, 55.29 load
[runlim] sample:		3627.20 time, 3650.01 real, 96 MB, 55.33 load
[runlim] sample:		3637.14 time, 3660.01 real, 96 MB, 55.36 load
[runlim] sample:		3647.08 time, 3670.01 real, 96 MB, 55.30 load
[runlim] sample:		3657.02 time, 3680.01 real, 96 MB, 55.26 load
[runlim] sample:		3666.96 time, 3690.01 real, 96 MB, 55.30 load
[runlim] sample:		3676.90 time, 3700.01 real, 96 MB, 55.25 load
[runlim] sample:		3686.83 time, 3710.01 real, 96 MB, 55.43 load
[runlim] sample:		3696.78 time, 3720.01 real, 96 MB, 55.45 load
[runlim] sample:		3706.71 time, 3730.01 real, 96 MB, 55.38 load
[runlim] sample:		3716.65 time, 3740.01 real, 96 MB, 55.48 load
[runlim] sample:		3726.59 time, 3750.01 real, 96 MB, 55.41 load
[runlim] sample:		3736.53 time, 3760.01 real, 96 MB, 55.34 load
[runlim] sample:		3746.46 time, 3770.01 real, 110 MB, 55.36 load
[runlim] sample:		3756.40 time, 3780.01 real, 110 MB, 55.31 load
[runlim] sample:		3766.34 time, 3790.01 real, 110 MB, 55.26 load
[runlim] sample:		3776.27 time, 3800.01 real, 110 MB, 55.38 load
[runlim] sample:		3786.21 time, 3810.01 real, 110 MB, 55.32 load
[runlim] sample:		3796.15 time, 3820.01 real, 110 MB, 55.27 load
[runlim] sample:		3806.09 time, 3830.01 real, 110 MB, 55.23 load
[runlim] sample:		3816.03 time, 3840.01 real, 110 MB, 55.19 load
[runlim] sample:		3825.97 time, 3850.01 real, 111 MB, 55.24 load
[runlim] sample:		3835.91 time, 3860.01 real, 111 MB, 55.28 load
[runlim] sample:		3845.85 time, 3870.01 real, 111 MB, 55.24 load
[runlim] sample:		3855.79 time, 3880.01 real, 111 MB, 55.20 load
[runlim] sample:		3865.73 time, 3890.01 real, 111 MB, 55.17 load
[runlim] sample:		3875.67 time, 3900.01 real, 111 MB, 55.14 load
[runlim] sample:		3885.61 time, 3910.01 real, 111 MB, 55.12 load
[runlim] sample:		3895.55 time, 3920.01 real, 75 MB, 55.10 load
[runlim] sample:		3905.49 time, 3930.01 real, 75 MB, 55.17 load
[runlim] sample:		3915.43 time, 3940.01 real, 75 MB, 55.22 load
[runlim] sample:		3925.37 time, 3950.01 real, 91 MB, 55.19 load
[runlim] sample:		3935.32 time, 3960.01 real, 91 MB, 55.16 load
[runlim] sample:		3945.26 time, 3970.01 real, 91 MB, 55.21 load
[runlim] sample:		3955.20 time, 3980.01 real, 91 MB, 55.25 load
[runlim] sample:		3965.14 time, 3990.01 real, 91 MB, 55.21 load
[runlim] sample:		3975.08 time, 4000.01 real, 91 MB, 55.18 load
[runlim] sample:		3985.02 time, 4010.01 real, 91 MB, 55.15 load
[runlim] sample:		3994.96 time, 4020.01 real, 91 MB, 55.13 load
[runlim] sample:		4004.90 time, 4030.01 real, 91 MB, 55.27 load
[runlim] sample:		4014.84 time, 4040.01 real, 91 MB, 55.30 load
[runlim] sample:		4024.78 time, 4050.01 real, 91 MB, 55.41 load
[runlim] sample:		4034.73 time, 4060.01 real, 91 MB, 55.43 load
[runlim] sample:		4044.67 time, 4070.01 real, 91 MB, 55.43 load
[runlim] sample:		4054.61 time, 4080.01 real, 91 MB, 55.37 load
[runlim] sample:		4064.55 time, 4090.01 real, 91 MB, 55.54 load
[runlim] sample:		4074.49 time, 4100.01 real, 107 MB, 55.61 load
[runlim] sample:		4084.43 time, 4110.01 real, 107 MB, 55.52 load
[runlim] sample:		4094.37 time, 4120.01 real, 107 MB, 55.52 load
[runlim] sample:		4104.32 time, 4130.01 real, 109 MB, 55.59 load
[runlim] sample:		4114.26 time, 4140.01 real, 109 MB, 55.50 load
[runlim] sample:		4124.20 time, 4150.01 real, 109 MB, 55.50 load
[runlim] sample:		4134.13 time, 4160.01 real, 108 MB, 55.42 load
[runlim] sample:		4144.07 time, 4170.01 real, 108 MB, 55.36 load
[runlim] sample:		4154.02 time, 4180.01 real, 108 MB, 55.46 load
[runlim] sample:		4163.95 time, 4190.01 real, 91 MB, 55.39 load
[runlim] sample:		4173.89 time, 4200.01 real, 91 MB, 55.33 load
[runlim] sample:		4183.83 time, 4210.01 real, 91 MB, 55.28 load
[runlim] sample:		4193.77 time, 4220.01 real, 109 MB, 55.23 load
[runlim] sample:		4203.71 time, 4230.01 real, 109 MB, 55.36 load
[runlim] sample:		4213.65 time, 4240.01 real, 109 MB, 55.38 load
[runlim] sample:		4223.59 time, 4250.01 real, 91 MB, 55.40 load
[runlim] sample:		4233.53 time, 4260.01 real, 91 MB, 55.34 load
[runlim] sample:		4243.47 time, 4270.01 real, 91 MB, 55.28 load
[runlim] sample:		4253.41 time, 4280.01 real, 110 MB, 55.24 load
[runlim] sample:		4263.35 time, 4290.01 real, 110 MB, 55.20 load
[runlim] sample:		4273.29 time, 4300.01 real, 110 MB, 55.25 load
[runlim] sample:		4283.24 time, 4310.01 real, 91 MB, 55.21 load
[runlim] sample:		4293.19 time, 4320.01 real, 91 MB, 55.18 load
[runlim] sample:		4303.13 time, 4330.01 real, 91 MB, 55.15 load
[runlim] sample:		4313.07 time, 4340.01 real, 91 MB, 55.13 load
[runlim] sample:		4323.01 time, 4350.01 real, 112 MB, 55.18 load
[runlim] sample:		4332.95 time, 4360.01 real, 112 MB, 55.31 load
[runlim] sample:		4342.89 time, 4370.01 real, 112 MB, 55.34 load
[runlim] sample:		4352.83 time, 4380.01 real, 91 MB, 55.29 load
[runlim] sample:		4362.77 time, 4390.01 real, 91 MB, 55.24 load
[runlim] sample:		4372.71 time, 4400.01 real, 91 MB, 55.21 load
[runlim] sample:		4382.65 time, 4410.01 real, 97 MB, 55.17 load
[runlim] sample:		4392.59 time, 4420.01 real, 97 MB, 55.15 load
[runlim] sample:		4402.53 time, 4430.01 real, 97 MB, 55.12 load
[runlim] sample:		4412.46 time, 4440.01 real, 97 MB, 55.18 load
[runlim] sample:		4422.39 time, 4450.01 real, 117 MB, 55.16 load
[runlim] sample:		4432.33 time, 4460.01 real, 117 MB, 55.20 load
[runlim] sample:		4442.27 time, 4470.01 real, 117 MB, 55.33 load
[runlim] sample:		4452.21 time, 4480.01 real, 117 MB, 55.28 load
[runlim] sample:		4462.15 time, 4490.01 real, 117 MB, 55.23 load
[runlim] sample:		4472.09 time, 4500.01 real, 117 MB, 55.28 load
[runlim] sample:		4482.03 time, 4510.01 real, 117 MB, 55.38 load
[runlim] sample:		4491.97 time, 4520.01 real, 117 MB, 55.32 load
[runlim] sample:		4501.91 time, 4530.01 real, 117 MB, 55.27 load
[runlim] sample:		4511.85 time, 4540.01 real, 117 MB, 55.30 load
[runlim] sample:		4521.79 time, 4550.01 real, 117 MB, 55.26 load
[runlim] sample:		4531.73 time, 4560.01 real, 117 MB, 55.38 load
[runlim] sample:		4541.67 time, 4570.01 real, 117 MB, 55.32 load
[runlim] sample:		4551.61 time, 4580.01 real, 117 MB, 55.35 load
[runlim] sample:		4561.55 time, 4590.01 real, 117 MB, 55.30 load
[runlim] sample:		4571.49 time, 4600.01 real, 117 MB, 55.25 load
[runlim] sample:		4581.44 time, 4610.01 real, 117 MB, 55.21 load
[runlim] sample:		4591.38 time, 4620.01 real, 117 MB, 55.18 load
[runlim] sample:		4601.32 time, 4630.01 real, 117 MB, 55.30 load
[runlim] sample:		4611.26 time, 4640.01 real, 117 MB, 55.33 load
[runlim] sample:		4621.20 time, 4650.01 real, 117 MB, 55.28 load
[runlim] sample:		4631.14 time, 4660.01 real, 117 MB, 55.24 load
[runlim] sample:		4641.08 time, 4670.01 real, 117 MB, 55.20 load
[runlim] sample:		4651.03 time, 4680.01 real, 117 MB, 55.24 load
[runlim] sample:		4660.97 time, 4690.01 real, 117 MB, 55.21 load
[runlim] sample:		4670.88 time, 4700.01 real, 117 MB, 55.33 load
[runlim] sample:		4680.82 time, 4710.01 real, 117 MB, 55.43 load
[runlim] sample:		4690.76 time, 4720.01 real, 117 MB, 55.36 load
[runlim] sample:		4700.70 time, 4730.01 real, 117 MB, 55.30 load
[runlim] sample:		4710.64 time, 4740.01 real, 121 MB, 55.26 load
[runlim] sample:		4720.59 time, 4750.01 real, 121 MB, 55.22 load
[runlim] sample:		4730.54 time, 4760.01 real, 121 MB, 55.26 load
[runlim] sample:		4740.47 time, 4770.01 real, 121 MB, 55.30 load
[runlim] sample:		4750.41 time, 4780.01 real, 121 MB, 55.25 load
[runlim] sample:		4760.35 time, 4790.01 real, 121 MB, 55.21 load
[runlim] sample:		4770.30 time, 4800.01 real, 121 MB, 55.18 load
[runlim] sample:		4780.23 time, 4810.01 real, 121 MB, 55.15 load
[runlim] sample:		4790.17 time, 4820.01 real, 121 MB, 55.21 load
[runlim] sample:		4800.12 time, 4830.01 real, 121 MB, 55.25 load
[runlim] sample:		4810.06 time, 4840.01 real, 121 MB, 55.37 load
[runlim] sample:		4820.00 time, 4850.01 real, 121 MB, 55.31 load
[runlim] sample:		4829.94 time, 4860.01 real, 121 MB, 55.27 load
[runlim] sample:		4839.88 time, 4870.01 real, 121 MB, 55.22 load
[runlim] sample:		4849.82 time, 4880.01 real, 121 MB, 55.27 load
[runlim] sample:		4859.76 time, 4890.01 real, 121 MB, 55.23 load
[runlim] sample:		4869.70 time, 4900.01 real, 121 MB, 55.19 load
[runlim] sample:		4879.65 time, 4910.01 real, 123 MB, 55.16 load
[runlim] sample:		4889.59 time, 4920.01 real, 123 MB, 55.14 load
[runlim] sample:		4899.53 time, 4930.01 real, 123 MB, 55.20 load
[runlim] sample:		4909.48 time, 4940.01 real, 142 MB, 55.25 load
[runlim] sample:		4919.42 time, 4950.01 real, 142 MB, 55.21 load
[runlim] sample:		4929.36 time, 4960.01 real, 142 MB, 55.17 load
[runlim] sample:		4939.30 time, 4970.01 real, 142 MB, 55.22 load
[runlim] sample:		4949.24 time, 4980.01 real, 84 MB, 55.19 load
[runlim] sample:		4959.18 time, 4990.01 real, 84 MB, 54.22 load
[runlim] sample:		4969.13 time, 5000.01 real, 84 MB, 52.10 load
[runlim] end:			Thu Apr  9 21:43:20 2026
[runlim] status:		out of time
[runlim] result:		2
[runlim] children:		1
[runlim] processes:		2
[runlim] real:			5000.05 seconds
[runlim] time:			4969.13 seconds
[runlim] space:			142 MB
[runlim] load:			59.26 maximum
[runlim] samples:		50000
