[runlim] version:		2.0.0rc1
[runlim] host:			m07n01
[runlim] time limit:		311040000 seconds
[runlim] real time limit:	5000 seconds
[runlim] space limit:		7000 MB
[runlim] argv[0]:		./binary
[runlim] argv[1]:		-c
[runlim] argv[2]:		-f
[runlim] argv[3]:		/tmp/local-unzipped-12459992-1-40-mc2025_track1_123.cnf
[runlim] start:			Thu Apr  9 20:20:17 2026
[runlim] child:			2262762
[runlim] sample:		9.94 time, 10.01 real, 23 MB, 30.81 load
[runlim] sample:		19.88 time, 20.01 real, 28 MB, 34.62 load
[runlim] sample:		29.81 time, 30.01 real, 29 MB, 39.06 load
[runlim] sample:		39.73 time, 40.01 real, 33 MB, 42.82 load
[runlim] sample:		49.58 time, 50.01 real, 39 MB, 46.88 load
[runlim] sample:		59.52 time, 60.01 real, 49 MB, 49.29 load
[runlim] sample:		69.45 time, 70.01 real, 63 MB, 51.32 load
[runlim] sample:		79.40 time, 80.01 real, 55 MB, 52.88 load
[runlim] sample:		89.35 time, 90.01 real, 55 MB, 54.13 load
[runlim] sample:		99.29 time, 100.01 real, 69 MB, 55.19 load
[runlim] sample:		109.23 time, 110.01 real, 55 MB, 56.08 load
[runlim] sample:		119.17 time, 120.01 real, 71 MB, 56.84 load
[runlim] end:			Thu Apr  9 20:22:23 2026
[runlim] status:		ok
[runlim] result:		0
[runlim] children:		1
[runlim] processes:		2
[runlim] real:			126.02 seconds
[runlim] time:			125.14 seconds
[runlim] space:			71 MB
[runlim] load:			57.17 maximum
[runlim] samples:		1260
