[runlim] version:		2.0.0rc1
[runlim] host:			m07n01
[runlim] time limit:		311040000 seconds
[runlim] real time limit:	5000 seconds
[runlim] space limit:		7000 MB
[runlim] argv[0]:		./binary
[runlim] argv[1]:		-c
[runlim] argv[2]:		-f
[runlim] argv[3]:		/tmp/local-unzipped-12459992-1-36-mc2025_track1_119.cnf
[runlim] start:			Thu Apr  9 20:20:13 2026
[runlim] child:			2262630
[runlim] sample:		9.95 time, 10.01 real, 8 MB, 29.22 load
[runlim] sample:		19.89 time, 20.01 real, 8 MB, 32.59 load
[runlim] sample:		29.83 time, 30.01 real, 8 MB, 36.97 load
[runlim] sample:		39.77 time, 40.01 real, 8 MB, 40.98 load
[runlim] sample:		49.69 time, 50.01 real, 8 MB, 45.48 load
[runlim] sample:		59.61 time, 60.01 real, 8 MB, 48.09 load
[runlim] sample:		69.54 time, 70.01 real, 8 MB, 50.30 load
[runlim] sample:		79.49 time, 80.01 real, 8 MB, 52.18 load
[runlim] sample:		89.43 time, 90.01 real, 8 MB, 53.53 load
[runlim] sample:		99.38 time, 100.01 real, 8 MB, 54.68 load
[runlim] sample:		109.32 time, 110.01 real, 8 MB, 55.65 load
[runlim] sample:		119.26 time, 120.01 real, 8 MB, 56.48 load
[runlim] sample:		129.21 time, 130.01 real, 8 MB, 57.17 load
[runlim] sample:		139.15 time, 140.01 real, 8 MB, 57.69 load
[runlim] sample:		149.10 time, 150.01 real, 8 MB, 58.04 load
[runlim] sample:		159.03 time, 160.01 real, 8 MB, 58.35 load
[runlim] sample:		168.97 time, 170.01 real, 8 MB, 58.53 load
[runlim] sample:		178.91 time, 180.01 real, 8 MB, 58.67 load
[runlim] sample:		188.85 time, 190.01 real, 8 MB, 58.88 load
[runlim] sample:		198.80 time, 200.01 real, 8 MB, 58.90 load
[runlim] sample:		208.74 time, 210.01 real, 8 MB, 58.91 load
[runlim] sample:		218.69 time, 220.01 real, 8 MB, 58.93 load
[runlim] sample:		228.60 time, 230.01 real, 8 MB, 59.25 load
[runlim] sample:		238.54 time, 240.01 real, 8 MB, 59.21 load
[runlim] sample:		248.49 time, 250.01 real, 8 MB, 59.26 load
[runlim] sample:		258.40 time, 260.01 real, 8 MB, 59.22 load
[runlim] sample:		268.34 time, 270.01 real, 8 MB, 59.18 load
[runlim] sample:		278.28 time, 280.01 real, 8 MB, 59.00 load
[runlim] sample:		288.17 time, 290.01 real, 8 MB, 59.01 load
[runlim] sample:		298.12 time, 300.01 real, 8 MB, 58.85 load
[runlim] sample:		308.06 time, 310.01 real, 8 MB, 58.72 load
[runlim] sample:		317.97 time, 320.01 real, 8 MB, 58.61 load
[runlim] sample:		327.92 time, 330.01 real, 8 MB, 58.52 load
[runlim] sample:		337.86 time, 340.01 real, 8 MB, 58.44 load
[runlim] sample:		347.80 time, 350.01 real, 8 MB, 58.45 load
[runlim] sample:		357.74 time, 360.01 real, 8 MB, 58.38 load
[runlim] sample:		367.68 time, 370.01 real, 8 MB, 58.32 load
[runlim] sample:		377.62 time, 380.01 real, 8 MB, 58.27 load
[runlim] sample:		387.57 time, 390.01 real, 8 MB, 58.23 load
[runlim] sample:		397.51 time, 400.01 real, 8 MB, 58.19 load
[runlim] sample:		407.43 time, 410.01 real, 8 MB, 58.16 load
[runlim] sample:		417.37 time, 420.01 real, 8 MB, 58.43 load
[runlim] sample:		427.33 time, 430.01 real, 8 MB, 58.21 load
[runlim] sample:		437.27 time, 440.01 real, 8 MB, 58.02 load
[runlim] sample:		447.22 time, 450.01 real, 8 MB, 57.95 load
[runlim] sample:		457.16 time, 460.01 real, 8 MB, 57.80 load
[runlim] sample:		467.10 time, 470.01 real, 8 MB, 57.68 load
[runlim] sample:		477.04 time, 480.01 real, 8 MB, 57.49 load
[runlim] sample:		486.98 time, 490.01 real, 8 MB, 57.26 load
[runlim] sample:		496.92 time, 500.01 real, 8 MB, 57.14 load
[runlim] sample:		506.86 time, 510.01 real, 8 MB, 56.97 load
[runlim] sample:		516.80 time, 520.01 real, 8 MB, 56.82 load
[runlim] sample:		526.74 time, 530.01 real, 8 MB, 56.77 load
[runlim] sample:		536.68 time, 540.01 real, 8 MB, 56.73 load
[runlim] sample:		546.62 time, 550.01 real, 8 MB, 56.69 load
[runlim] sample:		556.56 time, 560.01 real, 8 MB, 56.58 load
[runlim] sample:		566.50 time, 570.01 real, 8 MB, 56.64 load
[runlim] sample:		576.44 time, 580.01 real, 8 MB, 56.54 load
[runlim] sample:		586.36 time, 590.01 real, 8 MB, 56.46 load
[runlim] sample:		596.30 time, 600.01 real, 8 MB, 56.39 load
[runlim] sample:		606.24 time, 610.01 real, 8 MB, 56.41 load
[runlim] sample:		616.18 time, 620.01 real, 8 MB, 56.34 load
[runlim] sample:		626.12 time, 630.01 real, 8 MB, 56.36 load
[runlim] sample:		636.06 time, 640.01 real, 8 MB, 56.31 load
[runlim] sample:		646.00 time, 650.01 real, 8 MB, 56.33 load
[runlim] sample:		655.92 time, 660.01 real, 8 MB, 56.28 load
[runlim] sample:		665.86 time, 670.01 real, 8 MB, 56.24 load
[runlim] sample:		675.79 time, 680.01 real, 8 MB, 56.20 load
[runlim] sample:		685.73 time, 690.01 real, 8 MB, 56.33 load
[runlim] sample:		695.67 time, 700.01 real, 8 MB, 56.28 load
[runlim] sample:		705.61 time, 710.01 real, 8 MB, 56.24 load
[runlim] sample:		715.55 time, 720.01 real, 8 MB, 56.20 load
[runlim] sample:		725.49 time, 730.01 real, 8 MB, 56.32 load
[runlim] sample:		735.43 time, 740.01 real, 8 MB, 56.27 load
[runlim] sample:		745.38 time, 750.01 real, 8 MB, 56.39 load
[runlim] sample:		755.32 time, 760.01 real, 8 MB, 56.33 load
[runlim] sample:		765.26 time, 770.01 real, 8 MB, 56.35 load
[runlim] sample:		775.20 time, 780.01 real, 8 MB, 56.30 load
[runlim] sample:		785.14 time, 790.01 real, 8 MB, 56.25 load
[runlim] sample:		795.08 time, 800.01 real, 8 MB, 56.21 load
[runlim] sample:		805.02 time, 810.01 real, 8 MB, 56.25 load
[runlim] sample:		814.96 time, 820.01 real, 8 MB, 56.21 load
[runlim] sample:		824.90 time, 830.01 real, 8 MB, 56.26 load
[runlim] sample:		834.84 time, 840.01 real, 8 MB, 56.29 load
[runlim] sample:		844.78 time, 850.01 real, 8 MB, 56.25 load
[runlim] sample:		854.71 time, 860.01 real, 8 MB, 56.21 load
[runlim] sample:		864.65 time, 870.01 real, 8 MB, 56.25 load
[runlim] sample:		874.58 time, 880.01 real, 8 MB, 56.21 load
[runlim] sample:		884.49 time, 890.01 real, 8 MB, 56.18 load
[runlim] sample:		894.42 time, 900.01 real, 8 MB, 56.15 load
[runlim] sample:		904.36 time, 910.01 real, 8 MB, 56.13 load
[runlim] sample:		914.29 time, 920.01 real, 8 MB, 56.18 load
[runlim] sample:		924.22 time, 930.01 real, 8 MB, 56.15 load
[runlim] sample:		934.17 time, 940.01 real, 8 MB, 56.13 load
[runlim] sample:		944.10 time, 950.01 real, 8 MB, 56.34 load
[runlim] sample:		954.04 time, 960.01 real, 8 MB, 56.37 load
[runlim] sample:		963.98 time, 970.01 real, 8 MB, 56.39 load
[runlim] sample:		973.92 time, 980.01 real, 8 MB, 56.48 load
[runlim] sample:		983.86 time, 990.01 real, 8 MB, 56.48 load
[runlim] sample:		993.80 time, 1000.01 real, 8 MB, 56.49 load
[runlim] sample:		1003.74 time, 1010.01 real, 8 MB, 56.57 load
[runlim] sample:		1013.68 time, 1020.01 real, 8 MB, 56.48 load
[runlim] sample:		1023.62 time, 1030.01 real, 8 MB, 56.49 load
[runlim] sample:		1033.56 time, 1040.01 real, 8 MB, 56.48 load
[runlim] sample:		1043.50 time, 1050.01 real, 8 MB, 56.41 load
[runlim] sample:		1053.44 time, 1060.01 real, 8 MB, 56.35 load
[runlim] sample:		1063.38 time, 1070.01 real, 8 MB, 56.29 load
[runlim] sample:		1073.32 time, 1080.01 real, 8 MB, 56.32 load
[runlim] sample:		1083.26 time, 1090.01 real, 8 MB, 56.27 load
[runlim] sample:		1093.20 time, 1100.01 real, 8 MB, 56.30 load
[runlim] sample:		1103.15 time, 1110.01 real, 8 MB, 56.34 load
[runlim] sample:		1113.09 time, 1120.01 real, 8 MB, 56.28 load
[runlim] sample:		1123.02 time, 1130.01 real, 8 MB, 56.31 load
[runlim] sample:		1132.96 time, 1140.01 real, 8 MB, 56.34 load
[runlim] sample:		1142.91 time, 1150.01 real, 8 MB, 56.36 load
[runlim] sample:		1152.85 time, 1160.01 real, 8 MB, 56.31 load
[runlim] sample:		1162.79 time, 1170.01 real, 8 MB, 56.34 load
[runlim] sample:		1172.73 time, 1180.01 real, 8 MB, 56.29 load
[runlim] sample:		1182.65 time, 1190.01 real, 8 MB, 56.32 load
[runlim] sample:		1192.59 time, 1200.01 real, 8 MB, 56.27 load
[runlim] sample:		1202.53 time, 1210.01 real, 8 MB, 56.22 load
[runlim] sample:		1212.47 time, 1220.01 real, 8 MB, 56.27 load
[runlim] sample:		1222.41 time, 1230.01 real, 8 MB, 56.23 load
[runlim] sample:		1232.36 time, 1240.01 real, 8 MB, 56.19 load
[runlim] sample:		1242.29 time, 1250.01 real, 8 MB, 56.24 load
[runlim] sample:		1252.23 time, 1260.01 real, 8 MB, 56.21 load
[runlim] sample:		1262.17 time, 1270.01 real, 8 MB, 56.17 load
[runlim] sample:		1272.11 time, 1280.01 real, 8 MB, 56.39 load
[runlim] sample:		1282.05 time, 1290.01 real, 8 MB, 56.33 load
[runlim] sample:		1291.99 time, 1300.01 real, 8 MB, 56.28 load
[runlim] sample:		1301.93 time, 1310.01 real, 8 MB, 56.23 load
[runlim] sample:		1311.87 time, 1320.01 real, 8 MB, 56.20 load
[runlim] sample:		1321.81 time, 1330.01 real, 8 MB, 56.17 load
[runlim] sample:		1331.76 time, 1340.01 real, 8 MB, 56.29 load
[runlim] sample:		1341.70 time, 1350.01 real, 8 MB, 56.25 load
[runlim] sample:		1351.64 time, 1360.01 real, 8 MB, 56.21 load
[runlim] sample:		1361.57 time, 1370.01 real, 8 MB, 56.18 load
[runlim] sample:		1371.51 time, 1380.01 real, 8 MB, 56.15 load
[runlim] sample:		1381.45 time, 1390.01 real, 8 MB, 56.13 load
[runlim] sample:		1391.40 time, 1400.01 real, 8 MB, 56.11 load
[runlim] sample:		1401.34 time, 1410.01 real, 8 MB, 56.09 load
[runlim] sample:		1411.28 time, 1420.01 real, 8 MB, 56.22 load
[runlim] sample:		1421.21 time, 1430.01 real, 8 MB, 56.19 load
[runlim] sample:		1431.15 time, 1440.01 real, 8 MB, 56.16 load
[runlim] sample:		1441.09 time, 1450.01 real, 8 MB, 56.21 load
[runlim] sample:		1451.03 time, 1460.01 real, 8 MB, 56.34 load
[runlim] sample:		1460.97 time, 1470.01 real, 8 MB, 56.28 load
[runlim] sample:		1470.91 time, 1480.01 real, 8 MB, 56.31 load
[runlim] sample:		1480.83 time, 1490.01 real, 8 MB, 56.27 load
[runlim] sample:		1490.77 time, 1500.01 real, 8 MB, 56.22 load
[runlim] sample:		1500.71 time, 1510.01 real, 8 MB, 56.26 load
[runlim] sample:		1510.64 time, 1520.01 real, 8 MB, 56.37 load
[runlim] sample:		1520.58 time, 1530.01 real, 8 MB, 56.31 load
[runlim] sample:		1530.51 time, 1540.01 real, 8 MB, 56.41 load
[runlim] sample:		1540.44 time, 1550.01 real, 8 MB, 56.43 load
[runlim] sample:		1550.38 time, 1560.01 real, 8 MB, 56.36 load
[runlim] sample:		1560.32 time, 1570.01 real, 8 MB, 56.31 load
[runlim] sample:		1570.26 time, 1580.01 real, 8 MB, 56.26 load
[runlim] sample:		1580.20 time, 1590.01 real, 8 MB, 56.22 load
[runlim] sample:		1590.14 time, 1600.01 real, 8 MB, 56.18 load
[runlim] sample:		1600.08 time, 1610.01 real, 8 MB, 56.24 load
[runlim] sample:		1610.01 time, 1620.01 real, 8 MB, 56.20 load
[runlim] sample:		1619.95 time, 1630.01 real, 8 MB, 56.25 load
[runlim] sample:		1629.89 time, 1640.01 real, 8 MB, 56.21 load
[runlim] sample:		1639.83 time, 1650.01 real, 8 MB, 56.18 load
[runlim] sample:		1649.77 time, 1660.01 real, 8 MB, 56.15 load
[runlim] sample:		1659.71 time, 1670.01 real, 8 MB, 56.13 load
[runlim] sample:		1669.65 time, 1680.01 real, 8 MB, 56.11 load
[runlim] sample:		1679.59 time, 1690.01 real, 8 MB, 56.25 load
[runlim] sample:		1689.53 time, 1700.01 real, 8 MB, 56.21 load
[runlim] sample:		1699.47 time, 1710.01 real, 8 MB, 56.02 load
[runlim] sample:		1709.41 time, 1720.01 real, 8 MB, 56.03 load
[runlim] sample:		1719.34 time, 1730.01 real, 8 MB, 55.87 load
[runlim] sample:		1729.28 time, 1740.01 real, 8 MB, 55.73 load
[runlim] sample:		1739.23 time, 1750.01 real, 8 MB, 55.70 load
[runlim] sample:		1749.17 time, 1760.01 real, 8 MB, 55.59 load
[runlim] sample:		1759.11 time, 1770.01 real, 8 MB, 55.50 load
[runlim] sample:		1769.05 time, 1780.01 real, 8 MB, 55.42 load
[runlim] sample:		1778.98 time, 1790.01 real, 8 MB, 55.52 load
[runlim] sample:		1788.92 time, 1800.01 real, 8 MB, 55.44 load
[runlim] sample:		1798.86 time, 1810.01 real, 8 MB, 55.37 load
[runlim] sample:		1808.80 time, 1820.01 real, 8 MB, 55.31 load
[runlim] sample:		1818.74 time, 1830.01 real, 8 MB, 55.27 load
[runlim] sample:		1828.68 time, 1840.01 real, 8 MB, 55.30 load
[runlim] sample:		1838.61 time, 1850.01 real, 8 MB, 55.25 load
[runlim] sample:		1848.55 time, 1860.01 real, 8 MB, 55.21 load
[runlim] sample:		1858.49 time, 1870.01 real, 8 MB, 55.18 load
[runlim] sample:		1868.43 time, 1880.01 real, 8 MB, 55.23 load
[runlim] sample:		1878.37 time, 1890.01 real, 8 MB, 55.28 load
[runlim] sample:		1888.31 time, 1900.01 real, 8 MB, 55.23 load
[runlim] sample:		1898.25 time, 1910.01 real, 8 MB, 55.20 load
[runlim] sample:		1908.19 time, 1920.01 real, 8 MB, 55.32 load
[runlim] sample:		1918.13 time, 1930.01 real, 8 MB, 55.27 load
[runlim] sample:		1928.07 time, 1940.01 real, 8 MB, 55.23 load
[runlim] sample:		1938.01 time, 1950.01 real, 8 MB, 55.27 load
[runlim] sample:		1947.95 time, 1960.01 real, 8 MB, 55.23 load
[runlim] sample:		1957.89 time, 1970.01 real, 8 MB, 55.20 load
[runlim] sample:		1967.83 time, 1980.01 real, 8 MB, 55.16 load
[runlim] sample:		1977.77 time, 1990.01 real, 8 MB, 55.14 load
[runlim] sample:		1987.72 time, 2000.01 real, 8 MB, 55.12 load
[runlim] sample:		1997.66 time, 2010.01 real, 8 MB, 55.17 load
[runlim] sample:		2007.60 time, 2020.01 real, 8 MB, 55.15 load
[runlim] sample:		2017.53 time, 2030.01 real, 8 MB, 55.44 load
[runlim] sample:		2027.47 time, 2040.01 real, 8 MB, 55.46 load
[runlim] sample:		2037.42 time, 2050.01 real, 8 MB, 55.47 load
[runlim] sample:		2047.36 time, 2060.01 real, 8 MB, 55.39 load
[runlim] sample:		2057.30 time, 2070.01 real, 8 MB, 55.33 load
[runlim] sample:		2067.24 time, 2080.01 real, 8 MB, 55.28 load
[runlim] sample:		2077.17 time, 2090.01 real, 8 MB, 55.24 load
[runlim] sample:		2087.11 time, 2100.01 real, 8 MB, 55.20 load
[runlim] sample:		2097.06 time, 2110.01 real, 8 MB, 55.33 load
[runlim] sample:		2107.00 time, 2120.01 real, 8 MB, 55.36 load
[runlim] sample:		2116.94 time, 2130.01 real, 8 MB, 55.30 load
[runlim] sample:		2126.88 time, 2140.01 real, 8 MB, 55.34 load
[runlim] sample:		2136.81 time, 2150.01 real, 8 MB, 55.29 load
[runlim] sample:		2146.75 time, 2160.01 real, 8 MB, 55.24 load
[runlim] sample:		2156.69 time, 2170.01 real, 8 MB, 55.20 load
[runlim] sample:		2166.63 time, 2180.01 real, 8 MB, 55.33 load
[runlim] sample:		2176.57 time, 2190.01 real, 8 MB, 55.36 load
[runlim] sample:		2186.51 time, 2200.01 real, 8 MB, 55.38 load
[runlim] sample:		2196.45 time, 2210.01 real, 8 MB, 55.40 load
[runlim] sample:		2206.39 time, 2220.01 real, 8 MB, 55.34 load
[runlim] sample:		2216.33 time, 2230.01 real, 8 MB, 55.29 load
[runlim] sample:		2226.27 time, 2240.01 real, 8 MB, 55.40 load
[runlim] sample:		2236.21 time, 2250.01 real, 8 MB, 55.50 load
[runlim] sample:		2246.16 time, 2260.01 real, 8 MB, 55.50 load
[runlim] sample:		2256.09 time, 2270.01 real, 8 MB, 55.43 load
[runlim] sample:		2266.04 time, 2280.01 real, 8 MB, 55.36 load
[runlim] sample:		2275.98 time, 2290.01 real, 8 MB, 55.46 load
[runlim] sample:		2285.92 time, 2300.01 real, 8 MB, 55.62 load
[runlim] sample:		2295.86 time, 2310.01 real, 8 MB, 55.76 load
[runlim] sample:		2305.80 time, 2320.01 real, 8 MB, 55.88 load
[runlim] sample:		2315.74 time, 2330.01 real, 8 MB, 55.90 load
[runlim] sample:		2325.68 time, 2340.01 real, 8 MB, 56.07 load
[runlim] sample:		2335.63 time, 2350.01 real, 8 MB, 56.14 load
[runlim] sample:		2345.57 time, 2360.01 real, 8 MB, 56.20 load
[runlim] sample:		2355.52 time, 2370.01 real, 8 MB, 56.24 load
[runlim] sample:		2365.46 time, 2380.01 real, 8 MB, 56.36 load
[runlim] sample:		2375.38 time, 2390.01 real, 8 MB, 56.30 load
[runlim] sample:		2385.32 time, 2400.01 real, 8 MB, 56.25 load
[runlim] sample:		2395.26 time, 2410.01 real, 8 MB, 56.06 load
[runlim] sample:		2405.20 time, 2420.01 real, 8 MB, 56.14 load
[runlim] sample:		2415.14 time, 2430.01 real, 8 MB, 55.96 load
[runlim] sample:		2425.08 time, 2440.01 real, 8 MB, 55.89 load
[runlim] sample:		2435.02 time, 2450.01 real, 8 MB, 55.91 load
[runlim] sample:		2444.96 time, 2460.01 real, 8 MB, 55.77 load
[runlim] sample:		2454.90 time, 2470.01 real, 8 MB, 55.65 load
[runlim] sample:		2464.84 time, 2480.01 real, 8 MB, 55.79 load
[runlim] sample:		2474.78 time, 2490.01 real, 8 MB, 55.67 load
[runlim] sample:		2484.72 time, 2500.01 real, 8 MB, 55.65 load
[runlim] sample:		2494.65 time, 2510.01 real, 8 MB, 55.63 load
[runlim] sample:		2504.59 time, 2520.01 real, 8 MB, 55.53 load
[runlim] sample:		2514.53 time, 2530.01 real, 8 MB, 55.45 load
[runlim] sample:		2524.47 time, 2540.01 real, 8 MB, 55.38 load
[runlim] sample:		2534.41 time, 2550.01 real, 8 MB, 55.32 load
[runlim] sample:		2544.35 time, 2560.01 real, 8 MB, 55.35 load
[runlim] sample:		2554.29 time, 2570.01 real, 8 MB, 55.37 load
[runlim] sample:		2564.23 time, 2580.01 real, 8 MB, 55.31 load
[runlim] sample:		2574.17 time, 2590.01 real, 8 MB, 55.26 load
[runlim] sample:		2584.11 time, 2600.01 real, 8 MB, 55.30 load
[runlim] sample:		2594.05 time, 2610.01 real, 8 MB, 55.25 load
[runlim] sample:		2603.99 time, 2620.01 real, 8 MB, 55.21 load
[runlim] sample:		2613.93 time, 2630.01 real, 8 MB, 55.25 load
[runlim] sample:		2623.86 time, 2640.01 real, 8 MB, 55.21 load
[runlim] sample:		2633.80 time, 2650.01 real, 8 MB, 55.18 load
[runlim] sample:		2643.74 time, 2660.01 real, 8 MB, 55.15 load
[runlim] sample:		2653.68 time, 2670.01 real, 8 MB, 55.13 load
[runlim] sample:		2663.62 time, 2680.01 real, 8 MB, 55.11 load
[runlim] sample:		2673.54 time, 2690.01 real, 8 MB, 55.17 load
[runlim] sample:		2683.48 time, 2700.01 real, 8 MB, 55.14 load
[runlim] sample:		2693.42 time, 2710.01 real, 8 MB, 55.12 load
[runlim] sample:		2703.36 time, 2720.01 real, 8 MB, 55.10 load
[runlim] sample:		2713.30 time, 2730.01 real, 8 MB, 55.09 load
[runlim] sample:		2723.24 time, 2740.01 real, 8 MB, 55.07 load
[runlim] sample:		2733.17 time, 2750.01 real, 8 MB, 55.22 load
[runlim] sample:		2743.11 time, 2760.01 real, 8 MB, 55.18 load
[runlim] sample:		2753.05 time, 2770.01 real, 8 MB, 55.15 load
[runlim] sample:		2762.99 time, 2780.01 real, 8 MB, 55.13 load
[runlim] sample:		2772.93 time, 2790.01 real, 8 MB, 55.11 load
[runlim] sample:		2782.87 time, 2800.01 real, 8 MB, 55.09 load
[runlim] sample:		2792.80 time, 2810.01 real, 8 MB, 55.16 load
[runlim] sample:		2802.74 time, 2820.01 real, 8 MB, 55.21 load
[runlim] sample:		2812.68 time, 2830.01 real, 8 MB, 55.18 load
[runlim] sample:		2822.62 time, 2840.01 real, 8 MB, 55.15 load
[runlim] sample:		2832.56 time, 2850.01 real, 8 MB, 55.13 load
[runlim] sample:		2842.50 time, 2860.01 real, 8 MB, 55.18 load
[runlim] sample:		2852.44 time, 2870.01 real, 8 MB, 55.15 load
[runlim] sample:		2862.38 time, 2880.02 real, 8 MB, 55.21 load
[runlim] sample:		2872.32 time, 2890.01 real, 8 MB, 55.18 load
[runlim] sample:		2882.25 time, 2900.01 real, 8 MB, 55.15 load
[runlim] sample:		2892.19 time, 2910.01 real, 8 MB, 55.13 load
[runlim] sample:		2902.13 time, 2920.01 real, 8 MB, 55.11 load
[runlim] sample:		2912.07 time, 2930.01 real, 8 MB, 55.09 load
[runlim] sample:		2922.00 time, 2940.01 real, 8 MB, 55.16 load
[runlim] sample:		2931.94 time, 2950.01 real, 8 MB, 55.21 load
[runlim] sample:		2941.88 time, 2960.01 real, 8 MB, 55.18 load
[runlim] sample:		2951.82 time, 2970.01 real, 8 MB, 55.15 load
[runlim] sample:		2961.76 time, 2980.01 real, 8 MB, 55.13 load
[runlim] sample:		2971.68 time, 2990.01 real, 8 MB, 55.11 load
[runlim] sample:		2981.62 time, 3000.01 real, 8 MB, 55.17 load
[runlim] sample:		2991.56 time, 3010.01 real, 8 MB, 55.14 load
[runlim] sample:		3001.50 time, 3020.01 real, 8 MB, 55.12 load
[runlim] sample:		3011.44 time, 3030.01 real, 8 MB, 55.10 load
[runlim] sample:		3021.37 time, 3040.01 real, 8 MB, 55.09 load
[runlim] sample:		3031.31 time, 3050.01 real, 8 MB, 55.07 load
[runlim] sample:		3041.25 time, 3060.01 real, 8 MB, 55.38 load
[runlim] sample:		3051.19 time, 3070.01 real, 8 MB, 55.32 load
[runlim] sample:		3061.13 time, 3080.01 real, 8 MB, 55.27 load
[runlim] sample:		3071.07 time, 3090.01 real, 8 MB, 55.23 load
[runlim] sample:		3081.01 time, 3100.01 real, 8 MB, 55.27 load
[runlim] sample:		3090.95 time, 3110.01 real, 8 MB, 55.31 load
[runlim] sample:		3100.89 time, 3120.01 real, 8 MB, 55.26 load
[runlim] sample:		3110.82 time, 3130.01 real, 8 MB, 55.22 load
[runlim] sample:		3120.76 time, 3140.01 real, 8 MB, 55.18 load
[runlim] sample:		3130.70 time, 3150.01 real, 8 MB, 55.16 load
[runlim] sample:		3140.64 time, 3160.01 real, 8 MB, 55.21 load
[runlim] sample:		3150.58 time, 3170.01 real, 8 MB, 55.25 load
[runlim] sample:		3160.52 time, 3180.01 real, 8 MB, 55.29 load
[runlim] sample:		3170.45 time, 3190.01 real, 8 MB, 55.41 load
[runlim] sample:		3180.40 time, 3200.01 real, 8 MB, 55.35 load
[runlim] sample:		3190.34 time, 3210.01 real, 8 MB, 55.29 load
[runlim] sample:		3200.27 time, 3220.01 real, 8 MB, 55.25 load
[runlim] sample:		3210.21 time, 3230.01 real, 8 MB, 55.21 load
[runlim] sample:		3220.15 time, 3240.01 real, 8 MB, 55.34 load
[runlim] sample:		3230.09 time, 3250.01 real, 8 MB, 55.36 load
[runlim] sample:		3240.03 time, 3260.01 real, 8 MB, 55.31 load
[runlim] sample:		3249.97 time, 3270.01 real, 8 MB, 55.26 load
[runlim] sample:		3259.91 time, 3280.01 real, 8 MB, 55.22 load
[runlim] sample:		3269.84 time, 3290.01 real, 8 MB, 55.18 load
[runlim] sample:		3279.78 time, 3300.01 real, 8 MB, 55.24 load
[runlim] sample:		3289.72 time, 3310.01 real, 8 MB, 55.20 load
[runlim] sample:		3299.66 time, 3320.01 real, 8 MB, 55.17 load
[runlim] sample:		3309.60 time, 3330.01 real, 8 MB, 55.14 load
[runlim] sample:		3319.54 time, 3340.01 real, 8 MB, 55.12 load
[runlim] sample:		3329.47 time, 3350.01 real, 8 MB, 55.18 load
[runlim] sample:		3339.41 time, 3360.01 real, 8 MB, 55.15 load
[runlim] sample:		3349.35 time, 3370.01 real, 8 MB, 55.12 load
[runlim] sample:		3359.29 time, 3380.01 real, 8 MB, 55.19 load
[runlim] sample:		3369.23 time, 3390.01 real, 8 MB, 55.24 load
[runlim] sample:		3379.17 time, 3400.01 real, 8 MB, 55.28 load
[runlim] sample:		3389.11 time, 3410.01 real, 8 MB, 55.24 load
[runlim] sample:		3399.05 time, 3420.01 real, 8 MB, 55.27 load
[runlim] sample:		3408.99 time, 3430.01 real, 8 MB, 55.31 load
[runlim] sample:		3418.93 time, 3440.01 real, 8 MB, 55.26 load
[runlim] sample:		3428.87 time, 3450.01 real, 8 MB, 55.30 load
[runlim] sample:		3438.81 time, 3460.01 real, 8 MB, 55.25 load
[runlim] sample:		3448.75 time, 3470.01 real, 8 MB, 55.21 load
[runlim] sample:		3458.69 time, 3480.01 real, 8 MB, 55.18 load
[runlim] sample:		3468.63 time, 3490.01 real, 8 MB, 55.15 load
[runlim] sample:		3478.57 time, 3500.01 real, 8 MB, 55.13 load
[runlim] sample:		3488.51 time, 3510.01 real, 8 MB, 55.11 load
[runlim] sample:		3498.45 time, 3520.01 real, 8 MB, 55.16 load
[runlim] sample:		3508.39 time, 3530.01 real, 8 MB, 55.22 load
[runlim] sample:		3518.34 time, 3540.01 real, 8 MB, 55.18 load
[runlim] sample:		3528.28 time, 3550.01 real, 8 MB, 55.16 load
[runlim] sample:		3538.22 time, 3560.01 real, 8 MB, 55.21 load
[runlim] sample:		3548.16 time, 3570.01 real, 8 MB, 55.25 load
[runlim] sample:		3558.10 time, 3580.01 real, 8 MB, 55.21 load
[runlim] sample:		3568.03 time, 3590.01 real, 8 MB, 55.18 load
[runlim] sample:		3577.97 time, 3600.01 real, 8 MB, 55.23 load
[runlim] sample:		3587.91 time, 3610.01 real, 8 MB, 55.27 load
[runlim] sample:		3597.86 time, 3620.01 real, 8 MB, 55.23 load
[runlim] sample:		3607.80 time, 3630.01 real, 8 MB, 55.27 load
[runlim] sample:		3617.74 time, 3640.01 real, 8 MB, 55.30 load
[runlim] sample:		3627.68 time, 3650.01 real, 8 MB, 55.33 load
[runlim] sample:		3637.62 time, 3660.01 real, 8 MB, 55.28 load
[runlim] sample:		3647.56 time, 3670.01 real, 8 MB, 55.24 load
[runlim] sample:		3657.50 time, 3680.01 real, 8 MB, 55.27 load
[runlim] sample:		3667.45 time, 3690.01 real, 8 MB, 55.47 load
[runlim] sample:		3677.39 time, 3700.01 real, 8 MB, 55.40 load
[runlim] sample:		3687.33 time, 3710.01 real, 8 MB, 55.41 load
[runlim] sample:		3697.27 time, 3720.01 real, 8 MB, 55.35 load
[runlim] sample:		3707.21 time, 3730.01 real, 8 MB, 55.44 load
[runlim] sample:		3717.15 time, 3740.01 real, 8 MB, 55.37 load
[runlim] sample:		3727.09 time, 3750.01 real, 8 MB, 55.39 load
[runlim] sample:		3737.03 time, 3760.01 real, 8 MB, 55.33 load
[runlim] sample:		3746.96 time, 3770.01 real, 8 MB, 55.28 load
[runlim] sample:		3756.90 time, 3780.01 real, 8 MB, 55.24 load
[runlim] sample:		3766.84 time, 3790.01 real, 8 MB, 55.35 load
[runlim] sample:		3776.78 time, 3800.01 real, 8 MB, 55.29 load
[runlim] sample:		3786.72 time, 3810.01 real, 8 MB, 55.25 load
[runlim] sample:		3796.66 time, 3820.01 real, 8 MB, 55.21 load
[runlim] sample:		3806.60 time, 3830.01 real, 8 MB, 55.26 load
[runlim] sample:		3816.54 time, 3840.01 real, 8 MB, 55.22 load
[runlim] sample:		3826.48 time, 3850.01 real, 8 MB, 55.26 load
[runlim] sample:		3836.42 time, 3860.01 real, 8 MB, 55.22 load
[runlim] sample:		3846.36 time, 3870.01 real, 8 MB, 55.18 load
[runlim] sample:		3856.30 time, 3880.01 real, 8 MB, 55.16 load
[runlim] sample:		3866.22 time, 3890.01 real, 8 MB, 55.13 load
[runlim] sample:		3876.17 time, 3900.01 real, 8 MB, 55.11 load
[runlim] sample:		3886.11 time, 3910.01 real, 8 MB, 55.09 load
[runlim] sample:		3896.05 time, 3920.01 real, 8 MB, 55.15 load
[runlim] sample:		3905.99 time, 3930.01 real, 8 MB, 55.20 load
[runlim] sample:		3915.93 time, 3940.01 real, 8 MB, 55.17 load
[runlim] sample:		3925.87 time, 3950.01 real, 8 MB, 55.22 load
[runlim] sample:		3935.81 time, 3960.01 real, 8 MB, 55.27 load
[runlim] sample:		3945.75 time, 3970.01 real, 8 MB, 55.23 load
[runlim] sample:		3955.70 time, 3980.01 real, 8 MB, 55.19 load
[runlim] sample:		3965.64 time, 3990.01 real, 8 MB, 55.16 load
[runlim] sample:		3975.58 time, 4000.01 real, 8 MB, 55.14 load
[runlim] sample:		3985.52 time, 4010.01 real, 8 MB, 55.12 load
[runlim] sample:		3995.46 time, 4020.01 real, 8 MB, 55.33 load
[runlim] sample:		4005.40 time, 4030.01 real, 8 MB, 55.36 load
[runlim] sample:		4015.34 time, 4040.01 real, 8 MB, 55.37 load
[runlim] sample:		4025.28 time, 4050.01 real, 8 MB, 55.47 load
[runlim] sample:		4035.22 time, 4060.01 real, 8 MB, 55.40 load
[runlim] sample:		4045.16 time, 4070.01 real, 8 MB, 55.42 load
[runlim] sample:		4055.11 time, 4080.01 real, 8 MB, 55.58 load
[runlim] sample:		4065.05 time, 4090.01 real, 8 MB, 55.56 load
[runlim] sample:		4074.99 time, 4100.01 real, 8 MB, 55.48 load
[runlim] sample:		4084.93 time, 4110.01 real, 8 MB, 55.64 load
[runlim] sample:		4094.88 time, 4120.01 real, 8 MB, 55.54 load
[runlim] sample:		4104.81 time, 4130.01 real, 8 MB, 55.46 load
[runlim] sample:		4114.76 time, 4140.01 real, 8 MB, 55.46 load
[runlim] sample:		4124.70 time, 4150.01 real, 8 MB, 55.39 load
[runlim] sample:		4134.64 time, 4160.01 real, 8 MB, 55.41 load
[runlim] sample:		4144.58 time, 4170.01 real, 8 MB, 55.42 load
[runlim] sample:		4154.52 time, 4180.01 real, 8 MB, 55.35 load
[runlim] sample:		4164.43 time, 4190.01 real, 8 MB, 55.30 load
[runlim] sample:		4174.37 time, 4200.01 real, 8 MB, 55.25 load
[runlim] sample:		4184.32 time, 4210.01 real, 8 MB, 55.21 load
[runlim] sample:		4194.25 time, 4220.01 real, 8 MB, 55.33 load
[runlim] sample:		4204.20 time, 4230.01 real, 8 MB, 55.43 load
[runlim] sample:		4214.14 time, 4240.01 real, 8 MB, 55.37 load
[runlim] sample:		4224.07 time, 4250.01 real, 8 MB, 55.31 load
[runlim] sample:		4234.02 time, 4260.01 real, 8 MB, 55.26 load
[runlim] sample:		4243.96 time, 4270.01 real, 8 MB, 55.22 load
[runlim] sample:		4253.90 time, 4280.01 real, 8 MB, 55.19 load
[runlim] sample:		4263.84 time, 4290.01 real, 8 MB, 55.23 load
[runlim] sample:		4273.78 time, 4300.01 real, 8 MB, 55.19 load
[runlim] sample:		4283.72 time, 4310.01 real, 8 MB, 55.16 load
[runlim] sample:		4293.66 time, 4320.01 real, 8 MB, 55.14 load
[runlim] sample:		4303.61 time, 4330.01 real, 8 MB, 55.20 load
[runlim] sample:		4313.55 time, 4340.01 real, 8 MB, 55.25 load
[runlim] sample:		4323.49 time, 4350.01 real, 8 MB, 55.28 load
[runlim] sample:		4333.43 time, 4360.01 real, 8 MB, 55.31 load
[runlim] sample:		4343.37 time, 4370.01 real, 8 MB, 55.27 load
[runlim] sample:		4353.31 time, 4380.01 real, 8 MB, 55.22 load
[runlim] sample:		4363.25 time, 4390.01 real, 8 MB, 55.19 load
[runlim] sample:		4373.19 time, 4400.01 real, 8 MB, 55.16 load
[runlim] sample:		4383.13 time, 4410.01 real, 8 MB, 55.13 load
[runlim] sample:		4393.07 time, 4420.01 real, 8 MB, 55.11 load
[runlim] sample:		4403.01 time, 4430.01 real, 8 MB, 55.17 load
[runlim] sample:		4412.95 time, 4440.01 real, 8 MB, 55.22 load
[runlim] sample:		4422.90 time, 4450.01 real, 8 MB, 55.27 load
[runlim] sample:		4432.84 time, 4460.01 real, 8 MB, 55.30 load
[runlim] sample:		4442.78 time, 4470.01 real, 8 MB, 55.25 load
[runlim] sample:		4452.72 time, 4480.01 real, 8 MB, 55.21 load
[runlim] sample:		4462.64 time, 4490.01 real, 8 MB, 55.42 load
[runlim] sample:		4472.58 time, 4500.01 real, 8 MB, 55.35 load
[runlim] sample:		4482.52 time, 4510.01 real, 8 MB, 55.30 load
[runlim] sample:		4492.46 time, 4520.01 real, 8 MB, 55.33 load
[runlim] sample:		4502.40 time, 4530.01 real, 8 MB, 55.28 load
[runlim] sample:		4512.35 time, 4540.01 real, 8 MB, 55.24 load
[runlim] sample:		4522.28 time, 4550.01 real, 8 MB, 55.35 load
[runlim] sample:		4532.23 time, 4560.01 real, 8 MB, 55.29 load
[runlim] sample:		4542.17 time, 4570.01 real, 8 MB, 55.32 load
[runlim] sample:		4552.11 time, 4580.01 real, 8 MB, 55.27 load
[runlim] sample:		4562.05 time, 4590.01 real, 8 MB, 55.23 load
[runlim] sample:		4571.99 time, 4600.01 real, 8 MB, 55.19 load
[runlim] sample:		4581.93 time, 4610.01 real, 8 MB, 55.32 load
[runlim] sample:		4591.87 time, 4620.01 real, 8 MB, 55.27 load
[runlim] sample:		4601.82 time, 4630.01 real, 8 MB, 55.31 load
[runlim] sample:		4611.76 time, 4640.01 real, 8 MB, 55.26 load
[runlim] sample:		4621.70 time, 4650.01 real, 8 MB, 55.22 load
[runlim] sample:		4631.64 time, 4660.01 real, 8 MB, 55.26 load
[runlim] sample:		4641.58 time, 4670.01 real, 8 MB, 55.22 load
[runlim] sample:		4651.53 time, 4680.01 real, 8 MB, 55.27 load
[runlim] sample:		4661.47 time, 4690.01 real, 8 MB, 55.46 load
[runlim] sample:		4671.41 time, 4700.01 real, 8 MB, 55.39 load
[runlim] sample:		4681.36 time, 4710.01 real, 8 MB, 55.33 load
[runlim] sample:		4691.30 time, 4720.01 real, 8 MB, 55.28 load
[runlim] sample:		4701.24 time, 4730.01 real, 8 MB, 55.24 load
[runlim] sample:		4711.18 time, 4740.01 real, 8 MB, 55.20 load
[runlim] sample:		4721.12 time, 4750.01 real, 8 MB, 55.32 load
[runlim] sample:		4731.07 time, 4760.01 real, 8 MB, 55.27 load
[runlim] sample:		4741.01 time, 4770.01 real, 8 MB, 55.23 load
[runlim] sample:		4750.95 time, 4780.01 real, 8 MB, 55.19 load
[runlim] sample:		4760.87 time, 4790.01 real, 8 MB, 55.16 load
[runlim] sample:		4770.81 time, 4800.01 real, 8 MB, 55.14 load
[runlim] sample:		4780.75 time, 4810.01 real, 8 MB, 55.27 load
[runlim] sample:		4790.70 time, 4820.01 real, 8 MB, 55.23 load
[runlim] sample:		4800.64 time, 4830.01 real, 8 MB, 55.34 load
[runlim] sample:		4810.58 time, 4840.01 real, 8 MB, 55.29 load
[runlim] sample:		4820.52 time, 4850.01 real, 8 MB, 55.24 load
[runlim] sample:		4830.46 time, 4860.01 real, 8 MB, 55.21 load
[runlim] sample:		4840.40 time, 4870.01 real, 8 MB, 55.25 load
[runlim] sample:		4850.34 time, 4880.01 real, 8 MB, 55.21 load
[runlim] sample:		4860.29 time, 4890.01 real, 8 MB, 55.18 load
[runlim] sample:		4870.23 time, 4900.01 real, 8 MB, 55.15 load
[runlim] sample:		4880.17 time, 4910.01 real, 8 MB, 55.13 load
[runlim] sample:		4890.11 time, 4920.01 real, 8 MB, 55.18 load
[runlim] sample:		4900.05 time, 4930.01 real, 8 MB, 55.23 load
[runlim] sample:		4910.00 time, 4940.01 real, 8 MB, 55.19 load
[runlim] sample:		4919.94 time, 4950.01 real, 8 MB, 55.24 load
[runlim] sample:		4929.88 time, 4960.01 real, 8 MB, 55.20 load
[runlim] sample:		4939.82 time, 4970.01 real, 8 MB, 54.85 load
[runlim] sample:		4949.77 time, 4980.01 real, 8 MB, 53.24 load
[runlim] sample:		4959.71 time, 4990.01 real, 8 MB, 50.73 load
[runlim] sample:		4969.66 time, 5000.01 real, 8 MB, 47.22 load
[runlim] end:			Thu Apr  9 21:43:33 2026
[runlim] status:		out of time
[runlim] result:		2
[runlim] children:		1
[runlim] processes:		2
[runlim] real:			5000.05 seconds
[runlim] time:			4969.66 seconds
[runlim] space:			8 MB
[runlim] load:			59.26 maximum
[runlim] samples:		50000
