[runlim] version:		2.0.0rc1
[runlim] host:			p06n21
[runlim] time limit:		311040000 seconds
[runlim] real time limit:	5000 seconds
[runlim] space limit:		7000 MB
[runlim] argv[0]:		./binary
[runlim] argv[1]:		-c
[runlim] argv[2]:		-f
[runlim] argv[3]:		-s
[runlim] argv[4]:		-r
[runlim] argv[5]:		/tmp/local-unzipped-12181346-7-442-BMS_k3_n100_m429_205.cnf
[runlim] start:			Mon Mar 16 16:49:58 2026
[runlim] child:			2850032
[runlim] sample:		9.96 time, 10.01 real, 4 MB, 7.81 load
[runlim] sample:		19.92 time, 20.01 real, 4 MB, 8.92 load
[runlim] sample:		29.88 time, 30.01 real, 4 MB, 9.62 load
[runlim] sample:		39.84 time, 40.01 real, 4 MB, 9.99 load
[runlim] sample:		49.80 time, 50.01 real, 4 MB, 10.22 load
[runlim] sample:		59.75 time, 60.01 real, 4 MB, 10.19 load
[runlim] sample:		69.71 time, 70.01 real, 4 MB, 10.16 load
[runlim] sample:		79.66 time, 80.01 real, 4 MB, 10.05 load
[runlim] sample:		89.62 time, 90.01 real, 4 MB, 9.89 load
[runlim] sample:		99.58 time, 100.01 real, 4 MB, 9.75 load
[runlim] sample:		109.53 time, 110.01 real, 4 MB, 9.64 load
[runlim] sample:		119.49 time, 120.01 real, 4 MB, 9.62 load
[runlim] sample:		129.44 time, 130.01 real, 4 MB, 9.52 load
[runlim] sample:		139.40 time, 140.01 real, 4 MB, 9.44 load
[runlim] sample:		149.36 time, 150.01 real, 4 MB, 9.37 load
[runlim] sample:		159.31 time, 160.01 real, 4 MB, 9.16 load
[runlim] sample:		169.27 time, 170.01 real, 4 MB, 8.98 load
[runlim] sample:		179.22 time, 180.01 real, 4 MB, 8.83 load
[runlim] sample:		189.18 time, 190.01 real, 4 MB, 8.70 load
[runlim] sample:		199.13 time, 200.01 real, 4 MB, 8.59 load
[runlim] sample:		209.09 time, 210.01 real, 4 MB, 8.50 load
[runlim] sample:		219.05 time, 220.01 real, 4 MB, 8.42 load
[runlim] sample:		229.00 time, 230.01 real, 4 MB, 8.21 load
[runlim] sample:		238.95 time, 240.01 real, 4 MB, 8.10 load
[runlim] sample:		248.91 time, 250.01 real, 4 MB, 7.93 load
[runlim] sample:		258.86 time, 260.01 real, 4 MB, 7.79 load
[runlim] sample:		268.81 time, 270.01 real, 4 MB, 7.67 load
[runlim] sample:		278.76 time, 280.01 real, 4 MB, 7.56 load
[runlim] sample:		288.72 time, 290.01 real, 4 MB, 7.32 load
[runlim] sample:		298.67 time, 300.01 real, 4 MB, 7.12 load
[runlim] sample:		308.63 time, 310.01 real, 4 MB, 6.95 load
[runlim] sample:		318.58 time, 320.01 real, 4 MB, 6.87 load
[runlim] sample:		328.54 time, 330.01 real, 4 MB, 6.74 load
[runlim] sample:		338.49 time, 340.01 real, 4 MB, 6.62 load
[runlim] sample:		348.45 time, 350.01 real, 4 MB, 6.53 load
[runlim] sample:		358.40 time, 360.01 real, 4 MB, 6.45 load
[runlim] sample:		368.36 time, 370.01 real, 4 MB, 6.38 load
[runlim] sample:		378.31 time, 380.01 real, 4 MB, 6.40 load
[runlim] sample:		388.27 time, 390.01 real, 4 MB, 6.34 load
[runlim] sample:		398.22 time, 400.01 real, 4 MB, 6.29 load
[runlim] sample:		408.18 time, 410.01 real, 4 MB, 6.24 load
[runlim] sample:		418.13 time, 420.01 real, 4 MB, 6.20 load
[runlim] sample:		428.08 time, 430.01 real, 4 MB, 6.17 load
[runlim] sample:		438.04 time, 440.01 real, 4 MB, 6.23 load
[runlim] sample:		447.99 time, 450.01 real, 4 MB, 6.19 load
[runlim] sample:		457.94 time, 460.01 real, 4 MB, 6.16 load
[runlim] sample:		467.90 time, 470.01 real, 4 MB, 6.14 load
[runlim] sample:		477.85 time, 480.01 real, 4 MB, 6.11 load
[runlim] sample:		487.81 time, 490.01 real, 4 MB, 6.10 load
[runlim] sample:		497.76 time, 500.01 real, 4 MB, 6.08 load
[runlim] sample:		507.72 time, 510.01 real, 4 MB, 6.07 load
[runlim] sample:		517.67 time, 520.01 real, 4 MB, 6.13 load
[runlim] sample:		527.62 time, 530.01 real, 4 MB, 6.11 load
[runlim] sample:		537.58 time, 540.01 real, 4 MB, 6.09 load
[runlim] sample:		547.53 time, 550.01 real, 4 MB, 6.08 load
[runlim] sample:		557.49 time, 560.01 real, 4 MB, 6.07 load
[runlim] sample:		567.44 time, 570.01 real, 4 MB, 6.14 load
[runlim] sample:		577.39 time, 580.01 real, 4 MB, 6.19 load
[runlim] sample:		587.35 time, 590.01 real, 4 MB, 6.16 load
[runlim] sample:		597.30 time, 600.01 real, 4 MB, 6.13 load
[runlim] sample:		607.26 time, 610.01 real, 4 MB, 6.11 load
[runlim] sample:		617.21 time, 620.01 real, 4 MB, 6.18 load
[runlim] sample:		627.17 time, 630.01 real, 4 MB, 6.15 load
[runlim] sample:		637.12 time, 640.01 real, 4 MB, 6.20 load
[runlim] sample:		647.08 time, 650.01 real, 4 MB, 6.17 load
[runlim] sample:		657.03 time, 660.01 real, 4 MB, 6.14 load
[runlim] sample:		666.98 time, 670.01 real, 4 MB, 6.12 load
[runlim] sample:		676.94 time, 680.01 real, 4 MB, 6.10 load
[runlim] sample:		686.89 time, 690.01 real, 4 MB, 6.08 load
[runlim] sample:		696.84 time, 700.01 real, 4 MB, 6.07 load
[runlim] sample:		706.80 time, 710.01 real, 4 MB, 6.06 load
[runlim] sample:		716.75 time, 720.01 real, 4 MB, 6.12 load
[runlim] sample:		726.71 time, 730.01 real, 4 MB, 6.10 load
[runlim] sample:		736.66 time, 740.01 real, 4 MB, 6.16 load
[runlim] sample:		746.62 time, 750.01 real, 4 MB, 6.22 load
[runlim] end:			Mon Mar 16 17:02:31 2026
[runlim] status:		ok
[runlim] result:		0
[runlim] children:		1
[runlim] processes:		2
[runlim] real:			752.57 seconds
[runlim] time:			749.10 seconds
[runlim] space:			4 MB
[runlim] load:			10.22 maximum
[runlim] samples:		7525
