[runlim] version:		2.0.0rc1
[runlim] host:			p06n17
[runlim] time limit:		311040000 seconds
[runlim] real time limit:	5000 seconds
[runlim] space limit:		7000 MB
[runlim] argv[0]:		./binary
[runlim] argv[1]:		-c
[runlim] argv[2]:		-f
[runlim] argv[3]:		-s
[runlim] argv[4]:		-r
[runlim] argv[5]:		/tmp/local-unzipped-12181346-4-234-BMS_k3_n100_m429_278.cnf
[runlim] start:			Mon Mar 16 16:42:17 2026
[runlim] child:			896843
[runlim] sample:		9.96 time, 10.01 real, 3 MB, 3.24 load
[runlim] sample:		19.92 time, 20.01 real, 3 MB, 4.75 load
[runlim] sample:		29.88 time, 30.01 real, 3 MB, 6.08 load
[runlim] sample:		39.85 time, 40.01 real, 3 MB, 6.76 load
[runlim] sample:		49.81 time, 50.01 real, 3 MB, 6.95 load
[runlim] sample:		59.77 time, 60.01 real, 3 MB, 6.96 load
[runlim] sample:		69.74 time, 70.01 real, 4 MB, 6.97 load
[runlim] sample:		79.70 time, 80.01 real, 4 MB, 7.05 load
[runlim] sample:		89.66 time, 90.01 real, 4 MB, 6.96 load
[runlim] sample:		99.63 time, 100.01 real, 4 MB, 6.66 load
[runlim] sample:		109.60 time, 110.01 real, 4 MB, 6.40 load
[runlim] sample:		119.57 time, 120.01 real, 4 MB, 6.11 load
[runlim] sample:		129.54 time, 130.01 real, 4 MB, 5.78 load
[runlim] sample:		139.50 time, 140.01 real, 4 MB, 5.58 load
[runlim] sample:		149.47 time, 150.01 real, 4 MB, 5.34 load
[runlim] sample:		159.44 time, 160.01 real, 4 MB, 5.13 load
[runlim] sample:		169.41 time, 170.01 real, 4 MB, 4.96 load
[runlim] sample:		179.37 time, 180.01 real, 4 MB, 4.73 load
[runlim] sample:		189.32 time, 190.01 real, 4 MB, 4.46 load
[runlim] sample:		199.28 time, 200.01 real, 4 MB, 4.31 load
[runlim] sample:		209.24 time, 210.01 real, 4 MB, 4.19 load
[runlim] sample:		219.19 time, 220.01 real, 4 MB, 4.01 load
[runlim] sample:		229.15 time, 230.01 real, 4 MB, 3.85 load
[runlim] sample:		239.11 time, 240.01 real, 4 MB, 3.72 load
[runlim] sample:		249.07 time, 250.01 real, 4 MB, 3.61 load
[runlim] sample:		259.02 time, 260.01 real, 4 MB, 3.51 load
[runlim] sample:		268.98 time, 270.01 real, 4 MB, 3.43 load
[runlim] sample:		278.94 time, 280.01 real, 4 MB, 3.37 load
[runlim] sample:		288.90 time, 290.01 real, 4 MB, 3.31 load
[runlim] sample:		298.85 time, 300.01 real, 4 MB, 3.26 load
[runlim] sample:		308.81 time, 310.01 real, 4 MB, 3.22 load
[runlim] sample:		318.77 time, 320.01 real, 4 MB, 3.19 load
[runlim] sample:		328.73 time, 330.01 real, 4 MB, 3.16 load
[runlim] sample:		338.68 time, 340.01 real, 4 MB, 3.21 load
[runlim] sample:		348.64 time, 350.01 real, 4 MB, 3.40 load
[runlim] sample:		358.60 time, 360.01 real, 4 MB, 3.34 load
[runlim] sample:		368.56 time, 370.01 real, 4 MB, 3.21 load
[runlim] sample:		378.52 time, 380.01 real, 4 MB, 3.02 load
[runlim] sample:		388.48 time, 390.01 real, 4 MB, 2.86 load
[runlim] sample:		398.44 time, 400.01 real, 4 MB, 2.89 load
[runlim] sample:		408.40 time, 410.01 real, 4 MB, 2.75 load
[runlim] sample:		418.36 time, 420.01 real, 4 MB, 2.64 load
[runlim] sample:		428.33 time, 430.01 real, 4 MB, 2.54 load
[runlim] sample:		438.29 time, 440.01 real, 4 MB, 2.45 load
[runlim] sample:		448.25 time, 450.01 real, 4 MB, 2.38 load
[runlim] sample:		458.21 time, 460.01 real, 4 MB, 2.33 load
[runlim] sample:		468.17 time, 470.01 real, 4 MB, 2.35 load
[runlim] sample:		478.14 time, 480.01 real, 4 MB, 2.29 load
[runlim] sample:		488.10 time, 490.01 real, 4 MB, 2.25 load
[runlim] sample:		498.06 time, 500.01 real, 4 MB, 2.21 load
[runlim] sample:		508.02 time, 510.01 real, 4 MB, 2.18 load
[runlim] sample:		517.98 time, 520.01 real, 4 MB, 2.15 load
[runlim] sample:		527.94 time, 530.01 real, 4 MB, 2.20 load
[runlim] sample:		537.90 time, 540.01 real, 4 MB, 2.17 load
[runlim] sample:		547.87 time, 550.01 real, 4 MB, 2.14 load
[runlim] sample:		557.83 time, 560.01 real, 4 MB, 2.12 load
[runlim] sample:		567.79 time, 570.01 real, 4 MB, 2.10 load
[runlim] sample:		577.75 time, 580.01 real, 4 MB, 2.08 load
[runlim] sample:		587.71 time, 590.01 real, 4 MB, 2.07 load
[runlim] sample:		597.67 time, 600.01 real, 4 MB, 2.06 load
[runlim] sample:		607.64 time, 610.01 real, 4 MB, 2.05 load
[runlim] sample:		617.60 time, 620.01 real, 4 MB, 2.04 load
[runlim] sample:		627.56 time, 630.01 real, 4 MB, 2.04 load
[runlim] sample:		637.52 time, 640.01 real, 4 MB, 2.10 load
[runlim] sample:		647.48 time, 650.01 real, 4 MB, 2.16 load
[runlim] sample:		657.45 time, 660.01 real, 4 MB, 2.14 load
[runlim] sample:		667.41 time, 670.01 real, 4 MB, 2.11 load
[runlim] sample:		677.37 time, 680.01 real, 4 MB, 2.10 load
[runlim] sample:		687.33 time, 690.01 real, 4 MB, 2.08 load
[runlim] sample:		697.29 time, 700.01 real, 4 MB, 2.07 load
[runlim] sample:		707.25 time, 710.01 real, 4 MB, 2.06 load
[runlim] sample:		717.22 time, 720.01 real, 4 MB, 2.05 load
[runlim] sample:		727.18 time, 730.01 real, 4 MB, 2.04 load
[runlim] sample:		737.14 time, 740.01 real, 4 MB, 2.03 load
[runlim] sample:		747.11 time, 750.01 real, 4 MB, 2.03 load
[runlim] sample:		757.08 time, 760.01 real, 4 MB, 2.02 load
[runlim] sample:		767.04 time, 770.01 real, 4 MB, 2.02 load
[runlim] sample:		777.01 time, 780.01 real, 4 MB, 2.09 load
[runlim] sample:		786.98 time, 790.01 real, 4 MB, 2.08 load
[runlim] sample:		796.95 time, 800.01 real, 4 MB, 2.06 load
[runlim] sample:		806.92 time, 810.01 real, 4 MB, 2.05 load
[runlim] sample:		816.89 time, 820.01 real, 4 MB, 2.04 load
[runlim] sample:		826.85 time, 830.01 real, 4 MB, 2.04 load
[runlim] sample:		836.82 time, 840.01 real, 4 MB, 2.03 load
[runlim] sample:		846.79 time, 850.01 real, 4 MB, 2.03 load
[runlim] sample:		856.76 time, 860.01 real, 4 MB, 2.02 load
[runlim] sample:		866.73 time, 870.01 real, 4 MB, 2.02 load
[runlim] sample:		876.69 time, 880.01 real, 4 MB, 2.01 load
[runlim] sample:		886.66 time, 890.01 real, 4 MB, 2.09 load
[runlim] sample:		896.63 time, 900.01 real, 4 MB, 2.07 load
[runlim] sample:		906.60 time, 910.01 real, 4 MB, 2.06 load
[runlim] sample:		916.57 time, 920.01 real, 4 MB, 2.05 load
[runlim] sample:		926.54 time, 930.01 real, 4 MB, 2.04 load
[runlim] sample:		936.51 time, 940.01 real, 4 MB, 2.04 load
[runlim] sample:		946.47 time, 950.01 real, 4 MB, 2.03 load
[runlim] sample:		956.44 time, 960.01 real, 4 MB, 2.02 load
[runlim] sample:		966.41 time, 970.01 real, 4 MB, 2.02 load
[runlim] sample:		976.37 time, 980.01 real, 4 MB, 2.02 load
[runlim] sample:		986.34 time, 990.01 real, 4 MB, 2.01 load
[runlim] sample:		996.31 time, 1000.01 real, 4 MB, 2.01 load
[runlim] sample:		1006.28 time, 1010.01 real, 4 MB, 2.01 load
[runlim] sample:		1016.25 time, 1020.01 real, 4 MB, 2.01 load
[runlim] sample:		1026.22 time, 1030.01 real, 4 MB, 2.01 load
[runlim] sample:		1036.19 time, 1040.01 real, 4 MB, 2.00 load
[runlim] sample:		1046.16 time, 1050.01 real, 4 MB, 2.00 load
[runlim] sample:		1056.13 time, 1060.01 real, 4 MB, 2.00 load
[runlim] sample:		1066.09 time, 1070.01 real, 4 MB, 2.00 load
[runlim] sample:		1076.06 time, 1080.01 real, 4 MB, 2.00 load
[runlim] sample:		1086.03 time, 1090.01 real, 4 MB, 2.00 load
[runlim] sample:		1096.00 time, 1100.01 real, 4 MB, 2.07 load
[runlim] sample:		1105.97 time, 1110.01 real, 4 MB, 2.06 load
[runlim] sample:		1115.93 time, 1120.01 real, 4 MB, 2.13 load
[runlim] sample:		1125.90 time, 1130.01 real, 4 MB, 2.11 load
[runlim] sample:		1135.86 time, 1140.01 real, 4 MB, 2.09 load
[runlim] sample:		1145.83 time, 1150.01 real, 4 MB, 2.08 load
[runlim] sample:		1155.80 time, 1160.01 real, 4 MB, 2.06 load
[runlim] sample:		1165.77 time, 1170.01 real, 4 MB, 2.05 load
[runlim] sample:		1175.74 time, 1180.01 real, 4 MB, 2.04 load
[runlim] sample:		1185.70 time, 1190.01 real, 4 MB, 2.04 load
[runlim] sample:		1195.67 time, 1200.01 real, 4 MB, 2.03 load
[runlim] sample:		1205.64 time, 1210.01 real, 4 MB, 2.03 load
[runlim] sample:		1215.61 time, 1220.01 real, 4 MB, 2.02 load
[runlim] sample:		1225.58 time, 1230.01 real, 4 MB, 2.02 load
[runlim] sample:		1235.55 time, 1240.01 real, 4 MB, 2.01 load
[runlim] sample:		1245.51 time, 1250.01 real, 4 MB, 2.01 load
[runlim] sample:		1255.48 time, 1260.01 real, 4 MB, 2.01 load
[runlim] sample:		1265.45 time, 1270.01 real, 4 MB, 2.01 load
[runlim] sample:		1275.42 time, 1280.01 real, 4 MB, 2.01 load
[runlim] sample:		1285.39 time, 1290.01 real, 4 MB, 2.00 load
[runlim] sample:		1295.35 time, 1300.01 real, 4 MB, 2.00 load
[runlim] sample:		1305.32 time, 1310.01 real, 4 MB, 2.00 load
[runlim] sample:		1315.29 time, 1320.01 real, 4 MB, 2.00 load
[runlim] sample:		1325.26 time, 1330.01 real, 4 MB, 2.00 load
[runlim] sample:		1335.23 time, 1340.01 real, 4 MB, 2.00 load
[runlim] sample:		1345.20 time, 1350.01 real, 4 MB, 2.00 load
[runlim] sample:		1355.17 time, 1360.01 real, 4 MB, 2.00 load
[runlim] sample:		1365.14 time, 1370.01 real, 4 MB, 2.07 load
[runlim] sample:		1375.10 time, 1380.01 real, 4 MB, 2.14 load
[runlim] sample:		1385.07 time, 1390.01 real, 4 MB, 2.12 load
[runlim] sample:		1395.04 time, 1400.01 real, 4 MB, 2.10 load
[runlim] sample:		1405.01 time, 1410.01 real, 4 MB, 2.16 load
[runlim] sample:		1414.98 time, 1420.01 real, 4 MB, 2.13 load
[runlim] sample:		1424.95 time, 1430.01 real, 4 MB, 2.26 load
[runlim] sample:		1434.91 time, 1440.01 real, 4 MB, 2.30 load
[runlim] sample:		1444.88 time, 1450.01 real, 4 MB, 2.25 load
[runlim] sample:		1454.85 time, 1460.01 real, 4 MB, 2.21 load
[runlim] sample:		1464.81 time, 1470.01 real, 4 MB, 2.18 load
[runlim] sample:		1474.78 time, 1480.01 real, 4 MB, 2.15 load
[runlim] sample:		1484.75 time, 1490.01 real, 4 MB, 2.13 load
[runlim] sample:		1494.71 time, 1500.01 real, 4 MB, 2.11 load
[runlim] sample:		1504.68 time, 1510.01 real, 4 MB, 2.09 load
[runlim] sample:		1514.65 time, 1520.01 real, 4 MB, 2.08 load
[runlim] sample:		1524.62 time, 1530.01 real, 4 MB, 2.06 load
[runlim] sample:		1534.59 time, 1540.01 real, 4 MB, 2.05 load
[runlim] sample:		1544.55 time, 1550.01 real, 4 MB, 2.05 load
[runlim] sample:		1554.52 time, 1560.01 real, 4 MB, 2.04 load
[runlim] sample:		1564.49 time, 1570.01 real, 4 MB, 2.03 load
[runlim] sample:		1574.45 time, 1580.01 real, 4 MB, 2.03 load
[runlim] sample:		1584.42 time, 1590.01 real, 4 MB, 2.10 load
[runlim] sample:		1594.39 time, 1600.01 real, 4 MB, 2.08 load
[runlim] sample:		1604.36 time, 1610.01 real, 4 MB, 2.07 load
[runlim] sample:		1614.33 time, 1620.01 real, 4 MB, 2.06 load
[runlim] sample:		1624.30 time, 1630.01 real, 4 MB, 2.05 load
[runlim] sample:		1634.26 time, 1640.01 real, 4 MB, 2.04 load
[runlim] sample:		1644.23 time, 1650.01 real, 4 MB, 2.03 load
[runlim] sample:		1654.20 time, 1660.01 real, 4 MB, 2.03 load
[runlim] sample:		1664.16 time, 1670.01 real, 4 MB, 2.02 load
[runlim] sample:		1674.13 time, 1680.01 real, 4 MB, 2.10 load
[runlim] sample:		1684.10 time, 1690.01 real, 4 MB, 2.08 load
[runlim] sample:		1694.07 time, 1700.01 real, 4 MB, 2.14 load
[runlim] sample:		1704.04 time, 1710.01 real, 4 MB, 2.12 load
[runlim] sample:		1714.01 time, 1720.01 real, 4 MB, 2.10 load
[runlim] sample:		1723.97 time, 1730.01 real, 4 MB, 2.09 load
[runlim] sample:		1733.94 time, 1740.01 real, 4 MB, 2.07 load
[runlim] sample:		1743.91 time, 1750.01 real, 4 MB, 2.06 load
[runlim] sample:		1753.87 time, 1760.01 real, 4 MB, 2.05 load
[runlim] sample:		1763.84 time, 1770.01 real, 4 MB, 2.04 load
[runlim] sample:		1773.81 time, 1780.01 real, 4 MB, 2.04 load
[runlim] sample:		1783.76 time, 1790.01 real, 4 MB, 2.03 load
[runlim] sample:		1793.71 time, 1800.01 real, 4 MB, 2.02 load
[runlim] sample:		1803.66 time, 1810.01 real, 4 MB, 2.02 load
[runlim] sample:		1813.61 time, 1820.01 real, 4 MB, 2.02 load
[runlim] sample:		1823.56 time, 1830.01 real, 4 MB, 2.01 load
[runlim] sample:		1833.51 time, 1840.01 real, 4 MB, 2.01 load
[runlim] sample:		1843.45 time, 1850.01 real, 4 MB, 2.16 load
[runlim] sample:		1853.41 time, 1860.01 real, 4 MB, 2.13 load
[runlim] sample:		1863.36 time, 1870.01 real, 4 MB, 2.11 load
[runlim] sample:		1873.31 time, 1880.01 real, 4 MB, 2.09 load
[runlim] sample:		1883.26 time, 1890.01 real, 4 MB, 2.08 load
[runlim] sample:		1893.21 time, 1900.01 real, 4 MB, 2.07 load
[runlim] sample:		1903.15 time, 1910.01 real, 4 MB, 2.06 load
[runlim] sample:		1913.10 time, 1920.01 real, 4 MB, 2.05 load
[runlim] sample:		1923.05 time, 1930.01 real, 4 MB, 2.04 load
[runlim] sample:		1933.01 time, 1940.01 real, 4 MB, 2.03 load
[runlim] sample:		1942.96 time, 1950.01 real, 4 MB, 2.03 load
[runlim] sample:		1952.91 time, 1960.01 real, 4 MB, 2.02 load
[runlim] sample:		1962.85 time, 1970.01 real, 4 MB, 2.02 load
[runlim] sample:		1972.80 time, 1980.01 real, 4 MB, 2.02 load
[runlim] sample:		1982.75 time, 1990.01 real, 4 MB, 2.01 load
[runlim] sample:		1992.70 time, 2000.01 real, 4 MB, 2.01 load
[runlim] sample:		2002.66 time, 2010.01 real, 4 MB, 2.01 load
[runlim] sample:		2012.60 time, 2020.01 real, 4 MB, 2.01 load
[runlim] sample:		2022.55 time, 2030.01 real, 4 MB, 2.00 load
[runlim] sample:		2032.50 time, 2040.01 real, 4 MB, 2.00 load
[runlim] sample:		2042.45 time, 2050.01 real, 4 MB, 2.00 load
[runlim] sample:		2052.40 time, 2060.01 real, 4 MB, 2.00 load
[runlim] sample:		2062.35 time, 2070.01 real, 4 MB, 2.00 load
[runlim] sample:		2072.30 time, 2080.01 real, 4 MB, 2.00 load
[runlim] sample:		2082.25 time, 2090.01 real, 4 MB, 2.00 load
[runlim] sample:		2092.20 time, 2100.01 real, 4 MB, 2.32 load
[runlim] sample:		2102.15 time, 2110.01 real, 4 MB, 2.43 load
[runlim] sample:		2112.10 time, 2120.01 real, 4 MB, 2.51 load
[runlim] sample:		2122.05 time, 2130.01 real, 4 MB, 2.59 load
[runlim] sample:		2132.00 time, 2140.01 real, 4 MB, 2.73 load
[runlim] sample:		2141.95 time, 2150.01 real, 4 MB, 2.85 load
[runlim] sample:		2151.90 time, 2160.01 real, 4 MB, 2.88 load
[runlim] sample:		2161.85 time, 2170.01 real, 4 MB, 2.90 load
[runlim] sample:		2171.80 time, 2180.01 real, 4 MB, 2.99 load
[runlim] sample:		2181.75 time, 2190.01 real, 4 MB, 3.14 load
[runlim] sample:		2191.70 time, 2200.01 real, 4 MB, 3.20 load
[runlim] sample:		2201.65 time, 2210.01 real, 4 MB, 3.10 load
[runlim] sample:		2211.60 time, 2220.01 real, 4 MB, 2.93 load
[runlim] sample:		2221.55 time, 2230.01 real, 4 MB, 2.78 load
[runlim] sample:		2231.50 time, 2240.01 real, 4 MB, 2.66 load
[runlim] sample:		2241.45 time, 2250.01 real, 4 MB, 2.56 load
[runlim] sample:		2251.41 time, 2260.01 real, 4 MB, 2.47 load
[runlim] sample:		2261.36 time, 2270.01 real, 4 MB, 2.40 load
[runlim] sample:		2271.30 time, 2280.01 real, 4 MB, 2.34 load
[runlim] sample:		2281.25 time, 2290.01 real, 4 MB, 2.29 load
[runlim] sample:		2291.20 time, 2300.01 real, 4 MB, 2.24 load
[runlim] sample:		2301.15 time, 2310.01 real, 4 MB, 2.20 load
[runlim] sample:		2311.10 time, 2320.01 real, 4 MB, 2.17 load
[runlim] sample:		2321.06 time, 2330.01 real, 4 MB, 2.15 load
[runlim] sample:		2331.01 time, 2340.01 real, 4 MB, 2.12 load
[runlim] sample:		2340.96 time, 2350.01 real, 4 MB, 2.10 load
[runlim] sample:		2350.91 time, 2360.01 real, 4 MB, 2.09 load
[runlim] sample:		2360.86 time, 2370.01 real, 4 MB, 2.07 load
[runlim] sample:		2370.81 time, 2380.01 real, 4 MB, 2.06 load
[runlim] sample:		2380.76 time, 2390.01 real, 4 MB, 2.05 load
[runlim] sample:		2390.71 time, 2400.01 real, 4 MB, 2.04 load
[runlim] sample:		2400.66 time, 2410.01 real, 4 MB, 2.04 load
[runlim] sample:		2410.61 time, 2420.01 real, 4 MB, 2.03 load
[runlim] sample:		2420.57 time, 2430.01 real, 4 MB, 2.18 load
[runlim] sample:		2430.52 time, 2440.01 real, 4 MB, 2.15 load
[runlim] sample:		2440.47 time, 2450.01 real, 4 MB, 2.13 load
[runlim] sample:		2450.41 time, 2460.01 real, 4 MB, 2.11 load
[runlim] sample:		2460.36 time, 2470.01 real, 4 MB, 2.09 load
[runlim] sample:		2470.31 time, 2480.01 real, 4 MB, 2.08 load
[runlim] sample:		2480.26 time, 2490.01 real, 4 MB, 2.14 load
[runlim] sample:		2490.21 time, 2500.01 real, 4 MB, 2.12 load
[runlim] sample:		2500.17 time, 2510.01 real, 4 MB, 2.10 load
[runlim] sample:		2510.12 time, 2520.01 real, 4 MB, 2.08 load
[runlim] sample:		2520.07 time, 2530.01 real, 4 MB, 2.07 load
[runlim] sample:		2530.02 time, 2540.01 real, 4 MB, 2.06 load
[runlim] sample:		2539.96 time, 2550.01 real, 4 MB, 2.12 load
[runlim] sample:		2549.91 time, 2560.01 real, 4 MB, 2.10 load
[runlim] sample:		2559.86 time, 2570.01 real, 4 MB, 2.09 load
[runlim] sample:		2569.82 time, 2580.01 real, 4 MB, 2.07 load
[runlim] sample:		2579.77 time, 2590.01 real, 4 MB, 2.06 load
[runlim] sample:		2589.72 time, 2600.01 real, 4 MB, 2.05 load
[runlim] sample:		2599.67 time, 2610.01 real, 4 MB, 2.04 load
[runlim] sample:		2609.62 time, 2620.01 real, 4 MB, 2.04 load
[runlim] sample:		2619.57 time, 2630.01 real, 4 MB, 2.03 load
[runlim] sample:		2629.52 time, 2640.01 real, 4 MB, 2.02 load
[runlim] sample:		2639.47 time, 2650.01 real, 4 MB, 2.02 load
[runlim] sample:		2649.42 time, 2660.01 real, 4 MB, 2.02 load
[runlim] sample:		2659.37 time, 2670.01 real, 4 MB, 2.01 load
[runlim] sample:		2669.32 time, 2680.01 real, 4 MB, 2.01 load
[runlim] sample:		2679.27 time, 2690.01 real, 4 MB, 2.01 load
[runlim] sample:		2689.22 time, 2700.01 real, 4 MB, 2.01 load
[runlim] sample:		2699.18 time, 2710.01 real, 4 MB, 2.01 load
[runlim] sample:		2709.13 time, 2720.01 real, 4 MB, 2.08 load
[runlim] sample:		2719.08 time, 2730.01 real, 4 MB, 2.07 load
[runlim] sample:		2729.02 time, 2740.01 real, 4 MB, 2.13 load
[runlim] sample:		2738.98 time, 2750.01 real, 4 MB, 2.11 load
[runlim] sample:		2748.93 time, 2760.01 real, 4 MB, 2.09 load
[runlim] sample:		2758.88 time, 2770.01 real, 4 MB, 2.08 load
[runlim] sample:		2768.83 time, 2780.01 real, 4 MB, 2.06 load
[runlim] sample:		2778.78 time, 2790.01 real, 4 MB, 2.05 load
[runlim] sample:		2788.73 time, 2800.01 real, 4 MB, 2.12 load
[runlim] sample:		2798.68 time, 2810.01 real, 4 MB, 2.10 load
[runlim] sample:		2808.63 time, 2820.01 real, 4 MB, 2.08 load
[runlim] sample:		2818.58 time, 2830.01 real, 4 MB, 2.07 load
[runlim] sample:		2828.53 time, 2840.01 real, 4 MB, 2.06 load
[runlim] sample:		2838.48 time, 2850.01 real, 4 MB, 2.05 load
[runlim] sample:		2848.43 time, 2860.01 real, 4 MB, 2.19 load
[runlim] sample:		2858.37 time, 2870.01 real, 4 MB, 2.23 load
[runlim] sample:		2868.32 time, 2880.01 real, 4 MB, 2.20 load
[runlim] sample:		2878.27 time, 2890.01 real, 4 MB, 2.17 load
[runlim] sample:		2888.23 time, 2900.01 real, 4 MB, 2.14 load
[runlim] sample:		2898.18 time, 2910.01 real, 4 MB, 2.12 load
[runlim] sample:		2908.12 time, 2920.01 real, 4 MB, 2.10 load
[runlim] sample:		2918.07 time, 2930.01 real, 4 MB, 2.08 load
[runlim] sample:		2928.02 time, 2940.01 real, 4 MB, 2.07 load
[runlim] sample:		2937.97 time, 2950.01 real, 4 MB, 2.06 load
[runlim] sample:		2947.92 time, 2960.01 real, 4 MB, 2.05 load
[runlim] sample:		2957.87 time, 2970.01 real, 4 MB, 2.04 load
[runlim] sample:		2967.82 time, 2980.01 real, 4 MB, 2.04 load
[runlim] sample:		2977.77 time, 2990.01 real, 4 MB, 2.03 load
[runlim] sample:		2987.72 time, 3000.01 real, 4 MB, 2.02 load
[runlim] sample:		2997.67 time, 3010.01 real, 4 MB, 2.02 load
[runlim] sample:		3007.62 time, 3020.01 real, 4 MB, 2.02 load
[runlim] sample:		3017.57 time, 3030.01 real, 4 MB, 2.01 load
[runlim] sample:		3027.52 time, 3040.01 real, 4 MB, 2.01 load
[runlim] sample:		3037.47 time, 3050.01 real, 4 MB, 2.01 load
[runlim] sample:		3047.42 time, 3060.01 real, 4 MB, 2.01 load
[runlim] sample:		3057.38 time, 3070.01 real, 4 MB, 2.01 load
[runlim] sample:		3067.33 time, 3080.01 real, 4 MB, 2.00 load
[runlim] sample:		3077.28 time, 3090.01 real, 4 MB, 2.00 load
[runlim] sample:		3087.22 time, 3100.01 real, 4 MB, 2.00 load
[runlim] sample:		3097.17 time, 3110.01 real, 4 MB, 2.00 load
[runlim] sample:		3107.12 time, 3120.01 real, 4 MB, 2.00 load
[runlim] sample:		3117.07 time, 3130.01 real, 4 MB, 2.00 load
[runlim] sample:		3127.02 time, 3140.01 real, 4 MB, 2.00 load
[runlim] sample:		3136.98 time, 3150.01 real, 4 MB, 2.00 load
[runlim] sample:		3146.93 time, 3160.01 real, 4 MB, 2.00 load
[runlim] sample:		3156.87 time, 3170.01 real, 4 MB, 2.00 load
[runlim] sample:		3166.82 time, 3180.01 real, 4 MB, 2.08 load
[runlim] sample:		3176.77 time, 3190.01 real, 4 MB, 2.07 load
[runlim] sample:		3186.72 time, 3200.01 real, 4 MB, 2.06 load
[runlim] sample:		3196.67 time, 3210.01 real, 4 MB, 2.05 load
[runlim] sample:		3206.63 time, 3220.01 real, 4 MB, 2.04 load
[runlim] sample:		3216.58 time, 3230.01 real, 4 MB, 2.03 load
[runlim] sample:		3226.52 time, 3240.01 real, 4 MB, 2.11 load
[runlim] sample:		3236.47 time, 3250.01 real, 4 MB, 2.09 load
[runlim] sample:		3246.42 time, 3260.01 real, 4 MB, 2.08 load
[runlim] sample:		3256.37 time, 3270.01 real, 4 MB, 2.06 load
[runlim] sample:		3266.32 time, 3280.01 real, 4 MB, 2.05 load
[runlim] sample:		3276.28 time, 3290.01 real, 4 MB, 2.05 load
[runlim] sample:		3286.22 time, 3300.01 real, 4 MB, 2.12 load
[runlim] sample:		3296.17 time, 3310.01 real, 4 MB, 2.10 load
[runlim] sample:		3306.13 time, 3320.01 real, 4 MB, 2.08 load
[runlim] sample:		3316.07 time, 3330.01 real, 4 MB, 2.07 load
[runlim] sample:		3326.02 time, 3340.01 real, 4 MB, 2.06 load
[runlim] sample:		3335.98 time, 3350.01 real, 4 MB, 2.20 load
[runlim] sample:		3345.92 time, 3360.01 real, 4 MB, 2.17 load
[runlim] sample:		3355.88 time, 3370.01 real, 4 MB, 2.14 load
[runlim] sample:		3365.82 time, 3380.01 real, 4 MB, 2.12 load
[runlim] sample:		3375.78 time, 3390.01 real, 4 MB, 2.10 load
[runlim] sample:		3385.73 time, 3400.01 real, 4 MB, 2.08 load
[runlim] sample:		3395.68 time, 3410.01 real, 4 MB, 2.14 load
[runlim] sample:		3405.62 time, 3420.01 real, 4 MB, 2.12 load
[runlim] sample:		3415.58 time, 3430.01 real, 4 MB, 2.10 load
[runlim] sample:		3425.52 time, 3440.01 real, 4 MB, 2.09 load
[runlim] sample:		3435.47 time, 3450.01 real, 4 MB, 2.07 load
[runlim] sample:		3445.42 time, 3460.01 real, 4 MB, 2.06 load
[runlim] sample:		3455.38 time, 3470.01 real, 4 MB, 2.13 load
[runlim] sample:		3465.33 time, 3480.01 real, 4 MB, 2.11 load
[runlim] sample:		3475.28 time, 3490.01 real, 4 MB, 2.09 load
[runlim] sample:		3485.22 time, 3500.01 real, 4 MB, 2.08 load
[runlim] sample:		3495.17 time, 3510.01 real, 4 MB, 2.06 load
[runlim] sample:		3505.12 time, 3520.01 real, 4 MB, 2.05 load
[runlim] sample:		3515.07 time, 3530.01 real, 4 MB, 2.04 load
[runlim] sample:		3525.03 time, 3540.01 real, 4 MB, 2.04 load
[runlim] sample:		3534.97 time, 3550.01 real, 4 MB, 2.03 load
[runlim] sample:		3544.92 time, 3560.01 real, 4 MB, 2.03 load
[runlim] sample:		3554.87 time, 3570.01 real, 4 MB, 2.02 load
[runlim] sample:		3564.82 time, 3580.01 real, 4 MB, 2.10 load
[runlim] sample:		3574.77 time, 3590.01 real, 4 MB, 2.08 load
[runlim] sample:		3584.72 time, 3600.01 real, 4 MB, 2.07 load
[runlim] sample:		3594.67 time, 3610.01 real, 4 MB, 2.06 load
[runlim] sample:		3604.62 time, 3620.01 real, 4 MB, 2.05 load
[runlim] sample:		3614.57 time, 3630.01 real, 4 MB, 2.04 load
[runlim] sample:		3624.52 time, 3640.01 real, 4 MB, 2.03 load
[runlim] sample:		3634.47 time, 3650.01 real, 4 MB, 2.03 load
[runlim] sample:		3644.42 time, 3660.01 real, 4 MB, 2.02 load
[runlim] sample:		3654.37 time, 3670.01 real, 4 MB, 2.02 load
[runlim] sample:		3664.32 time, 3680.01 real, 4 MB, 2.02 load
[runlim] sample:		3674.27 time, 3690.01 real, 4 MB, 2.01 load
[runlim] sample:		3684.22 time, 3700.01 real, 4 MB, 2.01 load
[runlim] sample:		3694.17 time, 3710.01 real, 4 MB, 2.01 load
[runlim] sample:		3704.12 time, 3720.01 real, 4 MB, 2.01 load
[runlim] sample:		3714.07 time, 3730.01 real, 4 MB, 2.00 load
[runlim] sample:		3724.02 time, 3740.01 real, 4 MB, 2.08 load
[runlim] sample:		3733.97 time, 3750.01 real, 4 MB, 2.07 load
[runlim] sample:		3743.92 time, 3760.01 real, 4 MB, 2.06 load
[runlim] sample:		3753.87 time, 3770.01 real, 4 MB, 2.05 load
[runlim] sample:		3763.82 time, 3780.01 real, 4 MB, 2.12 load
[runlim] sample:		3773.77 time, 3790.01 real, 4 MB, 2.10 load
[runlim] sample:		3783.72 time, 3800.01 real, 4 MB, 2.09 load
[runlim] sample:		3793.67 time, 3810.01 real, 4 MB, 2.07 load
[runlim] sample:		3803.62 time, 3820.01 real, 4 MB, 2.06 load
[runlim] sample:		3813.57 time, 3830.01 real, 4 MB, 2.05 load
[runlim] sample:		3823.51 time, 3840.01 real, 4 MB, 2.04 load
[runlim] sample:		3833.46 time, 3850.01 real, 4 MB, 2.04 load
[runlim] sample:		3843.42 time, 3860.01 real, 4 MB, 2.03 load
[runlim] sample:		3853.37 time, 3870.01 real, 4 MB, 2.02 load
[runlim] sample:		3863.32 time, 3880.01 real, 4 MB, 2.02 load
[runlim] sample:		3873.27 time, 3890.01 real, 4 MB, 2.02 load
[runlim] sample:		3883.21 time, 3900.01 real, 4 MB, 2.09 load
[runlim] sample:		3893.16 time, 3910.01 real, 4 MB, 2.08 load
[runlim] sample:		3903.11 time, 3920.01 real, 4 MB, 2.15 load
[runlim] sample:		3913.07 time, 3930.01 real, 4 MB, 2.12 load
[runlim] sample:		3923.02 time, 3940.01 real, 4 MB, 2.10 load
[runlim] sample:		3932.97 time, 3950.01 real, 4 MB, 2.09 load
[runlim] sample:		3942.92 time, 3960.01 real, 4 MB, 2.07 load
[runlim] sample:		3952.87 time, 3970.01 real, 4 MB, 2.06 load
[runlim] sample:		3962.81 time, 3980.01 real, 4 MB, 2.29 load
[runlim] sample:		3972.77 time, 3990.01 real, 4 MB, 2.25 load
[runlim] sample:		3982.72 time, 4000.01 real, 4 MB, 2.21 load
[runlim] sample:		3992.67 time, 4010.01 real, 4 MB, 2.18 load
[runlim] sample:		4002.62 time, 4020.01 real, 4 MB, 2.15 load
[runlim] sample:		4012.57 time, 4030.01 real, 4 MB, 2.12 load
[runlim] sample:		4022.52 time, 4040.01 real, 4 MB, 2.27 load
[runlim] sample:		4032.47 time, 4050.01 real, 4 MB, 2.22 load
[runlim] sample:		4042.42 time, 4060.01 real, 4 MB, 2.19 load
[runlim] sample:		4052.37 time, 4070.01 real, 4 MB, 2.16 load
[runlim] sample:		4062.31 time, 4080.01 real, 4 MB, 2.13 load
[runlim] sample:		4072.26 time, 4090.01 real, 4 MB, 2.11 load
[runlim] sample:		4082.21 time, 4100.01 real, 4 MB, 2.26 load
[runlim] sample:		4092.17 time, 4110.01 real, 4 MB, 2.22 load
[runlim] sample:		4102.12 time, 4120.01 real, 4 MB, 2.18 load
[runlim] sample:		4112.06 time, 4130.01 real, 4 MB, 2.15 load
[runlim] sample:		4122.01 time, 4140.01 real, 4 MB, 2.13 load
[runlim] sample:		4131.96 time, 4150.01 real, 4 MB, 2.11 load
[runlim] sample:		4141.91 time, 4160.01 real, 4 MB, 2.25 load
[runlim] sample:		4151.86 time, 4170.01 real, 4 MB, 2.21 load
[runlim] sample:		4161.82 time, 4180.01 real, 4 MB, 2.18 load
[runlim] sample:		4171.77 time, 4190.01 real, 4 MB, 2.15 load
[runlim] sample:		4181.72 time, 4200.01 real, 4 MB, 2.13 load
[runlim] sample:		4191.66 time, 4210.01 real, 4 MB, 2.11 load
[runlim] sample:		4201.61 time, 4220.01 real, 4 MB, 2.17 load
[runlim] sample:		4211.56 time, 4230.01 real, 4 MB, 2.14 load
[runlim] sample:		4221.51 time, 4240.01 real, 4 MB, 2.12 load
[runlim] sample:		4231.47 time, 4250.01 real, 4 MB, 2.10 load
[runlim] sample:		4241.42 time, 4260.01 real, 4 MB, 2.09 load
[runlim] sample:		4251.37 time, 4270.01 real, 4 MB, 2.07 load
[runlim] sample:		4261.31 time, 4280.01 real, 4 MB, 2.22 load
[runlim] sample:		4271.26 time, 4290.01 real, 4 MB, 2.19 load
[runlim] sample:		4281.21 time, 4300.01 real, 4 MB, 2.16 load
[runlim] sample:		4291.16 time, 4310.01 real, 4 MB, 2.13 load
[runlim] sample:		4301.11 time, 4320.01 real, 4 MB, 2.11 load
[runlim] sample:		4311.07 time, 4330.01 real, 4 MB, 2.10 load
[runlim] sample:		4321.01 time, 4340.01 real, 4 MB, 2.16 load
[runlim] sample:		4330.97 time, 4350.01 real, 4 MB, 2.14 load
[runlim] sample:		4340.92 time, 4360.01 real, 4 MB, 2.11 load
[runlim] sample:		4350.87 time, 4370.01 real, 4 MB, 2.17 load
[runlim] sample:		4360.81 time, 4380.01 real, 4 MB, 2.14 load
[runlim] sample:		4370.76 time, 4390.01 real, 4 MB, 2.12 load
[runlim] sample:		4380.71 time, 4400.01 real, 4 MB, 2.18 load
[runlim] sample:		4390.66 time, 4410.01 real, 4 MB, 2.15 load
[runlim] sample:		4400.61 time, 4420.01 real, 4 MB, 2.13 load
[runlim] sample:		4410.57 time, 4430.01 real, 4 MB, 2.11 load
[runlim] sample:		4420.52 time, 4440.01 real, 4 MB, 2.09 load
[runlim] sample:		4430.47 time, 4450.01 real, 4 MB, 2.08 load
[runlim] sample:		4440.41 time, 4460.01 real, 4 MB, 2.15 load
[runlim] sample:		4450.36 time, 4470.01 real, 4 MB, 2.12 load
[runlim] sample:		4460.31 time, 4480.01 real, 4 MB, 2.10 load
[runlim] sample:		4470.26 time, 4490.01 real, 4 MB, 2.09 load
[runlim] sample:		4480.22 time, 4500.01 real, 4 MB, 2.07 load
[runlim] sample:		4490.17 time, 4510.01 real, 4 MB, 2.06 load
[runlim] sample:		4500.11 time, 4520.01 real, 4 MB, 2.13 load
[runlim] sample:		4510.06 time, 4530.01 real, 4 MB, 2.11 load
[runlim] sample:		4520.01 time, 4540.01 real, 4 MB, 2.09 load
[runlim] sample:		4529.96 time, 4550.01 real, 4 MB, 2.08 load
[runlim] sample:		4539.91 time, 4560.01 real, 4 MB, 2.07 load
[runlim] sample:		4549.86 time, 4570.01 real, 4 MB, 2.06 load
[runlim] sample:		4559.82 time, 4580.01 real, 4 MB, 2.21 load
[runlim] sample:		4569.76 time, 4590.01 real, 4 MB, 2.17 load
[runlim] sample:		4579.71 time, 4600.01 real, 4 MB, 2.15 load
[runlim] sample:		4589.66 time, 4610.01 real, 4 MB, 2.12 load
[runlim] sample:		4599.61 time, 4620.01 real, 4 MB, 2.10 load
[runlim] sample:		4609.56 time, 4630.01 real, 4 MB, 2.09 load
[runlim] sample:		4619.51 time, 4640.01 real, 4 MB, 2.15 load
[runlim] sample:		4629.46 time, 4650.01 real, 4 MB, 2.13 load
[runlim] sample:		4639.41 time, 4660.01 real, 4 MB, 2.11 load
[runlim] sample:		4649.37 time, 4670.01 real, 4 MB, 2.09 load
[runlim] sample:		4659.31 time, 4680.01 real, 4 MB, 2.08 load
[runlim] sample:		4669.26 time, 4690.01 real, 4 MB, 2.07 load
[runlim] sample:		4679.21 time, 4700.01 real, 4 MB, 2.06 load
[runlim] sample:		4689.16 time, 4710.01 real, 4 MB, 2.05 load
[runlim] sample:		4699.11 time, 4720.01 real, 4 MB, 2.04 load
[runlim] sample:		4709.05 time, 4730.01 real, 4 MB, 2.19 load
[runlim] sample:		4719.00 time, 4740.01 real, 4 MB, 2.16 load
[runlim] sample:		4728.96 time, 4750.01 real, 4 MB, 2.14 load
[runlim] sample:		4738.91 time, 4760.01 real, 4 MB, 2.12 load
[runlim] sample:		4748.86 time, 4770.01 real, 4 MB, 2.18 load
[runlim] sample:		4758.81 time, 4780.01 real, 4 MB, 2.15 load
[runlim] sample:		4768.75 time, 4790.01 real, 4 MB, 2.13 load
[runlim] sample:		4778.70 time, 4800.01 real, 4 MB, 2.19 load
[runlim] sample:		4788.65 time, 4810.01 real, 4 MB, 2.16 load
[runlim] sample:		4798.61 time, 4820.01 real, 4 MB, 2.13 load
[runlim] sample:		4808.56 time, 4830.01 real, 4 MB, 2.11 load
[runlim] sample:		4818.51 time, 4840.01 real, 4 MB, 2.10 load
[runlim] sample:		4828.46 time, 4850.01 real, 4 MB, 2.15 load
[runlim] sample:		4838.41 time, 4860.01 real, 4 MB, 2.13 load
[runlim] sample:		4848.35 time, 4870.01 real, 4 MB, 2.11 load
[runlim] sample:		4858.30 time, 4880.01 real, 4 MB, 2.17 load
[runlim] sample:		4868.26 time, 4890.01 real, 4 MB, 2.15 load
[runlim] sample:		4878.21 time, 4900.01 real, 4 MB, 2.12 load
[runlim] sample:		4888.16 time, 4910.01 real, 4 MB, 2.26 load
[runlim] sample:		4898.11 time, 4920.01 real, 4 MB, 2.22 load
[runlim] sample:		4908.06 time, 4930.01 real, 4 MB, 2.19 load
[runlim] sample:		4918.01 time, 4940.01 real, 4 MB, 2.16 load
[runlim] sample:		4927.96 time, 4950.01 real, 4 MB, 2.13 load
[runlim] sample:		4937.91 time, 4960.01 real, 4 MB, 1.96 load
[runlim] sample:		4947.86 time, 4970.01 real, 4 MB, 1.81 load
[runlim] sample:		4957.81 time, 4980.01 real, 4 MB, 1.69 load
[runlim] sample:		4967.77 time, 4990.01 real, 4 MB, 1.58 load
[runlim] sample:		4977.71 time, 5000.01 real, 4 MB, 1.57 load
[runlim] end:			Mon Mar 16 18:05:38 2026
[runlim] status:		out of time
[runlim] result:		2
[runlim] children:		1
[runlim] processes:		2
[runlim] real:			5000.05 seconds
[runlim] time:			4977.71 seconds
[runlim] space:			4 MB
[runlim] load:			7.05 maximum
[runlim] samples:		50000
