[runlim] version:		2.0.0rc1
[runlim] host:			p06n21
[runlim] time limit:		311040000 seconds
[runlim] real time limit:	5000 seconds
[runlim] space limit:		7000 MB
[runlim] argv[0]:		./binary
[runlim] argv[1]:		-c
[runlim] argv[2]:		-f
[runlim] argv[3]:		-s
[runlim] argv[4]:		-r
[runlim] argv[5]:		/tmp/local-unzipped-12181346-7-408-BMS_k3_n100_m429_486.cnf
[runlim] start:			Mon Mar 16 16:49:24 2026
[runlim] child:			2848781
[runlim] end:			Mon Mar 16 16:49:24 2026
[runlim] status:		ok
[runlim] result:		0
[runlim] children:		1
[runlim] processes:		2
[runlim] real:			0.25 seconds
[runlim] time:			0.20 seconds
[runlim] space:			5 MB
[runlim] load:			1.90 maximum
[runlim] samples:		2
