[runlim] version:		2.0.0rc1
[runlim] host:			p05n22
[runlim] time limit:		311040000 seconds
[runlim] real time limit:	5000 seconds
[runlim] space limit:		7000 MB
[runlim] argv[0]:		./binary
[runlim] argv[1]:		-c
[runlim] argv[2]:		-f
[runlim] argv[3]:		-s
[runlim] argv[4]:		-r
[runlim] argv[5]:		/tmp/local-unzipped-12181346-2-73-BMS_k3_n100_m429_386.cnf
[runlim] start:			Mon Mar 16 16:41:44 2026
[runlim] child:			1383772
[runlim] sample:		9.97 time, 10.01 real, 4 MB, 2.04 load
[runlim] sample:		19.93 time, 20.01 real, 4 MB, 2.96 load
[runlim] sample:		29.88 time, 30.01 real, 4 MB, 3.88 load
[runlim] sample:		39.84 time, 40.01 real, 4 MB, 4.59 load
[runlim] sample:		49.80 time, 50.01 real, 4 MB, 5.35 load
[runlim] sample:		59.75 time, 60.01 real, 4 MB, 6.14 load
[runlim] sample:		69.71 time, 70.01 real, 4 MB, 6.73 load
[runlim] sample:		79.66 time, 80.01 real, 4 MB, 7.23 load
[runlim] sample:		89.61 time, 90.01 real, 4 MB, 7.43 load
[runlim] sample:		99.55 time, 100.01 real, 4 MB, 7.51 load
[runlim] sample:		109.50 time, 110.01 real, 4 MB, 7.66 load
[runlim] sample:		119.45 time, 120.01 real, 4 MB, 7.72 load
[runlim] sample:		129.40 time, 130.01 real, 4 MB, 7.76 load
[runlim] sample:		139.35 time, 140.01 real, 4 MB, 7.80 load
[runlim] sample:		149.30 time, 150.01 real, 4 MB, 7.83 load
[runlim] sample:		159.25 time, 160.01 real, 4 MB, 7.93 load
[runlim] sample:		169.20 time, 170.01 real, 4 MB, 7.94 load
[runlim] sample:		179.15 time, 180.01 real, 4 MB, 7.95 load
[runlim] sample:		189.10 time, 190.01 real, 4 MB, 7.96 load
[runlim] sample:		199.05 time, 200.01 real, 4 MB, 7.96 load
[runlim] sample:		209.00 time, 210.01 real, 4 MB, 7.97 load
[runlim] sample:		218.95 time, 220.01 real, 4 MB, 7.98 load
[runlim] sample:		228.90 time, 230.01 real, 4 MB, 8.05 load
[runlim] sample:		238.85 time, 240.01 real, 4 MB, 7.89 load
[runlim] sample:		248.80 time, 250.01 real, 4 MB, 7.75 load
[runlim] sample:		258.75 time, 260.01 real, 4 MB, 7.64 load
[runlim] sample:		268.70 time, 270.01 real, 4 MB, 7.54 load
[runlim] sample:		278.65 time, 280.01 real, 4 MB, 7.45 load
[runlim] sample:		288.60 time, 290.01 real, 4 MB, 7.38 load
[runlim] sample:		298.55 time, 300.01 real, 4 MB, 7.41 load
[runlim] sample:		308.50 time, 310.01 real, 4 MB, 7.42 load
[runlim] sample:		318.45 time, 320.01 real, 4 MB, 7.36 load
[runlim] sample:		328.40 time, 330.01 real, 4 MB, 7.30 load
[runlim] sample:		338.35 time, 340.01 real, 4 MB, 7.26 load
[runlim] sample:		348.30 time, 350.01 real, 4 MB, 7.22 load
[runlim] sample:		358.25 time, 360.01 real, 4 MB, 7.18 load
[runlim] sample:		368.20 time, 370.01 real, 4 MB, 7.08 load
[runlim] sample:		378.15 time, 380.01 real, 4 MB, 6.91 load
[runlim] sample:		388.11 time, 390.01 real, 4 MB, 6.77 load
[runlim] sample:		398.06 time, 400.01 real, 4 MB, 6.65 load
[runlim] sample:		408.01 time, 410.01 real, 4 MB, 6.55 load
[runlim] sample:		417.96 time, 420.01 real, 4 MB, 6.47 load
[runlim] sample:		427.92 time, 430.01 real, 4 MB, 6.48 load
[runlim] sample:		437.87 time, 440.01 real, 4 MB, 6.40 load
[runlim] sample:		447.82 time, 450.01 real, 4 MB, 6.34 load
[runlim] sample:		457.78 time, 460.01 real, 4 MB, 6.29 load
[runlim] sample:		467.73 time, 470.01 real, 4 MB, 6.24 load
[runlim] sample:		477.68 time, 480.01 real, 4 MB, 6.20 load
[runlim] sample:		487.64 time, 490.01 real, 4 MB, 6.17 load
[runlim] sample:		497.59 time, 500.01 real, 4 MB, 6.22 load
[runlim] sample:		507.54 time, 510.01 real, 4 MB, 6.03 load
[runlim] sample:		517.50 time, 520.01 real, 4 MB, 5.87 load
[runlim] sample:		527.46 time, 530.01 real, 4 MB, 5.74 load
[runlim] sample:		537.41 time, 540.01 real, 4 MB, 5.62 load
[runlim] sample:		547.37 time, 550.01 real, 4 MB, 5.53 load
[runlim] sample:		557.32 time, 560.01 real, 4 MB, 5.52 load
[runlim] sample:		567.27 time, 570.01 real, 4 MB, 5.44 load
[runlim] sample:		577.23 time, 580.01 real, 4 MB, 5.37 load
[runlim] sample:		587.18 time, 590.01 real, 4 MB, 5.31 load
[runlim] sample:		597.14 time, 600.01 real, 4 MB, 5.27 load
[runlim] sample:		607.09 time, 610.01 real, 4 MB, 5.22 load
[runlim] sample:		617.05 time, 620.01 real, 4 MB, 5.26 load
[runlim] sample:		627.00 time, 630.01 real, 4 MB, 5.22 load
[runlim] sample:		636.96 time, 640.01 real, 4 MB, 5.19 load
[runlim] sample:		646.91 time, 650.01 real, 4 MB, 5.16 load
[runlim] sample:		656.87 time, 660.01 real, 4 MB, 5.13 load
[runlim] sample:		666.83 time, 670.01 real, 4 MB, 5.11 load
[runlim] sample:		676.78 time, 680.01 real, 4 MB, 5.17 load
[runlim] sample:		686.73 time, 690.01 real, 4 MB, 5.06 load
[runlim] sample:		696.69 time, 700.01 real, 4 MB, 4.90 load
[runlim] sample:		706.65 time, 710.01 real, 4 MB, 4.61 load
[runlim] sample:		716.60 time, 720.01 real, 4 MB, 4.36 load
[runlim] sample:		726.56 time, 730.01 real, 4 MB, 4.15 load
[runlim] sample:		736.51 time, 740.01 real, 4 MB, 4.05 load
[runlim] sample:		746.46 time, 750.01 real, 4 MB, 3.88 load
[runlim] sample:		756.42 time, 760.01 real, 4 MB, 3.75 load
[runlim] sample:		766.37 time, 770.01 real, 4 MB, 3.63 load
[runlim] sample:		776.32 time, 780.01 real, 4 MB, 3.54 load
[runlim] sample:		786.28 time, 790.01 real, 4 MB, 3.45 load
[runlim] sample:		796.23 time, 800.01 real, 4 MB, 3.38 load
[runlim] sample:		806.18 time, 810.01 real, 4 MB, 3.32 load
[runlim] sample:		816.14 time, 820.01 real, 4 MB, 3.27 load
[runlim] sample:		826.09 time, 830.01 real, 4 MB, 3.23 load
[runlim] sample:		836.04 time, 840.01 real, 4 MB, 3.19 load
[runlim] sample:		846.00 time, 850.01 real, 4 MB, 3.16 load
[runlim] sample:		855.95 time, 860.01 real, 4 MB, 3.14 load
[runlim] sample:		865.90 time, 870.01 real, 4 MB, 3.12 load
[runlim] sample:		875.86 time, 880.01 real, 4 MB, 3.10 load
[runlim] sample:		885.81 time, 890.01 real, 4 MB, 3.08 load
[runlim] sample:		895.76 time, 900.01 real, 4 MB, 3.07 load
[runlim] sample:		905.71 time, 910.01 real, 4 MB, 3.06 load
[runlim] sample:		915.67 time, 920.01 real, 4 MB, 3.05 load
[runlim] sample:		925.62 time, 930.01 real, 4 MB, 3.04 load
[runlim] sample:		935.57 time, 940.01 real, 4 MB, 3.03 load
[runlim] sample:		945.53 time, 950.01 real, 4 MB, 3.03 load
[runlim] sample:		955.48 time, 960.01 real, 4 MB, 3.02 load
[runlim] sample:		965.43 time, 970.01 real, 4 MB, 3.02 load
[runlim] sample:		975.39 time, 980.01 real, 4 MB, 3.02 load
[runlim] sample:		985.34 time, 990.01 real, 4 MB, 3.01 load
[runlim] sample:		995.29 time, 1000.01 real, 4 MB, 3.08 load
[runlim] sample:		1005.24 time, 1010.01 real, 4 MB, 3.07 load
[runlim] sample:		1015.20 time, 1020.01 real, 4 MB, 3.06 load
[runlim] sample:		1025.15 time, 1030.01 real, 4 MB, 3.05 load
[runlim] sample:		1035.10 time, 1040.01 real, 4 MB, 3.12 load
[runlim] sample:		1045.06 time, 1050.01 real, 4 MB, 3.10 load
[runlim] sample:		1055.01 time, 1060.01 real, 4 MB, 3.09 load
[runlim] sample:		1064.96 time, 1070.01 real, 4 MB, 3.07 load
[runlim] sample:		1074.91 time, 1080.01 real, 4 MB, 3.07 load
[runlim] sample:		1084.87 time, 1090.01 real, 4 MB, 3.06 load
[runlim] sample:		1094.82 time, 1100.01 real, 4 MB, 3.05 load
[runlim] sample:		1104.78 time, 1110.01 real, 4 MB, 3.04 load
[runlim] sample:		1114.73 time, 1120.01 real, 4 MB, 3.03 load
[runlim] sample:		1124.69 time, 1130.01 real, 4 MB, 3.03 load
[runlim] sample:		1134.64 time, 1140.01 real, 4 MB, 3.02 load
[runlim] sample:		1144.59 time, 1150.01 real, 4 MB, 3.02 load
[runlim] sample:		1154.55 time, 1160.01 real, 4 MB, 3.02 load
[runlim] sample:		1164.50 time, 1170.01 real, 4 MB, 3.01 load
[runlim] sample:		1174.46 time, 1180.01 real, 4 MB, 3.01 load
[runlim] sample:		1184.41 time, 1190.01 real, 4 MB, 3.01 load
[runlim] sample:		1194.37 time, 1200.01 real, 4 MB, 3.01 load
[runlim] sample:		1204.32 time, 1210.01 real, 4 MB, 3.00 load
[runlim] sample:		1214.28 time, 1220.01 real, 4 MB, 3.08 load
[runlim] sample:		1224.23 time, 1230.01 real, 4 MB, 3.07 load
[runlim] sample:		1234.19 time, 1240.01 real, 4 MB, 3.06 load
[runlim] sample:		1244.14 time, 1250.01 real, 4 MB, 3.05 load
[runlim] sample:		1254.10 time, 1260.01 real, 4 MB, 3.04 load
[runlim] sample:		1264.05 time, 1270.01 real, 4 MB, 3.03 load
[runlim] sample:		1274.00 time, 1280.01 real, 4 MB, 3.10 load
[runlim] sample:		1283.96 time, 1290.01 real, 4 MB, 3.08 load
[runlim] sample:		1293.91 time, 1300.01 real, 4 MB, 3.07 load
[runlim] sample:		1303.87 time, 1310.01 real, 4 MB, 3.06 load
[runlim] sample:		1313.83 time, 1320.01 real, 4 MB, 3.05 load
[runlim] sample:		1323.78 time, 1330.01 real, 4 MB, 3.04 load
[runlim] sample:		1333.73 time, 1340.01 real, 4 MB, 3.04 load
[runlim] sample:		1343.69 time, 1350.01 real, 4 MB, 3.03 load
[runlim] sample:		1353.64 time, 1360.01 real, 4 MB, 3.02 load
[runlim] sample:		1363.60 time, 1370.01 real, 4 MB, 3.02 load
[runlim] sample:		1373.56 time, 1380.01 real, 4 MB, 3.02 load
[runlim] sample:		1383.51 time, 1390.01 real, 4 MB, 3.01 load
[runlim] sample:		1393.47 time, 1400.01 real, 4 MB, 3.01 load
[runlim] sample:		1403.42 time, 1410.01 real, 4 MB, 3.01 load
[runlim] sample:		1413.37 time, 1420.01 real, 4 MB, 3.08 load
[runlim] sample:		1423.33 time, 1430.01 real, 4 MB, 3.07 load
[runlim] sample:		1433.29 time, 1440.01 real, 4 MB, 3.06 load
[runlim] sample:		1443.24 time, 1450.01 real, 4 MB, 3.05 load
[runlim] sample:		1453.20 time, 1460.01 real, 4 MB, 3.04 load
[runlim] sample:		1463.15 time, 1470.01 real, 4 MB, 3.03 load
[runlim] sample:		1473.10 time, 1480.01 real, 4 MB, 3.03 load
[runlim] sample:		1483.06 time, 1490.01 real, 4 MB, 3.02 load
[runlim] sample:		1493.02 time, 1500.01 real, 4 MB, 3.02 load
[runlim] sample:		1502.97 time, 1510.01 real, 4 MB, 3.02 load
[runlim] sample:		1512.92 time, 1520.01 real, 4 MB, 3.01 load
[runlim] sample:		1522.88 time, 1530.01 real, 4 MB, 3.01 load
[runlim] sample:		1532.83 time, 1540.01 real, 4 MB, 3.01 load
[runlim] sample:		1542.78 time, 1550.01 real, 4 MB, 3.01 load
[runlim] sample:		1552.74 time, 1560.01 real, 4 MB, 3.00 load
[runlim] sample:		1562.69 time, 1570.01 real, 4 MB, 3.00 load
[runlim] end:			Mon Mar 16 17:07:57 2026
[runlim] status:		ok
[runlim] result:		0
[runlim] children:		1
[runlim] processes:		2
[runlim] real:			1572.74 seconds
[runlim] time:			1565.38 seconds
[runlim] space:			4 MB
[runlim] load:			8.06 maximum
[runlim] samples:		15727
