[runlim] version:		2.0.0rc1
[runlim] host:			p05n22
[runlim] time limit:		311040000 seconds
[runlim] real time limit:	5000 seconds
[runlim] space limit:		7000 MB
[runlim] argv[0]:		./binary
[runlim] argv[1]:		-c
[runlim] argv[2]:		-f
[runlim] argv[3]:		-s
[runlim] argv[4]:		-r
[runlim] argv[5]:		/tmp/local-unzipped-12181346-2-70-BMS_k3_n100_m429_213.cnf
[runlim] start:			Mon Mar 16 16:41:41 2026
[runlim] child:			1383664
[runlim] sample:		9.96 time, 10.01 real, 4 MB, 1.61 load
[runlim] sample:		19.90 time, 20.01 real, 4 MB, 2.52 load
[runlim] sample:		29.84 time, 30.01 real, 4 MB, 3.52 load
[runlim] sample:		39.78 time, 40.01 real, 4 MB, 4.29 load
[runlim] sample:		49.72 time, 50.01 real, 4 MB, 4.94 load
[runlim] sample:		59.67 time, 60.01 real, 4 MB, 5.80 load
[runlim] sample:		69.62 time, 70.01 real, 4 MB, 6.45 load
[runlim] sample:		79.58 time, 80.01 real, 4 MB, 6.99 load
[runlim] sample:		89.54 time, 90.01 real, 4 MB, 7.37 load
[runlim] sample:		99.50 time, 100.01 real, 4 MB, 7.47 load
[runlim] sample:		109.46 time, 110.01 real, 4 MB, 7.63 load
[runlim] sample:		119.42 time, 120.01 real, 4 MB, 7.69 load
[runlim] sample:		129.39 time, 130.01 real, 4 MB, 7.74 load
[runlim] sample:		139.35 time, 140.01 real, 4 MB, 7.78 load
[runlim] sample:		149.30 time, 150.01 real, 4 MB, 7.81 load
[runlim] sample:		159.25 time, 160.01 real, 4 MB, 7.92 load
[runlim] sample:		169.20 time, 170.01 real, 4 MB, 7.93 load
[runlim] sample:		179.15 time, 180.01 real, 4 MB, 7.95 load
[runlim] sample:		189.09 time, 190.01 real, 4 MB, 7.95 load
[runlim] sample:		199.04 time, 200.01 real, 4 MB, 7.96 load
[runlim] sample:		208.99 time, 210.01 real, 4 MB, 7.97 load
[runlim] sample:		218.94 time, 220.01 real, 4 MB, 7.97 load
[runlim] sample:		228.88 time, 230.01 real, 4 MB, 8.06 load
[runlim] end:			Mon Mar 16 16:45:39 2026
[runlim] status:		ok
[runlim] result:		0
[runlim] children:		1
[runlim] processes:		2
[runlim] real:			237.42 seconds
[runlim] time:			236.25 seconds
[runlim] space:			4 MB
[runlim] load:			8.06 maximum
[runlim] samples:		2374
