[runlim] version:		2.0.0rc1
[runlim] host:			p03n07
[runlim] time limit:		311040000 seconds
[runlim] real time limit:	5000 seconds
[runlim] space limit:		7000 MB
[runlim] argv[0]:		./binary
[runlim] argv[1]:		-c
[runlim] argv[2]:		-f
[runlim] argv[3]:		-s
[runlim] argv[4]:		-r
[runlim] argv[5]:		/tmp/local-unzipped-12181346-6-337-BMS_k3_n100_m429_229.cnf
[runlim] start:			Mon Mar 16 16:49:17 2026
[runlim] child:			4028152
[runlim] sample:		9.96 time, 10.01 real, 4 MB, 2.23 load
[runlim] sample:		19.91 time, 20.01 real, 4 MB, 3.81 load
[runlim] sample:		29.87 time, 30.01 real, 4 MB, 5.23 load
[runlim] sample:		39.82 time, 40.01 real, 4 MB, 6.73 load
[runlim] sample:		49.78 time, 50.01 real, 4 MB, 7.92 load
[runlim] sample:		59.74 time, 60.01 real, 4 MB, 8.70 load
[runlim] sample:		69.70 time, 70.01 real, 4 MB, 9.28 load
[runlim] sample:		79.66 time, 80.01 real, 4 MB, 9.70 load
[runlim] sample:		89.62 time, 90.01 real, 4 MB, 9.98 load
[runlim] sample:		99.59 time, 100.01 real, 5 MB, 10.14 load
[runlim] sample:		109.55 time, 110.01 real, 5 MB, 10.35 load
[runlim] sample:		119.51 time, 120.01 real, 5 MB, 10.45 load
[runlim] sample:		129.47 time, 130.01 real, 5 MB, 10.54 load
[runlim] sample:		139.43 time, 140.01 real, 5 MB, 10.61 load
[runlim] end:			Mon Mar 16 16:51:40 2026
[runlim] status:		ok
[runlim] result:		0
[runlim] children:		1
[runlim] processes:		2
[runlim] real:			142.77 seconds
[runlim] time:			142.12 seconds
[runlim] space:			5 MB
[runlim] load:			10.61 maximum
[runlim] samples:		1427
