[runlim] version:		2.0.0rc1
[runlim] host:			o03n05
[runlim] time limit:		311040000 seconds
[runlim] real time limit:	5000 seconds
[runlim] space limit:		7000 MB
[runlim] argv[0]:		./binary
[runlim] argv[1]:		-c
[runlim] argv[2]:		-f
[runlim] argv[3]:		-s
[runlim] argv[4]:		-r
[runlim] argv[5]:		/tmp/local-unzipped-12181346-1-57-BMS_k3_n100_m429_138.cnf
[runlim] start:			Mon Mar 16 16:40:07 2026
[runlim] child:			719084
[runlim] sample:		9.95 time, 10.01 real, 5 MB, 5.82 load
[runlim] sample:		19.91 time, 20.01 real, 5 MB, 6.46 load
[runlim] sample:		29.86 time, 30.01 real, 5 MB, 7.01 load
[runlim] sample:		39.82 time, 40.01 real, 5 MB, 7.31 load
[runlim] sample:		49.78 time, 50.01 real, 5 MB, 7.49 load
[runlim] sample:		59.73 time, 60.01 real, 5 MB, 7.57 load
[runlim] sample:		69.69 time, 70.01 real, 5 MB, 7.79 load
[runlim] sample:		79.65 time, 80.01 real, 5 MB, 7.82 load
[runlim] sample:		89.61 time, 90.01 real, 5 MB, 7.69 load
[runlim] sample:		99.57 time, 100.01 real, 5 MB, 7.43 load
[runlim] sample:		109.53 time, 110.01 real, 5 MB, 7.21 load
[runlim] sample:		119.48 time, 120.01 real, 5 MB, 7.11 load
[runlim] sample:		129.44 time, 130.01 real, 5 MB, 7.10 load
[runlim] sample:		139.40 time, 140.01 real, 5 MB, 6.93 load
[runlim] sample:		149.36 time, 150.01 real, 5 MB, 6.79 load
[runlim] sample:		159.32 time, 160.01 real, 5 MB, 6.66 load
[runlim] sample:		169.28 time, 170.01 real, 6 MB, 6.56 load
[runlim] sample:		179.24 time, 180.01 real, 6 MB, 6.47 load
[runlim] sample:		189.20 time, 190.01 real, 6 MB, 6.48 load
[runlim] sample:		199.16 time, 200.01 real, 6 MB, 6.41 load
[runlim] sample:		209.12 time, 210.01 real, 6 MB, 6.34 load
[runlim] sample:		219.08 time, 220.01 real, 6 MB, 6.29 load
[runlim] sample:		229.04 time, 230.01 real, 6 MB, 6.17 load
[runlim] sample:		239.00 time, 240.01 real, 6 MB, 5.99 load
[runlim] sample:		248.96 time, 250.01 real, 6 MB, 5.92 load
[runlim] sample:		258.92 time, 260.01 real, 6 MB, 5.77 load
[runlim] sample:		268.88 time, 270.01 real, 6 MB, 5.65 load
[runlim] sample:		278.84 time, 280.01 real, 6 MB, 5.55 load
[runlim] sample:		288.80 time, 290.01 real, 6 MB, 5.47 load
[runlim] sample:		298.76 time, 300.01 real, 6 MB, 5.40 load
[runlim] sample:		308.72 time, 310.01 real, 6 MB, 5.50 load
[runlim] sample:		318.68 time, 320.01 real, 6 MB, 5.42 load
[runlim] sample:		328.64 time, 330.01 real, 6 MB, 5.35 load
[runlim] sample:		338.60 time, 340.01 real, 6 MB, 5.30 load
[runlim] sample:		348.56 time, 350.01 real, 6 MB, 5.25 load
[runlim] sample:		358.52 time, 360.01 real, 6 MB, 5.21 load
[runlim] sample:		368.48 time, 370.01 real, 6 MB, 5.34 load
[runlim] sample:		378.44 time, 380.01 real, 6 MB, 5.29 load
[runlim] sample:		388.40 time, 390.01 real, 6 MB, 5.32 load
[runlim] sample:		398.36 time, 400.01 real, 6 MB, 5.27 load
[runlim] sample:		408.32 time, 410.01 real, 6 MB, 5.23 load
[runlim] sample:		418.28 time, 420.01 real, 6 MB, 5.19 load
[runlim] end:			Mon Mar 16 16:47:14 2026
[runlim] status:		ok
[runlim] result:		0
[runlim] children:		1
[runlim] processes:		2
[runlim] real:			427.58 seconds
[runlim] time:			425.75 seconds
[runlim] space:			6 MB
[runlim] load:			7.83 maximum
[runlim] samples:		4275
