[runlim] version:		2.0.0rc1
[runlim] host:			p03n07
[runlim] time limit:		311040000 seconds
[runlim] real time limit:	5000 seconds
[runlim] space limit:		7000 MB
[runlim] argv[0]:		./binary
[runlim] argv[1]:		-c
[runlim] argv[2]:		-f
[runlim] argv[3]:		-s
[runlim] argv[4]:		-r
[runlim] argv[5]:		/tmp/local-unzipped-12181346-6-362-BMS_k3_n100_m429_260.cnf
[runlim] start:			Mon Mar 16 16:49:42 2026
[runlim] child:			4029074
[runlim] sample:		9.95 time, 10.01 real, 4 MB, 6.10 load
[runlim] sample:		19.90 time, 20.01 real, 4 MB, 7.39 load
[runlim] sample:		29.85 time, 30.01 real, 4 MB, 8.33 load
[runlim] sample:		39.81 time, 40.01 real, 4 MB, 9.05 load
[runlim] sample:		49.77 time, 50.01 real, 4 MB, 9.50 load
[runlim] sample:		59.72 time, 60.01 real, 4 MB, 9.81 load
[runlim] sample:		69.68 time, 70.01 real, 4 MB, 10.06 load
[runlim] sample:		79.63 time, 80.01 real, 4 MB, 10.21 load
[runlim] sample:		89.59 time, 90.01 real, 4 MB, 10.40 load
[runlim] sample:		99.54 time, 100.01 real, 4 MB, 10.50 load
[runlim] sample:		109.49 time, 110.01 real, 4 MB, 10.57 load
[runlim] sample:		119.46 time, 120.01 real, 4 MB, 10.56 load
[runlim] sample:		129.41 time, 130.01 real, 4 MB, 10.55 load
[runlim] sample:		139.37 time, 140.01 real, 4 MB, 10.46 load
[runlim] sample:		149.32 time, 150.01 real, 4 MB, 10.39 load
[runlim] sample:		159.28 time, 160.01 real, 4 MB, 10.33 load
[runlim] sample:		169.23 time, 170.01 real, 4 MB, 10.35 load
[runlim] sample:		179.19 time, 180.01 real, 4 MB, 10.30 load
[runlim] sample:		189.14 time, 190.01 real, 4 MB, 10.25 load
[runlim] sample:		199.10 time, 200.01 real, 4 MB, 10.21 load
[runlim] sample:		209.05 time, 210.01 real, 4 MB, 10.25 load
[runlim] sample:		219.01 time, 220.01 real, 4 MB, 10.21 load
[runlim] sample:		228.97 time, 230.01 real, 4 MB, 10.18 load
[runlim] sample:		238.92 time, 240.01 real, 4 MB, 10.15 load
[runlim] sample:		248.87 time, 250.01 real, 4 MB, 10.13 load
[runlim] sample:		258.83 time, 260.01 real, 4 MB, 10.11 load
[runlim] sample:		268.79 time, 270.01 real, 4 MB, 10.09 load
[runlim] sample:		278.74 time, 280.01 real, 4 MB, 10.16 load
[runlim] sample:		288.70 time, 290.01 real, 4 MB, 10.13 load
[runlim] sample:		298.66 time, 300.01 real, 4 MB, 10.11 load
[runlim] sample:		308.61 time, 310.01 real, 4 MB, 10.18 load
[runlim] sample:		318.57 time, 320.01 real, 4 MB, 9.99 load
[runlim] sample:		328.53 time, 330.01 real, 4 MB, 9.84 load
[runlim] sample:		338.49 time, 340.01 real, 4 MB, 9.56 load
[runlim] sample:		348.45 time, 350.01 real, 4 MB, 9.32 load
[runlim] sample:		358.41 time, 360.01 real, 4 MB, 9.11 load
[runlim] sample:		368.36 time, 370.01 real, 4 MB, 8.94 load
[runlim] sample:		378.32 time, 380.01 real, 4 MB, 8.80 load
[runlim] sample:		388.28 time, 390.01 real, 4 MB, 8.52 load
[runlim] sample:		398.24 time, 400.01 real, 4 MB, 8.36 load
[runlim] sample:		408.20 time, 410.01 real, 4 MB, 8.15 load
[runlim] sample:		418.15 time, 420.01 real, 4 MB, 7.97 load
[runlim] sample:		428.11 time, 430.01 real, 4 MB, 7.90 load
[runlim] sample:		438.07 time, 440.01 real, 4 MB, 7.76 load
[runlim] sample:		448.03 time, 450.01 real, 4 MB, 7.72 load
[runlim] sample:		457.99 time, 460.01 real, 4 MB, 7.60 load
[runlim] sample:		467.95 time, 470.01 real, 4 MB, 7.51 load
[runlim] sample:		477.90 time, 480.01 real, 4 MB, 7.43 load
[runlim] sample:		487.86 time, 490.01 real, 4 MB, 7.21 load
[runlim] sample:		497.82 time, 500.01 real, 4 MB, 7.02 load
[runlim] sample:		507.78 time, 510.01 real, 4 MB, 6.87 load
[runlim] sample:		517.74 time, 520.01 real, 4 MB, 6.73 load
[runlim] sample:		527.70 time, 530.01 real, 4 MB, 6.70 load
[runlim] sample:		537.66 time, 540.01 real, 4 MB, 6.59 load
[runlim] sample:		547.62 time, 550.01 real, 4 MB, 6.50 load
[runlim] sample:		557.59 time, 560.01 real, 4 MB, 6.42 load
[runlim] sample:		567.55 time, 570.01 real, 4 MB, 6.36 load
[runlim] sample:		577.51 time, 580.01 real, 4 MB, 6.30 load
[runlim] sample:		587.47 time, 590.01 real, 4 MB, 6.34 load
[runlim] sample:		597.43 time, 600.01 real, 4 MB, 6.28 load
[runlim] sample:		607.39 time, 610.01 real, 4 MB, 6.24 load
[runlim] sample:		617.35 time, 620.01 real, 4 MB, 6.20 load
[runlim] sample:		627.31 time, 630.01 real, 4 MB, 6.17 load
[runlim] sample:		637.27 time, 640.01 real, 4 MB, 6.14 load
[runlim] sample:		647.23 time, 650.01 real, 4 MB, 6.20 load
[runlim] sample:		657.19 time, 660.01 real, 4 MB, 6.17 load
[runlim] sample:		667.15 time, 670.01 real, 4 MB, 6.37 load
[runlim] sample:		677.11 time, 680.01 real, 4 MB, 6.31 load
[runlim] sample:		687.07 time, 690.01 real, 4 MB, 6.26 load
[runlim] sample:		697.03 time, 700.01 real, 4 MB, 6.22 load
[runlim] sample:		706.99 time, 710.01 real, 4 MB, 6.19 load
[runlim] sample:		716.95 time, 720.01 real, 4 MB, 6.16 load
[runlim] sample:		726.91 time, 730.01 real, 4 MB, 6.13 load
[runlim] sample:		736.87 time, 740.01 real, 4 MB, 6.19 load
[runlim] sample:		746.83 time, 750.01 real, 4 MB, 6.16 load
[runlim] sample:		756.79 time, 760.01 real, 4 MB, 6.14 load
[runlim] sample:		766.75 time, 770.01 real, 4 MB, 6.12 load
[runlim] sample:		776.71 time, 780.01 real, 4 MB, 6.10 load
[runlim] sample:		786.67 time, 790.01 real, 4 MB, 6.08 load
[runlim] sample:		796.63 time, 800.01 real, 4 MB, 6.07 load
[runlim] sample:		806.59 time, 810.01 real, 4 MB, 6.06 load
[runlim] sample:		816.55 time, 820.01 real, 4 MB, 6.05 load
[runlim] sample:		826.51 time, 830.01 real, 4 MB, 6.04 load
[runlim] sample:		836.47 time, 840.01 real, 4 MB, 6.03 load
[runlim] sample:		846.43 time, 850.01 real, 4 MB, 6.11 load
[runlim] sample:		856.39 time, 860.01 real, 4 MB, 6.09 load
[runlim] sample:		866.34 time, 870.01 real, 4 MB, 6.08 load
[runlim] sample:		876.30 time, 880.01 real, 4 MB, 6.06 load
[runlim] sample:		886.26 time, 890.01 real, 4 MB, 6.05 load
[runlim] sample:		896.22 time, 900.01 real, 4 MB, 6.05 load
[runlim] sample:		906.18 time, 910.01 real, 4 MB, 6.04 load
[runlim] sample:		916.14 time, 920.01 real, 4 MB, 6.03 load
[runlim] sample:		926.10 time, 930.01 real, 4 MB, 6.03 load
[runlim] sample:		936.06 time, 940.01 real, 4 MB, 6.10 load
[runlim] sample:		946.02 time, 950.01 real, 4 MB, 6.08 load
[runlim] sample:		955.98 time, 960.01 real, 4 MB, 6.07 load
[runlim] sample:		965.94 time, 970.01 real, 4 MB, 6.06 load
[runlim] sample:		975.90 time, 980.01 real, 4 MB, 6.05 load
[runlim] sample:		985.86 time, 990.01 real, 4 MB, 6.04 load
[runlim] sample:		995.81 time, 1000.01 real, 4 MB, 6.11 load
[runlim] sample:		1005.77 time, 1010.01 real, 5 MB, 6.09 load
[runlim] sample:		1015.73 time, 1020.01 real, 5 MB, 6.08 load
[runlim] sample:		1025.69 time, 1030.01 real, 5 MB, 6.06 load
[runlim] end:			Mon Mar 16 17:06:59 2026
[runlim] status:		ok
[runlim] result:		0
[runlim] children:		1
[runlim] processes:		2
[runlim] real:			1036.46 seconds
[runlim] time:			1032.07 seconds
[runlim] space:			5 MB
[runlim] load:			10.61 maximum
[runlim] samples:		10364
