[runlim] version:		2.0.0rc1
[runlim] host:			m07n03
[runlim] time limit:		311040000 seconds
[runlim] real time limit:	5000 seconds
[runlim] space limit:		7000 MB
[runlim] argv[0]:		./binary
[runlim] argv[1]:		-c
[runlim] argv[2]:		-f
[runlim] argv[3]:		-s
[runlim] argv[4]:		/tmp/local-unzipped-12459993-1-50-mc2025_track1_193.cnf
[runlim] start:			Thu Apr  9 20:20:28 2026
[runlim] child:			3790301
[runlim] sample:		9.92 time, 10.01 real, 599 MB, 33.86 load
[runlim] sample:		19.85 time, 20.02 real, 599 MB, 38.34 load
[runlim] sample:		29.77 time, 30.01 real, 605 MB, 42.60 load
[runlim] sample:		39.67 time, 40.01 real, 605 MB, 46.57 load
[runlim] sample:		49.59 time, 50.01 real, 605 MB, 50.26 load
[runlim] sample:		59.52 time, 60.01 real, 605 MB, 52.69 load
[runlim] sample:		69.44 time, 70.01 real, 607 MB, 54.51 load
[runlim] sample:		79.38 time, 80.02 real, 608 MB, 55.97 load
[runlim] sample:		89.30 time, 90.01 real, 617 MB, 56.97 load
[runlim] sample:		99.23 time, 100.01 real, 617 MB, 58.06 load
[runlim] sample:		109.16 time, 110.01 real, 617 MB, 58.97 load
[runlim] sample:		119.09 time, 120.01 real, 617 MB, 59.51 load
[runlim] sample:		129.02 time, 130.01 real, 617 MB, 59.90 load
[runlim] sample:		138.95 time, 140.01 real, 618 MB, 60.22 load
[runlim] sample:		148.88 time, 150.01 real, 619 MB, 60.42 load
[runlim] sample:		158.78 time, 160.01 real, 619 MB, 60.88 load
[runlim] sample:		168.71 time, 170.01 real, 620 MB, 61.04 load
[runlim] sample:		178.64 time, 180.01 real, 621 MB, 60.96 load
[runlim] sample:		188.57 time, 190.02 real, 624 MB, 60.81 load
[runlim] sample:		198.49 time, 200.01 real, 625 MB, 60.92 load
[runlim] sample:		208.42 time, 210.01 real, 625 MB, 60.77 load
[runlim] sample:		218.35 time, 220.01 real, 626 MB, 60.50 load
[runlim] sample:		228.27 time, 230.01 real, 627 MB, 60.50 load
[runlim] sample:		238.20 time, 240.01 real, 627 MB, 60.27 load
[runlim] sample:		248.13 time, 250.01 real, 628 MB, 60.07 load
[runlim] sample:		258.05 time, 260.01 real, 629 MB, 60.05 load
[runlim] sample:		267.98 time, 270.01 real, 629 MB, 59.81 load
[runlim] sample:		277.90 time, 280.01 real, 633 MB, 59.53 load
[runlim] sample:		287.83 time, 290.01 real, 633 MB, 59.30 load
[runlim] sample:		297.76 time, 300.01 real, 635 MB, 59.10 load
[runlim] sample:		307.69 time, 310.01 real, 635 MB, 58.93 load
[runlim] sample:		317.62 time, 320.01 real, 635 MB, 58.78 load
[runlim] sample:		327.55 time, 330.01 real, 635 MB, 58.66 load
[runlim] sample:		337.48 time, 340.01 real, 635 MB, 58.63 load
[runlim] sample:		347.41 time, 350.01 real, 647 MB, 58.54 load
[runlim] sample:		357.34 time, 360.01 real, 647 MB, 58.45 load
[runlim] sample:		367.28 time, 370.01 real, 647 MB, 58.38 load
[runlim] sample:		377.21 time, 380.01 real, 647 MB, 58.32 load
[runlim] sample:		387.14 time, 390.01 real, 647 MB, 58.27 load
[runlim] sample:		397.07 time, 400.01 real, 647 MB, 58.23 load
[runlim] sample:		407.00 time, 410.01 real, 647 MB, 58.27 load
[runlim] sample:		416.93 time, 420.01 real, 647 MB, 58.23 load
[runlim] sample:		426.86 time, 430.01 real, 647 MB, 58.19 load
[runlim] sample:		436.78 time, 440.01 real, 647 MB, 58.16 load
[runlim] sample:		446.71 time, 450.01 real, 647 MB, 58.06 load
[runlim] sample:		456.64 time, 460.01 real, 647 MB, 57.89 load
[runlim] sample:		466.57 time, 470.01 real, 647 MB, 57.76 load
[runlim] sample:		476.50 time, 480.01 real, 647 MB, 57.56 load
[runlim] sample:		486.44 time, 490.01 real, 647 MB, 57.32 load
[runlim] sample:		496.37 time, 500.01 real, 647 MB, 57.19 load
[runlim] sample:		506.30 time, 510.01 real, 647 MB, 57.01 load
[runlim] sample:		516.23 time, 520.01 real, 647 MB, 56.85 load
[runlim] sample:		526.16 time, 530.01 real, 647 MB, 56.72 load
[runlim] sample:		536.09 time, 540.01 real, 649 MB, 56.69 load
[runlim] sample:		546.02 time, 550.01 real, 651 MB, 56.58 load
[runlim] sample:		555.95 time, 560.01 real, 651 MB, 56.49 load
[runlim] sample:		565.88 time, 570.01 real, 651 MB, 56.42 load
[runlim] sample:		575.81 time, 580.01 real, 651 MB, 56.35 load
[runlim] sample:		585.74 time, 590.01 real, 651 MB, 56.30 load
[runlim] sample:		595.67 time, 600.01 real, 651 MB, 56.49 load
[runlim] sample:		605.60 time, 610.01 real, 651 MB, 56.41 load
[runlim] sample:		615.53 time, 620.01 real, 651 MB, 56.42 load
[runlim] sample:		625.46 time, 630.01 real, 651 MB, 56.36 load
[runlim] sample:		635.39 time, 640.01 real, 651 MB, 56.52 load
[runlim] sample:		645.32 time, 650.01 real, 651 MB, 56.52 load
[runlim] sample:		655.25 time, 660.01 real, 651 MB, 56.59 load
[runlim] sample:		665.18 time, 670.01 real, 651 MB, 56.50 load
[runlim] sample:		675.11 time, 680.01 real, 651 MB, 56.42 load
[runlim] sample:		685.04 time, 690.01 real, 651 MB, 56.36 load
[runlim] sample:		694.97 time, 700.01 real, 651 MB, 56.46 load
[runlim] sample:		704.90 time, 710.01 real, 651 MB, 56.54 load
[runlim] sample:		714.83 time, 720.01 real, 651 MB, 56.69 load
[runlim] sample:		724.76 time, 730.01 real, 651 MB, 56.66 load
[runlim] sample:		734.69 time, 740.01 real, 651 MB, 56.63 load
[runlim] sample:		744.63 time, 750.01 real, 651 MB, 56.53 load
[runlim] sample:		754.56 time, 760.01 real, 651 MB, 56.52 load
[runlim] sample:		764.49 time, 770.01 real, 655 MB, 56.44 load
[runlim] sample:		774.42 time, 780.01 real, 655 MB, 56.46 load
[runlim] sample:		784.35 time, 790.01 real, 655 MB, 56.39 load
[runlim] sample:		794.28 time, 800.01 real, 655 MB, 56.33 load
[runlim] sample:		804.21 time, 810.01 real, 655 MB, 56.27 load
[runlim] sample:		814.15 time, 820.01 real, 655 MB, 56.23 load
[runlim] sample:		824.07 time, 830.01 real, 655 MB, 56.20 load
[runlim] sample:		834.01 time, 840.01 real, 655 MB, 56.32 load
[runlim] sample:		843.94 time, 850.01 real, 655 MB, 56.35 load
[runlim] sample:		853.87 time, 860.01 real, 655 MB, 56.30 load
[runlim] sample:		863.80 time, 870.01 real, 655 MB, 56.25 load
[runlim] sample:		873.73 time, 880.01 real, 655 MB, 56.21 load
[runlim] sample:		883.67 time, 890.01 real, 655 MB, 56.18 load
[runlim] sample:		893.60 time, 900.01 real, 655 MB, 56.15 load
[runlim] sample:		903.53 time, 910.01 real, 655 MB, 56.13 load
[runlim] sample:		913.46 time, 920.01 real, 655 MB, 56.11 load
[runlim] sample:		923.39 time, 930.01 real, 655 MB, 56.09 load
[runlim] sample:		933.32 time, 940.01 real, 655 MB, 56.08 load
[runlim] sample:		943.25 time, 950.01 real, 655 MB, 56.06 load
[runlim] sample:		953.18 time, 960.01 real, 655 MB, 56.05 load
[runlim] sample:		963.11 time, 970.01 real, 655 MB, 56.04 load
[runlim] sample:		973.05 time, 980.01 real, 655 MB, 56.18 load
[runlim] sample:		982.98 time, 990.01 real, 655 MB, 56.23 load
[runlim] sample:		992.92 time, 1000.01 real, 655 MB, 56.19 load
[runlim] sample:		1002.85 time, 1010.01 real, 655 MB, 56.16 load
[runlim] sample:		1012.78 time, 1020.01 real, 655 MB, 56.14 load
[runlim] sample:		1022.71 time, 1030.01 real, 655 MB, 56.12 load
[runlim] sample:		1032.64 time, 1040.01 real, 655 MB, 56.10 load
[runlim] sample:		1042.57 time, 1050.01 real, 655 MB, 56.08 load
[runlim] sample:		1052.50 time, 1060.01 real, 655 MB, 56.14 load
[runlim] sample:		1062.43 time, 1070.01 real, 655 MB, 56.20 load
[runlim] sample:		1072.36 time, 1080.01 real, 655 MB, 56.33 load
[runlim] sample:		1082.29 time, 1090.01 real, 655 MB, 56.27 load
[runlim] sample:		1092.21 time, 1100.01 real, 655 MB, 56.31 load
[runlim] sample:		1102.14 time, 1110.01 real, 655 MB, 56.34 load
[runlim] sample:		1112.07 time, 1120.01 real, 655 MB, 56.43 load
[runlim] sample:		1122.00 time, 1130.01 real, 655 MB, 56.37 load
[runlim] sample:		1131.93 time, 1140.01 real, 655 MB, 56.38 load
[runlim] sample:		1141.85 time, 1150.01 real, 655 MB, 56.40 load
[runlim] sample:		1151.78 time, 1160.01 real, 655 MB, 56.41 load
[runlim] sample:		1161.71 time, 1170.01 real, 655 MB, 56.35 load
[runlim] sample:		1171.63 time, 1180.01 real, 655 MB, 56.37 load
[runlim] sample:		1181.56 time, 1190.01 real, 655 MB, 56.31 load
[runlim] sample:		1191.49 time, 1200.01 real, 655 MB, 56.50 load
[runlim] sample:		1201.41 time, 1210.01 real, 655 MB, 56.49 load
[runlim] sample:		1211.34 time, 1220.01 real, 655 MB, 56.42 load
[runlim] sample:		1221.27 time, 1230.01 real, 655 MB, 56.35 load
[runlim] sample:		1231.20 time, 1240.01 real, 655 MB, 56.30 load
[runlim] sample:		1241.13 time, 1250.01 real, 655 MB, 56.33 load
[runlim] sample:		1251.06 time, 1260.01 real, 657 MB, 56.28 load
[runlim] sample:		1260.98 time, 1270.01 real, 657 MB, 56.23 load
[runlim] sample:		1270.91 time, 1280.01 real, 657 MB, 56.27 load
[runlim] sample:		1280.84 time, 1290.01 real, 657 MB, 56.23 load
[runlim] sample:		1290.77 time, 1300.01 real, 657 MB, 56.19 load
[runlim] sample:		1300.70 time, 1310.01 real, 657 MB, 56.16 load
[runlim] sample:		1310.63 time, 1320.01 real, 657 MB, 56.14 load
[runlim] sample:		1320.56 time, 1330.01 real, 657 MB, 56.20 load
[runlim] sample:		1330.49 time, 1340.01 real, 657 MB, 56.17 load
[runlim] sample:		1340.42 time, 1350.01 real, 657 MB, 56.14 load
[runlim] sample:		1350.34 time, 1360.01 real, 675 MB, 56.12 load
[runlim] sample:		1360.27 time, 1370.01 real, 675 MB, 56.18 load
[runlim] sample:		1370.20 time, 1380.01 real, 675 MB, 56.15 load
[runlim] sample:		1380.13 time, 1390.01 real, 675 MB, 56.13 load
[runlim] sample:		1390.05 time, 1400.01 real, 675 MB, 56.11 load
[runlim] sample:		1399.98 time, 1410.01 real, 675 MB, 56.09 load
[runlim] sample:		1409.91 time, 1420.01 real, 675 MB, 56.08 load
[runlim] sample:		1419.83 time, 1430.01 real, 675 MB, 56.14 load
[runlim] sample:		1429.76 time, 1440.01 real, 675 MB, 56.12 load
[runlim] sample:		1439.69 time, 1450.01 real, 675 MB, 56.10 load
[runlim] sample:		1449.61 time, 1460.01 real, 675 MB, 56.08 load
[runlim] sample:		1459.54 time, 1470.01 real, 675 MB, 56.07 load
[runlim] sample:		1469.46 time, 1480.01 real, 675 MB, 56.13 load
[runlim] sample:		1479.38 time, 1490.01 real, 675 MB, 56.19 load
[runlim] sample:		1489.31 time, 1500.01 real, 675 MB, 56.23 load
[runlim] sample:		1499.23 time, 1510.01 real, 675 MB, 56.28 load
[runlim] sample:		1509.16 time, 1520.01 real, 675 MB, 56.23 load
[runlim] sample:		1519.09 time, 1530.01 real, 675 MB, 56.20 load
[runlim] sample:		1529.02 time, 1540.02 real, 675 MB, 56.09 load
[runlim] sample:		1538.94 time, 1550.01 real, 675 MB, 55.92 load
[runlim] sample:		1548.87 time, 1560.01 real, 675 MB, 55.78 load
[runlim] sample:		1558.79 time, 1570.01 real, 675 MB, 55.74 load
[runlim] sample:		1568.72 time, 1580.01 real, 675 MB, 55.62 load
[runlim] sample:		1578.64 time, 1590.01 real, 675 MB, 55.60 load
[runlim] sample:		1588.56 time, 1600.01 real, 675 MB, 55.66 load
[runlim] sample:		1598.48 time, 1610.01 real, 675 MB, 55.63 load
[runlim] sample:		1608.41 time, 1620.01 real, 675 MB, 55.54 load
[runlim] sample:		1618.34 time, 1630.01 real, 675 MB, 55.45 load
[runlim] sample:		1628.26 time, 1640.01 real, 675 MB, 55.38 load
[runlim] sample:		1638.18 time, 1650.01 real, 675 MB, 55.40 load
[runlim] sample:		1648.12 time, 1660.02 real, 677 MB, 55.71 load
[runlim] sample:		1658.04 time, 1670.01 real, 677 MB, 55.60 load
[runlim] sample:		1667.96 time, 1680.01 real, 677 MB, 55.51 load
[runlim] sample:		1677.90 time, 1690.01 real, 677 MB, 55.43 load
[runlim] sample:		1687.82 time, 1700.01 real, 677 MB, 55.59 load
[runlim] sample:		1697.75 time, 1710.01 real, 677 MB, 55.50 load
[runlim] sample:		1707.68 time, 1720.01 real, 677 MB, 55.58 load
[runlim] sample:		1717.61 time, 1730.01 real, 677 MB, 55.64 load
[runlim] sample:		1727.54 time, 1740.01 real, 677 MB, 55.54 load
[runlim] sample:		1737.47 time, 1750.01 real, 679 MB, 55.46 load
[runlim] sample:		1747.39 time, 1760.01 real, 679 MB, 55.39 load
[runlim] sample:		1757.32 time, 1770.01 real, 679 MB, 55.40 load
[runlim] sample:		1767.25 time, 1780.01 real, 679 MB, 55.34 load
[runlim] sample:		1777.18 time, 1790.01 real, 679 MB, 55.36 load
[runlim] sample:		1787.11 time, 1800.01 real, 679 MB, 55.31 load
[runlim] sample:		1797.04 time, 1810.01 real, 679 MB, 55.26 load
[runlim] sample:		1806.97 time, 1820.01 real, 679 MB, 55.38 load
[runlim] sample:		1816.90 time, 1830.01 real, 679 MB, 55.55 load
[runlim] sample:		1826.83 time, 1840.01 real, 679 MB, 55.70 load
[runlim] sample:		1836.76 time, 1850.01 real, 679 MB, 55.82 load
[runlim] sample:		1846.69 time, 1860.01 real, 679 MB, 55.85 load
[runlim] sample:		1856.62 time, 1870.01 real, 679 MB, 55.95 load
[runlim] sample:		1866.55 time, 1880.01 real, 679 MB, 56.11 load
[runlim] sample:		1876.49 time, 1890.01 real, 679 MB, 56.09 load
[runlim] sample:		1886.42 time, 1900.01 real, 679 MB, 56.08 load
[runlim] sample:		1896.35 time, 1910.01 real, 679 MB, 56.21 load
[runlim] sample:		1906.28 time, 1920.01 real, 679 MB, 56.18 load
[runlim] sample:		1916.22 time, 1930.01 real, 679 MB, 56.00 load
[runlim] sample:		1926.14 time, 1940.01 real, 679 MB, 55.84 load
[runlim] sample:		1936.08 time, 1950.01 real, 679 MB, 55.71 load
[runlim] sample:		1946.01 time, 1960.01 real, 679 MB, 55.60 load
[runlim] sample:		1955.93 time, 1970.01 real, 679 MB, 55.73 load
[runlim] sample:		1965.86 time, 1980.01 real, 679 MB, 55.69 load
[runlim] sample:		1975.79 time, 1990.01 real, 679 MB, 55.59 load
[runlim] sample:		1985.72 time, 2000.01 real, 679 MB, 55.49 load
[runlim] sample:		1995.65 time, 2010.01 real, 679 MB, 55.50 load
[runlim] sample:		2005.58 time, 2020.01 real, 679 MB, 55.50 load
[runlim] sample:		2015.51 time, 2030.01 real, 679 MB, 55.42 load
[runlim] sample:		2025.44 time, 2040.01 real, 679 MB, 55.36 load
[runlim] sample:		2035.37 time, 2050.01 real, 679 MB, 55.30 load
[runlim] sample:		2045.30 time, 2060.01 real, 681 MB, 55.26 load
[runlim] sample:		2055.23 time, 2070.01 real, 681 MB, 55.22 load
[runlim] sample:		2065.16 time, 2080.01 real, 681 MB, 55.18 load
[runlim] sample:		2075.09 time, 2090.01 real, 681 MB, 55.15 load
[runlim] sample:		2085.02 time, 2100.01 real, 681 MB, 55.21 load
[runlim] sample:		2094.95 time, 2110.01 real, 681 MB, 55.26 load
[runlim] sample:		2104.88 time, 2120.01 real, 681 MB, 55.22 load
[runlim] sample:		2114.81 time, 2130.01 real, 683 MB, 55.18 load
[runlim] sample:		2124.73 time, 2140.01 real, 683 MB, 55.30 load
[runlim] sample:		2134.66 time, 2150.01 real, 683 MB, 55.26 load
[runlim] sample:		2144.60 time, 2160.01 real, 683 MB, 55.30 load
[runlim] sample:		2154.53 time, 2170.01 real, 683 MB, 55.33 load
[runlim] sample:		2164.46 time, 2180.01 real, 683 MB, 55.27 load
[runlim] sample:		2174.39 time, 2190.01 real, 683 MB, 55.23 load
[runlim] sample:		2184.33 time, 2200.01 real, 683 MB, 55.36 load
[runlim] sample:		2194.26 time, 2210.01 real, 683 MB, 55.38 load
[runlim] sample:		2204.19 time, 2220.01 real, 683 MB, 55.32 load
[runlim] sample:		2214.13 time, 2230.01 real, 683 MB, 55.35 load
[runlim] sample:		2224.06 time, 2240.01 real, 683 MB, 55.29 load
[runlim] sample:		2234.00 time, 2250.01 real, 683 MB, 55.33 load
[runlim] sample:		2243.93 time, 2260.01 real, 683 MB, 55.28 load
[runlim] sample:		2253.87 time, 2270.01 real, 683 MB, 55.23 load
[runlim] sample:		2263.80 time, 2280.01 real, 683 MB, 55.20 load
[runlim] sample:		2273.74 time, 2290.01 real, 683 MB, 55.17 load
[runlim] sample:		2283.68 time, 2300.01 real, 683 MB, 55.14 load
[runlim] sample:		2293.61 time, 2310.01 real, 683 MB, 55.12 load
[runlim] sample:		2303.54 time, 2320.01 real, 683 MB, 55.10 load
[runlim] sample:		2313.48 time, 2330.01 real, 683 MB, 55.08 load
[runlim] sample:		2323.41 time, 2340.01 real, 683 MB, 55.07 load
[runlim] sample:		2333.35 time, 2350.01 real, 683 MB, 55.06 load
[runlim] sample:		2343.29 time, 2360.01 real, 683 MB, 55.05 load
[runlim] sample:		2353.22 time, 2370.01 real, 683 MB, 55.12 load
[runlim] sample:		2363.15 time, 2380.01 real, 683 MB, 55.10 load
[runlim] sample:		2373.09 time, 2390.01 real, 683 MB, 55.08 load
[runlim] sample:		2383.02 time, 2400.01 real, 683 MB, 55.07 load
[runlim] sample:		2392.95 time, 2410.01 real, 683 MB, 55.06 load
[runlim] sample:		2402.89 time, 2420.01 real, 683 MB, 55.05 load
[runlim] sample:		2412.82 time, 2430.01 real, 683 MB, 55.11 load
[runlim] sample:		2422.75 time, 2440.01 real, 683 MB, 55.10 load
[runlim] sample:		2432.69 time, 2450.01 real, 683 MB, 55.08 load
[runlim] sample:		2442.62 time, 2460.01 real, 683 MB, 55.14 load
[runlim] sample:		2452.56 time, 2470.01 real, 683 MB, 55.12 load
[runlim] sample:		2462.49 time, 2480.01 real, 683 MB, 55.18 load
[runlim] sample:		2472.43 time, 2490.01 real, 685 MB, 55.15 load
[runlim] sample:		2482.36 time, 2500.01 real, 685 MB, 55.12 load
[runlim] sample:		2492.29 time, 2510.01 real, 685 MB, 55.27 load
[runlim] sample:		2502.23 time, 2520.01 real, 685 MB, 55.22 load
[runlim] sample:		2512.16 time, 2530.01 real, 685 MB, 55.19 load
[runlim] sample:		2522.09 time, 2540.01 real, 685 MB, 55.16 load
[runlim] sample:		2532.02 time, 2550.01 real, 685 MB, 55.21 load
[runlim] sample:		2541.95 time, 2560.01 real, 685 MB, 55.18 load
[runlim] sample:		2551.88 time, 2570.01 real, 685 MB, 55.15 load
[runlim] sample:		2561.81 time, 2580.01 real, 685 MB, 55.12 load
[runlim] sample:		2571.74 time, 2590.01 real, 685 MB, 55.11 load
[runlim] sample:		2581.67 time, 2600.01 real, 685 MB, 55.09 load
[runlim] sample:		2591.60 time, 2610.01 real, 685 MB, 55.16 load
[runlim] sample:		2601.53 time, 2620.01 real, 685 MB, 55.28 load
[runlim] sample:		2611.47 time, 2630.01 real, 685 MB, 55.24 load
[runlim] sample:		2621.40 time, 2640.01 real, 685 MB, 55.20 load
[runlim] sample:		2631.33 time, 2650.01 real, 685 MB, 55.25 load
[runlim] sample:		2641.27 time, 2660.01 real, 685 MB, 55.21 load
[runlim] sample:		2651.21 time, 2670.01 real, 685 MB, 55.26 load
[runlim] sample:		2661.14 time, 2680.01 real, 685 MB, 55.22 load
[runlim] sample:		2671.07 time, 2690.01 real, 685 MB, 55.18 load
[runlim] sample:		2681.00 time, 2700.01 real, 685 MB, 55.24 load
[runlim] sample:		2690.93 time, 2710.01 real, 685 MB, 55.20 load
[runlim] sample:		2700.86 time, 2720.01 real, 685 MB, 55.25 load
[runlim] sample:		2710.79 time, 2730.01 real, 685 MB, 55.44 load
[runlim] sample:		2720.72 time, 2740.01 real, 685 MB, 55.38 load
[runlim] sample:		2730.65 time, 2750.01 real, 685 MB, 55.32 load
[runlim] sample:		2740.58 time, 2760.01 real, 685 MB, 55.27 load
[runlim] sample:		2750.51 time, 2770.01 real, 685 MB, 55.31 load
[runlim] sample:		2760.44 time, 2780.01 real, 685 MB, 55.26 load
[runlim] sample:		2770.37 time, 2790.01 real, 685 MB, 55.22 load
[runlim] sample:		2780.29 time, 2800.01 real, 685 MB, 55.26 load
[runlim] sample:		2790.22 time, 2810.01 real, 685 MB, 55.37 load
[runlim] sample:		2800.15 time, 2820.01 real, 685 MB, 55.31 load
[runlim] sample:		2810.08 time, 2830.01 real, 685 MB, 55.26 load
[runlim] sample:		2820.01 time, 2840.01 real, 685 MB, 55.22 load
[runlim] sample:		2829.94 time, 2850.01 real, 685 MB, 55.19 load
[runlim] sample:		2839.87 time, 2860.01 real, 685 MB, 55.16 load
[runlim] sample:		2849.80 time, 2870.01 real, 685 MB, 55.13 load
[runlim] sample:		2859.73 time, 2880.01 real, 685 MB, 55.11 load
[runlim] sample:		2869.66 time, 2890.01 real, 685 MB, 55.09 load
[runlim] sample:		2879.59 time, 2900.01 real, 687 MB, 55.30 load
[runlim] sample:		2889.52 time, 2910.01 real, 687 MB, 55.25 load
[runlim] sample:		2899.45 time, 2920.01 real, 687 MB, 55.21 load
[runlim] sample:		2909.38 time, 2930.01 real, 687 MB, 55.18 load
[runlim] sample:		2919.31 time, 2940.01 real, 687 MB, 55.15 load
[runlim] sample:		2929.24 time, 2950.01 real, 687 MB, 55.13 load
[runlim] sample:		2939.17 time, 2960.01 real, 689 MB, 55.11 load
[runlim] sample:		2949.11 time, 2970.01 real, 689 MB, 55.09 load
[runlim] sample:		2959.04 time, 2980.01 real, 689 MB, 55.15 load
[runlim] sample:		2968.97 time, 2990.01 real, 689 MB, 55.13 load
[runlim] sample:		2978.90 time, 3000.01 real, 689 MB, 55.11 load
[runlim] sample:		2988.83 time, 3010.01 real, 689 MB, 55.17 load
[runlim] sample:		2998.76 time, 3020.01 real, 689 MB, 55.22 load
[runlim] sample:		3008.69 time, 3030.01 real, 689 MB, 55.19 load
[runlim] sample:		3018.62 time, 3040.01 real, 689 MB, 55.16 load
[runlim] sample:		3028.55 time, 3050.01 real, 689 MB, 55.21 load
[runlim] sample:		3038.48 time, 3060.01 real, 689 MB, 55.18 load
[runlim] sample:		3048.41 time, 3070.01 real, 689 MB, 55.15 load
[runlim] sample:		3058.34 time, 3080.01 real, 689 MB, 55.13 load
[runlim] sample:		3068.27 time, 3090.01 real, 689 MB, 55.11 load
[runlim] sample:		3078.20 time, 3100.01 real, 689 MB, 55.17 load
[runlim] sample:		3088.13 time, 3110.01 real, 689 MB, 55.22 load
[runlim] sample:		3098.06 time, 3120.01 real, 689 MB, 55.26 load
[runlim] sample:		3107.99 time, 3130.01 real, 689 MB, 55.22 load
[runlim] sample:		3117.92 time, 3140.01 real, 689 MB, 55.27 load
[runlim] sample:		3127.85 time, 3150.01 real, 689 MB, 55.23 load
[runlim] sample:		3137.78 time, 3160.01 real, 689 MB, 55.19 load
[runlim] sample:		3147.71 time, 3170.01 real, 689 MB, 55.24 load
[runlim] sample:		3157.64 time, 3180.01 real, 689 MB, 55.20 load
[runlim] sample:		3167.57 time, 3190.01 real, 689 MB, 55.17 load
[runlim] sample:		3177.50 time, 3200.01 real, 689 MB, 55.23 load
[runlim] sample:		3187.43 time, 3210.01 real, 689 MB, 55.19 load
[runlim] sample:		3197.36 time, 3220.01 real, 689 MB, 55.16 load
[runlim] sample:		3207.29 time, 3230.01 real, 689 MB, 55.21 load
[runlim] sample:		3217.22 time, 3240.01 real, 689 MB, 55.18 load
[runlim] sample:		3227.15 time, 3250.01 real, 689 MB, 55.15 load
[runlim] sample:		3237.08 time, 3260.01 real, 689 MB, 55.13 load
[runlim] sample:		3247.02 time, 3270.01 real, 689 MB, 55.11 load
[runlim] sample:		3256.94 time, 3280.01 real, 689 MB, 55.09 load
[runlim] sample:		3266.87 time, 3290.01 real, 689 MB, 55.08 load
[runlim] sample:		3276.80 time, 3300.01 real, 689 MB, 55.06 load
[runlim] sample:		3286.73 time, 3310.01 real, 689 MB, 55.05 load
[runlim] sample:		3296.67 time, 3320.01 real, 689 MB, 55.04 load
[runlim] sample:		3306.60 time, 3330.01 real, 689 MB, 55.04 load
[runlim] sample:		3316.53 time, 3340.01 real, 689 MB, 55.03 load
[runlim] sample:		3326.46 time, 3350.01 real, 689 MB, 55.11 load
[runlim] sample:		3336.39 time, 3360.01 real, 689 MB, 55.09 load
[runlim] sample:		3346.32 time, 3370.01 real, 689 MB, 55.08 load
[runlim] sample:		3356.25 time, 3380.01 real, 689 MB, 55.06 load
[runlim] sample:		3366.18 time, 3390.01 real, 689 MB, 55.05 load
[runlim] sample:		3376.11 time, 3400.01 real, 689 MB, 55.04 load
[runlim] sample:		3386.04 time, 3410.01 real, 689 MB, 55.27 load
[runlim] sample:		3395.97 time, 3420.01 real, 689 MB, 55.22 load
[runlim] sample:		3405.90 time, 3430.01 real, 689 MB, 55.19 load
[runlim] sample:		3415.83 time, 3440.01 real, 689 MB, 55.16 load
[runlim] sample:		3425.76 time, 3450.01 real, 689 MB, 55.13 load
[runlim] sample:		3435.69 time, 3460.01 real, 689 MB, 55.11 load
[runlim] sample:		3445.61 time, 3470.01 real, 689 MB, 55.18 load
[runlim] sample:		3455.54 time, 3480.01 real, 691 MB, 55.22 load
[runlim] sample:		3465.47 time, 3490.01 real, 691 MB, 55.19 load
[runlim] sample:		3475.40 time, 3500.01 real, 691 MB, 55.16 load
[runlim] sample:		3485.33 time, 3510.01 real, 691 MB, 55.13 load
[runlim] sample:		3495.25 time, 3520.01 real, 691 MB, 55.11 load
[runlim] sample:		3505.18 time, 3530.01 real, 691 MB, 55.18 load
[runlim] sample:		3515.11 time, 3540.01 real, 691 MB, 55.15 load
[runlim] sample:		3525.04 time, 3550.01 real, 691 MB, 55.12 load
[runlim] sample:		3534.97 time, 3560.01 real, 691 MB, 55.11 load
[runlim] sample:		3544.90 time, 3570.01 real, 691 MB, 55.09 load
[runlim] sample:		3554.82 time, 3580.01 real, 691 MB, 55.07 load
[runlim] sample:		3564.75 time, 3590.01 real, 691 MB, 55.22 load
[runlim] sample:		3574.68 time, 3600.01 real, 691 MB, 55.18 load
[runlim] sample:		3584.61 time, 3610.01 real, 691 MB, 55.15 load
[runlim] sample:		3594.54 time, 3620.01 real, 691 MB, 55.20 load
[runlim] sample:		3604.47 time, 3630.01 real, 691 MB, 55.17 load
[runlim] sample:		3614.39 time, 3640.01 real, 691 MB, 55.59 load
[runlim] sample:		3624.32 time, 3650.01 real, 691 MB, 55.66 load
[runlim] sample:		3634.25 time, 3660.01 real, 691 MB, 55.56 load
[runlim] sample:		3644.18 time, 3670.01 real, 691 MB, 55.47 load
[runlim] sample:		3654.11 time, 3680.01 real, 691 MB, 55.48 load
[runlim] sample:		3664.04 time, 3690.01 real, 691 MB, 55.40 load
[runlim] sample:		3673.97 time, 3700.01 real, 691 MB, 55.50 load
[runlim] sample:		3683.89 time, 3710.01 real, 691 MB, 55.50 load
[runlim] sample:		3693.82 time, 3720.01 real, 691 MB, 55.42 load
[runlim] sample:		3703.75 time, 3730.01 real, 691 MB, 55.59 load
[runlim] sample:		3713.67 time, 3740.01 real, 691 MB, 55.49 load
[runlim] sample:		3723.60 time, 3750.01 real, 691 MB, 55.42 load
[runlim] sample:		3733.54 time, 3760.01 real, 691 MB, 55.43 load
[runlim] sample:		3743.46 time, 3770.01 real, 691 MB, 55.44 load
[runlim] sample:		3753.39 time, 3780.01 real, 691 MB, 55.37 load
[runlim] sample:		3763.32 time, 3790.01 real, 691 MB, 55.31 load
[runlim] sample:		3773.25 time, 3800.01 real, 691 MB, 55.27 load
[runlim] sample:		3783.18 time, 3810.01 real, 691 MB, 55.31 load
[runlim] sample:		3793.10 time, 3820.01 real, 691 MB, 55.34 load
[runlim] sample:		3803.03 time, 3830.01 real, 691 MB, 55.51 load
[runlim] sample:		3812.96 time, 3840.01 real, 691 MB, 55.43 load
[runlim] sample:		3822.89 time, 3850.01 real, 691 MB, 55.37 load
[runlim] sample:		3832.82 time, 3860.01 real, 691 MB, 55.31 load
[runlim] sample:		3842.75 time, 3870.01 real, 691 MB, 55.26 load
[runlim] sample:		3852.67 time, 3880.01 real, 691 MB, 55.22 load
[runlim] sample:		3862.60 time, 3890.01 real, 691 MB, 55.19 load
[runlim] sample:		3872.53 time, 3900.01 real, 691 MB, 55.16 load
[runlim] sample:		3882.46 time, 3910.01 real, 691 MB, 55.21 load
[runlim] sample:		3892.38 time, 3920.01 real, 691 MB, 55.18 load
[runlim] sample:		3902.31 time, 3930.01 real, 691 MB, 55.15 load
[runlim] sample:		3912.24 time, 3940.01 real, 691 MB, 55.13 load
[runlim] sample:		3922.17 time, 3950.01 real, 691 MB, 55.11 load
[runlim] sample:		3932.10 time, 3960.01 real, 691 MB, 55.09 load
[runlim] sample:		3942.03 time, 3970.01 real, 691 MB, 55.24 load
[runlim] sample:		3951.95 time, 3980.01 real, 691 MB, 55.27 load
[runlim] sample:		3961.88 time, 3990.01 real, 691 MB, 55.23 load
[runlim] sample:		3971.81 time, 4000.01 real, 691 MB, 55.20 load
[runlim] sample:		3981.74 time, 4010.01 real, 691 MB, 55.16 load
[runlim] sample:		3991.66 time, 4020.01 real, 691 MB, 55.14 load
[runlim] sample:		4001.59 time, 4030.01 real, 691 MB, 55.20 load
[runlim] sample:		4011.52 time, 4040.01 real, 693 MB, 55.17 load
[runlim] sample:		4021.45 time, 4050.01 real, 693 MB, 55.14 load
[runlim] sample:		4031.37 time, 4060.01 real, 693 MB, 55.12 load
[runlim] sample:		4041.30 time, 4070.01 real, 693 MB, 55.10 load
[runlim] sample:		4051.23 time, 4080.01 real, 693 MB, 55.16 load
[runlim] sample:		4061.15 time, 4090.01 real, 693 MB, 55.13 load
[runlim] sample:		4071.08 time, 4100.01 real, 693 MB, 55.19 load
[runlim] sample:		4081.01 time, 4110.01 real, 693 MB, 55.16 load
[runlim] sample:		4090.94 time, 4120.01 real, 693 MB, 55.36 load
[runlim] sample:		4100.86 time, 4130.01 real, 693 MB, 55.30 load
[runlim] sample:		4110.79 time, 4140.01 real, 693 MB, 55.26 load
[runlim] sample:		4120.72 time, 4150.01 real, 693 MB, 55.22 load
[runlim] sample:		4130.65 time, 4160.01 real, 693 MB, 55.18 load
[runlim] sample:		4140.59 time, 4170.01 real, 693 MB, 55.15 load
[runlim] sample:		4150.51 time, 4180.01 real, 693 MB, 55.13 load
[runlim] sample:		4160.45 time, 4190.01 real, 693 MB, 55.11 load
[runlim] sample:		4170.37 time, 4200.01 real, 693 MB, 55.25 load
[runlim] sample:		4180.31 time, 4210.01 real, 693 MB, 55.21 load
[runlim] sample:		4190.23 time, 4220.01 real, 693 MB, 55.18 load
[runlim] sample:		4200.17 time, 4230.01 real, 693 MB, 55.22 load
[runlim] sample:		4210.10 time, 4240.01 real, 693 MB, 55.19 load
[runlim] sample:		4220.03 time, 4250.01 real, 693 MB, 55.16 load
[runlim] sample:		4229.96 time, 4260.01 real, 693 MB, 55.13 load
[runlim] sample:		4239.89 time, 4270.01 real, 693 MB, 55.19 load
[runlim] sample:		4249.82 time, 4280.01 real, 693 MB, 55.16 load
[runlim] sample:		4259.75 time, 4290.01 real, 693 MB, 55.22 load
[runlim] sample:		4269.68 time, 4300.01 real, 693 MB, 55.18 load
[runlim] sample:		4279.61 time, 4310.01 real, 693 MB, 55.16 load
[runlim] sample:		4289.54 time, 4320.01 real, 693 MB, 55.13 load
[runlim] sample:		4299.47 time, 4330.01 real, 693 MB, 55.11 load
[runlim] sample:		4309.40 time, 4340.01 real, 693 MB, 55.09 load
[runlim] sample:		4319.33 time, 4350.01 real, 693 MB, 55.08 load
[runlim] sample:		4329.27 time, 4360.01 real, 693 MB, 55.07 load
[runlim] sample:		4339.19 time, 4370.01 real, 693 MB, 55.14 load
[runlim] sample:		4349.12 time, 4380.01 real, 693 MB, 55.20 load
[runlim] sample:		4359.05 time, 4390.01 real, 693 MB, 55.16 load
[runlim] sample:		4368.98 time, 4400.01 real, 693 MB, 55.14 load
[runlim] sample:		4378.91 time, 4410.01 real, 693 MB, 55.12 load
[runlim] sample:		4388.84 time, 4420.01 real, 693 MB, 55.18 load
[runlim] sample:		4398.76 time, 4430.01 real, 693 MB, 55.15 load
[runlim] sample:		4408.69 time, 4440.01 real, 693 MB, 55.13 load
[runlim] sample:		4418.62 time, 4450.01 real, 693 MB, 55.19 load
[runlim] sample:		4428.55 time, 4460.01 real, 693 MB, 55.16 load
[runlim] sample:		4438.48 time, 4470.01 real, 693 MB, 55.21 load
[runlim] sample:		4448.40 time, 4480.01 real, 693 MB, 55.26 load
[runlim] sample:		4458.33 time, 4490.01 real, 693 MB, 55.22 load
[runlim] sample:		4468.26 time, 4500.01 real, 693 MB, 55.18 load
[runlim] sample:		4478.19 time, 4510.01 real, 693 MB, 55.15 load
[runlim] sample:		4488.12 time, 4520.01 real, 693 MB, 55.13 load
[runlim] sample:		4498.05 time, 4530.01 real, 693 MB, 55.11 load
[runlim] sample:		4507.97 time, 4540.01 real, 693 MB, 55.17 load
[runlim] sample:		4517.90 time, 4550.01 real, 693 MB, 55.15 load
[runlim] sample:		4527.83 time, 4560.01 real, 693 MB, 55.20 load
[runlim] sample:		4537.76 time, 4570.01 real, 693 MB, 55.17 load
[runlim] sample:		4547.69 time, 4580.01 real, 693 MB, 55.22 load
[runlim] sample:		4557.62 time, 4590.01 real, 693 MB, 55.26 load
[runlim] sample:		4567.54 time, 4600.01 real, 693 MB, 55.60 load
[runlim] sample:		4577.48 time, 4610.01 real, 693 MB, 55.58 load
[runlim] sample:		4587.42 time, 4620.01 real, 693 MB, 55.49 load
[runlim] sample:		4597.37 time, 4630.01 real, 693 MB, 55.50 load
[runlim] sample:		4607.31 time, 4640.01 real, 695 MB, 55.42 load
[runlim] sample:		4617.25 time, 4650.01 real, 696 MB, 55.36 load
[runlim] sample:		4627.18 time, 4660.01 real, 696 MB, 55.45 load
[runlim] sample:		4637.11 time, 4670.01 real, 696 MB, 55.54 load
[runlim] sample:		4647.04 time, 4680.01 real, 696 MB, 55.53 load
[runlim] sample:		4656.97 time, 4690.01 real, 696 MB, 55.45 load
[runlim] sample:		4666.89 time, 4700.01 real, 696 MB, 55.46 load
[runlim] sample:		4676.82 time, 4710.01 real, 696 MB, 55.39 load
[runlim] sample:		4686.75 time, 4720.01 real, 696 MB, 55.33 load
[runlim] sample:		4696.68 time, 4730.01 real, 696 MB, 55.35 load
[runlim] sample:		4706.60 time, 4740.01 real, 696 MB, 55.30 load
[runlim] sample:		4716.53 time, 4750.01 real, 696 MB, 55.25 load
[runlim] sample:		4726.46 time, 4760.01 real, 696 MB, 55.21 load
[runlim] sample:		4736.39 time, 4770.01 real, 696 MB, 55.18 load
[runlim] sample:		4746.31 time, 4780.01 real, 696 MB, 55.15 load
[runlim] sample:		4756.24 time, 4790.01 real, 696 MB, 55.13 load
[runlim] sample:		4766.17 time, 4800.01 real, 696 MB, 55.11 load
[runlim] sample:		4776.10 time, 4810.01 real, 696 MB, 55.09 load
[runlim] sample:		4786.02 time, 4820.01 real, 696 MB, 55.08 load
[runlim] sample:		4795.95 time, 4830.01 real, 696 MB, 55.06 load
[runlim] sample:		4805.87 time, 4840.01 real, 696 MB, 55.05 load
[runlim] sample:		4815.80 time, 4850.01 real, 696 MB, 55.13 load
[runlim] sample:		4825.72 time, 4860.01 real, 696 MB, 55.18 load
[runlim] sample:		4835.65 time, 4870.01 real, 696 MB, 55.15 load
[runlim] sample:		4845.57 time, 4880.01 real, 696 MB, 55.13 load
[runlim] sample:		4855.50 time, 4890.01 real, 696 MB, 55.11 load
[runlim] sample:		4865.42 time, 4900.01 real, 696 MB, 55.09 load
[runlim] sample:		4875.36 time, 4910.01 real, 696 MB, 55.08 load
[runlim] sample:		4885.28 time, 4920.01 real, 696 MB, 55.14 load
[runlim] sample:		4895.21 time, 4930.01 real, 696 MB, 55.20 load
[runlim] sample:		4905.14 time, 4940.01 real, 696 MB, 55.17 load
[runlim] sample:		4915.07 time, 4950.01 real, 696 MB, 55.14 load
[runlim] sample:		4925.00 time, 4960.01 real, 696 MB, 54.26 load
[runlim] sample:		4934.93 time, 4970.01 real, 696 MB, 52.37 load
[runlim] sample:		4944.87 time, 4980.01 real, 696 MB, 49.45 load
[runlim] sample:		4954.82 time, 4990.01 real, 696 MB, 45.75 load
[runlim] sample:		4964.76 time, 5000.01 real, 696 MB, 41.39 load
[runlim] end:			Thu Apr  9 21:43:48 2026
[runlim] status:		out of time
[runlim] result:		2
[runlim] children:		1
[runlim] processes:		2
[runlim] real:			5000.05 seconds
[runlim] time:			4964.76 seconds
[runlim] space:			696 MB
[runlim] load:			61.05 maximum
[runlim] samples:		50000
