[runlim] version:		2.0.0rc1
[runlim] host:			o01n06
[runlim] time limit:		311040000 seconds
[runlim] real time limit:	5000 seconds
[runlim] space limit:		7000 MB
[runlim] argv[0]:		./binary
[runlim] argv[1]:		-c
[runlim] argv[2]:		-f
[runlim] argv[3]:		-s
[runlim] argv[4]:		/tmp/local-unzipped-12459993-2-100-mc2025_track1_197.cnf
[runlim] start:			Thu Apr  9 20:22:41 2026
[runlim] child:			3022423
[runlim] sample:		9.95 time, 10.01 real, 1621 MB, 12.67 load
[runlim] sample:		19.90 time, 20.01 real, 1625 MB, 15.80 load
[runlim] sample:		29.86 time, 30.01 real, 1628 MB, 18.37 load
[runlim] sample:		39.82 time, 40.01 real, 1630 MB, 20.46 load
[runlim] sample:		49.77 time, 50.01 real, 1632 MB, 22.55 load
[runlim] sample:		59.72 time, 60.01 real, 1634 MB, 24.08 load
[runlim] sample:		69.68 time, 70.01 real, 1635 MB, 25.30 load
[runlim] sample:		79.64 time, 80.01 real, 1642 MB, 26.48 load
[runlim] sample:		89.60 time, 90.01 real, 1643 MB, 27.56 load
[runlim] sample:		99.55 time, 100.01 real, 1643 MB, 28.24 load
[runlim] sample:		109.51 time, 110.01 real, 1643 MB, 28.90 load
[runlim] sample:		119.46 time, 120.01 real, 1643 MB, 29.38 load
[runlim] sample:		129.42 time, 130.01 real, 1644 MB, 29.63 load
[runlim] sample:		139.37 time, 140.01 real, 1645 MB, 29.84 load
[runlim] sample:		149.32 time, 150.01 real, 1648 MB, 30.17 load
[runlim] sample:		159.29 time, 160.01 real, 1648 MB, 30.29 load
[runlim] sample:		169.24 time, 170.01 real, 1649 MB, 30.40 load
[runlim] sample:		179.19 time, 180.01 real, 1652 MB, 30.64 load
[runlim] sample:		189.15 time, 190.01 real, 1652 MB, 30.70 load
[runlim] sample:		199.10 time, 200.01 real, 1653 MB, 30.74 load
[runlim] sample:		209.05 time, 210.01 real, 1654 MB, 30.86 load
[runlim] sample:		219.01 time, 220.01 real, 1658 MB, 30.88 load
[runlim] sample:		228.97 time, 230.01 real, 1658 MB, 30.90 load
[runlim] sample:		238.93 time, 240.01 real, 1658 MB, 30.91 load
[runlim] sample:		248.88 time, 250.01 real, 1658 MB, 30.93 load
[runlim] sample:		258.83 time, 260.01 real, 1659 MB, 31.01 load
[runlim] sample:		268.79 time, 270.01 real, 1659 MB, 31.09 load
[runlim] sample:		278.74 time, 280.01 real, 1662 MB, 31.08 load
[runlim] sample:		288.69 time, 290.01 real, 1662 MB, 31.06 load
[runlim] sample:		298.66 time, 300.01 real, 1663 MB, 31.05 load
[runlim] sample:		308.61 time, 310.01 real, 1674 MB, 31.05 load
[runlim] sample:		318.56 time, 320.01 real, 1674 MB, 31.04 load
[runlim] sample:		328.51 time, 330.01 real, 1674 MB, 31.11 load
[runlim] sample:		338.47 time, 340.01 real, 1674 MB, 31.09 load
[runlim] sample:		348.42 time, 350.01 real, 1674 MB, 31.00 load
[runlim] sample:		358.37 time, 360.01 real, 1674 MB, 30.85 load
[runlim] sample:		368.33 time, 370.01 real, 1674 MB, 30.72 load
[runlim] sample:		378.28 time, 380.01 real, 1676 MB, 30.60 load
[runlim] sample:		388.23 time, 390.01 real, 1676 MB, 30.67 load
[runlim] sample:		398.18 time, 400.01 real, 1676 MB, 30.56 load
[runlim] sample:		408.15 time, 410.01 real, 1676 MB, 30.48 load
[runlim] sample:		418.10 time, 420.01 real, 1676 MB, 30.48 load
[runlim] sample:		428.05 time, 430.01 real, 1676 MB, 30.40 load
[runlim] sample:		438.01 time, 440.01 real, 1676 MB, 30.34 load
[runlim] sample:		447.96 time, 450.01 real, 1676 MB, 30.29 load
[runlim] sample:		457.91 time, 460.01 real, 1676 MB, 30.24 load
[runlim] sample:		467.87 time, 470.01 real, 1676 MB, 30.20 load
[runlim] sample:		477.82 time, 480.01 real, 1676 MB, 30.17 load
[runlim] sample:		487.77 time, 490.01 real, 1676 MB, 30.15 load
[runlim] sample:		497.72 time, 500.01 real, 1676 MB, 30.12 load
[runlim] sample:		507.67 time, 510.01 real, 1677 MB, 30.10 load
[runlim] sample:		517.63 time, 520.01 real, 1677 MB, 30.09 load
[runlim] sample:		527.58 time, 530.01 real, 1678 MB, 30.15 load
[runlim] sample:		537.53 time, 540.01 real, 1678 MB, 30.13 load
[runlim] sample:		547.49 time, 550.01 real, 1678 MB, 30.11 load
[runlim] sample:		557.45 time, 560.01 real, 1678 MB, 30.09 load
[runlim] sample:		567.40 time, 570.01 real, 1681 MB, 30.08 load
[runlim] sample:		577.36 time, 580.01 real, 1681 MB, 30.06 load
[runlim] sample:		587.31 time, 590.01 real, 1682 MB, 30.05 load
[runlim] sample:		597.27 time, 600.01 real, 1682 MB, 30.05 load
[runlim] sample:		607.22 time, 610.01 real, 1682 MB, 30.04 load
[runlim] sample:		617.18 time, 620.01 real, 1683 MB, 30.03 load
[runlim] sample:		627.13 time, 630.01 real, 1683 MB, 30.03 load
[runlim] sample:		637.08 time, 640.01 real, 1683 MB, 30.02 load
[runlim] sample:		647.04 time, 650.01 real, 1684 MB, 30.10 load
[runlim] sample:		656.99 time, 660.01 real, 1684 MB, 30.08 load
[runlim] sample:		666.94 time, 670.01 real, 1685 MB, 30.07 load
[runlim] sample:		676.89 time, 680.01 real, 1685 MB, 30.14 load
[runlim] sample:		686.85 time, 690.01 real, 1685 MB, 30.12 load
[runlim] sample:		696.81 time, 700.01 real, 1685 MB, 30.10 load
[runlim] sample:		706.76 time, 710.01 real, 1686 MB, 30.08 load
[runlim] sample:		716.71 time, 720.01 real, 1686 MB, 30.07 load
[runlim] sample:		726.67 time, 730.01 real, 1686 MB, 30.06 load
[runlim] sample:		736.62 time, 740.01 real, 1687 MB, 30.05 load
[runlim] sample:		746.57 time, 750.01 real, 1687 MB, 30.12 load
[runlim] sample:		756.53 time, 760.01 real, 1688 MB, 30.10 load
[runlim] sample:		766.48 time, 770.01 real, 1688 MB, 30.17 load
[runlim] sample:		776.43 time, 780.01 real, 1688 MB, 30.14 load
[runlim] sample:		786.38 time, 790.01 real, 1689 MB, 30.20 load
[runlim] sample:		796.34 time, 800.01 real, 1691 MB, 30.17 load
[runlim] sample:		806.29 time, 810.01 real, 1691 MB, 30.14 load
[runlim] sample:		816.24 time, 820.01 real, 1692 MB, 30.12 load
[runlim] sample:		826.20 time, 830.01 real, 1692 MB, 30.26 load
[runlim] sample:		836.16 time, 840.01 real, 1692 MB, 30.22 load
[runlim] sample:		846.11 time, 850.01 real, 1693 MB, 30.19 load
[runlim] sample:		856.07 time, 860.01 real, 1693 MB, 30.16 load
[runlim] sample:		866.02 time, 870.01 real, 1701 MB, 30.13 load
[runlim] sample:		875.98 time, 880.01 real, 1701 MB, 30.11 load
[runlim] sample:		885.93 time, 890.01 real, 1701 MB, 30.17 load
[runlim] sample:		895.88 time, 900.01 real, 1701 MB, 30.15 load
[runlim] sample:		905.84 time, 910.01 real, 1703 MB, 30.12 load
[runlim] sample:		915.79 time, 920.01 real, 1703 MB, 30.10 load
[runlim] sample:		925.74 time, 930.01 real, 1703 MB, 30.09 load
[runlim] sample:		935.70 time, 940.01 real, 1703 MB, 30.07 load
[runlim] sample:		945.65 time, 950.01 real, 1703 MB, 30.22 load
[runlim] sample:		955.61 time, 960.01 real, 1703 MB, 30.19 load
[runlim] sample:		965.56 time, 970.01 real, 1703 MB, 30.16 load
[runlim] sample:		975.51 time, 980.01 real, 1703 MB, 30.13 load
[runlim] sample:		985.47 time, 990.01 real, 1703 MB, 30.11 load
[runlim] sample:		995.42 time, 1000.01 real, 1703 MB, 30.10 load
[runlim] sample:		1005.38 time, 1010.01 real, 1703 MB, 30.08 load
[runlim] sample:		1015.33 time, 1020.01 real, 1703 MB, 30.07 load
[runlim] sample:		1025.30 time, 1030.01 real, 1704 MB, 30.30 load
[runlim] sample:		1035.25 time, 1040.01 real, 1706 MB, 30.25 load
[runlim] sample:		1045.21 time, 1050.01 real, 1706 MB, 30.29 load
[runlim] sample:		1055.16 time, 1060.01 real, 1706 MB, 30.25 load
[runlim] sample:		1065.11 time, 1070.01 real, 1707 MB, 30.21 load
[runlim] sample:		1075.07 time, 1080.01 real, 1707 MB, 30.25 load
[runlim] sample:		1085.02 time, 1090.01 real, 1707 MB, 30.21 load
[runlim] sample:		1094.98 time, 1100.01 real, 1708 MB, 30.18 load
[runlim] sample:		1104.93 time, 1110.01 real, 1708 MB, 30.31 load
[runlim] sample:		1114.89 time, 1120.01 real, 1709 MB, 30.26 load
[runlim] sample:		1124.84 time, 1130.01 real, 1709 MB, 30.22 load
[runlim] sample:		1134.80 time, 1140.01 real, 1709 MB, 30.34 load
[runlim] sample:		1144.75 time, 1150.01 real, 1711 MB, 30.29 load
[runlim] sample:		1154.71 time, 1160.01 real, 1712 MB, 30.24 load
[runlim] sample:		1164.66 time, 1170.01 real, 1712 MB, 30.28 load
[runlim] sample:		1174.63 time, 1180.01 real, 1712 MB, 30.24 load
[runlim] sample:		1184.58 time, 1190.01 real, 1713 MB, 30.20 load
[runlim] sample:		1194.54 time, 1200.01 real, 1713 MB, 30.25 load
[runlim] sample:		1204.50 time, 1210.01 real, 1713 MB, 30.21 load
[runlim] sample:		1214.45 time, 1220.01 real, 1714 MB, 30.17 load
[runlim] sample:		1224.41 time, 1230.01 real, 1731 MB, 30.15 load
[runlim] sample:		1234.36 time, 1240.01 real, 1731 MB, 30.12 load
[runlim] sample:		1244.32 time, 1250.01 real, 1731 MB, 30.10 load
[runlim] sample:		1254.27 time, 1260.01 real, 1731 MB, 30.09 load
[runlim] sample:		1264.23 time, 1270.01 real, 1731 MB, 30.15 load
[runlim] sample:		1274.19 time, 1280.01 real, 1731 MB, 30.13 load
[runlim] sample:		1284.14 time, 1290.01 real, 1731 MB, 30.11 load
[runlim] sample:		1294.10 time, 1300.01 real, 1731 MB, 30.09 load
[runlim] sample:		1304.05 time, 1310.01 real, 1731 MB, 30.08 load
[runlim] sample:		1314.02 time, 1320.01 real, 1731 MB, 30.07 load
[runlim] sample:		1323.97 time, 1330.01 real, 1731 MB, 30.14 load
[runlim] sample:		1333.93 time, 1340.01 real, 1731 MB, 30.11 load
[runlim] sample:		1343.89 time, 1350.01 real, 1731 MB, 30.10 load
[runlim] sample:		1353.85 time, 1360.01 real, 1731 MB, 30.08 load
[runlim] sample:		1363.80 time, 1370.01 real, 1731 MB, 30.07 load
[runlim] sample:		1373.76 time, 1380.01 real, 1731 MB, 30.06 load
[runlim] sample:		1383.71 time, 1390.01 real, 1731 MB, 30.13 load
[runlim] sample:		1393.67 time, 1400.01 real, 1731 MB, 30.11 load
[runlim] sample:		1403.62 time, 1410.01 real, 1731 MB, 30.09 load
[runlim] sample:		1413.58 time, 1420.01 real, 1731 MB, 30.08 load
[runlim] sample:		1423.54 time, 1430.01 real, 1731 MB, 30.06 load
[runlim] sample:		1433.49 time, 1440.01 real, 1731 MB, 30.05 load
[runlim] sample:		1443.45 time, 1450.01 real, 1733 MB, 30.05 load
[runlim] sample:		1453.41 time, 1460.01 real, 1733 MB, 30.04 load
[runlim] sample:		1463.36 time, 1470.01 real, 1733 MB, 30.03 load
[runlim] sample:		1473.32 time, 1480.01 real, 1733 MB, 30.03 load
[runlim] sample:		1483.28 time, 1490.01 real, 1733 MB, 30.02 load
[runlim] sample:		1493.23 time, 1500.01 real, 1733 MB, 30.02 load
[runlim] sample:		1503.19 time, 1510.01 real, 1733 MB, 30.02 load
[runlim] sample:		1513.15 time, 1520.01 real, 1733 MB, 30.01 load
[runlim] sample:		1523.10 time, 1530.01 real, 1733 MB, 30.01 load
[runlim] sample:		1533.06 time, 1540.01 real, 1733 MB, 30.01 load
[runlim] sample:		1543.02 time, 1550.01 real, 1733 MB, 30.08 load
[runlim] sample:		1552.97 time, 1560.01 real, 1733 MB, 30.07 load
[runlim] sample:		1562.93 time, 1570.01 real, 1734 MB, 30.06 load
[runlim] sample:		1572.88 time, 1580.01 real, 1734 MB, 30.12 load
[runlim] sample:		1582.84 time, 1590.01 real, 1735 MB, 30.18 load
[runlim] sample:		1592.80 time, 1600.01 real, 1735 MB, 30.15 load
[runlim] sample:		1602.75 time, 1610.01 real, 1735 MB, 30.13 load
[runlim] sample:		1612.71 time, 1620.01 real, 1735 MB, 30.11 load
[runlim] sample:		1622.67 time, 1630.01 real, 1735 MB, 30.09 load
[runlim] sample:		1632.62 time, 1640.01 real, 1735 MB, 30.15 load
[runlim] sample:		1642.58 time, 1650.01 real, 1735 MB, 30.13 load
[runlim] sample:		1652.53 time, 1660.01 real, 1735 MB, 30.11 load
[runlim] sample:		1662.49 time, 1670.01 real, 1737 MB, 30.09 load
[runlim] sample:		1672.45 time, 1680.01 real, 1737 MB, 30.08 load
[runlim] sample:		1682.40 time, 1690.01 real, 1737 MB, 30.06 load
[runlim] sample:		1692.36 time, 1700.01 real, 1737 MB, 30.20 load
[runlim] sample:		1702.31 time, 1710.01 real, 1737 MB, 30.17 load
[runlim] sample:		1712.27 time, 1720.01 real, 1737 MB, 30.14 load
[runlim] sample:		1722.23 time, 1730.01 real, 1737 MB, 30.12 load
[runlim] sample:		1732.18 time, 1740.01 real, 1737 MB, 30.10 load
[runlim] sample:		1742.14 time, 1750.01 real, 1737 MB, 30.09 load
[runlim] sample:		1752.10 time, 1760.01 real, 1737 MB, 30.07 load
[runlim] sample:		1762.05 time, 1770.01 real, 1737 MB, 30.06 load
[runlim] sample:		1772.01 time, 1780.01 real, 1737 MB, 30.12 load
[runlim] sample:		1781.96 time, 1790.01 real, 1737 MB, 30.11 load
[runlim] sample:		1791.92 time, 1800.01 real, 1739 MB, 30.09 load
[runlim] sample:		1801.88 time, 1810.01 real, 1739 MB, 30.07 load
[runlim] sample:		1811.83 time, 1820.01 real, 1739 MB, 30.06 load
[runlim] sample:		1821.79 time, 1830.01 real, 1739 MB, 30.05 load
[runlim] sample:		1831.74 time, 1840.01 real, 1739 MB, 30.12 load
[runlim] sample:		1841.70 time, 1850.01 real, 1740 MB, 30.10 load
[runlim] sample:		1851.66 time, 1860.01 real, 1740 MB, 30.08 load
[runlim] sample:		1861.61 time, 1870.01 real, 1742 MB, 30.07 load
[runlim] sample:		1871.57 time, 1880.01 real, 1742 MB, 30.06 load
[runlim] sample:		1881.53 time, 1890.01 real, 1742 MB, 30.05 load
[runlim] sample:		1891.48 time, 1900.01 real, 1742 MB, 30.12 load
[runlim] sample:		1901.44 time, 1910.01 real, 1743 MB, 30.10 load
[runlim] sample:		1911.39 time, 1920.01 real, 1743 MB, 30.08 load
[runlim] sample:		1921.35 time, 1930.01 real, 1743 MB, 30.07 load
[runlim] sample:		1931.30 time, 1940.01 real, 1743 MB, 30.06 load
[runlim] sample:		1941.26 time, 1950.01 real, 1743 MB, 30.05 load
[runlim] sample:		1951.21 time, 1960.01 real, 1743 MB, 30.04 load
[runlim] sample:		1961.16 time, 1970.01 real, 1743 MB, 30.03 load
[runlim] sample:		1971.12 time, 1980.01 real, 1743 MB, 30.10 load
[runlim] sample:		1981.08 time, 1990.01 real, 1743 MB, 30.17 load
[runlim] sample:		1991.03 time, 2000.01 real, 1743 MB, 30.14 load
[runlim] sample:		2000.99 time, 2010.01 real, 1743 MB, 30.12 load
[runlim] sample:		2010.94 time, 2020.01 real, 1743 MB, 30.10 load
[runlim] sample:		2020.90 time, 2030.01 real, 1744 MB, 30.08 load
[runlim] sample:		2030.85 time, 2040.01 real, 1744 MB, 30.14 load
[runlim] sample:		2040.81 time, 2050.01 real, 1744 MB, 30.12 load
[runlim] sample:		2050.77 time, 2060.01 real, 1744 MB, 30.10 load
[runlim] sample:		2060.72 time, 2070.01 real, 1744 MB, 30.09 load
[runlim] sample:		2070.68 time, 2080.01 real, 1745 MB, 30.07 load
[runlim] sample:		2080.63 time, 2090.01 real, 1745 MB, 30.06 load
[runlim] sample:		2090.59 time, 2100.01 real, 1745 MB, 30.13 load
[runlim] sample:		2100.55 time, 2110.01 real, 1745 MB, 30.11 load
[runlim] sample:		2110.50 time, 2120.01 real, 1745 MB, 30.09 load
[runlim] sample:		2120.46 time, 2130.01 real, 1746 MB, 30.08 load
[runlim] sample:		2130.41 time, 2140.01 real, 1746 MB, 30.06 load
[runlim] sample:		2140.37 time, 2150.01 real, 1746 MB, 30.05 load
[runlim] sample:		2150.33 time, 2160.01 real, 1746 MB, 30.04 load
[runlim] sample:		2160.28 time, 2170.01 real, 1746 MB, 30.04 load
[runlim] sample:		2170.24 time, 2180.01 real, 1746 MB, 30.10 load
[runlim] sample:		2180.19 time, 2190.01 real, 1749 MB, 30.09 load
[runlim] sample:		2190.15 time, 2200.01 real, 1749 MB, 30.07 load
[runlim] sample:		2200.10 time, 2210.01 real, 1753 MB, 30.06 load
[runlim] sample:		2210.06 time, 2220.01 real, 1753 MB, 30.05 load
[runlim] sample:		2220.02 time, 2230.01 real, 1753 MB, 30.04 load
[runlim] sample:		2229.97 time, 2240.01 real, 1754 MB, 30.11 load
[runlim] sample:		2239.93 time, 2250.01 real, 1754 MB, 30.09 load
[runlim] sample:		2249.88 time, 2260.01 real, 1754 MB, 30.08 load
[runlim] sample:		2259.84 time, 2270.01 real, 1754 MB, 30.07 load
[runlim] sample:		2269.79 time, 2280.01 real, 1754 MB, 30.06 load
[runlim] sample:		2279.75 time, 2290.01 real, 1754 MB, 30.05 load
[runlim] sample:		2289.70 time, 2300.01 real, 1755 MB, 30.11 load
[runlim] sample:		2299.66 time, 2310.01 real, 1755 MB, 30.10 load
[runlim] sample:		2309.61 time, 2320.01 real, 1755 MB, 30.08 load
[runlim] sample:		2319.58 time, 2330.01 real, 1755 MB, 30.07 load
[runlim] sample:		2329.54 time, 2340.01 real, 1755 MB, 30.06 load
[runlim] sample:		2339.49 time, 2350.01 real, 1756 MB, 30.05 load
[runlim] sample:		2349.45 time, 2360.01 real, 1756 MB, 30.26 load
[runlim] sample:		2359.40 time, 2370.01 real, 1756 MB, 30.22 load
[runlim] sample:		2369.36 time, 2380.01 real, 1756 MB, 30.19 load
[runlim] sample:		2379.32 time, 2390.01 real, 1756 MB, 30.16 load
[runlim] sample:		2389.27 time, 2400.01 real, 1756 MB, 30.13 load
[runlim] sample:		2399.23 time, 2410.01 real, 1757 MB, 30.11 load
[runlim] sample:		2409.19 time, 2420.01 real, 1757 MB, 30.17 load
[runlim] sample:		2419.14 time, 2430.01 real, 1757 MB, 30.14 load
[runlim] sample:		2429.10 time, 2440.01 real, 1757 MB, 30.12 load
[runlim] sample:		2439.06 time, 2450.01 real, 1757 MB, 30.10 load
[runlim] sample:		2449.02 time, 2460.01 real, 1758 MB, 30.08 load
[runlim] sample:		2458.97 time, 2470.01 real, 1758 MB, 30.07 load
[runlim] sample:		2468.93 time, 2480.01 real, 1758 MB, 30.06 load
[runlim] sample:		2478.88 time, 2490.01 real, 1758 MB, 30.05 load
[runlim] sample:		2488.84 time, 2500.01 real, 1758 MB, 30.04 load
[runlim] sample:		2498.80 time, 2510.01 real, 1758 MB, 30.04 load
[runlim] sample:		2508.75 time, 2520.01 real, 1759 MB, 30.03 load
[runlim] sample:		2518.71 time, 2530.01 real, 1759 MB, 30.10 load
[runlim] sample:		2528.66 time, 2540.01 real, 1759 MB, 30.09 load
[runlim] sample:		2538.62 time, 2550.01 real, 1759 MB, 30.07 load
[runlim] sample:		2548.57 time, 2560.01 real, 1759 MB, 30.06 load
[runlim] sample:		2558.53 time, 2570.01 real, 1759 MB, 30.05 load
[runlim] sample:		2568.48 time, 2580.01 real, 1759 MB, 30.04 load
[runlim] sample:		2578.44 time, 2590.01 real, 1759 MB, 30.12 load
[runlim] sample:		2588.39 time, 2600.01 real, 1759 MB, 30.18 load
[runlim] sample:		2598.35 time, 2610.01 real, 1759 MB, 30.15 load
[runlim] sample:		2608.31 time, 2620.01 real, 1761 MB, 30.13 load
[runlim] sample:		2618.26 time, 2630.01 real, 1761 MB, 30.11 load
[runlim] sample:		2628.21 time, 2640.01 real, 1763 MB, 30.09 load
[runlim] sample:		2638.17 time, 2650.01 real, 1763 MB, 30.00 load
[runlim] sample:		2648.13 time, 2660.01 real, 1763 MB, 29.84 load
[runlim] sample:		2658.08 time, 2670.01 real, 1763 MB, 29.71 load
[runlim] sample:		2668.04 time, 2680.01 real, 1763 MB, 29.68 load
[runlim] sample:		2677.99 time, 2690.01 real, 1763 MB, 29.57 load
[runlim] sample:		2687.95 time, 2700.01 real, 1763 MB, 29.48 load
[runlim] sample:		2697.90 time, 2710.01 real, 1763 MB, 29.41 load
[runlim] sample:		2707.86 time, 2720.01 real, 1763 MB, 29.43 load
[runlim] sample:		2717.82 time, 2730.01 real, 1763 MB, 29.36 load
[runlim] sample:		2727.77 time, 2740.01 real, 1763 MB, 29.45 load
[runlim] sample:		2737.73 time, 2750.01 real, 1763 MB, 29.38 load
[runlim] sample:		2747.68 time, 2760.01 real, 1763 MB, 29.32 load
[runlim] sample:		2757.64 time, 2770.01 real, 1763 MB, 29.27 load
[runlim] sample:		2767.59 time, 2780.01 real, 1763 MB, 29.23 load
[runlim] sample:		2777.55 time, 2790.01 real, 1763 MB, 29.19 load
[runlim] sample:		2787.51 time, 2800.01 real, 1763 MB, 29.31 load
[runlim] sample:		2797.46 time, 2810.01 real, 1763 MB, 29.26 load
[runlim] sample:		2807.42 time, 2820.01 real, 1763 MB, 29.22 load
[runlim] sample:		2817.37 time, 2830.01 real, 1763 MB, 29.19 load
[runlim] sample:		2827.33 time, 2840.01 real, 1763 MB, 29.16 load
[runlim] sample:		2837.28 time, 2850.01 real, 1763 MB, 29.13 load
[runlim] sample:		2847.24 time, 2860.01 real, 1763 MB, 29.27 load
[runlim] sample:		2857.20 time, 2870.01 real, 1763 MB, 29.23 load
[runlim] sample:		2867.15 time, 2880.01 real, 1763 MB, 29.19 load
[runlim] sample:		2877.11 time, 2890.01 real, 1763 MB, 29.16 load
[runlim] sample:		2887.06 time, 2900.01 real, 1763 MB, 29.46 load
[runlim] sample:		2897.02 time, 2910.01 real, 1763 MB, 29.39 load
[runlim] sample:		2906.98 time, 2920.01 real, 1763 MB, 29.40 load
[runlim] sample:		2916.93 time, 2930.01 real, 1763 MB, 29.34 load
[runlim] sample:		2926.89 time, 2940.01 real, 1763 MB, 29.29 load
[runlim] sample:		2936.84 time, 2950.01 real, 1763 MB, 29.24 load
[runlim] sample:		2946.80 time, 2960.01 real, 1763 MB, 29.20 load
[runlim] sample:		2956.75 time, 2970.01 real, 1763 MB, 29.17 load
[runlim] sample:		2966.71 time, 2980.01 real, 1763 MB, 29.14 load
[runlim] sample:		2976.66 time, 2990.01 real, 1763 MB, 29.12 load
[runlim] sample:		2986.62 time, 3000.01 real, 1763 MB, 29.10 load
[runlim] sample:		2996.57 time, 3010.01 real, 1763 MB, 29.09 load
[runlim] sample:		3006.53 time, 3020.01 real, 1763 MB, 29.07 load
[runlim] sample:		3016.49 time, 3030.01 real, 1763 MB, 29.06 load
[runlim] sample:		3026.44 time, 3040.01 real, 1763 MB, 29.13 load
[runlim] sample:		3036.40 time, 3050.01 real, 1763 MB, 29.11 load
[runlim] sample:		3046.35 time, 3060.01 real, 1763 MB, 29.09 load
[runlim] sample:		3056.31 time, 3070.01 real, 1763 MB, 29.08 load
[runlim] sample:		3066.26 time, 3080.01 real, 1765 MB, 29.06 load
[runlim] sample:		3076.21 time, 3090.01 real, 1765 MB, 29.05 load
[runlim] sample:		3086.17 time, 3100.01 real, 1765 MB, 29.12 load
[runlim] sample:		3096.12 time, 3110.01 real, 1765 MB, 29.10 load
[runlim] sample:		3106.08 time, 3120.01 real, 1765 MB, 29.08 load
[runlim] sample:		3116.03 time, 3130.01 real, 1765 MB, 29.07 load
[runlim] sample:		3125.98 time, 3140.01 real, 1765 MB, 29.06 load
[runlim] sample:		3135.94 time, 3150.01 real, 1765 MB, 29.05 load
[runlim] sample:		3145.89 time, 3160.01 real, 1765 MB, 29.12 load
[runlim] sample:		3155.85 time, 3170.01 real, 1765 MB, 29.10 load
[runlim] sample:		3165.80 time, 3180.01 real, 1765 MB, 29.16 load
[runlim] sample:		3175.75 time, 3190.01 real, 1765 MB, 29.14 load
[runlim] sample:		3185.71 time, 3200.01 real, 1765 MB, 29.12 load
[runlim] sample:		3195.66 time, 3210.01 real, 1765 MB, 29.10 load
[runlim] sample:		3205.61 time, 3220.01 real, 1765 MB, 29.08 load
[runlim] sample:		3215.57 time, 3230.01 real, 1765 MB, 29.07 load
[runlim] sample:		3225.52 time, 3240.01 real, 1765 MB, 29.06 load
[runlim] sample:		3235.48 time, 3250.01 real, 1765 MB, 29.05 load
[runlim] sample:		3245.43 time, 3260.01 real, 1765 MB, 29.04 load
[runlim] sample:		3255.38 time, 3270.01 real, 1765 MB, 29.03 load
[runlim] sample:		3265.34 time, 3280.01 real, 1765 MB, 29.11 load
[runlim] sample:		3275.29 time, 3290.01 real, 1765 MB, 29.17 load
[runlim] sample:		3285.24 time, 3300.01 real, 1765 MB, 29.14 load
[runlim] sample:		3295.20 time, 3310.01 real, 1765 MB, 29.12 load
[runlim] sample:		3305.15 time, 3320.01 real, 1765 MB, 29.10 load
[runlim] sample:		3315.11 time, 3330.01 real, 1765 MB, 29.08 load
[runlim] sample:		3325.06 time, 3340.01 real, 1765 MB, 29.07 load
[runlim] sample:		3335.01 time, 3350.01 real, 1765 MB, 29.06 load
[runlim] sample:		3344.97 time, 3360.01 real, 1765 MB, 29.05 load
[runlim] sample:		3354.92 time, 3370.01 real, 1765 MB, 29.04 load
[runlim] sample:		3364.87 time, 3380.01 real, 1765 MB, 29.11 load
[runlim] sample:		3374.83 time, 3390.01 real, 1765 MB, 29.09 load
[runlim] sample:		3384.78 time, 3400.01 real, 1765 MB, 29.08 load
[runlim] sample:		3394.73 time, 3410.01 real, 1765 MB, 29.06 load
[runlim] sample:		3404.69 time, 3420.01 real, 1765 MB, 29.05 load
[runlim] sample:		3414.64 time, 3430.01 real, 1765 MB, 29.05 load
[runlim] sample:		3424.60 time, 3440.01 real, 1765 MB, 29.04 load
[runlim] sample:		3434.55 time, 3450.01 real, 1765 MB, 29.03 load
[runlim] sample:		3444.50 time, 3460.01 real, 1765 MB, 29.03 load
[runlim] sample:		3454.46 time, 3470.01 real, 1765 MB, 29.02 load
[runlim] sample:		3464.41 time, 3480.01 real, 1765 MB, 29.02 load
[runlim] sample:		3474.36 time, 3490.01 real, 1765 MB, 29.02 load
[runlim] sample:		3484.32 time, 3500.01 real, 1765 MB, 29.09 load
[runlim] sample:		3494.27 time, 3510.01 real, 1765 MB, 29.08 load
[runlim] sample:		3504.23 time, 3520.01 real, 1765 MB, 29.07 load
[runlim] sample:		3514.18 time, 3530.01 real, 1765 MB, 29.06 load
[runlim] sample:		3524.13 time, 3540.01 real, 1765 MB, 29.05 load
[runlim] sample:		3534.09 time, 3550.01 real, 1765 MB, 29.04 load
[runlim] sample:		3544.04 time, 3560.01 real, 1765 MB, 29.03 load
[runlim] sample:		3554.00 time, 3570.01 real, 1765 MB, 29.03 load
[runlim] sample:		3563.95 time, 3580.01 real, 1767 MB, 29.10 load
[runlim] sample:		3573.90 time, 3590.01 real, 1767 MB, 29.17 load
[runlim] sample:		3583.86 time, 3600.01 real, 1767 MB, 29.14 load
[runlim] sample:		3593.81 time, 3610.01 real, 1767 MB, 29.12 load
[runlim] sample:		3603.76 time, 3620.01 real, 1767 MB, 29.10 load
[runlim] sample:		3613.72 time, 3630.01 real, 1767 MB, 29.08 load
[runlim] sample:		3623.67 time, 3640.01 real, 1767 MB, 29.15 load
[runlim] sample:		3633.62 time, 3650.01 real, 1767 MB, 29.13 load
[runlim] sample:		3643.58 time, 3660.01 real, 1779 MB, 29.11 load
[runlim] sample:		3653.53 time, 3670.01 real, 1779 MB, 29.09 load
[runlim] sample:		3663.48 time, 3680.01 real, 1779 MB, 29.08 load
[runlim] sample:		3673.44 time, 3690.01 real, 1779 MB, 29.06 load
[runlim] sample:		3683.39 time, 3700.01 real, 1779 MB, 29.13 load
[runlim] sample:		3693.34 time, 3710.01 real, 1779 MB, 29.11 load
[runlim] sample:		3703.29 time, 3720.01 real, 1779 MB, 29.10 load
[runlim] sample:		3713.25 time, 3730.01 real, 1779 MB, 29.08 load
[runlim] sample:		3723.20 time, 3740.01 real, 1779 MB, 29.07 load
[runlim] sample:		3733.15 time, 3750.01 real, 1779 MB, 29.06 load
[runlim] sample:		3743.11 time, 3760.01 real, 1779 MB, 29.05 load
[runlim] sample:		3753.06 time, 3770.01 real, 1779 MB, 29.04 load
[runlim] sample:		3763.01 time, 3780.01 real, 1779 MB, 29.03 load
[runlim] sample:		3772.97 time, 3790.01 real, 1779 MB, 29.03 load
[runlim] sample:		3782.92 time, 3800.01 real, 1779 MB, 29.02 load
[runlim] sample:		3792.87 time, 3810.01 real, 1779 MB, 29.02 load
[runlim] sample:		3802.83 time, 3820.01 real, 1779 MB, 29.02 load
[runlim] sample:		3812.78 time, 3830.01 real, 1779 MB, 29.01 load
[runlim] sample:		3822.74 time, 3840.01 real, 1779 MB, 29.01 load
[runlim] sample:		3832.69 time, 3850.01 real, 1779 MB, 29.01 load
[runlim] sample:		3842.64 time, 3860.01 real, 1779 MB, 29.01 load
[runlim] sample:		3852.60 time, 3870.01 real, 1779 MB, 29.00 load
[runlim] sample:		3862.55 time, 3880.01 real, 1779 MB, 29.08 load
[runlim] sample:		3872.50 time, 3890.01 real, 1779 MB, 29.07 load
[runlim] sample:		3882.46 time, 3900.01 real, 1779 MB, 29.06 load
[runlim] sample:		3892.41 time, 3910.01 real, 1779 MB, 29.05 load
[runlim] sample:		3902.37 time, 3920.01 real, 1779 MB, 29.04 load
[runlim] sample:		3912.32 time, 3930.01 real, 1779 MB, 29.03 load
[runlim] sample:		3922.28 time, 3940.01 real, 1779 MB, 29.03 load
[runlim] sample:		3932.23 time, 3950.01 real, 1779 MB, 29.02 load
[runlim] sample:		3942.18 time, 3960.01 real, 1779 MB, 29.10 load
[runlim] sample:		3952.14 time, 3970.01 real, 1779 MB, 29.16 load
[runlim] sample:		3962.09 time, 3980.01 real, 1779 MB, 29.13 load
[runlim] sample:		3972.05 time, 3990.01 real, 1779 MB, 29.11 load
[runlim] sample:		3982.00 time, 4000.01 real, 1779 MB, 29.09 load
[runlim] sample:		3991.96 time, 4010.01 real, 1779 MB, 29.08 load
[runlim] sample:		4001.91 time, 4020.01 real, 1779 MB, 29.15 load
[runlim] sample:		4011.87 time, 4030.01 real, 1779 MB, 29.12 load
[runlim] sample:		4021.82 time, 4040.01 real, 1779 MB, 29.10 load
[runlim] sample:		4031.77 time, 4050.01 real, 1779 MB, 29.09 load
[runlim] sample:		4041.73 time, 4060.01 real, 1779 MB, 29.07 load
[runlim] sample:		4051.68 time, 4070.01 real, 1781 MB, 29.06 load
[runlim] sample:		4061.64 time, 4080.01 real, 1781 MB, 29.29 load
[runlim] sample:		4071.59 time, 4090.01 real, 1781 MB, 29.25 load
[runlim] sample:		4081.54 time, 4100.01 real, 1781 MB, 29.37 load
[runlim] sample:		4091.50 time, 4110.01 real, 1781 MB, 29.31 load
[runlim] sample:		4101.45 time, 4120.01 real, 1781 MB, 29.26 load
[runlim] sample:		4111.41 time, 4130.01 real, 1783 MB, 29.30 load
[runlim] sample:		4121.36 time, 4140.01 real, 1783 MB, 29.41 load
[runlim] sample:		4131.31 time, 4150.01 real, 1785 MB, 29.35 load
[runlim] sample:		4141.27 time, 4160.01 real, 1785 MB, 29.29 load
[runlim] sample:		4151.22 time, 4170.01 real, 1785 MB, 29.25 load
[runlim] sample:		4161.17 time, 4180.01 real, 1785 MB, 29.21 load
[runlim] sample:		4171.13 time, 4190.01 real, 1785 MB, 29.18 load
[runlim] sample:		4181.08 time, 4200.01 real, 1785 MB, 29.23 load
[runlim] sample:		4191.03 time, 4210.01 real, 1785 MB, 29.19 load
[runlim] sample:		4200.99 time, 4220.01 real, 1785 MB, 29.16 load
[runlim] sample:		4210.94 time, 4230.01 real, 1785 MB, 29.14 load
[runlim] sample:		4220.90 time, 4240.01 real, 1785 MB, 29.12 load
[runlim] sample:		4230.85 time, 4250.01 real, 1785 MB, 29.10 load
[runlim] sample:		4240.80 time, 4260.01 real, 1785 MB, 29.08 load
[runlim] sample:		4250.76 time, 4270.01 real, 1785 MB, 29.07 load
[runlim] sample:		4260.71 time, 4280.01 real, 1785 MB, 29.14 load
[runlim] sample:		4270.66 time, 4290.01 real, 1785 MB, 29.12 load
[runlim] sample:		4280.62 time, 4300.01 real, 1785 MB, 29.10 load
[runlim] sample:		4290.57 time, 4310.01 real, 1785 MB, 29.08 load
[runlim] sample:		4300.52 time, 4320.01 real, 1785 MB, 29.07 load
[runlim] sample:		4310.48 time, 4330.01 real, 1785 MB, 29.06 load
[runlim] sample:		4320.43 time, 4340.01 real, 1785 MB, 29.13 load
[runlim] sample:		4330.38 time, 4350.01 real, 1785 MB, 29.11 load
[runlim] sample:		4340.34 time, 4360.01 real, 1785 MB, 29.09 load
[runlim] sample:		4350.29 time, 4370.01 real, 1785 MB, 29.08 load
[runlim] sample:		4360.24 time, 4380.01 real, 1785 MB, 29.14 load
[runlim] sample:		4370.20 time, 4390.01 real, 1785 MB, 29.12 load
[runlim] sample:		4380.15 time, 4400.01 real, 1785 MB, 29.18 load
[runlim] sample:		4390.10 time, 4410.01 real, 1785 MB, 29.23 load
[runlim] sample:		4400.06 time, 4420.01 real, 1785 MB, 29.19 load
[runlim] sample:		4410.01 time, 4430.01 real, 1785 MB, 29.16 load
[runlim] sample:		4419.97 time, 4440.01 real, 1785 MB, 29.14 load
[runlim] sample:		4429.92 time, 4450.01 real, 1785 MB, 29.11 load
[runlim] sample:		4439.87 time, 4460.01 real, 1785 MB, 29.10 load
[runlim] sample:		4449.83 time, 4470.01 real, 1785 MB, 29.08 load
[runlim] sample:		4459.78 time, 4480.01 real, 1785 MB, 29.15 load
[runlim] sample:		4469.73 time, 4490.01 real, 1785 MB, 29.12 load
[runlim] sample:		4479.69 time, 4500.01 real, 1785 MB, 29.10 load
[runlim] sample:		4489.64 time, 4510.01 real, 1785 MB, 29.17 load
[runlim] sample:		4499.59 time, 4520.01 real, 1785 MB, 29.14 load
[runlim] sample:		4509.55 time, 4530.01 real, 1785 MB, 29.20 load
[runlim] sample:		4519.50 time, 4540.01 real, 1785 MB, 29.25 load
[runlim] sample:		4529.45 time, 4550.01 real, 1785 MB, 29.21 load
[runlim] sample:		4539.40 time, 4560.01 real, 1785 MB, 29.18 load
[runlim] sample:		4549.36 time, 4570.01 real, 1785 MB, 29.15 load
[runlim] sample:		4559.31 time, 4580.01 real, 1785 MB, 29.13 load
[runlim] sample:		4569.26 time, 4590.01 real, 1785 MB, 29.11 load
[runlim] sample:		4579.22 time, 4600.01 real, 1785 MB, 29.17 load
[runlim] sample:		4589.17 time, 4610.01 real, 1785 MB, 29.14 load
[runlim] sample:		4599.13 time, 4620.01 real, 1785 MB, 29.20 load
[runlim] sample:		4609.08 time, 4630.01 real, 1785 MB, 29.25 load
[runlim] sample:		4619.03 time, 4640.01 real, 1785 MB, 29.21 load
[runlim] sample:		4628.99 time, 4650.01 real, 1785 MB, 29.18 load
[runlim] sample:		4638.94 time, 4660.01 real, 1785 MB, 29.23 load
[runlim] sample:		4648.90 time, 4670.01 real, 1785 MB, 29.20 load
[runlim] sample:		4658.85 time, 4680.01 real, 1785 MB, 29.16 load
[runlim] sample:		4668.81 time, 4690.01 real, 1785 MB, 29.14 load
[runlim] sample:		4678.76 time, 4700.01 real, 1785 MB, 29.12 load
[runlim] sample:		4688.71 time, 4710.01 real, 1785 MB, 29.10 load
[runlim] sample:		4698.67 time, 4720.01 real, 1785 MB, 29.16 load
[runlim] sample:		4708.62 time, 4730.01 real, 1785 MB, 29.14 load
[runlim] sample:		4718.57 time, 4740.01 real, 1787 MB, 29.12 load
[runlim] sample:		4728.53 time, 4750.01 real, 1787 MB, 29.10 load
[runlim] sample:		4738.48 time, 4760.01 real, 1787 MB, 29.08 load
[runlim] sample:		4748.43 time, 4770.01 real, 1787 MB, 29.07 load
[runlim] sample:		4758.39 time, 4780.01 real, 1787 MB, 29.13 load
[runlim] sample:		4768.34 time, 4790.01 real, 1787 MB, 29.11 load
[runlim] sample:		4778.29 time, 4800.01 real, 1787 MB, 29.09 load
[runlim] sample:		4788.25 time, 4810.01 real, 1787 MB, 29.08 load
[runlim] sample:		4798.20 time, 4820.01 real, 1787 MB, 29.07 load
[runlim] sample:		4808.16 time, 4830.01 real, 1787 MB, 29.06 load
[runlim] sample:		4818.11 time, 4840.01 real, 1787 MB, 29.05 load
[runlim] sample:		4828.06 time, 4850.01 real, 1787 MB, 29.11 load
[runlim] sample:		4838.02 time, 4860.01 real, 1787 MB, 29.10 load
[runlim] sample:		4847.97 time, 4870.01 real, 1787 MB, 29.08 load
[runlim] sample:		4857.93 time, 4880.01 real, 1787 MB, 29.14 load
[runlim] sample:		4867.88 time, 4890.01 real, 1787 MB, 29.20 load
[runlim] sample:		4877.84 time, 4900.01 real, 1788 MB, 29.17 load
[runlim] sample:		4887.79 time, 4910.01 real, 1788 MB, 29.22 load
[runlim] sample:		4897.75 time, 4920.01 real, 1788 MB, 29.18 load
[runlim] sample:		4907.70 time, 4930.01 real, 1788 MB, 29.15 load
[runlim] sample:		4917.65 time, 4940.01 real, 1788 MB, 29.13 load
[runlim] sample:		4927.61 time, 4950.01 real, 1788 MB, 29.11 load
[runlim] sample:		4937.56 time, 4960.01 real, 1788 MB, 29.25 load
[runlim] sample:		4947.51 time, 4970.01 real, 1788 MB, 29.12 load
[runlim] sample:		4957.47 time, 4980.01 real, 1788 MB, 27.94 load
[runlim] sample:		4967.42 time, 4990.01 real, 1788 MB, 25.72 load
[runlim] sample:		4977.37 time, 5000.01 real, 1788 MB, 22.46 load
[runlim] end:			Thu Apr  9 21:46:01 2026
[runlim] status:		out of time
[runlim] result:		2
[runlim] children:		1
[runlim] processes:		2
[runlim] real:			5000.05 seconds
[runlim] time:			4977.37 seconds
[runlim] space:			1788 MB
[runlim] load:			31.11 maximum
[runlim] samples:		50000
