[runlim] version:		2.0.0rc1
[runlim] host:			m07n03
[runlim] time limit:		311040000 seconds
[runlim] real time limit:	5000 seconds
[runlim] space limit:		7000 MB
[runlim] argv[0]:		./binary
[runlim] argv[1]:		-c
[runlim] argv[2]:		-f
[runlim] argv[3]:		-s
[runlim] argv[4]:		/tmp/local-unzipped-12459993-1-31-mc2025_track1_171.cnf
[runlim] start:			Thu Apr  9 20:20:08 2026
[runlim] child:			3789633
[runlim] sample:		9.95 time, 10.01 real, 5 MB, 27.45 load
[runlim] sample:		19.90 time, 20.01 real, 5 MB, 30.09 load
[runlim] sample:		29.84 time, 30.01 real, 5 MB, 33.86 load
[runlim] sample:		39.77 time, 40.01 real, 5 MB, 38.34 load
[runlim] sample:		49.69 time, 50.01 real, 5 MB, 42.60 load
[runlim] sample:		59.58 time, 60.01 real, 5 MB, 46.57 load
[runlim] sample:		69.51 time, 70.01 real, 5 MB, 50.26 load
[runlim] sample:		79.45 time, 80.01 real, 5 MB, 52.69 load
[runlim] end:			Thu Apr  9 20:21:29 2026
[runlim] status:		ok
[runlim] result:		0
[runlim] children:		1
[runlim] processes:		2
[runlim] real:			81.04 seconds
[runlim] time:			80.44 seconds
[runlim] space:			5 MB
[runlim] load:			52.69 maximum
[runlim] samples:		810
