[runlim] version:		2.0.0rc1
[runlim] host:			o01n06
[runlim] time limit:		311040000 seconds
[runlim] real time limit:	5000 seconds
[runlim] space limit:		7000 MB
[runlim] argv[0]:		./binary
[runlim] argv[1]:		-c
[runlim] argv[2]:		-f
[runlim] argv[3]:		-s
[runlim] argv[4]:		/tmp/local-unzipped-12459993-2-66-mc2025_track1_005.cnf
[runlim] start:			Thu Apr  9 20:22:05 2026
[runlim] child:			3021254
[runlim] sample:		9.97 time, 10.01 real, 3 MB, 1.11 load
[runlim] sample:		19.93 time, 20.01 real, 3 MB, 3.19 load
[runlim] sample:		29.89 time, 30.01 real, 3 MB, 6.48 load
[runlim] sample:		39.84 time, 40.01 real, 3 MB, 10.73 load
[runlim] sample:		49.79 time, 50.01 real, 3 MB, 14.30 load
[runlim] sample:		59.75 time, 60.01 real, 3 MB, 17.09 load
[runlim] sample:		69.71 time, 70.01 real, 3 MB, 19.46 load
[runlim] sample:		79.66 time, 80.01 real, 3 MB, 21.47 load
[runlim] sample:		89.62 time, 90.01 real, 3 MB, 23.39 load
[runlim] sample:		99.58 time, 100.01 real, 3 MB, 24.71 load
[runlim] sample:		109.54 time, 110.01 real, 3 MB, 25.91 load
[runlim] sample:		119.49 time, 120.01 real, 3 MB, 27.08 load
[runlim] sample:		129.44 time, 130.01 real, 3 MB, 27.91 load
[runlim] sample:		139.40 time, 140.01 real, 3 MB, 28.54 load
[runlim] sample:		149.35 time, 150.01 real, 3 MB, 29.15 load
[runlim] sample:		159.32 time, 160.01 real, 3 MB, 29.51 load
[runlim] sample:		169.27 time, 170.01 real, 3 MB, 29.74 load
[runlim] sample:		179.22 time, 180.01 real, 3 MB, 30.09 load
[runlim] sample:		189.18 time, 190.01 real, 3 MB, 30.23 load
[runlim] sample:		199.13 time, 200.01 real, 3 MB, 30.35 load
[runlim] sample:		209.09 time, 210.01 real, 3 MB, 30.61 load
[runlim] sample:		219.04 time, 220.01 real, 3 MB, 30.67 load
[runlim] sample:		229.00 time, 230.01 real, 3 MB, 30.72 load
[runlim] sample:		238.96 time, 240.01 real, 3 MB, 30.84 load
[runlim] sample:		248.91 time, 250.01 real, 3 MB, 30.87 load
[runlim] sample:		258.86 time, 260.01 real, 3 MB, 30.89 load
[runlim] sample:		268.82 time, 270.01 real, 3 MB, 30.91 load
[runlim] sample:		278.77 time, 280.01 real, 3 MB, 30.92 load
[runlim] sample:		288.73 time, 290.01 real, 3 MB, 31.01 load
[runlim] sample:		298.68 time, 300.01 real, 3 MB, 31.01 load
[runlim] sample:		308.64 time, 310.01 real, 3 MB, 31.08 load
[runlim] sample:		318.60 time, 320.01 real, 3 MB, 31.07 load
[runlim] sample:		328.55 time, 330.01 real, 3 MB, 31.06 load
[runlim] sample:		338.51 time, 340.01 real, 3 MB, 31.05 load
[runlim] sample:		348.46 time, 350.01 real, 3 MB, 31.04 load
[runlim] sample:		358.42 time, 360.01 real, 3 MB, 31.03 load
[runlim] sample:		368.38 time, 370.01 real, 3 MB, 31.10 load
[runlim] sample:		378.33 time, 380.01 real, 3 MB, 31.09 load
[runlim] sample:		388.29 time, 390.01 real, 3 MB, 30.92 load
[runlim] sample:		398.24 time, 400.01 real, 3 MB, 30.78 load
[runlim] sample:		408.20 time, 410.01 real, 3 MB, 30.66 load
[runlim] sample:		418.16 time, 420.01 real, 3 MB, 30.64 load
[runlim] sample:		428.11 time, 430.01 real, 3 MB, 30.61 load
[runlim] sample:		438.07 time, 440.01 real, 3 MB, 30.52 load
[runlim] sample:		448.02 time, 450.01 real, 3 MB, 30.52 load
[runlim] sample:		457.98 time, 460.01 real, 3 MB, 30.44 load
[runlim] sample:		467.94 time, 470.01 real, 3 MB, 30.37 load
[runlim] sample:		477.89 time, 480.01 real, 3 MB, 30.31 load
[runlim] sample:		487.84 time, 490.01 real, 3 MB, 30.26 load
[runlim] sample:		497.80 time, 500.01 real, 3 MB, 30.22 load
[runlim] sample:		507.73 time, 510.01 real, 3 MB, 30.19 load
[runlim] sample:		517.69 time, 520.01 real, 3 MB, 30.16 load
[runlim] sample:		527.64 time, 530.01 real, 3 MB, 30.13 load
[runlim] sample:		537.60 time, 540.01 real, 3 MB, 30.11 load
[runlim] sample:		547.56 time, 550.01 real, 3 MB, 30.10 load
[runlim] sample:		557.51 time, 560.01 real, 3 MB, 30.08 load
[runlim] sample:		567.47 time, 570.01 real, 3 MB, 30.14 load
[runlim] sample:		577.43 time, 580.01 real, 3 MB, 30.12 load
[runlim] sample:		587.39 time, 590.01 real, 3 MB, 30.10 load
[runlim] sample:		597.34 time, 600.01 real, 3 MB, 30.08 load
[runlim] sample:		607.30 time, 610.01 real, 3 MB, 30.07 load
[runlim] sample:		617.25 time, 620.01 real, 3 MB, 30.06 load
[runlim] sample:		627.21 time, 630.01 real, 3 MB, 30.05 load
[runlim] sample:		637.17 time, 640.01 real, 3 MB, 30.04 load
[runlim] sample:		647.12 time, 650.01 real, 3 MB, 30.04 load
[runlim] sample:		657.08 time, 660.01 real, 3 MB, 30.03 load
[runlim] sample:		667.04 time, 670.01 real, 3 MB, 30.02 load
[runlim] sample:		676.99 time, 680.01 real, 3 MB, 30.02 load
[runlim] sample:		686.95 time, 690.01 real, 3 MB, 30.09 load
[runlim] sample:		696.91 time, 700.01 real, 3 MB, 30.08 load
[runlim] sample:		706.87 time, 710.01 real, 3 MB, 30.06 load
[runlim] sample:		716.82 time, 720.01 real, 3 MB, 30.13 load
[runlim] sample:		726.78 time, 730.01 real, 3 MB, 30.11 load
[runlim] sample:		736.74 time, 740.01 real, 3 MB, 30.09 load
[runlim] sample:		746.69 time, 750.01 real, 3 MB, 30.08 load
[runlim] sample:		756.65 time, 760.01 real, 3 MB, 30.06 load
[runlim] sample:		766.61 time, 770.01 real, 3 MB, 30.05 load
[runlim] sample:		776.56 time, 780.01 real, 3 MB, 30.05 load
[runlim] sample:		786.52 time, 790.01 real, 3 MB, 30.11 load
[runlim] sample:		796.48 time, 800.01 real, 3 MB, 30.09 load
[runlim] sample:		806.43 time, 810.01 real, 3 MB, 30.15 load
[runlim] sample:		816.39 time, 820.01 real, 3 MB, 30.13 load
[runlim] sample:		826.35 time, 830.01 real, 3 MB, 30.18 load
[runlim] sample:		836.30 time, 840.01 real, 3 MB, 30.15 load
[runlim] sample:		846.26 time, 850.01 real, 3 MB, 30.13 load
[runlim] sample:		856.22 time, 860.01 real, 3 MB, 30.11 load
[runlim] sample:		866.17 time, 870.01 real, 3 MB, 30.24 load
[runlim] sample:		876.12 time, 880.01 real, 3 MB, 30.20 load
[runlim] sample:		886.07 time, 890.01 real, 3 MB, 30.17 load
[runlim] sample:		896.03 time, 900.01 real, 3 MB, 30.14 load
[runlim] sample:		905.99 time, 910.01 real, 3 MB, 30.12 load
[runlim] sample:		915.94 time, 920.01 real, 3 MB, 30.10 load
[runlim] sample:		925.90 time, 930.01 real, 3 MB, 30.16 load
[runlim] sample:		935.85 time, 940.01 real, 3 MB, 30.14 load
[runlim] sample:		945.81 time, 950.01 real, 3 MB, 30.11 load
[runlim] sample:		955.76 time, 960.01 real, 3 MB, 30.10 load
[runlim] sample:		965.71 time, 970.01 real, 3 MB, 30.08 load
[runlim] sample:		975.67 time, 980.01 real, 3 MB, 30.07 load
[runlim] sample:		985.62 time, 990.01 real, 3 MB, 30.20 load
[runlim] sample:		995.57 time, 1000.01 real, 3 MB, 30.17 load
[runlim] sample:		1005.53 time, 1010.01 real, 3 MB, 30.15 load
[runlim] sample:		1015.48 time, 1020.01 real, 3 MB, 30.12 load
[runlim] sample:		1025.44 time, 1030.01 real, 3 MB, 30.10 load
[runlim] sample:		1035.39 time, 1040.01 real, 3 MB, 30.09 load
[runlim] sample:		1045.34 time, 1050.01 real, 3 MB, 30.07 load
[runlim] sample:		1055.31 time, 1060.01 real, 3 MB, 30.06 load
[runlim] sample:		1065.26 time, 1070.01 real, 3 MB, 30.27 load
[runlim] sample:		1075.21 time, 1080.01 real, 3 MB, 30.23 load
[runlim] sample:		1085.17 time, 1090.01 real, 3 MB, 30.27 load
[runlim] sample:		1095.12 time, 1100.01 real, 3 MB, 30.23 load
[runlim] sample:		1105.07 time, 1110.01 real, 3 MB, 30.27 load
[runlim] sample:		1115.04 time, 1120.01 real, 3 MB, 30.23 load
[runlim] sample:		1124.99 time, 1130.01 real, 3 MB, 30.19 load
[runlim] sample:		1134.94 time, 1140.01 real, 3 MB, 30.24 load
[runlim] sample:		1144.90 time, 1150.01 real, 3 MB, 30.28 load
[runlim] sample:		1154.85 time, 1160.01 real, 3 MB, 30.24 load
[runlim] sample:		1164.80 time, 1170.01 real, 3 MB, 30.28 load
[runlim] sample:		1174.76 time, 1180.01 real, 3 MB, 30.31 load
[runlim] sample:		1184.71 time, 1190.01 real, 3 MB, 30.26 load
[runlim] sample:		1194.67 time, 1200.01 real, 3 MB, 30.22 load
[runlim] sample:		1204.63 time, 1210.01 real, 3 MB, 30.26 load
[runlim] sample:		1214.58 time, 1220.01 real, 3 MB, 30.22 load
[runlim] sample:		1224.54 time, 1230.01 real, 3 MB, 30.27 load
[runlim] sample:		1234.49 time, 1240.01 real, 3 MB, 30.22 load
[runlim] sample:		1244.45 time, 1250.01 real, 3 MB, 30.19 load
[runlim] sample:		1254.40 time, 1260.01 real, 3 MB, 30.16 load
[runlim] sample:		1264.37 time, 1270.01 real, 3 MB, 30.14 load
[runlim] sample:		1274.32 time, 1280.01 real, 3 MB, 30.11 load
[runlim] sample:		1284.28 time, 1290.01 real, 3 MB, 30.10 load
[runlim] sample:		1294.24 time, 1300.01 real, 3 MB, 30.08 load
[runlim] sample:		1304.19 time, 1310.01 real, 3 MB, 30.14 load
[runlim] sample:		1314.14 time, 1320.01 real, 3 MB, 30.12 load
[runlim] sample:		1324.10 time, 1330.01 real, 3 MB, 30.10 load
[runlim] sample:		1334.06 time, 1340.01 real, 3 MB, 30.08 load
[runlim] sample:		1344.02 time, 1350.01 real, 3 MB, 30.07 load
[runlim] sample:		1353.98 time, 1360.01 real, 3 MB, 30.06 load
[runlim] sample:		1363.93 time, 1370.01 real, 3 MB, 30.12 load
[runlim] sample:		1373.89 time, 1380.01 real, 3 MB, 30.10 load
[runlim] sample:		1383.84 time, 1390.01 real, 3 MB, 30.09 load
[runlim] sample:		1393.80 time, 1400.01 real, 3 MB, 30.07 load
[runlim] sample:		1403.76 time, 1410.01 real, 3 MB, 30.06 load
[runlim] sample:		1413.71 time, 1420.01 real, 3 MB, 30.05 load
[runlim] sample:		1423.66 time, 1430.01 real, 3 MB, 30.12 load
[runlim] sample:		1433.63 time, 1440.01 real, 3 MB, 30.10 load
[runlim] sample:		1443.59 time, 1450.01 real, 3 MB, 30.08 load
[runlim] sample:		1453.54 time, 1460.01 real, 3 MB, 30.07 load
[runlim] sample:		1463.50 time, 1470.01 real, 3 MB, 30.06 load
[runlim] sample:		1473.46 time, 1480.01 real, 3 MB, 30.05 load
[runlim] sample:		1483.41 time, 1490.01 real, 3 MB, 30.04 load
[runlim] sample:		1493.37 time, 1500.01 real, 3 MB, 30.03 load
[runlim] sample:		1503.32 time, 1510.01 real, 3 MB, 30.03 load
[runlim] sample:		1513.28 time, 1520.01 real, 3 MB, 30.02 load
[runlim] sample:		1523.24 time, 1530.01 real, 3 MB, 30.02 load
[runlim] sample:		1533.20 time, 1540.01 real, 3 MB, 30.02 load
[runlim] sample:		1543.15 time, 1550.01 real, 3 MB, 30.01 load
[runlim] sample:		1553.11 time, 1560.01 real, 3 MB, 30.01 load
[runlim] sample:		1563.07 time, 1570.01 real, 3 MB, 30.01 load
[runlim] sample:		1573.02 time, 1580.01 real, 3 MB, 30.09 load
[runlim] sample:		1582.98 time, 1590.01 real, 3 MB, 30.07 load
[runlim] sample:		1592.93 time, 1600.01 real, 3 MB, 30.06 load
[runlim] sample:		1602.89 time, 1610.01 real, 3 MB, 30.13 load
[runlim] sample:		1612.85 time, 1620.01 real, 3 MB, 30.11 load
[runlim] sample:		1622.80 time, 1630.01 real, 3 MB, 30.17 load
[runlim] sample:		1632.76 time, 1640.01 real, 3 MB, 30.14 load
[runlim] sample:		1642.72 time, 1650.01 real, 3 MB, 30.12 load
[runlim] sample:		1652.67 time, 1660.01 real, 3 MB, 30.10 load
[runlim] sample:		1662.63 time, 1670.01 real, 3 MB, 30.16 load
[runlim] sample:		1672.59 time, 1680.01 real, 3 MB, 30.14 load
[runlim] sample:		1682.54 time, 1690.01 real, 3 MB, 30.12 load
[runlim] sample:		1692.50 time, 1700.01 real, 3 MB, 30.10 load
[runlim] sample:		1702.45 time, 1710.01 real, 3 MB, 30.08 load
[runlim] sample:		1712.41 time, 1720.01 real, 3 MB, 30.07 load
[runlim] sample:		1722.37 time, 1730.01 real, 3 MB, 30.22 load
[runlim] sample:		1732.32 time, 1740.01 real, 3 MB, 30.18 load
[runlim] sample:		1742.28 time, 1750.01 real, 3 MB, 30.16 load
[runlim] sample:		1752.23 time, 1760.01 real, 3 MB, 30.13 load
[runlim] sample:		1762.19 time, 1770.01 real, 3 MB, 30.11 load
[runlim] sample:		1772.15 time, 1780.01 real, 3 MB, 30.09 load
[runlim] sample:		1782.10 time, 1790.01 real, 3 MB, 30.08 load
[runlim] sample:		1792.06 time, 1800.01 real, 3 MB, 30.07 load
[runlim] sample:		1802.02 time, 1810.01 real, 3 MB, 30.14 load
[runlim] sample:		1811.98 time, 1820.01 real, 3 MB, 30.11 load
[runlim] sample:		1821.94 time, 1830.01 real, 3 MB, 30.10 load
[runlim] sample:		1831.90 time, 1840.01 real, 3 MB, 30.08 load
[runlim] sample:		1841.85 time, 1850.01 real, 3 MB, 30.07 load
[runlim] sample:		1851.81 time, 1860.01 real, 3 MB, 30.06 load
[runlim] sample:		1861.77 time, 1870.01 real, 3 MB, 30.13 load
[runlim] sample:		1871.72 time, 1880.01 real, 3 MB, 30.11 load
[runlim] sample:		1881.68 time, 1890.01 real, 3 MB, 30.09 load
[runlim] sample:		1891.64 time, 1900.01 real, 3 MB, 30.08 load
[runlim] sample:		1901.59 time, 1910.01 real, 3 MB, 30.06 load
[runlim] sample:		1911.55 time, 1920.01 real, 3 MB, 30.05 load
[runlim] sample:		1921.50 time, 1930.01 real, 3 MB, 30.13 load
[runlim] sample:		1931.46 time, 1940.01 real, 3 MB, 30.11 load
[runlim] sample:		1941.41 time, 1950.01 real, 3 MB, 30.09 load
[runlim] sample:		1951.37 time, 1960.01 real, 3 MB, 30.08 load
[runlim] sample:		1961.33 time, 1970.01 real, 3 MB, 30.06 load
[runlim] sample:		1971.28 time, 1980.01 real, 3 MB, 30.05 load
[runlim] sample:		1981.23 time, 1990.01 real, 3 MB, 30.04 load
[runlim] sample:		1991.18 time, 2000.01 real, 3 MB, 30.04 load
[runlim] sample:		2001.14 time, 2010.01 real, 3 MB, 30.11 load
[runlim] sample:		2011.10 time, 2020.01 real, 3 MB, 30.09 load
[runlim] sample:		2021.05 time, 2030.01 real, 3 MB, 30.15 load
[runlim] sample:		2031.01 time, 2040.01 real, 3 MB, 30.13 load
[runlim] sample:		2040.97 time, 2050.01 real, 3 MB, 30.11 load
[runlim] sample:		2050.92 time, 2060.01 real, 3 MB, 30.09 load
[runlim] sample:		2060.88 time, 2070.01 real, 3 MB, 30.16 load
[runlim] sample:		2070.83 time, 2080.01 real, 3 MB, 30.13 load
[runlim] sample:		2080.79 time, 2090.01 real, 3 MB, 30.11 load
[runlim] sample:		2090.75 time, 2100.01 real, 3 MB, 30.09 load
[runlim] sample:		2100.70 time, 2110.01 real, 3 MB, 30.08 load
[runlim] sample:		2110.66 time, 2120.01 real, 3 MB, 30.07 load
[runlim] sample:		2120.62 time, 2130.01 real, 3 MB, 30.14 load
[runlim] sample:		2130.57 time, 2140.01 real, 3 MB, 30.12 load
[runlim] sample:		2140.53 time, 2150.01 real, 3 MB, 30.10 load
[runlim] sample:		2150.48 time, 2160.01 real, 3 MB, 30.08 load
[runlim] sample:		2160.44 time, 2170.01 real, 3 MB, 30.07 load
[runlim] sample:		2170.40 time, 2180.01 real, 3 MB, 30.06 load
[runlim] sample:		2180.35 time, 2190.01 real, 3 MB, 30.05 load
[runlim] sample:		2190.31 time, 2200.01 real, 3 MB, 30.04 load
[runlim] sample:		2200.26 time, 2210.01 real, 3 MB, 30.11 load
[runlim] sample:		2210.22 time, 2220.01 real, 3 MB, 30.10 load
[runlim] sample:		2220.18 time, 2230.01 real, 3 MB, 30.08 load
[runlim] sample:		2230.13 time, 2240.01 real, 3 MB, 30.07 load
[runlim] sample:		2240.09 time, 2250.01 real, 3 MB, 30.06 load
[runlim] sample:		2250.04 time, 2260.01 real, 3 MB, 30.05 load
[runlim] sample:		2260.00 time, 2270.01 real, 3 MB, 30.12 load
[runlim] sample:		2269.96 time, 2280.01 real, 3 MB, 30.10 load
[runlim] sample:		2279.91 time, 2290.01 real, 3 MB, 30.08 load
[runlim] sample:		2289.87 time, 2300.01 real, 3 MB, 30.07 load
[runlim] sample:		2299.82 time, 2310.01 real, 3 MB, 30.06 load
[runlim] sample:		2309.78 time, 2320.01 real, 3 MB, 30.05 load
[runlim] sample:		2319.74 time, 2330.01 real, 3 MB, 30.12 load
[runlim] sample:		2329.70 time, 2340.01 real, 3 MB, 30.10 load
[runlim] sample:		2339.65 time, 2350.01 real, 3 MB, 30.09 load
[runlim] sample:		2349.61 time, 2360.01 real, 3 MB, 30.07 load
[runlim] sample:		2359.56 time, 2370.01 real, 3 MB, 30.06 load
[runlim] sample:		2369.52 time, 2380.01 real, 3 MB, 30.05 load
[runlim] sample:		2379.47 time, 2390.01 real, 3 MB, 30.28 load
[runlim] sample:		2389.43 time, 2400.01 real, 3 MB, 30.24 load
[runlim] sample:		2399.39 time, 2410.01 real, 3 MB, 30.20 load
[runlim] sample:		2409.34 time, 2420.01 real, 3 MB, 30.17 load
[runlim] sample:		2419.30 time, 2430.01 real, 3 MB, 30.14 load
[runlim] sample:		2429.26 time, 2440.01 real, 3 MB, 30.12 load
[runlim] sample:		2439.21 time, 2450.01 real, 3 MB, 30.18 load
[runlim] sample:		2449.18 time, 2460.01 real, 3 MB, 30.15 load
[runlim] sample:		2459.14 time, 2470.01 real, 3 MB, 30.13 load
[runlim] sample:		2469.09 time, 2480.01 real, 3 MB, 30.11 load
[runlim] sample:		2479.05 time, 2490.01 real, 3 MB, 30.09 load
[runlim] sample:		2489.01 time, 2500.01 real, 3 MB, 30.08 load
[runlim] sample:		2498.97 time, 2510.01 real, 3 MB, 30.07 load
[runlim] sample:		2508.92 time, 2520.01 real, 3 MB, 30.06 load
[runlim] sample:		2518.88 time, 2530.01 real, 3 MB, 30.05 load
[runlim] sample:		2528.84 time, 2540.01 real, 3 MB, 30.04 load
[runlim] sample:		2538.80 time, 2550.01 real, 3 MB, 30.03 load
[runlim] sample:		2548.76 time, 2560.01 real, 3 MB, 30.03 load
[runlim] sample:		2558.71 time, 2570.01 real, 3 MB, 30.10 load
[runlim] sample:		2568.67 time, 2580.01 real, 3 MB, 30.08 load
[runlim] sample:		2578.63 time, 2590.01 real, 3 MB, 30.07 load
[runlim] sample:		2588.59 time, 2600.01 real, 3 MB, 30.06 load
[runlim] sample:		2598.55 time, 2610.01 real, 3 MB, 30.05 load
[runlim] sample:		2608.51 time, 2620.01 real, 3 MB, 30.04 load
[runlim] sample:		2618.47 time, 2630.01 real, 3 MB, 30.11 load
[runlim] sample:		2628.43 time, 2640.01 real, 3 MB, 30.16 load
[runlim] sample:		2638.38 time, 2650.01 real, 3 MB, 30.14 load
[runlim] sample:		2648.34 time, 2660.01 real, 3 MB, 30.12 load
[runlim] sample:		2658.30 time, 2670.01 real, 3 MB, 30.10 load
[runlim] sample:		2668.26 time, 2680.01 real, 3 MB, 30.08 load
[runlim] sample:		2678.22 time, 2690.01 real, 3 MB, 29.92 load
[runlim] sample:		2688.18 time, 2700.01 real, 3 MB, 29.77 load
[runlim] sample:		2698.13 time, 2710.01 real, 3 MB, 29.74 load
[runlim] sample:		2708.09 time, 2720.01 real, 3 MB, 29.62 load
[runlim] sample:		2718.05 time, 2730.01 real, 3 MB, 29.53 load
[runlim] sample:		2728.00 time, 2740.01 real, 3 MB, 29.44 load
[runlim] sample:		2737.96 time, 2750.01 real, 3 MB, 29.38 load
[runlim] sample:		2747.92 time, 2760.01 real, 3 MB, 29.39 load
[runlim] sample:		2757.87 time, 2770.01 real, 3 MB, 29.49 load
[runlim] sample:		2767.83 time, 2780.01 real, 3 MB, 29.41 load
[runlim] sample:		2777.79 time, 2790.01 real, 3 MB, 29.35 load
[runlim] sample:		2787.74 time, 2800.01 real, 3 MB, 29.30 load
[runlim] sample:		2797.70 time, 2810.01 real, 3 MB, 29.25 load
[runlim] sample:		2807.65 time, 2820.01 real, 3 MB, 29.21 load
[runlim] sample:		2817.61 time, 2830.01 real, 3 MB, 29.34 load
[runlim] sample:		2827.56 time, 2840.01 real, 3 MB, 29.29 load
[runlim] sample:		2837.53 time, 2850.01 real, 3 MB, 29.24 load
[runlim] sample:		2847.48 time, 2860.01 real, 3 MB, 29.20 load
[runlim] sample:		2857.44 time, 2870.01 real, 3 MB, 29.17 load
[runlim] sample:		2867.39 time, 2880.01 real, 3 MB, 29.15 load
[runlim] sample:		2877.35 time, 2890.01 real, 3 MB, 29.20 load
[runlim] sample:		2887.30 time, 2900.01 real, 3 MB, 29.25 load
[runlim] sample:		2897.26 time, 2910.01 real, 3 MB, 29.21 load
[runlim] sample:		2907.21 time, 2920.01 real, 3 MB, 29.17 load
[runlim] sample:		2917.17 time, 2930.01 real, 3 MB, 29.15 load
[runlim] sample:		2927.12 time, 2940.01 real, 3 MB, 29.42 load
[runlim] sample:		2937.08 time, 2950.01 real, 3 MB, 29.43 load
[runlim] sample:		2947.03 time, 2960.01 real, 3 MB, 29.37 load
[runlim] sample:		2956.99 time, 2970.01 real, 3 MB, 29.31 load
[runlim] sample:		2966.95 time, 2980.01 real, 3 MB, 29.26 load
[runlim] sample:		2976.91 time, 2990.01 real, 3 MB, 29.22 load
[runlim] sample:		2986.87 time, 3000.01 real, 3 MB, 29.19 load
[runlim] sample:		2996.83 time, 3010.01 real, 3 MB, 29.16 load
[runlim] sample:		3006.79 time, 3020.01 real, 3 MB, 29.13 load
[runlim] sample:		3016.75 time, 3030.01 real, 3 MB, 29.11 load
[runlim] sample:		3026.71 time, 3040.01 real, 3 MB, 29.09 load
[runlim] sample:		3036.66 time, 3050.01 real, 3 MB, 29.08 load
[runlim] sample:		3046.62 time, 3060.01 real, 3 MB, 29.07 load
[runlim] sample:		3056.58 time, 3070.01 real, 3 MB, 29.14 load
[runlim] sample:		3066.54 time, 3080.01 real, 3 MB, 29.12 load
[runlim] sample:		3076.50 time, 3090.01 real, 3 MB, 29.10 load
[runlim] sample:		3086.46 time, 3100.01 real, 3 MB, 29.08 load
[runlim] sample:		3096.42 time, 3110.01 real, 3 MB, 29.07 load
[runlim] sample:		3106.38 time, 3120.01 real, 3 MB, 29.06 load
[runlim] sample:		3116.34 time, 3130.01 real, 3 MB, 29.13 load
[runlim] sample:		3126.30 time, 3140.01 real, 3 MB, 29.11 load
[runlim] sample:		3136.25 time, 3150.01 real, 3 MB, 29.09 load
[runlim] sample:		3146.21 time, 3160.01 real, 3 MB, 29.08 load
[runlim] sample:		3156.17 time, 3170.01 real, 3 MB, 29.06 load
[runlim] sample:		3166.13 time, 3180.01 real, 3 MB, 29.05 load
[runlim] sample:		3176.09 time, 3190.01 real, 3 MB, 29.13 load
[runlim] sample:		3186.04 time, 3200.01 real, 3 MB, 29.11 load
[runlim] sample:		3196.00 time, 3210.01 real, 3 MB, 29.09 load
[runlim] sample:		3205.96 time, 3220.01 real, 3 MB, 29.15 load
[runlim] sample:		3215.92 time, 3230.01 real, 3 MB, 29.13 load
[runlim] sample:		3225.88 time, 3240.01 real, 3 MB, 29.11 load
[runlim] sample:		3235.83 time, 3250.01 real, 3 MB, 29.09 load
[runlim] sample:		3245.79 time, 3260.01 real, 3 MB, 29.08 load
[runlim] sample:		3255.75 time, 3270.01 real, 3 MB, 29.06 load
[runlim] sample:		3265.71 time, 3280.01 real, 3 MB, 29.05 load
[runlim] sample:		3275.67 time, 3290.01 real, 3 MB, 29.04 load
[runlim] sample:		3285.62 time, 3300.01 real, 3 MB, 29.04 load
[runlim] sample:		3295.58 time, 3310.01 real, 3 MB, 29.03 load
[runlim] sample:		3305.54 time, 3320.01 real, 3 MB, 29.18 load
[runlim] sample:		3315.50 time, 3330.01 real, 3 MB, 29.15 load
[runlim] sample:		3325.46 time, 3340.01 real, 3 MB, 29.13 load
[runlim] sample:		3335.41 time, 3350.01 real, 3 MB, 29.11 load
[runlim] sample:		3345.37 time, 3360.01 real, 3 MB, 29.09 load
[runlim] sample:		3355.33 time, 3370.01 real, 3 MB, 29.08 load
[runlim] sample:		3365.29 time, 3380.01 real, 3 MB, 29.06 load
[runlim] sample:		3375.25 time, 3390.01 real, 3 MB, 29.05 load
[runlim] sample:		3385.21 time, 3400.01 real, 3 MB, 29.05 load
[runlim] sample:		3395.16 time, 3410.01 real, 3 MB, 29.12 load
[runlim] sample:		3405.12 time, 3420.01 real, 3 MB, 29.10 load
[runlim] sample:		3415.08 time, 3430.01 real, 3 MB, 29.08 load
[runlim] sample:		3425.04 time, 3440.01 real, 3 MB, 29.07 load
[runlim] sample:		3434.99 time, 3450.01 real, 3 MB, 29.06 load
[runlim] sample:		3444.95 time, 3460.01 real, 3 MB, 29.05 load
[runlim] sample:		3454.91 time, 3470.01 real, 3 MB, 29.04 load
[runlim] sample:		3464.87 time, 3480.01 real, 3 MB, 29.04 load
[runlim] sample:		3474.83 time, 3490.01 real, 3 MB, 29.03 load
[runlim] sample:		3484.78 time, 3500.01 real, 3 MB, 29.02 load
[runlim] sample:		3494.74 time, 3510.01 real, 3 MB, 29.02 load
[runlim] sample:		3504.70 time, 3520.01 real, 3 MB, 29.02 load
[runlim] sample:		3514.66 time, 3530.01 real, 3 MB, 29.01 load
[runlim] sample:		3524.62 time, 3540.01 real, 3 MB, 29.08 load
[runlim] sample:		3534.57 time, 3550.01 real, 3 MB, 29.07 load
[runlim] sample:		3544.53 time, 3560.01 real, 3 MB, 29.06 load
[runlim] sample:		3554.49 time, 3570.01 real, 3 MB, 29.05 load
[runlim] sample:		3564.45 time, 3580.01 real, 3 MB, 29.04 load
[runlim] sample:		3574.40 time, 3590.01 real, 3 MB, 29.04 load
[runlim] sample:		3584.36 time, 3600.01 real, 3 MB, 29.03 load
[runlim] sample:		3594.32 time, 3610.01 real, 3 MB, 29.02 load
[runlim] sample:		3604.28 time, 3620.01 real, 3 MB, 29.09 load
[runlim] sample:		3614.24 time, 3630.01 real, 3 MB, 29.15 load
[runlim] sample:		3624.19 time, 3640.01 real, 3 MB, 29.13 load
[runlim] sample:		3634.15 time, 3650.01 real, 3 MB, 29.11 load
[runlim] sample:		3644.11 time, 3660.01 real, 3 MB, 29.09 load
[runlim] sample:		3654.07 time, 3670.01 real, 3 MB, 29.08 load
[runlim] sample:		3664.02 time, 3680.01 real, 3 MB, 29.14 load
[runlim] sample:		3673.98 time, 3690.01 real, 3 MB, 29.12 load
[runlim] sample:		3683.94 time, 3700.01 real, 3 MB, 29.10 load
[runlim] sample:		3693.90 time, 3710.01 real, 3 MB, 29.08 load
[runlim] sample:		3703.85 time, 3720.01 real, 3 MB, 29.07 load
[runlim] sample:		3713.81 time, 3730.01 real, 3 MB, 29.06 load
[runlim] sample:		3723.77 time, 3740.01 real, 3 MB, 29.12 load
[runlim] sample:		3733.73 time, 3750.01 real, 3 MB, 29.10 load
[runlim] sample:		3743.68 time, 3760.01 real, 3 MB, 29.09 load
[runlim] sample:		3753.64 time, 3770.01 real, 3 MB, 29.07 load
[runlim] sample:		3763.60 time, 3780.01 real, 3 MB, 29.06 load
[runlim] sample:		3773.56 time, 3790.01 real, 3 MB, 29.05 load
[runlim] sample:		3783.51 time, 3800.01 real, 3 MB, 29.04 load
[runlim] sample:		3793.47 time, 3810.01 real, 3 MB, 29.04 load
[runlim] sample:		3803.43 time, 3820.01 real, 3 MB, 29.03 load
[runlim] sample:		3813.38 time, 3830.01 real, 3 MB, 29.02 load
[runlim] sample:		3823.34 time, 3840.01 real, 3 MB, 29.02 load
[runlim] sample:		3833.30 time, 3850.01 real, 3 MB, 29.02 load
[runlim] sample:		3843.25 time, 3860.01 real, 3 MB, 29.01 load
[runlim] sample:		3853.21 time, 3870.01 real, 3 MB, 29.01 load
[runlim] sample:		3863.17 time, 3880.01 real, 3 MB, 29.01 load
[runlim] sample:		3873.12 time, 3890.01 real, 3 MB, 29.01 load
[runlim] sample:		3883.08 time, 3900.01 real, 3 MB, 29.01 load
[runlim] sample:		3893.04 time, 3910.01 real, 3 MB, 29.08 load
[runlim] sample:		3903.00 time, 3920.01 real, 3 MB, 29.07 load
[runlim] sample:		3912.95 time, 3930.01 real, 3 MB, 29.06 load
[runlim] sample:		3922.91 time, 3940.01 real, 3 MB, 29.05 load
[runlim] sample:		3932.87 time, 3950.01 real, 3 MB, 29.04 load
[runlim] sample:		3942.83 time, 3960.01 real, 3 MB, 29.04 load
[runlim] sample:		3952.78 time, 3970.01 real, 3 MB, 29.03 load
[runlim] sample:		3962.74 time, 3980.01 real, 3 MB, 29.02 load
[runlim] sample:		3972.70 time, 3990.01 real, 3 MB, 29.02 load
[runlim] sample:		3982.66 time, 4000.01 real, 3 MB, 29.17 load
[runlim] sample:		3992.61 time, 4010.01 real, 3 MB, 29.14 load
[runlim] sample:		4002.57 time, 4020.01 real, 3 MB, 29.12 load
[runlim] sample:		4012.53 time, 4030.01 real, 3 MB, 29.10 load
[runlim] sample:		4022.49 time, 4040.01 real, 3 MB, 29.09 load
[runlim] sample:		4032.44 time, 4050.01 real, 3 MB, 29.07 load
[runlim] sample:		4042.40 time, 4060.01 real, 3 MB, 29.14 load
[runlim] sample:		4052.36 time, 4070.01 real, 3 MB, 29.11 load
[runlim] sample:		4062.32 time, 4080.01 real, 3 MB, 29.10 load
[runlim] sample:		4072.27 time, 4090.01 real, 3 MB, 29.08 load
[runlim] sample:		4082.23 time, 4100.01 real, 3 MB, 29.07 load
[runlim] sample:		4092.19 time, 4110.01 real, 3 MB, 29.06 load
[runlim] sample:		4102.15 time, 4120.01 real, 3 MB, 29.27 load
[runlim] sample:		4112.10 time, 4130.01 real, 3 MB, 29.23 load
[runlim] sample:		4122.06 time, 4140.01 real, 3 MB, 29.34 load
[runlim] sample:		4132.02 time, 4150.01 real, 3 MB, 29.29 load
[runlim] sample:		4141.98 time, 4160.01 real, 3 MB, 29.24 load
[runlim] sample:		4151.93 time, 4170.01 real, 3 MB, 29.36 load
[runlim] sample:		4161.89 time, 4180.01 real, 3 MB, 29.38 load
[runlim] sample:		4171.85 time, 4190.01 real, 3 MB, 29.32 load
[runlim] sample:		4181.81 time, 4200.01 real, 3 MB, 29.27 load
[runlim] sample:		4191.76 time, 4210.01 real, 3 MB, 29.23 load
[runlim] sample:		4201.72 time, 4220.01 real, 3 MB, 29.19 load
[runlim] sample:		4211.68 time, 4230.01 real, 3 MB, 29.16 load
[runlim] sample:		4221.64 time, 4240.01 real, 3 MB, 29.21 load
[runlim] sample:		4231.60 time, 4250.01 real, 3 MB, 29.18 load
[runlim] sample:		4241.55 time, 4260.01 real, 3 MB, 29.15 load
[runlim] sample:		4251.51 time, 4270.01 real, 3 MB, 29.13 load
[runlim] sample:		4261.47 time, 4280.01 real, 3 MB, 29.11 load
[runlim] sample:		4271.43 time, 4290.01 real, 3 MB, 29.09 load
[runlim] sample:		4281.39 time, 4300.01 real, 3 MB, 29.08 load
[runlim] sample:		4291.34 time, 4310.01 real, 3 MB, 29.06 load
[runlim] sample:		4301.30 time, 4320.01 real, 3 MB, 29.13 load
[runlim] sample:		4311.26 time, 4330.01 real, 3 MB, 29.11 load
[runlim] sample:		4321.22 time, 4340.01 real, 3 MB, 29.09 load
[runlim] sample:		4331.17 time, 4350.01 real, 3 MB, 29.08 load
[runlim] sample:		4341.13 time, 4360.01 real, 3 MB, 29.06 load
[runlim] sample:		4351.09 time, 4370.01 real, 3 MB, 29.05 load
[runlim] sample:		4361.05 time, 4380.01 real, 3 MB, 29.12 load
[runlim] sample:		4371.00 time, 4390.01 real, 3 MB, 29.10 load
[runlim] sample:		4380.96 time, 4400.01 real, 3 MB, 29.08 load
[runlim] sample:		4390.92 time, 4410.01 real, 3 MB, 29.15 load
[runlim] sample:		4400.88 time, 4420.01 real, 3 MB, 29.13 load
[runlim] sample:		4410.84 time, 4430.01 real, 3 MB, 29.11 load
[runlim] sample:		4420.79 time, 4440.01 real, 3 MB, 29.25 load
[runlim] sample:		4430.75 time, 4450.01 real, 3 MB, 29.21 load
[runlim] sample:		4440.71 time, 4460.01 real, 3 MB, 29.17 load
[runlim] sample:		4450.67 time, 4470.01 real, 3 MB, 29.15 load
[runlim] sample:		4460.63 time, 4480.01 real, 3 MB, 29.12 load
[runlim] sample:		4470.58 time, 4490.01 real, 3 MB, 29.10 load
[runlim] sample:		4480.54 time, 4500.01 real, 3 MB, 29.09 load
[runlim] sample:		4490.50 time, 4510.01 real, 3 MB, 29.07 load
[runlim] sample:		4500.46 time, 4520.01 real, 3 MB, 29.14 load
[runlim] sample:		4510.42 time, 4530.01 real, 3 MB, 29.11 load
[runlim] sample:		4520.37 time, 4540.01 real, 3 MB, 29.10 load
[runlim] sample:		4530.33 time, 4550.01 real, 3 MB, 29.16 load
[runlim] sample:		4540.29 time, 4560.01 real, 3 MB, 29.13 load
[runlim] sample:		4550.25 time, 4570.01 real, 3 MB, 29.18 load
[runlim] sample:		4560.20 time, 4580.01 real, 3 MB, 29.23 load
[runlim] sample:		4570.16 time, 4590.01 real, 3 MB, 29.19 load
[runlim] sample:		4580.12 time, 4600.01 real, 3 MB, 29.16 load
[runlim] sample:		4590.08 time, 4610.01 real, 3 MB, 29.14 load
[runlim] sample:		4600.03 time, 4620.01 real, 3 MB, 29.12 load
[runlim] sample:		4609.99 time, 4630.01 real, 3 MB, 29.10 load
[runlim] sample:		4619.95 time, 4640.01 real, 3 MB, 29.16 load
[runlim] sample:		4629.91 time, 4650.01 real, 3 MB, 29.13 load
[runlim] sample:		4639.87 time, 4660.01 real, 3 MB, 29.19 load
[runlim] sample:		4649.82 time, 4670.01 real, 3 MB, 29.23 load
[runlim] sample:		4659.78 time, 4680.01 real, 3 MB, 29.19 load
[runlim] sample:		4669.73 time, 4690.01 real, 3 MB, 29.16 load
[runlim] sample:		4679.68 time, 4700.01 real, 3 MB, 29.21 load
[runlim] sample:		4689.63 time, 4710.01 real, 3 MB, 29.18 load
[runlim] sample:		4699.59 time, 4720.01 real, 3 MB, 29.15 load
[runlim] sample:		4709.55 time, 4730.01 real, 3 MB, 29.13 load
[runlim] sample:		4719.50 time, 4740.01 real, 3 MB, 29.11 load
[runlim] sample:		4729.46 time, 4750.01 real, 3 MB, 29.09 load
[runlim] sample:		4739.42 time, 4760.01 real, 3 MB, 29.15 load
[runlim] sample:		4749.37 time, 4770.01 real, 3 MB, 29.13 load
[runlim] sample:		4759.33 time, 4780.01 real, 3 MB, 29.11 load
[runlim] sample:		4769.29 time, 4790.01 real, 3 MB, 29.09 load
[runlim] sample:		4779.25 time, 4800.01 real, 3 MB, 29.08 load
[runlim] sample:		4789.21 time, 4810.01 real, 3 MB, 29.14 load
[runlim] sample:		4799.16 time, 4820.01 real, 3 MB, 29.12 load
[runlim] sample:		4809.12 time, 4830.01 real, 3 MB, 29.10 load
[runlim] sample:		4819.08 time, 4840.01 real, 3 MB, 29.09 load
[runlim] sample:		4829.04 time, 4850.01 real, 3 MB, 29.07 load
[runlim] sample:		4838.99 time, 4860.01 real, 3 MB, 29.06 load
[runlim] sample:		4848.95 time, 4870.01 real, 3 MB, 29.05 load
[runlim] sample:		4858.91 time, 4880.01 real, 3 MB, 29.12 load
[runlim] sample:		4868.87 time, 4890.01 real, 3 MB, 29.10 load
[runlim] sample:		4878.83 time, 4900.01 real, 3 MB, 29.09 load
[runlim] sample:		4888.78 time, 4910.01 real, 3 MB, 29.15 load
[runlim] sample:		4898.74 time, 4920.01 real, 3 MB, 29.13 load
[runlim] sample:		4908.70 time, 4930.01 real, 3 MB, 29.18 load
[runlim] sample:		4918.66 time, 4940.01 real, 3 MB, 29.23 load
[runlim] sample:		4928.62 time, 4950.01 real, 3 MB, 29.20 load
[runlim] sample:		4938.57 time, 4960.01 real, 3 MB, 29.17 load
[runlim] sample:		4948.53 time, 4970.01 real, 3 MB, 29.14 load
[runlim] sample:		4958.49 time, 4980.01 real, 3 MB, 29.12 load
[runlim] sample:		4968.45 time, 4990.01 real, 3 MB, 29.18 load
[runlim] sample:		4978.41 time, 5000.01 real, 3 MB, 29.31 load
[runlim] end:			Thu Apr  9 21:45:25 2026
[runlim] status:		out of time
[runlim] result:		2
[runlim] children:		1
[runlim] processes:		2
[runlim] real:			5000.05 seconds
[runlim] time:			4978.41 seconds
[runlim] space:			3 MB
[runlim] load:			31.11 maximum
[runlim] samples:		50000
