[runlim] version:		2.0.0rc1
[runlim] host:			o01n06
[runlim] time limit:		311040000 seconds
[runlim] real time limit:	5000 seconds
[runlim] space limit:		7000 MB
[runlim] argv[0]:		./binary
[runlim] argv[1]:		-c
[runlim] argv[2]:		-f
[runlim] argv[3]:		-s
[runlim] argv[4]:		/tmp/local-unzipped-12459993-2-78-mc2025_track1_129.cnf
[runlim] start:			Thu Apr  9 20:22:17 2026
[runlim] child:			3021658
[runlim] sample:		9.95 time, 10.01 real, 4 MB, 4.70 load
[runlim] sample:		19.90 time, 20.01 real, 4 MB, 8.53 load
[runlim] sample:		29.85 time, 30.01 real, 4 MB, 12.67 load
[runlim] sample:		39.80 time, 40.01 real, 4 MB, 15.80 load
[runlim] sample:		49.75 time, 50.01 real, 4 MB, 18.37 load
[runlim] sample:		59.70 time, 60.01 real, 4 MB, 20.46 load
[runlim] sample:		69.65 time, 70.01 real, 4 MB, 22.55 load
[runlim] sample:		79.61 time, 80.01 real, 4 MB, 24.08 load
[runlim] sample:		89.56 time, 90.01 real, 4 MB, 25.30 load
[runlim] sample:		99.51 time, 100.01 real, 4 MB, 26.48 load
[runlim] sample:		109.46 time, 110.01 real, 4 MB, 27.56 load
[runlim] sample:		119.42 time, 120.01 real, 4 MB, 28.24 load
[runlim] sample:		129.37 time, 130.01 real, 4 MB, 28.90 load
[runlim] sample:		139.33 time, 140.01 real, 4 MB, 29.38 load
[runlim] sample:		149.28 time, 150.01 real, 4 MB, 29.63 load
[runlim] sample:		159.24 time, 160.01 real, 4 MB, 29.84 load
[runlim] sample:		169.19 time, 170.01 real, 4 MB, 30.17 load
[runlim] sample:		179.15 time, 180.01 real, 4 MB, 30.29 load
[runlim] sample:		189.10 time, 190.01 real, 4 MB, 30.40 load
[runlim] sample:		199.06 time, 200.01 real, 4 MB, 30.64 load
[runlim] sample:		209.01 time, 210.01 real, 4 MB, 30.70 load
[runlim] sample:		218.97 time, 220.01 real, 4 MB, 30.74 load
[runlim] sample:		228.92 time, 230.01 real, 4 MB, 30.86 load
[runlim] sample:		238.88 time, 240.01 real, 4 MB, 30.88 load
[runlim] sample:		248.84 time, 250.01 real, 4 MB, 30.90 load
[runlim] sample:		258.79 time, 260.01 real, 4 MB, 30.91 load
[runlim] sample:		268.75 time, 270.01 real, 4 MB, 30.93 load
[runlim] sample:		278.70 time, 280.01 real, 4 MB, 31.01 load
[runlim] sample:		288.66 time, 290.01 real, 4 MB, 31.09 load
[runlim] sample:		298.61 time, 300.01 real, 4 MB, 31.08 load
[runlim] sample:		308.57 time, 310.01 real, 4 MB, 31.06 load
[runlim] sample:		318.53 time, 320.01 real, 4 MB, 31.05 load
[runlim] sample:		328.48 time, 330.01 real, 4 MB, 31.05 load
[runlim] sample:		338.44 time, 340.01 real, 4 MB, 31.04 load
[runlim] sample:		348.40 time, 350.01 real, 4 MB, 31.11 load
[runlim] sample:		358.35 time, 360.01 real, 4 MB, 31.09 load
[runlim] sample:		368.31 time, 370.01 real, 4 MB, 31.00 load
[runlim] sample:		378.26 time, 380.01 real, 4 MB, 30.85 load
[runlim] sample:		388.22 time, 390.01 real, 4 MB, 30.72 load
[runlim] sample:		398.18 time, 400.01 real, 4 MB, 30.60 load
[runlim] sample:		408.13 time, 410.01 real, 4 MB, 30.67 load
[runlim] sample:		418.09 time, 420.01 real, 4 MB, 30.56 load
[runlim] sample:		428.04 time, 430.01 real, 4 MB, 30.48 load
[runlim] sample:		438.00 time, 440.01 real, 4 MB, 30.48 load
[runlim] sample:		447.96 time, 450.01 real, 4 MB, 30.40 load
[runlim] sample:		457.91 time, 460.01 real, 4 MB, 30.34 load
[runlim] sample:		467.87 time, 470.01 real, 4 MB, 30.29 load
[runlim] sample:		477.83 time, 480.01 real, 4 MB, 30.24 load
[runlim] sample:		487.78 time, 490.01 real, 4 MB, 30.20 load
[runlim] sample:		497.74 time, 500.01 real, 4 MB, 30.17 load
[runlim] sample:		507.69 time, 510.01 real, 4 MB, 30.15 load
[runlim] sample:		517.65 time, 520.01 real, 4 MB, 30.12 load
[runlim] sample:		527.61 time, 530.01 real, 4 MB, 30.10 load
[runlim] sample:		537.56 time, 540.01 real, 4 MB, 30.09 load
[runlim] sample:		547.52 time, 550.01 real, 4 MB, 30.15 load
[runlim] sample:		557.48 time, 560.01 real, 4 MB, 30.13 load
[runlim] sample:		567.43 time, 570.01 real, 4 MB, 30.11 load
[runlim] sample:		577.39 time, 580.01 real, 4 MB, 30.09 load
[runlim] sample:		587.35 time, 590.01 real, 4 MB, 30.08 load
[runlim] sample:		597.30 time, 600.01 real, 4 MB, 30.06 load
[runlim] sample:		607.26 time, 610.01 real, 4 MB, 30.05 load
[runlim] sample:		617.22 time, 620.01 real, 4 MB, 30.05 load
[runlim] sample:		627.18 time, 630.01 real, 4 MB, 30.04 load
[runlim] sample:		637.13 time, 640.01 real, 4 MB, 30.03 load
[runlim] sample:		647.09 time, 650.01 real, 4 MB, 30.03 load
[runlim] sample:		657.05 time, 660.01 real, 4 MB, 30.02 load
[runlim] sample:		667.01 time, 670.01 real, 4 MB, 30.10 load
[runlim] sample:		676.96 time, 680.01 real, 4 MB, 30.08 load
[runlim] sample:		686.92 time, 690.01 real, 4 MB, 30.07 load
[runlim] sample:		696.88 time, 700.01 real, 4 MB, 30.14 load
[runlim] sample:		706.83 time, 710.01 real, 4 MB, 30.12 load
[runlim] sample:		716.79 time, 720.01 real, 4 MB, 30.10 load
[runlim] sample:		726.75 time, 730.01 real, 4 MB, 30.08 load
[runlim] sample:		736.71 time, 740.01 real, 4 MB, 30.07 load
[runlim] sample:		746.66 time, 750.01 real, 4 MB, 30.06 load
[runlim] sample:		756.62 time, 760.01 real, 4 MB, 30.05 load
[runlim] sample:		766.58 time, 770.01 real, 4 MB, 30.12 load
[runlim] sample:		776.53 time, 780.01 real, 4 MB, 30.10 load
[runlim] sample:		786.49 time, 790.01 real, 4 MB, 30.17 load
[runlim] sample:		796.45 time, 800.01 real, 4 MB, 30.14 load
[runlim] sample:		806.41 time, 810.01 real, 4 MB, 30.20 load
[runlim] sample:		816.36 time, 820.01 real, 4 MB, 30.17 load
[runlim] sample:		826.32 time, 830.01 real, 4 MB, 30.14 load
[runlim] sample:		836.28 time, 840.01 real, 4 MB, 30.12 load
[runlim] sample:		846.23 time, 850.01 real, 4 MB, 30.26 load
[runlim] sample:		856.19 time, 860.01 real, 4 MB, 30.22 load
[runlim] sample:		866.15 time, 870.01 real, 4 MB, 30.19 load
[runlim] sample:		876.10 time, 880.01 real, 4 MB, 30.16 load
[runlim] sample:		886.06 time, 890.01 real, 4 MB, 30.13 load
[runlim] sample:		896.02 time, 900.01 real, 4 MB, 30.11 load
[runlim] sample:		905.97 time, 910.01 real, 4 MB, 30.17 load
[runlim] sample:		915.93 time, 920.01 real, 4 MB, 30.15 load
[runlim] sample:		925.89 time, 930.01 real, 4 MB, 30.12 load
[runlim] sample:		935.84 time, 940.01 real, 4 MB, 30.10 load
[runlim] sample:		945.80 time, 950.01 real, 4 MB, 30.09 load
[runlim] sample:		955.76 time, 960.01 real, 4 MB, 30.07 load
[runlim] sample:		965.71 time, 970.01 real, 4 MB, 30.22 load
[runlim] sample:		975.67 time, 980.01 real, 4 MB, 30.19 load
[runlim] sample:		985.63 time, 990.01 real, 4 MB, 30.16 load
[runlim] sample:		995.58 time, 1000.01 real, 4 MB, 30.13 load
[runlim] sample:		1005.53 time, 1010.01 real, 4 MB, 30.11 load
[runlim] sample:		1015.48 time, 1020.01 real, 4 MB, 30.10 load
[runlim] sample:		1025.43 time, 1030.01 real, 4 MB, 30.08 load
[runlim] sample:		1035.38 time, 1040.01 real, 4 MB, 30.07 load
[runlim] sample:		1045.32 time, 1050.01 real, 4 MB, 30.30 load
[runlim] sample:		1055.27 time, 1060.01 real, 4 MB, 30.25 load
[runlim] sample:		1065.22 time, 1070.01 real, 4 MB, 30.29 load
[runlim] sample:		1075.17 time, 1080.01 real, 4 MB, 30.25 load
[runlim] sample:		1085.12 time, 1090.01 real, 4 MB, 30.21 load
[runlim] sample:		1095.06 time, 1100.01 real, 4 MB, 30.25 load
[runlim] sample:		1105.01 time, 1110.01 real, 4 MB, 30.21 load
[runlim] sample:		1114.96 time, 1120.01 real, 4 MB, 30.18 load
[runlim] sample:		1124.91 time, 1130.01 real, 4 MB, 30.31 load
[runlim] sample:		1134.86 time, 1140.01 real, 4 MB, 30.26 load
[runlim] sample:		1144.81 time, 1150.01 real, 4 MB, 30.22 load
[runlim] sample:		1154.76 time, 1160.01 real, 4 MB, 30.34 load
[runlim] sample:		1164.71 time, 1170.01 real, 4 MB, 30.29 load
[runlim] sample:		1174.66 time, 1180.01 real, 4 MB, 30.24 load
[runlim] sample:		1184.61 time, 1190.01 real, 4 MB, 30.28 load
[runlim] sample:		1194.56 time, 1200.01 real, 4 MB, 30.24 load
[runlim] sample:		1204.51 time, 1210.01 real, 4 MB, 30.20 load
[runlim] sample:		1214.46 time, 1220.01 real, 4 MB, 30.25 load
[runlim] sample:		1224.41 time, 1230.01 real, 4 MB, 30.21 load
[runlim] sample:		1234.36 time, 1240.01 real, 4 MB, 30.17 load
[runlim] sample:		1244.31 time, 1250.01 real, 4 MB, 30.15 load
[runlim] sample:		1254.25 time, 1260.01 real, 4 MB, 30.12 load
[runlim] sample:		1264.20 time, 1270.01 real, 4 MB, 30.10 load
[runlim] sample:		1274.15 time, 1280.01 real, 4 MB, 30.09 load
[runlim] sample:		1284.10 time, 1290.01 real, 4 MB, 30.15 load
[runlim] sample:		1294.05 time, 1300.01 real, 4 MB, 30.13 load
[runlim] sample:		1304.00 time, 1310.01 real, 4 MB, 30.11 load
[runlim] sample:		1313.95 time, 1320.01 real, 4 MB, 30.09 load
[runlim] sample:		1323.89 time, 1330.01 real, 4 MB, 30.08 load
[runlim] sample:		1333.84 time, 1340.01 real, 4 MB, 30.07 load
[runlim] sample:		1343.79 time, 1350.01 real, 4 MB, 30.14 load
[runlim] sample:		1353.74 time, 1360.01 real, 4 MB, 30.11 load
[runlim] sample:		1363.69 time, 1370.01 real, 4 MB, 30.10 load
[runlim] sample:		1373.64 time, 1380.01 real, 4 MB, 30.08 load
[runlim] sample:		1383.58 time, 1390.01 real, 4 MB, 30.07 load
[runlim] sample:		1393.53 time, 1400.01 real, 4 MB, 30.06 load
[runlim] sample:		1403.48 time, 1410.01 real, 4 MB, 30.13 load
[runlim] sample:		1413.43 time, 1420.01 real, 4 MB, 30.11 load
[runlim] sample:		1423.38 time, 1430.01 real, 4 MB, 30.09 load
[runlim] sample:		1433.33 time, 1440.01 real, 4 MB, 30.08 load
[runlim] sample:		1443.28 time, 1450.01 real, 4 MB, 30.06 load
[runlim] sample:		1453.23 time, 1460.01 real, 4 MB, 30.05 load
[runlim] sample:		1463.17 time, 1470.01 real, 4 MB, 30.05 load
[runlim] sample:		1473.12 time, 1480.01 real, 4 MB, 30.04 load
[runlim] sample:		1483.07 time, 1490.01 real, 4 MB, 30.03 load
[runlim] sample:		1493.02 time, 1500.01 real, 4 MB, 30.03 load
[runlim] sample:		1502.97 time, 1510.01 real, 4 MB, 30.02 load
[runlim] sample:		1512.92 time, 1520.01 real, 4 MB, 30.02 load
[runlim] sample:		1522.87 time, 1530.01 real, 4 MB, 30.02 load
[runlim] sample:		1532.82 time, 1540.01 real, 4 MB, 30.01 load
[runlim] sample:		1542.76 time, 1550.01 real, 4 MB, 30.01 load
[runlim] sample:		1552.72 time, 1560.01 real, 4 MB, 30.01 load
[runlim] sample:		1562.66 time, 1570.01 real, 4 MB, 30.08 load
[runlim] sample:		1572.61 time, 1580.01 real, 4 MB, 30.07 load
[runlim] sample:		1582.56 time, 1590.01 real, 4 MB, 30.06 load
[runlim] sample:		1592.51 time, 1600.01 real, 4 MB, 30.12 load
[runlim] sample:		1602.46 time, 1610.01 real, 4 MB, 30.18 load
[runlim] sample:		1612.41 time, 1620.01 real, 4 MB, 30.15 load
[runlim] sample:		1622.36 time, 1630.01 real, 4 MB, 30.13 load
[runlim] sample:		1632.31 time, 1640.01 real, 4 MB, 30.11 load
[runlim] sample:		1642.25 time, 1650.01 real, 4 MB, 30.09 load
[runlim] sample:		1652.20 time, 1660.01 real, 4 MB, 30.15 load
[runlim] sample:		1662.15 time, 1670.01 real, 4 MB, 30.13 load
[runlim] sample:		1672.10 time, 1680.01 real, 4 MB, 30.11 load
[runlim] sample:		1682.05 time, 1690.01 real, 4 MB, 30.09 load
[runlim] sample:		1691.99 time, 1700.01 real, 4 MB, 30.08 load
[runlim] sample:		1701.94 time, 1710.01 real, 4 MB, 30.06 load
[runlim] sample:		1711.89 time, 1720.01 real, 4 MB, 30.20 load
[runlim] sample:		1721.84 time, 1730.01 real, 4 MB, 30.17 load
[runlim] sample:		1731.79 time, 1740.01 real, 4 MB, 30.14 load
[runlim] sample:		1741.73 time, 1750.01 real, 4 MB, 30.12 load
[runlim] sample:		1751.68 time, 1760.01 real, 4 MB, 30.10 load
[runlim] sample:		1761.63 time, 1770.01 real, 4 MB, 30.09 load
[runlim] sample:		1771.58 time, 1780.01 real, 4 MB, 30.07 load
[runlim] sample:		1781.53 time, 1790.01 real, 4 MB, 30.06 load
[runlim] sample:		1791.48 time, 1800.01 real, 4 MB, 30.12 load
[runlim] sample:		1801.43 time, 1810.01 real, 4 MB, 30.11 load
[runlim] sample:		1811.38 time, 1820.01 real, 4 MB, 30.09 load
[runlim] sample:		1821.33 time, 1830.01 real, 4 MB, 30.07 load
[runlim] sample:		1831.28 time, 1840.01 real, 4 MB, 30.06 load
[runlim] sample:		1841.23 time, 1850.01 real, 4 MB, 30.05 load
[runlim] sample:		1851.17 time, 1860.01 real, 4 MB, 30.12 load
[runlim] sample:		1861.12 time, 1870.01 real, 4 MB, 30.10 load
[runlim] sample:		1871.07 time, 1880.01 real, 4 MB, 30.08 load
[runlim] sample:		1881.02 time, 1890.01 real, 4 MB, 30.07 load
[runlim] sample:		1890.97 time, 1900.01 real, 4 MB, 30.06 load
[runlim] sample:		1900.92 time, 1910.01 real, 4 MB, 30.05 load
[runlim] sample:		1910.87 time, 1920.01 real, 4 MB, 30.12 load
[runlim] sample:		1920.82 time, 1930.01 real, 4 MB, 30.10 load
[runlim] sample:		1930.77 time, 1940.01 real, 4 MB, 30.08 load
[runlim] sample:		1940.72 time, 1950.01 real, 4 MB, 30.07 load
[runlim] sample:		1950.67 time, 1960.01 real, 4 MB, 30.06 load
[runlim] sample:		1960.62 time, 1970.01 real, 4 MB, 30.05 load
[runlim] sample:		1970.57 time, 1980.01 real, 4 MB, 30.04 load
[runlim] sample:		1980.52 time, 1990.01 real, 4 MB, 30.03 load
[runlim] sample:		1990.46 time, 2000.01 real, 4 MB, 30.10 load
[runlim] sample:		2000.41 time, 2010.01 real, 4 MB, 30.17 load
[runlim] sample:		2010.36 time, 2020.01 real, 4 MB, 30.14 load
[runlim] sample:		2020.31 time, 2030.01 real, 4 MB, 30.12 load
[runlim] sample:		2030.26 time, 2040.01 real, 4 MB, 30.10 load
[runlim] sample:		2040.21 time, 2050.01 real, 4 MB, 30.08 load
[runlim] sample:		2050.16 time, 2060.01 real, 4 MB, 30.14 load
[runlim] sample:		2060.11 time, 2070.01 real, 4 MB, 30.12 load
[runlim] sample:		2070.06 time, 2080.01 real, 4 MB, 30.10 load
[runlim] sample:		2080.01 time, 2090.01 real, 4 MB, 30.09 load
[runlim] sample:		2089.96 time, 2100.01 real, 4 MB, 30.07 load
[runlim] sample:		2099.91 time, 2110.01 real, 4 MB, 30.06 load
[runlim] sample:		2109.85 time, 2120.01 real, 4 MB, 30.13 load
[runlim] sample:		2119.80 time, 2130.01 real, 4 MB, 30.11 load
[runlim] sample:		2129.75 time, 2140.01 real, 4 MB, 30.09 load
[runlim] sample:		2139.70 time, 2150.01 real, 4 MB, 30.08 load
[runlim] sample:		2149.65 time, 2160.01 real, 4 MB, 30.06 load
[runlim] sample:		2159.60 time, 2170.01 real, 4 MB, 30.05 load
[runlim] sample:		2169.55 time, 2180.01 real, 4 MB, 30.04 load
[runlim] sample:		2179.50 time, 2190.01 real, 4 MB, 30.04 load
[runlim] sample:		2189.45 time, 2200.01 real, 4 MB, 30.10 load
[runlim] sample:		2199.40 time, 2210.01 real, 4 MB, 30.09 load
[runlim] sample:		2209.35 time, 2220.01 real, 4 MB, 30.07 load
[runlim] sample:		2219.30 time, 2230.01 real, 4 MB, 30.06 load
[runlim] sample:		2229.24 time, 2240.01 real, 4 MB, 30.05 load
[runlim] sample:		2239.19 time, 2250.01 real, 4 MB, 30.04 load
[runlim] sample:		2249.14 time, 2260.01 real, 4 MB, 30.11 load
[runlim] sample:		2259.09 time, 2270.01 real, 4 MB, 30.09 load
[runlim] sample:		2269.04 time, 2280.01 real, 4 MB, 30.08 load
[runlim] sample:		2278.99 time, 2290.01 real, 4 MB, 30.07 load
[runlim] sample:		2288.94 time, 2300.01 real, 4 MB, 30.06 load
[runlim] sample:		2298.89 time, 2310.01 real, 4 MB, 30.05 load
[runlim] sample:		2308.84 time, 2320.01 real, 4 MB, 30.11 load
[runlim] sample:		2318.78 time, 2330.01 real, 4 MB, 30.10 load
[runlim] sample:		2328.73 time, 2340.01 real, 4 MB, 30.08 load
[runlim] sample:		2338.68 time, 2350.01 real, 4 MB, 30.07 load
[runlim] sample:		2348.63 time, 2360.01 real, 4 MB, 30.06 load
[runlim] sample:		2358.58 time, 2370.01 real, 4 MB, 30.05 load
[runlim] sample:		2368.53 time, 2380.01 real, 4 MB, 30.28 load
[runlim] sample:		2378.48 time, 2390.01 real, 4 MB, 30.24 load
[runlim] sample:		2388.43 time, 2400.01 real, 4 MB, 30.20 load
[runlim] sample:		2398.38 time, 2410.01 real, 4 MB, 30.17 load
[runlim] sample:		2408.33 time, 2420.01 real, 4 MB, 30.14 load
[runlim] sample:		2418.28 time, 2430.01 real, 4 MB, 30.12 load
[runlim] sample:		2428.23 time, 2440.01 real, 4 MB, 30.18 load
[runlim] sample:		2438.18 time, 2450.01 real, 4 MB, 30.15 load
[runlim] sample:		2448.12 time, 2460.01 real, 4 MB, 30.13 load
[runlim] sample:		2458.07 time, 2470.01 real, 4 MB, 30.11 load
[runlim] sample:		2468.02 time, 2480.01 real, 4 MB, 30.09 load
[runlim] sample:		2477.97 time, 2490.01 real, 4 MB, 30.08 load
[runlim] sample:		2487.92 time, 2500.01 real, 4 MB, 30.07 load
[runlim] sample:		2497.87 time, 2510.01 real, 4 MB, 30.06 load
[runlim] sample:		2507.82 time, 2520.01 real, 4 MB, 30.05 load
[runlim] sample:		2517.77 time, 2530.01 real, 4 MB, 30.04 load
[runlim] sample:		2527.72 time, 2540.01 real, 4 MB, 30.03 load
[runlim] sample:		2537.67 time, 2550.01 real, 4 MB, 30.03 load
[runlim] sample:		2547.62 time, 2560.01 real, 4 MB, 30.10 load
[runlim] sample:		2557.57 time, 2570.01 real, 4 MB, 30.08 load
[runlim] sample:		2567.52 time, 2580.01 real, 4 MB, 30.07 load
[runlim] sample:		2577.47 time, 2590.01 real, 4 MB, 30.06 load
[runlim] sample:		2587.42 time, 2600.01 real, 4 MB, 30.05 load
[runlim] sample:		2597.37 time, 2610.01 real, 4 MB, 30.04 load
[runlim] sample:		2607.31 time, 2620.01 real, 4 MB, 30.11 load
[runlim] sample:		2617.26 time, 2630.01 real, 4 MB, 30.16 load
[runlim] sample:		2627.21 time, 2640.01 real, 4 MB, 30.14 load
[runlim] sample:		2637.16 time, 2650.01 real, 4 MB, 30.12 load
[runlim] sample:		2647.11 time, 2660.01 real, 4 MB, 30.10 load
[runlim] sample:		2657.06 time, 2670.01 real, 4 MB, 30.08 load
[runlim] sample:		2667.01 time, 2680.01 real, 4 MB, 29.92 load
[runlim] sample:		2676.96 time, 2690.01 real, 4 MB, 29.77 load
[runlim] sample:		2686.91 time, 2700.01 real, 4 MB, 29.74 load
[runlim] sample:		2696.86 time, 2710.01 real, 4 MB, 29.62 load
[runlim] sample:		2706.81 time, 2720.01 real, 4 MB, 29.53 load
[runlim] sample:		2716.76 time, 2730.01 real, 4 MB, 29.44 load
[runlim] sample:		2726.71 time, 2740.01 real, 4 MB, 29.38 load
[runlim] sample:		2736.66 time, 2750.01 real, 4 MB, 29.39 load
[runlim] sample:		2746.60 time, 2760.01 real, 4 MB, 29.49 load
[runlim] sample:		2756.55 time, 2770.01 real, 4 MB, 29.41 load
[runlim] sample:		2766.50 time, 2780.01 real, 4 MB, 29.35 load
[runlim] sample:		2776.45 time, 2790.01 real, 4 MB, 29.30 load
[runlim] sample:		2786.40 time, 2800.01 real, 4 MB, 29.25 load
[runlim] sample:		2796.35 time, 2810.01 real, 4 MB, 29.21 load
[runlim] sample:		2806.30 time, 2820.01 real, 4 MB, 29.34 load
[runlim] sample:		2816.25 time, 2830.01 real, 4 MB, 29.29 load
[runlim] sample:		2826.20 time, 2840.01 real, 4 MB, 29.24 load
[runlim] sample:		2836.15 time, 2850.01 real, 4 MB, 29.20 load
[runlim] sample:		2846.10 time, 2860.01 real, 4 MB, 29.17 load
[runlim] sample:		2856.05 time, 2870.01 real, 4 MB, 29.15 load
[runlim] sample:		2865.99 time, 2880.01 real, 4 MB, 29.20 load
[runlim] sample:		2875.94 time, 2890.01 real, 4 MB, 29.25 load
[runlim] sample:		2885.89 time, 2900.01 real, 4 MB, 29.21 load
[runlim] sample:		2895.84 time, 2910.01 real, 4 MB, 29.17 load
[runlim] sample:		2905.80 time, 2920.01 real, 4 MB, 29.15 load
[runlim] sample:		2915.74 time, 2930.01 real, 4 MB, 29.42 load
[runlim] sample:		2925.69 time, 2940.01 real, 4 MB, 29.43 load
[runlim] sample:		2935.64 time, 2950.01 real, 4 MB, 29.37 load
[runlim] sample:		2945.59 time, 2960.01 real, 4 MB, 29.31 load
[runlim] sample:		2955.54 time, 2970.01 real, 4 MB, 29.26 load
[runlim] sample:		2965.49 time, 2980.01 real, 4 MB, 29.22 load
[runlim] sample:		2975.44 time, 2990.01 real, 4 MB, 29.19 load
[runlim] sample:		2985.39 time, 3000.01 real, 4 MB, 29.16 load
[runlim] sample:		2995.34 time, 3010.01 real, 4 MB, 29.13 load
[runlim] sample:		3005.29 time, 3020.01 real, 4 MB, 29.11 load
[runlim] sample:		3015.24 time, 3030.01 real, 4 MB, 29.09 load
[runlim] sample:		3025.19 time, 3040.01 real, 4 MB, 29.08 load
[runlim] sample:		3035.14 time, 3050.01 real, 4 MB, 29.07 load
[runlim] sample:		3045.09 time, 3060.01 real, 4 MB, 29.14 load
[runlim] sample:		3055.04 time, 3070.01 real, 4 MB, 29.12 load
[runlim] sample:		3064.99 time, 3080.01 real, 4 MB, 29.10 load
[runlim] sample:		3074.94 time, 3090.01 real, 4 MB, 29.08 load
[runlim] sample:		3084.89 time, 3100.01 real, 4 MB, 29.07 load
[runlim] sample:		3094.84 time, 3110.01 real, 4 MB, 29.06 load
[runlim] sample:		3104.79 time, 3120.01 real, 4 MB, 29.13 load
[runlim] sample:		3114.74 time, 3130.01 real, 4 MB, 29.11 load
[runlim] sample:		3124.69 time, 3140.01 real, 4 MB, 29.09 load
[runlim] sample:		3134.64 time, 3150.01 real, 4 MB, 29.08 load
[runlim] sample:		3144.59 time, 3160.01 real, 4 MB, 29.06 load
[runlim] sample:		3154.54 time, 3170.01 real, 4 MB, 29.05 load
[runlim] sample:		3164.49 time, 3180.01 real, 4 MB, 29.13 load
[runlim] sample:		3174.44 time, 3190.01 real, 4 MB, 29.11 load
[runlim] sample:		3184.39 time, 3200.01 real, 4 MB, 29.09 load
[runlim] sample:		3194.34 time, 3210.01 real, 4 MB, 29.15 load
[runlim] sample:		3204.29 time, 3220.01 real, 4 MB, 29.13 load
[runlim] sample:		3214.23 time, 3230.01 real, 4 MB, 29.11 load
[runlim] sample:		3224.18 time, 3240.01 real, 4 MB, 29.09 load
[runlim] sample:		3234.13 time, 3250.01 real, 4 MB, 29.08 load
[runlim] sample:		3244.08 time, 3260.01 real, 4 MB, 29.06 load
[runlim] sample:		3254.03 time, 3270.01 real, 4 MB, 29.05 load
[runlim] sample:		3263.98 time, 3280.01 real, 4 MB, 29.04 load
[runlim] sample:		3273.93 time, 3290.01 real, 4 MB, 29.04 load
[runlim] sample:		3283.88 time, 3300.01 real, 4 MB, 29.03 load
[runlim] sample:		3293.83 time, 3310.01 real, 4 MB, 29.18 load
[runlim] sample:		3303.78 time, 3320.01 real, 4 MB, 29.15 load
[runlim] sample:		3313.73 time, 3330.01 real, 4 MB, 29.13 load
[runlim] sample:		3323.68 time, 3340.01 real, 4 MB, 29.11 load
[runlim] sample:		3333.63 time, 3350.01 real, 4 MB, 29.09 load
[runlim] sample:		3343.58 time, 3360.01 real, 4 MB, 29.08 load
[runlim] sample:		3353.53 time, 3370.01 real, 4 MB, 29.06 load
[runlim] sample:		3363.48 time, 3380.01 real, 4 MB, 29.05 load
[runlim] sample:		3373.43 time, 3390.01 real, 4 MB, 29.05 load
[runlim] sample:		3383.37 time, 3400.01 real, 4 MB, 29.12 load
[runlim] sample:		3393.32 time, 3410.01 real, 4 MB, 29.10 load
[runlim] sample:		3403.27 time, 3420.01 real, 4 MB, 29.08 load
[runlim] sample:		3413.22 time, 3430.01 real, 4 MB, 29.07 load
[runlim] sample:		3423.17 time, 3440.01 real, 4 MB, 29.06 load
[runlim] sample:		3433.12 time, 3450.01 real, 4 MB, 29.05 load
[runlim] sample:		3443.07 time, 3460.01 real, 4 MB, 29.04 load
[runlim] sample:		3453.02 time, 3470.01 real, 4 MB, 29.04 load
[runlim] sample:		3462.96 time, 3480.01 real, 4 MB, 29.03 load
[runlim] sample:		3472.91 time, 3490.01 real, 4 MB, 29.02 load
[runlim] sample:		3482.86 time, 3500.01 real, 4 MB, 29.02 load
[runlim] sample:		3492.81 time, 3510.01 real, 4 MB, 29.02 load
[runlim] sample:		3502.76 time, 3520.01 real, 4 MB, 29.01 load
[runlim] sample:		3512.71 time, 3530.01 real, 4 MB, 29.08 load
[runlim] sample:		3522.66 time, 3540.01 real, 4 MB, 29.07 load
[runlim] sample:		3532.61 time, 3550.01 real, 4 MB, 29.06 load
[runlim] sample:		3542.56 time, 3560.01 real, 4 MB, 29.05 load
[runlim] sample:		3552.51 time, 3570.01 real, 4 MB, 29.04 load
[runlim] sample:		3562.46 time, 3580.01 real, 4 MB, 29.04 load
[runlim] sample:		3572.41 time, 3590.01 real, 4 MB, 29.03 load
[runlim] sample:		3582.35 time, 3600.01 real, 4 MB, 29.02 load
[runlim] sample:		3592.30 time, 3610.01 real, 4 MB, 29.09 load
[runlim] sample:		3602.25 time, 3620.01 real, 4 MB, 29.15 load
[runlim] sample:		3612.20 time, 3630.01 real, 4 MB, 29.13 load
[runlim] sample:		3622.15 time, 3640.01 real, 4 MB, 29.11 load
[runlim] sample:		3632.10 time, 3650.01 real, 4 MB, 29.09 load
[runlim] sample:		3642.05 time, 3660.01 real, 4 MB, 29.08 load
[runlim] sample:		3652.00 time, 3670.01 real, 4 MB, 29.14 load
[runlim] sample:		3661.95 time, 3680.01 real, 4 MB, 29.12 load
[runlim] sample:		3671.90 time, 3690.01 real, 4 MB, 29.10 load
[runlim] sample:		3681.85 time, 3700.01 real, 4 MB, 29.08 load
[runlim] sample:		3691.80 time, 3710.01 real, 4 MB, 29.07 load
[runlim] sample:		3701.74 time, 3720.01 real, 4 MB, 29.06 load
[runlim] sample:		3711.69 time, 3730.01 real, 4 MB, 29.12 load
[runlim] sample:		3721.64 time, 3740.01 real, 4 MB, 29.10 load
[runlim] sample:		3731.59 time, 3750.01 real, 4 MB, 29.09 load
[runlim] sample:		3741.54 time, 3760.01 real, 4 MB, 29.07 load
[runlim] sample:		3751.49 time, 3770.01 real, 4 MB, 29.06 load
[runlim] sample:		3761.43 time, 3780.01 real, 4 MB, 29.05 load
[runlim] sample:		3771.38 time, 3790.01 real, 4 MB, 29.04 load
[runlim] sample:		3781.33 time, 3800.01 real, 4 MB, 29.04 load
[runlim] sample:		3791.28 time, 3810.01 real, 4 MB, 29.03 load
[runlim] sample:		3801.23 time, 3820.01 real, 4 MB, 29.02 load
[runlim] sample:		3811.17 time, 3830.01 real, 4 MB, 29.02 load
[runlim] sample:		3821.12 time, 3840.01 real, 4 MB, 29.02 load
[runlim] sample:		3831.07 time, 3850.01 real, 4 MB, 29.01 load
[runlim] sample:		3841.02 time, 3860.01 real, 4 MB, 29.01 load
[runlim] sample:		3850.97 time, 3870.01 real, 4 MB, 29.01 load
[runlim] sample:		3860.91 time, 3880.01 real, 4 MB, 29.01 load
[runlim] sample:		3870.86 time, 3890.01 real, 4 MB, 29.01 load
[runlim] sample:		3880.81 time, 3900.01 real, 4 MB, 29.08 load
[runlim] sample:		3890.76 time, 3910.01 real, 4 MB, 29.07 load
[runlim] sample:		3900.70 time, 3920.01 real, 4 MB, 29.06 load
[runlim] sample:		3910.65 time, 3930.01 real, 4 MB, 29.05 load
[runlim] sample:		3920.60 time, 3940.01 real, 4 MB, 29.04 load
[runlim] sample:		3930.55 time, 3950.01 real, 4 MB, 29.04 load
[runlim] sample:		3940.50 time, 3960.01 real, 4 MB, 29.03 load
[runlim] sample:		3950.45 time, 3970.01 real, 4 MB, 29.02 load
[runlim] sample:		3960.39 time, 3980.01 real, 4 MB, 29.02 load
[runlim] sample:		3970.34 time, 3990.01 real, 4 MB, 29.17 load
[runlim] sample:		3980.29 time, 4000.01 real, 4 MB, 29.14 load
[runlim] sample:		3990.24 time, 4010.01 real, 4 MB, 29.12 load
[runlim] sample:		4000.19 time, 4020.01 real, 4 MB, 29.10 load
[runlim] sample:		4010.14 time, 4030.01 real, 4 MB, 29.09 load
[runlim] sample:		4020.09 time, 4040.01 real, 4 MB, 29.07 load
[runlim] sample:		4030.03 time, 4050.01 real, 4 MB, 29.14 load
[runlim] sample:		4039.98 time, 4060.01 real, 4 MB, 29.11 load
[runlim] sample:		4049.93 time, 4070.01 real, 4 MB, 29.10 load
[runlim] sample:		4059.88 time, 4080.01 real, 4 MB, 29.08 load
[runlim] sample:		4069.83 time, 4090.01 real, 4 MB, 29.07 load
[runlim] sample:		4079.78 time, 4100.01 real, 4 MB, 29.06 load
[runlim] sample:		4089.72 time, 4110.01 real, 4 MB, 29.27 load
[runlim] sample:		4099.67 time, 4120.01 real, 4 MB, 29.23 load
[runlim] sample:		4109.62 time, 4130.01 real, 4 MB, 29.34 load
[runlim] sample:		4119.57 time, 4140.01 real, 4 MB, 29.29 load
[runlim] sample:		4129.52 time, 4150.01 real, 4 MB, 29.24 load
[runlim] sample:		4139.47 time, 4160.01 real, 4 MB, 29.36 load
[runlim] sample:		4149.42 time, 4170.01 real, 4 MB, 29.38 load
[runlim] sample:		4159.37 time, 4180.01 real, 4 MB, 29.32 load
[runlim] sample:		4169.32 time, 4190.01 real, 4 MB, 29.27 load
[runlim] sample:		4179.27 time, 4200.01 real, 4 MB, 29.23 load
[runlim] sample:		4189.22 time, 4210.01 real, 4 MB, 29.19 load
[runlim] sample:		4199.16 time, 4220.01 real, 4 MB, 29.16 load
[runlim] sample:		4209.11 time, 4230.01 real, 4 MB, 29.21 load
[runlim] sample:		4219.06 time, 4240.01 real, 4 MB, 29.18 load
[runlim] sample:		4229.01 time, 4250.01 real, 4 MB, 29.15 load
[runlim] sample:		4238.96 time, 4260.01 real, 4 MB, 29.13 load
[runlim] sample:		4248.91 time, 4270.01 real, 4 MB, 29.11 load
[runlim] sample:		4258.86 time, 4280.01 real, 4 MB, 29.09 load
[runlim] sample:		4268.81 time, 4290.01 real, 4 MB, 29.08 load
[runlim] sample:		4278.76 time, 4300.01 real, 4 MB, 29.06 load
[runlim] sample:		4288.70 time, 4310.01 real, 4 MB, 29.13 load
[runlim] sample:		4298.65 time, 4320.01 real, 4 MB, 29.11 load
[runlim] sample:		4308.60 time, 4330.01 real, 4 MB, 29.09 load
[runlim] sample:		4318.55 time, 4340.01 real, 4 MB, 29.08 load
[runlim] sample:		4328.50 time, 4350.01 real, 4 MB, 29.06 load
[runlim] sample:		4338.45 time, 4360.01 real, 4 MB, 29.05 load
[runlim] sample:		4348.40 time, 4370.01 real, 4 MB, 29.12 load
[runlim] sample:		4358.35 time, 4380.01 real, 4 MB, 29.10 load
[runlim] sample:		4368.30 time, 4390.01 real, 4 MB, 29.08 load
[runlim] sample:		4378.25 time, 4400.01 real, 4 MB, 29.15 load
[runlim] sample:		4388.20 time, 4410.01 real, 4 MB, 29.13 load
[runlim] sample:		4398.15 time, 4420.01 real, 4 MB, 29.11 load
[runlim] sample:		4408.09 time, 4430.01 real, 4 MB, 29.25 load
[runlim] sample:		4418.04 time, 4440.01 real, 4 MB, 29.21 load
[runlim] sample:		4427.99 time, 4450.01 real, 4 MB, 29.17 load
[runlim] sample:		4437.94 time, 4460.01 real, 4 MB, 29.15 load
[runlim] sample:		4447.89 time, 4470.01 real, 4 MB, 29.12 load
[runlim] sample:		4457.84 time, 4480.01 real, 4 MB, 29.10 load
[runlim] sample:		4467.79 time, 4490.01 real, 4 MB, 29.09 load
[runlim] sample:		4477.74 time, 4500.01 real, 4 MB, 29.07 load
[runlim] sample:		4487.69 time, 4510.01 real, 4 MB, 29.14 load
[runlim] sample:		4497.64 time, 4520.01 real, 4 MB, 29.11 load
[runlim] sample:		4507.59 time, 4530.01 real, 4 MB, 29.10 load
[runlim] sample:		4517.54 time, 4540.01 real, 4 MB, 29.16 load
[runlim] sample:		4527.48 time, 4550.01 real, 4 MB, 29.13 load
[runlim] sample:		4537.43 time, 4560.01 real, 4 MB, 29.18 load
[runlim] sample:		4547.38 time, 4570.01 real, 4 MB, 29.23 load
[runlim] sample:		4557.33 time, 4580.01 real, 4 MB, 29.19 load
[runlim] sample:		4567.28 time, 4590.01 real, 4 MB, 29.16 load
[runlim] sample:		4577.23 time, 4600.01 real, 4 MB, 29.14 load
[runlim] sample:		4587.18 time, 4610.01 real, 4 MB, 29.12 load
[runlim] sample:		4597.12 time, 4620.01 real, 4 MB, 29.10 load
[runlim] sample:		4607.07 time, 4630.01 real, 4 MB, 29.16 load
[runlim] sample:		4617.02 time, 4640.01 real, 4 MB, 29.13 load
[runlim] sample:		4626.97 time, 4650.01 real, 4 MB, 29.19 load
[runlim] sample:		4636.92 time, 4660.01 real, 4 MB, 29.23 load
[runlim] sample:		4646.87 time, 4670.01 real, 4 MB, 29.19 load
[runlim] sample:		4656.82 time, 4680.01 real, 4 MB, 29.16 load
[runlim] sample:		4666.76 time, 4690.01 real, 4 MB, 29.21 load
[runlim] sample:		4676.71 time, 4700.01 real, 4 MB, 29.18 load
[runlim] sample:		4686.66 time, 4710.01 real, 4 MB, 29.15 load
[runlim] sample:		4696.61 time, 4720.01 real, 4 MB, 29.13 load
[runlim] sample:		4706.56 time, 4730.01 real, 4 MB, 29.11 load
[runlim] sample:		4716.51 time, 4740.01 real, 4 MB, 29.09 load
[runlim] sample:		4726.45 time, 4750.01 real, 4 MB, 29.15 load
[runlim] sample:		4736.40 time, 4760.01 real, 4 MB, 29.13 load
[runlim] sample:		4746.35 time, 4770.01 real, 4 MB, 29.11 load
[runlim] sample:		4756.30 time, 4780.01 real, 4 MB, 29.09 load
[runlim] sample:		4766.25 time, 4790.01 real, 4 MB, 29.08 load
[runlim] sample:		4776.20 time, 4800.01 real, 4 MB, 29.14 load
[runlim] sample:		4786.15 time, 4810.01 real, 4 MB, 29.12 load
[runlim] sample:		4796.10 time, 4820.01 real, 4 MB, 29.10 load
[runlim] sample:		4806.04 time, 4830.01 real, 4 MB, 29.09 load
[runlim] sample:		4815.99 time, 4840.01 real, 4 MB, 29.07 load
[runlim] sample:		4825.94 time, 4850.01 real, 4 MB, 29.06 load
[runlim] sample:		4835.89 time, 4860.01 real, 4 MB, 29.05 load
[runlim] sample:		4845.84 time, 4870.01 real, 4 MB, 29.12 load
[runlim] sample:		4855.79 time, 4880.01 real, 4 MB, 29.10 load
[runlim] sample:		4865.74 time, 4890.01 real, 4 MB, 29.09 load
[runlim] sample:		4875.69 time, 4900.01 real, 4 MB, 29.15 load
[runlim] sample:		4885.64 time, 4910.01 real, 4 MB, 29.13 load
[runlim] sample:		4895.59 time, 4920.01 real, 4 MB, 29.18 load
[runlim] sample:		4905.53 time, 4930.01 real, 4 MB, 29.23 load
[runlim] sample:		4915.48 time, 4940.01 real, 4 MB, 29.20 load
[runlim] sample:		4925.43 time, 4950.01 real, 4 MB, 29.17 load
[runlim] sample:		4935.38 time, 4960.01 real, 4 MB, 29.14 load
[runlim] sample:		4945.33 time, 4970.01 real, 4 MB, 29.12 load
[runlim] sample:		4955.28 time, 4980.01 real, 4 MB, 29.18 load
[runlim] sample:		4965.23 time, 4990.01 real, 4 MB, 29.31 load
[runlim] sample:		4975.18 time, 5000.01 real, 4 MB, 28.63 load
[runlim] end:			Thu Apr  9 21:45:37 2026
[runlim] status:		out of time
[runlim] result:		2
[runlim] children:		1
[runlim] processes:		2
[runlim] real:			5000.05 seconds
[runlim] time:			4975.18 seconds
[runlim] space:			4 MB
[runlim] load:			31.11 maximum
[runlim] samples:		50000
