[runlim] version:		2.0.0rc1
[runlim] host:			m03n16
[runlim] time limit:		311040000 seconds
[runlim] real time limit:	5000 seconds
[runlim] space limit:		7000 MB
[runlim] argv[0]:		./binary
[runlim] argv[1]:		-c
[runlim] argv[2]:		-s
[runlim] argv[3]:		-r
[runlim] argv[4]:		/tmp/local-unzipped-12158351-2-65-BMS_k3_n100_m429_79.cnf
[runlim] start:			Sat Mar 14 15:47:06 2026
[runlim] child:			2749291
[runlim] end:			Sat Mar 14 15:47:10 2026
[runlim] status:		ok
[runlim] result:		0
[runlim] children:		1
[runlim] processes:		2
[runlim] real:			4.39 seconds
[runlim] time:			4.28 seconds
[runlim] space:			4 MB
[runlim] load:			1.47 maximum
[runlim] samples:		43
