[runlim] version:		2.0.0rc1
[runlim] host:			p09n05
[runlim] time limit:		311040000 seconds
[runlim] real time limit:	5000 seconds
[runlim] space limit:		7000 MB
[runlim] argv[0]:		./binary
[runlim] argv[1]:		-c
[runlim] argv[2]:		-s
[runlim] argv[3]:		-r
[runlim] argv[4]:		/tmp/local-unzipped-12158351-4-236-BMS_k3_n100_m429_322.cnf
[runlim] start:			Sat Mar 14 16:11:22 2026
[runlim] child:			3713134
[runlim] sample:		9.96 time, 10.01 real, 3 MB, 2.80 load
[runlim] sample:		19.91 time, 20.01 real, 3 MB, 4.13 load
[runlim] sample:		29.87 time, 30.01 real, 3 MB, 5.18 load
[runlim] sample:		39.83 time, 40.01 real, 3 MB, 5.69 load
[runlim] sample:		49.79 time, 50.01 real, 3 MB, 5.81 load
[runlim] sample:		59.76 time, 60.01 real, 4 MB, 5.69 load
[runlim] sample:		69.73 time, 70.01 real, 4 MB, 5.50 load
[runlim] sample:		79.70 time, 80.01 real, 4 MB, 5.27 load
[runlim] sample:		89.67 time, 90.01 real, 4 MB, 5.07 load
[runlim] sample:		99.64 time, 100.01 real, 4 MB, 4.91 load
[runlim] sample:		109.60 time, 110.01 real, 4 MB, 4.77 load
[runlim] sample:		119.57 time, 120.01 real, 4 MB, 4.65 load
[runlim] sample:		129.54 time, 130.01 real, 4 MB, 4.55 load
[runlim] sample:		139.51 time, 140.01 real, 4 MB, 4.46 load
[runlim] sample:		149.48 time, 150.01 real, 4 MB, 4.39 load
[runlim] sample:		159.45 time, 160.01 real, 4 MB, 4.25 load
[runlim] sample:		169.42 time, 170.01 real, 4 MB, 4.06 load
[runlim] sample:		179.39 time, 180.01 real, 4 MB, 3.90 load
[runlim] sample:		189.36 time, 190.01 real, 4 MB, 3.68 load
[runlim] sample:		199.33 time, 200.01 real, 4 MB, 3.42 load
[runlim] sample:		209.30 time, 210.01 real, 4 MB, 3.20 load
[runlim] sample:		219.27 time, 220.01 real, 4 MB, 3.02 load
[runlim] sample:		229.24 time, 230.01 real, 4 MB, 2.86 load
[runlim] sample:		239.21 time, 240.01 real, 4 MB, 2.73 load
[runlim] sample:		249.18 time, 250.01 real, 4 MB, 2.61 load
[runlim] sample:		259.16 time, 260.01 real, 4 MB, 2.52 load
[runlim] sample:		269.12 time, 270.01 real, 4 MB, 2.44 load
[runlim] sample:		279.10 time, 280.01 real, 4 MB, 2.37 load
[runlim] sample:		289.07 time, 290.01 real, 4 MB, 2.31 load
[runlim] sample:		299.04 time, 300.01 real, 4 MB, 2.26 load
[runlim] sample:		309.01 time, 310.01 real, 4 MB, 2.22 load
[runlim] sample:		318.98 time, 320.01 real, 4 MB, 2.19 load
[runlim] sample:		328.95 time, 330.01 real, 4 MB, 2.16 load
[runlim] sample:		338.93 time, 340.01 real, 4 MB, 2.13 load
[runlim] sample:		348.90 time, 350.01 real, 4 MB, 2.11 load
[runlim] sample:		358.87 time, 360.01 real, 4 MB, 2.10 load
[runlim] sample:		368.84 time, 370.01 real, 4 MB, 2.15 load
[runlim] sample:		378.81 time, 380.01 real, 4 MB, 2.13 load
[runlim] sample:		388.79 time, 390.01 real, 4 MB, 2.11 load
[runlim] sample:		398.76 time, 400.01 real, 4 MB, 2.09 load
[runlim] sample:		408.73 time, 410.01 real, 4 MB, 2.08 load
[runlim] sample:		418.70 time, 420.01 real, 4 MB, 2.07 load
[runlim] sample:		428.67 time, 430.01 real, 4 MB, 2.14 load
[runlim] sample:		438.64 time, 440.01 real, 4 MB, 2.11 load
[runlim] sample:		448.61 time, 450.01 real, 4 MB, 2.10 load
[runlim] sample:		458.58 time, 460.01 real, 4 MB, 2.08 load
[runlim] sample:		468.55 time, 470.01 real, 4 MB, 2.22 load
[runlim] sample:		478.52 time, 480.01 real, 4 MB, 2.18 load
[runlim] sample:		488.49 time, 490.01 real, 4 MB, 2.15 load
[runlim] sample:		498.47 time, 500.01 real, 4 MB, 2.13 load
[runlim] sample:		508.44 time, 510.01 real, 4 MB, 2.11 load
[runlim] sample:		518.41 time, 520.01 real, 4 MB, 2.09 load
[runlim] sample:		528.38 time, 530.01 real, 4 MB, 2.08 load
[runlim] sample:		538.35 time, 540.01 real, 4 MB, 2.06 load
[runlim] sample:		548.33 time, 550.01 real, 4 MB, 2.05 load
[runlim] sample:		558.30 time, 560.01 real, 4 MB, 2.13 load
[runlim] sample:		568.27 time, 570.01 real, 4 MB, 2.33 load
[runlim] sample:		578.23 time, 580.01 real, 4 MB, 2.44 load
[runlim] sample:		588.20 time, 590.01 real, 4 MB, 2.52 load
[runlim] sample:		598.17 time, 600.01 real, 4 MB, 2.60 load
[runlim] sample:		608.14 time, 610.01 real, 4 MB, 2.73 load
[runlim] sample:		618.11 time, 620.01 real, 4 MB, 2.78 load
[runlim] sample:		628.08 time, 630.01 real, 4 MB, 2.81 load
[runlim] sample:		638.04 time, 640.01 real, 4 MB, 2.84 load
[runlim] sample:		648.01 time, 650.01 real, 4 MB, 2.87 load
[runlim] sample:		657.98 time, 660.01 real, 4 MB, 2.89 load
[runlim] sample:		667.95 time, 670.01 real, 4 MB, 2.82 load
[runlim] sample:		677.92 time, 680.01 real, 4 MB, 2.70 load
[runlim] sample:		687.89 time, 690.01 real, 4 MB, 2.59 load
[runlim] sample:		697.85 time, 700.01 real, 4 MB, 2.50 load
[runlim] sample:		707.82 time, 710.01 real, 4 MB, 2.42 load
[runlim] sample:		717.79 time, 720.01 real, 4 MB, 2.36 load
[runlim] sample:		727.76 time, 730.01 real, 4 MB, 2.30 load
[runlim] sample:		737.73 time, 740.01 real, 4 MB, 2.25 load
[runlim] sample:		747.70 time, 750.01 real, 4 MB, 2.21 load
[runlim] sample:		757.67 time, 760.01 real, 4 MB, 2.18 load
[runlim] sample:		767.63 time, 770.01 real, 4 MB, 2.23 load
[runlim] sample:		777.60 time, 780.01 real, 4 MB, 2.19 load
[runlim] sample:		787.57 time, 790.01 real, 4 MB, 2.16 load
[runlim] sample:		797.54 time, 800.01 real, 4 MB, 2.14 load
[runlim] sample:		807.51 time, 810.01 real, 4 MB, 2.11 load
[runlim] sample:		817.48 time, 820.01 real, 4 MB, 2.10 load
[runlim] sample:		827.45 time, 830.01 real, 4 MB, 2.08 load
[runlim] sample:		837.41 time, 840.01 real, 4 MB, 2.07 load
[runlim] sample:		847.38 time, 850.01 real, 4 MB, 2.06 load
[runlim] sample:		857.35 time, 860.01 real, 4 MB, 2.05 load
[runlim] sample:		867.32 time, 870.01 real, 4 MB, 2.04 load
[runlim] sample:		877.29 time, 880.01 real, 4 MB, 2.03 load
[runlim] sample:		887.26 time, 890.01 real, 4 MB, 2.10 load
[runlim] sample:		897.23 time, 900.01 real, 4 MB, 2.08 load
[runlim] sample:		907.19 time, 910.01 real, 4 MB, 2.07 load
[runlim] sample:		917.16 time, 920.01 real, 4 MB, 2.06 load
[runlim] sample:		927.13 time, 930.01 real, 4 MB, 2.05 load
[runlim] sample:		937.10 time, 940.01 real, 4 MB, 2.04 load
[runlim] sample:		947.07 time, 950.01 real, 4 MB, 2.04 load
[runlim] sample:		957.04 time, 960.01 real, 4 MB, 2.03 load
[runlim] sample:		967.01 time, 970.01 real, 4 MB, 2.10 load
[runlim] sample:		976.98 time, 980.01 real, 4 MB, 2.08 load
[runlim] sample:		986.94 time, 990.01 real, 4 MB, 2.07 load
[runlim] sample:		996.91 time, 1000.01 real, 4 MB, 2.06 load
[runlim] sample:		1006.88 time, 1010.01 real, 4 MB, 2.05 load
[runlim] sample:		1016.85 time, 1020.01 real, 4 MB, 2.04 load
[runlim] sample:		1026.82 time, 1030.01 real, 4 MB, 2.11 load
[runlim] sample:		1036.79 time, 1040.01 real, 4 MB, 2.09 load
[runlim] sample:		1046.76 time, 1050.01 real, 4 MB, 2.08 load
[runlim] sample:		1056.72 time, 1060.01 real, 4 MB, 2.06 load
[runlim] sample:		1066.69 time, 1070.01 real, 4 MB, 2.05 load
[runlim] sample:		1076.66 time, 1080.01 real, 4 MB, 2.05 load
[runlim] sample:		1086.63 time, 1090.01 real, 4 MB, 2.11 load
[runlim] sample:		1096.60 time, 1100.01 real, 4 MB, 2.09 load
[runlim] sample:		1106.57 time, 1110.01 real, 4 MB, 2.08 load
[runlim] sample:		1116.54 time, 1120.01 real, 4 MB, 2.07 load
[runlim] sample:		1126.51 time, 1130.01 real, 4 MB, 2.06 load
[runlim] sample:		1136.47 time, 1140.01 real, 4 MB, 2.05 load
[runlim] sample:		1146.44 time, 1150.01 real, 4 MB, 2.04 load
[runlim] sample:		1156.41 time, 1160.01 real, 4 MB, 2.03 load
[runlim] sample:		1166.38 time, 1170.01 real, 4 MB, 2.03 load
[runlim] sample:		1176.34 time, 1180.01 real, 4 MB, 2.02 load
[runlim] sample:		1186.31 time, 1190.01 real, 4 MB, 2.02 load
[runlim] sample:		1196.28 time, 1200.01 real, 4 MB, 2.02 load
[runlim] sample:		1206.25 time, 1210.01 real, 4 MB, 2.01 load
[runlim] sample:		1216.22 time, 1220.01 real, 4 MB, 2.01 load
[runlim] sample:		1226.19 time, 1230.01 real, 4 MB, 2.08 load
[runlim] sample:		1236.15 time, 1240.01 real, 4 MB, 2.07 load
[runlim] sample:		1246.12 time, 1250.01 real, 4 MB, 2.06 load
[runlim] sample:		1256.09 time, 1260.01 real, 4 MB, 2.05 load
[runlim] sample:		1266.06 time, 1270.01 real, 4 MB, 2.04 load
[runlim] sample:		1276.03 time, 1280.01 real, 4 MB, 2.03 load
[runlim] sample:		1286.00 time, 1290.01 real, 4 MB, 2.03 load
[runlim] sample:		1295.96 time, 1300.01 real, 4 MB, 2.02 load
[runlim] sample:		1305.93 time, 1310.01 real, 4 MB, 2.02 load
[runlim] sample:		1315.90 time, 1320.01 real, 4 MB, 2.02 load
[runlim] sample:		1325.87 time, 1330.01 real, 4 MB, 2.01 load
[runlim] sample:		1335.84 time, 1340.01 real, 4 MB, 2.01 load
[runlim] sample:		1345.81 time, 1350.01 real, 4 MB, 2.01 load
[runlim] sample:		1355.78 time, 1360.01 real, 4 MB, 2.01 load
[runlim] sample:		1365.75 time, 1370.01 real, 4 MB, 2.08 load
[runlim] sample:		1375.71 time, 1380.01 real, 4 MB, 2.07 load
[runlim] sample:		1385.68 time, 1390.01 real, 4 MB, 2.06 load
[runlim] sample:		1395.65 time, 1400.01 real, 4 MB, 2.05 load
[runlim] sample:		1405.62 time, 1410.01 real, 4 MB, 2.04 load
[runlim] sample:		1415.59 time, 1420.01 real, 4 MB, 2.03 load
[runlim] sample:		1425.56 time, 1430.01 real, 4 MB, 2.10 load
[runlim] sample:		1435.53 time, 1440.01 real, 4 MB, 2.08 load
[runlim] sample:		1445.50 time, 1450.01 real, 4 MB, 2.07 load
[runlim] sample:		1455.47 time, 1460.01 real, 4 MB, 2.06 load
[runlim] sample:		1465.43 time, 1470.01 real, 4 MB, 2.05 load
[runlim] sample:		1475.40 time, 1480.01 real, 4 MB, 2.04 load
[runlim] sample:		1485.37 time, 1490.01 real, 4 MB, 2.11 load
[runlim] sample:		1495.34 time, 1500.01 real, 4 MB, 2.09 load
[runlim] sample:		1505.31 time, 1510.01 real, 4 MB, 2.08 load
[runlim] sample:		1515.28 time, 1520.01 real, 4 MB, 2.07 load
[runlim] sample:		1525.25 time, 1530.01 real, 4 MB, 2.06 load
[runlim] sample:		1535.22 time, 1540.01 real, 4 MB, 2.05 load
[runlim] sample:		1545.19 time, 1550.01 real, 4 MB, 2.04 load
[runlim] sample:		1555.15 time, 1560.01 real, 4 MB, 2.03 load
[runlim] sample:		1565.12 time, 1570.01 real, 4 MB, 2.10 load
[runlim] sample:		1575.09 time, 1580.01 real, 4 MB, 2.08 load
[runlim] sample:		1585.06 time, 1590.01 real, 4 MB, 2.07 load
[runlim] sample:		1595.03 time, 1600.01 real, 4 MB, 2.06 load
[runlim] sample:		1605.00 time, 1610.01 real, 4 MB, 2.05 load
[runlim] sample:		1614.97 time, 1620.01 real, 4 MB, 2.04 load
[runlim] sample:		1624.94 time, 1630.01 real, 4 MB, 2.18 load
[runlim] sample:		1634.90 time, 1640.01 real, 4 MB, 2.15 load
[runlim] sample:		1644.87 time, 1650.01 real, 4 MB, 2.13 load
[runlim] sample:		1654.84 time, 1660.01 real, 4 MB, 2.11 load
[runlim] sample:		1664.81 time, 1670.01 real, 4 MB, 2.09 load
[runlim] sample:		1674.78 time, 1680.01 real, 4 MB, 2.08 load
[runlim] sample:		1684.75 time, 1690.01 real, 4 MB, 2.14 load
[runlim] sample:		1694.72 time, 1700.01 real, 4 MB, 2.12 load
[runlim] sample:		1704.69 time, 1710.01 real, 4 MB, 2.10 load
[runlim] sample:		1714.65 time, 1720.01 real, 4 MB, 2.08 load
[runlim] sample:		1724.62 time, 1730.01 real, 4 MB, 2.15 load
[runlim] sample:		1734.59 time, 1740.01 real, 4 MB, 2.13 load
[runlim] sample:		1744.56 time, 1750.01 real, 4 MB, 2.11 load
[runlim] sample:		1754.53 time, 1760.01 real, 4 MB, 2.09 load
[runlim] sample:		1764.50 time, 1770.01 real, 4 MB, 2.08 load
[runlim] sample:		1774.47 time, 1780.01 real, 4 MB, 2.06 load
[runlim] sample:		1784.43 time, 1790.01 real, 4 MB, 2.05 load
[runlim] sample:		1794.40 time, 1800.01 real, 4 MB, 2.04 load
[runlim] sample:		1804.37 time, 1810.01 real, 4 MB, 2.04 load
[runlim] sample:		1814.34 time, 1820.01 real, 4 MB, 2.03 load
[runlim] sample:		1824.31 time, 1830.01 real, 4 MB, 2.03 load
[runlim] sample:		1834.28 time, 1840.01 real, 4 MB, 2.02 load
[runlim] sample:		1844.25 time, 1850.01 real, 4 MB, 2.02 load
[runlim] sample:		1854.22 time, 1860.01 real, 4 MB, 2.01 load
[runlim] sample:		1864.18 time, 1870.01 real, 4 MB, 2.01 load
[runlim] sample:		1874.15 time, 1880.01 real, 4 MB, 2.01 load
[runlim] sample:		1884.12 time, 1890.01 real, 4 MB, 2.01 load
[runlim] sample:		1894.09 time, 1900.01 real, 4 MB, 2.01 load
[runlim] sample:		1904.06 time, 1910.01 real, 4 MB, 2.15 load
[runlim] sample:		1914.03 time, 1920.01 real, 4 MB, 2.28 load
[runlim] sample:		1924.00 time, 1930.01 real, 4 MB, 2.23 load
[runlim] sample:		1933.97 time, 1940.01 real, 4 MB, 2.20 load
[runlim] sample:		1943.94 time, 1950.01 real, 4 MB, 2.17 load
[runlim] sample:		1953.90 time, 1960.01 real, 4 MB, 2.14 load
[runlim] sample:		1963.87 time, 1970.01 real, 4 MB, 2.12 load
[runlim] sample:		1973.84 time, 1980.01 real, 4 MB, 2.10 load
[runlim] sample:		1983.81 time, 1990.01 real, 4 MB, 2.08 load
[runlim] sample:		1993.78 time, 2000.01 real, 4 MB, 2.07 load
[runlim] sample:		2003.75 time, 2010.01 real, 4 MB, 2.13 load
[runlim] sample:		2013.72 time, 2020.01 real, 4 MB, 2.11 load
[runlim] sample:		2023.68 time, 2030.01 real, 4 MB, 2.17 load
[runlim] sample:		2033.65 time, 2040.01 real, 4 MB, 2.14 load
[runlim] sample:		2043.62 time, 2050.01 real, 4 MB, 2.12 load
[runlim] sample:		2053.59 time, 2060.01 real, 4 MB, 2.10 load
[runlim] sample:		2063.56 time, 2070.01 real, 4 MB, 2.08 load
[runlim] end:			Sat Mar 14 16:46:00 2026
[runlim] status:		ok
[runlim] result:		0
[runlim] children:		1
[runlim] processes:		2
[runlim] real:			2077.99 seconds
[runlim] time:			2071.43 seconds
[runlim] space:			4 MB
[runlim] load:			5.81 maximum
[runlim] samples:		20779
