[runlim] version:		2.0.0rc1
[runlim] host:			p06n20
[runlim] time limit:		311040000 seconds
[runlim] real time limit:	5000 seconds
[runlim] space limit:		7000 MB
[runlim] argv[0]:		./binary
[runlim] argv[1]:		-c
[runlim] argv[2]:		-s
[runlim] argv[3]:		-r
[runlim] argv[4]:		/tmp/local-unzipped-12158351-5-318-BMS_k3_n100_m429_22.cnf
[runlim] start:			Sat Mar 14 16:17:43 2026
[runlim] child:			2018728
[runlim] sample:		9.96 time, 10.01 real, 4 MB, 3.48 load
[runlim] sample:		19.93 time, 20.01 real, 4 MB, 3.56 load
[runlim] sample:		29.89 time, 30.01 real, 4 MB, 3.63 load
[runlim] sample:		39.86 time, 40.01 real, 4 MB, 3.77 load
[runlim] sample:		49.82 time, 50.01 real, 4 MB, 3.80 load
[runlim] end:			Sat Mar 14 16:18:34 2026
[runlim] status:		ok
[runlim] result:		0
[runlim] children:		1
[runlim] processes:		2
[runlim] real:			50.42 seconds
[runlim] time:			50.22 seconds
[runlim] space:			4 MB
[runlim] load:			3.80 maximum
[runlim] samples:		504
