[runlim] version:		2.0.0rc1
[runlim] host:			p06n20
[runlim] time limit:		311040000 seconds
[runlim] real time limit:	5000 seconds
[runlim] space limit:		7000 MB
[runlim] argv[0]:		./binary
[runlim] argv[1]:		-c
[runlim] argv[2]:		-s
[runlim] argv[3]:		-r
[runlim] argv[4]:		/tmp/local-unzipped-12158351-5-285-BMS_k3_n100_m429_308.cnf
[runlim] start:			Sat Mar 14 16:17:10 2026
[runlim] child:			2017462
[runlim] sample:		9.96 time, 10.01 real, 3 MB, 2.09 load
[runlim] sample:		19.91 time, 20.01 real, 3 MB, 2.61 load
[runlim] sample:		29.86 time, 30.01 real, 3 MB, 3.06 load
[runlim] sample:		39.81 time, 40.01 real, 3 MB, 3.43 load
[runlim] sample:		49.76 time, 50.01 real, 3 MB, 3.52 load
[runlim] sample:		59.71 time, 60.01 real, 3 MB, 3.59 load
[runlim] sample:		69.67 time, 70.01 real, 3 MB, 3.66 load
[runlim] sample:		79.62 time, 80.01 real, 3 MB, 3.78 load
[runlim] sample:		89.57 time, 90.01 real, 3 MB, 3.74 load
[runlim] sample:		99.53 time, 100.01 real, 3 MB, 3.62 load
[runlim] sample:		109.49 time, 110.01 real, 3 MB, 3.53 load
[runlim] sample:		119.44 time, 120.01 real, 3 MB, 3.45 load
[runlim] sample:		129.40 time, 130.01 real, 3 MB, 3.38 load
[runlim] sample:		139.35 time, 140.01 real, 3 MB, 3.39 load
[runlim] sample:		149.31 time, 150.01 real, 3 MB, 3.33 load
[runlim] sample:		159.27 time, 160.01 real, 3 MB, 3.28 load
[runlim] sample:		169.22 time, 170.01 real, 3 MB, 3.24 load
[runlim] sample:		179.18 time, 180.01 real, 3 MB, 3.20 load
[runlim] sample:		189.14 time, 190.01 real, 3 MB, 3.17 load
[runlim] sample:		199.09 time, 200.01 real, 3 MB, 3.14 load
[runlim] sample:		209.04 time, 210.01 real, 4 MB, 3.12 load
[runlim] sample:		218.99 time, 220.01 real, 4 MB, 3.18 load
[runlim] sample:		228.94 time, 230.01 real, 4 MB, 3.15 load
[runlim] sample:		238.89 time, 240.01 real, 4 MB, 3.12 load
[runlim] sample:		248.84 time, 250.01 real, 4 MB, 3.10 load
[runlim] sample:		258.79 time, 260.01 real, 4 MB, 3.09 load
[runlim] sample:		268.74 time, 270.01 real, 4 MB, 3.07 load
[runlim] sample:		278.69 time, 280.01 real, 4 MB, 3.14 load
[runlim] sample:		288.64 time, 290.01 real, 4 MB, 3.11 load
[runlim] sample:		298.59 time, 300.01 real, 4 MB, 3.10 load
[runlim] sample:		308.54 time, 310.01 real, 4 MB, 3.08 load
[runlim] sample:		318.48 time, 320.01 real, 4 MB, 3.07 load
[runlim] sample:		328.44 time, 330.01 real, 4 MB, 3.06 load
[runlim] sample:		338.39 time, 340.01 real, 4 MB, 3.12 load
[runlim] sample:		348.34 time, 350.01 real, 4 MB, 3.10 load
[runlim] sample:		358.29 time, 360.01 real, 4 MB, 3.09 load
[runlim] sample:		368.24 time, 370.01 real, 4 MB, 3.07 load
[runlim] sample:		378.19 time, 380.01 real, 4 MB, 3.06 load
[runlim] sample:		388.14 time, 390.01 real, 4 MB, 3.05 load
[runlim] sample:		398.09 time, 400.01 real, 4 MB, 3.04 load
[runlim] sample:		408.04 time, 410.01 real, 4 MB, 3.04 load
[runlim] sample:		417.99 time, 420.01 real, 4 MB, 3.03 load
[runlim] sample:		427.94 time, 430.01 real, 4 MB, 3.02 load
[runlim] sample:		437.89 time, 440.01 real, 4 MB, 3.02 load
[runlim] sample:		447.84 time, 450.01 real, 4 MB, 3.02 load
[runlim] sample:		457.79 time, 460.01 real, 4 MB, 3.01 load
[runlim] sample:		467.74 time, 470.01 real, 4 MB, 3.01 load
[runlim] sample:		477.69 time, 480.01 real, 4 MB, 3.01 load
[runlim] sample:		487.63 time, 490.01 real, 4 MB, 3.01 load
[runlim] sample:		497.59 time, 500.01 real, 4 MB, 3.01 load
[runlim] sample:		507.54 time, 510.01 real, 4 MB, 3.00 load
[runlim] sample:		517.49 time, 520.01 real, 4 MB, 3.00 load
[runlim] sample:		527.44 time, 530.01 real, 4 MB, 3.00 load
[runlim] sample:		537.39 time, 540.01 real, 4 MB, 3.00 load
[runlim] sample:		547.33 time, 550.01 real, 4 MB, 3.00 load
[runlim] sample:		557.28 time, 560.01 real, 4 MB, 3.00 load
[runlim] sample:		567.24 time, 570.01 real, 4 MB, 3.00 load
[runlim] sample:		577.19 time, 580.01 real, 4 MB, 3.00 load
[runlim] sample:		587.14 time, 590.01 real, 4 MB, 3.00 load
[runlim] sample:		597.09 time, 600.01 real, 4 MB, 3.00 load
[runlim] sample:		607.04 time, 610.01 real, 4 MB, 3.00 load
[runlim] sample:		616.98 time, 620.01 real, 4 MB, 3.07 load
[runlim] sample:		626.93 time, 630.01 real, 4 MB, 3.06 load
[runlim] sample:		636.88 time, 640.01 real, 4 MB, 3.05 load
[runlim] sample:		646.84 time, 650.01 real, 4 MB, 3.04 load
[runlim] sample:		656.79 time, 660.01 real, 4 MB, 3.04 load
[runlim] sample:		666.74 time, 670.01 real, 4 MB, 3.03 load
[runlim] sample:		676.68 time, 680.01 real, 4 MB, 3.10 load
[runlim] sample:		686.63 time, 690.01 real, 4 MB, 3.08 load
[runlim] sample:		696.58 time, 700.01 real, 4 MB, 3.07 load
[runlim] sample:		706.53 time, 710.01 real, 4 MB, 3.06 load
[runlim] sample:		716.48 time, 720.01 real, 4 MB, 3.05 load
[runlim] sample:		726.43 time, 730.01 real, 4 MB, 3.04 load
[runlim] sample:		736.38 time, 740.01 real, 4 MB, 3.11 load
[runlim] sample:		746.33 time, 750.01 real, 4 MB, 3.09 load
[runlim] sample:		756.28 time, 760.01 real, 4 MB, 3.08 load
[runlim] sample:		766.23 time, 770.01 real, 4 MB, 3.06 load
[runlim] sample:		776.18 time, 780.01 real, 4 MB, 3.05 load
[runlim] sample:		786.13 time, 790.01 real, 4 MB, 3.05 load
[runlim] sample:		796.08 time, 800.01 real, 4 MB, 3.04 load
[runlim] sample:		806.03 time, 810.01 real, 4 MB, 3.03 load
[runlim] sample:		815.98 time, 820.01 real, 4 MB, 3.03 load
[runlim] sample:		825.93 time, 830.01 real, 4 MB, 3.02 load
[runlim] sample:		835.88 time, 840.01 real, 4 MB, 3.02 load
[runlim] sample:		845.83 time, 850.01 real, 4 MB, 3.02 load
[runlim] sample:		855.78 time, 860.01 real, 4 MB, 3.01 load
[runlim] sample:		865.73 time, 870.01 real, 4 MB, 3.01 load
[runlim] sample:		875.68 time, 880.01 real, 4 MB, 3.01 load
[runlim] sample:		885.63 time, 890.01 real, 4 MB, 3.01 load
[runlim] sample:		895.59 time, 900.01 real, 4 MB, 3.00 load
[runlim] sample:		905.54 time, 910.01 real, 4 MB, 3.00 load
[runlim] sample:		915.48 time, 920.01 real, 4 MB, 3.00 load
[runlim] sample:		925.43 time, 930.01 real, 4 MB, 3.00 load
[runlim] sample:		935.38 time, 940.01 real, 4 MB, 3.08 load
[runlim] sample:		945.33 time, 950.01 real, 4 MB, 3.07 load
[runlim] sample:		955.28 time, 960.01 real, 4 MB, 3.06 load
[runlim] sample:		965.24 time, 970.01 real, 4 MB, 3.05 load
[runlim] sample:		975.18 time, 980.01 real, 4 MB, 3.04 load
[runlim] sample:		985.13 time, 990.01 real, 4 MB, 3.03 load
[runlim] sample:		995.08 time, 1000.01 real, 4 MB, 3.03 load
[runlim] sample:		1005.03 time, 1010.01 real, 4 MB, 3.02 load
[runlim] sample:		1014.98 time, 1020.01 real, 4 MB, 3.02 load
[runlim] sample:		1024.93 time, 1030.01 real, 4 MB, 3.02 load
[runlim] sample:		1034.89 time, 1040.01 real, 4 MB, 3.01 load
[runlim] sample:		1044.84 time, 1050.01 real, 4 MB, 3.01 load
[runlim] sample:		1054.79 time, 1060.01 real, 4 MB, 3.01 load
[runlim] sample:		1064.74 time, 1070.01 real, 4 MB, 3.01 load
[runlim] sample:		1074.69 time, 1080.01 real, 4 MB, 3.08 load
[runlim] sample:		1084.64 time, 1090.01 real, 4 MB, 3.07 load
[runlim] sample:		1094.59 time, 1100.01 real, 4 MB, 3.06 load
[runlim] sample:		1104.54 time, 1110.01 real, 4 MB, 3.05 load
[runlim] sample:		1114.49 time, 1120.01 real, 4 MB, 3.04 load
[runlim] sample:		1124.44 time, 1130.01 real, 4 MB, 3.03 load
[runlim] sample:		1134.39 time, 1140.01 real, 4 MB, 3.10 load
[runlim] sample:		1144.34 time, 1150.01 real, 4 MB, 3.08 load
[runlim] sample:		1154.29 time, 1160.01 real, 4 MB, 3.07 load
[runlim] sample:		1164.24 time, 1170.01 real, 4 MB, 3.06 load
[runlim] sample:		1174.19 time, 1180.01 real, 4 MB, 3.05 load
[runlim] sample:		1184.14 time, 1190.01 real, 4 MB, 3.04 load
[runlim] sample:		1194.09 time, 1200.01 real, 4 MB, 3.04 load
[runlim] sample:		1204.04 time, 1210.01 real, 4 MB, 3.03 load
[runlim] sample:		1214.00 time, 1220.01 real, 4 MB, 3.17 load
[runlim] sample:		1223.95 time, 1230.01 real, 4 MB, 3.15 load
[runlim] end:			Sat Mar 14 16:37:42 2026
[runlim] status:		ok
[runlim] result:		0
[runlim] children:		1
[runlim] processes:		2
[runlim] real:			1231.73 seconds
[runlim] time:			1225.64 seconds
[runlim] space:			4 MB
[runlim] load:			3.80 maximum
[runlim] samples:		12317
