[runlim] version:		2.0.0rc1
[runlim] host:			p09n05
[runlim] time limit:		311040000 seconds
[runlim] real time limit:	5000 seconds
[runlim] space limit:		7000 MB
[runlim] argv[0]:		./binary
[runlim] argv[1]:		-c
[runlim] argv[2]:		-s
[runlim] argv[3]:		-r
[runlim] argv[4]:		/tmp/local-unzipped-12158351-4-194-BMS_k3_n100_m429_341.cnf
[runlim] start:			Sat Mar 14 16:10:40 2026
[runlim] child:			3711401
[runlim] end:			Sat Mar 14 16:10:42 2026
[runlim] status:		ok
[runlim] result:		0
[runlim] children:		1
[runlim] processes:		2
[runlim] real:			2.08 seconds
[runlim] time:			2.00 seconds
[runlim] space:			3 MB
[runlim] load:			1.02 maximum
[runlim] samples:		20
