[runlim] version:		2.0.0rc1
[runlim] host:			m01n14
[runlim] time limit:		311040000 seconds
[runlim] real time limit:	5000 seconds
[runlim] space limit:		7000 MB
[runlim] argv[0]:		./binary
[runlim] argv[1]:		-c
[runlim] argv[2]:		-s
[runlim] argv[3]:		-r
[runlim] argv[4]:		/tmp/local-unzipped-12158351-3-145-BMS_k3_n100_m429_406.cnf
[runlim] start:			Sat Mar 14 15:49:34 2026
[runlim] child:			558666
[runlim] end:			Sat Mar 14 15:49:34 2026
[runlim] status:		ok
[runlim] result:		0
[runlim] children:		1
[runlim] processes:		2
[runlim] real:			0.14 seconds
[runlim] time:			0.10 seconds
[runlim] space:			4 MB
[runlim] load:			1.02 maximum
[runlim] samples:		1
