[runlim] version:		2.0.0rc1
[runlim] host:			o02n01
[runlim] time limit:		311040000 seconds
[runlim] real time limit:	5000 seconds
[runlim] space limit:		7000 MB
[runlim] argv[0]:		./binary
[runlim] argv[1]:		-c
[runlim] argv[2]:		-f
[runlim] argv[3]:		-r
[runlim] argv[4]:		/tmp/local-unzipped-12459994-1-26-mc2025_track1_115.cnf
[runlim] start:			Thu Apr  9 20:22:29 2026
[runlim] child:			2378447
[runlim] sample:		9.96 time, 10.01 real, 45 MB, 8.32 load
[runlim] sample:		19.91 time, 20.01 real, 45 MB, 13.13 load
[runlim] sample:		29.85 time, 30.01 real, 45 MB, 18.74 load
[runlim] sample:		39.79 time, 40.01 real, 44 MB, 24.87 load
[runlim] sample:		49.73 time, 50.01 real, 44 MB, 30.88 load
[runlim] sample:		59.63 time, 60.01 real, 51 MB, 36.19 load
[runlim] sample:		69.56 time, 70.01 real, 51 MB, 40.54 load
[runlim] sample:		79.49 time, 80.01 real, 51 MB, 43.92 load
[runlim] sample:		89.44 time, 90.01 real, 45 MB, 46.78 load
[runlim] sample:		99.39 time, 100.01 real, 45 MB, 48.97 load
[runlim] sample:		109.33 time, 110.01 real, 45 MB, 50.90 load
[runlim] sample:		119.28 time, 120.01 real, 45 MB, 52.45 load
[runlim] sample:		129.22 time, 130.01 real, 51 MB, 53.92 load
[runlim] sample:		139.17 time, 140.01 real, 51 MB, 55.01 load
[runlim] sample:		149.12 time, 150.01 real, 45 MB, 55.93 load
[runlim] sample:		159.07 time, 160.01 real, 45 MB, 56.71 load
[runlim] sample:		169.02 time, 170.01 real, 45 MB, 57.29 load
[runlim] sample:		178.97 time, 180.01 real, 45 MB, 57.63 load
[runlim] sample:		188.92 time, 190.01 real, 51 MB, 57.84 load
[runlim] sample:		198.87 time, 200.01 real, 51 MB, 58.02 load
[runlim] sample:		208.82 time, 210.01 real, 51 MB, 58.17 load
[runlim] sample:		218.76 time, 220.01 real, 51 MB, 58.30 load
[runlim] sample:		228.71 time, 230.01 real, 51 MB, 58.41 load
[runlim] sample:		238.67 time, 240.01 real, 45 MB, 58.58 load
[runlim] sample:		248.62 time, 250.01 real, 45 MB, 58.64 load
[runlim] sample:		258.57 time, 260.01 real, 45 MB, 58.78 load
[runlim] sample:		268.52 time, 270.01 real, 45 MB, 58.81 load
[runlim] sample:		278.48 time, 280.01 real, 53 MB, 58.92 load
[runlim] sample:		288.43 time, 290.01 real, 53 MB, 58.94 load
[runlim] sample:		298.38 time, 300.01 real, 53 MB, 58.95 load
[runlim] sample:		308.33 time, 310.01 real, 53 MB, 58.95 load
[runlim] sample:		318.29 time, 320.01 real, 46 MB, 58.96 load
[runlim] sample:		328.24 time, 330.01 real, 46 MB, 58.97 load
[runlim] sample:		338.19 time, 340.01 real, 46 MB, 59.13 load
[runlim] sample:		348.14 time, 350.01 real, 46 MB, 59.11 load
[runlim] sample:		358.08 time, 360.01 real, 46 MB, 59.25 load
[runlim] sample:		368.03 time, 370.01 real, 54 MB, 59.21 load
[runlim] sample:		377.98 time, 380.01 real, 54 MB, 59.18 load
[runlim] sample:		387.93 time, 390.01 real, 54 MB, 59.15 load
[runlim] sample:		397.87 time, 400.01 real, 54 MB, 59.36 load
[runlim] sample:		407.82 time, 410.01 real, 54 MB, 59.45 load
[runlim] sample:		417.77 time, 420.01 real, 54 MB, 59.38 load
[runlim] sample:		427.72 time, 430.01 real, 54 MB, 59.32 load
[runlim] sample:		437.66 time, 440.01 real, 54 MB, 59.35 load
[runlim] sample:		447.61 time, 450.01 real, 54 MB, 59.30 load
[runlim] sample:		457.56 time, 460.01 real, 54 MB, 59.31 load
[runlim] sample:		467.51 time, 470.01 real, 54 MB, 58.96 load
[runlim] sample:		477.46 time, 480.01 real, 54 MB, 59.06 load
[runlim] sample:		487.41 time, 490.01 real, 54 MB, 58.66 load
[runlim] sample:		497.35 time, 500.01 real, 54 MB, 58.40 load
[runlim] sample:		507.30 time, 510.01 real, 54 MB, 58.03 load
[runlim] sample:		517.25 time, 520.01 real, 54 MB, 57.87 load
[runlim] sample:		527.20 time, 530.01 real, 54 MB, 57.58 load
[runlim] sample:		537.15 time, 540.01 real, 52 MB, 57.42 load
[runlim] sample:		547.10 time, 550.01 real, 52 MB, 57.20 load
[runlim] sample:		557.05 time, 560.01 real, 52 MB, 57.01 load
[runlim] sample:		567.00 time, 570.01 real, 52 MB, 56.86 load
[runlim] sample:		576.94 time, 580.01 real, 52 MB, 56.81 load
[runlim] sample:		586.89 time, 590.01 real, 52 MB, 56.68 load
[runlim] sample:		596.84 time, 600.01 real, 52 MB, 56.58 load
[runlim] sample:		606.79 time, 610.01 real, 59 MB, 56.57 load
[runlim] sample:		616.74 time, 620.01 real, 59 MB, 56.48 load
[runlim] sample:		626.69 time, 630.01 real, 59 MB, 56.41 load
[runlim] sample:		636.64 time, 640.01 real, 59 MB, 56.42 load
[runlim] sample:		646.58 time, 650.01 real, 59 MB, 56.36 load
[runlim] sample:		656.53 time, 660.01 real, 59 MB, 56.38 load
[runlim] sample:		666.48 time, 670.01 real, 59 MB, 56.32 load
[runlim] sample:		676.43 time, 680.01 real, 59 MB, 56.27 load
[runlim] sample:		686.38 time, 690.01 real, 59 MB, 56.31 load
[runlim] sample:		696.33 time, 700.01 real, 59 MB, 56.33 load
[runlim] sample:		706.28 time, 710.01 real, 59 MB, 56.36 load
[runlim] sample:		716.22 time, 720.01 real, 59 MB, 56.30 load
[runlim] sample:		726.17 time, 730.01 real, 59 MB, 56.26 load
[runlim] sample:		736.12 time, 740.01 real, 59 MB, 56.38 load
[runlim] sample:		746.07 time, 750.01 real, 59 MB, 56.32 load
[runlim] sample:		756.03 time, 760.01 real, 59 MB, 56.27 load
[runlim] sample:		765.97 time, 770.01 real, 59 MB, 56.23 load
[runlim] sample:		775.92 time, 780.01 real, 59 MB, 56.19 load
[runlim] sample:		785.87 time, 790.01 real, 59 MB, 56.16 load
[runlim] sample:		795.82 time, 800.01 real, 59 MB, 56.14 load
[runlim] sample:		805.77 time, 810.01 real, 59 MB, 56.12 load
[runlim] sample:		815.72 time, 820.01 real, 59 MB, 56.10 load
[runlim] sample:		825.67 time, 830.01 real, 59 MB, 56.08 load
[runlim] sample:		835.61 time, 840.01 real, 59 MB, 56.07 load
[runlim] sample:		845.56 time, 850.01 real, 59 MB, 56.06 load
[runlim] sample:		855.51 time, 860.01 real, 59 MB, 56.05 load
[runlim] sample:		865.46 time, 870.01 real, 59 MB, 56.04 load
[runlim] sample:		875.41 time, 880.01 real, 59 MB, 56.11 load
[runlim] sample:		885.36 time, 890.01 real, 59 MB, 56.10 load
[runlim] sample:		895.31 time, 900.01 real, 59 MB, 56.24 load
[runlim] sample:		905.26 time, 910.01 real, 59 MB, 56.20 load
[runlim] sample:		915.21 time, 920.01 real, 59 MB, 56.25 load
[runlim] sample:		925.16 time, 930.01 real, 59 MB, 56.21 load
[runlim] sample:		935.09 time, 940.01 real, 59 MB, 56.25 load
[runlim] sample:		945.02 time, 950.01 real, 60 MB, 56.21 load
[runlim] sample:		954.97 time, 960.01 real, 61 MB, 56.34 load
[runlim] sample:		964.90 time, 970.01 real, 61 MB, 56.29 load
[runlim] sample:		974.85 time, 980.01 real, 61 MB, 56.32 load
[runlim] sample:		984.79 time, 990.01 real, 61 MB, 56.27 load
[runlim] sample:		994.73 time, 1000.01 real, 61 MB, 56.46 load
[runlim] sample:		1004.67 time, 1010.01 real, 61 MB, 56.47 load
[runlim] sample:		1014.61 time, 1020.01 real, 61 MB, 56.55 load
[runlim] sample:		1024.55 time, 1030.01 real, 61 MB, 56.62 load
[runlim] sample:		1034.49 time, 1040.01 real, 61 MB, 56.52 load
[runlim] sample:		1044.44 time, 1050.01 real, 61 MB, 56.44 load
[runlim] sample:		1054.38 time, 1060.01 real, 61 MB, 56.37 load
[runlim] sample:		1064.33 time, 1070.01 real, 54 MB, 56.32 load
[runlim] sample:		1074.28 time, 1080.01 real, 54 MB, 56.35 load
[runlim] sample:		1084.23 time, 1090.01 real, 54 MB, 56.37 load
[runlim] sample:		1094.18 time, 1100.01 real, 54 MB, 56.46 load
[runlim] sample:		1104.13 time, 1110.01 real, 54 MB, 56.54 load
[runlim] sample:		1114.08 time, 1120.01 real, 54 MB, 56.46 load
[runlim] sample:		1124.03 time, 1130.01 real, 54 MB, 56.39 load
[runlim] sample:		1133.98 time, 1140.01 real, 54 MB, 56.40 load
[runlim] sample:		1143.93 time, 1150.01 real, 54 MB, 56.49 load
[runlim] sample:		1153.87 time, 1160.01 real, 61 MB, 56.42 load
[runlim] sample:		1163.82 time, 1170.01 real, 61 MB, 56.35 load
[runlim] sample:		1173.77 time, 1180.01 real, 61 MB, 56.30 load
[runlim] sample:		1183.72 time, 1190.01 real, 61 MB, 56.25 load
[runlim] sample:		1193.67 time, 1200.01 real, 61 MB, 56.29 load
[runlim] sample:		1203.62 time, 1210.01 real, 61 MB, 56.32 load
[runlim] sample:		1213.57 time, 1220.01 real, 61 MB, 56.27 load
[runlim] sample:		1223.52 time, 1230.01 real, 61 MB, 56.23 load
[runlim] sample:		1233.47 time, 1240.01 real, 61 MB, 56.27 load
[runlim] sample:		1243.42 time, 1250.01 real, 61 MB, 56.23 load
[runlim] sample:		1253.36 time, 1260.01 real, 61 MB, 56.20 load
[runlim] sample:		1263.31 time, 1270.01 real, 61 MB, 56.25 load
[runlim] sample:		1273.26 time, 1280.01 real, 61 MB, 56.21 load
[runlim] sample:		1283.21 time, 1290.01 real, 61 MB, 56.17 load
[runlim] sample:		1293.16 time, 1300.01 real, 61 MB, 56.15 load
[runlim] sample:		1303.11 time, 1310.01 real, 61 MB, 56.12 load
[runlim] sample:		1313.06 time, 1320.01 real, 61 MB, 56.10 load
[runlim] sample:		1323.01 time, 1330.01 real, 61 MB, 56.09 load
[runlim] sample:		1332.96 time, 1340.01 real, 61 MB, 56.07 load
[runlim] sample:		1342.91 time, 1350.01 real, 61 MB, 56.06 load
[runlim] sample:		1352.85 time, 1360.01 real, 62 MB, 56.13 load
[runlim] sample:		1362.80 time, 1370.01 real, 62 MB, 56.11 load
[runlim] sample:		1372.75 time, 1380.01 real, 62 MB, 56.17 load
[runlim] sample:		1382.70 time, 1390.01 real, 62 MB, 56.14 load
[runlim] sample:		1392.64 time, 1400.01 real, 62 MB, 56.50 load
[runlim] sample:		1402.59 time, 1410.01 real, 62 MB, 56.42 load
[runlim] sample:		1412.54 time, 1420.01 real, 62 MB, 56.43 load
[runlim] sample:		1422.49 time, 1430.01 real, 62 MB, 56.36 load
[runlim] sample:		1432.45 time, 1440.01 real, 55 MB, 56.31 load
[runlim] sample:		1442.40 time, 1450.01 real, 55 MB, 56.26 load
[runlim] sample:		1452.34 time, 1460.01 real, 55 MB, 56.22 load
[runlim] sample:		1462.29 time, 1470.01 real, 55 MB, 56.33 load
[runlim] sample:		1472.24 time, 1480.01 real, 55 MB, 56.35 load
[runlim] sample:		1482.19 time, 1490.01 real, 55 MB, 56.45 load
[runlim] sample:		1492.14 time, 1500.01 real, 55 MB, 56.38 load
[runlim] sample:		1502.09 time, 1510.01 real, 55 MB, 56.32 load
[runlim] sample:		1512.04 time, 1520.01 real, 55 MB, 56.27 load
[runlim] sample:		1521.98 time, 1530.01 real, 55 MB, 56.30 load
[runlim] sample:		1531.93 time, 1540.01 real, 56 MB, 56.25 load
[runlim] sample:		1541.88 time, 1550.01 real, 63 MB, 56.30 load
[runlim] sample:		1551.83 time, 1560.01 real, 63 MB, 56.25 load
[runlim] sample:		1561.78 time, 1570.01 real, 63 MB, 56.29 load
[runlim] sample:		1571.72 time, 1580.01 real, 63 MB, 56.24 load
[runlim] sample:		1581.67 time, 1590.01 real, 63 MB, 56.28 load
[runlim] sample:		1591.62 time, 1600.01 real, 63 MB, 56.23 load
[runlim] sample:		1601.57 time, 1610.01 real, 63 MB, 56.28 load
[runlim] sample:		1611.52 time, 1620.01 real, 63 MB, 56.24 load
[runlim] sample:		1621.47 time, 1630.01 real, 63 MB, 56.12 load
[runlim] sample:		1631.42 time, 1640.01 real, 63 MB, 55.95 load
[runlim] sample:		1641.37 time, 1650.01 real, 63 MB, 55.87 load
[runlim] sample:		1651.32 time, 1660.01 real, 63 MB, 55.74 load
[runlim] sample:		1661.27 time, 1670.01 real, 63 MB, 55.63 load
[runlim] sample:		1671.22 time, 1680.01 real, 63 MB, 55.53 load
[runlim] sample:		1681.17 time, 1690.01 real, 63 MB, 55.45 load
[runlim] sample:		1691.12 time, 1700.01 real, 63 MB, 55.38 load
[runlim] sample:		1701.07 time, 1710.01 real, 63 MB, 55.39 load
[runlim] sample:		1711.01 time, 1720.01 real, 63 MB, 55.33 load
[runlim] sample:		1720.97 time, 1730.01 real, 63 MB, 55.28 load
[runlim] sample:		1730.92 time, 1740.01 real, 63 MB, 55.31 load
[runlim] sample:		1740.87 time, 1750.01 real, 63 MB, 55.26 load
[runlim] sample:		1750.82 time, 1760.01 real, 63 MB, 55.22 load
[runlim] sample:		1760.77 time, 1770.01 real, 63 MB, 55.19 load
[runlim] sample:		1770.71 time, 1780.01 real, 63 MB, 55.23 load
[runlim] sample:		1780.66 time, 1790.01 real, 63 MB, 55.27 load
[runlim] sample:		1790.61 time, 1800.01 real, 63 MB, 55.30 load
[runlim] sample:		1800.56 time, 1810.01 real, 63 MB, 55.25 load
[runlim] sample:		1810.51 time, 1820.01 real, 63 MB, 55.29 load
[runlim] sample:		1820.46 time, 1830.01 real, 63 MB, 55.24 load
[runlim] sample:		1830.41 time, 1840.01 real, 63 MB, 55.21 load
[runlim] sample:		1840.36 time, 1850.01 real, 63 MB, 55.25 load
[runlim] sample:		1850.32 time, 1860.01 real, 63 MB, 55.21 load
[runlim] sample:		1860.26 time, 1870.01 real, 57 MB, 55.25 load
[runlim] sample:		1870.21 time, 1880.01 real, 57 MB, 55.21 load
[runlim] sample:		1880.16 time, 1890.01 real, 57 MB, 55.25 load
[runlim] sample:		1890.11 time, 1900.01 real, 57 MB, 55.21 load
[runlim] sample:		1900.06 time, 1910.01 real, 57 MB, 55.33 load
[runlim] sample:		1910.01 time, 1920.01 real, 57 MB, 55.28 load
[runlim] sample:		1919.96 time, 1930.01 real, 57 MB, 55.24 load
[runlim] sample:		1929.91 time, 1940.01 real, 57 MB, 55.20 load
[runlim] sample:		1939.86 time, 1950.01 real, 57 MB, 55.17 load
[runlim] sample:		1949.81 time, 1960.01 real, 57 MB, 55.14 load
[runlim] sample:		1959.76 time, 1970.01 real, 57 MB, 55.12 load
[runlim] sample:		1969.71 time, 1980.01 real, 57 MB, 55.10 load
[runlim] sample:		1979.66 time, 1990.01 real, 65 MB, 55.16 load
[runlim] sample:		1989.61 time, 2000.01 real, 65 MB, 55.13 load
[runlim] sample:		1999.56 time, 2010.01 real, 66 MB, 55.11 load
[runlim] sample:		2009.50 time, 2020.01 real, 66 MB, 55.10 load
[runlim] sample:		2019.45 time, 2030.01 real, 66 MB, 55.08 load
[runlim] sample:		2029.40 time, 2040.01 real, 66 MB, 55.07 load
[runlim] sample:		2039.35 time, 2050.01 real, 66 MB, 55.13 load
[runlim] sample:		2049.30 time, 2060.01 real, 66 MB, 55.11 load
[runlim] sample:		2059.25 time, 2070.01 real, 66 MB, 55.09 load
[runlim] sample:		2069.20 time, 2080.01 real, 66 MB, 55.23 load
[runlim] sample:		2079.15 time, 2090.01 real, 66 MB, 55.20 load
[runlim] sample:		2089.10 time, 2100.01 real, 66 MB, 55.16 load
[runlim] sample:		2099.05 time, 2110.01 real, 66 MB, 55.22 load
[runlim] sample:		2109.00 time, 2120.01 real, 66 MB, 55.18 load
[runlim] sample:		2118.95 time, 2130.01 real, 66 MB, 55.16 load
[runlim] sample:		2128.90 time, 2140.01 real, 66 MB, 55.21 load
[runlim] sample:		2138.85 time, 2150.01 real, 66 MB, 55.25 load
[runlim] sample:		2148.80 time, 2160.01 real, 66 MB, 55.28 load
[runlim] sample:		2158.75 time, 2170.01 real, 66 MB, 55.24 load
[runlim] sample:		2168.70 time, 2180.01 real, 66 MB, 55.20 load
[runlim] sample:		2178.65 time, 2190.01 real, 66 MB, 55.24 load
[runlim] sample:		2188.60 time, 2200.01 real, 66 MB, 55.21 load
[runlim] sample:		2198.55 time, 2210.01 real, 66 MB, 55.17 load
[runlim] sample:		2208.50 time, 2220.01 real, 66 MB, 55.23 load
[runlim] sample:		2218.45 time, 2230.01 real, 66 MB, 55.19 load
[runlim] sample:		2228.40 time, 2240.01 real, 66 MB, 55.16 load
[runlim] sample:		2238.35 time, 2250.01 real, 66 MB, 55.21 load
[runlim] sample:		2248.29 time, 2260.01 real, 66 MB, 55.18 load
[runlim] sample:		2258.24 time, 2270.01 real, 66 MB, 55.15 load
[runlim] sample:		2268.19 time, 2280.01 real, 66 MB, 55.20 load
[runlim] sample:		2278.14 time, 2290.01 real, 66 MB, 55.24 load
[runlim] sample:		2288.09 time, 2300.01 real, 66 MB, 55.29 load
[runlim] sample:		2298.04 time, 2310.01 real, 66 MB, 55.39 load
[runlim] sample:		2307.99 time, 2320.01 real, 66 MB, 55.33 load
[runlim] sample:		2317.94 time, 2330.01 real, 66 MB, 55.28 load
[runlim] sample:		2327.89 time, 2340.01 real, 66 MB, 55.31 load
[runlim] sample:		2337.84 time, 2350.01 real, 66 MB, 55.34 load
[runlim] sample:		2347.80 time, 2360.01 real, 66 MB, 55.28 load
[runlim] sample:		2357.75 time, 2370.01 real, 66 MB, 55.31 load
[runlim] sample:		2367.70 time, 2380.01 real, 66 MB, 55.26 load
[runlim] sample:		2377.65 time, 2390.01 real, 66 MB, 55.22 load
[runlim] sample:		2387.60 time, 2400.01 real, 66 MB, 55.19 load
[runlim] sample:		2397.55 time, 2410.01 real, 66 MB, 55.24 load
[runlim] sample:		2407.50 time, 2420.01 real, 66 MB, 55.20 load
[runlim] sample:		2417.45 time, 2430.01 real, 66 MB, 55.33 load
[runlim] sample:		2427.40 time, 2440.01 real, 66 MB, 55.42 load
[runlim] sample:		2437.35 time, 2450.01 real, 66 MB, 55.36 load
[runlim] sample:		2447.30 time, 2460.01 real, 66 MB, 55.38 load
[runlim] sample:		2457.25 time, 2470.01 real, 66 MB, 55.32 load
[runlim] sample:		2467.20 time, 2480.01 real, 66 MB, 55.27 load
[runlim] sample:		2477.15 time, 2490.01 real, 66 MB, 55.31 load
[runlim] sample:		2487.10 time, 2500.01 real, 66 MB, 55.34 load
[runlim] sample:		2497.05 time, 2510.01 real, 66 MB, 55.37 load
[runlim] sample:		2507.00 time, 2520.01 real, 66 MB, 55.31 load
[runlim] sample:		2516.94 time, 2530.01 real, 66 MB, 55.26 load
[runlim] sample:		2526.89 time, 2540.01 real, 66 MB, 55.22 load
[runlim] sample:		2536.84 time, 2550.01 real, 66 MB, 55.27 load
[runlim] sample:		2546.79 time, 2560.01 real, 66 MB, 55.22 load
[runlim] sample:		2556.74 time, 2570.01 real, 66 MB, 55.26 load
[runlim] sample:		2566.69 time, 2580.01 real, 66 MB, 55.30 load
[runlim] sample:		2576.64 time, 2590.01 real, 66 MB, 55.25 load
[runlim] sample:		2586.59 time, 2600.01 real, 66 MB, 55.21 load
[runlim] sample:		2596.54 time, 2610.01 real, 66 MB, 55.34 load
[runlim] sample:		2606.48 time, 2620.01 real, 66 MB, 55.29 load
[runlim] sample:		2616.43 time, 2630.01 real, 66 MB, 55.24 load
[runlim] sample:		2626.38 time, 2640.01 real, 66 MB, 55.20 load
[runlim] sample:		2636.33 time, 2650.01 real, 66 MB, 55.17 load
[runlim] sample:		2646.28 time, 2660.01 real, 66 MB, 55.15 load
[runlim] sample:		2656.23 time, 2670.01 real, 66 MB, 55.12 load
[runlim] sample:		2666.18 time, 2680.01 real, 66 MB, 55.10 load
[runlim] sample:		2676.13 time, 2690.01 real, 66 MB, 55.09 load
[runlim] sample:		2686.08 time, 2700.01 real, 66 MB, 55.15 load
[runlim] sample:		2696.03 time, 2710.01 real, 66 MB, 55.20 load
[runlim] sample:		2705.98 time, 2720.01 real, 66 MB, 55.17 load
[runlim] sample:		2715.93 time, 2730.01 real, 66 MB, 55.14 load
[runlim] sample:		2725.88 time, 2740.01 real, 66 MB, 55.20 load
[runlim] sample:		2735.83 time, 2750.01 real, 66 MB, 55.25 load
[runlim] sample:		2745.78 time, 2760.01 real, 66 MB, 55.21 load
[runlim] sample:		2755.73 time, 2770.01 real, 66 MB, 55.26 load
[runlim] sample:		2765.68 time, 2780.01 real, 66 MB, 55.45 load
[runlim] sample:		2775.63 time, 2790.01 real, 66 MB, 55.54 load
[runlim] sample:		2785.58 time, 2800.01 real, 66 MB, 55.61 load
[runlim] sample:		2795.53 time, 2810.01 real, 66 MB, 55.82 load
[runlim] sample:		2805.48 time, 2820.01 real, 66 MB, 55.85 load
[runlim] sample:		2815.43 time, 2830.01 real, 66 MB, 55.87 load
[runlim] sample:		2825.38 time, 2840.01 real, 66 MB, 55.89 load
[runlim] sample:		2835.32 time, 2850.01 real, 66 MB, 56.06 load
[runlim] sample:		2845.27 time, 2860.01 real, 66 MB, 56.05 load
[runlim] sample:		2855.22 time, 2870.01 real, 66 MB, 56.12 load
[runlim] sample:		2865.17 time, 2880.01 real, 66 MB, 56.10 load
[runlim] sample:		2875.12 time, 2890.01 real, 66 MB, 56.00 load
[runlim] sample:		2885.07 time, 2900.01 real, 66 MB, 56.08 load
[runlim] sample:		2895.02 time, 2910.01 real, 66 MB, 55.99 load
[runlim] sample:		2904.97 time, 2920.01 real, 66 MB, 55.99 load
[runlim] sample:		2914.92 time, 2930.01 real, 66 MB, 55.91 load
[runlim] sample:		2924.87 time, 2940.01 real, 66 MB, 55.77 load
[runlim] sample:		2934.82 time, 2950.01 real, 66 MB, 55.65 load
[runlim] sample:		2944.76 time, 2960.01 real, 66 MB, 55.55 load
[runlim] sample:		2954.71 time, 2970.01 real, 66 MB, 55.47 load
[runlim] sample:		2964.66 time, 2980.01 real, 66 MB, 55.69 load
[runlim] sample:		2974.61 time, 2990.01 real, 66 MB, 55.58 load
[runlim] sample:		2984.56 time, 3000.01 real, 66 MB, 55.49 load
[runlim] sample:		2994.51 time, 3010.01 real, 66 MB, 55.74 load
[runlim] sample:		3004.46 time, 3020.01 real, 66 MB, 55.62 load
[runlim] sample:		3014.41 time, 3030.01 real, 66 MB, 55.53 load
[runlim] sample:		3024.36 time, 3040.01 real, 66 MB, 55.45 load
[runlim] sample:		3034.31 time, 3050.01 real, 66 MB, 55.45 load
[runlim] sample:		3044.27 time, 3060.01 real, 66 MB, 55.45 load
[runlim] sample:		3054.22 time, 3070.01 real, 66 MB, 55.46 load
[runlim] sample:		3064.17 time, 3080.01 real, 66 MB, 55.39 load
[runlim] sample:		3074.12 time, 3090.01 real, 66 MB, 55.33 load
[runlim] sample:		3084.07 time, 3100.01 real, 66 MB, 55.36 load
[runlim] sample:		3094.02 time, 3110.01 real, 66 MB, 55.45 load
[runlim] sample:		3103.97 time, 3120.01 real, 66 MB, 55.38 load
[runlim] sample:		3113.92 time, 3130.01 real, 66 MB, 55.32 load
[runlim] sample:		3123.87 time, 3140.01 real, 66 MB, 55.27 load
[runlim] sample:		3133.82 time, 3150.01 real, 66 MB, 55.23 load
[runlim] sample:		3143.77 time, 3160.01 real, 66 MB, 55.19 load
[runlim] sample:		3153.72 time, 3170.01 real, 66 MB, 55.24 load
[runlim] sample:		3163.68 time, 3180.01 real, 66 MB, 55.20 load
[runlim] sample:		3173.63 time, 3190.01 real, 66 MB, 55.17 load
[runlim] sample:		3183.57 time, 3200.01 real, 66 MB, 55.14 load
[runlim] sample:		3193.53 time, 3210.01 real, 66 MB, 55.12 load
[runlim] sample:		3203.48 time, 3220.01 real, 66 MB, 55.10 load
[runlim] sample:		3213.43 time, 3230.01 real, 66 MB, 55.09 load
[runlim] sample:		3223.38 time, 3240.01 real, 66 MB, 55.23 load
[runlim] sample:		3233.33 time, 3250.01 real, 66 MB, 55.20 load
[runlim] sample:		3243.28 time, 3260.01 real, 66 MB, 55.17 load
[runlim] sample:		3253.23 time, 3270.01 real, 66 MB, 55.14 load
[runlim] sample:		3263.18 time, 3280.01 real, 66 MB, 55.19 load
[runlim] sample:		3273.13 time, 3290.01 real, 66 MB, 55.24 load
[runlim] sample:		3283.08 time, 3300.01 real, 66 MB, 55.20 load
[runlim] sample:		3293.04 time, 3310.01 real, 66 MB, 55.25 load
[runlim] sample:		3302.99 time, 3320.01 real, 66 MB, 55.28 load
[runlim] sample:		3312.94 time, 3330.01 real, 66 MB, 55.24 load
[runlim] sample:		3322.90 time, 3340.01 real, 66 MB, 55.28 load
[runlim] sample:		3332.85 time, 3350.01 real, 66 MB, 55.31 load
[runlim] sample:		3342.80 time, 3360.01 real, 66 MB, 55.26 load
[runlim] sample:		3352.75 time, 3370.01 real, 66 MB, 55.22 load
[runlim] sample:		3362.70 time, 3380.01 real, 66 MB, 55.19 load
[runlim] sample:		3372.65 time, 3390.01 real, 66 MB, 55.16 load
[runlim] sample:		3382.60 time, 3400.01 real, 66 MB, 55.13 load
[runlim] sample:		3392.55 time, 3410.01 real, 66 MB, 55.19 load
[runlim] sample:		3402.51 time, 3420.01 real, 66 MB, 55.24 load
[runlim] sample:		3412.46 time, 3430.01 real, 66 MB, 55.20 load
[runlim] sample:		3422.41 time, 3440.01 real, 66 MB, 55.17 load
[runlim] sample:		3432.36 time, 3450.01 real, 66 MB, 55.14 load
[runlim] sample:		3442.31 time, 3460.01 real, 66 MB, 55.19 load
[runlim] sample:		3452.26 time, 3470.01 real, 66 MB, 55.25 load
[runlim] sample:		3462.21 time, 3480.01 real, 66 MB, 55.21 load
[runlim] sample:		3472.16 time, 3490.01 real, 66 MB, 55.17 load
[runlim] sample:		3482.11 time, 3500.01 real, 66 MB, 55.15 load
[runlim] sample:		3492.07 time, 3510.01 real, 66 MB, 55.12 load
[runlim] sample:		3502.02 time, 3520.01 real, 66 MB, 55.18 load
[runlim] sample:		3511.97 time, 3530.01 real, 66 MB, 55.23 load
[runlim] sample:		3521.92 time, 3540.01 real, 66 MB, 55.20 load
[runlim] sample:		3531.87 time, 3550.01 real, 66 MB, 55.16 load
[runlim] sample:		3541.82 time, 3560.01 real, 66 MB, 55.14 load
[runlim] sample:		3551.77 time, 3570.01 real, 66 MB, 55.12 load
[runlim] sample:		3561.72 time, 3580.01 real, 66 MB, 55.10 load
[runlim] sample:		3571.68 time, 3590.01 real, 66 MB, 55.16 load
[runlim] sample:		3581.63 time, 3600.01 real, 66 MB, 55.14 load
[runlim] sample:		3591.58 time, 3610.01 real, 66 MB, 55.20 load
[runlim] sample:		3601.53 time, 3620.01 real, 66 MB, 55.17 load
[runlim] sample:		3611.48 time, 3630.01 real, 66 MB, 55.14 load
[runlim] sample:		3621.43 time, 3640.01 real, 66 MB, 55.12 load
[runlim] sample:		3631.38 time, 3650.01 real, 66 MB, 55.18 load
[runlim] sample:		3641.33 time, 3660.01 real, 66 MB, 55.15 load
[runlim] sample:		3651.28 time, 3670.01 real, 66 MB, 55.13 load
[runlim] sample:		3661.23 time, 3680.01 real, 66 MB, 55.11 load
[runlim] sample:		3671.19 time, 3690.01 real, 66 MB, 55.09 load
[runlim] sample:		3681.14 time, 3700.01 real, 66 MB, 55.08 load
[runlim] sample:		3691.09 time, 3710.01 real, 66 MB, 55.22 load
[runlim] sample:		3701.04 time, 3720.01 real, 66 MB, 55.19 load
[runlim] sample:		3710.99 time, 3730.01 real, 66 MB, 55.16 load
[runlim] sample:		3720.94 time, 3740.01 real, 66 MB, 55.22 load
[runlim] sample:		3730.89 time, 3750.01 real, 66 MB, 55.18 load
[runlim] sample:		3740.84 time, 3760.01 real, 66 MB, 55.15 load
[runlim] sample:		3750.80 time, 3770.01 real, 66 MB, 55.29 load
[runlim] sample:		3760.75 time, 3780.01 real, 66 MB, 55.39 load
[runlim] sample:		3770.70 time, 3790.01 real, 66 MB, 55.41 load
[runlim] sample:		3780.65 time, 3800.01 real, 66 MB, 55.35 load
[runlim] sample:		3790.60 time, 3810.01 real, 66 MB, 55.29 load
[runlim] sample:		3800.55 time, 3820.01 real, 66 MB, 55.25 load
[runlim] sample:		3810.50 time, 3830.01 real, 66 MB, 55.21 load
[runlim] sample:		3820.45 time, 3840.01 real, 66 MB, 55.18 load
[runlim] sample:		3830.40 time, 3850.01 real, 66 MB, 55.23 load
[runlim] sample:		3840.35 time, 3860.01 real, 66 MB, 55.19 load
[runlim] sample:		3850.30 time, 3870.01 real, 66 MB, 55.16 load
[runlim] sample:		3860.25 time, 3880.01 real, 66 MB, 55.14 load
[runlim] sample:		3870.20 time, 3890.01 real, 66 MB, 55.12 load
[runlim] sample:		3880.15 time, 3900.01 real, 66 MB, 55.10 load
[runlim] sample:		3890.10 time, 3910.01 real, 66 MB, 55.08 load
[runlim] sample:		3900.05 time, 3920.01 real, 66 MB, 55.07 load
[runlim] sample:		3910.00 time, 3930.01 real, 66 MB, 55.06 load
[runlim] sample:		3919.95 time, 3940.01 real, 66 MB, 55.12 load
[runlim] sample:		3929.90 time, 3950.01 real, 66 MB, 55.10 load
[runlim] sample:		3939.85 time, 3960.01 real, 66 MB, 55.09 load
[runlim] sample:		3949.80 time, 3970.01 real, 66 MB, 55.23 load
[runlim] sample:		3959.75 time, 3980.01 real, 66 MB, 55.19 load
[runlim] sample:		3969.71 time, 3990.01 real, 66 MB, 55.16 load
[runlim] sample:		3979.66 time, 4000.01 real, 66 MB, 55.14 load
[runlim] sample:		3989.61 time, 4010.01 real, 66 MB, 55.12 load
[runlim] sample:		3999.56 time, 4020.01 real, 66 MB, 55.10 load
[runlim] sample:		4009.51 time, 4030.01 real, 66 MB, 55.16 load
[runlim] sample:		4019.46 time, 4040.01 real, 66 MB, 55.14 load
[runlim] sample:		4029.41 time, 4050.01 real, 66 MB, 55.12 load
[runlim] sample:		4039.36 time, 4060.01 real, 66 MB, 55.17 load
[runlim] sample:		4049.31 time, 4070.01 real, 66 MB, 55.14 load
[runlim] sample:		4059.26 time, 4080.01 real, 66 MB, 55.12 load
[runlim] sample:		4069.21 time, 4090.01 real, 66 MB, 55.10 load
[runlim] sample:		4079.16 time, 4100.01 real, 66 MB, 55.09 load
[runlim] sample:		4089.11 time, 4110.01 real, 66 MB, 55.37 load
[runlim] sample:		4099.06 time, 4120.01 real, 66 MB, 55.32 load
[runlim] sample:		4109.02 time, 4130.01 real, 66 MB, 55.27 load
[runlim] sample:		4118.97 time, 4140.01 real, 66 MB, 55.23 load
[runlim] sample:		4128.92 time, 4150.01 real, 66 MB, 55.27 load
[runlim] sample:		4138.87 time, 4160.01 real, 66 MB, 55.23 load
[runlim] sample:		4148.83 time, 4170.01 real, 67 MB, 55.19 load
[runlim] sample:		4158.78 time, 4180.01 real, 67 MB, 55.16 load
[runlim] sample:		4168.73 time, 4190.01 real, 67 MB, 55.14 load
[runlim] sample:		4178.68 time, 4200.01 real, 67 MB, 55.12 load
[runlim] sample:		4188.64 time, 4210.01 real, 67 MB, 55.34 load
[runlim] sample:		4198.59 time, 4220.01 real, 67 MB, 55.29 load
[runlim] sample:		4208.54 time, 4230.01 real, 67 MB, 55.24 load
[runlim] sample:		4218.49 time, 4240.01 real, 67 MB, 55.36 load
[runlim] sample:		4228.44 time, 4250.01 real, 67 MB, 55.30 load
[runlim] sample:		4238.39 time, 4260.01 real, 67 MB, 55.26 load
[runlim] sample:		4248.34 time, 4270.01 real, 67 MB, 55.22 load
[runlim] sample:		4258.30 time, 4280.01 real, 67 MB, 55.33 load
[runlim] sample:		4268.25 time, 4290.01 real, 67 MB, 55.36 load
[runlim] sample:		4278.20 time, 4300.01 real, 67 MB, 55.30 load
[runlim] sample:		4288.15 time, 4310.01 real, 67 MB, 55.26 load
[runlim] sample:		4298.10 time, 4320.01 real, 67 MB, 55.22 load
[runlim] sample:		4308.05 time, 4330.01 real, 67 MB, 55.18 load
[runlim] sample:		4318.00 time, 4340.01 real, 67 MB, 55.15 load
[runlim] sample:		4327.95 time, 4350.01 real, 67 MB, 55.21 load
[runlim] sample:		4337.90 time, 4360.01 real, 67 MB, 55.18 load
[runlim] sample:		4347.85 time, 4370.01 real, 67 MB, 55.15 load
[runlim] sample:		4357.81 time, 4380.01 real, 67 MB, 55.13 load
[runlim] sample:		4367.76 time, 4390.01 real, 67 MB, 55.11 load
[runlim] sample:		4377.71 time, 4400.01 real, 67 MB, 55.09 load
[runlim] sample:		4387.66 time, 4410.01 real, 67 MB, 55.08 load
[runlim] sample:		4397.61 time, 4420.01 real, 67 MB, 55.80 load
[runlim] sample:		4407.56 time, 4430.01 real, 67 MB, 55.68 load
[runlim] sample:		4417.51 time, 4440.01 real, 67 MB, 55.57 load
[runlim] sample:		4427.46 time, 4450.01 real, 67 MB, 55.48 load
[runlim] sample:		4437.42 time, 4460.01 real, 67 MB, 55.41 load
[runlim] sample:		4447.37 time, 4470.01 real, 67 MB, 55.35 load
[runlim] sample:		4457.32 time, 4480.01 real, 67 MB, 55.37 load
[runlim] sample:		4467.27 time, 4490.01 real, 67 MB, 55.39 load
[runlim] sample:		4477.22 time, 4500.01 real, 67 MB, 55.33 load
[runlim] sample:		4487.17 time, 4510.01 real, 67 MB, 55.28 load
[runlim] sample:		4497.13 time, 4520.01 real, 67 MB, 55.24 load
[runlim] sample:		4507.08 time, 4530.01 real, 67 MB, 55.20 load
[runlim] sample:		4517.03 time, 4540.01 real, 68 MB, 55.17 load
[runlim] sample:		4526.98 time, 4550.01 real, 68 MB, 55.22 load
[runlim] sample:		4536.93 time, 4560.01 real, 68 MB, 55.27 load
[runlim] sample:		4546.88 time, 4570.01 real, 68 MB, 55.23 load
[runlim] sample:		4556.83 time, 4580.01 real, 68 MB, 55.19 load
[runlim] sample:		4566.78 time, 4590.01 real, 68 MB, 55.16 load
[runlim] sample:		4576.74 time, 4600.01 real, 68 MB, 55.14 load
[runlim] sample:		4586.69 time, 4610.01 real, 68 MB, 55.27 load
[runlim] sample:		4596.64 time, 4620.01 real, 68 MB, 55.23 load
[runlim] sample:		4606.59 time, 4630.01 real, 68 MB, 55.20 load
[runlim] sample:		4616.54 time, 4640.01 real, 68 MB, 55.16 load
[runlim] sample:		4626.49 time, 4650.01 real, 68 MB, 55.14 load
[runlim] sample:		4636.44 time, 4660.01 real, 68 MB, 55.12 load
[runlim] sample:		4646.40 time, 4670.01 real, 68 MB, 55.10 load
[runlim] sample:		4656.35 time, 4680.01 real, 68 MB, 55.08 load
[runlim] sample:		4666.30 time, 4690.01 real, 68 MB, 55.07 load
[runlim] sample:		4676.25 time, 4700.01 real, 68 MB, 55.06 load
[runlim] sample:		4686.20 time, 4710.01 real, 68 MB, 55.05 load
[runlim] sample:		4696.15 time, 4720.01 real, 68 MB, 55.04 load
[runlim] sample:		4706.10 time, 4730.01 real, 68 MB, 55.03 load
[runlim] sample:		4716.06 time, 4740.01 real, 76 MB, 55.03 load
[runlim] sample:		4726.01 time, 4750.01 real, 76 MB, 55.02 load
[runlim] sample:		4735.96 time, 4760.01 real, 76 MB, 55.02 load
[runlim] sample:		4745.91 time, 4770.01 real, 76 MB, 55.02 load
[runlim] sample:		4755.86 time, 4780.01 real, 76 MB, 55.09 load
[runlim] sample:		4765.81 time, 4790.01 real, 76 MB, 55.07 load
[runlim] sample:		4775.76 time, 4800.01 real, 76 MB, 55.06 load
[runlim] sample:		4785.71 time, 4810.01 real, 76 MB, 55.05 load
[runlim] sample:		4795.67 time, 4820.01 real, 76 MB, 55.04 load
[runlim] sample:		4805.62 time, 4830.01 real, 76 MB, 55.04 load
[runlim] sample:		4815.57 time, 4840.01 real, 76 MB, 55.03 load
[runlim] sample:		4825.52 time, 4850.01 real, 76 MB, 55.10 load
[runlim] sample:		4835.47 time, 4860.01 real, 76 MB, 55.08 load
[runlim] sample:		4845.42 time, 4870.01 real, 76 MB, 55.15 load
[runlim] sample:		4855.37 time, 4880.01 real, 76 MB, 55.13 load
[runlim] sample:		4865.32 time, 4890.01 real, 76 MB, 55.19 load
[runlim] sample:		4875.27 time, 4900.01 real, 76 MB, 55.16 load
[runlim] sample:		4885.22 time, 4910.01 real, 76 MB, 55.13 load
[runlim] sample:		4895.17 time, 4920.01 real, 76 MB, 55.11 load
[runlim] sample:		4905.12 time, 4930.01 real, 76 MB, 55.10 load
[runlim] sample:		4915.07 time, 4940.01 real, 76 MB, 55.08 load
[runlim] sample:		4925.02 time, 4950.01 real, 76 MB, 55.07 load
[runlim] sample:		4934.97 time, 4960.01 real, 76 MB, 55.13 load
[runlim] sample:		4944.93 time, 4970.01 real, 76 MB, 55.11 load
[runlim] sample:		4954.88 time, 4980.01 real, 76 MB, 54.93 load
[runlim] sample:		4964.83 time, 4990.01 real, 76 MB, 53.63 load
[runlim] sample:		4974.78 time, 5000.01 real, 76 MB, 51.87 load
[runlim] end:			Thu Apr  9 21:45:49 2026
[runlim] status:		out of time
[runlim] result:		2
[runlim] children:		1
[runlim] processes:		2
[runlim] real:			5000.05 seconds
[runlim] time:			4974.78 seconds
[runlim] space:			83 MB
[runlim] load:			59.52 maximum
[runlim] samples:		50000
