[runlim] version:		2.0.0rc1
[runlim] host:			o02n04
[runlim] time limit:		311040000 seconds
[runlim] real time limit:	5000 seconds
[runlim] space limit:		7000 MB
[runlim] argv[0]:		./binary
[runlim] argv[1]:		-c
[runlim] argv[2]:		-f
[runlim] argv[3]:		-r
[runlim] argv[4]:		/tmp/local-unzipped-12459994-2-76-mc2025_track1_155.cnf
[runlim] start:			Thu Apr  9 21:59:11 2026
[runlim] child:			37210
[runlim] end:			Thu Apr  9 21:59:11 2026
[runlim] status:		ok
[runlim] result:		0
[runlim] children:		1
[runlim] processes:		2
[runlim] real:			0.81 seconds
[runlim] time:			0.80 seconds
[runlim] space:			5 MB
[runlim] load:			5.06 maximum
[runlim] samples:		8
