[runlim] version:		2.0.0rc1
[runlim] host:			o02n01
[runlim] time limit:		311040000 seconds
[runlim] real time limit:	5000 seconds
[runlim] space limit:		7000 MB
[runlim] argv[0]:		./binary
[runlim] argv[1]:		-c
[runlim] argv[2]:		-f
[runlim] argv[3]:		-r
[runlim] argv[4]:		/tmp/local-unzipped-12459994-1-22-mc2025_track1_113.cnf
[runlim] start:			Thu Apr  9 20:22:25 2026
[runlim] child:			2378315
[runlim] sample:		9.96 time, 10.01 real, 12 MB, 6.26 load
[runlim] sample:		19.91 time, 20.01 real, 12 MB, 10.62 load
[runlim] sample:		29.86 time, 30.01 real, 12 MB, 15.85 load
[runlim] sample:		39.80 time, 40.01 real, 12 MB, 21.72 load
[runlim] sample:		49.73 time, 50.01 real, 12 MB, 28.08 load
[runlim] sample:		59.66 time, 60.01 real, 12 MB, 33.77 load
[runlim] sample:		69.58 time, 70.01 real, 12 MB, 38.50 load
[runlim] sample:		79.52 time, 80.01 real, 12 MB, 42.26 load
[runlim] sample:		89.46 time, 90.01 real, 12 MB, 45.37 load
[runlim] sample:		99.40 time, 100.01 real, 12 MB, 47.92 load
[runlim] sample:		109.35 time, 110.01 real, 12 MB, 49.93 load
[runlim] sample:		119.08 time, 120.01 real, 12 MB, 51.71 load
[runlim] sample:		128.87 time, 130.01 real, 12 MB, 53.22 load
[runlim] sample:		138.81 time, 140.01 real, 12 MB, 54.49 load
[runlim] sample:		148.74 time, 150.01 real, 12 MB, 55.49 load
[runlim] sample:		158.56 time, 160.01 real, 12 MB, 56.34 load
[runlim] sample:		168.49 time, 170.01 real, 12 MB, 57.05 load
[runlim] sample:		178.42 time, 180.01 real, 12 MB, 57.51 load
[runlim] sample:		188.36 time, 190.01 real, 12 MB, 57.74 load
[runlim] sample:		198.29 time, 200.01 real, 12 MB, 57.93 load
[runlim] sample:		208.22 time, 210.01 real, 12 MB, 58.10 load
[runlim] sample:		218.14 time, 220.01 real, 12 MB, 58.24 load
[runlim] sample:		228.08 time, 230.01 real, 12 MB, 58.35 load
[runlim] sample:		238.01 time, 240.01 real, 12 MB, 58.45 load
[runlim] sample:		247.95 time, 250.01 real, 12 MB, 58.61 load
[runlim] sample:		257.88 time, 260.01 real, 12 MB, 58.67 load
[runlim] sample:		267.82 time, 270.01 real, 12 MB, 58.80 load
[runlim] sample:		277.75 time, 280.01 real, 12 MB, 58.83 load
[runlim] sample:		287.69 time, 290.01 real, 12 MB, 58.93 load
[runlim] sample:		297.62 time, 300.01 real, 12 MB, 58.94 load
[runlim] sample:		307.56 time, 310.01 real, 12 MB, 58.95 load
[runlim] sample:		317.49 time, 320.01 real, 12 MB, 58.96 load
[runlim] sample:		327.43 time, 330.01 real, 12 MB, 58.97 load
[runlim] sample:		337.36 time, 340.01 real, 12 MB, 59.05 load
[runlim] sample:		347.30 time, 350.01 real, 12 MB, 59.12 load
[runlim] sample:		357.22 time, 360.01 real, 12 MB, 59.10 load
[runlim] sample:		367.16 time, 370.01 real, 12 MB, 59.23 load
[runlim] sample:		377.10 time, 380.01 real, 12 MB, 59.19 load
[runlim] sample:		387.04 time, 390.01 real, 12 MB, 59.16 load
[runlim] sample:		396.98 time, 400.01 real, 12 MB, 59.22 load
[runlim] sample:		406.92 time, 410.01 real, 12 MB, 59.49 load
[runlim] sample:		416.86 time, 420.01 real, 12 MB, 59.42 load
[runlim] sample:		426.80 time, 430.01 real, 12 MB, 59.35 load
[runlim] sample:		436.74 time, 440.01 real, 12 MB, 59.30 load
[runlim] sample:		446.68 time, 450.01 real, 12 MB, 59.33 load
[runlim] sample:		456.62 time, 460.01 real, 12 MB, 59.52 load
[runlim] sample:		466.56 time, 470.01 real, 12 MB, 59.13 load
[runlim] sample:		476.50 time, 480.01 real, 12 MB, 58.80 load
[runlim] sample:		486.44 time, 490.01 real, 12 MB, 58.89 load
[runlim] sample:		496.38 time, 500.01 real, 12 MB, 58.53 load
[runlim] sample:		506.32 time, 510.01 real, 12 MB, 58.21 load
[runlim] sample:		516.25 time, 520.01 real, 12 MB, 58.03 load
[runlim] sample:		526.19 time, 530.01 real, 12 MB, 57.72 load
[runlim] sample:		536.13 time, 540.01 real, 12 MB, 57.45 load
[runlim] sample:		546.07 time, 550.01 real, 12 MB, 57.30 load
[runlim] sample:		556.01 time, 560.01 real, 12 MB, 57.10 load
[runlim] sample:		565.95 time, 570.01 real, 12 MB, 56.93 load
[runlim] sample:		575.89 time, 580.01 real, 12 MB, 56.79 load
[runlim] sample:		585.83 time, 590.01 real, 12 MB, 56.74 load
[runlim] sample:		595.77 time, 600.01 real, 12 MB, 56.63 load
[runlim] sample:		605.70 time, 610.01 real, 12 MB, 56.53 load
[runlim] sample:		615.64 time, 620.01 real, 12 MB, 56.52 load
[runlim] sample:		625.58 time, 630.01 real, 12 MB, 56.44 load
[runlim] sample:		635.52 time, 640.01 real, 12 MB, 56.37 load
[runlim] sample:		645.46 time, 650.01 real, 12 MB, 56.39 load
[runlim] sample:		655.40 time, 660.01 real, 12 MB, 56.33 load
[runlim] sample:		665.34 time, 670.01 real, 12 MB, 56.35 load
[runlim] sample:		675.28 time, 680.01 real, 12 MB, 56.30 load
[runlim] sample:		685.22 time, 690.01 real, 12 MB, 56.33 load
[runlim] sample:		695.16 time, 700.01 real, 12 MB, 56.36 load
[runlim] sample:		705.09 time, 710.01 real, 12 MB, 56.31 load
[runlim] sample:		715.03 time, 720.01 real, 12 MB, 56.33 load
[runlim] sample:		724.97 time, 730.01 real, 12 MB, 56.28 load
[runlim] sample:		734.91 time, 740.01 real, 12 MB, 56.24 load
[runlim] sample:		744.85 time, 750.01 real, 12 MB, 56.35 load
[runlim] sample:		754.79 time, 760.01 real, 12 MB, 56.29 load
[runlim] sample:		764.73 time, 770.01 real, 12 MB, 56.25 load
[runlim] sample:		774.67 time, 780.01 real, 12 MB, 56.21 load
[runlim] sample:		784.61 time, 790.01 real, 12 MB, 56.18 load
[runlim] sample:		794.55 time, 800.01 real, 12 MB, 56.15 load
[runlim] sample:		804.49 time, 810.01 real, 12 MB, 56.13 load
[runlim] sample:		814.43 time, 820.01 real, 12 MB, 56.11 load
[runlim] sample:		824.36 time, 830.01 real, 12 MB, 56.09 load
[runlim] sample:		834.30 time, 840.01 real, 12 MB, 56.08 load
[runlim] sample:		844.24 time, 850.01 real, 12 MB, 56.06 load
[runlim] sample:		854.18 time, 860.01 real, 12 MB, 56.05 load
[runlim] sample:		864.12 time, 870.01 real, 12 MB, 56.04 load
[runlim] sample:		874.06 time, 880.01 real, 12 MB, 56.04 load
[runlim] sample:		884.00 time, 890.01 real, 12 MB, 56.10 load
[runlim] sample:		893.94 time, 900.01 real, 12 MB, 56.09 load
[runlim] sample:		903.88 time, 910.01 real, 12 MB, 56.22 load
[runlim] sample:		913.82 time, 920.01 real, 12 MB, 56.27 load
[runlim] sample:		923.76 time, 930.01 real, 12 MB, 56.23 load
[runlim] sample:		933.70 time, 940.01 real, 12 MB, 56.27 load
[runlim] sample:		943.64 time, 950.01 real, 12 MB, 56.23 load
[runlim] sample:		953.58 time, 960.01 real, 12 MB, 56.19 load
[runlim] sample:		963.51 time, 970.01 real, 12 MB, 56.31 load
[runlim] sample:		973.45 time, 980.01 real, 12 MB, 56.26 load
[runlim] sample:		983.39 time, 990.01 real, 12 MB, 56.30 load
[runlim] sample:		993.33 time, 1000.01 real, 12 MB, 56.41 load
[runlim] sample:		1003.27 time, 1010.01 real, 12 MB, 56.42 load
[runlim] sample:		1013.20 time, 1020.01 real, 12 MB, 56.51 load
[runlim] sample:		1023.14 time, 1030.01 real, 12 MB, 56.59 load
[runlim] sample:		1033.08 time, 1040.01 real, 12 MB, 56.57 load
[runlim] sample:		1043.02 time, 1050.01 real, 12 MB, 56.48 load
[runlim] sample:		1052.95 time, 1060.01 real, 12 MB, 56.41 load
[runlim] sample:		1062.89 time, 1070.01 real, 12 MB, 56.34 load
[runlim] sample:		1072.83 time, 1080.01 real, 12 MB, 56.29 load
[runlim] sample:		1082.77 time, 1090.01 real, 12 MB, 56.40 load
[runlim] sample:		1092.71 time, 1100.01 real, 12 MB, 56.50 load
[runlim] sample:		1102.65 time, 1110.01 real, 12 MB, 56.50 load
[runlim] sample:		1112.59 time, 1120.01 real, 12 MB, 56.50 load
[runlim] sample:		1122.52 time, 1130.01 real, 12 MB, 56.42 load
[runlim] sample:		1132.46 time, 1140.01 real, 12 MB, 56.44 load
[runlim] sample:		1142.40 time, 1150.01 real, 12 MB, 56.45 load
[runlim] sample:		1152.34 time, 1160.01 real, 12 MB, 56.45 load
[runlim] sample:		1162.28 time, 1170.01 real, 12 MB, 56.38 load
[runlim] sample:		1172.21 time, 1180.01 real, 12 MB, 56.32 load
[runlim] sample:		1182.15 time, 1190.01 real, 12 MB, 56.27 load
[runlim] sample:		1192.09 time, 1200.01 real, 12 MB, 56.23 load
[runlim] sample:		1202.03 time, 1210.01 real, 12 MB, 56.35 load
[runlim] sample:		1211.97 time, 1220.01 real, 12 MB, 56.30 load
[runlim] sample:		1221.91 time, 1230.01 real, 12 MB, 56.25 load
[runlim] sample:		1231.85 time, 1240.01 real, 12 MB, 56.21 load
[runlim] sample:		1241.79 time, 1250.01 real, 12 MB, 56.25 load
[runlim] sample:		1251.73 time, 1260.01 real, 12 MB, 56.21 load
[runlim] sample:		1261.66 time, 1270.01 real, 12 MB, 56.18 load
[runlim] sample:		1271.60 time, 1280.01 real, 12 MB, 56.23 load
[runlim] sample:		1281.54 time, 1290.01 real, 12 MB, 56.19 load
[runlim] sample:		1291.48 time, 1300.01 real, 12 MB, 56.16 load
[runlim] sample:		1301.42 time, 1310.01 real, 12 MB, 56.14 load
[runlim] sample:		1311.36 time, 1320.01 real, 12 MB, 56.11 load
[runlim] sample:		1321.30 time, 1330.01 real, 12 MB, 56.10 load
[runlim] sample:		1331.24 time, 1340.01 real, 12 MB, 56.08 load
[runlim] sample:		1341.18 time, 1350.01 real, 12 MB, 56.07 load
[runlim] sample:		1351.11 time, 1360.01 real, 12 MB, 56.06 load
[runlim] sample:		1361.05 time, 1370.01 real, 12 MB, 56.12 load
[runlim] sample:		1371.00 time, 1380.01 real, 12 MB, 56.18 load
[runlim] sample:		1380.93 time, 1390.01 real, 12 MB, 56.15 load
[runlim] sample:		1390.87 time, 1400.01 real, 12 MB, 56.45 load
[runlim] sample:		1400.81 time, 1410.01 real, 12 MB, 56.45 load
[runlim] sample:		1410.75 time, 1420.01 real, 12 MB, 56.47 load
[runlim] sample:		1420.68 time, 1430.01 real, 12 MB, 56.39 load
[runlim] sample:		1430.62 time, 1440.01 real, 12 MB, 56.33 load
[runlim] sample:		1440.56 time, 1450.01 real, 12 MB, 56.28 load
[runlim] sample:		1450.50 time, 1460.01 real, 12 MB, 56.24 load
[runlim] sample:		1460.44 time, 1470.01 real, 12 MB, 56.36 load
[runlim] sample:		1470.38 time, 1480.01 real, 12 MB, 56.39 load
[runlim] sample:		1480.31 time, 1490.01 real, 12 MB, 56.49 load
[runlim] sample:		1490.25 time, 1500.01 real, 12 MB, 56.41 load
[runlim] sample:		1500.19 time, 1510.01 real, 12 MB, 56.35 load
[runlim] sample:		1510.13 time, 1520.01 real, 12 MB, 56.29 load
[runlim] sample:		1520.07 time, 1530.01 real, 12 MB, 56.33 load
[runlim] sample:		1530.00 time, 1540.01 real, 12 MB, 56.28 load
[runlim] sample:		1539.94 time, 1550.01 real, 12 MB, 56.23 load
[runlim] sample:		1549.88 time, 1560.01 real, 12 MB, 56.27 load
[runlim] sample:		1559.82 time, 1570.01 real, 12 MB, 56.31 load
[runlim] sample:		1569.76 time, 1580.01 real, 12 MB, 56.26 load
[runlim] sample:		1579.70 time, 1590.01 real, 12 MB, 56.30 load
[runlim] sample:		1589.64 time, 1600.01 real, 12 MB, 56.25 load
[runlim] sample:		1599.58 time, 1610.01 real, 12 MB, 56.22 load
[runlim] sample:		1609.52 time, 1620.01 real, 12 MB, 56.26 load
[runlim] sample:		1619.46 time, 1630.01 real, 12 MB, 56.22 load
[runlim] sample:		1629.40 time, 1640.01 real, 12 MB, 56.03 load
[runlim] sample:		1639.34 time, 1650.01 real, 12 MB, 55.95 load
[runlim] sample:		1649.28 time, 1660.01 real, 12 MB, 55.80 load
[runlim] sample:		1659.22 time, 1670.01 real, 12 MB, 55.68 load
[runlim] sample:		1669.16 time, 1680.01 real, 12 MB, 55.58 load
[runlim] sample:		1679.10 time, 1690.01 real, 12 MB, 55.49 load
[runlim] sample:		1689.04 time, 1700.01 real, 12 MB, 55.41 load
[runlim] sample:		1698.98 time, 1710.01 real, 12 MB, 55.43 load
[runlim] sample:		1708.92 time, 1720.01 real, 12 MB, 55.36 load
[runlim] sample:		1718.86 time, 1730.01 real, 12 MB, 55.31 load
[runlim] sample:		1728.80 time, 1740.01 real, 12 MB, 55.34 load
[runlim] sample:		1738.74 time, 1750.01 real, 12 MB, 55.29 load
[runlim] sample:		1748.68 time, 1760.01 real, 12 MB, 55.24 load
[runlim] sample:		1758.62 time, 1770.01 real, 12 MB, 55.20 load
[runlim] sample:		1768.56 time, 1780.01 real, 12 MB, 55.25 load
[runlim] sample:		1778.50 time, 1790.01 real, 12 MB, 55.29 load
[runlim] sample:		1788.44 time, 1800.01 real, 12 MB, 55.33 load
[runlim] sample:		1798.38 time, 1810.01 real, 12 MB, 55.28 load
[runlim] sample:		1808.32 time, 1820.01 real, 12 MB, 55.31 load
[runlim] sample:		1818.26 time, 1830.01 real, 12 MB, 55.27 load
[runlim] sample:		1828.20 time, 1840.01 real, 12 MB, 55.22 load
[runlim] sample:		1838.14 time, 1850.01 real, 12 MB, 55.27 load
[runlim] sample:		1848.08 time, 1860.01 real, 12 MB, 55.23 load
[runlim] sample:		1858.02 time, 1870.01 real, 12 MB, 55.27 load
[runlim] sample:		1867.95 time, 1880.01 real, 12 MB, 55.23 load
[runlim] sample:		1877.89 time, 1890.01 real, 12 MB, 55.28 load
[runlim] sample:		1887.83 time, 1900.01 real, 12 MB, 55.23 load
[runlim] sample:		1897.77 time, 1910.01 real, 12 MB, 55.28 load
[runlim] sample:		1907.71 time, 1920.01 real, 12 MB, 55.31 load
[runlim] sample:		1917.65 time, 1930.01 real, 12 MB, 55.26 load
[runlim] sample:		1927.59 time, 1940.01 real, 12 MB, 55.22 load
[runlim] sample:		1937.53 time, 1950.01 real, 12 MB, 55.18 load
[runlim] sample:		1947.47 time, 1960.01 real, 12 MB, 55.16 load
[runlim] sample:		1957.41 time, 1970.01 real, 12 MB, 55.13 load
[runlim] sample:		1967.35 time, 1980.01 real, 12 MB, 55.11 load
[runlim] sample:		1977.28 time, 1990.01 real, 12 MB, 55.17 load
[runlim] sample:		1987.22 time, 2000.01 real, 12 MB, 55.15 load
[runlim] sample:		1997.16 time, 2010.01 real, 12 MB, 55.12 load
[runlim] sample:		2007.10 time, 2020.01 real, 12 MB, 55.10 load
[runlim] sample:		2017.04 time, 2030.01 real, 12 MB, 55.09 load
[runlim] sample:		2026.98 time, 2040.01 real, 12 MB, 55.07 load
[runlim] sample:		2036.92 time, 2050.01 real, 12 MB, 55.14 load
[runlim] sample:		2046.86 time, 2060.01 real, 12 MB, 55.12 load
[runlim] sample:		2056.80 time, 2070.01 real, 12 MB, 55.10 load
[runlim] sample:		2066.73 time, 2080.01 real, 12 MB, 55.16 load
[runlim] sample:		2076.67 time, 2090.01 real, 12 MB, 55.21 load
[runlim] sample:		2086.61 time, 2100.01 real, 12 MB, 55.18 load
[runlim] sample:		2096.55 time, 2110.01 real, 12 MB, 55.15 load
[runlim] sample:		2106.49 time, 2120.01 real, 12 MB, 55.20 load
[runlim] sample:		2116.43 time, 2130.01 real, 12 MB, 55.17 load
[runlim] sample:		2126.37 time, 2140.01 real, 12 MB, 55.22 load
[runlim] sample:		2136.31 time, 2150.01 real, 12 MB, 55.27 load
[runlim] sample:		2146.25 time, 2160.01 real, 12 MB, 55.31 load
[runlim] sample:		2156.19 time, 2170.01 real, 12 MB, 55.26 load
[runlim] sample:		2166.13 time, 2180.01 real, 12 MB, 55.22 load
[runlim] sample:		2176.07 time, 2190.01 real, 12 MB, 55.27 load
[runlim] sample:		2186.01 time, 2200.01 real, 12 MB, 55.22 load
[runlim] sample:		2195.95 time, 2210.01 real, 12 MB, 55.19 load
[runlim] sample:		2205.89 time, 2220.01 real, 12 MB, 55.16 load
[runlim] sample:		2215.83 time, 2230.01 real, 12 MB, 55.21 load
[runlim] sample:		2225.77 time, 2240.01 real, 12 MB, 55.18 load
[runlim] sample:		2235.71 time, 2250.01 real, 12 MB, 55.23 load
[runlim] sample:		2245.64 time, 2260.01 real, 12 MB, 55.19 load
[runlim] sample:		2255.58 time, 2270.01 real, 12 MB, 55.16 load
[runlim] sample:		2265.52 time, 2280.01 real, 12 MB, 55.22 load
[runlim] sample:		2275.46 time, 2290.01 real, 12 MB, 55.27 load
[runlim] sample:		2285.40 time, 2300.01 real, 12 MB, 55.22 load
[runlim] sample:		2295.33 time, 2310.01 real, 12 MB, 55.42 load
[runlim] sample:		2305.27 time, 2320.01 real, 12 MB, 55.36 load
[runlim] sample:		2315.21 time, 2330.01 real, 12 MB, 55.30 load
[runlim] sample:		2325.15 time, 2340.01 real, 12 MB, 55.34 load
[runlim] sample:		2335.09 time, 2350.01 real, 12 MB, 55.36 load
[runlim] sample:		2345.03 time, 2360.01 real, 12 MB, 55.31 load
[runlim] sample:		2354.97 time, 2370.01 real, 12 MB, 55.34 load
[runlim] sample:		2364.90 time, 2380.01 real, 12 MB, 55.29 load
[runlim] sample:		2374.84 time, 2390.01 real, 12 MB, 55.24 load
[runlim] sample:		2384.78 time, 2400.01 real, 12 MB, 55.21 load
[runlim] sample:		2394.72 time, 2410.01 real, 12 MB, 55.17 load
[runlim] sample:		2404.66 time, 2420.01 real, 12 MB, 55.22 load
[runlim] sample:		2414.60 time, 2430.01 real, 12 MB, 55.27 load
[runlim] sample:		2424.53 time, 2440.01 real, 12 MB, 55.46 load
[runlim] sample:		2434.47 time, 2450.01 real, 12 MB, 55.39 load
[runlim] sample:		2444.41 time, 2460.01 real, 12 MB, 55.33 load
[runlim] sample:		2454.35 time, 2470.01 real, 12 MB, 55.35 load
[runlim] sample:		2464.29 time, 2480.01 real, 12 MB, 55.30 load
[runlim] sample:		2474.23 time, 2490.01 real, 12 MB, 55.25 load
[runlim] sample:		2484.17 time, 2500.01 real, 12 MB, 55.37 load
[runlim] sample:		2494.11 time, 2510.01 real, 12 MB, 55.31 load
[runlim] sample:		2504.05 time, 2520.01 real, 12 MB, 55.34 load
[runlim] sample:		2513.99 time, 2530.01 real, 12 MB, 55.28 load
[runlim] sample:		2523.93 time, 2540.01 real, 12 MB, 55.24 load
[runlim] sample:		2533.87 time, 2550.01 real, 12 MB, 55.20 load
[runlim] sample:		2543.80 time, 2560.01 real, 12 MB, 55.24 load
[runlim] sample:		2553.74 time, 2570.01 real, 12 MB, 55.29 load
[runlim] sample:		2563.68 time, 2580.01 real, 12 MB, 55.32 load
[runlim] sample:		2573.62 time, 2590.01 real, 12 MB, 55.27 load
[runlim] sample:		2583.56 time, 2600.01 real, 12 MB, 55.23 load
[runlim] sample:		2593.50 time, 2610.01 real, 12 MB, 55.19 load
[runlim] sample:		2603.43 time, 2620.01 real, 12 MB, 55.31 load
[runlim] sample:		2613.37 time, 2630.01 real, 12 MB, 55.26 load
[runlim] sample:		2623.31 time, 2640.01 real, 12 MB, 55.22 load
[runlim] sample:		2633.25 time, 2650.01 real, 12 MB, 55.19 load
[runlim] sample:		2643.19 time, 2660.01 real, 12 MB, 55.16 load
[runlim] sample:		2653.12 time, 2670.01 real, 12 MB, 55.13 load
[runlim] sample:		2663.06 time, 2680.01 real, 12 MB, 55.11 load
[runlim] sample:		2673.00 time, 2690.01 real, 12 MB, 55.10 load
[runlim] sample:		2682.94 time, 2700.01 real, 12 MB, 55.08 load
[runlim] sample:		2692.88 time, 2710.01 real, 12 MB, 55.22 load
[runlim] sample:		2702.83 time, 2720.01 real, 12 MB, 55.19 load
[runlim] sample:		2712.77 time, 2730.01 real, 12 MB, 55.16 load
[runlim] sample:		2722.71 time, 2740.01 real, 12 MB, 55.13 load
[runlim] sample:		2732.65 time, 2750.01 real, 12 MB, 55.27 load
[runlim] sample:		2742.59 time, 2760.01 real, 12 MB, 55.23 load
[runlim] sample:		2752.53 time, 2770.01 real, 12 MB, 55.19 load
[runlim] sample:		2762.47 time, 2780.01 real, 12 MB, 55.32 load
[runlim] sample:		2772.41 time, 2790.01 real, 12 MB, 55.50 load
[runlim] sample:		2782.35 time, 2800.01 real, 12 MB, 55.57 load
[runlim] sample:		2792.29 time, 2810.01 real, 12 MB, 55.72 load
[runlim] sample:		2802.23 time, 2820.01 real, 12 MB, 55.84 load
[runlim] sample:		2812.18 time, 2830.01 real, 12 MB, 55.86 load
[runlim] sample:		2822.12 time, 2840.01 real, 12 MB, 55.88 load
[runlim] sample:		2832.06 time, 2850.01 real, 12 MB, 55.98 load
[runlim] sample:		2842.00 time, 2860.01 real, 12 MB, 56.06 load
[runlim] sample:		2851.94 time, 2870.01 real, 12 MB, 56.13 load
[runlim] sample:		2861.87 time, 2880.01 real, 12 MB, 56.11 load
[runlim] sample:		2871.81 time, 2890.01 real, 12 MB, 56.09 load
[runlim] sample:		2881.75 time, 2900.01 real, 12 MB, 56.08 load
[runlim] sample:		2891.69 time, 2910.01 real, 12 MB, 55.99 load
[runlim] sample:		2901.62 time, 2920.01 real, 12 MB, 55.99 load
[runlim] sample:		2911.56 time, 2930.01 real, 12 MB, 55.99 load
[runlim] sample:		2921.50 time, 2940.01 real, 12 MB, 55.84 load
[runlim] sample:		2931.44 time, 2950.01 real, 12 MB, 55.71 load
[runlim] sample:		2941.38 time, 2960.01 real, 12 MB, 55.60 load
[runlim] sample:		2951.31 time, 2970.01 real, 12 MB, 55.51 load
[runlim] sample:		2961.25 time, 2980.01 real, 12 MB, 55.75 load
[runlim] sample:		2971.19 time, 2990.01 real, 12 MB, 55.64 load
[runlim] sample:		2981.13 time, 3000.01 real, 12 MB, 55.54 load
[runlim] sample:		2991.07 time, 3010.01 real, 12 MB, 55.45 load
[runlim] sample:		3001.00 time, 3020.01 real, 12 MB, 55.68 load
[runlim] sample:		3010.94 time, 3030.01 real, 12 MB, 55.57 load
[runlim] sample:		3020.88 time, 3040.01 real, 12 MB, 55.48 load
[runlim] sample:		3030.82 time, 3050.01 real, 12 MB, 55.49 load
[runlim] sample:		3040.76 time, 3060.01 real, 12 MB, 55.50 load
[runlim] sample:		3050.70 time, 3070.01 real, 12 MB, 55.50 load
[runlim] sample:		3060.64 time, 3080.01 real, 12 MB, 55.42 load
[runlim] sample:		3070.58 time, 3090.01 real, 12 MB, 55.36 load
[runlim] sample:		3080.52 time, 3100.01 real, 12 MB, 55.30 load
[runlim] sample:		3090.46 time, 3110.01 real, 12 MB, 55.49 load
[runlim] sample:		3100.40 time, 3120.01 real, 12 MB, 55.41 load
[runlim] sample:		3110.34 time, 3130.01 real, 12 MB, 55.35 load
[runlim] sample:		3120.28 time, 3140.01 real, 12 MB, 55.30 load
[runlim] sample:		3130.21 time, 3150.01 real, 12 MB, 55.25 load
[runlim] sample:		3140.15 time, 3160.01 real, 12 MB, 55.21 load
[runlim] sample:		3150.09 time, 3170.01 real, 12 MB, 55.26 load
[runlim] sample:		3160.03 time, 3180.01 real, 12 MB, 55.22 load
[runlim] sample:		3169.97 time, 3190.01 real, 12 MB, 55.18 load
[runlim] sample:		3179.91 time, 3200.01 real, 12 MB, 55.16 load
[runlim] sample:		3189.84 time, 3210.01 real, 12 MB, 55.13 load
[runlim] sample:		3199.78 time, 3220.01 real, 12 MB, 55.11 load
[runlim] sample:		3209.72 time, 3230.01 real, 12 MB, 55.09 load
[runlim] sample:		3219.66 time, 3240.01 real, 12 MB, 55.08 load
[runlim] sample:		3229.60 time, 3250.01 real, 12 MB, 55.21 load
[runlim] sample:		3239.54 time, 3260.01 real, 12 MB, 55.18 load
[runlim] sample:		3249.48 time, 3270.01 real, 12 MB, 55.15 load
[runlim] sample:		3259.42 time, 3280.01 real, 12 MB, 55.21 load
[runlim] sample:		3269.36 time, 3290.01 real, 12 MB, 55.18 load
[runlim] sample:		3279.29 time, 3300.01 real, 12 MB, 55.22 load
[runlim] sample:		3289.23 time, 3310.01 real, 12 MB, 55.27 load
[runlim] sample:		3299.17 time, 3320.01 real, 12 MB, 55.31 load
[runlim] sample:		3309.11 time, 3330.01 real, 12 MB, 55.26 load
[runlim] sample:		3319.05 time, 3340.01 real, 12 MB, 55.30 load
[runlim] sample:		3328.99 time, 3350.01 real, 12 MB, 55.25 load
[runlim] sample:		3338.93 time, 3360.01 real, 12 MB, 55.29 load
[runlim] sample:		3348.87 time, 3370.01 real, 12 MB, 55.24 load
[runlim] sample:		3358.80 time, 3380.01 real, 12 MB, 55.20 load
[runlim] sample:		3368.74 time, 3390.01 real, 12 MB, 55.17 load
[runlim] sample:		3378.68 time, 3400.01 real, 12 MB, 55.15 load
[runlim] sample:		3388.62 time, 3410.01 real, 12 MB, 55.12 load
[runlim] sample:		3398.56 time, 3420.01 real, 12 MB, 55.26 load
[runlim] sample:		3408.50 time, 3430.01 real, 12 MB, 55.22 load
[runlim] sample:		3418.44 time, 3440.01 real, 12 MB, 55.18 load
[runlim] sample:		3428.38 time, 3450.01 real, 12 MB, 55.16 load
[runlim] sample:		3438.32 time, 3460.01 real, 12 MB, 55.21 load
[runlim] sample:		3448.26 time, 3470.01 real, 12 MB, 55.18 load
[runlim] sample:		3458.19 time, 3480.01 real, 12 MB, 55.22 load
[runlim] sample:		3468.13 time, 3490.01 real, 12 MB, 55.19 load
[runlim] sample:		3478.07 time, 3500.01 real, 12 MB, 55.16 load
[runlim] sample:		3488.01 time, 3510.01 real, 12 MB, 55.14 load
[runlim] sample:		3497.95 time, 3520.01 real, 12 MB, 55.19 load
[runlim] sample:		3507.89 time, 3530.01 real, 12 MB, 55.16 load
[runlim] sample:		3517.83 time, 3540.01 real, 12 MB, 55.21 load
[runlim] sample:		3527.77 time, 3550.01 real, 12 MB, 55.18 load
[runlim] sample:		3537.71 time, 3560.01 real, 12 MB, 55.15 load
[runlim] sample:		3547.65 time, 3570.01 real, 12 MB, 55.13 load
[runlim] sample:		3557.59 time, 3580.01 real, 12 MB, 55.11 load
[runlim] sample:		3567.53 time, 3590.01 real, 12 MB, 55.09 load
[runlim] sample:		3577.47 time, 3600.01 real, 12 MB, 55.15 load
[runlim] sample:		3587.41 time, 3610.01 real, 12 MB, 55.13 load
[runlim] sample:		3597.35 time, 3620.01 real, 12 MB, 55.18 load
[runlim] sample:		3607.29 time, 3630.01 real, 12 MB, 55.15 load
[runlim] sample:		3617.23 time, 3640.01 real, 12 MB, 55.13 load
[runlim] sample:		3627.17 time, 3650.01 real, 12 MB, 55.11 load
[runlim] sample:		3637.11 time, 3660.01 real, 12 MB, 55.17 load
[runlim] sample:		3647.05 time, 3670.01 real, 12 MB, 55.14 load
[runlim] sample:		3656.99 time, 3680.01 real, 12 MB, 55.12 load
[runlim] sample:		3666.93 time, 3690.01 real, 12 MB, 55.10 load
[runlim] sample:		3676.87 time, 3700.01 real, 12 MB, 55.08 load
[runlim] sample:		3686.81 time, 3710.01 real, 12 MB, 55.07 load
[runlim] sample:		3696.75 time, 3720.01 real, 12 MB, 55.21 load
[runlim] sample:		3706.69 time, 3730.01 real, 12 MB, 55.17 load
[runlim] sample:		3716.63 time, 3740.01 real, 12 MB, 55.15 load
[runlim] sample:		3726.57 time, 3750.01 real, 12 MB, 55.20 load
[runlim] sample:		3736.50 time, 3760.01 real, 12 MB, 55.17 load
[runlim] sample:		3746.44 time, 3770.01 real, 12 MB, 55.14 load
[runlim] sample:		3756.38 time, 3780.01 real, 12 MB, 55.43 load
[runlim] sample:		3766.32 time, 3790.01 real, 12 MB, 55.36 load
[runlim] sample:		3776.26 time, 3800.01 real, 12 MB, 55.38 load
[runlim] sample:		3786.20 time, 3810.01 real, 12 MB, 55.32 load
[runlim] sample:		3796.14 time, 3820.01 real, 12 MB, 55.27 load
[runlim] sample:		3806.08 time, 3830.01 real, 12 MB, 55.23 load
[runlim] sample:		3816.02 time, 3840.01 real, 12 MB, 55.19 load
[runlim] sample:		3825.96 time, 3850.01 real, 12 MB, 55.16 load
[runlim] sample:		3835.90 time, 3860.01 real, 12 MB, 55.21 load
[runlim] sample:		3845.84 time, 3870.01 real, 12 MB, 55.18 load
[runlim] sample:		3855.78 time, 3880.01 real, 12 MB, 55.15 load
[runlim] sample:		3865.72 time, 3890.01 real, 12 MB, 55.13 load
[runlim] sample:		3875.65 time, 3900.01 real, 12 MB, 55.11 load
[runlim] sample:		3885.59 time, 3910.01 real, 12 MB, 55.09 load
[runlim] sample:		3895.53 time, 3920.01 real, 12 MB, 55.08 load
[runlim] sample:		3905.47 time, 3930.01 real, 12 MB, 55.06 load
[runlim] sample:		3915.41 time, 3940.01 real, 12 MB, 55.13 load
[runlim] sample:		3925.35 time, 3950.01 real, 12 MB, 55.11 load
[runlim] sample:		3935.29 time, 3960.01 real, 12 MB, 55.10 load
[runlim] sample:		3945.23 time, 3970.01 real, 12 MB, 55.16 load
[runlim] sample:		3955.16 time, 3980.01 real, 12 MB, 55.21 load
[runlim] sample:		3965.10 time, 3990.01 real, 12 MB, 55.18 load
[runlim] sample:		3975.04 time, 4000.01 real, 12 MB, 55.15 load
[runlim] sample:		3984.98 time, 4010.01 real, 12 MB, 55.13 load
[runlim] sample:		3994.92 time, 4020.01 real, 12 MB, 55.11 load
[runlim] sample:		4004.86 time, 4030.01 real, 12 MB, 55.09 load
[runlim] sample:		4014.80 time, 4040.01 real, 12 MB, 55.15 load
[runlim] sample:		4024.74 time, 4050.01 real, 12 MB, 55.13 load
[runlim] sample:		4034.68 time, 4060.01 real, 12 MB, 55.19 load
[runlim] sample:		4044.62 time, 4070.01 real, 12 MB, 55.16 load
[runlim] sample:		4054.56 time, 4080.01 real, 12 MB, 55.13 load
[runlim] sample:		4064.50 time, 4090.01 real, 12 MB, 55.11 load
[runlim] sample:		4074.43 time, 4100.01 real, 12 MB, 55.09 load
[runlim] sample:		4084.37 time, 4110.01 real, 12 MB, 55.32 load
[runlim] sample:		4094.31 time, 4120.01 real, 12 MB, 55.34 load
[runlim] sample:		4104.25 time, 4130.01 real, 12 MB, 55.29 load
[runlim] sample:		4114.19 time, 4140.01 real, 12 MB, 55.25 load
[runlim] sample:		4124.13 time, 4150.01 real, 12 MB, 55.21 load
[runlim] sample:		4134.07 time, 4160.01 real, 12 MB, 55.25 load
[runlim] sample:		4144.01 time, 4170.01 real, 12 MB, 55.21 load
[runlim] sample:		4153.95 time, 4180.01 real, 12 MB, 55.18 load
[runlim] sample:		4163.89 time, 4190.01 real, 12 MB, 55.15 load
[runlim] sample:		4173.83 time, 4200.01 real, 12 MB, 55.13 load
[runlim] sample:		4183.77 time, 4210.01 real, 12 MB, 55.11 load
[runlim] sample:		4193.71 time, 4220.01 real, 12 MB, 55.31 load
[runlim] sample:		4203.65 time, 4230.01 real, 12 MB, 55.26 load
[runlim] sample:		4213.59 time, 4240.01 real, 12 MB, 55.30 load
[runlim] sample:		4223.53 time, 4250.01 real, 12 MB, 55.33 load
[runlim] sample:		4233.47 time, 4260.01 real, 12 MB, 55.28 load
[runlim] sample:		4243.41 time, 4270.01 real, 12 MB, 55.24 load
[runlim] sample:		4253.35 time, 4280.01 real, 12 MB, 55.36 load
[runlim] sample:		4263.29 time, 4290.01 real, 12 MB, 55.30 load
[runlim] sample:		4273.23 time, 4300.01 real, 12 MB, 55.33 load
[runlim] sample:		4283.17 time, 4310.01 real, 12 MB, 55.28 load
[runlim] sample:		4293.11 time, 4320.01 real, 12 MB, 55.24 load
[runlim] sample:		4303.04 time, 4330.01 real, 12 MB, 55.20 load
[runlim] sample:		4312.98 time, 4340.01 real, 12 MB, 55.17 load
[runlim] sample:		4322.92 time, 4350.01 real, 12 MB, 55.14 load
[runlim] sample:		4332.86 time, 4360.01 real, 12 MB, 55.19 load
[runlim] sample:		4342.80 time, 4370.01 real, 12 MB, 55.16 load
[runlim] sample:		4352.74 time, 4380.01 real, 12 MB, 55.14 load
[runlim] sample:		4362.68 time, 4390.01 real, 12 MB, 55.12 load
[runlim] sample:		4372.62 time, 4400.01 real, 12 MB, 55.10 load
[runlim] sample:		4382.56 time, 4410.01 real, 12 MB, 55.08 load
[runlim] sample:		4392.50 time, 4420.01 real, 12 MB, 55.87 load
[runlim] sample:		4402.44 time, 4430.01 real, 12 MB, 55.74 load
[runlim] sample:		4412.38 time, 4440.01 real, 12 MB, 55.62 load
[runlim] sample:		4422.32 time, 4450.01 real, 12 MB, 55.53 load
[runlim] sample:		4432.26 time, 4460.01 real, 12 MB, 55.44 load
[runlim] sample:		4442.20 time, 4470.01 real, 12 MB, 55.38 load
[runlim] sample:		4452.13 time, 4480.01 real, 12 MB, 55.40 load
[runlim] sample:		4462.07 time, 4490.01 real, 12 MB, 55.34 load
[runlim] sample:		4472.01 time, 4500.01 real, 12 MB, 55.36 load
[runlim] sample:		4481.95 time, 4510.01 real, 12 MB, 55.30 load
[runlim] sample:		4491.89 time, 4520.01 real, 12 MB, 55.26 load
[runlim] sample:		4501.83 time, 4530.01 real, 12 MB, 55.22 load
[runlim] sample:		4511.77 time, 4540.01 real, 12 MB, 55.18 load
[runlim] sample:		4521.71 time, 4550.01 real, 12 MB, 55.15 load
[runlim] sample:		4531.64 time, 4560.01 real, 12 MB, 55.20 load
[runlim] sample:		4541.58 time, 4570.01 real, 12 MB, 55.25 load
[runlim] sample:		4551.52 time, 4580.01 real, 12 MB, 55.21 load
[runlim] sample:		4561.46 time, 4590.01 real, 12 MB, 55.18 load
[runlim] sample:		4571.40 time, 4600.01 real, 12 MB, 55.15 load
[runlim] sample:		4581.34 time, 4610.01 real, 12 MB, 55.12 load
[runlim] sample:		4591.28 time, 4620.01 real, 12 MB, 55.25 load
[runlim] sample:		4601.22 time, 4630.01 real, 12 MB, 55.21 load
[runlim] sample:		4611.15 time, 4640.01 real, 12 MB, 55.18 load
[runlim] sample:		4621.09 time, 4650.01 real, 12 MB, 55.15 load
[runlim] sample:		4631.03 time, 4660.01 real, 12 MB, 55.13 load
[runlim] sample:		4640.97 time, 4670.01 real, 12 MB, 55.11 load
[runlim] sample:		4650.91 time, 4680.01 real, 12 MB, 55.09 load
[runlim] sample:		4660.85 time, 4690.01 real, 12 MB, 55.08 load
[runlim] sample:		4670.79 time, 4700.01 real, 12 MB, 55.06 load
[runlim] sample:		4680.73 time, 4710.01 real, 12 MB, 55.05 load
[runlim] sample:		4690.66 time, 4720.01 real, 12 MB, 55.05 load
[runlim] sample:		4700.60 time, 4730.01 real, 12 MB, 55.04 load
[runlim] sample:		4710.54 time, 4740.01 real, 12 MB, 55.03 load
[runlim] sample:		4720.48 time, 4750.01 real, 12 MB, 55.03 load
[runlim] sample:		4730.42 time, 4760.01 real, 12 MB, 55.02 load
[runlim] sample:		4740.36 time, 4770.01 real, 12 MB, 55.02 load
[runlim] sample:		4750.29 time, 4780.01 real, 12 MB, 55.10 load
[runlim] sample:		4760.23 time, 4790.01 real, 12 MB, 55.08 load
[runlim] sample:		4770.17 time, 4800.01 real, 12 MB, 55.07 load
[runlim] sample:		4780.11 time, 4810.01 real, 12 MB, 55.06 load
[runlim] sample:		4790.05 time, 4820.01 real, 12 MB, 55.05 load
[runlim] sample:		4799.99 time, 4830.01 real, 12 MB, 55.04 load
[runlim] sample:		4809.92 time, 4840.01 real, 12 MB, 55.03 load
[runlim] sample:		4819.86 time, 4850.01 real, 12 MB, 55.11 load
[runlim] sample:		4829.80 time, 4860.01 real, 12 MB, 55.09 load
[runlim] sample:		4839.74 time, 4870.01 real, 12 MB, 55.08 load
[runlim] sample:		4849.68 time, 4880.01 real, 12 MB, 55.14 load
[runlim] sample:		4859.62 time, 4890.01 real, 12 MB, 55.12 load
[runlim] sample:		4869.56 time, 4900.01 real, 12 MB, 55.17 load
[runlim] sample:		4879.49 time, 4910.01 real, 12 MB, 55.15 load
[runlim] sample:		4889.43 time, 4920.01 real, 12 MB, 55.12 load
[runlim] sample:		4899.36 time, 4930.01 real, 12 MB, 55.10 load
[runlim] sample:		4909.29 time, 4940.01 real, 12 MB, 55.09 load
[runlim] sample:		4919.22 time, 4950.01 real, 12 MB, 55.07 load
[runlim] sample:		4929.15 time, 4960.01 real, 12 MB, 55.14 load
[runlim] sample:		4939.08 time, 4970.01 real, 12 MB, 55.12 load
[runlim] sample:		4949.01 time, 4980.01 real, 12 MB, 55.10 load
[runlim] sample:		4958.94 time, 4990.01 real, 12 MB, 54.38 load
[runlim] sample:		4968.87 time, 5000.01 real, 12 MB, 53.26 load
[runlim] end:			Thu Apr  9 21:45:45 2026
[runlim] status:		out of time
[runlim] result:		2
[runlim] children:		1
[runlim] processes:		2
[runlim] real:			5000.05 seconds
[runlim] time:			4968.87 seconds
[runlim] space:			12 MB
[runlim] load:			59.52 maximum
[runlim] samples:		50000
