[runlim] version:		2.0.0rc1
[runlim] host:			o02n01
[runlim] time limit:		311040000 seconds
[runlim] real time limit:	5000 seconds
[runlim] space limit:		7000 MB
[runlim] argv[0]:		./binary
[runlim] argv[1]:		-c
[runlim] argv[2]:		-f
[runlim] argv[3]:		-r
[runlim] argv[4]:		/tmp/local-unzipped-12459994-1-20-mc2025_track1_101.cnf
[runlim] start:			Thu Apr  9 20:22:23 2026
[runlim] child:			2378247
[runlim] sample:		9.95 time, 10.01 real, 15 MB, 6.26 load
[runlim] sample:		19.91 time, 20.01 real, 24 MB, 10.62 load
[runlim] sample:		29.86 time, 30.01 real, 23 MB, 15.85 load
[runlim] sample:		39.79 time, 40.01 real, 34 MB, 21.72 load
[runlim] sample:		49.73 time, 50.01 real, 24 MB, 28.08 load
[runlim] sample:		59.67 time, 60.01 real, 35 MB, 33.77 load
[runlim] sample:		69.59 time, 70.01 real, 34 MB, 38.50 load
[runlim] sample:		79.52 time, 80.01 real, 42 MB, 42.26 load
[runlim] sample:		89.45 time, 90.01 real, 52 MB, 45.37 load
[runlim] sample:		99.39 time, 100.01 real, 54 MB, 47.92 load
[runlim] sample:		109.34 time, 110.01 real, 54 MB, 49.93 load
[runlim] sample:		119.28 time, 120.01 real, 36 MB, 51.71 load
[runlim] sample:		129.22 time, 130.01 real, 57 MB, 53.22 load
[runlim] sample:		139.17 time, 140.01 real, 57 MB, 54.49 load
[runlim] sample:		149.12 time, 150.01 real, 46 MB, 55.49 load
[runlim] sample:		159.06 time, 160.01 real, 46 MB, 56.34 load
[runlim] sample:		169.01 time, 170.01 real, 58 MB, 57.05 load
[runlim] sample:		178.96 time, 180.01 real, 49 MB, 57.51 load
[runlim] sample:		188.90 time, 190.01 real, 37 MB, 57.74 load
[runlim] sample:		198.85 time, 200.01 real, 59 MB, 57.93 load
[runlim] sample:		208.80 time, 210.01 real, 59 MB, 58.10 load
[runlim] sample:		218.74 time, 220.01 real, 59 MB, 58.24 load
[runlim] sample:		228.69 time, 230.01 real, 40 MB, 58.35 load
[runlim] sample:		238.65 time, 240.01 real, 43 MB, 58.45 load
[runlim] sample:		248.59 time, 250.01 real, 45 MB, 58.61 load
[runlim] sample:		258.54 time, 260.01 real, 45 MB, 58.67 load
[runlim] sample:		268.50 time, 270.01 real, 43 MB, 58.80 load
[runlim] sample:		278.44 time, 280.01 real, 56 MB, 58.83 load
[runlim] sample:		288.39 time, 290.01 real, 69 MB, 58.93 load
[runlim] sample:		298.34 time, 300.01 real, 69 MB, 58.94 load
[runlim] sample:		308.29 time, 310.01 real, 46 MB, 58.95 load
[runlim] sample:		318.24 time, 320.01 real, 45 MB, 58.96 load
[runlim] sample:		328.19 time, 330.01 real, 58 MB, 58.97 load
[runlim] sample:		338.14 time, 340.01 real, 59 MB, 59.05 load
[runlim] sample:		348.09 time, 350.01 real, 45 MB, 59.12 load
[runlim] sample:		358.03 time, 360.01 real, 61 MB, 59.10 load
[runlim] sample:		367.96 time, 370.01 real, 61 MB, 59.23 load
[runlim] sample:		377.90 time, 380.01 real, 62 MB, 59.19 load
[runlim] sample:		387.85 time, 390.01 real, 62 MB, 59.16 load
[runlim] sample:		397.80 time, 400.01 real, 62 MB, 59.22 load
[runlim] sample:		407.75 time, 410.01 real, 63 MB, 59.49 load
[runlim] sample:		417.70 time, 420.01 real, 78 MB, 59.42 load
[runlim] sample:		427.65 time, 430.01 real, 78 MB, 59.35 load
[runlim] sample:		437.59 time, 440.01 real, 50 MB, 59.30 load
[runlim] sample:		447.53 time, 450.01 real, 64 MB, 59.33 load
[runlim] sample:		457.49 time, 460.01 real, 81 MB, 59.52 load
[runlim] sample:		467.44 time, 470.01 real, 81 MB, 59.13 load
[runlim] sample:		477.38 time, 480.01 real, 81 MB, 58.80 load
[runlim] sample:		487.33 time, 490.01 real, 81 MB, 58.89 load
[runlim] sample:		497.27 time, 500.01 real, 81 MB, 58.53 load
[runlim] sample:		507.22 time, 510.01 real, 81 MB, 58.21 load
[runlim] sample:		517.17 time, 520.01 real, 101 MB, 58.03 load
[runlim] sample:		527.12 time, 530.01 real, 81 MB, 57.72 load
[runlim] sample:		537.06 time, 540.01 real, 87 MB, 57.45 load
[runlim] sample:		547.01 time, 550.01 real, 105 MB, 57.30 load
[runlim] sample:		556.96 time, 560.01 real, 105 MB, 57.10 load
[runlim] sample:		566.90 time, 570.01 real, 108 MB, 56.93 load
[runlim] sample:		576.85 time, 580.01 real, 108 MB, 56.79 load
[runlim] sample:		586.80 time, 590.01 real, 108 MB, 56.74 load
[runlim] sample:		596.75 time, 600.01 real, 108 MB, 56.63 load
[runlim] sample:		606.69 time, 610.01 real, 108 MB, 56.53 load
[runlim] sample:		616.64 time, 620.01 real, 108 MB, 56.52 load
[runlim] sample:		626.59 time, 630.01 real, 108 MB, 56.44 load
[runlim] sample:		636.54 time, 640.01 real, 72 MB, 56.37 load
[runlim] sample:		646.49 time, 650.01 real, 70 MB, 56.39 load
[runlim] sample:		656.43 time, 660.01 real, 90 MB, 56.33 load
[runlim] sample:		666.38 time, 670.01 real, 111 MB, 56.35 load
[runlim] sample:		676.32 time, 680.01 real, 111 MB, 56.30 load
[runlim] sample:		686.26 time, 690.01 real, 111 MB, 56.33 load
[runlim] sample:		696.20 time, 700.01 real, 111 MB, 56.36 load
[runlim] sample:		706.15 time, 710.01 real, 74 MB, 56.31 load
[runlim] sample:		716.10 time, 720.01 real, 74 MB, 56.33 load
[runlim] sample:		726.05 time, 730.01 real, 73 MB, 56.28 load
[runlim] sample:		735.99 time, 740.01 real, 92 MB, 56.24 load
[runlim] sample:		745.94 time, 750.01 real, 93 MB, 56.35 load
[runlim] sample:		755.88 time, 760.01 real, 93 MB, 56.29 load
[runlim] sample:		765.84 time, 770.01 real, 114 MB, 56.25 load
[runlim] sample:		775.79 time, 780.01 real, 114 MB, 56.21 load
[runlim] sample:		785.74 time, 790.01 real, 114 MB, 56.18 load
[runlim] sample:		795.68 time, 800.01 real, 114 MB, 56.15 load
[runlim] sample:		805.63 time, 810.01 real, 114 MB, 56.13 load
[runlim] sample:		815.58 time, 820.01 real, 114 MB, 56.11 load
[runlim] sample:		825.53 time, 830.01 real, 114 MB, 56.09 load
[runlim] sample:		835.47 time, 840.01 real, 116 MB, 56.08 load
[runlim] sample:		845.42 time, 850.01 real, 116 MB, 56.06 load
[runlim] sample:		855.37 time, 860.01 real, 116 MB, 56.05 load
[runlim] sample:		865.32 time, 870.01 real, 116 MB, 56.04 load
[runlim] sample:		875.27 time, 880.01 real, 116 MB, 56.04 load
[runlim] sample:		885.22 time, 890.01 real, 116 MB, 56.10 load
[runlim] sample:		895.17 time, 900.01 real, 121 MB, 56.09 load
[runlim] sample:		905.12 time, 910.01 real, 74 MB, 56.22 load
[runlim] sample:		915.06 time, 920.01 real, 74 MB, 56.27 load
[runlim] sample:		925.01 time, 930.01 real, 100 MB, 56.23 load
[runlim] sample:		934.96 time, 940.01 real, 74 MB, 56.27 load
[runlim] sample:		944.90 time, 950.01 real, 74 MB, 56.23 load
[runlim] sample:		954.85 time, 960.01 real, 98 MB, 56.19 load
[runlim] sample:		964.80 time, 970.01 real, 98 MB, 56.31 load
[runlim] sample:		974.74 time, 980.01 real, 124 MB, 56.26 load
[runlim] sample:		984.69 time, 990.01 real, 124 MB, 56.30 load
[runlim] sample:		994.64 time, 1000.01 real, 124 MB, 56.41 load
[runlim] sample:		1004.58 time, 1010.01 real, 124 MB, 56.42 load
[runlim] sample:		1014.54 time, 1020.01 real, 77 MB, 56.51 load
[runlim] sample:		1024.48 time, 1030.01 real, 78 MB, 56.59 load
[runlim] sample:		1034.43 time, 1040.01 real, 78 MB, 56.57 load
[runlim] sample:		1044.37 time, 1050.01 real, 79 MB, 56.48 load
[runlim] sample:		1054.32 time, 1060.01 real, 79 MB, 56.41 load
[runlim] sample:		1064.27 time, 1070.01 real, 75 MB, 56.34 load
[runlim] sample:		1074.22 time, 1080.01 real, 100 MB, 56.29 load
[runlim] sample:		1084.17 time, 1090.01 real, 125 MB, 56.40 load
[runlim] sample:		1094.11 time, 1100.01 real, 125 MB, 56.50 load
[runlim] sample:		1104.06 time, 1110.01 real, 125 MB, 56.50 load
[runlim] sample:		1114.01 time, 1120.01 real, 125 MB, 56.50 load
[runlim] sample:		1123.96 time, 1130.01 real, 125 MB, 56.42 load
[runlim] sample:		1133.91 time, 1140.01 real, 125 MB, 56.44 load
[runlim] sample:		1143.85 time, 1150.01 real, 125 MB, 56.45 load
[runlim] sample:		1153.80 time, 1160.01 real, 125 MB, 56.45 load
[runlim] sample:		1163.75 time, 1170.01 real, 125 MB, 56.38 load
[runlim] sample:		1173.69 time, 1180.01 real, 125 MB, 56.32 load
[runlim] sample:		1183.64 time, 1190.01 real, 125 MB, 56.27 load
[runlim] sample:		1193.59 time, 1200.01 real, 125 MB, 56.23 load
[runlim] sample:		1203.54 time, 1210.01 real, 125 MB, 56.35 load
[runlim] sample:		1213.49 time, 1220.01 real, 125 MB, 56.30 load
[runlim] sample:		1223.44 time, 1230.01 real, 125 MB, 56.25 load
[runlim] sample:		1233.39 time, 1240.01 real, 125 MB, 56.21 load
[runlim] sample:		1243.33 time, 1250.01 real, 125 MB, 56.25 load
[runlim] sample:		1253.28 time, 1260.01 real, 125 MB, 56.21 load
[runlim] sample:		1263.23 time, 1270.01 real, 125 MB, 56.18 load
[runlim] sample:		1273.18 time, 1280.01 real, 125 MB, 56.23 load
[runlim] sample:		1283.12 time, 1290.01 real, 125 MB, 56.19 load
[runlim] sample:		1293.07 time, 1300.01 real, 125 MB, 56.16 load
[runlim] sample:		1303.02 time, 1310.01 real, 125 MB, 56.14 load
[runlim] sample:		1312.97 time, 1320.01 real, 132 MB, 56.11 load
[runlim] sample:		1322.91 time, 1330.01 real, 132 MB, 56.10 load
[runlim] sample:		1332.86 time, 1340.01 real, 132 MB, 56.08 load
[runlim] sample:		1342.81 time, 1350.01 real, 132 MB, 56.07 load
[runlim] sample:		1352.76 time, 1360.01 real, 132 MB, 56.06 load
[runlim] sample:		1362.70 time, 1370.01 real, 132 MB, 56.12 load
[runlim] sample:		1372.65 time, 1380.01 real, 132 MB, 56.18 load
[runlim] sample:		1382.60 time, 1390.01 real, 79 MB, 56.15 load
[runlim] sample:		1392.54 time, 1400.01 real, 79 MB, 56.45 load
[runlim] sample:		1402.49 time, 1410.01 real, 80 MB, 56.45 load
[runlim] sample:		1412.44 time, 1420.01 real, 76 MB, 56.47 load
[runlim] sample:		1422.39 time, 1430.01 real, 76 MB, 56.39 load
[runlim] sample:		1432.33 time, 1440.01 real, 102 MB, 56.33 load
[runlim] sample:		1442.28 time, 1450.01 real, 102 MB, 56.28 load
[runlim] sample:		1452.23 time, 1460.01 real, 131 MB, 56.24 load
[runlim] sample:		1462.17 time, 1470.01 real, 131 MB, 56.36 load
[runlim] sample:		1472.12 time, 1480.01 real, 103 MB, 56.39 load
[runlim] sample:		1482.07 time, 1490.01 real, 103 MB, 56.49 load
[runlim] sample:		1492.01 time, 1500.01 real, 132 MB, 56.41 load
[runlim] sample:		1501.96 time, 1510.01 real, 132 MB, 56.35 load
[runlim] sample:		1511.90 time, 1520.01 real, 103 MB, 56.29 load
[runlim] sample:		1521.85 time, 1530.01 real, 103 MB, 56.33 load
[runlim] sample:		1531.80 time, 1540.01 real, 110 MB, 56.28 load
[runlim] sample:		1541.75 time, 1550.01 real, 110 MB, 56.23 load
[runlim] sample:		1551.70 time, 1560.01 real, 82 MB, 56.27 load
[runlim] sample:		1561.64 time, 1570.01 real, 82 MB, 56.31 load
[runlim] sample:		1571.59 time, 1580.01 real, 82 MB, 56.26 load
[runlim] sample:		1581.54 time, 1590.01 real, 82 MB, 56.30 load
[runlim] sample:		1591.49 time, 1600.01 real, 82 MB, 56.25 load
[runlim] sample:		1601.44 time, 1610.01 real, 83 MB, 56.22 load
[runlim] sample:		1611.38 time, 1620.01 real, 83 MB, 56.26 load
[runlim] sample:		1621.33 time, 1630.01 real, 113 MB, 56.22 load
[runlim] sample:		1631.28 time, 1640.01 real, 113 MB, 56.03 load
[runlim] sample:		1641.23 time, 1650.01 real, 113 MB, 55.95 load
[runlim] sample:		1651.17 time, 1660.01 real, 113 MB, 55.80 load
[runlim] sample:		1661.12 time, 1670.01 real, 113 MB, 55.68 load
[runlim] sample:		1671.07 time, 1680.01 real, 113 MB, 55.58 load
[runlim] sample:		1681.03 time, 1690.01 real, 145 MB, 55.49 load
[runlim] sample:		1690.98 time, 1700.01 real, 145 MB, 55.41 load
[runlim] sample:		1700.93 time, 1710.01 real, 145 MB, 55.43 load
[runlim] sample:		1710.87 time, 1720.01 real, 113 MB, 55.36 load
[runlim] sample:		1720.82 time, 1730.01 real, 113 MB, 55.31 load
[runlim] sample:		1730.77 time, 1740.01 real, 143 MB, 55.34 load
[runlim] sample:		1740.72 time, 1750.01 real, 143 MB, 55.29 load
[runlim] sample:		1750.67 time, 1760.01 real, 175 MB, 55.24 load
[runlim] sample:		1760.62 time, 1770.01 real, 175 MB, 55.20 load
[runlim] sample:		1770.57 time, 1780.01 real, 175 MB, 55.25 load
[runlim] sample:		1780.51 time, 1790.01 real, 143 MB, 55.29 load
[runlim] sample:		1790.46 time, 1800.01 real, 143 MB, 55.33 load
[runlim] sample:		1800.41 time, 1810.01 real, 175 MB, 55.28 load
[runlim] sample:		1810.36 time, 1820.01 real, 175 MB, 55.31 load
[runlim] sample:		1820.31 time, 1830.01 real, 175 MB, 55.27 load
[runlim] sample:		1830.25 time, 1840.01 real, 143 MB, 55.22 load
[runlim] sample:		1840.20 time, 1850.01 real, 143 MB, 55.27 load
[runlim] sample:		1850.15 time, 1860.01 real, 143 MB, 55.23 load
[runlim] sample:		1860.11 time, 1870.02 real, 143 MB, 55.27 load
[runlim] sample:		1870.06 time, 1880.01 real, 174 MB, 55.23 load
[runlim] sample:		1880.00 time, 1890.01 real, 174 MB, 55.28 load
[runlim] sample:		1889.95 time, 1900.01 real, 174 MB, 55.23 load
[runlim] sample:		1899.90 time, 1910.01 real, 174 MB, 55.28 load
[runlim] sample:		1909.85 time, 1920.01 real, 174 MB, 55.31 load
[runlim] sample:		1919.80 time, 1930.01 real, 174 MB, 55.26 load
[runlim] sample:		1929.75 time, 1940.01 real, 174 MB, 55.22 load
[runlim] sample:		1939.69 time, 1950.01 real, 174 MB, 55.18 load
[runlim] sample:		1949.64 time, 1960.01 real, 115 MB, 55.16 load
[runlim] sample:		1959.59 time, 1970.01 real, 115 MB, 55.13 load
[runlim] sample:		1969.53 time, 1980.01 real, 115 MB, 55.11 load
[runlim] sample:		1979.48 time, 1990.01 real, 116 MB, 55.17 load
[runlim] sample:		1989.43 time, 2000.01 real, 116 MB, 55.15 load
[runlim] sample:		1999.38 time, 2010.01 real, 116 MB, 55.12 load
[runlim] sample:		2009.33 time, 2020.01 real, 116 MB, 55.10 load
[runlim] sample:		2019.28 time, 2030.01 real, 116 MB, 55.09 load
[runlim] sample:		2029.22 time, 2040.01 real, 114 MB, 55.07 load
[runlim] sample:		2039.17 time, 2050.01 real, 114 MB, 55.14 load
[runlim] sample:		2049.12 time, 2060.01 real, 114 MB, 55.12 load
[runlim] sample:		2059.07 time, 2070.01 real, 117 MB, 55.10 load
[runlim] sample:		2069.02 time, 2080.01 real, 117 MB, 55.16 load
[runlim] sample:		2078.96 time, 2090.01 real, 111 MB, 55.21 load
[runlim] sample:		2088.91 time, 2100.01 real, 111 MB, 55.18 load
[runlim] sample:		2098.86 time, 2110.01 real, 143 MB, 55.15 load
[runlim] sample:		2108.81 time, 2120.01 real, 143 MB, 55.20 load
[runlim] sample:		2118.76 time, 2130.01 real, 143 MB, 55.17 load
[runlim] sample:		2128.70 time, 2140.01 real, 145 MB, 55.22 load
[runlim] sample:		2138.65 time, 2150.01 real, 145 MB, 55.27 load
[runlim] sample:		2148.60 time, 2160.01 real, 145 MB, 55.31 load
[runlim] sample:		2158.55 time, 2170.01 real, 145 MB, 55.26 load
[runlim] sample:		2168.50 time, 2180.01 real, 145 MB, 55.22 load
[runlim] sample:		2178.45 time, 2190.01 real, 146 MB, 55.27 load
[runlim] sample:		2188.40 time, 2200.01 real, 146 MB, 55.22 load
[runlim] sample:		2198.34 time, 2210.01 real, 145 MB, 55.19 load
[runlim] sample:		2208.29 time, 2220.01 real, 145 MB, 55.16 load
[runlim] sample:		2218.24 time, 2230.01 real, 145 MB, 55.21 load
[runlim] sample:		2228.19 time, 2240.01 real, 111 MB, 55.18 load
[runlim] sample:		2238.13 time, 2250.01 real, 111 MB, 55.23 load
[runlim] sample:		2248.08 time, 2260.01 real, 145 MB, 55.19 load
[runlim] sample:		2258.03 time, 2270.01 real, 145 MB, 55.16 load
[runlim] sample:		2267.98 time, 2280.01 real, 145 MB, 55.22 load
[runlim] sample:		2277.93 time, 2290.01 real, 111 MB, 55.27 load
[runlim] sample:		2287.87 time, 2300.01 real, 111 MB, 55.22 load
[runlim] sample:		2297.82 time, 2310.01 real, 122 MB, 55.42 load
[runlim] sample:		2307.77 time, 2320.01 real, 122 MB, 55.36 load
[runlim] sample:		2317.72 time, 2330.01 real, 122 MB, 55.30 load
[runlim] sample:		2327.67 time, 2340.01 real, 122 MB, 55.34 load
[runlim] sample:		2337.62 time, 2350.01 real, 122 MB, 55.36 load
[runlim] sample:		2347.57 time, 2360.01 real, 122 MB, 55.31 load
[runlim] sample:		2357.51 time, 2370.01 real, 122 MB, 55.34 load
[runlim] sample:		2367.46 time, 2380.01 real, 122 MB, 55.29 load
[runlim] sample:		2377.41 time, 2390.01 real, 122 MB, 55.24 load
[runlim] sample:		2387.36 time, 2400.01 real, 122 MB, 55.21 load
[runlim] sample:		2397.31 time, 2410.01 real, 123 MB, 55.17 load
[runlim] sample:		2407.26 time, 2420.01 real, 123 MB, 55.22 load
[runlim] sample:		2417.21 time, 2430.01 real, 123 MB, 55.27 load
[runlim] sample:		2427.16 time, 2440.01 real, 157 MB, 55.46 load
[runlim] sample:		2437.11 time, 2450.01 real, 157 MB, 55.39 load
[runlim] sample:		2447.05 time, 2460.01 real, 157 MB, 55.33 load
[runlim] sample:		2457.00 time, 2470.01 real, 156 MB, 55.35 load
[runlim] sample:		2466.95 time, 2480.01 real, 156 MB, 55.30 load
[runlim] sample:		2476.90 time, 2490.01 real, 156 MB, 55.25 load
[runlim] sample:		2486.85 time, 2500.01 real, 159 MB, 55.37 load
[runlim] sample:		2496.80 time, 2510.01 real, 159 MB, 55.31 load
[runlim] sample:		2506.75 time, 2520.01 real, 157 MB, 55.34 load
[runlim] sample:		2516.69 time, 2530.01 real, 157 MB, 55.28 load
[runlim] sample:		2526.64 time, 2540.01 real, 157 MB, 55.24 load
[runlim] sample:		2536.59 time, 2550.01 real, 157 MB, 55.20 load
[runlim] sample:		2546.54 time, 2560.01 real, 158 MB, 55.24 load
[runlim] sample:		2556.48 time, 2570.01 real, 158 MB, 55.29 load
[runlim] sample:		2566.43 time, 2580.01 real, 158 MB, 55.32 load
[runlim] sample:		2576.39 time, 2590.01 real, 157 MB, 55.27 load
[runlim] sample:		2586.33 time, 2600.01 real, 157 MB, 55.23 load
[runlim] sample:		2596.28 time, 2610.01 real, 157 MB, 55.19 load
[runlim] sample:		2606.22 time, 2620.01 real, 159 MB, 55.31 load
[runlim] sample:		2616.17 time, 2630.01 real, 159 MB, 55.26 load
[runlim] sample:		2626.12 time, 2640.01 real, 159 MB, 55.22 load
[runlim] sample:		2636.07 time, 2650.01 real, 158 MB, 55.19 load
[runlim] sample:		2646.02 time, 2660.01 real, 158 MB, 55.16 load
[runlim] sample:		2655.97 time, 2670.01 real, 158 MB, 55.13 load
[runlim] sample:		2665.92 time, 2680.01 real, 155 MB, 55.11 load
[runlim] sample:		2675.87 time, 2690.01 real, 155 MB, 55.10 load
[runlim] sample:		2685.82 time, 2700.01 real, 123 MB, 55.08 load
[runlim] sample:		2695.77 time, 2710.01 real, 123 MB, 55.22 load
[runlim] sample:		2705.72 time, 2720.01 real, 123 MB, 55.19 load
[runlim] sample:		2715.66 time, 2730.01 real, 157 MB, 55.16 load
[runlim] sample:		2725.61 time, 2740.01 real, 157 MB, 55.13 load
[runlim] sample:		2735.56 time, 2750.01 real, 157 MB, 55.27 load
[runlim] sample:		2745.51 time, 2760.01 real, 123 MB, 55.23 load
[runlim] sample:		2755.46 time, 2770.01 real, 123 MB, 55.19 load
[runlim] sample:		2765.41 time, 2780.01 real, 123 MB, 55.32 load
[runlim] sample:		2775.36 time, 2790.01 real, 157 MB, 55.50 load
[runlim] sample:		2785.31 time, 2800.01 real, 157 MB, 55.57 load
[runlim] sample:		2795.26 time, 2810.01 real, 157 MB, 55.72 load
[runlim] sample:		2805.21 time, 2820.01 real, 123 MB, 55.84 load
[runlim] sample:		2815.16 time, 2830.01 real, 123 MB, 55.86 load
[runlim] sample:		2825.11 time, 2840.01 real, 123 MB, 55.88 load
[runlim] sample:		2835.05 time, 2850.01 real, 161 MB, 55.98 load
[runlim] sample:		2845.00 time, 2860.01 real, 161 MB, 56.06 load
[runlim] sample:		2854.95 time, 2870.01 real, 161 MB, 56.13 load
[runlim] sample:		2864.90 time, 2880.01 real, 123 MB, 56.11 load
[runlim] sample:		2874.85 time, 2890.01 real, 123 MB, 56.09 load
[runlim] sample:		2884.80 time, 2900.01 real, 123 MB, 56.08 load
[runlim] sample:		2894.75 time, 2910.01 real, 160 MB, 55.99 load
[runlim] sample:		2904.70 time, 2920.01 real, 160 MB, 55.99 load
[runlim] sample:		2914.64 time, 2930.01 real, 160 MB, 55.99 load
[runlim] sample:		2924.59 time, 2940.01 real, 162 MB, 55.84 load
[runlim] sample:		2934.53 time, 2950.01 real, 162 MB, 55.71 load
[runlim] sample:		2944.48 time, 2960.01 real, 162 MB, 55.60 load
[runlim] sample:		2954.43 time, 2970.01 real, 123 MB, 55.51 load
[runlim] sample:		2964.38 time, 2980.01 real, 123 MB, 55.75 load
[runlim] sample:		2974.33 time, 2990.01 real, 123 MB, 55.64 load
[runlim] sample:		2984.27 time, 3000.01 real, 160 MB, 55.54 load
[runlim] sample:		2994.21 time, 3010.01 real, 160 MB, 55.45 load
[runlim] sample:		3004.15 time, 3020.01 real, 160 MB, 55.68 load
[runlim] sample:		3014.09 time, 3030.01 real, 160 MB, 55.57 load
[runlim] sample:		3024.04 time, 3040.01 real, 123 MB, 55.48 load
[runlim] sample:		3033.99 time, 3050.01 real, 123 MB, 55.49 load
[runlim] sample:		3043.94 time, 3060.01 real, 123 MB, 55.50 load
[runlim] sample:		3053.89 time, 3070.01 real, 163 MB, 55.50 load
[runlim] sample:		3063.84 time, 3080.01 real, 163 MB, 55.42 load
[runlim] sample:		3073.79 time, 3090.01 real, 163 MB, 55.36 load
[runlim] sample:		3083.74 time, 3100.01 real, 123 MB, 55.30 load
[runlim] sample:		3093.69 time, 3110.01 real, 123 MB, 55.49 load
[runlim] sample:		3103.64 time, 3120.01 real, 123 MB, 55.41 load
[runlim] sample:		3113.59 time, 3130.01 real, 160 MB, 55.35 load
[runlim] sample:		3123.54 time, 3140.01 real, 160 MB, 55.30 load
[runlim] sample:		3133.49 time, 3150.01 real, 160 MB, 55.25 load
[runlim] sample:		3143.44 time, 3160.01 real, 123 MB, 55.21 load
[runlim] sample:		3153.39 time, 3170.01 real, 123 MB, 55.26 load
[runlim] sample:		3163.34 time, 3180.01 real, 123 MB, 55.22 load
[runlim] sample:		3173.29 time, 3190.01 real, 123 MB, 55.18 load
[runlim] sample:		3183.24 time, 3200.01 real, 163 MB, 55.16 load
[runlim] sample:		3193.19 time, 3210.01 real, 163 MB, 55.13 load
[runlim] sample:		3203.14 time, 3220.01 real, 163 MB, 55.11 load
[runlim] sample:		3213.09 time, 3230.01 real, 123 MB, 55.09 load
[runlim] sample:		3223.04 time, 3240.01 real, 123 MB, 55.08 load
[runlim] sample:		3232.99 time, 3250.01 real, 123 MB, 55.21 load
[runlim] sample:		3242.93 time, 3260.01 real, 161 MB, 55.18 load
[runlim] sample:		3252.88 time, 3270.01 real, 161 MB, 55.15 load
[runlim] sample:		3262.83 time, 3280.01 real, 161 MB, 55.21 load
[runlim] sample:		3272.78 time, 3290.01 real, 123 MB, 55.18 load
[runlim] sample:		3282.73 time, 3300.01 real, 123 MB, 55.22 load
[runlim] sample:		3292.68 time, 3310.01 real, 123 MB, 55.27 load
[runlim] sample:		3302.64 time, 3320.01 real, 158 MB, 55.31 load
[runlim] sample:		3312.59 time, 3330.01 real, 158 MB, 55.26 load
[runlim] sample:		3322.54 time, 3340.01 real, 158 MB, 55.30 load
[runlim] sample:		3332.49 time, 3350.01 real, 123 MB, 55.25 load
[runlim] sample:		3342.44 time, 3360.01 real, 123 MB, 55.29 load
[runlim] sample:		3352.39 time, 3370.01 real, 123 MB, 55.24 load
[runlim] sample:		3362.34 time, 3380.01 real, 123 MB, 55.20 load
[runlim] sample:		3372.29 time, 3390.01 real, 163 MB, 55.17 load
[runlim] sample:		3382.24 time, 3400.01 real, 163 MB, 55.15 load
[runlim] sample:		3392.19 time, 3410.01 real, 163 MB, 55.12 load
[runlim] sample:		3402.14 time, 3420.01 real, 123 MB, 55.26 load
[runlim] sample:		3412.09 time, 3430.01 real, 123 MB, 55.22 load
[runlim] sample:		3422.04 time, 3440.01 real, 123 MB, 55.18 load
[runlim] sample:		3431.99 time, 3450.01 real, 156 MB, 55.16 load
[runlim] sample:		3441.94 time, 3460.01 real, 156 MB, 55.21 load
[runlim] sample:		3451.89 time, 3470.01 real, 157 MB, 55.18 load
[runlim] sample:		3461.84 time, 3480.01 real, 123 MB, 55.22 load
[runlim] sample:		3471.79 time, 3490.01 real, 123 MB, 55.19 load
[runlim] sample:		3481.74 time, 3500.01 real, 123 MB, 55.16 load
[runlim] sample:		3491.69 time, 3510.01 real, 123 MB, 55.14 load
[runlim] sample:		3501.65 time, 3520.01 real, 160 MB, 55.19 load
[runlim] sample:		3511.60 time, 3530.01 real, 161 MB, 55.16 load
[runlim] sample:		3521.55 time, 3540.01 real, 161 MB, 55.21 load
[runlim] sample:		3531.50 time, 3550.01 real, 123 MB, 55.18 load
[runlim] sample:		3541.45 time, 3560.01 real, 123 MB, 55.15 load
[runlim] sample:		3551.40 time, 3570.01 real, 123 MB, 55.13 load
[runlim] sample:		3561.35 time, 3580.01 real, 161 MB, 55.11 load
[runlim] sample:		3571.30 time, 3590.01 real, 161 MB, 55.09 load
[runlim] sample:		3581.24 time, 3600.01 real, 161 MB, 55.15 load
[runlim] sample:		3591.18 time, 3610.01 real, 123 MB, 55.13 load
[runlim] sample:		3601.12 time, 3620.01 real, 123 MB, 55.18 load
[runlim] sample:		3611.07 time, 3630.01 real, 123 MB, 55.15 load
[runlim] sample:		3621.02 time, 3640.01 real, 123 MB, 55.13 load
[runlim] sample:		3630.96 time, 3650.01 real, 162 MB, 55.11 load
[runlim] sample:		3640.91 time, 3660.01 real, 162 MB, 55.17 load
[runlim] sample:		3650.86 time, 3670.01 real, 162 MB, 55.14 load
[runlim] sample:		3660.81 time, 3680.01 real, 162 MB, 55.12 load
[runlim] sample:		3670.77 time, 3690.01 real, 123 MB, 55.10 load
[runlim] sample:		3680.72 time, 3700.01 real, 123 MB, 55.08 load
[runlim] sample:		3690.67 time, 3710.01 real, 123 MB, 55.07 load
[runlim] sample:		3700.62 time, 3720.01 real, 163 MB, 55.21 load
[runlim] sample:		3710.57 time, 3730.01 real, 163 MB, 55.17 load
[runlim] sample:		3720.52 time, 3740.01 real, 163 MB, 55.15 load
[runlim] sample:		3730.47 time, 3750.01 real, 163 MB, 55.20 load
[runlim] sample:		3740.42 time, 3760.01 real, 123 MB, 55.17 load
[runlim] sample:		3750.37 time, 3770.01 real, 123 MB, 55.14 load
[runlim] sample:		3760.32 time, 3780.01 real, 123 MB, 55.43 load
[runlim] sample:		3770.27 time, 3790.01 real, 123 MB, 55.36 load
[runlim] sample:		3780.21 time, 3800.01 real, 160 MB, 55.38 load
[runlim] sample:		3790.16 time, 3810.01 real, 160 MB, 55.32 load
[runlim] sample:		3800.11 time, 3820.01 real, 160 MB, 55.27 load
[runlim] sample:		3810.06 time, 3830.01 real, 123 MB, 55.23 load
[runlim] sample:		3820.01 time, 3840.01 real, 123 MB, 55.19 load
[runlim] sample:		3829.96 time, 3850.01 real, 123 MB, 55.16 load
[runlim] sample:		3839.92 time, 3860.01 real, 160 MB, 55.21 load
[runlim] sample:		3849.87 time, 3870.01 real, 160 MB, 55.18 load
[runlim] sample:		3859.82 time, 3880.01 real, 160 MB, 55.15 load
[runlim] sample:		3869.76 time, 3890.01 real, 160 MB, 55.13 load
[runlim] sample:		3879.71 time, 3900.01 real, 123 MB, 55.11 load
[runlim] sample:		3889.66 time, 3910.01 real, 123 MB, 55.09 load
[runlim] sample:		3899.61 time, 3920.01 real, 123 MB, 55.08 load
[runlim] sample:		3909.57 time, 3930.01 real, 161 MB, 55.06 load
[runlim] sample:		3919.51 time, 3940.01 real, 161 MB, 55.13 load
[runlim] sample:		3929.46 time, 3950.01 real, 161 MB, 55.11 load
[runlim] sample:		3939.41 time, 3960.01 real, 161 MB, 55.10 load
[runlim] sample:		3949.36 time, 3970.01 real, 123 MB, 55.16 load
[runlim] sample:		3959.31 time, 3980.01 real, 123 MB, 55.21 load
[runlim] sample:		3969.26 time, 3990.01 real, 123 MB, 55.18 load
[runlim] sample:		3979.20 time, 4000.01 real, 163 MB, 55.15 load
[runlim] sample:		3989.16 time, 4010.01 real, 164 MB, 55.13 load
[runlim] sample:		3999.11 time, 4020.01 real, 164 MB, 55.11 load
[runlim] sample:		4009.06 time, 4030.01 real, 164 MB, 55.09 load
[runlim] sample:		4019.01 time, 4040.01 real, 163 MB, 55.15 load
[runlim] sample:		4028.96 time, 4050.01 real, 163 MB, 55.13 load
[runlim] sample:		4038.91 time, 4060.01 real, 163 MB, 55.19 load
[runlim] sample:		4048.86 time, 4070.01 real, 163 MB, 55.16 load
[runlim] sample:		4058.81 time, 4080.01 real, 163 MB, 55.13 load
[runlim] sample:		4068.77 time, 4090.01 real, 163 MB, 55.11 load
[runlim] sample:		4078.71 time, 4100.01 real, 163 MB, 55.09 load
[runlim] sample:		4088.66 time, 4110.01 real, 123 MB, 55.32 load
[runlim] sample:		4098.61 time, 4120.01 real, 123 MB, 55.34 load
[runlim] sample:		4108.56 time, 4130.01 real, 123 MB, 55.29 load
[runlim] sample:		4118.52 time, 4140.01 real, 123 MB, 55.25 load
[runlim] sample:		4128.46 time, 4150.01 real, 163 MB, 55.21 load
[runlim] sample:		4138.41 time, 4160.01 real, 163 MB, 55.25 load
[runlim] sample:		4148.36 time, 4170.01 real, 163 MB, 55.21 load
[runlim] sample:		4158.31 time, 4180.01 real, 163 MB, 55.18 load
[runlim] sample:		4168.26 time, 4190.01 real, 163 MB, 55.15 load
[runlim] sample:		4178.22 time, 4200.01 real, 162 MB, 55.13 load
[runlim] sample:		4188.17 time, 4210.01 real, 162 MB, 55.11 load
[runlim] sample:		4198.12 time, 4220.01 real, 162 MB, 55.31 load
[runlim] sample:		4208.07 time, 4230.01 real, 123 MB, 55.26 load
[runlim] sample:		4218.02 time, 4240.01 real, 123 MB, 55.30 load
[runlim] sample:		4227.97 time, 4250.01 real, 123 MB, 55.33 load
[runlim] sample:		4237.92 time, 4260.01 real, 159 MB, 55.28 load
[runlim] sample:		4247.87 time, 4270.01 real, 159 MB, 55.24 load
[runlim] sample:		4257.82 time, 4280.01 real, 159 MB, 55.36 load
[runlim] sample:		4267.77 time, 4290.01 real, 159 MB, 55.30 load
[runlim] sample:		4277.73 time, 4300.01 real, 162 MB, 55.33 load
[runlim] sample:		4287.68 time, 4310.01 real, 162 MB, 55.28 load
[runlim] sample:		4297.63 time, 4320.01 real, 162 MB, 55.24 load
[runlim] sample:		4307.58 time, 4330.01 real, 162 MB, 55.20 load
[runlim] sample:		4317.52 time, 4340.01 real, 162 MB, 55.17 load
[runlim] sample:		4327.47 time, 4350.01 real, 162 MB, 55.14 load
[runlim] sample:		4337.42 time, 4360.01 real, 162 MB, 55.19 load
[runlim] sample:		4347.37 time, 4370.01 real, 162 MB, 55.16 load
[runlim] sample:		4357.33 time, 4380.01 real, 167 MB, 55.14 load
[runlim] sample:		4367.28 time, 4390.01 real, 167 MB, 55.12 load
[runlim] sample:		4377.23 time, 4400.01 real, 167 MB, 55.10 load
[runlim] sample:		4387.18 time, 4410.01 real, 167 MB, 55.08 load
[runlim] sample:		4397.13 time, 4420.01 real, 167 MB, 55.87 load
[runlim] sample:		4407.08 time, 4430.01 real, 165 MB, 55.74 load
[runlim] sample:		4417.03 time, 4440.01 real, 165 MB, 55.62 load
[runlim] sample:		4426.98 time, 4450.01 real, 165 MB, 55.53 load
[runlim] sample:		4436.93 time, 4460.01 real, 165 MB, 55.44 load
[runlim] sample:		4446.88 time, 4470.01 real, 163 MB, 55.38 load
[runlim] sample:		4456.83 time, 4480.01 real, 163 MB, 55.40 load
[runlim] sample:		4466.78 time, 4490.01 real, 163 MB, 55.34 load
[runlim] sample:		4476.73 time, 4500.01 real, 163 MB, 55.36 load
[runlim] sample:		4486.69 time, 4510.01 real, 159 MB, 55.30 load
[runlim] sample:		4496.64 time, 4520.01 real, 159 MB, 55.26 load
[runlim] sample:		4506.59 time, 4530.01 real, 159 MB, 55.22 load
[runlim] sample:		4516.54 time, 4540.01 real, 159 MB, 55.18 load
[runlim] sample:		4526.49 time, 4550.01 real, 166 MB, 55.15 load
[runlim] sample:		4536.44 time, 4560.01 real, 166 MB, 55.20 load
[runlim] sample:		4546.39 time, 4570.01 real, 166 MB, 55.25 load
[runlim] sample:		4556.34 time, 4580.01 real, 166 MB, 55.21 load
[runlim] sample:		4566.29 time, 4590.01 real, 164 MB, 55.18 load
[runlim] sample:		4576.24 time, 4600.01 real, 164 MB, 55.15 load
[runlim] sample:		4586.19 time, 4610.01 real, 164 MB, 55.12 load
[runlim] sample:		4596.14 time, 4620.01 real, 164 MB, 55.25 load
[runlim] sample:		4606.09 time, 4630.01 real, 164 MB, 55.21 load
[runlim] sample:		4616.05 time, 4640.01 real, 164 MB, 55.18 load
[runlim] sample:		4626.00 time, 4650.01 real, 164 MB, 55.15 load
[runlim] sample:		4635.95 time, 4660.01 real, 164 MB, 55.13 load
[runlim] sample:		4645.90 time, 4670.01 real, 164 MB, 55.11 load
[runlim] sample:		4655.84 time, 4680.01 real, 164 MB, 55.09 load
[runlim] sample:		4665.79 time, 4690.01 real, 164 MB, 55.08 load
[runlim] sample:		4675.75 time, 4700.01 real, 164 MB, 55.06 load
[runlim] sample:		4685.70 time, 4710.01 real, 164 MB, 55.05 load
[runlim] sample:		4695.65 time, 4720.01 real, 164 MB, 55.05 load
[runlim] sample:		4705.60 time, 4730.01 real, 164 MB, 55.04 load
[runlim] sample:		4715.55 time, 4740.01 real, 164 MB, 55.03 load
[runlim] sample:		4725.50 time, 4750.01 real, 164 MB, 55.03 load
[runlim] sample:		4735.45 time, 4760.01 real, 164 MB, 55.02 load
[runlim] sample:		4745.39 time, 4770.01 real, 161 MB, 55.02 load
[runlim] sample:		4755.34 time, 4780.01 real, 161 MB, 55.10 load
[runlim] sample:		4765.30 time, 4790.01 real, 161 MB, 55.08 load
[runlim] sample:		4775.25 time, 4800.01 real, 163 MB, 55.07 load
[runlim] sample:		4785.20 time, 4810.01 real, 163 MB, 55.06 load
[runlim] sample:		4795.15 time, 4820.01 real, 163 MB, 55.05 load
[runlim] sample:		4805.10 time, 4830.01 real, 163 MB, 55.04 load
[runlim] sample:		4815.05 time, 4840.01 real, 163 MB, 55.03 load
[runlim] sample:		4825.01 time, 4850.01 real, 166 MB, 55.11 load
[runlim] sample:		4834.96 time, 4860.01 real, 166 MB, 55.09 load
[runlim] sample:		4844.91 time, 4870.01 real, 166 MB, 55.08 load
[runlim] sample:		4854.86 time, 4880.01 real, 166 MB, 55.14 load
[runlim] sample:		4864.81 time, 4890.01 real, 166 MB, 55.12 load
[runlim] sample:		4874.75 time, 4900.01 real, 165 MB, 55.17 load
[runlim] sample:		4884.70 time, 4910.01 real, 165 MB, 55.15 load
[runlim] sample:		4894.65 time, 4920.01 real, 165 MB, 55.12 load
[runlim] sample:		4904.60 time, 4930.01 real, 165 MB, 55.10 load
[runlim] sample:		4914.55 time, 4940.01 real, 165 MB, 55.09 load
[runlim] sample:		4924.50 time, 4950.01 real, 165 MB, 55.07 load
[runlim] sample:		4934.45 time, 4960.01 real, 165 MB, 55.14 load
[runlim] sample:		4944.40 time, 4970.01 real, 165 MB, 55.12 load
[runlim] sample:		4954.36 time, 4980.01 real, 163 MB, 55.10 load
[runlim] sample:		4964.30 time, 4990.01 real, 163 MB, 54.38 load
[runlim] sample:		4974.25 time, 5000.01 real, 163 MB, 53.26 load
[runlim] end:			Thu Apr  9 21:45:43 2026
[runlim] status:		out of time
[runlim] result:		2
[runlim] children:		1
[runlim] processes:		2
[runlim] real:			5000.05 seconds
[runlim] time:			4974.25 seconds
[runlim] space:			210 MB
[runlim] load:			59.52 maximum
[runlim] samples:		50000
