[runlim] version:		2.0.0rc1
[runlim] host:			o02n01
[runlim] time limit:		311040000 seconds
[runlim] real time limit:	5000 seconds
[runlim] space limit:		7000 MB
[runlim] argv[0]:		./binary
[runlim] argv[1]:		-c
[runlim] argv[2]:		-f
[runlim] argv[3]:		-r
[runlim] argv[4]:		/tmp/local-unzipped-12459994-1-38-mc2025_track1_059.cnf
[runlim] start:			Thu Apr  9 20:22:41 2026
[runlim] child:			2378847
[runlim] sample:		9.95 time, 10.01 real, 4 MB, 15.85 load
[runlim] sample:		19.89 time, 20.01 real, 4 MB, 21.72 load
[runlim] sample:		29.82 time, 30.01 real, 4 MB, 28.08 load
[runlim] sample:		39.75 time, 40.01 real, 4 MB, 33.77 load
[runlim] sample:		49.68 time, 50.01 real, 4 MB, 38.50 load
[runlim] sample:		59.61 time, 60.01 real, 4 MB, 42.26 load
[runlim] sample:		69.54 time, 70.01 real, 4 MB, 45.37 load
[runlim] sample:		79.48 time, 80.01 real, 4 MB, 47.92 load
[runlim] sample:		89.42 time, 90.01 real, 4 MB, 49.93 load
[runlim] sample:		99.36 time, 100.01 real, 4 MB, 51.71 load
[runlim] sample:		109.30 time, 110.01 real, 4 MB, 53.22 load
[runlim] sample:		119.24 time, 120.01 real, 4 MB, 54.49 load
[runlim] sample:		129.19 time, 130.01 real, 4 MB, 55.49 load
[runlim] sample:		139.13 time, 140.01 real, 4 MB, 56.34 load
[runlim] sample:		149.08 time, 150.01 real, 4 MB, 57.05 load
[runlim] sample:		159.02 time, 160.01 real, 4 MB, 57.51 load
[runlim] sample:		168.96 time, 170.01 real, 4 MB, 57.74 load
[runlim] sample:		178.90 time, 180.01 real, 4 MB, 57.93 load
[runlim] sample:		188.84 time, 190.01 real, 4 MB, 58.10 load
[runlim] sample:		198.78 time, 200.01 real, 4 MB, 58.24 load
[runlim] sample:		208.71 time, 210.01 real, 4 MB, 58.35 load
[runlim] sample:		218.65 time, 220.01 real, 4 MB, 58.45 load
[runlim] sample:		228.59 time, 230.01 real, 4 MB, 58.61 load
[runlim] sample:		238.53 time, 240.01 real, 4 MB, 58.67 load
[runlim] sample:		248.47 time, 250.01 real, 4 MB, 58.80 load
[runlim] sample:		258.41 time, 260.01 real, 4 MB, 58.83 load
[runlim] sample:		268.35 time, 270.01 real, 4 MB, 58.93 load
[runlim] sample:		278.30 time, 280.01 real, 4 MB, 58.94 load
[runlim] sample:		288.24 time, 290.01 real, 4 MB, 58.95 load
[runlim] sample:		298.18 time, 300.01 real, 4 MB, 58.96 load
[runlim] sample:		308.12 time, 310.01 real, 4 MB, 58.97 load
[runlim] sample:		318.06 time, 320.01 real, 4 MB, 59.05 load
[runlim] sample:		328.00 time, 330.01 real, 4 MB, 59.12 load
[runlim] sample:		337.94 time, 340.01 real, 4 MB, 59.10 load
[runlim] sample:		347.87 time, 350.01 real, 4 MB, 59.23 load
[runlim] sample:		357.81 time, 360.01 real, 4 MB, 59.19 load
[runlim] sample:		367.75 time, 370.01 real, 4 MB, 59.16 load
[runlim] sample:		377.69 time, 380.01 real, 4 MB, 59.22 load
[runlim] sample:		387.63 time, 390.01 real, 4 MB, 59.49 load
[runlim] sample:		397.56 time, 400.01 real, 4 MB, 59.42 load
[runlim] sample:		407.50 time, 410.01 real, 4 MB, 59.35 load
[runlim] sample:		417.44 time, 420.01 real, 4 MB, 59.30 load
[runlim] sample:		427.38 time, 430.01 real, 4 MB, 59.33 load
[runlim] sample:		437.32 time, 440.01 real, 4 MB, 59.52 load
[runlim] sample:		447.26 time, 450.01 real, 4 MB, 59.13 load
[runlim] sample:		457.20 time, 460.01 real, 4 MB, 58.80 load
[runlim] sample:		467.14 time, 470.01 real, 4 MB, 58.89 load
[runlim] sample:		477.08 time, 480.01 real, 4 MB, 58.53 load
[runlim] sample:		487.02 time, 490.01 real, 4 MB, 58.21 load
[runlim] sample:		496.96 time, 500.01 real, 4 MB, 58.03 load
[runlim] sample:		506.91 time, 510.01 real, 4 MB, 57.72 load
[runlim] sample:		516.85 time, 520.01 real, 4 MB, 57.45 load
[runlim] sample:		526.79 time, 530.01 real, 4 MB, 57.30 load
[runlim] sample:		536.73 time, 540.01 real, 4 MB, 57.10 load
[runlim] sample:		546.68 time, 550.01 real, 4 MB, 56.93 load
[runlim] sample:		556.62 time, 560.01 real, 4 MB, 56.79 load
[runlim] sample:		566.56 time, 570.01 real, 4 MB, 56.74 load
[runlim] sample:		576.50 time, 580.01 real, 4 MB, 56.63 load
[runlim] sample:		586.44 time, 590.01 real, 4 MB, 56.53 load
[runlim] sample:		596.39 time, 600.01 real, 4 MB, 56.52 load
[runlim] sample:		606.33 time, 610.01 real, 4 MB, 56.44 load
[runlim] sample:		616.27 time, 620.01 real, 4 MB, 56.37 load
[runlim] sample:		626.21 time, 630.01 real, 4 MB, 56.39 load
[runlim] sample:		636.15 time, 640.01 real, 4 MB, 56.33 load
[runlim] sample:		646.10 time, 650.01 real, 4 MB, 56.35 load
[runlim] sample:		656.04 time, 660.01 real, 4 MB, 56.30 load
[runlim] sample:		665.98 time, 670.01 real, 4 MB, 56.33 load
[runlim] sample:		675.92 time, 680.01 real, 4 MB, 56.36 load
[runlim] sample:		685.87 time, 690.01 real, 4 MB, 56.31 load
[runlim] sample:		695.81 time, 700.01 real, 4 MB, 56.33 load
[runlim] sample:		705.75 time, 710.01 real, 4 MB, 56.28 load
[runlim] sample:		715.69 time, 720.01 real, 4 MB, 56.24 load
[runlim] sample:		725.63 time, 730.01 real, 4 MB, 56.35 load
[runlim] sample:		735.57 time, 740.01 real, 4 MB, 56.29 load
[runlim] sample:		745.52 time, 750.01 real, 4 MB, 56.25 load
[runlim] sample:		755.46 time, 760.01 real, 4 MB, 56.21 load
[runlim] sample:		765.40 time, 770.01 real, 4 MB, 56.18 load
[runlim] sample:		775.35 time, 780.01 real, 4 MB, 56.15 load
[runlim] sample:		785.29 time, 790.01 real, 4 MB, 56.13 load
[runlim] sample:		795.24 time, 800.01 real, 4 MB, 56.11 load
[runlim] sample:		805.18 time, 810.01 real, 4 MB, 56.09 load
[runlim] sample:		815.12 time, 820.01 real, 4 MB, 56.08 load
[runlim] sample:		825.06 time, 830.01 real, 4 MB, 56.06 load
[runlim] sample:		835.00 time, 840.01 real, 4 MB, 56.05 load
[runlim] sample:		844.94 time, 850.01 real, 4 MB, 56.04 load
[runlim] sample:		854.89 time, 860.01 real, 4 MB, 56.04 load
[runlim] sample:		864.83 time, 870.01 real, 4 MB, 56.10 load
[runlim] sample:		874.78 time, 880.01 real, 4 MB, 56.09 load
[runlim] sample:		884.72 time, 890.01 real, 4 MB, 56.22 load
[runlim] sample:		894.66 time, 900.01 real, 4 MB, 56.27 load
[runlim] sample:		904.61 time, 910.01 real, 4 MB, 56.23 load
[runlim] sample:		914.55 time, 920.01 real, 4 MB, 56.27 load
[runlim] sample:		924.49 time, 930.01 real, 4 MB, 56.23 load
[runlim] sample:		934.43 time, 940.01 real, 4 MB, 56.19 load
[runlim] sample:		944.38 time, 950.01 real, 4 MB, 56.31 load
[runlim] sample:		954.32 time, 960.01 real, 4 MB, 56.26 load
[runlim] sample:		964.26 time, 970.01 real, 4 MB, 56.30 load
[runlim] sample:		974.21 time, 980.01 real, 4 MB, 56.41 load
[runlim] sample:		984.15 time, 990.01 real, 4 MB, 56.42 load
[runlim] sample:		994.09 time, 1000.01 real, 4 MB, 56.51 load
[runlim] sample:		1004.03 time, 1010.01 real, 4 MB, 56.59 load
[runlim] sample:		1013.97 time, 1020.01 real, 4 MB, 56.57 load
[runlim] sample:		1023.91 time, 1030.01 real, 4 MB, 56.48 load
[runlim] sample:		1033.85 time, 1040.01 real, 4 MB, 56.41 load
[runlim] sample:		1043.79 time, 1050.01 real, 4 MB, 56.34 load
[runlim] sample:		1053.74 time, 1060.01 real, 4 MB, 56.29 load
[runlim] sample:		1063.68 time, 1070.01 real, 4 MB, 56.40 load
[runlim] sample:		1073.62 time, 1080.01 real, 4 MB, 56.50 load
[runlim] sample:		1083.56 time, 1090.01 real, 4 MB, 56.50 load
[runlim] sample:		1093.51 time, 1100.01 real, 4 MB, 56.50 load
[runlim] sample:		1103.45 time, 1110.01 real, 4 MB, 56.42 load
[runlim] sample:		1113.39 time, 1120.01 real, 4 MB, 56.44 load
[runlim] sample:		1123.33 time, 1130.01 real, 4 MB, 56.45 load
[runlim] sample:		1133.27 time, 1140.01 real, 4 MB, 56.45 load
[runlim] sample:		1143.21 time, 1150.01 real, 4 MB, 56.38 load
[runlim] sample:		1153.16 time, 1160.01 real, 4 MB, 56.32 load
[runlim] sample:		1163.10 time, 1170.01 real, 4 MB, 56.27 load
[runlim] sample:		1173.04 time, 1180.01 real, 4 MB, 56.23 load
[runlim] sample:		1182.99 time, 1190.01 real, 4 MB, 56.35 load
[runlim] sample:		1192.93 time, 1200.01 real, 4 MB, 56.30 load
[runlim] sample:		1202.87 time, 1210.01 real, 4 MB, 56.25 load
[runlim] sample:		1212.81 time, 1220.01 real, 4 MB, 56.21 load
[runlim] sample:		1222.75 time, 1230.01 real, 4 MB, 56.25 load
[runlim] sample:		1232.70 time, 1240.01 real, 4 MB, 56.21 load
[runlim] sample:		1242.64 time, 1250.01 real, 4 MB, 56.18 load
[runlim] sample:		1252.58 time, 1260.01 real, 4 MB, 56.23 load
[runlim] sample:		1262.52 time, 1270.01 real, 4 MB, 56.19 load
[runlim] sample:		1272.46 time, 1280.01 real, 4 MB, 56.16 load
[runlim] sample:		1282.40 time, 1290.01 real, 4 MB, 56.14 load
[runlim] sample:		1292.34 time, 1300.01 real, 4 MB, 56.11 load
[runlim] sample:		1302.29 time, 1310.01 real, 4 MB, 56.10 load
[runlim] sample:		1312.23 time, 1320.01 real, 4 MB, 56.08 load
[runlim] sample:		1322.18 time, 1330.01 real, 4 MB, 56.07 load
[runlim] sample:		1332.12 time, 1340.01 real, 4 MB, 56.06 load
[runlim] sample:		1342.06 time, 1350.01 real, 4 MB, 56.12 load
[runlim] sample:		1352.01 time, 1360.01 real, 4 MB, 56.18 load
[runlim] sample:		1361.95 time, 1370.01 real, 4 MB, 56.15 load
[runlim] sample:		1371.89 time, 1380.01 real, 4 MB, 56.45 load
[runlim] sample:		1381.83 time, 1390.01 real, 4 MB, 56.45 load
[runlim] sample:		1391.77 time, 1400.01 real, 4 MB, 56.47 load
[runlim] sample:		1401.71 time, 1410.01 real, 4 MB, 56.39 load
[runlim] sample:		1411.66 time, 1420.01 real, 4 MB, 56.33 load
[runlim] sample:		1421.60 time, 1430.01 real, 4 MB, 56.28 load
[runlim] sample:		1431.54 time, 1440.01 real, 4 MB, 56.24 load
[runlim] sample:		1441.49 time, 1450.01 real, 4 MB, 56.36 load
[runlim] sample:		1451.43 time, 1460.01 real, 4 MB, 56.39 load
[runlim] sample:		1461.37 time, 1470.01 real, 4 MB, 56.49 load
[runlim] sample:		1471.31 time, 1480.01 real, 4 MB, 56.41 load
[runlim] sample:		1481.25 time, 1490.01 real, 4 MB, 56.35 load
[runlim] sample:		1491.19 time, 1500.01 real, 4 MB, 56.29 load
[runlim] sample:		1501.13 time, 1510.01 real, 4 MB, 56.33 load
[runlim] sample:		1511.07 time, 1520.01 real, 4 MB, 56.28 load
[runlim] sample:		1521.01 time, 1530.01 real, 4 MB, 56.23 load
[runlim] sample:		1530.95 time, 1540.01 real, 4 MB, 56.27 load
[runlim] sample:		1540.89 time, 1550.01 real, 4 MB, 56.31 load
[runlim] sample:		1550.84 time, 1560.01 real, 4 MB, 56.26 load
[runlim] sample:		1560.78 time, 1570.01 real, 4 MB, 56.30 load
[runlim] sample:		1570.72 time, 1580.01 real, 4 MB, 56.25 load
[runlim] sample:		1580.67 time, 1590.01 real, 4 MB, 56.22 load
[runlim] sample:		1590.61 time, 1600.01 real, 4 MB, 56.26 load
[runlim] sample:		1600.55 time, 1610.01 real, 4 MB, 56.22 load
[runlim] sample:		1610.50 time, 1620.01 real, 4 MB, 56.03 load
[runlim] sample:		1620.44 time, 1630.01 real, 4 MB, 55.95 load
[runlim] sample:		1630.38 time, 1640.01 real, 4 MB, 55.80 load
[runlim] sample:		1640.32 time, 1650.01 real, 4 MB, 55.68 load
[runlim] sample:		1650.27 time, 1660.01 real, 4 MB, 55.58 load
[runlim] sample:		1660.21 time, 1670.01 real, 4 MB, 55.49 load
[runlim] sample:		1670.16 time, 1680.01 real, 4 MB, 55.41 load
[runlim] sample:		1680.10 time, 1690.01 real, 4 MB, 55.43 load
[runlim] sample:		1690.04 time, 1700.01 real, 4 MB, 55.36 load
[runlim] sample:		1699.99 time, 1710.01 real, 4 MB, 55.31 load
[runlim] sample:		1709.93 time, 1720.01 real, 4 MB, 55.34 load
[runlim] sample:		1719.87 time, 1730.01 real, 4 MB, 55.29 load
[runlim] sample:		1729.82 time, 1740.01 real, 4 MB, 55.24 load
[runlim] sample:		1739.76 time, 1750.01 real, 4 MB, 55.20 load
[runlim] sample:		1749.71 time, 1760.01 real, 4 MB, 55.25 load
[runlim] sample:		1759.65 time, 1770.01 real, 4 MB, 55.29 load
[runlim] sample:		1769.59 time, 1780.01 real, 4 MB, 55.33 load
[runlim] sample:		1779.53 time, 1790.01 real, 4 MB, 55.28 load
[runlim] sample:		1789.48 time, 1800.01 real, 4 MB, 55.31 load
[runlim] sample:		1799.42 time, 1810.01 real, 4 MB, 55.27 load
[runlim] sample:		1809.36 time, 1820.01 real, 4 MB, 55.22 load
[runlim] sample:		1819.30 time, 1830.01 real, 4 MB, 55.27 load
[runlim] sample:		1829.25 time, 1840.01 real, 4 MB, 55.23 load
[runlim] sample:		1839.19 time, 1850.01 real, 4 MB, 55.27 load
[runlim] sample:		1849.13 time, 1860.01 real, 4 MB, 55.23 load
[runlim] sample:		1859.07 time, 1870.01 real, 4 MB, 55.28 load
[runlim] sample:		1869.02 time, 1880.01 real, 4 MB, 55.23 load
[runlim] sample:		1878.96 time, 1890.01 real, 4 MB, 55.28 load
[runlim] sample:		1888.90 time, 1900.01 real, 4 MB, 55.31 load
[runlim] sample:		1898.84 time, 1910.01 real, 4 MB, 55.26 load
[runlim] sample:		1908.78 time, 1920.01 real, 4 MB, 55.22 load
[runlim] sample:		1918.73 time, 1930.01 real, 4 MB, 55.18 load
[runlim] sample:		1928.67 time, 1940.01 real, 4 MB, 55.16 load
[runlim] sample:		1938.61 time, 1950.01 real, 4 MB, 55.13 load
[runlim] sample:		1948.55 time, 1960.01 real, 4 MB, 55.11 load
[runlim] sample:		1958.49 time, 1970.01 real, 4 MB, 55.17 load
[runlim] sample:		1968.43 time, 1980.01 real, 4 MB, 55.15 load
[runlim] sample:		1978.38 time, 1990.01 real, 4 MB, 55.12 load
[runlim] sample:		1988.32 time, 2000.01 real, 4 MB, 55.10 load
[runlim] sample:		1998.26 time, 2010.01 real, 4 MB, 55.09 load
[runlim] sample:		2008.20 time, 2020.01 real, 4 MB, 55.07 load
[runlim] sample:		2018.15 time, 2030.01 real, 4 MB, 55.14 load
[runlim] sample:		2028.09 time, 2040.01 real, 4 MB, 55.12 load
[runlim] sample:		2038.03 time, 2050.01 real, 4 MB, 55.10 load
[runlim] sample:		2047.97 time, 2060.01 real, 4 MB, 55.16 load
[runlim] sample:		2057.92 time, 2070.01 real, 4 MB, 55.23 load
[runlim] sample:		2067.86 time, 2080.01 real, 4 MB, 55.20 load
[runlim] sample:		2077.80 time, 2090.01 real, 4 MB, 55.16 load
[runlim] sample:		2087.74 time, 2100.01 real, 4 MB, 55.22 load
[runlim] sample:		2097.68 time, 2110.01 real, 4 MB, 55.18 load
[runlim] sample:		2107.63 time, 2120.01 real, 4 MB, 55.16 load
[runlim] sample:		2117.57 time, 2130.01 real, 4 MB, 55.21 load
[runlim] sample:		2127.51 time, 2140.01 real, 4 MB, 55.25 load
[runlim] sample:		2137.46 time, 2150.01 real, 4 MB, 55.28 load
[runlim] sample:		2147.40 time, 2160.01 real, 4 MB, 55.24 load
[runlim] sample:		2157.34 time, 2170.01 real, 4 MB, 55.20 load
[runlim] sample:		2167.29 time, 2180.01 real, 4 MB, 55.24 load
[runlim] sample:		2177.23 time, 2190.01 real, 4 MB, 55.21 load
[runlim] sample:		2187.17 time, 2200.01 real, 4 MB, 55.17 load
[runlim] sample:		2197.12 time, 2210.01 real, 4 MB, 55.23 load
[runlim] sample:		2207.06 time, 2220.01 real, 4 MB, 55.19 load
[runlim] sample:		2217.00 time, 2230.01 real, 4 MB, 55.16 load
[runlim] sample:		2226.94 time, 2240.01 real, 4 MB, 55.21 load
[runlim] sample:		2236.88 time, 2250.01 real, 4 MB, 55.18 load
[runlim] sample:		2246.82 time, 2260.01 real, 4 MB, 55.15 load
[runlim] sample:		2256.76 time, 2270.01 real, 4 MB, 55.20 load
[runlim] sample:		2266.70 time, 2280.01 real, 4 MB, 55.24 load
[runlim] sample:		2276.64 time, 2290.01 real, 4 MB, 55.29 load
[runlim] sample:		2286.58 time, 2300.01 real, 4 MB, 55.39 load
[runlim] sample:		2296.52 time, 2310.01 real, 4 MB, 55.33 load
[runlim] sample:		2306.46 time, 2320.01 real, 4 MB, 55.28 load
[runlim] sample:		2316.41 time, 2330.01 real, 4 MB, 55.31 load
[runlim] sample:		2326.35 time, 2340.01 real, 4 MB, 55.34 load
[runlim] sample:		2336.29 time, 2350.01 real, 4 MB, 55.28 load
[runlim] sample:		2346.23 time, 2360.01 real, 4 MB, 55.31 load
[runlim] sample:		2356.17 time, 2370.01 real, 4 MB, 55.26 load
[runlim] sample:		2366.12 time, 2380.01 real, 4 MB, 55.22 load
[runlim] sample:		2376.06 time, 2390.01 real, 4 MB, 55.19 load
[runlim] sample:		2386.00 time, 2400.01 real, 4 MB, 55.24 load
[runlim] sample:		2395.94 time, 2410.01 real, 4 MB, 55.20 load
[runlim] sample:		2405.88 time, 2420.01 real, 4 MB, 55.33 load
[runlim] sample:		2415.82 time, 2430.01 real, 4 MB, 55.42 load
[runlim] sample:		2425.76 time, 2440.01 real, 4 MB, 55.36 load
[runlim] sample:		2435.71 time, 2450.01 real, 4 MB, 55.38 load
[runlim] sample:		2445.65 time, 2460.01 real, 4 MB, 55.32 load
[runlim] sample:		2455.59 time, 2470.01 real, 4 MB, 55.27 load
[runlim] sample:		2465.53 time, 2480.01 real, 4 MB, 55.31 load
[runlim] sample:		2475.48 time, 2490.01 real, 4 MB, 55.34 load
[runlim] sample:		2485.42 time, 2500.01 real, 4 MB, 55.37 load
[runlim] sample:		2495.36 time, 2510.01 real, 4 MB, 55.31 load
[runlim] sample:		2505.30 time, 2520.01 real, 4 MB, 55.26 load
[runlim] sample:		2515.25 time, 2530.01 real, 4 MB, 55.22 load
[runlim] sample:		2525.19 time, 2540.01 real, 4 MB, 55.27 load
[runlim] sample:		2535.13 time, 2550.01 real, 4 MB, 55.22 load
[runlim] sample:		2545.07 time, 2560.01 real, 4 MB, 55.26 load
[runlim] sample:		2555.02 time, 2570.01 real, 4 MB, 55.30 load
[runlim] sample:		2564.96 time, 2580.01 real, 4 MB, 55.25 load
[runlim] sample:		2574.90 time, 2590.01 real, 4 MB, 55.21 load
[runlim] sample:		2584.84 time, 2600.01 real, 4 MB, 55.34 load
[runlim] sample:		2594.78 time, 2610.01 real, 4 MB, 55.29 load
[runlim] sample:		2604.72 time, 2620.01 real, 4 MB, 55.24 load
[runlim] sample:		2614.66 time, 2630.01 real, 4 MB, 55.20 load
[runlim] sample:		2624.60 time, 2640.01 real, 4 MB, 55.17 load
[runlim] sample:		2634.54 time, 2650.01 real, 4 MB, 55.15 load
[runlim] sample:		2644.48 time, 2660.01 real, 4 MB, 55.12 load
[runlim] sample:		2654.42 time, 2670.01 real, 4 MB, 55.10 load
[runlim] sample:		2664.36 time, 2680.01 real, 4 MB, 55.09 load
[runlim] sample:		2674.30 time, 2690.01 real, 4 MB, 55.15 load
[runlim] sample:		2684.25 time, 2700.01 real, 4 MB, 55.20 load
[runlim] sample:		2694.19 time, 2710.01 real, 4 MB, 55.17 load
[runlim] sample:		2704.14 time, 2720.01 real, 4 MB, 55.14 load
[runlim] sample:		2714.08 time, 2730.01 real, 4 MB, 55.20 load
[runlim] sample:		2724.02 time, 2740.01 real, 4 MB, 55.25 load
[runlim] sample:		2733.97 time, 2750.01 real, 4 MB, 55.21 load
[runlim] sample:		2743.91 time, 2760.01 real, 4 MB, 55.26 load
[runlim] sample:		2753.85 time, 2770.01 real, 4 MB, 55.45 load
[runlim] sample:		2763.79 time, 2780.01 real, 4 MB, 55.54 load
[runlim] sample:		2773.74 time, 2790.01 real, 4 MB, 55.61 load
[runlim] sample:		2783.68 time, 2800.01 real, 4 MB, 55.82 load
[runlim] sample:		2793.62 time, 2810.01 real, 4 MB, 55.85 load
[runlim] sample:		2803.57 time, 2820.01 real, 4 MB, 55.87 load
[runlim] sample:		2813.51 time, 2830.01 real, 4 MB, 55.89 load
[runlim] sample:		2823.45 time, 2840.01 real, 4 MB, 56.06 load
[runlim] sample:		2833.39 time, 2850.01 real, 4 MB, 56.05 load
[runlim] sample:		2843.33 time, 2860.01 real, 4 MB, 56.12 load
[runlim] sample:		2853.27 time, 2870.01 real, 4 MB, 56.10 load
[runlim] sample:		2863.21 time, 2880.01 real, 4 MB, 56.00 load
[runlim] sample:		2873.15 time, 2890.01 real, 4 MB, 56.08 load
[runlim] sample:		2883.09 time, 2900.01 real, 4 MB, 55.99 load
[runlim] sample:		2893.03 time, 2910.01 real, 4 MB, 55.99 load
[runlim] sample:		2902.97 time, 2920.01 real, 4 MB, 55.91 load
[runlim] sample:		2912.91 time, 2930.01 real, 4 MB, 55.77 load
[runlim] sample:		2922.84 time, 2940.01 real, 4 MB, 55.65 load
[runlim] sample:		2932.78 time, 2950.01 real, 4 MB, 55.55 load
[runlim] sample:		2942.72 time, 2960.01 real, 4 MB, 55.47 load
[runlim] sample:		2952.66 time, 2970.01 real, 4 MB, 55.69 load
[runlim] sample:		2962.60 time, 2980.01 real, 4 MB, 55.58 load
[runlim] sample:		2972.54 time, 2990.01 real, 4 MB, 55.49 load
[runlim] sample:		2982.48 time, 3000.01 real, 4 MB, 55.74 load
[runlim] sample:		2992.42 time, 3010.01 real, 4 MB, 55.62 load
[runlim] sample:		3002.36 time, 3020.01 real, 4 MB, 55.53 load
[runlim] sample:		3012.30 time, 3030.01 real, 4 MB, 55.45 load
[runlim] sample:		3022.24 time, 3040.01 real, 4 MB, 55.45 load
[runlim] sample:		3032.19 time, 3050.01 real, 4 MB, 55.45 load
[runlim] sample:		3042.13 time, 3060.01 real, 4 MB, 55.46 load
[runlim] sample:		3052.07 time, 3070.01 real, 4 MB, 55.39 load
[runlim] sample:		3062.01 time, 3080.01 real, 4 MB, 55.33 load
[runlim] sample:		3071.95 time, 3090.01 real, 4 MB, 55.36 load
[runlim] sample:		3081.89 time, 3100.01 real, 4 MB, 55.45 load
[runlim] sample:		3091.83 time, 3110.01 real, 4 MB, 55.38 load
[runlim] sample:		3101.77 time, 3120.01 real, 4 MB, 55.32 load
[runlim] sample:		3111.71 time, 3130.01 real, 4 MB, 55.27 load
[runlim] sample:		3121.65 time, 3140.01 real, 4 MB, 55.23 load
[runlim] sample:		3131.59 time, 3150.01 real, 4 MB, 55.19 load
[runlim] sample:		3141.54 time, 3160.01 real, 4 MB, 55.24 load
[runlim] sample:		3151.48 time, 3170.01 real, 4 MB, 55.20 load
[runlim] sample:		3161.41 time, 3180.01 real, 4 MB, 55.17 load
[runlim] sample:		3171.35 time, 3190.01 real, 4 MB, 55.14 load
[runlim] sample:		3181.29 time, 3200.01 real, 4 MB, 55.12 load
[runlim] sample:		3191.23 time, 3210.01 real, 4 MB, 55.10 load
[runlim] sample:		3201.17 time, 3220.01 real, 4 MB, 55.09 load
[runlim] sample:		3211.11 time, 3230.01 real, 4 MB, 55.23 load
[runlim] sample:		3221.06 time, 3240.01 real, 4 MB, 55.20 load
[runlim] sample:		3231.00 time, 3250.01 real, 4 MB, 55.17 load
[runlim] sample:		3240.94 time, 3260.01 real, 4 MB, 55.14 load
[runlim] sample:		3250.88 time, 3270.01 real, 4 MB, 55.19 load
[runlim] sample:		3260.82 time, 3280.01 real, 4 MB, 55.24 load
[runlim] sample:		3270.76 time, 3290.01 real, 4 MB, 55.20 load
[runlim] sample:		3280.70 time, 3300.01 real, 4 MB, 55.25 load
[runlim] sample:		3290.64 time, 3310.01 real, 4 MB, 55.28 load
[runlim] sample:		3300.58 time, 3320.01 real, 4 MB, 55.24 load
[runlim] sample:		3310.52 time, 3330.01 real, 4 MB, 55.28 load
[runlim] sample:		3320.46 time, 3340.01 real, 4 MB, 55.31 load
[runlim] sample:		3330.40 time, 3350.01 real, 4 MB, 55.26 load
[runlim] sample:		3340.34 time, 3360.01 real, 4 MB, 55.22 load
[runlim] sample:		3350.28 time, 3370.01 real, 4 MB, 55.19 load
[runlim] sample:		3360.23 time, 3380.01 real, 4 MB, 55.16 load
[runlim] sample:		3370.17 time, 3390.01 real, 4 MB, 55.13 load
[runlim] sample:		3380.11 time, 3400.01 real, 4 MB, 55.19 load
[runlim] sample:		3390.05 time, 3410.01 real, 4 MB, 55.24 load
[runlim] sample:		3399.99 time, 3420.01 real, 4 MB, 55.20 load
[runlim] sample:		3409.93 time, 3430.01 real, 4 MB, 55.17 load
[runlim] sample:		3419.87 time, 3440.01 real, 4 MB, 55.14 load
[runlim] sample:		3429.81 time, 3450.01 real, 4 MB, 55.19 load
[runlim] sample:		3439.75 time, 3460.01 real, 4 MB, 55.25 load
[runlim] sample:		3449.69 time, 3470.01 real, 4 MB, 55.21 load
[runlim] sample:		3459.63 time, 3480.01 real, 4 MB, 55.17 load
[runlim] sample:		3469.57 time, 3490.01 real, 4 MB, 55.15 load
[runlim] sample:		3479.51 time, 3500.01 real, 4 MB, 55.12 load
[runlim] sample:		3489.46 time, 3510.01 real, 4 MB, 55.18 load
[runlim] sample:		3499.40 time, 3520.01 real, 4 MB, 55.23 load
[runlim] sample:		3509.34 time, 3530.01 real, 4 MB, 55.20 load
[runlim] sample:		3519.28 time, 3540.01 real, 4 MB, 55.16 load
[runlim] sample:		3529.23 time, 3550.01 real, 4 MB, 55.14 load
[runlim] sample:		3539.17 time, 3560.01 real, 4 MB, 55.12 load
[runlim] sample:		3549.11 time, 3570.01 real, 4 MB, 55.10 load
[runlim] sample:		3559.05 time, 3580.01 real, 4 MB, 55.16 load
[runlim] sample:		3568.99 time, 3590.01 real, 4 MB, 55.14 load
[runlim] sample:		3578.93 time, 3600.01 real, 4 MB, 55.20 load
[runlim] sample:		3588.88 time, 3610.01 real, 4 MB, 55.17 load
[runlim] sample:		3598.82 time, 3620.01 real, 4 MB, 55.14 load
[runlim] sample:		3608.76 time, 3630.01 real, 4 MB, 55.12 load
[runlim] sample:		3618.70 time, 3640.01 real, 4 MB, 55.18 load
[runlim] sample:		3628.64 time, 3650.01 real, 4 MB, 55.15 load
[runlim] sample:		3638.58 time, 3660.01 real, 4 MB, 55.13 load
[runlim] sample:		3648.52 time, 3670.01 real, 4 MB, 55.11 load
[runlim] sample:		3658.46 time, 3680.01 real, 4 MB, 55.09 load
[runlim] sample:		3668.41 time, 3690.01 real, 4 MB, 55.08 load
[runlim] sample:		3678.35 time, 3700.01 real, 4 MB, 55.22 load
[runlim] sample:		3688.29 time, 3710.01 real, 4 MB, 55.19 load
[runlim] sample:		3698.23 time, 3720.01 real, 4 MB, 55.16 load
[runlim] sample:		3708.17 time, 3730.01 real, 4 MB, 55.22 load
[runlim] sample:		3718.12 time, 3740.01 real, 4 MB, 55.18 load
[runlim] sample:		3728.06 time, 3750.01 real, 4 MB, 55.15 load
[runlim] sample:		3738.00 time, 3760.01 real, 4 MB, 55.29 load
[runlim] sample:		3747.94 time, 3770.01 real, 4 MB, 55.39 load
[runlim] sample:		3757.88 time, 3780.01 real, 4 MB, 55.41 load
[runlim] sample:		3767.82 time, 3790.01 real, 4 MB, 55.35 load
[runlim] sample:		3777.77 time, 3800.01 real, 4 MB, 55.29 load
[runlim] sample:		3787.71 time, 3810.01 real, 4 MB, 55.25 load
[runlim] sample:		3797.65 time, 3820.01 real, 4 MB, 55.21 load
[runlim] sample:		3807.59 time, 3830.01 real, 4 MB, 55.18 load
[runlim] sample:		3817.53 time, 3840.01 real, 4 MB, 55.23 load
[runlim] sample:		3827.47 time, 3850.01 real, 4 MB, 55.19 load
[runlim] sample:		3837.41 time, 3860.01 real, 4 MB, 55.16 load
[runlim] sample:		3847.35 time, 3870.01 real, 4 MB, 55.14 load
[runlim] sample:		3857.29 time, 3880.01 real, 4 MB, 55.12 load
[runlim] sample:		3867.23 time, 3890.01 real, 4 MB, 55.10 load
[runlim] sample:		3877.17 time, 3900.01 real, 4 MB, 55.08 load
[runlim] sample:		3887.12 time, 3910.01 real, 4 MB, 55.07 load
[runlim] sample:		3897.06 time, 3920.01 real, 4 MB, 55.06 load
[runlim] sample:		3907.00 time, 3930.01 real, 4 MB, 55.12 load
[runlim] sample:		3916.94 time, 3940.01 real, 4 MB, 55.10 load
[runlim] sample:		3926.88 time, 3950.01 real, 4 MB, 55.09 load
[runlim] sample:		3936.82 time, 3960.01 real, 4 MB, 55.23 load
[runlim] sample:		3946.76 time, 3970.01 real, 4 MB, 55.19 load
[runlim] sample:		3956.70 time, 3980.01 real, 4 MB, 55.16 load
[runlim] sample:		3966.64 time, 3990.01 real, 4 MB, 55.14 load
[runlim] sample:		3976.58 time, 4000.01 real, 4 MB, 55.12 load
[runlim] sample:		3986.53 time, 4010.01 real, 4 MB, 55.10 load
[runlim] sample:		3996.47 time, 4020.01 real, 4 MB, 55.16 load
[runlim] sample:		4006.41 time, 4030.01 real, 4 MB, 55.14 load
[runlim] sample:		4016.35 time, 4040.01 real, 4 MB, 55.12 load
[runlim] sample:		4026.29 time, 4050.01 real, 4 MB, 55.17 load
[runlim] sample:		4036.23 time, 4060.01 real, 4 MB, 55.14 load
[runlim] sample:		4046.17 time, 4070.01 real, 4 MB, 55.12 load
[runlim] sample:		4056.11 time, 4080.01 real, 4 MB, 55.10 load
[runlim] sample:		4066.05 time, 4090.01 real, 4 MB, 55.09 load
[runlim] sample:		4075.99 time, 4100.01 real, 4 MB, 55.37 load
[runlim] sample:		4085.93 time, 4110.01 real, 4 MB, 55.32 load
[runlim] sample:		4095.88 time, 4120.01 real, 4 MB, 55.27 load
[runlim] sample:		4105.82 time, 4130.01 real, 4 MB, 55.23 load
[runlim] sample:		4115.76 time, 4140.01 real, 4 MB, 55.27 load
[runlim] sample:		4125.70 time, 4150.01 real, 4 MB, 55.23 load
[runlim] sample:		4135.64 time, 4160.01 real, 4 MB, 55.19 load
[runlim] sample:		4145.58 time, 4170.01 real, 4 MB, 55.16 load
[runlim] sample:		4155.53 time, 4180.01 real, 4 MB, 55.14 load
[runlim] sample:		4165.47 time, 4190.01 real, 4 MB, 55.12 load
[runlim] sample:		4175.41 time, 4200.01 real, 4 MB, 55.34 load
[runlim] sample:		4185.35 time, 4210.01 real, 4 MB, 55.29 load
[runlim] sample:		4195.29 time, 4220.01 real, 4 MB, 55.24 load
[runlim] sample:		4205.23 time, 4230.01 real, 4 MB, 55.36 load
[runlim] sample:		4215.18 time, 4240.01 real, 4 MB, 55.30 load
[runlim] sample:		4225.12 time, 4250.01 real, 4 MB, 55.26 load
[runlim] sample:		4235.06 time, 4260.01 real, 4 MB, 55.22 load
[runlim] sample:		4245.00 time, 4270.01 real, 4 MB, 55.33 load
[runlim] sample:		4254.94 time, 4280.01 real, 4 MB, 55.36 load
[runlim] sample:		4264.89 time, 4290.01 real, 4 MB, 55.30 load
[runlim] sample:		4274.83 time, 4300.01 real, 4 MB, 55.26 load
[runlim] sample:		4284.77 time, 4310.01 real, 4 MB, 55.22 load
[runlim] sample:		4294.71 time, 4320.01 real, 4 MB, 55.18 load
[runlim] sample:		4304.65 time, 4330.01 real, 4 MB, 55.15 load
[runlim] sample:		4314.59 time, 4340.01 real, 4 MB, 55.21 load
[runlim] sample:		4324.53 time, 4350.01 real, 4 MB, 55.18 load
[runlim] sample:		4334.47 time, 4360.01 real, 4 MB, 55.15 load
[runlim] sample:		4344.41 time, 4370.01 real, 4 MB, 55.13 load
[runlim] sample:		4354.36 time, 4380.01 real, 4 MB, 55.11 load
[runlim] sample:		4364.30 time, 4390.01 real, 4 MB, 55.09 load
[runlim] sample:		4374.24 time, 4400.01 real, 4 MB, 55.08 load
[runlim] sample:		4384.18 time, 4410.01 real, 4 MB, 55.80 load
[runlim] sample:		4394.12 time, 4420.01 real, 4 MB, 55.68 load
[runlim] sample:		4404.06 time, 4430.01 real, 4 MB, 55.57 load
[runlim] sample:		4414.01 time, 4440.01 real, 4 MB, 55.48 load
[runlim] sample:		4423.95 time, 4450.01 real, 4 MB, 55.41 load
[runlim] sample:		4433.89 time, 4460.01 real, 4 MB, 55.35 load
[runlim] sample:		4443.83 time, 4470.01 real, 4 MB, 55.37 load
[runlim] sample:		4453.77 time, 4480.01 real, 4 MB, 55.39 load
[runlim] sample:		4463.71 time, 4490.01 real, 4 MB, 55.33 load
[runlim] sample:		4473.65 time, 4500.01 real, 4 MB, 55.28 load
[runlim] sample:		4483.59 time, 4510.01 real, 4 MB, 55.24 load
[runlim] sample:		4493.53 time, 4520.01 real, 4 MB, 55.20 load
[runlim] sample:		4503.47 time, 4530.01 real, 4 MB, 55.17 load
[runlim] sample:		4513.41 time, 4540.01 real, 4 MB, 55.22 load
[runlim] sample:		4523.35 time, 4550.01 real, 4 MB, 55.27 load
[runlim] sample:		4533.30 time, 4560.01 real, 4 MB, 55.23 load
[runlim] sample:		4543.24 time, 4570.01 real, 4 MB, 55.19 load
[runlim] sample:		4553.18 time, 4580.01 real, 4 MB, 55.16 load
[runlim] sample:		4563.12 time, 4590.01 real, 4 MB, 55.14 load
[runlim] sample:		4573.06 time, 4600.01 real, 4 MB, 55.27 load
[runlim] sample:		4583.00 time, 4610.01 real, 4 MB, 55.23 load
[runlim] sample:		4592.94 time, 4620.01 real, 4 MB, 55.20 load
[runlim] sample:		4602.88 time, 4630.01 real, 4 MB, 55.16 load
[runlim] sample:		4612.82 time, 4640.01 real, 4 MB, 55.14 load
[runlim] sample:		4622.76 time, 4650.01 real, 4 MB, 55.12 load
[runlim] sample:		4632.70 time, 4660.01 real, 4 MB, 55.10 load
[runlim] sample:		4642.64 time, 4670.01 real, 4 MB, 55.08 load
[runlim] sample:		4652.58 time, 4680.01 real, 4 MB, 55.07 load
[runlim] sample:		4662.53 time, 4690.01 real, 4 MB, 55.06 load
[runlim] sample:		4672.47 time, 4700.01 real, 4 MB, 55.05 load
[runlim] sample:		4682.41 time, 4710.01 real, 4 MB, 55.04 load
[runlim] sample:		4692.35 time, 4720.01 real, 4 MB, 55.03 load
[runlim] sample:		4702.29 time, 4730.01 real, 4 MB, 55.03 load
[runlim] sample:		4712.23 time, 4740.01 real, 4 MB, 55.02 load
[runlim] sample:		4722.17 time, 4750.01 real, 4 MB, 55.02 load
[runlim] sample:		4732.11 time, 4760.01 real, 4 MB, 55.02 load
[runlim] sample:		4742.05 time, 4770.01 real, 4 MB, 55.09 load
[runlim] sample:		4751.99 time, 4780.01 real, 4 MB, 55.07 load
[runlim] sample:		4761.93 time, 4790.01 real, 4 MB, 55.06 load
[runlim] sample:		4771.87 time, 4800.01 real, 4 MB, 55.05 load
[runlim] sample:		4781.81 time, 4810.01 real, 4 MB, 55.04 load
[runlim] sample:		4791.75 time, 4820.01 real, 4 MB, 55.04 load
[runlim] sample:		4801.69 time, 4830.01 real, 4 MB, 55.03 load
[runlim] sample:		4811.63 time, 4840.01 real, 4 MB, 55.10 load
[runlim] sample:		4821.57 time, 4850.01 real, 4 MB, 55.08 load
[runlim] sample:		4831.52 time, 4860.01 real, 4 MB, 55.15 load
[runlim] sample:		4841.46 time, 4870.01 real, 4 MB, 55.13 load
[runlim] sample:		4851.40 time, 4880.01 real, 4 MB, 55.19 load
[runlim] sample:		4861.34 time, 4890.01 real, 4 MB, 55.16 load
[runlim] sample:		4871.28 time, 4900.01 real, 4 MB, 55.13 load
[runlim] sample:		4881.22 time, 4910.01 real, 4 MB, 55.11 load
[runlim] sample:		4891.16 time, 4920.01 real, 4 MB, 55.10 load
[runlim] sample:		4901.10 time, 4930.01 real, 4 MB, 55.08 load
[runlim] sample:		4911.04 time, 4940.01 real, 4 MB, 55.07 load
[runlim] sample:		4920.98 time, 4950.01 real, 4 MB, 55.13 load
[runlim] sample:		4930.92 time, 4960.01 real, 4 MB, 55.11 load
[runlim] sample:		4940.86 time, 4970.01 real, 4 MB, 54.93 load
[runlim] sample:		4950.80 time, 4980.01 real, 4 MB, 53.63 load
[runlim] sample:		4960.74 time, 4990.01 real, 4 MB, 51.87 load
[runlim] sample:		4970.69 time, 5000.01 real, 4 MB, 48.42 load
[runlim] end:			Thu Apr  9 21:46:01 2026
[runlim] status:		out of time
[runlim] result:		2
[runlim] children:		1
[runlim] processes:		2
[runlim] real:			5000.05 seconds
[runlim] time:			4970.69 seconds
[runlim] space:			4 MB
[runlim] load:			59.52 maximum
[runlim] samples:		50000
