[runlim] version:		2.0.0rc1
[runlim] host:			o02n01
[runlim] time limit:		311040000 seconds
[runlim] real time limit:	5000 seconds
[runlim] space limit:		7000 MB
[runlim] argv[0]:		./binary
[runlim] argv[1]:		-c
[runlim] argv[2]:		-f
[runlim] argv[3]:		-r
[runlim] argv[4]:		/tmp/local-unzipped-12459994-1-15-mc2025_track1_035.cnf
[runlim] start:			Thu Apr  9 20:22:18 2026
[runlim] child:			2378078
[runlim] sample:		9.96 time, 10.01 real, 6 MB, 4.46 load
[runlim] sample:		19.92 time, 20.01 real, 6 MB, 8.32 load
[runlim] sample:		29.87 time, 30.01 real, 6 MB, 13.13 load
[runlim] sample:		39.81 time, 40.01 real, 6 MB, 18.74 load
[runlim] sample:		49.76 time, 50.01 real, 6 MB, 24.87 load
[runlim] sample:		59.69 time, 60.01 real, 6 MB, 30.88 load
[runlim] sample:		69.63 time, 70.01 real, 6 MB, 36.19 load
[runlim] sample:		79.56 time, 80.01 real, 6 MB, 40.54 load
[runlim] sample:		89.50 time, 90.01 real, 6 MB, 43.92 load
[runlim] sample:		99.44 time, 100.01 real, 6 MB, 46.78 load
[runlim] sample:		109.39 time, 110.01 real, 6 MB, 48.97 load
[runlim] sample:		119.34 time, 120.01 real, 6 MB, 50.90 load
[runlim] sample:		129.28 time, 130.01 real, 6 MB, 52.45 load
[runlim] sample:		139.22 time, 140.01 real, 6 MB, 53.92 load
[runlim] sample:		149.17 time, 150.01 real, 6 MB, 55.01 load
[runlim] sample:		159.11 time, 160.01 real, 6 MB, 55.93 load
[runlim] sample:		169.06 time, 170.01 real, 6 MB, 56.71 load
[runlim] sample:		179.01 time, 180.01 real, 6 MB, 57.29 load
[runlim] sample:		188.95 time, 190.01 real, 6 MB, 57.63 load
[runlim] sample:		198.90 time, 200.01 real, 6 MB, 57.84 load
[runlim] sample:		208.85 time, 210.01 real, 6 MB, 58.02 load
[runlim] sample:		218.80 time, 220.01 real, 6 MB, 58.17 load
[runlim] sample:		228.74 time, 230.01 real, 6 MB, 58.30 load
[runlim] sample:		238.69 time, 240.01 real, 6 MB, 58.41 load
[runlim] sample:		248.64 time, 250.01 real, 6 MB, 58.58 load
[runlim] sample:		258.59 time, 260.01 real, 6 MB, 58.64 load
[runlim] sample:		268.53 time, 270.01 real, 6 MB, 58.78 load
[runlim] sample:		278.48 time, 280.01 real, 6 MB, 58.81 load
[runlim] sample:		288.43 time, 290.01 real, 6 MB, 58.92 load
[runlim] sample:		298.37 time, 300.01 real, 6 MB, 58.94 load
[runlim] sample:		308.32 time, 310.01 real, 6 MB, 58.95 load
[runlim] sample:		318.26 time, 320.01 real, 6 MB, 58.95 load
[runlim] sample:		328.21 time, 330.01 real, 6 MB, 58.96 load
[runlim] sample:		338.16 time, 340.01 real, 6 MB, 58.97 load
[runlim] sample:		348.10 time, 350.01 real, 6 MB, 59.13 load
[runlim] sample:		358.04 time, 360.01 real, 6 MB, 59.11 load
[runlim] sample:		367.97 time, 370.01 real, 6 MB, 59.25 load
[runlim] sample:		377.92 time, 380.01 real, 6 MB, 59.21 load
[runlim] sample:		387.86 time, 390.01 real, 6 MB, 59.18 load
[runlim] sample:		397.80 time, 400.01 real, 6 MB, 59.15 load
[runlim] sample:		407.74 time, 410.01 real, 6 MB, 59.36 load
[runlim] sample:		417.68 time, 420.01 real, 6 MB, 59.45 load
[runlim] sample:		427.62 time, 430.01 real, 6 MB, 59.38 load
[runlim] sample:		437.56 time, 440.01 real, 6 MB, 59.32 load
[runlim] sample:		447.50 time, 450.01 real, 6 MB, 59.35 load
[runlim] sample:		457.44 time, 460.01 real, 6 MB, 59.30 load
[runlim] sample:		467.39 time, 470.01 real, 6 MB, 59.31 load
[runlim] sample:		477.33 time, 480.01 real, 6 MB, 58.96 load
[runlim] sample:		487.28 time, 490.01 real, 6 MB, 59.06 load
[runlim] sample:		497.23 time, 500.01 real, 6 MB, 58.66 load
[runlim] sample:		507.17 time, 510.01 real, 6 MB, 58.40 load
[runlim] sample:		517.12 time, 520.01 real, 6 MB, 58.03 load
[runlim] sample:		527.06 time, 530.01 real, 6 MB, 57.87 load
[runlim] sample:		537.01 time, 540.01 real, 6 MB, 57.58 load
[runlim] sample:		546.96 time, 550.01 real, 6 MB, 57.42 load
[runlim] sample:		556.91 time, 560.01 real, 6 MB, 57.20 load
[runlim] sample:		566.86 time, 570.01 real, 6 MB, 57.01 load
[runlim] sample:		576.80 time, 580.01 real, 6 MB, 56.86 load
[runlim] sample:		586.75 time, 590.01 real, 6 MB, 56.81 load
[runlim] sample:		596.69 time, 600.01 real, 6 MB, 56.68 load
[runlim] sample:		606.63 time, 610.01 real, 6 MB, 56.58 load
[runlim] sample:		616.58 time, 620.01 real, 6 MB, 56.57 load
[runlim] sample:		626.52 time, 630.01 real, 6 MB, 56.48 load
[runlim] sample:		636.47 time, 640.01 real, 6 MB, 56.41 load
[runlim] sample:		646.41 time, 650.01 real, 6 MB, 56.42 load
[runlim] sample:		656.36 time, 660.01 real, 6 MB, 56.36 load
[runlim] sample:		666.30 time, 670.01 real, 6 MB, 56.38 load
[runlim] sample:		676.25 time, 680.01 real, 6 MB, 56.32 load
[runlim] sample:		686.20 time, 690.01 real, 6 MB, 56.27 load
[runlim] sample:		696.14 time, 700.01 real, 6 MB, 56.31 load
[runlim] sample:		706.09 time, 710.01 real, 6 MB, 56.33 load
[runlim] sample:		716.04 time, 720.01 real, 6 MB, 56.36 load
[runlim] sample:		725.98 time, 730.01 real, 6 MB, 56.30 load
[runlim] sample:		735.93 time, 740.01 real, 6 MB, 56.26 load
[runlim] sample:		745.88 time, 750.01 real, 6 MB, 56.38 load
[runlim] sample:		755.83 time, 760.01 real, 6 MB, 56.32 load
[runlim] sample:		765.77 time, 770.01 real, 6 MB, 56.27 load
[runlim] sample:		775.72 time, 780.01 real, 6 MB, 56.23 load
[runlim] sample:		785.67 time, 790.01 real, 6 MB, 56.19 load
[runlim] sample:		795.62 time, 800.01 real, 6 MB, 56.16 load
[runlim] sample:		805.57 time, 810.01 real, 6 MB, 56.14 load
[runlim] sample:		815.51 time, 820.01 real, 6 MB, 56.12 load
[runlim] sample:		825.46 time, 830.01 real, 6 MB, 56.10 load
[runlim] sample:		835.40 time, 840.01 real, 6 MB, 56.08 load
[runlim] sample:		845.35 time, 850.01 real, 6 MB, 56.07 load
[runlim] sample:		855.30 time, 860.01 real, 6 MB, 56.06 load
[runlim] sample:		865.24 time, 870.01 real, 6 MB, 56.05 load
[runlim] sample:		875.19 time, 880.01 real, 6 MB, 56.04 load
[runlim] sample:		885.14 time, 890.01 real, 6 MB, 56.11 load
[runlim] sample:		895.09 time, 900.01 real, 6 MB, 56.10 load
[runlim] sample:		905.04 time, 910.01 real, 6 MB, 56.24 load
[runlim] sample:		914.99 time, 920.01 real, 6 MB, 56.20 load
[runlim] sample:		924.93 time, 930.01 real, 6 MB, 56.25 load
[runlim] sample:		934.88 time, 940.01 real, 6 MB, 56.21 load
[runlim] sample:		944.83 time, 950.01 real, 6 MB, 56.25 load
[runlim] sample:		954.77 time, 960.01 real, 6 MB, 56.21 load
[runlim] sample:		964.72 time, 970.01 real, 6 MB, 56.34 load
[runlim] sample:		974.67 time, 980.01 real, 6 MB, 56.29 load
[runlim] sample:		984.61 time, 990.01 real, 6 MB, 56.32 load
[runlim] sample:		994.56 time, 1000.01 real, 6 MB, 56.27 load
[runlim] sample:		1004.50 time, 1010.01 real, 6 MB, 56.46 load
[runlim] sample:		1014.45 time, 1020.01 real, 6 MB, 56.47 load
[runlim] sample:		1024.40 time, 1030.01 real, 6 MB, 56.55 load
[runlim] sample:		1034.34 time, 1040.01 real, 6 MB, 56.62 load
[runlim] sample:		1044.29 time, 1050.01 real, 6 MB, 56.52 load
[runlim] sample:		1054.24 time, 1060.01 real, 6 MB, 56.44 load
[runlim] sample:		1064.18 time, 1070.01 real, 6 MB, 56.37 load
[runlim] sample:		1074.13 time, 1080.01 real, 6 MB, 56.32 load
[runlim] sample:		1084.08 time, 1090.01 real, 6 MB, 56.35 load
[runlim] sample:		1094.02 time, 1100.01 real, 6 MB, 56.37 load
[runlim] sample:		1103.97 time, 1110.01 real, 6 MB, 56.46 load
[runlim] sample:		1113.92 time, 1120.01 real, 6 MB, 56.54 load
[runlim] sample:		1123.86 time, 1130.01 real, 6 MB, 56.46 load
[runlim] sample:		1133.81 time, 1140.01 real, 6 MB, 56.39 load
[runlim] sample:		1143.76 time, 1150.01 real, 6 MB, 56.40 load
[runlim] sample:		1153.70 time, 1160.01 real, 6 MB, 56.49 load
[runlim] sample:		1163.65 time, 1170.01 real, 6 MB, 56.42 load
[runlim] sample:		1173.60 time, 1180.01 real, 6 MB, 56.35 load
[runlim] sample:		1183.54 time, 1190.01 real, 7 MB, 56.30 load
[runlim] sample:		1193.49 time, 1200.01 real, 7 MB, 56.25 load
[runlim] sample:		1203.44 time, 1210.01 real, 7 MB, 56.29 load
[runlim] sample:		1213.39 time, 1220.01 real, 7 MB, 56.32 load
[runlim] sample:		1223.34 time, 1230.01 real, 7 MB, 56.27 load
[runlim] sample:		1233.29 time, 1240.01 real, 7 MB, 56.23 load
[runlim] sample:		1243.23 time, 1250.01 real, 7 MB, 56.27 load
[runlim] sample:		1253.18 time, 1260.01 real, 7 MB, 56.23 load
[runlim] sample:		1263.13 time, 1270.01 real, 7 MB, 56.20 load
[runlim] sample:		1273.07 time, 1280.01 real, 7 MB, 56.25 load
[runlim] sample:		1283.02 time, 1290.01 real, 7 MB, 56.21 load
[runlim] sample:		1292.97 time, 1300.01 real, 7 MB, 56.17 load
[runlim] sample:		1302.91 time, 1310.01 real, 7 MB, 56.15 load
[runlim] sample:		1312.86 time, 1320.01 real, 7 MB, 56.12 load
[runlim] sample:		1322.81 time, 1330.01 real, 7 MB, 56.10 load
[runlim] sample:		1332.76 time, 1340.01 real, 7 MB, 56.09 load
[runlim] sample:		1342.71 time, 1350.01 real, 7 MB, 56.07 load
[runlim] sample:		1352.65 time, 1360.01 real, 7 MB, 56.06 load
[runlim] sample:		1362.60 time, 1370.01 real, 7 MB, 56.13 load
[runlim] sample:		1372.55 time, 1380.01 real, 7 MB, 56.11 load
[runlim] sample:		1382.49 time, 1390.01 real, 7 MB, 56.17 load
[runlim] sample:		1392.44 time, 1400.01 real, 7 MB, 56.14 load
[runlim] sample:		1402.38 time, 1410.01 real, 7 MB, 56.50 load
[runlim] sample:		1412.33 time, 1420.01 real, 7 MB, 56.42 load
[runlim] sample:		1422.28 time, 1430.01 real, 7 MB, 56.43 load
[runlim] sample:		1432.22 time, 1440.01 real, 7 MB, 56.36 load
[runlim] sample:		1442.17 time, 1450.01 real, 7 MB, 56.31 load
[runlim] sample:		1452.12 time, 1460.01 real, 7 MB, 56.26 load
[runlim] sample:		1462.07 time, 1470.01 real, 7 MB, 56.22 load
[runlim] sample:		1472.01 time, 1480.01 real, 7 MB, 56.33 load
[runlim] sample:		1481.96 time, 1490.01 real, 7 MB, 56.35 load
[runlim] sample:		1491.90 time, 1500.01 real, 7 MB, 56.45 load
[runlim] sample:		1501.85 time, 1510.01 real, 7 MB, 56.38 load
[runlim] sample:		1511.80 time, 1520.01 real, 7 MB, 56.32 load
[runlim] sample:		1521.75 time, 1530.01 real, 7 MB, 56.27 load
[runlim] sample:		1531.69 time, 1540.01 real, 7 MB, 56.30 load
[runlim] sample:		1541.64 time, 1550.01 real, 7 MB, 56.25 load
[runlim] sample:		1551.58 time, 1560.01 real, 7 MB, 56.30 load
[runlim] sample:		1561.53 time, 1570.01 real, 7 MB, 56.25 load
[runlim] sample:		1571.48 time, 1580.01 real, 7 MB, 56.29 load
[runlim] sample:		1581.43 time, 1590.01 real, 7 MB, 56.24 load
[runlim] sample:		1591.37 time, 1600.01 real, 7 MB, 56.28 load
[runlim] sample:		1601.32 time, 1610.01 real, 7 MB, 56.23 load
[runlim] sample:		1611.27 time, 1620.01 real, 7 MB, 56.28 load
[runlim] sample:		1621.21 time, 1630.01 real, 7 MB, 56.24 load
[runlim] sample:		1631.16 time, 1640.01 real, 7 MB, 56.12 load
[runlim] sample:		1641.11 time, 1650.01 real, 7 MB, 55.95 load
[runlim] sample:		1651.06 time, 1660.01 real, 7 MB, 55.87 load
[runlim] sample:		1661.01 time, 1670.01 real, 7 MB, 55.74 load
[runlim] sample:		1670.96 time, 1680.01 real, 7 MB, 55.63 load
[runlim] sample:		1680.90 time, 1690.01 real, 7 MB, 55.53 load
[runlim] sample:		1690.85 time, 1700.01 real, 7 MB, 55.45 load
[runlim] sample:		1700.80 time, 1710.01 real, 7 MB, 55.38 load
[runlim] sample:		1710.75 time, 1720.01 real, 7 MB, 55.39 load
[runlim] sample:		1720.69 time, 1730.01 real, 7 MB, 55.33 load
[runlim] sample:		1730.64 time, 1740.01 real, 7 MB, 55.28 load
[runlim] sample:		1740.59 time, 1750.01 real, 7 MB, 55.31 load
[runlim] sample:		1750.54 time, 1760.01 real, 7 MB, 55.26 load
[runlim] sample:		1760.49 time, 1770.01 real, 7 MB, 55.22 load
[runlim] sample:		1770.44 time, 1780.01 real, 7 MB, 55.19 load
[runlim] sample:		1780.39 time, 1790.01 real, 7 MB, 55.23 load
[runlim] sample:		1790.33 time, 1800.01 real, 7 MB, 55.27 load
[runlim] sample:		1800.28 time, 1810.01 real, 7 MB, 55.30 load
[runlim] sample:		1810.23 time, 1820.01 real, 7 MB, 55.25 load
[runlim] sample:		1820.18 time, 1830.01 real, 7 MB, 55.29 load
[runlim] sample:		1830.12 time, 1840.01 real, 7 MB, 55.24 load
[runlim] sample:		1840.07 time, 1850.01 real, 7 MB, 55.21 load
[runlim] sample:		1850.02 time, 1860.01 real, 7 MB, 55.25 load
[runlim] sample:		1859.97 time, 1870.01 real, 7 MB, 55.21 load
[runlim] sample:		1869.92 time, 1880.01 real, 7 MB, 55.25 load
[runlim] sample:		1879.87 time, 1890.01 real, 7 MB, 55.21 load
[runlim] sample:		1889.81 time, 1900.01 real, 7 MB, 55.25 load
[runlim] sample:		1899.76 time, 1910.01 real, 7 MB, 55.21 load
[runlim] sample:		1909.71 time, 1920.01 real, 7 MB, 55.33 load
[runlim] sample:		1919.66 time, 1930.01 real, 7 MB, 55.28 load
[runlim] sample:		1929.61 time, 1940.01 real, 7 MB, 55.24 load
[runlim] sample:		1939.55 time, 1950.01 real, 7 MB, 55.20 load
[runlim] sample:		1949.50 time, 1960.01 real, 7 MB, 55.17 load
[runlim] sample:		1959.45 time, 1970.01 real, 7 MB, 55.14 load
[runlim] sample:		1969.40 time, 1980.01 real, 7 MB, 55.12 load
[runlim] sample:		1979.34 time, 1990.01 real, 7 MB, 55.10 load
[runlim] sample:		1989.29 time, 2000.01 real, 7 MB, 55.16 load
[runlim] sample:		1999.24 time, 2010.01 real, 7 MB, 55.13 load
[runlim] sample:		2009.19 time, 2020.01 real, 7 MB, 55.11 load
[runlim] sample:		2019.13 time, 2030.01 real, 7 MB, 55.10 load
[runlim] sample:		2029.08 time, 2040.01 real, 7 MB, 55.08 load
[runlim] sample:		2039.03 time, 2050.01 real, 7 MB, 55.07 load
[runlim] sample:		2048.98 time, 2060.01 real, 7 MB, 55.13 load
[runlim] sample:		2058.93 time, 2070.01 real, 7 MB, 55.11 load
[runlim] sample:		2068.88 time, 2080.01 real, 7 MB, 55.09 load
[runlim] sample:		2078.82 time, 2090.01 real, 7 MB, 55.23 load
[runlim] sample:		2088.77 time, 2100.01 real, 7 MB, 55.20 load
[runlim] sample:		2098.72 time, 2110.01 real, 7 MB, 55.16 load
[runlim] sample:		2108.66 time, 2120.01 real, 7 MB, 55.22 load
[runlim] sample:		2118.61 time, 2130.01 real, 7 MB, 55.18 load
[runlim] sample:		2128.56 time, 2140.01 real, 7 MB, 55.16 load
[runlim] sample:		2138.50 time, 2150.01 real, 7 MB, 55.21 load
[runlim] sample:		2148.45 time, 2160.01 real, 7 MB, 55.25 load
[runlim] sample:		2158.40 time, 2170.01 real, 7 MB, 55.28 load
[runlim] sample:		2168.35 time, 2180.01 real, 7 MB, 55.24 load
[runlim] sample:		2178.30 time, 2190.01 real, 7 MB, 55.20 load
[runlim] sample:		2188.24 time, 2200.01 real, 7 MB, 55.24 load
[runlim] sample:		2198.19 time, 2210.01 real, 7 MB, 55.21 load
[runlim] sample:		2208.14 time, 2220.01 real, 7 MB, 55.17 load
[runlim] sample:		2218.09 time, 2230.01 real, 7 MB, 55.23 load
[runlim] sample:		2228.04 time, 2240.01 real, 7 MB, 55.19 load
[runlim] sample:		2237.98 time, 2250.01 real, 7 MB, 55.16 load
[runlim] sample:		2247.93 time, 2260.01 real, 7 MB, 55.21 load
[runlim] sample:		2257.87 time, 2270.01 real, 7 MB, 55.18 load
[runlim] sample:		2267.82 time, 2280.01 real, 7 MB, 55.15 load
[runlim] sample:		2277.77 time, 2290.01 real, 7 MB, 55.20 load
[runlim] sample:		2287.72 time, 2300.01 real, 7 MB, 55.24 load
[runlim] sample:		2297.66 time, 2310.01 real, 7 MB, 55.29 load
[runlim] sample:		2307.61 time, 2320.01 real, 7 MB, 55.39 load
[runlim] sample:		2317.56 time, 2330.01 real, 7 MB, 55.33 load
[runlim] sample:		2327.50 time, 2340.01 real, 7 MB, 55.28 load
[runlim] sample:		2337.45 time, 2350.01 real, 7 MB, 55.31 load
[runlim] sample:		2347.40 time, 2360.01 real, 7 MB, 55.34 load
[runlim] sample:		2357.35 time, 2370.01 real, 7 MB, 55.28 load
[runlim] sample:		2367.30 time, 2380.01 real, 7 MB, 55.31 load
[runlim] sample:		2377.25 time, 2390.01 real, 7 MB, 55.26 load
[runlim] sample:		2387.20 time, 2400.01 real, 7 MB, 55.22 load
[runlim] sample:		2397.14 time, 2410.01 real, 7 MB, 55.19 load
[runlim] sample:		2407.09 time, 2420.01 real, 7 MB, 55.24 load
[runlim] sample:		2417.04 time, 2430.01 real, 7 MB, 55.20 load
[runlim] sample:		2426.99 time, 2440.01 real, 7 MB, 55.33 load
[runlim] sample:		2436.93 time, 2450.01 real, 7 MB, 55.42 load
[runlim] sample:		2446.88 time, 2460.01 real, 7 MB, 55.36 load
[runlim] sample:		2456.83 time, 2470.01 real, 7 MB, 55.38 load
[runlim] sample:		2466.78 time, 2480.01 real, 7 MB, 55.32 load
[runlim] sample:		2476.73 time, 2490.01 real, 7 MB, 55.27 load
[runlim] sample:		2486.68 time, 2500.01 real, 7 MB, 55.31 load
[runlim] sample:		2496.62 time, 2510.01 real, 7 MB, 55.34 load
[runlim] sample:		2506.57 time, 2520.01 real, 7 MB, 55.37 load
[runlim] sample:		2516.52 time, 2530.01 real, 7 MB, 55.31 load
[runlim] sample:		2526.46 time, 2540.01 real, 7 MB, 55.26 load
[runlim] sample:		2536.41 time, 2550.01 real, 7 MB, 55.22 load
[runlim] sample:		2546.36 time, 2560.01 real, 7 MB, 55.27 load
[runlim] sample:		2556.30 time, 2570.01 real, 7 MB, 55.22 load
[runlim] sample:		2566.25 time, 2580.01 real, 7 MB, 55.26 load
[runlim] sample:		2576.20 time, 2590.01 real, 7 MB, 55.30 load
[runlim] sample:		2586.14 time, 2600.01 real, 7 MB, 55.25 load
[runlim] sample:		2596.09 time, 2610.01 real, 7 MB, 55.21 load
[runlim] sample:		2606.04 time, 2620.01 real, 7 MB, 55.34 load
[runlim] sample:		2615.98 time, 2630.01 real, 7 MB, 55.29 load
[runlim] sample:		2625.93 time, 2640.01 real, 7 MB, 55.24 load
[runlim] sample:		2635.88 time, 2650.01 real, 7 MB, 55.20 load
[runlim] sample:		2645.82 time, 2660.01 real, 7 MB, 55.17 load
[runlim] sample:		2655.77 time, 2670.01 real, 7 MB, 55.15 load
[runlim] sample:		2665.72 time, 2680.01 real, 7 MB, 55.12 load
[runlim] sample:		2675.67 time, 2690.01 real, 7 MB, 55.10 load
[runlim] sample:		2685.61 time, 2700.01 real, 7 MB, 55.09 load
[runlim] sample:		2695.56 time, 2710.01 real, 7 MB, 55.15 load
[runlim] sample:		2705.51 time, 2720.01 real, 7 MB, 55.20 load
[runlim] sample:		2715.46 time, 2730.01 real, 7 MB, 55.17 load
[runlim] sample:		2725.40 time, 2740.01 real, 7 MB, 55.14 load
[runlim] sample:		2735.35 time, 2750.01 real, 7 MB, 55.20 load
[runlim] sample:		2745.30 time, 2760.01 real, 7 MB, 55.25 load
[runlim] sample:		2755.25 time, 2770.01 real, 7 MB, 55.21 load
[runlim] sample:		2765.20 time, 2780.01 real, 7 MB, 55.26 load
[runlim] sample:		2775.14 time, 2790.01 real, 7 MB, 55.45 load
[runlim] sample:		2785.09 time, 2800.01 real, 7 MB, 55.54 load
[runlim] sample:		2795.03 time, 2810.01 real, 7 MB, 55.61 load
[runlim] sample:		2804.98 time, 2820.01 real, 7 MB, 55.82 load
[runlim] sample:		2814.93 time, 2830.01 real, 7 MB, 55.85 load
[runlim] sample:		2824.88 time, 2840.01 real, 7 MB, 55.87 load
[runlim] sample:		2834.82 time, 2850.01 real, 7 MB, 55.89 load
[runlim] sample:		2844.77 time, 2860.01 real, 7 MB, 56.06 load
[runlim] sample:		2854.72 time, 2870.01 real, 7 MB, 56.05 load
[runlim] sample:		2864.66 time, 2880.01 real, 7 MB, 56.12 load
[runlim] sample:		2874.61 time, 2890.01 real, 7 MB, 56.10 load
[runlim] sample:		2884.56 time, 2900.01 real, 7 MB, 56.00 load
[runlim] sample:		2894.51 time, 2910.01 real, 7 MB, 56.08 load
[runlim] sample:		2904.45 time, 2920.01 real, 7 MB, 55.99 load
[runlim] sample:		2914.40 time, 2930.01 real, 7 MB, 55.99 load
[runlim] sample:		2924.35 time, 2940.01 real, 7 MB, 55.91 load
[runlim] sample:		2934.29 time, 2950.01 real, 7 MB, 55.77 load
[runlim] sample:		2944.24 time, 2960.01 real, 7 MB, 55.65 load
[runlim] sample:		2954.19 time, 2970.01 real, 7 MB, 55.55 load
[runlim] sample:		2964.13 time, 2980.01 real, 7 MB, 55.47 load
[runlim] sample:		2974.08 time, 2990.01 real, 7 MB, 55.69 load
[runlim] sample:		2984.03 time, 3000.01 real, 7 MB, 55.58 load
[runlim] sample:		2993.98 time, 3010.01 real, 7 MB, 55.49 load
[runlim] sample:		3003.92 time, 3020.01 real, 7 MB, 55.74 load
[runlim] sample:		3013.87 time, 3030.01 real, 7 MB, 55.62 load
[runlim] sample:		3023.82 time, 3040.01 real, 7 MB, 55.53 load
[runlim] sample:		3033.77 time, 3050.01 real, 7 MB, 55.45 load
[runlim] sample:		3043.72 time, 3060.01 real, 7 MB, 55.45 load
[runlim] sample:		3053.67 time, 3070.01 real, 7 MB, 55.45 load
[runlim] sample:		3063.61 time, 3080.01 real, 7 MB, 55.46 load
[runlim] sample:		3073.56 time, 3090.01 real, 7 MB, 55.39 load
[runlim] sample:		3083.51 time, 3100.01 real, 7 MB, 55.33 load
[runlim] sample:		3093.46 time, 3110.01 real, 7 MB, 55.36 load
[runlim] sample:		3103.40 time, 3120.01 real, 7 MB, 55.45 load
[runlim] sample:		3113.35 time, 3130.01 real, 7 MB, 55.38 load
[runlim] sample:		3123.30 time, 3140.01 real, 7 MB, 55.32 load
[runlim] sample:		3133.25 time, 3150.01 real, 7 MB, 55.27 load
[runlim] sample:		3143.20 time, 3160.01 real, 7 MB, 55.23 load
[runlim] sample:		3153.15 time, 3170.01 real, 7 MB, 55.19 load
[runlim] sample:		3163.10 time, 3180.01 real, 7 MB, 55.24 load
[runlim] sample:		3173.04 time, 3190.01 real, 7 MB, 55.20 load
[runlim] sample:		3182.99 time, 3200.01 real, 7 MB, 55.17 load
[runlim] sample:		3192.94 time, 3210.01 real, 7 MB, 55.14 load
[runlim] sample:		3202.88 time, 3220.01 real, 7 MB, 55.12 load
[runlim] sample:		3212.83 time, 3230.01 real, 7 MB, 55.10 load
[runlim] sample:		3222.78 time, 3240.01 real, 7 MB, 55.09 load
[runlim] sample:		3232.73 time, 3250.01 real, 7 MB, 55.23 load
[runlim] sample:		3242.67 time, 3260.01 real, 7 MB, 55.20 load
[runlim] sample:		3252.62 time, 3270.01 real, 7 MB, 55.17 load
[runlim] sample:		3262.57 time, 3280.01 real, 7 MB, 55.14 load
[runlim] sample:		3272.52 time, 3290.01 real, 7 MB, 55.19 load
[runlim] sample:		3282.47 time, 3300.01 real, 7 MB, 55.24 load
[runlim] sample:		3292.42 time, 3310.01 real, 7 MB, 55.20 load
[runlim] sample:		3302.36 time, 3320.01 real, 7 MB, 55.25 load
[runlim] sample:		3312.31 time, 3330.01 real, 7 MB, 55.28 load
[runlim] sample:		3322.26 time, 3340.01 real, 7 MB, 55.24 load
[runlim] sample:		3332.21 time, 3350.01 real, 7 MB, 55.28 load
[runlim] sample:		3342.16 time, 3360.01 real, 7 MB, 55.31 load
[runlim] sample:		3352.11 time, 3370.01 real, 7 MB, 55.26 load
[runlim] sample:		3362.06 time, 3380.01 real, 7 MB, 55.22 load
[runlim] sample:		3372.01 time, 3390.01 real, 7 MB, 55.19 load
[runlim] sample:		3381.96 time, 3400.01 real, 7 MB, 55.16 load
[runlim] sample:		3391.90 time, 3410.01 real, 7 MB, 55.13 load
[runlim] sample:		3401.85 time, 3420.01 real, 7 MB, 55.19 load
[runlim] sample:		3411.80 time, 3430.01 real, 7 MB, 55.24 load
[runlim] sample:		3421.75 time, 3440.01 real, 7 MB, 55.20 load
[runlim] sample:		3431.70 time, 3450.01 real, 7 MB, 55.17 load
[runlim] sample:		3441.65 time, 3460.01 real, 7 MB, 55.14 load
[runlim] sample:		3451.60 time, 3470.01 real, 7 MB, 55.19 load
[runlim] sample:		3461.54 time, 3480.01 real, 7 MB, 55.25 load
[runlim] sample:		3471.49 time, 3490.01 real, 7 MB, 55.21 load
[runlim] sample:		3481.44 time, 3500.01 real, 7 MB, 55.17 load
[runlim] sample:		3491.39 time, 3510.01 real, 7 MB, 55.15 load
[runlim] sample:		3501.34 time, 3520.01 real, 7 MB, 55.12 load
[runlim] sample:		3511.29 time, 3530.01 real, 7 MB, 55.18 load
[runlim] sample:		3521.24 time, 3540.01 real, 7 MB, 55.23 load
[runlim] sample:		3531.19 time, 3550.01 real, 7 MB, 55.20 load
[runlim] sample:		3541.13 time, 3560.01 real, 7 MB, 55.16 load
[runlim] sample:		3551.08 time, 3570.01 real, 7 MB, 55.14 load
[runlim] sample:		3561.03 time, 3580.01 real, 7 MB, 55.12 load
[runlim] sample:		3570.98 time, 3590.01 real, 7 MB, 55.10 load
[runlim] sample:		3580.93 time, 3600.01 real, 7 MB, 55.16 load
[runlim] sample:		3590.88 time, 3610.01 real, 7 MB, 55.14 load
[runlim] sample:		3600.82 time, 3620.01 real, 7 MB, 55.20 load
[runlim] sample:		3610.77 time, 3630.01 real, 7 MB, 55.17 load
[runlim] sample:		3620.72 time, 3640.01 real, 7 MB, 55.14 load
[runlim] sample:		3630.67 time, 3650.01 real, 7 MB, 55.12 load
[runlim] sample:		3640.62 time, 3660.01 real, 7 MB, 55.18 load
[runlim] sample:		3650.57 time, 3670.01 real, 7 MB, 55.15 load
[runlim] sample:		3660.52 time, 3680.01 real, 7 MB, 55.13 load
[runlim] sample:		3670.46 time, 3690.01 real, 7 MB, 55.11 load
[runlim] sample:		3680.41 time, 3700.01 real, 7 MB, 55.09 load
[runlim] sample:		3690.36 time, 3710.01 real, 7 MB, 55.08 load
[runlim] sample:		3700.31 time, 3720.01 real, 7 MB, 55.22 load
[runlim] sample:		3710.26 time, 3730.01 real, 7 MB, 55.19 load
[runlim] sample:		3720.21 time, 3740.01 real, 7 MB, 55.16 load
[runlim] sample:		3730.16 time, 3750.01 real, 7 MB, 55.22 load
[runlim] sample:		3740.10 time, 3760.01 real, 7 MB, 55.18 load
[runlim] sample:		3750.05 time, 3770.01 real, 7 MB, 55.15 load
[runlim] sample:		3760.00 time, 3780.01 real, 7 MB, 55.29 load
[runlim] sample:		3769.95 time, 3790.01 real, 7 MB, 55.39 load
[runlim] sample:		3779.90 time, 3800.01 real, 7 MB, 55.41 load
[runlim] sample:		3789.84 time, 3810.01 real, 7 MB, 55.35 load
[runlim] sample:		3799.79 time, 3820.01 real, 7 MB, 55.29 load
[runlim] sample:		3809.74 time, 3830.01 real, 7 MB, 55.25 load
[runlim] sample:		3819.69 time, 3840.01 real, 7 MB, 55.21 load
[runlim] sample:		3829.64 time, 3850.01 real, 7 MB, 55.18 load
[runlim] sample:		3839.59 time, 3860.01 real, 7 MB, 55.23 load
[runlim] sample:		3849.53 time, 3870.01 real, 7 MB, 55.19 load
[runlim] sample:		3859.48 time, 3880.01 real, 7 MB, 55.16 load
[runlim] sample:		3869.43 time, 3890.01 real, 7 MB, 55.14 load
[runlim] sample:		3879.38 time, 3900.01 real, 7 MB, 55.12 load
[runlim] sample:		3889.33 time, 3910.01 real, 7 MB, 55.10 load
[runlim] sample:		3899.27 time, 3920.01 real, 7 MB, 55.08 load
[runlim] sample:		3909.22 time, 3930.01 real, 7 MB, 55.07 load
[runlim] sample:		3919.17 time, 3940.01 real, 7 MB, 55.06 load
[runlim] sample:		3929.12 time, 3950.01 real, 7 MB, 55.12 load
[runlim] sample:		3939.06 time, 3960.01 real, 7 MB, 55.10 load
[runlim] sample:		3949.01 time, 3970.01 real, 7 MB, 55.09 load
[runlim] sample:		3958.96 time, 3980.01 real, 7 MB, 55.23 load
[runlim] sample:		3968.90 time, 3990.01 real, 7 MB, 55.19 load
[runlim] sample:		3978.85 time, 4000.01 real, 7 MB, 55.16 load
[runlim] sample:		3988.80 time, 4010.01 real, 7 MB, 55.14 load
[runlim] sample:		3998.75 time, 4020.01 real, 7 MB, 55.12 load
[runlim] sample:		4008.70 time, 4030.01 real, 7 MB, 55.10 load
[runlim] sample:		4018.64 time, 4040.01 real, 7 MB, 55.16 load
[runlim] sample:		4028.59 time, 4050.01 real, 7 MB, 55.14 load
[runlim] sample:		4038.54 time, 4060.01 real, 7 MB, 55.12 load
[runlim] sample:		4048.49 time, 4070.01 real, 7 MB, 55.17 load
[runlim] sample:		4058.43 time, 4080.01 real, 7 MB, 55.14 load
[runlim] sample:		4068.38 time, 4090.01 real, 7 MB, 55.12 load
[runlim] sample:		4078.33 time, 4100.01 real, 7 MB, 55.10 load
[runlim] sample:		4088.28 time, 4110.01 real, 7 MB, 55.09 load
[runlim] sample:		4098.22 time, 4120.01 real, 7 MB, 55.37 load
[runlim] sample:		4108.17 time, 4130.01 real, 7 MB, 55.32 load
[runlim] sample:		4118.12 time, 4140.01 real, 7 MB, 55.27 load
[runlim] sample:		4128.07 time, 4150.01 real, 7 MB, 55.23 load
[runlim] sample:		4138.02 time, 4160.01 real, 7 MB, 55.27 load
[runlim] sample:		4147.97 time, 4170.01 real, 7 MB, 55.23 load
[runlim] sample:		4157.92 time, 4180.01 real, 7 MB, 55.19 load
[runlim] sample:		4167.86 time, 4190.01 real, 7 MB, 55.16 load
[runlim] sample:		4177.81 time, 4200.01 real, 7 MB, 55.14 load
[runlim] sample:		4187.76 time, 4210.01 real, 7 MB, 55.12 load
[runlim] sample:		4197.71 time, 4220.01 real, 7 MB, 55.34 load
[runlim] sample:		4207.66 time, 4230.01 real, 7 MB, 55.29 load
[runlim] sample:		4217.61 time, 4240.01 real, 7 MB, 55.24 load
[runlim] sample:		4227.56 time, 4250.01 real, 7 MB, 55.36 load
[runlim] sample:		4237.51 time, 4260.01 real, 7 MB, 55.30 load
[runlim] sample:		4247.45 time, 4270.01 real, 7 MB, 55.26 load
[runlim] sample:		4257.40 time, 4280.01 real, 7 MB, 55.22 load
[runlim] sample:		4267.35 time, 4290.01 real, 7 MB, 55.33 load
[runlim] sample:		4277.30 time, 4300.01 real, 7 MB, 55.36 load
[runlim] sample:		4287.25 time, 4310.01 real, 7 MB, 55.30 load
[runlim] sample:		4297.20 time, 4320.01 real, 7 MB, 55.26 load
[runlim] sample:		4307.15 time, 4330.01 real, 7 MB, 55.22 load
[runlim] sample:		4317.10 time, 4340.01 real, 7 MB, 55.18 load
[runlim] sample:		4327.05 time, 4350.01 real, 7 MB, 55.15 load
[runlim] sample:		4337.00 time, 4360.01 real, 7 MB, 55.21 load
[runlim] sample:		4346.95 time, 4370.01 real, 7 MB, 55.18 load
[runlim] sample:		4356.89 time, 4380.01 real, 7 MB, 55.15 load
[runlim] sample:		4366.84 time, 4390.01 real, 7 MB, 55.13 load
[runlim] sample:		4376.79 time, 4400.01 real, 7 MB, 55.11 load
[runlim] sample:		4386.75 time, 4410.02 real, 7 MB, 55.09 load
[runlim] sample:		4396.69 time, 4420.01 real, 7 MB, 55.08 load
[runlim] sample:		4406.64 time, 4430.01 real, 7 MB, 55.80 load
[runlim] sample:		4416.59 time, 4440.01 real, 7 MB, 55.68 load
[runlim] sample:		4426.54 time, 4450.01 real, 7 MB, 55.57 load
[runlim] sample:		4436.49 time, 4460.01 real, 7 MB, 55.48 load
[runlim] sample:		4446.43 time, 4470.01 real, 7 MB, 55.41 load
[runlim] sample:		4456.38 time, 4480.01 real, 7 MB, 55.35 load
[runlim] sample:		4466.33 time, 4490.01 real, 7 MB, 55.37 load
[runlim] sample:		4476.28 time, 4500.01 real, 7 MB, 55.39 load
[runlim] sample:		4486.23 time, 4510.01 real, 7 MB, 55.33 load
[runlim] sample:		4496.18 time, 4520.01 real, 7 MB, 55.28 load
[runlim] sample:		4506.13 time, 4530.01 real, 7 MB, 55.24 load
[runlim] sample:		4516.08 time, 4540.01 real, 7 MB, 55.20 load
[runlim] sample:		4526.03 time, 4550.01 real, 7 MB, 55.17 load
[runlim] sample:		4535.99 time, 4560.02 real, 7 MB, 55.22 load
[runlim] sample:		4545.93 time, 4570.01 real, 7 MB, 55.27 load
[runlim] sample:		4555.88 time, 4580.01 real, 7 MB, 55.23 load
[runlim] sample:		4565.82 time, 4590.01 real, 7 MB, 55.19 load
[runlim] sample:		4575.77 time, 4600.01 real, 7 MB, 55.16 load
[runlim] sample:		4585.72 time, 4610.01 real, 7 MB, 55.14 load
[runlim] sample:		4595.67 time, 4620.01 real, 7 MB, 55.27 load
[runlim] sample:		4605.62 time, 4630.01 real, 7 MB, 55.23 load
[runlim] sample:		4615.57 time, 4640.01 real, 7 MB, 55.20 load
[runlim] sample:		4625.52 time, 4650.01 real, 7 MB, 55.16 load
[runlim] sample:		4635.47 time, 4660.01 real, 7 MB, 55.14 load
[runlim] sample:		4645.42 time, 4670.01 real, 7 MB, 55.12 load
[runlim] sample:		4655.37 time, 4680.01 real, 7 MB, 55.10 load
[runlim] sample:		4665.31 time, 4690.01 real, 7 MB, 55.08 load
[runlim] sample:		4675.26 time, 4700.01 real, 7 MB, 55.07 load
[runlim] sample:		4685.21 time, 4710.01 real, 7 MB, 55.06 load
[runlim] sample:		4695.16 time, 4720.01 real, 7 MB, 55.05 load
[runlim] sample:		4705.11 time, 4730.01 real, 7 MB, 55.04 load
[runlim] sample:		4715.06 time, 4740.01 real, 7 MB, 55.03 load
[runlim] sample:		4725.00 time, 4750.01 real, 7 MB, 55.03 load
[runlim] sample:		4734.95 time, 4760.01 real, 7 MB, 55.02 load
[runlim] sample:		4744.90 time, 4770.01 real, 7 MB, 55.02 load
[runlim] sample:		4754.85 time, 4780.01 real, 7 MB, 55.02 load
[runlim] sample:		4764.79 time, 4790.01 real, 7 MB, 55.09 load
[runlim] sample:		4774.74 time, 4800.01 real, 7 MB, 55.07 load
[runlim] sample:		4784.69 time, 4810.01 real, 7 MB, 55.06 load
[runlim] sample:		4794.64 time, 4820.01 real, 7 MB, 55.05 load
[runlim] sample:		4804.59 time, 4830.01 real, 7 MB, 55.04 load
[runlim] sample:		4814.54 time, 4840.01 real, 7 MB, 55.04 load
[runlim] sample:		4824.49 time, 4850.01 real, 7 MB, 55.03 load
[runlim] sample:		4834.44 time, 4860.01 real, 7 MB, 55.10 load
[runlim] sample:		4844.38 time, 4870.01 real, 7 MB, 55.08 load
[runlim] sample:		4854.33 time, 4880.01 real, 7 MB, 55.15 load
[runlim] sample:		4864.28 time, 4890.01 real, 7 MB, 55.13 load
[runlim] sample:		4874.23 time, 4900.01 real, 7 MB, 55.19 load
[runlim] sample:		4884.18 time, 4910.01 real, 7 MB, 55.16 load
[runlim] sample:		4894.13 time, 4920.01 real, 7 MB, 55.13 load
[runlim] sample:		4904.08 time, 4930.01 real, 7 MB, 55.11 load
[runlim] sample:		4914.02 time, 4940.01 real, 7 MB, 55.10 load
[runlim] sample:		4923.98 time, 4950.02 real, 7 MB, 55.08 load
[runlim] sample:		4933.92 time, 4960.01 real, 7 MB, 55.07 load
[runlim] sample:		4943.87 time, 4970.01 real, 7 MB, 55.13 load
[runlim] sample:		4953.82 time, 4980.01 real, 7 MB, 55.11 load
[runlim] sample:		4963.77 time, 4990.01 real, 7 MB, 54.93 load
[runlim] sample:		4973.72 time, 5000.01 real, 7 MB, 53.63 load
[runlim] end:			Thu Apr  9 21:45:38 2026
[runlim] status:		out of time
[runlim] result:		2
[runlim] children:		1
[runlim] processes:		2
[runlim] real:			5000.05 seconds
[runlim] time:			4973.72 seconds
[runlim] space:			7 MB
[runlim] load:			59.52 maximum
[runlim] samples:		50000
