[runlim] version:		2.0.0rc1
[runlim] host:			o02n04
[runlim] time limit:		311040000 seconds
[runlim] real time limit:	5000 seconds
[runlim] space limit:		7000 MB
[runlim] argv[0]:		./binary
[runlim] argv[1]:		-c
[runlim] argv[2]:		-f
[runlim] argv[3]:		-r
[runlim] argv[4]:		/tmp/local-unzipped-12459994-2-83-mc2025_track1_175.cnf
[runlim] start:			Thu Apr  9 21:59:18 2026
[runlim] child:			37498
[runlim] sample:		9.95 time, 10.01 real, 5 MB, 8.44 load
[runlim] sample:		19.90 time, 20.01 real, 5 MB, 12.15 load
[runlim] sample:		29.85 time, 30.01 real, 5 MB, 15.12 load
[runlim] sample:		39.80 time, 40.01 real, 5 MB, 17.57 load
[runlim] sample:		49.75 time, 50.01 real, 5 MB, 19.63 load
[runlim] sample:		59.69 time, 60.01 real, 5 MB, 21.45 load
[runlim] sample:		69.64 time, 70.01 real, 5 MB, 22.92 load
[runlim] sample:		79.59 time, 80.01 real, 5 MB, 24.16 load
[runlim] sample:		89.54 time, 90.01 real, 5 MB, 25.29 load
[runlim] sample:		99.49 time, 100.01 real, 5 MB, 26.17 load
[runlim] sample:		109.44 time, 110.01 real, 5 MB, 26.91 load
[runlim] sample:		119.39 time, 120.01 real, 5 MB, 27.61 load
[runlim] sample:		129.33 time, 130.01 real, 5 MB, 28.13 load
[runlim] sample:		139.28 time, 140.01 real, 5 MB, 28.58 load
[runlim] sample:		149.24 time, 150.01 real, 5 MB, 28.95 load
[runlim] sample:		159.19 time, 160.01 real, 5 MB, 29.26 load
[runlim] sample:		169.13 time, 170.01 real, 5 MB, 29.53 load
[runlim] sample:		179.08 time, 180.01 real, 5 MB, 29.91 load
[runlim] sample:		189.02 time, 190.01 real, 5 MB, 30.39 load
[runlim] sample:		198.97 time, 200.01 real, 5 MB, 30.64 load
[runlim] sample:		208.92 time, 210.01 real, 5 MB, 30.85 load
[runlim] sample:		218.87 time, 220.01 real, 5 MB, 31.03 load
[runlim] sample:		228.81 time, 230.01 real, 6 MB, 31.32 load
[runlim] sample:		238.76 time, 240.01 real, 6 MB, 31.50 load
[runlim] sample:		248.70 time, 250.01 real, 6 MB, 31.74 load
[runlim] sample:		258.65 time, 260.01 real, 6 MB, 31.63 load
[runlim] sample:		268.60 time, 270.01 real, 6 MB, 31.53 load
[runlim] sample:		278.54 time, 280.01 real, 6 MB, 31.45 load
[runlim] sample:		288.49 time, 290.01 real, 6 MB, 31.38 load
[runlim] sample:		298.44 time, 300.01 real, 6 MB, 31.32 load
[runlim] sample:		308.39 time, 310.01 real, 6 MB, 31.35 load
[runlim] sample:		318.34 time, 320.01 real, 6 MB, 31.14 load
[runlim] sample:		328.29 time, 330.01 real, 6 MB, 30.97 load
[runlim] sample:		338.24 time, 340.01 real, 6 MB, 30.82 load
[runlim] sample:		348.19 time, 350.01 real, 6 MB, 30.77 load
[runlim] sample:		358.14 time, 360.01 real, 6 MB, 30.65 load
[runlim] sample:		368.09 time, 370.01 real, 6 MB, 30.71 load
[runlim] sample:		378.04 time, 380.01 real, 6 MB, 30.60 load
[runlim] sample:		388.00 time, 390.01 real, 6 MB, 30.59 load
[runlim] sample:		397.95 time, 400.01 real, 6 MB, 30.50 load
[runlim] sample:		407.90 time, 410.01 real, 6 MB, 30.42 load
[runlim] sample:		417.85 time, 420.01 real, 6 MB, 30.36 load
[runlim] sample:		427.80 time, 430.01 real, 6 MB, 30.38 load
[runlim] sample:		437.75 time, 440.01 real, 6 MB, 30.32 load
[runlim] sample:		447.70 time, 450.01 real, 6 MB, 30.27 load
[runlim] sample:		457.65 time, 460.01 real, 6 MB, 30.23 load
[runlim] sample:		467.60 time, 470.01 real, 6 MB, 30.19 load
[runlim] sample:		477.55 time, 480.01 real, 6 MB, 30.16 load
[runlim] sample:		487.50 time, 490.01 real, 6 MB, 30.14 load
[runlim] sample:		497.45 time, 500.01 real, 6 MB, 30.12 load
[runlim] sample:		507.40 time, 510.01 real, 6 MB, 30.10 load
[runlim] sample:		517.35 time, 520.01 real, 6 MB, 30.08 load
[runlim] sample:		527.30 time, 530.01 real, 6 MB, 30.07 load
[runlim] sample:		537.25 time, 540.01 real, 6 MB, 30.06 load
[runlim] sample:		547.20 time, 550.01 real, 6 MB, 30.05 load
[runlim] sample:		557.15 time, 560.01 real, 6 MB, 30.04 load
[runlim] sample:		567.10 time, 570.01 real, 6 MB, 30.03 load
[runlim] sample:		577.04 time, 580.01 real, 6 MB, 30.03 load
[runlim] sample:		586.99 time, 590.01 real, 6 MB, 30.02 load
[runlim] sample:		596.94 time, 600.01 real, 6 MB, 30.02 load
[runlim] sample:		606.89 time, 610.01 real, 6 MB, 30.02 load
[runlim] sample:		616.84 time, 620.01 real, 6 MB, 30.01 load
[runlim] sample:		626.79 time, 630.01 real, 6 MB, 30.01 load
[runlim] sample:		636.74 time, 640.01 real, 6 MB, 30.01 load
[runlim] sample:		646.68 time, 650.01 real, 6 MB, 30.01 load
[runlim] sample:		656.63 time, 660.01 real, 6 MB, 30.01 load
[runlim] sample:		666.58 time, 670.01 real, 6 MB, 30.00 load
[runlim] sample:		676.53 time, 680.01 real, 6 MB, 30.00 load
[runlim] sample:		686.48 time, 690.01 real, 6 MB, 30.08 load
[runlim] sample:		696.43 time, 700.01 real, 6 MB, 30.06 load
[runlim] sample:		706.38 time, 710.01 real, 6 MB, 30.05 load
[runlim] sample:		716.33 time, 720.01 real, 6 MB, 30.05 load
[runlim] sample:		726.28 time, 730.01 real, 6 MB, 30.04 load
[runlim] sample:		736.23 time, 740.01 real, 6 MB, 30.11 load
[runlim] sample:		746.17 time, 750.01 real, 6 MB, 30.09 load
[runlim] sample:		756.12 time, 760.01 real, 6 MB, 30.08 load
[runlim] sample:		766.07 time, 770.01 real, 6 MB, 30.07 load
[runlim] sample:		776.02 time, 780.01 real, 6 MB, 29.98 load
[runlim] sample:		785.97 time, 790.01 real, 6 MB, 29.91 load
[runlim] sample:		795.92 time, 800.01 real, 6 MB, 29.84 load
[runlim] sample:		805.87 time, 810.01 real, 6 MB, 29.71 load
[runlim] sample:		815.82 time, 820.01 real, 6 MB, 29.60 load
[runlim] sample:		825.77 time, 830.01 real, 6 MB, 29.51 load
[runlim] sample:		835.71 time, 840.01 real, 6 MB, 29.43 load
[runlim] sample:		845.66 time, 850.01 real, 6 MB, 29.36 load
[runlim] sample:		855.61 time, 860.01 real, 6 MB, 29.38 load
[runlim] sample:		865.56 time, 870.01 real, 6 MB, 29.32 load
[runlim] sample:		875.50 time, 880.01 real, 6 MB, 29.27 load
[runlim] sample:		885.45 time, 890.01 real, 6 MB, 29.23 load
[runlim] sample:		895.40 time, 900.01 real, 6 MB, 29.19 load
[runlim] sample:		905.35 time, 910.01 real, 6 MB, 29.16 load
[runlim] sample:		915.30 time, 920.01 real, 6 MB, 29.21 load
[runlim] sample:		925.25 time, 930.01 real, 6 MB, 29.18 load
[runlim] sample:		935.19 time, 940.01 real, 6 MB, 29.23 load
[runlim] sample:		945.14 time, 950.01 real, 6 MB, 29.20 load
[runlim] sample:		955.10 time, 960.01 real, 6 MB, 29.16 load
[runlim] sample:		965.05 time, 970.01 real, 6 MB, 29.14 load
[runlim] sample:		975.00 time, 980.01 real, 6 MB, 29.12 load
[runlim] sample:		984.95 time, 990.01 real, 6 MB, 29.17 load
[runlim] sample:		994.90 time, 1000.01 real, 6 MB, 29.15 load
[runlim] sample:		1004.85 time, 1010.01 real, 6 MB, 29.12 load
[runlim] sample:		1014.81 time, 1020.01 real, 6 MB, 29.10 load
[runlim] sample:		1024.76 time, 1030.01 real, 6 MB, 29.09 load
[runlim] sample:		1034.71 time, 1040.01 real, 6 MB, 29.07 load
[runlim] sample:		1044.66 time, 1050.01 real, 6 MB, 29.06 load
[runlim] sample:		1054.61 time, 1060.01 real, 6 MB, 29.05 load
[runlim] sample:		1064.57 time, 1070.01 real, 6 MB, 29.04 load
[runlim] sample:		1074.52 time, 1080.01 real, 6 MB, 29.04 load
[runlim] sample:		1084.47 time, 1090.01 real, 6 MB, 29.03 load
[runlim] sample:		1094.42 time, 1100.01 real, 6 MB, 29.02 load
[runlim] sample:		1104.37 time, 1110.01 real, 6 MB, 29.02 load
[runlim] sample:		1114.33 time, 1120.01 real, 6 MB, 29.02 load
[runlim] sample:		1124.28 time, 1130.01 real, 6 MB, 29.01 load
[runlim] sample:		1134.23 time, 1140.01 real, 6 MB, 29.01 load
[runlim] sample:		1144.18 time, 1150.01 real, 6 MB, 29.01 load
[runlim] sample:		1154.13 time, 1160.01 real, 6 MB, 29.01 load
[runlim] sample:		1164.09 time, 1170.01 real, 6 MB, 29.01 load
[runlim] sample:		1174.04 time, 1180.01 real, 6 MB, 29.00 load
[runlim] sample:		1183.99 time, 1190.01 real, 6 MB, 29.00 load
[runlim] sample:		1193.94 time, 1200.01 real, 6 MB, 29.08 load
[runlim] sample:		1203.89 time, 1210.01 real, 6 MB, 29.06 load
[runlim] sample:		1213.84 time, 1220.01 real, 6 MB, 29.05 load
[runlim] sample:		1223.80 time, 1230.01 real, 6 MB, 29.05 load
[runlim] sample:		1233.75 time, 1240.01 real, 6 MB, 29.04 load
[runlim] sample:		1243.70 time, 1250.01 real, 6 MB, 29.11 load
[runlim] sample:		1253.65 time, 1260.01 real, 6 MB, 29.16 load
[runlim] sample:		1263.60 time, 1270.01 real, 6 MB, 29.14 load
[runlim] sample:		1273.55 time, 1280.01 real, 6 MB, 29.12 load
[runlim] sample:		1283.51 time, 1290.01 real, 6 MB, 29.10 load
[runlim] sample:		1293.46 time, 1300.01 real, 6 MB, 29.16 load
[runlim] sample:		1303.41 time, 1310.01 real, 6 MB, 29.14 load
[runlim] sample:		1313.36 time, 1320.01 real, 6 MB, 29.19 load
[runlim] sample:		1323.31 time, 1330.01 real, 6 MB, 29.16 load
[runlim] sample:		1333.26 time, 1340.01 real, 6 MB, 29.13 load
[runlim] sample:		1343.22 time, 1350.01 real, 6 MB, 29.11 load
[runlim] sample:		1353.17 time, 1360.01 real, 6 MB, 29.10 load
[runlim] sample:		1363.12 time, 1370.01 real, 6 MB, 29.15 load
[runlim] sample:		1373.07 time, 1380.01 real, 6 MB, 29.28 load
[runlim] sample:		1383.02 time, 1390.01 real, 6 MB, 29.23 load
[runlim] sample:		1392.97 time, 1400.01 real, 6 MB, 29.20 load
[runlim] sample:		1402.92 time, 1410.01 real, 6 MB, 29.17 load
[runlim] sample:		1412.88 time, 1420.01 real, 6 MB, 29.14 load
[runlim] sample:		1422.83 time, 1430.01 real, 6 MB, 29.12 load
[runlim] sample:		1432.78 time, 1440.01 real, 6 MB, 29.17 load
[runlim] sample:		1442.73 time, 1450.01 real, 6 MB, 29.15 load
[runlim] sample:		1452.68 time, 1460.01 real, 6 MB, 29.12 load
[runlim] sample:		1462.64 time, 1470.01 real, 6 MB, 29.10 load
[runlim] sample:		1472.59 time, 1480.01 real, 6 MB, 29.09 load
[runlim] sample:		1482.54 time, 1490.01 real, 6 MB, 29.07 load
[runlim] sample:		1492.49 time, 1500.01 real, 6 MB, 29.06 load
[runlim] sample:		1502.44 time, 1510.01 real, 6 MB, 29.05 load
[runlim] sample:		1512.40 time, 1520.01 real, 6 MB, 29.04 load
[runlim] sample:		1522.35 time, 1530.01 real, 6 MB, 29.04 load
[runlim] sample:		1532.30 time, 1540.01 real, 6 MB, 29.03 load
[runlim] sample:		1542.25 time, 1550.01 real, 6 MB, 29.02 load
[runlim] sample:		1552.20 time, 1560.01 real, 6 MB, 29.02 load
[runlim] sample:		1562.16 time, 1570.01 real, 6 MB, 29.02 load
[runlim] sample:		1572.11 time, 1580.01 real, 6 MB, 29.01 load
[runlim] sample:		1582.06 time, 1590.01 real, 6 MB, 29.01 load
[runlim] sample:		1592.01 time, 1600.01 real, 6 MB, 29.01 load
[runlim] sample:		1601.96 time, 1610.01 real, 6 MB, 29.01 load
[runlim] sample:		1611.92 time, 1620.01 real, 6 MB, 29.08 load
[runlim] sample:		1621.87 time, 1630.01 real, 6 MB, 29.07 load
[runlim] sample:		1631.82 time, 1640.01 real, 6 MB, 29.06 load
[runlim] sample:		1641.77 time, 1650.01 real, 6 MB, 29.05 load
[runlim] sample:		1651.73 time, 1660.01 real, 6 MB, 29.04 load
[runlim] sample:		1661.68 time, 1670.01 real, 6 MB, 29.03 load
[runlim] sample:		1671.63 time, 1680.01 real, 6 MB, 29.10 load
[runlim] sample:		1681.58 time, 1690.01 real, 6 MB, 29.08 load
[runlim] sample:		1691.53 time, 1700.01 real, 6 MB, 29.07 load
[runlim] sample:		1701.48 time, 1710.01 real, 6 MB, 29.06 load
[runlim] sample:		1711.43 time, 1720.01 real, 6 MB, 29.05 load
[runlim] sample:		1721.38 time, 1730.01 real, 6 MB, 29.19 load
[runlim] sample:		1731.34 time, 1740.01 real, 6 MB, 29.16 load
[runlim] sample:		1741.29 time, 1750.01 real, 6 MB, 29.14 load
[runlim] sample:		1751.24 time, 1760.01 real, 6 MB, 29.11 load
[runlim] sample:		1761.19 time, 1770.01 real, 6 MB, 29.10 load
[runlim] sample:		1771.14 time, 1780.01 real, 6 MB, 29.08 load
[runlim] sample:		1781.10 time, 1790.01 real, 6 MB, 29.07 load
[runlim] sample:		1791.05 time, 1800.01 real, 6 MB, 29.06 load
[runlim] sample:		1801.00 time, 1810.01 real, 6 MB, 29.05 load
[runlim] sample:		1810.95 time, 1820.01 real, 6 MB, 29.04 load
[runlim] sample:		1820.90 time, 1830.01 real, 6 MB, 29.03 load
[runlim] sample:		1830.86 time, 1840.01 real, 6 MB, 29.03 load
[runlim] sample:		1840.81 time, 1850.01 real, 6 MB, 29.02 load
[runlim] sample:		1850.76 time, 1860.01 real, 6 MB, 29.02 load
[runlim] sample:		1860.71 time, 1870.01 real, 6 MB, 29.02 load
[runlim] sample:		1870.67 time, 1880.01 real, 6 MB, 29.01 load
[runlim] sample:		1880.62 time, 1890.01 real, 6 MB, 29.08 load
[runlim] sample:		1890.57 time, 1900.01 real, 6 MB, 29.07 load
[runlim] sample:		1900.52 time, 1910.01 real, 6 MB, 29.06 load
[runlim] sample:		1910.48 time, 1920.01 real, 6 MB, 29.05 load
[runlim] sample:		1920.43 time, 1930.01 real, 6 MB, 29.04 load
[runlim] sample:		1930.38 time, 1940.01 real, 6 MB, 29.04 load
[runlim] sample:		1940.34 time, 1950.01 real, 6 MB, 29.10 load
[runlim] sample:		1950.29 time, 1960.01 real, 6 MB, 29.09 load
[runlim] sample:		1960.24 time, 1970.01 real, 6 MB, 29.07 load
[runlim] sample:		1970.19 time, 1980.01 real, 6 MB, 29.06 load
[runlim] sample:		1980.15 time, 1990.01 real, 6 MB, 29.05 load
[runlim] sample:		1990.10 time, 2000.01 real, 6 MB, 29.04 load
[runlim] sample:		2000.05 time, 2010.01 real, 6 MB, 29.04 load
[runlim] sample:		2010.00 time, 2020.01 real, 6 MB, 29.03 load
[runlim] sample:		2019.95 time, 2030.01 real, 6 MB, 29.02 load
[runlim] sample:		2029.91 time, 2040.01 real, 6 MB, 29.02 load
[runlim] sample:		2039.86 time, 2050.01 real, 6 MB, 29.02 load
[runlim] sample:		2049.81 time, 2060.01 real, 6 MB, 29.01 load
[runlim] sample:		2059.76 time, 2070.01 real, 6 MB, 29.01 load
[runlim] sample:		2069.71 time, 2080.01 real, 6 MB, 29.01 load
[runlim] sample:		2079.67 time, 2090.01 real, 6 MB, 29.01 load
[runlim] sample:		2089.62 time, 2100.01 real, 6 MB, 29.01 load
[runlim] sample:		2099.57 time, 2110.01 real, 6 MB, 29.00 load
[runlim] sample:		2109.52 time, 2120.01 real, 6 MB, 29.00 load
[runlim] sample:		2119.47 time, 2130.01 real, 6 MB, 29.08 load
[runlim] sample:		2129.43 time, 2140.01 real, 6 MB, 29.06 load
[runlim] sample:		2139.38 time, 2150.01 real, 6 MB, 29.13 load
[runlim] sample:		2149.33 time, 2160.01 real, 6 MB, 29.19 load
[runlim] sample:		2159.28 time, 2170.01 real, 6 MB, 29.16 load
[runlim] sample:		2169.23 time, 2180.01 real, 6 MB, 29.13 load
[runlim] sample:		2179.19 time, 2190.01 real, 6 MB, 29.27 load
[runlim] sample:		2189.14 time, 2200.01 real, 6 MB, 29.23 load
[runlim] sample:		2199.09 time, 2210.01 real, 6 MB, 29.19 load
[runlim] sample:		2209.04 time, 2220.01 real, 6 MB, 29.16 load
[runlim] sample:		2218.99 time, 2230.01 real, 6 MB, 29.14 load
[runlim] sample:		2228.95 time, 2240.01 real, 6 MB, 29.11 load
[runlim] sample:		2238.90 time, 2250.01 real, 6 MB, 29.10 load
[runlim] sample:		2248.85 time, 2260.01 real, 6 MB, 29.08 load
[runlim] sample:		2258.80 time, 2270.01 real, 6 MB, 29.14 load
[runlim] sample:		2268.75 time, 2280.01 real, 6 MB, 29.12 load
[runlim] sample:		2278.71 time, 2290.01 real, 6 MB, 29.10 load
[runlim] sample:		2288.66 time, 2300.01 real, 6 MB, 29.16 load
[runlim] sample:		2298.61 time, 2310.01 real, 6 MB, 29.14 load
[runlim] sample:		2308.56 time, 2320.01 real, 6 MB, 29.12 load
[runlim] sample:		2318.51 time, 2330.01 real, 6 MB, 29.10 load
[runlim] sample:		2328.47 time, 2340.01 real, 6 MB, 29.08 load
[runlim] sample:		2338.42 time, 2350.01 real, 6 MB, 29.07 load
[runlim] sample:		2348.37 time, 2360.01 real, 6 MB, 29.14 load
[runlim] sample:		2358.32 time, 2370.01 real, 6 MB, 29.12 load
[runlim] sample:		2368.27 time, 2380.01 real, 6 MB, 29.10 load
[runlim] sample:		2378.22 time, 2390.01 real, 6 MB, 29.08 load
[runlim] sample:		2388.18 time, 2400.01 real, 6 MB, 29.07 load
[runlim] sample:		2398.13 time, 2410.01 real, 6 MB, 29.06 load
[runlim] sample:		2408.08 time, 2420.01 real, 6 MB, 29.13 load
[runlim] sample:		2418.03 time, 2430.01 real, 6 MB, 29.11 load
[runlim] sample:		2427.98 time, 2440.01 real, 6 MB, 29.09 load
[runlim] sample:		2437.93 time, 2450.01 real, 6 MB, 29.08 load
[runlim] sample:		2447.89 time, 2460.01 real, 6 MB, 29.07 load
[runlim] sample:		2457.84 time, 2470.01 real, 6 MB, 29.06 load
[runlim] sample:		2467.79 time, 2480.01 real, 6 MB, 29.05 load
[runlim] sample:		2477.74 time, 2490.01 real, 6 MB, 29.04 load
[runlim] sample:		2487.69 time, 2500.01 real, 6 MB, 29.03 load
[runlim] sample:		2497.64 time, 2510.01 real, 6 MB, 29.03 load
[runlim] sample:		2507.60 time, 2520.01 real, 6 MB, 29.02 load
[runlim] sample:		2517.55 time, 2530.01 real, 6 MB, 29.02 load
[runlim] sample:		2527.50 time, 2540.01 real, 6 MB, 29.02 load
[runlim] sample:		2537.45 time, 2550.01 real, 6 MB, 29.01 load
[runlim] sample:		2547.40 time, 2560.01 real, 6 MB, 29.01 load
[runlim] sample:		2557.35 time, 2570.01 real, 6 MB, 29.01 load
[runlim] sample:		2567.31 time, 2580.01 real, 6 MB, 29.01 load
[runlim] sample:		2577.26 time, 2590.01 real, 6 MB, 29.00 load
[runlim] sample:		2587.21 time, 2600.01 real, 6 MB, 29.00 load
[runlim] sample:		2597.16 time, 2610.01 real, 6 MB, 29.00 load
[runlim] sample:		2607.11 time, 2620.01 real, 6 MB, 29.08 load
[runlim] sample:		2617.06 time, 2630.01 real, 6 MB, 29.06 load
[runlim] sample:		2627.02 time, 2640.01 real, 6 MB, 29.05 load
[runlim] sample:		2636.97 time, 2650.01 real, 6 MB, 29.04 load
[runlim] sample:		2646.92 time, 2660.01 real, 6 MB, 29.04 load
[runlim] sample:		2656.87 time, 2670.01 real, 6 MB, 29.03 load
[runlim] sample:		2666.82 time, 2680.01 real, 6 MB, 29.10 load
[runlim] sample:		2676.78 time, 2690.01 real, 6 MB, 29.16 load
[runlim] sample:		2686.73 time, 2700.01 real, 6 MB, 29.13 load
[runlim] sample:		2696.68 time, 2710.01 real, 6 MB, 29.11 load
[runlim] sample:		2706.63 time, 2720.01 real, 6 MB, 29.10 load
[runlim] sample:		2716.58 time, 2730.01 real, 6 MB, 29.15 load
[runlim] sample:		2726.54 time, 2740.01 real, 6 MB, 29.13 load
[runlim] sample:		2736.49 time, 2750.01 real, 6 MB, 29.11 load
[runlim] sample:		2746.44 time, 2760.01 real, 6 MB, 29.09 load
[runlim] sample:		2756.39 time, 2770.01 real, 6 MB, 29.08 load
[runlim] sample:		2766.34 time, 2780.01 real, 6 MB, 29.07 load
[runlim] sample:		2776.29 time, 2790.01 real, 6 MB, 29.06 load
[runlim] sample:		2786.24 time, 2800.01 real, 6 MB, 29.05 load
[runlim] sample:		2796.20 time, 2810.01 real, 6 MB, 29.04 load
[runlim] sample:		2806.15 time, 2820.01 real, 6 MB, 29.03 load
[runlim] sample:		2816.10 time, 2830.01 real, 6 MB, 29.03 load
[runlim] sample:		2826.05 time, 2840.01 real, 6 MB, 29.02 load
[runlim] sample:		2836.01 time, 2850.01 real, 6 MB, 29.02 load
[runlim] sample:		2845.96 time, 2860.01 real, 6 MB, 29.02 load
[runlim] sample:		2855.91 time, 2870.01 real, 6 MB, 29.09 load
[runlim] sample:		2865.87 time, 2880.01 real, 6 MB, 29.08 load
[runlim] sample:		2875.82 time, 2890.01 real, 6 MB, 29.07 load
[runlim] sample:		2885.77 time, 2900.01 real, 6 MB, 29.06 load
[runlim] sample:		2895.73 time, 2910.01 real, 6 MB, 29.05 load
[runlim] sample:		2905.68 time, 2920.01 real, 6 MB, 29.04 load
[runlim] sample:		2915.63 time, 2930.01 real, 6 MB, 29.03 load
[runlim] sample:		2925.59 time, 2940.01 real, 6 MB, 29.03 load
[runlim] sample:		2935.54 time, 2950.01 real, 6 MB, 29.02 load
[runlim] sample:		2945.49 time, 2960.01 real, 6 MB, 29.02 load
[runlim] sample:		2955.44 time, 2970.01 real, 6 MB, 29.02 load
[runlim] sample:		2965.39 time, 2980.01 real, 6 MB, 29.09 load
[runlim] sample:		2975.35 time, 2990.01 real, 6 MB, 29.07 load
[runlim] sample:		2985.30 time, 3000.01 real, 6 MB, 29.06 load
[runlim] sample:		2995.25 time, 3010.01 real, 6 MB, 29.05 load
[runlim] sample:		3005.20 time, 3020.01 real, 6 MB, 29.04 load
[runlim] sample:		3015.15 time, 3030.01 real, 6 MB, 29.04 load
[runlim] sample:		3025.11 time, 3040.01 real, 6 MB, 29.03 load
[runlim] sample:		3035.06 time, 3050.01 real, 6 MB, 29.02 load
[runlim] sample:		3045.01 time, 3060.01 real, 6 MB, 29.02 load
[runlim] sample:		3054.96 time, 3070.01 real, 6 MB, 29.02 load
[runlim] sample:		3064.91 time, 3080.01 real, 6 MB, 29.01 load
[runlim] sample:		3074.86 time, 3090.01 real, 6 MB, 29.01 load
[runlim] sample:		3084.82 time, 3100.01 real, 6 MB, 29.09 load
[runlim] sample:		3094.77 time, 3110.01 real, 6 MB, 29.08 load
[runlim] sample:		3104.72 time, 3120.01 real, 6 MB, 29.06 load
[runlim] sample:		3114.67 time, 3130.01 real, 6 MB, 29.05 load
[runlim] sample:		3124.62 time, 3140.01 real, 6 MB, 29.04 load
[runlim] sample:		3134.58 time, 3150.01 real, 6 MB, 29.19 load
[runlim] sample:		3144.53 time, 3160.01 real, 6 MB, 29.24 load
[runlim] sample:		3154.48 time, 3170.01 real, 6 MB, 29.20 load
[runlim] sample:		3164.43 time, 3180.01 real, 6 MB, 29.25 load
[runlim] sample:		3174.38 time, 3190.01 real, 6 MB, 29.21 load
[runlim] sample:		3184.34 time, 3200.01 real, 6 MB, 29.18 load
[runlim] sample:		3194.29 time, 3210.01 real, 6 MB, 29.15 load
[runlim] sample:		3204.24 time, 3220.01 real, 6 MB, 29.12 load
[runlim] sample:		3214.19 time, 3230.01 real, 6 MB, 29.11 load
[runlim] sample:		3224.14 time, 3240.01 real, 6 MB, 29.09 load
[runlim] sample:		3234.09 time, 3250.01 real, 6 MB, 29.07 load
[runlim] sample:		3244.04 time, 3260.01 real, 6 MB, 29.06 load
[runlim] sample:		3254.00 time, 3270.01 real, 6 MB, 29.05 load
[runlim] sample:		3263.95 time, 3280.01 real, 6 MB, 29.12 load
[runlim] sample:		3273.90 time, 3290.01 real, 6 MB, 29.10 load
[runlim] sample:		3283.85 time, 3300.01 real, 6 MB, 29.09 load
[runlim] sample:		3293.80 time, 3310.01 real, 6 MB, 29.07 load
[runlim] sample:		3303.75 time, 3320.01 real, 6 MB, 29.06 load
[runlim] sample:		3313.71 time, 3330.01 real, 6 MB, 29.05 load
[runlim] sample:		3323.66 time, 3340.01 real, 6 MB, 29.12 load
[runlim] sample:		3333.61 time, 3350.01 real, 6 MB, 29.10 load
[runlim] sample:		3343.56 time, 3360.01 real, 6 MB, 29.09 load
[runlim] sample:		3353.51 time, 3370.01 real, 6 MB, 29.07 load
[runlim] sample:		3363.46 time, 3380.01 real, 6 MB, 29.06 load
[runlim] sample:		3373.42 time, 3390.01 real, 6 MB, 29.05 load
[runlim] sample:		3383.37 time, 3400.01 real, 6 MB, 29.12 load
[runlim] sample:		3393.32 time, 3410.01 real, 6 MB, 29.10 load
[runlim] sample:		3403.27 time, 3420.01 real, 6 MB, 29.09 load
[runlim] sample:		3413.23 time, 3430.01 real, 6 MB, 29.07 load
[runlim] sample:		3423.18 time, 3440.01 real, 6 MB, 29.06 load
[runlim] sample:		3433.13 time, 3450.01 real, 6 MB, 29.05 load
[runlim] sample:		3443.08 time, 3460.01 real, 6 MB, 29.12 load
[runlim] sample:		3453.04 time, 3470.01 real, 6 MB, 29.10 load
[runlim] sample:		3462.99 time, 3480.01 real, 6 MB, 29.09 load
[runlim] sample:		3472.94 time, 3490.01 real, 6 MB, 29.07 load
[runlim] sample:		3482.89 time, 3500.01 real, 6 MB, 29.06 load
[runlim] sample:		3492.84 time, 3510.01 real, 6 MB, 29.05 load
[runlim] sample:		3502.79 time, 3520.01 real, 6 MB, 29.12 load
[runlim] sample:		3512.74 time, 3530.01 real, 6 MB, 29.10 load
[runlim] sample:		3522.69 time, 3540.01 real, 6 MB, 29.09 load
[runlim] sample:		3532.64 time, 3550.01 real, 6 MB, 29.07 load
[runlim] sample:		3542.59 time, 3560.01 real, 6 MB, 29.06 load
[runlim] sample:		3552.53 time, 3570.01 real, 6 MB, 29.05 load
[runlim] sample:		3562.48 time, 3580.01 real, 6 MB, 29.12 load
[runlim] sample:		3572.43 time, 3590.01 real, 6 MB, 29.10 load
[runlim] sample:		3582.38 time, 3600.01 real, 6 MB, 29.17 load
[runlim] sample:		3592.33 time, 3610.01 real, 6 MB, 29.14 load
[runlim] sample:		3602.28 time, 3620.01 real, 6 MB, 29.12 load
[runlim] sample:		3612.23 time, 3630.01 real, 6 MB, 29.10 load
[runlim] sample:		3622.18 time, 3640.01 real, 6 MB, 29.16 load
[runlim] sample:		3632.13 time, 3650.01 real, 6 MB, 29.14 load
[runlim] sample:		3642.08 time, 3660.01 real, 6 MB, 29.12 load
[runlim] sample:		3652.03 time, 3670.01 real, 6 MB, 29.10 load
[runlim] sample:		3661.98 time, 3680.01 real, 6 MB, 29.24 load
[runlim] sample:		3671.93 time, 3690.01 real, 6 MB, 29.27 load
[runlim] sample:		3681.88 time, 3700.01 real, 6 MB, 29.31 load
[runlim] sample:		3691.83 time, 3710.01 real, 6 MB, 29.26 load
[runlim] sample:		3701.78 time, 3720.01 real, 6 MB, 29.22 load
[runlim] sample:		3711.73 time, 3730.01 real, 6 MB, 29.19 load
[runlim] sample:		3721.68 time, 3740.01 real, 6 MB, 29.16 load
[runlim] sample:		3731.63 time, 3750.01 real, 6 MB, 29.13 load
[runlim] sample:		3741.58 time, 3760.01 real, 6 MB, 29.27 load
[runlim] sample:		3751.53 time, 3770.01 real, 6 MB, 29.31 load
[runlim] sample:		3761.48 time, 3780.01 real, 6 MB, 29.26 load
[runlim] sample:		3771.43 time, 3790.01 real, 6 MB, 29.22 load
[runlim] end:			Thu Apr  9 23:02:36 2026
[runlim] status:		ok
[runlim] result:		0
[runlim] children:		1
[runlim] processes:		2
[runlim] real:			3797.86 seconds
[runlim] time:			3779.19 seconds
[runlim] space:			6 MB
[runlim] load:			31.74 maximum
[runlim] samples:		37978
