[runlim] version:		2.0.0rc1
[runlim] host:			o02n01
[runlim] time limit:		311040000 seconds
[runlim] real time limit:	5000 seconds
[runlim] space limit:		7000 MB
[runlim] argv[0]:		./binary
[runlim] argv[1]:		-c
[runlim] argv[2]:		-f
[runlim] argv[3]:		-r
[runlim] argv[4]:		/tmp/local-unzipped-12459994-1-54-mc2025_track1_117.cnf
[runlim] start:			Thu Apr  9 20:22:58 2026
[runlim] child:			2379409
[runlim] sample:		9.93 time, 10.01 real, 17 MB, 24.87 load
[runlim] sample:		19.86 time, 20.01 real, 18 MB, 30.88 load
[runlim] sample:		29.80 time, 30.01 real, 18 MB, 36.19 load
[runlim] sample:		39.73 time, 40.01 real, 18 MB, 40.54 load
[runlim] sample:		49.65 time, 50.01 real, 18 MB, 43.92 load
[runlim] sample:		59.58 time, 60.01 real, 18 MB, 46.78 load
[runlim] sample:		69.51 time, 70.01 real, 18 MB, 48.97 load
[runlim] sample:		79.43 time, 80.01 real, 18 MB, 50.90 load
[runlim] sample:		89.34 time, 90.01 real, 18 MB, 52.45 load
[runlim] sample:		99.27 time, 100.01 real, 18 MB, 53.92 load
[runlim] sample:		109.21 time, 110.01 real, 18 MB, 55.01 load
[runlim] sample:		119.16 time, 120.01 real, 18 MB, 55.93 load
[runlim] sample:		129.08 time, 130.01 real, 18 MB, 56.71 load
[runlim] sample:		139.03 time, 140.01 real, 18 MB, 57.29 load
[runlim] sample:		148.97 time, 150.01 real, 18 MB, 57.63 load
[runlim] sample:		158.92 time, 160.01 real, 18 MB, 57.84 load
[runlim] sample:		168.86 time, 170.01 real, 18 MB, 58.02 load
[runlim] sample:		178.79 time, 180.01 real, 18 MB, 58.17 load
[runlim] sample:		188.73 time, 190.01 real, 18 MB, 58.30 load
[runlim] sample:		198.68 time, 200.01 real, 18 MB, 58.41 load
[runlim] sample:		208.63 time, 210.01 real, 18 MB, 58.58 load
[runlim] sample:		218.58 time, 220.01 real, 18 MB, 58.64 load
[runlim] sample:		228.52 time, 230.01 real, 18 MB, 58.78 load
[runlim] sample:		238.47 time, 240.01 real, 18 MB, 58.81 load
[runlim] sample:		248.41 time, 250.01 real, 18 MB, 58.92 load
[runlim] sample:		258.35 time, 260.01 real, 18 MB, 58.94 load
[runlim] sample:		268.30 time, 270.01 real, 20 MB, 58.95 load
[runlim] sample:		278.24 time, 280.01 real, 18 MB, 58.95 load
[runlim] sample:		288.19 time, 290.01 real, 18 MB, 58.96 load
[runlim] sample:		298.13 time, 300.01 real, 18 MB, 58.97 load
[runlim] sample:		308.07 time, 310.01 real, 18 MB, 59.13 load
[runlim] sample:		318.02 time, 320.01 real, 18 MB, 59.11 load
[runlim] sample:		327.96 time, 330.01 real, 18 MB, 59.25 load
[runlim] sample:		337.90 time, 340.01 real, 18 MB, 59.21 load
[runlim] sample:		347.84 time, 350.01 real, 18 MB, 59.18 load
[runlim] sample:		357.78 time, 360.01 real, 18 MB, 59.15 load
[runlim] sample:		367.72 time, 370.01 real, 18 MB, 59.36 load
[runlim] sample:		377.67 time, 380.01 real, 18 MB, 59.45 load
[runlim] sample:		387.61 time, 390.01 real, 18 MB, 59.38 load
[runlim] sample:		397.55 time, 400.01 real, 19 MB, 59.32 load
[runlim] sample:		407.49 time, 410.01 real, 19 MB, 59.35 load
[runlim] sample:		417.43 time, 420.01 real, 19 MB, 59.30 load
[runlim] sample:		427.38 time, 430.01 real, 19 MB, 59.31 load
[runlim] sample:		437.32 time, 440.01 real, 19 MB, 58.96 load
[runlim] sample:		447.26 time, 450.01 real, 19 MB, 59.06 load
[runlim] sample:		457.20 time, 460.01 real, 19 MB, 58.66 load
[runlim] sample:		467.14 time, 470.01 real, 19 MB, 58.40 load
[runlim] sample:		477.07 time, 480.01 real, 19 MB, 58.03 load
[runlim] sample:		487.01 time, 490.01 real, 19 MB, 57.87 load
[runlim] sample:		496.94 time, 500.01 real, 19 MB, 57.58 load
[runlim] sample:		506.89 time, 510.01 real, 19 MB, 57.42 load
[runlim] sample:		516.83 time, 520.01 real, 19 MB, 57.20 load
[runlim] sample:		526.77 time, 530.01 real, 19 MB, 57.01 load
[runlim] sample:		536.71 time, 540.01 real, 19 MB, 56.86 load
[runlim] sample:		546.66 time, 550.01 real, 19 MB, 56.81 load
[runlim] sample:		556.60 time, 560.01 real, 19 MB, 56.68 load
[runlim] sample:		566.54 time, 570.01 real, 19 MB, 56.58 load
[runlim] sample:		576.48 time, 580.01 real, 19 MB, 56.57 load
[runlim] sample:		586.42 time, 590.01 real, 19 MB, 56.48 load
[runlim] sample:		596.37 time, 600.01 real, 19 MB, 56.41 load
[runlim] sample:		606.31 time, 610.01 real, 19 MB, 56.42 load
[runlim] sample:		616.25 time, 620.01 real, 19 MB, 56.36 load
[runlim] sample:		626.19 time, 630.01 real, 19 MB, 56.38 load
[runlim] sample:		636.13 time, 640.01 real, 19 MB, 56.32 load
[runlim] sample:		646.08 time, 650.01 real, 19 MB, 56.27 load
[runlim] sample:		656.02 time, 660.01 real, 19 MB, 56.31 load
[runlim] sample:		665.96 time, 670.01 real, 19 MB, 56.33 load
[runlim] sample:		675.91 time, 680.01 real, 19 MB, 56.36 load
[runlim] sample:		685.85 time, 690.01 real, 19 MB, 56.30 load
[runlim] sample:		695.79 time, 700.01 real, 19 MB, 56.26 load
[runlim] sample:		705.73 time, 710.01 real, 19 MB, 56.38 load
[runlim] sample:		715.67 time, 720.01 real, 19 MB, 56.32 load
[runlim] sample:		725.61 time, 730.01 real, 19 MB, 56.27 load
[runlim] sample:		735.55 time, 740.01 real, 18 MB, 56.23 load
[runlim] sample:		745.49 time, 750.01 real, 18 MB, 56.19 load
[runlim] sample:		755.44 time, 760.01 real, 18 MB, 56.16 load
[runlim] sample:		765.38 time, 770.01 real, 18 MB, 56.14 load
[runlim] sample:		775.30 time, 780.01 real, 18 MB, 56.12 load
[runlim] sample:		785.25 time, 790.01 real, 18 MB, 56.10 load
[runlim] sample:		795.18 time, 800.01 real, 18 MB, 56.08 load
[runlim] sample:		805.12 time, 810.01 real, 18 MB, 56.07 load
[runlim] sample:		815.06 time, 820.01 real, 21 MB, 56.06 load
[runlim] sample:		825.00 time, 830.01 real, 21 MB, 56.05 load
[runlim] sample:		834.94 time, 840.01 real, 21 MB, 56.04 load
[runlim] sample:		844.89 time, 850.01 real, 21 MB, 56.11 load
[runlim] sample:		854.83 time, 860.01 real, 21 MB, 56.10 load
[runlim] sample:		864.78 time, 870.01 real, 21 MB, 56.24 load
[runlim] sample:		874.72 time, 880.01 real, 21 MB, 56.20 load
[runlim] sample:		884.66 time, 890.01 real, 21 MB, 56.25 load
[runlim] sample:		894.60 time, 900.01 real, 22 MB, 56.21 load
[runlim] sample:		904.54 time, 910.01 real, 22 MB, 56.25 load
[runlim] sample:		914.48 time, 920.01 real, 22 MB, 56.21 load
[runlim] sample:		924.43 time, 930.01 real, 22 MB, 56.34 load
[runlim] sample:		934.37 time, 940.01 real, 22 MB, 56.29 load
[runlim] sample:		944.31 time, 950.01 real, 22 MB, 56.32 load
[runlim] sample:		954.25 time, 960.01 real, 22 MB, 56.27 load
[runlim] sample:		964.19 time, 970.01 real, 22 MB, 56.46 load
[runlim] sample:		974.13 time, 980.01 real, 22 MB, 56.47 load
[runlim] sample:		984.07 time, 990.01 real, 22 MB, 56.55 load
[runlim] sample:		994.02 time, 1000.01 real, 22 MB, 56.62 load
[runlim] sample:		1003.96 time, 1010.01 real, 22 MB, 56.52 load
[runlim] sample:		1013.90 time, 1020.01 real, 22 MB, 56.44 load
[runlim] sample:		1023.84 time, 1030.01 real, 22 MB, 56.37 load
[runlim] sample:		1033.78 time, 1040.01 real, 22 MB, 56.32 load
[runlim] sample:		1043.71 time, 1050.01 real, 22 MB, 56.35 load
[runlim] sample:		1053.65 time, 1060.01 real, 22 MB, 56.37 load
[runlim] sample:		1063.59 time, 1070.01 real, 22 MB, 56.46 load
[runlim] sample:		1073.52 time, 1080.01 real, 22 MB, 56.54 load
[runlim] sample:		1083.46 time, 1090.01 real, 22 MB, 56.46 load
[runlim] sample:		1093.40 time, 1100.01 real, 22 MB, 56.39 load
[runlim] sample:		1103.34 time, 1110.01 real, 22 MB, 56.40 load
[runlim] sample:		1113.28 time, 1120.01 real, 22 MB, 56.49 load
[runlim] sample:		1123.22 time, 1130.01 real, 22 MB, 56.42 load
[runlim] sample:		1133.16 time, 1140.01 real, 25 MB, 56.35 load
[runlim] sample:		1143.11 time, 1150.01 real, 25 MB, 56.30 load
[runlim] sample:		1153.05 time, 1160.01 real, 25 MB, 56.25 load
[runlim] sample:		1162.99 time, 1170.01 real, 25 MB, 56.29 load
[runlim] sample:		1172.93 time, 1180.01 real, 25 MB, 56.32 load
[runlim] sample:		1182.88 time, 1190.01 real, 25 MB, 56.27 load
[runlim] sample:		1192.82 time, 1200.01 real, 25 MB, 56.23 load
[runlim] sample:		1202.76 time, 1210.01 real, 25 MB, 56.27 load
[runlim] sample:		1212.70 time, 1220.01 real, 22 MB, 56.23 load
[runlim] sample:		1222.64 time, 1230.01 real, 22 MB, 56.20 load
[runlim] sample:		1232.59 time, 1240.01 real, 22 MB, 56.25 load
[runlim] sample:		1242.53 time, 1250.01 real, 22 MB, 56.21 load
[runlim] sample:		1252.47 time, 1260.01 real, 22 MB, 56.17 load
[runlim] sample:		1262.41 time, 1270.01 real, 22 MB, 56.15 load
[runlim] sample:		1272.36 time, 1280.01 real, 22 MB, 56.12 load
[runlim] sample:		1282.30 time, 1290.01 real, 22 MB, 56.10 load
[runlim] sample:		1292.24 time, 1300.01 real, 22 MB, 56.09 load
[runlim] sample:		1302.19 time, 1310.01 real, 22 MB, 56.07 load
[runlim] sample:		1312.13 time, 1320.01 real, 22 MB, 56.06 load
[runlim] sample:		1322.07 time, 1330.01 real, 22 MB, 56.13 load
[runlim] sample:		1332.01 time, 1340.01 real, 22 MB, 56.11 load
[runlim] sample:		1341.95 time, 1350.01 real, 22 MB, 56.17 load
[runlim] sample:		1351.89 time, 1360.01 real, 22 MB, 56.14 load
[runlim] sample:		1361.83 time, 1370.01 real, 22 MB, 56.50 load
[runlim] sample:		1371.76 time, 1380.01 real, 22 MB, 56.42 load
[runlim] sample:		1381.70 time, 1390.01 real, 22 MB, 56.43 load
[runlim] sample:		1391.64 time, 1400.01 real, 22 MB, 56.36 load
[runlim] sample:		1401.58 time, 1410.01 real, 22 MB, 56.31 load
[runlim] sample:		1411.52 time, 1420.01 real, 22 MB, 56.26 load
[runlim] sample:		1421.47 time, 1430.01 real, 22 MB, 56.22 load
[runlim] sample:		1431.40 time, 1440.01 real, 22 MB, 56.33 load
[runlim] sample:		1441.34 time, 1450.01 real, 22 MB, 56.35 load
[runlim] sample:		1451.28 time, 1460.01 real, 22 MB, 56.45 load
[runlim] sample:		1461.23 time, 1470.01 real, 22 MB, 56.38 load
[runlim] sample:		1471.17 time, 1480.01 real, 22 MB, 56.32 load
[runlim] sample:		1481.11 time, 1490.01 real, 22 MB, 56.27 load
[runlim] sample:		1491.05 time, 1500.01 real, 22 MB, 56.30 load
[runlim] sample:		1500.99 time, 1510.01 real, 22 MB, 56.25 load
[runlim] sample:		1510.93 time, 1520.01 real, 22 MB, 56.30 load
[runlim] sample:		1520.87 time, 1530.01 real, 22 MB, 56.25 load
[runlim] sample:		1530.82 time, 1540.01 real, 22 MB, 56.29 load
[runlim] sample:		1540.76 time, 1550.01 real, 22 MB, 56.24 load
[runlim] sample:		1550.70 time, 1560.01 real, 22 MB, 56.28 load
[runlim] sample:		1560.64 time, 1570.01 real, 22 MB, 56.23 load
[runlim] sample:		1570.58 time, 1580.01 real, 26 MB, 56.28 load
[runlim] sample:		1580.52 time, 1590.01 real, 26 MB, 56.24 load
[runlim] sample:		1590.47 time, 1600.01 real, 26 MB, 56.12 load
[runlim] sample:		1600.41 time, 1610.01 real, 26 MB, 55.95 load
[runlim] sample:		1610.35 time, 1620.01 real, 26 MB, 55.87 load
[runlim] sample:		1620.30 time, 1630.01 real, 26 MB, 55.74 load
[runlim] sample:		1630.24 time, 1640.01 real, 26 MB, 55.63 load
[runlim] sample:		1640.19 time, 1650.01 real, 26 MB, 55.53 load
[runlim] sample:		1650.13 time, 1660.01 real, 26 MB, 55.45 load
[runlim] sample:		1660.08 time, 1670.01 real, 22 MB, 55.38 load
[runlim] sample:		1670.01 time, 1680.01 real, 22 MB, 55.39 load
[runlim] sample:		1679.95 time, 1690.01 real, 22 MB, 55.33 load
[runlim] sample:		1689.90 time, 1700.01 real, 22 MB, 55.28 load
[runlim] sample:		1699.85 time, 1710.01 real, 22 MB, 55.31 load
[runlim] sample:		1709.79 time, 1720.01 real, 22 MB, 55.26 load
[runlim] sample:		1719.74 time, 1730.01 real, 22 MB, 55.22 load
[runlim] sample:		1729.68 time, 1740.01 real, 22 MB, 55.19 load
[runlim] sample:		1739.63 time, 1750.01 real, 22 MB, 55.23 load
[runlim] sample:		1749.57 time, 1760.01 real, 22 MB, 55.27 load
[runlim] sample:		1759.52 time, 1770.01 real, 22 MB, 55.30 load
[runlim] sample:		1769.46 time, 1780.01 real, 22 MB, 55.25 load
[runlim] sample:		1779.41 time, 1790.01 real, 22 MB, 55.29 load
[runlim] sample:		1789.35 time, 1800.01 real, 22 MB, 55.24 load
[runlim] sample:		1799.29 time, 1810.01 real, 22 MB, 55.21 load
[runlim] sample:		1809.24 time, 1820.01 real, 22 MB, 55.25 load
[runlim] sample:		1819.18 time, 1830.01 real, 22 MB, 55.21 load
[runlim] sample:		1829.13 time, 1840.01 real, 22 MB, 55.25 load
[runlim] sample:		1839.07 time, 1850.01 real, 26 MB, 55.21 load
[runlim] sample:		1849.01 time, 1860.01 real, 26 MB, 55.25 load
[runlim] sample:		1858.96 time, 1870.01 real, 26 MB, 55.21 load
[runlim] sample:		1868.90 time, 1880.01 real, 26 MB, 55.33 load
[runlim] sample:		1878.85 time, 1890.01 real, 26 MB, 55.28 load
[runlim] sample:		1888.79 time, 1900.01 real, 26 MB, 55.24 load
[runlim] sample:		1898.74 time, 1910.01 real, 26 MB, 55.20 load
[runlim] sample:		1908.68 time, 1920.01 real, 26 MB, 55.17 load
[runlim] sample:		1918.62 time, 1930.01 real, 26 MB, 55.14 load
[runlim] sample:		1928.57 time, 1940.01 real, 26 MB, 55.12 load
[runlim] sample:		1938.51 time, 1950.01 real, 26 MB, 55.10 load
[runlim] sample:		1948.46 time, 1960.01 real, 26 MB, 55.16 load
[runlim] sample:		1958.40 time, 1970.01 real, 26 MB, 55.13 load
[runlim] sample:		1968.33 time, 1980.01 real, 26 MB, 55.11 load
[runlim] sample:		1978.27 time, 1990.01 real, 26 MB, 55.10 load
[runlim] sample:		1988.22 time, 2000.01 real, 26 MB, 55.08 load
[runlim] sample:		1998.16 time, 2010.01 real, 26 MB, 55.07 load
[runlim] sample:		2008.11 time, 2020.01 real, 26 MB, 55.13 load
[runlim] sample:		2018.05 time, 2030.01 real, 26 MB, 55.11 load
[runlim] sample:		2027.99 time, 2040.01 real, 22 MB, 55.09 load
[runlim] sample:		2037.94 time, 2050.01 real, 22 MB, 55.23 load
[runlim] sample:		2047.88 time, 2060.01 real, 22 MB, 55.20 load
[runlim] sample:		2057.82 time, 2070.01 real, 22 MB, 55.16 load
[runlim] sample:		2067.76 time, 2080.01 real, 22 MB, 55.22 load
[runlim] sample:		2077.71 time, 2090.01 real, 22 MB, 55.18 load
[runlim] sample:		2087.65 time, 2100.01 real, 22 MB, 55.16 load
[runlim] sample:		2097.59 time, 2110.01 real, 22 MB, 55.21 load
[runlim] sample:		2107.54 time, 2120.01 real, 22 MB, 55.25 load
[runlim] sample:		2117.48 time, 2130.01 real, 22 MB, 55.28 load
[runlim] sample:		2127.43 time, 2140.01 real, 22 MB, 55.24 load
[runlim] sample:		2137.37 time, 2150.01 real, 22 MB, 55.20 load
[runlim] sample:		2147.31 time, 2160.01 real, 22 MB, 55.24 load
[runlim] sample:		2157.25 time, 2170.01 real, 26 MB, 55.21 load
[runlim] sample:		2167.20 time, 2180.01 real, 26 MB, 55.17 load
[runlim] sample:		2177.14 time, 2190.01 real, 26 MB, 55.23 load
[runlim] sample:		2187.09 time, 2200.01 real, 26 MB, 55.19 load
[runlim] sample:		2197.03 time, 2210.01 real, 26 MB, 55.16 load
[runlim] sample:		2206.97 time, 2220.01 real, 26 MB, 55.21 load
[runlim] sample:		2216.91 time, 2230.01 real, 26 MB, 55.18 load
[runlim] sample:		2226.86 time, 2240.01 real, 26 MB, 55.15 load
[runlim] sample:		2236.80 time, 2250.01 real, 26 MB, 55.20 load
[runlim] sample:		2246.74 time, 2260.01 real, 26 MB, 55.24 load
[runlim] sample:		2256.68 time, 2270.01 real, 26 MB, 55.29 load
[runlim] sample:		2266.61 time, 2280.01 real, 26 MB, 55.39 load
[runlim] sample:		2276.56 time, 2290.01 real, 26 MB, 55.33 load
[runlim] sample:		2286.50 time, 2300.01 real, 26 MB, 55.28 load
[runlim] sample:		2296.45 time, 2310.01 real, 26 MB, 55.31 load
[runlim] sample:		2306.39 time, 2320.01 real, 26 MB, 55.34 load
[runlim] sample:		2316.33 time, 2330.01 real, 26 MB, 55.28 load
[runlim] sample:		2326.28 time, 2340.01 real, 26 MB, 55.31 load
[runlim] sample:		2336.22 time, 2350.01 real, 26 MB, 55.26 load
[runlim] sample:		2346.16 time, 2360.01 real, 26 MB, 55.22 load
[runlim] sample:		2356.11 time, 2370.01 real, 26 MB, 55.19 load
[runlim] sample:		2366.05 time, 2380.01 real, 26 MB, 55.24 load
[runlim] sample:		2376.00 time, 2390.01 real, 26 MB, 55.20 load
[runlim] sample:		2385.94 time, 2400.01 real, 26 MB, 55.33 load
[runlim] sample:		2395.88 time, 2410.01 real, 26 MB, 55.42 load
[runlim] sample:		2405.82 time, 2420.01 real, 26 MB, 55.36 load
[runlim] sample:		2415.76 time, 2430.01 real, 26 MB, 55.38 load
[runlim] sample:		2425.71 time, 2440.01 real, 30 MB, 55.32 load
[runlim] sample:		2435.65 time, 2450.01 real, 30 MB, 55.27 load
[runlim] sample:		2445.59 time, 2460.01 real, 30 MB, 55.31 load
[runlim] sample:		2455.54 time, 2470.01 real, 30 MB, 55.34 load
[runlim] sample:		2465.48 time, 2480.01 real, 30 MB, 55.37 load
[runlim] sample:		2475.42 time, 2490.01 real, 30 MB, 55.31 load
[runlim] sample:		2485.36 time, 2500.01 real, 30 MB, 55.26 load
[runlim] sample:		2495.31 time, 2510.01 real, 30 MB, 55.22 load
[runlim] sample:		2505.25 time, 2520.01 real, 30 MB, 55.27 load
[runlim] sample:		2515.19 time, 2530.01 real, 30 MB, 55.22 load
[runlim] sample:		2525.13 time, 2540.01 real, 30 MB, 55.26 load
[runlim] sample:		2535.07 time, 2550.01 real, 30 MB, 55.30 load
[runlim] sample:		2545.01 time, 2560.01 real, 30 MB, 55.25 load
[runlim] sample:		2554.96 time, 2570.01 real, 30 MB, 55.21 load
[runlim] sample:		2564.88 time, 2580.01 real, 26 MB, 55.34 load
[runlim] sample:		2574.82 time, 2590.01 real, 26 MB, 55.29 load
[runlim] sample:		2584.76 time, 2600.01 real, 26 MB, 55.24 load
[runlim] sample:		2594.71 time, 2610.01 real, 26 MB, 55.20 load
[runlim] sample:		2604.65 time, 2620.01 real, 26 MB, 55.17 load
[runlim] sample:		2614.59 time, 2630.01 real, 26 MB, 55.15 load
[runlim] sample:		2624.53 time, 2640.01 real, 26 MB, 55.12 load
[runlim] sample:		2634.47 time, 2650.01 real, 26 MB, 55.10 load
[runlim] sample:		2644.42 time, 2660.01 real, 26 MB, 55.09 load
[runlim] sample:		2654.36 time, 2670.01 real, 26 MB, 55.15 load
[runlim] sample:		2664.31 time, 2680.01 real, 26 MB, 55.20 load
[runlim] sample:		2674.25 time, 2690.01 real, 26 MB, 55.17 load
[runlim] sample:		2684.19 time, 2700.01 real, 26 MB, 55.14 load
[runlim] sample:		2694.15 time, 2710.01 real, 26 MB, 55.20 load
[runlim] sample:		2704.09 time, 2720.01 real, 26 MB, 55.25 load
[runlim] sample:		2714.03 time, 2730.01 real, 26 MB, 55.21 load
[runlim] sample:		2723.98 time, 2740.01 real, 26 MB, 55.26 load
[runlim] sample:		2733.92 time, 2750.01 real, 26 MB, 55.45 load
[runlim] sample:		2743.86 time, 2760.01 real, 26 MB, 55.54 load
[runlim] sample:		2753.80 time, 2770.01 real, 26 MB, 55.61 load
[runlim] sample:		2763.75 time, 2780.01 real, 26 MB, 55.82 load
[runlim] sample:		2773.69 time, 2790.01 real, 26 MB, 55.85 load
[runlim] sample:		2783.63 time, 2800.01 real, 26 MB, 55.87 load
[runlim] sample:		2793.58 time, 2810.01 real, 26 MB, 55.89 load
[runlim] sample:		2803.52 time, 2820.01 real, 26 MB, 56.06 load
[runlim] sample:		2813.46 time, 2830.01 real, 26 MB, 56.05 load
[runlim] sample:		2823.40 time, 2840.01 real, 26 MB, 56.12 load
[runlim] sample:		2833.35 time, 2850.01 real, 31 MB, 56.10 load
[runlim] sample:		2843.29 time, 2860.01 real, 31 MB, 56.00 load
[runlim] sample:		2853.23 time, 2870.01 real, 31 MB, 56.08 load
[runlim] sample:		2863.16 time, 2880.01 real, 31 MB, 55.99 load
[runlim] sample:		2873.10 time, 2890.01 real, 31 MB, 55.99 load
[runlim] sample:		2883.04 time, 2900.01 real, 31 MB, 55.91 load
[runlim] sample:		2892.98 time, 2910.01 real, 31 MB, 55.77 load
[runlim] sample:		2902.93 time, 2920.01 real, 31 MB, 55.65 load
[runlim] sample:		2912.87 time, 2930.01 real, 31 MB, 55.55 load
[runlim] sample:		2922.81 time, 2940.01 real, 31 MB, 55.47 load
[runlim] sample:		2932.75 time, 2950.01 real, 31 MB, 55.69 load
[runlim] sample:		2942.69 time, 2960.01 real, 31 MB, 55.58 load
[runlim] sample:		2952.64 time, 2970.01 real, 31 MB, 55.49 load
[runlim] sample:		2962.58 time, 2980.01 real, 31 MB, 55.74 load
[runlim] sample:		2972.53 time, 2990.01 real, 31 MB, 55.62 load
[runlim] sample:		2982.47 time, 3000.01 real, 26 MB, 55.53 load
[runlim] sample:		2992.41 time, 3010.01 real, 26 MB, 55.45 load
[runlim] sample:		3002.35 time, 3020.01 real, 26 MB, 55.45 load
[runlim] sample:		3012.30 time, 3030.01 real, 26 MB, 55.45 load
[runlim] sample:		3022.24 time, 3040.01 real, 26 MB, 55.46 load
[runlim] sample:		3032.19 time, 3050.01 real, 26 MB, 55.39 load
[runlim] sample:		3042.13 time, 3060.01 real, 26 MB, 55.33 load
[runlim] sample:		3052.07 time, 3070.01 real, 26 MB, 55.36 load
[runlim] sample:		3062.01 time, 3080.01 real, 26 MB, 55.45 load
[runlim] sample:		3071.96 time, 3090.01 real, 26 MB, 55.38 load
[runlim] sample:		3081.90 time, 3100.01 real, 26 MB, 55.32 load
[runlim] sample:		3091.85 time, 3110.01 real, 26 MB, 55.27 load
[runlim] sample:		3101.79 time, 3120.01 real, 26 MB, 55.23 load
[runlim] sample:		3111.73 time, 3130.01 real, 26 MB, 55.19 load
[runlim] sample:		3121.68 time, 3140.01 real, 26 MB, 55.24 load
[runlim] sample:		3131.62 time, 3150.01 real, 26 MB, 55.20 load
[runlim] sample:		3141.56 time, 3160.01 real, 26 MB, 55.17 load
[runlim] sample:		3151.50 time, 3170.01 real, 26 MB, 55.14 load
[runlim] sample:		3161.43 time, 3180.01 real, 26 MB, 55.12 load
[runlim] sample:		3171.38 time, 3190.01 real, 26 MB, 55.10 load
[runlim] sample:		3181.32 time, 3200.01 real, 26 MB, 55.09 load
[runlim] sample:		3191.26 time, 3210.01 real, 26 MB, 55.23 load
[runlim] sample:		3201.20 time, 3220.01 real, 26 MB, 55.20 load
[runlim] sample:		3211.15 time, 3230.01 real, 26 MB, 55.17 load
[runlim] sample:		3221.09 time, 3240.01 real, 26 MB, 55.14 load
[runlim] sample:		3231.03 time, 3250.01 real, 26 MB, 55.19 load
[runlim] sample:		3240.98 time, 3260.01 real, 26 MB, 55.24 load
[runlim] sample:		3250.92 time, 3270.01 real, 26 MB, 55.20 load
[runlim] sample:		3260.86 time, 3280.01 real, 27 MB, 55.25 load
[runlim] sample:		3270.81 time, 3290.01 real, 27 MB, 55.28 load
[runlim] sample:		3280.75 time, 3300.01 real, 27 MB, 55.24 load
[runlim] sample:		3290.69 time, 3310.01 real, 27 MB, 55.28 load
[runlim] sample:		3300.64 time, 3320.01 real, 27 MB, 55.31 load
[runlim] sample:		3310.58 time, 3330.01 real, 27 MB, 55.26 load
[runlim] sample:		3320.53 time, 3340.01 real, 27 MB, 55.22 load
[runlim] sample:		3330.47 time, 3350.01 real, 27 MB, 55.19 load
[runlim] sample:		3340.41 time, 3360.01 real, 27 MB, 55.16 load
[runlim] sample:		3350.36 time, 3370.01 real, 27 MB, 55.13 load
[runlim] sample:		3360.30 time, 3380.01 real, 27 MB, 55.19 load
[runlim] sample:		3370.24 time, 3390.01 real, 27 MB, 55.24 load
[runlim] sample:		3380.19 time, 3400.01 real, 27 MB, 55.20 load
[runlim] sample:		3390.13 time, 3410.01 real, 27 MB, 55.17 load
[runlim] sample:		3400.07 time, 3420.01 real, 27 MB, 55.14 load
[runlim] sample:		3410.02 time, 3430.01 real, 27 MB, 55.19 load
[runlim] sample:		3419.96 time, 3440.01 real, 27 MB, 55.25 load
[runlim] sample:		3429.91 time, 3450.01 real, 27 MB, 55.21 load
[runlim] sample:		3439.85 time, 3460.01 real, 27 MB, 55.17 load
[runlim] sample:		3449.80 time, 3470.01 real, 27 MB, 55.15 load
[runlim] sample:		3459.73 time, 3480.01 real, 27 MB, 55.12 load
[runlim] sample:		3469.67 time, 3490.01 real, 27 MB, 55.18 load
[runlim] sample:		3479.62 time, 3500.01 real, 27 MB, 55.23 load
[runlim] sample:		3489.56 time, 3510.01 real, 27 MB, 55.20 load
[runlim] sample:		3499.50 time, 3520.01 real, 27 MB, 55.16 load
[runlim] sample:		3509.45 time, 3530.01 real, 27 MB, 55.14 load
[runlim] sample:		3519.39 time, 3540.01 real, 27 MB, 55.12 load
[runlim] sample:		3529.34 time, 3550.01 real, 27 MB, 55.10 load
[runlim] sample:		3539.28 time, 3560.01 real, 27 MB, 55.16 load
[runlim] sample:		3549.23 time, 3570.01 real, 27 MB, 55.14 load
[runlim] sample:		3559.17 time, 3580.01 real, 27 MB, 55.20 load
[runlim] sample:		3569.11 time, 3590.01 real, 27 MB, 55.17 load
[runlim] sample:		3579.06 time, 3600.01 real, 27 MB, 55.14 load
[runlim] sample:		3589.01 time, 3610.01 real, 27 MB, 55.12 load
[runlim] sample:		3598.95 time, 3620.01 real, 27 MB, 55.18 load
[runlim] sample:		3608.90 time, 3630.01 real, 27 MB, 55.15 load
[runlim] sample:		3618.84 time, 3640.01 real, 27 MB, 55.13 load
[runlim] sample:		3628.78 time, 3650.01 real, 27 MB, 55.11 load
[runlim] sample:		3638.73 time, 3660.01 real, 27 MB, 55.09 load
[runlim] sample:		3648.67 time, 3670.01 real, 27 MB, 55.08 load
[runlim] sample:		3658.61 time, 3680.01 real, 27 MB, 55.22 load
[runlim] sample:		3668.56 time, 3690.01 real, 27 MB, 55.19 load
[runlim] sample:		3678.50 time, 3700.01 real, 27 MB, 55.16 load
[runlim] sample:		3688.45 time, 3710.01 real, 27 MB, 55.22 load
[runlim] sample:		3698.39 time, 3720.01 real, 27 MB, 55.18 load
[runlim] sample:		3708.33 time, 3730.01 real, 27 MB, 55.15 load
[runlim] sample:		3718.28 time, 3740.01 real, 27 MB, 55.29 load
[runlim] sample:		3728.22 time, 3750.01 real, 27 MB, 55.39 load
[runlim] sample:		3738.17 time, 3760.01 real, 27 MB, 55.41 load
[runlim] sample:		3748.11 time, 3770.01 real, 27 MB, 55.35 load
[runlim] sample:		3758.04 time, 3780.01 real, 27 MB, 55.29 load
[runlim] sample:		3767.99 time, 3790.01 real, 27 MB, 55.25 load
[runlim] sample:		3777.93 time, 3800.01 real, 27 MB, 55.21 load
[runlim] sample:		3787.88 time, 3810.01 real, 27 MB, 55.18 load
[runlim] sample:		3797.82 time, 3820.01 real, 27 MB, 55.23 load
[runlim] sample:		3807.76 time, 3830.01 real, 27 MB, 55.19 load
[runlim] sample:		3817.71 time, 3840.01 real, 27 MB, 55.16 load
[runlim] sample:		3827.65 time, 3850.01 real, 27 MB, 55.14 load
[runlim] sample:		3837.59 time, 3860.01 real, 27 MB, 55.12 load
[runlim] sample:		3847.54 time, 3870.01 real, 27 MB, 55.10 load
[runlim] sample:		3857.48 time, 3880.01 real, 27 MB, 55.08 load
[runlim] sample:		3867.43 time, 3890.01 real, 27 MB, 55.07 load
[runlim] sample:		3877.37 time, 3900.01 real, 27 MB, 55.06 load
[runlim] sample:		3887.31 time, 3910.01 real, 27 MB, 55.12 load
[runlim] sample:		3897.26 time, 3920.01 real, 27 MB, 55.10 load
[runlim] sample:		3907.20 time, 3930.01 real, 27 MB, 55.09 load
[runlim] sample:		3917.15 time, 3940.01 real, 27 MB, 55.23 load
[runlim] sample:		3927.09 time, 3950.01 real, 27 MB, 55.19 load
[runlim] sample:		3937.04 time, 3960.01 real, 27 MB, 55.16 load
[runlim] sample:		3946.98 time, 3970.01 real, 27 MB, 55.14 load
[runlim] sample:		3956.92 time, 3980.01 real, 27 MB, 55.12 load
[runlim] sample:		3966.87 time, 3990.01 real, 27 MB, 55.10 load
[runlim] sample:		3976.81 time, 4000.01 real, 27 MB, 55.16 load
[runlim] sample:		3986.76 time, 4010.01 real, 27 MB, 55.14 load
[runlim] sample:		3996.70 time, 4020.01 real, 27 MB, 55.12 load
[runlim] sample:		4006.64 time, 4030.01 real, 27 MB, 55.17 load
[runlim] sample:		4016.59 time, 4040.01 real, 27 MB, 55.14 load
[runlim] sample:		4026.53 time, 4050.01 real, 27 MB, 55.12 load
[runlim] sample:		4036.48 time, 4060.01 real, 27 MB, 55.10 load
[runlim] sample:		4046.42 time, 4070.01 real, 27 MB, 55.09 load
[runlim] sample:		4056.35 time, 4080.01 real, 27 MB, 55.37 load
[runlim] sample:		4066.29 time, 4090.01 real, 27 MB, 55.32 load
[runlim] sample:		4076.24 time, 4100.01 real, 27 MB, 55.27 load
[runlim] sample:		4086.18 time, 4110.01 real, 27 MB, 55.23 load
[runlim] sample:		4096.13 time, 4120.01 real, 27 MB, 55.27 load
[runlim] sample:		4106.07 time, 4130.01 real, 27 MB, 55.23 load
[runlim] sample:		4116.01 time, 4140.01 real, 27 MB, 55.19 load
[runlim] sample:		4125.96 time, 4150.01 real, 27 MB, 55.16 load
[runlim] sample:		4135.90 time, 4160.01 real, 27 MB, 55.14 load
[runlim] sample:		4145.85 time, 4170.01 real, 27 MB, 55.12 load
[runlim] sample:		4155.79 time, 4180.01 real, 27 MB, 55.34 load
[runlim] sample:		4165.73 time, 4190.01 real, 27 MB, 55.29 load
[runlim] sample:		4175.68 time, 4200.01 real, 27 MB, 55.24 load
[runlim] sample:		4185.62 time, 4210.01 real, 27 MB, 55.36 load
[runlim] sample:		4195.57 time, 4220.01 real, 27 MB, 55.30 load
[runlim] sample:		4205.51 time, 4230.01 real, 27 MB, 55.26 load
[runlim] sample:		4215.46 time, 4240.01 real, 27 MB, 55.22 load
[runlim] sample:		4225.40 time, 4250.01 real, 27 MB, 55.33 load
[runlim] sample:		4235.34 time, 4260.01 real, 27 MB, 55.36 load
[runlim] sample:		4245.29 time, 4270.01 real, 27 MB, 55.30 load
[runlim] sample:		4255.23 time, 4280.01 real, 27 MB, 55.26 load
[runlim] sample:		4265.18 time, 4290.01 real, 27 MB, 55.22 load
[runlim] sample:		4275.12 time, 4300.01 real, 27 MB, 55.18 load
[runlim] sample:		4285.07 time, 4310.01 real, 27 MB, 55.15 load
[runlim] sample:		4295.01 time, 4320.01 real, 27 MB, 55.21 load
[runlim] sample:		4304.95 time, 4330.01 real, 27 MB, 55.18 load
[runlim] sample:		4314.90 time, 4340.01 real, 32 MB, 55.15 load
[runlim] sample:		4324.85 time, 4350.01 real, 32 MB, 55.13 load
[runlim] sample:		4334.79 time, 4360.01 real, 32 MB, 55.11 load
[runlim] sample:		4344.74 time, 4370.01 real, 32 MB, 55.09 load
[runlim] sample:		4354.67 time, 4380.01 real, 32 MB, 55.08 load
[runlim] sample:		4364.61 time, 4390.01 real, 32 MB, 55.80 load
[runlim] sample:		4374.56 time, 4400.01 real, 32 MB, 55.68 load
[runlim] sample:		4384.50 time, 4410.01 real, 32 MB, 55.57 load
[runlim] sample:		4394.45 time, 4420.01 real, 32 MB, 55.48 load
[runlim] sample:		4404.39 time, 4430.01 real, 32 MB, 55.41 load
[runlim] sample:		4414.34 time, 4440.01 real, 32 MB, 55.35 load
[runlim] sample:		4424.28 time, 4450.01 real, 32 MB, 55.37 load
[runlim] sample:		4434.23 time, 4460.01 real, 32 MB, 55.39 load
[runlim] sample:		4444.17 time, 4470.01 real, 32 MB, 55.33 load
[runlim] sample:		4454.11 time, 4480.01 real, 32 MB, 55.28 load
[runlim] sample:		4464.06 time, 4490.01 real, 32 MB, 55.24 load
[runlim] sample:		4474.00 time, 4500.01 real, 32 MB, 55.20 load
[runlim] sample:		4483.95 time, 4510.01 real, 32 MB, 55.17 load
[runlim] sample:		4493.89 time, 4520.01 real, 32 MB, 55.22 load
[runlim] sample:		4503.84 time, 4530.01 real, 32 MB, 55.27 load
[runlim] sample:		4513.78 time, 4540.01 real, 32 MB, 55.23 load
[runlim] sample:		4523.72 time, 4550.01 real, 32 MB, 55.19 load
[runlim] sample:		4533.67 time, 4560.01 real, 32 MB, 55.16 load
[runlim] sample:		4543.61 time, 4570.01 real, 32 MB, 55.14 load
[runlim] sample:		4553.56 time, 4580.01 real, 32 MB, 55.27 load
[runlim] sample:		4563.50 time, 4590.01 real, 27 MB, 55.23 load
[runlim] sample:		4573.44 time, 4600.01 real, 27 MB, 55.20 load
[runlim] sample:		4583.39 time, 4610.01 real, 27 MB, 55.16 load
[runlim] sample:		4593.33 time, 4620.01 real, 27 MB, 55.14 load
[runlim] sample:		4603.28 time, 4630.01 real, 27 MB, 55.12 load
[runlim] sample:		4613.22 time, 4640.01 real, 27 MB, 55.10 load
[runlim] sample:		4623.17 time, 4650.01 real, 27 MB, 55.08 load
[runlim] sample:		4633.11 time, 4660.01 real, 27 MB, 55.07 load
[runlim] sample:		4643.06 time, 4670.01 real, 27 MB, 55.06 load
[runlim] sample:		4652.99 time, 4680.01 real, 27 MB, 55.05 load
[runlim] sample:		4662.93 time, 4690.01 real, 27 MB, 55.04 load
[runlim] sample:		4672.88 time, 4700.01 real, 27 MB, 55.03 load
[runlim] sample:		4682.82 time, 4710.01 real, 27 MB, 55.03 load
[runlim] sample:		4692.76 time, 4720.01 real, 27 MB, 55.02 load
[runlim] sample:		4702.71 time, 4730.01 real, 27 MB, 55.02 load
[runlim] sample:		4712.65 time, 4740.01 real, 27 MB, 55.02 load
[runlim] sample:		4722.60 time, 4750.01 real, 27 MB, 55.09 load
[runlim] sample:		4732.54 time, 4760.01 real, 27 MB, 55.07 load
[runlim] sample:		4742.48 time, 4770.01 real, 27 MB, 55.06 load
[runlim] sample:		4752.43 time, 4780.01 real, 27 MB, 55.05 load
[runlim] sample:		4762.37 time, 4790.01 real, 27 MB, 55.04 load
[runlim] sample:		4772.32 time, 4800.01 real, 27 MB, 55.04 load
[runlim] sample:		4782.26 time, 4810.01 real, 27 MB, 55.03 load
[runlim] sample:		4792.21 time, 4820.01 real, 27 MB, 55.10 load
[runlim] sample:		4802.15 time, 4830.01 real, 27 MB, 55.08 load
[runlim] sample:		4812.09 time, 4840.01 real, 27 MB, 55.15 load
[runlim] sample:		4822.04 time, 4850.01 real, 27 MB, 55.13 load
[runlim] sample:		4831.98 time, 4860.01 real, 27 MB, 55.19 load
[runlim] sample:		4841.92 time, 4870.01 real, 27 MB, 55.16 load
[runlim] sample:		4851.87 time, 4880.01 real, 27 MB, 55.13 load
[runlim] sample:		4861.81 time, 4890.01 real, 32 MB, 55.11 load
[runlim] sample:		4871.75 time, 4900.01 real, 32 MB, 55.10 load
[runlim] sample:		4881.70 time, 4910.01 real, 32 MB, 55.08 load
[runlim] sample:		4891.64 time, 4920.01 real, 32 MB, 55.07 load
[runlim] sample:		4901.59 time, 4930.01 real, 32 MB, 55.13 load
[runlim] sample:		4911.53 time, 4940.01 real, 32 MB, 55.11 load
[runlim] sample:		4921.47 time, 4950.01 real, 32 MB, 54.93 load
[runlim] sample:		4931.42 time, 4960.01 real, 32 MB, 53.63 load
[runlim] sample:		4941.37 time, 4970.01 real, 32 MB, 51.87 load
[runlim] sample:		4951.31 time, 4980.01 real, 32 MB, 48.42 load
[runlim] sample:		4961.26 time, 4990.01 real, 32 MB, 44.27 load
[runlim] sample:		4971.22 time, 5000.01 real, 32 MB, 39.37 load
[runlim] end:			Thu Apr  9 21:46:18 2026
[runlim] status:		out of time
[runlim] result:		2
[runlim] children:		1
[runlim] processes:		2
[runlim] real:			5000.05 seconds
[runlim] time:			4971.22 seconds
[runlim] space:			32 MB
[runlim] load:			59.52 maximum
[runlim] samples:		50000
