[runlim] version:		2.0.0rc1
[runlim] host:			o02n04
[runlim] time limit:		311040000 seconds
[runlim] real time limit:	5000 seconds
[runlim] space limit:		7000 MB
[runlim] argv[0]:		./binary
[runlim] argv[1]:		-c
[runlim] argv[2]:		-f
[runlim] argv[3]:		-r
[runlim] argv[4]:		/tmp/local-unzipped-12459994-2-80-mc2025_track1_019.cnf
[runlim] start:			Thu Apr  9 21:59:15 2026
[runlim] child:			37399
[runlim] sample:		9.96 time, 10.01 real, 4 MB, 6.99 load
[runlim] sample:		19.91 time, 20.01 real, 4 MB, 10.16 load
[runlim] sample:		29.86 time, 30.01 real, 4 MB, 13.74 load
[runlim] sample:		39.81 time, 40.01 real, 4 MB, 16.40 load
[runlim] sample:		49.76 time, 50.01 real, 4 MB, 18.64 load
[runlim] sample:		59.72 time, 60.01 real, 4 MB, 20.62 load
[runlim] sample:		69.67 time, 70.01 real, 4 MB, 22.22 load
[runlim] sample:		79.62 time, 80.01 real, 4 MB, 23.57 load
[runlim] sample:		89.57 time, 90.01 real, 4 MB, 24.79 load
[runlim] sample:		99.53 time, 100.01 real, 4 MB, 25.75 load
[runlim] sample:		109.48 time, 110.01 real, 4 MB, 26.55 load
[runlim] sample:		119.43 time, 120.01 real, 4 MB, 27.32 load
[runlim] sample:		129.38 time, 130.01 real, 4 MB, 27.89 load
[runlim] sample:		139.34 time, 140.01 real, 4 MB, 28.36 load
[runlim] sample:		149.29 time, 150.01 real, 4 MB, 28.77 load
[runlim] sample:		159.24 time, 160.01 real, 4 MB, 29.11 load
[runlim] sample:		169.19 time, 170.01 real, 4 MB, 29.40 load
[runlim] sample:		179.14 time, 180.01 real, 4 MB, 29.73 load
[runlim] sample:		189.09 time, 190.01 real, 4 MB, 30.08 load
[runlim] sample:		199.04 time, 200.01 real, 4 MB, 30.52 load
[runlim] sample:		208.99 time, 210.01 real, 4 MB, 30.75 load
[runlim] sample:		218.95 time, 220.01 real, 4 MB, 30.94 load
[runlim] sample:		228.89 time, 230.01 real, 4 MB, 31.27 load
[runlim] sample:		238.84 time, 240.01 real, 4 MB, 31.46 load
[runlim] sample:		248.78 time, 250.01 real, 4 MB, 31.54 load
[runlim] sample:		258.72 time, 260.01 real, 4 MB, 31.68 load
[runlim] sample:		268.66 time, 270.01 real, 4 MB, 31.58 load
[runlim] sample:		278.60 time, 280.01 real, 4 MB, 31.49 load
[runlim] sample:		288.54 time, 290.01 real, 4 MB, 31.41 load
[runlim] sample:		298.49 time, 300.01 real, 4 MB, 31.35 load
[runlim] sample:		308.43 time, 310.01 real, 4 MB, 31.29 load
[runlim] sample:		318.37 time, 320.01 real, 4 MB, 31.24 load
[runlim] sample:		328.32 time, 330.01 real, 4 MB, 31.05 load
[runlim] sample:		338.27 time, 340.01 real, 4 MB, 30.89 load
[runlim] sample:		348.21 time, 350.01 real, 4 MB, 30.75 load
[runlim] sample:		358.16 time, 360.01 real, 4 MB, 30.71 load
[runlim] sample:		368.11 time, 370.01 real, 4 MB, 30.60 load
[runlim] sample:		378.05 time, 380.01 real, 4 MB, 30.66 load
[runlim] sample:		388.00 time, 390.01 real, 4 MB, 30.55 load
[runlim] sample:		397.95 time, 400.01 real, 4 MB, 30.54 load
[runlim] sample:		407.89 time, 410.01 real, 4 MB, 30.46 load
[runlim] sample:		417.84 time, 420.01 real, 4 MB, 30.39 load
[runlim] sample:		427.78 time, 430.01 real, 4 MB, 30.33 load
[runlim] sample:		437.73 time, 440.01 real, 4 MB, 30.35 load
[runlim] sample:		447.67 time, 450.01 real, 4 MB, 30.30 load
[runlim] sample:		457.61 time, 460.01 real, 4 MB, 30.25 load
[runlim] sample:		467.56 time, 470.01 real, 4 MB, 30.21 load
[runlim] sample:		477.51 time, 480.01 real, 4 MB, 30.18 load
[runlim] sample:		487.46 time, 490.01 real, 4 MB, 30.15 load
[runlim] sample:		497.40 time, 500.01 real, 4 MB, 30.13 load
[runlim] sample:		507.35 time, 510.01 real, 4 MB, 30.11 load
[runlim] sample:		517.29 time, 520.01 real, 4 MB, 30.09 load
[runlim] sample:		527.24 time, 530.01 real, 4 MB, 30.08 load
[runlim] sample:		537.19 time, 540.01 real, 4 MB, 30.06 load
[runlim] sample:		547.13 time, 550.01 real, 4 MB, 30.05 load
[runlim] sample:		557.08 time, 560.01 real, 4 MB, 30.05 load
[runlim] sample:		567.02 time, 570.01 real, 4 MB, 30.04 load
[runlim] sample:		576.97 time, 580.01 real, 4 MB, 30.03 load
[runlim] sample:		586.92 time, 590.01 real, 4 MB, 30.03 load
[runlim] sample:		596.86 time, 600.01 real, 4 MB, 30.02 load
[runlim] sample:		606.81 time, 610.01 real, 4 MB, 30.02 load
[runlim] sample:		616.75 time, 620.01 real, 4 MB, 30.02 load
[runlim] sample:		626.70 time, 630.01 real, 4 MB, 30.01 load
[runlim] sample:		636.64 time, 640.01 real, 4 MB, 30.01 load
[runlim] sample:		646.59 time, 650.01 real, 4 MB, 30.01 load
[runlim] sample:		656.53 time, 660.01 real, 4 MB, 30.01 load
[runlim] sample:		666.48 time, 670.01 real, 4 MB, 30.00 load
[runlim] sample:		676.42 time, 680.01 real, 4 MB, 30.00 load
[runlim] sample:		686.37 time, 690.01 real, 4 MB, 30.08 load
[runlim] sample:		696.31 time, 700.01 real, 4 MB, 30.07 load
[runlim] sample:		706.26 time, 710.01 real, 4 MB, 30.06 load
[runlim] sample:		716.20 time, 720.01 real, 4 MB, 30.05 load
[runlim] sample:		726.15 time, 730.01 real, 4 MB, 30.04 load
[runlim] sample:		736.09 time, 740.01 real, 4 MB, 30.03 load
[runlim] sample:		746.04 time, 750.01 real, 4 MB, 30.10 load
[runlim] sample:		755.98 time, 760.01 real, 4 MB, 30.09 load
[runlim] sample:		765.93 time, 770.01 real, 4 MB, 30.07 load
[runlim] sample:		775.88 time, 780.01 real, 4 MB, 30.06 load
[runlim] sample:		785.82 time, 790.01 real, 4 MB, 29.90 load
[runlim] sample:		795.76 time, 800.01 real, 4 MB, 29.91 load
[runlim] sample:		805.71 time, 810.01 real, 4 MB, 29.77 load
[runlim] sample:		815.65 time, 820.01 real, 4 MB, 29.65 load
[runlim] sample:		825.60 time, 830.01 real, 4 MB, 29.55 load
[runlim] sample:		835.54 time, 840.01 real, 4 MB, 29.47 load
[runlim] sample:		845.48 time, 850.01 real, 4 MB, 29.39 load
[runlim] sample:		855.43 time, 860.01 real, 4 MB, 29.41 load
[runlim] sample:		865.37 time, 870.01 real, 4 MB, 29.35 load
[runlim] sample:		875.32 time, 880.01 real, 4 MB, 29.30 load
[runlim] sample:		885.26 time, 890.01 real, 4 MB, 29.25 load
[runlim] sample:		895.20 time, 900.01 real, 4 MB, 29.21 load
[runlim] sample:		905.15 time, 910.01 real, 4 MB, 29.18 load
[runlim] sample:		915.09 time, 920.01 real, 4 MB, 29.23 load
[runlim] sample:		925.04 time, 930.01 real, 4 MB, 29.20 load
[runlim] sample:		934.98 time, 940.01 real, 4 MB, 29.16 load
[runlim] sample:		944.93 time, 950.01 real, 4 MB, 29.21 load
[runlim] sample:		954.88 time, 960.01 real, 4 MB, 29.18 load
[runlim] sample:		964.83 time, 970.01 real, 4 MB, 29.15 load
[runlim] sample:		974.77 time, 980.01 real, 4 MB, 29.13 load
[runlim] sample:		984.72 time, 990.01 real, 4 MB, 29.19 load
[runlim] sample:		994.67 time, 1000.01 real, 4 MB, 29.16 load
[runlim] sample:		1004.62 time, 1010.01 real, 4 MB, 29.13 load
[runlim] sample:		1014.57 time, 1020.01 real, 4 MB, 29.11 load
[runlim] sample:		1024.51 time, 1030.01 real, 4 MB, 29.10 load
[runlim] sample:		1034.46 time, 1040.01 real, 4 MB, 29.08 load
[runlim] sample:		1044.41 time, 1050.01 real, 4 MB, 29.07 load
[runlim] sample:		1054.35 time, 1060.01 real, 4 MB, 29.06 load
[runlim] sample:		1064.30 time, 1070.01 real, 4 MB, 29.05 load
[runlim] sample:		1074.25 time, 1080.01 real, 4 MB, 29.04 load
[runlim] sample:		1084.20 time, 1090.01 real, 4 MB, 29.03 load
[runlim] sample:		1094.15 time, 1100.01 real, 4 MB, 29.03 load
[runlim] sample:		1104.10 time, 1110.01 real, 4 MB, 29.02 load
[runlim] sample:		1114.04 time, 1120.01 real, 4 MB, 29.02 load
[runlim] sample:		1123.99 time, 1130.01 real, 4 MB, 29.02 load
[runlim] sample:		1133.94 time, 1140.01 real, 4 MB, 29.01 load
[runlim] sample:		1143.89 time, 1150.01 real, 4 MB, 29.01 load
[runlim] sample:		1153.84 time, 1160.01 real, 4 MB, 29.01 load
[runlim] sample:		1163.79 time, 1170.01 real, 4 MB, 29.01 load
[runlim] sample:		1173.74 time, 1180.01 real, 4 MB, 29.00 load
[runlim] sample:		1183.68 time, 1190.01 real, 4 MB, 29.00 load
[runlim] sample:		1193.63 time, 1200.01 real, 4 MB, 29.08 load
[runlim] sample:		1203.58 time, 1210.01 real, 4 MB, 29.07 load
[runlim] sample:		1213.53 time, 1220.01 real, 4 MB, 29.06 load
[runlim] sample:		1223.48 time, 1230.01 real, 4 MB, 29.05 load
[runlim] sample:		1233.43 time, 1240.01 real, 4 MB, 29.04 load
[runlim] sample:		1243.37 time, 1250.01 real, 4 MB, 29.12 load
[runlim] sample:		1253.32 time, 1260.01 real, 4 MB, 29.18 load
[runlim] sample:		1263.27 time, 1270.01 real, 4 MB, 29.15 load
[runlim] sample:		1273.22 time, 1280.01 real, 4 MB, 29.13 load
[runlim] sample:		1283.17 time, 1290.01 real, 4 MB, 29.11 load
[runlim] sample:		1293.12 time, 1300.01 real, 4 MB, 29.09 load
[runlim] sample:		1303.06 time, 1310.01 real, 4 MB, 29.15 load
[runlim] sample:		1313.01 time, 1320.01 real, 4 MB, 29.21 load
[runlim] sample:		1322.96 time, 1330.01 real, 4 MB, 29.17 load
[runlim] sample:		1332.91 time, 1340.01 real, 4 MB, 29.15 load
[runlim] sample:		1342.86 time, 1350.01 real, 4 MB, 29.12 load
[runlim] sample:		1352.80 time, 1360.01 real, 4 MB, 29.10 load
[runlim] sample:		1362.75 time, 1370.01 real, 4 MB, 29.17 load
[runlim] sample:		1372.70 time, 1380.01 real, 4 MB, 29.30 load
[runlim] sample:		1382.65 time, 1390.01 real, 4 MB, 29.26 load
[runlim] sample:		1392.60 time, 1400.01 real, 4 MB, 29.22 load
[runlim] sample:		1402.54 time, 1410.01 real, 4 MB, 29.18 load
[runlim] sample:		1412.49 time, 1420.01 real, 4 MB, 29.15 load
[runlim] sample:		1422.44 time, 1430.01 real, 4 MB, 29.13 load
[runlim] sample:		1432.39 time, 1440.01 real, 4 MB, 29.19 load
[runlim] sample:		1442.34 time, 1450.01 real, 4 MB, 29.16 load
[runlim] sample:		1452.29 time, 1460.01 real, 4 MB, 29.13 load
[runlim] sample:		1462.23 time, 1470.01 real, 4 MB, 29.11 load
[runlim] sample:		1472.18 time, 1480.01 real, 4 MB, 29.10 load
[runlim] sample:		1482.13 time, 1490.01 real, 4 MB, 29.08 load
[runlim] sample:		1492.08 time, 1500.01 real, 4 MB, 29.07 load
[runlim] sample:		1502.03 time, 1510.01 real, 4 MB, 29.06 load
[runlim] sample:		1511.97 time, 1520.01 real, 4 MB, 29.05 load
[runlim] sample:		1521.92 time, 1530.01 real, 4 MB, 29.04 load
[runlim] sample:		1531.87 time, 1540.01 real, 4 MB, 29.03 load
[runlim] sample:		1541.82 time, 1550.01 real, 4 MB, 29.03 load
[runlim] sample:		1551.77 time, 1560.01 real, 4 MB, 29.02 load
[runlim] sample:		1561.72 time, 1570.01 real, 4 MB, 29.02 load
[runlim] sample:		1571.67 time, 1580.01 real, 4 MB, 29.02 load
[runlim] sample:		1581.61 time, 1590.01 real, 4 MB, 29.01 load
[runlim] sample:		1591.56 time, 1600.01 real, 4 MB, 29.01 load
[runlim] sample:		1601.51 time, 1610.01 real, 4 MB, 29.01 load
[runlim] sample:		1611.47 time, 1620.01 real, 4 MB, 29.09 load
[runlim] sample:		1621.42 time, 1630.01 real, 4 MB, 29.07 load
[runlim] sample:		1631.37 time, 1640.01 real, 4 MB, 29.06 load
[runlim] sample:		1641.32 time, 1650.01 real, 4 MB, 29.05 load
[runlim] sample:		1651.27 time, 1660.01 real, 4 MB, 29.04 load
[runlim] sample:		1661.22 time, 1670.01 real, 4 MB, 29.04 load
[runlim] sample:		1671.16 time, 1680.01 real, 4 MB, 29.11 load
[runlim] sample:		1681.11 time, 1690.01 real, 4 MB, 29.09 load
[runlim] sample:		1691.06 time, 1700.01 real, 4 MB, 29.08 load
[runlim] sample:		1701.01 time, 1710.01 real, 4 MB, 29.07 load
[runlim] sample:		1710.96 time, 1720.01 real, 4 MB, 29.06 load
[runlim] sample:		1720.90 time, 1730.01 real, 4 MB, 29.21 load
[runlim] sample:		1730.85 time, 1740.01 real, 4 MB, 29.17 load
[runlim] sample:		1740.80 time, 1750.01 real, 4 MB, 29.15 load
[runlim] sample:		1750.75 time, 1760.01 real, 4 MB, 29.12 load
[runlim] sample:		1760.70 time, 1770.01 real, 4 MB, 29.10 load
[runlim] sample:		1770.64 time, 1780.01 real, 4 MB, 29.09 load
[runlim] sample:		1780.59 time, 1790.01 real, 4 MB, 29.07 load
[runlim] sample:		1790.54 time, 1800.01 real, 4 MB, 29.06 load
[runlim] sample:		1800.49 time, 1810.01 real, 4 MB, 29.05 load
[runlim] sample:		1810.44 time, 1820.01 real, 4 MB, 29.04 load
[runlim] sample:		1820.39 time, 1830.01 real, 4 MB, 29.04 load
[runlim] sample:		1830.33 time, 1840.01 real, 4 MB, 29.03 load
[runlim] sample:		1840.28 time, 1850.01 real, 4 MB, 29.02 load
[runlim] sample:		1850.23 time, 1860.01 real, 4 MB, 29.02 load
[runlim] sample:		1860.18 time, 1870.01 real, 4 MB, 29.02 load
[runlim] sample:		1870.13 time, 1880.01 real, 4 MB, 29.01 load
[runlim] sample:		1880.07 time, 1890.01 real, 4 MB, 29.09 load
[runlim] sample:		1890.02 time, 1900.01 real, 4 MB, 29.08 load
[runlim] sample:		1899.97 time, 1910.01 real, 4 MB, 29.06 load
[runlim] sample:		1909.92 time, 1920.01 real, 4 MB, 29.05 load
[runlim] sample:		1919.87 time, 1930.01 real, 4 MB, 29.05 load
[runlim] sample:		1929.81 time, 1940.01 real, 4 MB, 29.04 load
[runlim] sample:		1939.76 time, 1950.01 real, 4 MB, 29.11 load
[runlim] sample:		1949.71 time, 1960.01 real, 4 MB, 29.10 load
[runlim] sample:		1959.66 time, 1970.01 real, 4 MB, 29.08 load
[runlim] sample:		1969.61 time, 1980.01 real, 4 MB, 29.07 load
[runlim] sample:		1979.56 time, 1990.01 real, 4 MB, 29.06 load
[runlim] sample:		1989.51 time, 2000.01 real, 4 MB, 29.05 load
[runlim] sample:		1999.46 time, 2010.01 real, 4 MB, 29.04 load
[runlim] sample:		2009.41 time, 2020.01 real, 4 MB, 29.03 load
[runlim] sample:		2019.36 time, 2030.01 real, 4 MB, 29.03 load
[runlim] sample:		2029.31 time, 2040.01 real, 4 MB, 29.02 load
[runlim] sample:		2039.25 time, 2050.01 real, 4 MB, 29.02 load
[runlim] sample:		2049.20 time, 2060.01 real, 4 MB, 29.02 load
[runlim] sample:		2059.15 time, 2070.01 real, 4 MB, 29.01 load
[runlim] sample:		2069.10 time, 2080.01 real, 4 MB, 29.01 load
[runlim] sample:		2079.05 time, 2090.01 real, 4 MB, 29.01 load
[runlim] sample:		2089.00 time, 2100.01 real, 4 MB, 29.01 load
[runlim] sample:		2098.94 time, 2110.01 real, 4 MB, 29.00 load
[runlim] sample:		2108.89 time, 2120.01 real, 4 MB, 29.00 load
[runlim] sample:		2118.84 time, 2130.01 real, 4 MB, 29.08 load
[runlim] sample:		2128.79 time, 2140.01 real, 4 MB, 29.07 load
[runlim] sample:		2138.73 time, 2150.01 real, 4 MB, 29.14 load
[runlim] sample:		2148.68 time, 2160.01 real, 4 MB, 29.12 load
[runlim] sample:		2158.63 time, 2170.01 real, 4 MB, 29.17 load
[runlim] sample:		2168.58 time, 2180.01 real, 4 MB, 29.15 load
[runlim] sample:		2178.53 time, 2190.01 real, 4 MB, 29.20 load
[runlim] sample:		2188.48 time, 2200.01 real, 4 MB, 29.25 load
[runlim] sample:		2198.42 time, 2210.01 real, 4 MB, 29.21 load
[runlim] sample:		2208.37 time, 2220.01 real, 4 MB, 29.17 load
[runlim] sample:		2218.32 time, 2230.01 real, 4 MB, 29.15 load
[runlim] sample:		2228.27 time, 2240.01 real, 4 MB, 29.12 load
[runlim] sample:		2238.22 time, 2250.01 real, 4 MB, 29.10 load
[runlim] sample:		2248.17 time, 2260.01 real, 4 MB, 29.09 load
[runlim] sample:		2258.11 time, 2270.01 real, 4 MB, 29.15 load
[runlim] sample:		2268.06 time, 2280.01 real, 4 MB, 29.13 load
[runlim] sample:		2278.01 time, 2290.01 real, 4 MB, 29.11 load
[runlim] sample:		2287.96 time, 2300.01 real, 4 MB, 29.09 load
[runlim] sample:		2297.91 time, 2310.01 real, 4 MB, 29.15 load
[runlim] sample:		2307.86 time, 2320.01 real, 4 MB, 29.13 load
[runlim] sample:		2317.81 time, 2330.01 real, 4 MB, 29.11 load
[runlim] sample:		2327.75 time, 2340.01 real, 4 MB, 29.09 load
[runlim] sample:		2337.70 time, 2350.01 real, 4 MB, 29.08 load
[runlim] sample:		2347.65 time, 2360.01 real, 4 MB, 29.06 load
[runlim] sample:		2357.60 time, 2370.01 real, 4 MB, 29.13 load
[runlim] sample:		2367.55 time, 2380.01 real, 4 MB, 29.11 load
[runlim] sample:		2377.50 time, 2390.01 real, 4 MB, 29.09 load
[runlim] sample:		2387.45 time, 2400.01 real, 4 MB, 29.08 load
[runlim] sample:		2397.40 time, 2410.01 real, 4 MB, 29.06 load
[runlim] sample:		2407.35 time, 2420.01 real, 4 MB, 29.05 load
[runlim] sample:		2417.30 time, 2430.01 real, 4 MB, 29.12 load
[runlim] sample:		2427.25 time, 2440.01 real, 4 MB, 29.10 load
[runlim] sample:		2437.19 time, 2450.01 real, 4 MB, 29.08 load
[runlim] sample:		2447.14 time, 2460.01 real, 4 MB, 29.07 load
[runlim] sample:		2457.09 time, 2470.01 real, 4 MB, 29.06 load
[runlim] sample:		2467.04 time, 2480.01 real, 4 MB, 29.05 load
[runlim] sample:		2476.99 time, 2490.01 real, 4 MB, 29.04 load
[runlim] sample:		2486.94 time, 2500.01 real, 4 MB, 29.04 load
[runlim] sample:		2496.88 time, 2510.01 real, 4 MB, 29.03 load
[runlim] sample:		2506.83 time, 2520.01 real, 4 MB, 29.02 load
[runlim] sample:		2516.78 time, 2530.01 real, 4 MB, 29.02 load
[runlim] sample:		2526.73 time, 2540.01 real, 4 MB, 29.02 load
[runlim] sample:		2536.68 time, 2550.01 real, 4 MB, 29.01 load
[runlim] sample:		2546.63 time, 2560.01 real, 4 MB, 29.01 load
[runlim] sample:		2556.58 time, 2570.01 real, 4 MB, 29.01 load
[runlim] sample:		2566.53 time, 2580.01 real, 4 MB, 29.01 load
[runlim] sample:		2576.48 time, 2590.01 real, 4 MB, 29.01 load
[runlim] sample:		2586.43 time, 2600.01 real, 4 MB, 29.00 load
[runlim] sample:		2596.37 time, 2610.01 real, 4 MB, 29.00 load
[runlim] sample:		2606.32 time, 2620.01 real, 4 MB, 29.08 load
[runlim] sample:		2616.27 time, 2630.01 real, 4 MB, 29.07 load
[runlim] sample:		2626.22 time, 2640.01 real, 4 MB, 29.06 load
[runlim] sample:		2636.17 time, 2650.01 real, 4 MB, 29.05 load
[runlim] sample:		2646.12 time, 2660.01 real, 4 MB, 29.04 load
[runlim] sample:		2656.07 time, 2670.01 real, 4 MB, 29.03 load
[runlim] sample:		2666.02 time, 2680.01 real, 4 MB, 29.11 load
[runlim] sample:		2675.97 time, 2690.01 real, 4 MB, 29.17 load
[runlim] sample:		2685.92 time, 2700.01 real, 4 MB, 29.15 load
[runlim] sample:		2695.87 time, 2710.01 real, 4 MB, 29.12 load
[runlim] sample:		2705.82 time, 2720.01 real, 4 MB, 29.10 load
[runlim] sample:		2715.77 time, 2730.01 real, 4 MB, 29.17 load
[runlim] sample:		2725.72 time, 2740.01 real, 4 MB, 29.14 load
[runlim] sample:		2735.66 time, 2750.01 real, 4 MB, 29.12 load
[runlim] sample:		2745.61 time, 2760.01 real, 4 MB, 29.10 load
[runlim] sample:		2755.56 time, 2770.01 real, 4 MB, 29.08 load
[runlim] sample:		2765.51 time, 2780.01 real, 4 MB, 29.07 load
[runlim] sample:		2775.46 time, 2790.01 real, 4 MB, 29.06 load
[runlim] sample:		2785.41 time, 2800.01 real, 4 MB, 29.05 load
[runlim] sample:		2795.36 time, 2810.01 real, 4 MB, 29.04 load
[runlim] sample:		2805.31 time, 2820.01 real, 4 MB, 29.04 load
[runlim] sample:		2815.26 time, 2830.01 real, 4 MB, 29.03 load
[runlim] sample:		2825.20 time, 2840.01 real, 4 MB, 29.02 load
[runlim] sample:		2835.15 time, 2850.01 real, 4 MB, 29.02 load
[runlim] sample:		2845.10 time, 2860.01 real, 4 MB, 29.02 load
[runlim] sample:		2855.05 time, 2870.01 real, 4 MB, 29.01 load
[runlim] sample:		2865.00 time, 2880.01 real, 4 MB, 29.08 load
[runlim] sample:		2874.95 time, 2890.01 real, 4 MB, 29.07 load
[runlim] sample:		2884.90 time, 2900.01 real, 4 MB, 29.06 load
[runlim] sample:		2894.84 time, 2910.01 real, 4 MB, 29.05 load
[runlim] sample:		2904.79 time, 2920.01 real, 4 MB, 29.04 load
[runlim] sample:		2914.74 time, 2930.01 real, 4 MB, 29.04 load
[runlim] sample:		2924.69 time, 2940.01 real, 4 MB, 29.03 load
[runlim] sample:		2934.64 time, 2950.01 real, 4 MB, 29.02 load
[runlim] sample:		2944.59 time, 2960.01 real, 4 MB, 29.02 load
[runlim] sample:		2954.54 time, 2970.01 real, 4 MB, 29.02 load
[runlim] sample:		2964.49 time, 2980.01 real, 4 MB, 29.09 load
[runlim] sample:		2974.44 time, 2990.01 real, 4 MB, 29.08 load
[runlim] sample:		2984.39 time, 3000.01 real, 4 MB, 29.07 load
[runlim] sample:		2994.34 time, 3010.01 real, 4 MB, 29.06 load
[runlim] sample:		3004.29 time, 3020.01 real, 4 MB, 29.05 load
[runlim] sample:		3014.24 time, 3030.01 real, 4 MB, 29.04 load
[runlim] sample:		3024.19 time, 3040.01 real, 4 MB, 29.03 load
[runlim] sample:		3034.13 time, 3050.01 real, 4 MB, 29.03 load
[runlim] sample:		3044.08 time, 3060.01 real, 4 MB, 29.02 load
[runlim] sample:		3054.03 time, 3070.01 real, 4 MB, 29.02 load
[runlim] sample:		3063.98 time, 3080.01 real, 4 MB, 29.02 load
[runlim] sample:		3073.93 time, 3090.01 real, 4 MB, 29.01 load
[runlim] sample:		3083.87 time, 3100.01 real, 4 MB, 29.01 load
[runlim] sample:		3093.82 time, 3110.01 real, 4 MB, 29.08 load
[runlim] sample:		3103.77 time, 3120.01 real, 4 MB, 29.07 load
[runlim] sample:		3113.72 time, 3130.01 real, 4 MB, 29.06 load
[runlim] sample:		3123.67 time, 3140.01 real, 4 MB, 29.05 load
[runlim] sample:		3133.62 time, 3150.01 real, 4 MB, 29.12 load
[runlim] sample:		3143.57 time, 3160.01 real, 4 MB, 29.18 load
[runlim] sample:		3153.52 time, 3170.01 real, 4 MB, 29.22 load
[runlim] sample:		3163.47 time, 3180.01 real, 4 MB, 29.27 load
[runlim] sample:		3173.42 time, 3190.01 real, 4 MB, 29.23 load
[runlim] sample:		3183.36 time, 3200.01 real, 4 MB, 29.19 load
[runlim] sample:		3193.31 time, 3210.01 real, 4 MB, 29.16 load
[runlim] sample:		3203.26 time, 3220.01 real, 4 MB, 29.14 load
[runlim] sample:		3213.21 time, 3230.01 real, 4 MB, 29.11 load
[runlim] sample:		3223.16 time, 3240.01 real, 4 MB, 29.10 load
[runlim] sample:		3233.11 time, 3250.01 real, 4 MB, 29.08 load
[runlim] sample:		3243.05 time, 3260.01 real, 4 MB, 29.07 load
[runlim] sample:		3253.00 time, 3270.01 real, 4 MB, 29.06 load
[runlim] sample:		3262.95 time, 3280.01 real, 4 MB, 29.05 load
[runlim] sample:		3272.90 time, 3290.01 real, 4 MB, 29.11 load
[runlim] sample:		3282.85 time, 3300.01 real, 4 MB, 29.10 load
[runlim] sample:		3292.80 time, 3310.01 real, 4 MB, 29.08 load
[runlim] sample:		3302.74 time, 3320.01 real, 4 MB, 29.07 load
[runlim] sample:		3312.69 time, 3330.01 real, 4 MB, 29.06 load
[runlim] sample:		3322.64 time, 3340.01 real, 4 MB, 29.05 load
[runlim] sample:		3332.59 time, 3350.01 real, 4 MB, 29.11 load
[runlim] sample:		3342.54 time, 3360.01 real, 4 MB, 29.10 load
[runlim] sample:		3352.49 time, 3370.01 real, 4 MB, 29.08 load
[runlim] sample:		3362.44 time, 3380.01 real, 4 MB, 29.07 load
[runlim] sample:		3372.38 time, 3390.01 real, 4 MB, 29.06 load
[runlim] sample:		3382.33 time, 3400.01 real, 4 MB, 29.05 load
[runlim] sample:		3392.28 time, 3410.01 real, 4 MB, 29.11 load
[runlim] sample:		3402.23 time, 3420.01 real, 4 MB, 29.10 load
[runlim] sample:		3412.18 time, 3430.01 real, 4 MB, 29.08 load
[runlim] sample:		3422.13 time, 3440.01 real, 4 MB, 29.07 load
[runlim] sample:		3432.08 time, 3450.01 real, 4 MB, 29.06 load
[runlim] sample:		3442.03 time, 3460.01 real, 4 MB, 29.05 load
[runlim] sample:		3451.97 time, 3470.01 real, 4 MB, 29.11 load
[runlim] sample:		3461.92 time, 3480.01 real, 4 MB, 29.10 load
[runlim] sample:		3471.87 time, 3490.01 real, 4 MB, 29.08 load
[runlim] sample:		3481.81 time, 3500.01 real, 4 MB, 29.07 load
[runlim] sample:		3491.76 time, 3510.01 real, 4 MB, 29.06 load
[runlim] sample:		3501.71 time, 3520.01 real, 4 MB, 29.05 load
[runlim] sample:		3511.65 time, 3530.01 real, 4 MB, 29.11 load
[runlim] sample:		3521.60 time, 3540.01 real, 4 MB, 29.10 load
[runlim] sample:		3531.55 time, 3550.01 real, 4 MB, 29.08 load
[runlim] sample:		3541.49 time, 3560.01 real, 4 MB, 29.07 load
[runlim] sample:		3551.44 time, 3570.01 real, 4 MB, 29.06 load
[runlim] sample:		3561.39 time, 3580.01 real, 4 MB, 29.05 load
[runlim] sample:		3571.33 time, 3590.01 real, 4 MB, 29.11 load
[runlim] sample:		3581.28 time, 3600.01 real, 4 MB, 29.10 load
[runlim] sample:		3591.23 time, 3610.01 real, 4 MB, 29.15 load
[runlim] sample:		3601.17 time, 3620.01 real, 4 MB, 29.13 load
[runlim] sample:		3611.12 time, 3630.01 real, 4 MB, 29.11 load
[runlim] sample:		3621.06 time, 3640.01 real, 4 MB, 29.09 load
[runlim] sample:		3631.01 time, 3650.01 real, 4 MB, 29.15 load
[runlim] sample:		3640.96 time, 3660.01 real, 4 MB, 29.13 load
[runlim] sample:		3650.90 time, 3670.01 real, 4 MB, 29.11 load
[runlim] sample:		3660.85 time, 3680.01 real, 4 MB, 29.17 load
[runlim] sample:		3670.80 time, 3690.01 real, 4 MB, 29.30 load
[runlim] sample:		3680.74 time, 3700.01 real, 4 MB, 29.25 load
[runlim] sample:		3690.69 time, 3710.01 real, 4 MB, 29.29 load
[runlim] sample:		3700.63 time, 3720.01 real, 4 MB, 29.24 load
[runlim] sample:		3710.58 time, 3730.01 real, 4 MB, 29.20 load
[runlim] sample:		3720.53 time, 3740.01 real, 4 MB, 29.17 load
[runlim] sample:		3730.48 time, 3750.01 real, 4 MB, 29.15 load
[runlim] sample:		3740.42 time, 3760.01 real, 4 MB, 29.12 load
[runlim] sample:		3750.37 time, 3770.01 real, 4 MB, 29.25 load
[runlim] sample:		3760.32 time, 3780.01 real, 4 MB, 29.29 load
[runlim] sample:		3770.26 time, 3790.01 real, 4 MB, 29.24 load
[runlim] sample:		3780.21 time, 3800.01 real, 4 MB, 29.20 load
[runlim] sample:		3790.16 time, 3810.01 real, 4 MB, 29.02 load
[runlim] sample:		3800.10 time, 3820.01 real, 4 MB, 28.86 load
[runlim] sample:		3810.05 time, 3830.01 real, 4 MB, 28.80 load
[runlim] sample:		3820.00 time, 3840.01 real, 4 MB, 28.68 load
[runlim] sample:		3829.95 time, 3850.01 real, 4 MB, 28.57 load
[runlim] sample:		3839.89 time, 3860.01 real, 4 MB, 28.48 load
[runlim] sample:		3849.84 time, 3870.01 real, 4 MB, 28.41 load
[runlim] sample:		3859.79 time, 3880.01 real, 4 MB, 28.35 load
[runlim] sample:		3869.74 time, 3890.01 real, 4 MB, 28.45 load
[runlim] sample:		3879.69 time, 3900.01 real, 4 MB, 28.38 load
[runlim] sample:		3889.63 time, 3910.01 real, 4 MB, 28.32 load
[runlim] sample:		3899.58 time, 3920.01 real, 4 MB, 28.27 load
[runlim] sample:		3909.53 time, 3930.01 real, 4 MB, 28.23 load
[runlim] sample:		3919.48 time, 3940.01 real, 4 MB, 28.19 load
[runlim] sample:		3929.43 time, 3950.01 real, 4 MB, 28.24 load
[runlim] sample:		3939.38 time, 3960.01 real, 4 MB, 28.20 load
[runlim] sample:		3949.33 time, 3970.01 real, 4 MB, 28.17 load
[runlim] sample:		3959.28 time, 3980.01 real, 4 MB, 28.14 load
[runlim] sample:		3969.23 time, 3990.01 real, 4 MB, 28.12 load
[runlim] sample:		3979.18 time, 4000.01 real, 4 MB, 28.10 load
[runlim] sample:		3989.13 time, 4010.01 real, 4 MB, 28.08 load
[runlim] sample:		3999.08 time, 4020.01 real, 4 MB, 28.07 load
[runlim] sample:		4009.02 time, 4030.01 real, 4 MB, 28.06 load
[runlim] sample:		4018.97 time, 4040.01 real, 4 MB, 28.05 load
[runlim] sample:		4028.92 time, 4050.01 real, 4 MB, 28.04 load
[runlim] sample:		4038.87 time, 4060.01 real, 4 MB, 28.04 load
[runlim] sample:		4048.82 time, 4070.01 real, 4 MB, 28.03 load
[runlim] sample:		4058.77 time, 4080.01 real, 4 MB, 28.02 load
[runlim] sample:		4068.72 time, 4090.01 real, 4 MB, 28.02 load
[runlim] sample:		4078.66 time, 4100.01 real, 4 MB, 28.02 load
[runlim] sample:		4088.61 time, 4110.01 real, 4 MB, 28.01 load
[runlim] sample:		4098.56 time, 4120.01 real, 4 MB, 28.01 load
[runlim] sample:		4108.50 time, 4130.01 real, 4 MB, 28.01 load
[runlim] sample:		4118.45 time, 4140.01 real, 4 MB, 28.01 load
[runlim] sample:		4128.40 time, 4150.01 real, 4 MB, 28.01 load
[runlim] sample:		4138.34 time, 4160.01 real, 4 MB, 28.00 load
[runlim] sample:		4148.29 time, 4170.01 real, 4 MB, 28.00 load
[runlim] sample:		4158.24 time, 4180.01 real, 4 MB, 28.00 load
[runlim] sample:		4168.18 time, 4190.01 real, 4 MB, 28.08 load
[runlim] sample:		4178.13 time, 4200.01 real, 4 MB, 28.07 load
[runlim] sample:		4188.08 time, 4210.01 real, 4 MB, 28.22 load
[runlim] sample:		4198.03 time, 4220.01 real, 4 MB, 28.18 load
[runlim] sample:		4207.98 time, 4230.01 real, 4 MB, 28.24 load
[runlim] sample:		4217.93 time, 4240.01 real, 4 MB, 28.20 load
[runlim] sample:		4227.88 time, 4250.01 real, 4 MB, 28.17 load
[runlim] sample:		4237.83 time, 4260.01 real, 4 MB, 28.14 load
[runlim] sample:		4247.78 time, 4270.01 real, 4 MB, 28.12 load
[runlim] sample:		4257.73 time, 4280.01 real, 4 MB, 28.10 load
[runlim] sample:		4267.68 time, 4290.01 real, 4 MB, 28.08 load
[runlim] sample:		4277.63 time, 4300.01 real, 4 MB, 28.07 load
[runlim] sample:		4287.58 time, 4310.01 real, 4 MB, 28.06 load
[runlim] sample:		4297.53 time, 4320.01 real, 4 MB, 28.05 load
[runlim] sample:		4307.48 time, 4330.01 real, 4 MB, 28.04 load
[runlim] sample:		4317.43 time, 4340.01 real, 4 MB, 28.04 load
[runlim] sample:		4327.37 time, 4350.01 real, 4 MB, 28.03 load
[runlim] sample:		4337.32 time, 4360.01 real, 4 MB, 28.02 load
[runlim] sample:		4347.27 time, 4370.01 real, 4 MB, 28.02 load
[runlim] sample:		4357.22 time, 4380.01 real, 4 MB, 28.02 load
[runlim] sample:		4367.17 time, 4390.01 real, 4 MB, 28.01 load
[runlim] sample:		4377.12 time, 4400.01 real, 4 MB, 28.01 load
[runlim] sample:		4387.07 time, 4410.01 real, 4 MB, 28.01 load
[runlim] sample:		4397.01 time, 4420.01 real, 4 MB, 28.01 load
[runlim] sample:		4406.96 time, 4430.01 real, 4 MB, 28.01 load
[runlim] sample:		4416.91 time, 4440.01 real, 4 MB, 28.00 load
[runlim] sample:		4426.86 time, 4450.01 real, 4 MB, 28.00 load
[runlim] sample:		4436.81 time, 4460.01 real, 4 MB, 28.00 load
[runlim] sample:		4446.76 time, 4470.01 real, 4 MB, 28.00 load
[runlim] sample:		4456.71 time, 4480.01 real, 4 MB, 28.00 load
[runlim] sample:		4466.66 time, 4490.01 real, 4 MB, 28.00 load
[runlim] sample:		4476.61 time, 4500.01 real, 4 MB, 28.00 load
[runlim] sample:		4486.55 time, 4510.01 real, 4 MB, 28.00 load
[runlim] sample:		4496.50 time, 4520.01 real, 4 MB, 28.07 load
[runlim] sample:		4506.45 time, 4530.01 real, 4 MB, 28.06 load
[runlim] sample:		4516.40 time, 4540.01 real, 4 MB, 28.05 load
[runlim] sample:		4526.35 time, 4550.01 real, 4 MB, 28.04 load
[runlim] sample:		4536.30 time, 4560.01 real, 4 MB, 28.04 load
[runlim] sample:		4546.25 time, 4570.01 real, 4 MB, 28.03 load
[runlim] sample:		4556.20 time, 4580.01 real, 4 MB, 28.02 load
[runlim] sample:		4566.14 time, 4590.01 real, 4 MB, 28.02 load
[runlim] sample:		4576.09 time, 4600.01 real, 4 MB, 28.02 load
[runlim] sample:		4586.04 time, 4610.01 real, 4 MB, 28.01 load
[runlim] sample:		4595.99 time, 4620.01 real, 4 MB, 28.01 load
[runlim] sample:		4605.94 time, 4630.01 real, 4 MB, 28.01 load
[runlim] sample:		4615.89 time, 4640.01 real, 4 MB, 28.01 load
[runlim] sample:		4625.84 time, 4650.01 real, 4 MB, 28.01 load
[runlim] sample:		4635.79 time, 4660.01 real, 4 MB, 28.00 load
[runlim] sample:		4645.73 time, 4670.01 real, 4 MB, 28.00 load
[runlim] sample:		4655.68 time, 4680.01 real, 4 MB, 28.00 load
[runlim] sample:		4665.63 time, 4690.01 real, 4 MB, 28.08 load
[runlim] sample:		4675.58 time, 4700.01 real, 4 MB, 28.07 load
[runlim] sample:		4685.53 time, 4710.01 real, 4 MB, 28.14 load
[runlim] sample:		4695.48 time, 4720.01 real, 4 MB, 28.12 load
[runlim] sample:		4705.43 time, 4730.01 real, 4 MB, 28.10 load
[runlim] sample:		4715.38 time, 4740.01 real, 4 MB, 28.08 load
[runlim] sample:		4725.33 time, 4750.01 real, 4 MB, 28.07 load
[runlim] sample:		4735.28 time, 4760.01 real, 4 MB, 28.06 load
[runlim] sample:		4745.23 time, 4770.01 real, 4 MB, 28.05 load
[runlim] sample:		4755.18 time, 4780.01 real, 4 MB, 28.04 load
[runlim] sample:		4765.12 time, 4790.01 real, 4 MB, 28.03 load
[runlim] sample:		4775.07 time, 4800.01 real, 4 MB, 28.03 load
[runlim] sample:		4785.02 time, 4810.01 real, 4 MB, 28.02 load
[runlim] sample:		4794.97 time, 4820.01 real, 4 MB, 28.02 load
[runlim] sample:		4804.92 time, 4830.01 real, 4 MB, 28.02 load
[runlim] sample:		4814.87 time, 4840.01 real, 4 MB, 28.01 load
[runlim] sample:		4824.82 time, 4850.01 real, 4 MB, 28.01 load
[runlim] sample:		4834.76 time, 4860.01 real, 4 MB, 28.01 load
[runlim] sample:		4844.71 time, 4870.01 real, 4 MB, 28.09 load
[runlim] sample:		4854.66 time, 4880.01 real, 4 MB, 28.07 load
[runlim] sample:		4864.61 time, 4890.01 real, 4 MB, 28.14 load
[runlim] sample:		4874.56 time, 4900.01 real, 4 MB, 28.11 load
[runlim] sample:		4884.51 time, 4910.01 real, 4 MB, 28.10 load
[runlim] sample:		4894.46 time, 4920.01 real, 4 MB, 28.08 load
[runlim] sample:		4904.41 time, 4930.01 real, 4 MB, 28.07 load
[runlim] sample:		4914.36 time, 4940.01 real, 4 MB, 28.06 load
[runlim] sample:		4924.31 time, 4950.01 real, 4 MB, 28.05 load
[runlim] sample:		4934.26 time, 4960.01 real, 4 MB, 28.04 load
[runlim] sample:		4944.21 time, 4970.01 real, 4 MB, 28.03 load
[runlim] sample:		4954.16 time, 4980.01 real, 4 MB, 28.03 load
[runlim] sample:		4964.11 time, 4990.01 real, 4 MB, 27.86 load
[runlim] sample:		4974.06 time, 5000.01 real, 4 MB, 26.79 load
[runlim] end:			Thu Apr  9 23:22:35 2026
[runlim] status:		out of time
[runlim] result:		2
[runlim] children:		1
[runlim] processes:		2
[runlim] real:			5000.05 seconds
[runlim] time:			4974.06 seconds
[runlim] space:			4 MB
[runlim] load:			31.74 maximum
[runlim] samples:		50000
