[runlim] version:		2.0.0rc1
[runlim] host:			o02n01
[runlim] time limit:		311040000 seconds
[runlim] real time limit:	5000 seconds
[runlim] space limit:		7000 MB
[runlim] argv[0]:		./binary
[runlim] argv[1]:		-c
[runlim] argv[2]:		-f
[runlim] argv[3]:		-r
[runlim] argv[4]:		/tmp/local-unzipped-12459994-1-45-mc2025_track1_199.cnf
[runlim] start:			Thu Apr  9 20:22:49 2026
[runlim] child:			2379111
[runlim] sample:		9.94 time, 10.01 real, 261 MB, 18.74 load
[runlim] sample:		19.86 time, 20.01 real, 264 MB, 24.87 load
[runlim] sample:		29.80 time, 30.01 real, 268 MB, 30.88 load
[runlim] sample:		39.73 time, 40.01 real, 269 MB, 36.19 load
[runlim] sample:		49.65 time, 50.01 real, 271 MB, 40.54 load
[runlim] sample:		59.58 time, 60.01 real, 273 MB, 43.92 load
[runlim] sample:		69.50 time, 70.01 real, 273 MB, 46.78 load
[runlim] sample:		79.44 time, 80.01 real, 274 MB, 48.97 load
[runlim] sample:		89.38 time, 90.01 real, 279 MB, 50.90 load
[runlim] sample:		99.32 time, 100.01 real, 281 MB, 52.45 load
[runlim] sample:		109.25 time, 110.01 real, 281 MB, 53.92 load
[runlim] sample:		119.19 time, 120.01 real, 281 MB, 55.01 load
[runlim] sample:		129.13 time, 130.01 real, 283 MB, 55.93 load
[runlim] sample:		139.07 time, 140.01 real, 284 MB, 56.71 load
[runlim] sample:		149.01 time, 150.01 real, 284 MB, 57.29 load
[runlim] sample:		158.95 time, 160.01 real, 284 MB, 57.63 load
[runlim] sample:		168.89 time, 170.01 real, 284 MB, 57.84 load
[runlim] sample:		178.83 time, 180.01 real, 284 MB, 58.02 load
[runlim] sample:		188.76 time, 190.01 real, 286 MB, 58.17 load
[runlim] sample:		198.70 time, 200.01 real, 286 MB, 58.30 load
[runlim] sample:		208.63 time, 210.01 real, 286 MB, 58.41 load
[runlim] sample:		218.57 time, 220.01 real, 286 MB, 58.58 load
[runlim] sample:		228.50 time, 230.01 real, 287 MB, 58.64 load
[runlim] sample:		238.44 time, 240.01 real, 287 MB, 58.78 load
[runlim] sample:		248.38 time, 250.01 real, 287 MB, 58.81 load
[runlim] sample:		258.31 time, 260.01 real, 287 MB, 58.92 load
[runlim] sample:		268.25 time, 270.01 real, 287 MB, 58.94 load
[runlim] sample:		278.19 time, 280.01 real, 287 MB, 58.95 load
[runlim] sample:		288.13 time, 290.01 real, 287 MB, 58.95 load
[runlim] sample:		298.06 time, 300.01 real, 288 MB, 58.96 load
[runlim] sample:		308.00 time, 310.01 real, 288 MB, 58.97 load
[runlim] sample:		317.94 time, 320.01 real, 288 MB, 59.13 load
[runlim] sample:		327.87 time, 330.01 real, 288 MB, 59.11 load
[runlim] sample:		337.81 time, 340.01 real, 288 MB, 59.25 load
[runlim] sample:		347.76 time, 350.01 real, 298 MB, 59.21 load
[runlim] sample:		357.70 time, 360.01 real, 298 MB, 59.18 load
[runlim] sample:		367.64 time, 370.01 real, 298 MB, 59.15 load
[runlim] sample:		377.58 time, 380.01 real, 298 MB, 59.36 load
[runlim] sample:		387.51 time, 390.01 real, 298 MB, 59.45 load
[runlim] sample:		397.45 time, 400.01 real, 298 MB, 59.38 load
[runlim] sample:		407.39 time, 410.01 real, 298 MB, 59.32 load
[runlim] sample:		417.33 time, 420.01 real, 298 MB, 59.35 load
[runlim] sample:		427.27 time, 430.01 real, 298 MB, 59.30 load
[runlim] sample:		437.21 time, 440.01 real, 298 MB, 59.31 load
[runlim] sample:		447.15 time, 450.01 real, 298 MB, 58.96 load
[runlim] sample:		457.09 time, 460.01 real, 298 MB, 59.06 load
[runlim] sample:		467.02 time, 470.01 real, 298 MB, 58.66 load
[runlim] sample:		476.96 time, 480.01 real, 298 MB, 58.40 load
[runlim] sample:		486.90 time, 490.01 real, 298 MB, 58.03 load
[runlim] sample:		496.84 time, 500.01 real, 298 MB, 57.87 load
[runlim] sample:		506.78 time, 510.01 real, 298 MB, 57.58 load
[runlim] sample:		516.72 time, 520.01 real, 298 MB, 57.42 load
[runlim] sample:		526.66 time, 530.01 real, 298 MB, 57.20 load
[runlim] sample:		536.60 time, 540.01 real, 300 MB, 57.01 load
[runlim] sample:		546.54 time, 550.01 real, 300 MB, 56.86 load
[runlim] sample:		556.48 time, 560.01 real, 300 MB, 56.81 load
[runlim] sample:		566.41 time, 570.01 real, 300 MB, 56.68 load
[runlim] sample:		576.35 time, 580.01 real, 300 MB, 56.58 load
[runlim] sample:		586.29 time, 590.01 real, 300 MB, 56.57 load
[runlim] sample:		596.23 time, 600.01 real, 300 MB, 56.48 load
[runlim] sample:		606.17 time, 610.01 real, 300 MB, 56.41 load
[runlim] sample:		616.11 time, 620.01 real, 300 MB, 56.42 load
[runlim] sample:		626.04 time, 630.01 real, 300 MB, 56.36 load
[runlim] sample:		635.98 time, 640.01 real, 300 MB, 56.38 load
[runlim] sample:		645.92 time, 650.01 real, 300 MB, 56.32 load
[runlim] sample:		655.86 time, 660.01 real, 300 MB, 56.27 load
[runlim] sample:		665.80 time, 670.01 real, 300 MB, 56.31 load
[runlim] sample:		675.74 time, 680.01 real, 300 MB, 56.33 load
[runlim] sample:		685.68 time, 690.01 real, 300 MB, 56.36 load
[runlim] sample:		695.62 time, 700.01 real, 300 MB, 56.30 load
[runlim] sample:		705.56 time, 710.01 real, 300 MB, 56.26 load
[runlim] sample:		715.50 time, 720.01 real, 300 MB, 56.38 load
[runlim] sample:		725.43 time, 730.01 real, 300 MB, 56.32 load
[runlim] sample:		735.37 time, 740.01 real, 300 MB, 56.27 load
[runlim] sample:		745.31 time, 750.01 real, 300 MB, 56.23 load
[runlim] sample:		755.25 time, 760.01 real, 300 MB, 56.19 load
[runlim] sample:		765.19 time, 770.01 real, 302 MB, 56.16 load
[runlim] sample:		775.13 time, 780.01 real, 302 MB, 56.14 load
[runlim] sample:		785.07 time, 790.01 real, 302 MB, 56.12 load
[runlim] sample:		795.01 time, 800.01 real, 302 MB, 56.10 load
[runlim] sample:		804.96 time, 810.01 real, 302 MB, 56.08 load
[runlim] sample:		814.89 time, 820.01 real, 302 MB, 56.07 load
[runlim] sample:		824.83 time, 830.01 real, 302 MB, 56.06 load
[runlim] sample:		834.78 time, 840.01 real, 302 MB, 56.05 load
[runlim] sample:		844.72 time, 850.01 real, 302 MB, 56.04 load
[runlim] sample:		854.66 time, 860.01 real, 302 MB, 56.11 load
[runlim] sample:		864.60 time, 870.01 real, 302 MB, 56.10 load
[runlim] sample:		874.54 time, 880.01 real, 302 MB, 56.24 load
[runlim] sample:		884.48 time, 890.01 real, 302 MB, 56.20 load
[runlim] sample:		894.42 time, 900.01 real, 302 MB, 56.25 load
[runlim] sample:		904.36 time, 910.01 real, 302 MB, 56.21 load
[runlim] sample:		914.29 time, 920.01 real, 302 MB, 56.25 load
[runlim] sample:		924.23 time, 930.01 real, 302 MB, 56.21 load
[runlim] sample:		934.17 time, 940.01 real, 302 MB, 56.34 load
[runlim] sample:		944.11 time, 950.01 real, 302 MB, 56.29 load
[runlim] sample:		954.05 time, 960.01 real, 302 MB, 56.32 load
[runlim] sample:		963.99 time, 970.01 real, 302 MB, 56.27 load
[runlim] sample:		973.92 time, 980.01 real, 302 MB, 56.46 load
[runlim] sample:		983.86 time, 990.01 real, 302 MB, 56.47 load
[runlim] sample:		993.80 time, 1000.01 real, 302 MB, 56.55 load
[runlim] sample:		1003.73 time, 1010.01 real, 302 MB, 56.62 load
[runlim] sample:		1013.67 time, 1020.01 real, 302 MB, 56.52 load
[runlim] sample:		1023.61 time, 1030.01 real, 302 MB, 56.44 load
[runlim] sample:		1033.55 time, 1040.01 real, 302 MB, 56.37 load
[runlim] sample:		1043.49 time, 1050.01 real, 304 MB, 56.32 load
[runlim] sample:		1053.42 time, 1060.01 real, 304 MB, 56.35 load
[runlim] sample:		1063.36 time, 1070.01 real, 304 MB, 56.37 load
[runlim] sample:		1073.30 time, 1080.01 real, 304 MB, 56.46 load
[runlim] sample:		1083.23 time, 1090.01 real, 305 MB, 56.54 load
[runlim] sample:		1093.17 time, 1100.01 real, 305 MB, 56.46 load
[runlim] sample:		1103.11 time, 1110.01 real, 305 MB, 56.39 load
[runlim] sample:		1113.05 time, 1120.01 real, 305 MB, 56.40 load
[runlim] sample:		1122.98 time, 1130.01 real, 305 MB, 56.49 load
[runlim] sample:		1132.92 time, 1140.01 real, 305 MB, 56.42 load
[runlim] sample:		1142.87 time, 1150.01 real, 305 MB, 56.35 load
[runlim] sample:		1152.81 time, 1160.01 real, 305 MB, 56.30 load
[runlim] sample:		1162.75 time, 1170.01 real, 305 MB, 56.25 load
[runlim] sample:		1172.69 time, 1180.01 real, 305 MB, 56.29 load
[runlim] sample:		1182.62 time, 1190.01 real, 305 MB, 56.32 load
[runlim] sample:		1192.57 time, 1200.01 real, 305 MB, 56.27 load
[runlim] sample:		1202.50 time, 1210.01 real, 305 MB, 56.23 load
[runlim] sample:		1212.44 time, 1220.01 real, 305 MB, 56.27 load
[runlim] sample:		1222.38 time, 1230.01 real, 305 MB, 56.23 load
[runlim] sample:		1232.32 time, 1240.01 real, 305 MB, 56.20 load
[runlim] sample:		1242.26 time, 1250.01 real, 305 MB, 56.25 load
[runlim] sample:		1252.20 time, 1260.01 real, 305 MB, 56.21 load
[runlim] sample:		1262.13 time, 1270.01 real, 305 MB, 56.17 load
[runlim] sample:		1272.07 time, 1280.01 real, 305 MB, 56.15 load
[runlim] sample:		1282.01 time, 1290.01 real, 305 MB, 56.12 load
[runlim] sample:		1291.95 time, 1300.01 real, 305 MB, 56.10 load
[runlim] sample:		1301.89 time, 1310.01 real, 305 MB, 56.09 load
[runlim] sample:		1311.83 time, 1320.01 real, 305 MB, 56.07 load
[runlim] sample:		1321.77 time, 1330.01 real, 306 MB, 56.06 load
[runlim] sample:		1331.71 time, 1340.01 real, 306 MB, 56.13 load
[runlim] sample:		1341.65 time, 1350.01 real, 306 MB, 56.11 load
[runlim] sample:		1351.59 time, 1360.01 real, 306 MB, 56.17 load
[runlim] sample:		1361.53 time, 1370.01 real, 306 MB, 56.14 load
[runlim] sample:		1371.46 time, 1380.01 real, 306 MB, 56.50 load
[runlim] sample:		1381.40 time, 1390.01 real, 306 MB, 56.42 load
[runlim] sample:		1391.34 time, 1400.01 real, 307 MB, 56.43 load
[runlim] sample:		1401.28 time, 1410.01 real, 307 MB, 56.36 load
[runlim] sample:		1411.22 time, 1420.01 real, 307 MB, 56.31 load
[runlim] sample:		1421.16 time, 1430.01 real, 307 MB, 56.26 load
[runlim] sample:		1431.10 time, 1440.01 real, 307 MB, 56.22 load
[runlim] sample:		1441.03 time, 1450.01 real, 307 MB, 56.33 load
[runlim] sample:		1450.96 time, 1460.01 real, 307 MB, 56.35 load
[runlim] sample:		1460.90 time, 1470.01 real, 307 MB, 56.45 load
[runlim] sample:		1470.84 time, 1480.01 real, 307 MB, 56.38 load
[runlim] sample:		1480.78 time, 1490.01 real, 307 MB, 56.32 load
[runlim] sample:		1490.72 time, 1500.01 real, 307 MB, 56.27 load
[runlim] sample:		1500.66 time, 1510.01 real, 307 MB, 56.30 load
[runlim] sample:		1510.60 time, 1520.01 real, 307 MB, 56.25 load
[runlim] sample:		1520.54 time, 1530.01 real, 307 MB, 56.30 load
[runlim] sample:		1530.48 time, 1540.01 real, 307 MB, 56.25 load
[runlim] sample:		1540.42 time, 1550.01 real, 307 MB, 56.29 load
[runlim] sample:		1550.36 time, 1560.01 real, 307 MB, 56.24 load
[runlim] sample:		1560.30 time, 1570.01 real, 307 MB, 56.28 load
[runlim] sample:		1570.24 time, 1580.01 real, 307 MB, 56.23 load
[runlim] sample:		1580.18 time, 1590.01 real, 307 MB, 56.28 load
[runlim] sample:		1590.12 time, 1600.01 real, 307 MB, 56.24 load
[runlim] sample:		1600.06 time, 1610.01 real, 307 MB, 56.12 load
[runlim] sample:		1610.01 time, 1620.01 real, 307 MB, 55.95 load
[runlim] sample:		1619.95 time, 1630.01 real, 307 MB, 55.87 load
[runlim] sample:		1629.88 time, 1640.01 real, 307 MB, 55.74 load
[runlim] sample:		1639.83 time, 1650.01 real, 307 MB, 55.63 load
[runlim] sample:		1649.77 time, 1660.01 real, 307 MB, 55.53 load
[runlim] sample:		1659.71 time, 1670.01 real, 307 MB, 55.45 load
[runlim] sample:		1669.65 time, 1680.01 real, 307 MB, 55.38 load
[runlim] sample:		1679.59 time, 1690.01 real, 307 MB, 55.39 load
[runlim] sample:		1689.53 time, 1700.01 real, 307 MB, 55.33 load
[runlim] sample:		1699.47 time, 1710.01 real, 307 MB, 55.28 load
[runlim] sample:		1709.41 time, 1720.01 real, 307 MB, 55.31 load
[runlim] sample:		1719.35 time, 1730.01 real, 307 MB, 55.26 load
[runlim] sample:		1729.29 time, 1740.01 real, 307 MB, 55.22 load
[runlim] sample:		1739.23 time, 1750.01 real, 307 MB, 55.19 load
[runlim] sample:		1749.17 time, 1760.01 real, 307 MB, 55.23 load
[runlim] sample:		1759.11 time, 1770.01 real, 307 MB, 55.27 load
[runlim] sample:		1769.05 time, 1780.01 real, 307 MB, 55.30 load
[runlim] sample:		1779.00 time, 1790.01 real, 307 MB, 55.25 load
[runlim] sample:		1788.94 time, 1800.01 real, 307 MB, 55.29 load
[runlim] sample:		1798.88 time, 1810.01 real, 307 MB, 55.24 load
[runlim] sample:		1808.82 time, 1820.01 real, 307 MB, 55.21 load
[runlim] sample:		1818.76 time, 1830.01 real, 307 MB, 55.25 load
[runlim] sample:		1828.70 time, 1840.01 real, 307 MB, 55.21 load
[runlim] sample:		1838.64 time, 1850.01 real, 307 MB, 55.25 load
[runlim] sample:		1848.58 time, 1860.01 real, 307 MB, 55.21 load
[runlim] sample:		1858.52 time, 1870.01 real, 307 MB, 55.25 load
[runlim] sample:		1868.45 time, 1880.01 real, 307 MB, 55.21 load
[runlim] sample:		1878.39 time, 1890.01 real, 307 MB, 55.33 load
[runlim] sample:		1888.33 time, 1900.01 real, 307 MB, 55.28 load
[runlim] sample:		1898.27 time, 1910.01 real, 307 MB, 55.24 load
[runlim] sample:		1908.21 time, 1920.01 real, 307 MB, 55.20 load
[runlim] sample:		1918.15 time, 1930.01 real, 307 MB, 55.17 load
[runlim] sample:		1928.09 time, 1940.01 real, 307 MB, 55.14 load
[runlim] sample:		1938.03 time, 1950.01 real, 307 MB, 55.12 load
[runlim] sample:		1947.97 time, 1960.01 real, 307 MB, 55.10 load
[runlim] sample:		1957.91 time, 1970.01 real, 307 MB, 55.16 load
[runlim] sample:		1967.85 time, 1980.01 real, 307 MB, 55.13 load
[runlim] sample:		1977.79 time, 1990.01 real, 307 MB, 55.11 load
[runlim] sample:		1987.73 time, 2000.01 real, 307 MB, 55.10 load
[runlim] sample:		1997.67 time, 2010.01 real, 307 MB, 55.08 load
[runlim] sample:		2007.61 time, 2020.01 real, 307 MB, 55.07 load
[runlim] sample:		2017.55 time, 2030.01 real, 307 MB, 55.13 load
[runlim] sample:		2027.49 time, 2040.01 real, 307 MB, 55.11 load
[runlim] sample:		2037.43 time, 2050.01 real, 307 MB, 55.09 load
[runlim] sample:		2047.37 time, 2060.02 real, 307 MB, 55.23 load
[runlim] sample:		2057.30 time, 2070.01 real, 307 MB, 55.20 load
[runlim] sample:		2067.24 time, 2080.01 real, 307 MB, 55.16 load
[runlim] sample:		2077.18 time, 2090.01 real, 307 MB, 55.22 load
[runlim] sample:		2087.12 time, 2100.01 real, 307 MB, 55.18 load
[runlim] sample:		2097.06 time, 2110.01 real, 307 MB, 55.16 load
[runlim] sample:		2107.00 time, 2120.01 real, 307 MB, 55.21 load
[runlim] sample:		2116.94 time, 2130.01 real, 307 MB, 55.25 load
[runlim] sample:		2126.88 time, 2140.01 real, 307 MB, 55.28 load
[runlim] sample:		2136.82 time, 2150.01 real, 307 MB, 55.24 load
[runlim] sample:		2146.76 time, 2160.01 real, 307 MB, 55.20 load
[runlim] sample:		2156.70 time, 2170.01 real, 307 MB, 55.24 load
[runlim] sample:		2166.64 time, 2180.01 real, 307 MB, 55.21 load
[runlim] sample:		2176.58 time, 2190.01 real, 307 MB, 55.17 load
[runlim] sample:		2186.52 time, 2200.01 real, 307 MB, 55.23 load
[runlim] sample:		2196.47 time, 2210.01 real, 307 MB, 55.19 load
[runlim] sample:		2206.41 time, 2220.01 real, 307 MB, 55.16 load
[runlim] sample:		2216.34 time, 2230.01 real, 307 MB, 55.21 load
[runlim] sample:		2226.28 time, 2240.01 real, 307 MB, 55.18 load
[runlim] sample:		2236.22 time, 2250.01 real, 307 MB, 55.15 load
[runlim] sample:		2246.16 time, 2260.01 real, 307 MB, 55.20 load
[runlim] sample:		2256.10 time, 2270.01 real, 307 MB, 55.24 load
[runlim] sample:		2266.04 time, 2280.01 real, 307 MB, 55.29 load
[runlim] sample:		2275.98 time, 2290.01 real, 307 MB, 55.39 load
[runlim] sample:		2285.92 time, 2300.01 real, 307 MB, 55.33 load
[runlim] sample:		2295.86 time, 2310.01 real, 307 MB, 55.28 load
[runlim] sample:		2305.80 time, 2320.01 real, 307 MB, 55.31 load
[runlim] sample:		2315.74 time, 2330.01 real, 307 MB, 55.34 load
[runlim] sample:		2325.68 time, 2340.01 real, 307 MB, 55.28 load
[runlim] sample:		2335.62 time, 2350.01 real, 307 MB, 55.31 load
[runlim] sample:		2345.55 time, 2360.01 real, 307 MB, 55.26 load
[runlim] sample:		2355.49 time, 2370.01 real, 307 MB, 55.22 load
[runlim] sample:		2365.43 time, 2380.01 real, 307 MB, 55.19 load
[runlim] sample:		2375.37 time, 2390.01 real, 307 MB, 55.24 load
[runlim] sample:		2385.31 time, 2400.01 real, 307 MB, 55.20 load
[runlim] sample:		2395.25 time, 2410.01 real, 307 MB, 55.33 load
[runlim] sample:		2405.19 time, 2420.01 real, 307 MB, 55.42 load
[runlim] sample:		2415.13 time, 2430.01 real, 307 MB, 55.36 load
[runlim] sample:		2425.07 time, 2440.01 real, 307 MB, 55.38 load
[runlim] sample:		2435.01 time, 2450.01 real, 307 MB, 55.32 load
[runlim] sample:		2444.95 time, 2460.01 real, 307 MB, 55.27 load
[runlim] sample:		2454.89 time, 2470.01 real, 307 MB, 55.31 load
[runlim] sample:		2464.83 time, 2480.01 real, 307 MB, 55.34 load
[runlim] sample:		2474.77 time, 2490.01 real, 307 MB, 55.37 load
[runlim] sample:		2484.71 time, 2500.01 real, 307 MB, 55.31 load
[runlim] sample:		2494.65 time, 2510.01 real, 307 MB, 55.26 load
[runlim] sample:		2504.59 time, 2520.01 real, 307 MB, 55.22 load
[runlim] sample:		2514.53 time, 2530.01 real, 307 MB, 55.27 load
[runlim] sample:		2524.47 time, 2540.01 real, 307 MB, 55.22 load
[runlim] sample:		2534.41 time, 2550.01 real, 307 MB, 55.26 load
[runlim] sample:		2544.35 time, 2560.01 real, 307 MB, 55.30 load
[runlim] sample:		2554.29 time, 2570.01 real, 307 MB, 55.25 load
[runlim] sample:		2564.23 time, 2580.01 real, 307 MB, 55.21 load
[runlim] sample:		2574.17 time, 2590.01 real, 307 MB, 55.34 load
[runlim] sample:		2584.11 time, 2600.01 real, 307 MB, 55.29 load
[runlim] sample:		2594.05 time, 2610.01 real, 307 MB, 55.24 load
[runlim] sample:		2603.99 time, 2620.01 real, 307 MB, 55.20 load
[runlim] sample:		2613.93 time, 2630.01 real, 307 MB, 55.17 load
[runlim] sample:		2623.87 time, 2640.01 real, 307 MB, 55.15 load
[runlim] sample:		2633.81 time, 2650.01 real, 307 MB, 55.12 load
[runlim] sample:		2643.75 time, 2660.01 real, 307 MB, 55.10 load
[runlim] sample:		2653.69 time, 2670.01 real, 307 MB, 55.09 load
[runlim] sample:		2663.63 time, 2680.01 real, 307 MB, 55.15 load
[runlim] sample:		2673.57 time, 2690.01 real, 307 MB, 55.20 load
[runlim] sample:		2683.52 time, 2700.01 real, 307 MB, 55.17 load
[runlim] sample:		2693.46 time, 2710.01 real, 307 MB, 55.14 load
[runlim] sample:		2703.40 time, 2720.01 real, 307 MB, 55.20 load
[runlim] sample:		2713.34 time, 2730.01 real, 307 MB, 55.25 load
[runlim] sample:		2723.29 time, 2740.01 real, 307 MB, 55.21 load
[runlim] sample:		2733.23 time, 2750.01 real, 307 MB, 55.26 load
[runlim] sample:		2743.17 time, 2760.01 real, 307 MB, 55.45 load
[runlim] sample:		2753.11 time, 2770.01 real, 307 MB, 55.54 load
[runlim] sample:		2763.05 time, 2780.01 real, 307 MB, 55.61 load
[runlim] sample:		2772.99 time, 2790.01 real, 307 MB, 55.82 load
[runlim] sample:		2782.93 time, 2800.01 real, 307 MB, 55.85 load
[runlim] sample:		2792.87 time, 2810.01 real, 307 MB, 55.87 load
[runlim] sample:		2802.82 time, 2820.01 real, 307 MB, 55.89 load
[runlim] sample:		2812.76 time, 2830.01 real, 307 MB, 56.06 load
[runlim] sample:		2822.70 time, 2840.01 real, 307 MB, 56.05 load
[runlim] sample:		2832.64 time, 2850.01 real, 307 MB, 56.12 load
[runlim] sample:		2842.58 time, 2860.01 real, 307 MB, 56.10 load
[runlim] sample:		2852.51 time, 2870.01 real, 307 MB, 56.00 load
[runlim] sample:		2862.45 time, 2880.01 real, 307 MB, 56.08 load
[runlim] sample:		2872.39 time, 2890.01 real, 307 MB, 55.99 load
[runlim] sample:		2882.33 time, 2900.01 real, 307 MB, 55.99 load
[runlim] sample:		2892.27 time, 2910.01 real, 307 MB, 55.91 load
[runlim] sample:		2902.21 time, 2920.01 real, 307 MB, 55.77 load
[runlim] sample:		2912.15 time, 2930.01 real, 307 MB, 55.65 load
[runlim] sample:		2922.09 time, 2940.01 real, 307 MB, 55.55 load
[runlim] sample:		2932.03 time, 2950.01 real, 307 MB, 55.47 load
[runlim] sample:		2941.97 time, 2960.01 real, 307 MB, 55.69 load
[runlim] sample:		2951.91 time, 2970.01 real, 307 MB, 55.58 load
[runlim] sample:		2961.85 time, 2980.01 real, 307 MB, 55.49 load
[runlim] sample:		2971.78 time, 2990.01 real, 307 MB, 55.74 load
[runlim] sample:		2981.72 time, 3000.01 real, 307 MB, 55.62 load
[runlim] sample:		2991.66 time, 3010.01 real, 307 MB, 55.53 load
[runlim] sample:		3001.60 time, 3020.01 real, 307 MB, 55.45 load
[runlim] sample:		3011.54 time, 3030.01 real, 307 MB, 55.45 load
[runlim] sample:		3021.48 time, 3040.01 real, 307 MB, 55.45 load
[runlim] sample:		3031.43 time, 3050.01 real, 307 MB, 55.46 load
[runlim] sample:		3041.37 time, 3060.01 real, 307 MB, 55.39 load
[runlim] sample:		3051.31 time, 3070.01 real, 307 MB, 55.33 load
[runlim] sample:		3061.24 time, 3080.01 real, 307 MB, 55.36 load
[runlim] sample:		3071.18 time, 3090.01 real, 307 MB, 55.45 load
[runlim] sample:		3081.12 time, 3100.01 real, 307 MB, 55.38 load
[runlim] sample:		3091.07 time, 3110.01 real, 307 MB, 55.32 load
[runlim] sample:		3101.01 time, 3120.01 real, 307 MB, 55.27 load
[runlim] sample:		3110.95 time, 3130.01 real, 307 MB, 55.23 load
[runlim] sample:		3120.88 time, 3140.01 real, 307 MB, 55.19 load
[runlim] sample:		3130.82 time, 3150.01 real, 307 MB, 55.24 load
[runlim] sample:		3140.76 time, 3160.01 real, 307 MB, 55.20 load
[runlim] sample:		3150.70 time, 3170.01 real, 307 MB, 55.17 load
[runlim] sample:		3160.64 time, 3180.01 real, 307 MB, 55.14 load
[runlim] sample:		3170.58 time, 3190.01 real, 307 MB, 55.12 load
[runlim] sample:		3180.52 time, 3200.01 real, 307 MB, 55.10 load
[runlim] sample:		3190.46 time, 3210.01 real, 307 MB, 55.09 load
[runlim] sample:		3200.40 time, 3220.01 real, 307 MB, 55.23 load
[runlim] sample:		3210.34 time, 3230.01 real, 307 MB, 55.20 load
[runlim] sample:		3220.28 time, 3240.01 real, 307 MB, 55.17 load
[runlim] sample:		3230.21 time, 3250.01 real, 307 MB, 55.14 load
[runlim] sample:		3240.15 time, 3260.01 real, 307 MB, 55.19 load
[runlim] sample:		3250.09 time, 3270.01 real, 307 MB, 55.24 load
[runlim] sample:		3260.03 time, 3280.01 real, 307 MB, 55.20 load
[runlim] sample:		3269.97 time, 3290.01 real, 307 MB, 55.25 load
[runlim] sample:		3279.91 time, 3300.01 real, 307 MB, 55.28 load
[runlim] sample:		3289.85 time, 3310.01 real, 307 MB, 55.24 load
[runlim] sample:		3299.79 time, 3320.01 real, 307 MB, 55.28 load
[runlim] sample:		3309.73 time, 3330.01 real, 307 MB, 55.31 load
[runlim] sample:		3319.67 time, 3340.01 real, 307 MB, 55.26 load
[runlim] sample:		3329.61 time, 3350.01 real, 307 MB, 55.22 load
[runlim] sample:		3339.55 time, 3360.01 real, 307 MB, 55.19 load
[runlim] sample:		3349.48 time, 3370.01 real, 307 MB, 55.16 load
[runlim] sample:		3359.42 time, 3380.01 real, 307 MB, 55.13 load
[runlim] sample:		3369.36 time, 3390.01 real, 307 MB, 55.19 load
[runlim] sample:		3379.30 time, 3400.01 real, 307 MB, 55.24 load
[runlim] sample:		3389.24 time, 3410.01 real, 307 MB, 55.20 load
[runlim] sample:		3399.18 time, 3420.01 real, 307 MB, 55.17 load
[runlim] sample:		3409.12 time, 3430.01 real, 307 MB, 55.14 load
[runlim] sample:		3419.06 time, 3440.01 real, 307 MB, 55.19 load
[runlim] sample:		3429.00 time, 3450.01 real, 307 MB, 55.25 load
[runlim] sample:		3438.94 time, 3460.01 real, 307 MB, 55.21 load
[runlim] sample:		3448.88 time, 3470.01 real, 307 MB, 55.17 load
[runlim] sample:		3458.82 time, 3480.01 real, 307 MB, 55.15 load
[runlim] sample:		3468.76 time, 3490.01 real, 307 MB, 55.12 load
[runlim] sample:		3478.70 time, 3500.01 real, 307 MB, 55.18 load
[runlim] sample:		3488.64 time, 3510.01 real, 307 MB, 55.23 load
[runlim] sample:		3498.58 time, 3520.01 real, 307 MB, 55.20 load
[runlim] sample:		3508.52 time, 3530.01 real, 307 MB, 55.16 load
[runlim] sample:		3518.46 time, 3540.01 real, 307 MB, 55.14 load
[runlim] sample:		3528.40 time, 3550.01 real, 307 MB, 55.12 load
[runlim] sample:		3538.34 time, 3560.01 real, 307 MB, 55.10 load
[runlim] sample:		3548.28 time, 3570.01 real, 307 MB, 55.16 load
[runlim] sample:		3558.22 time, 3580.01 real, 307 MB, 55.14 load
[runlim] sample:		3568.16 time, 3590.01 real, 307 MB, 55.20 load
[runlim] sample:		3578.10 time, 3600.01 real, 307 MB, 55.17 load
[runlim] sample:		3588.04 time, 3610.01 real, 307 MB, 55.14 load
[runlim] sample:		3597.98 time, 3620.01 real, 307 MB, 55.12 load
[runlim] sample:		3607.92 time, 3630.01 real, 307 MB, 55.18 load
[runlim] sample:		3617.86 time, 3640.01 real, 307 MB, 55.15 load
[runlim] sample:		3627.80 time, 3650.01 real, 307 MB, 55.13 load
[runlim] sample:		3637.74 time, 3660.01 real, 307 MB, 55.11 load
[runlim] sample:		3647.68 time, 3670.01 real, 307 MB, 55.09 load
[runlim] sample:		3657.62 time, 3680.01 real, 307 MB, 55.08 load
[runlim] sample:		3667.56 time, 3690.01 real, 307 MB, 55.22 load
[runlim] sample:		3677.50 time, 3700.01 real, 307 MB, 55.19 load
[runlim] sample:		3687.44 time, 3710.01 real, 307 MB, 55.16 load
[runlim] sample:		3697.38 time, 3720.01 real, 307 MB, 55.22 load
[runlim] sample:		3707.32 time, 3730.01 real, 307 MB, 55.18 load
[runlim] sample:		3717.26 time, 3740.01 real, 307 MB, 55.15 load
[runlim] sample:		3727.20 time, 3750.01 real, 307 MB, 55.29 load
[runlim] sample:		3737.14 time, 3760.01 real, 307 MB, 55.39 load
[runlim] sample:		3747.08 time, 3770.01 real, 307 MB, 55.41 load
[runlim] sample:		3757.02 time, 3780.01 real, 307 MB, 55.35 load
[runlim] sample:		3766.95 time, 3790.01 real, 307 MB, 55.29 load
[runlim] sample:		3776.89 time, 3800.01 real, 307 MB, 55.25 load
[runlim] sample:		3786.83 time, 3810.01 real, 307 MB, 55.21 load
[runlim] sample:		3796.77 time, 3820.01 real, 307 MB, 55.18 load
[runlim] sample:		3806.71 time, 3830.01 real, 307 MB, 55.23 load
[runlim] sample:		3816.65 time, 3840.01 real, 307 MB, 55.19 load
[runlim] sample:		3826.59 time, 3850.01 real, 307 MB, 55.16 load
[runlim] sample:		3836.53 time, 3860.01 real, 307 MB, 55.14 load
[runlim] sample:		3846.47 time, 3870.01 real, 307 MB, 55.12 load
[runlim] sample:		3856.41 time, 3880.01 real, 307 MB, 55.10 load
[runlim] sample:		3866.35 time, 3890.01 real, 307 MB, 55.08 load
[runlim] sample:		3876.29 time, 3900.01 real, 307 MB, 55.07 load
[runlim] sample:		3886.23 time, 3910.01 real, 307 MB, 55.06 load
[runlim] sample:		3896.16 time, 3920.01 real, 307 MB, 55.12 load
[runlim] sample:		3906.10 time, 3930.01 real, 307 MB, 55.10 load
[runlim] sample:		3916.04 time, 3940.01 real, 307 MB, 55.09 load
[runlim] sample:		3925.98 time, 3950.01 real, 307 MB, 55.23 load
[runlim] sample:		3935.92 time, 3960.01 real, 307 MB, 55.19 load
[runlim] sample:		3945.86 time, 3970.01 real, 307 MB, 55.16 load
[runlim] sample:		3955.80 time, 3980.01 real, 307 MB, 55.14 load
[runlim] sample:		3965.74 time, 3990.01 real, 307 MB, 55.12 load
[runlim] sample:		3975.68 time, 4000.01 real, 307 MB, 55.10 load
[runlim] sample:		3985.62 time, 4010.01 real, 307 MB, 55.16 load
[runlim] sample:		3995.56 time, 4020.01 real, 307 MB, 55.14 load
[runlim] sample:		4005.50 time, 4030.01 real, 307 MB, 55.12 load
[runlim] sample:		4015.44 time, 4040.01 real, 307 MB, 55.17 load
[runlim] sample:		4025.38 time, 4050.01 real, 307 MB, 55.14 load
[runlim] sample:		4035.32 time, 4060.01 real, 307 MB, 55.12 load
[runlim] sample:		4045.26 time, 4070.01 real, 307 MB, 55.10 load
[runlim] sample:		4055.20 time, 4080.01 real, 307 MB, 55.09 load
[runlim] sample:		4065.14 time, 4090.01 real, 307 MB, 55.37 load
[runlim] sample:		4075.08 time, 4100.01 real, 307 MB, 55.32 load
[runlim] sample:		4085.02 time, 4110.01 real, 307 MB, 55.27 load
[runlim] sample:		4094.96 time, 4120.01 real, 307 MB, 55.23 load
[runlim] sample:		4104.90 time, 4130.01 real, 307 MB, 55.27 load
[runlim] sample:		4114.84 time, 4140.01 real, 307 MB, 55.23 load
[runlim] sample:		4124.78 time, 4150.01 real, 307 MB, 55.19 load
[runlim] sample:		4134.72 time, 4160.01 real, 307 MB, 55.16 load
[runlim] sample:		4144.66 time, 4170.01 real, 307 MB, 55.14 load
[runlim] sample:		4154.60 time, 4180.01 real, 307 MB, 55.12 load
[runlim] sample:		4164.54 time, 4190.01 real, 307 MB, 55.34 load
[runlim] sample:		4174.48 time, 4200.01 real, 307 MB, 55.29 load
[runlim] sample:		4184.42 time, 4210.01 real, 307 MB, 55.24 load
[runlim] sample:		4194.36 time, 4220.01 real, 307 MB, 55.36 load
[runlim] sample:		4204.30 time, 4230.01 real, 307 MB, 55.30 load
[runlim] sample:		4214.24 time, 4240.01 real, 307 MB, 55.26 load
[runlim] sample:		4224.18 time, 4250.01 real, 307 MB, 55.22 load
[runlim] sample:		4234.12 time, 4260.01 real, 307 MB, 55.33 load
[runlim] sample:		4244.06 time, 4270.01 real, 307 MB, 55.36 load
[runlim] sample:		4253.99 time, 4280.01 real, 307 MB, 55.30 load
[runlim] sample:		4263.93 time, 4290.01 real, 307 MB, 55.26 load
[runlim] sample:		4273.87 time, 4300.01 real, 307 MB, 55.22 load
[runlim] sample:		4283.81 time, 4310.01 real, 307 MB, 55.18 load
[runlim] sample:		4293.75 time, 4320.01 real, 307 MB, 55.15 load
[runlim] sample:		4303.69 time, 4330.01 real, 307 MB, 55.21 load
[runlim] sample:		4313.63 time, 4340.01 real, 307 MB, 55.18 load
[runlim] sample:		4323.57 time, 4350.01 real, 307 MB, 55.15 load
[runlim] sample:		4333.51 time, 4360.01 real, 307 MB, 55.13 load
[runlim] sample:		4343.45 time, 4370.01 real, 307 MB, 55.11 load
[runlim] sample:		4353.39 time, 4380.01 real, 307 MB, 55.09 load
[runlim] sample:		4363.33 time, 4390.01 real, 307 MB, 55.08 load
[runlim] sample:		4373.27 time, 4400.01 real, 307 MB, 55.80 load
[runlim] sample:		4383.21 time, 4410.01 real, 307 MB, 55.68 load
[runlim] sample:		4393.15 time, 4420.01 real, 307 MB, 55.57 load
[runlim] sample:		4403.09 time, 4430.01 real, 307 MB, 55.48 load
[runlim] sample:		4413.03 time, 4440.01 real, 307 MB, 55.41 load
[runlim] sample:		4422.97 time, 4450.01 real, 307 MB, 55.35 load
[runlim] sample:		4432.91 time, 4460.01 real, 307 MB, 55.37 load
[runlim] sample:		4442.85 time, 4470.01 real, 307 MB, 55.39 load
[runlim] sample:		4452.78 time, 4480.01 real, 307 MB, 55.33 load
[runlim] sample:		4462.72 time, 4490.01 real, 307 MB, 55.28 load
[runlim] sample:		4472.66 time, 4500.01 real, 307 MB, 55.24 load
[runlim] sample:		4482.60 time, 4510.01 real, 307 MB, 55.20 load
[runlim] sample:		4492.54 time, 4520.01 real, 307 MB, 55.17 load
[runlim] sample:		4502.48 time, 4530.01 real, 307 MB, 55.22 load
[runlim] sample:		4512.42 time, 4540.01 real, 307 MB, 55.27 load
[runlim] sample:		4522.36 time, 4550.01 real, 307 MB, 55.23 load
[runlim] sample:		4532.30 time, 4560.01 real, 307 MB, 55.19 load
[runlim] sample:		4542.24 time, 4570.01 real, 307 MB, 55.16 load
[runlim] sample:		4552.18 time, 4580.01 real, 307 MB, 55.14 load
[runlim] sample:		4562.12 time, 4590.01 real, 307 MB, 55.27 load
[runlim] sample:		4572.06 time, 4600.01 real, 307 MB, 55.23 load
[runlim] sample:		4582.00 time, 4610.01 real, 307 MB, 55.20 load
[runlim] sample:		4591.93 time, 4620.01 real, 307 MB, 55.16 load
[runlim] sample:		4601.87 time, 4630.01 real, 307 MB, 55.14 load
[runlim] sample:		4611.81 time, 4640.01 real, 307 MB, 55.12 load
[runlim] sample:		4621.75 time, 4650.01 real, 307 MB, 55.10 load
[runlim] sample:		4631.69 time, 4660.01 real, 307 MB, 55.08 load
[runlim] sample:		4641.63 time, 4670.01 real, 307 MB, 55.07 load
[runlim] sample:		4651.57 time, 4680.01 real, 307 MB, 55.06 load
[runlim] sample:		4661.51 time, 4690.01 real, 307 MB, 55.05 load
[runlim] sample:		4671.45 time, 4700.01 real, 307 MB, 55.04 load
[runlim] sample:		4681.39 time, 4710.01 real, 307 MB, 55.03 load
[runlim] sample:		4691.32 time, 4720.01 real, 307 MB, 55.03 load
[runlim] sample:		4701.26 time, 4730.01 real, 307 MB, 55.02 load
[runlim] sample:		4711.20 time, 4740.01 real, 307 MB, 55.02 load
[runlim] sample:		4721.14 time, 4750.01 real, 307 MB, 55.02 load
[runlim] sample:		4731.08 time, 4760.01 real, 307 MB, 55.09 load
[runlim] sample:		4741.02 time, 4770.01 real, 307 MB, 55.07 load
[runlim] sample:		4750.96 time, 4780.01 real, 307 MB, 55.06 load
[runlim] sample:		4760.90 time, 4790.01 real, 307 MB, 55.05 load
[runlim] sample:		4770.83 time, 4800.01 real, 307 MB, 55.04 load
[runlim] sample:		4780.77 time, 4810.01 real, 307 MB, 55.04 load
[runlim] sample:		4790.71 time, 4820.01 real, 307 MB, 55.03 load
[runlim] sample:		4800.65 time, 4830.01 real, 307 MB, 55.10 load
[runlim] sample:		4810.59 time, 4840.01 real, 307 MB, 55.08 load
[runlim] sample:		4820.53 time, 4850.01 real, 307 MB, 55.15 load
[runlim] sample:		4830.47 time, 4860.01 real, 307 MB, 55.13 load
[runlim] sample:		4840.41 time, 4870.01 real, 307 MB, 55.19 load
[runlim] sample:		4850.35 time, 4880.01 real, 307 MB, 55.16 load
[runlim] sample:		4860.29 time, 4890.01 real, 307 MB, 55.13 load
[runlim] sample:		4870.22 time, 4900.01 real, 307 MB, 55.11 load
[runlim] sample:		4880.16 time, 4910.01 real, 307 MB, 55.10 load
[runlim] sample:		4890.10 time, 4920.01 real, 307 MB, 55.08 load
[runlim] sample:		4900.04 time, 4930.01 real, 307 MB, 55.07 load
[runlim] sample:		4909.98 time, 4940.01 real, 307 MB, 55.13 load
[runlim] sample:		4919.92 time, 4950.01 real, 307 MB, 55.11 load
[runlim] sample:		4929.86 time, 4960.01 real, 307 MB, 54.93 load
[runlim] sample:		4939.80 time, 4970.01 real, 307 MB, 53.63 load
[runlim] sample:		4949.73 time, 4980.01 real, 307 MB, 51.87 load
[runlim] sample:		4959.68 time, 4990.01 real, 307 MB, 48.42 load
[runlim] sample:		4969.63 time, 5000.01 real, 307 MB, 44.27 load
[runlim] end:			Thu Apr  9 21:46:09 2026
[runlim] status:		out of time
[runlim] result:		2
[runlim] children:		1
[runlim] processes:		2
[runlim] real:			5000.05 seconds
[runlim] time:			4969.63 seconds
[runlim] space:			307 MB
[runlim] load:			59.52 maximum
[runlim] samples:		50000
