[runlim] version:		2.0.0rc1
[runlim] host:			m10n06
[runlim] time limit:		311040000 seconds
[runlim] real time limit:	5000 seconds
[runlim] space limit:		7000 MB
[runlim] argv[0]:		./binary
[runlim] argv[1]:		-c
[runlim] argv[2]:		-s
[runlim] argv[3]:		-r
[runlim] argv[4]:		/tmp/local-unzipped-12273061-8-491-BMS_k3_n100_m429_415.cnf
[runlim] start:			Wed Mar 25 00:47:16 2026
[runlim] child:			969217
[runlim] end:			Wed Mar 25 00:47:17 2026
[runlim] status:		ok
[runlim] result:		0
[runlim] children:		1
[runlim] processes:		2
[runlim] real:			1.03 seconds
[runlim] time:			1.00 seconds
[runlim] space:			4 MB
[runlim] load:			1.20 maximum
[runlim] samples:		10
