[runlim] version:		2.0.0rc1
[runlim] host:			m05n09
[runlim] time limit:		311040000 seconds
[runlim] real time limit:	5000 seconds
[runlim] space limit:		7000 MB
[runlim] argv[0]:		./binary
[runlim] argv[1]:		-c
[runlim] argv[2]:		-s
[runlim] argv[3]:		-r
[runlim] argv[4]:		/tmp/local-unzipped-12273061-7-409-BMS_k3_n100_m429_179.cnf
[runlim] start:			Wed Mar 25 00:46:58 2026
[runlim] child:			1186577
[runlim] sample:		9.97 time, 10.01 real, 3 MB, 1.75 load
[runlim] sample:		19.91 time, 20.01 real, 3 MB, 2.33 load
[runlim] sample:		29.85 time, 30.01 real, 3 MB, 3.29 load
[runlim] sample:		39.80 time, 40.01 real, 3 MB, 3.86 load
[runlim] sample:		49.75 time, 50.01 real, 3 MB, 4.03 load
[runlim] sample:		59.70 time, 60.01 real, 3 MB, 4.18 load
[runlim] sample:		69.65 time, 70.01 real, 3 MB, 4.31 load
[runlim] sample:		79.61 time, 80.01 real, 3 MB, 4.42 load
[runlim] sample:		89.55 time, 90.01 real, 3 MB, 4.59 load
[runlim] sample:		99.51 time, 100.01 real, 3 MB, 4.65 load
[runlim] sample:		109.46 time, 110.01 real, 3 MB, 4.70 load
[runlim] sample:		119.41 time, 120.01 real, 3 MB, 4.75 load
[runlim] sample:		129.37 time, 130.01 real, 3 MB, 4.79 load
[runlim] sample:		139.33 time, 140.01 real, 3 MB, 4.82 load
[runlim] sample:		149.29 time, 150.01 real, 3 MB, 4.93 load
[runlim] sample:		159.25 time, 160.01 real, 3 MB, 4.94 load
[runlim] sample:		169.22 time, 170.01 real, 3 MB, 4.95 load
[runlim] sample:		179.18 time, 180.01 real, 3 MB, 4.96 load
[runlim] sample:		189.14 time, 190.01 real, 3 MB, 4.97 load
[runlim] sample:		199.11 time, 200.01 real, 3 MB, 4.97 load
[runlim] sample:		209.07 time, 210.01 real, 3 MB, 5.06 load
[runlim] sample:		219.03 time, 220.01 real, 3 MB, 5.05 load
[runlim] sample:		229.00 time, 230.01 real, 3 MB, 5.04 load
[runlim] sample:		238.96 time, 240.01 real, 3 MB, 5.03 load
[runlim] sample:		248.92 time, 250.01 real, 3 MB, 5.03 load
[runlim] sample:		258.89 time, 260.01 real, 3 MB, 5.02 load
[runlim] sample:		268.85 time, 270.01 real, 3 MB, 5.10 load
[runlim] sample:		278.81 time, 280.01 real, 3 MB, 5.08 load
[runlim] sample:		288.78 time, 290.01 real, 3 MB, 5.07 load
[runlim] sample:		298.74 time, 300.01 real, 3 MB, 5.06 load
[runlim] sample:		308.70 time, 310.01 real, 3 MB, 5.05 load
[runlim] sample:		318.67 time, 320.01 real, 3 MB, 5.04 load
[runlim] sample:		328.63 time, 330.01 real, 3 MB, 5.12 load
[runlim] sample:		338.59 time, 340.01 real, 3 MB, 5.10 load
[runlim] sample:		348.56 time, 350.01 real, 3 MB, 5.08 load
[runlim] sample:		358.52 time, 360.01 real, 3 MB, 5.07 load
[runlim] sample:		368.49 time, 370.01 real, 3 MB, 5.06 load
[runlim] sample:		378.45 time, 380.01 real, 3 MB, 5.05 load
[runlim] sample:		388.41 time, 390.01 real, 3 MB, 5.12 load
[runlim] sample:		398.37 time, 400.01 real, 3 MB, 5.10 load
[runlim] sample:		408.34 time, 410.01 real, 3 MB, 5.16 load
[runlim] sample:		418.30 time, 420.01 real, 3 MB, 5.13 load
[runlim] sample:		428.26 time, 430.01 real, 3 MB, 5.11 load
[runlim] sample:		438.23 time, 440.01 real, 3 MB, 5.10 load
[runlim] sample:		448.19 time, 450.01 real, 3 MB, 5.16 load
[runlim] sample:		458.15 time, 460.01 real, 3 MB, 5.22 load
[runlim] sample:		468.11 time, 470.01 real, 3 MB, 5.18 load
[runlim] sample:		478.07 time, 480.01 real, 3 MB, 5.15 load
[runlim] sample:		488.03 time, 490.01 real, 3 MB, 5.05 load
[runlim] sample:		498.00 time, 500.01 real, 3 MB, 4.89 load
[runlim] sample:		507.97 time, 510.01 real, 3 MB, 4.83 load
[runlim] sample:		517.93 time, 520.01 real, 3 MB, 4.70 load
[runlim] sample:		527.90 time, 530.01 real, 3 MB, 4.59 load
[runlim] sample:		537.87 time, 540.01 real, 3 MB, 4.50 load
[runlim] sample:		547.84 time, 550.01 real, 3 MB, 4.42 load
[runlim] sample:		557.80 time, 560.01 real, 3 MB, 4.36 load
[runlim] sample:		567.77 time, 570.01 real, 3 MB, 4.38 load
[runlim] sample:		577.74 time, 580.01 real, 3 MB, 4.32 load
[runlim] sample:		587.70 time, 590.01 real, 3 MB, 4.27 load
[runlim] sample:		597.67 time, 600.01 real, 3 MB, 4.23 load
[runlim] sample:		607.64 time, 610.01 real, 3 MB, 4.20 load
[runlim] sample:		617.61 time, 620.01 real, 3 MB, 4.16 load
[runlim] sample:		627.57 time, 630.01 real, 3 MB, 4.22 load
[runlim] sample:		637.54 time, 640.01 real, 3 MB, 4.18 load
[runlim] sample:		647.51 time, 650.01 real, 3 MB, 4.16 load
[runlim] sample:		657.47 time, 660.01 real, 3 MB, 4.13 load
[runlim] sample:		667.44 time, 670.01 real, 3 MB, 4.11 load
[runlim] sample:		677.41 time, 680.01 real, 3 MB, 4.09 load
[runlim] sample:		687.37 time, 690.01 real, 3 MB, 4.24 load
[runlim] sample:		697.34 time, 700.01 real, 3 MB, 4.20 load
[runlim] sample:		707.30 time, 710.01 real, 3 MB, 4.17 load
[runlim] sample:		717.27 time, 720.01 real, 3 MB, 4.14 load
[runlim] sample:		727.24 time, 730.01 real, 3 MB, 4.12 load
[runlim] sample:		737.21 time, 740.01 real, 3 MB, 4.10 load
[runlim] sample:		747.17 time, 750.01 real, 3 MB, 4.17 load
[runlim] sample:		757.14 time, 760.01 real, 3 MB, 4.14 load
[runlim] sample:		767.11 time, 770.01 real, 3 MB, 4.12 load
[runlim] sample:		777.08 time, 780.01 real, 3 MB, 4.10 load
[runlim] sample:		787.05 time, 790.01 real, 3 MB, 4.08 load
[runlim] sample:		797.02 time, 800.01 real, 4 MB, 4.07 load
[runlim] sample:		806.98 time, 810.01 real, 4 MB, 4.14 load
[runlim] sample:		816.95 time, 820.01 real, 4 MB, 4.19 load
[runlim] sample:		826.92 time, 830.01 real, 4 MB, 4.16 load
[runlim] sample:		836.88 time, 840.01 real, 4 MB, 4.14 load
[runlim] end:			Wed Mar 25 01:01:07 2026
[runlim] status:		ok
[runlim] result:		0
[runlim] children:		1
[runlim] processes:		2
[runlim] real:			848.67 seconds
[runlim] time:			845.46 seconds
[runlim] space:			4 MB
[runlim] load:			5.22 maximum
[runlim] samples:		8486
