[runlim] version:		2.0.0rc1
[runlim] host:			m05n05
[runlim] time limit:		311040000 seconds
[runlim] real time limit:	5000 seconds
[runlim] space limit:		7000 MB
[runlim] argv[0]:		./binary
[runlim] argv[1]:		-c
[runlim] argv[2]:		/tmp/local-unzipped-12459997-1-3-mc2025_track1_157.cnf
[runlim] start:			Thu Apr  9 21:40:16 2026
[runlim] child:			3790627
[runlim] sample:		9.95 time, 10.01 real, 8 MB, 6.43 load
[runlim] sample:		19.89 time, 20.01 real, 8 MB, 8.45 load
[runlim] sample:		29.84 time, 30.01 real, 8 MB, 11.47 load
[runlim] sample:		39.78 time, 40.01 real, 8 MB, 15.49 load
[runlim] sample:		49.72 time, 50.01 real, 8 MB, 20.35 load
[runlim] sample:		59.65 time, 60.01 real, 8 MB, 25.92 load
[runlim] sample:		69.57 time, 70.01 real, 8 MB, 31.46 load
[runlim] sample:		79.49 time, 80.01 real, 8 MB, 36.08 load
[runlim] sample:		89.42 time, 90.01 real, 8 MB, 39.91 load
[runlim] sample:		99.35 time, 100.01 real, 8 MB, 43.15 load
[runlim] sample:		109.28 time, 110.01 real, 8 MB, 46.04 load
[runlim] sample:		119.21 time, 120.01 real, 8 MB, 48.58 load
[runlim] sample:		129.13 time, 130.01 real, 8 MB, 50.65 load
[runlim] sample:		139.06 time, 140.01 real, 8 MB, 52.32 load
[runlim] sample:		149.01 time, 150.01 real, 8 MB, 53.66 load
[runlim] sample:		158.94 time, 160.01 real, 8 MB, 54.79 load
[runlim] sample:		168.85 time, 170.01 real, 8 MB, 55.89 load
[runlim] sample:		178.78 time, 180.01 real, 8 MB, 56.68 load
[runlim] sample:		188.71 time, 190.01 real, 8 MB, 57.43 load
[runlim] sample:		198.65 time, 200.01 real, 8 MB, 57.98 load
[runlim] sample:		208.58 time, 210.01 real, 8 MB, 58.44 load
[runlim] sample:		218.52 time, 220.01 real, 8 MB, 58.75 load
[runlim] sample:		228.45 time, 230.01 real, 8 MB, 59.02 load
[runlim] sample:		238.38 time, 240.01 real, 8 MB, 59.09 load
[runlim] sample:		248.32 time, 250.01 real, 8 MB, 59.16 load
[runlim] sample:		258.26 time, 260.01 real, 8 MB, 59.13 load
[runlim] sample:		268.20 time, 270.01 real, 8 MB, 59.11 load
[runlim] sample:		278.14 time, 280.01 real, 8 MB, 59.09 load
[runlim] sample:		288.09 time, 290.01 real, 8 MB, 59.31 load
[runlim] sample:		298.03 time, 300.01 real, 8 MB, 59.26 load
[runlim] sample:		307.97 time, 310.01 real, 8 MB, 59.30 load
[runlim] sample:		317.91 time, 320.01 real, 8 MB, 59.25 load
[runlim] sample:		327.85 time, 330.01 real, 8 MB, 59.29 load
[runlim] sample:		337.79 time, 340.01 real, 8 MB, 59.32 load
[runlim] sample:		347.73 time, 350.01 real, 8 MB, 59.12 load
[runlim] sample:		357.67 time, 360.01 real, 8 MB, 58.95 load
[runlim] sample:		367.61 time, 370.01 real, 8 MB, 58.88 load
[runlim] sample:		377.55 time, 380.01 real, 8 MB, 58.90 load
[runlim] sample:		387.50 time, 390.01 real, 8 MB, 58.76 load
[runlim] sample:		397.44 time, 400.01 real, 8 MB, 58.79 load
[runlim] sample:		407.38 time, 410.01 real, 8 MB, 58.67 load
[runlim] sample:		417.32 time, 420.01 real, 8 MB, 58.64 load
[runlim] sample:		427.25 time, 430.01 real, 8 MB, 58.54 load
[runlim] sample:		437.19 time, 440.01 real, 8 MB, 58.46 load
[runlim] sample:		447.13 time, 450.01 real, 8 MB, 58.23 load
[runlim] sample:		457.07 time, 460.01 real, 8 MB, 58.04 load
[runlim] sample:		467.01 time, 470.01 real, 8 MB, 57.96 load
[runlim] sample:		476.95 time, 480.01 real, 8 MB, 57.81 load
[runlim] sample:		486.89 time, 490.01 real, 8 MB, 57.76 load
[runlim] sample:		496.83 time, 500.01 real, 8 MB, 57.64 load
[runlim] sample:		506.77 time, 510.01 real, 8 MB, 57.54 load
[runlim] sample:		516.71 time, 520.01 real, 8 MB, 57.54 load
[runlim] sample:		526.65 time, 530.01 real, 8 MB, 57.45 load
[runlim] sample:		536.59 time, 540.01 real, 8 MB, 57.38 load
[runlim] sample:		546.53 time, 550.01 real, 8 MB, 57.41 load
[runlim] sample:		556.46 time, 560.01 real, 8 MB, 57.34 load
[runlim] sample:		566.40 time, 570.01 real, 8 MB, 57.36 load
[runlim] sample:		576.34 time, 580.01 real, 8 MB, 57.31 load
[runlim] sample:		586.28 time, 590.01 real, 8 MB, 57.26 load
[runlim] sample:		596.22 time, 600.01 real, 8 MB, 57.22 load
[runlim] sample:		606.16 time, 610.01 real, 8 MB, 57.18 load
[runlim] sample:		616.10 time, 620.01 real, 8 MB, 57.16 load
[runlim] sample:		626.04 time, 630.01 real, 8 MB, 57.21 load
[runlim] sample:		635.98 time, 640.01 real, 8 MB, 57.18 load
[runlim] sample:		645.92 time, 650.01 real, 8 MB, 57.23 load
[runlim] sample:		655.86 time, 660.01 real, 8 MB, 57.20 load
[runlim] sample:		665.80 time, 670.01 real, 8 MB, 57.24 load
[runlim] sample:		675.73 time, 680.01 real, 8 MB, 57.20 load
[runlim] sample:		685.67 time, 690.01 real, 8 MB, 57.17 load
[runlim] sample:		695.61 time, 700.01 real, 8 MB, 57.14 load
[runlim] sample:		705.55 time, 710.01 real, 8 MB, 57.12 load
[runlim] sample:		715.49 time, 720.01 real, 8 MB, 57.10 load
[runlim] sample:		725.43 time, 730.01 real, 8 MB, 57.09 load
[runlim] sample:		735.37 time, 740.01 real, 8 MB, 57.07 load
[runlim] sample:		745.31 time, 750.01 real, 8 MB, 57.14 load
[runlim] sample:		755.24 time, 760.01 real, 8 MB, 57.12 load
[runlim] sample:		765.18 time, 770.01 real, 8 MB, 57.25 load
[runlim] sample:		775.12 time, 780.01 real, 8 MB, 57.21 load
[runlim] sample:		785.06 time, 790.01 real, 8 MB, 57.18 load
[runlim] sample:		794.99 time, 800.01 real, 8 MB, 57.15 load
[runlim] sample:		804.93 time, 810.01 real, 8 MB, 57.21 load
[runlim] sample:		814.87 time, 820.01 real, 8 MB, 57.17 load
[runlim] sample:		824.80 time, 830.01 real, 9 MB, 57.30 load
[runlim] sample:		834.74 time, 840.01 real, 9 MB, 57.34 load
[runlim] sample:		844.68 time, 850.01 real, 9 MB, 57.28 load
[runlim] sample:		854.62 time, 860.01 real, 9 MB, 57.40 load
[runlim] sample:		864.55 time, 870.01 real, 9 MB, 57.34 load
[runlim] sample:		874.49 time, 880.01 real, 9 MB, 57.37 load
[runlim] sample:		884.43 time, 890.01 real, 9 MB, 57.31 load
[runlim] sample:		894.37 time, 900.01 real, 9 MB, 57.42 load
[runlim] sample:		904.30 time, 910.01 real, 9 MB, 57.36 load
[runlim] sample:		914.24 time, 920.01 real, 9 MB, 57.30 load
[runlim] sample:		924.18 time, 930.01 real, 9 MB, 57.25 load
[runlim] sample:		934.12 time, 940.01 real, 9 MB, 57.37 load
[runlim] sample:		944.05 time, 950.01 real, 9 MB, 57.16 load
[runlim] sample:		953.98 time, 960.01 real, 9 MB, 57.06 load
[runlim] sample:		963.92 time, 970.01 real, 9 MB, 56.90 load
[runlim] sample:		973.86 time, 980.01 real, 9 MB, 56.60 load
[runlim] sample:		983.79 time, 990.01 real, 9 MB, 56.36 load
[runlim] sample:		993.73 time, 1000.01 real, 9 MB, 56.23 load
[runlim] sample:		1003.66 time, 1010.01 real, 9 MB, 56.04 load
[runlim] sample:		1013.60 time, 1020.01 real, 9 MB, 55.88 load
[runlim] sample:		1023.54 time, 1030.01 real, 9 MB, 55.74 load
[runlim] sample:		1033.48 time, 1040.01 real, 9 MB, 55.70 load
[runlim] sample:		1043.41 time, 1050.01 real, 9 MB, 55.59 load
[runlim] sample:		1053.35 time, 1060.01 real, 9 MB, 55.58 load
[runlim] sample:		1063.29 time, 1070.01 real, 9 MB, 55.49 load
[runlim] sample:		1073.23 time, 1080.01 real, 9 MB, 55.42 load
[runlim] sample:		1083.16 time, 1090.01 real, 9 MB, 55.20 load
[runlim] sample:		1093.10 time, 1100.01 real, 9 MB, 55.01 load
[runlim] sample:		1103.04 time, 1110.01 real, 9 MB, 54.86 load
[runlim] sample:		1112.98 time, 1120.01 real, 9 MB, 54.73 load
[runlim] sample:		1122.92 time, 1130.01 real, 9 MB, 54.61 load
[runlim] sample:		1132.86 time, 1140.01 real, 9 MB, 54.59 load
[runlim] sample:		1142.80 time, 1150.01 real, 9 MB, 54.58 load
[runlim] sample:		1152.73 time, 1160.01 real, 9 MB, 54.49 load
[runlim] sample:		1162.67 time, 1170.01 real, 9 MB, 54.33 load
[runlim] sample:		1172.61 time, 1180.01 real, 9 MB, 54.13 load
[runlim] sample:		1182.55 time, 1190.01 real, 9 MB, 53.95 load
[runlim] sample:		1192.49 time, 1200.01 real, 9 MB, 53.96 load
[runlim] sample:		1202.42 time, 1210.01 real, 9 MB, 53.81 load
[runlim] sample:		1212.36 time, 1220.01 real, 9 MB, 53.77 load
[runlim] sample:		1222.30 time, 1230.01 real, 9 MB, 53.65 load
[runlim] sample:		1232.23 time, 1240.01 real, 9 MB, 53.55 load
[runlim] sample:		1242.17 time, 1250.01 real, 9 MB, 53.46 load
[runlim] sample:		1252.11 time, 1260.01 real, 9 MB, 53.61 load
[runlim] sample:		1262.05 time, 1270.01 real, 9 MB, 53.52 load
[runlim] sample:		1271.99 time, 1280.01 real, 9 MB, 53.52 load
[runlim] sample:		1281.92 time, 1290.01 real, 9 MB, 53.44 load
[runlim] sample:		1291.86 time, 1300.01 real, 9 MB, 53.45 load
[runlim] sample:		1301.80 time, 1310.01 real, 9 MB, 53.38 load
[runlim] sample:		1311.74 time, 1320.01 real, 9 MB, 53.40 load
[runlim] sample:		1321.68 time, 1330.01 real, 9 MB, 53.42 load
[runlim] sample:		1331.61 time, 1340.01 real, 9 MB, 53.44 load
[runlim] sample:		1341.55 time, 1350.01 real, 9 MB, 53.37 load
[runlim] sample:		1351.49 time, 1360.01 real, 9 MB, 53.31 load
[runlim] sample:		1361.43 time, 1370.01 real, 9 MB, 53.26 load
[runlim] sample:		1371.37 time, 1380.01 real, 9 MB, 53.22 load
[runlim] sample:		1381.31 time, 1390.01 real, 9 MB, 53.35 load
[runlim] sample:		1391.25 time, 1400.01 real, 9 MB, 53.37 load
[runlim] sample:		1401.19 time, 1410.01 real, 9 MB, 53.32 load
[runlim] sample:		1411.13 time, 1420.01 real, 9 MB, 53.27 load
[runlim] sample:		1421.07 time, 1430.01 real, 9 MB, 53.23 load
[runlim] sample:		1431.01 time, 1440.01 real, 9 MB, 53.27 load
[runlim] sample:		1440.95 time, 1450.01 real, 9 MB, 53.39 load
[runlim] sample:		1450.89 time, 1460.01 real, 9 MB, 53.41 load
[runlim] sample:		1460.84 time, 1470.01 real, 9 MB, 53.35 load
[runlim] sample:		1470.78 time, 1480.01 real, 9 MB, 53.37 load
[runlim] sample:		1480.72 time, 1490.01 real, 9 MB, 53.46 load
[runlim] sample:		1490.66 time, 1500.01 real, 9 MB, 53.39 load
[runlim] sample:		1500.61 time, 1510.01 real, 9 MB, 53.49 load
[runlim] sample:		1510.55 time, 1520.01 real, 9 MB, 53.41 load
[runlim] sample:		1520.49 time, 1530.01 real, 9 MB, 53.35 load
[runlim] sample:		1530.43 time, 1540.01 real, 9 MB, 53.29 load
[runlim] sample:		1540.37 time, 1550.01 real, 9 MB, 53.25 load
[runlim] sample:		1550.31 time, 1560.01 real, 9 MB, 53.21 load
[runlim] sample:		1560.25 time, 1570.01 real, 9 MB, 53.26 load
[runlim] sample:		1570.19 time, 1580.01 real, 9 MB, 53.22 load
[runlim] sample:		1580.14 time, 1590.01 real, 9 MB, 53.18 load
[runlim] sample:		1590.08 time, 1600.01 real, 9 MB, 53.15 load
[runlim] sample:		1600.02 time, 1610.01 real, 9 MB, 53.13 load
[runlim] sample:		1609.96 time, 1620.01 real, 11 MB, 53.11 load
[runlim] sample:		1619.90 time, 1630.01 real, 11 MB, 53.09 load
[runlim] sample:		1629.84 time, 1640.01 real, 11 MB, 53.08 load
[runlim] sample:		1639.78 time, 1650.01 real, 11 MB, 53.07 load
[runlim] sample:		1649.72 time, 1660.01 real, 11 MB, 53.06 load
[runlim] sample:		1659.66 time, 1670.01 real, 11 MB, 53.12 load
[runlim] sample:		1669.61 time, 1680.01 real, 11 MB, 53.10 load
[runlim] sample:		1679.55 time, 1690.01 real, 11 MB, 53.08 load
[runlim] sample:		1689.49 time, 1700.01 real, 11 MB, 53.07 load
[runlim] sample:		1699.43 time, 1710.01 real, 11 MB, 53.06 load
[runlim] sample:		1709.37 time, 1720.01 real, 11 MB, 53.05 load
[runlim] sample:		1719.31 time, 1730.01 real, 11 MB, 53.04 load
[runlim] sample:		1729.25 time, 1740.01 real, 11 MB, 53.04 load
[runlim] sample:		1739.19 time, 1750.01 real, 11 MB, 53.03 load
[runlim] sample:		1749.13 time, 1760.01 real, 11 MB, 53.02 load
[runlim] sample:		1759.07 time, 1770.01 real, 11 MB, 53.02 load
[runlim] sample:		1769.01 time, 1780.01 real, 11 MB, 53.02 load
[runlim] sample:		1778.95 time, 1790.01 real, 11 MB, 53.16 load
[runlim] sample:		1788.89 time, 1800.01 real, 11 MB, 53.14 load
[runlim] sample:		1798.83 time, 1810.01 real, 11 MB, 53.11 load
[runlim] sample:		1808.77 time, 1820.01 real, 11 MB, 53.10 load
[runlim] sample:		1818.72 time, 1830.01 real, 11 MB, 53.08 load
[runlim] sample:		1828.66 time, 1840.01 real, 11 MB, 53.07 load
[runlim] sample:		1838.60 time, 1850.01 real, 11 MB, 53.06 load
[runlim] sample:		1848.54 time, 1860.01 real, 11 MB, 53.05 load
[runlim] sample:		1858.48 time, 1870.01 real, 11 MB, 53.12 load
[runlim] sample:		1868.42 time, 1880.01 real, 11 MB, 53.10 load
[runlim] sample:		1878.36 time, 1890.01 real, 11 MB, 53.09 load
[runlim] sample:		1888.30 time, 1900.01 real, 11 MB, 53.07 load
[runlim] sample:		1898.24 time, 1910.01 real, 11 MB, 53.06 load
[runlim] sample:		1908.19 time, 1920.01 real, 11 MB, 53.05 load
[runlim] sample:		1918.13 time, 1930.01 real, 11 MB, 53.04 load
[runlim] sample:		1928.07 time, 1940.01 real, 11 MB, 53.11 load
[runlim] sample:		1938.01 time, 1950.01 real, 11 MB, 53.09 load
[runlim] sample:		1947.95 time, 1960.01 real, 11 MB, 53.08 load
[runlim] sample:		1957.89 time, 1970.01 real, 11 MB, 53.07 load
[runlim] sample:		1967.83 time, 1980.01 real, 11 MB, 53.06 load
[runlim] sample:		1977.78 time, 1990.01 real, 11 MB, 53.05 load
[runlim] sample:		1987.72 time, 2000.01 real, 11 MB, 53.11 load
[runlim] sample:		1997.66 time, 2010.01 real, 11 MB, 53.09 load
[runlim] sample:		2007.60 time, 2020.01 real, 11 MB, 53.08 load
[runlim] sample:		2017.54 time, 2030.01 real, 11 MB, 53.07 load
[runlim] sample:		2027.48 time, 2040.01 real, 11 MB, 53.06 load
[runlim] sample:		2037.42 time, 2050.01 real, 11 MB, 53.05 load
[runlim] sample:		2047.36 time, 2060.01 real, 11 MB, 53.11 load
[runlim] sample:		2057.30 time, 2070.01 real, 11 MB, 53.10 load
[runlim] sample:		2067.25 time, 2080.01 real, 11 MB, 53.08 load
[runlim] sample:		2077.19 time, 2090.01 real, 11 MB, 53.07 load
[runlim] sample:		2087.13 time, 2100.01 real, 11 MB, 53.06 load
[runlim] sample:		2097.07 time, 2110.01 real, 11 MB, 53.13 load
[runlim] sample:		2107.01 time, 2120.01 real, 11 MB, 53.19 load
[runlim] sample:		2116.95 time, 2130.01 real, 11 MB, 53.16 load
[runlim] sample:		2126.89 time, 2140.01 real, 11 MB, 53.13 load
[runlim] sample:		2136.83 time, 2150.01 real, 11 MB, 53.11 load
[runlim] sample:		2146.77 time, 2160.01 real, 11 MB, 53.18 load
[runlim] sample:		2156.71 time, 2170.01 real, 11 MB, 53.22 load
[runlim] sample:		2166.65 time, 2180.01 real, 11 MB, 53.19 load
[runlim] sample:		2176.59 time, 2190.01 real, 11 MB, 53.31 load
[runlim] sample:		2186.53 time, 2200.01 real, 11 MB, 53.26 load
[runlim] sample:		2196.47 time, 2210.01 real, 11 MB, 53.22 load
[runlim] sample:		2206.42 time, 2220.01 real, 11 MB, 53.18 load
[runlim] sample:		2216.36 time, 2230.01 real, 11 MB, 53.16 load
[runlim] sample:		2226.30 time, 2240.01 real, 11 MB, 53.21 load
[runlim] sample:		2236.24 time, 2250.01 real, 11 MB, 53.33 load
[runlim] sample:		2246.18 time, 2260.01 real, 11 MB, 53.44 load
[runlim] sample:		2256.12 time, 2270.01 real, 11 MB, 53.67 load
[runlim] sample:		2266.06 time, 2280.01 real, 11 MB, 53.80 load
[runlim] sample:		2276.00 time, 2290.01 real, 11 MB, 53.83 load
[runlim] sample:		2285.94 time, 2300.01 real, 11 MB, 53.93 load
[runlim] sample:		2295.88 time, 2310.01 real, 11 MB, 54.01 load
[runlim] sample:		2305.82 time, 2320.01 real, 11 MB, 54.01 load
[runlim] sample:		2315.76 time, 2330.01 real, 11 MB, 54.54 load
[runlim] sample:		2325.70 time, 2340.01 real, 11 MB, 54.53 load
[runlim] sample:		2335.64 time, 2350.01 real, 11 MB, 54.29 load
[runlim] sample:		2345.58 time, 2360.01 real, 11 MB, 54.09 load
[runlim] sample:		2355.53 time, 2370.01 real, 11 MB, 53.93 load
[runlim] sample:		2365.47 time, 2380.01 real, 11 MB, 53.78 load
[runlim] sample:		2375.41 time, 2390.01 real, 11 MB, 53.66 load
[runlim] sample:		2385.35 time, 2400.01 real, 11 MB, 53.63 load
[runlim] sample:		2395.29 time, 2410.01 real, 11 MB, 53.54 load
[runlim] sample:		2405.23 time, 2420.01 real, 11 MB, 53.45 load
[runlim] sample:		2415.17 time, 2430.01 real, 11 MB, 53.38 load
[runlim] sample:		2425.11 time, 2440.01 real, 11 MB, 53.32 load
[runlim] sample:		2435.05 time, 2450.01 real, 11 MB, 53.43 load
[runlim] sample:		2444.99 time, 2460.01 real, 11 MB, 53.44 load
[runlim] sample:		2454.93 time, 2470.01 real, 11 MB, 53.37 load
[runlim] sample:		2464.87 time, 2480.01 real, 11 MB, 53.40 load
[runlim] sample:		2474.81 time, 2490.01 real, 11 MB, 53.33 load
[runlim] sample:		2484.75 time, 2500.01 real, 11 MB, 53.36 load
[runlim] sample:		2494.69 time, 2510.01 real, 11 MB, 53.31 load
[runlim] sample:		2504.63 time, 2520.01 real, 11 MB, 53.33 load
[runlim] sample:		2514.57 time, 2530.01 real, 13 MB, 53.28 load
[runlim] sample:		2524.52 time, 2540.01 real, 13 MB, 53.24 load
[runlim] sample:		2534.46 time, 2550.01 real, 13 MB, 53.20 load
[runlim] sample:		2544.40 time, 2560.01 real, 13 MB, 53.25 load
[runlim] sample:		2554.34 time, 2570.01 real, 13 MB, 53.21 load
[runlim] sample:		2564.28 time, 2580.01 real, 13 MB, 53.25 load
[runlim] sample:		2574.22 time, 2590.01 real, 13 MB, 53.21 load
[runlim] sample:		2584.16 time, 2600.01 real, 13 MB, 53.18 load
[runlim] sample:		2594.11 time, 2610.01 real, 13 MB, 53.15 load
[runlim] sample:		2604.05 time, 2620.01 real, 13 MB, 53.13 load
[runlim] sample:		2613.99 time, 2630.01 real, 13 MB, 53.11 load
[runlim] sample:		2623.93 time, 2640.01 real, 13 MB, 53.09 load
[runlim] sample:		2633.87 time, 2650.01 real, 13 MB, 53.08 load
[runlim] sample:		2643.81 time, 2660.01 real, 13 MB, 53.06 load
[runlim] sample:		2653.75 time, 2670.01 real, 13 MB, 53.13 load
[runlim] sample:		2663.69 time, 2680.01 real, 13 MB, 53.19 load
[runlim] sample:		2673.63 time, 2690.01 real, 13 MB, 53.16 load
[runlim] sample:		2683.57 time, 2700.01 real, 13 MB, 53.13 load
[runlim] sample:		2693.52 time, 2710.01 real, 13 MB, 53.11 load
[runlim] sample:		2703.46 time, 2720.01 real, 13 MB, 53.10 load
[runlim] sample:		2713.40 time, 2730.01 real, 13 MB, 53.08 load
[runlim] sample:		2723.34 time, 2740.01 real, 13 MB, 53.07 load
[runlim] sample:		2733.28 time, 2750.01 real, 13 MB, 53.06 load
[runlim] sample:		2743.22 time, 2760.01 real, 13 MB, 53.12 load
[runlim] sample:		2753.17 time, 2770.01 real, 13 MB, 53.10 load
[runlim] sample:		2763.11 time, 2780.01 real, 13 MB, 53.09 load
[runlim] sample:		2773.05 time, 2790.01 real, 13 MB, 53.07 load
[runlim] sample:		2782.99 time, 2800.01 real, 13 MB, 53.14 load
[runlim] sample:		2792.93 time, 2810.01 real, 13 MB, 53.19 load
[runlim] sample:		2802.87 time, 2820.01 real, 13 MB, 53.24 load
[runlim] sample:		2812.81 time, 2830.01 real, 13 MB, 53.20 load
[runlim] sample:		2822.76 time, 2840.01 real, 13 MB, 53.24 load
[runlim] sample:		2832.70 time, 2850.01 real, 13 MB, 53.21 load
[runlim] sample:		2842.64 time, 2860.01 real, 13 MB, 53.17 load
[runlim] sample:		2852.58 time, 2870.01 real, 13 MB, 53.15 load
[runlim] sample:		2862.52 time, 2880.01 real, 13 MB, 53.12 load
[runlim] sample:		2872.46 time, 2890.01 real, 13 MB, 53.10 load
[runlim] sample:		2882.40 time, 2900.01 real, 13 MB, 53.09 load
[runlim] sample:		2892.34 time, 2910.01 real, 13 MB, 53.07 load
[runlim] sample:		2902.29 time, 2920.01 real, 13 MB, 53.06 load
[runlim] sample:		2912.23 time, 2930.01 real, 13 MB, 53.05 load
[runlim] sample:		2922.17 time, 2940.01 real, 13 MB, 53.04 load
[runlim] sample:		2932.11 time, 2950.01 real, 13 MB, 53.04 load
[runlim] sample:		2942.05 time, 2960.01 real, 13 MB, 53.03 load
[runlim] sample:		2951.99 time, 2970.01 real, 13 MB, 53.02 load
[runlim] sample:		2961.94 time, 2980.01 real, 13 MB, 53.02 load
[runlim] sample:		2971.88 time, 2990.01 real, 13 MB, 53.10 load
[runlim] sample:		2981.81 time, 3000.01 real, 13 MB, 53.08 load
[runlim] sample:		2991.76 time, 3010.01 real, 13 MB, 53.23 load
[runlim] sample:		3001.69 time, 3020.01 real, 13 MB, 53.19 load
[runlim] sample:		3011.63 time, 3030.01 real, 13 MB, 53.16 load
[runlim] sample:		3021.58 time, 3040.01 real, 13 MB, 53.14 load
[runlim] sample:		3031.51 time, 3050.01 real, 13 MB, 53.12 load
[runlim] sample:		3041.45 time, 3060.01 real, 13 MB, 53.10 load
[runlim] sample:		3051.39 time, 3070.01 real, 13 MB, 53.08 load
[runlim] sample:		3061.33 time, 3080.01 real, 13 MB, 53.07 load
[runlim] sample:		3071.28 time, 3090.01 real, 13 MB, 53.06 load
[runlim] sample:		3081.22 time, 3100.01 real, 13 MB, 53.05 load
[runlim] sample:		3091.16 time, 3110.01 real, 13 MB, 53.04 load
[runlim] sample:		3101.10 time, 3120.01 real, 13 MB, 53.27 load
[runlim] sample:		3111.04 time, 3130.01 real, 13 MB, 53.23 load
[runlim] sample:		3120.98 time, 3140.01 real, 13 MB, 53.20 load
[runlim] sample:		3130.92 time, 3150.01 real, 13 MB, 53.16 load
[runlim] sample:		3140.86 time, 3160.01 real, 13 MB, 53.21 load
[runlim] sample:		3150.80 time, 3170.01 real, 13 MB, 53.25 load
[runlim] sample:		3160.74 time, 3180.01 real, 13 MB, 53.29 load
[runlim] sample:		3170.68 time, 3190.01 real, 13 MB, 53.24 load
[runlim] sample:		3180.62 time, 3200.01 real, 13 MB, 53.21 load
[runlim] sample:		3190.56 time, 3210.01 real, 13 MB, 53.17 load
[runlim] sample:		3200.50 time, 3220.01 real, 13 MB, 53.15 load
[runlim] sample:		3210.44 time, 3230.01 real, 13 MB, 53.12 load
[runlim] sample:		3220.38 time, 3240.01 real, 13 MB, 53.10 load
[runlim] sample:		3230.33 time, 3250.01 real, 13 MB, 53.09 load
[runlim] sample:		3240.27 time, 3260.01 real, 13 MB, 53.07 load
[runlim] sample:		3250.21 time, 3270.01 real, 13 MB, 53.06 load
[runlim] sample:		3260.15 time, 3280.01 real, 13 MB, 53.05 load
[runlim] sample:		3270.09 time, 3290.01 real, 13 MB, 53.19 load
[runlim] sample:		3280.03 time, 3300.01 real, 13 MB, 53.24 load
[runlim] sample:		3289.97 time, 3310.01 real, 13 MB, 53.20 load
[runlim] sample:		3299.91 time, 3320.01 real, 13 MB, 53.25 load
[runlim] sample:		3309.85 time, 3330.01 real, 13 MB, 53.21 load
[runlim] sample:		3319.79 time, 3340.01 real, 13 MB, 53.18 load
[runlim] sample:		3329.74 time, 3350.01 real, 13 MB, 53.15 load
[runlim] sample:		3339.67 time, 3360.01 real, 13 MB, 53.21 load
[runlim] sample:		3349.62 time, 3370.01 real, 13 MB, 53.18 load
[runlim] sample:		3359.56 time, 3380.01 real, 13 MB, 53.15 load
[runlim] sample:		3369.50 time, 3390.01 real, 13 MB, 53.12 load
[runlim] sample:		3379.44 time, 3400.01 real, 13 MB, 53.11 load
[runlim] sample:		3389.38 time, 3410.01 real, 13 MB, 53.09 load
[runlim] sample:		3399.32 time, 3420.01 real, 13 MB, 53.07 load
[runlim] sample:		3409.26 time, 3430.01 real, 13 MB, 53.06 load
[runlim] sample:		3419.20 time, 3440.01 real, 13 MB, 53.45 load
[runlim] sample:		3429.14 time, 3450.01 real, 13 MB, 53.38 load
[runlim] sample:		3439.09 time, 3460.01 real, 13 MB, 53.32 load
[runlim] sample:		3449.03 time, 3470.01 real, 13 MB, 53.27 load
[runlim] sample:		3458.97 time, 3480.01 real, 13 MB, 53.23 load
[runlim] sample:		3468.91 time, 3490.01 real, 13 MB, 53.20 load
[runlim] sample:		3478.85 time, 3500.01 real, 13 MB, 53.25 load
[runlim] sample:		3488.79 time, 3510.01 real, 13 MB, 53.29 load
[runlim] sample:		3498.73 time, 3520.01 real, 13 MB, 53.24 load
[runlim] sample:		3508.67 time, 3530.01 real, 13 MB, 53.20 load
[runlim] sample:		3518.61 time, 3540.01 real, 13 MB, 53.17 load
[runlim] sample:		3528.56 time, 3550.01 real, 13 MB, 53.15 load
[runlim] sample:		3538.50 time, 3560.01 real, 13 MB, 53.20 load
[runlim] sample:		3548.44 time, 3570.01 real, 13 MB, 53.17 load
[runlim] sample:		3558.38 time, 3580.01 real, 13 MB, 53.22 load
[runlim] sample:		3568.32 time, 3590.01 real, 13 MB, 53.18 load
[runlim] sample:		3578.26 time, 3600.01 real, 13 MB, 53.24 load
[runlim] sample:		3588.20 time, 3610.01 real, 13 MB, 53.20 load
[runlim] sample:		3598.14 time, 3620.01 real, 13 MB, 53.18 load
[runlim] sample:		3608.08 time, 3630.01 real, 13 MB, 53.16 load
[runlim] sample:		3618.02 time, 3640.01 real, 13 MB, 53.13 load
[runlim] sample:		3627.96 time, 3650.01 real, 13 MB, 53.11 load
[runlim] sample:		3637.90 time, 3660.01 real, 13 MB, 53.09 load
[runlim] sample:		3647.84 time, 3670.01 real, 13 MB, 53.16 load
[runlim] sample:		3657.78 time, 3680.01 real, 13 MB, 53.13 load
[runlim] sample:		3667.73 time, 3690.01 real, 13 MB, 53.11 load
[runlim] sample:		3677.67 time, 3700.01 real, 13 MB, 53.18 load
[runlim] sample:		3687.61 time, 3710.01 real, 13 MB, 53.15 load
[runlim] sample:		3697.55 time, 3720.01 real, 13 MB, 53.12 load
[runlim] sample:		3707.49 time, 3730.01 real, 13 MB, 53.19 load
[runlim] sample:		3717.43 time, 3740.01 real, 13 MB, 53.16 load
[runlim] sample:		3727.37 time, 3750.01 real, 13 MB, 53.13 load
[runlim] sample:		3737.31 time, 3760.01 real, 13 MB, 53.19 load
[runlim] sample:		3747.25 time, 3770.01 real, 13 MB, 53.48 load
[runlim] sample:		3757.20 time, 3780.01 real, 13 MB, 53.41 load
[runlim] sample:		3767.14 time, 3790.01 real, 13 MB, 53.35 load
[runlim] sample:		3777.08 time, 3800.01 real, 13 MB, 53.29 load
[runlim] sample:		3787.02 time, 3810.01 real, 13 MB, 53.25 load
[runlim] sample:		3796.95 time, 3820.01 real, 13 MB, 53.29 load
[runlim] sample:		3806.89 time, 3830.01 real, 13 MB, 53.24 load
[runlim] sample:		3816.83 time, 3840.01 real, 13 MB, 53.21 load
[runlim] sample:		3826.77 time, 3850.01 real, 13 MB, 53.17 load
[runlim] sample:		3836.71 time, 3860.01 real, 13 MB, 53.15 load
[runlim] sample:		3846.66 time, 3870.01 real, 13 MB, 53.12 load
[runlim] sample:		3856.59 time, 3880.01 real, 13 MB, 53.10 load
[runlim] sample:		3866.53 time, 3890.01 real, 13 MB, 53.17 load
[runlim] sample:		3876.48 time, 3900.01 real, 13 MB, 53.22 load
[runlim] sample:		3886.42 time, 3910.01 real, 13 MB, 53.27 load
[runlim] sample:		3896.36 time, 3920.01 real, 13 MB, 53.23 load
[runlim] sample:		3906.30 time, 3930.01 real, 13 MB, 53.19 load
[runlim] sample:		3916.24 time, 3940.01 real, 13 MB, 53.16 load
[runlim] sample:		3926.18 time, 3950.01 real, 13 MB, 53.14 load
[runlim] sample:		3936.12 time, 3960.01 real, 13 MB, 53.11 load
[runlim] sample:		3946.05 time, 3970.01 real, 13 MB, 53.17 load
[runlim] sample:		3955.99 time, 3980.01 real, 13 MB, 53.14 load
[runlim] sample:		3965.93 time, 3990.01 real, 13 MB, 53.12 load
[runlim] sample:		3975.87 time, 4000.01 real, 13 MB, 53.10 load
[runlim] sample:		3985.81 time, 4010.01 real, 13 MB, 53.09 load
[runlim] sample:		3995.74 time, 4020.01 real, 14 MB, 53.07 load
[runlim] sample:		4005.68 time, 4030.01 real, 14 MB, 53.06 load
[runlim] sample:		4015.62 time, 4040.01 real, 14 MB, 53.05 load
[runlim] sample:		4025.56 time, 4050.01 real, 14 MB, 53.20 load
[runlim] sample:		4035.50 time, 4060.01 real, 14 MB, 53.17 load
[runlim] sample:		4045.44 time, 4070.01 real, 14 MB, 53.14 load
[runlim] sample:		4055.38 time, 4080.01 real, 14 MB, 53.12 load
[runlim] sample:		4065.32 time, 4090.01 real, 14 MB, 53.10 load
[runlim] sample:		4075.26 time, 4100.01 real, 14 MB, 53.09 load
[runlim] sample:		4085.20 time, 4110.01 real, 14 MB, 53.07 load
[runlim] sample:		4095.14 time, 4120.01 real, 14 MB, 53.14 load
[runlim] sample:		4105.08 time, 4130.01 real, 14 MB, 53.12 load
[runlim] sample:		4115.02 time, 4140.01 real, 14 MB, 53.10 load
[runlim] sample:		4124.96 time, 4150.01 real, 14 MB, 53.08 load
[runlim] sample:		4134.90 time, 4160.01 real, 14 MB, 53.07 load
[runlim] sample:		4144.84 time, 4170.01 real, 14 MB, 53.14 load
[runlim] sample:		4154.78 time, 4180.01 real, 14 MB, 53.12 load
[runlim] sample:		4164.72 time, 4190.01 real, 14 MB, 53.10 load
[runlim] sample:		4174.66 time, 4200.01 real, 14 MB, 53.08 load
[runlim] sample:		4184.60 time, 4210.01 real, 14 MB, 53.07 load
[runlim] sample:		4194.54 time, 4220.01 real, 14 MB, 53.06 load
[runlim] sample:		4204.48 time, 4230.01 real, 14 MB, 53.05 load
[runlim] sample:		4214.42 time, 4240.01 real, 14 MB, 53.04 load
[runlim] sample:		4224.36 time, 4250.01 real, 14 MB, 53.18 load
[runlim] sample:		4234.30 time, 4260.01 real, 14 MB, 53.15 load
[runlim] sample:		4244.24 time, 4270.01 real, 14 MB, 53.13 load
[runlim] sample:		4254.18 time, 4280.01 real, 14 MB, 53.11 load
[runlim] sample:		4264.12 time, 4290.01 real, 14 MB, 53.09 load
[runlim] sample:		4274.06 time, 4300.01 real, 14 MB, 53.08 load
[runlim] sample:		4284.00 time, 4310.01 real, 14 MB, 53.30 load
[runlim] sample:		4293.94 time, 4320.01 real, 14 MB, 53.25 load
[runlim] sample:		4303.88 time, 4330.01 real, 14 MB, 53.21 load
[runlim] sample:		4313.82 time, 4340.01 real, 14 MB, 53.25 load
[runlim] sample:		4323.76 time, 4350.01 real, 14 MB, 53.21 load
[runlim] sample:		4333.70 time, 4360.01 real, 14 MB, 53.18 load
[runlim] sample:		4343.64 time, 4370.01 real, 14 MB, 53.15 load
[runlim] sample:		4353.58 time, 4380.01 real, 14 MB, 53.13 load
[runlim] sample:		4363.52 time, 4390.01 real, 14 MB, 53.11 load
[runlim] sample:		4373.46 time, 4400.01 real, 14 MB, 53.17 load
[runlim] sample:		4383.41 time, 4410.01 real, 14 MB, 53.14 load
[runlim] sample:		4393.35 time, 4420.01 real, 14 MB, 53.12 load
[runlim] sample:		4403.29 time, 4430.01 real, 14 MB, 53.18 load
[runlim] sample:		4413.23 time, 4440.01 real, 14 MB, 53.15 load
[runlim] sample:		4423.17 time, 4450.01 real, 14 MB, 53.13 load
[runlim] sample:		4433.11 time, 4460.01 real, 14 MB, 53.11 load
[runlim] sample:		4443.05 time, 4470.01 real, 14 MB, 53.09 load
[runlim] sample:		4452.99 time, 4480.01 real, 14 MB, 53.08 load
[runlim] sample:		4462.93 time, 4490.01 real, 14 MB, 53.14 load
[runlim] sample:		4472.88 time, 4500.01 real, 14 MB, 53.12 load
[runlim] sample:		4482.82 time, 4510.01 real, 14 MB, 53.10 load
[runlim] sample:		4492.76 time, 4520.01 real, 14 MB, 53.08 load
[runlim] sample:		4502.70 time, 4530.01 real, 14 MB, 53.07 load
[runlim] sample:		4512.64 time, 4540.01 real, 14 MB, 53.06 load
[runlim] sample:		4522.58 time, 4550.01 real, 14 MB, 53.12 load
[runlim] sample:		4532.52 time, 4560.01 real, 14 MB, 53.10 load
[runlim] sample:		4542.46 time, 4570.01 real, 14 MB, 53.09 load
[runlim] sample:		4552.40 time, 4580.01 real, 14 MB, 53.07 load
[runlim] sample:		4562.34 time, 4590.01 real, 14 MB, 53.06 load
[runlim] sample:		4572.29 time, 4600.01 real, 14 MB, 53.05 load
[runlim] sample:		4582.22 time, 4610.01 real, 14 MB, 53.19 load
[runlim] sample:		4592.17 time, 4620.01 real, 14 MB, 53.16 load
[runlim] sample:		4602.11 time, 4630.01 real, 14 MB, 53.14 load
[runlim] sample:		4612.05 time, 4640.01 real, 14 MB, 53.11 load
[runlim] sample:		4621.99 time, 4650.01 real, 14 MB, 53.10 load
[runlim] sample:		4631.93 time, 4660.01 real, 14 MB, 53.08 load
[runlim] sample:		4641.87 time, 4670.01 real, 14 MB, 53.22 load
[runlim] sample:		4651.81 time, 4680.01 real, 14 MB, 53.19 load
[runlim] sample:		4661.75 time, 4690.01 real, 14 MB, 53.16 load
[runlim] sample:		4671.70 time, 4700.01 real, 14 MB, 53.13 load
[runlim] sample:		4681.64 time, 4710.01 real, 14 MB, 53.11 load
[runlim] sample:		4691.58 time, 4720.01 real, 14 MB, 53.10 load
[runlim] sample:		4701.52 time, 4730.01 real, 14 MB, 53.15 load
[runlim] sample:		4711.46 time, 4740.01 real, 14 MB, 53.13 load
[runlim] sample:		4721.40 time, 4750.01 real, 14 MB, 53.11 load
[runlim] sample:		4731.34 time, 4760.01 real, 14 MB, 53.09 load
[runlim] sample:		4741.29 time, 4770.01 real, 14 MB, 53.16 load
[runlim] sample:		4751.23 time, 4780.01 real, 14 MB, 53.13 load
[runlim] sample:		4761.17 time, 4790.01 real, 14 MB, 53.35 load
[runlim] sample:		4771.11 time, 4800.01 real, 14 MB, 53.29 load
[runlim] sample:		4781.05 time, 4810.01 real, 14 MB, 53.25 load
[runlim] sample:		4790.99 time, 4820.01 real, 14 MB, 53.36 load
[runlim] sample:		4800.94 time, 4830.01 real, 14 MB, 53.30 load
[runlim] sample:		4810.88 time, 4840.01 real, 14 MB, 53.25 load
[runlim] sample:		4820.82 time, 4850.01 real, 14 MB, 53.36 load
[runlim] sample:		4830.76 time, 4860.01 real, 14 MB, 53.31 load
[runlim] sample:		4840.70 time, 4870.01 real, 14 MB, 53.26 load
[runlim] sample:		4850.64 time, 4880.01 real, 14 MB, 53.30 load
[runlim] sample:		4860.59 time, 4890.01 real, 14 MB, 53.25 load
[runlim] sample:		4870.53 time, 4900.01 real, 14 MB, 53.21 load
[runlim] sample:		4880.47 time, 4910.01 real, 14 MB, 53.25 load
[runlim] sample:		4890.41 time, 4920.01 real, 14 MB, 53.29 load
[runlim] sample:		4900.36 time, 4930.01 real, 14 MB, 53.24 load
[runlim] sample:		4910.30 time, 4940.01 real, 14 MB, 53.21 load
[runlim] sample:		4920.24 time, 4950.01 real, 14 MB, 53.17 load
[runlim] sample:		4930.18 time, 4960.01 real, 14 MB, 53.15 load
[runlim] sample:		4940.12 time, 4970.01 real, 14 MB, 53.20 load
[runlim] sample:		4950.06 time, 4980.01 real, 14 MB, 53.25 load
[runlim] sample:		4960.01 time, 4990.01 real, 14 MB, 53.28 load
[runlim] sample:		4969.95 time, 5000.01 real, 14 MB, 53.24 load
[runlim] end:			Thu Apr  9 23:03:36 2026
[runlim] status:		out of time
[runlim] result:		2
[runlim] children:		1
[runlim] processes:		2
[runlim] real:			5000.05 seconds
[runlim] time:			4969.95 seconds
[runlim] space:			14 MB
[runlim] load:			59.35 maximum
[runlim] samples:		50000
