[runlim] version:		2.0.0rc1
[runlim] host:			m05n05
[runlim] time limit:		311040000 seconds
[runlim] real time limit:	5000 seconds
[runlim] space limit:		7000 MB
[runlim] argv[0]:		./binary
[runlim] argv[1]:		-c
[runlim] argv[2]:		/tmp/local-unzipped-12459997-1-44-mc2025_track1_011.cnf
[runlim] start:			Thu Apr  9 21:40:57 2026
[runlim] child:			3792191
[runlim] sample:		9.94 time, 10.01 real, 5 MB, 20.35 load
[runlim] sample:		19.88 time, 20.01 real, 5 MB, 25.92 load
[runlim] sample:		29.81 time, 30.01 real, 5 MB, 31.46 load
[runlim] sample:		39.75 time, 40.01 real, 5 MB, 36.08 load
[runlim] sample:		49.69 time, 50.01 real, 5 MB, 39.91 load
[runlim] sample:		59.63 time, 60.01 real, 5 MB, 43.15 load
[runlim] sample:		69.57 time, 70.01 real, 5 MB, 46.04 load
[runlim] sample:		79.52 time, 80.01 real, 5 MB, 48.58 load
[runlim] sample:		89.46 time, 90.01 real, 5 MB, 50.65 load
[runlim] sample:		99.40 time, 100.01 real, 5 MB, 52.32 load
[runlim] sample:		109.34 time, 110.01 real, 5 MB, 53.66 load
[runlim] sample:		119.29 time, 120.01 real, 5 MB, 54.79 load
[runlim] sample:		129.22 time, 130.01 real, 5 MB, 55.89 load
[runlim] sample:		139.16 time, 140.01 real, 5 MB, 56.68 load
[runlim] sample:		149.09 time, 150.01 real, 5 MB, 57.43 load
[runlim] sample:		159.03 time, 160.01 real, 5 MB, 57.98 load
[runlim] sample:		168.96 time, 170.01 real, 5 MB, 58.44 load
[runlim] sample:		178.90 time, 180.01 real, 5 MB, 58.75 load
[runlim] sample:		188.83 time, 190.01 real, 5 MB, 59.02 load
[runlim] sample:		198.77 time, 200.01 real, 5 MB, 59.09 load
[runlim] sample:		208.71 time, 210.01 real, 5 MB, 59.16 load
[runlim] sample:		218.65 time, 220.01 real, 5 MB, 59.13 load
[runlim] sample:		228.59 time, 230.01 real, 5 MB, 59.11 load
[runlim] sample:		238.53 time, 240.01 real, 5 MB, 59.09 load
[runlim] sample:		248.47 time, 250.01 real, 5 MB, 59.31 load
[runlim] sample:		258.41 time, 260.01 real, 5 MB, 59.26 load
[runlim] sample:		268.35 time, 270.01 real, 5 MB, 59.30 load
[runlim] sample:		278.29 time, 280.01 real, 5 MB, 59.25 load
[runlim] sample:		288.23 time, 290.01 real, 5 MB, 59.29 load
[runlim] sample:		298.18 time, 300.01 real, 5 MB, 59.32 load
[runlim] sample:		308.12 time, 310.01 real, 5 MB, 59.12 load
[runlim] sample:		318.06 time, 320.01 real, 5 MB, 58.95 load
[runlim] sample:		328.00 time, 330.01 real, 5 MB, 58.88 load
[runlim] sample:		337.94 time, 340.01 real, 5 MB, 58.90 load
[runlim] sample:		347.88 time, 350.01 real, 5 MB, 58.76 load
[runlim] sample:		357.82 time, 360.01 real, 5 MB, 58.79 load
[runlim] sample:		367.76 time, 370.01 real, 5 MB, 58.67 load
[runlim] sample:		377.70 time, 380.01 real, 5 MB, 58.64 load
[runlim] sample:		387.64 time, 390.01 real, 5 MB, 58.54 load
[runlim] sample:		397.58 time, 400.01 real, 5 MB, 58.46 load
[runlim] sample:		407.52 time, 410.01 real, 5 MB, 58.23 load
[runlim] sample:		417.46 time, 420.01 real, 5 MB, 58.04 load
[runlim] sample:		427.40 time, 430.01 real, 5 MB, 57.96 load
[runlim] sample:		437.34 time, 440.01 real, 5 MB, 57.81 load
[runlim] sample:		447.27 time, 450.01 real, 5 MB, 57.76 load
[runlim] sample:		457.21 time, 460.01 real, 5 MB, 57.64 load
[runlim] sample:		467.15 time, 470.01 real, 5 MB, 57.54 load
[runlim] sample:		477.09 time, 480.01 real, 5 MB, 57.54 load
[runlim] sample:		487.03 time, 490.01 real, 5 MB, 57.45 load
[runlim] sample:		496.97 time, 500.01 real, 5 MB, 57.38 load
[runlim] sample:		506.91 time, 510.01 real, 5 MB, 57.41 load
[runlim] sample:		516.85 time, 520.01 real, 5 MB, 57.34 load
[runlim] sample:		526.79 time, 530.01 real, 5 MB, 57.36 load
[runlim] sample:		536.73 time, 540.01 real, 5 MB, 57.31 load
[runlim] sample:		546.67 time, 550.01 real, 5 MB, 57.26 load
[runlim] sample:		556.61 time, 560.01 real, 5 MB, 57.22 load
[runlim] sample:		566.55 time, 570.01 real, 5 MB, 57.18 load
[runlim] sample:		576.49 time, 580.01 real, 5 MB, 57.16 load
[runlim] sample:		586.43 time, 590.01 real, 5 MB, 57.21 load
[runlim] sample:		596.36 time, 600.01 real, 5 MB, 57.18 load
[runlim] sample:		606.30 time, 610.01 real, 5 MB, 57.23 load
[runlim] sample:		616.24 time, 620.01 real, 5 MB, 57.20 load
[runlim] sample:		626.18 time, 630.01 real, 5 MB, 57.24 load
[runlim] sample:		636.12 time, 640.01 real, 5 MB, 57.20 load
[runlim] sample:		646.06 time, 650.01 real, 5 MB, 57.17 load
[runlim] sample:		656.00 time, 660.01 real, 5 MB, 57.14 load
[runlim] sample:		665.94 time, 670.01 real, 5 MB, 57.12 load
[runlim] sample:		675.88 time, 680.01 real, 5 MB, 57.10 load
[runlim] sample:		685.82 time, 690.01 real, 5 MB, 57.09 load
[runlim] sample:		695.76 time, 700.01 real, 5 MB, 57.07 load
[runlim] sample:		705.69 time, 710.01 real, 5 MB, 57.14 load
[runlim] sample:		715.63 time, 720.01 real, 5 MB, 57.12 load
[runlim] sample:		725.57 time, 730.01 real, 5 MB, 57.25 load
[runlim] sample:		735.51 time, 740.01 real, 5 MB, 57.21 load
[runlim] sample:		745.44 time, 750.01 real, 5 MB, 57.18 load
[runlim] sample:		755.38 time, 760.01 real, 5 MB, 57.15 load
[runlim] sample:		765.32 time, 770.01 real, 5 MB, 57.21 load
[runlim] sample:		775.26 time, 780.01 real, 5 MB, 57.17 load
[runlim] sample:		785.19 time, 790.01 real, 5 MB, 57.30 load
[runlim] sample:		795.13 time, 800.01 real, 5 MB, 57.34 load
[runlim] sample:		805.07 time, 810.01 real, 5 MB, 57.28 load
[runlim] sample:		815.01 time, 820.01 real, 5 MB, 57.40 load
[runlim] sample:		824.94 time, 830.01 real, 5 MB, 57.34 load
[runlim] sample:		834.88 time, 840.01 real, 5 MB, 57.37 load
[runlim] sample:		844.82 time, 850.01 real, 5 MB, 57.31 load
[runlim] sample:		854.76 time, 860.01 real, 5 MB, 57.42 load
[runlim] sample:		864.69 time, 870.01 real, 5 MB, 57.36 load
[runlim] sample:		874.63 time, 880.01 real, 5 MB, 57.30 load
[runlim] sample:		884.57 time, 890.01 real, 5 MB, 57.25 load
[runlim] sample:		894.51 time, 900.01 real, 5 MB, 57.37 load
[runlim] sample:		904.44 time, 910.01 real, 5 MB, 57.16 load
[runlim] sample:		914.37 time, 920.01 real, 5 MB, 57.06 load
[runlim] sample:		924.31 time, 930.01 real, 5 MB, 56.90 load
[runlim] sample:		934.25 time, 940.01 real, 5 MB, 56.60 load
[runlim] sample:		944.18 time, 950.01 real, 5 MB, 56.36 load
[runlim] sample:		954.12 time, 960.01 real, 5 MB, 56.23 load
[runlim] sample:		964.06 time, 970.01 real, 5 MB, 56.04 load
[runlim] sample:		974.00 time, 980.01 real, 5 MB, 55.88 load
[runlim] sample:		983.93 time, 990.01 real, 5 MB, 55.74 load
[runlim] sample:		993.87 time, 1000.01 real, 5 MB, 55.70 load
[runlim] sample:		1003.81 time, 1010.01 real, 5 MB, 55.59 load
[runlim] sample:		1013.75 time, 1020.01 real, 5 MB, 55.58 load
[runlim] sample:		1023.68 time, 1030.01 real, 5 MB, 55.49 load
[runlim] sample:		1033.62 time, 1040.01 real, 5 MB, 55.42 load
[runlim] sample:		1043.56 time, 1050.01 real, 5 MB, 55.20 load
[runlim] sample:		1053.50 time, 1060.01 real, 5 MB, 55.01 load
[runlim] sample:		1063.44 time, 1070.01 real, 5 MB, 54.86 load
[runlim] sample:		1073.38 time, 1080.01 real, 5 MB, 54.73 load
[runlim] sample:		1083.32 time, 1090.01 real, 5 MB, 54.61 load
[runlim] sample:		1093.26 time, 1100.01 real, 5 MB, 54.59 load
[runlim] sample:		1103.19 time, 1110.01 real, 5 MB, 54.58 load
[runlim] sample:		1113.13 time, 1120.01 real, 5 MB, 54.49 load
[runlim] sample:		1123.07 time, 1130.01 real, 5 MB, 54.33 load
[runlim] sample:		1133.01 time, 1140.01 real, 5 MB, 54.13 load
[runlim] sample:		1142.95 time, 1150.01 real, 5 MB, 53.95 load
[runlim] sample:		1152.88 time, 1160.01 real, 5 MB, 53.96 load
[runlim] sample:		1162.82 time, 1170.01 real, 5 MB, 53.81 load
[runlim] sample:		1172.76 time, 1180.01 real, 5 MB, 53.77 load
[runlim] sample:		1182.70 time, 1190.01 real, 5 MB, 53.65 load
[runlim] sample:		1192.63 time, 1200.01 real, 5 MB, 53.55 load
[runlim] sample:		1202.57 time, 1210.01 real, 5 MB, 53.46 load
[runlim] sample:		1212.51 time, 1220.01 real, 5 MB, 53.61 load
[runlim] sample:		1222.45 time, 1230.01 real, 5 MB, 53.52 load
[runlim] sample:		1232.39 time, 1240.01 real, 5 MB, 53.52 load
[runlim] sample:		1242.33 time, 1250.01 real, 5 MB, 53.44 load
[runlim] sample:		1252.26 time, 1260.01 real, 5 MB, 53.45 load
[runlim] sample:		1262.20 time, 1270.01 real, 5 MB, 53.38 load
[runlim] sample:		1272.14 time, 1280.01 real, 5 MB, 53.40 load
[runlim] sample:		1282.08 time, 1290.01 real, 5 MB, 53.42 load
[runlim] sample:		1292.02 time, 1300.01 real, 5 MB, 53.44 load
[runlim] sample:		1301.96 time, 1310.01 real, 5 MB, 53.37 load
[runlim] sample:		1311.90 time, 1320.01 real, 5 MB, 53.31 load
[runlim] sample:		1321.83 time, 1330.01 real, 5 MB, 53.26 load
[runlim] sample:		1331.77 time, 1340.01 real, 5 MB, 53.22 load
[runlim] sample:		1341.71 time, 1350.01 real, 5 MB, 53.35 load
[runlim] sample:		1351.65 time, 1360.01 real, 5 MB, 53.37 load
[runlim] sample:		1361.59 time, 1370.01 real, 5 MB, 53.32 load
[runlim] sample:		1371.53 time, 1380.01 real, 5 MB, 53.27 load
[runlim] sample:		1381.47 time, 1390.01 real, 5 MB, 53.23 load
[runlim] sample:		1391.41 time, 1400.01 real, 5 MB, 53.27 load
[runlim] sample:		1401.35 time, 1410.01 real, 5 MB, 53.39 load
[runlim] sample:		1411.28 time, 1420.01 real, 5 MB, 53.41 load
[runlim] sample:		1421.22 time, 1430.01 real, 5 MB, 53.35 load
[runlim] sample:		1431.17 time, 1440.01 real, 5 MB, 53.37 load
[runlim] sample:		1441.10 time, 1450.01 real, 5 MB, 53.46 load
[runlim] sample:		1451.04 time, 1460.01 real, 5 MB, 53.39 load
[runlim] sample:		1460.98 time, 1470.01 real, 5 MB, 53.49 load
[runlim] sample:		1470.92 time, 1480.01 real, 5 MB, 53.41 load
[runlim] sample:		1480.86 time, 1490.01 real, 5 MB, 53.35 load
[runlim] sample:		1490.80 time, 1500.01 real, 5 MB, 53.29 load
[runlim] sample:		1500.74 time, 1510.01 real, 5 MB, 53.25 load
[runlim] sample:		1510.68 time, 1520.01 real, 5 MB, 53.21 load
[runlim] sample:		1520.62 time, 1530.01 real, 5 MB, 53.26 load
[runlim] sample:		1530.56 time, 1540.01 real, 5 MB, 53.22 load
[runlim] sample:		1540.50 time, 1550.01 real, 5 MB, 53.18 load
[runlim] sample:		1550.44 time, 1560.01 real, 5 MB, 53.15 load
[runlim] sample:		1560.38 time, 1570.01 real, 5 MB, 53.13 load
[runlim] sample:		1570.32 time, 1580.01 real, 5 MB, 53.11 load
[runlim] sample:		1580.26 time, 1590.01 real, 5 MB, 53.09 load
[runlim] sample:		1590.20 time, 1600.01 real, 5 MB, 53.08 load
[runlim] sample:		1600.14 time, 1610.01 real, 5 MB, 53.07 load
[runlim] sample:		1610.08 time, 1620.01 real, 5 MB, 53.06 load
[runlim] sample:		1620.02 time, 1630.01 real, 5 MB, 53.12 load
[runlim] sample:		1629.96 time, 1640.01 real, 5 MB, 53.10 load
[runlim] sample:		1639.90 time, 1650.01 real, 5 MB, 53.08 load
[runlim] sample:		1649.84 time, 1660.01 real, 5 MB, 53.07 load
[runlim] sample:		1659.77 time, 1670.01 real, 5 MB, 53.06 load
[runlim] sample:		1669.71 time, 1680.01 real, 5 MB, 53.05 load
[runlim] sample:		1679.65 time, 1690.01 real, 5 MB, 53.04 load
[runlim] sample:		1689.59 time, 1700.01 real, 5 MB, 53.04 load
[runlim] sample:		1699.53 time, 1710.01 real, 5 MB, 53.03 load
[runlim] sample:		1709.47 time, 1720.01 real, 5 MB, 53.02 load
[runlim] sample:		1719.41 time, 1730.01 real, 5 MB, 53.02 load
[runlim] sample:		1729.35 time, 1740.01 real, 5 MB, 53.02 load
[runlim] sample:		1739.29 time, 1750.01 real, 5 MB, 53.16 load
[runlim] sample:		1749.22 time, 1760.01 real, 5 MB, 53.14 load
[runlim] sample:		1759.16 time, 1770.01 real, 5 MB, 53.11 load
[runlim] sample:		1769.10 time, 1780.01 real, 5 MB, 53.10 load
[runlim] sample:		1779.04 time, 1790.01 real, 5 MB, 53.08 load
[runlim] sample:		1788.98 time, 1800.01 real, 5 MB, 53.07 load
[runlim] sample:		1798.92 time, 1810.01 real, 5 MB, 53.06 load
[runlim] sample:		1808.86 time, 1820.01 real, 5 MB, 53.05 load
[runlim] sample:		1818.80 time, 1830.01 real, 5 MB, 53.12 load
[runlim] sample:		1828.74 time, 1840.01 real, 5 MB, 53.10 load
[runlim] sample:		1838.68 time, 1850.01 real, 5 MB, 53.09 load
[runlim] sample:		1848.62 time, 1860.01 real, 5 MB, 53.07 load
[runlim] sample:		1858.56 time, 1870.01 real, 5 MB, 53.06 load
[runlim] sample:		1868.49 time, 1880.01 real, 5 MB, 53.05 load
[runlim] sample:		1878.43 time, 1890.01 real, 5 MB, 53.04 load
[runlim] sample:		1888.37 time, 1900.01 real, 5 MB, 53.11 load
[runlim] sample:		1898.31 time, 1910.01 real, 5 MB, 53.09 load
[runlim] sample:		1908.25 time, 1920.01 real, 5 MB, 53.08 load
[runlim] sample:		1918.19 time, 1930.01 real, 5 MB, 53.07 load
[runlim] sample:		1928.13 time, 1940.01 real, 5 MB, 53.06 load
[runlim] sample:		1938.07 time, 1950.01 real, 5 MB, 53.05 load
[runlim] sample:		1948.01 time, 1960.01 real, 5 MB, 53.11 load
[runlim] sample:		1957.95 time, 1970.01 real, 5 MB, 53.09 load
[runlim] sample:		1967.89 time, 1980.01 real, 5 MB, 53.08 load
[runlim] sample:		1977.83 time, 1990.01 real, 5 MB, 53.07 load
[runlim] sample:		1987.77 time, 2000.01 real, 5 MB, 53.06 load
[runlim] sample:		1997.71 time, 2010.01 real, 5 MB, 53.05 load
[runlim] sample:		2007.65 time, 2020.01 real, 5 MB, 53.11 load
[runlim] sample:		2017.59 time, 2030.01 real, 5 MB, 53.10 load
[runlim] sample:		2027.53 time, 2040.01 real, 5 MB, 53.08 load
[runlim] sample:		2037.47 time, 2050.01 real, 5 MB, 53.07 load
[runlim] sample:		2047.41 time, 2060.01 real, 5 MB, 53.06 load
[runlim] sample:		2057.35 time, 2070.01 real, 5 MB, 53.13 load
[runlim] sample:		2067.28 time, 2080.01 real, 5 MB, 53.19 load
[runlim] sample:		2077.22 time, 2090.01 real, 5 MB, 53.16 load
[runlim] sample:		2087.16 time, 2100.01 real, 5 MB, 53.13 load
[runlim] sample:		2097.10 time, 2110.01 real, 5 MB, 53.11 load
[runlim] sample:		2107.04 time, 2120.01 real, 5 MB, 53.18 load
[runlim] sample:		2116.98 time, 2130.01 real, 5 MB, 53.22 load
[runlim] sample:		2126.92 time, 2140.01 real, 5 MB, 53.19 load
[runlim] sample:		2136.86 time, 2150.01 real, 5 MB, 53.31 load
[runlim] sample:		2146.80 time, 2160.01 real, 5 MB, 53.26 load
[runlim] sample:		2156.73 time, 2170.01 real, 5 MB, 53.22 load
[runlim] sample:		2166.67 time, 2180.01 real, 5 MB, 53.18 load
[runlim] sample:		2176.61 time, 2190.01 real, 5 MB, 53.16 load
[runlim] sample:		2186.55 time, 2200.01 real, 5 MB, 53.21 load
[runlim] sample:		2196.49 time, 2210.01 real, 5 MB, 53.33 load
[runlim] sample:		2206.43 time, 2220.01 real, 5 MB, 53.44 load
[runlim] sample:		2216.37 time, 2230.01 real, 5 MB, 53.67 load
[runlim] sample:		2226.31 time, 2240.01 real, 5 MB, 53.80 load
[runlim] sample:		2236.25 time, 2250.01 real, 5 MB, 53.83 load
[runlim] sample:		2246.19 time, 2260.01 real, 5 MB, 53.93 load
[runlim] sample:		2256.13 time, 2270.01 real, 5 MB, 54.01 load
[runlim] sample:		2266.07 time, 2280.01 real, 5 MB, 54.01 load
[runlim] sample:		2276.01 time, 2290.01 real, 5 MB, 54.54 load
[runlim] sample:		2285.95 time, 2300.01 real, 5 MB, 54.53 load
[runlim] sample:		2295.89 time, 2310.01 real, 5 MB, 54.29 load
[runlim] sample:		2305.83 time, 2320.01 real, 5 MB, 54.09 load
[runlim] sample:		2315.77 time, 2330.01 real, 5 MB, 53.93 load
[runlim] sample:		2325.71 time, 2340.01 real, 5 MB, 53.78 load
[runlim] sample:		2335.65 time, 2350.01 real, 5 MB, 53.66 load
[runlim] sample:		2345.59 time, 2360.01 real, 5 MB, 53.63 load
[runlim] sample:		2355.53 time, 2370.01 real, 5 MB, 53.54 load
[runlim] sample:		2365.47 time, 2380.01 real, 5 MB, 53.45 load
[runlim] sample:		2375.41 time, 2390.01 real, 5 MB, 53.38 load
[runlim] sample:		2385.35 time, 2400.01 real, 5 MB, 53.32 load
[runlim] sample:		2395.29 time, 2410.01 real, 5 MB, 53.43 load
[runlim] sample:		2405.23 time, 2420.01 real, 5 MB, 53.44 load
[runlim] sample:		2415.17 time, 2430.01 real, 5 MB, 53.37 load
[runlim] sample:		2425.11 time, 2440.01 real, 5 MB, 53.40 load
[runlim] sample:		2435.05 time, 2450.01 real, 5 MB, 53.33 load
[runlim] sample:		2444.99 time, 2460.01 real, 5 MB, 53.36 load
[runlim] sample:		2454.92 time, 2470.01 real, 5 MB, 53.31 load
[runlim] sample:		2464.86 time, 2480.01 real, 5 MB, 53.33 load
[runlim] sample:		2474.80 time, 2490.01 real, 5 MB, 53.28 load
[runlim] sample:		2484.74 time, 2500.01 real, 5 MB, 53.24 load
[runlim] sample:		2494.68 time, 2510.01 real, 5 MB, 53.20 load
[runlim] sample:		2504.62 time, 2520.01 real, 5 MB, 53.25 load
[runlim] sample:		2514.56 time, 2530.01 real, 5 MB, 53.21 load
[runlim] sample:		2524.50 time, 2540.01 real, 5 MB, 53.25 load
[runlim] sample:		2534.44 time, 2550.01 real, 5 MB, 53.21 load
[runlim] sample:		2544.38 time, 2560.01 real, 5 MB, 53.18 load
[runlim] sample:		2554.32 time, 2570.01 real, 5 MB, 53.15 load
[runlim] sample:		2564.26 time, 2580.01 real, 5 MB, 53.13 load
[runlim] sample:		2574.20 time, 2590.01 real, 5 MB, 53.11 load
[runlim] sample:		2584.14 time, 2600.01 real, 5 MB, 53.09 load
[runlim] sample:		2594.08 time, 2610.01 real, 5 MB, 53.08 load
[runlim] sample:		2604.02 time, 2620.01 real, 5 MB, 53.06 load
[runlim] sample:		2613.96 time, 2630.01 real, 5 MB, 53.13 load
[runlim] sample:		2623.90 time, 2640.01 real, 5 MB, 53.19 load
[runlim] sample:		2633.84 time, 2650.01 real, 5 MB, 53.16 load
[runlim] sample:		2643.77 time, 2660.01 real, 5 MB, 53.13 load
[runlim] sample:		2653.71 time, 2670.01 real, 5 MB, 53.11 load
[runlim] sample:		2663.65 time, 2680.01 real, 5 MB, 53.10 load
[runlim] sample:		2673.59 time, 2690.01 real, 5 MB, 53.08 load
[runlim] sample:		2683.53 time, 2700.01 real, 5 MB, 53.07 load
[runlim] sample:		2693.47 time, 2710.01 real, 5 MB, 53.06 load
[runlim] sample:		2703.41 time, 2720.01 real, 5 MB, 53.12 load
[runlim] sample:		2713.36 time, 2730.01 real, 5 MB, 53.10 load
[runlim] sample:		2723.30 time, 2740.01 real, 5 MB, 53.09 load
[runlim] sample:		2733.24 time, 2750.01 real, 5 MB, 53.07 load
[runlim] sample:		2743.18 time, 2760.01 real, 5 MB, 53.14 load
[runlim] sample:		2753.11 time, 2770.01 real, 5 MB, 53.19 load
[runlim] sample:		2763.05 time, 2780.01 real, 5 MB, 53.24 load
[runlim] sample:		2773.00 time, 2790.01 real, 5 MB, 53.20 load
[runlim] sample:		2782.94 time, 2800.01 real, 5 MB, 53.24 load
[runlim] sample:		2792.88 time, 2810.01 real, 5 MB, 53.21 load
[runlim] sample:		2802.82 time, 2820.01 real, 5 MB, 53.17 load
[runlim] sample:		2812.76 time, 2830.01 real, 5 MB, 53.15 load
[runlim] sample:		2822.70 time, 2840.01 real, 5 MB, 53.12 load
[runlim] sample:		2832.64 time, 2850.01 real, 5 MB, 53.10 load
[runlim] sample:		2842.58 time, 2860.01 real, 5 MB, 53.09 load
[runlim] sample:		2852.52 time, 2870.01 real, 5 MB, 53.07 load
[runlim] sample:		2862.46 time, 2880.01 real, 5 MB, 53.06 load
[runlim] sample:		2872.41 time, 2890.01 real, 5 MB, 53.05 load
[runlim] sample:		2882.35 time, 2900.01 real, 5 MB, 53.04 load
[runlim] sample:		2892.29 time, 2910.01 real, 5 MB, 53.04 load
[runlim] sample:		2902.23 time, 2920.01 real, 5 MB, 53.03 load
[runlim] sample:		2912.17 time, 2930.01 real, 5 MB, 53.02 load
[runlim] sample:		2922.11 time, 2940.01 real, 5 MB, 53.02 load
[runlim] sample:		2932.05 time, 2950.01 real, 5 MB, 53.10 load
[runlim] sample:		2941.99 time, 2960.01 real, 5 MB, 53.08 load
[runlim] sample:		2951.93 time, 2970.01 real, 5 MB, 53.23 load
[runlim] sample:		2961.87 time, 2980.01 real, 5 MB, 53.19 load
[runlim] sample:		2971.81 time, 2990.01 real, 5 MB, 53.16 load
[runlim] sample:		2981.75 time, 3000.01 real, 5 MB, 53.14 load
[runlim] sample:		2991.69 time, 3010.01 real, 5 MB, 53.12 load
[runlim] sample:		3001.63 time, 3020.01 real, 5 MB, 53.10 load
[runlim] sample:		3011.57 time, 3030.01 real, 5 MB, 53.08 load
[runlim] sample:		3021.51 time, 3040.01 real, 5 MB, 53.07 load
[runlim] sample:		3031.45 time, 3050.01 real, 5 MB, 53.06 load
[runlim] sample:		3041.39 time, 3060.01 real, 5 MB, 53.05 load
[runlim] sample:		3051.33 time, 3070.01 real, 5 MB, 53.04 load
[runlim] sample:		3061.27 time, 3080.01 real, 5 MB, 53.27 load
[runlim] sample:		3071.21 time, 3090.01 real, 5 MB, 53.23 load
[runlim] sample:		3081.15 time, 3100.01 real, 5 MB, 53.20 load
[runlim] sample:		3091.09 time, 3110.01 real, 5 MB, 53.16 load
[runlim] sample:		3101.03 time, 3120.01 real, 5 MB, 53.21 load
[runlim] sample:		3110.97 time, 3130.01 real, 5 MB, 53.25 load
[runlim] sample:		3120.91 time, 3140.01 real, 5 MB, 53.29 load
[runlim] sample:		3130.86 time, 3150.01 real, 5 MB, 53.24 load
[runlim] sample:		3140.80 time, 3160.01 real, 5 MB, 53.21 load
[runlim] sample:		3150.74 time, 3170.01 real, 5 MB, 53.17 load
[runlim] sample:		3160.68 time, 3180.01 real, 5 MB, 53.15 load
[runlim] sample:		3170.62 time, 3190.01 real, 5 MB, 53.12 load
[runlim] sample:		3180.56 time, 3200.01 real, 5 MB, 53.10 load
[runlim] sample:		3190.50 time, 3210.01 real, 5 MB, 53.09 load
[runlim] sample:		3200.45 time, 3220.01 real, 5 MB, 53.07 load
[runlim] sample:		3210.39 time, 3230.01 real, 5 MB, 53.06 load
[runlim] sample:		3220.33 time, 3240.01 real, 5 MB, 53.05 load
[runlim] sample:		3230.27 time, 3250.01 real, 5 MB, 53.19 load
[runlim] sample:		3240.21 time, 3260.01 real, 5 MB, 53.24 load
[runlim] sample:		3250.15 time, 3270.01 real, 5 MB, 53.20 load
[runlim] sample:		3260.09 time, 3280.01 real, 5 MB, 53.25 load
[runlim] sample:		3270.03 time, 3290.01 real, 5 MB, 53.21 load
[runlim] sample:		3279.97 time, 3300.01 real, 5 MB, 53.18 load
[runlim] sample:		3289.92 time, 3310.01 real, 5 MB, 53.15 load
[runlim] sample:		3299.85 time, 3320.01 real, 5 MB, 53.21 load
[runlim] sample:		3309.80 time, 3330.01 real, 5 MB, 53.18 load
[runlim] sample:		3319.74 time, 3340.01 real, 5 MB, 53.15 load
[runlim] sample:		3329.68 time, 3350.01 real, 5 MB, 53.12 load
[runlim] sample:		3339.62 time, 3360.01 real, 5 MB, 53.11 load
[runlim] sample:		3349.56 time, 3370.01 real, 5 MB, 53.09 load
[runlim] sample:		3359.50 time, 3380.01 real, 5 MB, 53.07 load
[runlim] sample:		3369.44 time, 3390.01 real, 5 MB, 53.06 load
[runlim] sample:		3379.38 time, 3400.01 real, 5 MB, 53.45 load
[runlim] sample:		3389.32 time, 3410.01 real, 5 MB, 53.38 load
[runlim] sample:		3399.27 time, 3420.01 real, 5 MB, 53.32 load
[runlim] sample:		3409.21 time, 3430.01 real, 5 MB, 53.27 load
[runlim] sample:		3419.15 time, 3440.01 real, 5 MB, 53.23 load
[runlim] sample:		3429.09 time, 3450.01 real, 5 MB, 53.20 load
[runlim] sample:		3439.03 time, 3460.01 real, 5 MB, 53.25 load
[runlim] sample:		3448.98 time, 3470.01 real, 5 MB, 53.29 load
[runlim] sample:		3458.92 time, 3480.01 real, 5 MB, 53.24 load
[runlim] sample:		3468.86 time, 3490.01 real, 5 MB, 53.20 load
[runlim] sample:		3478.80 time, 3500.01 real, 5 MB, 53.17 load
[runlim] sample:		3488.74 time, 3510.01 real, 5 MB, 53.15 load
[runlim] sample:		3498.68 time, 3520.01 real, 5 MB, 53.20 load
[runlim] sample:		3508.62 time, 3530.01 real, 5 MB, 53.17 load
[runlim] sample:		3518.56 time, 3540.01 real, 5 MB, 53.22 load
[runlim] sample:		3528.50 time, 3550.01 real, 5 MB, 53.18 load
[runlim] sample:		3538.44 time, 3560.01 real, 5 MB, 53.24 load
[runlim] sample:		3548.38 time, 3570.01 real, 5 MB, 53.20 load
[runlim] sample:		3558.33 time, 3580.01 real, 5 MB, 53.17 load
[runlim] sample:		3568.27 time, 3590.01 real, 5 MB, 53.14 load
[runlim] sample:		3578.21 time, 3600.01 real, 5 MB, 53.12 load
[runlim] sample:		3588.15 time, 3610.01 real, 5 MB, 53.10 load
[runlim] sample:		3598.09 time, 3620.01 real, 5 MB, 53.08 load
[runlim] sample:		3608.03 time, 3630.01 real, 5 MB, 53.15 load
[runlim] sample:		3617.97 time, 3640.01 real, 5 MB, 53.12 load
[runlim] sample:		3627.91 time, 3650.01 real, 5 MB, 53.10 load
[runlim] sample:		3637.85 time, 3660.01 real, 5 MB, 53.16 load
[runlim] sample:		3647.79 time, 3670.01 real, 5 MB, 53.14 load
[runlim] sample:		3657.73 time, 3680.01 real, 5 MB, 53.11 load
[runlim] sample:		3667.67 time, 3690.01 real, 5 MB, 53.17 load
[runlim] sample:		3677.61 time, 3700.01 real, 5 MB, 53.14 load
[runlim] sample:		3687.55 time, 3710.01 real, 5 MB, 53.12 load
[runlim] sample:		3697.50 time, 3720.01 real, 5 MB, 53.18 load
[runlim] sample:		3707.43 time, 3730.01 real, 5 MB, 53.44 load
[runlim] sample:		3717.37 time, 3740.01 real, 5 MB, 53.38 load
[runlim] sample:		3727.31 time, 3750.01 real, 5 MB, 53.32 load
[runlim] sample:		3737.24 time, 3760.01 real, 5 MB, 53.27 load
[runlim] sample:		3747.18 time, 3770.01 real, 5 MB, 53.23 load
[runlim] sample:		3757.11 time, 3780.01 real, 5 MB, 53.27 load
[runlim] sample:		3767.05 time, 3790.01 real, 5 MB, 53.22 load
[runlim] sample:		3776.99 time, 3800.01 real, 5 MB, 53.19 load
[runlim] sample:		3786.93 time, 3810.01 real, 5 MB, 53.16 load
[runlim] sample:		3796.87 time, 3820.01 real, 5 MB, 53.13 load
[runlim] sample:		3806.81 time, 3830.01 real, 5 MB, 53.11 load
[runlim] sample:		3816.75 time, 3840.01 real, 5 MB, 53.10 load
[runlim] sample:		3826.69 time, 3850.01 real, 5 MB, 53.15 load
[runlim] sample:		3836.64 time, 3860.01 real, 5 MB, 53.20 load
[runlim] sample:		3846.58 time, 3870.01 real, 5 MB, 53.25 load
[runlim] sample:		3856.52 time, 3880.01 real, 5 MB, 53.21 load
[runlim] sample:		3866.46 time, 3890.01 real, 5 MB, 53.18 load
[runlim] sample:		3876.41 time, 3900.01 real, 5 MB, 53.15 load
[runlim] sample:		3886.35 time, 3910.01 real, 5 MB, 53.12 load
[runlim] sample:		3896.29 time, 3920.01 real, 5 MB, 53.19 load
[runlim] sample:		3906.23 time, 3930.01 real, 5 MB, 53.16 load
[runlim] sample:		3916.17 time, 3940.01 real, 5 MB, 53.13 load
[runlim] sample:		3926.11 time, 3950.01 real, 5 MB, 53.11 load
[runlim] sample:		3936.05 time, 3960.01 real, 5 MB, 53.09 load
[runlim] sample:		3945.99 time, 3970.01 real, 5 MB, 53.08 load
[runlim] sample:		3955.94 time, 3980.01 real, 5 MB, 53.07 load
[runlim] sample:		3965.88 time, 3990.01 real, 5 MB, 53.06 load
[runlim] sample:		3975.82 time, 4000.01 real, 5 MB, 53.05 load
[runlim] sample:		3985.76 time, 4010.01 real, 5 MB, 53.19 load
[runlim] sample:		3995.70 time, 4020.01 real, 5 MB, 53.16 load
[runlim] sample:		4005.64 time, 4030.01 real, 5 MB, 53.13 load
[runlim] sample:		4015.58 time, 4040.01 real, 5 MB, 53.11 load
[runlim] sample:		4025.52 time, 4050.01 real, 5 MB, 53.09 load
[runlim] sample:		4035.46 time, 4060.01 real, 5 MB, 53.08 load
[runlim] sample:		4045.41 time, 4070.01 real, 5 MB, 53.07 load
[runlim] sample:		4055.35 time, 4080.01 real, 5 MB, 53.13 load
[runlim] sample:		4065.29 time, 4090.01 real, 5 MB, 53.11 load
[runlim] sample:		4075.23 time, 4100.01 real, 5 MB, 53.09 load
[runlim] sample:		4085.17 time, 4110.01 real, 5 MB, 53.08 load
[runlim] sample:		4095.12 time, 4120.01 real, 5 MB, 53.07 load
[runlim] sample:		4105.06 time, 4130.01 real, 5 MB, 53.13 load
[runlim] sample:		4115.00 time, 4140.01 real, 5 MB, 53.11 load
[runlim] sample:		4124.94 time, 4150.01 real, 5 MB, 53.09 load
[runlim] sample:		4134.88 time, 4160.01 real, 5 MB, 53.08 load
[runlim] sample:		4144.82 time, 4170.01 real, 5 MB, 53.06 load
[runlim] sample:		4154.76 time, 4180.01 real, 5 MB, 53.05 load
[runlim] sample:		4164.70 time, 4190.01 real, 5 MB, 53.05 load
[runlim] sample:		4174.65 time, 4200.01 real, 5 MB, 53.20 load
[runlim] sample:		4184.59 time, 4210.01 real, 5 MB, 53.17 load
[runlim] sample:		4194.53 time, 4220.01 real, 5 MB, 53.14 load
[runlim] sample:		4204.47 time, 4230.01 real, 5 MB, 53.12 load
[runlim] sample:		4214.41 time, 4240.01 real, 5 MB, 53.10 load
[runlim] sample:		4224.35 time, 4250.01 real, 5 MB, 53.08 load
[runlim] sample:		4234.29 time, 4260.01 real, 5 MB, 53.15 load
[runlim] sample:		4244.23 time, 4270.01 real, 5 MB, 53.28 load
[runlim] sample:		4254.18 time, 4280.01 real, 5 MB, 53.23 load
[runlim] sample:		4264.12 time, 4290.01 real, 5 MB, 53.28 load
[runlim] sample:		4274.06 time, 4300.01 real, 5 MB, 53.23 load
[runlim] sample:		4284.00 time, 4310.01 real, 5 MB, 53.20 load
[runlim] sample:		4293.94 time, 4320.01 real, 5 MB, 53.17 load
[runlim] sample:		4303.88 time, 4330.01 real, 5 MB, 53.14 load
[runlim] sample:		4313.82 time, 4340.01 real, 5 MB, 53.12 load
[runlim] sample:		4323.77 time, 4350.01 real, 5 MB, 53.10 load
[runlim] sample:		4333.71 time, 4360.01 real, 5 MB, 53.16 load
[runlim] sample:		4343.65 time, 4370.01 real, 5 MB, 53.13 load
[runlim] sample:		4353.60 time, 4380.01 real, 5 MB, 53.19 load
[runlim] sample:		4363.54 time, 4390.01 real, 5 MB, 53.16 load
[runlim] sample:		4373.48 time, 4400.01 real, 5 MB, 53.14 load
[runlim] sample:		4383.42 time, 4410.01 real, 5 MB, 53.12 load
[runlim] sample:		4393.36 time, 4420.01 real, 5 MB, 53.10 load
[runlim] sample:		4403.30 time, 4430.01 real, 5 MB, 53.08 load
[runlim] sample:		4413.25 time, 4440.01 real, 5 MB, 53.15 load
[runlim] sample:		4423.19 time, 4450.01 real, 5 MB, 53.13 load
[runlim] sample:		4433.13 time, 4460.01 real, 5 MB, 53.11 load
[runlim] sample:		4443.07 time, 4470.01 real, 5 MB, 53.09 load
[runlim] sample:		4453.02 time, 4480.01 real, 5 MB, 53.08 load
[runlim] sample:		4462.96 time, 4490.01 real, 5 MB, 53.06 load
[runlim] sample:		4472.90 time, 4500.01 real, 5 MB, 53.13 load
[runlim] sample:		4482.84 time, 4510.01 real, 5 MB, 53.11 load
[runlim] sample:		4492.78 time, 4520.01 real, 5 MB, 53.09 load
[runlim] sample:		4502.73 time, 4530.01 real, 5 MB, 53.08 load
[runlim] sample:		4512.67 time, 4540.01 real, 5 MB, 53.07 load
[runlim] sample:		4522.61 time, 4550.01 real, 5 MB, 53.06 load
[runlim] sample:		4532.55 time, 4560.01 real, 5 MB, 53.21 load
[runlim] sample:		4542.49 time, 4570.01 real, 5 MB, 53.17 load
[runlim] sample:		4552.43 time, 4580.01 real, 5 MB, 53.15 load
[runlim] sample:		4562.38 time, 4590.01 real, 5 MB, 53.12 load
[runlim] sample:		4572.32 time, 4600.01 real, 5 MB, 53.10 load
[runlim] sample:		4582.26 time, 4610.01 real, 5 MB, 53.09 load
[runlim] sample:		4592.20 time, 4620.01 real, 5 MB, 53.15 load
[runlim] sample:		4602.14 time, 4630.01 real, 5 MB, 53.20 load
[runlim] sample:		4612.08 time, 4640.01 real, 5 MB, 53.17 load
[runlim] sample:		4622.02 time, 4650.01 real, 5 MB, 53.15 load
[runlim] sample:		4631.97 time, 4660.01 real, 5 MB, 53.12 load
[runlim] sample:		4641.91 time, 4670.01 real, 5 MB, 53.10 load
[runlim] sample:		4651.85 time, 4680.01 real, 5 MB, 53.17 load
[runlim] sample:		4661.79 time, 4690.01 real, 5 MB, 53.14 load
[runlim] sample:		4671.73 time, 4700.01 real, 5 MB, 53.12 load
[runlim] sample:		4681.67 time, 4710.01 real, 5 MB, 53.10 load
[runlim] sample:		4691.62 time, 4720.01 real, 5 MB, 53.08 load
[runlim] sample:		4701.56 time, 4730.01 real, 5 MB, 53.15 load
[runlim] sample:		4711.50 time, 4740.01 real, 5 MB, 53.20 load
[runlim] sample:		4721.44 time, 4750.01 real, 5 MB, 53.32 load
[runlim] sample:		4731.39 time, 4760.01 real, 5 MB, 53.27 load
[runlim] sample:		4741.33 time, 4770.01 real, 5 MB, 53.39 load
[runlim] sample:		4751.27 time, 4780.01 real, 5 MB, 53.33 load
[runlim] sample:		4761.21 time, 4790.01 real, 5 MB, 53.28 load
[runlim] sample:		4771.15 time, 4800.01 real, 5 MB, 53.39 load
[runlim] sample:		4781.09 time, 4810.01 real, 5 MB, 53.33 load
[runlim] sample:		4791.03 time, 4820.01 real, 5 MB, 53.28 load
[runlim] sample:		4800.98 time, 4830.01 real, 5 MB, 53.24 load
[runlim] sample:		4810.92 time, 4840.01 real, 5 MB, 53.27 load
[runlim] sample:		4820.86 time, 4850.01 real, 5 MB, 53.23 load
[runlim] sample:		4830.80 time, 4860.01 real, 5 MB, 53.28 load
[runlim] sample:		4840.74 time, 4870.01 real, 5 MB, 53.31 load
[runlim] sample:		4850.69 time, 4880.01 real, 5 MB, 53.27 load
[runlim] sample:		4860.63 time, 4890.01 real, 5 MB, 53.22 load
[runlim] sample:		4870.57 time, 4900.01 real, 5 MB, 53.19 load
[runlim] sample:		4880.52 time, 4910.01 real, 5 MB, 53.16 load
[runlim] sample:		4890.46 time, 4920.01 real, 5 MB, 53.21 load
[runlim] sample:		4900.40 time, 4930.01 real, 5 MB, 53.18 load
[runlim] sample:		4910.34 time, 4940.01 real, 5 MB, 53.31 load
[runlim] sample:		4920.28 time, 4950.01 real, 5 MB, 53.26 load
[runlim] sample:		4930.22 time, 4960.01 real, 5 MB, 52.98 load
[runlim] sample:		4940.17 time, 4970.01 real, 5 MB, 51.59 load
[runlim] sample:		4950.12 time, 4980.01 real, 5 MB, 49.41 load
[runlim] sample:		4960.08 time, 4990.01 real, 5 MB, 46.34 load
[runlim] sample:		4970.03 time, 5000.01 real, 5 MB, 42.66 load
[runlim] end:			Thu Apr  9 23:04:17 2026
[runlim] status:		out of time
[runlim] result:		2
[runlim] children:		1
[runlim] processes:		2
[runlim] real:			5000.05 seconds
[runlim] time:			4970.03 seconds
[runlim] space:			5 MB
[runlim] load:			59.35 maximum
[runlim] samples:		50000
