[runlim] version:		2.0.0rc1
[runlim] host:			m07n01
[runlim] time limit:		311040000 seconds
[runlim] real time limit:	5000 seconds
[runlim] space limit:		7000 MB
[runlim] argv[0]:		./binary
[runlim] argv[1]:		-c
[runlim] argv[2]:		/tmp/local-unzipped-12459997-2-79-mc2025_track1_139.cnf
[runlim] start:			Thu Apr  9 21:45:09 2026
[runlim] child:			2371665
[runlim] sample:		9.94 time, 10.01 real, 4 MB, 13.52 load
[runlim] sample:		19.88 time, 20.01 real, 4 MB, 15.91 load
[runlim] sample:		29.82 time, 30.01 real, 4 MB, 18.61 load
[runlim] sample:		39.77 time, 40.01 real, 4 MB, 20.83 load
[runlim] sample:		49.73 time, 50.01 real, 4 MB, 22.70 load
[runlim] sample:		59.68 time, 60.01 real, 4 MB, 24.28 load
[runlim] sample:		69.63 time, 70.01 real, 4 MB, 25.62 load
[runlim] sample:		79.59 time, 80.01 real, 4 MB, 26.91 load
[runlim] sample:		89.54 time, 90.01 real, 4 MB, 27.84 load
[runlim] sample:		99.49 time, 100.01 real, 4 MB, 28.64 load
[runlim] sample:		109.45 time, 110.01 real, 4 MB, 29.31 load
[runlim] sample:		119.40 time, 120.01 real, 4 MB, 29.88 load
[runlim] sample:		129.35 time, 130.01 real, 4 MB, 30.36 load
[runlim] sample:		139.31 time, 140.01 real, 4 MB, 30.84 load
[runlim] sample:		149.26 time, 150.01 real, 4 MB, 31.18 load
[runlim] sample:		159.21 time, 160.01 real, 4 MB, 31.46 load
[runlim] sample:		169.16 time, 170.01 real, 4 MB, 31.69 load
[runlim] sample:		179.12 time, 180.01 real, 4 MB, 31.90 load
[runlim] sample:		189.07 time, 190.01 real, 4 MB, 32.07 load
[runlim] sample:		199.02 time, 200.01 real, 4 MB, 32.29 load
[runlim] sample:		208.98 time, 210.01 real, 4 MB, 32.40 load
[runlim] sample:		218.93 time, 220.01 real, 4 MB, 32.49 load
[runlim] sample:		228.88 time, 230.01 real, 4 MB, 32.72 load
[runlim] sample:		238.84 time, 240.01 real, 4 MB, 33.65 load
[runlim] sample:		248.79 time, 250.01 real, 4 MB, 33.55 load
[runlim] sample:		258.74 time, 260.01 real, 4 MB, 33.46 load
[runlim] sample:		268.69 time, 270.01 real, 4 MB, 33.47 load
[runlim] sample:		278.64 time, 280.01 real, 4 MB, 33.40 load
[runlim] sample:		288.59 time, 290.01 real, 4 MB, 33.34 load
[runlim] sample:		298.54 time, 300.01 real, 4 MB, 33.37 load
[runlim] sample:		308.49 time, 310.01 real, 4 MB, 33.31 load
[runlim] sample:		318.45 time, 320.01 real, 4 MB, 33.26 load
[runlim] sample:		328.40 time, 330.01 real, 4 MB, 33.22 load
[runlim] sample:		338.35 time, 340.01 real, 4 MB, 33.19 load
[runlim] sample:		348.30 time, 350.01 real, 4 MB, 33.16 load
[runlim] sample:		358.25 time, 360.01 real, 4 MB, 33.13 load
[runlim] sample:		368.20 time, 370.01 real, 4 MB, 33.11 load
[runlim] sample:		378.15 time, 380.01 real, 4 MB, 33.24 load
[runlim] sample:		388.11 time, 390.01 real, 4 MB, 33.20 load
[runlim] sample:		398.06 time, 400.01 real, 4 MB, 33.25 load
[runlim] sample:		408.01 time, 410.01 real, 4 MB, 33.36 load
[runlim] sample:		417.96 time, 420.01 real, 4 MB, 33.30 load
[runlim] sample:		427.91 time, 430.01 real, 4 MB, 33.25 load
[runlim] sample:		437.86 time, 440.01 real, 4 MB, 33.21 load
[runlim] sample:		447.81 time, 450.01 real, 4 MB, 33.18 load
[runlim] sample:		457.77 time, 460.01 real, 4 MB, 33.23 load
[runlim] sample:		467.72 time, 470.01 real, 4 MB, 33.19 load
[runlim] sample:		477.67 time, 480.01 real, 4 MB, 33.24 load
[runlim] sample:		487.62 time, 490.01 real, 4 MB, 33.28 load
[runlim] sample:		497.57 time, 500.01 real, 4 MB, 33.24 load
[runlim] sample:		507.52 time, 510.01 real, 4 MB, 33.27 load
[runlim] sample:		517.47 time, 520.01 real, 4 MB, 33.23 load
[runlim] sample:		527.43 time, 530.01 real, 4 MB, 33.19 load
[runlim] sample:		537.38 time, 540.01 real, 4 MB, 33.16 load
[runlim] sample:		547.33 time, 550.01 real, 4 MB, 33.14 load
[runlim] sample:		557.28 time, 560.01 real, 4 MB, 33.12 load
[runlim] sample:		567.23 time, 570.01 real, 4 MB, 33.17 load
[runlim] sample:		577.18 time, 580.01 real, 4 MB, 33.22 load
[runlim] sample:		587.13 time, 590.01 real, 4 MB, 33.19 load
[runlim] sample:		597.08 time, 600.01 real, 4 MB, 33.16 load
[runlim] sample:		607.03 time, 610.01 real, 4 MB, 33.21 load
[runlim] sample:		616.98 time, 620.01 real, 4 MB, 33.17 load
[runlim] sample:		626.93 time, 630.01 real, 4 MB, 33.15 load
[runlim] sample:		636.88 time, 640.01 real, 4 MB, 33.12 load
[runlim] sample:		646.84 time, 650.01 real, 4 MB, 33.10 load
[runlim] sample:		656.79 time, 660.01 real, 4 MB, 33.09 load
[runlim] sample:		666.74 time, 670.01 real, 4 MB, 33.07 load
[runlim] sample:		676.69 time, 680.01 real, 4 MB, 33.06 load
[runlim] sample:		686.65 time, 690.01 real, 4 MB, 33.13 load
[runlim] sample:		696.60 time, 700.01 real, 4 MB, 33.19 load
[runlim] sample:		706.55 time, 710.01 real, 4 MB, 33.16 load
[runlim] sample:		716.50 time, 720.01 real, 4 MB, 33.21 load
[runlim] sample:		726.46 time, 730.01 real, 4 MB, 33.11 load
[runlim] sample:		736.41 time, 740.01 real, 4 MB, 32.86 load
[runlim] sample:		746.36 time, 750.01 real, 4 MB, 32.57 load
[runlim] sample:		756.31 time, 760.01 real, 4 MB, 32.41 load
[runlim] sample:		766.27 time, 770.01 real, 4 MB, 32.27 load
[runlim] sample:		776.22 time, 780.01 real, 4 MB, 32.08 load
[runlim] sample:		786.17 time, 790.01 real, 4 MB, 31.91 load
[runlim] sample:		796.13 time, 800.01 real, 4 MB, 31.77 load
[runlim] sample:		806.08 time, 810.01 real, 4 MB, 31.65 load
[runlim] sample:		816.03 time, 820.01 real, 4 MB, 31.55 load
[runlim] sample:		825.99 time, 830.01 real, 4 MB, 31.46 load
[runlim] sample:		835.94 time, 840.01 real, 4 MB, 31.39 load
[runlim] sample:		845.90 time, 850.01 real, 4 MB, 31.33 load
[runlim] sample:		855.85 time, 860.01 real, 4 MB, 31.28 load
[runlim] sample:		865.80 time, 870.01 real, 4 MB, 31.24 load
[runlim] sample:		875.76 time, 880.01 real, 4 MB, 31.35 load
[runlim] sample:		885.71 time, 890.01 real, 4 MB, 31.29 load
[runlim] sample:		895.66 time, 900.01 real, 4 MB, 31.25 load
[runlim] sample:		905.62 time, 910.01 real, 4 MB, 31.28 load
[runlim] sample:		915.57 time, 920.01 real, 4 MB, 31.24 load
[runlim] sample:		925.53 time, 930.01 real, 4 MB, 31.20 load
[runlim] sample:		935.48 time, 940.01 real, 4 MB, 31.17 load
[runlim] sample:		945.43 time, 950.01 real, 4 MB, 31.14 load
[runlim] sample:		955.39 time, 960.01 real, 4 MB, 31.12 load
[runlim] sample:		965.34 time, 970.01 real, 4 MB, 31.18 load
[runlim] sample:		975.30 time, 980.01 real, 4 MB, 31.23 load
[runlim] sample:		985.25 time, 990.01 real, 4 MB, 31.27 load
[runlim] sample:		995.20 time, 1000.01 real, 4 MB, 31.23 load
[runlim] sample:		1005.16 time, 1010.01 real, 4 MB, 31.27 load
[runlim] sample:		1015.11 time, 1020.01 real, 4 MB, 31.22 load
[runlim] sample:		1025.06 time, 1030.01 real, 4 MB, 31.19 load
[runlim] sample:		1035.02 time, 1040.01 real, 4 MB, 31.16 load
[runlim] sample:		1044.97 time, 1050.01 real, 4 MB, 31.13 load
[runlim] sample:		1054.93 time, 1060.01 real, 4 MB, 31.11 load
[runlim] sample:		1064.88 time, 1070.01 real, 4 MB, 31.10 load
[runlim] sample:		1074.84 time, 1080.01 real, 4 MB, 31.08 load
[runlim] sample:		1084.79 time, 1090.01 real, 4 MB, 31.07 load
[runlim] sample:		1094.74 time, 1100.01 real, 4 MB, 31.06 load
[runlim] sample:		1104.70 time, 1110.01 real, 4 MB, 31.05 load
[runlim] sample:		1114.65 time, 1120.01 real, 4 MB, 31.11 load
[runlim] sample:		1124.61 time, 1130.01 real, 4 MB, 31.17 load
[runlim] sample:		1134.56 time, 1140.01 real, 4 MB, 31.14 load
[runlim] sample:		1144.52 time, 1150.01 real, 4 MB, 31.19 load
[runlim] sample:		1154.47 time, 1160.01 real, 4 MB, 31.16 load
[runlim] sample:		1164.43 time, 1170.01 real, 4 MB, 31.14 load
[runlim] sample:		1174.38 time, 1180.01 real, 4 MB, 31.12 load
[runlim] sample:		1184.33 time, 1190.01 real, 4 MB, 31.10 load
[runlim] sample:		1194.28 time, 1200.01 real, 4 MB, 31.08 load
[runlim] sample:		1204.23 time, 1210.01 real, 4 MB, 31.07 load
[runlim] sample:		1214.18 time, 1220.01 real, 4 MB, 31.06 load
[runlim] sample:		1224.14 time, 1230.01 real, 4 MB, 31.05 load
[runlim] sample:		1234.09 time, 1240.01 real, 4 MB, 31.04 load
[runlim] sample:		1244.04 time, 1250.01 real, 4 MB, 31.03 load
[runlim] sample:		1253.99 time, 1260.01 real, 4 MB, 31.03 load
[runlim] sample:		1263.95 time, 1270.01 real, 4 MB, 31.10 load
[runlim] sample:		1273.90 time, 1280.01 real, 4 MB, 31.09 load
[runlim] sample:		1283.85 time, 1290.01 real, 4 MB, 31.07 load
[runlim] sample:		1293.80 time, 1300.01 real, 4 MB, 31.06 load
[runlim] sample:		1303.76 time, 1310.01 real, 4 MB, 31.05 load
[runlim] sample:		1313.71 time, 1320.01 real, 4 MB, 31.04 load
[runlim] sample:		1323.66 time, 1330.01 real, 4 MB, 31.11 load
[runlim] sample:		1333.61 time, 1340.01 real, 4 MB, 31.25 load
[runlim] sample:		1343.57 time, 1350.01 real, 4 MB, 31.21 load
[runlim] sample:		1353.52 time, 1360.01 real, 4 MB, 31.18 load
[runlim] sample:		1363.47 time, 1370.01 real, 4 MB, 31.15 load
[runlim] sample:		1373.42 time, 1380.01 real, 4 MB, 31.13 load
[runlim] sample:		1383.38 time, 1390.01 real, 4 MB, 31.11 load
[runlim] sample:		1393.33 time, 1400.01 real, 4 MB, 31.09 load
[runlim] sample:		1403.28 time, 1410.01 real, 4 MB, 31.15 load
[runlim] sample:		1413.23 time, 1420.01 real, 4 MB, 31.13 load
[runlim] sample:		1423.18 time, 1430.01 real, 4 MB, 31.11 load
[runlim] sample:		1433.14 time, 1440.01 real, 4 MB, 31.09 load
[runlim] sample:		1443.09 time, 1450.01 real, 4 MB, 31.08 load
[runlim] sample:		1453.04 time, 1460.01 real, 4 MB, 31.14 load
[runlim] sample:		1462.99 time, 1470.01 real, 4 MB, 31.20 load
[runlim] sample:		1472.94 time, 1480.01 real, 4 MB, 31.25 load
[runlim] sample:		1482.89 time, 1490.01 real, 4 MB, 31.21 load
[runlim] sample:		1492.85 time, 1500.01 real, 4 MB, 31.18 load
[runlim] sample:		1502.80 time, 1510.01 real, 4 MB, 31.15 load
[runlim] sample:		1512.76 time, 1520.01 real, 4 MB, 31.21 load
[runlim] sample:		1522.71 time, 1530.01 real, 4 MB, 31.18 load
[runlim] sample:		1532.67 time, 1540.01 real, 4 MB, 31.15 load
[runlim] sample:		1542.62 time, 1550.01 real, 4 MB, 30.97 load
[runlim] sample:		1552.57 time, 1560.01 real, 4 MB, 30.82 load
[runlim] sample:		1562.53 time, 1570.01 real, 4 MB, 30.69 load
[runlim] sample:		1572.48 time, 1580.01 real, 4 MB, 30.67 load
[runlim] sample:		1582.43 time, 1590.01 real, 4 MB, 30.57 load
[runlim] sample:		1592.39 time, 1600.01 real, 4 MB, 30.48 load
[runlim] sample:		1602.34 time, 1610.01 real, 4 MB, 30.40 load
[runlim] sample:		1612.29 time, 1620.01 real, 4 MB, 30.19 load
[runlim] sample:		1622.25 time, 1630.01 real, 4 MB, 30.00 load
[runlim] sample:		1632.20 time, 1640.01 real, 4 MB, 29.85 load
[runlim] sample:		1642.15 time, 1650.01 real, 4 MB, 29.72 load
[runlim] sample:		1652.11 time, 1660.01 real, 4 MB, 29.68 load
[runlim] sample:		1662.06 time, 1670.01 real, 4 MB, 29.58 load
[runlim] sample:		1672.01 time, 1680.01 real, 4 MB, 29.49 load
[runlim] sample:		1681.97 time, 1690.01 real, 4 MB, 29.41 load
[runlim] sample:		1691.92 time, 1700.01 real, 4 MB, 29.35 load
[runlim] sample:		1701.87 time, 1710.01 real, 4 MB, 29.29 load
[runlim] sample:		1711.83 time, 1720.01 real, 4 MB, 29.25 load
[runlim] sample:		1721.78 time, 1730.01 real, 4 MB, 29.21 load
[runlim] sample:		1731.73 time, 1740.01 real, 4 MB, 29.18 load
[runlim] sample:		1741.69 time, 1750.01 real, 4 MB, 29.15 load
[runlim] sample:		1751.64 time, 1760.01 real, 4 MB, 29.13 load
[runlim] sample:		1761.59 time, 1770.01 real, 4 MB, 29.19 load
[runlim] sample:		1771.55 time, 1780.01 real, 4 MB, 29.16 load
[runlim] sample:		1781.50 time, 1790.01 real, 4 MB, 29.13 load
[runlim] sample:		1791.45 time, 1800.01 real, 4 MB, 29.11 load
[runlim] sample:		1801.41 time, 1810.01 real, 4 MB, 29.09 load
[runlim] sample:		1811.36 time, 1820.01 real, 4 MB, 29.08 load
[runlim] sample:		1821.31 time, 1830.01 real, 4 MB, 29.07 load
[runlim] sample:		1831.26 time, 1840.01 real, 4 MB, 29.14 load
[runlim] sample:		1841.22 time, 1850.01 real, 4 MB, 29.19 load
[runlim] sample:		1851.17 time, 1860.01 real, 4 MB, 29.16 load
[runlim] sample:		1861.12 time, 1870.01 real, 4 MB, 29.13 load
[runlim] sample:		1871.08 time, 1880.01 real, 4 MB, 29.11 load
[runlim] sample:		1881.03 time, 1890.01 real, 4 MB, 29.10 load
[runlim] sample:		1890.99 time, 1900.01 real, 4 MB, 29.08 load
[runlim] sample:		1900.94 time, 1910.01 real, 4 MB, 29.21 load
[runlim] sample:		1910.89 time, 1920.01 real, 4 MB, 29.18 load
[runlim] sample:		1920.85 time, 1930.01 real, 4 MB, 29.15 load
[runlim] sample:		1930.80 time, 1940.01 real, 4 MB, 29.13 load
[runlim] sample:		1940.75 time, 1950.01 real, 4 MB, 29.11 load
[runlim] sample:		1950.71 time, 1960.01 real, 4 MB, 29.09 load
[runlim] sample:		1960.66 time, 1970.01 real, 4 MB, 29.15 load
[runlim] sample:		1970.61 time, 1980.01 real, 4 MB, 29.21 load
[runlim] sample:		1980.57 time, 1990.01 real, 4 MB, 29.02 load
[runlim] sample:		1990.52 time, 2000.01 real, 4 MB, 28.86 load
[runlim] sample:		2000.48 time, 2010.01 real, 4 MB, 28.73 load
[runlim] sample:		2010.43 time, 2020.01 real, 4 MB, 28.62 load
[runlim] sample:		2020.39 time, 2030.01 real, 4 MB, 28.52 load
[runlim] sample:		2030.34 time, 2040.01 real, 4 MB, 28.44 load
[runlim] sample:		2040.29 time, 2050.01 real, 4 MB, 28.37 load
[runlim] sample:		2050.25 time, 2060.01 real, 4 MB, 28.32 load
[runlim] sample:		2060.20 time, 2070.01 real, 4 MB, 28.27 load
[runlim] sample:		2070.16 time, 2080.01 real, 4 MB, 28.22 load
[runlim] sample:		2080.11 time, 2090.01 real, 4 MB, 28.19 load
[runlim] sample:		2090.07 time, 2100.01 real, 4 MB, 28.24 load
[runlim] sample:		2100.02 time, 2110.01 real, 4 MB, 28.28 load
[runlim] sample:		2109.97 time, 2120.01 real, 4 MB, 28.46 load
[runlim] sample:		2119.93 time, 2130.01 real, 4 MB, 28.53 load
[runlim] sample:		2129.88 time, 2140.01 real, 4 MB, 28.60 load
[runlim] sample:		2139.84 time, 2150.01 real, 4 MB, 28.65 load
[runlim] sample:		2149.79 time, 2160.01 real, 4 MB, 28.85 load
[runlim] sample:		2159.75 time, 2170.01 real, 4 MB, 28.80 load
[runlim] sample:		2169.70 time, 2180.01 real, 4 MB, 28.82 load
[runlim] sample:		2179.66 time, 2190.01 real, 4 MB, 28.77 load
[runlim] sample:		2189.61 time, 2200.01 real, 4 MB, 28.88 load
[runlim] sample:		2199.57 time, 2210.01 real, 4 MB, 28.97 load
[runlim] sample:		2209.52 time, 2220.01 real, 4 MB, 28.98 load
[runlim] sample:		2219.48 time, 2230.01 real, 4 MB, 28.98 load
[runlim] sample:		2229.43 time, 2240.01 real, 4 MB, 29.13 load
[runlim] sample:		2239.39 time, 2250.01 real, 4 MB, 29.11 load
[runlim] sample:		2249.34 time, 2260.01 real, 4 MB, 29.09 load
[runlim] sample:		2259.30 time, 2270.01 real, 4 MB, 29.24 load
[runlim] sample:		2269.25 time, 2280.01 real, 4 MB, 29.20 load
[runlim] sample:		2279.21 time, 2290.01 real, 4 MB, 29.10 load
[runlim] sample:		2289.16 time, 2300.01 real, 4 MB, 29.01 load
[runlim] sample:		2299.12 time, 2310.01 real, 4 MB, 28.85 load
[runlim] sample:		2309.07 time, 2320.01 real, 4 MB, 28.72 load
[runlim] sample:		2319.03 time, 2330.01 real, 4 MB, 28.61 load
[runlim] sample:		2328.99 time, 2340.01 real, 4 MB, 28.52 load
[runlim] sample:		2338.94 time, 2350.01 real, 4 MB, 28.51 load
[runlim] sample:		2348.90 time, 2360.01 real, 4 MB, 28.43 load
[runlim] sample:		2358.85 time, 2370.01 real, 4 MB, 28.36 load
[runlim] sample:		2368.81 time, 2380.01 real, 4 MB, 28.31 load
[runlim] sample:		2378.77 time, 2390.01 real, 4 MB, 28.26 load
[runlim] sample:		2388.72 time, 2400.01 real, 4 MB, 28.30 load
[runlim] sample:		2398.68 time, 2410.01 real, 4 MB, 28.40 load
[runlim] sample:		2408.63 time, 2420.01 real, 4 MB, 28.34 load
[runlim] sample:		2418.59 time, 2430.01 real, 4 MB, 28.29 load
[runlim] sample:		2428.54 time, 2440.01 real, 4 MB, 28.24 load
[runlim] sample:		2438.50 time, 2450.01 real, 4 MB, 28.20 load
[runlim] sample:		2448.45 time, 2460.01 real, 4 MB, 28.17 load
[runlim] sample:		2458.41 time, 2470.01 real, 4 MB, 28.15 load
[runlim] sample:		2468.36 time, 2480.01 real, 4 MB, 28.36 load
[runlim] sample:		2478.32 time, 2490.01 real, 4 MB, 28.31 load
[runlim] sample:		2488.27 time, 2500.01 real, 4 MB, 28.26 load
[runlim] sample:		2498.23 time, 2510.01 real, 4 MB, 28.22 load
[runlim] sample:		2508.18 time, 2520.01 real, 4 MB, 28.18 load
[runlim] sample:		2518.14 time, 2530.01 real, 4 MB, 28.16 load
[runlim] sample:		2528.09 time, 2540.01 real, 4 MB, 28.13 load
[runlim] sample:		2538.05 time, 2550.01 real, 4 MB, 28.11 load
[runlim] sample:		2548.00 time, 2560.01 real, 4 MB, 28.09 load
[runlim] sample:		2557.96 time, 2570.01 real, 4 MB, 28.08 load
[runlim] sample:		2567.91 time, 2580.01 real, 4 MB, 28.07 load
[runlim] sample:		2577.87 time, 2590.01 real, 4 MB, 28.13 load
[runlim] sample:		2587.82 time, 2600.01 real, 4 MB, 28.11 load
[runlim] sample:		2597.78 time, 2610.01 real, 4 MB, 28.09 load
[runlim] sample:		2607.73 time, 2620.01 real, 4 MB, 28.08 load
[runlim] sample:		2617.69 time, 2630.01 real, 4 MB, 28.07 load
[runlim] sample:		2627.64 time, 2640.01 real, 4 MB, 28.06 load
[runlim] sample:		2637.59 time, 2650.01 real, 4 MB, 28.27 load
[runlim] sample:		2647.55 time, 2660.01 real, 4 MB, 28.23 load
[runlim] sample:		2657.50 time, 2670.01 real, 4 MB, 28.19 load
[runlim] sample:		2667.46 time, 2680.01 real, 4 MB, 28.16 load
[runlim] sample:		2677.41 time, 2690.01 real, 4 MB, 28.14 load
[runlim] sample:		2687.36 time, 2700.01 real, 4 MB, 28.19 load
[runlim] sample:		2697.32 time, 2710.01 real, 4 MB, 28.23 load
[runlim] sample:		2707.27 time, 2720.01 real, 4 MB, 28.28 load
[runlim] sample:		2717.22 time, 2730.01 real, 4 MB, 28.23 load
[runlim] sample:		2727.18 time, 2740.01 real, 4 MB, 28.20 load
[runlim] sample:		2737.13 time, 2750.01 real, 4 MB, 28.17 load
[runlim] sample:		2747.09 time, 2760.01 real, 4 MB, 28.14 load
[runlim] sample:		2757.04 time, 2770.01 real, 4 MB, 28.42 load
[runlim] sample:		2767.00 time, 2780.01 real, 4 MB, 28.36 load
[runlim] sample:		2776.95 time, 2790.01 real, 4 MB, 28.30 load
[runlim] sample:		2786.91 time, 2800.01 real, 4 MB, 28.25 load
[runlim] sample:		2796.86 time, 2810.01 real, 4 MB, 28.21 load
[runlim] sample:		2806.82 time, 2820.01 real, 4 MB, 28.18 load
[runlim] sample:		2816.77 time, 2830.01 real, 4 MB, 28.23 load
[runlim] sample:		2826.73 time, 2840.01 real, 4 MB, 28.19 load
[runlim] sample:		2836.68 time, 2850.01 real, 4 MB, 28.16 load
[runlim] sample:		2846.63 time, 2860.01 real, 4 MB, 28.14 load
[runlim] sample:		2856.59 time, 2870.01 real, 4 MB, 28.11 load
[runlim] sample:		2866.54 time, 2880.01 real, 4 MB, 28.10 load
[runlim] sample:		2876.50 time, 2890.01 real, 4 MB, 28.24 load
[runlim] sample:		2886.45 time, 2900.01 real, 4 MB, 28.20 load
[runlim] sample:		2896.41 time, 2910.01 real, 4 MB, 28.24 load
[runlim] sample:		2906.36 time, 2920.01 real, 4 MB, 28.28 load
[runlim] sample:		2916.32 time, 2930.01 real, 4 MB, 28.24 load
[runlim] sample:		2926.27 time, 2940.01 real, 4 MB, 28.20 load
[runlim] sample:		2936.22 time, 2950.01 real, 4 MB, 28.24 load
[runlim] sample:		2946.18 time, 2960.01 real, 4 MB, 28.20 load
[runlim] sample:		2956.13 time, 2970.01 real, 4 MB, 28.17 load
[runlim] sample:		2966.09 time, 2980.01 real, 4 MB, 28.23 load
[runlim] sample:		2976.04 time, 2990.01 real, 4 MB, 28.19 load
[runlim] sample:		2985.99 time, 3000.01 real, 4 MB, 28.16 load
[runlim] sample:		2995.95 time, 3010.01 real, 4 MB, 28.14 load
[runlim] sample:		3005.90 time, 3020.01 real, 4 MB, 28.19 load
[runlim] sample:		3015.85 time, 3030.01 real, 4 MB, 28.16 load
[runlim] sample:		3025.81 time, 3040.01 real, 4 MB, 28.13 load
[runlim] sample:		3035.76 time, 3050.01 real, 4 MB, 28.11 load
[runlim] sample:		3045.72 time, 3060.01 real, 4 MB, 28.10 load
[runlim] sample:		3055.67 time, 3070.01 real, 4 MB, 28.23 load
[runlim] sample:		3065.62 time, 3080.01 real, 4 MB, 28.20 load
[runlim] sample:		3075.58 time, 3090.01 real, 4 MB, 28.17 load
[runlim] sample:		3085.53 time, 3100.01 real, 4 MB, 28.14 load
[runlim] sample:		3095.49 time, 3110.01 real, 4 MB, 28.12 load
[runlim] sample:		3105.44 time, 3120.01 real, 4 MB, 28.10 load
[runlim] sample:		3115.39 time, 3130.01 real, 4 MB, 28.08 load
[runlim] sample:		3125.35 time, 3140.01 real, 4 MB, 28.07 load
[runlim] sample:		3135.30 time, 3150.01 real, 4 MB, 28.06 load
[runlim] sample:		3145.26 time, 3160.01 real, 4 MB, 28.05 load
[runlim] sample:		3155.21 time, 3170.01 real, 4 MB, 28.04 load
[runlim] sample:		3165.16 time, 3180.01 real, 4 MB, 28.04 load
[runlim] sample:		3175.12 time, 3190.01 real, 4 MB, 28.03 load
[runlim] sample:		3185.07 time, 3200.01 real, 4 MB, 28.02 load
[runlim] sample:		3195.03 time, 3210.01 real, 4 MB, 28.02 load
[runlim] sample:		3204.98 time, 3220.01 real, 4 MB, 28.02 load
[runlim] sample:		3214.94 time, 3230.01 real, 4 MB, 28.01 load
[runlim] sample:		3224.89 time, 3240.01 real, 4 MB, 28.01 load
[runlim] sample:		3234.84 time, 3250.01 real, 4 MB, 28.01 load
[runlim] sample:		3244.80 time, 3260.01 real, 4 MB, 28.01 load
[runlim] sample:		3254.75 time, 3270.01 real, 4 MB, 28.09 load
[runlim] sample:		3264.71 time, 3280.01 real, 4 MB, 28.07 load
[runlim] sample:		3274.66 time, 3290.01 real, 4 MB, 28.06 load
[runlim] sample:		3284.62 time, 3300.01 real, 4 MB, 28.05 load
[runlim] sample:		3294.57 time, 3310.01 real, 4 MB, 28.04 load
[runlim] sample:		3304.52 time, 3320.01 real, 4 MB, 28.04 load
[runlim] sample:		3314.48 time, 3330.01 real, 4 MB, 28.03 load
[runlim] sample:		3324.43 time, 3340.01 real, 4 MB, 28.02 load
[runlim] sample:		3334.39 time, 3350.01 real, 4 MB, 28.09 load
[runlim] sample:		3344.34 time, 3360.01 real, 4 MB, 28.08 load
[runlim] sample:		3354.30 time, 3370.01 real, 4 MB, 28.07 load
[runlim] sample:		3364.25 time, 3380.01 real, 4 MB, 28.06 load
[runlim] sample:		3374.21 time, 3390.01 real, 4 MB, 28.05 load
[runlim] sample:		3384.16 time, 3400.01 real, 4 MB, 28.04 load
[runlim] sample:		3394.11 time, 3410.01 real, 4 MB, 28.18 load
[runlim] sample:		3404.07 time, 3420.01 real, 4 MB, 28.15 load
[runlim] sample:		3414.02 time, 3430.01 real, 4 MB, 28.13 load
[runlim] sample:		3423.98 time, 3440.01 real, 4 MB, 28.11 load
[runlim] sample:		3433.93 time, 3450.01 real, 4 MB, 28.09 load
[runlim] sample:		3443.89 time, 3460.01 real, 4 MB, 28.08 load
[runlim] sample:		3453.84 time, 3470.01 real, 4 MB, 28.06 load
[runlim] sample:		3463.79 time, 3480.01 real, 4 MB, 28.13 load
[runlim] sample:		3473.75 time, 3490.01 real, 4 MB, 28.19 load
[runlim] sample:		3483.70 time, 3500.01 real, 4 MB, 28.24 load
[runlim] sample:		3493.66 time, 3510.01 real, 4 MB, 28.20 load
[runlim] sample:		3503.61 time, 3520.01 real, 4 MB, 28.17 load
[runlim] sample:		3513.57 time, 3530.01 real, 4 MB, 28.14 load
[runlim] sample:		3523.52 time, 3540.01 real, 4 MB, 28.12 load
[runlim] sample:		3533.47 time, 3550.01 real, 4 MB, 28.10 load
[runlim] sample:		3543.43 time, 3560.01 real, 4 MB, 28.09 load
[runlim] sample:		3553.38 time, 3570.01 real, 4 MB, 28.07 load
[runlim] sample:		3563.34 time, 3580.01 real, 4 MB, 28.06 load
[runlim] sample:		3573.29 time, 3590.01 real, 4 MB, 28.12 load
[runlim] sample:		3583.24 time, 3600.01 real, 4 MB, 28.18 load
[runlim] sample:		3593.20 time, 3610.01 real, 4 MB, 28.15 load
[runlim] sample:		3603.15 time, 3620.01 real, 4 MB, 28.13 load
[runlim] sample:		3613.10 time, 3630.01 real, 4 MB, 28.19 load
[runlim] sample:		3623.06 time, 3640.01 real, 4 MB, 28.16 load
[runlim] sample:		3633.01 time, 3650.01 real, 4 MB, 28.21 load
[runlim] sample:		3642.96 time, 3660.01 real, 4 MB, 28.18 load
[runlim] sample:		3652.92 time, 3670.01 real, 4 MB, 28.15 load
[runlim] sample:		3662.87 time, 3680.01 real, 4 MB, 28.12 load
[runlim] sample:		3672.83 time, 3690.01 real, 4 MB, 28.10 load
[runlim] sample:		3682.78 time, 3700.01 real, 4 MB, 28.09 load
[runlim] sample:		3692.74 time, 3710.01 real, 4 MB, 28.15 load
[runlim] sample:		3702.69 time, 3720.01 real, 4 MB, 28.12 load
[runlim] sample:		3712.65 time, 3730.01 real, 4 MB, 28.11 load
[runlim] sample:		3722.60 time, 3740.01 real, 4 MB, 28.09 load
[runlim] sample:		3732.56 time, 3750.01 real, 4 MB, 28.07 load
[runlim] sample:		3742.51 time, 3760.01 real, 4 MB, 28.06 load
[runlim] sample:		3752.46 time, 3770.01 real, 4 MB, 28.21 load
[runlim] sample:		3762.42 time, 3780.01 real, 4 MB, 28.17 load
[runlim] sample:		3772.37 time, 3790.01 real, 4 MB, 28.15 load
[runlim] sample:		3782.33 time, 3800.01 real, 4 MB, 28.12 load
[runlim] sample:		3792.28 time, 3810.01 real, 4 MB, 28.10 load
[runlim] sample:		3802.24 time, 3820.01 real, 4 MB, 28.16 load
[runlim] sample:		3812.19 time, 3830.01 real, 4 MB, 28.14 load
[runlim] sample:		3822.14 time, 3840.01 real, 4 MB, 28.12 load
[runlim] sample:		3832.10 time, 3850.01 real, 4 MB, 28.10 load
[runlim] sample:		3842.05 time, 3860.01 real, 4 MB, 28.08 load
[runlim] sample:		3852.01 time, 3870.01 real, 4 MB, 28.07 load
[runlim] sample:		3861.96 time, 3880.01 real, 4 MB, 28.06 load
[runlim] sample:		3871.91 time, 3890.01 real, 4 MB, 28.12 load
[runlim] sample:		3881.87 time, 3900.01 real, 4 MB, 28.10 load
[runlim] sample:		3891.82 time, 3910.01 real, 4 MB, 28.09 load
[runlim] sample:		3901.77 time, 3920.01 real, 4 MB, 28.07 load
[runlim] sample:		3911.73 time, 3930.01 real, 4 MB, 28.06 load
[runlim] sample:		3921.68 time, 3940.01 real, 4 MB, 28.05 load
[runlim] sample:		3931.63 time, 3950.01 real, 4 MB, 28.12 load
[runlim] sample:		3941.58 time, 3960.01 real, 4 MB, 28.10 load
[runlim] sample:		3951.54 time, 3970.01 real, 4 MB, 28.08 load
[runlim] sample:		3961.49 time, 3980.01 real, 4 MB, 28.15 load
[runlim] sample:		3971.44 time, 3990.01 real, 4 MB, 28.13 load
[runlim] sample:		3981.39 time, 4000.01 real, 4 MB, 28.11 load
[runlim] sample:		3991.35 time, 4010.01 real, 4 MB, 28.24 load
[runlim] sample:		4001.30 time, 4020.01 real, 4 MB, 28.20 load
[runlim] sample:		4011.26 time, 4030.01 real, 4 MB, 28.17 load
[runlim] sample:		4021.21 time, 4040.01 real, 4 MB, 28.14 load
[runlim] sample:		4031.16 time, 4050.01 real, 4 MB, 28.12 load
[runlim] sample:		4041.12 time, 4060.01 real, 4 MB, 28.10 load
[runlim] sample:		4051.07 time, 4070.01 real, 4 MB, 28.16 load
[runlim] sample:		4061.03 time, 4080.01 real, 4 MB, 28.13 load
[runlim] sample:		4070.98 time, 4090.01 real, 4 MB, 28.11 load
[runlim] sample:		4080.94 time, 4100.01 real, 4 MB, 28.10 load
[runlim] sample:		4090.89 time, 4110.01 real, 4 MB, 28.08 load
[runlim] sample:		4100.84 time, 4120.01 real, 4 MB, 28.07 load
[runlim] sample:		4110.80 time, 4130.01 real, 4 MB, 28.13 load
[runlim] sample:		4120.75 time, 4140.01 real, 4 MB, 28.11 load
[runlim] sample:		4130.70 time, 4150.01 real, 4 MB, 28.09 load
[runlim] sample:		4140.66 time, 4160.01 real, 4 MB, 28.08 load
[runlim] sample:		4150.61 time, 4170.01 real, 4 MB, 28.07 load
[runlim] sample:		4160.56 time, 4180.01 real, 4 MB, 28.06 load
[runlim] sample:		4170.52 time, 4190.01 real, 4 MB, 28.12 load
[runlim] sample:		4180.47 time, 4200.01 real, 4 MB, 28.18 load
[runlim] sample:		4190.42 time, 4210.01 real, 4 MB, 28.15 load
[runlim] sample:		4200.37 time, 4220.01 real, 4 MB, 28.12 load
[runlim] sample:		4210.33 time, 4230.01 real, 4 MB, 28.10 load
[runlim] sample:		4220.28 time, 4240.01 real, 4 MB, 28.16 load
[runlim] sample:		4230.24 time, 4250.01 real, 4 MB, 28.14 load
[runlim] sample:		4240.19 time, 4260.01 real, 4 MB, 28.12 load
[runlim] sample:		4250.14 time, 4270.01 real, 4 MB, 28.18 load
[runlim] sample:		4260.10 time, 4280.01 real, 4 MB, 28.15 load
[runlim] sample:		4270.05 time, 4290.01 real, 4 MB, 28.13 load
[runlim] sample:		4280.00 time, 4300.01 real, 4 MB, 28.11 load
[runlim] sample:		4289.96 time, 4310.01 real, 4 MB, 28.09 load
[runlim] sample:		4299.91 time, 4320.01 real, 4 MB, 28.08 load
[runlim] sample:		4309.87 time, 4330.01 real, 4 MB, 28.06 load
[runlim] sample:		4319.82 time, 4340.01 real, 4 MB, 28.05 load
[runlim] sample:		4329.78 time, 4350.01 real, 4 MB, 28.04 load
[runlim] sample:		4339.73 time, 4360.01 real, 4 MB, 28.04 load
[runlim] sample:		4349.68 time, 4370.01 real, 4 MB, 28.03 load
[runlim] sample:		4359.64 time, 4380.01 real, 4 MB, 28.03 load
[runlim] sample:		4369.59 time, 4390.01 real, 4 MB, 28.02 load
[runlim] sample:		4379.55 time, 4400.01 real, 4 MB, 28.02 load
[runlim] sample:		4389.50 time, 4410.01 real, 4 MB, 28.09 load
[runlim] sample:		4399.46 time, 4420.01 real, 4 MB, 28.07 load
[runlim] sample:		4409.41 time, 4430.01 real, 4 MB, 28.06 load
[runlim] sample:		4419.36 time, 4440.01 real, 4 MB, 28.05 load
[runlim] sample:		4429.32 time, 4450.01 real, 4 MB, 28.04 load
[runlim] sample:		4439.27 time, 4460.01 real, 4 MB, 28.04 load
[runlim] sample:		4449.22 time, 4470.01 real, 4 MB, 28.03 load
[runlim] sample:		4459.18 time, 4480.01 real, 4 MB, 28.11 load
[runlim] sample:		4469.13 time, 4490.01 real, 4 MB, 28.09 load
[runlim] sample:		4479.08 time, 4500.01 real, 4 MB, 28.08 load
[runlim] sample:		4489.04 time, 4510.01 real, 4 MB, 28.06 load
[runlim] sample:		4498.99 time, 4520.01 real, 4 MB, 28.05 load
[runlim] sample:		4508.94 time, 4530.01 real, 4 MB, 28.04 load
[runlim] sample:		4518.89 time, 4540.01 real, 4 MB, 28.04 load
[runlim] sample:		4528.85 time, 4550.01 real, 4 MB, 28.03 load
[runlim] sample:		4538.80 time, 4560.01 real, 4 MB, 28.03 load
[runlim] sample:		4548.75 time, 4570.01 real, 4 MB, 28.02 load
[runlim] sample:		4558.71 time, 4580.01 real, 4 MB, 28.02 load
[runlim] sample:		4568.66 time, 4590.01 real, 4 MB, 28.01 load
[runlim] sample:		4578.61 time, 4600.01 real, 4 MB, 28.01 load
[runlim] sample:		4588.57 time, 4610.01 real, 4 MB, 28.01 load
[runlim] sample:		4598.52 time, 4620.01 real, 4 MB, 28.01 load
[runlim] sample:		4608.47 time, 4630.01 real, 4 MB, 28.01 load
[runlim] sample:		4618.43 time, 4640.01 real, 4 MB, 28.00 load
[runlim] sample:		4628.38 time, 4650.01 real, 4 MB, 28.00 load
[runlim] sample:		4638.34 time, 4660.01 real, 4 MB, 28.00 load
[runlim] sample:		4648.29 time, 4670.01 real, 4 MB, 28.00 load
[runlim] sample:		4658.24 time, 4680.01 real, 4 MB, 28.00 load
[runlim] sample:		4668.20 time, 4690.01 real, 4 MB, 28.00 load
[runlim] sample:		4678.15 time, 4700.01 real, 4 MB, 28.08 load
[runlim] sample:		4688.11 time, 4710.01 real, 4 MB, 28.07 load
[runlim] sample:		4698.06 time, 4720.01 real, 4 MB, 28.06 load
[runlim] sample:		4708.01 time, 4730.01 real, 4 MB, 28.05 load
[runlim] sample:		4717.97 time, 4740.01 real, 4 MB, 28.04 load
[runlim] sample:		4727.92 time, 4750.01 real, 4 MB, 28.03 load
[runlim] sample:		4737.87 time, 4760.01 real, 4 MB, 28.03 load
[runlim] sample:		4747.83 time, 4770.01 real, 4 MB, 28.10 load
[runlim] sample:		4757.78 time, 4780.01 real, 4 MB, 28.09 load
[runlim] sample:		4767.73 time, 4790.01 real, 4 MB, 28.07 load
[runlim] sample:		4777.69 time, 4800.01 real, 4 MB, 28.06 load
[runlim] sample:		4787.64 time, 4810.01 real, 4 MB, 28.05 load
[runlim] sample:		4797.59 time, 4820.01 real, 4 MB, 28.04 load
[runlim] sample:		4807.55 time, 4830.01 real, 4 MB, 28.04 load
[runlim] sample:		4817.50 time, 4840.01 real, 4 MB, 28.03 load
[runlim] sample:		4827.46 time, 4850.01 real, 4 MB, 28.11 load
[runlim] sample:		4837.41 time, 4860.01 real, 4 MB, 28.09 load
[runlim] sample:		4847.36 time, 4870.01 real, 4 MB, 28.07 load
[runlim] sample:		4857.32 time, 4880.01 real, 4 MB, 28.06 load
[runlim] sample:		4867.27 time, 4890.01 real, 4 MB, 28.05 load
[runlim] sample:		4877.22 time, 4900.01 real, 4 MB, 28.04 load
[runlim] sample:		4887.18 time, 4910.01 real, 4 MB, 28.19 load
[runlim] sample:		4897.13 time, 4920.01 real, 4 MB, 28.16 load
[runlim] sample:		4907.08 time, 4930.01 real, 4 MB, 28.14 load
[runlim] sample:		4917.04 time, 4940.01 real, 4 MB, 28.11 load
[runlim] sample:		4926.99 time, 4950.01 real, 4 MB, 28.10 load
[runlim] sample:		4936.94 time, 4960.01 real, 4 MB, 28.08 load
[runlim] sample:		4946.90 time, 4970.01 real, 4 MB, 28.15 load
[runlim] sample:		4956.85 time, 4980.01 real, 4 MB, 28.21 load
[runlim] sample:		4966.80 time, 4990.01 real, 4 MB, 27.85 load
[runlim] sample:		4976.75 time, 5000.01 real, 4 MB, 26.48 load
[runlim] end:			Thu Apr  9 23:08:29 2026
[runlim] status:		out of time
[runlim] result:		2
[runlim] children:		1
[runlim] processes:		2
[runlim] real:			5000.05 seconds
[runlim] time:			4976.75 seconds
[runlim] space:			4 MB
[runlim] load:			33.65 maximum
[runlim] samples:		50000
