[runlim] version:		2.0.0rc1
[runlim] host:			m05n05
[runlim] time limit:		311040000 seconds
[runlim] real time limit:	5000 seconds
[runlim] space limit:		7000 MB
[runlim] argv[0]:		./binary
[runlim] argv[1]:		-c
[runlim] argv[2]:		/tmp/local-unzipped-12459997-1-41-mc2025_track1_125.cnf
[runlim] start:			Thu Apr  9 21:40:54 2026
[runlim] child:			3791947
[runlim] sample:		9.93 time, 10.01 real, 5 MB, 17.85 load
[runlim] sample:		19.86 time, 20.01 real, 5 MB, 23.04 load
[runlim] sample:		29.75 time, 30.01 real, 6 MB, 28.89 load
[runlim] sample:		39.68 time, 40.01 real, 6 MB, 33.91 load
[runlim] sample:		49.61 time, 50.01 real, 6 MB, 38.07 load
[runlim] sample:		59.54 time, 60.01 real, 6 MB, 41.60 load
[runlim] sample:		69.48 time, 70.01 real, 7 MB, 44.74 load
[runlim] sample:		79.41 time, 80.01 real, 7 MB, 47.32 load
[runlim] sample:		89.34 time, 90.01 real, 8 MB, 49.57 load
[runlim] sample:		99.27 time, 100.01 real, 8 MB, 51.48 load
[runlim] sample:		109.20 time, 110.01 real, 8 MB, 53.02 load
[runlim] sample:		119.12 time, 120.01 real, 8 MB, 54.24 load
[runlim] sample:		129.05 time, 130.01 real, 9 MB, 55.36 load
[runlim] sample:		138.97 time, 140.01 real, 9 MB, 56.30 load
[runlim] sample:		148.90 time, 150.01 real, 9 MB, 57.03 load
[runlim] sample:		158.83 time, 160.01 real, 10 MB, 57.71 load
[runlim] sample:		168.76 time, 170.01 real, 10 MB, 58.22 load
[runlim] sample:		178.69 time, 180.01 real, 10 MB, 58.65 load
[runlim] sample:		188.62 time, 190.01 real, 10 MB, 58.93 load
[runlim] sample:		198.54 time, 200.01 real, 20 MB, 59.10 load
[runlim] sample:		208.47 time, 210.01 real, 20 MB, 59.08 load
[runlim] sample:		218.39 time, 220.01 real, 13 MB, 59.14 load
[runlim] sample:		228.32 time, 230.01 real, 13 MB, 59.12 load
[runlim] sample:		238.25 time, 240.01 real, 13 MB, 59.10 load
[runlim] sample:		248.18 time, 250.01 real, 13 MB, 59.25 load
[runlim] sample:		258.11 time, 260.01 real, 16 MB, 59.28 load
[runlim] sample:		268.04 time, 270.01 real, 17 MB, 59.24 load
[runlim] sample:		277.98 time, 280.01 real, 17 MB, 59.28 load
[runlim] sample:		287.90 time, 290.01 real, 18 MB, 59.23 load
[runlim] sample:		297.84 time, 300.01 real, 36 MB, 59.35 load
[runlim] end:			Thu Apr  9 21:45:56 2026
[runlim] status:		ok
[runlim] result:		20
[runlim] children:		1
[runlim] processes:		2
[runlim] real:			302.00 seconds
[runlim] time:			299.73 seconds
[runlim] space:			36 MB
[runlim] load:			59.35 maximum
[runlim] samples:		3019
