[runlim] version:		2.0.0rc1
[runlim] host:			m05n05
[runlim] time limit:		311040000 seconds
[runlim] real time limit:	5000 seconds
[runlim] space limit:		7000 MB
[runlim] argv[0]:		./binary
[runlim] argv[1]:		-c
[runlim] argv[2]:		/tmp/local-unzipped-12459997-1-13-mc2025_track1_075.cnf
[runlim] start:			Thu Apr  9 21:40:26 2026
[runlim] child:			3790999
[runlim] sample:		9.94 time, 10.01 real, 21 MB, 8.45 load
[runlim] sample:		19.89 time, 20.01 real, 25 MB, 11.47 load
[runlim] sample:		29.82 time, 30.01 real, 28 MB, 15.49 load
[runlim] sample:		39.76 time, 40.01 real, 30 MB, 20.35 load
[runlim] sample:		49.70 time, 50.01 real, 32 MB, 25.92 load
[runlim] sample:		59.63 time, 60.01 real, 33 MB, 31.46 load
[runlim] sample:		69.57 time, 70.01 real, 36 MB, 36.08 load
[runlim] sample:		79.51 time, 80.01 real, 39 MB, 39.91 load
[runlim] sample:		89.45 time, 90.01 real, 40 MB, 43.15 load
[runlim] sample:		99.39 time, 100.01 real, 40 MB, 46.04 load
[runlim] sample:		109.33 time, 110.01 real, 40 MB, 48.58 load
[runlim] sample:		119.27 time, 120.01 real, 73 MB, 50.65 load
[runlim] sample:		129.21 time, 130.01 real, 73 MB, 52.32 load
[runlim] sample:		139.15 time, 140.01 real, 75 MB, 53.66 load
[runlim] sample:		149.10 time, 150.01 real, 76 MB, 54.79 load
[runlim] sample:		159.04 time, 160.01 real, 76 MB, 55.89 load
[runlim] sample:		168.98 time, 170.01 real, 78 MB, 56.68 load
[runlim] sample:		178.91 time, 180.01 real, 79 MB, 57.43 load
[runlim] sample:		188.85 time, 190.01 real, 48 MB, 57.98 load
[runlim] sample:		198.79 time, 200.01 real, 50 MB, 58.44 load
[runlim] sample:		208.73 time, 210.01 real, 82 MB, 58.75 load
[runlim] sample:		218.67 time, 220.01 real, 53 MB, 59.02 load
[runlim] end:			Thu Apr  9 21:44:10 2026
[runlim] status:		ok
[runlim] result:		20
[runlim] children:		1
[runlim] processes:		2
[runlim] real:			224.43 seconds
[runlim] time:			223.04 seconds
[runlim] space:			100 MB
[runlim] load:			59.10 maximum
[runlim] samples:		2244
