[runlim] version:		2.0.0rc1
[runlim] host:			m07n01
[runlim] time limit:		311040000 seconds
[runlim] real time limit:	5000 seconds
[runlim] space limit:		7000 MB
[runlim] argv[0]:		./binary
[runlim] argv[1]:		-c
[runlim] argv[2]:		/tmp/local-unzipped-12459997-2-80-mc2025_track1_019.cnf
[runlim] start:			Thu Apr  9 21:45:10 2026
[runlim] child:			2371701
[runlim] sample:		9.96 time, 10.01 real, 3 MB, 13.52 load
[runlim] sample:		19.90 time, 20.01 real, 3 MB, 15.91 load
[runlim] sample:		29.86 time, 30.01 real, 3 MB, 18.61 load
[runlim] sample:		39.81 time, 40.01 real, 3 MB, 20.83 load
[runlim] sample:		49.77 time, 50.01 real, 3 MB, 22.70 load
[runlim] sample:		59.72 time, 60.01 real, 3 MB, 24.28 load
[runlim] sample:		69.68 time, 70.01 real, 3 MB, 25.62 load
[runlim] sample:		79.63 time, 80.01 real, 3 MB, 26.91 load
[runlim] sample:		89.59 time, 90.01 real, 3 MB, 27.84 load
[runlim] sample:		99.54 time, 100.01 real, 3 MB, 28.64 load
[runlim] sample:		109.50 time, 110.01 real, 3 MB, 29.31 load
[runlim] sample:		119.45 time, 120.01 real, 3 MB, 29.88 load
[runlim] sample:		129.41 time, 130.01 real, 3 MB, 30.36 load
[runlim] sample:		139.36 time, 140.01 real, 3 MB, 30.84 load
[runlim] sample:		149.32 time, 150.01 real, 3 MB, 31.18 load
[runlim] sample:		159.27 time, 160.01 real, 3 MB, 31.46 load
[runlim] sample:		169.22 time, 170.01 real, 3 MB, 31.69 load
[runlim] sample:		179.17 time, 180.01 real, 3 MB, 31.90 load
[runlim] sample:		189.13 time, 190.01 real, 3 MB, 32.07 load
[runlim] sample:		199.08 time, 200.01 real, 3 MB, 32.29 load
[runlim] sample:		209.04 time, 210.01 real, 3 MB, 32.40 load
[runlim] sample:		218.99 time, 220.01 real, 3 MB, 32.49 load
[runlim] sample:		228.95 time, 230.01 real, 3 MB, 32.72 load
[runlim] sample:		238.90 time, 240.01 real, 3 MB, 33.65 load
[runlim] sample:		248.85 time, 250.01 real, 3 MB, 33.55 load
[runlim] sample:		258.81 time, 260.01 real, 3 MB, 33.46 load
[runlim] sample:		268.76 time, 270.01 real, 3 MB, 33.47 load
[runlim] sample:		278.70 time, 280.01 real, 3 MB, 33.40 load
[runlim] sample:		288.65 time, 290.01 real, 3 MB, 33.34 load
[runlim] sample:		298.60 time, 300.01 real, 3 MB, 33.37 load
[runlim] sample:		308.55 time, 310.01 real, 3 MB, 33.31 load
[runlim] sample:		318.51 time, 320.01 real, 3 MB, 33.26 load
[runlim] sample:		328.46 time, 330.01 real, 3 MB, 33.22 load
[runlim] sample:		338.41 time, 340.01 real, 3 MB, 33.19 load
[runlim] sample:		348.36 time, 350.01 real, 3 MB, 33.16 load
[runlim] sample:		358.31 time, 360.01 real, 3 MB, 33.13 load
[runlim] sample:		368.26 time, 370.01 real, 3 MB, 33.11 load
[runlim] sample:		378.22 time, 380.01 real, 3 MB, 33.24 load
[runlim] sample:		388.17 time, 390.01 real, 3 MB, 33.20 load
[runlim] sample:		398.12 time, 400.01 real, 3 MB, 33.25 load
[runlim] sample:		408.07 time, 410.01 real, 3 MB, 33.36 load
[runlim] sample:		418.02 time, 420.01 real, 3 MB, 33.30 load
[runlim] sample:		427.97 time, 430.01 real, 3 MB, 33.25 load
[runlim] sample:		437.93 time, 440.01 real, 3 MB, 33.21 load
[runlim] sample:		447.88 time, 450.01 real, 3 MB, 33.18 load
[runlim] sample:		457.83 time, 460.01 real, 3 MB, 33.23 load
[runlim] sample:		467.78 time, 470.01 real, 3 MB, 33.19 load
[runlim] sample:		477.73 time, 480.01 real, 3 MB, 33.24 load
[runlim] sample:		487.69 time, 490.01 real, 3 MB, 33.28 load
[runlim] sample:		497.64 time, 500.01 real, 3 MB, 33.24 load
[runlim] sample:		507.59 time, 510.01 real, 3 MB, 33.27 load
[runlim] sample:		517.54 time, 520.01 real, 3 MB, 33.23 load
[runlim] sample:		527.49 time, 530.01 real, 3 MB, 33.19 load
[runlim] sample:		537.45 time, 540.01 real, 3 MB, 33.16 load
[runlim] sample:		547.40 time, 550.01 real, 3 MB, 33.14 load
[runlim] sample:		557.35 time, 560.01 real, 3 MB, 33.12 load
[runlim] sample:		567.30 time, 570.01 real, 3 MB, 33.17 load
[runlim] sample:		577.25 time, 580.01 real, 3 MB, 33.22 load
[runlim] sample:		587.20 time, 590.01 real, 3 MB, 33.19 load
[runlim] sample:		597.15 time, 600.01 real, 3 MB, 33.16 load
[runlim] sample:		607.10 time, 610.01 real, 3 MB, 33.21 load
[runlim] sample:		617.06 time, 620.01 real, 3 MB, 33.17 load
[runlim] sample:		627.01 time, 630.01 real, 3 MB, 33.15 load
[runlim] sample:		636.96 time, 640.01 real, 3 MB, 33.12 load
[runlim] sample:		646.91 time, 650.01 real, 3 MB, 33.10 load
[runlim] sample:		656.86 time, 660.01 real, 3 MB, 33.09 load
[runlim] sample:		666.82 time, 670.01 real, 3 MB, 33.07 load
[runlim] sample:		676.77 time, 680.01 real, 3 MB, 33.06 load
[runlim] sample:		686.73 time, 690.01 real, 3 MB, 33.13 load
[runlim] sample:		696.68 time, 700.01 real, 3 MB, 33.19 load
[runlim] sample:		706.64 time, 710.01 real, 3 MB, 33.16 load
[runlim] sample:		716.59 time, 720.01 real, 3 MB, 33.21 load
[runlim] sample:		726.54 time, 730.01 real, 3 MB, 33.11 load
[runlim] sample:		736.50 time, 740.01 real, 3 MB, 32.86 load
[runlim] sample:		746.45 time, 750.01 real, 3 MB, 32.57 load
[runlim] sample:		756.41 time, 760.01 real, 3 MB, 32.41 load
[runlim] sample:		766.36 time, 770.01 real, 3 MB, 32.27 load
[runlim] sample:		776.32 time, 780.01 real, 3 MB, 32.08 load
[runlim] sample:		786.27 time, 790.01 real, 3 MB, 31.91 load
[runlim] sample:		796.23 time, 800.01 real, 3 MB, 31.77 load
[runlim] sample:		806.19 time, 810.01 real, 3 MB, 31.65 load
[runlim] sample:		816.14 time, 820.01 real, 3 MB, 31.55 load
[runlim] sample:		826.10 time, 830.01 real, 3 MB, 31.46 load
[runlim] sample:		836.05 time, 840.01 real, 3 MB, 31.39 load
[runlim] sample:		846.01 time, 850.01 real, 3 MB, 31.33 load
[runlim] sample:		855.96 time, 860.01 real, 3 MB, 31.28 load
[runlim] sample:		865.92 time, 870.01 real, 3 MB, 31.24 load
[runlim] sample:		875.87 time, 880.01 real, 3 MB, 31.35 load
[runlim] sample:		885.83 time, 890.01 real, 3 MB, 31.29 load
[runlim] sample:		895.78 time, 900.01 real, 3 MB, 31.25 load
[runlim] sample:		905.74 time, 910.01 real, 3 MB, 31.28 load
[runlim] sample:		915.69 time, 920.01 real, 3 MB, 31.24 load
[runlim] sample:		925.65 time, 930.01 real, 3 MB, 31.20 load
[runlim] sample:		935.60 time, 940.01 real, 3 MB, 31.17 load
[runlim] sample:		945.56 time, 950.01 real, 3 MB, 31.14 load
[runlim] sample:		955.51 time, 960.01 real, 3 MB, 31.12 load
[runlim] sample:		965.47 time, 970.01 real, 3 MB, 31.18 load
[runlim] sample:		975.42 time, 980.01 real, 3 MB, 31.23 load
[runlim] sample:		985.38 time, 990.01 real, 3 MB, 31.27 load
[runlim] sample:		995.33 time, 1000.01 real, 3 MB, 31.23 load
[runlim] sample:		1005.29 time, 1010.01 real, 3 MB, 31.27 load
[runlim] sample:		1015.24 time, 1020.01 real, 3 MB, 31.22 load
[runlim] sample:		1025.19 time, 1030.01 real, 3 MB, 31.19 load
[runlim] sample:		1035.15 time, 1040.01 real, 3 MB, 31.16 load
[runlim] sample:		1045.10 time, 1050.01 real, 3 MB, 31.13 load
[runlim] sample:		1055.06 time, 1060.01 real, 3 MB, 31.11 load
[runlim] sample:		1065.02 time, 1070.01 real, 3 MB, 31.10 load
[runlim] sample:		1074.97 time, 1080.01 real, 3 MB, 31.08 load
[runlim] sample:		1084.93 time, 1090.01 real, 3 MB, 31.07 load
[runlim] sample:		1094.88 time, 1100.01 real, 3 MB, 31.06 load
[runlim] sample:		1104.84 time, 1110.01 real, 3 MB, 31.05 load
[runlim] sample:		1114.79 time, 1120.01 real, 3 MB, 31.11 load
[runlim] sample:		1124.75 time, 1130.01 real, 3 MB, 31.17 load
[runlim] sample:		1134.70 time, 1140.01 real, 3 MB, 31.14 load
[runlim] sample:		1144.66 time, 1150.01 real, 3 MB, 31.19 load
[runlim] sample:		1154.62 time, 1160.01 real, 3 MB, 31.16 load
[runlim] sample:		1164.57 time, 1170.01 real, 3 MB, 31.14 load
[runlim] sample:		1174.52 time, 1180.01 real, 3 MB, 31.12 load
[runlim] sample:		1184.47 time, 1190.01 real, 3 MB, 31.10 load
[runlim] sample:		1194.42 time, 1200.01 real, 3 MB, 31.08 load
[runlim] sample:		1204.38 time, 1210.01 real, 3 MB, 31.07 load
[runlim] sample:		1214.33 time, 1220.01 real, 3 MB, 31.06 load
[runlim] sample:		1224.28 time, 1230.01 real, 3 MB, 31.05 load
[runlim] sample:		1234.23 time, 1240.01 real, 3 MB, 31.04 load
[runlim] sample:		1244.18 time, 1250.01 real, 3 MB, 31.03 load
[runlim] sample:		1254.14 time, 1260.01 real, 3 MB, 31.03 load
[runlim] sample:		1264.09 time, 1270.01 real, 3 MB, 31.10 load
[runlim] sample:		1274.04 time, 1280.01 real, 3 MB, 31.09 load
[runlim] sample:		1283.99 time, 1290.01 real, 3 MB, 31.07 load
[runlim] sample:		1293.95 time, 1300.01 real, 3 MB, 31.06 load
[runlim] sample:		1303.90 time, 1310.01 real, 3 MB, 31.05 load
[runlim] sample:		1313.85 time, 1320.01 real, 3 MB, 31.04 load
[runlim] sample:		1323.81 time, 1330.01 real, 3 MB, 31.11 load
[runlim] sample:		1333.76 time, 1340.01 real, 3 MB, 31.25 load
[runlim] sample:		1343.71 time, 1350.01 real, 3 MB, 31.21 load
[runlim] sample:		1353.66 time, 1360.01 real, 3 MB, 31.18 load
[runlim] sample:		1363.62 time, 1370.01 real, 3 MB, 31.15 load
[runlim] sample:		1373.57 time, 1380.01 real, 3 MB, 31.13 load
[runlim] sample:		1383.52 time, 1390.01 real, 3 MB, 31.11 load
[runlim] sample:		1393.48 time, 1400.01 real, 3 MB, 31.09 load
[runlim] sample:		1403.43 time, 1410.01 real, 3 MB, 31.15 load
[runlim] sample:		1413.38 time, 1420.01 real, 3 MB, 31.13 load
[runlim] sample:		1423.34 time, 1430.01 real, 3 MB, 31.11 load
[runlim] sample:		1433.29 time, 1440.01 real, 3 MB, 31.09 load
[runlim] sample:		1443.24 time, 1450.01 real, 3 MB, 31.08 load
[runlim] sample:		1453.19 time, 1460.01 real, 3 MB, 31.14 load
[runlim] sample:		1463.14 time, 1470.01 real, 3 MB, 31.20 load
[runlim] sample:		1473.09 time, 1480.01 real, 3 MB, 31.25 load
[runlim] sample:		1483.05 time, 1490.01 real, 3 MB, 31.21 load
[runlim] sample:		1493.00 time, 1500.01 real, 3 MB, 31.18 load
[runlim] sample:		1502.96 time, 1510.01 real, 3 MB, 31.15 load
[runlim] sample:		1512.91 time, 1520.01 real, 3 MB, 31.21 load
[runlim] sample:		1522.87 time, 1530.01 real, 3 MB, 31.18 load
[runlim] sample:		1532.82 time, 1540.01 real, 3 MB, 31.15 load
[runlim] sample:		1542.78 time, 1550.01 real, 3 MB, 30.97 load
[runlim] sample:		1552.73 time, 1560.01 real, 3 MB, 30.82 load
[runlim] sample:		1562.69 time, 1570.01 real, 3 MB, 30.69 load
[runlim] sample:		1572.64 time, 1580.01 real, 3 MB, 30.67 load
[runlim] sample:		1582.60 time, 1590.01 real, 3 MB, 30.57 load
[runlim] sample:		1592.55 time, 1600.01 real, 3 MB, 30.48 load
[runlim] sample:		1602.50 time, 1610.01 real, 3 MB, 30.40 load
[runlim] sample:		1612.46 time, 1620.01 real, 3 MB, 30.19 load
[runlim] sample:		1622.41 time, 1630.01 real, 3 MB, 30.00 load
[runlim] sample:		1632.37 time, 1640.01 real, 3 MB, 29.85 load
[runlim] sample:		1642.32 time, 1650.01 real, 3 MB, 29.72 load
[runlim] sample:		1652.27 time, 1660.01 real, 3 MB, 29.68 load
[runlim] sample:		1662.23 time, 1670.01 real, 3 MB, 29.58 load
[runlim] sample:		1672.18 time, 1680.01 real, 3 MB, 29.49 load
[runlim] sample:		1682.13 time, 1690.01 real, 3 MB, 29.41 load
[runlim] sample:		1692.09 time, 1700.01 real, 3 MB, 29.35 load
[runlim] sample:		1702.04 time, 1710.01 real, 3 MB, 29.29 load
[runlim] sample:		1712.00 time, 1720.01 real, 3 MB, 29.25 load
[runlim] sample:		1721.95 time, 1730.01 real, 3 MB, 29.21 load
[runlim] sample:		1731.90 time, 1740.01 real, 3 MB, 29.18 load
[runlim] sample:		1741.86 time, 1750.01 real, 3 MB, 29.15 load
[runlim] sample:		1751.81 time, 1760.01 real, 3 MB, 29.13 load
[runlim] sample:		1761.77 time, 1770.01 real, 3 MB, 29.19 load
[runlim] sample:		1771.72 time, 1780.01 real, 3 MB, 29.16 load
[runlim] sample:		1781.67 time, 1790.01 real, 3 MB, 29.13 load
[runlim] sample:		1791.63 time, 1800.01 real, 3 MB, 29.11 load
[runlim] sample:		1801.58 time, 1810.01 real, 3 MB, 29.09 load
[runlim] sample:		1811.54 time, 1820.01 real, 3 MB, 29.08 load
[runlim] sample:		1821.49 time, 1830.01 real, 3 MB, 29.07 load
[runlim] sample:		1831.44 time, 1840.01 real, 3 MB, 29.14 load
[runlim] sample:		1841.40 time, 1850.01 real, 3 MB, 29.19 load
[runlim] sample:		1851.35 time, 1860.01 real, 3 MB, 29.16 load
[runlim] sample:		1861.31 time, 1870.01 real, 3 MB, 29.13 load
[runlim] sample:		1871.26 time, 1880.01 real, 3 MB, 29.11 load
[runlim] sample:		1881.22 time, 1890.01 real, 3 MB, 29.10 load
[runlim] sample:		1891.18 time, 1900.01 real, 3 MB, 29.08 load
[runlim] sample:		1901.13 time, 1910.01 real, 3 MB, 29.21 load
[runlim] sample:		1911.09 time, 1920.01 real, 3 MB, 29.18 load
[runlim] sample:		1921.04 time, 1930.01 real, 3 MB, 29.15 load
[runlim] sample:		1931.00 time, 1940.01 real, 3 MB, 29.13 load
[runlim] sample:		1940.95 time, 1950.01 real, 3 MB, 29.11 load
[runlim] sample:		1950.91 time, 1960.01 real, 3 MB, 29.09 load
[runlim] sample:		1960.86 time, 1970.01 real, 3 MB, 29.15 load
[runlim] sample:		1970.82 time, 1980.01 real, 3 MB, 29.21 load
[runlim] sample:		1980.77 time, 1990.01 real, 3 MB, 29.02 load
[runlim] sample:		1990.73 time, 2000.01 real, 3 MB, 28.86 load
[runlim] sample:		2000.68 time, 2010.01 real, 3 MB, 28.73 load
[runlim] sample:		2010.64 time, 2020.01 real, 3 MB, 28.62 load
[runlim] sample:		2020.59 time, 2030.01 real, 3 MB, 28.52 load
[runlim] sample:		2030.55 time, 2040.01 real, 3 MB, 28.44 load
[runlim] sample:		2040.50 time, 2050.01 real, 3 MB, 28.37 load
[runlim] sample:		2050.46 time, 2060.01 real, 3 MB, 28.32 load
[runlim] sample:		2060.41 time, 2070.01 real, 3 MB, 28.27 load
[runlim] sample:		2070.37 time, 2080.01 real, 3 MB, 28.22 load
[runlim] sample:		2080.32 time, 2090.01 real, 3 MB, 28.19 load
[runlim] sample:		2090.27 time, 2100.01 real, 3 MB, 28.24 load
[runlim] sample:		2100.23 time, 2110.01 real, 3 MB, 28.28 load
[runlim] sample:		2110.18 time, 2120.01 real, 3 MB, 28.46 load
[runlim] sample:		2120.14 time, 2130.01 real, 3 MB, 28.53 load
[runlim] sample:		2130.09 time, 2140.01 real, 3 MB, 28.60 load
[runlim] sample:		2140.05 time, 2150.01 real, 3 MB, 28.65 load
[runlim] sample:		2150.00 time, 2160.01 real, 3 MB, 28.85 load
[runlim] sample:		2159.96 time, 2170.01 real, 3 MB, 28.80 load
[runlim] sample:		2169.92 time, 2180.01 real, 3 MB, 28.82 load
[runlim] sample:		2179.87 time, 2190.01 real, 3 MB, 28.77 load
[runlim] sample:		2189.83 time, 2200.01 real, 3 MB, 28.88 load
[runlim] sample:		2199.79 time, 2210.01 real, 3 MB, 28.97 load
[runlim] sample:		2209.74 time, 2220.01 real, 3 MB, 28.98 load
[runlim] sample:		2219.70 time, 2230.01 real, 3 MB, 28.98 load
[runlim] sample:		2229.66 time, 2240.01 real, 3 MB, 29.13 load
[runlim] sample:		2239.61 time, 2250.01 real, 3 MB, 29.11 load
[runlim] sample:		2249.57 time, 2260.01 real, 3 MB, 29.09 load
[runlim] sample:		2259.53 time, 2270.01 real, 3 MB, 29.24 load
[runlim] sample:		2269.48 time, 2280.01 real, 3 MB, 29.20 load
[runlim] sample:		2279.44 time, 2290.01 real, 3 MB, 29.10 load
[runlim] sample:		2289.39 time, 2300.01 real, 3 MB, 29.01 load
[runlim] sample:		2299.35 time, 2310.01 real, 3 MB, 28.85 load
[runlim] sample:		2309.31 time, 2320.01 real, 3 MB, 28.72 load
[runlim] sample:		2319.26 time, 2330.01 real, 3 MB, 28.61 load
[runlim] sample:		2329.22 time, 2340.01 real, 3 MB, 28.52 load
[runlim] sample:		2339.18 time, 2350.01 real, 3 MB, 28.51 load
[runlim] sample:		2349.14 time, 2360.01 real, 3 MB, 28.43 load
[runlim] sample:		2359.09 time, 2370.01 real, 3 MB, 28.36 load
[runlim] sample:		2369.05 time, 2380.01 real, 3 MB, 28.31 load
[runlim] sample:		2379.01 time, 2390.01 real, 3 MB, 28.26 load
[runlim] sample:		2388.97 time, 2400.01 real, 3 MB, 28.30 load
[runlim] sample:		2398.92 time, 2410.01 real, 3 MB, 28.40 load
[runlim] sample:		2408.88 time, 2420.01 real, 3 MB, 28.34 load
[runlim] sample:		2418.84 time, 2430.01 real, 3 MB, 28.29 load
[runlim] sample:		2428.79 time, 2440.01 real, 3 MB, 28.24 load
[runlim] sample:		2438.75 time, 2450.01 real, 3 MB, 28.20 load
[runlim] sample:		2448.71 time, 2460.01 real, 3 MB, 28.17 load
[runlim] sample:		2458.66 time, 2470.01 real, 3 MB, 28.15 load
[runlim] sample:		2468.62 time, 2480.01 real, 3 MB, 28.36 load
[runlim] sample:		2478.57 time, 2490.01 real, 3 MB, 28.31 load
[runlim] sample:		2488.53 time, 2500.01 real, 3 MB, 28.26 load
[runlim] sample:		2498.49 time, 2510.01 real, 3 MB, 28.22 load
[runlim] sample:		2508.44 time, 2520.01 real, 3 MB, 28.18 load
[runlim] sample:		2518.40 time, 2530.01 real, 3 MB, 28.16 load
[runlim] sample:		2528.36 time, 2540.01 real, 3 MB, 28.13 load
[runlim] sample:		2538.31 time, 2550.01 real, 3 MB, 28.11 load
[runlim] sample:		2548.27 time, 2560.01 real, 3 MB, 28.09 load
[runlim] sample:		2558.23 time, 2570.01 real, 3 MB, 28.08 load
[runlim] sample:		2568.18 time, 2580.01 real, 3 MB, 28.07 load
[runlim] sample:		2578.14 time, 2590.01 real, 3 MB, 28.13 load
[runlim] sample:		2588.09 time, 2600.01 real, 3 MB, 28.11 load
[runlim] sample:		2598.05 time, 2610.01 real, 3 MB, 28.09 load
[runlim] sample:		2608.01 time, 2620.01 real, 3 MB, 28.08 load
[runlim] sample:		2617.96 time, 2630.01 real, 3 MB, 28.07 load
[runlim] sample:		2627.92 time, 2640.01 real, 3 MB, 28.06 load
[runlim] sample:		2637.87 time, 2650.01 real, 3 MB, 28.27 load
[runlim] sample:		2647.83 time, 2660.01 real, 3 MB, 28.23 load
[runlim] sample:		2657.79 time, 2670.01 real, 3 MB, 28.19 load
[runlim] sample:		2667.74 time, 2680.01 real, 3 MB, 28.16 load
[runlim] sample:		2677.70 time, 2690.01 real, 3 MB, 28.14 load
[runlim] sample:		2687.65 time, 2700.01 real, 3 MB, 28.19 load
[runlim] sample:		2697.61 time, 2710.01 real, 3 MB, 28.23 load
[runlim] sample:		2707.56 time, 2720.01 real, 3 MB, 28.28 load
[runlim] sample:		2717.52 time, 2730.01 real, 3 MB, 28.23 load
[runlim] sample:		2727.47 time, 2740.01 real, 3 MB, 28.20 load
[runlim] sample:		2737.43 time, 2750.01 real, 3 MB, 28.17 load
[runlim] sample:		2747.39 time, 2760.01 real, 3 MB, 28.14 load
[runlim] sample:		2757.34 time, 2770.01 real, 3 MB, 28.42 load
[runlim] sample:		2767.30 time, 2780.01 real, 3 MB, 28.36 load
[runlim] sample:		2777.26 time, 2790.01 real, 3 MB, 28.30 load
[runlim] sample:		2787.21 time, 2800.01 real, 3 MB, 28.25 load
[runlim] sample:		2797.17 time, 2810.01 real, 3 MB, 28.21 load
[runlim] sample:		2807.13 time, 2820.01 real, 3 MB, 28.18 load
[runlim] sample:		2817.08 time, 2830.01 real, 3 MB, 28.23 load
[runlim] sample:		2827.04 time, 2840.01 real, 3 MB, 28.19 load
[runlim] sample:		2837.00 time, 2850.01 real, 3 MB, 28.16 load
[runlim] sample:		2846.95 time, 2860.01 real, 3 MB, 28.14 load
[runlim] sample:		2856.91 time, 2870.01 real, 3 MB, 28.11 load
[runlim] sample:		2866.87 time, 2880.01 real, 3 MB, 28.10 load
[runlim] sample:		2876.82 time, 2890.01 real, 3 MB, 28.24 load
[runlim] sample:		2886.78 time, 2900.01 real, 3 MB, 28.20 load
[runlim] sample:		2896.74 time, 2910.01 real, 3 MB, 28.24 load
[runlim] sample:		2906.69 time, 2920.01 real, 3 MB, 28.28 load
[runlim] sample:		2916.65 time, 2930.01 real, 3 MB, 28.24 load
[runlim] sample:		2926.61 time, 2940.01 real, 3 MB, 28.20 load
[runlim] sample:		2936.56 time, 2950.01 real, 3 MB, 28.24 load
[runlim] sample:		2946.52 time, 2960.01 real, 3 MB, 28.20 load
[runlim] sample:		2956.47 time, 2970.01 real, 3 MB, 28.17 load
[runlim] sample:		2966.43 time, 2980.01 real, 3 MB, 28.23 load
[runlim] sample:		2976.38 time, 2990.01 real, 3 MB, 28.19 load
[runlim] sample:		2986.34 time, 3000.01 real, 3 MB, 28.16 load
[runlim] sample:		2996.29 time, 3010.01 real, 3 MB, 28.14 load
[runlim] sample:		3006.25 time, 3020.01 real, 3 MB, 28.19 load
[runlim] sample:		3016.20 time, 3030.01 real, 3 MB, 28.16 load
[runlim] sample:		3026.16 time, 3040.01 real, 3 MB, 28.13 load
[runlim] sample:		3036.12 time, 3050.01 real, 3 MB, 28.11 load
[runlim] sample:		3046.07 time, 3060.01 real, 3 MB, 28.10 load
[runlim] sample:		3056.03 time, 3070.01 real, 3 MB, 28.23 load
[runlim] sample:		3065.98 time, 3080.01 real, 3 MB, 28.20 load
[runlim] sample:		3075.94 time, 3090.01 real, 3 MB, 28.17 load
[runlim] sample:		3085.89 time, 3100.01 real, 3 MB, 28.14 load
[runlim] sample:		3095.85 time, 3110.01 real, 3 MB, 28.12 load
[runlim] sample:		3105.81 time, 3120.01 real, 3 MB, 28.10 load
[runlim] sample:		3115.76 time, 3130.01 real, 3 MB, 28.08 load
[runlim] sample:		3125.72 time, 3140.01 real, 3 MB, 28.07 load
[runlim] sample:		3135.67 time, 3150.01 real, 3 MB, 28.06 load
[runlim] sample:		3145.63 time, 3160.01 real, 3 MB, 28.05 load
[runlim] sample:		3155.58 time, 3170.01 real, 3 MB, 28.04 load
[runlim] sample:		3165.54 time, 3180.01 real, 3 MB, 28.04 load
[runlim] sample:		3175.49 time, 3190.01 real, 3 MB, 28.03 load
[runlim] sample:		3185.45 time, 3200.01 real, 3 MB, 28.02 load
[runlim] sample:		3195.41 time, 3210.01 real, 3 MB, 28.02 load
[runlim] sample:		3205.36 time, 3220.01 real, 3 MB, 28.02 load
[runlim] sample:		3215.32 time, 3230.01 real, 3 MB, 28.01 load
[runlim] sample:		3225.27 time, 3240.01 real, 3 MB, 28.01 load
[runlim] sample:		3235.23 time, 3250.01 real, 3 MB, 28.01 load
[runlim] sample:		3245.19 time, 3260.01 real, 3 MB, 28.01 load
[runlim] sample:		3255.14 time, 3270.01 real, 3 MB, 28.09 load
[runlim] sample:		3265.10 time, 3280.01 real, 3 MB, 28.07 load
[runlim] sample:		3275.06 time, 3290.01 real, 3 MB, 28.06 load
[runlim] sample:		3285.01 time, 3300.01 real, 3 MB, 28.05 load
[runlim] sample:		3294.97 time, 3310.01 real, 3 MB, 28.04 load
[runlim] sample:		3304.92 time, 3320.01 real, 3 MB, 28.04 load
[runlim] sample:		3314.88 time, 3330.01 real, 3 MB, 28.03 load
[runlim] sample:		3324.84 time, 3340.01 real, 3 MB, 28.02 load
[runlim] sample:		3334.79 time, 3350.01 real, 3 MB, 28.09 load
[runlim] sample:		3344.75 time, 3360.01 real, 3 MB, 28.08 load
[runlim] sample:		3354.71 time, 3370.01 real, 3 MB, 28.07 load
[runlim] sample:		3364.66 time, 3380.01 real, 3 MB, 28.06 load
[runlim] sample:		3374.62 time, 3390.01 real, 3 MB, 28.05 load
[runlim] sample:		3384.57 time, 3400.01 real, 3 MB, 28.04 load
[runlim] sample:		3394.53 time, 3410.01 real, 3 MB, 28.18 load
[runlim] sample:		3404.49 time, 3420.01 real, 3 MB, 28.15 load
[runlim] sample:		3414.44 time, 3430.01 real, 3 MB, 28.13 load
[runlim] sample:		3424.40 time, 3440.01 real, 3 MB, 28.11 load
[runlim] sample:		3434.35 time, 3450.01 real, 3 MB, 28.09 load
[runlim] sample:		3444.31 time, 3460.01 real, 3 MB, 28.08 load
[runlim] sample:		3454.27 time, 3470.01 real, 3 MB, 28.06 load
[runlim] sample:		3464.22 time, 3480.01 real, 3 MB, 28.13 load
[runlim] sample:		3474.18 time, 3490.01 real, 3 MB, 28.19 load
[runlim] sample:		3484.13 time, 3500.01 real, 3 MB, 28.24 load
[runlim] sample:		3494.09 time, 3510.01 real, 3 MB, 28.20 load
[runlim] sample:		3504.05 time, 3520.01 real, 3 MB, 28.17 load
[runlim] sample:		3514.00 time, 3530.01 real, 3 MB, 28.14 load
[runlim] sample:		3523.96 time, 3540.01 real, 3 MB, 28.12 load
[runlim] sample:		3533.92 time, 3550.01 real, 3 MB, 28.10 load
[runlim] sample:		3543.87 time, 3560.01 real, 3 MB, 28.09 load
[runlim] sample:		3553.83 time, 3570.01 real, 3 MB, 28.07 load
[runlim] sample:		3563.78 time, 3580.01 real, 3 MB, 28.06 load
[runlim] sample:		3573.73 time, 3590.01 real, 3 MB, 28.12 load
[runlim] sample:		3583.69 time, 3600.01 real, 3 MB, 28.18 load
[runlim] sample:		3593.64 time, 3610.01 real, 3 MB, 28.15 load
[runlim] sample:		3603.59 time, 3620.01 real, 3 MB, 28.13 load
[runlim] sample:		3613.55 time, 3630.01 real, 3 MB, 28.19 load
[runlim] sample:		3623.50 time, 3640.01 real, 3 MB, 28.16 load
[runlim] sample:		3633.45 time, 3650.01 real, 3 MB, 28.21 load
[runlim] sample:		3643.41 time, 3660.01 real, 3 MB, 28.18 load
[runlim] sample:		3653.36 time, 3670.01 real, 3 MB, 28.15 load
[runlim] sample:		3663.32 time, 3680.01 real, 3 MB, 28.12 load
[runlim] sample:		3673.27 time, 3690.01 real, 3 MB, 28.10 load
[runlim] sample:		3683.23 time, 3700.01 real, 3 MB, 28.09 load
[runlim] sample:		3693.18 time, 3710.01 real, 3 MB, 28.15 load
[runlim] sample:		3703.14 time, 3720.01 real, 3 MB, 28.12 load
[runlim] sample:		3713.09 time, 3730.01 real, 3 MB, 28.11 load
[runlim] sample:		3723.05 time, 3740.01 real, 3 MB, 28.09 load
[runlim] sample:		3733.00 time, 3750.01 real, 3 MB, 28.07 load
[runlim] sample:		3742.96 time, 3760.01 real, 3 MB, 28.06 load
[runlim] sample:		3752.91 time, 3770.01 real, 3 MB, 28.21 load
[runlim] sample:		3762.87 time, 3780.01 real, 3 MB, 28.17 load
[runlim] sample:		3772.82 time, 3790.01 real, 3 MB, 28.15 load
[runlim] sample:		3782.77 time, 3800.01 real, 3 MB, 28.12 load
[runlim] sample:		3792.73 time, 3810.01 real, 3 MB, 28.10 load
[runlim] sample:		3802.68 time, 3820.01 real, 3 MB, 28.16 load
[runlim] sample:		3812.64 time, 3830.01 real, 3 MB, 28.14 load
[runlim] sample:		3822.59 time, 3840.01 real, 3 MB, 28.12 load
[runlim] sample:		3832.55 time, 3850.01 real, 3 MB, 28.10 load
[runlim] sample:		3842.50 time, 3860.01 real, 3 MB, 28.08 load
[runlim] sample:		3852.46 time, 3870.01 real, 3 MB, 28.07 load
[runlim] sample:		3862.41 time, 3880.01 real, 3 MB, 28.06 load
[runlim] sample:		3872.37 time, 3890.01 real, 3 MB, 28.12 load
[runlim] sample:		3882.32 time, 3900.01 real, 3 MB, 28.10 load
[runlim] sample:		3892.27 time, 3910.01 real, 3 MB, 28.09 load
[runlim] sample:		3902.23 time, 3920.01 real, 3 MB, 28.07 load
[runlim] sample:		3912.18 time, 3930.01 real, 3 MB, 28.06 load
[runlim] sample:		3922.13 time, 3940.01 real, 3 MB, 28.05 load
[runlim] sample:		3932.08 time, 3950.01 real, 3 MB, 28.12 load
[runlim] sample:		3942.04 time, 3960.01 real, 3 MB, 28.10 load
[runlim] sample:		3951.99 time, 3970.01 real, 3 MB, 28.08 load
[runlim] sample:		3961.94 time, 3980.01 real, 3 MB, 28.15 load
[runlim] sample:		3971.90 time, 3990.01 real, 3 MB, 28.13 load
[runlim] sample:		3981.85 time, 4000.01 real, 3 MB, 28.11 load
[runlim] sample:		3991.80 time, 4010.01 real, 3 MB, 28.24 load
[runlim] sample:		4001.76 time, 4020.01 real, 3 MB, 28.20 load
[runlim] sample:		4011.71 time, 4030.01 real, 3 MB, 28.17 load
[runlim] sample:		4021.67 time, 4040.01 real, 3 MB, 28.14 load
[runlim] sample:		4031.62 time, 4050.01 real, 3 MB, 28.12 load
[runlim] sample:		4041.58 time, 4060.01 real, 3 MB, 28.10 load
[runlim] sample:		4051.53 time, 4070.01 real, 3 MB, 28.16 load
[runlim] sample:		4061.49 time, 4080.01 real, 3 MB, 28.13 load
[runlim] sample:		4071.44 time, 4090.01 real, 3 MB, 28.11 load
[runlim] sample:		4081.40 time, 4100.01 real, 3 MB, 28.10 load
[runlim] sample:		4091.36 time, 4110.01 real, 3 MB, 28.08 load
[runlim] sample:		4101.31 time, 4120.01 real, 3 MB, 28.07 load
[runlim] sample:		4111.27 time, 4130.01 real, 3 MB, 28.13 load
[runlim] sample:		4121.22 time, 4140.01 real, 3 MB, 28.11 load
[runlim] sample:		4131.17 time, 4150.01 real, 3 MB, 28.09 load
[runlim] sample:		4141.13 time, 4160.01 real, 3 MB, 28.08 load
[runlim] sample:		4151.08 time, 4170.01 real, 3 MB, 28.07 load
[runlim] sample:		4161.04 time, 4180.01 real, 3 MB, 28.06 load
[runlim] sample:		4170.99 time, 4190.01 real, 3 MB, 28.12 load
[runlim] sample:		4180.95 time, 4200.01 real, 3 MB, 28.18 load
[runlim] sample:		4190.90 time, 4210.01 real, 3 MB, 28.15 load
[runlim] sample:		4200.86 time, 4220.01 real, 3 MB, 28.12 load
[runlim] sample:		4210.81 time, 4230.01 real, 3 MB, 28.10 load
[runlim] sample:		4220.77 time, 4240.01 real, 3 MB, 28.16 load
[runlim] sample:		4230.72 time, 4250.01 real, 3 MB, 28.14 load
[runlim] sample:		4240.68 time, 4260.01 real, 3 MB, 28.12 load
[runlim] sample:		4250.64 time, 4270.01 real, 3 MB, 28.18 load
[runlim] sample:		4260.59 time, 4280.01 real, 3 MB, 28.15 load
[runlim] sample:		4270.55 time, 4290.01 real, 3 MB, 28.13 load
[runlim] sample:		4280.50 time, 4300.01 real, 3 MB, 28.11 load
[runlim] sample:		4290.46 time, 4310.01 real, 3 MB, 28.09 load
[runlim] sample:		4300.41 time, 4320.01 real, 3 MB, 28.08 load
[runlim] sample:		4310.37 time, 4330.01 real, 3 MB, 28.06 load
[runlim] sample:		4320.32 time, 4340.01 real, 3 MB, 28.05 load
[runlim] sample:		4330.28 time, 4350.01 real, 3 MB, 28.04 load
[runlim] sample:		4340.24 time, 4360.01 real, 3 MB, 28.04 load
[runlim] sample:		4350.19 time, 4370.01 real, 3 MB, 28.03 load
[runlim] sample:		4360.15 time, 4380.01 real, 3 MB, 28.03 load
[runlim] sample:		4370.10 time, 4390.01 real, 3 MB, 28.02 load
[runlim] sample:		4380.06 time, 4400.01 real, 3 MB, 28.02 load
[runlim] sample:		4390.02 time, 4410.01 real, 3 MB, 28.09 load
[runlim] sample:		4399.97 time, 4420.01 real, 3 MB, 28.07 load
[runlim] sample:		4409.93 time, 4430.01 real, 3 MB, 28.06 load
[runlim] sample:		4419.88 time, 4440.01 real, 3 MB, 28.05 load
[runlim] sample:		4429.84 time, 4450.01 real, 3 MB, 28.04 load
[runlim] sample:		4439.79 time, 4460.01 real, 3 MB, 28.04 load
[runlim] sample:		4449.75 time, 4470.01 real, 3 MB, 28.03 load
[runlim] sample:		4459.70 time, 4480.01 real, 3 MB, 28.11 load
[runlim] sample:		4469.66 time, 4490.01 real, 3 MB, 28.09 load
[runlim] sample:		4479.61 time, 4500.01 real, 3 MB, 28.08 load
[runlim] sample:		4489.56 time, 4510.01 real, 3 MB, 28.06 load
[runlim] sample:		4499.52 time, 4520.01 real, 3 MB, 28.05 load
[runlim] sample:		4509.47 time, 4530.01 real, 3 MB, 28.04 load
[runlim] sample:		4519.43 time, 4540.01 real, 3 MB, 28.04 load
[runlim] sample:		4529.38 time, 4550.01 real, 3 MB, 28.03 load
[runlim] sample:		4539.33 time, 4560.01 real, 3 MB, 28.03 load
[runlim] sample:		4549.29 time, 4570.01 real, 3 MB, 28.02 load
[runlim] sample:		4559.24 time, 4580.01 real, 3 MB, 28.02 load
[runlim] sample:		4569.20 time, 4590.01 real, 3 MB, 28.01 load
[runlim] sample:		4579.15 time, 4600.01 real, 3 MB, 28.01 load
[runlim] sample:		4589.11 time, 4610.01 real, 3 MB, 28.01 load
[runlim] sample:		4599.06 time, 4620.01 real, 3 MB, 28.01 load
[runlim] sample:		4609.02 time, 4630.01 real, 3 MB, 28.01 load
[runlim] sample:		4618.97 time, 4640.01 real, 3 MB, 28.00 load
[runlim] sample:		4628.93 time, 4650.01 real, 3 MB, 28.00 load
[runlim] sample:		4638.88 time, 4660.01 real, 3 MB, 28.00 load
[runlim] sample:		4648.84 time, 4670.01 real, 3 MB, 28.00 load
[runlim] sample:		4658.79 time, 4680.01 real, 3 MB, 28.00 load
[runlim] sample:		4668.75 time, 4690.01 real, 3 MB, 28.00 load
[runlim] sample:		4678.70 time, 4700.01 real, 3 MB, 28.08 load
[runlim] sample:		4688.66 time, 4710.01 real, 3 MB, 28.07 load
[runlim] sample:		4698.61 time, 4720.01 real, 3 MB, 28.06 load
[runlim] sample:		4708.57 time, 4730.01 real, 3 MB, 28.05 load
[runlim] sample:		4718.52 time, 4740.01 real, 3 MB, 28.04 load
[runlim] sample:		4728.48 time, 4750.01 real, 3 MB, 28.03 load
[runlim] sample:		4738.43 time, 4760.01 real, 3 MB, 28.03 load
[runlim] sample:		4748.39 time, 4770.01 real, 3 MB, 28.10 load
[runlim] sample:		4758.34 time, 4780.01 real, 3 MB, 28.09 load
[runlim] sample:		4768.30 time, 4790.01 real, 3 MB, 28.07 load
[runlim] sample:		4778.25 time, 4800.01 real, 3 MB, 28.06 load
[runlim] sample:		4788.21 time, 4810.01 real, 3 MB, 28.05 load
[runlim] sample:		4798.16 time, 4820.01 real, 3 MB, 28.04 load
[runlim] sample:		4808.12 time, 4830.01 real, 3 MB, 28.04 load
[runlim] sample:		4818.07 time, 4840.01 real, 3 MB, 28.03 load
[runlim] sample:		4828.03 time, 4850.01 real, 3 MB, 28.11 load
[runlim] sample:		4837.98 time, 4860.01 real, 3 MB, 28.09 load
[runlim] sample:		4847.94 time, 4870.01 real, 3 MB, 28.07 load
[runlim] sample:		4857.90 time, 4880.01 real, 3 MB, 28.06 load
[runlim] sample:		4867.85 time, 4890.01 real, 3 MB, 28.05 load
[runlim] sample:		4877.81 time, 4900.01 real, 3 MB, 28.04 load
[runlim] sample:		4887.76 time, 4910.01 real, 3 MB, 28.19 load
[runlim] sample:		4897.72 time, 4920.01 real, 3 MB, 28.16 load
[runlim] sample:		4907.67 time, 4930.01 real, 3 MB, 28.14 load
[runlim] sample:		4917.63 time, 4940.01 real, 3 MB, 28.11 load
[runlim] sample:		4927.58 time, 4950.01 real, 3 MB, 28.10 load
[runlim] sample:		4937.53 time, 4960.01 real, 3 MB, 28.08 load
[runlim] sample:		4947.49 time, 4970.01 real, 3 MB, 28.15 load
[runlim] sample:		4957.44 time, 4980.01 real, 3 MB, 28.21 load
[runlim] sample:		4967.40 time, 4990.01 real, 3 MB, 27.85 load
[runlim] sample:		4977.35 time, 5000.01 real, 3 MB, 26.48 load
[runlim] end:			Thu Apr  9 23:08:30 2026
[runlim] status:		out of time
[runlim] result:		2
[runlim] children:		1
[runlim] processes:		2
[runlim] real:			5000.05 seconds
[runlim] time:			4977.35 seconds
[runlim] space:			3 MB
[runlim] load:			33.65 maximum
[runlim] samples:		50000
