[runlim] version:		2.0.0rc1
[runlim] host:			m05n05
[runlim] time limit:		311040000 seconds
[runlim] real time limit:	5000 seconds
[runlim] space limit:		7000 MB
[runlim] argv[0]:		./binary
[runlim] argv[1]:		-c
[runlim] argv[2]:		/tmp/local-unzipped-12459997-1-16-mc2025_track1_095.cnf
[runlim] start:			Thu Apr  9 21:40:29 2026
[runlim] child:			3791098
[runlim] sample:		9.95 time, 10.01 real, 5 MB, 8.45 load
[runlim] sample:		19.89 time, 20.01 real, 6 MB, 11.47 load
[runlim] sample:		29.84 time, 30.01 real, 6 MB, 15.49 load
[runlim] sample:		39.77 time, 40.01 real, 7 MB, 20.35 load
[runlim] sample:		49.71 time, 50.01 real, 7 MB, 25.92 load
[runlim] sample:		59.64 time, 60.01 real, 6 MB, 31.46 load
[runlim] sample:		69.58 time, 70.01 real, 6 MB, 36.08 load
[runlim] sample:		79.51 time, 80.01 real, 6 MB, 39.91 load
[runlim] sample:		89.44 time, 90.01 real, 7 MB, 43.15 load
[runlim] sample:		99.38 time, 100.01 real, 7 MB, 46.04 load
[runlim] sample:		109.32 time, 110.01 real, 7 MB, 48.58 load
[runlim] sample:		119.25 time, 120.01 real, 7 MB, 50.65 load
[runlim] sample:		129.18 time, 130.01 real, 7 MB, 52.32 load
[runlim] sample:		139.12 time, 140.01 real, 7 MB, 53.66 load
[runlim] sample:		149.05 time, 150.01 real, 7 MB, 54.79 load
[runlim] sample:		158.98 time, 160.01 real, 7 MB, 55.89 load
[runlim] sample:		168.92 time, 170.01 real, 7 MB, 56.68 load
[runlim] sample:		178.86 time, 180.01 real, 11 MB, 57.43 load
[runlim] sample:		188.80 time, 190.01 real, 11 MB, 57.98 load
[runlim] sample:		198.73 time, 200.01 real, 11 MB, 58.44 load
[runlim] sample:		208.67 time, 210.01 real, 11 MB, 58.75 load
[runlim] sample:		218.61 time, 220.01 real, 11 MB, 59.02 load
[runlim] sample:		228.54 time, 230.01 real, 8 MB, 59.09 load
[runlim] sample:		238.48 time, 240.01 real, 8 MB, 59.16 load
[runlim] sample:		248.42 time, 250.01 real, 8 MB, 59.13 load
[runlim] sample:		258.36 time, 260.01 real, 8 MB, 59.11 load
[runlim] sample:		268.30 time, 270.01 real, 8 MB, 59.09 load
[runlim] sample:		278.24 time, 280.01 real, 8 MB, 59.31 load
[runlim] sample:		288.18 time, 290.01 real, 8 MB, 59.26 load
[runlim] sample:		298.12 time, 300.01 real, 8 MB, 59.30 load
[runlim] sample:		308.06 time, 310.01 real, 8 MB, 59.25 load
[runlim] sample:		318.00 time, 320.01 real, 8 MB, 59.29 load
[runlim] sample:		327.94 time, 330.01 real, 8 MB, 59.32 load
[runlim] sample:		337.82 time, 340.01 real, 8 MB, 59.12 load
[runlim] sample:		347.72 time, 350.01 real, 8 MB, 58.95 load
[runlim] sample:		357.64 time, 360.01 real, 8 MB, 58.88 load
[runlim] sample:		367.57 time, 370.01 real, 8 MB, 58.90 load
[runlim] sample:		377.50 time, 380.01 real, 8 MB, 58.76 load
[runlim] sample:		387.43 time, 390.01 real, 8 MB, 58.79 load
[runlim] sample:		397.36 time, 400.01 real, 8 MB, 58.67 load
[runlim] sample:		407.29 time, 410.01 real, 8 MB, 58.64 load
[runlim] sample:		417.22 time, 420.01 real, 9 MB, 58.54 load
[runlim] sample:		427.15 time, 430.01 real, 9 MB, 58.46 load
[runlim] sample:		437.09 time, 440.01 real, 9 MB, 58.23 load
[runlim] sample:		447.02 time, 450.01 real, 9 MB, 58.04 load
[runlim] sample:		456.95 time, 460.01 real, 9 MB, 57.96 load
[runlim] sample:		466.87 time, 470.01 real, 9 MB, 57.81 load
[runlim] sample:		476.80 time, 480.01 real, 9 MB, 57.76 load
[runlim] sample:		486.73 time, 490.01 real, 9 MB, 57.64 load
[runlim] sample:		496.66 time, 500.01 real, 9 MB, 57.54 load
[runlim] sample:		506.59 time, 510.01 real, 9 MB, 57.54 load
[runlim] sample:		516.52 time, 520.01 real, 9 MB, 57.45 load
[runlim] sample:		526.42 time, 530.01 real, 9 MB, 57.38 load
[runlim] sample:		536.36 time, 540.01 real, 9 MB, 57.41 load
[runlim] sample:		546.29 time, 550.01 real, 9 MB, 57.34 load
[runlim] sample:		556.23 time, 560.01 real, 9 MB, 57.36 load
[runlim] sample:		566.16 time, 570.01 real, 9 MB, 57.31 load
[runlim] sample:		576.10 time, 580.01 real, 9 MB, 57.26 load
[runlim] sample:		586.03 time, 590.01 real, 9 MB, 57.22 load
[runlim] sample:		595.97 time, 600.01 real, 9 MB, 57.18 load
[runlim] sample:		605.90 time, 610.01 real, 9 MB, 57.16 load
[runlim] sample:		615.84 time, 620.01 real, 9 MB, 57.21 load
[runlim] sample:		625.77 time, 630.01 real, 9 MB, 57.18 load
[runlim] sample:		635.71 time, 640.01 real, 9 MB, 57.23 load
[runlim] sample:		645.65 time, 650.01 real, 10 MB, 57.20 load
[runlim] sample:		655.58 time, 660.01 real, 10 MB, 57.24 load
[runlim] sample:		665.52 time, 670.01 real, 10 MB, 57.20 load
[runlim] sample:		675.45 time, 680.01 real, 10 MB, 57.17 load
[runlim] sample:		685.39 time, 690.01 real, 10 MB, 57.14 load
[runlim] sample:		695.32 time, 700.01 real, 10 MB, 57.12 load
[runlim] sample:		705.26 time, 710.01 real, 10 MB, 57.10 load
[runlim] sample:		715.19 time, 720.01 real, 10 MB, 57.09 load
[runlim] sample:		725.13 time, 730.01 real, 10 MB, 57.07 load
[runlim] sample:		735.07 time, 740.01 real, 10 MB, 57.14 load
[runlim] sample:		745.00 time, 750.01 real, 10 MB, 57.12 load
[runlim] sample:		754.93 time, 760.01 real, 10 MB, 57.25 load
[runlim] sample:		764.86 time, 770.01 real, 10 MB, 57.21 load
[runlim] sample:		774.78 time, 780.01 real, 10 MB, 57.18 load
[runlim] sample:		784.72 time, 790.01 real, 10 MB, 57.15 load
[runlim] sample:		794.65 time, 800.01 real, 10 MB, 57.21 load
[runlim] sample:		804.59 time, 810.01 real, 10 MB, 57.17 load
[runlim] sample:		814.52 time, 820.01 real, 10 MB, 57.30 load
[runlim] sample:		824.46 time, 830.01 real, 10 MB, 57.34 load
[runlim] sample:		834.39 time, 840.01 real, 10 MB, 57.28 load
[runlim] sample:		844.33 time, 850.01 real, 10 MB, 57.40 load
[runlim] sample:		854.26 time, 860.01 real, 10 MB, 57.34 load
[runlim] sample:		864.20 time, 870.01 real, 10 MB, 57.37 load
[runlim] sample:		874.13 time, 880.01 real, 10 MB, 57.31 load
[runlim] sample:		884.06 time, 890.01 real, 10 MB, 57.42 load
[runlim] sample:		894.00 time, 900.01 real, 10 MB, 57.36 load
[runlim] sample:		903.93 time, 910.01 real, 10 MB, 57.30 load
[runlim] sample:		913.86 time, 920.01 real, 10 MB, 57.25 load
[runlim] sample:		923.80 time, 930.01 real, 10 MB, 57.37 load
[runlim] sample:		933.73 time, 940.01 real, 10 MB, 57.16 load
[runlim] sample:		943.66 time, 950.01 real, 10 MB, 57.06 load
[runlim] sample:		953.60 time, 960.01 real, 10 MB, 56.90 load
[runlim] sample:		963.54 time, 970.01 real, 10 MB, 56.60 load
[runlim] sample:		973.48 time, 980.01 real, 10 MB, 56.36 load
[runlim] sample:		983.42 time, 990.01 real, 10 MB, 56.23 load
[runlim] sample:		993.36 time, 1000.01 real, 10 MB, 56.04 load
[runlim] sample:		1003.30 time, 1010.01 real, 10 MB, 55.88 load
[runlim] sample:		1013.24 time, 1020.01 real, 10 MB, 55.74 load
[runlim] sample:		1023.18 time, 1030.01 real, 10 MB, 55.70 load
[runlim] sample:		1033.13 time, 1040.01 real, 10 MB, 55.59 load
[runlim] sample:		1043.07 time, 1050.01 real, 10 MB, 55.58 load
[runlim] sample:		1053.02 time, 1060.01 real, 10 MB, 55.49 load
[runlim] end:			Thu Apr  9 21:58:14 2026
[runlim] status:		ok
[runlim] result:		20
[runlim] children:		1
[runlim] processes:		2
[runlim] real:			1065.82 seconds
[runlim] time:			1058.78 seconds
[runlim] space:			11 MB
[runlim] load:			59.35 maximum
[runlim] samples:		10658
