[runlim] version:		2.0.0rc1
[runlim] host:			m05n05
[runlim] time limit:		311040000 seconds
[runlim] real time limit:	5000 seconds
[runlim] space limit:		7000 MB
[runlim] argv[0]:		./binary
[runlim] argv[1]:		-c
[runlim] argv[2]:		/tmp/local-unzipped-12459997-1-23-mc2025_track1_033.cnf
[runlim] start:			Thu Apr  9 21:40:36 2026
[runlim] child:			3791331
[runlim] sample:		9.95 time, 10.01 real, 30 MB, 11.47 load
[runlim] sample:		19.89 time, 20.01 real, 48 MB, 15.49 load
[runlim] sample:		29.83 time, 30.01 real, 22 MB, 20.35 load
[runlim] sample:		39.77 time, 40.01 real, 24 MB, 25.92 load
[runlim] sample:		49.68 time, 50.01 real, 26 MB, 31.46 load
[runlim] sample:		59.60 time, 60.01 real, 28 MB, 36.08 load
[runlim] sample:		69.54 time, 70.01 real, 60 MB, 39.91 load
[runlim] sample:		79.46 time, 80.01 real, 61 MB, 43.15 load
[runlim] sample:		89.39 time, 90.01 real, 63 MB, 46.04 load
[runlim] sample:		99.32 time, 100.01 real, 63 MB, 48.58 load
[runlim] sample:		109.25 time, 110.01 real, 65 MB, 50.65 load
[runlim] sample:		119.02 time, 120.01 real, 65 MB, 52.32 load
[runlim] sample:		128.96 time, 130.01 real, 68 MB, 53.66 load
[runlim] sample:		138.88 time, 140.01 real, 72 MB, 54.79 load
[runlim] sample:		148.80 time, 150.01 real, 40 MB, 55.89 load
[runlim] sample:		158.74 time, 160.01 real, 72 MB, 56.68 load
[runlim] sample:		168.67 time, 170.01 real, 42 MB, 57.43 load
[runlim] sample:		178.61 time, 180.01 real, 74 MB, 57.98 load
[runlim] sample:		188.55 time, 190.01 real, 44 MB, 58.44 load
[runlim] sample:		198.47 time, 200.01 real, 76 MB, 58.75 load
[runlim] sample:		208.41 time, 210.01 real, 77 MB, 59.02 load
[runlim] sample:		218.35 time, 220.01 real, 79 MB, 59.09 load
[runlim] sample:		228.28 time, 230.01 real, 47 MB, 59.16 load
[runlim] sample:		238.22 time, 240.01 real, 78 MB, 59.13 load
[runlim] sample:		248.16 time, 250.01 real, 79 MB, 59.11 load
[runlim] sample:		258.10 time, 260.01 real, 79 MB, 59.09 load
[runlim] sample:		268.05 time, 270.01 real, 49 MB, 59.31 load
[runlim] sample:		277.98 time, 280.01 real, 81 MB, 59.26 load
[runlim] sample:		287.92 time, 290.01 real, 83 MB, 59.30 load
[runlim] sample:		297.85 time, 300.01 real, 83 MB, 59.25 load
[runlim] sample:		307.79 time, 310.01 real, 83 MB, 59.29 load
[runlim] sample:		317.73 time, 320.01 real, 83 MB, 59.32 load
[runlim] sample:		327.66 time, 330.01 real, 84 MB, 59.12 load
[runlim] sample:		337.60 time, 340.01 real, 84 MB, 58.95 load
[runlim] sample:		347.54 time, 350.01 real, 84 MB, 58.88 load
[runlim] sample:		357.49 time, 360.01 real, 53 MB, 58.90 load
[runlim] sample:		367.42 time, 370.01 real, 85 MB, 58.76 load
[runlim] sample:		377.37 time, 380.01 real, 86 MB, 58.79 load
[runlim] sample:		387.28 time, 390.01 real, 87 MB, 58.67 load
[runlim] sample:		397.21 time, 400.01 real, 55 MB, 58.64 load
[runlim] sample:		407.16 time, 410.01 real, 86 MB, 58.54 load
[runlim] sample:		417.10 time, 420.01 real, 86 MB, 58.46 load
[runlim] sample:		427.04 time, 430.01 real, 57 MB, 58.23 load
[runlim] sample:		436.98 time, 440.01 real, 89 MB, 58.04 load
[runlim] sample:		446.92 time, 450.01 real, 90 MB, 57.96 load
[runlim] sample:		456.86 time, 460.01 real, 90 MB, 57.81 load
[runlim] sample:		466.81 time, 470.01 real, 90 MB, 57.76 load
[runlim] sample:		476.74 time, 480.01 real, 91 MB, 57.64 load
[runlim] sample:		486.68 time, 490.01 real, 59 MB, 57.54 load
[runlim] sample:		496.63 time, 500.01 real, 59 MB, 57.54 load
[runlim] sample:		506.57 time, 510.01 real, 90 MB, 57.45 load
[runlim] sample:		516.52 time, 520.01 real, 91 MB, 57.38 load
[runlim] sample:		526.45 time, 530.01 real, 92 MB, 57.41 load
[runlim] sample:		536.40 time, 540.01 real, 92 MB, 57.34 load
[runlim] sample:		546.34 time, 550.01 real, 93 MB, 57.36 load
[runlim] sample:		556.28 time, 560.01 real, 95 MB, 57.31 load
[runlim] sample:		566.22 time, 570.01 real, 95 MB, 57.26 load
[runlim] sample:		576.17 time, 580.01 real, 64 MB, 57.22 load
[runlim] sample:		586.11 time, 590.01 real, 95 MB, 57.18 load
[runlim] sample:		596.05 time, 600.01 real, 95 MB, 57.16 load
[runlim] sample:		605.99 time, 610.01 real, 64 MB, 57.21 load
[runlim] sample:		615.93 time, 620.01 real, 65 MB, 57.18 load
[runlim] sample:		625.88 time, 630.01 real, 97 MB, 57.23 load
[runlim] sample:		635.82 time, 640.01 real, 97 MB, 57.20 load
[runlim] sample:		645.75 time, 650.01 real, 67 MB, 57.24 load
[runlim] sample:		655.70 time, 660.01 real, 100 MB, 57.20 load
[runlim] sample:		665.64 time, 670.01 real, 100 MB, 57.17 load
[runlim] sample:		675.58 time, 680.01 real, 102 MB, 57.14 load
[runlim] sample:		685.52 time, 690.01 real, 102 MB, 57.12 load
[runlim] sample:		695.47 time, 700.01 real, 102 MB, 57.10 load
[runlim] sample:		705.40 time, 710.01 real, 102 MB, 57.09 load
[runlim] sample:		715.35 time, 720.01 real, 102 MB, 57.07 load
[runlim] sample:		725.29 time, 730.01 real, 104 MB, 57.14 load
[runlim] sample:		735.23 time, 740.01 real, 104 MB, 57.12 load
[runlim] sample:		745.17 time, 750.01 real, 104 MB, 57.25 load
[runlim] sample:		755.11 time, 760.01 real, 106 MB, 57.21 load
[runlim] sample:		765.05 time, 770.01 real, 106 MB, 57.18 load
[runlim] sample:		775.00 time, 780.01 real, 106 MB, 57.15 load
[runlim] sample:		784.94 time, 790.01 real, 106 MB, 57.21 load
[runlim] sample:		794.87 time, 800.01 real, 107 MB, 57.17 load
[runlim] sample:		804.81 time, 810.01 real, 107 MB, 57.30 load
[runlim] sample:		814.76 time, 820.01 real, 107 MB, 57.34 load
[runlim] sample:		824.70 time, 830.01 real, 107 MB, 57.28 load
[runlim] sample:		834.64 time, 840.01 real, 107 MB, 57.40 load
[runlim] sample:		844.57 time, 850.01 real, 108 MB, 57.34 load
[runlim] sample:		854.52 time, 860.01 real, 108 MB, 57.37 load
[runlim] sample:		864.46 time, 870.01 real, 109 MB, 57.31 load
[runlim] sample:		874.40 time, 880.01 real, 109 MB, 57.42 load
[runlim] sample:		884.34 time, 890.01 real, 109 MB, 57.36 load
[runlim] sample:		894.28 time, 900.01 real, 109 MB, 57.30 load
[runlim] sample:		904.22 time, 910.01 real, 77 MB, 57.25 load
[runlim] sample:		914.16 time, 920.01 real, 77 MB, 57.37 load
[runlim] sample:		924.10 time, 930.01 real, 107 MB, 57.16 load
[runlim] sample:		934.03 time, 940.01 real, 107 MB, 57.06 load
[runlim] sample:		943.98 time, 950.01 real, 108 MB, 56.90 load
[runlim] sample:		953.92 time, 960.01 real, 108 MB, 56.60 load
[runlim] sample:		963.86 time, 970.01 real, 111 MB, 56.36 load
[runlim] sample:		973.80 time, 980.01 real, 111 MB, 56.23 load
[runlim] sample:		983.73 time, 990.01 real, 112 MB, 56.04 load
[runlim] sample:		993.67 time, 1000.01 real, 112 MB, 55.88 load
[runlim] sample:		1003.62 time, 1010.01 real, 80 MB, 55.74 load
[runlim] sample:		1013.56 time, 1020.01 real, 80 MB, 55.70 load
[runlim] sample:		1023.50 time, 1030.01 real, 111 MB, 55.59 load
[runlim] sample:		1033.44 time, 1040.01 real, 111 MB, 55.58 load
[runlim] sample:		1043.38 time, 1050.01 real, 112 MB, 55.49 load
[runlim] sample:		1053.32 time, 1060.01 real, 112 MB, 55.42 load
[runlim] sample:		1063.26 time, 1070.01 real, 114 MB, 55.20 load
[runlim] sample:		1073.20 time, 1080.01 real, 115 MB, 55.01 load
[runlim] sample:		1083.14 time, 1090.01 real, 115 MB, 54.86 load
[runlim] sample:		1093.08 time, 1100.01 real, 85 MB, 54.73 load
[runlim] sample:		1103.03 time, 1110.01 real, 86 MB, 54.61 load
[runlim] sample:		1112.97 time, 1120.01 real, 118 MB, 54.59 load
[runlim] sample:		1122.91 time, 1130.01 real, 118 MB, 54.58 load
[runlim] sample:		1132.85 time, 1140.01 real, 86 MB, 54.49 load
[runlim] sample:		1142.79 time, 1150.01 real, 86 MB, 54.33 load
[runlim] sample:		1152.73 time, 1160.01 real, 87 MB, 54.13 load
[runlim] sample:		1162.67 time, 1170.01 real, 87 MB, 53.95 load
[runlim] sample:		1172.61 time, 1180.01 real, 87 MB, 53.96 load
[runlim] sample:		1182.55 time, 1190.01 real, 118 MB, 53.81 load
[runlim] sample:		1192.49 time, 1200.01 real, 118 MB, 53.77 load
[runlim] sample:		1202.43 time, 1210.01 real, 118 MB, 53.65 load
[runlim] sample:		1212.38 time, 1220.01 real, 87 MB, 53.55 load
[runlim] sample:		1222.32 time, 1230.01 real, 87 MB, 53.46 load
[runlim] sample:		1232.26 time, 1240.01 real, 118 MB, 53.61 load
[runlim] sample:		1242.20 time, 1250.01 real, 118 MB, 53.52 load
[runlim] sample:		1252.13 time, 1260.01 real, 121 MB, 53.52 load
[runlim] sample:		1262.08 time, 1270.01 real, 121 MB, 53.44 load
[runlim] sample:		1272.02 time, 1280.01 real, 121 MB, 53.45 load
[runlim] sample:		1281.96 time, 1290.01 real, 89 MB, 53.38 load
[runlim] sample:		1291.90 time, 1300.01 real, 89 MB, 53.40 load
[runlim] sample:		1301.84 time, 1310.01 real, 90 MB, 53.42 load
[runlim] sample:		1311.78 time, 1320.01 real, 90 MB, 53.44 load
[runlim] sample:		1321.72 time, 1330.01 real, 90 MB, 53.37 load
[runlim] sample:		1331.67 time, 1340.01 real, 121 MB, 53.31 load
[runlim] sample:		1341.61 time, 1350.01 real, 121 MB, 53.26 load
[runlim] sample:		1351.55 time, 1360.01 real, 121 MB, 53.22 load
[runlim] sample:		1361.49 time, 1370.01 real, 122 MB, 53.35 load
[runlim] sample:		1371.43 time, 1380.01 real, 122 MB, 53.37 load
[runlim] sample:		1381.38 time, 1390.01 real, 123 MB, 53.32 load
[runlim] sample:		1391.32 time, 1400.01 real, 123 MB, 53.27 load
[runlim] sample:		1401.26 time, 1410.01 real, 91 MB, 53.23 load
[runlim] sample:		1411.21 time, 1420.01 real, 91 MB, 53.27 load
[runlim] sample:		1421.15 time, 1430.01 real, 91 MB, 53.39 load
[runlim] sample:		1431.10 time, 1440.01 real, 122 MB, 53.41 load
[runlim] sample:		1441.04 time, 1450.01 real, 122 MB, 53.35 load
[runlim] sample:		1450.99 time, 1460.01 real, 122 MB, 53.37 load
[runlim] sample:		1460.92 time, 1470.01 real, 123 MB, 53.46 load
[runlim] sample:		1470.87 time, 1480.01 real, 123 MB, 53.39 load
[runlim] sample:		1480.82 time, 1490.01 real, 124 MB, 53.49 load
[runlim] sample:		1490.76 time, 1500.01 real, 124 MB, 53.41 load
[runlim] sample:		1500.71 time, 1510.01 real, 124 MB, 53.35 load
[runlim] sample:		1510.64 time, 1520.01 real, 126 MB, 53.29 load
[runlim] sample:		1520.59 time, 1530.01 real, 126 MB, 53.25 load
[runlim] sample:		1530.53 time, 1540.01 real, 126 MB, 53.21 load
[runlim] sample:		1540.48 time, 1550.01 real, 127 MB, 53.26 load
[runlim] sample:		1550.42 time, 1560.01 real, 127 MB, 53.22 load
[runlim] sample:		1560.37 time, 1570.01 real, 97 MB, 53.18 load
[runlim] sample:		1570.31 time, 1580.01 real, 97 MB, 53.15 load
[runlim] sample:		1580.26 time, 1590.01 real, 97 MB, 53.13 load
[runlim] sample:		1590.20 time, 1600.01 real, 97 MB, 53.11 load
[runlim] sample:		1600.14 time, 1610.01 real, 129 MB, 53.09 load
[runlim] sample:		1610.09 time, 1620.01 real, 129 MB, 53.08 load
[runlim] sample:		1620.03 time, 1630.01 real, 129 MB, 53.07 load
[runlim] sample:		1629.98 time, 1640.01 real, 129 MB, 53.06 load
[runlim] sample:		1639.92 time, 1650.01 real, 129 MB, 53.12 load
[runlim] sample:		1649.87 time, 1660.01 real, 129 MB, 53.10 load
[runlim] sample:		1659.81 time, 1670.01 real, 131 MB, 53.08 load
[runlim] sample:		1669.76 time, 1680.01 real, 131 MB, 53.07 load
[runlim] sample:		1679.70 time, 1690.01 real, 99 MB, 53.06 load
[runlim] sample:		1689.64 time, 1700.01 real, 99 MB, 53.05 load
[runlim] sample:		1699.58 time, 1710.01 real, 100 MB, 53.04 load
[runlim] sample:		1709.53 time, 1720.01 real, 100 MB, 53.04 load
[runlim] sample:		1719.47 time, 1730.01 real, 100 MB, 53.03 load
[runlim] sample:		1729.42 time, 1740.01 real, 100 MB, 53.02 load
[runlim] sample:		1739.36 time, 1750.01 real, 132 MB, 53.02 load
[runlim] sample:		1749.31 time, 1760.01 real, 132 MB, 53.02 load
[runlim] sample:		1759.25 time, 1770.01 real, 132 MB, 53.16 load
[runlim] sample:		1769.19 time, 1780.01 real, 104 MB, 53.14 load
[runlim] sample:		1779.14 time, 1790.01 real, 104 MB, 53.11 load
[runlim] sample:		1789.08 time, 1800.01 real, 104 MB, 53.10 load
[runlim] sample:		1799.02 time, 1810.01 real, 135 MB, 53.08 load
[runlim] sample:		1808.97 time, 1820.01 real, 135 MB, 53.07 load
[runlim] sample:		1818.91 time, 1830.01 real, 135 MB, 53.06 load
[runlim] sample:		1828.85 time, 1840.01 real, 138 MB, 53.05 load
[runlim] sample:		1838.79 time, 1850.01 real, 138 MB, 53.12 load
[runlim] sample:		1848.73 time, 1860.01 real, 138 MB, 53.10 load
[runlim] sample:		1858.68 time, 1870.01 real, 141 MB, 53.09 load
[runlim] sample:		1868.62 time, 1880.01 real, 141 MB, 53.07 load
[runlim] sample:		1878.57 time, 1890.01 real, 141 MB, 53.06 load
[runlim] sample:		1888.51 time, 1900.01 real, 109 MB, 53.05 load
[runlim] sample:		1898.46 time, 1910.01 real, 109 MB, 53.04 load
[runlim] sample:		1908.40 time, 1920.01 real, 110 MB, 53.11 load
[runlim] sample:		1918.35 time, 1930.01 real, 141 MB, 53.09 load
[runlim] sample:		1928.29 time, 1940.01 real, 141 MB, 53.08 load
[runlim] sample:		1938.24 time, 1950.01 real, 141 MB, 53.07 load
[runlim] sample:		1948.18 time, 1960.01 real, 109 MB, 53.06 load
[runlim] sample:		1958.13 time, 1970.01 real, 109 MB, 53.05 load
[runlim] sample:		1968.07 time, 1980.01 real, 109 MB, 53.11 load
[runlim] sample:		1978.01 time, 1990.01 real, 140 MB, 53.09 load
[runlim] sample:		1987.96 time, 2000.01 real, 140 MB, 53.08 load
[runlim] sample:		1997.90 time, 2010.01 real, 140 MB, 53.07 load
[runlim] sample:		2007.84 time, 2020.01 real, 141 MB, 53.06 load
[runlim] sample:		2017.78 time, 2030.01 real, 141 MB, 53.05 load
[runlim] sample:		2027.73 time, 2040.01 real, 141 MB, 53.11 load
[runlim] sample:		2037.68 time, 2050.01 real, 112 MB, 53.10 load
[runlim] sample:		2047.62 time, 2060.01 real, 112 MB, 53.08 load
[runlim] sample:		2057.56 time, 2070.01 real, 113 MB, 53.07 load
[runlim] sample:		2067.51 time, 2080.01 real, 114 MB, 53.06 load
[runlim] sample:		2077.46 time, 2090.01 real, 145 MB, 53.13 load
[runlim] sample:		2087.40 time, 2100.01 real, 145 MB, 53.19 load
[runlim] sample:		2097.34 time, 2110.01 real, 145 MB, 53.16 load
[runlim] sample:		2107.28 time, 2120.01 real, 146 MB, 53.13 load
[runlim] sample:		2117.22 time, 2130.01 real, 146 MB, 53.11 load
[runlim] sample:		2127.17 time, 2140.01 real, 146 MB, 53.18 load
[runlim] sample:		2137.11 time, 2150.01 real, 146 MB, 53.22 load
[runlim] sample:		2147.06 time, 2160.01 real, 146 MB, 53.19 load
[runlim] sample:		2157.00 time, 2170.01 real, 146 MB, 53.31 load
[runlim] sample:		2166.95 time, 2180.01 real, 146 MB, 53.26 load
[runlim] sample:		2176.89 time, 2190.01 real, 146 MB, 53.22 load
[runlim] sample:		2186.84 time, 2200.01 real, 146 MB, 53.18 load
[runlim] sample:		2196.78 time, 2210.01 real, 146 MB, 53.16 load
[runlim] sample:		2206.72 time, 2220.01 real, 146 MB, 53.21 load
[runlim] sample:		2216.67 time, 2230.01 real, 149 MB, 53.33 load
[runlim] sample:		2226.61 time, 2240.01 real, 149 MB, 53.44 load
[runlim] sample:		2236.56 time, 2250.01 real, 149 MB, 53.67 load
[runlim] sample:		2246.50 time, 2260.01 real, 149 MB, 53.80 load
[runlim] sample:		2256.44 time, 2270.01 real, 149 MB, 53.83 load
[runlim] sample:		2266.38 time, 2280.01 real, 149 MB, 53.93 load
[runlim] sample:		2276.33 time, 2290.01 real, 117 MB, 54.01 load
[runlim] sample:		2286.27 time, 2300.01 real, 117 MB, 54.01 load
[runlim] sample:		2296.21 time, 2310.01 real, 117 MB, 54.54 load
[runlim] sample:		2306.16 time, 2320.01 real, 117 MB, 54.53 load
[runlim] sample:		2316.11 time, 2330.01 real, 148 MB, 54.29 load
[runlim] sample:		2326.05 time, 2340.01 real, 148 MB, 54.09 load
[runlim] sample:		2336.00 time, 2350.01 real, 148 MB, 53.93 load
[runlim] sample:		2345.93 time, 2360.01 real, 150 MB, 53.78 load
[runlim] sample:		2355.88 time, 2370.01 real, 150 MB, 53.66 load
[runlim] sample:		2365.82 time, 2380.01 real, 150 MB, 53.63 load
[runlim] sample:		2375.76 time, 2390.01 real, 150 MB, 53.54 load
[runlim] sample:		2385.71 time, 2400.01 real, 152 MB, 53.45 load
[runlim] sample:		2395.66 time, 2410.01 real, 152 MB, 53.38 load
[runlim] sample:		2405.60 time, 2420.01 real, 152 MB, 53.32 load
[runlim] sample:		2415.55 time, 2430.01 real, 121 MB, 53.43 load
[runlim] sample:		2425.49 time, 2440.01 real, 121 MB, 53.44 load
[runlim] sample:		2435.43 time, 2450.01 real, 122 MB, 53.37 load
[runlim] sample:		2445.37 time, 2460.01 real, 154 MB, 53.40 load
[runlim] sample:		2455.32 time, 2470.01 real, 154 MB, 53.33 load
[runlim] sample:		2465.26 time, 2480.01 real, 154 MB, 53.36 load
[runlim] sample:		2475.20 time, 2490.01 real, 154 MB, 53.31 load
[runlim] sample:		2485.15 time, 2500.01 real, 123 MB, 53.33 load
[runlim] sample:		2495.09 time, 2510.01 real, 123 MB, 53.28 load
[runlim] sample:		2505.04 time, 2520.01 real, 123 MB, 53.24 load
[runlim] sample:		2514.98 time, 2530.01 real, 154 MB, 53.20 load
[runlim] sample:		2524.93 time, 2540.01 real, 154 MB, 53.25 load
[runlim] sample:		2534.87 time, 2550.01 real, 154 MB, 53.21 load
[runlim] sample:		2544.81 time, 2560.01 real, 154 MB, 53.25 load
[runlim] sample:		2554.76 time, 2570.01 real, 155 MB, 53.21 load
[runlim] sample:		2564.70 time, 2580.01 real, 155 MB, 53.18 load
[runlim] sample:		2574.65 time, 2590.01 real, 155 MB, 53.15 load
[runlim] sample:		2584.59 time, 2600.01 real, 155 MB, 53.13 load
[runlim] sample:		2594.54 time, 2610.01 real, 156 MB, 53.11 load
[runlim] sample:		2604.48 time, 2620.01 real, 156 MB, 53.09 load
[runlim] sample:		2614.42 time, 2630.01 real, 156 MB, 53.08 load
[runlim] sample:		2624.37 time, 2640.01 real, 156 MB, 53.06 load
[runlim] sample:		2634.32 time, 2650.01 real, 156 MB, 53.13 load
[runlim] sample:		2644.26 time, 2660.01 real, 156 MB, 53.19 load
[runlim] sample:		2654.21 time, 2670.01 real, 156 MB, 53.16 load
[runlim] sample:		2664.15 time, 2680.01 real, 124 MB, 53.13 load
[runlim] sample:		2674.10 time, 2690.01 real, 124 MB, 53.11 load
[runlim] sample:		2684.04 time, 2700.01 real, 124 MB, 53.10 load
[runlim] sample:		2693.99 time, 2710.01 real, 125 MB, 53.08 load
[runlim] sample:		2703.93 time, 2720.01 real, 126 MB, 53.07 load
[runlim] sample:		2713.87 time, 2730.01 real, 126 MB, 53.06 load
[runlim] sample:		2723.82 time, 2740.01 real, 126 MB, 53.12 load
[runlim] sample:		2733.76 time, 2750.01 real, 158 MB, 53.10 load
[runlim] sample:		2743.70 time, 2760.01 real, 158 MB, 53.09 load
[runlim] sample:		2753.65 time, 2770.01 real, 158 MB, 53.07 load
[runlim] sample:		2763.59 time, 2780.01 real, 158 MB, 53.14 load
[runlim] sample:		2773.54 time, 2790.01 real, 161 MB, 53.19 load
[runlim] sample:		2783.48 time, 2800.01 real, 161 MB, 53.24 load
[runlim] sample:		2793.43 time, 2810.01 real, 161 MB, 53.20 load
[runlim] sample:		2803.37 time, 2820.01 real, 161 MB, 53.24 load
[runlim] sample:		2813.32 time, 2830.01 real, 129 MB, 53.21 load
[runlim] sample:		2823.26 time, 2840.01 real, 129 MB, 53.17 load
[runlim] sample:		2833.21 time, 2850.01 real, 129 MB, 53.15 load
[runlim] sample:		2843.15 time, 2860.01 real, 129 MB, 53.12 load
[runlim] sample:		2853.09 time, 2870.01 real, 161 MB, 53.10 load
[runlim] sample:		2863.03 time, 2880.01 real, 161 MB, 53.09 load
[runlim] sample:		2872.98 time, 2890.01 real, 161 MB, 53.07 load
[runlim] sample:		2882.92 time, 2900.01 real, 161 MB, 53.06 load
[runlim] sample:		2892.87 time, 2910.01 real, 130 MB, 53.05 load
[runlim] sample:		2902.81 time, 2920.01 real, 130 MB, 53.04 load
[runlim] sample:		2912.75 time, 2930.01 real, 130 MB, 53.04 load
[runlim] sample:		2922.70 time, 2940.01 real, 130 MB, 53.03 load
[runlim] sample:		2932.64 time, 2950.01 real, 161 MB, 53.02 load
[runlim] sample:		2942.59 time, 2960.01 real, 161 MB, 53.02 load
[runlim] sample:		2952.53 time, 2970.01 real, 161 MB, 53.10 load
[runlim] sample:		2962.47 time, 2980.01 real, 161 MB, 53.08 load
[runlim] sample:		2972.42 time, 2990.01 real, 163 MB, 53.23 load
[runlim] sample:		2982.36 time, 3000.01 real, 163 MB, 53.19 load
[runlim] sample:		2992.30 time, 3010.01 real, 163 MB, 53.16 load
[runlim] sample:		3002.25 time, 3020.01 real, 163 MB, 53.14 load
[runlim] sample:		3012.19 time, 3030.01 real, 163 MB, 53.12 load
[runlim] sample:		3022.13 time, 3040.01 real, 163 MB, 53.10 load
[runlim] sample:		3032.07 time, 3050.01 real, 163 MB, 53.08 load
[runlim] sample:		3042.02 time, 3060.01 real, 163 MB, 53.07 load
[runlim] sample:		3051.96 time, 3070.01 real, 164 MB, 53.06 load
[runlim] sample:		3061.91 time, 3080.01 real, 164 MB, 53.05 load
[runlim] sample:		3071.85 time, 3090.01 real, 164 MB, 53.04 load
[runlim] sample:		3081.79 time, 3100.01 real, 164 MB, 53.27 load
[runlim] sample:		3091.73 time, 3110.01 real, 164 MB, 53.23 load
[runlim] sample:		3101.68 time, 3120.01 real, 164 MB, 53.20 load
[runlim] sample:		3111.62 time, 3130.01 real, 164 MB, 53.16 load
[runlim] sample:		3121.57 time, 3140.01 real, 164 MB, 53.21 load
[runlim] sample:		3131.51 time, 3150.01 real, 164 MB, 53.25 load
[runlim] sample:		3141.45 time, 3160.01 real, 164 MB, 53.29 load
[runlim] sample:		3151.40 time, 3170.01 real, 164 MB, 53.24 load
[runlim] sample:		3161.34 time, 3180.01 real, 164 MB, 53.21 load
[runlim] sample:		3171.29 time, 3190.01 real, 164 MB, 53.17 load
[runlim] sample:		3181.23 time, 3200.01 real, 164 MB, 53.15 load
[runlim] sample:		3191.17 time, 3210.01 real, 133 MB, 53.12 load
[runlim] sample:		3201.11 time, 3220.01 real, 133 MB, 53.10 load
[runlim] sample:		3211.06 time, 3230.01 real, 133 MB, 53.09 load
[runlim] sample:		3221.00 time, 3240.01 real, 133 MB, 53.07 load
[runlim] sample:		3230.95 time, 3250.01 real, 164 MB, 53.06 load
[runlim] sample:		3240.89 time, 3260.01 real, 164 MB, 53.05 load
[runlim] sample:		3250.84 time, 3270.01 real, 165 MB, 53.19 load
[runlim] sample:		3260.78 time, 3280.01 real, 165 MB, 53.24 load
[runlim] sample:		3270.73 time, 3290.01 real, 166 MB, 53.20 load
[runlim] sample:		3280.67 time, 3300.01 real, 166 MB, 53.25 load
[runlim] sample:		3290.62 time, 3310.01 real, 166 MB, 53.21 load
[runlim] sample:		3300.56 time, 3320.01 real, 166 MB, 53.18 load
[runlim] sample:		3310.51 time, 3330.01 real, 166 MB, 53.15 load
[runlim] sample:		3320.44 time, 3340.01 real, 137 MB, 53.21 load
[runlim] sample:		3330.39 time, 3350.01 real, 137 MB, 53.18 load
[runlim] sample:		3340.34 time, 3360.01 real, 137 MB, 53.15 load
[runlim] sample:		3350.28 time, 3370.01 real, 137 MB, 53.12 load
[runlim] sample:		3360.22 time, 3380.01 real, 168 MB, 53.11 load
[runlim] sample:		3370.16 time, 3390.01 real, 168 MB, 53.09 load
[runlim] sample:		3380.10 time, 3400.01 real, 168 MB, 53.07 load
[runlim] sample:		3390.05 time, 3410.01 real, 168 MB, 53.06 load
[runlim] sample:		3399.99 time, 3420.01 real, 168 MB, 53.45 load
[runlim] sample:		3409.93 time, 3430.01 real, 171 MB, 53.38 load
[runlim] sample:		3419.88 time, 3440.01 real, 171 MB, 53.32 load
[runlim] sample:		3429.82 time, 3450.01 real, 171 MB, 53.27 load
[runlim] sample:		3439.77 time, 3460.01 real, 171 MB, 53.23 load
[runlim] sample:		3449.72 time, 3470.01 real, 140 MB, 53.20 load
[runlim] sample:		3459.66 time, 3480.01 real, 140 MB, 53.25 load
[runlim] sample:		3469.61 time, 3490.01 real, 140 MB, 53.29 load
[runlim] sample:		3479.55 time, 3500.01 real, 140 MB, 53.24 load
[runlim] sample:		3489.49 time, 3510.01 real, 170 MB, 53.20 load
[runlim] sample:		3499.44 time, 3520.01 real, 170 MB, 53.17 load
[runlim] sample:		3509.38 time, 3530.01 real, 170 MB, 53.15 load
[runlim] sample:		3519.32 time, 3540.01 real, 170 MB, 53.20 load
[runlim] sample:		3529.27 time, 3550.01 real, 170 MB, 53.17 load
[runlim] sample:		3539.21 time, 3560.01 real, 172 MB, 53.22 load
[runlim] sample:		3549.16 time, 3570.01 real, 172 MB, 53.18 load
[runlim] sample:		3559.10 time, 3580.01 real, 172 MB, 53.24 load
[runlim] sample:		3569.04 time, 3590.01 real, 172 MB, 53.20 load
[runlim] sample:		3578.99 time, 3600.01 real, 173 MB, 53.17 load
[runlim] sample:		3588.93 time, 3610.01 real, 173 MB, 53.14 load
[runlim] sample:		3598.88 time, 3620.01 real, 173 MB, 53.12 load
[runlim] sample:		3608.82 time, 3630.01 real, 173 MB, 53.10 load
[runlim] sample:		3618.76 time, 3640.01 real, 173 MB, 53.08 load
[runlim] sample:		3628.70 time, 3650.01 real, 174 MB, 53.15 load
[runlim] sample:		3638.65 time, 3660.01 real, 174 MB, 53.12 load
[runlim] sample:		3648.59 time, 3670.01 real, 174 MB, 53.10 load
[runlim] sample:		3658.53 time, 3680.01 real, 174 MB, 53.16 load
[runlim] sample:		3668.48 time, 3690.01 real, 145 MB, 53.14 load
[runlim] sample:		3678.42 time, 3700.01 real, 145 MB, 53.11 load
[runlim] sample:		3688.36 time, 3710.01 real, 145 MB, 53.17 load
[runlim] sample:		3698.31 time, 3720.01 real, 145 MB, 53.14 load
[runlim] sample:		3708.25 time, 3730.01 real, 146 MB, 53.12 load
[runlim] sample:		3718.19 time, 3740.01 real, 176 MB, 53.18 load
[runlim] sample:		3728.14 time, 3750.01 real, 176 MB, 53.44 load
[runlim] sample:		3738.08 time, 3760.01 real, 177 MB, 53.38 load
[runlim] sample:		3748.02 time, 3770.01 real, 177 MB, 53.32 load
[runlim] sample:		3757.96 time, 3780.01 real, 177 MB, 53.27 load
[runlim] sample:		3767.91 time, 3790.01 real, 177 MB, 53.23 load
[runlim] sample:		3777.85 time, 3800.01 real, 177 MB, 53.27 load
[runlim] sample:		3787.80 time, 3810.01 real, 177 MB, 53.22 load
[runlim] sample:		3797.74 time, 3820.01 real, 177 MB, 53.19 load
[runlim] sample:		3807.68 time, 3830.01 real, 178 MB, 53.16 load
[runlim] sample:		3817.63 time, 3840.01 real, 178 MB, 53.13 load
[runlim] sample:		3827.57 time, 3850.01 real, 178 MB, 53.11 load
[runlim] sample:		3837.51 time, 3860.01 real, 178 MB, 53.10 load
[runlim] sample:		3847.45 time, 3870.01 real, 178 MB, 53.15 load
[runlim] sample:		3857.40 time, 3880.01 real, 178 MB, 53.20 load
[runlim] sample:		3867.35 time, 3890.01 real, 178 MB, 53.25 load
[runlim] sample:		3877.29 time, 3900.01 real, 178 MB, 53.21 load
[runlim] sample:		3887.23 time, 3910.01 real, 178 MB, 53.18 load
[runlim] sample:		3897.17 time, 3920.01 real, 178 MB, 53.15 load
[runlim] sample:		3907.12 time, 3930.01 real, 147 MB, 53.12 load
[runlim] sample:		3917.06 time, 3940.01 real, 147 MB, 53.19 load
[runlim] sample:		3927.00 time, 3950.01 real, 147 MB, 53.16 load
[runlim] sample:		3936.94 time, 3960.01 real, 147 MB, 53.13 load
[runlim] sample:		3946.89 time, 3970.01 real, 147 MB, 53.11 load
[runlim] sample:		3956.83 time, 3980.01 real, 181 MB, 53.09 load
[runlim] sample:		3966.77 time, 3990.01 real, 181 MB, 53.08 load
[runlim] sample:		3976.71 time, 4000.01 real, 181 MB, 53.07 load
[runlim] sample:		3986.66 time, 4010.01 real, 182 MB, 53.06 load
[runlim] sample:		3996.60 time, 4020.01 real, 182 MB, 53.05 load
[runlim] sample:		4006.54 time, 4030.01 real, 182 MB, 53.19 load
[runlim] sample:		4016.48 time, 4040.01 real, 182 MB, 53.16 load
[runlim] sample:		4026.42 time, 4050.01 real, 182 MB, 53.13 load
[runlim] sample:		4036.36 time, 4060.01 real, 182 MB, 53.11 load
[runlim] sample:		4046.30 time, 4070.01 real, 182 MB, 53.09 load
[runlim] sample:		4056.26 time, 4080.01 real, 182 MB, 53.08 load
[runlim] sample:		4066.19 time, 4090.01 real, 183 MB, 53.07 load
[runlim] sample:		4076.13 time, 4100.01 real, 183 MB, 53.13 load
[runlim] sample:		4086.07 time, 4110.01 real, 183 MB, 53.11 load
[runlim] sample:		4096.02 time, 4120.01 real, 183 MB, 53.09 load
[runlim] sample:		4105.96 time, 4130.01 real, 183 MB, 53.08 load
[runlim] sample:		4115.91 time, 4140.01 real, 183 MB, 53.07 load
[runlim] sample:		4125.85 time, 4150.01 real, 183 MB, 53.14 load
[runlim] sample:		4135.79 time, 4160.01 real, 183 MB, 53.12 load
[runlim] sample:		4145.74 time, 4170.01 real, 183 MB, 53.10 load
[runlim] sample:		4155.68 time, 4180.01 real, 183 MB, 53.08 load
[runlim] sample:		4165.62 time, 4190.01 real, 183 MB, 53.07 load
[runlim] sample:		4175.56 time, 4200.01 real, 151 MB, 53.06 load
[runlim] sample:		4185.50 time, 4210.01 real, 151 MB, 53.05 load
[runlim] sample:		4195.45 time, 4220.01 real, 151 MB, 53.04 load
[runlim] sample:		4205.40 time, 4230.01 real, 152 MB, 53.18 load
[runlim] sample:		4215.34 time, 4240.01 real, 152 MB, 53.15 load
[runlim] sample:		4225.28 time, 4250.01 real, 182 MB, 53.13 load
[runlim] sample:		4235.22 time, 4260.01 real, 182 MB, 53.11 load
[runlim] sample:		4245.16 time, 4270.01 real, 182 MB, 53.09 load
[runlim] sample:		4255.11 time, 4280.01 real, 182 MB, 53.08 load
[runlim] sample:		4265.05 time, 4290.01 real, 182 MB, 53.30 load
[runlim] sample:		4274.99 time, 4300.01 real, 182 MB, 53.25 load
[runlim] sample:		4284.94 time, 4310.01 real, 183 MB, 53.21 load
[runlim] sample:		4294.88 time, 4320.01 real, 183 MB, 53.25 load
[runlim] sample:		4304.82 time, 4330.01 real, 183 MB, 53.21 load
[runlim] sample:		4314.76 time, 4340.01 real, 183 MB, 53.18 load
[runlim] sample:		4324.70 time, 4350.01 real, 183 MB, 53.15 load
[runlim] sample:		4334.65 time, 4360.01 real, 184 MB, 53.13 load
[runlim] sample:		4344.59 time, 4370.01 real, 184 MB, 53.11 load
[runlim] sample:		4354.54 time, 4380.01 real, 184 MB, 53.17 load
[runlim] sample:		4364.48 time, 4390.01 real, 184 MB, 53.14 load
[runlim] sample:		4374.43 time, 4400.01 real, 184 MB, 53.12 load
[runlim] sample:		4384.37 time, 4410.01 real, 184 MB, 53.18 load
[runlim] sample:		4394.31 time, 4420.01 real, 152 MB, 53.15 load
[runlim] sample:		4404.26 time, 4430.01 real, 152 MB, 53.13 load
[runlim] sample:		4414.20 time, 4440.01 real, 152 MB, 53.11 load
[runlim] sample:		4424.14 time, 4450.01 real, 153 MB, 53.09 load
[runlim] sample:		4434.09 time, 4460.01 real, 153 MB, 53.08 load
[runlim] sample:		4444.03 time, 4470.01 real, 183 MB, 53.14 load
[runlim] sample:		4453.97 time, 4480.01 real, 183 MB, 53.12 load
[runlim] sample:		4463.91 time, 4490.01 real, 183 MB, 53.10 load
[runlim] sample:		4473.86 time, 4500.01 real, 183 MB, 53.08 load
[runlim] sample:		4483.80 time, 4510.01 real, 184 MB, 53.07 load
[runlim] sample:		4493.75 time, 4520.01 real, 184 MB, 53.06 load
[runlim] sample:		4503.69 time, 4530.01 real, 185 MB, 53.12 load
[runlim] sample:		4513.63 time, 4540.01 real, 185 MB, 53.10 load
[runlim] sample:		4523.57 time, 4550.01 real, 185 MB, 53.09 load
[runlim] sample:		4533.52 time, 4560.01 real, 185 MB, 53.07 load
[runlim] sample:		4543.46 time, 4570.01 real, 185 MB, 53.06 load
[runlim] sample:		4553.40 time, 4580.01 real, 153 MB, 53.05 load
[runlim] sample:		4563.34 time, 4590.01 real, 153 MB, 53.19 load
[runlim] sample:		4573.29 time, 4600.01 real, 153 MB, 53.16 load
[runlim] sample:		4583.23 time, 4610.01 real, 153 MB, 53.14 load
[runlim] sample:		4593.17 time, 4620.01 real, 153 MB, 53.11 load
[runlim] sample:		4603.12 time, 4630.01 real, 153 MB, 53.10 load
[runlim] sample:		4613.07 time, 4640.01 real, 185 MB, 53.08 load
[runlim] sample:		4623.01 time, 4650.01 real, 185 MB, 53.22 load
[runlim] sample:		4632.95 time, 4660.01 real, 185 MB, 53.19 load
[runlim] sample:		4642.89 time, 4670.01 real, 185 MB, 53.16 load
[runlim] sample:		4652.84 time, 4680.01 real, 185 MB, 53.13 load
[runlim] sample:		4662.78 time, 4690.01 real, 185 MB, 53.11 load
[runlim] sample:		4672.72 time, 4700.01 real, 187 MB, 53.10 load
[runlim] sample:		4682.66 time, 4710.01 real, 187 MB, 53.15 load
[runlim] sample:		4692.61 time, 4720.01 real, 187 MB, 53.13 load
[runlim] sample:		4702.55 time, 4730.01 real, 187 MB, 53.11 load
[runlim] sample:		4712.50 time, 4740.01 real, 187 MB, 53.09 load
[runlim] sample:		4722.44 time, 4750.01 real, 187 MB, 53.16 load
[runlim] sample:		4732.39 time, 4760.01 real, 187 MB, 53.13 load
[runlim] sample:		4742.33 time, 4770.01 real, 187 MB, 53.35 load
[runlim] sample:		4752.27 time, 4780.01 real, 187 MB, 53.29 load
[runlim] sample:		4762.22 time, 4790.01 real, 187 MB, 53.25 load
[runlim] sample:		4772.16 time, 4800.01 real, 187 MB, 53.36 load
[runlim] sample:		4782.10 time, 4810.01 real, 187 MB, 53.30 load
[runlim] sample:		4792.05 time, 4820.01 real, 187 MB, 53.25 load
[runlim] sample:		4801.99 time, 4830.01 real, 187 MB, 53.36 load
[runlim] sample:		4811.94 time, 4840.01 real, 187 MB, 53.31 load
[runlim] sample:		4821.88 time, 4850.01 real, 187 MB, 53.26 load
[runlim] sample:		4831.82 time, 4860.01 real, 187 MB, 53.30 load
[runlim] sample:		4841.77 time, 4870.01 real, 187 MB, 53.25 load
[runlim] sample:		4851.71 time, 4880.01 real, 187 MB, 53.21 load
[runlim] sample:		4861.66 time, 4890.01 real, 187 MB, 53.25 load
[runlim] sample:		4871.60 time, 4900.01 real, 187 MB, 53.29 load
[runlim] sample:		4881.55 time, 4910.01 real, 187 MB, 53.24 load
[runlim] sample:		4891.49 time, 4920.01 real, 187 MB, 53.21 load
[runlim] sample:		4901.43 time, 4930.01 real, 187 MB, 53.17 load
[runlim] sample:		4911.37 time, 4940.01 real, 187 MB, 53.15 load
[runlim] sample:		4921.32 time, 4950.01 real, 187 MB, 53.20 load
[runlim] sample:		4931.26 time, 4960.01 real, 187 MB, 53.25 load
[runlim] sample:		4941.20 time, 4970.01 real, 187 MB, 53.28 load
[runlim] sample:		4951.14 time, 4980.01 real, 187 MB, 53.24 load
[runlim] sample:		4961.09 time, 4990.01 real, 187 MB, 52.42 load
[runlim] sample:		4971.04 time, 5000.01 real, 188 MB, 50.58 load
[runlim] end:			Thu Apr  9 23:03:56 2026
[runlim] status:		out of time
[runlim] result:		2
[runlim] children:		1
[runlim] processes:		2
[runlim] real:			5000.05 seconds
[runlim] time:			4971.04 seconds
[runlim] space:			247 MB
[runlim] load:			59.35 maximum
[runlim] samples:		50000
