[runlim] version:		2.0.0rc1
[runlim] host:			m01n03
[runlim] time limit:		311040000 seconds
[runlim] real time limit:	5000 seconds
[runlim] space limit:		7000 MB
[runlim] argv[0]:		./binary
[runlim] argv[1]:		-c
[runlim] argv[2]:		-f
[runlim] argv[3]:		/tmp/local-unzipped-12273037-6-384-BMS_k3_n100_m429_188.cnf
[runlim] start:			Wed Mar 25 00:28:15 2026
[runlim] child:			4119756
[runlim] sample:		9.96 time, 10.01 real, 3 MB, 10.77 load
[runlim] sample:		19.92 time, 20.01 real, 3 MB, 10.65 load
[runlim] sample:		29.88 time, 30.01 real, 3 MB, 10.55 load
[runlim] sample:		39.84 time, 40.01 real, 4 MB, 10.46 load
[runlim] sample:		49.80 time, 50.01 real, 4 MB, 10.39 load
[runlim] sample:		59.76 time, 60.01 real, 4 MB, 10.18 load
[runlim] sample:		69.72 time, 70.01 real, 4 MB, 10.00 load
[runlim] sample:		79.69 time, 80.01 real, 4 MB, 9.69 load
[runlim] sample:		89.65 time, 90.01 real, 4 MB, 9.43 load
[runlim] sample:		99.61 time, 100.01 real, 4 MB, 9.13 load
[runlim] sample:		109.57 time, 110.01 real, 4 MB, 8.80 load
[runlim] sample:		119.54 time, 120.01 real, 4 MB, 8.52 load
[runlim] sample:		129.50 time, 130.01 real, 4 MB, 8.13 load
[runlim] sample:		139.46 time, 140.01 real, 4 MB, 7.81 load
[runlim] sample:		149.42 time, 150.01 real, 4 MB, 7.60 load
[runlim] sample:		159.39 time, 160.01 real, 4 MB, 7.35 load
[runlim] sample:		169.35 time, 170.01 real, 5 MB, 7.15 load
[runlim] sample:		179.31 time, 180.01 real, 5 MB, 6.97 load
[runlim] sample:		189.27 time, 190.01 real, 5 MB, 6.89 load
[runlim] sample:		199.23 time, 200.01 real, 5 MB, 6.76 load
[runlim] sample:		209.19 time, 210.01 real, 5 MB, 6.64 load
[runlim] sample:		219.15 time, 220.01 real, 5 MB, 6.54 load
[runlim] sample:		229.11 time, 230.01 real, 5 MB, 6.46 load
[runlim] sample:		239.07 time, 240.01 real, 5 MB, 6.39 load
[runlim] sample:		249.03 time, 250.01 real, 5 MB, 6.33 load
[runlim] sample:		259.00 time, 260.01 real, 5 MB, 6.28 load
[runlim] sample:		268.96 time, 270.01 real, 5 MB, 6.23 load
[runlim] sample:		278.92 time, 280.01 real, 5 MB, 6.12 load
[runlim] sample:		288.88 time, 290.01 real, 5 MB, 5.95 load
[runlim] sample:		298.84 time, 300.01 real, 5 MB, 5.80 load
[runlim] sample:		308.80 time, 310.01 real, 5 MB, 5.68 load
[runlim] sample:		318.77 time, 320.01 real, 5 MB, 5.57 load
[runlim] sample:		328.73 time, 330.01 real, 5 MB, 5.49 load
[runlim] sample:		338.69 time, 340.01 real, 5 MB, 5.41 load
[runlim] sample:		348.65 time, 350.01 real, 5 MB, 5.35 load
[runlim] sample:		358.62 time, 360.01 real, 5 MB, 5.29 load
[runlim] sample:		368.59 time, 370.01 real, 5 MB, 5.25 load
[runlim] sample:		378.55 time, 380.01 real, 5 MB, 5.21 load
[runlim] sample:		388.51 time, 390.01 real, 5 MB, 5.18 load
[runlim] sample:		398.47 time, 400.01 real, 5 MB, 5.15 load
[runlim] sample:		408.44 time, 410.01 real, 5 MB, 5.12 load
[runlim] sample:		418.40 time, 420.01 real, 5 MB, 5.11 load
[runlim] end:			Wed Mar 25 00:35:24 2026
[runlim] status:		ok
[runlim] result:		0
[runlim] children:		1
[runlim] processes:		2
[runlim] real:			429.85 seconds
[runlim] time:			428.16 seconds
[runlim] space:			5 MB
[runlim] load:			10.81 maximum
[runlim] samples:		4298
