[runlim] version:		2.0.0rc1
[runlim] host:			m01n03
[runlim] time limit:		311040000 seconds
[runlim] real time limit:	5000 seconds
[runlim] space limit:		7000 MB
[runlim] argv[0]:		./binary
[runlim] argv[1]:		-c
[runlim] argv[2]:		-f
[runlim] argv[3]:		/tmp/local-unzipped-12273037-6-336-BMS_k3_n100_m429_347.cnf
[runlim] start:			Wed Mar 25 00:27:26 2026
[runlim] child:			4117988
[runlim] end:			Wed Mar 25 00:27:27 2026
[runlim] status:		ok
[runlim] result:		0
[runlim] children:		1
[runlim] processes:		2
[runlim] real:			0.98 seconds
[runlim] time:			0.90 seconds
[runlim] space:			6 MB
[runlim] load:			13.53 maximum
[runlim] samples:		9
