[runlim] version:		2.0.0rc1
[runlim] host:			m04n16
[runlim] time limit:		311040000 seconds
[runlim] real time limit:	5000 seconds
[runlim] space limit:		7000 MB
[runlim] argv[0]:		./binary
[runlim] argv[1]:		-c
[runlim] argv[2]:		-f
[runlim] argv[3]:		/tmp/local-unzipped-12273037-7-395-BMS_k3_n100_m429_30.cnf
[runlim] start:			Wed Mar 25 00:27:21 2026
[runlim] child:			1523969
[runlim] sample:		9.97 time, 10.01 real, 3 MB, 1.23 load
[runlim] sample:		19.93 time, 20.01 real, 3 MB, 1.82 load
[runlim] sample:		29.90 time, 30.01 real, 3 MB, 2.62 load
[runlim] sample:		39.86 time, 40.01 real, 3 MB, 3.76 load
[runlim] sample:		49.82 time, 50.01 real, 3 MB, 4.96 load
[runlim] sample:		59.77 time, 60.01 real, 3 MB, 5.73 load
[runlim] sample:		69.73 time, 70.01 real, 3 MB, 6.31 load
[runlim] sample:		79.69 time, 80.01 real, 3 MB, 6.73 load
[runlim] sample:		89.65 time, 90.01 real, 3 MB, 6.92 load
[runlim] sample:		99.60 time, 100.01 real, 3 MB, 7.01 load
[runlim] sample:		109.57 time, 110.01 real, 3 MB, 7.01 load
[runlim] sample:		119.53 time, 120.01 real, 3 MB, 6.85 load
[runlim] sample:		129.49 time, 130.01 real, 3 MB, 6.72 load
[runlim] sample:		139.45 time, 140.01 real, 3 MB, 6.61 load
[runlim] sample:		149.41 time, 150.01 real, 3 MB, 6.52 load
[runlim] sample:		159.37 time, 160.01 real, 3 MB, 6.84 load
[runlim] sample:		169.33 time, 170.01 real, 3 MB, 6.71 load
[runlim] sample:		179.29 time, 180.01 real, 3 MB, 6.68 load
[runlim] sample:		189.25 time, 190.01 real, 3 MB, 6.65 load
[runlim] sample:		199.21 time, 200.01 real, 3 MB, 6.55 load
[runlim] sample:		209.18 time, 210.01 real, 3 MB, 6.46 load
[runlim] sample:		219.14 time, 220.01 real, 3 MB, 6.39 load
[runlim] sample:		229.10 time, 230.01 real, 3 MB, 6.33 load
[runlim] sample:		239.06 time, 240.01 real, 3 MB, 6.36 load
[runlim] sample:		249.02 time, 250.01 real, 3 MB, 6.30 load
[runlim] sample:		258.98 time, 260.01 real, 3 MB, 6.34 load
[runlim] sample:		268.95 time, 270.01 real, 3 MB, 6.13 load
[runlim] sample:		278.91 time, 280.01 real, 3 MB, 6.04 load
[runlim] sample:		288.87 time, 290.01 real, 3 MB, 5.88 load
[runlim] sample:		298.84 time, 300.01 real, 3 MB, 5.82 load
[runlim] sample:		308.80 time, 310.01 real, 3 MB, 5.77 load
[runlim] sample:		318.77 time, 320.01 real, 3 MB, 5.65 load
[runlim] sample:		328.73 time, 330.01 real, 3 MB, 5.55 load
[runlim] sample:		338.69 time, 340.01 real, 3 MB, 5.61 load
[runlim] sample:		348.66 time, 350.01 real, 3 MB, 5.52 load
[runlim] sample:		358.62 time, 360.01 real, 3 MB, 5.52 load
[runlim] sample:		368.58 time, 370.01 real, 3 MB, 5.59 load
[runlim] sample:		378.55 time, 380.01 real, 3 MB, 5.50 load
[runlim] sample:		388.51 time, 390.01 real, 3 MB, 5.42 load
[runlim] sample:		398.48 time, 400.01 real, 3 MB, 5.51 load
[runlim] sample:		408.44 time, 410.01 real, 3 MB, 5.43 load
[runlim] sample:		418.41 time, 420.01 real, 3 MB, 5.44 load
[runlim] sample:		428.37 time, 430.01 real, 3 MB, 5.45 load
[runlim] sample:		438.33 time, 440.01 real, 3 MB, 5.38 load
[runlim] sample:		448.30 time, 450.01 real, 3 MB, 5.32 load
[runlim] sample:		458.26 time, 460.01 real, 3 MB, 5.27 load
[runlim] sample:		468.23 time, 470.01 real, 3 MB, 5.23 load
[runlim] sample:		478.19 time, 480.01 real, 3 MB, 5.27 load
[runlim] sample:		488.15 time, 490.01 real, 3 MB, 5.31 load
[runlim] sample:		498.12 time, 500.01 real, 3 MB, 5.26 load
[runlim] sample:		508.09 time, 510.01 real, 3 MB, 5.22 load
[runlim] sample:		518.05 time, 520.01 real, 3 MB, 5.50 load
[runlim] sample:		528.02 time, 530.01 real, 3 MB, 5.42 load
[runlim] sample:		537.98 time, 540.01 real, 3 MB, 5.44 load
[runlim] sample:		547.95 time, 550.01 real, 3 MB, 5.44 load
[runlim] sample:		557.91 time, 560.01 real, 3 MB, 5.37 load
[runlim] sample:		567.88 time, 570.01 real, 3 MB, 5.32 load
[runlim] sample:		577.85 time, 580.01 real, 3 MB, 5.35 load
[runlim] sample:		587.81 time, 590.01 real, 3 MB, 5.29 load
[runlim] sample:		597.78 time, 600.01 real, 3 MB, 5.33 load
[runlim] sample:		607.74 time, 610.01 real, 3 MB, 5.35 load
[runlim] sample:		617.71 time, 620.01 real, 3 MB, 5.30 load
[runlim] sample:		627.68 time, 630.01 real, 3 MB, 5.25 load
[runlim] sample:		637.64 time, 640.01 real, 3 MB, 5.21 load
[runlim] sample:		647.61 time, 650.01 real, 3 MB, 5.18 load
[runlim] sample:		657.57 time, 660.01 real, 3 MB, 5.23 load
[runlim] sample:		667.54 time, 670.01 real, 3 MB, 5.27 load
[runlim] sample:		677.50 time, 680.01 real, 3 MB, 5.23 load
[runlim] sample:		687.47 time, 690.01 real, 3 MB, 5.19 load
[runlim] sample:		697.44 time, 700.01 real, 3 MB, 5.16 load
[runlim] sample:		707.40 time, 710.01 real, 3 MB, 5.14 load
[runlim] sample:		717.37 time, 720.01 real, 3 MB, 5.12 load
[runlim] sample:		727.33 time, 730.01 real, 3 MB, 5.25 load
[runlim] sample:		737.30 time, 740.01 real, 3 MB, 5.21 load
[runlim] sample:		747.26 time, 750.01 real, 3 MB, 5.17 load
[runlim] sample:		757.23 time, 760.01 real, 3 MB, 5.23 load
[runlim] sample:		767.20 time, 770.01 real, 3 MB, 5.19 load
[runlim] sample:		777.16 time, 780.01 real, 3 MB, 5.16 load
[runlim] sample:		787.12 time, 790.01 real, 3 MB, 5.21 load
[runlim] sample:		797.09 time, 800.01 real, 3 MB, 5.18 load
[runlim] sample:		807.06 time, 810.01 real, 3 MB, 5.15 load
[runlim] sample:		817.02 time, 820.01 real, 3 MB, 5.27 load
[runlim] sample:		826.99 time, 830.01 real, 3 MB, 5.23 load
[runlim] sample:		836.95 time, 840.01 real, 3 MB, 5.20 load
[runlim] sample:		846.92 time, 850.01 real, 3 MB, 5.31 load
[runlim] sample:		856.88 time, 860.01 real, 3 MB, 5.26 load
[runlim] sample:		866.85 time, 870.01 real, 3 MB, 5.22 load
[runlim] sample:		876.81 time, 880.01 real, 3 MB, 5.27 load
[runlim] sample:		886.78 time, 890.01 real, 3 MB, 5.23 load
[runlim] sample:		896.74 time, 900.01 real, 3 MB, 5.19 load
[runlim] sample:		906.71 time, 910.01 real, 3 MB, 5.31 load
[runlim] sample:		916.67 time, 920.01 real, 3 MB, 5.26 load
[runlim] sample:		926.64 time, 930.01 real, 3 MB, 5.22 load
[runlim] sample:		936.61 time, 940.01 real, 3 MB, 5.19 load
[runlim] sample:		946.57 time, 950.01 real, 3 MB, 5.16 load
[runlim] sample:		956.54 time, 960.01 real, 3 MB, 5.13 load
[runlim] sample:		966.50 time, 970.01 real, 3 MB, 5.26 load
[runlim] sample:		976.47 time, 980.01 real, 3 MB, 5.22 load
[runlim] sample:		986.43 time, 990.01 real, 3 MB, 5.18 load
[runlim] sample:		996.40 time, 1000.01 real, 3 MB, 5.40 load
[runlim] sample:		1006.37 time, 1010.01 real, 3 MB, 5.34 load
[runlim] sample:		1016.33 time, 1020.01 real, 3 MB, 5.28 load
[runlim] sample:		1026.30 time, 1030.01 real, 3 MB, 5.31 load
[runlim] sample:		1036.26 time, 1040.01 real, 3 MB, 5.26 load
[runlim] sample:		1046.23 time, 1050.01 real, 3 MB, 5.22 load
[runlim] sample:		1056.20 time, 1060.01 real, 3 MB, 5.27 load
[runlim] sample:		1066.16 time, 1070.01 real, 3 MB, 5.30 load
[runlim] sample:		1076.13 time, 1080.01 real, 3 MB, 5.25 load
[runlim] sample:		1086.09 time, 1090.01 real, 3 MB, 5.45 load
[runlim] sample:		1096.06 time, 1100.01 real, 3 MB, 5.38 load
[runlim] sample:		1106.02 time, 1110.01 real, 3 MB, 5.32 load
[runlim] sample:		1115.99 time, 1120.01 real, 3 MB, 5.35 load
[runlim] sample:		1125.96 time, 1130.01 real, 3 MB, 5.29 load
[runlim] sample:		1135.92 time, 1140.01 real, 3 MB, 5.25 load
[runlim] sample:		1145.89 time, 1150.01 real, 3 MB, 5.28 load
[runlim] sample:		1155.85 time, 1160.01 real, 3 MB, 5.24 load
[runlim] sample:		1165.82 time, 1170.01 real, 3 MB, 5.20 load
[runlim] sample:		1175.79 time, 1180.01 real, 3 MB, 5.25 load
[runlim] sample:		1185.75 time, 1190.01 real, 3 MB, 5.21 load
[runlim] sample:		1195.72 time, 1200.01 real, 3 MB, 5.18 load
[runlim] sample:		1205.68 time, 1210.01 real, 3 MB, 5.22 load
[runlim] sample:		1215.65 time, 1220.01 real, 3 MB, 5.19 load
[runlim] sample:		1225.61 time, 1230.01 real, 3 MB, 5.16 load
[runlim] sample:		1235.58 time, 1240.01 real, 3 MB, 5.13 load
[runlim] sample:		1245.54 time, 1250.01 real, 3 MB, 5.11 load
[runlim] sample:		1255.51 time, 1260.01 real, 3 MB, 5.10 load
[runlim] sample:		1265.47 time, 1270.01 real, 3 MB, 5.15 load
[runlim] sample:		1275.44 time, 1280.01 real, 3 MB, 5.13 load
[runlim] sample:		1285.41 time, 1290.01 real, 3 MB, 5.11 load
[runlim] sample:		1295.37 time, 1300.01 real, 3 MB, 5.09 load
[runlim] sample:		1305.34 time, 1310.01 real, 3 MB, 5.08 load
[runlim] sample:		1315.30 time, 1320.01 real, 3 MB, 5.07 load
[runlim] sample:		1325.27 time, 1330.01 real, 3 MB, 5.13 load
[runlim] sample:		1335.23 time, 1340.01 real, 3 MB, 5.11 load
[runlim] sample:		1345.20 time, 1350.01 real, 3 MB, 5.17 load
[runlim] sample:		1355.17 time, 1360.01 real, 3 MB, 5.14 load
[runlim] sample:		1365.13 time, 1370.01 real, 3 MB, 5.12 load
[runlim] sample:		1375.10 time, 1380.01 real, 3 MB, 5.18 load
[runlim] sample:		1385.06 time, 1390.01 real, 3 MB, 5.22 load
[runlim] sample:		1395.03 time, 1400.01 real, 3 MB, 5.19 load
[runlim] sample:		1405.00 time, 1410.01 real, 3 MB, 5.16 load
[runlim] sample:		1414.96 time, 1420.01 real, 3 MB, 5.21 load
[runlim] sample:		1424.93 time, 1430.01 real, 3 MB, 5.18 load
[runlim] sample:		1434.90 time, 1440.01 real, 3 MB, 5.15 load
[runlim] sample:		1444.86 time, 1450.01 real, 3 MB, 5.27 load
[runlim] sample:		1454.83 time, 1460.01 real, 3 MB, 5.23 load
[runlim] sample:		1464.80 time, 1470.01 real, 3 MB, 5.19 load
[runlim] sample:		1474.76 time, 1480.01 real, 3 MB, 5.16 load
[runlim] sample:		1484.73 time, 1490.01 real, 3 MB, 5.14 load
[runlim] sample:		1494.70 time, 1500.01 real, 3 MB, 5.12 load
[runlim] sample:		1504.66 time, 1510.01 real, 3 MB, 5.25 load
[runlim] sample:		1514.63 time, 1520.01 real, 3 MB, 5.21 load
[runlim] sample:		1524.59 time, 1530.01 real, 3 MB, 5.18 load
[runlim] sample:		1534.56 time, 1540.01 real, 3 MB, 5.31 load
[runlim] sample:		1544.53 time, 1550.01 real, 3 MB, 5.26 load
[runlim] sample:		1554.49 time, 1560.01 real, 3 MB, 5.22 load
[runlim] sample:		1564.46 time, 1570.01 real, 3 MB, 5.26 load
[runlim] sample:		1574.42 time, 1580.01 real, 3 MB, 5.22 load
[runlim] sample:		1584.39 time, 1590.01 real, 3 MB, 5.18 load
[runlim] sample:		1594.36 time, 1600.01 real, 3 MB, 5.16 load
[runlim] sample:		1604.32 time, 1610.01 real, 3 MB, 5.13 load
[runlim] sample:		1614.29 time, 1620.01 real, 3 MB, 5.11 load
[runlim] sample:		1624.25 time, 1630.01 real, 3 MB, 5.24 load
[runlim] sample:		1634.22 time, 1640.01 real, 3 MB, 5.20 load
[runlim] sample:		1644.18 time, 1650.01 real, 3 MB, 5.17 load
[runlim] sample:		1654.15 time, 1660.01 real, 3 MB, 5.14 load
[runlim] sample:		1664.11 time, 1670.01 real, 3 MB, 5.12 load
[runlim] sample:		1674.08 time, 1680.01 real, 3 MB, 5.10 load
[runlim] sample:		1684.04 time, 1690.01 real, 3 MB, 5.16 load
[runlim] sample:		1694.01 time, 1700.01 real, 3 MB, 5.14 load
[runlim] sample:		1703.98 time, 1710.01 real, 3 MB, 5.11 load
[runlim] sample:		1713.94 time, 1720.01 real, 3 MB, 5.17 load
[runlim] sample:		1723.91 time, 1730.01 real, 3 MB, 5.22 load
[runlim] sample:		1733.87 time, 1740.01 real, 3 MB, 5.19 load
[runlim] sample:		1743.84 time, 1750.01 real, 3 MB, 5.31 load
[runlim] sample:		1753.81 time, 1760.01 real, 3 MB, 5.26 load
[runlim] sample:		1763.77 time, 1770.01 real, 3 MB, 5.22 load
[runlim] sample:		1773.74 time, 1780.01 real, 3 MB, 5.18 load
[runlim] sample:		1783.71 time, 1790.01 real, 3 MB, 5.16 load
[runlim] sample:		1793.67 time, 1800.01 real, 3 MB, 5.13 load
[runlim] sample:		1803.64 time, 1810.01 real, 3 MB, 5.18 load
[runlim] sample:		1813.61 time, 1820.01 real, 3 MB, 5.16 load
[runlim] sample:		1823.57 time, 1830.01 real, 3 MB, 5.13 load
[runlim] sample:		1833.54 time, 1840.01 real, 3 MB, 5.26 load
[runlim] sample:		1843.50 time, 1850.01 real, 3 MB, 5.06 load
[runlim] sample:		1853.47 time, 1860.01 real, 3 MB, 4.90 load
[runlim] sample:		1863.44 time, 1870.01 real, 3 MB, 4.91 load
[runlim] sample:		1873.40 time, 1880.01 real, 3 MB, 4.77 load
[runlim] sample:		1883.37 time, 1890.01 real, 3 MB, 4.65 load
[runlim] sample:		1893.34 time, 1900.01 real, 3 MB, 4.55 load
[runlim] sample:		1903.30 time, 1910.01 real, 3 MB, 4.46 load
[runlim] sample:		1913.27 time, 1920.01 real, 3 MB, 4.39 load
[runlim] sample:		1923.24 time, 1930.01 real, 3 MB, 4.55 load
[runlim] sample:		1933.20 time, 1940.01 real, 3 MB, 4.47 load
[runlim] sample:		1943.17 time, 1950.01 real, 3 MB, 4.40 load
[runlim] sample:		1953.14 time, 1960.01 real, 3 MB, 4.33 load
[runlim] sample:		1963.10 time, 1970.01 real, 3 MB, 4.28 load
[runlim] sample:		1973.07 time, 1980.01 real, 3 MB, 4.24 load
[runlim] sample:		1983.03 time, 1990.01 real, 3 MB, 4.28 load
[runlim] sample:		1993.00 time, 2000.01 real, 3 MB, 4.23 load
[runlim] sample:		2002.97 time, 2010.01 real, 3 MB, 4.20 load
[runlim] sample:		2012.93 time, 2020.01 real, 3 MB, 4.31 load
[runlim] sample:		2022.90 time, 2030.01 real, 3 MB, 4.26 load
[runlim] sample:		2032.87 time, 2040.01 real, 3 MB, 4.22 load
[runlim] sample:		2042.84 time, 2050.01 real, 3 MB, 4.26 load
[runlim] sample:		2052.80 time, 2060.01 real, 3 MB, 4.22 load
[runlim] sample:		2062.77 time, 2070.01 real, 3 MB, 4.27 load
[runlim] sample:		2072.74 time, 2080.01 real, 3 MB, 4.23 load
[runlim] sample:		2082.70 time, 2090.01 real, 3 MB, 4.19 load
[runlim] sample:		2092.67 time, 2100.01 real, 3 MB, 4.16 load
[runlim] sample:		2102.64 time, 2110.01 real, 3 MB, 4.28 load
[runlim] sample:		2112.60 time, 2120.01 real, 3 MB, 4.24 load
[runlim] sample:		2122.57 time, 2130.01 real, 3 MB, 4.20 load
[runlim] sample:		2132.54 time, 2140.01 real, 3 MB, 4.17 load
[runlim] sample:		2142.50 time, 2150.01 real, 3 MB, 4.14 load
[runlim] sample:		2152.47 time, 2160.01 real, 3 MB, 4.12 load
[runlim] sample:		2162.44 time, 2170.01 real, 3 MB, 4.18 load
[runlim] sample:		2172.40 time, 2180.01 real, 3 MB, 4.15 load
[runlim] sample:		2182.37 time, 2190.01 real, 3 MB, 4.13 load
[runlim] sample:		2192.34 time, 2200.01 real, 3 MB, 4.11 load
[runlim] sample:		2202.31 time, 2210.01 real, 3 MB, 4.09 load
[runlim] sample:		2212.28 time, 2220.01 real, 3 MB, 4.08 load
[runlim] sample:		2222.24 time, 2230.01 real, 3 MB, 4.14 load
[runlim] sample:		2232.21 time, 2240.01 real, 3 MB, 4.12 load
[runlim] sample:		2242.18 time, 2250.01 real, 3 MB, 4.10 load
[runlim] sample:		2252.14 time, 2260.01 real, 3 MB, 4.08 load
[runlim] sample:		2262.11 time, 2270.01 real, 3 MB, 4.07 load
[runlim] sample:		2272.08 time, 2280.01 real, 3 MB, 4.06 load
[runlim] sample:		2282.05 time, 2290.01 real, 3 MB, 4.12 load
[runlim] sample:		2292.01 time, 2300.01 real, 3 MB, 4.10 load
[runlim] sample:		2301.98 time, 2310.01 real, 3 MB, 4.09 load
[runlim] sample:		2311.95 time, 2320.01 real, 3 MB, 4.15 load
[runlim] sample:		2321.92 time, 2330.01 real, 3 MB, 4.12 load
[runlim] sample:		2331.88 time, 2340.01 real, 3 MB, 4.10 load
[runlim] sample:		2341.85 time, 2350.01 real, 3 MB, 4.16 load
[runlim] sample:		2351.82 time, 2360.01 real, 3 MB, 4.14 load
[runlim] sample:		2361.79 time, 2370.01 real, 3 MB, 4.11 load
[runlim] sample:		2371.75 time, 2380.01 real, 3 MB, 4.10 load
[runlim] sample:		2381.72 time, 2390.01 real, 3 MB, 4.08 load
[runlim] sample:		2391.69 time, 2400.01 real, 3 MB, 4.07 load
[runlim] sample:		2401.65 time, 2410.01 real, 3 MB, 4.13 load
[runlim] sample:		2411.62 time, 2420.01 real, 3 MB, 4.11 load
[runlim] sample:		2421.59 time, 2430.01 real, 3 MB, 4.09 load
[runlim] sample:		2431.56 time, 2440.01 real, 3 MB, 4.16 load
[runlim] sample:		2441.52 time, 2450.01 real, 3 MB, 4.13 load
[runlim] sample:		2451.49 time, 2460.01 real, 3 MB, 4.11 load
[runlim] sample:		2461.46 time, 2470.01 real, 3 MB, 4.10 load
[runlim] sample:		2471.43 time, 2480.01 real, 3 MB, 4.08 load
[runlim] sample:		2481.40 time, 2490.01 real, 3 MB, 4.14 load
[runlim] sample:		2491.36 time, 2500.01 real, 3 MB, 4.44 load
[runlim] sample:		2501.33 time, 2510.01 real, 3 MB, 4.37 load
[runlim] sample:		2511.30 time, 2520.01 real, 3 MB, 4.31 load
[runlim] sample:		2521.27 time, 2530.01 real, 3 MB, 4.27 load
[runlim] sample:		2531.23 time, 2540.01 real, 3 MB, 4.22 load
[runlim] sample:		2541.20 time, 2550.01 real, 3 MB, 4.19 load
[runlim] sample:		2551.17 time, 2560.01 real, 3 MB, 4.16 load
[runlim] sample:		2561.13 time, 2570.01 real, 3 MB, 4.13 load
[runlim] sample:		2571.10 time, 2580.01 real, 3 MB, 4.11 load
[runlim] sample:		2581.07 time, 2590.01 real, 3 MB, 4.10 load
[runlim] sample:		2591.03 time, 2600.01 real, 3 MB, 4.08 load
[runlim] sample:		2601.00 time, 2610.01 real, 3 MB, 4.07 load
[runlim] sample:		2610.96 time, 2620.01 real, 3 MB, 4.13 load
[runlim] sample:		2620.93 time, 2630.01 real, 3 MB, 4.11 load
[runlim] sample:		2630.90 time, 2640.01 real, 3 MB, 4.09 load
[runlim] sample:		2640.86 time, 2650.01 real, 3 MB, 4.08 load
[runlim] sample:		2650.83 time, 2660.01 real, 3 MB, 4.07 load
[runlim] sample:		2660.80 time, 2670.01 real, 3 MB, 4.06 load
[runlim] sample:		2670.76 time, 2680.01 real, 3 MB, 4.05 load
[runlim] sample:		2680.73 time, 2690.01 real, 3 MB, 4.04 load
[runlim] sample:		2690.70 time, 2700.01 real, 3 MB, 4.03 load
[runlim] sample:		2700.66 time, 2710.01 real, 3 MB, 4.03 load
[runlim] sample:		2710.63 time, 2720.01 real, 3 MB, 4.02 load
[runlim] sample:		2720.60 time, 2730.01 real, 3 MB, 4.02 load
[runlim] sample:		2730.57 time, 2740.01 real, 3 MB, 4.02 load
[runlim] sample:		2740.53 time, 2750.01 real, 3 MB, 4.01 load
[runlim] sample:		2750.50 time, 2760.01 real, 3 MB, 4.01 load
[runlim] sample:		2760.47 time, 2770.01 real, 3 MB, 4.01 load
[runlim] sample:		2770.43 time, 2780.01 real, 3 MB, 4.01 load
[runlim] sample:		2780.40 time, 2790.01 real, 3 MB, 4.00 load
[runlim] sample:		2790.37 time, 2800.01 real, 3 MB, 4.00 load
[runlim] sample:		2800.33 time, 2810.01 real, 3 MB, 4.00 load
[runlim] sample:		2810.30 time, 2820.01 real, 3 MB, 4.00 load
[runlim] sample:		2820.27 time, 2830.01 real, 3 MB, 4.08 load
[runlim] sample:		2830.23 time, 2840.01 real, 3 MB, 4.07 load
[runlim] sample:		2840.20 time, 2850.01 real, 3 MB, 4.06 load
[runlim] sample:		2850.17 time, 2860.01 real, 3 MB, 4.05 load
[runlim] sample:		2860.14 time, 2870.01 real, 3 MB, 4.04 load
[runlim] sample:		2870.10 time, 2880.01 real, 3 MB, 4.11 load
[runlim] sample:		2880.07 time, 2890.01 real, 3 MB, 4.25 load
[runlim] sample:		2890.04 time, 2900.01 real, 3 MB, 4.21 load
[runlim] sample:		2900.00 time, 2910.01 real, 3 MB, 4.18 load
[runlim] sample:		2909.97 time, 2920.01 real, 3 MB, 4.15 load
[runlim] sample:		2919.94 time, 2930.01 real, 3 MB, 4.13 load
[runlim] sample:		2929.91 time, 2940.01 real, 3 MB, 4.11 load
[runlim] sample:		2939.87 time, 2950.01 real, 3 MB, 4.17 load
[runlim] sample:		2949.84 time, 2960.01 real, 3 MB, 4.14 load
[runlim] sample:		2959.81 time, 2970.01 real, 3 MB, 4.20 load
[runlim] sample:		2969.77 time, 2980.01 real, 3 MB, 4.33 load
[runlim] sample:		2979.74 time, 2990.01 real, 3 MB, 4.50 load
[runlim] sample:		2989.71 time, 3000.01 real, 3 MB, 4.58 load
[runlim] sample:		2999.67 time, 3010.01 real, 3 MB, 4.72 load
[runlim] sample:		3009.64 time, 3020.01 real, 3 MB, 4.77 load
[runlim] sample:		3019.61 time, 3030.01 real, 3 MB, 4.88 load
[runlim] sample:		3029.58 time, 3040.01 real, 3 MB, 4.90 load
[runlim] sample:		3039.54 time, 3050.01 real, 3 MB, 4.92 load
[runlim] sample:		3049.51 time, 3060.01 real, 3 MB, 5.00 load
[runlim] sample:		3059.48 time, 3070.01 real, 3 MB, 5.00 load
[runlim] sample:		3069.45 time, 3080.01 real, 3 MB, 4.85 load
[runlim] sample:		3079.41 time, 3090.01 real, 3 MB, 4.72 load
[runlim] sample:		3089.38 time, 3100.01 real, 3 MB, 4.61 load
[runlim] sample:		3099.35 time, 3110.01 real, 3 MB, 4.51 load
[runlim] sample:		3109.32 time, 3120.01 real, 3 MB, 4.43 load
[runlim] sample:		3119.28 time, 3130.01 real, 3 MB, 4.45 load
[runlim] sample:		3129.25 time, 3140.01 real, 3 MB, 4.38 load
[runlim] sample:		3139.22 time, 3150.01 real, 3 MB, 4.32 load
[runlim] sample:		3149.19 time, 3160.01 real, 3 MB, 4.27 load
[runlim] sample:		3159.15 time, 3170.01 real, 3 MB, 4.23 load
[runlim] sample:		3169.12 time, 3180.01 real, 3 MB, 4.19 load
[runlim] sample:		3179.09 time, 3190.01 real, 3 MB, 4.24 load
[runlim] sample:		3189.06 time, 3200.01 real, 3 MB, 4.20 load
[runlim] sample:		3199.02 time, 3210.01 real, 3 MB, 4.17 load
[runlim] sample:		3208.99 time, 3220.01 real, 3 MB, 4.15 load
[runlim] sample:		3218.96 time, 3230.01 real, 3 MB, 4.12 load
[runlim] sample:		3228.93 time, 3240.01 real, 3 MB, 4.10 load
[runlim] sample:		3238.89 time, 3250.01 real, 3 MB, 4.17 load
[runlim] sample:		3248.86 time, 3260.01 real, 3 MB, 4.14 load
[runlim] sample:		3258.83 time, 3270.01 real, 3 MB, 4.12 load
[runlim] sample:		3268.79 time, 3280.01 real, 3 MB, 4.17 load
[runlim] sample:		3278.76 time, 3290.01 real, 3 MB, 4.15 load
[runlim] sample:		3288.73 time, 3300.01 real, 3 MB, 4.12 load
[runlim] sample:		3298.69 time, 3310.01 real, 3 MB, 4.18 load
[runlim] sample:		3308.66 time, 3320.01 real, 3 MB, 4.16 load
[runlim] sample:		3318.63 time, 3330.01 real, 3 MB, 4.13 load
[runlim] sample:		3328.59 time, 3340.01 real, 3 MB, 4.11 load
[runlim] sample:		3338.56 time, 3350.01 real, 3 MB, 4.09 load
[runlim] sample:		3348.53 time, 3360.01 real, 3 MB, 4.08 load
[runlim] sample:		3358.49 time, 3370.01 real, 3 MB, 4.29 load
[runlim] sample:		3368.46 time, 3380.01 real, 3 MB, 4.32 load
[runlim] sample:		3378.43 time, 3390.01 real, 3 MB, 4.27 load
[runlim] sample:		3388.39 time, 3400.01 real, 3 MB, 4.15 load
[runlim] sample:		3398.35 time, 3410.01 real, 3 MB, 3.97 load
[runlim] sample:		3408.31 time, 3420.01 real, 3 MB, 3.82 load
[runlim] sample:		3418.27 time, 3430.01 real, 3 MB, 3.86 load
[runlim] sample:		3428.23 time, 3440.01 real, 3 MB, 3.72 load
[runlim] sample:		3438.19 time, 3450.01 real, 3 MB, 3.61 load
[runlim] sample:		3448.16 time, 3460.01 real, 3 MB, 3.67 load
[runlim] sample:		3458.12 time, 3470.01 real, 3 MB, 3.56 load
[runlim] sample:		3468.08 time, 3480.01 real, 3 MB, 3.48 load
[runlim] sample:		3478.04 time, 3490.01 real, 3 MB, 3.48 load
[runlim] sample:		3488.00 time, 3500.01 real, 3 MB, 3.41 load
[runlim] sample:		3497.96 time, 3510.01 real, 3 MB, 3.35 load
[runlim] sample:		3507.92 time, 3520.01 real, 3 MB, 3.61 load
[runlim] sample:		3517.88 time, 3530.01 real, 3 MB, 3.52 load
[runlim] sample:		3527.84 time, 3540.01 real, 3 MB, 3.44 load
[runlim] sample:		3537.80 time, 3550.01 real, 3 MB, 3.52 load
[runlim] sample:		3547.76 time, 3560.01 real, 3 MB, 3.44 load
[runlim] sample:		3557.72 time, 3570.01 real, 3 MB, 3.37 load
[runlim] sample:		3567.68 time, 3580.01 real, 3 MB, 3.32 load
[runlim] sample:		3577.64 time, 3590.01 real, 3 MB, 3.27 load
[runlim] sample:		3587.60 time, 3600.01 real, 3 MB, 3.23 load
[runlim] sample:		3597.56 time, 3610.01 real, 3 MB, 3.27 load
[runlim] sample:		3607.52 time, 3620.01 real, 3 MB, 3.23 load
[runlim] sample:		3617.48 time, 3630.01 real, 3 MB, 3.19 load
[runlim] sample:		3627.44 time, 3640.01 real, 3 MB, 3.16 load
[runlim] sample:		3637.40 time, 3650.01 real, 3 MB, 3.14 load
[runlim] sample:		3647.37 time, 3660.01 real, 3 MB, 3.12 load
[runlim] sample:		3657.32 time, 3670.01 real, 3 MB, 3.18 load
[runlim] sample:		3667.28 time, 3680.01 real, 3 MB, 3.15 load
[runlim] sample:		3677.25 time, 3690.01 real, 3 MB, 3.13 load
[runlim] sample:		3687.21 time, 3700.01 real, 3 MB, 3.11 load
[runlim] sample:		3697.17 time, 3710.01 real, 3 MB, 3.09 load
[runlim] sample:		3707.13 time, 3720.01 real, 3 MB, 3.08 load
[runlim] sample:		3717.09 time, 3730.01 real, 3 MB, 3.14 load
[runlim] sample:		3727.05 time, 3740.01 real, 3 MB, 3.12 load
[runlim] sample:		3737.01 time, 3750.01 real, 3 MB, 3.10 load
[runlim] sample:		3746.97 time, 3760.01 real, 3 MB, 3.09 load
[runlim] sample:		3756.93 time, 3770.01 real, 3 MB, 3.07 load
[runlim] sample:		3766.89 time, 3780.01 real, 3 MB, 3.06 load
[runlim] sample:		3776.85 time, 3790.01 real, 3 MB, 3.13 load
[runlim] sample:		3786.81 time, 3800.01 real, 3 MB, 3.11 load
[runlim] sample:		3796.77 time, 3810.01 real, 3 MB, 3.09 load
[runlim] sample:		3806.73 time, 3820.01 real, 3 MB, 3.08 load
[runlim] sample:		3816.69 time, 3830.01 real, 3 MB, 3.07 load
[runlim] sample:		3826.65 time, 3840.01 real, 3 MB, 3.06 load
[runlim] sample:		3836.61 time, 3850.01 real, 3 MB, 3.13 load
[runlim] sample:		3846.57 time, 3860.01 real, 3 MB, 3.11 load
[runlim] sample:		3856.53 time, 3870.01 real, 3 MB, 3.09 load
[runlim] sample:		3866.49 time, 3880.01 real, 3 MB, 3.08 load
[runlim] sample:		3876.45 time, 3890.01 real, 3 MB, 3.06 load
[runlim] sample:		3886.41 time, 3900.01 real, 3 MB, 3.05 load
[runlim] sample:		3896.37 time, 3910.01 real, 3 MB, 3.04 load
[runlim] sample:		3906.33 time, 3920.01 real, 3 MB, 3.04 load
[runlim] sample:		3916.29 time, 3930.01 real, 3 MB, 3.03 load
[runlim] sample:		3926.25 time, 3940.01 real, 3 MB, 3.03 load
[runlim] sample:		3936.21 time, 3950.01 real, 3 MB, 3.02 load
[runlim] sample:		3946.17 time, 3960.01 real, 3 MB, 3.02 load
[runlim] sample:		3956.13 time, 3970.01 real, 3 MB, 3.09 load
[runlim] sample:		3966.09 time, 3980.01 real, 3 MB, 3.08 load
[runlim] sample:		3976.05 time, 3990.01 real, 3 MB, 3.07 load
[runlim] sample:		3986.01 time, 4000.01 real, 3 MB, 5.14 load
[runlim] sample:		3995.97 time, 4010.01 real, 3 MB, 4.81 load
[runlim] sample:		4005.94 time, 4020.01 real, 3 MB, 4.53 load
[runlim] sample:		4015.90 time, 4030.01 real, 3 MB, 4.52 load
[runlim] sample:		4025.86 time, 4040.01 real, 3 MB, 4.29 load
[runlim] sample:		4035.82 time, 4050.01 real, 3 MB, 4.09 load
[runlim] sample:		4045.78 time, 4060.01 real, 3 MB, 3.92 load
[runlim] sample:		4055.74 time, 4070.01 real, 3 MB, 3.78 load
[runlim] sample:		4065.70 time, 4080.01 real, 3 MB, 3.66 load
[runlim] sample:		4075.66 time, 4090.01 real, 3 MB, 3.64 load
[runlim] sample:		4085.62 time, 4100.01 real, 3 MB, 3.54 load
[runlim] sample:		4095.58 time, 4110.01 real, 3 MB, 3.46 load
[runlim] sample:		4105.55 time, 4120.01 real, 3 MB, 3.39 load
[runlim] sample:		4115.51 time, 4130.01 real, 3 MB, 3.33 load
[runlim] sample:		4125.47 time, 4140.01 real, 3 MB, 3.27 load
[runlim] sample:		4135.43 time, 4150.01 real, 3 MB, 3.31 load
[runlim] sample:		4145.39 time, 4160.01 real, 3 MB, 3.26 load
[runlim] sample:		4155.35 time, 4170.01 real, 3 MB, 3.22 load
[runlim] sample:		4165.31 time, 4180.01 real, 3 MB, 3.19 load
[runlim] sample:		4175.27 time, 4190.01 real, 3 MB, 3.16 load
[runlim] sample:		4185.23 time, 4200.01 real, 3 MB, 3.13 load
[runlim] sample:		4195.19 time, 4210.01 real, 3 MB, 3.19 load
[runlim] sample:		4205.15 time, 4220.01 real, 3 MB, 3.16 load
[runlim] sample:		4215.11 time, 4230.01 real, 3 MB, 3.14 load
[runlim] sample:		4225.07 time, 4240.01 real, 3 MB, 3.12 load
[runlim] sample:		4235.03 time, 4250.01 real, 3 MB, 3.10 load
[runlim] sample:		4245.00 time, 4260.01 real, 3 MB, 3.08 load
[runlim] sample:		4254.96 time, 4270.01 real, 3 MB, 3.15 load
[runlim] sample:		4264.92 time, 4280.01 real, 3 MB, 3.13 load
[runlim] sample:		4274.88 time, 4290.01 real, 3 MB, 3.11 load
[runlim] sample:		4284.84 time, 4300.01 real, 3 MB, 3.09 load
[runlim] sample:		4294.80 time, 4310.01 real, 3 MB, 3.08 load
[runlim] sample:		4304.76 time, 4320.01 real, 3 MB, 3.06 load
[runlim] sample:		4314.72 time, 4330.01 real, 3 MB, 3.05 load
[runlim] sample:		4324.68 time, 4340.01 real, 3 MB, 3.04 load
[runlim] sample:		4334.64 time, 4350.01 real, 3 MB, 3.04 load
[runlim] sample:		4344.60 time, 4360.01 real, 3 MB, 3.03 load
[runlim] sample:		4354.56 time, 4370.01 real, 3 MB, 3.03 load
[runlim] sample:		4364.52 time, 4380.01 real, 3 MB, 3.02 load
[runlim] sample:		4374.48 time, 4390.01 real, 3 MB, 3.10 load
[runlim] sample:		4384.44 time, 4400.01 real, 3 MB, 3.08 load
[runlim] sample:		4394.40 time, 4410.01 real, 3 MB, 3.07 load
[runlim] sample:		4404.36 time, 4420.01 real, 3 MB, 3.06 load
[runlim] sample:		4414.33 time, 4430.01 real, 3 MB, 3.05 load
[runlim] sample:		4424.29 time, 4440.01 real, 3 MB, 3.04 load
[runlim] sample:		4434.25 time, 4450.01 real, 3 MB, 3.03 load
[runlim] sample:		4444.21 time, 4460.01 real, 3 MB, 3.03 load
[runlim] sample:		4454.17 time, 4470.01 real, 3 MB, 3.02 load
[runlim] sample:		4464.13 time, 4480.01 real, 3 MB, 3.02 load
[runlim] sample:		4474.09 time, 4490.01 real, 3 MB, 3.02 load
[runlim] sample:		4484.05 time, 4500.01 real, 3 MB, 3.01 load
[runlim] sample:		4494.01 time, 4510.01 real, 3 MB, 3.09 load
[runlim] sample:		4503.97 time, 4520.01 real, 3 MB, 3.08 load
[runlim] sample:		4513.94 time, 4530.01 real, 3 MB, 3.06 load
[runlim] sample:		4523.90 time, 4540.01 real, 3 MB, 3.05 load
[runlim] sample:		4533.86 time, 4550.01 real, 3 MB, 3.05 load
[runlim] sample:		4543.82 time, 4560.01 real, 3 MB, 3.04 load
[runlim] sample:		4553.78 time, 4570.01 real, 3 MB, 3.11 load
[runlim] sample:		4563.74 time, 4580.01 real, 3 MB, 3.09 load
[runlim] sample:		4573.70 time, 4590.01 real, 3 MB, 3.08 load
[runlim] sample:		4583.66 time, 4600.01 real, 3 MB, 3.07 load
[runlim] sample:		4593.63 time, 4610.01 real, 3 MB, 3.06 load
[runlim] sample:		4603.59 time, 4620.01 real, 3 MB, 3.05 load
[runlim] sample:		4613.55 time, 4630.01 real, 3 MB, 3.04 load
[runlim] sample:		4623.51 time, 4640.01 real, 3 MB, 3.03 load
[runlim] sample:		4633.47 time, 4650.01 real, 3 MB, 3.03 load
[runlim] sample:		4643.43 time, 4660.01 real, 3 MB, 3.02 load
[runlim] sample:		4653.39 time, 4670.01 real, 3 MB, 3.02 load
[runlim] sample:		4663.35 time, 4680.01 real, 3 MB, 3.02 load
[runlim] sample:		4673.31 time, 4690.01 real, 3 MB, 3.09 load
[runlim] sample:		4683.27 time, 4700.01 real, 3 MB, 3.07 load
[runlim] sample:		4693.23 time, 4710.01 real, 3 MB, 3.06 load
[runlim] sample:		4703.19 time, 4720.01 real, 3 MB, 3.05 load
[runlim] sample:		4713.15 time, 4730.01 real, 3 MB, 3.04 load
[runlim] sample:		4723.11 time, 4740.01 real, 3 MB, 3.04 load
[runlim] sample:		4733.08 time, 4750.01 real, 3 MB, 3.03 load
[runlim] sample:		4743.04 time, 4760.01 real, 3 MB, 3.10 load
[runlim] sample:		4753.00 time, 4770.01 real, 3 MB, 3.08 load
[runlim] sample:		4762.96 time, 4780.01 real, 3 MB, 3.07 load
[runlim] sample:		4772.92 time, 4790.01 real, 3 MB, 3.06 load
[runlim] sample:		4782.88 time, 4800.01 real, 3 MB, 3.05 load
[runlim] sample:		4792.84 time, 4810.01 real, 3 MB, 3.26 load
[runlim] sample:		4802.80 time, 4820.01 real, 3 MB, 3.30 load
[runlim] sample:		4812.76 time, 4830.01 real, 3 MB, 3.25 load
[runlim] sample:		4822.73 time, 4840.01 real, 3 MB, 3.21 load
[runlim] sample:		4832.69 time, 4850.01 real, 3 MB, 3.18 load
[runlim] sample:		4842.65 time, 4860.01 real, 3 MB, 3.15 load
[runlim] sample:		4852.61 time, 4870.01 real, 3 MB, 3.13 load
[runlim] sample:		4862.57 time, 4880.01 real, 3 MB, 3.18 load
[runlim] sample:		4872.53 time, 4890.01 real, 3 MB, 3.15 load
[runlim] sample:		4882.49 time, 4900.01 real, 3 MB, 3.13 load
[runlim] sample:		4892.45 time, 4910.01 real, 3 MB, 3.18 load
[runlim] sample:		4902.41 time, 4920.01 real, 3 MB, 3.15 load
[runlim] sample:		4912.38 time, 4930.01 real, 3 MB, 3.13 load
[runlim] sample:		4922.33 time, 4940.01 real, 3 MB, 3.11 load
[runlim] sample:		4932.30 time, 4950.01 real, 3 MB, 3.09 load
[runlim] sample:		4942.26 time, 4960.01 real, 3 MB, 3.08 load
[runlim] sample:		4952.22 time, 4970.01 real, 3 MB, 3.07 load
[runlim] sample:		4962.18 time, 4980.01 real, 3 MB, 3.06 load
[runlim] sample:		4972.14 time, 4990.01 real, 3 MB, 3.12 load
[runlim] sample:		4982.10 time, 5000.01 real, 3 MB, 3.10 load
[runlim] end:			Wed Mar 25 01:50:41 2026
[runlim] status:		out of time
[runlim] result:		2
[runlim] children:		1
[runlim] processes:		2
[runlim] real:			5000.05 seconds
[runlim] time:			4982.10 seconds
[runlim] space:			3 MB
[runlim] load:			7.01 maximum
[runlim] samples:		50000
