[runlim] version:		2.0.0rc1
[runlim] host:			o01n15
[runlim] time limit:		311040000 seconds
[runlim] real time limit:	5000 seconds
[runlim] space limit:		7000 MB
[runlim] argv[0]:		./binary
[runlim] argv[1]:		-c
[runlim] argv[2]:		-f
[runlim] argv[3]:		/tmp/local-unzipped-12273037-8-483-BMS_k3_n100_m429_475.cnf
[runlim] start:			Wed Mar 25 00:27:45 2026
[runlim] child:			1397299
[runlim] end:			Wed Mar 25 00:27:46 2026
[runlim] status:		ok
[runlim] result:		0
[runlim] children:		1
[runlim] processes:		2
[runlim] real:			0.96 seconds
[runlim] time:			0.90 seconds
[runlim] space:			4 MB
[runlim] load:			2.13 maximum
[runlim] samples:		9
