[runlim] version:		2.0.0rc1
[runlim] host:			o01n15
[runlim] time limit:		311040000 seconds
[runlim] real time limit:	5000 seconds
[runlim] space limit:		7000 MB
[runlim] argv[0]:		./binary
[runlim] argv[1]:		-c
[runlim] argv[2]:		-f
[runlim] argv[3]:		/tmp/local-unzipped-12273037-8-486-BMS_k3_n100_m429_479.cnf
[runlim] start:			Wed Mar 25 00:27:48 2026
[runlim] child:			1397404
[runlim] sample:		9.96 time, 10.01 real, 5 MB, 3.14 load
[runlim] sample:		19.91 time, 20.01 real, 5 MB, 3.73 load
[runlim] sample:		29.88 time, 30.01 real, 5 MB, 3.92 load
[runlim] sample:		39.84 time, 40.01 real, 5 MB, 4.16 load
[runlim] sample:		49.80 time, 50.01 real, 5 MB, 4.29 load
[runlim] sample:		59.76 time, 60.01 real, 5 MB, 4.40 load
[runlim] sample:		69.73 time, 70.01 real, 5 MB, 4.49 load
[runlim] sample:		79.69 time, 80.01 real, 5 MB, 4.57 load
[runlim] sample:		89.65 time, 90.01 real, 5 MB, 4.48 load
[runlim] sample:		99.62 time, 100.01 real, 5 MB, 4.41 load
[runlim] sample:		109.58 time, 110.01 real, 5 MB, 4.35 load
[runlim] sample:		119.54 time, 120.01 real, 5 MB, 4.21 load
[runlim] sample:		129.51 time, 130.01 real, 5 MB, 4.03 load
[runlim] sample:		139.48 time, 140.01 real, 5 MB, 3.87 load
[runlim] sample:		149.45 time, 150.01 real, 5 MB, 3.65 load
[runlim] sample:		159.41 time, 160.01 real, 6 MB, 3.40 load
[runlim] sample:		169.38 time, 170.01 real, 6 MB, 3.18 load
[runlim] sample:		179.35 time, 180.01 real, 6 MB, 3.00 load
[runlim] sample:		189.32 time, 190.01 real, 6 MB, 2.85 load
[runlim] sample:		199.29 time, 200.01 real, 6 MB, 2.79 load
[runlim] sample:		209.26 time, 210.01 real, 6 MB, 2.67 load
[runlim] sample:		219.22 time, 220.01 real, 6 MB, 2.56 load
[runlim] sample:		229.19 time, 230.01 real, 6 MB, 2.48 load
[runlim] sample:		239.16 time, 240.01 real, 6 MB, 2.40 load
[runlim] sample:		249.13 time, 250.01 real, 6 MB, 2.34 load
[runlim] sample:		259.10 time, 260.01 real, 6 MB, 2.29 load
[runlim] sample:		269.07 time, 270.01 real, 6 MB, 2.24 load
[runlim] sample:		279.04 time, 280.01 real, 6 MB, 2.21 load
[runlim] sample:		289.01 time, 290.01 real, 6 MB, 2.17 load
[runlim] sample:		298.98 time, 300.01 real, 6 MB, 2.15 load
[runlim] sample:		308.95 time, 310.01 real, 6 MB, 2.12 load
[runlim] sample:		318.92 time, 320.01 real, 6 MB, 2.10 load
[runlim] sample:		328.89 time, 330.01 real, 6 MB, 2.09 load
[runlim] sample:		338.86 time, 340.01 real, 6 MB, 2.07 load
[runlim] sample:		348.83 time, 350.01 real, 6 MB, 2.06 load
[runlim] sample:		358.80 time, 360.01 real, 6 MB, 2.13 load
[runlim] sample:		368.77 time, 370.01 real, 6 MB, 2.11 load
[runlim] sample:		378.74 time, 380.01 real, 6 MB, 2.17 load
[runlim] sample:		388.71 time, 390.01 real, 6 MB, 2.14 load
[runlim] sample:		398.67 time, 400.01 real, 6 MB, 2.12 load
[runlim] sample:		408.64 time, 410.01 real, 6 MB, 2.10 load
[runlim] sample:		418.61 time, 420.01 real, 6 MB, 2.09 load
[runlim] sample:		428.58 time, 430.01 real, 6 MB, 2.07 load
[runlim] sample:		438.55 time, 440.01 real, 6 MB, 2.06 load
[runlim] sample:		448.52 time, 450.01 real, 6 MB, 2.05 load
[runlim] sample:		458.49 time, 460.01 real, 6 MB, 2.12 load
[runlim] sample:		468.46 time, 470.01 real, 6 MB, 2.10 load
[runlim] sample:		478.42 time, 480.01 real, 6 MB, 2.09 load
[runlim] sample:		488.39 time, 490.01 real, 6 MB, 2.07 load
[runlim] sample:		498.36 time, 500.01 real, 6 MB, 2.06 load
[runlim] sample:		508.33 time, 510.01 real, 6 MB, 2.05 load
[runlim] sample:		518.30 time, 520.01 real, 6 MB, 2.04 load
[runlim] sample:		528.27 time, 530.01 real, 6 MB, 2.04 load
[runlim] sample:		538.24 time, 540.01 real, 6 MB, 2.03 load
[runlim] sample:		548.21 time, 550.01 real, 6 MB, 2.02 load
[runlim] sample:		558.18 time, 560.01 real, 6 MB, 2.02 load
[runlim] sample:		568.15 time, 570.01 real, 6 MB, 2.02 load
[runlim] sample:		578.11 time, 580.01 real, 6 MB, 2.01 load
[runlim] sample:		588.08 time, 590.01 real, 6 MB, 2.01 load
[runlim] sample:		598.05 time, 600.01 real, 6 MB, 2.01 load
[runlim] sample:		608.02 time, 610.01 real, 6 MB, 2.01 load
[runlim] end:			Wed Mar 25 00:38:04 2026
[runlim] status:		ok
[runlim] result:		0
[runlim] children:		1
[runlim] processes:		2
[runlim] real:			615.83 seconds
[runlim] time:			613.80 seconds
[runlim] space:			6 MB
[runlim] load:			4.57 maximum
[runlim] samples:		6158
