[runlim] version:		2.0.0rc1
[runlim] host:			o02n08
[runlim] time limit:		311040000 seconds
[runlim] real time limit:	5000 seconds
[runlim] space limit:		7000 MB
[runlim] argv[0]:		./binary
[runlim] argv[1]:		-c
[runlim] argv[2]:		-f
[runlim] argv[3]:		/tmp/local-unzipped-12273037-5-288-BMS_k3_n100_m429_133.cnf
[runlim] start:			Wed Mar 25 00:25:17 2026
[runlim] child:			941838
[runlim] sample:		9.97 time, 10.01 real, 4 MB, 6.48 load
[runlim] sample:		19.94 time, 20.01 real, 4 MB, 6.26 load
[runlim] sample:		29.90 time, 30.01 real, 4 MB, 6.23 load
[runlim] sample:		39.86 time, 40.01 real, 4 MB, 6.27 load
[runlim] sample:		49.83 time, 50.01 real, 4 MB, 6.07 load
[runlim] sample:		59.80 time, 60.01 real, 4 MB, 5.91 load
[runlim] sample:		69.76 time, 70.01 real, 4 MB, 5.69 load
[runlim] sample:		79.73 time, 80.01 real, 4 MB, 5.27 load
[runlim] sample:		89.70 time, 90.01 real, 4 MB, 4.92 load
[runlim] sample:		99.67 time, 100.01 real, 4 MB, 4.70 load
[runlim] sample:		109.64 time, 110.01 real, 4 MB, 4.44 load
[runlim] sample:		119.61 time, 120.01 real, 4 MB, 4.22 load
[runlim] sample:		129.58 time, 130.01 real, 4 MB, 4.03 load
[runlim] sample:		139.55 time, 140.01 real, 4 MB, 3.87 load
[runlim] sample:		149.52 time, 150.01 real, 4 MB, 3.74 load
[runlim] sample:		159.49 time, 160.01 real, 4 MB, 3.62 load
[runlim] sample:		169.46 time, 170.01 real, 4 MB, 3.53 load
[runlim] sample:		179.43 time, 180.01 real, 4 MB, 3.44 load
[runlim] sample:		189.40 time, 190.01 real, 4 MB, 3.54 load
[runlim] sample:		199.37 time, 200.01 real, 4 MB, 3.45 load
[runlim] sample:		209.34 time, 210.01 real, 4 MB, 3.38 load
[runlim] sample:		219.31 time, 220.01 real, 4 MB, 3.32 load
[runlim] sample:		229.28 time, 230.01 real, 4 MB, 3.27 load
[runlim] sample:		239.25 time, 240.01 real, 4 MB, 3.23 load
[runlim] sample:		249.22 time, 250.01 real, 4 MB, 3.20 load
[runlim] sample:		259.19 time, 260.01 real, 4 MB, 3.16 load
[runlim] sample:		269.16 time, 270.01 real, 4 MB, 3.14 load
[runlim] sample:		279.14 time, 280.01 real, 4 MB, 3.12 load
[runlim] sample:		289.10 time, 290.01 real, 4 MB, 3.10 load
[runlim] sample:		299.07 time, 300.01 real, 4 MB, 3.08 load
[runlim] sample:		309.03 time, 310.01 real, 4 MB, 3.07 load
[runlim] sample:		318.99 time, 320.01 real, 4 MB, 3.06 load
[runlim] sample:		328.95 time, 330.01 real, 4 MB, 3.05 load
[runlim] sample:		338.91 time, 340.01 real, 4 MB, 3.04 load
[runlim] sample:		348.87 time, 350.01 real, 4 MB, 3.03 load
[runlim] sample:		358.84 time, 360.01 real, 4 MB, 3.11 load
[runlim] sample:		368.80 time, 370.01 real, 4 MB, 3.09 load
[runlim] sample:		378.76 time, 380.01 real, 4 MB, 3.08 load
[runlim] sample:		388.72 time, 390.01 real, 4 MB, 3.07 load
[runlim] sample:		398.68 time, 400.01 real, 4 MB, 3.06 load
[runlim] sample:		408.64 time, 410.01 real, 4 MB, 3.05 load
[runlim] sample:		418.61 time, 420.01 real, 4 MB, 3.04 load
[runlim] sample:		428.57 time, 430.01 real, 4 MB, 3.03 load
[runlim] sample:		438.53 time, 440.01 real, 4 MB, 3.03 load
[runlim] sample:		448.49 time, 450.01 real, 4 MB, 3.02 load
[runlim] sample:		458.45 time, 460.01 real, 4 MB, 3.02 load
[runlim] sample:		468.42 time, 470.01 real, 4 MB, 3.02 load
[runlim] sample:		478.38 time, 480.01 real, 4 MB, 3.01 load
[runlim] sample:		488.34 time, 490.01 real, 4 MB, 3.01 load
[runlim] sample:		498.30 time, 500.01 real, 4 MB, 3.01 load
[runlim] sample:		508.26 time, 510.01 real, 4 MB, 3.01 load
[runlim] sample:		518.23 time, 520.01 real, 4 MB, 3.00 load
[runlim] sample:		528.19 time, 530.01 real, 4 MB, 3.00 load
[runlim] sample:		538.15 time, 540.01 real, 4 MB, 3.00 load
[runlim] sample:		548.11 time, 550.01 real, 4 MB, 3.00 load
[runlim] sample:		558.07 time, 560.01 real, 4 MB, 3.00 load
[runlim] sample:		568.03 time, 570.01 real, 4 MB, 3.00 load
[runlim] sample:		577.99 time, 580.01 real, 4 MB, 3.00 load
[runlim] sample:		587.96 time, 590.01 real, 4 MB, 3.00 load
[runlim] sample:		597.92 time, 600.01 real, 4 MB, 3.00 load
[runlim] sample:		607.88 time, 610.01 real, 4 MB, 3.00 load
[runlim] sample:		617.84 time, 620.01 real, 4 MB, 3.00 load
[runlim] sample:		627.80 time, 630.01 real, 4 MB, 3.37 load
[runlim] sample:		637.76 time, 640.01 real, 4 MB, 3.31 load
[runlim] sample:		647.73 time, 650.01 real, 4 MB, 3.26 load
[runlim] sample:		657.69 time, 660.01 real, 4 MB, 3.22 load
[runlim] sample:		667.65 time, 670.01 real, 4 MB, 3.19 load
[runlim] sample:		677.61 time, 680.01 real, 4 MB, 3.16 load
[runlim] sample:		687.57 time, 690.01 real, 4 MB, 3.13 load
[runlim] sample:		697.54 time, 700.01 real, 4 MB, 3.11 load
[runlim] sample:		707.50 time, 710.01 real, 4 MB, 3.09 load
[runlim] sample:		717.46 time, 720.01 real, 4 MB, 3.08 load
[runlim] sample:		727.42 time, 730.01 real, 4 MB, 3.07 load
[runlim] sample:		737.38 time, 740.01 real, 4 MB, 3.06 load
[runlim] sample:		747.34 time, 750.01 real, 4 MB, 3.05 load
[runlim] sample:		757.30 time, 760.01 real, 4 MB, 3.04 load
[runlim] sample:		767.27 time, 770.01 real, 4 MB, 3.03 load
[runlim] sample:		777.23 time, 780.01 real, 4 MB, 2.95 load
[runlim] sample:		787.20 time, 790.01 real, 4 MB, 2.80 load
[runlim] sample:		797.17 time, 800.01 real, 4 MB, 2.68 load
[runlim] sample:		807.14 time, 810.01 real, 4 MB, 2.57 load
[runlim] sample:		817.11 time, 820.01 real, 4 MB, 2.48 load
[runlim] sample:		827.08 time, 830.01 real, 4 MB, 2.41 load
[runlim] sample:		837.05 time, 840.01 real, 4 MB, 2.35 load
[runlim] sample:		847.01 time, 850.01 real, 4 MB, 2.37 load
[runlim] sample:		856.98 time, 860.01 real, 4 MB, 2.31 load
[runlim] sample:		866.95 time, 870.01 real, 4 MB, 2.27 load
[runlim] sample:		876.92 time, 880.01 real, 4 MB, 2.22 load
[runlim] sample:		886.89 time, 890.01 real, 4 MB, 2.19 load
[runlim] sample:		896.86 time, 900.01 real, 4 MB, 2.16 load
[runlim] sample:		906.82 time, 910.01 real, 4 MB, 2.29 load
[runlim] sample:		916.79 time, 920.01 real, 4 MB, 2.25 load
[runlim] sample:		926.76 time, 930.01 real, 4 MB, 2.21 load
[runlim] sample:		936.73 time, 940.01 real, 4 MB, 2.18 load
[runlim] sample:		946.70 time, 950.01 real, 4 MB, 2.15 load
[runlim] sample:		956.67 time, 960.01 real, 4 MB, 2.13 load
[runlim] sample:		966.63 time, 970.01 real, 4 MB, 2.19 load
[runlim] sample:		976.60 time, 980.01 real, 4 MB, 2.16 load
[runlim] sample:		986.57 time, 990.01 real, 4 MB, 2.13 load
[runlim] sample:		996.54 time, 1000.01 real, 4 MB, 2.11 load
[runlim] sample:		1006.51 time, 1010.01 real, 4 MB, 2.09 load
[runlim] sample:		1016.48 time, 1020.01 real, 4 MB, 2.08 load
[runlim] sample:		1026.44 time, 1030.01 real, 4 MB, 2.15 load
[runlim] sample:		1036.42 time, 1040.01 real, 4 MB, 2.12 load
[runlim] sample:		1046.39 time, 1050.01 real, 4 MB, 2.10 load
[runlim] sample:		1056.35 time, 1060.01 real, 4 MB, 2.09 load
[runlim] sample:		1066.32 time, 1070.01 real, 4 MB, 2.07 load
[runlim] sample:		1076.29 time, 1080.01 real, 4 MB, 2.06 load
[runlim] sample:		1086.26 time, 1090.01 real, 4 MB, 2.13 load
[runlim] sample:		1096.23 time, 1100.01 real, 4 MB, 2.11 load
[runlim] sample:		1106.20 time, 1110.01 real, 4 MB, 2.09 load
[runlim] sample:		1116.17 time, 1120.01 real, 4 MB, 2.08 load
[runlim] sample:		1126.14 time, 1130.01 real, 4 MB, 2.07 load
[runlim] sample:		1136.10 time, 1140.01 real, 4 MB, 2.06 load
[runlim] sample:		1146.07 time, 1150.01 real, 4 MB, 2.13 load
[runlim] sample:		1156.04 time, 1160.01 real, 4 MB, 2.11 load
[runlim] sample:		1166.01 time, 1170.01 real, 4 MB, 2.09 load
[runlim] sample:		1175.98 time, 1180.01 real, 4 MB, 2.08 load
[runlim] sample:		1185.94 time, 1190.01 real, 4 MB, 2.06 load
[runlim] sample:		1195.91 time, 1200.01 real, 4 MB, 2.05 load
[runlim] sample:		1205.88 time, 1210.01 real, 4 MB, 2.12 load
[runlim] sample:		1215.84 time, 1220.01 real, 4 MB, 2.11 load
[runlim] sample:		1225.81 time, 1230.01 real, 4 MB, 2.09 load
[runlim] sample:		1235.77 time, 1240.01 real, 4 MB, 2.07 load
[runlim] sample:		1245.74 time, 1250.01 real, 4 MB, 2.06 load
[runlim] sample:		1255.71 time, 1260.01 real, 4 MB, 2.05 load
[runlim] sample:		1265.68 time, 1270.01 real, 4 MB, 2.12 load
[runlim] sample:		1275.65 time, 1280.01 real, 4 MB, 2.10 load
[runlim] sample:		1285.62 time, 1290.01 real, 4 MB, 2.09 load
[runlim] sample:		1295.59 time, 1300.01 real, 4 MB, 2.07 load
[runlim] sample:		1305.56 time, 1310.01 real, 4 MB, 2.06 load
[runlim] sample:		1315.52 time, 1320.01 real, 4 MB, 2.05 load
[runlim] sample:		1325.49 time, 1330.01 real, 4 MB, 2.12 load
[runlim] sample:		1335.46 time, 1340.01 real, 4 MB, 2.10 load
[runlim] sample:		1345.43 time, 1350.01 real, 4 MB, 2.09 load
[runlim] sample:		1355.40 time, 1360.01 real, 4 MB, 2.07 load
[runlim] sample:		1365.37 time, 1370.01 real, 4 MB, 2.06 load
[runlim] sample:		1375.34 time, 1380.01 real, 4 MB, 2.05 load
[runlim] sample:		1385.31 time, 1390.01 real, 4 MB, 2.12 load
[runlim] sample:		1395.28 time, 1400.01 real, 4 MB, 2.10 load
[runlim] sample:		1405.25 time, 1410.01 real, 4 MB, 2.09 load
[runlim] sample:		1415.21 time, 1420.01 real, 4 MB, 2.07 load
[runlim] sample:		1425.18 time, 1430.01 real, 4 MB, 2.06 load
[runlim] sample:		1435.15 time, 1440.01 real, 4 MB, 2.05 load
[runlim] sample:		1445.12 time, 1450.01 real, 4 MB, 2.12 load
[runlim] sample:		1455.09 time, 1460.01 real, 4 MB, 2.10 load
[runlim] sample:		1465.05 time, 1470.01 real, 4 MB, 2.09 load
[runlim] sample:		1475.02 time, 1480.01 real, 4 MB, 2.07 load
[runlim] sample:		1484.99 time, 1490.01 real, 4 MB, 2.06 load
[runlim] sample:		1494.96 time, 1500.01 real, 4 MB, 2.05 load
[runlim] sample:		1504.93 time, 1510.01 real, 4 MB, 2.12 load
[runlim] sample:		1514.89 time, 1520.01 real, 4 MB, 2.10 load
[runlim] sample:		1524.86 time, 1530.01 real, 4 MB, 2.09 load
[runlim] sample:		1534.83 time, 1540.01 real, 4 MB, 2.07 load
[runlim] sample:		1544.80 time, 1550.01 real, 4 MB, 2.06 load
[runlim] sample:		1554.77 time, 1560.01 real, 4 MB, 2.05 load
[runlim] sample:		1564.74 time, 1570.01 real, 4 MB, 2.12 load
[runlim] sample:		1574.71 time, 1580.01 real, 4 MB, 2.10 load
[runlim] sample:		1584.68 time, 1590.01 real, 4 MB, 2.09 load
[runlim] sample:		1594.65 time, 1600.01 real, 4 MB, 2.07 load
[runlim] sample:		1604.62 time, 1610.01 real, 4 MB, 2.06 load
[runlim] sample:		1614.59 time, 1620.01 real, 4 MB, 2.05 load
[runlim] sample:		1624.55 time, 1630.01 real, 4 MB, 2.12 load
[runlim] sample:		1634.52 time, 1640.01 real, 4 MB, 2.10 load
[runlim] sample:		1644.49 time, 1650.01 real, 4 MB, 2.09 load
[runlim] sample:		1654.46 time, 1660.01 real, 4 MB, 2.07 load
[runlim] sample:		1664.43 time, 1670.01 real, 4 MB, 2.06 load
[runlim] sample:		1674.40 time, 1680.01 real, 4 MB, 2.05 load
[runlim] sample:		1684.36 time, 1690.01 real, 4 MB, 2.12 load
[runlim] sample:		1694.33 time, 1700.01 real, 4 MB, 2.10 load
[runlim] sample:		1704.30 time, 1710.01 real, 4 MB, 2.09 load
[runlim] sample:		1714.27 time, 1720.01 real, 4 MB, 2.07 load
[runlim] sample:		1724.24 time, 1730.01 real, 4 MB, 2.06 load
[runlim] sample:		1734.21 time, 1740.01 real, 4 MB, 2.05 load
[runlim] sample:		1744.18 time, 1750.01 real, 4 MB, 2.12 load
[runlim] sample:		1754.15 time, 1760.01 real, 4 MB, 2.10 load
[runlim] sample:		1764.12 time, 1770.01 real, 4 MB, 2.09 load
[runlim] sample:		1774.09 time, 1780.01 real, 4 MB, 2.07 load
[runlim] sample:		1784.06 time, 1790.01 real, 4 MB, 2.06 load
[runlim] sample:		1794.03 time, 1800.01 real, 4 MB, 2.05 load
[runlim] sample:		1803.99 time, 1810.01 real, 4 MB, 2.12 load
[runlim] sample:		1813.96 time, 1820.01 real, 4 MB, 2.10 load
[runlim] sample:		1823.93 time, 1830.01 real, 4 MB, 2.09 load
[runlim] sample:		1833.90 time, 1840.01 real, 4 MB, 2.07 load
[runlim] sample:		1843.87 time, 1850.01 real, 4 MB, 2.06 load
[runlim] sample:		1853.83 time, 1860.01 real, 4 MB, 2.05 load
[runlim] sample:		1863.80 time, 1870.01 real, 4 MB, 2.04 load
[runlim] sample:		1873.77 time, 1880.01 real, 4 MB, 2.04 load
[runlim] sample:		1883.74 time, 1890.01 real, 4 MB, 2.03 load
[runlim] sample:		1893.70 time, 1900.01 real, 4 MB, 2.02 load
[runlim] sample:		1903.67 time, 1910.01 real, 4 MB, 2.02 load
[runlim] sample:		1913.64 time, 1920.01 real, 4 MB, 2.02 load
[runlim] sample:		1923.61 time, 1930.01 real, 4 MB, 2.09 load
[runlim] sample:		1933.58 time, 1940.01 real, 4 MB, 2.08 load
[runlim] sample:		1943.55 time, 1950.01 real, 4 MB, 2.07 load
[runlim] sample:		1953.52 time, 1960.01 real, 4 MB, 2.06 load
[runlim] sample:		1963.48 time, 1970.01 real, 4 MB, 2.05 load
[runlim] sample:		1973.45 time, 1980.01 real, 4 MB, 2.04 load
[runlim] sample:		1983.42 time, 1990.01 real, 4 MB, 2.03 load
[runlim] sample:		1993.39 time, 2000.01 real, 4 MB, 2.03 load
[runlim] sample:		2003.36 time, 2010.01 real, 4 MB, 2.02 load
[runlim] sample:		2013.32 time, 2020.01 real, 4 MB, 2.02 load
[runlim] sample:		2023.29 time, 2030.01 real, 4 MB, 2.02 load
[runlim] sample:		2033.26 time, 2040.01 real, 4 MB, 2.09 load
[runlim] sample:		2043.23 time, 2050.01 real, 4 MB, 2.16 load
[runlim] sample:		2053.19 time, 2060.01 real, 4 MB, 2.13 load
[runlim] sample:		2063.16 time, 2070.01 real, 4 MB, 2.11 load
[runlim] sample:		2073.13 time, 2080.01 real, 4 MB, 2.10 load
[runlim] sample:		2083.10 time, 2090.01 real, 4 MB, 2.16 load
[runlim] sample:		2093.08 time, 2100.01 real, 4 MB, 2.14 load
[runlim] sample:		2103.05 time, 2110.01 real, 4 MB, 2.11 load
[runlim] sample:		2113.02 time, 2120.01 real, 4 MB, 2.10 load
[runlim] sample:		2123.00 time, 2130.01 real, 4 MB, 2.08 load
[runlim] sample:		2132.97 time, 2140.01 real, 4 MB, 2.07 load
[runlim] sample:		2142.95 time, 2150.01 real, 4 MB, 2.06 load
[runlim] sample:		2152.92 time, 2160.01 real, 4 MB, 2.05 load
[runlim] sample:		2162.89 time, 2170.01 real, 4 MB, 2.04 load
[runlim] sample:		2172.87 time, 2180.01 real, 4 MB, 2.11 load
[runlim] sample:		2182.84 time, 2190.01 real, 4 MB, 2.10 load
[runlim] sample:		2192.82 time, 2200.01 real, 4 MB, 2.08 load
[runlim] sample:		2202.79 time, 2210.01 real, 4 MB, 2.07 load
[runlim] sample:		2212.76 time, 2220.01 real, 4 MB, 2.06 load
[runlim] sample:		2222.74 time, 2230.01 real, 4 MB, 2.05 load
[runlim] sample:		2232.72 time, 2240.01 real, 4 MB, 2.12 load
[runlim] sample:		2242.69 time, 2250.01 real, 4 MB, 2.10 load
[runlim] sample:		2252.66 time, 2260.01 real, 4 MB, 2.08 load
[runlim] sample:		2262.64 time, 2270.01 real, 4 MB, 2.07 load
[runlim] sample:		2272.61 time, 2280.01 real, 4 MB, 2.06 load
[runlim] sample:		2282.58 time, 2290.01 real, 4 MB, 2.05 load
[runlim] sample:		2292.55 time, 2300.01 real, 4 MB, 2.04 load
[runlim] sample:		2302.53 time, 2310.01 real, 4 MB, 2.04 load
[runlim] sample:		2312.50 time, 2320.01 real, 4 MB, 2.03 load
[runlim] sample:		2322.47 time, 2330.01 real, 4 MB, 2.02 load
[runlim] sample:		2332.45 time, 2340.01 real, 4 MB, 2.02 load
[runlim] sample:		2342.43 time, 2350.01 real, 4 MB, 2.02 load
[runlim] sample:		2352.40 time, 2360.01 real, 4 MB, 2.09 load
[runlim] sample:		2362.37 time, 2370.01 real, 4 MB, 2.08 load
[runlim] sample:		2372.35 time, 2380.01 real, 4 MB, 2.07 load
[runlim] sample:		2382.32 time, 2390.01 real, 4 MB, 2.06 load
[runlim] sample:		2392.30 time, 2400.01 real, 4 MB, 2.05 load
[runlim] sample:		2402.27 time, 2410.01 real, 4 MB, 2.04 load
[runlim] sample:		2412.24 time, 2420.01 real, 4 MB, 2.03 load
[runlim] sample:		2422.21 time, 2430.01 real, 4 MB, 2.03 load
[runlim] sample:		2432.19 time, 2440.01 real, 4 MB, 2.02 load
[runlim] sample:		2442.16 time, 2450.01 real, 4 MB, 2.02 load
[runlim] sample:		2452.14 time, 2460.01 real, 4 MB, 2.02 load
[runlim] end:			Wed Mar 25 01:06:22 2026
[runlim] status:		ok
[runlim] result:		0
[runlim] children:		1
[runlim] processes:		2
[runlim] real:			2464.47 seconds
[runlim] time:			2456.52 seconds
[runlim] space:			4 MB
[runlim] load:			7.12 maximum
[runlim] samples:		24644
