[runlim] version:		2.0.0rc1
[runlim] host:			m04n16
[runlim] time limit:		311040000 seconds
[runlim] real time limit:	5000 seconds
[runlim] space limit:		7000 MB
[runlim] argv[0]:		./binary
[runlim] argv[1]:		-c
[runlim] argv[2]:		-f
[runlim] argv[3]:		/tmp/local-unzipped-12273037-7-441-BMS_k3_n100_m429_454.cnf
[runlim] start:			Wed Mar 25 00:28:07 2026
[runlim] child:			1525663
[runlim] sample:		9.96 time, 10.01 real, 3 MB, 5.36 load
[runlim] sample:		19.92 time, 20.01 real, 3 MB, 5.99 load
[runlim] sample:		29.88 time, 30.01 real, 3 MB, 6.53 load
[runlim] sample:		39.84 time, 40.01 real, 3 MB, 6.83 load
[runlim] sample:		49.80 time, 50.01 real, 3 MB, 7.01 load
[runlim] sample:		59.77 time, 60.01 real, 3 MB, 7.01 load
[runlim] sample:		69.73 time, 70.01 real, 4 MB, 6.93 load
[runlim] sample:		79.69 time, 80.01 real, 4 MB, 6.78 load
[runlim] sample:		89.65 time, 90.01 real, 4 MB, 6.66 load
[runlim] sample:		99.60 time, 100.01 real, 4 MB, 6.56 load
[runlim] sample:		109.56 time, 110.01 real, 4 MB, 6.47 load
[runlim] sample:		119.52 time, 120.01 real, 4 MB, 6.77 load
[runlim] sample:		129.48 time, 130.01 real, 4 MB, 6.65 load
[runlim] sample:		139.43 time, 140.01 real, 4 MB, 6.70 load
[runlim] sample:		149.39 time, 150.01 real, 4 MB, 6.60 load
[runlim] sample:		159.35 time, 160.01 real, 4 MB, 6.50 load
[runlim] sample:		169.31 time, 170.01 real, 4 MB, 6.43 load
[runlim] sample:		179.27 time, 180.01 real, 4 MB, 6.36 load
[runlim] sample:		189.23 time, 190.01 real, 4 MB, 6.30 load
[runlim] sample:		199.19 time, 200.01 real, 4 MB, 6.33 load
[runlim] sample:		209.14 time, 210.01 real, 4 MB, 6.28 load
[runlim] sample:		219.10 time, 220.01 real, 4 MB, 6.23 load
[runlim] sample:		229.06 time, 230.01 real, 4 MB, 6.04 load
[runlim] sample:		239.02 time, 240.01 real, 4 MB, 5.95 load
[runlim] sample:		248.98 time, 250.01 real, 4 MB, 5.81 load
[runlim] sample:		258.94 time, 260.01 real, 4 MB, 5.84 load
[runlim] sample:		268.91 time, 270.01 real, 4 MB, 5.71 load
[runlim] sample:		278.87 time, 280.01 real, 4 MB, 5.60 load
[runlim] sample:		288.83 time, 290.01 real, 4 MB, 5.67 load
[runlim] sample:		298.79 time, 300.01 real, 4 MB, 5.56 load
[runlim] sample:		308.75 time, 310.01 real, 4 MB, 5.48 load
[runlim] sample:		318.71 time, 320.01 real, 4 MB, 5.64 load
[runlim] sample:		328.67 time, 330.01 real, 4 MB, 5.54 load
[runlim] sample:		338.63 time, 340.01 real, 4 MB, 5.45 load
[runlim] sample:		348.59 time, 350.01 real, 4 MB, 5.47 load
[runlim] sample:		358.55 time, 360.01 real, 4 MB, 5.47 load
[runlim] sample:		368.51 time, 370.01 real, 4 MB, 5.39 load
[runlim] sample:		378.47 time, 380.01 real, 4 MB, 5.49 load
[runlim] sample:		388.43 time, 390.01 real, 4 MB, 5.41 load
[runlim] sample:		398.39 time, 400.01 real, 4 MB, 5.35 load
[runlim] sample:		408.35 time, 410.01 real, 4 MB, 5.29 load
[runlim] sample:		418.31 time, 420.01 real, 4 MB, 5.25 load
[runlim] sample:		428.27 time, 430.01 real, 4 MB, 5.21 load
[runlim] sample:		438.23 time, 440.01 real, 4 MB, 5.33 load
[runlim] sample:		448.19 time, 450.01 real, 4 MB, 5.28 load
[runlim] sample:		458.15 time, 460.01 real, 4 MB, 5.24 load
[runlim] sample:		468.11 time, 470.01 real, 4 MB, 5.28 load
[runlim] sample:		478.07 time, 480.01 real, 4 MB, 5.46 load
[runlim] sample:		488.03 time, 490.01 real, 4 MB, 5.39 load
[runlim] sample:		497.99 time, 500.01 real, 4 MB, 5.48 load
[runlim] sample:		507.95 time, 510.01 real, 4 MB, 5.41 load
[runlim] sample:		517.91 time, 520.01 real, 4 MB, 5.34 load
[runlim] sample:		527.87 time, 530.01 real, 4 MB, 5.29 load
[runlim] sample:		537.83 time, 540.01 real, 4 MB, 5.32 load
[runlim] sample:		547.79 time, 550.01 real, 4 MB, 5.27 load
[runlim] sample:		557.75 time, 560.01 real, 4 MB, 5.38 load
[runlim] sample:		567.71 time, 570.01 real, 4 MB, 5.32 load
[runlim] sample:		577.67 time, 580.01 real, 4 MB, 5.27 load
[runlim] sample:		587.63 time, 590.01 real, 4 MB, 5.23 load
[runlim] sample:		597.59 time, 600.01 real, 4 MB, 5.20 load
[runlim] sample:		607.56 time, 610.01 real, 4 MB, 5.16 load
[runlim] sample:		617.52 time, 620.01 real, 4 MB, 5.29 load
[runlim] sample:		627.48 time, 630.01 real, 4 MB, 5.25 load
[runlim] sample:		637.44 time, 640.01 real, 4 MB, 5.21 load
[runlim] sample:		647.40 time, 650.01 real, 4 MB, 5.18 load
[runlim] sample:		657.36 time, 660.01 real, 4 MB, 5.15 load
[runlim] sample:		667.32 time, 670.01 real, 4 MB, 5.13 load
[runlim] sample:		677.28 time, 680.01 real, 4 MB, 5.27 load
[runlim] sample:		687.24 time, 690.01 real, 4 MB, 5.22 load
[runlim] sample:		697.20 time, 700.01 real, 4 MB, 5.19 load
[runlim] sample:		707.16 time, 710.01 real, 4 MB, 5.16 load
[runlim] sample:		717.12 time, 720.01 real, 4 MB, 5.21 load
[runlim] sample:		727.08 time, 730.01 real, 4 MB, 5.18 load
[runlim] sample:		737.04 time, 740.01 real, 4 MB, 5.23 load
[runlim] sample:		747.00 time, 750.01 real, 4 MB, 5.19 load
[runlim] sample:		756.97 time, 760.01 real, 4 MB, 5.16 load
[runlim] sample:		766.92 time, 770.01 real, 4 MB, 5.30 load
[runlim] sample:		776.88 time, 780.01 real, 4 MB, 5.25 load
[runlim] sample:		786.84 time, 790.01 real, 4 MB, 5.21 load
[runlim] sample:		796.80 time, 800.01 real, 4 MB, 5.34 load
[runlim] sample:		806.76 time, 810.01 real, 4 MB, 5.29 load
[runlim] sample:		816.72 time, 820.01 real, 4 MB, 5.24 load
[runlim] sample:		826.68 time, 830.01 real, 4 MB, 5.20 load
[runlim] sample:		836.64 time, 840.01 real, 4 MB, 5.25 load
[runlim] sample:		846.60 time, 850.01 real, 4 MB, 5.21 load
[runlim] sample:		856.55 time, 860.01 real, 4 MB, 5.34 load
[runlim] sample:		866.51 time, 870.01 real, 4 MB, 5.28 load
[runlim] sample:		876.47 time, 880.01 real, 4 MB, 5.24 load
[runlim] sample:		886.43 time, 890.01 real, 4 MB, 5.20 load
[runlim] sample:		896.39 time, 900.01 real, 4 MB, 5.17 load
[runlim] sample:		906.35 time, 910.01 real, 4 MB, 5.14 load
[runlim] sample:		916.31 time, 920.01 real, 4 MB, 5.28 load
[runlim] sample:		926.27 time, 930.01 real, 4 MB, 5.24 load
[runlim] sample:		936.23 time, 940.01 real, 4 MB, 5.20 load
[runlim] sample:		946.19 time, 950.01 real, 4 MB, 5.17 load
[runlim] sample:		956.15 time, 960.01 real, 4 MB, 5.36 load
[runlim] sample:		966.11 time, 970.01 real, 4 MB, 5.31 load
[runlim] sample:		976.06 time, 980.01 real, 4 MB, 5.34 load
[runlim] sample:		986.02 time, 990.01 real, 4 MB, 5.29 load
[runlim] sample:		995.98 time, 1000.01 real, 4 MB, 5.24 load
[runlim] sample:		1005.94 time, 1010.01 real, 4 MB, 5.21 load
[runlim] sample:		1015.90 time, 1020.01 real, 4 MB, 5.33 load
[runlim] sample:		1025.86 time, 1030.01 real, 4 MB, 5.28 load
[runlim] sample:		1035.82 time, 1040.01 real, 4 MB, 5.31 load
[runlim] sample:		1045.78 time, 1050.01 real, 4 MB, 5.41 load
[runlim] sample:		1055.74 time, 1060.01 real, 4 MB, 5.35 load
[runlim] sample:		1065.69 time, 1070.01 real, 4 MB, 5.38 load
[runlim] sample:		1075.65 time, 1080.01 real, 4 MB, 5.32 load
[runlim] sample:		1085.61 time, 1090.01 real, 4 MB, 5.27 load
[runlim] sample:		1095.57 time, 1100.01 real, 4 MB, 5.31 load
[runlim] sample:		1105.53 time, 1110.01 real, 4 MB, 5.26 load
[runlim] sample:		1115.49 time, 1120.01 real, 4 MB, 5.22 load
[runlim] sample:		1125.45 time, 1130.01 real, 4 MB, 5.18 load
[runlim] sample:		1135.41 time, 1140.01 real, 4 MB, 5.23 load
[runlim] sample:		1145.37 time, 1150.01 real, 4 MB, 5.19 load
[runlim] sample:		1155.33 time, 1160.01 real, 4 MB, 5.24 load
[runlim] sample:		1165.28 time, 1170.01 real, 4 MB, 5.21 load
[runlim] sample:		1175.24 time, 1180.01 real, 4 MB, 5.17 load
[runlim] sample:		1185.20 time, 1190.01 real, 4 MB, 5.15 load
[runlim] sample:		1195.16 time, 1200.01 real, 4 MB, 5.12 load
[runlim] sample:		1205.12 time, 1210.01 real, 4 MB, 5.10 load
[runlim] sample:		1215.08 time, 1220.01 real, 4 MB, 5.17 load
[runlim] sample:		1225.04 time, 1230.01 real, 4 MB, 5.14 load
[runlim] sample:		1235.00 time, 1240.01 real, 4 MB, 5.12 load
[runlim] sample:		1244.96 time, 1250.01 real, 4 MB, 5.10 load
[runlim] sample:		1254.92 time, 1260.01 real, 4 MB, 5.08 load
[runlim] sample:		1264.88 time, 1270.01 real, 4 MB, 5.07 load
[runlim] sample:		1274.83 time, 1280.01 real, 4 MB, 5.14 load
[runlim] sample:		1284.79 time, 1290.01 real, 4 MB, 5.12 load
[runlim] sample:		1294.75 time, 1300.01 real, 4 MB, 5.10 load
[runlim] sample:		1304.71 time, 1310.01 real, 4 MB, 5.16 load
[runlim] sample:		1314.67 time, 1320.01 real, 4 MB, 5.13 load
[runlim] sample:		1324.63 time, 1330.01 real, 4 MB, 5.19 load
[runlim] sample:		1334.59 time, 1340.01 real, 4 MB, 5.24 load
[runlim] sample:		1344.55 time, 1350.01 real, 4 MB, 5.21 load
[runlim] sample:		1354.51 time, 1360.01 real, 4 MB, 5.17 load
[runlim] sample:		1364.47 time, 1370.01 real, 4 MB, 5.23 load
[runlim] sample:		1374.43 time, 1380.01 real, 4 MB, 5.19 load
[runlim] sample:		1384.39 time, 1390.01 real, 4 MB, 5.16 load
[runlim] sample:		1394.35 time, 1400.01 real, 4 MB, 5.30 load
[runlim] sample:		1404.31 time, 1410.01 real, 4 MB, 5.25 load
[runlim] sample:		1414.27 time, 1420.01 real, 4 MB, 5.21 load
[runlim] sample:		1424.23 time, 1430.01 real, 4 MB, 5.18 load
[runlim] sample:		1434.18 time, 1440.01 real, 4 MB, 5.15 load
[runlim] sample:		1444.14 time, 1450.01 real, 4 MB, 5.13 load
[runlim] sample:		1454.10 time, 1460.01 real, 4 MB, 5.27 load
[runlim] sample:		1464.06 time, 1470.01 real, 4 MB, 5.23 load
[runlim] sample:		1474.02 time, 1480.01 real, 4 MB, 5.19 load
[runlim] sample:		1483.98 time, 1490.01 real, 4 MB, 5.16 load
[runlim] sample:		1493.94 time, 1500.01 real, 4 MB, 5.28 load
[runlim] sample:		1503.90 time, 1510.01 real, 4 MB, 5.24 load
[runlim] sample:		1513.86 time, 1520.01 real, 4 MB, 5.28 load
[runlim] sample:		1523.82 time, 1530.01 real, 4 MB, 5.24 load
[runlim] sample:		1533.78 time, 1540.01 real, 4 MB, 5.20 load
[runlim] sample:		1543.74 time, 1550.01 real, 4 MB, 5.17 load
[runlim] sample:		1553.69 time, 1560.01 real, 4 MB, 5.14 load
[runlim] sample:		1563.65 time, 1570.01 real, 4 MB, 5.12 load
[runlim] sample:		1573.61 time, 1580.01 real, 4 MB, 5.26 load
[runlim] sample:		1583.57 time, 1590.01 real, 4 MB, 5.22 load
[runlim] sample:		1593.53 time, 1600.01 real, 4 MB, 5.19 load
[runlim] sample:		1603.49 time, 1610.01 real, 4 MB, 5.16 load
[runlim] sample:		1613.45 time, 1620.01 real, 4 MB, 5.13 load
[runlim] sample:		1623.41 time, 1630.01 real, 4 MB, 5.11 load
[runlim] sample:		1633.37 time, 1640.01 real, 4 MB, 5.18 load
[runlim] sample:		1643.33 time, 1650.01 real, 4 MB, 5.15 load
[runlim] sample:		1653.29 time, 1660.01 real, 4 MB, 5.12 load
[runlim] sample:		1663.25 time, 1670.01 real, 4 MB, 5.19 load
[runlim] sample:		1673.21 time, 1680.01 real, 4 MB, 5.16 load
[runlim] sample:		1683.17 time, 1690.01 real, 4 MB, 5.21 load
[runlim] sample:		1693.12 time, 1700.01 real, 4 MB, 5.33 load
[runlim] sample:		1703.08 time, 1710.01 real, 4 MB, 5.28 load
[runlim] sample:		1713.04 time, 1720.01 real, 4 MB, 5.24 load
[runlim] sample:		1723.00 time, 1730.01 real, 4 MB, 5.20 load
[runlim] sample:		1732.96 time, 1740.01 real, 4 MB, 5.17 load
[runlim] sample:		1742.92 time, 1750.01 real, 4 MB, 5.14 load
[runlim] sample:		1752.88 time, 1760.01 real, 4 MB, 5.20 load
[runlim] sample:		1762.84 time, 1770.01 real, 4 MB, 5.17 load
[runlim] sample:		1772.80 time, 1780.01 real, 4 MB, 5.14 load
[runlim] sample:		1782.76 time, 1790.01 real, 4 MB, 5.28 load
[runlim] sample:		1792.72 time, 1800.01 real, 4 MB, 5.16 load
[runlim] sample:		1802.68 time, 1810.01 real, 4 MB, 4.98 load
[runlim] sample:		1812.64 time, 1820.01 real, 4 MB, 4.99 load
[runlim] sample:		1822.60 time, 1830.01 real, 4 MB, 4.84 load
[runlim] sample:		1832.57 time, 1840.01 real, 4 MB, 4.71 load
[runlim] sample:		1842.53 time, 1850.01 real, 4 MB, 4.60 load
[runlim] sample:		1852.49 time, 1860.01 real, 4 MB, 4.51 load
[runlim] sample:		1862.45 time, 1870.01 real, 4 MB, 4.43 load
[runlim] sample:		1872.41 time, 1880.01 real, 4 MB, 4.60 load
[runlim] sample:		1882.38 time, 1890.01 real, 4 MB, 4.51 load
[runlim] sample:		1892.34 time, 1900.01 real, 4 MB, 4.43 load
[runlim] sample:		1902.30 time, 1910.01 real, 4 MB, 4.36 load
[runlim] sample:		1912.26 time, 1920.01 real, 4 MB, 4.31 load
[runlim] sample:		1922.23 time, 1930.01 real, 4 MB, 4.26 load
[runlim] sample:		1932.19 time, 1940.01 real, 4 MB, 4.30 load
[runlim] sample:		1942.15 time, 1950.01 real, 4 MB, 4.25 load
[runlim] sample:		1952.12 time, 1960.01 real, 4 MB, 4.21 load
[runlim] sample:		1962.08 time, 1970.01 real, 4 MB, 4.34 load
[runlim] sample:		1972.05 time, 1980.01 real, 4 MB, 4.29 load
[runlim] sample:		1982.01 time, 1990.01 real, 4 MB, 4.24 load
[runlim] sample:		1991.98 time, 2000.01 real, 4 MB, 4.29 load
[runlim] sample:		2001.94 time, 2010.01 real, 4 MB, 4.24 load
[runlim] sample:		2011.91 time, 2020.01 real, 4 MB, 4.20 load
[runlim] sample:		2021.87 time, 2030.01 real, 4 MB, 4.25 load
[runlim] sample:		2031.84 time, 2040.01 real, 4 MB, 4.21 load
[runlim] sample:		2041.80 time, 2050.01 real, 4 MB, 4.18 load
[runlim] sample:		2051.77 time, 2060.01 real, 4 MB, 4.31 load
[runlim] sample:		2061.73 time, 2070.01 real, 4 MB, 4.26 load
[runlim] sample:		2071.70 time, 2080.01 real, 4 MB, 4.22 load
[runlim] sample:		2081.66 time, 2090.01 real, 4 MB, 4.19 load
[runlim] sample:		2091.63 time, 2100.01 real, 4 MB, 4.16 load
[runlim] sample:		2101.59 time, 2110.01 real, 4 MB, 4.13 load
[runlim] sample:		2111.55 time, 2120.01 real, 4 MB, 4.19 load
[runlim] sample:		2121.52 time, 2130.01 real, 4 MB, 4.16 load
[runlim] sample:		2131.49 time, 2140.01 real, 4 MB, 4.14 load
[runlim] sample:		2141.45 time, 2150.01 real, 4 MB, 4.12 load
[runlim] sample:		2151.42 time, 2160.01 real, 4 MB, 4.10 load
[runlim] sample:		2161.38 time, 2170.01 real, 4 MB, 4.08 load
[runlim] sample:		2171.34 time, 2180.01 real, 4 MB, 4.15 load
[runlim] sample:		2181.31 time, 2190.01 real, 4 MB, 4.13 load
[runlim] sample:		2191.28 time, 2200.01 real, 4 MB, 4.11 load
[runlim] sample:		2201.24 time, 2210.01 real, 4 MB, 4.09 load
[runlim] sample:		2211.21 time, 2220.01 real, 4 MB, 4.08 load
[runlim] sample:		2221.17 time, 2230.01 real, 4 MB, 4.06 load
[runlim] sample:		2231.14 time, 2240.01 real, 4 MB, 4.13 load
[runlim] sample:		2241.10 time, 2250.01 real, 4 MB, 4.11 load
[runlim] sample:		2251.07 time, 2260.01 real, 4 MB, 4.09 load
[runlim] sample:		2261.03 time, 2270.01 real, 4 MB, 4.16 load
[runlim] sample:		2271.00 time, 2280.01 real, 4 MB, 4.13 load
[runlim] sample:		2280.96 time, 2290.01 real, 4 MB, 4.11 load
[runlim] sample:		2290.93 time, 2300.01 real, 4 MB, 4.18 load
[runlim] sample:		2300.89 time, 2310.01 real, 4 MB, 4.15 load
[runlim] sample:		2310.86 time, 2320.01 real, 4 MB, 4.12 load
[runlim] sample:		2320.82 time, 2330.01 real, 4 MB, 4.11 load
[runlim] sample:		2330.79 time, 2340.01 real, 4 MB, 4.09 load
[runlim] sample:		2340.75 time, 2350.01 real, 4 MB, 4.07 load
[runlim] sample:		2350.71 time, 2360.01 real, 4 MB, 4.14 load
[runlim] sample:		2360.68 time, 2370.01 real, 4 MB, 4.12 load
[runlim] sample:		2370.65 time, 2380.01 real, 4 MB, 4.10 load
[runlim] sample:		2380.61 time, 2390.01 real, 4 MB, 4.09 load
[runlim] sample:		2390.58 time, 2400.01 real, 4 MB, 4.15 load
[runlim] sample:		2400.54 time, 2410.01 real, 4 MB, 4.12 load
[runlim] sample:		2410.51 time, 2420.01 real, 4 MB, 4.10 load
[runlim] sample:		2420.47 time, 2430.01 real, 4 MB, 4.09 load
[runlim] sample:		2430.44 time, 2440.01 real, 4 MB, 4.15 load
[runlim] sample:		2440.40 time, 2450.01 real, 4 MB, 4.13 load
[runlim] sample:		2450.37 time, 2460.01 real, 4 MB, 4.40 load
[runlim] sample:		2460.33 time, 2470.01 real, 4 MB, 4.34 load
[runlim] sample:		2470.30 time, 2480.01 real, 4 MB, 4.29 load
[runlim] sample:		2480.26 time, 2490.01 real, 4 MB, 4.24 load
[runlim] sample:		2490.23 time, 2500.01 real, 4 MB, 4.21 load
[runlim] sample:		2500.19 time, 2510.01 real, 4 MB, 4.17 load
[runlim] sample:		2510.16 time, 2520.01 real, 4 MB, 4.15 load
[runlim] sample:		2520.12 time, 2530.01 real, 4 MB, 4.12 load
[runlim] sample:		2530.09 time, 2540.01 real, 4 MB, 4.10 load
[runlim] sample:		2540.05 time, 2550.01 real, 4 MB, 4.09 load
[runlim] sample:		2550.02 time, 2560.01 real, 4 MB, 4.07 load
[runlim] sample:		2559.98 time, 2570.01 real, 4 MB, 4.14 load
[runlim] sample:		2569.94 time, 2580.01 real, 4 MB, 4.12 load
[runlim] sample:		2579.91 time, 2590.01 real, 4 MB, 4.10 load
[runlim] sample:		2589.87 time, 2600.01 real, 4 MB, 4.08 load
[runlim] sample:		2599.84 time, 2610.01 real, 4 MB, 4.07 load
[runlim] sample:		2609.80 time, 2620.01 real, 4 MB, 4.06 load
[runlim] sample:		2619.77 time, 2630.01 real, 4 MB, 4.05 load
[runlim] sample:		2629.73 time, 2640.01 real, 4 MB, 4.04 load
[runlim] sample:		2639.70 time, 2650.01 real, 4 MB, 4.04 load
[runlim] sample:		2649.66 time, 2660.01 real, 4 MB, 4.03 load
[runlim] sample:		2659.63 time, 2670.01 real, 4 MB, 4.02 load
[runlim] sample:		2669.59 time, 2680.01 real, 4 MB, 4.02 load
[runlim] sample:		2679.56 time, 2690.01 real, 4 MB, 4.02 load
[runlim] sample:		2689.52 time, 2700.01 real, 4 MB, 4.01 load
[runlim] sample:		2699.49 time, 2710.01 real, 4 MB, 4.01 load
[runlim] sample:		2709.45 time, 2720.01 real, 4 MB, 4.01 load
[runlim] sample:		2719.41 time, 2730.01 real, 4 MB, 4.01 load
[runlim] sample:		2729.38 time, 2740.01 real, 4 MB, 4.01 load
[runlim] sample:		2739.35 time, 2750.01 real, 4 MB, 4.00 load
[runlim] sample:		2749.31 time, 2760.01 real, 4 MB, 4.00 load
[runlim] sample:		2759.27 time, 2770.01 real, 4 MB, 4.00 load
[runlim] sample:		2769.24 time, 2780.01 real, 4 MB, 4.00 load
[runlim] sample:		2779.20 time, 2790.01 real, 4 MB, 4.07 load
[runlim] sample:		2789.17 time, 2800.01 real, 4 MB, 4.06 load
[runlim] sample:		2799.13 time, 2810.01 real, 4 MB, 4.05 load
[runlim] sample:		2809.10 time, 2820.01 real, 4 MB, 4.04 load
[runlim] sample:		2819.07 time, 2830.01 real, 4 MB, 4.04 load
[runlim] sample:		2829.03 time, 2840.01 real, 4 MB, 4.18 load
[runlim] sample:		2838.99 time, 2850.01 real, 4 MB, 4.23 load
[runlim] sample:		2848.96 time, 2860.01 real, 4 MB, 4.19 load
[runlim] sample:		2858.92 time, 2870.01 real, 4 MB, 4.16 load
[runlim] sample:		2868.89 time, 2880.01 real, 4 MB, 4.14 load
[runlim] sample:		2878.85 time, 2890.01 real, 4 MB, 4.12 load
[runlim] sample:		2888.82 time, 2900.01 real, 4 MB, 4.10 load
[runlim] sample:		2898.78 time, 2910.01 real, 4 MB, 4.16 load
[runlim] sample:		2908.75 time, 2920.01 real, 4 MB, 4.13 load
[runlim] sample:		2918.71 time, 2930.01 real, 4 MB, 4.27 load
[runlim] sample:		2928.68 time, 2940.01 real, 4 MB, 4.46 load
[runlim] sample:		2938.64 time, 2950.01 real, 4 MB, 4.54 load
[runlim] sample:		2948.61 time, 2960.01 real, 4 MB, 4.61 load
[runlim] sample:		2958.57 time, 2970.01 real, 4 MB, 4.75 load
[runlim] sample:		2968.54 time, 2980.01 real, 4 MB, 4.79 load
[runlim] sample:		2978.50 time, 2990.01 real, 4 MB, 4.89 load
[runlim] sample:		2988.47 time, 3000.01 real, 4 MB, 4.91 load
[runlim] sample:		2998.43 time, 3010.01 real, 4 MB, 5.00 load
[runlim] sample:		3008.40 time, 3020.01 real, 4 MB, 5.00 load
[runlim] sample:		3018.36 time, 3030.01 real, 4 MB, 4.92 load
[runlim] sample:		3028.33 time, 3040.01 real, 4 MB, 4.78 load
[runlim] sample:		3038.29 time, 3050.01 real, 4 MB, 4.66 load
[runlim] sample:		3048.26 time, 3060.01 real, 4 MB, 4.56 load
[runlim] sample:		3058.22 time, 3070.01 real, 4 MB, 4.47 load
[runlim] sample:		3068.19 time, 3080.01 real, 4 MB, 4.40 load
[runlim] sample:		3078.15 time, 3090.01 real, 4 MB, 4.41 load
[runlim] sample:		3088.12 time, 3100.01 real, 4 MB, 4.35 load
[runlim] sample:		3098.08 time, 3110.01 real, 4 MB, 4.29 load
[runlim] sample:		3108.05 time, 3120.01 real, 4 MB, 4.25 load
[runlim] sample:		3118.01 time, 3130.01 real, 4 MB, 4.21 load
[runlim] sample:		3127.98 time, 3140.01 real, 4 MB, 4.18 load
[runlim] sample:		3137.94 time, 3150.01 real, 4 MB, 4.22 load
[runlim] sample:		3147.91 time, 3160.01 real, 4 MB, 4.19 load
[runlim] sample:		3157.87 time, 3170.01 real, 4 MB, 4.16 load
[runlim] sample:		3167.84 time, 3180.01 real, 4 MB, 4.13 load
[runlim] sample:		3177.80 time, 3190.01 real, 4 MB, 4.11 load
[runlim] sample:		3187.77 time, 3200.01 real, 4 MB, 4.10 load
[runlim] sample:		3197.73 time, 3210.01 real, 4 MB, 4.15 load
[runlim] sample:		3207.70 time, 3220.01 real, 4 MB, 4.13 load
[runlim] sample:		3217.66 time, 3230.01 real, 4 MB, 4.19 load
[runlim] sample:		3227.62 time, 3240.01 real, 4 MB, 4.16 load
[runlim] sample:		3237.59 time, 3250.01 real, 4 MB, 4.13 load
[runlim] sample:		3247.55 time, 3260.01 real, 4 MB, 4.11 load
[runlim] sample:		3257.52 time, 3270.01 real, 4 MB, 4.17 load
[runlim] sample:		3267.48 time, 3280.01 real, 4 MB, 4.14 load
[runlim] sample:		3277.45 time, 3290.01 real, 4 MB, 4.12 load
[runlim] sample:		3287.41 time, 3300.01 real, 4 MB, 4.10 load
[runlim] sample:		3297.38 time, 3310.01 real, 4 MB, 4.09 load
[runlim] sample:		3307.34 time, 3320.01 real, 4 MB, 4.23 load
[runlim] sample:		3317.31 time, 3330.01 real, 4 MB, 4.35 load
[runlim] sample:		3327.27 time, 3340.01 real, 4 MB, 4.30 load
[runlim] sample:		3337.24 time, 3350.01 real, 4 MB, 4.25 load
[runlim] sample:		3347.20 time, 3360.01 real, 4 MB, 4.06 load
[runlim] sample:		3357.17 time, 3370.01 real, 4 MB, 3.89 load
[runlim] sample:		3367.14 time, 3380.01 real, 4 MB, 3.76 load
[runlim] sample:		3377.11 time, 3390.01 real, 4 MB, 3.79 load
[runlim] sample:		3387.08 time, 3400.01 real, 4 MB, 3.67 load
[runlim] sample:		3397.05 time, 3410.01 real, 4 MB, 3.72 load
[runlim] sample:		3407.01 time, 3420.01 real, 4 MB, 3.61 load
[runlim] sample:		3416.98 time, 3430.01 real, 4 MB, 3.52 load
[runlim] sample:		3426.95 time, 3440.01 real, 4 MB, 3.44 load
[runlim] sample:		3436.92 time, 3450.01 real, 4 MB, 3.44 load
[runlim] sample:		3446.89 time, 3460.01 real, 4 MB, 3.38 load
[runlim] sample:		3456.86 time, 3470.01 real, 4 MB, 3.32 load
[runlim] sample:		3466.83 time, 3480.01 real, 4 MB, 3.56 load
[runlim] sample:		3476.79 time, 3490.01 real, 4 MB, 3.48 load
[runlim] sample:		3486.76 time, 3500.01 real, 4 MB, 3.48 load
[runlim] sample:		3496.73 time, 3510.01 real, 4 MB, 3.48 load
[runlim] sample:		3506.70 time, 3520.01 real, 4 MB, 3.41 load
[runlim] sample:		3516.67 time, 3530.01 real, 4 MB, 3.34 load
[runlim] sample:		3526.64 time, 3540.01 real, 4 MB, 3.29 load
[runlim] sample:		3536.61 time, 3550.01 real, 4 MB, 3.25 load
[runlim] sample:		3546.57 time, 3560.01 real, 4 MB, 3.21 load
[runlim] sample:		3556.54 time, 3570.01 real, 4 MB, 3.25 load
[runlim] sample:		3566.51 time, 3580.01 real, 4 MB, 3.21 load
[runlim] sample:		3576.48 time, 3590.01 real, 4 MB, 3.18 load
[runlim] sample:		3586.45 time, 3600.01 real, 4 MB, 3.15 load
[runlim] sample:		3596.42 time, 3610.01 real, 4 MB, 3.13 load
[runlim] sample:		3606.39 time, 3620.01 real, 4 MB, 3.11 load
[runlim] sample:		3616.35 time, 3630.01 real, 4 MB, 3.16 load
[runlim] sample:		3626.32 time, 3640.01 real, 4 MB, 3.14 load
[runlim] sample:		3636.29 time, 3650.01 real, 4 MB, 3.12 load
[runlim] sample:		3646.26 time, 3660.01 real, 4 MB, 3.10 load
[runlim] sample:		3656.23 time, 3670.01 real, 4 MB, 3.08 load
[runlim] sample:		3666.20 time, 3680.01 real, 4 MB, 3.07 load
[runlim] sample:		3676.16 time, 3690.01 real, 4 MB, 3.13 load
[runlim] sample:		3686.13 time, 3700.01 real, 4 MB, 3.11 load
[runlim] sample:		3696.10 time, 3710.01 real, 4 MB, 3.09 load
[runlim] sample:		3706.07 time, 3720.01 real, 4 MB, 3.08 load
[runlim] sample:		3716.04 time, 3730.01 real, 4 MB, 3.07 load
[runlim] sample:		3726.01 time, 3740.01 real, 4 MB, 3.06 load
[runlim] sample:		3735.97 time, 3750.01 real, 4 MB, 3.12 load
[runlim] sample:		3745.94 time, 3760.01 real, 4 MB, 3.10 load
[runlim] sample:		3755.91 time, 3770.01 real, 4 MB, 3.09 load
[runlim] sample:		3765.88 time, 3780.01 real, 4 MB, 3.07 load
[runlim] sample:		3775.85 time, 3790.01 real, 4 MB, 3.06 load
[runlim] sample:		3785.82 time, 3800.01 real, 4 MB, 3.05 load
[runlim] sample:		3795.78 time, 3810.01 real, 4 MB, 3.12 load
[runlim] sample:		3805.75 time, 3820.01 real, 4 MB, 3.10 load
[runlim] sample:		3815.72 time, 3830.01 real, 4 MB, 3.08 load
[runlim] sample:		3825.69 time, 3840.01 real, 4 MB, 3.07 load
[runlim] sample:		3835.66 time, 3850.01 real, 4 MB, 3.06 load
[runlim] sample:		3845.63 time, 3860.01 real, 4 MB, 3.05 load
[runlim] sample:		3855.59 time, 3870.01 real, 4 MB, 3.04 load
[runlim] sample:		3865.56 time, 3880.01 real, 4 MB, 3.03 load
[runlim] sample:		3875.53 time, 3890.01 real, 4 MB, 3.03 load
[runlim] sample:		3885.50 time, 3900.01 real, 4 MB, 3.02 load
[runlim] sample:		3895.47 time, 3910.01 real, 5 MB, 3.02 load
[runlim] sample:		3905.44 time, 3920.01 real, 5 MB, 3.02 load
[runlim] sample:		3915.40 time, 3930.01 real, 5 MB, 3.09 load
[runlim] sample:		3925.37 time, 3940.01 real, 5 MB, 3.07 load
[runlim] sample:		3935.34 time, 3950.01 real, 5 MB, 3.06 load
[runlim] sample:		3945.31 time, 3960.01 real, 5 MB, 4.97 load
[runlim] sample:		3955.28 time, 3970.01 real, 5 MB, 4.66 load
[runlim] sample:		3965.25 time, 3980.01 real, 5 MB, 4.57 load
[runlim] sample:		3975.22 time, 3990.01 real, 5 MB, 4.40 load
[runlim] sample:		3985.19 time, 4000.01 real, 5 MB, 4.18 load
[runlim] sample:		3995.16 time, 4010.01 real, 5 MB, 4.00 load
[runlim] sample:		4005.13 time, 4020.01 real, 5 MB, 3.85 load
[runlim] sample:		4015.10 time, 4030.01 real, 5 MB, 3.72 load
[runlim] sample:		4025.07 time, 4040.01 real, 5 MB, 3.61 load
[runlim] sample:		4035.04 time, 4050.01 real, 5 MB, 3.59 load
[runlim] sample:		4045.01 time, 4060.01 real, 5 MB, 3.50 load
[runlim] sample:		4054.98 time, 4070.01 real, 5 MB, 3.42 load
[runlim] sample:		4064.94 time, 4080.01 real, 5 MB, 3.35 load
[runlim] sample:		4074.91 time, 4090.01 real, 5 MB, 3.30 load
[runlim] sample:		4084.88 time, 4100.01 real, 5 MB, 3.25 load
[runlim] sample:		4094.85 time, 4110.01 real, 5 MB, 3.29 load
[runlim] sample:		4104.82 time, 4120.01 real, 5 MB, 3.24 load
[runlim] sample:		4114.79 time, 4130.01 real, 5 MB, 3.20 load
[runlim] sample:		4124.76 time, 4140.01 real, 5 MB, 3.17 load
[runlim] sample:		4134.73 time, 4150.01 real, 5 MB, 3.15 load
[runlim] sample:		4144.70 time, 4160.01 real, 5 MB, 3.12 load
[runlim] sample:		4154.67 time, 4170.01 real, 5 MB, 3.18 load
[runlim] sample:		4164.64 time, 4180.01 real, 5 MB, 3.15 load
[runlim] sample:		4174.61 time, 4190.01 real, 5 MB, 3.13 load
[runlim] sample:		4184.58 time, 4200.01 real, 5 MB, 3.11 load
[runlim] sample:		4194.55 time, 4210.01 real, 5 MB, 3.09 load
[runlim] sample:		4204.52 time, 4220.01 real, 5 MB, 3.08 load
[runlim] sample:		4214.49 time, 4230.01 real, 5 MB, 3.14 load
[runlim] sample:		4224.46 time, 4240.01 real, 5 MB, 3.12 load
[runlim] sample:		4234.43 time, 4250.01 real, 5 MB, 3.10 load
[runlim] sample:		4244.39 time, 4260.01 real, 5 MB, 3.08 load
[runlim] sample:		4254.36 time, 4270.01 real, 5 MB, 3.07 load
[runlim] sample:		4264.33 time, 4280.01 real, 5 MB, 3.06 load
[runlim] sample:		4274.30 time, 4290.01 real, 5 MB, 3.05 load
[runlim] sample:		4284.27 time, 4300.01 real, 5 MB, 3.04 load
[runlim] sample:		4294.24 time, 4310.01 real, 5 MB, 3.03 load
[runlim] sample:		4304.21 time, 4320.01 real, 5 MB, 3.03 load
[runlim] sample:		4314.18 time, 4330.01 real, 5 MB, 3.02 load
[runlim] sample:		4324.15 time, 4340.01 real, 5 MB, 3.02 load
[runlim] sample:		4334.11 time, 4350.01 real, 5 MB, 3.09 load
[runlim] sample:		4344.08 time, 4360.01 real, 5 MB, 3.08 load
[runlim] sample:		4354.05 time, 4370.01 real, 5 MB, 3.06 load
[runlim] sample:		4364.02 time, 4380.01 real, 5 MB, 3.05 load
[runlim] sample:		4373.99 time, 4390.01 real, 5 MB, 3.04 load
[runlim] sample:		4383.96 time, 4400.01 real, 5 MB, 3.04 load
[runlim] sample:		4393.92 time, 4410.01 real, 5 MB, 3.03 load
[runlim] sample:		4403.89 time, 4420.01 real, 5 MB, 3.03 load
[runlim] sample:		4413.86 time, 4430.01 real, 5 MB, 3.02 load
[runlim] sample:		4423.83 time, 4440.01 real, 5 MB, 3.02 load
[runlim] sample:		4433.80 time, 4450.01 real, 5 MB, 3.01 load
[runlim] sample:		4443.77 time, 4460.01 real, 5 MB, 3.01 load
[runlim] sample:		4453.74 time, 4470.01 real, 5 MB, 3.08 load
[runlim] sample:		4463.71 time, 4480.01 real, 5 MB, 3.07 load
[runlim] sample:		4473.68 time, 4490.01 real, 5 MB, 3.06 load
[runlim] sample:		4483.65 time, 4500.01 real, 5 MB, 3.05 load
[runlim] sample:		4493.62 time, 4510.01 real, 5 MB, 3.04 load
[runlim] sample:		4503.58 time, 4520.01 real, 5 MB, 3.03 load
[runlim] sample:		4513.55 time, 4530.01 real, 5 MB, 3.10 load
[runlim] sample:		4523.52 time, 4540.01 real, 5 MB, 3.09 load
[runlim] sample:		4533.49 time, 4550.01 real, 5 MB, 3.07 load
[runlim] sample:		4543.46 time, 4560.01 real, 5 MB, 3.06 load
[runlim] sample:		4553.43 time, 4570.01 real, 5 MB, 3.05 load
[runlim] sample:		4563.40 time, 4580.01 real, 5 MB, 3.04 load
[runlim] sample:		4573.37 time, 4590.01 real, 5 MB, 3.04 load
[runlim] sample:		4583.33 time, 4600.01 real, 5 MB, 3.03 load
[runlim] sample:		4593.30 time, 4610.01 real, 5 MB, 3.02 load
[runlim] sample:		4603.27 time, 4620.01 real, 5 MB, 3.02 load
[runlim] sample:		4613.24 time, 4630.01 real, 5 MB, 3.02 load
[runlim] sample:		4623.21 time, 4640.01 real, 5 MB, 3.09 load
[runlim] sample:		4633.17 time, 4650.01 real, 5 MB, 3.08 load
[runlim] sample:		4643.14 time, 4660.01 real, 5 MB, 3.07 load
[runlim] sample:		4653.11 time, 4670.01 real, 5 MB, 3.06 load
[runlim] sample:		4663.08 time, 4680.01 real, 5 MB, 3.05 load
[runlim] sample:		4673.05 time, 4690.01 real, 5 MB, 3.04 load
[runlim] sample:		4683.02 time, 4700.01 real, 5 MB, 3.03 load
[runlim] sample:		4692.99 time, 4710.01 real, 5 MB, 3.11 load
[runlim] sample:		4702.96 time, 4720.01 real, 5 MB, 3.09 load
[runlim] sample:		4712.93 time, 4730.01 real, 5 MB, 3.08 load
[runlim] sample:		4722.90 time, 4740.01 real, 5 MB, 3.06 load
[runlim] sample:		4732.87 time, 4750.01 real, 5 MB, 3.05 load
[runlim] sample:		4742.83 time, 4760.01 real, 5 MB, 3.29 load
[runlim] sample:		4752.80 time, 4770.01 real, 5 MB, 3.32 load
[runlim] sample:		4762.77 time, 4780.01 real, 5 MB, 3.27 load
[runlim] sample:		4772.74 time, 4790.01 real, 5 MB, 3.23 load
[runlim] sample:		4782.71 time, 4800.01 real, 5 MB, 3.19 load
[runlim] sample:		4792.68 time, 4810.01 real, 5 MB, 3.16 load
[runlim] sample:		4802.65 time, 4820.01 real, 5 MB, 3.14 load
[runlim] sample:		4812.62 time, 4830.01 real, 5 MB, 3.20 load
[runlim] sample:		4822.59 time, 4840.01 real, 5 MB, 3.17 load
[runlim] sample:		4832.56 time, 4850.01 real, 5 MB, 3.14 load
[runlim] sample:		4842.53 time, 4860.01 real, 5 MB, 3.20 load
[runlim] sample:		4852.50 time, 4870.01 real, 5 MB, 3.17 load
[runlim] sample:		4862.47 time, 4880.01 real, 5 MB, 3.14 load
[runlim] sample:		4872.44 time, 4890.01 real, 5 MB, 3.12 load
[runlim] sample:		4882.41 time, 4900.01 real, 5 MB, 3.10 load
[runlim] sample:		4892.38 time, 4910.01 real, 5 MB, 3.08 load
[runlim] sample:		4902.34 time, 4920.01 real, 5 MB, 3.07 load
[runlim] sample:		4912.31 time, 4930.01 real, 5 MB, 3.06 load
[runlim] sample:		4922.28 time, 4940.01 real, 5 MB, 3.13 load
[runlim] sample:		4932.25 time, 4950.01 real, 5 MB, 3.11 load
[runlim] sample:		4942.22 time, 4960.01 real, 5 MB, 3.01 load
[runlim] sample:		4952.19 time, 4970.01 real, 5 MB, 2.86 load
[runlim] sample:		4962.16 time, 4980.01 real, 5 MB, 2.72 load
[runlim] sample:		4972.14 time, 4990.01 real, 5 MB, 2.46 load
[runlim] sample:		4982.11 time, 5000.01 real, 5 MB, 2.23 load
[runlim] end:			Wed Mar 25 01:51:28 2026
[runlim] status:		out of time
[runlim] result:		2
[runlim] children:		1
[runlim] processes:		2
[runlim] real:			5000.05 seconds
[runlim] time:			4982.11 seconds
[runlim] space:			5 MB
[runlim] load:			7.01 maximum
[runlim] samples:		50000
