[runlim] version:		2.0.0rc1
[runlim] host:			m01n03
[runlim] time limit:		311040000 seconds
[runlim] real time limit:	5000 seconds
[runlim] space limit:		7000 MB
[runlim] argv[0]:		./binary
[runlim] argv[1]:		-c
[runlim] argv[2]:		-f
[runlim] argv[3]:		/tmp/local-unzipped-12273037-6-337-BMS_k3_n100_m429_229.cnf
[runlim] start:			Wed Mar 25 00:27:27 2026
[runlim] child:			4118027
[runlim] sample:		9.97 time, 10.01 real, 4 MB, 12.30 load
[runlim] sample:		19.92 time, 20.01 real, 4 MB, 11.65 load
[runlim] sample:		29.88 time, 30.01 real, 4 MB, 10.93 load
[runlim] sample:		39.84 time, 40.01 real, 5 MB, 10.87 load
[runlim] end:			Wed Mar 25 00:28:10 2026
[runlim] status:		ok
[runlim] result:		0
[runlim] children:		1
[runlim] processes:		2
[runlim] real:			43.28 seconds
[runlim] time:			43.02 seconds
[runlim] space:			5 MB
[runlim] load:			13.53 maximum
[runlim] samples:		432
