[runlim] version:		2.0.0rc1
[runlim] host:			p03n02
[runlim] time limit:		311040000 seconds
[runlim] real time limit:	5000 seconds
[runlim] space limit:		7000 MB
[runlim] argv[0]:		./binary
[runlim] argv[1]:		-c
[runlim] argv[2]:		-f
[runlim] argv[3]:		/tmp/local-unzipped-12273037-1-50-BMS_k3_n100_m429_120.cnf
[runlim] start:			Wed Mar 25 00:25:35 2026
[runlim] child:			2519422
[runlim] end:			Wed Mar 25 00:25:37 2026
[runlim] status:		ok
[runlim] result:		0
[runlim] children:		1
[runlim] processes:		2
[runlim] real:			1.55 seconds
[runlim] time:			1.50 seconds
[runlim] space:			5 MB
[runlim] load:			6.37 maximum
[runlim] samples:		15
