[runlim] version:		2.0.0rc1
[runlim] host:			o01n15
[runlim] time limit:		311040000 seconds
[runlim] real time limit:	5000 seconds
[runlim] space limit:		7000 MB
[runlim] argv[0]:		./binary
[runlim] argv[1]:		-c
[runlim] argv[2]:		-f
[runlim] argv[3]:		/tmp/local-unzipped-12273037-8-480-BMS_k3_n100_m429_186.cnf
[runlim] start:			Wed Mar 25 00:27:42 2026
[runlim] child:			1397194
[runlim] end:			Wed Mar 25 00:27:43 2026
[runlim] status:		ok
[runlim] result:		0
[runlim] children:		1
[runlim] processes:		2
[runlim] real:			0.32 seconds
[runlim] time:			0.30 seconds
[runlim] space:			5 MB
[runlim] load:			2.13 maximum
[runlim] samples:		3
