[runlim] version:		2.0.0rc1
[runlim] host:			p05n18
[runlim] time limit:		311040000 seconds
[runlim] real time limit:	5000 seconds
[runlim] space limit:		7000 MB
[runlim] argv[0]:		./binary
[runlim] argv[1]:		-c
[runlim] argv[2]:		-f
[runlim] argv[3]:		/tmp/local-unzipped-12273037-2-115-BMS_k3_n100_m429_395.cnf
[runlim] start:			Wed Mar 25 00:25:36 2026
[runlim] child:			1582919
[runlim] sample:		9.97 time, 10.01 real, 3 MB, 7.95 load
[runlim] sample:		19.93 time, 20.01 real, 3 MB, 8.26 load
[runlim] sample:		29.89 time, 30.01 real, 3 MB, 8.06 load
[runlim] sample:		39.86 time, 40.01 real, 4 MB, 7.90 load
[runlim] sample:		49.82 time, 50.01 real, 4 MB, 7.83 load
[runlim] sample:		59.79 time, 60.01 real, 4 MB, 7.71 load
[runlim] sample:		69.75 time, 70.01 real, 4 MB, 7.44 load
[runlim] sample:		79.70 time, 80.01 real, 4 MB, 7.22 load
[runlim] sample:		89.65 time, 90.01 real, 4 MB, 7.03 load
[runlim] sample:		99.60 time, 100.01 real, 4 MB, 6.87 load
[runlim] sample:		109.56 time, 110.01 real, 4 MB, 6.81 load
[runlim] sample:		119.51 time, 120.01 real, 4 MB, 6.69 load
[runlim] sample:		129.46 time, 130.01 real, 4 MB, 6.58 load
[runlim] end:			Wed Mar 25 00:27:49 2026
[runlim] status:		ok
[runlim] result:		0
[runlim] children:		1
[runlim] processes:		2
[runlim] real:			133.00 seconds
[runlim] time:			132.35 seconds
[runlim] space:			4 MB
[runlim] load:			8.26 maximum
[runlim] samples:		1329
