[runlim] version:		2.0.0rc1
[runlim] host:			o02n08
[runlim] time limit:		311040000 seconds
[runlim] real time limit:	5000 seconds
[runlim] space limit:		7000 MB
[runlim] argv[0]:		./binary
[runlim] argv[1]:		-c
[runlim] argv[2]:		-f
[runlim] argv[3]:		/tmp/local-unzipped-12273037-5-276-BMS_k3_n100_m429_471.cnf
[runlim] start:			Wed Mar 25 00:25:05 2026
[runlim] child:			941396
[runlim] sample:		9.97 time, 10.01 real, 4 MB, 7.12 load
[runlim] sample:		19.93 time, 20.01 real, 4 MB, 6.48 load
[runlim] sample:		29.89 time, 30.01 real, 4 MB, 6.26 load
[runlim] sample:		39.84 time, 40.01 real, 4 MB, 6.23 load
[runlim] sample:		49.80 time, 50.01 real, 4 MB, 6.27 load
[runlim] sample:		59.75 time, 60.01 real, 4 MB, 6.07 load
[runlim] sample:		69.71 time, 70.01 real, 5 MB, 5.91 load
[runlim] end:			Wed Mar 25 00:26:18 2026
[runlim] status:		ok
[runlim] result:		0
[runlim] children:		1
[runlim] processes:		2
[runlim] real:			73.06 seconds
[runlim] time:			72.70 seconds
[runlim] space:			5 MB
[runlim] load:			8.05 maximum
[runlim] samples:		730
