[runlim] version:		2.0.0rc1
[runlim] host:			o02n12
[runlim] time limit:		311040000 seconds
[runlim] real time limit:	5000 seconds
[runlim] space limit:		7000 MB
[runlim] argv[0]:		./binary
[runlim] argv[1]:		-c
[runlim] argv[2]:		-r
[runlim] argv[3]:		/tmp/local-unzipped-12273038-1-11-BMS_k3_n100_m429_414.cnf
[runlim] start:			Wed Mar 25 00:27:21 2026
[runlim] child:			2113180
[runlim] sample:		9.97 time, 10.01 real, 3 MB, 12.01 load
[runlim] end:			Wed Mar 25 00:27:40 2026
[runlim] status:		ok
[runlim] result:		0
[runlim] children:		1
[runlim] processes:		2
[runlim] real:			18.42 seconds
[runlim] time:			18.33 seconds
[runlim] space:			3 MB
[runlim] load:			13.47 maximum
[runlim] samples:		184
