[runlim] version:		2.0.0rc1
[runlim] host:			o02n12
[runlim] time limit:		311040000 seconds
[runlim] real time limit:	5000 seconds
[runlim] space limit:		7000 MB
[runlim] argv[0]:		./binary
[runlim] argv[1]:		-c
[runlim] argv[2]:		-r
[runlim] argv[3]:		/tmp/local-unzipped-12273038-1-9-BMS_k3_n100_m429_316.cnf
[runlim] start:			Wed Mar 25 00:27:19 2026
[runlim] child:			2113070
[runlim] end:			Wed Mar 25 00:27:19 2026
[runlim] status:		ok
[runlim] result:		0
[runlim] children:		0
[runlim] processes:		0
[runlim] real:			0.07 seconds
[runlim] time:			0.00 seconds
[runlim] space:			0 MB
[runlim] load:			0.00 maximum
[runlim] samples:		0
