[runlim] version:		2.0.0rc1
[runlim] host:			m02n14
[runlim] time limit:		311040000 seconds
[runlim] real time limit:	5000 seconds
[runlim] space limit:		7000 MB
[runlim] argv[0]:		./binary
[runlim] argv[1]:		-c
[runlim] argv[2]:		-r
[runlim] argv[3]:		/tmp/local-unzipped-12273038-7-402-BMS_k3_n100_m429_246.cnf
[runlim] start:			Wed Mar 25 00:29:54 2026
[runlim] child:			1968766
[runlim] end:			Wed Mar 25 00:29:54 2026
[runlim] status:		ok
[runlim] result:		0
[runlim] children:		1
[runlim] processes:		2
[runlim] real:			0.44 seconds
[runlim] time:			0.40 seconds
[runlim] space:			3 MB
[runlim] load:			12.69 maximum
[runlim] samples:		4
