[runlim] version:		2.0.0rc1
[runlim] host:			p03n15
[runlim] time limit:		311040000 seconds
[runlim] real time limit:	5000 seconds
[runlim] space limit:		7000 MB
[runlim] argv[0]:		./binary
[runlim] argv[1]:		-c
[runlim] argv[2]:		-r
[runlim] argv[3]:		/tmp/local-unzipped-12273038-6-356-BMS_k3_n100_m429_92.cnf
[runlim] start:			Wed Mar 25 00:27:46 2026
[runlim] child:			971476
[runlim] end:			Wed Mar 25 00:27:48 2026
[runlim] status:		ok
[runlim] result:		0
[runlim] children:		1
[runlim] processes:		2
[runlim] real:			1.83 seconds
[runlim] time:			1.80 seconds
[runlim] space:			3 MB
[runlim] load:			3.17 maximum
[runlim] samples:		18
