[runlim] version:		2.0.0rc1
[runlim] host:			p02n08
[runlim] time limit:		311040000 seconds
[runlim] real time limit:	5000 seconds
[runlim] space limit:		7000 MB
[runlim] argv[0]:		./binary
[runlim] argv[1]:		-c
[runlim] argv[2]:		-r
[runlim] argv[3]:		/tmp/local-unzipped-12273038-5-285-BMS_k3_n100_m429_308.cnf
[runlim] start:			Wed Mar 25 00:27:39 2026
[runlim] child:			1639667
[runlim] sample:		9.97 time, 10.01 real, 3 MB, 10.61 load
[runlim] sample:		19.93 time, 20.01 real, 3 MB, 9.67 load
[runlim] sample:		29.89 time, 30.01 real, 3 MB, 9.10 load
[runlim] sample:		39.85 time, 40.01 real, 3 MB, 8.54 load
[runlim] sample:		49.81 time, 50.01 real, 3 MB, 8.07 load
[runlim] sample:		59.77 time, 60.01 real, 3 MB, 7.45 load
[runlim] sample:		69.72 time, 70.01 real, 3 MB, 6.84 load
[runlim] sample:		79.68 time, 80.01 real, 3 MB, 6.25 load
[runlim] sample:		89.64 time, 90.01 real, 4 MB, 5.75 load
[runlim] sample:		99.60 time, 100.01 real, 4 MB, 5.32 load
[runlim] sample:		109.55 time, 110.01 real, 4 MB, 5.04 load
[runlim] sample:		119.51 time, 120.01 real, 4 MB, 4.72 load
[runlim] sample:		129.47 time, 130.01 real, 4 MB, 4.46 load
[runlim] sample:		139.43 time, 140.01 real, 4 MB, 4.23 load
[runlim] sample:		149.38 time, 150.01 real, 4 MB, 4.04 load
[runlim] sample:		159.34 time, 160.01 real, 4 MB, 3.88 load
[runlim] sample:		169.30 time, 170.01 real, 4 MB, 3.82 load
[runlim] sample:		179.25 time, 180.01 real, 4 MB, 3.77 load
[runlim] sample:		189.21 time, 190.01 real, 4 MB, 3.66 load
[runlim] sample:		199.16 time, 200.01 real, 4 MB, 3.55 load
[runlim] sample:		209.12 time, 210.01 real, 4 MB, 3.47 load
[runlim] sample:		219.08 time, 220.01 real, 4 MB, 3.40 load
[runlim] sample:		229.03 time, 230.01 real, 4 MB, 3.41 load
[runlim] sample:		238.99 time, 240.01 real, 4 MB, 3.35 load
[runlim] sample:		248.95 time, 250.01 real, 4 MB, 3.29 load
[runlim] sample:		258.90 time, 260.01 real, 4 MB, 3.25 load
[runlim] sample:		268.86 time, 270.01 real, 4 MB, 3.21 load
[runlim] sample:		278.82 time, 280.01 real, 4 MB, 3.18 load
[runlim] sample:		288.77 time, 290.01 real, 4 MB, 3.22 load
[runlim] sample:		298.73 time, 300.01 real, 4 MB, 3.19 load
[runlim] sample:		308.69 time, 310.01 real, 4 MB, 3.16 load
[runlim] sample:		318.64 time, 320.01 real, 4 MB, 3.13 load
[runlim] sample:		328.60 time, 330.01 real, 4 MB, 3.11 load
[runlim] sample:		338.56 time, 340.01 real, 4 MB, 3.10 load
[runlim] sample:		348.51 time, 350.01 real, 4 MB, 3.08 load
[runlim] sample:		358.47 time, 360.01 real, 4 MB, 3.07 load
[runlim] sample:		368.43 time, 370.01 real, 4 MB, 3.06 load
[runlim] sample:		378.38 time, 380.01 real, 4 MB, 3.05 load
[runlim] sample:		388.34 time, 390.01 real, 4 MB, 3.04 load
[runlim] sample:		398.30 time, 400.01 real, 4 MB, 3.03 load
[runlim] sample:		408.25 time, 410.01 real, 4 MB, 3.10 load
[runlim] sample:		418.21 time, 420.01 real, 4 MB, 3.08 load
[runlim] sample:		428.17 time, 430.01 real, 4 MB, 3.07 load
[runlim] sample:		438.13 time, 440.01 real, 4 MB, 3.06 load
[runlim] sample:		448.09 time, 450.01 real, 4 MB, 3.05 load
[runlim] sample:		458.04 time, 460.01 real, 4 MB, 3.04 load
[runlim] sample:		468.00 time, 470.01 real, 4 MB, 3.04 load
[runlim] sample:		477.96 time, 480.01 real, 4 MB, 3.03 load
[runlim] sample:		487.92 time, 490.01 real, 4 MB, 3.02 load
[runlim] sample:		497.87 time, 500.01 real, 4 MB, 3.02 load
[runlim] sample:		507.83 time, 510.01 real, 4 MB, 3.02 load
[runlim] sample:		517.79 time, 520.01 real, 4 MB, 3.01 load
[runlim] sample:		527.74 time, 530.01 real, 4 MB, 3.08 load
[runlim] sample:		537.70 time, 540.01 real, 4 MB, 3.07 load
[runlim] sample:		547.66 time, 550.01 real, 4 MB, 3.06 load
[runlim] sample:		557.61 time, 560.01 real, 4 MB, 3.05 load
[runlim] sample:		567.57 time, 570.01 real, 4 MB, 3.04 load
[runlim] sample:		577.54 time, 580.01 real, 4 MB, 3.04 load
[runlim] sample:		587.51 time, 590.01 real, 4 MB, 3.03 load
[runlim] sample:		597.47 time, 600.01 real, 4 MB, 3.02 load
[runlim] sample:		607.44 time, 610.01 real, 4 MB, 3.02 load
[runlim] end:			Wed Mar 25 00:37:57 2026
[runlim] status:		ok
[runlim] result:		0
[runlim] children:		1
[runlim] processes:		2
[runlim] real:			617.24 seconds
[runlim] time:			614.62 seconds
[runlim] space:			4 MB
[runlim] load:			11.81 maximum
[runlim] samples:		6172
