[runlim] version:		2.0.0rc1
[runlim] host:			o03n02
[runlim] time limit:		311040000 seconds
[runlim] real time limit:	5000 seconds
[runlim] space limit:		7000 MB
[runlim] argv[0]:		./binary
[runlim] argv[1]:		-c
[runlim] argv[2]:		-r
[runlim] argv[3]:		/tmp/local-unzipped-12273038-2-127-BMS_k3_n100_m429_207.cnf
[runlim] start:			Wed Mar 25 00:28:14 2026
[runlim] child:			4117976
[runlim] end:			Wed Mar 25 00:28:19 2026
[runlim] status:		ok
[runlim] result:		0
[runlim] children:		1
[runlim] processes:		2
[runlim] real:			5.54 seconds
[runlim] time:			5.48 seconds
[runlim] space:			3 MB
[runlim] load:			9.35 maximum
[runlim] samples:		55
