[runlim] version:		2.0.0rc1
[runlim] host:			p02n01
[runlim] time limit:		311040000 seconds
[runlim] real time limit:	5000 seconds
[runlim] space limit:		7000 MB
[runlim] argv[0]:		./binary
[runlim] argv[1]:		-c
[runlim] argv[2]:		-r
[runlim] argv[3]:		/tmp/local-unzipped-12273038-4-233-BMS_k3_n100_m429_37.cnf
[runlim] start:			Wed Mar 25 00:27:51 2026
[runlim] child:			3520418
[runlim] end:			Wed Mar 25 00:27:52 2026
[runlim] status:		ok
[runlim] result:		0
[runlim] children:		1
[runlim] processes:		2
[runlim] real:			0.44 seconds
[runlim] time:			0.40 seconds
[runlim] space:			3 MB
[runlim] load:			9.44 maximum
[runlim] samples:		4
