[runlim] version:		2.0.0rc1
[runlim] host:			p05n17
[runlim] time limit:		311040000 seconds
[runlim] real time limit:	5000 seconds
[runlim] space limit:		7000 MB
[runlim] argv[0]:		./binary
[runlim] argv[1]:		-c
[runlim] argv[2]:		/tmp/local-unzipped-12519504-1-5-qg6-09.cnf
[runlim] start:			Wed Apr 15 14:30:32 2026
[runlim] child:			270621
[runlim] sample:		9.95 time, 10.01 real, 21 MB, 0.51 load
[runlim] end:			Wed Apr 15 14:30:48 2026
[runlim] status:		ok
[runlim] result:		0
[runlim] children:		1
[runlim] processes:		2
[runlim] real:			16.02 seconds
[runlim] time:			15.91 seconds
[runlim] space:			23 MB
[runlim] load:			0.95 maximum
[runlim] samples:		160
