[runlim] version:		2.0.0rc1
[runlim] host:			p05n17
[runlim] time limit:		311040000 seconds
[runlim] real time limit:	5000 seconds
[runlim] space limit:		7000 MB
[runlim] argv[0]:		./binary
[runlim] argv[1]:		-c
[runlim] argv[2]:		/tmp/local-unzipped-12519504-1-35-qg7-13.cnf
[runlim] start:			Wed Apr 15 14:31:02 2026
[runlim] child:			272998
[runlim] sample:		9.96 time, 10.01 real, 96 MB, 4.00 load
[runlim] sample:		19.91 time, 20.01 real, 96 MB, 5.07 load
[runlim] sample:		29.86 time, 30.01 real, 96 MB, 5.83 load
[runlim] sample:		39.81 time, 40.01 real, 97 MB, 6.47 load
[runlim] end:			Wed Apr 15 14:31:43 2026
[runlim] status:		ok
[runlim] result:		0
[runlim] children:		1
[runlim] processes:		2
[runlim] real:			40.84 seconds
[runlim] time:			40.61 seconds
[runlim] space:			97 MB
[runlim] load:			6.47 maximum
[runlim] samples:		408
