[runlim] version:		2.0.0rc1
[runlim] host:			p03n15
[runlim] time limit:		311040000 seconds
[runlim] real time limit:	5000 seconds
[runlim] space limit:		7000 MB
[runlim] argv[0]:		./binary
[runlim] argv[1]:		-c
[runlim] argv[2]:		/tmp/local-unzipped-12273021-8-491-BMS_k3_n100_m429_415.cnf
[runlim] start:			Wed Mar 25 00:18:08 2026
[runlim] child:			959394
[runlim] end:			Wed Mar 25 00:18:13 2026
[runlim] status:		ok
[runlim] result:		0
[runlim] children:		1
[runlim] processes:		2
[runlim] real:			5.01 seconds
[runlim] time:			4.88 seconds
[runlim] space:			4 MB
[runlim] load:			4.89 maximum
[runlim] samples:		49
