[runlim] version:		2.0.0rc1
[runlim] host:			m08n05
[runlim] time limit:		311040000 seconds
[runlim] real time limit:	5000 seconds
[runlim] space limit:		7000 MB
[runlim] argv[0]:		./binary
[runlim] argv[1]:		-c
[runlim] argv[2]:		/tmp/local-unzipped-12273021-4-237-BMS_k3_n100_m429_119.cnf
[runlim] start:			Wed Mar 25 00:18:10 2026
[runlim] child:			4172964
[runlim] sample:		9.97 time, 10.01 real, 3 MB, 5.40 load
[runlim] sample:		19.93 time, 20.01 real, 3 MB, 5.48 load
[runlim] sample:		29.90 time, 30.01 real, 4 MB, 5.25 load
[runlim] sample:		39.88 time, 40.01 real, 4 MB, 4.91 load
[runlim] sample:		49.85 time, 50.01 real, 4 MB, 4.61 load
[runlim] sample:		59.82 time, 60.01 real, 4 MB, 4.36 load
[runlim] sample:		69.80 time, 70.01 real, 4 MB, 4.23 load
[runlim] end:			Wed Mar 25 00:19:29 2026
[runlim] status:		ok
[runlim] result:		0
[runlim] children:		1
[runlim] processes:		2
[runlim] real:			79.63 seconds
[runlim] time:			79.37 seconds
[runlim] space:			4 MB
[runlim] load:			5.52 maximum
[runlim] samples:		796
