[runlim] version:		2.0.0rc1
[runlim] host:			m08n05
[runlim] time limit:		311040000 seconds
[runlim] real time limit:	5000 seconds
[runlim] space limit:		7000 MB
[runlim] argv[0]:		./binary
[runlim] argv[1]:		-c
[runlim] argv[2]:		/tmp/local-unzipped-12273021-4-204-BMS_k3_n100_m429_220.cnf
[runlim] start:			Wed Mar 25 00:17:36 2026
[runlim] child:			4171748
[runlim] end:			Wed Mar 25 00:17:37 2026
[runlim] status:		ok
[runlim] result:		0
[runlim] children:		1
[runlim] processes:		2
[runlim] real:			1.05 seconds
[runlim] time:			1.00 seconds
[runlim] space:			4 MB
[runlim] load:			6.66 maximum
[runlim] samples:		10
