[runlim] version:		2.0.0rc1
[runlim] host:			o01n16
[runlim] time limit:		311040000 seconds
[runlim] real time limit:	5000 seconds
[runlim] space limit:		7000 MB
[runlim] argv[0]:		./binary
[runlim] argv[1]:		-c
[runlim] argv[2]:		/tmp/local-unzipped-12273021-3-152-BMS_k3_n100_m429_313.cnf
[runlim] start:			Wed Mar 25 00:15:12 2026
[runlim] child:			2786034
[runlim] sample:		9.97 time, 10.01 real, 3 MB, 4.77 load
[runlim] sample:		19.93 time, 20.01 real, 3 MB, 4.88 load
[runlim] sample:		29.88 time, 30.01 real, 3 MB, 4.98 load
[runlim] sample:		39.83 time, 40.01 real, 3 MB, 5.52 load
[runlim] sample:		49.79 time, 50.01 real, 3 MB, 5.90 load
[runlim] sample:		59.75 time, 60.01 real, 3 MB, 6.22 load
[runlim] sample:		69.71 time, 70.01 real, 3 MB, 6.58 load
[runlim] sample:		79.67 time, 80.01 real, 3 MB, 6.79 load
[runlim] sample:		89.63 time, 90.01 real, 3 MB, 6.67 load
[runlim] sample:		99.59 time, 100.01 real, 3 MB, 6.72 load
[runlim] sample:		109.55 time, 110.01 real, 3 MB, 6.61 load
[runlim] sample:		119.51 time, 120.01 real, 3 MB, 6.52 load
[runlim] sample:		129.47 time, 130.01 real, 3 MB, 6.52 load
[runlim] sample:		139.43 time, 140.01 real, 3 MB, 6.51 load
[runlim] sample:		149.39 time, 150.01 real, 3 MB, 6.43 load
[runlim] sample:		159.35 time, 160.01 real, 3 MB, 6.37 load
[runlim] sample:		169.31 time, 170.01 real, 3 MB, 6.31 load
[runlim] sample:		179.27 time, 180.01 real, 3 MB, 6.03 load
[runlim] sample:		189.23 time, 190.01 real, 4 MB, 5.72 load
[runlim] sample:		199.19 time, 200.01 real, 4 MB, 5.45 load
[runlim] sample:		209.16 time, 210.01 real, 4 MB, 5.23 load
[runlim] sample:		219.12 time, 220.01 real, 4 MB, 5.04 load
[runlim] sample:		229.08 time, 230.01 real, 4 MB, 4.88 load
[runlim] sample:		239.04 time, 240.01 real, 4 MB, 4.74 load
[runlim] sample:		249.00 time, 250.01 real, 4 MB, 4.71 load
[runlim] sample:		258.97 time, 260.01 real, 4 MB, 4.67 load
[runlim] sample:		268.93 time, 270.01 real, 4 MB, 4.57 load
[runlim] sample:		278.89 time, 280.01 real, 4 MB, 4.48 load
[runlim] sample:		288.85 time, 290.01 real, 4 MB, 4.41 load
[runlim] sample:		298.82 time, 300.01 real, 4 MB, 4.34 load
[runlim] sample:		308.78 time, 310.01 real, 4 MB, 4.22 load
[runlim] sample:		318.74 time, 320.01 real, 4 MB, 4.03 load
[runlim] sample:		328.71 time, 330.01 real, 4 MB, 3.87 load
[runlim] sample:		338.67 time, 340.01 real, 4 MB, 3.81 load
[runlim] sample:		348.63 time, 350.01 real, 4 MB, 3.77 load
[runlim] sample:		358.59 time, 360.01 real, 4 MB, 3.65 load
[runlim] sample:		368.55 time, 370.01 real, 4 MB, 3.55 load
[runlim] sample:		378.52 time, 380.01 real, 4 MB, 3.46 load
[runlim] sample:		388.48 time, 390.01 real, 4 MB, 3.47 load
[runlim] sample:		398.44 time, 400.01 real, 4 MB, 3.40 load
[runlim] sample:		408.40 time, 410.01 real, 4 MB, 3.34 load
[runlim] sample:		418.36 time, 420.01 real, 4 MB, 3.29 load
[runlim] sample:		428.33 time, 430.01 real, 4 MB, 3.09 load
[runlim] sample:		438.30 time, 440.01 real, 4 MB, 2.92 load
[runlim] sample:		448.27 time, 450.01 real, 4 MB, 2.85 load
[runlim] sample:		458.23 time, 460.01 real, 4 MB, 2.72 load
[runlim] sample:		468.20 time, 470.01 real, 4 MB, 2.61 load
[runlim] sample:		478.17 time, 480.01 real, 4 MB, 2.52 load
[runlim] sample:		488.13 time, 490.01 real, 4 MB, 2.52 load
[runlim] sample:		498.10 time, 500.01 real, 4 MB, 2.44 load
[runlim] sample:		508.07 time, 510.01 real, 4 MB, 2.37 load
[runlim] sample:		518.03 time, 520.01 real, 4 MB, 2.31 load
[runlim] sample:		528.00 time, 530.01 real, 4 MB, 2.26 load
[runlim] sample:		537.97 time, 540.01 real, 4 MB, 2.22 load
[runlim] sample:		547.93 time, 550.01 real, 4 MB, 2.19 load
[runlim] sample:		557.90 time, 560.01 real, 4 MB, 2.16 load
[runlim] sample:		567.87 time, 570.01 real, 4 MB, 2.13 load
[runlim] sample:		577.83 time, 580.01 real, 4 MB, 2.11 load
[runlim] sample:		587.80 time, 590.01 real, 4 MB, 2.10 load
[runlim] sample:		597.77 time, 600.01 real, 4 MB, 2.08 load
[runlim] sample:		607.73 time, 610.01 real, 4 MB, 2.07 load
[runlim] sample:		617.70 time, 620.01 real, 4 MB, 2.06 load
[runlim] sample:		627.67 time, 630.01 real, 4 MB, 2.05 load
[runlim] sample:		637.64 time, 640.01 real, 4 MB, 2.04 load
[runlim] sample:		647.60 time, 650.01 real, 4 MB, 2.03 load
[runlim] sample:		657.57 time, 660.01 real, 4 MB, 2.03 load
[runlim] sample:		667.54 time, 670.01 real, 4 MB, 2.02 load
[runlim] sample:		677.50 time, 680.01 real, 4 MB, 2.02 load
[runlim] sample:		687.47 time, 690.01 real, 4 MB, 2.02 load
[runlim] sample:		697.44 time, 700.01 real, 4 MB, 2.01 load
[runlim] sample:		707.40 time, 710.01 real, 4 MB, 2.01 load
[runlim] sample:		717.37 time, 720.01 real, 4 MB, 2.01 load
[runlim] sample:		727.34 time, 730.01 real, 4 MB, 2.01 load
[runlim] sample:		737.30 time, 740.01 real, 4 MB, 2.00 load
[runlim] sample:		747.27 time, 750.01 real, 4 MB, 2.00 load
[runlim] sample:		757.24 time, 760.01 real, 4 MB, 2.00 load
[runlim] sample:		767.20 time, 770.01 real, 4 MB, 2.00 load
[runlim] sample:		777.17 time, 780.01 real, 4 MB, 2.00 load
[runlim] sample:		787.14 time, 790.01 real, 4 MB, 2.00 load
[runlim] sample:		797.10 time, 800.01 real, 4 MB, 2.07 load
[runlim] sample:		807.07 time, 810.01 real, 4 MB, 2.06 load
[runlim] sample:		817.04 time, 820.01 real, 4 MB, 2.05 load
[runlim] sample:		827.00 time, 830.01 real, 4 MB, 2.04 load
[runlim] sample:		836.97 time, 840.01 real, 4 MB, 2.04 load
[runlim] sample:		846.93 time, 850.01 real, 4 MB, 2.03 load
[runlim] sample:		856.90 time, 860.01 real, 4 MB, 2.10 load
[runlim] sample:		866.87 time, 870.01 real, 4 MB, 2.08 load
[runlim] sample:		876.83 time, 880.01 real, 4 MB, 2.07 load
[runlim] sample:		886.80 time, 890.01 real, 4 MB, 2.06 load
[runlim] sample:		896.77 time, 900.01 real, 4 MB, 2.05 load
[runlim] sample:		906.73 time, 910.01 real, 4 MB, 2.04 load
[runlim] sample:		916.70 time, 920.01 real, 4 MB, 2.11 load
[runlim] sample:		926.66 time, 930.01 real, 4 MB, 2.17 load
[runlim] sample:		936.63 time, 940.01 real, 4 MB, 2.14 load
[runlim] sample:		946.60 time, 950.01 real, 4 MB, 2.20 load
[runlim] sample:		956.56 time, 960.01 real, 4 MB, 2.24 load
[runlim] sample:		966.53 time, 970.01 real, 4 MB, 2.20 load
[runlim] sample:		976.49 time, 980.01 real, 4 MB, 2.25 load
[runlim] sample:		986.46 time, 990.01 real, 4 MB, 2.21 load
[runlim] sample:		996.43 time, 1000.01 real, 4 MB, 2.18 load
[runlim] sample:		1006.39 time, 1010.01 real, 4 MB, 2.15 load
[runlim] sample:		1016.36 time, 1020.01 real, 4 MB, 2.12 load
[runlim] sample:		1026.33 time, 1030.01 real, 4 MB, 2.10 load
[runlim] sample:		1036.29 time, 1040.01 real, 4 MB, 2.16 load
[runlim] sample:		1046.26 time, 1050.01 real, 4 MB, 2.14 load
[runlim] sample:		1056.23 time, 1060.01 real, 4 MB, 2.12 load
[runlim] sample:		1066.19 time, 1070.01 real, 4 MB, 2.10 load
[runlim] sample:		1076.16 time, 1080.01 real, 4 MB, 2.08 load
[runlim] sample:		1086.13 time, 1090.01 real, 4 MB, 2.07 load
[runlim] sample:		1096.09 time, 1100.01 real, 4 MB, 2.06 load
[runlim] sample:		1106.06 time, 1110.01 real, 4 MB, 2.05 load
[runlim] sample:		1116.03 time, 1120.01 real, 4 MB, 2.04 load
[runlim] sample:		1125.99 time, 1130.01 real, 4 MB, 2.03 load
[runlim] sample:		1135.96 time, 1140.01 real, 4 MB, 2.03 load
[runlim] sample:		1145.93 time, 1150.01 real, 4 MB, 2.02 load
[runlim] sample:		1155.89 time, 1160.01 real, 4 MB, 2.09 load
[runlim] sample:		1165.86 time, 1170.01 real, 4 MB, 2.08 load
[runlim] sample:		1175.83 time, 1180.01 real, 4 MB, 2.07 load
[runlim] sample:		1185.79 time, 1190.01 real, 4 MB, 2.06 load
[runlim] sample:		1195.76 time, 1200.01 real, 4 MB, 2.05 load
[runlim] sample:		1205.72 time, 1210.01 real, 4 MB, 2.04 load
[runlim] sample:		1215.69 time, 1220.01 real, 4 MB, 2.03 load
[runlim] sample:		1225.66 time, 1230.01 real, 4 MB, 2.03 load
[runlim] sample:		1235.63 time, 1240.01 real, 4 MB, 2.02 load
[runlim] sample:		1245.59 time, 1250.01 real, 4 MB, 2.02 load
[runlim] sample:		1255.56 time, 1260.01 real, 4 MB, 2.02 load
[runlim] sample:		1265.53 time, 1270.01 real, 4 MB, 2.01 load
[runlim] sample:		1275.49 time, 1280.01 real, 4 MB, 2.08 load
[runlim] sample:		1285.46 time, 1290.01 real, 4 MB, 2.07 load
[runlim] sample:		1295.43 time, 1300.01 real, 4 MB, 2.06 load
[runlim] sample:		1305.39 time, 1310.01 real, 4 MB, 2.05 load
[runlim] sample:		1315.36 time, 1320.01 real, 4 MB, 2.04 load
[runlim] sample:		1325.33 time, 1330.01 real, 4 MB, 2.04 load
[runlim] sample:		1335.29 time, 1340.01 real, 4 MB, 2.03 load
[runlim] sample:		1345.26 time, 1350.01 real, 4 MB, 2.02 load
[runlim] sample:		1355.23 time, 1360.01 real, 4 MB, 2.02 load
[runlim] sample:		1365.20 time, 1370.01 real, 4 MB, 2.02 load
[runlim] sample:		1375.16 time, 1380.01 real, 4 MB, 2.01 load
[runlim] sample:		1385.13 time, 1390.01 real, 4 MB, 2.01 load
[runlim] sample:		1395.10 time, 1400.01 real, 4 MB, 2.01 load
[runlim] sample:		1405.06 time, 1410.01 real, 4 MB, 2.01 load
[runlim] sample:		1415.03 time, 1420.01 real, 4 MB, 2.01 load
[runlim] sample:		1425.00 time, 1430.01 real, 4 MB, 2.08 load
[runlim] sample:		1434.97 time, 1440.01 real, 4 MB, 1.99 load
[runlim] sample:		1444.94 time, 1450.01 real, 4 MB, 1.83 load
[runlim] sample:		1454.90 time, 1460.01 real, 4 MB, 1.71 load
[runlim] sample:		1464.88 time, 1470.01 real, 4 MB, 1.60 load
[runlim] sample:		1474.85 time, 1480.01 real, 4 MB, 1.50 load
[runlim] sample:		1484.81 time, 1490.01 real, 4 MB, 1.43 load
[runlim] sample:		1494.79 time, 1500.01 real, 4 MB, 1.36 load
[runlim] sample:		1504.76 time, 1510.01 real, 4 MB, 1.30 load
[runlim] sample:		1514.72 time, 1520.01 real, 4 MB, 1.33 load
[runlim] sample:		1524.69 time, 1530.01 real, 4 MB, 1.28 load
[runlim] sample:		1534.67 time, 1540.01 real, 4 MB, 1.24 load
[runlim] sample:		1544.64 time, 1550.01 real, 4 MB, 1.36 load
[runlim] sample:		1554.61 time, 1560.01 real, 4 MB, 1.30 load
[runlim] sample:		1564.58 time, 1570.01 real, 4 MB, 1.26 load
[runlim] sample:		1574.54 time, 1580.01 real, 4 MB, 1.29 load
[runlim] sample:		1584.52 time, 1590.01 real, 4 MB, 1.25 load
[runlim] sample:		1594.49 time, 1600.01 real, 4 MB, 1.21 load
[runlim] sample:		1604.46 time, 1610.01 real, 4 MB, 1.18 load
[runlim] sample:		1614.43 time, 1620.01 real, 4 MB, 1.15 load
[runlim] sample:		1624.40 time, 1630.01 real, 4 MB, 1.12 load
[runlim] sample:		1634.36 time, 1640.01 real, 4 MB, 1.18 load
[runlim] sample:		1644.34 time, 1650.01 real, 4 MB, 1.15 load
[runlim] sample:		1654.31 time, 1660.01 real, 4 MB, 1.13 load
[runlim] sample:		1664.28 time, 1670.01 real, 4 MB, 1.11 load
[runlim] sample:		1674.25 time, 1680.01 real, 4 MB, 1.09 load
[runlim] sample:		1684.22 time, 1690.01 real, 4 MB, 1.08 load
[runlim] sample:		1694.18 time, 1700.01 real, 4 MB, 1.14 load
[runlim] sample:		1704.16 time, 1710.01 real, 4 MB, 1.12 load
[runlim] sample:		1714.13 time, 1720.01 real, 4 MB, 1.10 load
[runlim] sample:		1724.10 time, 1730.01 real, 4 MB, 1.08 load
[runlim] sample:		1734.07 time, 1740.01 real, 4 MB, 1.07 load
[runlim] sample:		1744.04 time, 1750.01 real, 4 MB, 1.06 load
[runlim] sample:		1754.00 time, 1760.01 real, 4 MB, 1.12 load
[runlim] sample:		1763.98 time, 1770.01 real, 4 MB, 1.10 load
[runlim] sample:		1773.95 time, 1780.01 real, 4 MB, 1.09 load
[runlim] sample:		1783.92 time, 1790.01 real, 4 MB, 1.15 load
[runlim] sample:		1793.89 time, 1800.01 real, 4 MB, 1.13 load
[runlim] sample:		1803.86 time, 1810.01 real, 4 MB, 1.11 load
[runlim] sample:		1813.82 time, 1820.01 real, 4 MB, 1.09 load
[runlim] sample:		1823.79 time, 1830.01 real, 4 MB, 1.08 load
[runlim] sample:		1833.76 time, 1840.01 real, 4 MB, 1.15 load
[runlim] sample:		1843.73 time, 1850.01 real, 4 MB, 1.12 load
[runlim] sample:		1853.70 time, 1860.01 real, 4 MB, 1.10 load
[runlim] sample:		1863.67 time, 1870.01 real, 4 MB, 1.09 load
[runlim] sample:		1873.64 time, 1880.01 real, 4 MB, 1.15 load
[runlim] sample:		1883.61 time, 1890.01 real, 4 MB, 1.12 load
[runlim] sample:		1893.58 time, 1900.01 real, 4 MB, 1.10 load
[runlim] sample:		1903.55 time, 1910.01 real, 4 MB, 1.09 load
[runlim] sample:		1913.53 time, 1920.01 real, 4 MB, 1.07 load
[runlim] sample:		1923.50 time, 1930.01 real, 4 MB, 1.06 load
[runlim] sample:		1933.46 time, 1940.01 real, 4 MB, 1.21 load
[runlim] sample:		1943.43 time, 1950.01 real, 4 MB, 1.17 load
[runlim] sample:		1953.40 time, 1960.01 real, 4 MB, 1.15 load
[runlim] sample:		1963.37 time, 1970.01 real, 4 MB, 1.12 load
[runlim] sample:		1973.35 time, 1980.01 real, 4 MB, 1.10 load
[runlim] sample:		1983.32 time, 1990.01 real, 4 MB, 1.09 load
[runlim] sample:		1993.28 time, 2000.01 real, 4 MB, 1.15 load
[runlim] sample:		2003.25 time, 2010.01 real, 4 MB, 1.12 load
[runlim] sample:		2013.23 time, 2020.01 real, 4 MB, 1.10 load
[runlim] sample:		2023.19 time, 2030.01 real, 4 MB, 1.09 load
[runlim] sample:		2033.17 time, 2040.01 real, 4 MB, 1.07 load
[runlim] sample:		2043.14 time, 2050.01 real, 4 MB, 1.06 load
[runlim] sample:		2053.10 time, 2060.01 real, 4 MB, 1.13 load
[runlim] sample:		2063.07 time, 2070.01 real, 4 MB, 1.11 load
[runlim] sample:		2073.05 time, 2080.01 real, 4 MB, 1.09 load
[runlim] sample:		2083.02 time, 2090.01 real, 4 MB, 1.08 load
[runlim] sample:		2092.99 time, 2100.01 real, 4 MB, 1.06 load
[runlim] sample:		2102.96 time, 2110.01 real, 4 MB, 1.05 load
[runlim] sample:		2112.92 time, 2120.01 real, 4 MB, 1.04 load
[runlim] sample:		2122.89 time, 2130.01 real, 4 MB, 1.04 load
[runlim] sample:		2132.87 time, 2140.01 real, 4 MB, 1.03 load
[runlim] sample:		2142.84 time, 2150.01 real, 4 MB, 1.03 load
[runlim] sample:		2152.81 time, 2160.01 real, 4 MB, 1.02 load
[runlim] sample:		2162.78 time, 2170.01 real, 4 MB, 1.02 load
[runlim] sample:		2172.75 time, 2180.01 real, 4 MB, 1.01 load
[runlim] sample:		2182.72 time, 2190.01 real, 4 MB, 1.01 load
[runlim] sample:		2192.69 time, 2200.01 real, 4 MB, 1.01 load
[runlim] sample:		2202.66 time, 2210.01 real, 4 MB, 1.01 load
[runlim] sample:		2212.63 time, 2220.01 real, 4 MB, 1.01 load
[runlim] sample:		2222.60 time, 2230.01 real, 4 MB, 1.00 load
[runlim] sample:		2232.57 time, 2240.01 real, 4 MB, 1.00 load
[runlim] sample:		2242.54 time, 2250.01 real, 4 MB, 1.00 load
[runlim] sample:		2252.51 time, 2260.01 real, 4 MB, 1.00 load
[runlim] sample:		2262.48 time, 2270.01 real, 4 MB, 1.00 load
[runlim] sample:		2272.45 time, 2280.01 real, 4 MB, 1.00 load
[runlim] sample:		2282.43 time, 2290.01 real, 4 MB, 1.00 load
[runlim] sample:		2292.39 time, 2300.01 real, 4 MB, 1.07 load
[runlim] sample:		2302.36 time, 2310.01 real, 4 MB, 1.06 load
[runlim] sample:		2312.34 time, 2320.01 real, 4 MB, 1.05 load
[runlim] sample:		2322.31 time, 2330.01 real, 4 MB, 1.04 load
[runlim] sample:		2332.28 time, 2340.01 real, 4 MB, 1.04 load
[runlim] sample:		2342.25 time, 2350.01 real, 4 MB, 1.03 load
[runlim] sample:		2352.21 time, 2360.01 real, 4 MB, 1.10 load
[runlim] sample:		2362.19 time, 2370.01 real, 4 MB, 1.08 load
[runlim] sample:		2372.16 time, 2380.01 real, 4 MB, 1.07 load
[runlim] sample:		2382.13 time, 2390.01 real, 4 MB, 1.06 load
[runlim] sample:		2392.10 time, 2400.01 real, 4 MB, 1.05 load
[runlim] sample:		2402.07 time, 2410.01 real, 4 MB, 1.04 load
[runlim] sample:		2412.04 time, 2420.01 real, 4 MB, 1.03 load
[runlim] sample:		2422.01 time, 2430.01 real, 4 MB, 1.03 load
[runlim] sample:		2431.98 time, 2440.01 real, 4 MB, 1.02 load
[runlim] sample:		2441.95 time, 2450.01 real, 4 MB, 1.02 load
[runlim] sample:		2451.92 time, 2460.01 real, 4 MB, 1.02 load
[runlim] sample:		2461.89 time, 2470.01 real, 4 MB, 1.01 load
[runlim] sample:		2471.86 time, 2480.01 real, 4 MB, 1.01 load
[runlim] sample:		2481.83 time, 2490.01 real, 4 MB, 1.01 load
[runlim] sample:		2491.80 time, 2500.01 real, 4 MB, 1.01 load
[runlim] sample:		2501.77 time, 2510.01 real, 4 MB, 1.01 load
[runlim] sample:		2511.74 time, 2520.01 real, 4 MB, 1.00 load
[runlim] sample:		2521.71 time, 2530.01 real, 4 MB, 1.00 load
[runlim] sample:		2531.68 time, 2540.01 real, 4 MB, 1.00 load
[runlim] sample:		2541.65 time, 2550.01 real, 4 MB, 1.00 load
[runlim] sample:		2551.62 time, 2560.01 real, 4 MB, 1.00 load
[runlim] sample:		2561.59 time, 2570.01 real, 4 MB, 1.00 load
[runlim] sample:		2571.56 time, 2580.01 real, 4 MB, 1.00 load
[runlim] sample:		2581.53 time, 2590.01 real, 4 MB, 1.00 load
[runlim] sample:		2591.50 time, 2600.01 real, 4 MB, 1.00 load
[runlim] sample:		2601.47 time, 2610.01 real, 4 MB, 1.00 load
[runlim] sample:		2611.44 time, 2620.01 real, 4 MB, 1.00 load
[runlim] sample:		2621.41 time, 2630.01 real, 4 MB, 1.00 load
[runlim] sample:		2631.38 time, 2640.01 real, 4 MB, 1.00 load
[runlim] sample:		2641.35 time, 2650.01 real, 4 MB, 1.00 load
[runlim] sample:		2651.32 time, 2660.01 real, 4 MB, 1.00 load
[runlim] sample:		2661.29 time, 2670.01 real, 4 MB, 1.00 load
[runlim] sample:		2671.26 time, 2680.01 real, 4 MB, 1.00 load
[runlim] sample:		2681.23 time, 2690.01 real, 4 MB, 1.00 load
[runlim] sample:		2691.20 time, 2700.01 real, 4 MB, 1.00 load
[runlim] sample:		2701.17 time, 2710.01 real, 4 MB, 1.00 load
[runlim] sample:		2711.14 time, 2720.01 real, 4 MB, 1.00 load
[runlim] sample:		2721.10 time, 2730.01 real, 4 MB, 1.00 load
[runlim] sample:		2731.08 time, 2740.01 real, 4 MB, 1.00 load
[runlim] sample:		2741.05 time, 2750.01 real, 4 MB, 1.08 load
[runlim] sample:		2751.02 time, 2760.01 real, 4 MB, 1.39 load
[runlim] sample:		2760.99 time, 2770.01 real, 4 MB, 1.33 load
[runlim] sample:		2770.95 time, 2780.01 real, 4 MB, 1.28 load
[runlim] sample:		2780.92 time, 2790.01 real, 4 MB, 1.23 load
[runlim] sample:		2790.90 time, 2800.01 real, 4 MB, 1.20 load
[runlim] sample:		2800.87 time, 2810.01 real, 4 MB, 1.17 load
[runlim] sample:		2810.84 time, 2820.01 real, 4 MB, 1.14 load
[runlim] sample:		2820.81 time, 2830.01 real, 4 MB, 1.12 load
[runlim] sample:		2830.78 time, 2840.01 real, 4 MB, 1.10 load
[runlim] sample:		2840.75 time, 2850.01 real, 4 MB, 1.08 load
[runlim] sample:		2850.72 time, 2860.01 real, 4 MB, 1.07 load
[runlim] sample:		2860.69 time, 2870.01 real, 4 MB, 1.06 load
[runlim] sample:		2870.66 time, 2880.01 real, 4 MB, 1.05 load
[runlim] sample:		2880.63 time, 2890.01 real, 4 MB, 1.04 load
[runlim] sample:		2890.60 time, 2900.01 real, 4 MB, 1.04 load
[runlim] sample:		2900.57 time, 2910.01 real, 4 MB, 1.03 load
[runlim] sample:		2910.54 time, 2920.01 real, 4 MB, 1.02 load
[runlim] sample:		2920.51 time, 2930.01 real, 4 MB, 1.02 load
[runlim] sample:		2930.48 time, 2940.01 real, 4 MB, 1.02 load
[runlim] sample:		2940.46 time, 2950.01 real, 4 MB, 1.01 load
[runlim] sample:		2950.42 time, 2960.01 real, 4 MB, 1.01 load
[runlim] sample:		2960.39 time, 2970.01 real, 4 MB, 1.01 load
[runlim] sample:		2970.37 time, 2980.01 real, 4 MB, 1.01 load
[runlim] sample:		2980.34 time, 2990.01 real, 4 MB, 1.01 load
[runlim] sample:		2990.31 time, 3000.01 real, 4 MB, 1.00 load
[runlim] sample:		3000.28 time, 3010.01 real, 4 MB, 1.00 load
[runlim] sample:		3010.25 time, 3020.01 real, 4 MB, 1.00 load
[runlim] sample:		3020.22 time, 3030.01 real, 4 MB, 1.00 load
[runlim] sample:		3030.19 time, 3040.01 real, 4 MB, 1.00 load
[runlim] sample:		3040.16 time, 3050.01 real, 4 MB, 1.00 load
[runlim] sample:		3050.13 time, 3060.01 real, 4 MB, 1.00 load
[runlim] sample:		3060.10 time, 3070.01 real, 4 MB, 1.00 load
[runlim] sample:		3070.07 time, 3080.01 real, 4 MB, 1.07 load
[runlim] sample:		3080.04 time, 3090.01 real, 4 MB, 1.06 load
[runlim] sample:		3090.01 time, 3100.01 real, 4 MB, 1.05 load
[runlim] sample:		3099.98 time, 3110.01 real, 4 MB, 1.04 load
[runlim] sample:		3109.95 time, 3120.01 real, 4 MB, 1.04 load
[runlim] sample:		3119.92 time, 3130.01 real, 4 MB, 1.03 load
[runlim] sample:		3129.89 time, 3140.01 real, 4 MB, 1.02 load
[runlim] sample:		3139.86 time, 3150.01 real, 4 MB, 1.09 load
[runlim] sample:		3149.83 time, 3160.01 real, 4 MB, 1.08 load
[runlim] sample:		3159.80 time, 3170.01 real, 4 MB, 1.07 load
[runlim] sample:		3169.77 time, 3180.01 real, 4 MB, 1.06 load
[runlim] sample:		3179.74 time, 3190.01 real, 4 MB, 1.05 load
[runlim] sample:		3189.71 time, 3200.01 real, 4 MB, 1.20 load
[runlim] sample:		3199.68 time, 3210.01 real, 4 MB, 1.17 load
[runlim] sample:		3209.65 time, 3220.01 real, 4 MB, 1.14 load
[runlim] sample:		3219.62 time, 3230.01 real, 4 MB, 1.12 load
[runlim] sample:		3229.59 time, 3240.01 real, 4 MB, 1.10 load
[runlim] sample:		3239.56 time, 3250.01 real, 4 MB, 1.08 load
[runlim] sample:		3249.53 time, 3260.01 real, 4 MB, 1.15 load
[runlim] sample:		3259.50 time, 3270.01 real, 4 MB, 1.13 load
[runlim] sample:		3269.47 time, 3280.01 real, 4 MB, 1.11 load
[runlim] sample:		3279.44 time, 3290.01 real, 4 MB, 1.09 load
[runlim] sample:		3289.41 time, 3300.01 real, 4 MB, 1.08 load
[runlim] sample:		3299.38 time, 3310.01 real, 4 MB, 1.06 load
[runlim] sample:		3309.35 time, 3320.01 real, 4 MB, 1.13 load
[runlim] sample:		3319.32 time, 3330.01 real, 4 MB, 1.11 load
[runlim] sample:		3329.29 time, 3340.01 real, 4 MB, 1.10 load
[runlim] sample:		3339.26 time, 3350.01 real, 4 MB, 1.08 load
[runlim] sample:		3349.23 time, 3360.01 real, 4 MB, 1.07 load
[runlim] sample:		3359.20 time, 3370.01 real, 4 MB, 1.06 load
[runlim] sample:		3369.17 time, 3380.01 real, 4 MB, 1.13 load
[runlim] sample:		3379.14 time, 3390.01 real, 4 MB, 1.11 load
[runlim] sample:		3389.11 time, 3400.01 real, 4 MB, 1.09 load
[runlim] sample:		3399.08 time, 3410.01 real, 4 MB, 1.08 load
[runlim] sample:		3409.05 time, 3420.01 real, 4 MB, 1.06 load
[runlim] sample:		3419.02 time, 3430.01 real, 4 MB, 1.05 load
[runlim] sample:		3428.99 time, 3440.01 real, 4 MB, 1.13 load
[runlim] sample:		3438.96 time, 3450.01 real, 4 MB, 1.11 load
[runlim] sample:		3448.93 time, 3460.01 real, 4 MB, 1.09 load
[runlim] sample:		3458.90 time, 3470.01 real, 4 MB, 1.08 load
[runlim] sample:		3468.87 time, 3480.01 real, 4 MB, 1.06 load
[runlim] sample:		3478.84 time, 3490.01 real, 4 MB, 1.05 load
[runlim] sample:		3488.81 time, 3500.01 real, 4 MB, 1.04 load
[runlim] sample:		3498.78 time, 3510.01 real, 4 MB, 1.04 load
[runlim] sample:		3508.76 time, 3520.01 real, 4 MB, 1.03 load
[runlim] sample:		3518.73 time, 3530.01 real, 4 MB, 1.03 load
[runlim] sample:		3528.70 time, 3540.01 real, 4 MB, 1.02 load
[runlim] sample:		3538.67 time, 3550.01 real, 4 MB, 1.02 load
[runlim] sample:		3548.64 time, 3560.01 real, 4 MB, 1.01 load
[runlim] sample:		3558.61 time, 3570.01 real, 4 MB, 1.01 load
[runlim] sample:		3568.58 time, 3580.01 real, 4 MB, 1.01 load
[runlim] sample:		3578.55 time, 3590.01 real, 4 MB, 1.01 load
[runlim] sample:		3588.52 time, 3600.01 real, 4 MB, 1.01 load
[runlim] sample:		3598.50 time, 3610.01 real, 4 MB, 1.00 load
[runlim] sample:		3608.46 time, 3620.01 real, 4 MB, 1.08 load
[runlim] sample:		3618.43 time, 3630.01 real, 4 MB, 1.07 load
[runlim] sample:		3628.40 time, 3640.01 real, 4 MB, 1.06 load
[runlim] sample:		3638.37 time, 3650.01 real, 4 MB, 1.05 load
[runlim] sample:		3648.35 time, 3660.01 real, 4 MB, 1.04 load
[runlim] sample:		3658.32 time, 3670.01 real, 4 MB, 1.04 load
[runlim] sample:		3668.29 time, 3680.01 real, 4 MB, 1.11 load
[runlim] sample:		3678.26 time, 3690.01 real, 4 MB, 1.09 load
[runlim] sample:		3688.23 time, 3700.01 real, 4 MB, 1.08 load
[runlim] sample:		3698.20 time, 3710.01 real, 4 MB, 1.07 load
[runlim] sample:		3708.18 time, 3720.01 real, 4 MB, 1.06 load
[runlim] sample:		3718.15 time, 3730.01 real, 4 MB, 1.05 load
[runlim] sample:		3728.12 time, 3740.01 real, 4 MB, 1.12 load
[runlim] sample:		3738.09 time, 3750.01 real, 4 MB, 1.10 load
[runlim] sample:		3748.06 time, 3760.01 real, 4 MB, 1.08 load
[runlim] sample:		3758.04 time, 3770.01 real, 4 MB, 1.07 load
[runlim] sample:		3768.01 time, 3780.01 real, 4 MB, 1.06 load
[runlim] sample:		3777.98 time, 3790.01 real, 4 MB, 1.05 load
[runlim] sample:		3787.95 time, 3800.01 real, 4 MB, 1.12 load
[runlim] sample:		3797.92 time, 3810.01 real, 4 MB, 1.10 load
[runlim] sample:		3807.89 time, 3820.01 real, 4 MB, 1.09 load
[runlim] sample:		3817.86 time, 3830.01 real, 4 MB, 1.07 load
[runlim] sample:		3827.83 time, 3840.01 real, 4 MB, 1.06 load
[runlim] sample:		3837.80 time, 3850.01 real, 4 MB, 1.05 load
[runlim] sample:		3847.77 time, 3860.01 real, 4 MB, 1.12 load
[runlim] sample:		3857.74 time, 3870.01 real, 4 MB, 1.10 load
[runlim] sample:		3867.72 time, 3880.01 real, 4 MB, 1.09 load
[runlim] sample:		3877.69 time, 3890.01 real, 4 MB, 1.07 load
[runlim] sample:		3887.66 time, 3900.01 real, 4 MB, 1.06 load
[runlim] sample:		3897.63 time, 3910.01 real, 4 MB, 1.05 load
[runlim] sample:		3907.60 time, 3920.01 real, 4 MB, 1.12 load
[runlim] sample:		3917.57 time, 3930.01 real, 4 MB, 1.10 load
[runlim] sample:		3927.54 time, 3940.01 real, 4 MB, 1.09 load
[runlim] sample:		3937.51 time, 3950.01 real, 4 MB, 1.07 load
[runlim] sample:		3947.49 time, 3960.01 real, 4 MB, 1.06 load
[runlim] sample:		3957.46 time, 3970.01 real, 4 MB, 1.05 load
[runlim] sample:		3967.43 time, 3980.01 real, 4 MB, 1.12 load
[runlim] sample:		3977.40 time, 3990.01 real, 4 MB, 1.10 load
[runlim] sample:		3987.37 time, 4000.01 real, 4 MB, 1.09 load
[runlim] end:			Wed Mar 25 01:22:01 2026
[runlim] status:		ok
[runlim] result:		0
[runlim] children:		1
[runlim] processes:		2
[runlim] real:			4009.14 seconds
[runlim] time:			3996.44 seconds
[runlim] space:			4 MB
[runlim] load:			6.79 maximum
[runlim] samples:		40091
