[runlim] version:		2.0.0rc1
[runlim] host:			p02n10
[runlim] time limit:		311040000 seconds
[runlim] real time limit:	5000 seconds
[runlim] space limit:		7000 MB
[runlim] argv[0]:		./binary
[runlim] argv[1]:		-c
[runlim] argv[2]:		-f
[runlim] argv[3]:		-s
[runlim] argv[4]:		/tmp/local-unzipped-12181338-2-115-BMS_k3_n100_m429_395.cnf
[runlim] start:			Mon Mar 16 16:37:34 2026
[runlim] child:			2573943
[runlim] sample:		9.95 time, 10.01 real, 3 MB, 5.60 load
[runlim] sample:		19.91 time, 20.01 real, 3 MB, 6.74 load
[runlim] sample:		29.86 time, 30.01 real, 3 MB, 7.55 load
[runlim] sample:		39.82 time, 40.01 real, 3 MB, 7.92 load
[runlim] sample:		49.77 time, 50.01 real, 3 MB, 8.16 load
[runlim] sample:		59.73 time, 60.01 real, 3 MB, 8.29 load
[runlim] sample:		69.68 time, 70.01 real, 3 MB, 8.25 load
[runlim] sample:		79.64 time, 80.01 real, 3 MB, 8.29 load
[runlim] sample:		89.60 time, 90.01 real, 3 MB, 8.24 load
[runlim] sample:		99.55 time, 100.01 real, 3 MB, 8.21 load
[runlim] sample:		109.51 time, 110.01 real, 3 MB, 8.17 load
[runlim] sample:		119.47 time, 120.01 real, 3 MB, 8.15 load
[runlim] sample:		129.42 time, 130.01 real, 3 MB, 8.12 load
[runlim] sample:		139.38 time, 140.01 real, 4 MB, 8.10 load
[runlim] sample:		149.33 time, 150.01 real, 4 MB, 8.09 load
[runlim] sample:		159.29 time, 160.01 real, 4 MB, 8.15 load
[runlim] sample:		169.25 time, 170.01 real, 4 MB, 8.13 load
[runlim] sample:		179.21 time, 180.01 real, 4 MB, 8.11 load
[runlim] sample:		189.16 time, 190.01 real, 4 MB, 8.09 load
[runlim] sample:		199.12 time, 200.01 real, 4 MB, 8.08 load
[runlim] sample:		209.08 time, 210.01 real, 4 MB, 8.06 load
[runlim] sample:		219.03 time, 220.01 real, 4 MB, 8.14 load
[runlim] sample:		228.99 time, 230.01 real, 4 MB, 8.19 load
[runlim] sample:		238.95 time, 240.01 real, 4 MB, 8.16 load
[runlim] sample:		248.91 time, 250.01 real, 4 MB, 8.13 load
[runlim] sample:		258.87 time, 260.01 real, 4 MB, 8.11 load
[runlim] sample:		268.83 time, 270.01 real, 4 MB, 8.10 load
[runlim] sample:		278.79 time, 280.01 real, 4 MB, 8.08 load
[runlim] sample:		288.74 time, 290.01 real, 4 MB, 8.07 load
[runlim] sample:		298.71 time, 300.01 real, 4 MB, 7.98 load
[runlim] sample:		308.67 time, 310.01 real, 4 MB, 7.83 load
[runlim] sample:		318.63 time, 320.01 real, 4 MB, 7.70 load
[runlim] sample:		328.59 time, 330.01 real, 4 MB, 7.67 load
[runlim] sample:		338.55 time, 340.01 real, 4 MB, 7.57 load
[runlim] sample:		348.51 time, 350.01 real, 4 MB, 7.48 load
[runlim] sample:		358.47 time, 360.01 real, 4 MB, 7.41 load
[runlim] sample:		368.42 time, 370.01 real, 4 MB, 7.34 load
[runlim] sample:		378.38 time, 380.01 real, 4 MB, 7.29 load
[runlim] sample:		388.34 time, 390.01 real, 4 MB, 7.24 load
[runlim] sample:		398.29 time, 400.01 real, 4 MB, 7.21 load
[runlim] sample:		408.25 time, 410.01 real, 4 MB, 7.17 load
[runlim] sample:		418.21 time, 420.01 real, 4 MB, 7.15 load
[runlim] sample:		428.16 time, 430.01 real, 4 MB, 7.12 load
[runlim] sample:		438.12 time, 440.01 real, 4 MB, 7.10 load
[runlim] sample:		448.08 time, 450.01 real, 4 MB, 7.09 load
[runlim] sample:		458.04 time, 460.01 real, 4 MB, 7.07 load
[runlim] sample:		467.99 time, 470.01 real, 4 MB, 7.06 load
[runlim] sample:		477.95 time, 480.01 real, 4 MB, 6.90 load
[runlim] sample:		487.90 time, 490.01 real, 4 MB, 6.84 load
[runlim] sample:		497.86 time, 500.01 real, 4 MB, 6.71 load
[runlim] sample:		507.82 time, 510.01 real, 4 MB, 6.60 load
[runlim] sample:		517.78 time, 520.01 real, 4 MB, 6.51 load
[runlim] sample:		527.74 time, 530.01 real, 4 MB, 6.43 load
[runlim] sample:		537.70 time, 540.01 real, 4 MB, 6.36 load
[runlim] sample:		547.66 time, 550.01 real, 4 MB, 6.31 load
[runlim] sample:		557.61 time, 560.01 real, 4 MB, 6.26 load
[runlim] sample:		567.57 time, 570.01 real, 4 MB, 6.22 load
[runlim] sample:		577.53 time, 580.01 real, 4 MB, 6.18 load
[runlim] sample:		587.48 time, 590.01 real, 4 MB, 6.23 load
[runlim] sample:		597.44 time, 600.01 real, 4 MB, 6.19 load
[runlim] sample:		607.40 time, 610.01 real, 4 MB, 6.16 load
[runlim] sample:		617.36 time, 620.01 real, 4 MB, 6.14 load
[runlim] sample:		627.31 time, 630.01 real, 4 MB, 6.12 load
[runlim] sample:		637.27 time, 640.01 real, 4 MB, 6.10 load
[runlim] sample:		647.23 time, 650.01 real, 4 MB, 6.08 load
[runlim] sample:		657.19 time, 660.01 real, 4 MB, 6.07 load
[runlim] sample:		667.15 time, 670.01 real, 4 MB, 6.06 load
[runlim] end:			Mon Mar 16 16:48:49 2026
[runlim] status:		ok
[runlim] result:		0
[runlim] children:		1
[runlim] processes:		2
[runlim] real:			675.04 seconds
[runlim] time:			672.12 seconds
[runlim] space:			4 MB
[runlim] load:			8.29 maximum
[runlim] samples:		6750
