[runlim] version:		2.0.0rc1
[runlim] host:			p06n08
[runlim] time limit:		311040000 seconds
[runlim] real time limit:	5000 seconds
[runlim] space limit:		7000 MB
[runlim] argv[0]:		./binary
[runlim] argv[1]:		-c
[runlim] argv[2]:		-f
[runlim] argv[3]:		-s
[runlim] argv[4]:		/tmp/local-unzipped-12181338-7-413-BMS_k3_n100_m429_437.cnf
[runlim] start:			Mon Mar 16 16:37:12 2026
[runlim] child:			1325928
[runlim] end:			Mon Mar 16 16:37:13 2026
[runlim] status:		ok
[runlim] result:		0
[runlim] children:		1
[runlim] processes:		2
[runlim] real:			1.27 seconds
[runlim] time:			1.19 seconds
[runlim] space:			4 MB
[runlim] load:			3.87 maximum
[runlim] samples:		12
