[runlim] version:		2.0.0rc1
[runlim] host:			p08n10
[runlim] time limit:		311040000 seconds
[runlim] real time limit:	5000 seconds
[runlim] space limit:		7000 MB
[runlim] argv[0]:		./binary
[runlim] argv[1]:		-c
[runlim] argv[2]:		-f
[runlim] argv[3]:		-s
[runlim] argv[4]:		/tmp/local-unzipped-12181338-6-356-BMS_k3_n100_m429_92.cnf
[runlim] start:			Mon Mar 16 16:37:19 2026
[runlim] child:			2230590
[runlim] sample:		9.95 time, 10.01 real, 4 MB, 6.45 load
[runlim] end:			Mon Mar 16 16:37:29 2026
[runlim] status:		ok
[runlim] result:		0
[runlim] children:		1
[runlim] processes:		2
[runlim] real:			10.28 seconds
[runlim] time:			10.15 seconds
[runlim] space:			4 MB
[runlim] load:			6.45 maximum
[runlim] samples:		102
