[runlim] version:		2.0.0rc1
[runlim] host:			p08n10
[runlim] time limit:		311040000 seconds
[runlim] real time limit:	5000 seconds
[runlim] space limit:		7000 MB
[runlim] argv[0]:		./binary
[runlim] argv[1]:		-c
[runlim] argv[2]:		-f
[runlim] argv[3]:		-s
[runlim] argv[4]:		/tmp/local-unzipped-12181338-6-324-BMS_k3_n100_m429_113.cnf
[runlim] start:			Mon Mar 16 16:36:46 2026
[runlim] child:			2229392
[runlim] sample:		9.97 time, 10.01 real, 4 MB, 2.39 load
[runlim] sample:		19.92 time, 20.01 real, 4 MB, 2.95 load
[runlim] sample:		29.87 time, 30.01 real, 5 MB, 4.27 load
[runlim] sample:		39.81 time, 40.01 real, 5 MB, 5.62 load
[runlim] end:			Mon Mar 16 16:37:31 2026
[runlim] status:		ok
[runlim] result:		0
[runlim] children:		1
[runlim] processes:		2
[runlim] real:			44.26 seconds
[runlim] time:			43.99 seconds
[runlim] space:			5 MB
[runlim] load:			6.45 maximum
[runlim] samples:		442
