[runlim] version:		2.0.0rc1
[runlim] host:			m08n03
[runlim] time limit:		311040000 seconds
[runlim] real time limit:	5000 seconds
[runlim] space limit:		7000 MB
[runlim] argv[0]:		./binary
[runlim] argv[1]:		-c
[runlim] argv[2]:		-f
[runlim] argv[3]:		-r
[runlim] argv[4]:		/tmp/local-unzipped-12181330-6-345-BMS_k3_n100_m429_125.cnf
[runlim] start:			Mon Mar 16 16:37:08 2026
[runlim] child:			3294189
[runlim] sample:		9.97 time, 10.01 real, 3 MB, 2.58 load
[runlim] sample:		19.93 time, 20.01 real, 4 MB, 3.26 load
[runlim] sample:		29.89 time, 30.01 real, 4 MB, 4.30 load
[runlim] sample:		39.85 time, 40.01 real, 4 MB, 5.09 load
[runlim] sample:		49.82 time, 50.01 real, 4 MB, 5.85 load
[runlim] sample:		59.78 time, 60.01 real, 4 MB, 6.49 load
[runlim] sample:		69.74 time, 70.01 real, 4 MB, 7.03 load
[runlim] sample:		79.71 time, 80.01 real, 4 MB, 7.48 load
[runlim] sample:		89.67 time, 90.01 real, 4 MB, 7.79 load
[runlim] sample:		99.64 time, 100.01 real, 4 MB, 7.98 load
[runlim] sample:		109.61 time, 110.01 real, 4 MB, 8.06 load
[runlim] sample:		119.57 time, 120.01 real, 4 MB, 8.05 load
[runlim] sample:		129.54 time, 130.01 real, 4 MB, 8.04 load
[runlim] sample:		139.51 time, 140.01 real, 4 MB, 7.88 load
[runlim] sample:		149.47 time, 150.01 real, 4 MB, 7.74 load
[runlim] sample:		159.44 time, 160.01 real, 4 MB, 7.47 load
[runlim] sample:		169.41 time, 170.01 real, 4 MB, 7.25 load
[runlim] sample:		179.37 time, 180.01 real, 4 MB, 7.06 load
[runlim] sample:		189.34 time, 190.01 real, 4 MB, 6.89 load
[runlim] sample:		199.31 time, 200.01 real, 4 MB, 6.75 load
[runlim] sample:		209.28 time, 210.01 real, 4 MB, 6.64 load
[runlim] sample:		219.24 time, 220.01 real, 4 MB, 6.54 load
[runlim] sample:		229.21 time, 230.01 real, 4 MB, 6.46 load
[runlim] sample:		239.18 time, 240.01 real, 4 MB, 6.39 load
[runlim] sample:		249.14 time, 250.01 real, 4 MB, 6.41 load
[runlim] sample:		259.11 time, 260.01 real, 4 MB, 6.34 load
[runlim] sample:		269.07 time, 270.01 real, 4 MB, 6.29 load
[runlim] sample:		279.04 time, 280.01 real, 4 MB, 6.25 load
[runlim] sample:		289.01 time, 290.01 real, 4 MB, 6.21 load
[runlim] sample:		298.97 time, 300.01 real, 4 MB, 6.09 load
[runlim] sample:		308.92 time, 310.01 real, 4 MB, 6.00 load
[runlim] sample:		318.88 time, 320.01 real, 4 MB, 5.85 load
[runlim] sample:		328.84 time, 330.01 real, 4 MB, 5.72 load
[runlim] sample:		338.79 time, 340.01 real, 4 MB, 5.60 load
[runlim] sample:		348.75 time, 350.01 real, 4 MB, 5.51 load
[runlim] sample:		358.71 time, 360.01 real, 4 MB, 5.51 load
[runlim] sample:		368.66 time, 370.01 real, 4 MB, 5.43 load
[runlim] sample:		378.62 time, 380.01 real, 4 MB, 5.36 load
[runlim] sample:		388.58 time, 390.01 real, 4 MB, 5.38 load
[runlim] sample:		398.53 time, 400.01 real, 4 MB, 5.32 load
[runlim] sample:		408.49 time, 410.01 real, 4 MB, 5.27 load
[runlim] sample:		418.45 time, 420.01 real, 4 MB, 5.23 load
[runlim] sample:		428.41 time, 430.01 real, 4 MB, 5.19 load
[runlim] sample:		438.36 time, 440.01 real, 4 MB, 5.16 load
[runlim] sample:		448.32 time, 450.01 real, 4 MB, 5.06 load
[runlim] sample:		458.28 time, 460.01 real, 4 MB, 4.89 load
[runlim] sample:		468.24 time, 470.01 real, 4 MB, 4.68 load
[runlim] sample:		478.20 time, 480.01 real, 4 MB, 4.42 load
[runlim] sample:		488.16 time, 490.01 real, 4 MB, 4.20 load
[runlim] sample:		498.13 time, 500.01 real, 4 MB, 4.02 load
[runlim] sample:		508.08 time, 510.01 real, 4 MB, 4.15 load
[runlim] sample:		518.04 time, 520.01 real, 4 MB, 3.98 load
[runlim] sample:		528.01 time, 530.01 real, 4 MB, 3.83 load
[runlim] sample:		537.97 time, 540.01 real, 4 MB, 3.70 load
[runlim] sample:		547.93 time, 550.01 real, 4 MB, 3.59 load
[runlim] sample:		557.89 time, 560.01 real, 4 MB, 3.50 load
[runlim] sample:		567.85 time, 570.01 real, 4 MB, 3.42 load
[runlim] sample:		577.82 time, 580.01 real, 4 MB, 3.36 load
[runlim] sample:		587.77 time, 590.01 real, 4 MB, 3.38 load
[runlim] sample:		597.74 time, 600.01 real, 4 MB, 3.32 load
[runlim] sample:		607.70 time, 610.01 real, 4 MB, 3.27 load
[runlim] sample:		617.66 time, 620.01 real, 4 MB, 3.23 load
[runlim] sample:		627.62 time, 630.01 real, 4 MB, 3.19 load
[runlim] sample:		637.58 time, 640.01 real, 4 MB, 3.16 load
[runlim] sample:		647.54 time, 650.01 real, 4 MB, 3.22 load
[runlim] sample:		657.51 time, 660.01 real, 4 MB, 3.18 load
[runlim] sample:		667.47 time, 670.01 real, 4 MB, 3.16 load
[runlim] sample:		677.43 time, 680.01 real, 4 MB, 3.13 load
[runlim] sample:		687.39 time, 690.01 real, 4 MB, 3.11 load
[runlim] sample:		697.35 time, 700.01 real, 4 MB, 3.09 load
[runlim] sample:		707.31 time, 710.01 real, 4 MB, 3.16 load
[runlim] sample:		717.27 time, 720.01 real, 4 MB, 3.13 load
[runlim] sample:		727.24 time, 730.01 real, 4 MB, 3.11 load
[runlim] sample:		737.20 time, 740.01 real, 4 MB, 3.10 load
[runlim] sample:		747.16 time, 750.01 real, 4 MB, 3.08 load
[runlim] sample:		757.12 time, 760.01 real, 4 MB, 3.07 load
[runlim] sample:		767.08 time, 770.01 real, 4 MB, 3.06 load
[runlim] sample:		777.04 time, 780.01 real, 4 MB, 3.12 load
[runlim] sample:		787.00 time, 790.01 real, 4 MB, 3.10 load
[runlim] sample:		796.97 time, 800.01 real, 4 MB, 3.09 load
[runlim] sample:		806.93 time, 810.01 real, 5 MB, 3.07 load
[runlim] sample:		816.89 time, 820.01 real, 5 MB, 3.06 load
[runlim] sample:		826.85 time, 830.01 real, 5 MB, 3.05 load
[runlim] sample:		836.81 time, 840.01 real, 5 MB, 3.12 load
[runlim] sample:		846.77 time, 850.01 real, 5 MB, 3.10 load
[runlim] end:			Mon Mar 16 16:51:25 2026
[runlim] status:		ok
[runlim] result:		0
[runlim] children:		1
[runlim] processes:		2
[runlim] real:			857.46 seconds
[runlim] time:			854.14 seconds
[runlim] space:			5 MB
[runlim] load:			8.06 maximum
[runlim] samples:		8574
