[runlim] version:		2.0.0rc1
[runlim] host:			m05n15
[runlim] time limit:		311040000 seconds
[runlim] real time limit:	5000 seconds
[runlim] space limit:		7000 MB
[runlim] argv[0]:		./binary
[runlim] argv[1]:		-c
[runlim] argv[2]:		-f
[runlim] argv[3]:		-r
[runlim] argv[4]:		/tmp/local-unzipped-12181330-4-234-BMS_k3_n100_m429_278.cnf
[runlim] start:			Mon Mar 16 16:37:25 2026
[runlim] child:			22760
[runlim] sample:		9.96 time, 10.01 real, 3 MB, 3.26 load
[runlim] sample:		19.92 time, 20.01 real, 3 MB, 4.14 load
[runlim] sample:		29.87 time, 30.01 real, 4 MB, 4.66 load
[runlim] sample:		39.83 time, 40.01 real, 4 MB, 4.47 load
[runlim] sample:		49.79 time, 50.01 real, 4 MB, 4.25 load
[runlim] sample:		59.75 time, 60.01 real, 4 MB, 4.06 load
[runlim] sample:		69.71 time, 70.01 real, 4 MB, 3.89 load
[runlim] sample:		79.67 time, 80.01 real, 4 MB, 3.75 load
[runlim] sample:		89.63 time, 90.01 real, 4 MB, 3.80 load
[runlim] sample:		99.59 time, 100.01 real, 4 MB, 3.68 load
[runlim] sample:		109.56 time, 110.01 real, 4 MB, 3.49 load
[runlim] sample:		119.53 time, 120.01 real, 4 MB, 3.26 load
[runlim] sample:		129.50 time, 130.01 real, 4 MB, 3.07 load
[runlim] sample:		139.47 time, 140.01 real, 4 MB, 2.90 load
[runlim] sample:		149.43 time, 150.01 real, 4 MB, 2.76 load
[runlim] sample:		159.40 time, 160.01 real, 4 MB, 2.64 load
[runlim] sample:		169.37 time, 170.01 real, 4 MB, 2.71 load
[runlim] sample:		179.33 time, 180.01 real, 4 MB, 2.60 load
[runlim] sample:		189.30 time, 190.01 real, 4 MB, 2.50 load
[runlim] sample:		199.27 time, 200.01 real, 4 MB, 2.43 load
[runlim] sample:		209.25 time, 210.01 real, 4 MB, 2.36 load
[runlim] sample:		219.22 time, 220.01 real, 4 MB, 2.30 load
[runlim] sample:		229.18 time, 230.01 real, 4 MB, 2.34 load
[runlim] sample:		239.15 time, 240.01 real, 4 MB, 2.29 load
[runlim] sample:		249.12 time, 250.01 real, 4 MB, 2.24 load
[runlim] sample:		259.09 time, 260.01 real, 4 MB, 2.20 load
[runlim] sample:		269.05 time, 270.01 real, 4 MB, 2.17 load
[runlim] sample:		279.02 time, 280.01 real, 4 MB, 2.14 load
[runlim] sample:		288.98 time, 290.01 real, 4 MB, 2.20 load
[runlim] sample:		298.95 time, 300.01 real, 4 MB, 2.17 load
[runlim] sample:		308.92 time, 310.01 real, 4 MB, 2.14 load
[runlim] sample:		318.89 time, 320.01 real, 4 MB, 2.12 load
[runlim] sample:		328.86 time, 330.01 real, 4 MB, 2.10 load
[runlim] sample:		338.83 time, 340.01 real, 4 MB, 2.16 load
[runlim] sample:		348.80 time, 350.01 real, 4 MB, 2.14 load
[runlim] sample:		358.77 time, 360.01 real, 4 MB, 2.11 load
[runlim] sample:		368.74 time, 370.01 real, 4 MB, 2.18 load
[runlim] sample:		378.70 time, 380.01 real, 4 MB, 2.15 load
[runlim] sample:		388.67 time, 390.01 real, 4 MB, 2.13 load
[runlim] sample:		398.64 time, 400.01 real, 4 MB, 2.11 load
[runlim] sample:		408.61 time, 410.01 real, 4 MB, 2.09 load
[runlim] sample:		418.58 time, 420.01 real, 4 MB, 2.08 load
[runlim] sample:		428.54 time, 430.01 real, 4 MB, 2.14 load
[runlim] sample:		438.51 time, 440.01 real, 4 MB, 2.12 load
[runlim] sample:		448.48 time, 450.01 real, 4 MB, 2.10 load
[runlim] sample:		458.45 time, 460.01 real, 4 MB, 2.09 load
[runlim] sample:		468.41 time, 470.01 real, 4 MB, 2.07 load
[runlim] sample:		478.38 time, 480.01 real, 4 MB, 2.06 load
[runlim] sample:		488.34 time, 490.01 real, 4 MB, 2.13 load
[runlim] sample:		498.31 time, 500.01 real, 4 MB, 2.11 load
[runlim] sample:		508.27 time, 510.01 real, 4 MB, 2.09 load
[runlim] sample:		518.24 time, 520.01 real, 4 MB, 2.08 load
[runlim] sample:		528.21 time, 530.01 real, 4 MB, 2.07 load
[runlim] sample:		538.18 time, 540.01 real, 4 MB, 2.06 load
[runlim] sample:		548.15 time, 550.01 real, 4 MB, 2.05 load
[runlim] sample:		558.12 time, 560.01 real, 4 MB, 2.04 load
[runlim] sample:		568.08 time, 570.01 real, 4 MB, 2.03 load
[runlim] sample:		578.05 time, 580.01 real, 4 MB, 2.03 load
[runlim] sample:		588.02 time, 590.01 real, 4 MB, 2.02 load
[runlim] sample:		597.99 time, 600.01 real, 4 MB, 2.02 load
[runlim] sample:		607.95 time, 610.01 real, 4 MB, 2.02 load
[runlim] sample:		617.92 time, 620.01 real, 4 MB, 2.01 load
[runlim] sample:		627.89 time, 630.01 real, 4 MB, 2.01 load
[runlim] sample:		637.85 time, 640.01 real, 4 MB, 2.08 load
[runlim] sample:		647.83 time, 650.01 real, 4 MB, 2.07 load
[runlim] sample:		657.80 time, 660.01 real, 4 MB, 2.06 load
[runlim] sample:		667.77 time, 670.01 real, 4 MB, 2.05 load
[runlim] sample:		677.74 time, 680.01 real, 4 MB, 2.04 load
[runlim] sample:		687.70 time, 690.01 real, 4 MB, 2.03 load
[runlim] sample:		697.67 time, 700.01 real, 4 MB, 2.10 load
[runlim] sample:		707.64 time, 710.01 real, 4 MB, 2.09 load
[runlim] sample:		717.60 time, 720.01 real, 4 MB, 2.07 load
[runlim] sample:		727.57 time, 730.01 real, 4 MB, 2.06 load
[runlim] sample:		737.54 time, 740.01 real, 4 MB, 2.05 load
[runlim] sample:		747.51 time, 750.01 real, 4 MB, 2.04 load
[runlim] sample:		757.48 time, 760.01 real, 4 MB, 2.28 load
[runlim] sample:		767.44 time, 770.01 real, 4 MB, 2.23 load
[runlim] sample:		777.41 time, 780.01 real, 4 MB, 2.20 load
[runlim] sample:		787.38 time, 790.01 real, 4 MB, 2.17 load
[runlim] sample:		797.35 time, 800.01 real, 4 MB, 2.14 load
[runlim] sample:		807.32 time, 810.01 real, 4 MB, 2.12 load
[runlim] sample:		817.28 time, 820.01 real, 4 MB, 2.18 load
[runlim] sample:		827.25 time, 830.01 real, 4 MB, 2.23 load
[runlim] sample:		837.22 time, 840.01 real, 4 MB, 2.19 load
[runlim] sample:		847.19 time, 850.01 real, 4 MB, 2.16 load
[runlim] sample:		857.15 time, 860.01 real, 4 MB, 2.14 load
[runlim] sample:		867.12 time, 870.01 real, 4 MB, 2.11 load
[runlim] sample:		877.09 time, 880.01 real, 4 MB, 2.10 load
[runlim] sample:		887.06 time, 890.01 real, 4 MB, 2.08 load
[runlim] sample:		897.03 time, 900.01 real, 4 MB, 2.07 load
[runlim] sample:		906.99 time, 910.01 real, 4 MB, 2.06 load
[runlim] sample:		916.96 time, 920.01 real, 4 MB, 2.05 load
[runlim] sample:		926.93 time, 930.01 real, 4 MB, 2.04 load
[runlim] sample:		936.90 time, 940.01 real, 4 MB, 2.11 load
[runlim] sample:		946.87 time, 950.01 real, 4 MB, 2.10 load
[runlim] sample:		956.83 time, 960.01 real, 4 MB, 2.08 load
[runlim] sample:		966.80 time, 970.01 real, 4 MB, 2.07 load
[runlim] sample:		976.77 time, 980.01 real, 4 MB, 2.06 load
[runlim] sample:		986.74 time, 990.01 real, 4 MB, 2.05 load
[runlim] sample:		996.71 time, 1000.01 real, 4 MB, 2.04 load
[runlim] sample:		1006.68 time, 1010.01 real, 4 MB, 2.03 load
[runlim] sample:		1016.65 time, 1020.01 real, 4 MB, 2.03 load
[runlim] sample:		1026.62 time, 1030.01 real, 4 MB, 2.02 load
[runlim] sample:		1036.59 time, 1040.01 real, 4 MB, 2.02 load
[runlim] sample:		1046.56 time, 1050.01 real, 4 MB, 2.02 load
[runlim] sample:		1056.53 time, 1060.01 real, 4 MB, 2.01 load
[runlim] sample:		1066.50 time, 1070.01 real, 4 MB, 2.09 load
[runlim] sample:		1076.47 time, 1080.01 real, 4 MB, 2.08 load
[runlim] sample:		1086.44 time, 1090.01 real, 4 MB, 2.06 load
[runlim] sample:		1096.41 time, 1100.01 real, 4 MB, 2.05 load
[runlim] sample:		1106.38 time, 1110.01 real, 4 MB, 2.04 load
[runlim] sample:		1116.35 time, 1120.01 real, 4 MB, 2.04 load
[runlim] sample:		1126.32 time, 1130.01 real, 4 MB, 2.03 load
[runlim] sample:		1136.29 time, 1140.01 real, 4 MB, 2.03 load
[runlim] sample:		1146.26 time, 1150.01 real, 4 MB, 2.02 load
[runlim] sample:		1156.23 time, 1160.01 real, 4 MB, 2.02 load
[runlim] sample:		1166.20 time, 1170.01 real, 4 MB, 2.01 load
[runlim] sample:		1176.17 time, 1180.01 real, 4 MB, 2.01 load
[runlim] sample:		1186.14 time, 1190.01 real, 4 MB, 2.01 load
[runlim] sample:		1196.11 time, 1200.01 real, 4 MB, 2.01 load
[runlim] sample:		1206.08 time, 1210.01 real, 4 MB, 2.01 load
[runlim] sample:		1216.05 time, 1220.01 real, 4 MB, 2.00 load
[runlim] sample:		1226.02 time, 1230.01 real, 4 MB, 2.00 load
[runlim] sample:		1235.99 time, 1240.01 real, 4 MB, 2.32 load
[runlim] sample:		1245.96 time, 1250.01 real, 4 MB, 2.27 load
[runlim] sample:		1255.93 time, 1260.01 real, 4 MB, 2.23 load
[runlim] sample:		1265.90 time, 1270.01 real, 4 MB, 2.20 load
[runlim] sample:		1275.87 time, 1280.01 real, 4 MB, 2.16 load
[runlim] sample:		1285.84 time, 1290.01 real, 4 MB, 2.14 load
[runlim] sample:		1295.81 time, 1300.01 real, 4 MB, 2.12 load
[runlim] sample:		1305.78 time, 1310.01 real, 4 MB, 2.10 load
[runlim] sample:		1315.75 time, 1320.01 real, 4 MB, 2.00 load
[runlim] sample:		1325.71 time, 1330.01 real, 4 MB, 1.85 load
[runlim] sample:		1335.68 time, 1340.01 real, 4 MB, 1.72 load
[runlim] sample:		1345.65 time, 1350.01 real, 4 MB, 1.61 load
[runlim] sample:		1355.62 time, 1360.01 real, 4 MB, 1.51 load
[runlim] sample:		1365.59 time, 1370.01 real, 4 MB, 1.43 load
[runlim] sample:		1375.56 time, 1380.01 real, 4 MB, 1.44 load
[runlim] sample:		1385.52 time, 1390.01 real, 4 MB, 1.45 load
[runlim] sample:		1395.49 time, 1400.01 real, 4 MB, 1.38 load
[runlim] sample:		1405.46 time, 1410.01 real, 4 MB, 1.32 load
[runlim] sample:		1415.43 time, 1420.01 real, 4 MB, 1.27 load
[runlim] sample:		1425.39 time, 1430.01 real, 4 MB, 1.23 load
[runlim] sample:		1435.36 time, 1440.01 real, 4 MB, 1.19 load
[runlim] sample:		1445.33 time, 1450.01 real, 4 MB, 1.16 load
[runlim] sample:		1455.30 time, 1460.01 real, 4 MB, 1.14 load
[runlim] sample:		1465.27 time, 1470.01 real, 4 MB, 1.12 load
[runlim] sample:		1475.24 time, 1480.01 real, 4 MB, 1.10 load
[runlim] sample:		1485.21 time, 1490.01 real, 4 MB, 1.08 load
[runlim] sample:		1495.18 time, 1500.01 real, 4 MB, 1.07 load
[runlim] sample:		1505.14 time, 1510.01 real, 4 MB, 1.06 load
[runlim] sample:		1515.11 time, 1520.01 real, 4 MB, 1.05 load
[runlim] sample:		1525.08 time, 1530.01 real, 4 MB, 1.04 load
[runlim] sample:		1535.05 time, 1540.01 real, 4 MB, 1.03 load
[runlim] sample:		1545.02 time, 1550.01 real, 4 MB, 1.03 load
[runlim] sample:		1554.99 time, 1560.01 real, 4 MB, 1.02 load
[runlim] sample:		1564.96 time, 1570.01 real, 4 MB, 1.02 load
[runlim] sample:		1574.93 time, 1580.01 real, 4 MB, 1.02 load
[runlim] sample:		1584.89 time, 1590.01 real, 4 MB, 1.01 load
[runlim] sample:		1594.86 time, 1600.01 real, 4 MB, 1.01 load
[runlim] sample:		1604.83 time, 1610.01 real, 4 MB, 1.01 load
[runlim] sample:		1614.80 time, 1620.01 real, 4 MB, 1.01 load
[runlim] sample:		1624.77 time, 1630.01 real, 4 MB, 1.01 load
[runlim] sample:		1634.74 time, 1640.01 real, 4 MB, 1.00 load
[runlim] sample:		1644.71 time, 1650.01 real, 4 MB, 1.00 load
[runlim] sample:		1654.68 time, 1660.01 real, 4 MB, 1.00 load
[runlim] sample:		1664.65 time, 1670.01 real, 4 MB, 1.00 load
[runlim] sample:		1674.62 time, 1680.01 real, 4 MB, 1.07 load
[runlim] sample:		1684.59 time, 1690.01 real, 4 MB, 1.06 load
[runlim] sample:		1694.56 time, 1700.01 real, 4 MB, 1.05 load
[runlim] sample:		1704.53 time, 1710.01 real, 4 MB, 1.04 load
[runlim] sample:		1714.50 time, 1720.01 real, 4 MB, 1.04 load
[runlim] sample:		1724.46 time, 1730.01 real, 4 MB, 1.03 load
[runlim] sample:		1734.43 time, 1740.01 real, 4 MB, 1.10 load
[runlim] sample:		1744.40 time, 1750.01 real, 4 MB, 1.08 load
[runlim] sample:		1754.37 time, 1760.01 real, 4 MB, 1.07 load
[runlim] sample:		1764.34 time, 1770.01 real, 4 MB, 1.06 load
[runlim] sample:		1774.31 time, 1780.01 real, 4 MB, 1.05 load
[runlim] sample:		1784.28 time, 1790.01 real, 4 MB, 1.04 load
[runlim] sample:		1794.24 time, 1800.01 real, 4 MB, 1.04 load
[runlim] sample:		1804.21 time, 1810.01 real, 4 MB, 1.03 load
[runlim] sample:		1814.18 time, 1820.01 real, 4 MB, 1.02 load
[runlim] sample:		1824.15 time, 1830.01 real, 4 MB, 1.02 load
[runlim] sample:		1834.12 time, 1840.01 real, 4 MB, 1.02 load
[runlim] sample:		1844.09 time, 1850.01 real, 4 MB, 1.01 load
[runlim] sample:		1854.06 time, 1860.01 real, 4 MB, 1.01 load
[runlim] sample:		1864.03 time, 1870.01 real, 4 MB, 1.01 load
[runlim] sample:		1873.99 time, 1880.01 real, 4 MB, 1.01 load
[runlim] sample:		1883.97 time, 1890.01 real, 4 MB, 1.01 load
[runlim] sample:		1893.94 time, 1900.01 real, 4 MB, 1.00 load
[runlim] sample:		1903.90 time, 1910.01 real, 4 MB, 1.00 load
[runlim] sample:		1913.88 time, 1920.01 real, 4 MB, 1.00 load
[runlim] sample:		1923.84 time, 1930.01 real, 4 MB, 1.00 load
[runlim] sample:		1933.81 time, 1940.01 real, 4 MB, 1.00 load
[runlim] sample:		1943.78 time, 1950.01 real, 4 MB, 1.00 load
[runlim] sample:		1953.75 time, 1960.01 real, 4 MB, 1.00 load
[runlim] sample:		1963.73 time, 1970.01 real, 4 MB, 1.00 load
[runlim] sample:		1973.70 time, 1980.01 real, 4 MB, 1.00 load
[runlim] sample:		1983.66 time, 1990.01 real, 4 MB, 1.08 load
[runlim] sample:		1993.63 time, 2000.01 real, 4 MB, 1.07 load
[runlim] sample:		2003.60 time, 2010.01 real, 4 MB, 1.06 load
[runlim] sample:		2013.57 time, 2020.01 real, 4 MB, 1.05 load
[runlim] sample:		2023.54 time, 2030.01 real, 4 MB, 1.04 load
[runlim] sample:		2033.51 time, 2040.01 real, 4 MB, 1.03 load
[runlim] sample:		2043.48 time, 2050.01 real, 4 MB, 1.03 load
[runlim] sample:		2053.45 time, 2060.01 real, 4 MB, 1.02 load
[runlim] sample:		2063.42 time, 2070.01 real, 4 MB, 1.02 load
[runlim] sample:		2073.39 time, 2080.01 real, 4 MB, 1.02 load
[runlim] sample:		2083.36 time, 2090.01 real, 4 MB, 1.01 load
[runlim] sample:		2093.33 time, 2100.01 real, 4 MB, 1.01 load
[runlim] sample:		2103.30 time, 2110.01 real, 4 MB, 1.01 load
[runlim] sample:		2113.27 time, 2120.01 real, 4 MB, 1.01 load
[runlim] sample:		2123.24 time, 2130.01 real, 4 MB, 1.00 load
[runlim] sample:		2133.21 time, 2140.01 real, 4 MB, 1.00 load
[runlim] sample:		2143.18 time, 2150.01 real, 4 MB, 1.00 load
[runlim] sample:		2153.15 time, 2160.01 real, 4 MB, 1.00 load
[runlim] sample:		2163.12 time, 2170.01 real, 4 MB, 1.00 load
[runlim] sample:		2173.10 time, 2180.01 real, 4 MB, 1.00 load
[runlim] sample:		2183.06 time, 2190.01 real, 4 MB, 1.00 load
[runlim] sample:		2193.03 time, 2200.01 real, 4 MB, 1.00 load
[runlim] sample:		2203.00 time, 2210.01 real, 4 MB, 1.00 load
[runlim] sample:		2212.97 time, 2220.01 real, 4 MB, 1.00 load
[runlim] sample:		2222.95 time, 2230.01 real, 4 MB, 1.00 load
[runlim] sample:		2232.92 time, 2240.01 real, 4 MB, 1.00 load
[runlim] sample:		2242.89 time, 2250.01 real, 4 MB, 1.00 load
[runlim] sample:		2252.86 time, 2260.01 real, 4 MB, 1.00 load
[runlim] sample:		2262.82 time, 2270.01 real, 4 MB, 1.00 load
[runlim] sample:		2272.79 time, 2280.01 real, 4 MB, 1.00 load
[runlim] sample:		2282.76 time, 2290.01 real, 4 MB, 1.08 load
[runlim] sample:		2292.73 time, 2300.01 real, 4 MB, 1.07 load
[runlim] sample:		2302.70 time, 2310.01 real, 4 MB, 1.06 load
[runlim] sample:		2312.67 time, 2320.01 real, 4 MB, 1.05 load
[runlim] sample:		2322.63 time, 2330.01 real, 4 MB, 1.04 load
[runlim] sample:		2332.60 time, 2340.01 real, 4 MB, 1.03 load
[runlim] sample:		2342.58 time, 2350.01 real, 4 MB, 1.03 load
[runlim] sample:		2352.54 time, 2360.01 real, 4 MB, 1.02 load
[runlim] sample:		2362.52 time, 2370.01 real, 4 MB, 1.02 load
[runlim] sample:		2372.49 time, 2380.01 real, 4 MB, 1.02 load
[runlim] sample:		2382.45 time, 2390.01 real, 4 MB, 1.01 load
[runlim] sample:		2392.42 time, 2400.01 real, 4 MB, 1.01 load
[runlim] sample:		2402.39 time, 2410.01 real, 4 MB, 1.01 load
[runlim] sample:		2412.36 time, 2420.01 real, 4 MB, 1.01 load
[runlim] sample:		2422.33 time, 2430.01 real, 4 MB, 1.00 load
[runlim] sample:		2432.30 time, 2440.01 real, 4 MB, 1.00 load
[runlim] sample:		2442.27 time, 2450.01 real, 4 MB, 1.00 load
[runlim] sample:		2452.24 time, 2460.01 real, 4 MB, 1.08 load
[runlim] sample:		2462.21 time, 2470.01 real, 4 MB, 1.06 load
[runlim] sample:		2472.18 time, 2480.01 real, 4 MB, 1.05 load
[runlim] sample:		2482.15 time, 2490.01 real, 4 MB, 1.04 load
[runlim] sample:		2492.12 time, 2500.01 real, 4 MB, 1.04 load
[runlim] sample:		2502.09 time, 2510.01 real, 4 MB, 1.03 load
[runlim] sample:		2512.06 time, 2520.01 real, 4 MB, 1.03 load
[runlim] sample:		2522.03 time, 2530.01 real, 4 MB, 1.02 load
[runlim] sample:		2532.00 time, 2540.01 real, 4 MB, 1.02 load
[runlim] sample:		2541.97 time, 2550.01 real, 4 MB, 1.01 load
[runlim] sample:		2551.94 time, 2560.01 real, 4 MB, 1.01 load
[runlim] sample:		2561.91 time, 2570.01 real, 4 MB, 1.01 load
[runlim] sample:		2571.88 time, 2580.01 real, 4 MB, 1.01 load
[runlim] sample:		2581.85 time, 2590.01 real, 4 MB, 1.01 load
[runlim] sample:		2591.82 time, 2600.01 real, 4 MB, 1.00 load
[runlim] sample:		2601.79 time, 2610.01 real, 4 MB, 1.00 load
[runlim] sample:		2611.76 time, 2620.01 real, 4 MB, 1.00 load
[runlim] sample:		2621.73 time, 2630.01 real, 4 MB, 1.00 load
[runlim] sample:		2631.70 time, 2640.01 real, 4 MB, 1.00 load
[runlim] sample:		2641.67 time, 2650.01 real, 4 MB, 1.00 load
[runlim] sample:		2651.64 time, 2660.01 real, 4 MB, 1.00 load
[runlim] sample:		2661.61 time, 2670.01 real, 4 MB, 1.00 load
[runlim] sample:		2671.58 time, 2680.01 real, 4 MB, 1.00 load
[runlim] sample:		2681.55 time, 2690.01 real, 4 MB, 1.00 load
[runlim] sample:		2691.52 time, 2700.01 real, 4 MB, 1.00 load
[runlim] sample:		2701.49 time, 2710.01 real, 4 MB, 1.00 load
[runlim] sample:		2711.46 time, 2720.01 real, 4 MB, 1.08 load
[runlim] sample:		2721.43 time, 2730.01 real, 4 MB, 1.07 load
[runlim] sample:		2731.40 time, 2740.01 real, 4 MB, 1.22 load
[runlim] sample:		2741.37 time, 2750.01 real, 4 MB, 1.18 load
[runlim] sample:		2751.34 time, 2760.01 real, 4 MB, 1.15 load
[runlim] sample:		2761.31 time, 2770.01 real, 4 MB, 1.13 load
[runlim] sample:		2771.28 time, 2780.01 real, 4 MB, 1.19 load
[runlim] sample:		2781.25 time, 2790.01 real, 4 MB, 1.16 load
[runlim] sample:		2791.22 time, 2800.01 real, 4 MB, 1.13 load
[runlim] sample:		2801.19 time, 2810.01 real, 4 MB, 1.11 load
[runlim] sample:		2811.16 time, 2820.01 real, 4 MB, 1.10 load
[runlim] sample:		2821.13 time, 2830.01 real, 4 MB, 1.08 load
[runlim] sample:		2831.10 time, 2840.01 real, 4 MB, 1.15 load
[runlim] sample:		2841.07 time, 2850.01 real, 4 MB, 1.12 load
[runlim] sample:		2851.04 time, 2860.01 real, 4 MB, 1.10 load
[runlim] sample:		2861.01 time, 2870.01 real, 4 MB, 1.09 load
[runlim] sample:		2870.98 time, 2880.01 real, 4 MB, 1.07 load
[runlim] sample:		2880.95 time, 2890.01 real, 4 MB, 1.06 load
[runlim] sample:		2890.91 time, 2900.01 real, 4 MB, 1.05 load
[runlim] sample:		2900.88 time, 2910.01 real, 4 MB, 1.04 load
[runlim] sample:		2910.85 time, 2920.01 real, 4 MB, 1.04 load
[runlim] sample:		2920.82 time, 2930.01 real, 4 MB, 1.03 load
[runlim] sample:		2930.79 time, 2940.01 real, 4 MB, 1.02 load
[runlim] sample:		2940.76 time, 2950.01 real, 4 MB, 1.02 load
[runlim] sample:		2950.73 time, 2960.01 real, 4 MB, 1.02 load
[runlim] sample:		2960.69 time, 2970.01 real, 4 MB, 1.01 load
[runlim] sample:		2970.66 time, 2980.01 real, 4 MB, 1.01 load
[runlim] sample:		2980.63 time, 2990.01 real, 4 MB, 1.01 load
[runlim] sample:		2990.60 time, 3000.01 real, 4 MB, 1.01 load
[runlim] sample:		3000.57 time, 3010.01 real, 4 MB, 1.01 load
[runlim] sample:		3010.54 time, 3020.01 real, 4 MB, 1.00 load
[runlim] sample:		3020.51 time, 3030.01 real, 4 MB, 1.16 load
[runlim] sample:		3030.48 time, 3040.01 real, 4 MB, 1.13 load
[runlim] sample:		3040.45 time, 3050.01 real, 4 MB, 1.11 load
[runlim] sample:		3050.42 time, 3060.01 real, 4 MB, 1.10 load
[runlim] sample:		3060.39 time, 3070.01 real, 4 MB, 1.08 load
[runlim] sample:		3070.36 time, 3080.01 real, 4 MB, 1.07 load
[runlim] sample:		3080.33 time, 3090.01 real, 4 MB, 1.14 load
[runlim] sample:		3090.30 time, 3100.01 real, 4 MB, 1.20 load
[runlim] sample:		3100.27 time, 3110.01 real, 4 MB, 1.16 load
[runlim] sample:		3110.24 time, 3120.01 real, 4 MB, 1.14 load
[runlim] sample:		3120.22 time, 3130.01 real, 4 MB, 1.12 load
[runlim] sample:		3130.19 time, 3140.01 real, 4 MB, 1.10 load
[runlim] sample:		3140.15 time, 3150.01 real, 4 MB, 1.16 load
[runlim] sample:		3150.12 time, 3160.01 real, 4 MB, 1.14 load
[runlim] sample:		3160.09 time, 3170.01 real, 4 MB, 1.12 load
[runlim] sample:		3170.06 time, 3180.01 real, 4 MB, 1.10 load
[runlim] sample:		3180.03 time, 3190.01 real, 4 MB, 1.08 load
[runlim] sample:		3190.00 time, 3200.01 real, 4 MB, 1.07 load
[runlim] sample:		3199.96 time, 3210.01 real, 4 MB, 1.06 load
[runlim] sample:		3209.93 time, 3220.01 real, 4 MB, 1.05 load
[runlim] sample:		3219.90 time, 3230.01 real, 4 MB, 1.04 load
[runlim] sample:		3229.87 time, 3240.01 real, 4 MB, 1.03 load
[runlim] sample:		3239.84 time, 3250.01 real, 4 MB, 1.03 load
[runlim] sample:		3249.81 time, 3260.01 real, 4 MB, 1.02 load
[runlim] sample:		3259.78 time, 3270.01 real, 4 MB, 1.02 load
[runlim] sample:		3269.74 time, 3280.01 real, 4 MB, 1.10 load
[runlim] sample:		3279.71 time, 3290.01 real, 4 MB, 1.08 load
[runlim] sample:		3289.68 time, 3300.01 real, 4 MB, 1.07 load
[runlim] sample:		3299.65 time, 3310.01 real, 4 MB, 1.06 load
[runlim] sample:		3309.62 time, 3320.01 real, 4 MB, 1.05 load
[runlim] sample:		3319.59 time, 3330.01 real, 4 MB, 1.04 load
[runlim] sample:		3329.56 time, 3340.01 real, 4 MB, 1.03 load
[runlim] sample:		3339.53 time, 3350.01 real, 4 MB, 1.03 load
[runlim] sample:		3349.50 time, 3360.01 real, 4 MB, 1.02 load
[runlim] sample:		3359.47 time, 3370.01 real, 4 MB, 1.10 load
[runlim] sample:		3369.43 time, 3380.01 real, 4 MB, 1.08 load
[runlim] sample:		3379.40 time, 3390.01 real, 4 MB, 1.07 load
[runlim] sample:		3389.37 time, 3400.01 real, 4 MB, 1.06 load
[runlim] sample:		3399.34 time, 3410.01 real, 4 MB, 1.05 load
[runlim] sample:		3409.31 time, 3420.01 real, 4 MB, 1.04 load
[runlim] sample:		3419.28 time, 3430.01 real, 4 MB, 1.04 load
[runlim] sample:		3429.25 time, 3440.01 real, 4 MB, 1.03 load
[runlim] sample:		3439.22 time, 3450.01 real, 4 MB, 1.02 load
[runlim] sample:		3449.19 time, 3460.01 real, 4 MB, 1.02 load
[runlim] sample:		3459.16 time, 3470.01 real, 4 MB, 1.02 load
[runlim] sample:		3469.12 time, 3480.01 real, 4 MB, 1.09 load
[runlim] sample:		3479.09 time, 3490.01 real, 4 MB, 1.07 load
[runlim] sample:		3489.06 time, 3500.01 real, 4 MB, 1.06 load
[runlim] sample:		3499.03 time, 3510.01 real, 4 MB, 1.05 load
[runlim] sample:		3509.00 time, 3520.01 real, 4 MB, 1.04 load
[runlim] sample:		3518.97 time, 3530.01 real, 4 MB, 1.11 load
[runlim] sample:		3528.93 time, 3540.01 real, 4 MB, 1.17 load
[runlim] sample:		3538.90 time, 3550.01 real, 4 MB, 1.14 load
[runlim] sample:		3548.87 time, 3560.01 real, 4 MB, 1.12 load
[runlim] sample:		3558.84 time, 3570.01 real, 4 MB, 1.10 load
[runlim] sample:		3568.81 time, 3580.01 real, 4 MB, 1.08 load
[runlim] sample:		3578.78 time, 3590.01 real, 4 MB, 1.07 load
[runlim] sample:		3588.75 time, 3600.01 real, 4 MB, 1.13 load
[runlim] sample:		3598.72 time, 3610.01 real, 4 MB, 1.11 load
[runlim] sample:		3608.69 time, 3620.01 real, 4 MB, 1.10 load
[runlim] sample:		3618.66 time, 3630.01 real, 4 MB, 1.08 load
[runlim] sample:		3628.62 time, 3640.01 real, 4 MB, 1.07 load
[runlim] sample:		3638.59 time, 3650.01 real, 4 MB, 1.06 load
[runlim] sample:		3648.56 time, 3660.01 real, 4 MB, 1.05 load
[runlim] sample:		3658.53 time, 3670.01 real, 4 MB, 1.04 load
[runlim] sample:		3668.50 time, 3680.01 real, 4 MB, 1.03 load
[runlim] sample:		3678.47 time, 3690.01 real, 4 MB, 1.03 load
[runlim] sample:		3688.44 time, 3700.01 real, 4 MB, 1.02 load
[runlim] sample:		3698.41 time, 3710.01 real, 4 MB, 1.10 load
[runlim] sample:		3708.38 time, 3720.01 real, 4 MB, 1.08 load
[runlim] sample:		3718.34 time, 3730.01 real, 4 MB, 1.07 load
[runlim] sample:		3728.31 time, 3740.01 real, 4 MB, 1.06 load
[runlim] sample:		3738.28 time, 3750.01 real, 4 MB, 1.05 load
[runlim] sample:		3748.25 time, 3760.01 real, 4 MB, 1.04 load
[runlim] sample:		3758.22 time, 3770.01 real, 4 MB, 1.03 load
[runlim] sample:		3768.19 time, 3780.01 real, 4 MB, 1.03 load
[runlim] sample:		3778.16 time, 3790.01 real, 4 MB, 1.02 load
[runlim] sample:		3788.13 time, 3800.01 real, 4 MB, 1.02 load
[runlim] sample:		3798.10 time, 3810.01 real, 4 MB, 1.02 load
[runlim] sample:		3808.06 time, 3820.01 real, 4 MB, 1.01 load
[runlim] sample:		3818.03 time, 3830.01 real, 4 MB, 1.01 load
[runlim] sample:		3828.00 time, 3840.01 real, 4 MB, 1.01 load
[runlim] sample:		3837.97 time, 3850.01 real, 4 MB, 1.01 load
[runlim] sample:		3847.94 time, 3860.01 real, 4 MB, 1.01 load
[runlim] sample:		3857.91 time, 3870.01 real, 4 MB, 1.00 load
[runlim] sample:		3867.87 time, 3880.01 real, 4 MB, 1.08 load
[runlim] sample:		3877.84 time, 3890.01 real, 4 MB, 1.07 load
[runlim] sample:		3887.81 time, 3900.01 real, 4 MB, 1.06 load
[runlim] sample:		3897.78 time, 3910.01 real, 4 MB, 1.05 load
[runlim] sample:		3907.75 time, 3920.01 real, 4 MB, 1.04 load
[runlim] sample:		3917.72 time, 3930.01 real, 4 MB, 1.03 load
[runlim] sample:		3927.68 time, 3940.01 real, 4 MB, 1.03 load
[runlim] sample:		3937.65 time, 3950.01 real, 4 MB, 1.02 load
[runlim] sample:		3947.62 time, 3960.01 real, 4 MB, 1.02 load
[runlim] sample:		3957.59 time, 3970.01 real, 4 MB, 1.02 load
[runlim] sample:		3967.56 time, 3980.01 real, 4 MB, 1.01 load
[runlim] sample:		3977.53 time, 3990.01 real, 4 MB, 1.01 load
[runlim] end:			Mon Mar 16 17:44:01 2026
[runlim] status:		ok
[runlim] result:		0
[runlim] children:		1
[runlim] processes:		2
[runlim] real:			3996.75 seconds
[runlim] time:			3984.21 seconds
[runlim] space:			4 MB
[runlim] load:			4.66 maximum
[runlim] samples:		39967
