[runlim] version:		2.0.0rc1
[runlim] host:			m04n11
[runlim] time limit:		311040000 seconds
[runlim] real time limit:	5000 seconds
[runlim] space limit:		7000 MB
[runlim] argv[0]:		./binary
[runlim] argv[1]:		-c
[runlim] argv[2]:		-f
[runlim] argv[3]:		-r
[runlim] argv[4]:		/tmp/local-unzipped-12181330-3-152-BMS_k3_n100_m429_313.cnf
[runlim] start:			Mon Mar 16 16:37:07 2026
[runlim] child:			2866838
[runlim] sample:		9.97 time, 10.01 real, 3 MB, 3.75 load
[runlim] sample:		19.93 time, 20.01 real, 4 MB, 3.72 load
[runlim] sample:		29.89 time, 30.01 real, 4 MB, 4.08 load
[runlim] sample:		39.85 time, 40.01 real, 4 MB, 4.76 load
[runlim] sample:		49.81 time, 50.01 real, 4 MB, 5.34 load
[runlim] sample:		59.77 time, 60.01 real, 4 MB, 5.75 load
[runlim] sample:		69.73 time, 70.01 real, 4 MB, 6.09 load
[runlim] sample:		79.69 time, 80.01 real, 4 MB, 6.39 load
[runlim] sample:		89.66 time, 90.01 real, 4 MB, 6.48 load
[runlim] sample:		99.62 time, 100.01 real, 4 MB, 6.48 load
[runlim] sample:		109.59 time, 110.01 real, 4 MB, 6.40 load
[runlim] sample:		119.56 time, 120.01 real, 4 MB, 6.18 load
[runlim] sample:		129.53 time, 130.01 real, 4 MB, 6.00 load
[runlim] sample:		139.49 time, 140.01 real, 4 MB, 5.85 load
[runlim] sample:		149.46 time, 150.01 real, 4 MB, 5.72 load
[runlim] sample:		159.43 time, 160.01 real, 4 MB, 5.61 load
[runlim] sample:		169.39 time, 170.01 real, 4 MB, 5.51 load
[runlim] sample:		179.35 time, 180.01 real, 4 MB, 5.43 load
[runlim] sample:		189.31 time, 190.01 real, 4 MB, 5.44 load
[runlim] sample:		199.26 time, 200.01 real, 4 MB, 5.29 load
[runlim] sample:		209.23 time, 210.01 real, 4 MB, 5.09 load
[runlim] sample:		219.19 time, 220.01 real, 4 MB, 4.92 load
[runlim] sample:		229.15 time, 230.01 real, 4 MB, 4.86 load
[runlim] sample:		239.11 time, 240.01 real, 4 MB, 4.73 load
[runlim] sample:		249.07 time, 250.01 real, 4 MB, 4.69 load
[runlim] sample:		259.04 time, 260.01 real, 4 MB, 4.58 load
[runlim] sample:		269.00 time, 270.01 real, 4 MB, 4.49 load
[runlim] sample:		278.96 time, 280.01 real, 4 MB, 4.42 load
[runlim] sample:		288.92 time, 290.01 real, 4 MB, 4.35 load
[runlim] sample:		298.88 time, 300.01 real, 4 MB, 4.30 load
[runlim] sample:		308.85 time, 310.01 real, 4 MB, 4.33 load
[runlim] sample:		318.81 time, 320.01 real, 4 MB, 4.27 load
[runlim] sample:		328.77 time, 330.01 real, 4 MB, 4.23 load
[runlim] sample:		338.73 time, 340.01 real, 4 MB, 4.20 load
[runlim] sample:		348.70 time, 350.01 real, 4 MB, 4.16 load
[runlim] sample:		358.66 time, 360.01 real, 4 MB, 4.06 load
[runlim] sample:		368.62 time, 370.01 real, 4 MB, 3.90 load
[runlim] sample:		378.59 time, 380.01 real, 4 MB, 3.76 load
[runlim] sample:		388.55 time, 390.01 real, 4 MB, 3.71 load
[runlim] sample:		398.52 time, 400.01 real, 4 MB, 3.60 load
[runlim] sample:		408.48 time, 410.01 real, 4 MB, 3.51 load
[runlim] sample:		418.45 time, 420.01 real, 4 MB, 3.43 load
[runlim] sample:		428.42 time, 430.01 real, 4 MB, 3.36 load
[runlim] sample:		438.38 time, 440.01 real, 4 MB, 3.31 load
[runlim] sample:		448.35 time, 450.01 real, 4 MB, 3.33 load
[runlim] sample:		458.31 time, 460.01 real, 4 MB, 3.28 load
[runlim] sample:		468.28 time, 470.01 real, 4 MB, 3.24 load
[runlim] sample:		478.24 time, 480.01 real, 4 MB, 3.20 load
[runlim] sample:		488.20 time, 490.01 real, 4 MB, 3.17 load
[runlim] sample:		498.17 time, 500.01 real, 4 MB, 3.15 load
[runlim] sample:		508.14 time, 510.01 real, 4 MB, 3.05 load
[runlim] sample:		518.10 time, 520.01 real, 4 MB, 2.89 load
[runlim] sample:		528.07 time, 530.01 real, 4 MB, 2.75 load
[runlim] sample:		538.04 time, 540.01 real, 4 MB, 2.63 load
[runlim] sample:		548.01 time, 550.01 real, 4 MB, 2.54 load
[runlim] sample:		557.98 time, 560.01 real, 4 MB, 2.45 load
[runlim] sample:		567.95 time, 570.01 real, 4 MB, 2.38 load
[runlim] sample:		577.92 time, 580.01 real, 4 MB, 2.32 load
[runlim] sample:		587.88 time, 590.01 real, 4 MB, 2.27 load
[runlim] sample:		597.85 time, 600.01 real, 4 MB, 2.23 load
[runlim] sample:		607.82 time, 610.01 real, 4 MB, 2.20 load
[runlim] sample:		617.79 time, 620.01 real, 4 MB, 2.16 load
[runlim] sample:		627.76 time, 630.01 real, 4 MB, 2.14 load
[runlim] sample:		637.73 time, 640.01 real, 4 MB, 2.12 load
[runlim] sample:		647.70 time, 650.01 real, 4 MB, 2.10 load
[runlim] sample:		657.67 time, 660.01 real, 4 MB, 2.08 load
[runlim] sample:		667.63 time, 670.01 real, 4 MB, 2.07 load
[runlim] sample:		677.60 time, 680.01 real, 4 MB, 2.06 load
[runlim] sample:		687.57 time, 690.01 real, 4 MB, 2.05 load
[runlim] sample:		697.54 time, 700.01 real, 4 MB, 2.04 load
[runlim] sample:		707.51 time, 710.01 real, 4 MB, 2.03 load
[runlim] sample:		717.48 time, 720.01 real, 4 MB, 2.03 load
[runlim] sample:		727.45 time, 730.01 real, 4 MB, 2.02 load
[runlim] sample:		737.41 time, 740.01 real, 4 MB, 2.02 load
[runlim] sample:		747.38 time, 750.01 real, 4 MB, 2.02 load
[runlim] sample:		757.35 time, 760.01 real, 4 MB, 2.01 load
[runlim] sample:		767.32 time, 770.01 real, 4 MB, 2.01 load
[runlim] sample:		777.29 time, 780.01 real, 4 MB, 2.01 load
[runlim] sample:		787.26 time, 790.01 real, 4 MB, 2.01 load
[runlim] sample:		797.23 time, 800.01 real, 4 MB, 2.01 load
[runlim] sample:		807.19 time, 810.01 real, 4 MB, 2.00 load
[runlim] sample:		817.16 time, 820.01 real, 4 MB, 2.00 load
[runlim] sample:		827.13 time, 830.01 real, 4 MB, 2.00 load
[runlim] sample:		837.10 time, 840.01 real, 4 MB, 2.00 load
[runlim] sample:		847.07 time, 850.01 real, 4 MB, 2.00 load
[runlim] sample:		857.03 time, 860.01 real, 4 MB, 2.00 load
[runlim] sample:		867.00 time, 870.01 real, 4 MB, 2.00 load
[runlim] sample:		876.97 time, 880.01 real, 4 MB, 2.00 load
[runlim] sample:		886.94 time, 890.01 real, 4 MB, 2.00 load
[runlim] sample:		896.91 time, 900.01 real, 4 MB, 2.00 load
[runlim] sample:		906.88 time, 910.01 real, 4 MB, 2.00 load
[runlim] sample:		916.85 time, 920.01 real, 4 MB, 2.00 load
[runlim] sample:		926.82 time, 930.01 real, 4 MB, 2.00 load
[runlim] sample:		936.78 time, 940.01 real, 4 MB, 2.00 load
[runlim] sample:		946.75 time, 950.01 real, 4 MB, 2.00 load
[runlim] sample:		956.72 time, 960.01 real, 4 MB, 2.07 load
[runlim] sample:		966.69 time, 970.01 real, 4 MB, 2.14 load
[runlim] sample:		976.66 time, 980.01 real, 4 MB, 2.12 load
[runlim] sample:		986.63 time, 990.01 real, 4 MB, 2.10 load
[runlim] sample:		996.60 time, 1000.01 real, 4 MB, 2.08 load
[runlim] sample:		1006.57 time, 1010.01 real, 4 MB, 2.07 load
[runlim] sample:		1016.53 time, 1020.01 real, 4 MB, 2.06 load
[runlim] sample:		1026.50 time, 1030.01 real, 4 MB, 2.05 load
[runlim] sample:		1036.47 time, 1040.01 real, 4 MB, 2.04 load
[runlim] sample:		1046.44 time, 1050.01 real, 4 MB, 2.04 load
[runlim] sample:		1056.41 time, 1060.01 real, 4 MB, 2.03 load
[runlim] sample:		1066.38 time, 1070.01 real, 4 MB, 2.02 load
[runlim] sample:		1076.35 time, 1080.01 real, 4 MB, 2.02 load
[runlim] sample:		1086.31 time, 1090.01 real, 4 MB, 2.09 load
[runlim] sample:		1096.28 time, 1100.01 real, 4 MB, 2.08 load
[runlim] sample:		1106.25 time, 1110.01 real, 4 MB, 2.06 load
[runlim] sample:		1116.22 time, 1120.01 real, 4 MB, 2.05 load
[runlim] sample:		1126.19 time, 1130.01 real, 4 MB, 2.04 load
[runlim] sample:		1136.16 time, 1140.01 real, 4 MB, 2.04 load
[runlim] sample:		1146.12 time, 1150.01 real, 4 MB, 2.03 load
[runlim] sample:		1156.09 time, 1160.01 real, 4 MB, 2.03 load
[runlim] sample:		1166.06 time, 1170.01 real, 4 MB, 2.02 load
[runlim] sample:		1176.03 time, 1180.01 real, 4 MB, 2.02 load
[runlim] sample:		1186.00 time, 1190.01 real, 4 MB, 2.01 load
[runlim] sample:		1195.97 time, 1200.01 real, 4 MB, 2.01 load
[runlim] sample:		1205.94 time, 1210.01 real, 4 MB, 2.01 load
[runlim] sample:		1215.90 time, 1220.01 real, 4 MB, 2.01 load
[runlim] sample:		1225.87 time, 1230.01 real, 4 MB, 2.01 load
[runlim] sample:		1235.84 time, 1240.01 real, 4 MB, 2.00 load
[runlim] sample:		1245.81 time, 1250.01 real, 4 MB, 2.00 load
[runlim] sample:		1255.78 time, 1260.01 real, 4 MB, 2.00 load
[runlim] sample:		1265.75 time, 1270.01 real, 4 MB, 2.00 load
[runlim] sample:		1275.72 time, 1280.01 real, 4 MB, 2.00 load
[runlim] sample:		1285.69 time, 1290.01 real, 4 MB, 2.07 load
[runlim] sample:		1295.66 time, 1300.01 real, 4 MB, 2.06 load
[runlim] sample:		1305.62 time, 1310.01 real, 4 MB, 2.05 load
[runlim] sample:		1315.59 time, 1320.01 real, 4 MB, 2.04 load
[runlim] sample:		1325.56 time, 1330.01 real, 4 MB, 2.04 load
[runlim] sample:		1335.53 time, 1340.01 real, 4 MB, 2.03 load
[runlim] sample:		1345.50 time, 1350.01 real, 4 MB, 2.10 load
[runlim] sample:		1355.47 time, 1360.01 real, 4 MB, 2.08 load
[runlim] sample:		1365.43 time, 1370.01 real, 4 MB, 2.07 load
[runlim] sample:		1375.40 time, 1380.01 real, 4 MB, 2.06 load
[runlim] sample:		1385.37 time, 1390.01 real, 4 MB, 2.05 load
[runlim] sample:		1395.34 time, 1400.01 real, 4 MB, 2.04 load
[runlim] sample:		1405.30 time, 1410.01 real, 4 MB, 2.11 load
[runlim] sample:		1415.27 time, 1420.01 real, 4 MB, 2.09 load
[runlim] sample:		1425.24 time, 1430.01 real, 4 MB, 2.08 load
[runlim] sample:		1435.21 time, 1440.01 real, 4 MB, 2.14 load
[runlim] sample:		1445.18 time, 1450.01 real, 4 MB, 2.12 load
[runlim] sample:		1455.15 time, 1460.01 real, 4 MB, 2.18 load
[runlim] sample:		1465.11 time, 1470.01 real, 4 MB, 2.31 load
[runlim] sample:		1475.08 time, 1480.01 real, 4 MB, 2.26 load
[runlim] sample:		1485.05 time, 1490.01 real, 4 MB, 2.22 load
[runlim] sample:		1495.02 time, 1500.01 real, 4 MB, 2.26 load
[runlim] sample:		1504.99 time, 1510.01 real, 4 MB, 2.22 load
[runlim] sample:		1514.96 time, 1520.01 real, 4 MB, 2.19 load
[runlim] sample:		1524.93 time, 1530.01 real, 4 MB, 2.16 load
[runlim] sample:		1534.89 time, 1540.01 real, 4 MB, 2.13 load
[runlim] sample:		1544.86 time, 1550.01 real, 4 MB, 2.11 load
[runlim] sample:		1554.83 time, 1560.01 real, 4 MB, 2.09 load
[runlim] sample:		1564.80 time, 1570.01 real, 4 MB, 2.08 load
[runlim] sample:		1574.77 time, 1580.01 real, 4 MB, 2.07 load
[runlim] sample:		1584.74 time, 1590.01 real, 4 MB, 2.06 load
[runlim] sample:		1594.71 time, 1600.01 real, 4 MB, 2.05 load
[runlim] sample:		1604.67 time, 1610.01 real, 4 MB, 2.11 load
[runlim] sample:		1614.64 time, 1620.01 real, 4 MB, 2.10 load
[runlim] sample:		1624.61 time, 1630.01 real, 4 MB, 2.08 load
[runlim] sample:		1634.58 time, 1640.01 real, 4 MB, 2.07 load
[runlim] sample:		1644.55 time, 1650.01 real, 4 MB, 2.06 load
[runlim] sample:		1654.52 time, 1660.01 real, 4 MB, 2.12 load
[runlim] sample:		1664.49 time, 1670.01 real, 4 MB, 2.10 load
[runlim] sample:		1674.45 time, 1680.01 real, 4 MB, 2.09 load
[runlim] sample:		1684.42 time, 1690.01 real, 4 MB, 2.00 load
[runlim] sample:		1694.39 time, 1700.01 real, 4 MB, 1.85 load
[runlim] sample:		1704.36 time, 1710.01 real, 4 MB, 1.71 load
[runlim] sample:		1714.32 time, 1720.01 real, 4 MB, 1.60 load
[runlim] sample:		1724.29 time, 1730.01 real, 4 MB, 1.51 load
[runlim] sample:		1734.26 time, 1740.01 real, 4 MB, 1.43 load
[runlim] sample:		1744.22 time, 1750.01 real, 4 MB, 1.45 load
[runlim] sample:		1754.19 time, 1760.01 real, 4 MB, 1.38 load
[runlim] sample:		1764.16 time, 1770.01 real, 4 MB, 1.32 load
[runlim] sample:		1774.13 time, 1780.01 real, 4 MB, 1.27 load
[runlim] sample:		1784.09 time, 1790.01 real, 4 MB, 1.23 load
[runlim] sample:		1794.06 time, 1800.01 real, 4 MB, 1.19 load
[runlim] sample:		1804.03 time, 1810.01 real, 4 MB, 1.24 load
[runlim] sample:		1813.99 time, 1820.01 real, 4 MB, 1.20 load
[runlim] sample:		1823.96 time, 1830.01 real, 4 MB, 1.17 load
[runlim] sample:		1833.93 time, 1840.01 real, 4 MB, 1.15 load
[runlim] sample:		1843.90 time, 1850.01 real, 4 MB, 1.12 load
[runlim] sample:		1853.87 time, 1860.01 real, 4 MB, 1.10 load
[runlim] sample:		1863.83 time, 1870.01 real, 4 MB, 1.09 load
[runlim] sample:		1873.80 time, 1880.01 real, 4 MB, 1.15 load
[runlim] sample:		1883.77 time, 1890.01 real, 4 MB, 1.20 load
[runlim] sample:		1893.73 time, 1900.01 real, 4 MB, 1.25 load
[runlim] sample:		1903.70 time, 1910.01 real, 4 MB, 1.21 load
[runlim] sample:		1913.67 time, 1920.01 real, 4 MB, 1.18 load
[runlim] sample:		1923.64 time, 1930.01 real, 4 MB, 1.15 load
[runlim] sample:		1933.61 time, 1940.01 real, 4 MB, 1.13 load
[runlim] sample:		1943.57 time, 1950.01 real, 4 MB, 1.18 load
[runlim] sample:		1953.54 time, 1960.01 real, 4 MB, 1.15 load
[runlim] sample:		1963.51 time, 1970.01 real, 4 MB, 1.13 load
[runlim] sample:		1973.47 time, 1980.01 real, 4 MB, 1.11 load
[runlim] sample:		1983.44 time, 1990.01 real, 4 MB, 1.09 load
[runlim] sample:		1993.41 time, 2000.01 real, 4 MB, 1.08 load
[runlim] sample:		2003.37 time, 2010.01 real, 4 MB, 1.14 load
[runlim] sample:		2013.34 time, 2020.01 real, 4 MB, 1.12 load
[runlim] sample:		2023.31 time, 2030.01 real, 4 MB, 1.10 load
[runlim] sample:		2033.27 time, 2040.01 real, 4 MB, 1.08 load
[runlim] sample:		2043.24 time, 2050.01 real, 4 MB, 1.07 load
[runlim] sample:		2053.21 time, 2060.01 real, 4 MB, 1.06 load
[runlim] sample:		2063.18 time, 2070.01 real, 4 MB, 1.05 load
[runlim] sample:		2073.15 time, 2080.01 real, 4 MB, 1.04 load
[runlim] sample:		2083.11 time, 2090.01 real, 4 MB, 1.11 load
[runlim] sample:		2093.08 time, 2100.01 real, 4 MB, 1.09 load
[runlim] sample:		2103.05 time, 2110.01 real, 4 MB, 1.08 load
[runlim] sample:		2113.02 time, 2120.01 real, 4 MB, 1.06 load
[runlim] sample:		2122.98 time, 2130.01 real, 4 MB, 1.05 load
[runlim] sample:		2132.95 time, 2140.01 real, 4 MB, 1.05 load
[runlim] sample:		2142.92 time, 2150.01 real, 4 MB, 1.11 load
[runlim] sample:		2152.88 time, 2160.01 real, 4 MB, 1.09 load
[runlim] sample:		2162.85 time, 2170.01 real, 4 MB, 1.08 load
[runlim] sample:		2172.82 time, 2180.01 real, 4 MB, 1.07 load
[runlim] sample:		2182.79 time, 2190.01 real, 4 MB, 1.06 load
[runlim] sample:		2192.76 time, 2200.01 real, 4 MB, 1.05 load
[runlim] sample:		2202.72 time, 2210.01 real, 4 MB, 1.04 load
[runlim] sample:		2212.69 time, 2220.01 real, 4 MB, 1.03 load
[runlim] sample:		2222.66 time, 2230.01 real, 4 MB, 1.03 load
[runlim] sample:		2232.63 time, 2240.01 real, 4 MB, 1.02 load
[runlim] sample:		2242.60 time, 2250.01 real, 4 MB, 1.02 load
[runlim] sample:		2252.56 time, 2260.01 real, 4 MB, 1.02 load
[runlim] sample:		2262.53 time, 2270.01 real, 4 MB, 1.01 load
[runlim] sample:		2272.50 time, 2280.01 real, 4 MB, 1.01 load
[runlim] sample:		2282.46 time, 2290.01 real, 4 MB, 1.01 load
[runlim] sample:		2292.43 time, 2300.01 real, 4 MB, 1.01 load
[runlim] sample:		2302.39 time, 2310.01 real, 4 MB, 1.00 load
[runlim] sample:		2312.36 time, 2320.01 real, 4 MB, 1.00 load
[runlim] sample:		2322.33 time, 2330.01 real, 4 MB, 1.00 load
[runlim] sample:		2332.29 time, 2340.01 real, 4 MB, 1.00 load
[runlim] sample:		2342.26 time, 2350.01 real, 4 MB, 1.00 load
[runlim] sample:		2352.23 time, 2360.01 real, 4 MB, 1.00 load
[runlim] sample:		2362.20 time, 2370.01 real, 4 MB, 1.00 load
[runlim] sample:		2372.17 time, 2380.01 real, 4 MB, 1.00 load
[runlim] sample:		2382.14 time, 2390.01 real, 4 MB, 1.00 load
[runlim] sample:		2392.11 time, 2400.01 real, 4 MB, 1.00 load
[runlim] sample:		2402.07 time, 2410.01 real, 4 MB, 1.00 load
[runlim] sample:		2412.04 time, 2420.01 real, 4 MB, 1.00 load
[runlim] sample:		2422.01 time, 2430.01 real, 4 MB, 1.00 load
[runlim] sample:		2431.98 time, 2440.01 real, 4 MB, 1.00 load
[runlim] sample:		2441.95 time, 2450.01 real, 4 MB, 1.00 load
[runlim] sample:		2451.92 time, 2460.01 real, 4 MB, 1.00 load
[runlim] sample:		2461.89 time, 2470.01 real, 4 MB, 1.00 load
[runlim] sample:		2471.86 time, 2480.01 real, 4 MB, 1.00 load
[runlim] sample:		2481.82 time, 2490.01 real, 4 MB, 1.07 load
[runlim] sample:		2491.79 time, 2500.01 real, 4 MB, 1.06 load
[runlim] sample:		2501.76 time, 2510.01 real, 4 MB, 1.05 load
[runlim] sample:		2511.73 time, 2520.01 real, 4 MB, 1.04 load
[runlim] sample:		2521.70 time, 2530.01 real, 4 MB, 1.04 load
[runlim] sample:		2531.67 time, 2540.01 real, 4 MB, 1.03 load
[runlim] sample:		2541.63 time, 2550.01 real, 4 MB, 1.10 load
[runlim] sample:		2551.60 time, 2560.01 real, 4 MB, 1.08 load
[runlim] sample:		2561.57 time, 2570.01 real, 4 MB, 1.07 load
[runlim] sample:		2571.54 time, 2580.01 real, 4 MB, 1.06 load
[runlim] sample:		2581.51 time, 2590.01 real, 4 MB, 1.05 load
[runlim] sample:		2591.48 time, 2600.01 real, 4 MB, 1.04 load
[runlim] sample:		2601.44 time, 2610.01 real, 4 MB, 1.03 load
[runlim] sample:		2611.41 time, 2620.01 real, 4 MB, 1.03 load
[runlim] sample:		2621.38 time, 2630.01 real, 4 MB, 1.02 load
[runlim] sample:		2631.34 time, 2640.01 real, 4 MB, 1.02 load
[runlim] sample:		2641.31 time, 2650.01 real, 4 MB, 1.02 load
[runlim] sample:		2651.28 time, 2660.01 real, 4 MB, 1.01 load
[runlim] sample:		2661.25 time, 2670.01 real, 4 MB, 1.01 load
[runlim] sample:		2671.21 time, 2680.01 real, 4 MB, 1.08 load
[runlim] sample:		2681.18 time, 2690.01 real, 4 MB, 1.07 load
[runlim] sample:		2691.15 time, 2700.01 real, 4 MB, 1.06 load
[runlim] sample:		2701.12 time, 2710.01 real, 4 MB, 1.05 load
[runlim] sample:		2711.09 time, 2720.01 real, 4 MB, 1.04 load
[runlim] sample:		2721.05 time, 2730.01 real, 4 MB, 1.03 load
[runlim] sample:		2731.02 time, 2740.01 real, 4 MB, 1.10 load
[runlim] sample:		2740.99 time, 2750.01 real, 4 MB, 1.09 load
[runlim] sample:		2750.96 time, 2760.01 real, 4 MB, 1.07 load
[runlim] sample:		2760.92 time, 2770.01 real, 4 MB, 1.14 load
[runlim] sample:		2770.89 time, 2780.01 real, 4 MB, 1.12 load
[runlim] sample:		2780.86 time, 2790.01 real, 4 MB, 1.10 load
[runlim] sample:		2790.83 time, 2800.01 real, 4 MB, 1.16 load
[runlim] sample:		2800.79 time, 2810.01 real, 4 MB, 1.13 load
[runlim] sample:		2810.76 time, 2820.01 real, 4 MB, 1.11 load
[runlim] sample:		2820.73 time, 2830.01 real, 4 MB, 1.10 load
[runlim] sample:		2830.70 time, 2840.01 real, 4 MB, 1.08 load
[runlim] sample:		2840.66 time, 2850.01 real, 4 MB, 1.07 load
[runlim] sample:		2850.63 time, 2860.01 real, 4 MB, 1.13 load
[runlim] sample:		2860.60 time, 2870.01 real, 4 MB, 1.11 load
[runlim] sample:		2870.56 time, 2880.01 real, 4 MB, 1.09 load
[runlim] sample:		2880.53 time, 2890.01 real, 4 MB, 1.08 load
[runlim] sample:		2890.50 time, 2900.01 real, 4 MB, 1.07 load
[runlim] sample:		2900.47 time, 2910.01 real, 4 MB, 1.14 load
[runlim] sample:		2910.43 time, 2920.01 real, 4 MB, 1.19 load
[runlim] sample:		2920.40 time, 2930.01 real, 4 MB, 1.16 load
[runlim] sample:		2930.37 time, 2940.01 real, 4 MB, 1.13 load
[runlim] sample:		2940.33 time, 2950.01 real, 4 MB, 1.11 load
[runlim] sample:		2950.30 time, 2960.01 real, 4 MB, 1.10 load
[runlim] sample:		2960.27 time, 2970.01 real, 4 MB, 1.08 load
[runlim] sample:		2970.24 time, 2980.01 real, 4 MB, 1.07 load
[runlim] sample:		2980.20 time, 2990.01 real, 4 MB, 1.13 load
[runlim] sample:		2990.17 time, 3000.01 real, 4 MB, 1.11 load
[runlim] sample:		3000.14 time, 3010.01 real, 4 MB, 1.09 load
[runlim] sample:		3010.11 time, 3020.01 real, 4 MB, 1.08 load
[runlim] sample:		3020.07 time, 3030.01 real, 4 MB, 1.07 load
[runlim] sample:		3030.04 time, 3040.01 real, 4 MB, 1.06 load
[runlim] sample:		3040.01 time, 3050.01 real, 4 MB, 1.12 load
[runlim] sample:		3049.97 time, 3060.01 real, 4 MB, 1.10 load
[runlim] sample:		3059.94 time, 3070.01 real, 4 MB, 1.08 load
[runlim] sample:		3069.91 time, 3080.01 real, 4 MB, 1.07 load
[runlim] sample:		3079.88 time, 3090.01 real, 4 MB, 1.06 load
[runlim] sample:		3089.85 time, 3100.01 real, 4 MB, 1.05 load
[runlim] sample:		3099.81 time, 3110.01 real, 4 MB, 1.12 load
[runlim] sample:		3109.78 time, 3120.01 real, 4 MB, 1.10 load
[runlim] sample:		3119.75 time, 3130.01 real, 4 MB, 1.08 load
[runlim] sample:		3129.72 time, 3140.01 real, 4 MB, 1.07 load
[runlim] sample:		3139.69 time, 3150.01 real, 4 MB, 1.06 load
[runlim] sample:		3149.66 time, 3160.01 real, 4 MB, 1.05 load
[runlim] sample:		3159.62 time, 3170.01 real, 4 MB, 1.11 load
[runlim] sample:		3169.59 time, 3180.01 real, 4 MB, 1.10 load
[runlim] sample:		3179.56 time, 3190.01 real, 4 MB, 1.08 load
[runlim] sample:		3189.52 time, 3200.01 real, 4 MB, 1.15 load
[runlim] sample:		3199.49 time, 3210.01 real, 4 MB, 1.13 load
[runlim] sample:		3209.46 time, 3220.01 real, 4 MB, 1.11 load
[runlim] sample:		3219.42 time, 3230.01 real, 4 MB, 1.16 load
[runlim] sample:		3229.39 time, 3240.01 real, 4 MB, 1.14 load
[runlim] sample:		3239.35 time, 3250.01 real, 4 MB, 1.12 load
[runlim] sample:		3249.32 time, 3260.01 real, 4 MB, 1.10 load
[runlim] sample:		3259.29 time, 3270.01 real, 4 MB, 1.30 load
[runlim] sample:		3269.26 time, 3280.01 real, 4 MB, 1.26 load
[runlim] sample:		3279.22 time, 3290.01 real, 4 MB, 1.22 load
[runlim] sample:		3289.19 time, 3300.01 real, 4 MB, 1.18 load
[runlim] sample:		3299.16 time, 3310.01 real, 4 MB, 1.15 load
[runlim] sample:		3309.13 time, 3320.01 real, 4 MB, 1.13 load
[runlim] sample:		3319.10 time, 3330.01 real, 4 MB, 1.11 load
[runlim] sample:		3329.07 time, 3340.01 real, 4 MB, 1.09 load
[runlim] sample:		3339.03 time, 3350.01 real, 4 MB, 1.08 load
[runlim] sample:		3349.00 time, 3360.01 real, 4 MB, 1.07 load
[runlim] sample:		3358.97 time, 3370.01 real, 4 MB, 1.06 load
[runlim] sample:		3368.94 time, 3380.01 real, 4 MB, 1.05 load
[runlim] sample:		3378.90 time, 3390.01 real, 4 MB, 1.04 load
[runlim] sample:		3388.87 time, 3400.01 real, 4 MB, 1.03 load
[runlim] sample:		3398.84 time, 3410.01 real, 4 MB, 1.03 load
[runlim] sample:		3408.81 time, 3420.01 real, 4 MB, 1.10 load
[runlim] sample:		3418.77 time, 3430.01 real, 4 MB, 1.08 load
[runlim] sample:		3428.74 time, 3440.01 real, 4 MB, 1.15 load
[runlim] sample:		3438.71 time, 3450.01 real, 4 MB, 1.12 load
[runlim] sample:		3448.68 time, 3460.01 real, 4 MB, 1.11 load
[runlim] sample:		3458.65 time, 3470.01 real, 4 MB, 1.09 load
[runlim] sample:		3468.62 time, 3480.01 real, 4 MB, 1.07 load
[runlim] sample:		3478.58 time, 3490.01 real, 4 MB, 1.14 load
[runlim] sample:		3488.55 time, 3500.01 real, 4 MB, 1.12 load
[runlim] sample:		3498.52 time, 3510.01 real, 4 MB, 1.10 load
[runlim] sample:		3508.49 time, 3520.01 real, 4 MB, 1.09 load
[runlim] sample:		3518.46 time, 3530.01 real, 4 MB, 1.07 load
[runlim] sample:		3528.42 time, 3540.01 real, 4 MB, 1.06 load
[runlim] sample:		3538.39 time, 3550.01 real, 4 MB, 1.13 load
[runlim] sample:		3548.36 time, 3560.01 real, 4 MB, 1.11 load
[runlim] sample:		3558.33 time, 3570.01 real, 4 MB, 1.09 load
[runlim] sample:		3568.29 time, 3580.01 real, 4 MB, 1.08 load
[runlim] sample:		3578.26 time, 3590.01 real, 4 MB, 1.07 load
[runlim] sample:		3588.23 time, 3600.01 real, 4 MB, 1.06 load
[runlim] sample:		3598.19 time, 3610.01 real, 4 MB, 1.13 load
[runlim] sample:		3608.16 time, 3620.01 real, 4 MB, 1.11 load
[runlim] sample:		3618.13 time, 3630.01 real, 4 MB, 1.09 load
[runlim] sample:		3628.10 time, 3640.01 real, 4 MB, 1.08 load
[runlim] sample:		3638.07 time, 3650.01 real, 4 MB, 1.06 load
[runlim] sample:		3648.03 time, 3660.01 real, 4 MB, 1.05 load
[runlim] sample:		3658.00 time, 3670.01 real, 4 MB, 1.04 load
[runlim] sample:		3667.97 time, 3680.01 real, 4 MB, 1.04 load
[runlim] sample:		3677.93 time, 3690.01 real, 4 MB, 1.03 load
[runlim] sample:		3687.90 time, 3700.01 real, 4 MB, 1.03 load
[runlim] sample:		3697.87 time, 3710.01 real, 4 MB, 1.10 load
[runlim] sample:		3707.83 time, 3720.01 real, 4 MB, 1.09 load
[runlim] sample:		3717.80 time, 3730.01 real, 4 MB, 1.07 load
[runlim] sample:		3727.77 time, 3740.01 real, 4 MB, 1.06 load
[runlim] sample:		3737.73 time, 3750.01 real, 4 MB, 1.05 load
[runlim] sample:		3747.70 time, 3760.01 real, 4 MB, 1.04 load
[runlim] sample:		3757.67 time, 3770.01 real, 4 MB, 1.04 load
[runlim] sample:		3767.64 time, 3780.01 real, 4 MB, 1.03 load
[runlim] sample:		3777.61 time, 3790.01 real, 4 MB, 1.02 load
[runlim] sample:		3787.57 time, 3800.01 real, 4 MB, 1.02 load
[runlim] sample:		3797.54 time, 3810.01 real, 4 MB, 1.02 load
[runlim] sample:		3807.51 time, 3820.01 real, 4 MB, 1.01 load
[runlim] sample:		3817.48 time, 3830.01 real, 4 MB, 1.01 load
[runlim] sample:		3827.44 time, 3840.01 real, 4 MB, 1.01 load
[runlim] sample:		3837.41 time, 3850.01 real, 4 MB, 1.01 load
[runlim] sample:		3847.38 time, 3860.01 real, 4 MB, 1.01 load
[runlim] sample:		3857.35 time, 3870.01 real, 4 MB, 1.08 load
[runlim] sample:		3867.32 time, 3880.01 real, 4 MB, 1.07 load
[runlim] sample:		3877.28 time, 3890.01 real, 4 MB, 1.06 load
[runlim] sample:		3887.25 time, 3900.01 real, 4 MB, 1.05 load
[runlim] sample:		3897.22 time, 3910.01 real, 4 MB, 1.04 load
[runlim] sample:		3907.19 time, 3920.01 real, 4 MB, 1.03 load
[runlim] sample:		3917.15 time, 3930.01 real, 4 MB, 1.03 load
[runlim] sample:		3927.12 time, 3940.01 real, 4 MB, 1.02 load
[runlim] sample:		3937.09 time, 3950.01 real, 4 MB, 1.10 load
[runlim] sample:		3947.05 time, 3960.01 real, 4 MB, 1.08 load
[runlim] sample:		3957.02 time, 3970.01 real, 4 MB, 1.07 load
[runlim] sample:		3966.99 time, 3980.01 real, 4 MB, 1.06 load
[runlim] sample:		3976.96 time, 3990.01 real, 4 MB, 1.05 load
[runlim] sample:		3986.93 time, 4000.01 real, 4 MB, 1.04 load
[runlim] sample:		3996.89 time, 4010.01 real, 4 MB, 1.03 load
[runlim] sample:		4006.86 time, 4020.01 real, 4 MB, 1.03 load
[runlim] sample:		4016.83 time, 4030.01 real, 4 MB, 1.18 load
[runlim] sample:		4026.80 time, 4040.01 real, 4 MB, 1.31 load
[runlim] sample:		4036.77 time, 4050.01 real, 4 MB, 1.49 load
[runlim] sample:		4046.73 time, 4060.01 real, 5 MB, 1.57 load
[runlim] sample:		4056.70 time, 4070.01 real, 5 MB, 1.71 load
[runlim] sample:		4066.67 time, 4080.01 real, 5 MB, 1.76 load
[runlim] sample:		4076.63 time, 4090.01 real, 5 MB, 1.79 load
[runlim] sample:		4086.60 time, 4100.01 real, 5 MB, 1.90 load
[runlim] sample:		4096.56 time, 4110.01 real, 5 MB, 1.84 load
[runlim] sample:		4106.53 time, 4120.01 real, 5 MB, 1.79 load
[runlim] sample:		4116.50 time, 4130.01 real, 5 MB, 1.75 load
[runlim] sample:		4126.47 time, 4140.01 real, 5 MB, 1.63 load
[runlim] sample:		4136.43 time, 4150.01 real, 5 MB, 1.61 load
[runlim] sample:		4146.40 time, 4160.01 real, 5 MB, 1.51 load
[runlim] sample:		4156.37 time, 4170.01 real, 5 MB, 1.43 load
[runlim] sample:		4166.34 time, 4180.01 real, 5 MB, 1.37 load
[runlim] sample:		4176.31 time, 4190.01 real, 5 MB, 1.31 load
[runlim] sample:		4186.27 time, 4200.01 real, 5 MB, 1.26 load
[runlim] sample:		4196.24 time, 4210.01 real, 5 MB, 1.30 load
[runlim] sample:		4206.21 time, 4220.01 real, 5 MB, 1.25 load
[runlim] sample:		4216.18 time, 4230.01 real, 5 MB, 1.21 load
[runlim] sample:		4226.15 time, 4240.01 real, 5 MB, 1.26 load
[runlim] sample:		4236.12 time, 4250.01 real, 5 MB, 1.22 load
[runlim] sample:		4246.08 time, 4260.01 real, 5 MB, 1.19 load
[runlim] sample:		4256.05 time, 4270.01 real, 5 MB, 1.16 load
[runlim] sample:		4266.02 time, 4280.01 real, 5 MB, 1.13 load
[runlim] sample:		4275.99 time, 4290.01 real, 5 MB, 1.19 load
[runlim] sample:		4285.96 time, 4300.01 real, 5 MB, 1.16 load
[runlim] sample:		4295.93 time, 4310.01 real, 5 MB, 1.14 load
[runlim] sample:		4305.90 time, 4320.01 real, 5 MB, 1.12 load
[runlim] sample:		4315.86 time, 4330.01 real, 5 MB, 1.10 load
[runlim] sample:		4325.83 time, 4340.01 real, 5 MB, 1.08 load
[runlim] sample:		4335.80 time, 4350.01 real, 5 MB, 1.15 load
[runlim] sample:		4345.77 time, 4360.01 real, 5 MB, 1.13 load
[runlim] sample:		4355.74 time, 4370.01 real, 5 MB, 1.11 load
[runlim] sample:		4365.71 time, 4380.01 real, 5 MB, 1.09 load
[runlim] sample:		4375.68 time, 4390.01 real, 5 MB, 1.08 load
[runlim] sample:		4385.65 time, 4400.01 real, 5 MB, 1.06 load
[runlim] sample:		4395.61 time, 4410.01 real, 5 MB, 1.13 load
[runlim] sample:		4405.58 time, 4420.01 real, 5 MB, 1.11 load
[runlim] sample:		4415.55 time, 4430.01 real, 5 MB, 1.09 load
[runlim] sample:		4425.52 time, 4440.01 real, 5 MB, 1.08 load
[runlim] sample:		4435.49 time, 4450.01 real, 5 MB, 1.07 load
[runlim] sample:		4445.46 time, 4460.01 real, 5 MB, 1.06 load
[runlim] sample:		4455.42 time, 4470.01 real, 5 MB, 1.05 load
[runlim] sample:		4465.39 time, 4480.01 real, 5 MB, 1.04 load
[runlim] sample:		4475.36 time, 4490.01 real, 5 MB, 1.03 load
[runlim] sample:		4485.33 time, 4500.01 real, 5 MB, 1.03 load
[runlim] sample:		4495.30 time, 4510.01 real, 5 MB, 1.02 load
[runlim] sample:		4505.27 time, 4520.01 real, 5 MB, 1.02 load
[runlim] sample:		4515.24 time, 4530.01 real, 5 MB, 1.02 load
[runlim] sample:		4525.21 time, 4540.01 real, 5 MB, 1.01 load
[runlim] sample:		4535.17 time, 4550.01 real, 5 MB, 1.01 load
[runlim] sample:		4545.14 time, 4560.01 real, 5 MB, 1.01 load
[runlim] sample:		4555.11 time, 4570.01 real, 5 MB, 1.01 load
[runlim] sample:		4565.08 time, 4580.01 real, 5 MB, 1.00 load
[runlim] sample:		4575.05 time, 4590.01 real, 5 MB, 1.00 load
[runlim] sample:		4585.02 time, 4600.01 real, 5 MB, 1.00 load
[runlim] sample:		4594.98 time, 4610.01 real, 5 MB, 1.00 load
[runlim] end:			Mon Mar 16 17:54:06 2026
[runlim] status:		ok
[runlim] result:		0
[runlim] children:		1
[runlim] processes:		2
[runlim] real:			4619.67 seconds
[runlim] time:			4604.55 seconds
[runlim] space:			5 MB
[runlim] load:			6.52 maximum
[runlim] samples:		46196
