[runlim] version:		2.0.0rc1
[runlim] host:			m04n11
[runlim] time limit:		311040000 seconds
[runlim] real time limit:	5000 seconds
[runlim] space limit:		7000 MB
[runlim] argv[0]:		./binary
[runlim] argv[1]:		-c
[runlim] argv[2]:		-f
[runlim] argv[3]:		-r
[runlim] argv[4]:		/tmp/local-unzipped-12181330-3-131-BMS_k3_n100_m429_353.cnf
[runlim] start:			Mon Mar 16 16:36:45 2026
[runlim] child:			2866003
[runlim] end:			Mon Mar 16 16:36:45 2026
[runlim] status:		ok
[runlim] result:		0
[runlim] children:		1
[runlim] processes:		2
[runlim] real:			0.15 seconds
[runlim] time:			0.10 seconds
[runlim] space:			4 MB
[runlim] load:			4.67 maximum
[runlim] samples:		1
