[runlim] version:		2.0.0rc1
[runlim] host:			m04n11
[runlim] time limit:		311040000 seconds
[runlim] real time limit:	5000 seconds
[runlim] space limit:		7000 MB
[runlim] argv[0]:		./binary
[runlim] argv[1]:		-c
[runlim] argv[2]:		-f
[runlim] argv[3]:		-r
[runlim] argv[4]:		/tmp/local-unzipped-12181330-3-180-BMS_k3_n100_m429_28.cnf
[runlim] start:			Mon Mar 16 16:37:35 2026
[runlim] child:			2867846
[runlim] sample:		9.96 time, 10.01 real, 3 MB, 4.39 load
[runlim] sample:		19.92 time, 20.01 real, 3 MB, 5.10 load
[runlim] sample:		29.89 time, 30.01 real, 3 MB, 5.55 load
[runlim] sample:		39.85 time, 40.01 real, 3 MB, 5.93 load
[runlim] sample:		49.81 time, 50.01 real, 3 MB, 6.25 load
[runlim] sample:		59.78 time, 60.01 real, 3 MB, 6.43 load
[runlim] sample:		69.74 time, 70.01 real, 3 MB, 6.52 load
[runlim] sample:		79.71 time, 80.01 real, 3 MB, 6.52 load
[runlim] sample:		89.68 time, 90.01 real, 3 MB, 6.29 load
[runlim] sample:		99.65 time, 100.01 real, 3 MB, 6.09 load
[runlim] sample:		109.62 time, 110.01 real, 3 MB, 5.92 load
[runlim] sample:		119.58 time, 120.01 real, 3 MB, 5.78 load
[runlim] sample:		129.55 time, 130.01 real, 3 MB, 5.66 load
[runlim] sample:		139.52 time, 140.01 real, 3 MB, 5.56 load
[runlim] sample:		149.49 time, 150.01 real, 3 MB, 5.47 load
[runlim] sample:		159.46 time, 160.01 real, 3 MB, 5.48 load
[runlim] sample:		169.42 time, 170.01 real, 3 MB, 5.40 load
[runlim] sample:		179.39 time, 180.01 real, 3 MB, 5.19 load
[runlim] sample:		189.36 time, 190.01 real, 3 MB, 5.00 load
[runlim] sample:		199.33 time, 200.01 real, 3 MB, 4.85 load
[runlim] sample:		209.30 time, 210.01 real, 4 MB, 4.79 load
[runlim] sample:		219.27 time, 220.01 real, 4 MB, 4.75 load
[runlim] sample:		229.24 time, 230.01 real, 4 MB, 4.63 load
[runlim] sample:		239.21 time, 240.01 real, 4 MB, 4.54 load
[runlim] sample:		249.18 time, 250.01 real, 4 MB, 4.45 load
[runlim] sample:		259.15 time, 260.01 real, 4 MB, 4.38 load
[runlim] sample:		269.12 time, 270.01 real, 4 MB, 4.32 load
[runlim] sample:		279.09 time, 280.01 real, 4 MB, 4.35 load
[runlim] sample:		289.06 time, 290.01 real, 4 MB, 4.30 load
[runlim] sample:		299.03 time, 300.01 real, 4 MB, 4.25 load
[runlim] sample:		309.00 time, 310.01 real, 4 MB, 4.21 load
[runlim] sample:		318.97 time, 320.01 real, 4 MB, 4.18 load
[runlim] sample:		328.94 time, 330.01 real, 4 MB, 4.15 load
[runlim] sample:		338.91 time, 340.01 real, 4 MB, 3.97 load
[runlim] sample:		348.88 time, 350.01 real, 4 MB, 3.82 load
[runlim] sample:		358.85 time, 360.01 real, 4 MB, 3.78 load
[runlim] sample:		368.82 time, 370.01 real, 4 MB, 3.66 load
[runlim] sample:		378.80 time, 380.01 real, 4 MB, 3.56 load
[runlim] sample:		388.77 time, 390.01 real, 4 MB, 3.47 load
[runlim] sample:		398.74 time, 400.01 real, 4 MB, 3.40 load
[runlim] sample:		408.71 time, 410.01 real, 4 MB, 3.34 load
[runlim] sample:		418.68 time, 420.01 real, 4 MB, 3.36 load
[runlim] sample:		428.65 time, 430.01 real, 4 MB, 3.31 load
[runlim] sample:		438.62 time, 440.01 real, 4 MB, 3.26 load
[runlim] sample:		448.59 time, 450.01 real, 4 MB, 3.22 load
[runlim] sample:		458.56 time, 460.01 real, 4 MB, 3.18 load
[runlim] end:			Mon Mar 16 16:45:20 2026
[runlim] status:		ok
[runlim] result:		0
[runlim] children:		1
[runlim] processes:		2
[runlim] real:			465.67 seconds
[runlim] time:			464.14 seconds
[runlim] space:			4 MB
[runlim] load:			6.52 maximum
[runlim] samples:		4656
