[runlim] version:		2.0.0rc1
[runlim] host:			m03n05
[runlim] time limit:		311040000 seconds
[runlim] real time limit:	5000 seconds
[runlim] space limit:		7000 MB
[runlim] argv[0]:		./binary
[runlim] argv[1]:		-c
[runlim] argv[2]:		-f
[runlim] argv[3]:		-r
[runlim] argv[4]:		/tmp/local-unzipped-12181330-2-126-BMS_k3_n100_m429_208.cnf
[runlim] start:			Mon Mar 16 16:37:45 2026
[runlim] child:			3984918
[runlim] sample:		9.95 time, 10.01 real, 3 MB, 5.41 load
[runlim] sample:		19.91 time, 20.01 real, 3 MB, 5.65 load
[runlim] sample:		29.87 time, 30.01 real, 4 MB, 5.86 load
[runlim] sample:		39.82 time, 40.01 real, 4 MB, 6.04 load
[runlim] sample:		49.78 time, 50.01 real, 4 MB, 6.03 load
[runlim] sample:		59.74 time, 60.01 real, 4 MB, 6.03 load
[runlim] sample:		69.70 time, 70.01 real, 4 MB, 6.02 load
[runlim] sample:		79.66 time, 80.01 real, 4 MB, 6.02 load
[runlim] sample:		89.62 time, 90.01 real, 4 MB, 6.01 load
[runlim] sample:		99.58 time, 100.01 real, 4 MB, 6.01 load
[runlim] sample:		109.54 time, 110.01 real, 4 MB, 6.08 load
[runlim] sample:		119.50 time, 120.01 real, 4 MB, 5.92 load
[runlim] sample:		129.46 time, 130.01 real, 4 MB, 5.77 load
[runlim] sample:		139.42 time, 140.01 real, 4 MB, 5.66 load
[runlim] sample:		149.38 time, 150.01 real, 4 MB, 5.55 load
[runlim] sample:		159.34 time, 160.01 real, 4 MB, 5.39 load
[runlim] sample:		169.31 time, 170.01 real, 4 MB, 5.17 load
[runlim] sample:		179.27 time, 180.01 real, 4 MB, 4.99 load
[runlim] sample:		189.24 time, 190.01 real, 4 MB, 4.84 load
[runlim] sample:		199.20 time, 200.01 real, 4 MB, 4.71 load
[runlim] sample:		209.17 time, 210.01 real, 4 MB, 4.60 load
[runlim] sample:		219.13 time, 220.01 real, 4 MB, 4.51 load
[runlim] end:			Mon Mar 16 16:41:26 2026
[runlim] status:		ok
[runlim] result:		0
[runlim] children:		1
[runlim] processes:		2
[runlim] real:			220.83 seconds
[runlim] time:			219.93 seconds
[runlim] space:			4 MB
[runlim] load:			6.09 maximum
[runlim] samples:		2208
