[runlim] version:		2.0.0rc1
[runlim] host:			o02n04
[runlim] time limit:		311040000 seconds
[runlim] real time limit:	5000 seconds
[runlim] space limit:		7000 MB
[runlim] argv[0]:		./binary
[runlim] argv[1]:		-c
[runlim] argv[2]:		-f
[runlim] argv[3]:		-s
[runlim] argv[4]:		-r
[runlim] argv[5]:		/tmp/local-unzipped-12459995-1-25-mc2025_track1_145.cnf
[runlim] start:			Thu Apr  9 20:22:28 2026
[runlim] child:			4110021
[runlim] sample:		9.94 time, 10.01 real, 10 MB, 7.74 load
[runlim] sample:		19.89 time, 20.01 real, 10 MB, 12.33 load
[runlim] sample:		29.82 time, 30.01 real, 10 MB, 17.76 load
[runlim] sample:		39.74 time, 40.01 real, 10 MB, 24.04 load
[runlim] sample:		49.64 time, 50.01 real, 10 MB, 30.42 load
[runlim] sample:		59.55 time, 60.01 real, 10 MB, 35.96 load
[runlim] sample:		69.46 time, 70.01 real, 10 MB, 40.49 load
[runlim] sample:		79.36 time, 80.01 real, 10 MB, 44.18 load
[runlim] sample:		89.28 time, 90.01 real, 10 MB, 47.23 load
[runlim] sample:		99.20 time, 100.01 real, 10 MB, 50.45 load
[runlim] sample:		109.12 time, 110.01 real, 10 MB, 52.54 load
[runlim] sample:		119.04 time, 120.01 real, 10 MB, 54.15 load
[runlim] sample:		128.97 time, 130.01 real, 10 MB, 55.36 load
[runlim] sample:		138.91 time, 140.01 real, 10 MB, 56.30 load
[runlim] sample:		148.85 time, 150.01 real, 10 MB, 57.02 load
[runlim] sample:		158.77 time, 160.01 real, 10 MB, 57.79 load
[runlim] sample:		168.70 time, 170.01 real, 10 MB, 58.29 load
[runlim] sample:		178.63 time, 180.01 real, 10 MB, 58.55 load
[runlim] sample:		188.55 time, 190.01 real, 10 MB, 58.85 load
[runlim] sample:		198.49 time, 200.01 real, 10 MB, 58.87 load
[runlim] sample:		208.42 time, 210.01 real, 10 MB, 58.89 load
[runlim] sample:		218.36 time, 220.01 real, 10 MB, 59.07 load
[runlim] sample:		228.30 time, 230.01 real, 10 MB, 59.06 load
[runlim] sample:		238.24 time, 240.01 real, 10 MB, 59.56 load
[runlim] sample:		248.18 time, 250.01 real, 10 MB, 59.48 load
[runlim] sample:		258.12 time, 260.01 real, 10 MB, 59.48 load
[runlim] sample:		268.06 time, 270.01 real, 10 MB, 59.41 load
[runlim] sample:		278.00 time, 280.01 real, 10 MB, 59.50 load
[runlim] sample:		287.93 time, 290.01 real, 10 MB, 59.42 load
[runlim] sample:		297.86 time, 300.01 real, 10 MB, 59.36 load
[runlim] sample:		307.80 time, 310.01 real, 10 MB, 59.30 load
[runlim] sample:		317.74 time, 320.01 real, 10 MB, 59.26 load
[runlim] sample:		327.67 time, 330.01 real, 10 MB, 59.22 load
[runlim] sample:		337.61 time, 340.01 real, 10 MB, 59.18 load
[runlim] sample:		347.55 time, 350.01 real, 10 MB, 59.15 load
[runlim] sample:		357.49 time, 360.01 real, 10 MB, 59.13 load
[runlim] sample:		367.41 time, 370.01 real, 10 MB, 59.11 load
[runlim] sample:		377.34 time, 380.01 real, 10 MB, 59.09 load
[runlim] sample:		387.28 time, 390.01 real, 10 MB, 59.08 load
[runlim] sample:		397.21 time, 400.01 real, 10 MB, 59.06 load
[runlim] sample:		407.15 time, 410.01 real, 10 MB, 59.05 load
[runlim] sample:		417.09 time, 420.01 real, 10 MB, 59.13 load
[runlim] sample:		427.03 time, 430.01 real, 10 MB, 59.19 load
[runlim] sample:		436.97 time, 440.01 real, 10 MB, 59.16 load
[runlim] sample:		446.91 time, 450.01 real, 10 MB, 59.29 load
[runlim] sample:		456.85 time, 460.01 real, 10 MB, 59.25 load
[runlim] sample:		466.78 time, 470.01 real, 10 MB, 59.20 load
[runlim] sample:		476.72 time, 480.01 real, 10 MB, 59.18 load
[runlim] sample:		486.66 time, 490.01 real, 10 MB, 59.00 load
[runlim] sample:		496.59 time, 500.01 real, 10 MB, 59.05 load
[runlim] sample:		506.53 time, 510.01 real, 10 MB, 58.66 load
[runlim] sample:		516.47 time, 520.01 real, 10 MB, 58.25 load
[runlim] sample:		526.41 time, 530.01 real, 10 MB, 58.05 load
[runlim] sample:		536.35 time, 540.01 real, 10 MB, 57.89 load
[runlim] sample:		546.28 time, 550.01 real, 10 MB, 57.75 load
[runlim] sample:		556.22 time, 560.01 real, 10 MB, 57.48 load
[runlim] sample:		566.16 time, 570.01 real, 10 MB, 57.25 load
[runlim] sample:		576.10 time, 580.01 real, 10 MB, 57.06 load
[runlim] sample:		586.04 time, 590.01 real, 10 MB, 56.97 load
[runlim] sample:		595.98 time, 600.01 real, 10 MB, 56.90 load
[runlim] sample:		605.92 time, 610.01 real, 10 MB, 56.76 load
[runlim] sample:		615.86 time, 620.01 real, 10 MB, 56.64 load
[runlim] sample:		625.80 time, 630.01 real, 10 MB, 56.62 load
[runlim] sample:		635.74 time, 640.01 real, 10 MB, 56.52 load
[runlim] sample:		645.68 time, 650.01 real, 10 MB, 56.44 load
[runlim] sample:		655.61 time, 660.01 real, 10 MB, 56.54 load
[runlim] sample:		665.54 time, 670.01 real, 10 MB, 56.83 load
[runlim] sample:		675.48 time, 680.01 real, 10 MB, 56.70 load
[runlim] sample:		685.42 time, 690.01 real, 10 MB, 56.74 load
[runlim] sample:		695.35 time, 700.01 real, 10 MB, 56.63 load
[runlim] sample:		705.29 time, 710.01 real, 10 MB, 56.53 load
[runlim] sample:		715.23 time, 720.01 real, 10 MB, 56.53 load
[runlim] sample:		725.17 time, 730.01 real, 10 MB, 56.52 load
[runlim] sample:		735.10 time, 740.01 real, 10 MB, 56.44 load
[runlim] sample:		745.04 time, 750.01 real, 10 MB, 56.37 load
[runlim] sample:		754.98 time, 760.01 real, 10 MB, 56.39 load
[runlim] sample:		764.92 time, 770.01 real, 10 MB, 56.41 load
[runlim] sample:		774.85 time, 780.01 real, 10 MB, 56.34 load
[runlim] sample:		784.79 time, 790.01 real, 10 MB, 56.52 load
[runlim] sample:		794.73 time, 800.01 real, 10 MB, 56.44 load
[runlim] sample:		804.66 time, 810.01 real, 10 MB, 56.37 load
[runlim] sample:		814.60 time, 820.01 real, 10 MB, 56.39 load
[runlim] sample:		824.53 time, 830.01 real, 10 MB, 56.41 load
[runlim] sample:		834.47 time, 840.01 real, 10 MB, 56.34 load
[runlim] sample:		844.41 time, 850.01 real, 10 MB, 56.53 load
[runlim] sample:		854.35 time, 860.01 real, 10 MB, 56.44 load
[runlim] sample:		864.29 time, 870.01 real, 10 MB, 56.38 load
[runlim] sample:		874.23 time, 880.01 real, 10 MB, 56.48 load
[runlim] sample:		884.17 time, 890.01 real, 10 MB, 56.56 load
[runlim] sample:		894.11 time, 900.01 real, 10 MB, 56.63 load
[runlim] sample:		904.05 time, 910.01 real, 10 MB, 56.61 load
[runlim] sample:		913.99 time, 920.01 real, 10 MB, 56.51 load
[runlim] sample:		923.92 time, 930.01 real, 10 MB, 56.51 load
[runlim] sample:		933.86 time, 940.01 real, 10 MB, 56.50 load
[runlim] sample:		943.80 time, 950.01 real, 10 MB, 56.65 load
[runlim] sample:		953.73 time, 960.01 real, 10 MB, 56.55 load
[runlim] sample:		963.67 time, 970.01 real, 10 MB, 56.70 load
[runlim] sample:		973.61 time, 980.01 real, 10 MB, 56.67 load
[runlim] sample:		983.55 time, 990.01 real, 10 MB, 56.80 load
[runlim] sample:		993.49 time, 1000.01 real, 10 MB, 56.83 load
[runlim] sample:		1003.43 time, 1010.01 real, 10 MB, 56.93 load
[runlim] sample:		1013.37 time, 1020.01 real, 10 MB, 57.01 load
[runlim] sample:		1023.31 time, 1030.01 real, 10 MB, 57.09 load
[runlim] sample:		1033.25 time, 1040.01 real, 10 MB, 57.23 load
[runlim] sample:		1043.19 time, 1050.01 real, 10 MB, 57.19 load
[runlim] sample:		1053.13 time, 1060.01 real, 10 MB, 57.24 load
[runlim] sample:		1063.07 time, 1070.01 real, 10 MB, 57.36 load
[runlim] sample:		1073.01 time, 1080.01 real, 10 MB, 57.30 load
[runlim] sample:		1082.94 time, 1090.01 real, 10 MB, 57.40 load
[runlim] sample:		1092.88 time, 1100.01 real, 10 MB, 57.49 load
[runlim] sample:		1102.82 time, 1110.01 real, 10 MB, 57.41 load
[runlim] sample:		1112.76 time, 1120.01 real, 10 MB, 57.26 load
[runlim] sample:		1122.70 time, 1130.01 real, 10 MB, 57.14 load
[runlim] sample:		1132.63 time, 1140.01 real, 10 MB, 56.97 load
[runlim] sample:		1142.57 time, 1150.01 real, 10 MB, 56.82 load
[runlim] sample:		1152.51 time, 1160.01 real, 10 MB, 56.77 load
[runlim] sample:		1162.44 time, 1170.01 real, 10 MB, 56.65 load
[runlim] sample:		1172.38 time, 1180.01 real, 10 MB, 56.55 load
[runlim] sample:		1182.32 time, 1190.01 real, 10 MB, 56.47 load
[runlim] sample:		1192.25 time, 1200.01 real, 10 MB, 56.39 load
[runlim] sample:		1202.19 time, 1210.01 real, 10 MB, 56.33 load
[runlim] sample:		1212.13 time, 1220.01 real, 10 MB, 56.28 load
[runlim] sample:		1222.07 time, 1230.01 real, 10 MB, 56.31 load
[runlim] sample:		1232.01 time, 1240.01 real, 10 MB, 56.26 load
[runlim] sample:		1241.94 time, 1250.01 real, 10 MB, 56.30 load
[runlim] sample:		1251.88 time, 1260.01 real, 10 MB, 56.26 load
[runlim] sample:		1261.82 time, 1270.01 real, 10 MB, 56.22 load
[runlim] sample:		1271.75 time, 1280.01 real, 10 MB, 56.18 load
[runlim] sample:		1281.69 time, 1290.01 real, 10 MB, 56.38 load
[runlim] sample:		1291.63 time, 1300.01 real, 10 MB, 56.32 load
[runlim] sample:		1301.56 time, 1310.01 real, 10 MB, 56.27 load
[runlim] sample:		1311.50 time, 1320.01 real, 10 MB, 56.23 load
[runlim] sample:		1321.44 time, 1330.01 real, 10 MB, 56.19 load
[runlim] sample:		1331.38 time, 1340.01 real, 10 MB, 56.16 load
[runlim] sample:		1341.31 time, 1350.01 real, 10 MB, 56.14 load
[runlim] sample:		1351.25 time, 1360.01 real, 10 MB, 56.11 load
[runlim] sample:		1361.19 time, 1370.01 real, 10 MB, 56.10 load
[runlim] sample:		1371.12 time, 1380.01 real, 10 MB, 56.08 load
[runlim] sample:		1381.06 time, 1390.01 real, 10 MB, 56.14 load
[runlim] sample:		1390.99 time, 1400.01 real, 10 MB, 56.19 load
[runlim] sample:		1400.93 time, 1410.01 real, 10 MB, 56.16 load
[runlim] sample:		1410.86 time, 1420.01 real, 10 MB, 56.14 load
[runlim] sample:		1420.80 time, 1430.01 real, 10 MB, 56.12 load
[runlim] sample:		1430.73 time, 1440.01 real, 10 MB, 56.10 load
[runlim] sample:		1440.67 time, 1450.01 real, 10 MB, 56.16 load
[runlim] sample:		1450.61 time, 1460.01 real, 10 MB, 56.14 load
[runlim] sample:		1460.54 time, 1470.01 real, 10 MB, 56.26 load
[runlim] sample:		1470.48 time, 1480.01 real, 10 MB, 56.22 load
[runlim] sample:		1480.42 time, 1490.01 real, 10 MB, 56.19 load
[runlim] sample:		1490.35 time, 1500.01 real, 10 MB, 56.16 load
[runlim] sample:		1500.28 time, 1510.01 real, 10 MB, 56.21 load
[runlim] sample:		1510.22 time, 1520.01 real, 10 MB, 56.17 load
[runlim] sample:		1520.15 time, 1530.01 real, 10 MB, 56.30 load
[runlim] sample:		1530.09 time, 1540.01 real, 10 MB, 56.33 load
[runlim] sample:		1540.03 time, 1550.01 real, 10 MB, 56.20 load
[runlim] sample:		1549.96 time, 1560.01 real, 10 MB, 56.01 load
[runlim] sample:		1559.90 time, 1570.01 real, 10 MB, 55.86 load
[runlim] sample:		1569.84 time, 1580.01 real, 10 MB, 55.88 load
[runlim] sample:		1579.77 time, 1590.01 real, 10 MB, 55.74 load
[runlim] sample:		1589.71 time, 1600.01 real, 10 MB, 55.63 load
[runlim] sample:		1599.65 time, 1610.01 real, 10 MB, 55.53 load
[runlim] sample:		1609.58 time, 1620.01 real, 10 MB, 55.45 load
[runlim] sample:		1619.52 time, 1630.01 real, 10 MB, 55.46 load
[runlim] sample:		1629.46 time, 1640.01 real, 10 MB, 55.39 load
[runlim] sample:		1639.39 time, 1650.01 real, 10 MB, 55.33 load
[runlim] sample:		1649.33 time, 1660.01 real, 10 MB, 55.28 load
[runlim] sample:		1659.27 time, 1670.01 real, 10 MB, 55.32 load
[runlim] sample:		1669.21 time, 1680.01 real, 10 MB, 55.35 load
[runlim] sample:		1679.15 time, 1690.01 real, 10 MB, 55.29 load
[runlim] sample:		1689.09 time, 1700.01 real, 10 MB, 55.32 load
[runlim] sample:		1699.03 time, 1710.01 real, 10 MB, 55.27 load
[runlim] sample:		1708.97 time, 1720.01 real, 10 MB, 55.23 load
[runlim] sample:		1718.91 time, 1730.01 real, 10 MB, 55.19 load
[runlim] sample:		1728.85 time, 1740.01 real, 10 MB, 55.16 load
[runlim] sample:		1738.79 time, 1750.01 real, 10 MB, 55.14 load
[runlim] sample:		1748.73 time, 1760.01 real, 10 MB, 55.28 load
[runlim] sample:		1758.67 time, 1770.01 real, 10 MB, 55.23 load
[runlim] sample:		1768.61 time, 1780.01 real, 10 MB, 55.20 load
[runlim] sample:		1778.55 time, 1790.01 real, 10 MB, 55.24 load
[runlim] sample:		1788.49 time, 1800.01 real, 10 MB, 55.20 load
[runlim] sample:		1798.43 time, 1810.01 real, 10 MB, 55.17 load
[runlim] sample:		1808.37 time, 1820.01 real, 10 MB, 55.14 load
[runlim] sample:		1818.31 time, 1830.01 real, 10 MB, 55.20 load
[runlim] sample:		1828.25 time, 1840.01 real, 10 MB, 55.17 load
[runlim] sample:		1838.19 time, 1850.01 real, 10 MB, 55.14 load
[runlim] sample:		1848.13 time, 1860.01 real, 10 MB, 55.12 load
[runlim] sample:		1858.07 time, 1870.01 real, 10 MB, 55.10 load
[runlim] sample:		1868.01 time, 1880.01 real, 10 MB, 55.09 load
[runlim] sample:		1877.95 time, 1890.01 real, 10 MB, 55.07 load
[runlim] sample:		1887.89 time, 1900.01 real, 10 MB, 55.14 load
[runlim] sample:		1897.83 time, 1910.01 real, 10 MB, 55.11 load
[runlim] sample:		1907.77 time, 1920.01 real, 10 MB, 55.10 load
[runlim] sample:		1917.71 time, 1930.01 real, 10 MB, 55.08 load
[runlim] sample:		1927.65 time, 1940.01 real, 10 MB, 55.07 load
[runlim] sample:		1937.59 time, 1950.01 real, 10 MB, 55.21 load
[runlim] sample:		1947.54 time, 1960.01 real, 10 MB, 55.18 load
[runlim] sample:		1957.48 time, 1970.01 real, 10 MB, 55.23 load
[runlim] sample:		1967.42 time, 1980.01 real, 10 MB, 55.20 load
[runlim] sample:		1977.36 time, 1990.01 real, 10 MB, 55.16 load
[runlim] sample:		1987.30 time, 2000.01 real, 10 MB, 55.30 load
[runlim] sample:		1997.24 time, 2010.01 real, 10 MB, 55.40 load
[runlim] sample:		2007.18 time, 2020.01 real, 10 MB, 55.34 load
[runlim] sample:		2017.12 time, 2030.01 real, 10 MB, 55.29 load
[runlim] sample:		2027.06 time, 2040.01 real, 10 MB, 55.46 load
[runlim] sample:		2037.00 time, 2050.01 real, 10 MB, 55.39 load
[runlim] sample:		2046.94 time, 2060.01 real, 10 MB, 55.33 load
[runlim] sample:		2056.88 time, 2070.01 real, 10 MB, 55.28 load
[runlim] sample:		2066.82 time, 2080.01 real, 10 MB, 55.32 load
[runlim] sample:		2076.76 time, 2090.01 real, 10 MB, 55.27 load
[runlim] sample:		2086.70 time, 2100.01 real, 10 MB, 55.23 load
[runlim] sample:		2096.64 time, 2110.01 real, 10 MB, 55.35 load
[runlim] sample:		2106.58 time, 2120.01 real, 10 MB, 55.69 load
[runlim] sample:		2116.52 time, 2130.01 real, 10 MB, 55.58 load
[runlim] sample:		2126.46 time, 2140.01 real, 10 MB, 55.49 load
[runlim] sample:		2136.39 time, 2150.01 real, 10 MB, 55.41 load
[runlim] sample:		2146.33 time, 2160.01 real, 10 MB, 55.35 load
[runlim] sample:		2156.27 time, 2170.01 real, 10 MB, 55.30 load
[runlim] sample:		2166.21 time, 2180.01 real, 10 MB, 55.25 load
[runlim] sample:		2176.15 time, 2190.01 real, 10 MB, 55.21 load
[runlim] sample:		2186.09 time, 2200.01 real, 10 MB, 55.18 load
[runlim] sample:		2196.03 time, 2210.01 real, 10 MB, 55.15 load
[runlim] sample:		2205.97 time, 2220.01 real, 10 MB, 55.13 load
[runlim] sample:		2215.91 time, 2230.01 real, 10 MB, 55.11 load
[runlim] sample:		2225.85 time, 2240.01 real, 10 MB, 55.09 load
[runlim] sample:		2235.79 time, 2250.01 real, 10 MB, 55.08 load
[runlim] sample:		2245.73 time, 2260.01 real, 10 MB, 55.06 load
[runlim] sample:		2255.66 time, 2270.01 real, 10 MB, 55.05 load
[runlim] sample:		2265.60 time, 2280.01 real, 10 MB, 55.04 load
[runlim] sample:		2275.54 time, 2290.01 real, 10 MB, 55.04 load
[runlim] sample:		2285.47 time, 2300.01 real, 10 MB, 55.11 load
[runlim] sample:		2295.41 time, 2310.01 real, 10 MB, 55.09 load
[runlim] sample:		2305.35 time, 2320.01 real, 10 MB, 55.07 load
[runlim] sample:		2315.28 time, 2330.01 real, 10 MB, 55.06 load
[runlim] sample:		2325.22 time, 2340.01 real, 10 MB, 55.05 load
[runlim] sample:		2335.16 time, 2350.01 real, 10 MB, 55.04 load
[runlim] sample:		2345.10 time, 2360.01 real, 10 MB, 55.11 load
[runlim] sample:		2355.03 time, 2370.01 real, 10 MB, 55.09 load
[runlim] sample:		2364.97 time, 2380.01 real, 10 MB, 55.08 load
[runlim] sample:		2374.91 time, 2390.01 real, 10 MB, 55.07 load
[runlim] sample:		2384.85 time, 2400.01 real, 10 MB, 55.06 load
[runlim] sample:		2394.78 time, 2410.01 real, 10 MB, 55.05 load
[runlim] sample:		2404.72 time, 2420.01 real, 10 MB, 55.04 load
[runlim] sample:		2414.66 time, 2430.01 real, 10 MB, 55.03 load
[runlim] sample:		2424.59 time, 2440.01 real, 10 MB, 55.11 load
[runlim] sample:		2434.53 time, 2450.01 real, 10 MB, 55.17 load
[runlim] sample:		2444.47 time, 2460.01 real, 10 MB, 55.14 load
[runlim] sample:		2454.39 time, 2470.01 real, 10 MB, 55.20 load
[runlim] sample:		2464.31 time, 2480.01 real, 10 MB, 55.17 load
[runlim] sample:		2474.23 time, 2490.01 real, 10 MB, 55.38 load
[runlim] sample:		2484.17 time, 2500.01 real, 10 MB, 55.33 load
[runlim] sample:		2494.11 time, 2510.01 real, 10 MB, 55.35 load
[runlim] sample:		2504.04 time, 2520.01 real, 10 MB, 55.29 load
[runlim] sample:		2513.98 time, 2530.01 real, 10 MB, 55.25 load
[runlim] sample:		2523.92 time, 2540.01 real, 10 MB, 55.28 load
[runlim] sample:		2533.86 time, 2550.01 real, 10 MB, 55.32 load
[runlim] sample:		2543.80 time, 2560.01 real, 10 MB, 55.35 load
[runlim] sample:		2553.74 time, 2570.01 real, 10 MB, 55.37 load
[runlim] sample:		2563.67 time, 2580.01 real, 10 MB, 55.39 load
[runlim] sample:		2573.61 time, 2590.01 real, 10 MB, 55.33 load
[runlim] sample:		2583.55 time, 2600.01 real, 10 MB, 55.28 load
[runlim] sample:		2593.48 time, 2610.01 real, 10 MB, 55.32 load
[runlim] sample:		2603.42 time, 2620.01 real, 10 MB, 55.34 load
[runlim] sample:		2613.35 time, 2630.01 real, 10 MB, 55.29 load
[runlim] sample:		2623.29 time, 2640.01 real, 10 MB, 55.24 load
[runlim] sample:		2633.23 time, 2650.01 real, 10 MB, 55.21 load
[runlim] sample:		2643.16 time, 2660.01 real, 10 MB, 55.25 load
[runlim] sample:		2653.10 time, 2670.01 real, 10 MB, 55.22 load
[runlim] sample:		2663.03 time, 2680.01 real, 10 MB, 55.26 load
[runlim] sample:		2672.97 time, 2690.01 real, 10 MB, 55.38 load
[runlim] sample:		2682.91 time, 2700.01 real, 10 MB, 55.32 load
[runlim] sample:		2692.85 time, 2710.01 real, 10 MB, 55.27 load
[runlim] sample:		2702.78 time, 2720.01 real, 10 MB, 55.23 load
[runlim] sample:		2712.72 time, 2730.01 real, 10 MB, 55.19 load
[runlim] sample:		2722.65 time, 2740.01 real, 10 MB, 55.16 load
[runlim] sample:		2732.59 time, 2750.01 real, 10 MB, 55.14 load
[runlim] sample:		2742.52 time, 2760.01 real, 10 MB, 55.11 load
[runlim] sample:		2752.46 time, 2770.01 real, 10 MB, 55.10 load
[runlim] sample:		2762.40 time, 2780.01 real, 10 MB, 55.08 load
[runlim] sample:		2772.33 time, 2790.01 real, 10 MB, 55.07 load
[runlim] sample:		2782.27 time, 2800.01 real, 10 MB, 55.06 load
[runlim] sample:		2792.20 time, 2810.01 real, 10 MB, 55.05 load
[runlim] sample:		2802.14 time, 2820.01 real, 10 MB, 55.04 load
[runlim] sample:		2812.08 time, 2830.01 real, 10 MB, 55.03 load
[runlim] sample:		2822.01 time, 2840.01 real, 10 MB, 55.10 load
[runlim] sample:		2831.95 time, 2850.01 real, 10 MB, 55.09 load
[runlim] sample:		2841.88 time, 2860.01 real, 10 MB, 55.07 load
[runlim] sample:		2851.82 time, 2870.01 real, 10 MB, 55.14 load
[runlim] sample:		2861.76 time, 2880.01 real, 10 MB, 55.12 load
[runlim] sample:		2871.69 time, 2890.01 real, 10 MB, 55.10 load
[runlim] sample:		2881.63 time, 2900.01 real, 10 MB, 55.16 load
[runlim] sample:		2891.56 time, 2910.01 real, 10 MB, 55.14 load
[runlim] sample:		2901.50 time, 2920.01 real, 10 MB, 55.12 load
[runlim] sample:		2911.43 time, 2930.01 real, 10 MB, 55.10 load
[runlim] sample:		2921.37 time, 2940.01 real, 10 MB, 55.08 load
[runlim] sample:		2931.30 time, 2950.01 real, 10 MB, 55.15 load
[runlim] sample:		2941.23 time, 2960.01 real, 10 MB, 55.21 load
[runlim] sample:		2951.17 time, 2970.01 real, 10 MB, 55.26 load
[runlim] sample:		2961.10 time, 2980.01 real, 10 MB, 55.22 load
[runlim] sample:		2971.04 time, 2990.01 real, 10 MB, 55.26 load
[runlim] sample:		2980.97 time, 3000.01 real, 10 MB, 55.30 load
[runlim] sample:		2990.91 time, 3010.01 real, 10 MB, 55.33 load
[runlim] sample:		3000.84 time, 3020.01 real, 10 MB, 55.28 load
[runlim] sample:		3010.77 time, 3030.01 real, 10 MB, 55.24 load
[runlim] sample:		3020.71 time, 3040.01 real, 10 MB, 55.35 load
[runlim] sample:		3030.64 time, 3050.01 real, 10 MB, 55.46 load
[runlim] sample:		3040.58 time, 3060.01 real, 10 MB, 55.39 load
[runlim] sample:		3050.51 time, 3070.01 real, 10 MB, 55.33 load
[runlim] sample:		3060.44 time, 3080.01 real, 10 MB, 55.36 load
[runlim] sample:		3070.38 time, 3090.01 real, 10 MB, 55.30 load
[runlim] sample:		3080.31 time, 3100.01 real, 10 MB, 55.26 load
[runlim] sample:		3090.24 time, 3110.01 real, 10 MB, 55.30 load
[runlim] sample:		3100.18 time, 3120.01 real, 10 MB, 55.33 load
[runlim] sample:		3110.11 time, 3130.01 real, 10 MB, 55.27 load
[runlim] sample:		3120.05 time, 3140.01 real, 10 MB, 55.23 load
[runlim] sample:		3129.98 time, 3150.01 real, 10 MB, 55.20 load
[runlim] sample:		3139.92 time, 3160.01 real, 10 MB, 55.24 load
[runlim] sample:		3149.85 time, 3170.01 real, 10 MB, 55.52 load
[runlim] sample:		3159.79 time, 3180.01 real, 10 MB, 55.44 load
[runlim] sample:		3169.73 time, 3190.01 real, 10 MB, 55.37 load
[runlim] sample:		3179.66 time, 3200.01 real, 10 MB, 55.39 load
[runlim] sample:		3189.60 time, 3210.01 real, 10 MB, 55.33 load
[runlim] sample:		3199.53 time, 3220.01 real, 10 MB, 55.28 load
[runlim] sample:		3209.47 time, 3230.01 real, 10 MB, 55.40 load
[runlim] sample:		3219.40 time, 3240.01 real, 10 MB, 55.33 load
[runlim] sample:		3229.34 time, 3250.01 real, 10 MB, 55.28 load
[runlim] sample:		3239.28 time, 3260.01 real, 10 MB, 55.24 load
[runlim] sample:		3249.22 time, 3270.01 real, 10 MB, 55.20 load
[runlim] sample:		3259.15 time, 3280.01 real, 10 MB, 55.17 load
[runlim] sample:		3269.09 time, 3290.01 real, 10 MB, 55.14 load
[runlim] sample:		3279.03 time, 3300.01 real, 10 MB, 55.12 load
[runlim] sample:		3288.97 time, 3310.01 real, 10 MB, 55.10 load
[runlim] sample:		3298.91 time, 3320.01 real, 10 MB, 55.09 load
[runlim] sample:		3308.84 time, 3330.01 real, 10 MB, 55.07 load
[runlim] sample:		3318.78 time, 3340.01 real, 10 MB, 55.06 load
[runlim] sample:		3328.72 time, 3350.01 real, 10 MB, 55.13 load
[runlim] sample:		3338.65 time, 3360.01 real, 10 MB, 55.27 load
[runlim] sample:		3348.59 time, 3370.01 real, 10 MB, 55.22 load
[runlim] sample:		3358.52 time, 3380.01 real, 10 MB, 55.19 load
[runlim] sample:		3368.46 time, 3390.01 real, 10 MB, 55.16 load
[runlim] sample:		3378.40 time, 3400.01 real, 10 MB, 55.21 load
[runlim] sample:		3388.33 time, 3410.01 real, 10 MB, 55.26 load
[runlim] sample:		3398.27 time, 3420.01 real, 10 MB, 55.22 load
[runlim] sample:		3408.21 time, 3430.01 real, 10 MB, 55.18 load
[runlim] sample:		3418.15 time, 3440.01 real, 10 MB, 55.15 load
[runlim] sample:		3428.08 time, 3450.01 real, 10 MB, 55.21 load
[runlim] sample:		3438.02 time, 3460.01 real, 10 MB, 55.18 load
[runlim] sample:		3447.96 time, 3470.01 real, 10 MB, 55.31 load
[runlim] sample:		3457.89 time, 3480.01 real, 10 MB, 55.26 load
[runlim] sample:		3467.83 time, 3490.01 real, 10 MB, 55.30 load
[runlim] sample:		3477.76 time, 3500.01 real, 10 MB, 55.26 load
[runlim] sample:		3487.70 time, 3510.01 real, 10 MB, 55.29 load
[runlim] sample:		3497.63 time, 3520.01 real, 10 MB, 55.47 load
[runlim] sample:		3507.57 time, 3530.01 real, 10 MB, 55.47 load
[runlim] sample:		3517.51 time, 3540.01 real, 10 MB, 55.48 load
[runlim] sample:		3527.44 time, 3550.01 real, 10 MB, 55.40 load
[runlim] sample:		3537.38 time, 3560.01 real, 10 MB, 55.34 load
[runlim] sample:		3547.32 time, 3570.01 real, 10 MB, 55.29 load
[runlim] sample:		3557.26 time, 3580.01 real, 10 MB, 55.32 load
[runlim] sample:		3567.19 time, 3590.01 real, 10 MB, 55.27 load
[runlim] sample:		3577.13 time, 3600.01 real, 10 MB, 55.31 load
[runlim] sample:		3587.07 time, 3610.01 real, 10 MB, 55.26 load
[runlim] sample:		3597.00 time, 3620.01 real, 10 MB, 55.29 load
[runlim] sample:		3606.94 time, 3630.01 real, 10 MB, 55.25 load
[runlim] sample:		3616.87 time, 3640.01 real, 10 MB, 55.21 load
[runlim] sample:		3626.81 time, 3650.01 real, 10 MB, 55.18 load
[runlim] sample:		3636.75 time, 3660.01 real, 10 MB, 55.23 load
[runlim] sample:		3646.69 time, 3670.01 real, 10 MB, 55.19 load
[runlim] sample:		3656.62 time, 3680.01 real, 10 MB, 55.16 load
[runlim] sample:		3666.56 time, 3690.01 real, 10 MB, 55.14 load
[runlim] sample:		3676.50 time, 3700.01 real, 10 MB, 55.12 load
[runlim] sample:		3686.44 time, 3710.01 real, 10 MB, 55.10 load
[runlim] sample:		3696.38 time, 3720.01 real, 10 MB, 55.24 load
[runlim] sample:		3706.31 time, 3730.01 real, 10 MB, 55.20 load
[runlim] sample:		3716.25 time, 3740.01 real, 10 MB, 55.17 load
[runlim] sample:		3726.19 time, 3750.01 real, 10 MB, 55.15 load
[runlim] sample:		3736.13 time, 3760.01 real, 10 MB, 55.20 load
[runlim] sample:		3746.06 time, 3770.01 real, 10 MB, 55.25 load
[runlim] sample:		3756.00 time, 3780.01 real, 10 MB, 55.21 load
[runlim] sample:		3765.94 time, 3790.01 real, 10 MB, 55.26 load
[runlim] sample:		3775.88 time, 3800.01 real, 10 MB, 55.22 load
[runlim] sample:		3785.81 time, 3810.01 real, 10 MB, 55.18 load
[runlim] sample:		3795.75 time, 3820.01 real, 10 MB, 55.15 load
[runlim] sample:		3805.68 time, 3830.01 real, 10 MB, 55.13 load
[runlim] sample:		3815.62 time, 3840.01 real, 10 MB, 55.18 load
[runlim] sample:		3825.56 time, 3850.01 real, 10 MB, 55.23 load
[runlim] sample:		3835.50 time, 3860.01 real, 10 MB, 55.20 load
[runlim] sample:		3845.43 time, 3870.01 real, 10 MB, 55.17 load
[runlim] sample:		3855.37 time, 3880.01 real, 10 MB, 55.14 load
[runlim] sample:		3865.31 time, 3890.01 real, 10 MB, 55.12 load
[runlim] sample:		3875.24 time, 3900.01 real, 10 MB, 55.10 load
[runlim] sample:		3885.18 time, 3910.01 real, 10 MB, 55.16 load
[runlim] sample:		3895.12 time, 3920.01 real, 10 MB, 55.14 load
[runlim] sample:		3905.06 time, 3930.01 real, 10 MB, 55.12 load
[runlim] sample:		3914.99 time, 3940.01 real, 10 MB, 55.10 load
[runlim] sample:		3924.93 time, 3950.01 real, 10 MB, 55.16 load
[runlim] sample:		3934.87 time, 3960.01 real, 10 MB, 55.14 load
[runlim] sample:		3944.80 time, 3970.01 real, 10 MB, 55.20 load
[runlim] sample:		3954.74 time, 3980.01 real, 10 MB, 55.17 load
[runlim] sample:		3964.68 time, 3990.01 real, 10 MB, 55.14 load
[runlim] sample:		3974.61 time, 4000.01 real, 10 MB, 55.20 load
[runlim] sample:		3984.55 time, 4010.01 real, 10 MB, 55.24 load
[runlim] sample:		3994.49 time, 4020.01 real, 10 MB, 55.20 load
[runlim] sample:		4004.43 time, 4030.02 real, 10 MB, 55.17 load
[runlim] sample:		4014.36 time, 4040.01 real, 10 MB, 55.37 load
[runlim] sample:		4024.30 time, 4050.01 real, 10 MB, 55.31 load
[runlim] sample:		4034.23 time, 4060.01 real, 10 MB, 55.34 load
[runlim] sample:		4044.17 time, 4070.01 real, 10 MB, 55.28 load
[runlim] sample:		4054.10 time, 4080.01 real, 10 MB, 55.24 load
[runlim] sample:		4064.04 time, 4090.01 real, 10 MB, 55.20 load
[runlim] sample:		4073.97 time, 4100.01 real, 10 MB, 55.24 load
[runlim] sample:		4083.91 time, 4110.01 real, 10 MB, 55.29 load
[runlim] sample:		4093.84 time, 4120.01 real, 10 MB, 55.32 load
[runlim] sample:		4103.78 time, 4130.01 real, 10 MB, 55.27 load
[runlim] sample:		4113.72 time, 4140.01 real, 10 MB, 55.23 load
[runlim] sample:		4123.65 time, 4150.01 real, 10 MB, 55.19 load
[runlim] sample:		4133.59 time, 4160.01 real, 10 MB, 55.39 load
[runlim] sample:		4143.53 time, 4170.01 real, 10 MB, 55.41 load
[runlim] sample:		4153.46 time, 4180.01 real, 10 MB, 55.35 load
[runlim] sample:		4163.40 time, 4190.01 real, 10 MB, 55.29 load
[runlim] sample:		4173.34 time, 4200.01 real, 10 MB, 55.25 load
[runlim] sample:		4183.28 time, 4210.01 real, 10 MB, 55.21 load
[runlim] sample:		4193.21 time, 4220.01 real, 10 MB, 55.25 load
[runlim] sample:		4203.15 time, 4230.01 real, 10 MB, 55.21 load
[runlim] sample:		4213.09 time, 4240.01 real, 10 MB, 55.18 load
[runlim] sample:		4223.02 time, 4250.01 real, 10 MB, 55.15 load
[runlim] sample:		4232.96 time, 4260.01 real, 10 MB, 55.13 load
[runlim] sample:		4242.90 time, 4270.01 real, 10 MB, 55.11 load
[runlim] sample:		4252.84 time, 4280.01 real, 10 MB, 55.09 load
[runlim] sample:		4262.77 time, 4290.01 real, 10 MB, 55.08 load
[runlim] sample:		4272.71 time, 4300.01 real, 10 MB, 55.14 load
[runlim] sample:		4282.64 time, 4310.01 real, 10 MB, 55.12 load
[runlim] sample:		4292.58 time, 4320.01 real, 10 MB, 55.17 load
[runlim] sample:		4302.51 time, 4330.01 real, 10 MB, 55.14 load
[runlim] sample:		4312.45 time, 4340.01 real, 10 MB, 55.12 load
[runlim] sample:		4322.38 time, 4350.01 real, 10 MB, 55.10 load
[runlim] sample:		4332.32 time, 4360.01 real, 10 MB, 55.16 load
[runlim] sample:		4342.25 time, 4370.01 real, 10 MB, 55.14 load
[runlim] sample:		4352.19 time, 4380.01 real, 10 MB, 55.11 load
[runlim] sample:		4362.13 time, 4390.01 real, 10 MB, 55.10 load
[runlim] sample:		4372.06 time, 4400.01 real, 10 MB, 55.08 load
[runlim] sample:		4382.00 time, 4410.01 real, 10 MB, 55.07 load
[runlim] sample:		4391.93 time, 4420.01 real, 10 MB, 55.13 load
[runlim] sample:		4401.86 time, 4430.01 real, 10 MB, 55.11 load
[runlim] sample:		4411.80 time, 4440.01 real, 10 MB, 55.09 load
[runlim] sample:		4421.73 time, 4450.01 real, 10 MB, 55.16 load
[runlim] sample:		4431.66 time, 4460.01 real, 10 MB, 55.13 load
[runlim] sample:		4441.60 time, 4470.01 real, 10 MB, 55.19 load
[runlim] sample:		4451.53 time, 4480.01 real, 10 MB, 55.16 load
[runlim] sample:		4461.47 time, 4490.01 real, 10 MB, 55.21 load
[runlim] sample:		4471.40 time, 4500.01 real, 10 MB, 55.33 load
[runlim] sample:		4481.34 time, 4510.01 real, 10 MB, 55.44 load
[runlim] sample:		4491.27 time, 4520.01 real, 10 MB, 55.44 load
[runlim] sample:		4501.20 time, 4530.01 real, 10 MB, 55.37 load
[runlim] sample:		4511.13 time, 4540.01 real, 10 MB, 55.54 load
[runlim] sample:		4521.07 time, 4550.01 real, 10 MB, 55.45 load
[runlim] sample:		4531.01 time, 4560.01 real, 10 MB, 55.46 load
[runlim] sample:		4540.94 time, 4570.01 real, 10 MB, 55.39 load
[runlim] sample:		4550.88 time, 4580.01 real, 10 MB, 55.33 load
[runlim] sample:		4560.81 time, 4590.01 real, 10 MB, 55.36 load
[runlim] sample:		4570.75 time, 4600.01 real, 10 MB, 55.30 load
[runlim] sample:		4580.68 time, 4610.01 real, 10 MB, 55.26 load
[runlim] sample:		4590.62 time, 4620.01 real, 10 MB, 55.37 load
[runlim] sample:		4600.55 time, 4630.01 real, 10 MB, 55.31 load
[runlim] sample:		4610.49 time, 4640.01 real, 10 MB, 55.42 load
[runlim] sample:		4620.42 time, 4650.01 real, 10 MB, 55.35 load
[runlim] sample:		4630.36 time, 4660.01 real, 10 MB, 55.30 load
[runlim] sample:		4640.29 time, 4670.01 real, 10 MB, 55.25 load
[runlim] sample:		4650.23 time, 4680.01 real, 10 MB, 55.29 load
[runlim] sample:		4660.16 time, 4690.01 real, 10 MB, 55.24 load
[runlim] sample:		4670.10 time, 4700.01 real, 10 MB, 55.20 load
[runlim] sample:		4680.03 time, 4710.01 real, 10 MB, 55.25 load
[runlim] sample:		4689.96 time, 4720.01 real, 10 MB, 55.29 load
[runlim] sample:		4699.90 time, 4730.01 real, 10 MB, 55.24 load
[runlim] sample:		4709.83 time, 4740.01 real, 10 MB, 55.28 load
[runlim] sample:		4719.77 time, 4750.01 real, 10 MB, 55.24 load
[runlim] sample:		4729.70 time, 4760.01 real, 10 MB, 55.20 load
[runlim] sample:		4739.64 time, 4770.01 real, 10 MB, 55.17 load
[runlim] sample:		4749.57 time, 4780.01 real, 10 MB, 55.14 load
[runlim] sample:		4759.51 time, 4790.01 real, 10 MB, 55.19 load
[runlim] sample:		4769.44 time, 4800.01 real, 10 MB, 55.24 load
[runlim] sample:		4779.38 time, 4810.01 real, 10 MB, 55.21 load
[runlim] sample:		4789.32 time, 4820.01 real, 10 MB, 55.17 load
[runlim] sample:		4799.26 time, 4830.01 real, 10 MB, 55.23 load
[runlim] sample:		4809.19 time, 4840.01 real, 10 MB, 55.19 load
[runlim] sample:		4819.13 time, 4850.01 real, 10 MB, 55.16 load
[runlim] sample:		4829.06 time, 4860.01 real, 10 MB, 55.22 load
[runlim] sample:		4839.00 time, 4870.01 real, 10 MB, 55.18 load
[runlim] sample:		4848.94 time, 4880.01 real, 10 MB, 55.15 load
[runlim] sample:		4858.88 time, 4890.01 real, 10 MB, 55.13 load
[runlim] sample:		4868.82 time, 4900.01 real, 10 MB, 55.11 load
[runlim] sample:		4878.76 time, 4910.01 real, 10 MB, 55.09 load
[runlim] sample:		4888.70 time, 4920.01 real, 10 MB, 55.16 load
[runlim] sample:		4898.64 time, 4930.01 real, 10 MB, 55.13 load
[runlim] sample:		4908.58 time, 4940.01 real, 10 MB, 55.11 load
[runlim] sample:		4918.52 time, 4950.01 real, 10 MB, 55.25 load
[runlim] sample:		4928.45 time, 4960.01 real, 10 MB, 55.21 load
[runlim] sample:		4938.39 time, 4970.01 real, 10 MB, 55.26 load
[runlim] sample:		4948.33 time, 4980.01 real, 10 MB, 55.30 load
[runlim] sample:		4958.27 time, 4990.01 real, 10 MB, 54.16 load
[runlim] sample:		4968.21 time, 5000.01 real, 10 MB, 51.97 load
[runlim] end:			Thu Apr  9 21:45:48 2026
[runlim] status:		out of time
[runlim] result:		2
[runlim] children:		1
[runlim] processes:		2
[runlim] real:			5000.05 seconds
[runlim] time:			4968.21 seconds
[runlim] space:			10 MB
[runlim] load:			59.61 maximum
[runlim] samples:		50000
