[runlim] version:		2.0.0rc1
[runlim] host:			o02n04
[runlim] time limit:		311040000 seconds
[runlim] real time limit:	5000 seconds
[runlim] space limit:		7000 MB
[runlim] argv[0]:		./binary
[runlim] argv[1]:		-c
[runlim] argv[2]:		-f
[runlim] argv[3]:		-s
[runlim] argv[4]:		-r
[runlim] argv[5]:		/tmp/local-unzipped-12459995-1-17-mc2025_track1_057.cnf
[runlim] start:			Thu Apr  9 20:22:20 2026
[runlim] child:			4109755
[runlim] sample:		9.96 time, 10.01 real, 4 MB, 5.80 load
[runlim] sample:		19.91 time, 20.01 real, 4 MB, 9.93 load
[runlim] sample:		29.86 time, 30.01 real, 4 MB, 14.95 load
[runlim] sample:		39.81 time, 40.01 real, 4 MB, 20.82 load
[runlim] sample:		49.75 time, 50.01 real, 4 MB, 27.32 load
[runlim] sample:		59.69 time, 60.01 real, 4 MB, 33.35 load
[runlim] sample:		69.63 time, 70.01 real, 4 MB, 38.45 load
[runlim] sample:		79.57 time, 80.01 real, 4 MB, 42.46 load
[runlim] sample:		89.51 time, 90.01 real, 4 MB, 45.77 load
[runlim] sample:		99.46 time, 100.01 real, 4 MB, 48.57 load
[runlim] sample:		109.40 time, 110.01 real, 4 MB, 51.45 load
[runlim] sample:		119.34 time, 120.01 real, 4 MB, 53.38 load
[runlim] sample:		129.29 time, 130.01 real, 4 MB, 54.78 load
[runlim] sample:		139.24 time, 140.01 real, 4 MB, 55.89 load
[runlim] sample:		149.19 time, 150.01 real, 4 MB, 56.67 load
[runlim] sample:		159.14 time, 160.01 real, 4 MB, 57.34 load
[runlim] sample:		169.08 time, 170.01 real, 4 MB, 58.05 load
[runlim] sample:		179.03 time, 180.01 real, 4 MB, 58.42 load
[runlim] sample:		188.98 time, 190.01 real, 4 MB, 58.75 load
[runlim] sample:		198.92 time, 200.01 real, 5 MB, 58.86 load
[runlim] sample:		208.84 time, 210.01 real, 5 MB, 58.88 load
[runlim] sample:		218.77 time, 220.01 real, 5 MB, 58.90 load
[runlim] sample:		228.71 time, 230.01 real, 5 MB, 59.06 load
[runlim] sample:		238.65 time, 240.01 real, 5 MB, 59.61 load
[runlim] sample:		248.59 time, 250.01 real, 5 MB, 59.52 load
[runlim] sample:		258.53 time, 260.01 real, 5 MB, 59.44 load
[runlim] sample:		268.47 time, 270.01 real, 5 MB, 59.44 load
[runlim] sample:		278.42 time, 280.01 real, 5 MB, 59.46 load
[runlim] sample:		288.36 time, 290.01 real, 5 MB, 59.46 load
[runlim] sample:		298.30 time, 300.01 real, 5 MB, 59.39 load
[runlim] sample:		308.24 time, 310.01 real, 5 MB, 59.33 load
[runlim] sample:		318.19 time, 320.01 real, 5 MB, 59.28 load
[runlim] sample:		328.13 time, 330.01 real, 5 MB, 59.23 load
[runlim] sample:		338.08 time, 340.01 real, 5 MB, 59.20 load
[runlim] sample:		348.01 time, 350.01 real, 5 MB, 59.17 load
[runlim] sample:		357.96 time, 360.01 real, 5 MB, 59.14 load
[runlim] sample:		367.90 time, 370.01 real, 5 MB, 59.12 load
[runlim] sample:		377.85 time, 380.01 real, 5 MB, 59.10 load
[runlim] sample:		387.79 time, 390.01 real, 5 MB, 59.08 load
[runlim] sample:		397.74 time, 400.01 real, 5 MB, 59.07 load
[runlim] sample:		407.64 time, 410.01 real, 5 MB, 59.06 load
[runlim] sample:		417.59 time, 420.01 real, 5 MB, 59.05 load
[runlim] sample:		427.54 time, 430.01 real, 5 MB, 59.12 load
[runlim] sample:		437.49 time, 440.01 real, 5 MB, 59.17 load
[runlim] sample:		447.44 time, 450.01 real, 5 MB, 59.14 load
[runlim] sample:		457.39 time, 460.01 real, 5 MB, 59.27 load
[runlim] sample:		467.33 time, 470.01 real, 5 MB, 59.31 load
[runlim] sample:		477.27 time, 480.01 real, 5 MB, 59.11 load
[runlim] sample:		487.21 time, 490.01 real, 5 MB, 59.08 load
[runlim] sample:		497.15 time, 500.01 real, 5 MB, 59.32 load
[runlim] sample:		507.09 time, 510.01 real, 5 MB, 58.89 load
[runlim] sample:		517.04 time, 520.01 real, 5 MB, 58.44 load
[runlim] sample:		526.99 time, 530.01 real, 5 MB, 58.23 load
[runlim] sample:		536.93 time, 540.01 real, 5 MB, 57.96 load
[runlim] sample:		546.88 time, 550.01 real, 5 MB, 57.82 load
[runlim] sample:		556.83 time, 560.01 real, 5 MB, 57.61 load
[runlim] sample:		566.78 time, 570.01 real, 5 MB, 57.36 load
[runlim] sample:		576.72 time, 580.01 real, 5 MB, 57.15 load
[runlim] sample:		586.67 time, 590.01 real, 5 MB, 57.05 load
[runlim] sample:		596.62 time, 600.01 real, 5 MB, 56.89 load
[runlim] sample:		606.56 time, 610.01 real, 5 MB, 56.83 load
[runlim] sample:		616.51 time, 620.01 real, 5 MB, 56.70 load
[runlim] sample:		626.46 time, 630.01 real, 5 MB, 56.67 load
[runlim] sample:		636.41 time, 640.01 real, 5 MB, 56.57 load
[runlim] sample:		646.36 time, 650.01 real, 5 MB, 56.48 load
[runlim] sample:		656.31 time, 660.01 real, 5 MB, 56.41 load
[runlim] sample:		666.25 time, 670.01 real, 5 MB, 56.81 load
[runlim] sample:		676.20 time, 680.01 real, 5 MB, 56.76 load
[runlim] sample:		686.14 time, 690.01 real, 5 MB, 56.81 load
[runlim] sample:		696.09 time, 700.01 real, 5 MB, 56.68 load
[runlim] sample:		706.03 time, 710.01 real, 5 MB, 56.58 load
[runlim] sample:		715.98 time, 720.01 real, 5 MB, 56.49 load
[runlim] sample:		725.93 time, 730.01 real, 5 MB, 56.57 load
[runlim] sample:		735.88 time, 740.01 real, 5 MB, 56.48 load
[runlim] sample:		745.82 time, 750.01 real, 5 MB, 56.40 load
[runlim] sample:		755.77 time, 760.01 real, 5 MB, 56.34 load
[runlim] sample:		765.71 time, 770.01 real, 5 MB, 56.44 load
[runlim] sample:		775.66 time, 780.01 real, 5 MB, 56.37 load
[runlim] sample:		785.61 time, 790.01 real, 5 MB, 56.48 load
[runlim] sample:		795.55 time, 800.01 real, 5 MB, 56.48 load
[runlim] sample:		805.50 time, 810.01 real, 5 MB, 56.40 load
[runlim] sample:		815.45 time, 820.01 real, 5 MB, 56.34 load
[runlim] sample:		825.39 time, 830.01 real, 5 MB, 56.44 load
[runlim] sample:		835.34 time, 840.01 real, 5 MB, 56.37 load
[runlim] sample:		845.28 time, 850.01 real, 5 MB, 56.40 load
[runlim] sample:		855.23 time, 860.01 real, 5 MB, 56.48 load
[runlim] sample:		865.18 time, 870.01 real, 5 MB, 56.41 load
[runlim] sample:		875.13 time, 880.01 real, 5 MB, 56.35 load
[runlim] sample:		885.07 time, 890.01 real, 5 MB, 56.44 load
[runlim] sample:		895.02 time, 900.01 real, 5 MB, 56.60 load
[runlim] sample:		904.96 time, 910.01 real, 5 MB, 56.66 load
[runlim] sample:		914.91 time, 920.01 real, 5 MB, 56.56 load
[runlim] sample:		924.85 time, 930.01 real, 5 MB, 56.55 load
[runlim] sample:		934.80 time, 940.01 real, 5 MB, 56.55 load
[runlim] sample:		944.74 time, 950.01 real, 5 MB, 56.62 load
[runlim] sample:		954.69 time, 960.01 real, 5 MB, 56.60 load
[runlim] sample:		964.63 time, 970.01 real, 5 MB, 56.59 load
[runlim] sample:		974.58 time, 980.01 real, 5 MB, 56.65 load
[runlim] sample:		984.53 time, 990.01 real, 5 MB, 56.78 load
[runlim] sample:		994.48 time, 1000.01 real, 5 MB, 56.81 load
[runlim] sample:		1004.42 time, 1010.01 real, 5 MB, 56.92 load
[runlim] sample:		1014.37 time, 1020.01 real, 5 MB, 57.02 load
[runlim] sample:		1024.31 time, 1030.01 real, 5 MB, 57.09 load
[runlim] sample:		1034.26 time, 1040.01 real, 5 MB, 57.16 load
[runlim] sample:		1044.21 time, 1050.01 real, 5 MB, 57.21 load
[runlim] sample:		1054.16 time, 1060.01 real, 5 MB, 57.18 load
[runlim] sample:		1064.10 time, 1070.01 real, 5 MB, 57.30 load
[runlim] sample:		1074.05 time, 1080.01 real, 5 MB, 57.33 load
[runlim] sample:		1084.00 time, 1090.01 real, 5 MB, 57.44 load
[runlim] sample:		1093.94 time, 1100.01 real, 5 MB, 57.53 load
[runlim] sample:		1103.89 time, 1110.01 real, 5 MB, 57.53 load
[runlim] sample:		1113.83 time, 1120.01 real, 5 MB, 57.37 load
[runlim] sample:		1123.78 time, 1130.01 real, 5 MB, 57.24 load
[runlim] sample:		1133.72 time, 1140.01 real, 5 MB, 57.05 load
[runlim] sample:		1143.67 time, 1150.01 real, 5 MB, 56.89 load
[runlim] sample:		1153.61 time, 1160.01 real, 5 MB, 56.75 load
[runlim] sample:		1163.55 time, 1170.01 real, 5 MB, 56.71 load
[runlim] sample:		1173.49 time, 1180.01 real, 5 MB, 56.60 load
[runlim] sample:		1183.44 time, 1190.01 real, 5 MB, 56.51 load
[runlim] sample:		1193.38 time, 1200.01 real, 5 MB, 56.43 load
[runlim] sample:		1203.33 time, 1210.01 real, 5 MB, 56.36 load
[runlim] sample:		1213.27 time, 1220.01 real, 5 MB, 56.31 load
[runlim] sample:		1223.21 time, 1230.01 real, 5 MB, 56.34 load
[runlim] sample:		1233.16 time, 1240.01 real, 5 MB, 56.29 load
[runlim] sample:		1243.10 time, 1250.01 real, 5 MB, 56.24 load
[runlim] sample:		1253.04 time, 1260.01 real, 5 MB, 56.28 load
[runlim] sample:		1262.99 time, 1270.01 real, 5 MB, 56.24 load
[runlim] sample:		1272.93 time, 1280.01 real, 5 MB, 56.20 load
[runlim] sample:		1282.88 time, 1290.01 real, 5 MB, 56.41 load
[runlim] sample:		1292.82 time, 1300.01 real, 5 MB, 56.35 load
[runlim] sample:		1302.76 time, 1310.01 real, 5 MB, 56.29 load
[runlim] sample:		1312.70 time, 1320.01 real, 5 MB, 56.25 load
[runlim] sample:		1322.65 time, 1330.01 real, 5 MB, 56.21 load
[runlim] sample:		1332.59 time, 1340.01 real, 5 MB, 56.18 load
[runlim] sample:		1342.53 time, 1350.01 real, 5 MB, 56.15 load
[runlim] sample:		1352.48 time, 1360.01 real, 5 MB, 56.12 load
[runlim] sample:		1362.42 time, 1370.01 real, 5 MB, 56.10 load
[runlim] sample:		1372.37 time, 1380.01 real, 5 MB, 56.09 load
[runlim] sample:		1382.31 time, 1390.01 real, 5 MB, 56.15 load
[runlim] sample:		1392.25 time, 1400.01 real, 5 MB, 56.21 load
[runlim] sample:		1402.18 time, 1410.01 real, 5 MB, 56.18 load
[runlim] sample:		1412.13 time, 1420.01 real, 5 MB, 56.15 load
[runlim] sample:		1422.07 time, 1430.01 real, 5 MB, 56.13 load
[runlim] sample:		1432.01 time, 1440.01 real, 5 MB, 56.11 load
[runlim] sample:		1441.96 time, 1450.01 real, 5 MB, 56.09 load
[runlim] sample:		1451.90 time, 1460.01 real, 5 MB, 56.15 load
[runlim] sample:		1461.84 time, 1470.01 real, 5 MB, 56.29 load
[runlim] sample:		1471.79 time, 1480.01 real, 5 MB, 56.24 load
[runlim] sample:		1481.73 time, 1490.01 real, 5 MB, 56.20 load
[runlim] sample:		1491.67 time, 1500.01 real, 5 MB, 56.17 load
[runlim] sample:		1501.61 time, 1510.01 real, 5 MB, 56.23 load
[runlim] sample:		1511.55 time, 1520.01 real, 5 MB, 56.19 load
[runlim] sample:		1521.49 time, 1530.01 real, 5 MB, 56.24 load
[runlim] sample:		1531.44 time, 1540.01 real, 5 MB, 56.36 load
[runlim] sample:		1541.38 time, 1550.01 real, 5 MB, 56.30 load
[runlim] sample:		1551.32 time, 1560.01 real, 5 MB, 56.10 load
[runlim] sample:		1561.26 time, 1570.01 real, 5 MB, 55.93 load
[runlim] sample:		1571.21 time, 1580.01 real, 5 MB, 55.87 load
[runlim] sample:		1581.15 time, 1590.01 real, 5 MB, 55.81 load
[runlim] sample:		1591.09 time, 1600.01 real, 5 MB, 55.68 load
[runlim] sample:		1601.03 time, 1610.01 real, 5 MB, 55.58 load
[runlim] sample:		1610.98 time, 1620.01 real, 5 MB, 55.49 load
[runlim] sample:		1620.92 time, 1630.01 real, 5 MB, 55.41 load
[runlim] sample:		1630.86 time, 1640.01 real, 5 MB, 55.42 load
[runlim] sample:		1640.80 time, 1650.01 real, 5 MB, 55.36 load
[runlim] sample:		1650.75 time, 1660.01 real, 5 MB, 55.30 load
[runlim] sample:		1660.69 time, 1670.01 real, 5 MB, 55.26 load
[runlim] sample:		1670.63 time, 1680.01 real, 5 MB, 55.29 load
[runlim] sample:		1680.58 time, 1690.01 real, 5 MB, 55.32 load
[runlim] sample:		1690.52 time, 1700.01 real, 5 MB, 55.35 load
[runlim] sample:		1700.47 time, 1710.01 real, 5 MB, 55.30 load
[runlim] sample:		1710.42 time, 1720.01 real, 5 MB, 55.25 load
[runlim] sample:		1720.36 time, 1730.01 real, 5 MB, 55.21 load
[runlim] sample:		1730.31 time, 1740.01 real, 5 MB, 55.18 load
[runlim] sample:		1740.25 time, 1750.01 real, 5 MB, 55.15 load
[runlim] sample:		1750.20 time, 1760.01 real, 5 MB, 55.13 load
[runlim] sample:		1760.15 time, 1770.01 real, 5 MB, 55.26 load
[runlim] sample:		1770.09 time, 1780.01 real, 5 MB, 55.22 load
[runlim] sample:		1780.04 time, 1790.01 real, 5 MB, 55.26 load
[runlim] sample:		1789.98 time, 1800.01 real, 5 MB, 55.22 load
[runlim] sample:		1799.93 time, 1810.01 real, 5 MB, 55.19 load
[runlim] sample:		1809.88 time, 1820.01 real, 5 MB, 55.16 load
[runlim] sample:		1819.83 time, 1830.01 real, 5 MB, 55.13 load
[runlim] sample:		1829.77 time, 1840.01 real, 5 MB, 55.19 load
[runlim] sample:		1839.72 time, 1850.01 real, 5 MB, 55.16 load
[runlim] sample:		1849.66 time, 1860.01 real, 5 MB, 55.13 load
[runlim] sample:		1859.61 time, 1870.01 real, 5 MB, 55.11 load
[runlim] sample:		1869.56 time, 1880.01 real, 5 MB, 55.09 load
[runlim] sample:		1879.50 time, 1890.01 real, 5 MB, 55.08 load
[runlim] sample:		1889.45 time, 1900.01 real, 5 MB, 55.15 load
[runlim] sample:		1899.40 time, 1910.01 real, 5 MB, 55.12 load
[runlim] sample:		1909.34 time, 1920.01 real, 5 MB, 55.10 load
[runlim] sample:		1919.29 time, 1930.01 real, 5 MB, 55.09 load
[runlim] sample:		1929.24 time, 1940.01 real, 5 MB, 55.07 load
[runlim] sample:		1939.19 time, 1950.01 real, 5 MB, 55.14 load
[runlim] sample:		1949.14 time, 1960.01 real, 5 MB, 55.19 load
[runlim] sample:		1959.08 time, 1970.01 real, 5 MB, 55.16 load
[runlim] sample:		1969.03 time, 1980.01 real, 5 MB, 55.21 load
[runlim] sample:		1978.98 time, 1990.01 real, 5 MB, 55.18 load
[runlim] sample:		1988.93 time, 2000.01 real, 5 MB, 55.15 load
[runlim] sample:		1998.88 time, 2010.01 real, 5 MB, 55.44 load
[runlim] sample:		2008.82 time, 2020.01 real, 5 MB, 55.37 load
[runlim] sample:		2018.77 time, 2030.01 real, 5 MB, 55.31 load
[runlim] sample:		2028.72 time, 2040.01 real, 5 MB, 55.50 load
[runlim] sample:		2038.66 time, 2050.01 real, 5 MB, 55.43 load
[runlim] sample:		2048.61 time, 2060.01 real, 5 MB, 55.36 load
[runlim] sample:		2058.56 time, 2070.01 real, 5 MB, 55.30 load
[runlim] sample:		2068.51 time, 2080.01 real, 5 MB, 55.26 load
[runlim] sample:		2078.45 time, 2090.01 real, 5 MB, 55.29 load
[runlim] sample:		2088.40 time, 2100.01 real, 5 MB, 55.25 load
[runlim] sample:		2098.34 time, 2110.01 real, 5 MB, 55.21 load
[runlim] sample:		2108.29 time, 2120.01 real, 5 MB, 55.48 load
[runlim] sample:		2118.24 time, 2130.01 real, 5 MB, 55.63 load
[runlim] sample:		2128.18 time, 2140.01 real, 5 MB, 55.53 load
[runlim] sample:		2138.13 time, 2150.01 real, 5 MB, 55.45 load
[runlim] sample:		2148.07 time, 2160.01 real, 5 MB, 55.38 load
[runlim] sample:		2158.02 time, 2170.01 real, 5 MB, 55.32 load
[runlim] sample:		2167.97 time, 2180.01 real, 5 MB, 55.27 load
[runlim] sample:		2177.92 time, 2190.01 real, 5 MB, 55.23 load
[runlim] sample:		2187.86 time, 2200.01 real, 5 MB, 55.19 load
[runlim] sample:		2197.81 time, 2210.01 real, 5 MB, 55.16 load
[runlim] sample:		2207.76 time, 2220.01 real, 5 MB, 55.14 load
[runlim] sample:		2217.70 time, 2230.01 real, 5 MB, 55.12 load
[runlim] sample:		2227.65 time, 2240.01 real, 5 MB, 55.10 load
[runlim] sample:		2237.60 time, 2250.01 real, 5 MB, 55.08 load
[runlim] sample:		2247.54 time, 2260.01 real, 5 MB, 55.07 load
[runlim] sample:		2257.49 time, 2270.01 real, 5 MB, 55.06 load
[runlim] sample:		2267.44 time, 2280.01 real, 5 MB, 55.05 load
[runlim] sample:		2277.38 time, 2290.01 real, 5 MB, 55.04 load
[runlim] sample:		2287.33 time, 2300.01 real, 5 MB, 55.11 load
[runlim] sample:		2297.27 time, 2310.01 real, 5 MB, 55.10 load
[runlim] sample:		2307.21 time, 2320.01 real, 5 MB, 55.08 load
[runlim] sample:		2317.16 time, 2330.01 real, 5 MB, 55.07 load
[runlim] sample:		2327.10 time, 2340.01 real, 5 MB, 55.06 load
[runlim] sample:		2337.05 time, 2350.01 real, 5 MB, 55.05 load
[runlim] sample:		2346.99 time, 2360.01 real, 5 MB, 55.12 load
[runlim] sample:		2356.94 time, 2370.01 real, 5 MB, 55.10 load
[runlim] sample:		2366.89 time, 2380.01 real, 5 MB, 55.09 load
[runlim] sample:		2376.83 time, 2390.01 real, 5 MB, 55.07 load
[runlim] sample:		2386.78 time, 2400.01 real, 5 MB, 55.06 load
[runlim] sample:		2396.72 time, 2410.01 real, 5 MB, 55.05 load
[runlim] sample:		2406.67 time, 2420.01 real, 5 MB, 55.04 load
[runlim] sample:		2416.62 time, 2430.01 real, 5 MB, 55.04 load
[runlim] sample:		2426.57 time, 2440.01 real, 5 MB, 55.03 load
[runlim] sample:		2436.51 time, 2450.01 real, 5 MB, 55.10 load
[runlim] sample:		2446.46 time, 2460.01 real, 5 MB, 55.16 load
[runlim] sample:		2456.41 time, 2470.01 real, 5 MB, 55.13 load
[runlim] sample:		2466.35 time, 2480.01 real, 5 MB, 55.19 load
[runlim] sample:		2476.30 time, 2490.01 real, 5 MB, 55.16 load
[runlim] sample:		2486.25 time, 2500.01 real, 5 MB, 55.35 load
[runlim] sample:		2496.20 time, 2510.01 real, 5 MB, 55.38 load
[runlim] sample:		2506.14 time, 2520.01 real, 5 MB, 55.32 load
[runlim] sample:		2516.09 time, 2530.01 real, 5 MB, 55.27 load
[runlim] sample:		2526.04 time, 2540.01 real, 5 MB, 55.31 load
[runlim] sample:		2535.99 time, 2550.01 real, 5 MB, 55.26 load
[runlim] sample:		2545.93 time, 2560.01 real, 5 MB, 55.29 load
[runlim] sample:		2555.88 time, 2570.01 real, 5 MB, 55.40 load
[runlim] sample:		2565.83 time, 2580.01 real, 5 MB, 55.34 load
[runlim] sample:		2575.77 time, 2590.01 real, 5 MB, 55.36 load
[runlim] sample:		2585.72 time, 2600.01 real, 5 MB, 55.31 load
[runlim] sample:		2595.67 time, 2610.01 real, 5 MB, 55.26 load
[runlim] sample:		2605.62 time, 2620.01 real, 5 MB, 55.37 load
[runlim] sample:		2615.56 time, 2630.01 real, 5 MB, 55.31 load
[runlim] sample:		2625.51 time, 2640.01 real, 5 MB, 55.27 load
[runlim] sample:		2635.46 time, 2650.01 real, 5 MB, 55.22 load
[runlim] sample:		2645.41 time, 2660.01 real, 5 MB, 55.19 load
[runlim] sample:		2655.36 time, 2670.01 real, 5 MB, 55.23 load
[runlim] sample:		2665.30 time, 2680.01 real, 5 MB, 55.28 load
[runlim] sample:		2675.25 time, 2690.01 real, 5 MB, 55.24 load
[runlim] sample:		2685.20 time, 2700.01 real, 5 MB, 55.35 load
[runlim] sample:		2695.14 time, 2710.01 real, 5 MB, 55.29 load
[runlim] sample:		2705.09 time, 2720.01 real, 5 MB, 55.25 load
[runlim] sample:		2715.03 time, 2730.01 real, 5 MB, 55.21 load
[runlim] sample:		2724.98 time, 2740.01 real, 5 MB, 55.18 load
[runlim] sample:		2734.92 time, 2750.01 real, 5 MB, 55.15 load
[runlim] sample:		2744.87 time, 2760.01 real, 5 MB, 55.12 load
[runlim] sample:		2754.81 time, 2770.01 real, 5 MB, 55.11 load
[runlim] sample:		2764.75 time, 2780.01 real, 5 MB, 55.09 load
[runlim] sample:		2774.70 time, 2790.01 real, 5 MB, 55.07 load
[runlim] sample:		2784.64 time, 2800.01 real, 5 MB, 55.06 load
[runlim] sample:		2794.59 time, 2810.01 real, 5 MB, 55.05 load
[runlim] sample:		2804.53 time, 2820.01 real, 5 MB, 55.04 load
[runlim] sample:		2814.48 time, 2830.01 real, 5 MB, 55.04 load
[runlim] sample:		2824.42 time, 2840.01 real, 5 MB, 55.11 load
[runlim] sample:		2834.36 time, 2850.01 real, 5 MB, 55.09 load
[runlim] sample:		2844.31 time, 2860.01 real, 5 MB, 55.08 load
[runlim] sample:		2854.25 time, 2870.01 real, 5 MB, 55.07 load
[runlim] sample:		2864.20 time, 2880.01 real, 5 MB, 55.13 load
[runlim] sample:		2874.14 time, 2890.01 real, 5 MB, 55.11 load
[runlim] sample:		2884.08 time, 2900.01 real, 5 MB, 55.09 load
[runlim] sample:		2894.03 time, 2910.01 real, 5 MB, 55.15 load
[runlim] sample:		2903.97 time, 2920.01 real, 5 MB, 55.13 load
[runlim] sample:		2913.92 time, 2930.01 real, 5 MB, 55.11 load
[runlim] sample:		2923.86 time, 2940.01 real, 5 MB, 55.09 load
[runlim] sample:		2933.81 time, 2950.01 real, 5 MB, 55.08 load
[runlim] sample:		2943.75 time, 2960.01 real, 5 MB, 55.14 load
[runlim] sample:		2953.70 time, 2970.01 real, 5 MB, 55.19 load
[runlim] sample:		2963.64 time, 2980.01 real, 5 MB, 55.24 load
[runlim] sample:		2973.58 time, 2990.01 real, 5 MB, 55.20 load
[runlim] sample:		2983.53 time, 3000.01 real, 5 MB, 55.24 load
[runlim] sample:		2993.48 time, 3010.01 real, 5 MB, 55.36 load
[runlim] sample:		3003.42 time, 3020.01 real, 5 MB, 55.30 load
[runlim] sample:		3013.37 time, 3030.01 real, 5 MB, 55.26 load
[runlim] sample:		3023.31 time, 3040.01 real, 5 MB, 55.30 load
[runlim] sample:		3033.26 time, 3050.01 real, 5 MB, 55.33 load
[runlim] sample:		3043.20 time, 3060.01 real, 5 MB, 55.42 load
[runlim] sample:		3053.15 time, 3070.01 real, 5 MB, 55.36 load
[runlim] sample:		3063.10 time, 3080.01 real, 5 MB, 55.30 load
[runlim] sample:		3073.04 time, 3090.01 real, 5 MB, 55.33 load
[runlim] sample:		3082.99 time, 3100.01 real, 5 MB, 55.28 load
[runlim] sample:		3092.94 time, 3110.01 real, 5 MB, 55.24 load
[runlim] sample:		3102.88 time, 3120.01 real, 5 MB, 55.35 load
[runlim] sample:		3112.83 time, 3130.01 real, 5 MB, 55.30 load
[runlim] sample:		3122.78 time, 3140.01 real, 5 MB, 55.25 load
[runlim] sample:		3132.73 time, 3150.01 real, 5 MB, 55.21 load
[runlim] sample:		3142.67 time, 3160.01 real, 5 MB, 55.26 load
[runlim] sample:		3152.62 time, 3170.01 real, 5 MB, 55.22 load
[runlim] sample:		3162.57 time, 3180.01 real, 5 MB, 55.48 load
[runlim] sample:		3172.52 time, 3190.01 real, 5 MB, 55.41 load
[runlim] sample:		3182.46 time, 3200.01 real, 5 MB, 55.42 load
[runlim] sample:		3192.41 time, 3210.01 real, 5 MB, 55.36 load
[runlim] sample:		3202.36 time, 3220.01 real, 5 MB, 55.30 load
[runlim] sample:		3212.30 time, 3230.01 real, 5 MB, 55.26 load
[runlim] sample:		3222.25 time, 3240.01 real, 5 MB, 55.36 load
[runlim] sample:		3232.19 time, 3250.01 real, 5 MB, 55.31 load
[runlim] sample:		3242.14 time, 3260.01 real, 5 MB, 55.26 load
[runlim] sample:		3252.08 time, 3270.01 real, 5 MB, 55.22 load
[runlim] sample:		3262.03 time, 3280.01 real, 5 MB, 55.18 load
[runlim] sample:		3271.98 time, 3290.01 real, 5 MB, 55.16 load
[runlim] sample:		3281.93 time, 3300.01 real, 5 MB, 55.13 load
[runlim] sample:		3291.88 time, 3310.01 real, 5 MB, 55.11 load
[runlim] sample:		3301.83 time, 3320.01 real, 5 MB, 55.09 load
[runlim] sample:		3311.78 time, 3330.01 real, 5 MB, 55.08 load
[runlim] sample:		3321.73 time, 3340.01 real, 5 MB, 55.07 load
[runlim] sample:		3331.67 time, 3350.01 real, 5 MB, 55.06 load
[runlim] sample:		3341.62 time, 3360.01 real, 5 MB, 55.20 load
[runlim] sample:		3351.57 time, 3370.01 real, 5 MB, 55.24 load
[runlim] sample:		3361.52 time, 3380.01 real, 5 MB, 55.21 load
[runlim] sample:		3371.47 time, 3390.01 real, 5 MB, 55.17 load
[runlim] sample:		3381.42 time, 3400.01 real, 5 MB, 55.23 load
[runlim] sample:		3391.36 time, 3410.01 real, 5 MB, 55.19 load
[runlim] sample:		3401.31 time, 3420.01 real, 5 MB, 55.24 load
[runlim] sample:		3411.26 time, 3430.01 real, 5 MB, 55.20 load
[runlim] sample:		3421.21 time, 3440.01 real, 5 MB, 55.17 load
[runlim] sample:		3431.16 time, 3450.01 real, 5 MB, 55.14 load
[runlim] sample:		3441.10 time, 3460.01 real, 5 MB, 55.19 load
[runlim] sample:		3451.05 time, 3470.01 real, 5 MB, 55.16 load
[runlim] sample:		3461.00 time, 3480.01 real, 5 MB, 55.29 load
[runlim] sample:		3470.95 time, 3490.01 real, 5 MB, 55.24 load
[runlim] sample:		3480.90 time, 3500.01 real, 5 MB, 55.28 load
[runlim] sample:		3490.84 time, 3510.01 real, 5 MB, 55.32 load
[runlim] sample:		3500.79 time, 3520.01 real, 5 MB, 55.51 load
[runlim] sample:		3510.74 time, 3530.01 real, 5 MB, 55.43 load
[runlim] sample:		3520.69 time, 3540.01 real, 5 MB, 55.52 load
[runlim] sample:		3530.64 time, 3550.01 real, 5 MB, 55.44 load
[runlim] sample:		3540.58 time, 3560.01 real, 5 MB, 55.37 load
[runlim] sample:		3550.53 time, 3570.01 real, 5 MB, 55.31 load
[runlim] sample:		3560.48 time, 3580.01 real, 5 MB, 55.34 load
[runlim] sample:		3570.43 time, 3590.01 real, 5 MB, 55.29 load
[runlim] sample:		3580.37 time, 3600.01 real, 5 MB, 55.25 load
[runlim] sample:		3590.32 time, 3610.01 real, 5 MB, 55.28 load
[runlim] sample:		3600.27 time, 3620.01 real, 5 MB, 55.32 load
[runlim] sample:		3610.22 time, 3630.01 real, 5 MB, 55.27 load
[runlim] sample:		3620.16 time, 3640.01 real, 5 MB, 55.23 load
[runlim] sample:		3630.11 time, 3650.01 real, 5 MB, 55.19 load
[runlim] sample:		3640.06 time, 3660.01 real, 5 MB, 55.16 load
[runlim] sample:		3650.01 time, 3670.01 real, 5 MB, 55.21 load
[runlim] sample:		3659.95 time, 3680.01 real, 5 MB, 55.18 load
[runlim] sample:		3669.90 time, 3690.01 real, 5 MB, 55.15 load
[runlim] sample:		3679.85 time, 3700.01 real, 5 MB, 55.13 load
[runlim] sample:		3689.79 time, 3710.01 real, 5 MB, 55.11 load
[runlim] sample:		3699.74 time, 3720.01 real, 5 MB, 55.09 load
[runlim] sample:		3709.69 time, 3730.01 real, 5 MB, 55.22 load
[runlim] sample:		3719.64 time, 3740.01 real, 5 MB, 55.19 load
[runlim] sample:		3729.58 time, 3750.01 real, 5 MB, 55.16 load
[runlim] sample:		3739.53 time, 3760.01 real, 5 MB, 55.13 load
[runlim] sample:		3749.48 time, 3770.01 real, 5 MB, 55.27 load
[runlim] sample:		3759.42 time, 3780.01 real, 5 MB, 55.23 load
[runlim] sample:		3769.37 time, 3790.01 real, 5 MB, 55.19 load
[runlim] sample:		3779.32 time, 3800.01 real, 5 MB, 55.23 load
[runlim] sample:		3789.26 time, 3810.01 real, 5 MB, 55.20 load
[runlim] sample:		3799.21 time, 3820.01 real, 5 MB, 55.17 load
[runlim] sample:		3809.16 time, 3830.01 real, 5 MB, 55.14 load
[runlim] sample:		3819.10 time, 3840.01 real, 5 MB, 55.20 load
[runlim] sample:		3829.05 time, 3850.01 real, 5 MB, 55.17 load
[runlim] sample:		3839.00 time, 3860.01 real, 5 MB, 55.22 load
[runlim] sample:		3848.94 time, 3870.01 real, 5 MB, 55.18 load
[runlim] sample:		3858.89 time, 3880.01 real, 5 MB, 55.15 load
[runlim] sample:		3868.84 time, 3890.01 real, 5 MB, 55.13 load
[runlim] sample:		3878.78 time, 3900.01 real, 5 MB, 55.11 load
[runlim] sample:		3888.73 time, 3910.01 real, 5 MB, 55.09 load
[runlim] sample:		3898.68 time, 3920.01 real, 5 MB, 55.15 load
[runlim] sample:		3908.62 time, 3930.01 real, 5 MB, 55.13 load
[runlim] sample:		3918.57 time, 3940.01 real, 5 MB, 55.11 load
[runlim] sample:		3928.52 time, 3950.01 real, 5 MB, 55.09 load
[runlim] sample:		3938.46 time, 3960.01 real, 5 MB, 55.15 load
[runlim] sample:		3948.41 time, 3970.01 real, 5 MB, 55.13 load
[runlim] sample:		3958.36 time, 3980.01 real, 5 MB, 55.18 load
[runlim] sample:		3968.31 time, 3990.01 real, 5 MB, 55.15 load
[runlim] sample:		3978.25 time, 4000.01 real, 5 MB, 55.13 load
[runlim] sample:		3988.20 time, 4010.01 real, 5 MB, 55.26 load
[runlim] sample:		3998.15 time, 4020.01 real, 5 MB, 55.22 load
[runlim] sample:		4008.09 time, 4030.01 real, 5 MB, 55.19 load
[runlim] sample:		4018.04 time, 4040.01 real, 5 MB, 55.40 load
[runlim] sample:		4027.99 time, 4050.01 real, 5 MB, 55.34 load
[runlim] sample:		4037.93 time, 4060.01 real, 5 MB, 55.37 load
[runlim] sample:		4047.88 time, 4070.01 real, 5 MB, 55.31 load
[runlim] sample:		4057.83 time, 4080.01 real, 5 MB, 55.26 load
[runlim] sample:		4067.77 time, 4090.01 real, 5 MB, 55.22 load
[runlim] sample:		4077.72 time, 4100.01 real, 5 MB, 55.27 load
[runlim] sample:		4087.66 time, 4110.01 real, 5 MB, 55.22 load
[runlim] sample:		4097.60 time, 4120.01 real, 5 MB, 55.34 load
[runlim] sample:		4107.55 time, 4130.01 real, 5 MB, 55.29 load
[runlim] sample:		4117.49 time, 4140.01 real, 5 MB, 55.25 load
[runlim] sample:		4127.44 time, 4150.01 real, 5 MB, 55.21 load
[runlim] sample:		4137.38 time, 4160.01 real, 5 MB, 55.34 load
[runlim] sample:		4147.33 time, 4170.01 real, 5 MB, 55.36 load
[runlim] sample:		4157.27 time, 4180.01 real, 5 MB, 55.38 load
[runlim] sample:		4167.22 time, 4190.01 real, 5 MB, 55.32 load
[runlim] sample:		4177.17 time, 4200.01 real, 5 MB, 55.27 load
[runlim] sample:		4187.11 time, 4210.01 real, 5 MB, 55.23 load
[runlim] sample:		4197.06 time, 4220.01 real, 5 MB, 55.27 load
[runlim] sample:		4207.00 time, 4230.01 real, 5 MB, 55.23 load
[runlim] sample:		4216.95 time, 4240.01 real, 5 MB, 55.19 load
[runlim] sample:		4226.90 time, 4250.01 real, 5 MB, 55.16 load
[runlim] sample:		4236.84 time, 4260.01 real, 5 MB, 55.14 load
[runlim] sample:		4246.79 time, 4270.01 real, 5 MB, 55.12 load
[runlim] sample:		4256.74 time, 4280.01 real, 5 MB, 55.10 load
[runlim] sample:		4266.68 time, 4290.01 real, 5 MB, 55.08 load
[runlim] sample:		4276.63 time, 4300.01 real, 5 MB, 55.15 load
[runlim] sample:		4286.57 time, 4310.01 real, 5 MB, 55.13 load
[runlim] sample:		4296.52 time, 4320.01 real, 5 MB, 55.19 load
[runlim] sample:		4306.46 time, 4330.01 real, 5 MB, 55.16 load
[runlim] sample:		4316.41 time, 4340.01 real, 5 MB, 55.13 load
[runlim] sample:		4326.35 time, 4350.01 real, 5 MB, 55.11 load
[runlim] sample:		4336.29 time, 4360.01 real, 5 MB, 55.18 load
[runlim] sample:		4346.24 time, 4370.01 real, 5 MB, 55.15 load
[runlim] sample:		4356.18 time, 4380.01 real, 5 MB, 55.12 load
[runlim] sample:		4366.13 time, 4390.01 real, 5 MB, 55.10 load
[runlim] sample:		4376.07 time, 4400.01 real, 5 MB, 55.09 load
[runlim] sample:		4386.02 time, 4410.01 real, 5 MB, 55.07 load
[runlim] sample:		4395.96 time, 4420.01 real, 5 MB, 55.14 load
[runlim] sample:		4405.90 time, 4430.01 real, 5 MB, 55.12 load
[runlim] sample:		4415.85 time, 4440.01 real, 5 MB, 55.10 load
[runlim] sample:		4425.79 time, 4450.01 real, 5 MB, 55.08 load
[runlim] sample:		4435.73 time, 4460.01 real, 5 MB, 55.15 load
[runlim] sample:		4445.68 time, 4470.01 real, 5 MB, 55.12 load
[runlim] sample:		4455.62 time, 4480.01 real, 5 MB, 55.18 load
[runlim] sample:		4465.57 time, 4490.01 real, 5 MB, 55.23 load
[runlim] sample:		4475.51 time, 4500.01 real, 5 MB, 55.28 load
[runlim] sample:		4485.45 time, 4510.01 real, 5 MB, 55.39 load
[runlim] sample:		4495.40 time, 4520.01 real, 5 MB, 55.48 load
[runlim] sample:		4505.34 time, 4530.01 real, 5 MB, 55.41 load
[runlim] sample:		4515.29 time, 4540.01 real, 5 MB, 55.58 load
[runlim] sample:		4525.23 time, 4550.01 real, 5 MB, 55.49 load
[runlim] sample:		4535.17 time, 4560.01 real, 5 MB, 55.42 load
[runlim] sample:		4545.12 time, 4570.01 real, 5 MB, 55.43 load
[runlim] sample:		4555.06 time, 4580.01 real, 5 MB, 55.36 load
[runlim] sample:		4565.01 time, 4590.01 real, 5 MB, 55.30 load
[runlim] sample:		4574.95 time, 4600.01 real, 5 MB, 55.33 load
[runlim] sample:		4584.90 time, 4610.01 real, 5 MB, 55.28 load
[runlim] sample:		4594.84 time, 4620.01 real, 5 MB, 55.32 load
[runlim] sample:		4604.78 time, 4630.01 real, 5 MB, 55.34 load
[runlim] sample:		4614.73 time, 4640.01 real, 5 MB, 55.37 load
[runlim] sample:		4624.67 time, 4650.01 real, 5 MB, 55.39 load
[runlim] sample:		4634.61 time, 4660.01 real, 5 MB, 55.33 load
[runlim] sample:		4644.55 time, 4670.01 real, 5 MB, 55.28 load
[runlim] sample:		4654.49 time, 4680.01 real, 5 MB, 55.31 load
[runlim] sample:		4664.44 time, 4690.01 real, 5 MB, 55.26 load
[runlim] sample:		4674.38 time, 4700.01 real, 5 MB, 55.22 load
[runlim] sample:		4684.32 time, 4710.01 real, 5 MB, 55.19 load
[runlim] sample:		4694.26 time, 4720.01 real, 5 MB, 55.31 load
[runlim] sample:		4704.20 time, 4730.01 real, 5 MB, 55.27 load
[runlim] sample:		4714.15 time, 4740.01 real, 5 MB, 55.30 load
[runlim] sample:		4724.09 time, 4750.01 real, 5 MB, 55.26 load
[runlim] sample:		4734.03 time, 4760.01 real, 5 MB, 55.22 load
[runlim] sample:		4743.98 time, 4770.01 real, 5 MB, 55.18 load
[runlim] sample:		4753.92 time, 4780.01 real, 5 MB, 55.16 load
[runlim] sample:		4763.86 time, 4790.01 real, 5 MB, 55.21 load
[runlim] sample:		4773.81 time, 4800.01 real, 5 MB, 55.18 load
[runlim] sample:		4783.76 time, 4810.01 real, 5 MB, 55.22 load
[runlim] sample:		4793.70 time, 4820.01 real, 5 MB, 55.19 load
[runlim] sample:		4803.65 time, 4830.01 real, 5 MB, 55.16 load
[runlim] sample:		4813.60 time, 4840.01 real, 5 MB, 55.21 load
[runlim] sample:		4823.54 time, 4850.01 real, 5 MB, 55.18 load
[runlim] sample:		4833.49 time, 4860.01 real, 5 MB, 55.15 load
[runlim] sample:		4843.43 time, 4870.01 real, 5 MB, 55.20 load
[runlim] sample:		4853.38 time, 4880.01 real, 5 MB, 55.17 load
[runlim] sample:		4863.33 time, 4890.01 real, 5 MB, 55.14 load
[runlim] sample:		4873.28 time, 4900.01 real, 5 MB, 55.12 load
[runlim] sample:		4883.23 time, 4910.01 real, 5 MB, 55.10 load
[runlim] sample:		4893.18 time, 4920.01 real, 5 MB, 55.08 load
[runlim] sample:		4903.12 time, 4930.01 real, 5 MB, 55.15 load
[runlim] sample:		4913.07 time, 4940.01 real, 5 MB, 55.12 load
[runlim] sample:		4923.02 time, 4950.01 real, 5 MB, 55.18 load
[runlim] sample:		4932.97 time, 4960.01 real, 5 MB, 55.23 load
[runlim] sample:		4942.91 time, 4970.01 real, 5 MB, 55.19 load
[runlim] sample:		4952.86 time, 4980.01 real, 5 MB, 55.24 load
[runlim] sample:		4962.81 time, 4990.01 real, 5 MB, 54.87 load
[runlim] sample:		4972.76 time, 5000.01 real, 5 MB, 53.19 load
[runlim] end:			Thu Apr  9 21:45:40 2026
[runlim] status:		out of time
[runlim] result:		2
[runlim] children:		1
[runlim] processes:		2
[runlim] real:			5000.05 seconds
[runlim] time:			4972.76 seconds
[runlim] space:			5 MB
[runlim] load:			59.61 maximum
[runlim] samples:		50000
