[runlim] version:		2.0.0rc1
[runlim] host:			o02n04
[runlim] time limit:		311040000 seconds
[runlim] real time limit:	5000 seconds
[runlim] space limit:		7000 MB
[runlim] argv[0]:		./binary
[runlim] argv[1]:		-c
[runlim] argv[2]:		-f
[runlim] argv[3]:		-s
[runlim] argv[4]:		-r
[runlim] argv[5]:		/tmp/local-unzipped-12459995-1-3-mc2025_track1_157.cnf
[runlim] start:			Thu Apr  9 20:22:06 2026
[runlim] child:			4109249
[runlim] sample:		9.95 time, 10.01 real, 10 MB, 1.58 load
[runlim] sample:		19.90 time, 20.01 real, 10 MB, 4.05 load
[runlim] sample:		29.84 time, 30.01 real, 10 MB, 7.74 load
[runlim] sample:		39.79 time, 40.01 real, 10 MB, 12.33 load
[runlim] sample:		49.72 time, 50.01 real, 10 MB, 17.76 load
[runlim] sample:		59.66 time, 60.01 real, 10 MB, 24.04 load
[runlim] sample:		69.59 time, 70.01 real, 10 MB, 30.42 load
[runlim] sample:		79.52 time, 80.01 real, 10 MB, 35.96 load
[runlim] sample:		89.46 time, 90.01 real, 10 MB, 40.49 load
[runlim] sample:		99.38 time, 100.01 real, 10 MB, 44.18 load
[runlim] sample:		109.31 time, 110.01 real, 10 MB, 47.23 load
[runlim] sample:		119.24 time, 120.01 real, 10 MB, 50.45 load
[runlim] sample:		129.17 time, 130.01 real, 10 MB, 52.54 load
[runlim] sample:		139.11 time, 140.01 real, 10 MB, 54.15 load
[runlim] sample:		149.05 time, 150.01 real, 10 MB, 55.36 load
[runlim] sample:		158.99 time, 160.01 real, 10 MB, 56.30 load
[runlim] sample:		168.93 time, 170.01 real, 10 MB, 57.02 load
[runlim] sample:		178.86 time, 180.01 real, 10 MB, 57.79 load
[runlim] sample:		188.80 time, 190.01 real, 10 MB, 58.29 load
[runlim] sample:		198.74 time, 200.01 real, 10 MB, 58.55 load
[runlim] sample:		208.67 time, 210.01 real, 10 MB, 58.85 load
[runlim] sample:		218.61 time, 220.01 real, 10 MB, 58.87 load
[runlim] sample:		228.54 time, 230.01 real, 10 MB, 58.89 load
[runlim] sample:		238.48 time, 240.01 real, 10 MB, 59.07 load
[runlim] sample:		248.42 time, 250.01 real, 10 MB, 59.06 load
[runlim] sample:		258.36 time, 260.01 real, 10 MB, 59.56 load
[runlim] sample:		268.30 time, 270.01 real, 10 MB, 59.48 load
[runlim] sample:		278.24 time, 280.01 real, 10 MB, 59.48 load
[runlim] sample:		288.18 time, 290.01 real, 10 MB, 59.41 load
[runlim] sample:		298.12 time, 300.01 real, 10 MB, 59.50 load
[runlim] sample:		308.06 time, 310.01 real, 10 MB, 59.42 load
[runlim] sample:		318.00 time, 320.01 real, 10 MB, 59.36 load
[runlim] sample:		327.93 time, 330.01 real, 10 MB, 59.30 load
[runlim] sample:		337.87 time, 340.01 real, 10 MB, 59.26 load
[runlim] sample:		347.81 time, 350.01 real, 10 MB, 59.22 load
[runlim] sample:		357.75 time, 360.01 real, 10 MB, 59.18 load
[runlim] sample:		367.69 time, 370.01 real, 10 MB, 59.15 load
[runlim] sample:		377.63 time, 380.01 real, 10 MB, 59.13 load
[runlim] sample:		387.57 time, 390.01 real, 10 MB, 59.11 load
[runlim] sample:		397.52 time, 400.01 real, 10 MB, 59.09 load
[runlim] sample:		407.46 time, 410.01 real, 10 MB, 59.08 load
[runlim] sample:		417.40 time, 420.01 real, 10 MB, 59.06 load
[runlim] sample:		427.34 time, 430.01 real, 10 MB, 59.05 load
[runlim] sample:		437.28 time, 440.01 real, 10 MB, 59.13 load
[runlim] sample:		447.22 time, 450.01 real, 10 MB, 59.19 load
[runlim] sample:		457.16 time, 460.01 real, 10 MB, 59.16 load
[runlim] sample:		467.10 time, 470.01 real, 10 MB, 59.29 load
[runlim] sample:		477.04 time, 480.01 real, 10 MB, 59.25 load
[runlim] sample:		486.98 time, 490.01 real, 10 MB, 59.20 load
[runlim] sample:		496.92 time, 500.01 real, 10 MB, 59.18 load
[runlim] sample:		506.86 time, 510.01 real, 10 MB, 59.00 load
[runlim] sample:		516.80 time, 520.01 real, 10 MB, 59.05 load
[runlim] sample:		526.73 time, 530.01 real, 10 MB, 58.66 load
[runlim] sample:		536.67 time, 540.01 real, 10 MB, 58.25 load
[runlim] sample:		546.61 time, 550.01 real, 10 MB, 58.05 load
[runlim] sample:		556.55 time, 560.01 real, 10 MB, 57.89 load
[runlim] sample:		566.49 time, 570.01 real, 10 MB, 57.75 load
[runlim] sample:		576.43 time, 580.01 real, 10 MB, 57.48 load
[runlim] sample:		586.37 time, 590.01 real, 10 MB, 57.25 load
[runlim] sample:		596.31 time, 600.01 real, 10 MB, 57.06 load
[runlim] sample:		606.25 time, 610.01 real, 10 MB, 56.97 load
[runlim] sample:		616.19 time, 620.01 real, 10 MB, 56.90 load
[runlim] sample:		626.13 time, 630.01 real, 10 MB, 56.76 load
[runlim] sample:		636.07 time, 640.01 real, 10 MB, 56.64 load
[runlim] sample:		646.01 time, 650.01 real, 10 MB, 56.62 load
[runlim] sample:		655.96 time, 660.01 real, 10 MB, 56.52 load
[runlim] sample:		665.90 time, 670.01 real, 10 MB, 56.44 load
[runlim] sample:		675.83 time, 680.01 real, 10 MB, 56.54 load
[runlim] sample:		685.77 time, 690.01 real, 10 MB, 56.83 load
[runlim] sample:		695.71 time, 700.01 real, 10 MB, 56.70 load
[runlim] sample:		705.64 time, 710.01 real, 10 MB, 56.74 load
[runlim] sample:		715.58 time, 720.01 real, 10 MB, 56.63 load
[runlim] sample:		725.52 time, 730.01 real, 10 MB, 56.53 load
[runlim] sample:		735.46 time, 740.01 real, 10 MB, 56.53 load
[runlim] sample:		745.40 time, 750.01 real, 10 MB, 56.52 load
[runlim] sample:		755.34 time, 760.01 real, 10 MB, 56.44 load
[runlim] sample:		765.28 time, 770.01 real, 10 MB, 56.37 load
[runlim] sample:		775.22 time, 780.01 real, 10 MB, 56.39 load
[runlim] sample:		785.15 time, 790.01 real, 11 MB, 56.41 load
[runlim] sample:		795.09 time, 800.01 real, 11 MB, 56.34 load
[runlim] sample:		805.03 time, 810.01 real, 11 MB, 56.52 load
[runlim] sample:		814.97 time, 820.01 real, 11 MB, 56.44 load
[runlim] sample:		824.91 time, 830.01 real, 11 MB, 56.37 load
[runlim] sample:		834.85 time, 840.01 real, 11 MB, 56.39 load
[runlim] sample:		844.79 time, 850.01 real, 11 MB, 56.41 load
[runlim] sample:		854.73 time, 860.01 real, 11 MB, 56.34 load
[runlim] sample:		864.67 time, 870.01 real, 11 MB, 56.53 load
[runlim] sample:		874.61 time, 880.01 real, 11 MB, 56.44 load
[runlim] sample:		884.55 time, 890.01 real, 11 MB, 56.38 load
[runlim] sample:		894.49 time, 900.01 real, 11 MB, 56.48 load
[runlim] sample:		904.43 time, 910.01 real, 11 MB, 56.56 load
[runlim] sample:		914.37 time, 920.01 real, 11 MB, 56.63 load
[runlim] sample:		924.31 time, 930.01 real, 11 MB, 56.61 load
[runlim] sample:		934.25 time, 940.01 real, 11 MB, 56.51 load
[runlim] sample:		944.19 time, 950.01 real, 11 MB, 56.51 load
[runlim] sample:		954.13 time, 960.01 real, 11 MB, 56.50 load
[runlim] sample:		964.07 time, 970.01 real, 11 MB, 56.65 load
[runlim] sample:		974.01 time, 980.01 real, 11 MB, 56.55 load
[runlim] sample:		983.95 time, 990.01 real, 11 MB, 56.70 load
[runlim] sample:		993.88 time, 1000.01 real, 11 MB, 56.67 load
[runlim] sample:		1003.82 time, 1010.01 real, 11 MB, 56.80 load
[runlim] sample:		1013.76 time, 1020.01 real, 11 MB, 56.83 load
[runlim] sample:		1023.70 time, 1030.01 real, 11 MB, 56.93 load
[runlim] sample:		1033.64 time, 1040.01 real, 11 MB, 57.01 load
[runlim] sample:		1043.58 time, 1050.01 real, 11 MB, 57.09 load
[runlim] sample:		1053.52 time, 1060.01 real, 11 MB, 57.23 load
[runlim] sample:		1063.46 time, 1070.01 real, 11 MB, 57.19 load
[runlim] sample:		1073.40 time, 1080.01 real, 11 MB, 57.24 load
[runlim] sample:		1083.33 time, 1090.01 real, 11 MB, 57.36 load
[runlim] sample:		1093.27 time, 1100.01 real, 11 MB, 57.30 load
[runlim] sample:		1103.21 time, 1110.01 real, 11 MB, 57.40 load
[runlim] sample:		1113.15 time, 1120.01 real, 11 MB, 57.49 load
[runlim] sample:		1123.09 time, 1130.01 real, 11 MB, 57.41 load
[runlim] sample:		1133.03 time, 1140.01 real, 11 MB, 57.26 load
[runlim] sample:		1142.97 time, 1150.01 real, 11 MB, 57.14 load
[runlim] sample:		1152.91 time, 1160.01 real, 11 MB, 56.97 load
[runlim] sample:		1162.85 time, 1170.01 real, 11 MB, 56.82 load
[runlim] sample:		1172.78 time, 1180.01 real, 11 MB, 56.77 load
[runlim] sample:		1182.72 time, 1190.01 real, 11 MB, 56.65 load
[runlim] sample:		1192.66 time, 1200.01 real, 11 MB, 56.55 load
[runlim] sample:		1202.60 time, 1210.01 real, 11 MB, 56.47 load
[runlim] sample:		1212.53 time, 1220.01 real, 11 MB, 56.39 load
[runlim] sample:		1222.47 time, 1230.01 real, 11 MB, 56.33 load
[runlim] sample:		1232.41 time, 1240.01 real, 11 MB, 56.28 load
[runlim] sample:		1242.35 time, 1250.01 real, 11 MB, 56.31 load
[runlim] sample:		1252.29 time, 1260.01 real, 11 MB, 56.26 load
[runlim] sample:		1262.23 time, 1270.01 real, 11 MB, 56.30 load
[runlim] sample:		1272.16 time, 1280.01 real, 11 MB, 56.26 load
[runlim] sample:		1282.10 time, 1290.01 real, 11 MB, 56.22 load
[runlim] sample:		1292.04 time, 1300.01 real, 11 MB, 56.18 load
[runlim] sample:		1301.97 time, 1310.01 real, 11 MB, 56.38 load
[runlim] sample:		1311.91 time, 1320.01 real, 11 MB, 56.32 load
[runlim] sample:		1321.85 time, 1330.01 real, 11 MB, 56.27 load
[runlim] sample:		1331.78 time, 1340.01 real, 11 MB, 56.23 load
[runlim] sample:		1341.72 time, 1350.01 real, 11 MB, 56.19 load
[runlim] sample:		1351.66 time, 1360.01 real, 11 MB, 56.16 load
[runlim] sample:		1361.59 time, 1370.01 real, 11 MB, 56.14 load
[runlim] sample:		1371.53 time, 1380.01 real, 11 MB, 56.11 load
[runlim] sample:		1381.46 time, 1390.01 real, 11 MB, 56.10 load
[runlim] sample:		1391.40 time, 1400.01 real, 11 MB, 56.08 load
[runlim] sample:		1401.34 time, 1410.01 real, 11 MB, 56.14 load
[runlim] sample:		1411.27 time, 1420.01 real, 11 MB, 56.19 load
[runlim] sample:		1421.20 time, 1430.01 real, 11 MB, 56.16 load
[runlim] sample:		1431.14 time, 1440.01 real, 11 MB, 56.14 load
[runlim] sample:		1441.07 time, 1450.01 real, 11 MB, 56.12 load
[runlim] sample:		1451.01 time, 1460.01 real, 11 MB, 56.10 load
[runlim] sample:		1460.95 time, 1470.01 real, 11 MB, 56.16 load
[runlim] sample:		1470.88 time, 1480.01 real, 11 MB, 56.14 load
[runlim] sample:		1480.82 time, 1490.01 real, 11 MB, 56.26 load
[runlim] sample:		1490.76 time, 1500.01 real, 11 MB, 56.22 load
[runlim] sample:		1500.69 time, 1510.01 real, 11 MB, 56.19 load
[runlim] sample:		1510.63 time, 1520.01 real, 11 MB, 56.16 load
[runlim] sample:		1520.56 time, 1530.01 real, 11 MB, 56.21 load
[runlim] sample:		1530.50 time, 1540.01 real, 11 MB, 56.17 load
[runlim] sample:		1540.43 time, 1550.01 real, 11 MB, 56.30 load
[runlim] sample:		1550.37 time, 1560.01 real, 11 MB, 56.33 load
[runlim] sample:		1560.30 time, 1570.01 real, 11 MB, 56.20 load
[runlim] sample:		1570.24 time, 1580.01 real, 11 MB, 56.01 load
[runlim] sample:		1580.18 time, 1590.01 real, 11 MB, 55.86 load
[runlim] sample:		1590.11 time, 1600.01 real, 11 MB, 55.88 load
[runlim] sample:		1600.05 time, 1610.01 real, 11 MB, 55.74 load
[runlim] sample:		1609.99 time, 1620.01 real, 11 MB, 55.63 load
[runlim] sample:		1619.93 time, 1630.01 real, 11 MB, 55.53 load
[runlim] sample:		1629.86 time, 1640.01 real, 11 MB, 55.45 load
[runlim] sample:		1639.80 time, 1650.01 real, 11 MB, 55.46 load
[runlim] sample:		1649.74 time, 1660.01 real, 11 MB, 55.39 load
[runlim] sample:		1659.67 time, 1670.01 real, 11 MB, 55.33 load
[runlim] sample:		1669.61 time, 1680.01 real, 11 MB, 55.28 load
[runlim] sample:		1679.55 time, 1690.01 real, 11 MB, 55.32 load
[runlim] sample:		1689.48 time, 1700.01 real, 11 MB, 55.35 load
[runlim] sample:		1699.42 time, 1710.01 real, 11 MB, 55.29 load
[runlim] sample:		1709.36 time, 1720.01 real, 11 MB, 55.32 load
[runlim] sample:		1719.31 time, 1730.01 real, 11 MB, 55.27 load
[runlim] sample:		1729.24 time, 1740.01 real, 11 MB, 55.23 load
[runlim] sample:		1739.18 time, 1750.01 real, 11 MB, 55.19 load
[runlim] sample:		1749.12 time, 1760.01 real, 11 MB, 55.16 load
[runlim] sample:		1759.06 time, 1770.01 real, 11 MB, 55.14 load
[runlim] sample:		1769.00 time, 1780.01 real, 11 MB, 55.28 load
[runlim] sample:		1778.95 time, 1790.01 real, 11 MB, 55.23 load
[runlim] sample:		1788.88 time, 1800.01 real, 11 MB, 55.20 load
[runlim] sample:		1798.82 time, 1810.01 real, 11 MB, 55.24 load
[runlim] sample:		1808.77 time, 1820.01 real, 11 MB, 55.20 load
[runlim] sample:		1818.71 time, 1830.01 real, 11 MB, 55.17 load
[runlim] sample:		1828.65 time, 1840.01 real, 11 MB, 55.14 load
[runlim] sample:		1838.59 time, 1850.01 real, 11 MB, 55.20 load
[runlim] sample:		1848.52 time, 1860.01 real, 11 MB, 55.17 load
[runlim] sample:		1858.46 time, 1870.01 real, 11 MB, 55.14 load
[runlim] sample:		1868.40 time, 1880.01 real, 11 MB, 55.12 load
[runlim] sample:		1878.34 time, 1890.01 real, 11 MB, 55.10 load
[runlim] sample:		1888.28 time, 1900.01 real, 11 MB, 55.09 load
[runlim] sample:		1898.22 time, 1910.01 real, 11 MB, 55.07 load
[runlim] sample:		1908.16 time, 1920.01 real, 11 MB, 55.14 load
[runlim] sample:		1918.10 time, 1930.01 real, 11 MB, 55.11 load
[runlim] sample:		1928.04 time, 1940.01 real, 11 MB, 55.10 load
[runlim] sample:		1937.98 time, 1950.01 real, 11 MB, 55.08 load
[runlim] sample:		1947.92 time, 1960.01 real, 11 MB, 55.07 load
[runlim] sample:		1957.86 time, 1970.01 real, 11 MB, 55.21 load
[runlim] sample:		1967.80 time, 1980.01 real, 11 MB, 55.18 load
[runlim] sample:		1977.75 time, 1990.01 real, 11 MB, 55.23 load
[runlim] sample:		1987.69 time, 2000.01 real, 11 MB, 55.20 load
[runlim] sample:		1997.63 time, 2010.01 real, 11 MB, 55.16 load
[runlim] sample:		2007.57 time, 2020.01 real, 11 MB, 55.30 load
[runlim] sample:		2017.51 time, 2030.01 real, 11 MB, 55.40 load
[runlim] sample:		2027.45 time, 2040.01 real, 11 MB, 55.34 load
[runlim] sample:		2037.39 time, 2050.01 real, 11 MB, 55.29 load
[runlim] sample:		2047.33 time, 2060.01 real, 11 MB, 55.46 load
[runlim] sample:		2057.27 time, 2070.01 real, 11 MB, 55.39 load
[runlim] sample:		2067.20 time, 2080.01 real, 11 MB, 55.33 load
[runlim] sample:		2077.14 time, 2090.01 real, 11 MB, 55.28 load
[runlim] sample:		2087.08 time, 2100.01 real, 11 MB, 55.32 load
[runlim] sample:		2097.02 time, 2110.01 real, 11 MB, 55.27 load
[runlim] sample:		2106.96 time, 2120.01 real, 11 MB, 55.23 load
[runlim] sample:		2116.90 time, 2130.01 real, 11 MB, 55.35 load
[runlim] sample:		2126.84 time, 2140.01 real, 11 MB, 55.69 load
[runlim] sample:		2136.77 time, 2150.01 real, 11 MB, 55.58 load
[runlim] sample:		2146.71 time, 2160.01 real, 11 MB, 55.49 load
[runlim] sample:		2156.65 time, 2170.01 real, 11 MB, 55.41 load
[runlim] sample:		2166.59 time, 2180.01 real, 11 MB, 55.35 load
[runlim] sample:		2176.53 time, 2190.01 real, 11 MB, 55.30 load
[runlim] sample:		2186.47 time, 2200.01 real, 11 MB, 55.25 load
[runlim] sample:		2196.41 time, 2210.01 real, 11 MB, 55.21 load
[runlim] sample:		2206.35 time, 2220.01 real, 11 MB, 55.18 load
[runlim] sample:		2216.29 time, 2230.01 real, 11 MB, 55.15 load
[runlim] sample:		2226.23 time, 2240.01 real, 11 MB, 55.13 load
[runlim] sample:		2236.17 time, 2250.01 real, 11 MB, 55.11 load
[runlim] sample:		2246.11 time, 2260.01 real, 11 MB, 55.09 load
[runlim] sample:		2256.05 time, 2270.01 real, 11 MB, 55.08 load
[runlim] sample:		2265.99 time, 2280.01 real, 11 MB, 55.06 load
[runlim] sample:		2275.92 time, 2290.01 real, 11 MB, 55.05 load
[runlim] sample:		2285.86 time, 2300.01 real, 11 MB, 55.04 load
[runlim] sample:		2295.80 time, 2310.01 real, 11 MB, 55.04 load
[runlim] sample:		2305.73 time, 2320.01 real, 11 MB, 55.11 load
[runlim] sample:		2315.67 time, 2330.01 real, 11 MB, 55.09 load
[runlim] sample:		2325.61 time, 2340.01 real, 11 MB, 55.07 load
[runlim] sample:		2335.54 time, 2350.01 real, 11 MB, 55.06 load
[runlim] sample:		2345.48 time, 2360.01 real, 11 MB, 55.05 load
[runlim] sample:		2355.42 time, 2370.01 real, 11 MB, 55.04 load
[runlim] sample:		2365.36 time, 2380.01 real, 11 MB, 55.11 load
[runlim] sample:		2375.29 time, 2390.01 real, 11 MB, 55.09 load
[runlim] sample:		2385.23 time, 2400.01 real, 11 MB, 55.08 load
[runlim] sample:		2395.17 time, 2410.01 real, 11 MB, 55.07 load
[runlim] sample:		2405.10 time, 2420.01 real, 11 MB, 55.06 load
[runlim] sample:		2415.04 time, 2430.01 real, 11 MB, 55.05 load
[runlim] sample:		2424.98 time, 2440.01 real, 11 MB, 55.04 load
[runlim] sample:		2434.92 time, 2450.01 real, 11 MB, 55.03 load
[runlim] sample:		2444.85 time, 2460.01 real, 11 MB, 55.11 load
[runlim] sample:		2454.79 time, 2470.01 real, 11 MB, 55.17 load
[runlim] sample:		2464.73 time, 2480.01 real, 11 MB, 55.14 load
[runlim] sample:		2474.67 time, 2490.01 real, 11 MB, 55.20 load
[runlim] sample:		2484.61 time, 2500.01 real, 11 MB, 55.17 load
[runlim] sample:		2494.54 time, 2510.01 real, 11 MB, 55.38 load
[runlim] sample:		2504.48 time, 2520.01 real, 11 MB, 55.33 load
[runlim] sample:		2514.42 time, 2530.01 real, 11 MB, 55.35 load
[runlim] sample:		2524.36 time, 2540.01 real, 11 MB, 55.29 load
[runlim] sample:		2534.30 time, 2550.01 real, 11 MB, 55.25 load
[runlim] sample:		2544.24 time, 2560.01 real, 11 MB, 55.28 load
[runlim] sample:		2554.18 time, 2570.01 real, 11 MB, 55.32 load
[runlim] sample:		2564.11 time, 2580.01 real, 11 MB, 55.35 load
[runlim] sample:		2574.05 time, 2590.01 real, 11 MB, 55.37 load
[runlim] sample:		2583.99 time, 2600.01 real, 11 MB, 55.39 load
[runlim] sample:		2593.93 time, 2610.01 real, 11 MB, 55.33 load
[runlim] sample:		2603.87 time, 2620.01 real, 11 MB, 55.28 load
[runlim] sample:		2613.80 time, 2630.01 real, 11 MB, 55.32 load
[runlim] sample:		2623.74 time, 2640.01 real, 11 MB, 55.34 load
[runlim] sample:		2633.68 time, 2650.01 real, 11 MB, 55.29 load
[runlim] sample:		2643.62 time, 2660.01 real, 11 MB, 55.24 load
[runlim] sample:		2653.56 time, 2670.01 real, 11 MB, 55.21 load
[runlim] sample:		2663.50 time, 2680.01 real, 11 MB, 55.25 load
[runlim] sample:		2673.44 time, 2690.01 real, 11 MB, 55.22 load
[runlim] sample:		2683.37 time, 2700.01 real, 11 MB, 55.26 load
[runlim] sample:		2693.31 time, 2710.01 real, 11 MB, 55.38 load
[runlim] sample:		2703.25 time, 2720.01 real, 11 MB, 55.32 load
[runlim] sample:		2713.19 time, 2730.01 real, 11 MB, 55.27 load
[runlim] sample:		2723.13 time, 2740.01 real, 11 MB, 55.23 load
[runlim] sample:		2733.06 time, 2750.01 real, 11 MB, 55.19 load
[runlim] sample:		2743.00 time, 2760.01 real, 11 MB, 55.16 load
[runlim] sample:		2752.93 time, 2770.01 real, 11 MB, 55.14 load
[runlim] sample:		2762.87 time, 2780.01 real, 11 MB, 55.11 load
[runlim] sample:		2772.81 time, 2790.01 real, 11 MB, 55.10 load
[runlim] sample:		2782.74 time, 2800.01 real, 11 MB, 55.08 load
[runlim] sample:		2792.68 time, 2810.01 real, 11 MB, 55.07 load
[runlim] sample:		2802.62 time, 2820.01 real, 11 MB, 55.06 load
[runlim] sample:		2812.55 time, 2830.01 real, 11 MB, 55.05 load
[runlim] sample:		2822.49 time, 2840.01 real, 11 MB, 55.04 load
[runlim] sample:		2832.42 time, 2850.01 real, 11 MB, 55.03 load
[runlim] sample:		2842.36 time, 2860.01 real, 11 MB, 55.10 load
[runlim] sample:		2852.30 time, 2870.01 real, 11 MB, 55.09 load
[runlim] sample:		2862.23 time, 2880.01 real, 11 MB, 55.07 load
[runlim] sample:		2872.17 time, 2890.01 real, 11 MB, 55.14 load
[runlim] sample:		2882.10 time, 2900.01 real, 11 MB, 55.12 load
[runlim] sample:		2892.04 time, 2910.01 real, 11 MB, 55.10 load
[runlim] sample:		2901.98 time, 2920.01 real, 11 MB, 55.16 load
[runlim] sample:		2911.91 time, 2930.01 real, 11 MB, 55.14 load
[runlim] sample:		2921.85 time, 2940.01 real, 11 MB, 55.12 load
[runlim] sample:		2931.78 time, 2950.01 real, 11 MB, 55.10 load
[runlim] sample:		2941.72 time, 2960.01 real, 11 MB, 55.08 load
[runlim] sample:		2951.66 time, 2970.01 real, 11 MB, 55.15 load
[runlim] sample:		2961.59 time, 2980.01 real, 11 MB, 55.21 load
[runlim] sample:		2971.53 time, 2990.01 real, 11 MB, 55.26 load
[runlim] sample:		2981.46 time, 3000.01 real, 11 MB, 55.22 load
[runlim] sample:		2991.40 time, 3010.01 real, 11 MB, 55.26 load
[runlim] sample:		3001.34 time, 3020.01 real, 11 MB, 55.30 load
[runlim] sample:		3011.27 time, 3030.01 real, 11 MB, 55.33 load
[runlim] sample:		3021.21 time, 3040.01 real, 11 MB, 55.28 load
[runlim] sample:		3031.15 time, 3050.01 real, 11 MB, 55.24 load
[runlim] sample:		3041.08 time, 3060.01 real, 11 MB, 55.35 load
[runlim] sample:		3051.02 time, 3070.01 real, 11 MB, 55.46 load
[runlim] sample:		3060.95 time, 3080.01 real, 11 MB, 55.39 load
[runlim] sample:		3070.89 time, 3090.01 real, 11 MB, 55.33 load
[runlim] sample:		3080.82 time, 3100.01 real, 11 MB, 55.36 load
[runlim] sample:		3090.76 time, 3110.01 real, 11 MB, 55.30 load
[runlim] sample:		3100.69 time, 3120.01 real, 11 MB, 55.26 load
[runlim] sample:		3110.63 time, 3130.01 real, 11 MB, 55.30 load
[runlim] sample:		3120.57 time, 3140.01 real, 11 MB, 55.33 load
[runlim] sample:		3130.50 time, 3150.01 real, 11 MB, 55.27 load
[runlim] sample:		3140.44 time, 3160.01 real, 11 MB, 55.23 load
[runlim] sample:		3150.38 time, 3170.01 real, 11 MB, 55.20 load
[runlim] sample:		3160.31 time, 3180.01 real, 11 MB, 55.24 load
[runlim] sample:		3170.25 time, 3190.01 real, 11 MB, 55.52 load
[runlim] sample:		3180.18 time, 3200.01 real, 11 MB, 55.44 load
[runlim] sample:		3190.12 time, 3210.01 real, 11 MB, 55.37 load
[runlim] sample:		3200.05 time, 3220.01 real, 11 MB, 55.39 load
[runlim] sample:		3209.99 time, 3230.01 real, 11 MB, 55.33 load
[runlim] sample:		3219.92 time, 3240.01 real, 11 MB, 55.28 load
[runlim] sample:		3229.85 time, 3250.01 real, 11 MB, 55.40 load
[runlim] sample:		3239.79 time, 3260.01 real, 11 MB, 55.33 load
[runlim] sample:		3249.72 time, 3270.01 real, 11 MB, 55.28 load
[runlim] sample:		3259.66 time, 3280.01 real, 11 MB, 55.24 load
[runlim] sample:		3269.60 time, 3290.01 real, 11 MB, 55.20 load
[runlim] sample:		3279.53 time, 3300.01 real, 11 MB, 55.17 load
[runlim] sample:		3289.47 time, 3310.01 real, 11 MB, 55.14 load
[runlim] sample:		3299.41 time, 3320.01 real, 11 MB, 55.12 load
[runlim] sample:		3309.35 time, 3330.01 real, 11 MB, 55.10 load
[runlim] sample:		3319.29 time, 3340.01 real, 11 MB, 55.09 load
[runlim] sample:		3329.23 time, 3350.01 real, 11 MB, 55.07 load
[runlim] sample:		3339.17 time, 3360.01 real, 11 MB, 55.06 load
[runlim] sample:		3349.11 time, 3370.01 real, 11 MB, 55.13 load
[runlim] sample:		3359.05 time, 3380.01 real, 11 MB, 55.27 load
[runlim] sample:		3368.99 time, 3390.01 real, 11 MB, 55.22 load
[runlim] sample:		3378.92 time, 3400.01 real, 11 MB, 55.19 load
[runlim] sample:		3388.86 time, 3410.01 real, 11 MB, 55.16 load
[runlim] sample:		3398.80 time, 3420.01 real, 11 MB, 55.21 load
[runlim] sample:		3408.73 time, 3430.01 real, 11 MB, 55.26 load
[runlim] sample:		3418.67 time, 3440.01 real, 11 MB, 55.22 load
[runlim] sample:		3428.61 time, 3450.01 real, 11 MB, 55.18 load
[runlim] sample:		3438.54 time, 3460.01 real, 11 MB, 55.15 load
[runlim] sample:		3448.48 time, 3470.01 real, 11 MB, 55.21 load
[runlim] sample:		3458.42 time, 3480.01 real, 11 MB, 55.18 load
[runlim] sample:		3468.35 time, 3490.01 real, 11 MB, 55.31 load
[runlim] sample:		3478.29 time, 3500.01 real, 11 MB, 55.26 load
[runlim] sample:		3488.23 time, 3510.01 real, 11 MB, 55.30 load
[runlim] sample:		3498.17 time, 3520.01 real, 11 MB, 55.26 load
[runlim] sample:		3508.11 time, 3530.01 real, 11 MB, 55.29 load
[runlim] sample:		3518.05 time, 3540.01 real, 11 MB, 55.47 load
[runlim] sample:		3527.98 time, 3550.01 real, 11 MB, 55.47 load
[runlim] sample:		3537.92 time, 3560.01 real, 11 MB, 55.48 load
[runlim] sample:		3547.86 time, 3570.01 real, 11 MB, 55.40 load
[runlim] sample:		3557.80 time, 3580.01 real, 11 MB, 55.34 load
[runlim] sample:		3567.74 time, 3590.01 real, 11 MB, 55.29 load
[runlim] sample:		3577.67 time, 3600.01 real, 11 MB, 55.32 load
[runlim] sample:		3587.61 time, 3610.01 real, 11 MB, 55.27 load
[runlim] sample:		3597.55 time, 3620.01 real, 11 MB, 55.31 load
[runlim] sample:		3607.49 time, 3630.01 real, 11 MB, 55.26 load
[runlim] sample:		3617.43 time, 3640.01 real, 11 MB, 55.29 load
[runlim] sample:		3627.36 time, 3650.01 real, 11 MB, 55.25 load
[runlim] sample:		3637.30 time, 3660.01 real, 11 MB, 55.21 load
[runlim] sample:		3647.24 time, 3670.01 real, 11 MB, 55.18 load
[runlim] sample:		3657.18 time, 3680.01 real, 11 MB, 55.23 load
[runlim] sample:		3667.12 time, 3690.01 real, 11 MB, 55.19 load
[runlim] sample:		3677.06 time, 3700.01 real, 11 MB, 55.16 load
[runlim] sample:		3686.99 time, 3710.01 real, 11 MB, 55.14 load
[runlim] sample:		3696.93 time, 3720.01 real, 11 MB, 55.12 load
[runlim] sample:		3706.87 time, 3730.01 real, 11 MB, 55.10 load
[runlim] sample:		3716.81 time, 3740.01 real, 11 MB, 55.24 load
[runlim] sample:		3726.75 time, 3750.01 real, 11 MB, 55.20 load
[runlim] sample:		3736.68 time, 3760.01 real, 11 MB, 55.17 load
[runlim] sample:		3746.62 time, 3770.01 real, 11 MB, 55.15 load
[runlim] sample:		3756.56 time, 3780.01 real, 11 MB, 55.20 load
[runlim] sample:		3766.50 time, 3790.01 real, 11 MB, 55.25 load
[runlim] sample:		3776.44 time, 3800.01 real, 11 MB, 55.21 load
[runlim] sample:		3786.37 time, 3810.01 real, 11 MB, 55.26 load
[runlim] sample:		3796.31 time, 3820.01 real, 11 MB, 55.22 load
[runlim] sample:		3806.25 time, 3830.01 real, 11 MB, 55.18 load
[runlim] sample:		3816.19 time, 3840.01 real, 11 MB, 55.15 load
[runlim] sample:		3826.12 time, 3850.01 real, 11 MB, 55.13 load
[runlim] sample:		3836.06 time, 3860.01 real, 11 MB, 55.18 load
[runlim] sample:		3846.00 time, 3870.01 real, 11 MB, 55.23 load
[runlim] sample:		3855.94 time, 3880.01 real, 11 MB, 55.20 load
[runlim] sample:		3865.87 time, 3890.01 real, 11 MB, 55.17 load
[runlim] sample:		3875.81 time, 3900.01 real, 11 MB, 55.14 load
[runlim] sample:		3885.75 time, 3910.01 real, 11 MB, 55.12 load
[runlim] sample:		3895.69 time, 3920.01 real, 11 MB, 55.10 load
[runlim] sample:		3905.62 time, 3930.01 real, 11 MB, 55.16 load
[runlim] sample:		3915.56 time, 3940.01 real, 11 MB, 55.14 load
[runlim] sample:		3925.50 time, 3950.01 real, 11 MB, 55.12 load
[runlim] sample:		3935.43 time, 3960.01 real, 11 MB, 55.10 load
[runlim] sample:		3945.37 time, 3970.01 real, 11 MB, 55.16 load
[runlim] sample:		3955.31 time, 3980.01 real, 11 MB, 55.14 load
[runlim] sample:		3965.25 time, 3990.01 real, 11 MB, 55.20 load
[runlim] sample:		3975.19 time, 4000.01 real, 11 MB, 55.17 load
[runlim] sample:		3985.13 time, 4010.01 real, 11 MB, 55.14 load
[runlim] sample:		3995.06 time, 4020.01 real, 11 MB, 55.20 load
[runlim] sample:		4005.00 time, 4030.01 real, 11 MB, 55.24 load
[runlim] sample:		4014.94 time, 4040.01 real, 11 MB, 55.20 load
[runlim] sample:		4024.87 time, 4050.01 real, 11 MB, 55.17 load
[runlim] sample:		4034.81 time, 4060.01 real, 11 MB, 55.37 load
[runlim] sample:		4044.75 time, 4070.01 real, 11 MB, 55.31 load
[runlim] sample:		4054.69 time, 4080.01 real, 11 MB, 55.34 load
[runlim] sample:		4064.62 time, 4090.01 real, 11 MB, 55.28 load
[runlim] sample:		4074.56 time, 4100.01 real, 11 MB, 55.24 load
[runlim] sample:		4084.50 time, 4110.01 real, 11 MB, 55.20 load
[runlim] sample:		4094.43 time, 4120.01 real, 11 MB, 55.24 load
[runlim] sample:		4104.37 time, 4130.01 real, 11 MB, 55.29 load
[runlim] sample:		4114.30 time, 4140.01 real, 11 MB, 55.32 load
[runlim] sample:		4124.24 time, 4150.01 real, 11 MB, 55.27 load
[runlim] sample:		4134.18 time, 4160.01 real, 11 MB, 55.23 load
[runlim] sample:		4144.11 time, 4170.01 real, 11 MB, 55.19 load
[runlim] sample:		4154.05 time, 4180.01 real, 11 MB, 55.39 load
[runlim] sample:		4163.99 time, 4190.01 real, 11 MB, 55.41 load
[runlim] sample:		4173.92 time, 4200.01 real, 11 MB, 55.35 load
[runlim] sample:		4183.86 time, 4210.01 real, 11 MB, 55.29 load
[runlim] sample:		4193.80 time, 4220.01 real, 11 MB, 55.25 load
[runlim] sample:		4203.74 time, 4230.01 real, 11 MB, 55.21 load
[runlim] sample:		4213.67 time, 4240.01 real, 11 MB, 55.25 load
[runlim] sample:		4223.61 time, 4250.01 real, 11 MB, 55.21 load
[runlim] sample:		4233.55 time, 4260.01 real, 11 MB, 55.18 load
[runlim] sample:		4243.48 time, 4270.01 real, 11 MB, 55.15 load
[runlim] sample:		4253.42 time, 4280.01 real, 11 MB, 55.13 load
[runlim] sample:		4263.36 time, 4290.01 real, 11 MB, 55.11 load
[runlim] sample:		4273.30 time, 4300.01 real, 11 MB, 55.09 load
[runlim] sample:		4283.24 time, 4310.01 real, 11 MB, 55.08 load
[runlim] sample:		4293.17 time, 4320.01 real, 11 MB, 55.14 load
[runlim] sample:		4303.10 time, 4330.01 real, 11 MB, 55.12 load
[runlim] sample:		4313.04 time, 4340.01 real, 11 MB, 55.17 load
[runlim] sample:		4322.97 time, 4350.01 real, 11 MB, 55.14 load
[runlim] sample:		4332.91 time, 4360.01 real, 11 MB, 55.12 load
[runlim] sample:		4342.84 time, 4370.01 real, 11 MB, 55.10 load
[runlim] sample:		4352.78 time, 4380.01 real, 11 MB, 55.16 load
[runlim] sample:		4362.71 time, 4390.01 real, 11 MB, 55.14 load
[runlim] sample:		4372.65 time, 4400.01 real, 11 MB, 55.11 load
[runlim] sample:		4382.58 time, 4410.01 real, 11 MB, 55.10 load
[runlim] sample:		4392.52 time, 4420.01 real, 11 MB, 55.08 load
[runlim] sample:		4402.45 time, 4430.01 real, 11 MB, 55.07 load
[runlim] sample:		4412.39 time, 4440.01 real, 11 MB, 55.13 load
[runlim] sample:		4422.32 time, 4450.01 real, 11 MB, 55.11 load
[runlim] sample:		4432.26 time, 4460.01 real, 11 MB, 55.09 load
[runlim] sample:		4442.19 time, 4470.01 real, 11 MB, 55.16 load
[runlim] sample:		4452.13 time, 4480.01 real, 11 MB, 55.13 load
[runlim] sample:		4462.06 time, 4490.01 real, 11 MB, 55.19 load
[runlim] sample:		4472.00 time, 4500.01 real, 11 MB, 55.16 load
[runlim] sample:		4481.93 time, 4510.01 real, 11 MB, 55.21 load
[runlim] sample:		4491.87 time, 4520.01 real, 11 MB, 55.33 load
[runlim] sample:		4501.80 time, 4530.01 real, 11 MB, 55.44 load
[runlim] sample:		4511.74 time, 4540.01 real, 11 MB, 55.44 load
[runlim] sample:		4521.67 time, 4550.01 real, 11 MB, 55.37 load
[runlim] sample:		4531.61 time, 4560.01 real, 11 MB, 55.54 load
[runlim] sample:		4541.55 time, 4570.01 real, 11 MB, 55.45 load
[runlim] sample:		4551.48 time, 4580.01 real, 11 MB, 55.46 load
[runlim] sample:		4561.42 time, 4590.01 real, 11 MB, 55.39 load
[runlim] sample:		4571.35 time, 4600.01 real, 11 MB, 55.33 load
[runlim] sample:		4581.29 time, 4610.01 real, 11 MB, 55.36 load
[runlim] sample:		4591.22 time, 4620.01 real, 11 MB, 55.30 load
[runlim] sample:		4601.16 time, 4630.01 real, 11 MB, 55.26 load
[runlim] sample:		4611.09 time, 4640.01 real, 11 MB, 55.37 load
[runlim] sample:		4621.03 time, 4650.01 real, 11 MB, 55.31 load
[runlim] sample:		4630.96 time, 4660.01 real, 11 MB, 55.42 load
[runlim] sample:		4640.90 time, 4670.01 real, 11 MB, 55.35 load
[runlim] sample:		4650.83 time, 4680.01 real, 11 MB, 55.30 load
[runlim] sample:		4660.76 time, 4690.01 real, 11 MB, 55.25 load
[runlim] sample:		4670.70 time, 4700.01 real, 11 MB, 55.29 load
[runlim] sample:		4680.63 time, 4710.01 real, 11 MB, 55.24 load
[runlim] sample:		4690.57 time, 4720.01 real, 11 MB, 55.20 load
[runlim] sample:		4700.50 time, 4730.01 real, 11 MB, 55.25 load
[runlim] sample:		4710.43 time, 4740.01 real, 11 MB, 55.29 load
[runlim] sample:		4720.37 time, 4750.01 real, 11 MB, 55.24 load
[runlim] sample:		4730.30 time, 4760.01 real, 11 MB, 55.28 load
[runlim] sample:		4740.24 time, 4770.01 real, 11 MB, 55.24 load
[runlim] sample:		4750.17 time, 4780.01 real, 11 MB, 55.20 load
[runlim] sample:		4760.11 time, 4790.01 real, 11 MB, 55.17 load
[runlim] sample:		4770.04 time, 4800.01 real, 11 MB, 55.14 load
[runlim] sample:		4779.98 time, 4810.01 real, 11 MB, 55.19 load
[runlim] sample:		4789.91 time, 4820.01 real, 11 MB, 55.24 load
[runlim] sample:		4799.85 time, 4830.01 real, 11 MB, 55.21 load
[runlim] sample:		4809.79 time, 4840.01 real, 11 MB, 55.17 load
[runlim] sample:		4819.72 time, 4850.01 real, 11 MB, 55.23 load
[runlim] sample:		4829.66 time, 4860.01 real, 11 MB, 55.19 load
[runlim] sample:		4839.60 time, 4870.01 real, 11 MB, 55.16 load
[runlim] sample:		4849.53 time, 4880.01 real, 11 MB, 55.22 load
[runlim] sample:		4859.47 time, 4890.01 real, 11 MB, 55.18 load
[runlim] sample:		4869.41 time, 4900.01 real, 11 MB, 55.15 load
[runlim] sample:		4879.35 time, 4910.01 real, 11 MB, 55.13 load
[runlim] sample:		4889.29 time, 4920.01 real, 11 MB, 55.11 load
[runlim] sample:		4899.23 time, 4930.01 real, 11 MB, 55.09 load
[runlim] sample:		4909.17 time, 4940.01 real, 11 MB, 55.16 load
[runlim] sample:		4919.11 time, 4950.01 real, 11 MB, 55.13 load
[runlim] sample:		4929.05 time, 4960.01 real, 11 MB, 55.11 load
[runlim] sample:		4938.99 time, 4970.01 real, 11 MB, 55.25 load
[runlim] sample:		4948.93 time, 4980.01 real, 11 MB, 55.21 load
[runlim] sample:		4958.86 time, 4990.01 real, 11 MB, 55.26 load
[runlim] sample:		4968.80 time, 5000.01 real, 11 MB, 55.30 load
[runlim] end:			Thu Apr  9 21:45:26 2026
[runlim] status:		out of time
[runlim] result:		2
[runlim] children:		1
[runlim] processes:		2
[runlim] real:			5000.05 seconds
[runlim] time:			4968.80 seconds
[runlim] space:			11 MB
[runlim] load:			59.61 maximum
[runlim] samples:		50000
