[runlim] version:		2.0.0rc1
[runlim] host:			o02n04
[runlim] time limit:		311040000 seconds
[runlim] real time limit:	5000 seconds
[runlim] space limit:		7000 MB
[runlim] argv[0]:		./binary
[runlim] argv[1]:		-c
[runlim] argv[2]:		-f
[runlim] argv[3]:		-s
[runlim] argv[4]:		-r
[runlim] argv[5]:		/tmp/local-unzipped-12459995-1-48-mc2025_track1_103.cnf
[runlim] start:			Thu Apr  9 20:22:51 2026
[runlim] child:			4110795
[runlim] sample:		9.93 time, 10.01 real, 12 MB, 20.82 load
[runlim] sample:		19.87 time, 20.01 real, 23 MB, 27.32 load
[runlim] sample:		29.75 time, 30.01 real, 24 MB, 33.35 load
[runlim] sample:		39.65 time, 40.01 real, 25 MB, 38.45 load
[runlim] sample:		49.54 time, 50.01 real, 29 MB, 42.46 load
[runlim] sample:		59.46 time, 60.01 real, 33 MB, 45.77 load
[runlim] sample:		69.40 time, 70.01 real, 33 MB, 48.57 load
[runlim] sample:		79.33 time, 80.01 real, 33 MB, 51.45 load
[runlim] sample:		89.27 time, 90.01 real, 33 MB, 53.38 load
[runlim] sample:		99.21 time, 100.01 real, 33 MB, 54.78 load
[runlim] sample:		109.16 time, 110.01 real, 37 MB, 55.89 load
[runlim] sample:		119.11 time, 120.01 real, 37 MB, 56.67 load
[runlim] sample:		129.06 time, 130.01 real, 37 MB, 57.34 load
[runlim] sample:		139.00 time, 140.01 real, 37 MB, 58.05 load
[runlim] sample:		148.94 time, 150.01 real, 37 MB, 58.42 load
[runlim] sample:		158.88 time, 160.01 real, 37 MB, 58.75 load
[runlim] sample:		168.82 time, 170.01 real, 41 MB, 58.86 load
[runlim] sample:		178.77 time, 180.01 real, 41 MB, 58.88 load
[runlim] sample:		188.72 time, 190.01 real, 41 MB, 58.90 load
[runlim] sample:		198.66 time, 200.01 real, 41 MB, 59.06 load
[runlim] sample:		208.61 time, 210.01 real, 41 MB, 59.61 load
[runlim] sample:		218.55 time, 220.01 real, 41 MB, 59.52 load
[runlim] sample:		228.50 time, 230.01 real, 41 MB, 59.44 load
[runlim] sample:		238.45 time, 240.01 real, 41 MB, 59.44 load
[runlim] sample:		248.40 time, 250.01 real, 41 MB, 59.46 load
[runlim] sample:		258.34 time, 260.01 real, 41 MB, 59.46 load
[runlim] sample:		268.29 time, 270.01 real, 41 MB, 59.39 load
[runlim] sample:		278.25 time, 280.01 real, 41 MB, 59.33 load
[runlim] sample:		288.20 time, 290.01 real, 41 MB, 59.28 load
[runlim] sample:		298.15 time, 300.01 real, 42 MB, 59.23 load
[runlim] sample:		308.09 time, 310.01 real, 42 MB, 59.20 load
[runlim] sample:		318.05 time, 320.01 real, 42 MB, 59.17 load
[runlim] sample:		327.99 time, 330.01 real, 42 MB, 59.14 load
[runlim] sample:		337.94 time, 340.01 real, 42 MB, 59.12 load
[runlim] sample:		347.89 time, 350.01 real, 42 MB, 59.10 load
[runlim] sample:		357.84 time, 360.01 real, 42 MB, 59.08 load
[runlim] sample:		367.79 time, 370.01 real, 42 MB, 59.07 load
[runlim] sample:		377.73 time, 380.01 real, 42 MB, 59.06 load
[runlim] sample:		387.68 time, 390.01 real, 42 MB, 59.05 load
[runlim] sample:		397.63 time, 400.01 real, 42 MB, 59.12 load
[runlim] sample:		407.58 time, 410.01 real, 42 MB, 59.17 load
[runlim] sample:		417.53 time, 420.01 real, 45 MB, 59.14 load
[runlim] sample:		427.48 time, 430.01 real, 45 MB, 59.27 load
[runlim] sample:		437.43 time, 440.01 real, 51 MB, 59.31 load
[runlim] sample:		447.37 time, 450.01 real, 51 MB, 59.11 load
[runlim] sample:		457.31 time, 460.01 real, 51 MB, 59.08 load
[runlim] sample:		467.25 time, 470.01 real, 51 MB, 59.32 load
[runlim] sample:		477.19 time, 480.01 real, 51 MB, 58.89 load
[runlim] sample:		487.14 time, 490.01 real, 51 MB, 58.44 load
[runlim] sample:		497.08 time, 500.01 real, 51 MB, 58.23 load
[runlim] sample:		507.03 time, 510.01 real, 51 MB, 57.96 load
[runlim] sample:		516.97 time, 520.01 real, 51 MB, 57.82 load
[runlim] sample:		526.92 time, 530.01 real, 51 MB, 57.61 load
[runlim] sample:		536.87 time, 540.01 real, 51 MB, 57.36 load
[runlim] sample:		546.80 time, 550.01 real, 51 MB, 57.15 load
[runlim] sample:		556.75 time, 560.01 real, 51 MB, 57.05 load
[runlim] sample:		566.70 time, 570.01 real, 51 MB, 56.89 load
[runlim] sample:		576.64 time, 580.01 real, 51 MB, 56.83 load
[runlim] sample:		586.59 time, 590.01 real, 51 MB, 56.70 load
[runlim] sample:		596.53 time, 600.01 real, 51 MB, 56.67 load
[runlim] sample:		606.48 time, 610.01 real, 51 MB, 56.57 load
[runlim] sample:		616.43 time, 620.01 real, 51 MB, 56.48 load
[runlim] sample:		626.37 time, 630.01 real, 51 MB, 56.41 load
[runlim] sample:		636.31 time, 640.01 real, 51 MB, 56.81 load
[runlim] sample:		646.25 time, 650.01 real, 51 MB, 56.76 load
[runlim] sample:		656.19 time, 660.01 real, 51 MB, 56.81 load
[runlim] sample:		666.14 time, 670.01 real, 51 MB, 56.68 load
[runlim] sample:		676.08 time, 680.01 real, 51 MB, 56.58 load
[runlim] sample:		686.03 time, 690.01 real, 51 MB, 56.49 load
[runlim] sample:		695.98 time, 700.01 real, 51 MB, 56.57 load
[runlim] sample:		705.92 time, 710.01 real, 51 MB, 56.48 load
[runlim] sample:		715.86 time, 720.01 real, 51 MB, 56.40 load
[runlim] sample:		725.81 time, 730.01 real, 51 MB, 56.34 load
[runlim] sample:		735.75 time, 740.01 real, 51 MB, 56.44 load
[runlim] sample:		745.69 time, 750.01 real, 58 MB, 56.37 load
[runlim] sample:		755.63 time, 760.01 real, 58 MB, 56.48 load
[runlim] sample:		765.59 time, 770.01 real, 58 MB, 56.48 load
[runlim] sample:		775.53 time, 780.01 real, 51 MB, 56.40 load
[runlim] sample:		785.47 time, 790.01 real, 51 MB, 56.34 load
[runlim] sample:		795.42 time, 800.01 real, 51 MB, 56.44 load
[runlim] sample:		805.36 time, 810.01 real, 51 MB, 56.37 load
[runlim] sample:		815.30 time, 820.01 real, 54 MB, 56.40 load
[runlim] sample:		825.25 time, 830.01 real, 54 MB, 56.48 load
[runlim] sample:		835.19 time, 840.01 real, 54 MB, 56.41 load
[runlim] sample:		845.14 time, 850.01 real, 54 MB, 56.35 load
[runlim] sample:		855.08 time, 860.01 real, 54 MB, 56.44 load
[runlim] sample:		865.03 time, 870.01 real, 54 MB, 56.60 load
[runlim] sample:		874.97 time, 880.01 real, 54 MB, 56.66 load
[runlim] sample:		884.92 time, 890.01 real, 54 MB, 56.56 load
[runlim] sample:		894.86 time, 900.01 real, 54 MB, 56.55 load
[runlim] sample:		904.80 time, 910.01 real, 54 MB, 56.55 load
[runlim] sample:		914.75 time, 920.01 real, 54 MB, 56.62 load
[runlim] sample:		924.69 time, 930.01 real, 54 MB, 56.60 load
[runlim] sample:		934.63 time, 940.01 real, 54 MB, 56.59 load
[runlim] sample:		944.58 time, 950.01 real, 54 MB, 56.65 load
[runlim] sample:		954.52 time, 960.01 real, 54 MB, 56.78 load
[runlim] sample:		964.46 time, 970.01 real, 54 MB, 56.81 load
[runlim] sample:		974.41 time, 980.01 real, 54 MB, 56.92 load
[runlim] sample:		984.35 time, 990.01 real, 54 MB, 57.02 load
[runlim] sample:		994.29 time, 1000.01 real, 54 MB, 57.09 load
[runlim] sample:		1004.24 time, 1010.01 real, 54 MB, 57.16 load
[runlim] sample:		1014.18 time, 1020.01 real, 60 MB, 57.21 load
[runlim] sample:		1024.13 time, 1030.01 real, 60 MB, 57.18 load
[runlim] sample:		1034.08 time, 1040.01 real, 60 MB, 57.30 load
[runlim] sample:		1044.02 time, 1050.01 real, 60 MB, 57.33 load
[runlim] sample:		1053.97 time, 1060.01 real, 60 MB, 57.44 load
[runlim] sample:		1063.91 time, 1070.01 real, 60 MB, 57.53 load
[runlim] sample:		1073.85 time, 1080.01 real, 60 MB, 57.53 load
[runlim] sample:		1083.79 time, 1090.01 real, 60 MB, 57.37 load
[runlim] sample:		1093.73 time, 1100.01 real, 60 MB, 57.24 load
[runlim] sample:		1103.67 time, 1110.01 real, 60 MB, 57.05 load
[runlim] sample:		1113.61 time, 1120.01 real, 60 MB, 56.89 load
[runlim] sample:		1123.55 time, 1130.01 real, 61 MB, 56.75 load
[runlim] sample:		1133.50 time, 1140.01 real, 61 MB, 56.71 load
[runlim] sample:		1143.44 time, 1150.01 real, 61 MB, 56.60 load
[runlim] sample:		1153.38 time, 1160.01 real, 61 MB, 56.51 load
[runlim] sample:		1163.32 time, 1170.01 real, 61 MB, 56.43 load
[runlim] sample:		1173.26 time, 1180.01 real, 61 MB, 56.36 load
[runlim] sample:		1183.20 time, 1190.01 real, 61 MB, 56.31 load
[runlim] sample:		1193.14 time, 1200.01 real, 61 MB, 56.34 load
[runlim] sample:		1203.08 time, 1210.01 real, 61 MB, 56.29 load
[runlim] sample:		1213.02 time, 1220.01 real, 61 MB, 56.24 load
[runlim] sample:		1222.96 time, 1230.01 real, 61 MB, 56.28 load
[runlim] sample:		1232.92 time, 1240.01 real, 61 MB, 56.24 load
[runlim] sample:		1242.86 time, 1250.01 real, 62 MB, 56.20 load
[runlim] sample:		1252.80 time, 1260.01 real, 62 MB, 56.41 load
[runlim] sample:		1262.73 time, 1270.01 real, 62 MB, 56.35 load
[runlim] sample:		1272.67 time, 1280.01 real, 62 MB, 56.29 load
[runlim] sample:		1282.61 time, 1290.01 real, 62 MB, 56.25 load
[runlim] sample:		1292.55 time, 1300.01 real, 62 MB, 56.21 load
[runlim] sample:		1302.49 time, 1310.01 real, 62 MB, 56.18 load
[runlim] sample:		1312.43 time, 1320.01 real, 62 MB, 56.15 load
[runlim] sample:		1322.37 time, 1330.01 real, 62 MB, 56.12 load
[runlim] sample:		1332.32 time, 1340.01 real, 62 MB, 56.10 load
[runlim] sample:		1342.26 time, 1350.01 real, 62 MB, 56.09 load
[runlim] sample:		1352.20 time, 1360.01 real, 62 MB, 56.15 load
[runlim] sample:		1362.13 time, 1370.01 real, 63 MB, 56.21 load
[runlim] sample:		1372.07 time, 1380.01 real, 63 MB, 56.18 load
[runlim] sample:		1382.01 time, 1390.01 real, 63 MB, 56.15 load
[runlim] sample:		1391.95 time, 1400.01 real, 63 MB, 56.13 load
[runlim] sample:		1401.89 time, 1410.01 real, 49 MB, 56.11 load
[runlim] sample:		1411.83 time, 1420.01 real, 49 MB, 56.09 load
[runlim] sample:		1421.77 time, 1430.01 real, 49 MB, 56.15 load
[runlim] sample:		1431.71 time, 1440.01 real, 55 MB, 56.29 load
[runlim] sample:		1441.65 time, 1450.01 real, 55 MB, 56.24 load
[runlim] sample:		1451.59 time, 1460.01 real, 55 MB, 56.20 load
[runlim] sample:		1461.52 time, 1470.01 real, 55 MB, 56.17 load
[runlim] sample:		1471.46 time, 1480.01 real, 55 MB, 56.23 load
[runlim] sample:		1481.41 time, 1490.01 real, 56 MB, 56.19 load
[runlim] sample:		1491.34 time, 1500.01 real, 56 MB, 56.24 load
[runlim] sample:		1501.28 time, 1510.01 real, 56 MB, 56.36 load
[runlim] sample:		1511.21 time, 1520.01 real, 56 MB, 56.30 load
[runlim] sample:		1521.15 time, 1530.01 real, 49 MB, 56.10 load
[runlim] sample:		1531.09 time, 1540.01 real, 49 MB, 55.93 load
[runlim] sample:		1541.03 time, 1550.01 real, 50 MB, 55.87 load
[runlim] sample:		1550.97 time, 1560.01 real, 58 MB, 55.81 load
[runlim] sample:		1560.91 time, 1570.01 real, 58 MB, 55.68 load
[runlim] sample:		1570.85 time, 1580.01 real, 58 MB, 55.58 load
[runlim] sample:		1580.79 time, 1590.01 real, 58 MB, 55.49 load
[runlim] sample:		1590.74 time, 1600.01 real, 58 MB, 55.41 load
[runlim] sample:		1600.68 time, 1610.01 real, 50 MB, 55.42 load
[runlim] sample:		1610.61 time, 1620.01 real, 50 MB, 55.36 load
[runlim] sample:		1620.55 time, 1630.01 real, 50 MB, 55.30 load
[runlim] sample:		1630.49 time, 1640.01 real, 50 MB, 55.26 load
[runlim] sample:		1640.43 time, 1650.01 real, 50 MB, 55.29 load
[runlim] sample:		1650.37 time, 1660.01 real, 50 MB, 55.32 load
[runlim] sample:		1660.31 time, 1670.01 real, 58 MB, 55.35 load
[runlim] sample:		1670.25 time, 1680.01 real, 58 MB, 55.30 load
[runlim] sample:		1680.20 time, 1690.01 real, 67 MB, 55.25 load
[runlim] sample:		1690.14 time, 1700.01 real, 67 MB, 55.21 load
[runlim] sample:		1700.08 time, 1710.01 real, 67 MB, 55.18 load
[runlim] sample:		1710.03 time, 1720.01 real, 67 MB, 55.15 load
[runlim] sample:		1719.97 time, 1730.01 real, 59 MB, 55.13 load
[runlim] sample:		1729.92 time, 1740.01 real, 59 MB, 55.26 load
[runlim] sample:		1739.86 time, 1750.01 real, 59 MB, 55.22 load
[runlim] sample:		1749.80 time, 1760.01 real, 59 MB, 55.26 load
[runlim] sample:		1759.75 time, 1770.01 real, 59 MB, 55.22 load
[runlim] sample:		1769.69 time, 1780.01 real, 59 MB, 55.19 load
[runlim] sample:		1779.64 time, 1790.01 real, 59 MB, 55.16 load
[runlim] sample:		1789.58 time, 1800.01 real, 59 MB, 55.13 load
[runlim] sample:		1799.51 time, 1810.01 real, 59 MB, 55.19 load
[runlim] sample:		1809.45 time, 1820.01 real, 59 MB, 55.16 load
[runlim] sample:		1819.39 time, 1830.01 real, 59 MB, 55.13 load
[runlim] sample:		1829.33 time, 1840.01 real, 59 MB, 55.11 load
[runlim] sample:		1839.28 time, 1850.01 real, 59 MB, 55.09 load
[runlim] sample:		1849.22 time, 1860.01 real, 59 MB, 55.08 load
[runlim] sample:		1859.16 time, 1870.01 real, 59 MB, 55.15 load
[runlim] sample:		1869.11 time, 1880.01 real, 59 MB, 55.12 load
[runlim] sample:		1879.05 time, 1890.01 real, 59 MB, 55.10 load
[runlim] sample:		1889.00 time, 1900.01 real, 59 MB, 55.09 load
[runlim] sample:		1898.94 time, 1910.01 real, 59 MB, 55.07 load
[runlim] sample:		1908.89 time, 1920.01 real, 59 MB, 55.14 load
[runlim] sample:		1918.83 time, 1930.01 real, 59 MB, 55.19 load
[runlim] sample:		1928.78 time, 1940.01 real, 65 MB, 55.16 load
[runlim] sample:		1938.72 time, 1950.01 real, 65 MB, 55.21 load
[runlim] sample:		1948.67 time, 1960.01 real, 65 MB, 55.18 load
[runlim] sample:		1958.61 time, 1970.01 real, 65 MB, 55.15 load
[runlim] sample:		1968.56 time, 1980.01 real, 65 MB, 55.44 load
[runlim] sample:		1978.50 time, 1990.01 real, 66 MB, 55.37 load
[runlim] sample:		1988.45 time, 2000.01 real, 66 MB, 55.31 load
[runlim] sample:		1998.39 time, 2010.01 real, 66 MB, 55.50 load
[runlim] sample:		2008.34 time, 2020.01 real, 66 MB, 55.43 load
[runlim] sample:		2018.28 time, 2030.01 real, 66 MB, 55.36 load
[runlim] sample:		2028.22 time, 2040.01 real, 66 MB, 55.30 load
[runlim] sample:		2038.17 time, 2050.01 real, 66 MB, 55.26 load
[runlim] sample:		2048.11 time, 2060.01 real, 66 MB, 55.29 load
[runlim] sample:		2058.04 time, 2070.01 real, 66 MB, 55.25 load
[runlim] sample:		2067.99 time, 2080.01 real, 66 MB, 55.21 load
[runlim] sample:		2077.93 time, 2090.01 real, 66 MB, 55.48 load
[runlim] sample:		2087.87 time, 2100.01 real, 66 MB, 55.63 load
[runlim] sample:		2097.82 time, 2110.01 real, 66 MB, 55.53 load
[runlim] sample:		2107.76 time, 2120.01 real, 66 MB, 55.45 load
[runlim] sample:		2117.70 time, 2130.01 real, 66 MB, 55.38 load
[runlim] sample:		2127.65 time, 2140.01 real, 66 MB, 55.32 load
[runlim] sample:		2137.59 time, 2150.01 real, 66 MB, 55.27 load
[runlim] sample:		2147.54 time, 2160.01 real, 66 MB, 55.23 load
[runlim] sample:		2157.48 time, 2170.01 real, 66 MB, 55.19 load
[runlim] sample:		2167.42 time, 2180.01 real, 66 MB, 55.16 load
[runlim] sample:		2177.37 time, 2190.01 real, 66 MB, 55.14 load
[runlim] sample:		2187.31 time, 2200.01 real, 75 MB, 55.12 load
[runlim] sample:		2197.26 time, 2210.01 real, 75 MB, 55.10 load
[runlim] sample:		2207.20 time, 2220.01 real, 75 MB, 55.08 load
[runlim] sample:		2217.14 time, 2230.01 real, 75 MB, 55.07 load
[runlim] sample:		2227.09 time, 2240.01 real, 75 MB, 55.06 load
[runlim] sample:		2237.03 time, 2250.01 real, 66 MB, 55.05 load
[runlim] sample:		2246.97 time, 2260.01 real, 66 MB, 55.04 load
[runlim] sample:		2256.91 time, 2270.01 real, 66 MB, 55.11 load
[runlim] sample:		2266.85 time, 2280.01 real, 66 MB, 55.10 load
[runlim] sample:		2276.79 time, 2290.01 real, 66 MB, 55.08 load
[runlim] sample:		2286.73 time, 2300.01 real, 67 MB, 55.07 load
[runlim] sample:		2296.68 time, 2310.01 real, 67 MB, 55.06 load
[runlim] sample:		2306.62 time, 2320.01 real, 67 MB, 55.05 load
[runlim] sample:		2316.56 time, 2330.01 real, 67 MB, 55.12 load
[runlim] sample:		2326.51 time, 2340.01 real, 67 MB, 55.10 load
[runlim] sample:		2336.45 time, 2350.01 real, 75 MB, 55.09 load
[runlim] sample:		2346.39 time, 2360.01 real, 75 MB, 55.07 load
[runlim] sample:		2356.31 time, 2370.01 real, 75 MB, 55.06 load
[runlim] sample:		2366.26 time, 2380.01 real, 75 MB, 55.05 load
[runlim] sample:		2376.20 time, 2390.01 real, 75 MB, 55.04 load
[runlim] sample:		2386.14 time, 2400.01 real, 75 MB, 55.04 load
[runlim] sample:		2396.09 time, 2410.01 real, 75 MB, 55.03 load
[runlim] sample:		2406.03 time, 2420.01 real, 75 MB, 55.10 load
[runlim] sample:		2415.97 time, 2430.01 real, 75 MB, 55.16 load
[runlim] sample:		2425.92 time, 2440.01 real, 75 MB, 55.13 load
[runlim] sample:		2435.86 time, 2450.01 real, 75 MB, 55.19 load
[runlim] sample:		2445.81 time, 2460.01 real, 75 MB, 55.16 load
[runlim] sample:		2455.75 time, 2470.01 real, 75 MB, 55.35 load
[runlim] sample:		2465.69 time, 2480.01 real, 75 MB, 55.38 load
[runlim] sample:		2475.64 time, 2490.01 real, 75 MB, 55.32 load
[runlim] sample:		2485.58 time, 2500.01 real, 56 MB, 55.27 load
[runlim] sample:		2495.53 time, 2510.01 real, 56 MB, 55.31 load
[runlim] sample:		2505.47 time, 2520.01 real, 56 MB, 55.26 load
[runlim] sample:		2515.42 time, 2530.01 real, 56 MB, 55.29 load
[runlim] sample:		2525.35 time, 2540.01 real, 56 MB, 55.40 load
[runlim] sample:		2535.30 time, 2550.01 real, 64 MB, 55.34 load
[runlim] sample:		2545.25 time, 2560.01 real, 64 MB, 55.36 load
[runlim] sample:		2555.19 time, 2570.01 real, 64 MB, 55.31 load
[runlim] sample:		2565.14 time, 2580.01 real, 64 MB, 55.26 load
[runlim] sample:		2575.08 time, 2590.01 real, 64 MB, 55.37 load
[runlim] sample:		2585.03 time, 2600.01 real, 64 MB, 55.31 load
[runlim] sample:		2594.97 time, 2610.01 real, 64 MB, 55.27 load
[runlim] sample:		2604.92 time, 2620.01 real, 64 MB, 55.22 load
[runlim] sample:		2614.86 time, 2630.01 real, 64 MB, 55.19 load
[runlim] sample:		2624.81 time, 2640.01 real, 64 MB, 55.23 load
[runlim] sample:		2634.75 time, 2650.01 real, 64 MB, 55.28 load
[runlim] sample:		2644.70 time, 2660.01 real, 64 MB, 55.24 load
[runlim] sample:		2654.63 time, 2670.01 real, 64 MB, 55.35 load
[runlim] sample:		2664.57 time, 2680.01 real, 64 MB, 55.29 load
[runlim] sample:		2674.51 time, 2690.01 real, 64 MB, 55.25 load
[runlim] sample:		2684.46 time, 2700.01 real, 64 MB, 55.21 load
[runlim] sample:		2694.40 time, 2710.01 real, 72 MB, 55.18 load
[runlim] sample:		2704.34 time, 2720.01 real, 72 MB, 55.15 load
[runlim] sample:		2714.28 time, 2730.01 real, 72 MB, 55.12 load
[runlim] sample:		2724.22 time, 2740.01 real, 72 MB, 55.11 load
[runlim] sample:		2734.16 time, 2750.01 real, 72 MB, 55.09 load
[runlim] sample:		2744.10 time, 2760.01 real, 72 MB, 55.07 load
[runlim] sample:		2754.04 time, 2770.01 real, 72 MB, 55.06 load
[runlim] sample:		2763.98 time, 2780.01 real, 72 MB, 55.05 load
[runlim] sample:		2773.92 time, 2790.01 real, 72 MB, 55.04 load
[runlim] sample:		2783.86 time, 2800.01 real, 72 MB, 55.04 load
[runlim] sample:		2793.80 time, 2810.01 real, 72 MB, 55.11 load
[runlim] sample:		2803.74 time, 2820.01 real, 72 MB, 55.09 load
[runlim] sample:		2813.68 time, 2830.01 real, 72 MB, 55.08 load
[runlim] sample:		2823.62 time, 2840.01 real, 72 MB, 55.07 load
[runlim] sample:		2833.56 time, 2850.01 real, 72 MB, 55.13 load
[runlim] sample:		2843.50 time, 2860.01 real, 72 MB, 55.11 load
[runlim] sample:		2853.43 time, 2870.01 real, 72 MB, 55.09 load
[runlim] sample:		2863.37 time, 2880.01 real, 72 MB, 55.15 load
[runlim] sample:		2873.31 time, 2890.01 real, 72 MB, 55.13 load
[runlim] sample:		2883.25 time, 2900.01 real, 72 MB, 55.11 load
[runlim] sample:		2893.19 time, 2910.01 real, 72 MB, 55.09 load
[runlim] sample:		2903.13 time, 2920.01 real, 72 MB, 55.08 load
[runlim] sample:		2913.07 time, 2930.01 real, 72 MB, 55.14 load
[runlim] sample:		2923.01 time, 2940.01 real, 72 MB, 55.19 load
[runlim] sample:		2932.95 time, 2950.01 real, 72 MB, 55.24 load
[runlim] sample:		2942.89 time, 2960.01 real, 72 MB, 55.20 load
[runlim] sample:		2952.83 time, 2970.01 real, 72 MB, 55.24 load
[runlim] sample:		2962.77 time, 2980.01 real, 72 MB, 55.36 load
[runlim] sample:		2972.72 time, 2990.01 real, 72 MB, 55.30 load
[runlim] sample:		2982.66 time, 3000.01 real, 72 MB, 55.26 load
[runlim] sample:		2992.60 time, 3010.01 real, 72 MB, 55.30 load
[runlim] sample:		3002.54 time, 3020.01 real, 72 MB, 55.33 load
[runlim] sample:		3012.49 time, 3030.01 real, 72 MB, 55.42 load
[runlim] sample:		3022.43 time, 3040.01 real, 72 MB, 55.36 load
[runlim] sample:		3032.37 time, 3050.01 real, 72 MB, 55.30 load
[runlim] sample:		3042.32 time, 3060.01 real, 72 MB, 55.33 load
[runlim] sample:		3052.26 time, 3070.01 real, 72 MB, 55.28 load
[runlim] sample:		3062.20 time, 3080.01 real, 72 MB, 55.24 load
[runlim] sample:		3072.14 time, 3090.01 real, 81 MB, 55.35 load
[runlim] sample:		3082.08 time, 3100.01 real, 81 MB, 55.30 load
[runlim] sample:		3092.04 time, 3110.01 real, 81 MB, 55.25 load
[runlim] sample:		3101.98 time, 3120.01 real, 81 MB, 55.21 load
[runlim] sample:		3111.92 time, 3130.01 real, 81 MB, 55.26 load
[runlim] sample:		3121.87 time, 3140.01 real, 81 MB, 55.22 load
[runlim] sample:		3131.81 time, 3150.01 real, 81 MB, 55.48 load
[runlim] sample:		3141.76 time, 3160.01 real, 72 MB, 55.41 load
[runlim] sample:		3151.70 time, 3170.01 real, 72 MB, 55.42 load
[runlim] sample:		3161.64 time, 3180.01 real, 72 MB, 55.36 load
[runlim] sample:		3171.58 time, 3190.01 real, 72 MB, 55.30 load
[runlim] sample:		3181.53 time, 3200.01 real, 72 MB, 55.26 load
[runlim] sample:		3191.47 time, 3210.01 real, 72 MB, 55.36 load
[runlim] sample:		3201.42 time, 3220.01 real, 74 MB, 55.31 load
[runlim] sample:		3211.36 time, 3230.01 real, 74 MB, 55.26 load
[runlim] sample:		3221.31 time, 3240.01 real, 74 MB, 55.22 load
[runlim] sample:		3231.25 time, 3250.01 real, 74 MB, 55.18 load
[runlim] sample:		3241.20 time, 3260.01 real, 74 MB, 55.16 load
[runlim] sample:		3251.14 time, 3270.01 real, 85 MB, 55.13 load
[runlim] sample:		3261.09 time, 3280.01 real, 85 MB, 55.11 load
[runlim] sample:		3271.03 time, 3290.01 real, 85 MB, 55.09 load
[runlim] sample:		3280.98 time, 3300.01 real, 85 MB, 55.08 load
[runlim] sample:		3290.93 time, 3310.01 real, 75 MB, 55.07 load
[runlim] sample:		3300.87 time, 3320.01 real, 75 MB, 55.06 load
[runlim] sample:		3310.82 time, 3330.01 real, 75 MB, 55.20 load
[runlim] sample:		3320.76 time, 3340.01 real, 75 MB, 55.24 load
[runlim] sample:		3330.71 time, 3350.01 real, 75 MB, 55.21 load
[runlim] sample:		3340.66 time, 3360.01 real, 75 MB, 55.17 load
[runlim] sample:		3350.61 time, 3370.01 real, 75 MB, 55.23 load
[runlim] sample:		3360.55 time, 3380.01 real, 75 MB, 55.19 load
[runlim] sample:		3370.50 time, 3390.01 real, 75 MB, 55.24 load
[runlim] sample:		3380.44 time, 3400.01 real, 75 MB, 55.20 load
[runlim] sample:		3390.39 time, 3410.01 real, 75 MB, 55.17 load
[runlim] sample:		3400.33 time, 3420.01 real, 75 MB, 55.14 load
[runlim] sample:		3410.28 time, 3430.01 real, 75 MB, 55.19 load
[runlim] sample:		3420.22 time, 3440.01 real, 75 MB, 55.16 load
[runlim] sample:		3430.17 time, 3450.01 real, 75 MB, 55.29 load
[runlim] sample:		3440.11 time, 3460.01 real, 75 MB, 55.24 load
[runlim] sample:		3450.06 time, 3470.01 real, 75 MB, 55.28 load
[runlim] sample:		3460.00 time, 3480.01 real, 75 MB, 55.32 load
[runlim] sample:		3469.95 time, 3490.01 real, 75 MB, 55.51 load
[runlim] sample:		3479.89 time, 3500.01 real, 75 MB, 55.43 load
[runlim] sample:		3489.84 time, 3510.01 real, 75 MB, 55.52 load
[runlim] sample:		3499.78 time, 3520.01 real, 75 MB, 55.44 load
[runlim] sample:		3509.74 time, 3530.01 real, 75 MB, 55.37 load
[runlim] sample:		3519.68 time, 3540.01 real, 75 MB, 55.31 load
[runlim] sample:		3529.63 time, 3550.01 real, 75 MB, 55.34 load
[runlim] sample:		3539.57 time, 3560.01 real, 75 MB, 55.29 load
[runlim] sample:		3549.51 time, 3570.01 real, 82 MB, 55.25 load
[runlim] sample:		3559.46 time, 3580.01 real, 82 MB, 55.28 load
[runlim] sample:		3569.40 time, 3590.01 real, 82 MB, 55.32 load
[runlim] sample:		3579.35 time, 3600.01 real, 82 MB, 55.27 load
[runlim] sample:		3589.29 time, 3610.01 real, 82 MB, 55.23 load
[runlim] sample:		3599.24 time, 3620.01 real, 82 MB, 55.19 load
[runlim] sample:		3609.19 time, 3630.01 real, 82 MB, 55.16 load
[runlim] sample:		3619.13 time, 3640.01 real, 82 MB, 55.21 load
[runlim] sample:		3629.07 time, 3650.01 real, 82 MB, 55.18 load
[runlim] sample:		3639.02 time, 3660.01 real, 82 MB, 55.15 load
[runlim] sample:		3648.96 time, 3670.01 real, 82 MB, 55.13 load
[runlim] sample:		3658.90 time, 3680.01 real, 82 MB, 55.11 load
[runlim] sample:		3668.85 time, 3690.01 real, 82 MB, 55.09 load
[runlim] sample:		3678.79 time, 3700.01 real, 82 MB, 55.22 load
[runlim] sample:		3688.74 time, 3710.01 real, 82 MB, 55.19 load
[runlim] sample:		3698.69 time, 3720.01 real, 82 MB, 55.16 load
[runlim] sample:		3708.63 time, 3730.01 real, 82 MB, 55.13 load
[runlim] sample:		3718.58 time, 3740.01 real, 82 MB, 55.27 load
[runlim] sample:		3728.52 time, 3750.01 real, 82 MB, 55.23 load
[runlim] sample:		3738.47 time, 3760.01 real, 82 MB, 55.19 load
[runlim] sample:		3748.41 time, 3770.01 real, 82 MB, 55.23 load
[runlim] sample:		3758.34 time, 3780.01 real, 82 MB, 55.20 load
[runlim] sample:		3768.28 time, 3790.01 real, 82 MB, 55.17 load
[runlim] sample:		3778.21 time, 3800.01 real, 82 MB, 55.14 load
[runlim] sample:		3788.15 time, 3810.01 real, 82 MB, 55.20 load
[runlim] sample:		3798.09 time, 3820.01 real, 82 MB, 55.17 load
[runlim] sample:		3808.04 time, 3830.01 real, 82 MB, 55.22 load
[runlim] sample:		3817.98 time, 3840.01 real, 82 MB, 55.18 load
[runlim] sample:		3827.92 time, 3850.01 real, 82 MB, 55.15 load
[runlim] sample:		3837.87 time, 3860.01 real, 82 MB, 55.13 load
[runlim] sample:		3847.82 time, 3870.01 real, 84 MB, 55.11 load
[runlim] sample:		3857.76 time, 3880.01 real, 84 MB, 55.09 load
[runlim] sample:		3867.71 time, 3890.01 real, 84 MB, 55.15 load
[runlim] sample:		3877.65 time, 3900.01 real, 84 MB, 55.13 load
[runlim] sample:		3887.59 time, 3910.01 real, 84 MB, 55.11 load
[runlim] sample:		3897.54 time, 3920.01 real, 84 MB, 55.09 load
[runlim] sample:		3907.48 time, 3930.01 real, 84 MB, 55.15 load
[runlim] sample:		3917.43 time, 3940.01 real, 84 MB, 55.13 load
[runlim] sample:		3927.37 time, 3950.01 real, 84 MB, 55.18 load
[runlim] sample:		3937.32 time, 3960.01 real, 84 MB, 55.15 load
[runlim] sample:		3947.26 time, 3970.01 real, 84 MB, 55.13 load
[runlim] sample:		3957.21 time, 3980.01 real, 84 MB, 55.26 load
[runlim] sample:		3967.15 time, 3990.01 real, 84 MB, 55.22 load
[runlim] sample:		3977.10 time, 4000.01 real, 84 MB, 55.19 load
[runlim] sample:		3987.04 time, 4010.01 real, 84 MB, 55.40 load
[runlim] sample:		3996.98 time, 4020.01 real, 84 MB, 55.34 load
[runlim] sample:		4006.93 time, 4030.01 real, 84 MB, 55.37 load
[runlim] sample:		4016.87 time, 4040.01 real, 84 MB, 55.31 load
[runlim] sample:		4026.82 time, 4050.01 real, 84 MB, 55.26 load
[runlim] sample:		4036.76 time, 4060.01 real, 84 MB, 55.22 load
[runlim] sample:		4046.70 time, 4070.01 real, 84 MB, 55.27 load
[runlim] sample:		4056.64 time, 4080.01 real, 84 MB, 55.22 load
[runlim] sample:		4066.58 time, 4090.01 real, 84 MB, 55.34 load
[runlim] sample:		4076.53 time, 4100.01 real, 84 MB, 55.29 load
[runlim] sample:		4086.47 time, 4110.01 real, 84 MB, 55.25 load
[runlim] sample:		4096.41 time, 4120.01 real, 84 MB, 55.21 load
[runlim] sample:		4106.35 time, 4130.01 real, 84 MB, 55.34 load
[runlim] sample:		4116.29 time, 4140.01 real, 84 MB, 55.36 load
[runlim] sample:		4126.24 time, 4150.01 real, 84 MB, 55.38 load
[runlim] sample:		4136.19 time, 4160.01 real, 84 MB, 55.32 load
[runlim] sample:		4146.13 time, 4170.01 real, 84 MB, 55.27 load
[runlim] sample:		4156.07 time, 4180.01 real, 84 MB, 55.23 load
[runlim] sample:		4166.01 time, 4190.01 real, 84 MB, 55.27 load
[runlim] sample:		4175.95 time, 4200.01 real, 84 MB, 55.23 load
[runlim] sample:		4185.91 time, 4210.01 real, 84 MB, 55.19 load
[runlim] sample:		4195.84 time, 4220.01 real, 84 MB, 55.16 load
[runlim] sample:		4205.79 time, 4230.01 real, 84 MB, 55.14 load
[runlim] sample:		4215.73 time, 4240.01 real, 84 MB, 55.12 load
[runlim] sample:		4225.68 time, 4250.01 real, 84 MB, 55.10 load
[runlim] sample:		4235.62 time, 4260.01 real, 84 MB, 55.08 load
[runlim] sample:		4245.56 time, 4270.01 real, 84 MB, 55.15 load
[runlim] sample:		4255.50 time, 4280.01 real, 84 MB, 55.13 load
[runlim] sample:		4265.45 time, 4290.01 real, 87 MB, 55.19 load
[runlim] sample:		4275.39 time, 4300.01 real, 87 MB, 55.16 load
[runlim] sample:		4285.33 time, 4310.01 real, 87 MB, 55.13 load
[runlim] sample:		4295.27 time, 4320.01 real, 87 MB, 55.11 load
[runlim] sample:		4305.21 time, 4330.01 real, 87 MB, 55.18 load
[runlim] sample:		4315.15 time, 4340.01 real, 87 MB, 55.15 load
[runlim] sample:		4325.10 time, 4350.01 real, 87 MB, 55.12 load
[runlim] sample:		4335.04 time, 4360.01 real, 87 MB, 55.10 load
[runlim] sample:		4344.98 time, 4370.01 real, 66 MB, 55.09 load
[runlim] sample:		4354.92 time, 4380.01 real, 66 MB, 55.07 load
[runlim] sample:		4364.86 time, 4390.01 real, 66 MB, 55.14 load
[runlim] sample:		4374.80 time, 4400.01 real, 66 MB, 55.12 load
[runlim] sample:		4384.74 time, 4410.01 real, 66 MB, 55.10 load
[runlim] sample:		4394.68 time, 4420.01 real, 66 MB, 55.08 load
[runlim] sample:		4404.62 time, 4430.01 real, 66 MB, 55.15 load
[runlim] sample:		4414.56 time, 4440.01 real, 66 MB, 55.12 load
[runlim] sample:		4424.51 time, 4450.01 real, 76 MB, 55.18 load
[runlim] sample:		4434.45 time, 4460.01 real, 76 MB, 55.23 load
[runlim] sample:		4444.39 time, 4470.01 real, 76 MB, 55.28 load
[runlim] sample:		4454.33 time, 4480.01 real, 76 MB, 55.39 load
[runlim] sample:		4464.27 time, 4490.01 real, 76 MB, 55.48 load
[runlim] sample:		4474.21 time, 4500.01 real, 76 MB, 55.41 load
[runlim] sample:		4484.15 time, 4510.01 real, 76 MB, 55.58 load
[runlim] sample:		4494.09 time, 4520.01 real, 86 MB, 55.49 load
[runlim] sample:		4504.04 time, 4530.01 real, 86 MB, 55.42 load
[runlim] sample:		4513.98 time, 4540.01 real, 86 MB, 55.43 load
[runlim] sample:		4523.93 time, 4550.01 real, 86 MB, 55.36 load
[runlim] sample:		4533.87 time, 4560.01 real, 86 MB, 55.30 load
[runlim] sample:		4543.80 time, 4570.01 real, 86 MB, 55.33 load
[runlim] sample:		4553.74 time, 4580.01 real, 86 MB, 55.28 load
[runlim] sample:		4563.68 time, 4590.01 real, 86 MB, 55.32 load
[runlim] sample:		4573.62 time, 4600.01 real, 86 MB, 55.34 load
[runlim] sample:		4583.56 time, 4610.01 real, 76 MB, 55.37 load
[runlim] sample:		4593.50 time, 4620.01 real, 76 MB, 55.39 load
[runlim] sample:		4603.44 time, 4630.01 real, 76 MB, 55.33 load
[runlim] sample:		4613.38 time, 4640.01 real, 76 MB, 55.28 load
[runlim] sample:		4623.31 time, 4650.01 real, 76 MB, 55.31 load
[runlim] sample:		4633.25 time, 4660.01 real, 76 MB, 55.26 load
[runlim] sample:		4643.19 time, 4670.01 real, 76 MB, 55.22 load
[runlim] sample:		4653.13 time, 4680.01 real, 76 MB, 55.19 load
[runlim] sample:		4663.07 time, 4690.01 real, 76 MB, 55.31 load
[runlim] sample:		4673.00 time, 4700.01 real, 81 MB, 55.27 load
[runlim] sample:		4682.94 time, 4710.01 real, 81 MB, 55.30 load
[runlim] sample:		4692.88 time, 4720.01 real, 81 MB, 55.26 load
[runlim] sample:		4702.82 time, 4730.01 real, 81 MB, 55.22 load
[runlim] sample:		4712.76 time, 4740.01 real, 81 MB, 55.18 load
[runlim] sample:		4722.71 time, 4750.01 real, 81 MB, 55.16 load
[runlim] sample:		4732.65 time, 4760.01 real, 81 MB, 55.21 load
[runlim] sample:		4742.58 time, 4770.01 real, 81 MB, 55.18 load
[runlim] sample:		4752.52 time, 4780.01 real, 81 MB, 55.22 load
[runlim] sample:		4762.46 time, 4790.01 real, 81 MB, 55.19 load
[runlim] sample:		4772.40 time, 4800.01 real, 81 MB, 55.16 load
[runlim] sample:		4782.35 time, 4810.01 real, 81 MB, 55.21 load
[runlim] sample:		4792.29 time, 4820.01 real, 81 MB, 55.18 load
[runlim] sample:		4802.23 time, 4830.01 real, 81 MB, 55.15 load
[runlim] sample:		4812.18 time, 4840.01 real, 81 MB, 55.20 load
[runlim] sample:		4822.12 time, 4850.01 real, 81 MB, 55.17 load
[runlim] sample:		4832.07 time, 4860.01 real, 81 MB, 55.14 load
[runlim] sample:		4842.02 time, 4870.01 real, 81 MB, 55.12 load
[runlim] sample:		4851.96 time, 4880.01 real, 81 MB, 55.10 load
[runlim] sample:		4861.90 time, 4890.01 real, 81 MB, 55.08 load
[runlim] sample:		4871.85 time, 4900.01 real, 81 MB, 55.15 load
[runlim] sample:		4881.80 time, 4910.01 real, 81 MB, 55.12 load
[runlim] sample:		4891.74 time, 4920.01 real, 81 MB, 55.18 load
[runlim] sample:		4901.69 time, 4930.01 real, 81 MB, 55.23 load
[runlim] sample:		4911.63 time, 4940.01 real, 81 MB, 55.19 load
[runlim] sample:		4921.57 time, 4950.01 real, 70 MB, 55.24 load
[runlim] sample:		4931.51 time, 4960.01 real, 70 MB, 54.87 load
[runlim] sample:		4941.46 time, 4970.01 real, 70 MB, 53.19 load
[runlim] sample:		4951.41 time, 4980.01 real, 70 MB, 50.45 load
[runlim] sample:		4961.36 time, 4990.01 real, 71 MB, 46.99 load
[runlim] sample:		4971.31 time, 5000.01 real, 71 MB, 42.75 load
[runlim] end:			Thu Apr  9 21:46:12 2026
[runlim] status:		out of time
[runlim] result:		2
[runlim] children:		1
[runlim] processes:		2
[runlim] real:			5000.05 seconds
[runlim] time:			4971.31 seconds
[runlim] space:			87 MB
[runlim] load:			59.61 maximum
[runlim] samples:		50000
