[runlim] version:		2.0.0rc1
[runlim] host:			o02n04
[runlim] time limit:		311040000 seconds
[runlim] real time limit:	5000 seconds
[runlim] space limit:		7000 MB
[runlim] argv[0]:		./binary
[runlim] argv[1]:		-c
[runlim] argv[2]:		-f
[runlim] argv[3]:		-s
[runlim] argv[4]:		-r
[runlim] argv[5]:		/tmp/local-unzipped-12459995-1-8-mc2025_track1_181.cnf
[runlim] start:			Thu Apr  9 20:22:11 2026
[runlim] child:			4109414
[runlim] sample:		9.95 time, 10.01 real, 74 MB, 2.66 load
[runlim] sample:		19.90 time, 20.01 real, 80 MB, 5.80 load
[runlim] sample:		29.83 time, 30.01 real, 84 MB, 9.93 load
[runlim] sample:		39.78 time, 40.01 real, 87 MB, 14.95 load
[runlim] sample:		49.71 time, 50.01 real, 89 MB, 20.82 load
[runlim] sample:		59.63 time, 60.01 real, 93 MB, 27.32 load
[runlim] sample:		69.53 time, 70.01 real, 83 MB, 33.35 load
[runlim] sample:		79.47 time, 80.01 real, 91 MB, 38.45 load
[runlim] sample:		89.37 time, 90.01 real, 98 MB, 42.46 load
[runlim] sample:		99.29 time, 100.01 real, 101 MB, 45.77 load
[runlim] sample:		109.21 time, 110.01 real, 69 MB, 48.57 load
[runlim] sample:		119.13 time, 120.01 real, 75 MB, 51.45 load
[runlim] sample:		129.07 time, 130.01 real, 106 MB, 53.38 load
[runlim] sample:		139.01 time, 140.01 real, 108 MB, 54.78 load
[runlim] sample:		148.95 time, 150.01 real, 108 MB, 55.89 load
[runlim] sample:		158.88 time, 160.01 real, 110 MB, 56.67 load
[runlim] sample:		168.83 time, 170.01 real, 112 MB, 57.34 load
[runlim] sample:		178.76 time, 180.01 real, 113 MB, 58.05 load
[runlim] sample:		188.70 time, 190.01 real, 115 MB, 58.42 load
[runlim] sample:		198.64 time, 200.01 real, 117 MB, 58.75 load
[runlim] sample:		208.57 time, 210.01 real, 117 MB, 58.86 load
[runlim] sample:		218.51 time, 220.01 real, 119 MB, 58.88 load
[runlim] sample:		228.45 time, 230.01 real, 120 MB, 58.90 load
[runlim] sample:		238.38 time, 240.01 real, 122 MB, 59.06 load
[runlim] sample:		248.32 time, 250.01 real, 122 MB, 59.61 load
[runlim] sample:		258.27 time, 260.01 real, 124 MB, 59.52 load
[runlim] sample:		268.21 time, 270.01 real, 125 MB, 59.44 load
[runlim] sample:		278.15 time, 280.01 real, 125 MB, 59.44 load
[runlim] sample:		288.09 time, 290.01 real, 127 MB, 59.46 load
[runlim] sample:		298.02 time, 300.01 real, 129 MB, 59.46 load
[runlim] sample:		307.95 time, 310.01 real, 129 MB, 59.39 load
[runlim] sample:		317.90 time, 320.01 real, 130 MB, 59.33 load
[runlim] sample:		327.84 time, 330.01 real, 70 MB, 59.28 load
[runlim] sample:		337.77 time, 340.01 real, 110 MB, 59.23 load
[runlim] sample:		347.70 time, 350.01 real, 134 MB, 59.20 load
[runlim] sample:		357.64 time, 360.01 real, 134 MB, 59.17 load
[runlim] sample:		367.57 time, 370.01 real, 136 MB, 59.14 load
[runlim] sample:		377.50 time, 380.01 real, 137 MB, 59.12 load
[runlim] sample:		387.44 time, 390.01 real, 138 MB, 59.10 load
[runlim] sample:		397.37 time, 400.01 real, 141 MB, 59.08 load
[runlim] sample:		407.30 time, 410.01 real, 141 MB, 59.07 load
[runlim] sample:		417.23 time, 420.01 real, 143 MB, 59.06 load
[runlim] sample:		427.17 time, 430.01 real, 143 MB, 59.05 load
[runlim] sample:		437.11 time, 440.01 real, 144 MB, 59.12 load
[runlim] sample:		447.05 time, 450.01 real, 145 MB, 59.17 load
[runlim] sample:		456.98 time, 460.01 real, 147 MB, 59.14 load
[runlim] sample:		466.91 time, 470.01 real, 147 MB, 59.27 load
[runlim] sample:		476.84 time, 480.01 real, 149 MB, 59.31 load
[runlim] sample:		486.78 time, 490.01 real, 149 MB, 59.11 load
[runlim] sample:		496.72 time, 500.01 real, 151 MB, 59.08 load
[runlim] sample:		506.66 time, 510.01 real, 151 MB, 59.32 load
[runlim] sample:		516.59 time, 520.01 real, 102 MB, 58.89 load
[runlim] sample:		526.52 time, 530.01 real, 144 MB, 58.44 load
[runlim] sample:		536.46 time, 540.01 real, 102 MB, 58.23 load
[runlim] sample:		546.40 time, 550.01 real, 144 MB, 57.96 load
[runlim] sample:		556.34 time, 560.01 real, 156 MB, 57.82 load
[runlim] sample:		566.28 time, 570.01 real, 156 MB, 57.61 load
[runlim] sample:		576.22 time, 580.01 real, 158 MB, 57.36 load
[runlim] sample:		586.16 time, 590.01 real, 158 MB, 57.15 load
[runlim] sample:		596.10 time, 600.01 real, 159 MB, 57.05 load
[runlim] sample:		606.03 time, 610.01 real, 159 MB, 56.89 load
[runlim] sample:		615.97 time, 620.01 real, 161 MB, 56.83 load
[runlim] sample:		625.91 time, 630.01 real, 161 MB, 56.70 load
[runlim] sample:		635.85 time, 640.01 real, 163 MB, 56.67 load
[runlim] sample:		645.79 time, 650.01 real, 163 MB, 56.57 load
[runlim] sample:		655.73 time, 660.01 real, 163 MB, 56.48 load
[runlim] sample:		665.67 time, 670.01 real, 164 MB, 56.41 load
[runlim] sample:		675.60 time, 680.01 real, 164 MB, 56.81 load
[runlim] sample:		685.54 time, 690.01 real, 166 MB, 56.76 load
[runlim] sample:		695.47 time, 700.01 real, 166 MB, 56.81 load
[runlim] sample:		705.41 time, 710.01 real, 167 MB, 56.68 load
[runlim] sample:		715.34 time, 720.01 real, 124 MB, 56.58 load
[runlim] sample:		725.29 time, 730.01 real, 166 MB, 56.49 load
[runlim] sample:		735.23 time, 740.01 real, 170 MB, 56.57 load
[runlim] sample:		745.17 time, 750.01 real, 170 MB, 56.48 load
[runlim] sample:		755.10 time, 760.01 real, 171 MB, 56.40 load
[runlim] sample:		765.04 time, 770.01 real, 171 MB, 56.34 load
[runlim] sample:		774.98 time, 780.01 real, 173 MB, 56.44 load
[runlim] sample:		784.91 time, 790.01 real, 173 MB, 56.37 load
[runlim] sample:		794.85 time, 800.01 real, 173 MB, 56.48 load
[runlim] sample:		804.79 time, 810.01 real, 175 MB, 56.48 load
[runlim] sample:		814.73 time, 820.01 real, 175 MB, 56.40 load
[runlim] sample:		824.66 time, 830.01 real, 177 MB, 56.34 load
[runlim] sample:		834.60 time, 840.01 real, 177 MB, 56.44 load
[runlim] sample:		844.54 time, 850.01 real, 177 MB, 56.37 load
[runlim] sample:		854.48 time, 860.01 real, 178 MB, 56.40 load
[runlim] sample:		864.42 time, 870.01 real, 178 MB, 56.48 load
[runlim] sample:		874.36 time, 880.01 real, 178 MB, 56.41 load
[runlim] sample:		884.31 time, 890.01 real, 180 MB, 56.35 load
[runlim] sample:		894.25 time, 900.01 real, 180 MB, 56.44 load
[runlim] sample:		904.18 time, 910.01 real, 182 MB, 56.60 load
[runlim] sample:		914.12 time, 920.01 real, 182 MB, 56.66 load
[runlim] sample:		924.06 time, 930.01 real, 182 MB, 56.56 load
[runlim] sample:		934.00 time, 940.01 real, 183 MB, 56.55 load
[runlim] sample:		943.94 time, 950.01 real, 183 MB, 56.55 load
[runlim] sample:		953.87 time, 960.01 real, 183 MB, 56.62 load
[runlim] sample:		963.82 time, 970.01 real, 185 MB, 56.60 load
[runlim] sample:		973.76 time, 980.01 real, 185 MB, 56.59 load
[runlim] sample:		983.70 time, 990.01 real, 187 MB, 56.65 load
[runlim] sample:		993.64 time, 1000.01 real, 187 MB, 56.78 load
[runlim] sample:		1003.58 time, 1010.01 real, 187 MB, 56.81 load
[runlim] sample:		1013.51 time, 1020.01 real, 188 MB, 56.92 load
[runlim] sample:		1023.45 time, 1030.01 real, 188 MB, 57.02 load
[runlim] sample:		1033.39 time, 1040.01 real, 188 MB, 57.09 load
[runlim] sample:		1043.33 time, 1050.01 real, 190 MB, 57.16 load
[runlim] sample:		1053.27 time, 1060.01 real, 190 MB, 57.21 load
[runlim] sample:		1063.22 time, 1070.01 real, 190 MB, 57.18 load
[runlim] sample:		1073.16 time, 1080.01 real, 192 MB, 57.30 load
[runlim] sample:		1083.10 time, 1090.01 real, 192 MB, 57.33 load
[runlim] sample:		1093.04 time, 1100.01 real, 192 MB, 57.44 load
[runlim] sample:		1102.98 time, 1110.01 real, 194 MB, 57.53 load
[runlim] sample:		1112.92 time, 1120.01 real, 194 MB, 57.53 load
[runlim] sample:		1122.86 time, 1130.01 real, 194 MB, 57.37 load
[runlim] sample:		1132.80 time, 1140.01 real, 195 MB, 57.24 load
[runlim] sample:		1142.74 time, 1150.01 real, 195 MB, 57.05 load
[runlim] sample:		1152.68 time, 1160.01 real, 195 MB, 56.89 load
[runlim] sample:		1162.61 time, 1170.01 real, 197 MB, 56.75 load
[runlim] sample:		1172.55 time, 1180.01 real, 197 MB, 56.71 load
[runlim] sample:		1182.48 time, 1190.01 real, 197 MB, 56.60 load
[runlim] sample:		1192.42 time, 1200.01 real, 199 MB, 56.51 load
[runlim] sample:		1202.36 time, 1210.01 real, 199 MB, 56.43 load
[runlim] sample:		1212.30 time, 1220.01 real, 199 MB, 56.36 load
[runlim] sample:		1222.23 time, 1230.01 real, 200 MB, 56.31 load
[runlim] sample:		1232.18 time, 1240.01 real, 142 MB, 56.34 load
[runlim] sample:		1242.11 time, 1250.01 real, 185 MB, 56.29 load
[runlim] sample:		1252.06 time, 1260.01 real, 202 MB, 56.24 load
[runlim] sample:		1261.99 time, 1270.01 real, 202 MB, 56.28 load
[runlim] sample:		1271.93 time, 1280.01 real, 202 MB, 56.24 load
[runlim] sample:		1281.87 time, 1290.01 real, 204 MB, 56.20 load
[runlim] sample:		1291.80 time, 1300.01 real, 204 MB, 56.41 load
[runlim] sample:		1301.74 time, 1310.01 real, 204 MB, 56.35 load
[runlim] sample:		1311.67 time, 1320.01 real, 205 MB, 56.29 load
[runlim] sample:		1321.61 time, 1330.01 real, 205 MB, 56.25 load
[runlim] sample:		1331.54 time, 1340.01 real, 205 MB, 56.21 load
[runlim] sample:		1341.48 time, 1350.01 real, 207 MB, 56.18 load
[runlim] sample:		1351.42 time, 1360.01 real, 207 MB, 56.15 load
[runlim] sample:		1361.35 time, 1370.01 real, 207 MB, 56.12 load
[runlim] sample:		1371.29 time, 1380.01 real, 207 MB, 56.10 load
[runlim] sample:		1381.23 time, 1390.01 real, 209 MB, 56.09 load
[runlim] sample:		1391.17 time, 1400.01 real, 209 MB, 56.15 load
[runlim] sample:		1401.10 time, 1410.01 real, 209 MB, 56.21 load
[runlim] sample:		1411.03 time, 1420.01 real, 210 MB, 56.18 load
[runlim] sample:		1420.97 time, 1430.01 real, 210 MB, 56.15 load
[runlim] sample:		1430.90 time, 1440.01 real, 210 MB, 56.13 load
[runlim] sample:		1440.84 time, 1450.01 real, 213 MB, 56.11 load
[runlim] sample:		1450.77 time, 1460.01 real, 213 MB, 56.09 load
[runlim] sample:		1460.71 time, 1470.01 real, 213 MB, 56.15 load
[runlim] sample:		1470.64 time, 1480.01 real, 213 MB, 56.29 load
[runlim] sample:		1480.59 time, 1490.01 real, 215 MB, 56.24 load
[runlim] sample:		1490.52 time, 1500.01 real, 215 MB, 56.20 load
[runlim] sample:		1500.46 time, 1510.01 real, 215 MB, 56.17 load
[runlim] sample:		1510.39 time, 1520.01 real, 216 MB, 56.23 load
[runlim] sample:		1520.33 time, 1530.01 real, 216 MB, 56.19 load
[runlim] sample:		1530.26 time, 1540.01 real, 216 MB, 56.24 load
[runlim] sample:		1540.20 time, 1550.01 real, 216 MB, 56.36 load
[runlim] sample:		1550.13 time, 1560.01 real, 218 MB, 56.30 load
[runlim] sample:		1560.07 time, 1570.01 real, 218 MB, 56.10 load
[runlim] sample:		1570.01 time, 1580.01 real, 218 MB, 55.93 load
[runlim] sample:		1579.94 time, 1590.01 real, 219 MB, 55.87 load
[runlim] sample:		1589.88 time, 1600.01 real, 219 MB, 55.81 load
[runlim] sample:		1599.82 time, 1610.01 real, 219 MB, 55.68 load
[runlim] sample:		1609.76 time, 1620.01 real, 219 MB, 55.58 load
[runlim] sample:		1619.70 time, 1630.01 real, 221 MB, 55.49 load
[runlim] sample:		1629.64 time, 1640.01 real, 221 MB, 55.41 load
[runlim] sample:		1639.58 time, 1650.01 real, 221 MB, 55.42 load
[runlim] sample:		1649.52 time, 1660.01 real, 223 MB, 55.36 load
[runlim] sample:		1659.46 time, 1670.01 real, 223 MB, 55.30 load
[runlim] sample:		1669.39 time, 1680.01 real, 223 MB, 55.26 load
[runlim] sample:		1679.33 time, 1690.01 real, 223 MB, 55.29 load
[runlim] sample:		1689.27 time, 1700.01 real, 225 MB, 55.32 load
[runlim] sample:		1699.21 time, 1710.01 real, 225 MB, 55.35 load
[runlim] sample:		1709.15 time, 1720.01 real, 225 MB, 55.30 load
[runlim] sample:		1719.09 time, 1730.01 real, 226 MB, 55.25 load
[runlim] sample:		1729.03 time, 1740.01 real, 226 MB, 55.21 load
[runlim] sample:		1738.97 time, 1750.01 real, 226 MB, 55.18 load
[runlim] sample:		1748.91 time, 1760.01 real, 226 MB, 55.15 load
[runlim] sample:		1758.86 time, 1770.01 real, 228 MB, 55.13 load
[runlim] sample:		1768.80 time, 1780.01 real, 228 MB, 55.26 load
[runlim] sample:		1778.74 time, 1790.01 real, 228 MB, 55.22 load
[runlim] sample:		1788.68 time, 1800.01 real, 228 MB, 55.26 load
[runlim] sample:		1798.62 time, 1810.01 real, 230 MB, 55.22 load
[runlim] sample:		1808.56 time, 1820.01 real, 230 MB, 55.19 load
[runlim] sample:		1818.50 time, 1830.01 real, 230 MB, 55.16 load
[runlim] sample:		1828.44 time, 1840.01 real, 231 MB, 55.13 load
[runlim] sample:		1838.38 time, 1850.01 real, 231 MB, 55.19 load
[runlim] sample:		1848.32 time, 1860.01 real, 231 MB, 55.16 load
[runlim] sample:		1858.26 time, 1870.01 real, 231 MB, 55.13 load
[runlim] sample:		1868.21 time, 1880.01 real, 233 MB, 55.11 load
[runlim] sample:		1878.15 time, 1890.01 real, 233 MB, 55.09 load
[runlim] sample:		1888.09 time, 1900.01 real, 233 MB, 55.08 load
[runlim] sample:		1898.03 time, 1910.01 real, 233 MB, 55.15 load
[runlim] sample:		1907.97 time, 1920.01 real, 235 MB, 55.12 load
[runlim] sample:		1917.91 time, 1930.01 real, 235 MB, 55.10 load
[runlim] sample:		1927.85 time, 1940.01 real, 235 MB, 55.09 load
[runlim] sample:		1937.79 time, 1950.01 real, 235 MB, 55.07 load
[runlim] sample:		1947.74 time, 1960.01 real, 236 MB, 55.14 load
[runlim] sample:		1957.68 time, 1970.01 real, 236 MB, 55.19 load
[runlim] sample:		1967.62 time, 1980.01 real, 236 MB, 55.16 load
[runlim] sample:		1977.57 time, 1990.01 real, 236 MB, 55.21 load
[runlim] sample:		1987.50 time, 2000.01 real, 238 MB, 55.18 load
[runlim] sample:		1997.45 time, 2010.01 real, 238 MB, 55.15 load
[runlim] sample:		2007.39 time, 2020.01 real, 238 MB, 55.44 load
[runlim] sample:		2017.33 time, 2030.01 real, 238 MB, 55.37 load
[runlim] sample:		2027.27 time, 2040.01 real, 240 MB, 55.31 load
[runlim] sample:		2037.21 time, 2050.01 real, 240 MB, 55.50 load
[runlim] sample:		2047.15 time, 2060.01 real, 240 MB, 55.43 load
[runlim] sample:		2057.09 time, 2070.01 real, 240 MB, 55.36 load
[runlim] sample:		2067.04 time, 2080.01 real, 241 MB, 55.30 load
[runlim] sample:		2076.98 time, 2090.01 real, 241 MB, 55.26 load
[runlim] sample:		2086.92 time, 2100.01 real, 241 MB, 55.29 load
[runlim] sample:		2096.86 time, 2110.01 real, 241 MB, 55.25 load
[runlim] sample:		2106.79 time, 2120.01 real, 243 MB, 55.21 load
[runlim] sample:		2116.73 time, 2130.01 real, 243 MB, 55.48 load
[runlim] sample:		2126.67 time, 2140.01 real, 243 MB, 55.63 load
[runlim] sample:		2136.61 time, 2150.01 real, 243 MB, 55.53 load
[runlim] sample:		2146.56 time, 2160.01 real, 245 MB, 55.45 load
[runlim] sample:		2156.50 time, 2170.01 real, 245 MB, 55.38 load
[runlim] sample:		2166.44 time, 2180.01 real, 245 MB, 55.32 load
[runlim] sample:		2176.38 time, 2190.01 real, 245 MB, 55.27 load
[runlim] sample:		2186.32 time, 2200.01 real, 247 MB, 55.23 load
[runlim] sample:		2196.25 time, 2210.01 real, 247 MB, 55.19 load
[runlim] sample:		2206.19 time, 2220.01 real, 247 MB, 55.16 load
[runlim] sample:		2216.13 time, 2230.01 real, 247 MB, 55.14 load
[runlim] sample:		2226.07 time, 2240.01 real, 249 MB, 55.12 load
[runlim] sample:		2236.01 time, 2250.01 real, 249 MB, 55.10 load
[runlim] sample:		2245.95 time, 2260.01 real, 249 MB, 55.08 load
[runlim] sample:		2255.89 time, 2270.01 real, 249 MB, 55.07 load
[runlim] sample:		2265.83 time, 2280.01 real, 250 MB, 55.06 load
[runlim] sample:		2275.77 time, 2290.01 real, 250 MB, 55.05 load
[runlim] sample:		2285.71 time, 2300.01 real, 250 MB, 55.04 load
[runlim] sample:		2295.64 time, 2310.01 real, 250 MB, 55.11 load
[runlim] sample:		2305.58 time, 2320.01 real, 251 MB, 55.10 load
[runlim] sample:		2315.51 time, 2330.01 real, 252 MB, 55.08 load
[runlim] sample:		2325.45 time, 2340.01 real, 252 MB, 55.07 load
[runlim] sample:		2335.39 time, 2350.01 real, 252 MB, 55.06 load
[runlim] sample:		2345.33 time, 2360.01 real, 252 MB, 55.05 load
[runlim] sample:		2355.27 time, 2370.01 real, 254 MB, 55.12 load
[runlim] sample:		2365.21 time, 2380.01 real, 254 MB, 55.10 load
[runlim] sample:		2375.15 time, 2390.01 real, 254 MB, 55.09 load
[runlim] sample:		2385.08 time, 2400.01 real, 254 MB, 55.07 load
[runlim] sample:		2395.02 time, 2410.01 real, 255 MB, 55.06 load
[runlim] sample:		2404.96 time, 2420.01 real, 255 MB, 55.05 load
[runlim] sample:		2414.90 time, 2430.01 real, 255 MB, 55.04 load
[runlim] sample:		2424.83 time, 2440.01 real, 255 MB, 55.04 load
[runlim] sample:		2434.77 time, 2450.01 real, 257 MB, 55.03 load
[runlim] sample:		2444.71 time, 2460.01 real, 257 MB, 55.10 load
[runlim] sample:		2454.65 time, 2470.01 real, 257 MB, 55.16 load
[runlim] sample:		2464.58 time, 2480.01 real, 257 MB, 55.13 load
[runlim] sample:		2474.52 time, 2490.01 real, 257 MB, 55.19 load
[runlim] sample:		2484.47 time, 2500.01 real, 259 MB, 55.16 load
[runlim] sample:		2494.40 time, 2510.01 real, 259 MB, 55.35 load
[runlim] sample:		2504.34 time, 2520.01 real, 259 MB, 55.38 load
[runlim] sample:		2514.28 time, 2530.01 real, 259 MB, 55.32 load
[runlim] sample:		2524.22 time, 2540.01 real, 260 MB, 55.27 load
[runlim] sample:		2534.16 time, 2550.01 real, 260 MB, 55.31 load
[runlim] sample:		2544.10 time, 2560.01 real, 260 MB, 55.26 load
[runlim] sample:		2554.04 time, 2570.01 real, 260 MB, 55.29 load
[runlim] sample:		2563.98 time, 2580.01 real, 260 MB, 55.40 load
[runlim] sample:		2573.92 time, 2590.01 real, 262 MB, 55.34 load
[runlim] sample:		2583.86 time, 2600.01 real, 262 MB, 55.36 load
[runlim] sample:		2593.80 time, 2610.01 real, 262 MB, 55.31 load
[runlim] sample:		2603.74 time, 2620.01 real, 262 MB, 55.26 load
[runlim] sample:		2613.68 time, 2630.01 real, 263 MB, 55.37 load
[runlim] sample:		2623.62 time, 2640.01 real, 263 MB, 55.31 load
[runlim] sample:		2633.56 time, 2650.01 real, 263 MB, 55.27 load
[runlim] sample:		2643.50 time, 2660.01 real, 263 MB, 55.22 load
[runlim] sample:		2653.44 time, 2670.01 real, 263 MB, 55.19 load
[runlim] sample:		2663.37 time, 2680.01 real, 265 MB, 55.23 load
[runlim] sample:		2673.31 time, 2690.01 real, 265 MB, 55.28 load
[runlim] sample:		2683.25 time, 2700.01 real, 265 MB, 55.24 load
[runlim] sample:		2693.20 time, 2710.01 real, 265 MB, 55.35 load
[runlim] sample:		2703.14 time, 2720.01 real, 267 MB, 55.29 load
[runlim] sample:		2713.07 time, 2730.01 real, 267 MB, 55.25 load
[runlim] sample:		2723.01 time, 2740.01 real, 267 MB, 55.21 load
[runlim] sample:		2732.95 time, 2750.01 real, 267 MB, 55.18 load
[runlim] sample:		2742.89 time, 2760.01 real, 267 MB, 55.15 load
[runlim] sample:		2752.82 time, 2770.01 real, 269 MB, 55.12 load
[runlim] sample:		2762.75 time, 2780.01 real, 269 MB, 55.11 load
[runlim] sample:		2772.69 time, 2790.01 real, 269 MB, 55.09 load
[runlim] sample:		2782.63 time, 2800.01 real, 269 MB, 55.07 load
[runlim] sample:		2792.56 time, 2810.01 real, 269 MB, 55.06 load
[runlim] sample:		2802.51 time, 2820.01 real, 270 MB, 55.05 load
[runlim] sample:		2812.44 time, 2830.01 real, 270 MB, 55.04 load
[runlim] sample:		2822.38 time, 2840.01 real, 270 MB, 55.04 load
[runlim] sample:		2832.32 time, 2850.01 real, 270 MB, 55.11 load
[runlim] sample:		2842.25 time, 2860.01 real, 273 MB, 55.09 load
[runlim] sample:		2852.19 time, 2870.01 real, 273 MB, 55.08 load
[runlim] sample:		2862.12 time, 2880.01 real, 273 MB, 55.07 load
[runlim] sample:		2872.06 time, 2890.01 real, 273 MB, 55.13 load
[runlim] sample:		2882.00 time, 2900.01 real, 273 MB, 55.11 load
[runlim] sample:		2891.93 time, 2910.01 real, 275 MB, 55.09 load
[runlim] sample:		2901.87 time, 2920.01 real, 275 MB, 55.15 load
[runlim] sample:		2911.81 time, 2930.01 real, 275 MB, 55.13 load
[runlim] sample:		2921.74 time, 2940.01 real, 275 MB, 55.11 load
[runlim] sample:		2931.68 time, 2950.01 real, 275 MB, 55.09 load
[runlim] sample:		2941.62 time, 2960.01 real, 276 MB, 55.08 load
[runlim] sample:		2951.56 time, 2970.01 real, 276 MB, 55.14 load
[runlim] sample:		2961.49 time, 2980.01 real, 276 MB, 55.19 load
[runlim] sample:		2971.43 time, 2990.01 real, 276 MB, 55.24 load
[runlim] sample:		2981.37 time, 3000.01 real, 276 MB, 55.20 load
[runlim] sample:		2991.30 time, 3010.01 real, 278 MB, 55.24 load
[runlim] sample:		3001.24 time, 3020.01 real, 278 MB, 55.36 load
[runlim] sample:		3011.18 time, 3030.01 real, 278 MB, 55.30 load
[runlim] sample:		3021.12 time, 3040.01 real, 278 MB, 55.26 load
[runlim] sample:		3031.06 time, 3050.01 real, 280 MB, 55.30 load
[runlim] sample:		3040.99 time, 3060.01 real, 280 MB, 55.33 load
[runlim] sample:		3050.94 time, 3070.01 real, 280 MB, 55.42 load
[runlim] sample:		3060.88 time, 3080.01 real, 280 MB, 55.36 load
[runlim] sample:		3070.82 time, 3090.01 real, 280 MB, 55.30 load
[runlim] sample:		3080.75 time, 3100.01 real, 281 MB, 55.33 load
[runlim] sample:		3090.69 time, 3110.01 real, 281 MB, 55.28 load
[runlim] sample:		3100.63 time, 3120.01 real, 281 MB, 55.24 load
[runlim] sample:		3110.56 time, 3130.01 real, 281 MB, 55.35 load
[runlim] sample:		3120.50 time, 3140.01 real, 281 MB, 55.30 load
[runlim] sample:		3130.44 time, 3150.01 real, 283 MB, 55.25 load
[runlim] sample:		3140.38 time, 3160.01 real, 283 MB, 55.21 load
[runlim] sample:		3150.32 time, 3170.01 real, 283 MB, 55.26 load
[runlim] sample:		3160.26 time, 3180.01 real, 283 MB, 55.22 load
[runlim] sample:		3170.19 time, 3190.01 real, 283 MB, 55.48 load
[runlim] sample:		3180.14 time, 3200.01 real, 285 MB, 55.41 load
[runlim] sample:		3190.07 time, 3210.01 real, 285 MB, 55.42 load
[runlim] sample:		3200.01 time, 3220.01 real, 285 MB, 55.36 load
[runlim] sample:		3209.95 time, 3230.01 real, 285 MB, 55.30 load
[runlim] sample:		3219.89 time, 3240.01 real, 285 MB, 55.26 load
[runlim] sample:		3229.82 time, 3250.01 real, 287 MB, 55.36 load
[runlim] sample:		3239.76 time, 3260.01 real, 287 MB, 55.31 load
[runlim] sample:		3249.69 time, 3270.01 real, 287 MB, 55.26 load
[runlim] sample:		3259.63 time, 3280.01 real, 287 MB, 55.22 load
[runlim] sample:		3269.57 time, 3290.01 real, 287 MB, 55.18 load
[runlim] sample:		3279.52 time, 3300.01 real, 288 MB, 55.16 load
[runlim] sample:		3289.46 time, 3310.01 real, 288 MB, 55.13 load
[runlim] sample:		3299.40 time, 3320.01 real, 288 MB, 55.11 load
[runlim] sample:		3309.34 time, 3330.01 real, 288 MB, 55.09 load
[runlim] sample:		3319.29 time, 3340.01 real, 288 MB, 55.08 load
[runlim] sample:		3329.22 time, 3350.01 real, 290 MB, 55.07 load
[runlim] sample:		3339.16 time, 3360.01 real, 290 MB, 55.06 load
[runlim] sample:		3349.11 time, 3370.01 real, 290 MB, 55.20 load
[runlim] sample:		3359.05 time, 3380.01 real, 290 MB, 55.24 load
[runlim] sample:		3368.99 time, 3390.01 real, 290 MB, 55.21 load
[runlim] sample:		3378.93 time, 3400.01 real, 291 MB, 55.17 load
[runlim] sample:		3388.87 time, 3410.01 real, 291 MB, 55.23 load
[runlim] sample:		3398.81 time, 3420.01 real, 291 MB, 55.19 load
[runlim] sample:		3408.75 time, 3430.01 real, 291 MB, 55.24 load
[runlim] sample:		3418.69 time, 3440.01 real, 291 MB, 55.20 load
[runlim] sample:		3428.63 time, 3450.01 real, 293 MB, 55.17 load
[runlim] sample:		3438.57 time, 3460.01 real, 293 MB, 55.14 load
[runlim] sample:		3448.51 time, 3470.01 real, 293 MB, 55.19 load
[runlim] sample:		3458.45 time, 3480.01 real, 293 MB, 55.16 load
[runlim] sample:		3468.39 time, 3490.01 real, 293 MB, 55.29 load
[runlim] sample:		3478.33 time, 3500.01 real, 293 MB, 55.24 load
[runlim] sample:		3488.26 time, 3510.01 real, 295 MB, 55.28 load
[runlim] sample:		3498.20 time, 3520.01 real, 295 MB, 55.32 load
[runlim] sample:		3508.14 time, 3530.01 real, 295 MB, 55.51 load
[runlim] sample:		3518.08 time, 3540.01 real, 295 MB, 55.43 load
[runlim] sample:		3528.02 time, 3550.01 real, 295 MB, 55.52 load
[runlim] sample:		3537.97 time, 3560.01 real, 297 MB, 55.44 load
[runlim] sample:		3547.91 time, 3570.01 real, 297 MB, 55.37 load
[runlim] sample:		3557.85 time, 3580.01 real, 297 MB, 55.31 load
[runlim] sample:		3567.79 time, 3590.01 real, 297 MB, 55.34 load
[runlim] sample:		3577.73 time, 3600.01 real, 297 MB, 55.29 load
[runlim] sample:		3587.67 time, 3610.01 real, 299 MB, 55.25 load
[runlim] sample:		3597.60 time, 3620.01 real, 299 MB, 55.28 load
[runlim] sample:		3607.54 time, 3630.01 real, 299 MB, 55.32 load
[runlim] sample:		3617.48 time, 3640.01 real, 299 MB, 55.27 load
[runlim] sample:		3627.42 time, 3650.01 real, 299 MB, 55.23 load
[runlim] sample:		3637.36 time, 3660.01 real, 300 MB, 55.19 load
[runlim] sample:		3647.30 time, 3670.01 real, 300 MB, 55.16 load
[runlim] sample:		3657.24 time, 3680.01 real, 300 MB, 55.21 load
[runlim] sample:		3667.18 time, 3690.01 real, 300 MB, 55.18 load
[runlim] sample:		3677.12 time, 3700.01 real, 300 MB, 55.15 load
[runlim] sample:		3687.05 time, 3710.01 real, 300 MB, 55.13 load
[runlim] sample:		3697.00 time, 3720.01 real, 302 MB, 55.11 load
[runlim] sample:		3706.94 time, 3730.01 real, 302 MB, 55.09 load
[runlim] sample:		3716.88 time, 3740.01 real, 302 MB, 55.22 load
[runlim] sample:		3726.82 time, 3750.01 real, 302 MB, 55.19 load
[runlim] sample:		3736.76 time, 3760.01 real, 302 MB, 55.16 load
[runlim] sample:		3746.69 time, 3770.01 real, 303 MB, 55.13 load
[runlim] sample:		3756.63 time, 3780.01 real, 303 MB, 55.27 load
[runlim] sample:		3766.57 time, 3790.01 real, 303 MB, 55.23 load
[runlim] sample:		3776.51 time, 3800.01 real, 303 MB, 55.19 load
[runlim] sample:		3786.45 time, 3810.01 real, 303 MB, 55.23 load
[runlim] sample:		3796.38 time, 3820.01 real, 305 MB, 55.20 load
[runlim] sample:		3806.32 time, 3830.01 real, 305 MB, 55.17 load
[runlim] sample:		3816.26 time, 3840.01 real, 305 MB, 55.14 load
[runlim] sample:		3826.19 time, 3850.01 real, 305 MB, 55.20 load
[runlim] sample:		3836.14 time, 3860.01 real, 305 MB, 55.17 load
[runlim] sample:		3846.08 time, 3870.01 real, 305 MB, 55.22 load
[runlim] sample:		3856.01 time, 3880.01 real, 307 MB, 55.18 load
[runlim] sample:		3865.95 time, 3890.01 real, 307 MB, 55.15 load
[runlim] sample:		3875.88 time, 3900.01 real, 307 MB, 55.13 load
[runlim] sample:		3885.82 time, 3910.01 real, 307 MB, 55.11 load
[runlim] sample:		3895.76 time, 3920.01 real, 307 MB, 55.09 load
[runlim] sample:		3905.70 time, 3930.01 real, 308 MB, 55.15 load
[runlim] sample:		3915.64 time, 3940.01 real, 308 MB, 55.13 load
[runlim] sample:		3925.58 time, 3950.01 real, 308 MB, 55.11 load
[runlim] sample:		3935.51 time, 3960.01 real, 308 MB, 55.09 load
[runlim] sample:		3945.45 time, 3970.01 real, 308 MB, 55.15 load
[runlim] sample:		3955.40 time, 3980.01 real, 308 MB, 55.13 load
[runlim] sample:		3965.34 time, 3990.01 real, 310 MB, 55.18 load
[runlim] sample:		3975.27 time, 4000.01 real, 310 MB, 55.15 load
[runlim] sample:		3985.21 time, 4010.01 real, 310 MB, 55.13 load
[runlim] sample:		3995.15 time, 4020.01 real, 310 MB, 55.26 load
[runlim] sample:		4005.09 time, 4030.01 real, 310 MB, 55.22 load
[runlim] sample:		4015.03 time, 4040.01 real, 310 MB, 55.19 load
[runlim] sample:		4024.97 time, 4050.01 real, 312 MB, 55.40 load
[runlim] sample:		4034.91 time, 4060.01 real, 312 MB, 55.34 load
[runlim] sample:		4044.85 time, 4070.01 real, 312 MB, 55.37 load
[runlim] sample:		4054.79 time, 4080.01 real, 312 MB, 55.31 load
[runlim] sample:		4064.73 time, 4090.01 real, 312 MB, 55.26 load
[runlim] sample:		4074.66 time, 4100.01 real, 313 MB, 55.22 load
[runlim] sample:		4084.60 time, 4110.01 real, 313 MB, 55.27 load
[runlim] sample:		4094.54 time, 4120.01 real, 313 MB, 55.22 load
[runlim] sample:		4104.47 time, 4130.01 real, 313 MB, 55.34 load
[runlim] sample:		4114.41 time, 4140.01 real, 313 MB, 55.29 load
[runlim] sample:		4124.35 time, 4150.01 real, 313 MB, 55.25 load
[runlim] sample:		4134.28 time, 4160.01 real, 315 MB, 55.21 load
[runlim] sample:		4144.21 time, 4170.01 real, 315 MB, 55.34 load
[runlim] sample:		4154.15 time, 4180.01 real, 315 MB, 55.36 load
[runlim] sample:		4164.09 time, 4190.01 real, 315 MB, 55.38 load
[runlim] sample:		4174.03 time, 4200.01 real, 315 MB, 55.32 load
[runlim] sample:		4183.97 time, 4210.01 real, 317 MB, 55.27 load
[runlim] sample:		4193.91 time, 4220.01 real, 317 MB, 55.23 load
[runlim] sample:		4203.85 time, 4230.01 real, 317 MB, 55.27 load
[runlim] sample:		4213.79 time, 4240.01 real, 317 MB, 55.23 load
[runlim] sample:		4223.73 time, 4250.01 real, 317 MB, 55.19 load
[runlim] sample:		4233.66 time, 4260.01 real, 317 MB, 55.16 load
[runlim] sample:		4243.60 time, 4270.01 real, 319 MB, 55.14 load
[runlim] sample:		4253.53 time, 4280.01 real, 319 MB, 55.12 load
[runlim] sample:		4263.47 time, 4290.01 real, 319 MB, 55.10 load
[runlim] sample:		4273.41 time, 4300.01 real, 319 MB, 55.08 load
[runlim] sample:		4283.35 time, 4310.01 real, 319 MB, 55.15 load
[runlim] sample:		4293.28 time, 4320.01 real, 319 MB, 55.13 load
[runlim] sample:		4303.22 time, 4330.01 real, 321 MB, 55.19 load
[runlim] sample:		4313.16 time, 4340.01 real, 321 MB, 55.16 load
[runlim] sample:		4323.10 time, 4350.01 real, 321 MB, 55.13 load
[runlim] sample:		4333.04 time, 4360.01 real, 321 MB, 55.11 load
[runlim] sample:		4342.98 time, 4370.01 real, 321 MB, 55.18 load
[runlim] sample:		4352.91 time, 4380.01 real, 321 MB, 55.15 load
[runlim] sample:		4362.85 time, 4390.01 real, 323 MB, 55.12 load
[runlim] sample:		4372.78 time, 4400.01 real, 323 MB, 55.10 load
[runlim] sample:		4382.72 time, 4410.01 real, 323 MB, 55.09 load
[runlim] sample:		4392.66 time, 4420.01 real, 323 MB, 55.07 load
[runlim] sample:		4402.59 time, 4430.01 real, 323 MB, 55.14 load
[runlim] sample:		4412.53 time, 4440.01 real, 323 MB, 55.12 load
[runlim] sample:		4422.46 time, 4450.01 real, 324 MB, 55.10 load
[runlim] sample:		4432.40 time, 4460.01 real, 324 MB, 55.08 load
[runlim] sample:		4442.33 time, 4470.01 real, 324 MB, 55.15 load
[runlim] sample:		4452.27 time, 4480.01 real, 324 MB, 55.12 load
[runlim] sample:		4462.21 time, 4490.01 real, 324 MB, 55.18 load
[runlim] sample:		4472.15 time, 4500.01 real, 326 MB, 55.23 load
[runlim] sample:		4482.08 time, 4510.01 real, 326 MB, 55.28 load
[runlim] sample:		4492.02 time, 4520.01 real, 326 MB, 55.39 load
[runlim] sample:		4501.96 time, 4530.01 real, 326 MB, 55.48 load
[runlim] sample:		4511.89 time, 4540.01 real, 326 MB, 55.41 load
[runlim] sample:		4521.83 time, 4550.01 real, 326 MB, 55.58 load
[runlim] sample:		4531.76 time, 4560.01 real, 327 MB, 55.49 load
[runlim] sample:		4541.70 time, 4570.01 real, 327 MB, 55.42 load
[runlim] sample:		4551.64 time, 4580.01 real, 327 MB, 55.43 load
[runlim] sample:		4561.58 time, 4590.01 real, 327 MB, 55.36 load
[runlim] sample:		4571.51 time, 4600.01 real, 327 MB, 55.30 load
[runlim] sample:		4581.45 time, 4610.01 real, 327 MB, 55.33 load
[runlim] sample:		4591.39 time, 4620.01 real, 329 MB, 55.28 load
[runlim] sample:		4601.32 time, 4630.01 real, 329 MB, 55.32 load
[runlim] sample:		4611.26 time, 4640.01 real, 329 MB, 55.34 load
[runlim] sample:		4621.19 time, 4650.01 real, 329 MB, 55.37 load
[runlim] sample:		4631.13 time, 4660.01 real, 329 MB, 55.39 load
[runlim] sample:		4641.07 time, 4670.01 real, 329 MB, 55.33 load
[runlim] sample:		4651.00 time, 4680.01 real, 331 MB, 55.28 load
[runlim] sample:		4660.93 time, 4690.01 real, 331 MB, 55.31 load
[runlim] sample:		4670.88 time, 4700.01 real, 331 MB, 55.26 load
[runlim] sample:		4680.82 time, 4710.01 real, 331 MB, 55.22 load
[runlim] sample:		4690.75 time, 4720.01 real, 331 MB, 55.19 load
[runlim] sample:		4700.69 time, 4730.01 real, 331 MB, 55.31 load
[runlim] sample:		4710.62 time, 4740.01 real, 332 MB, 55.27 load
[runlim] sample:		4720.55 time, 4750.01 real, 332 MB, 55.30 load
[runlim] sample:		4730.49 time, 4760.01 real, 332 MB, 55.26 load
[runlim] sample:		4740.43 time, 4770.01 real, 332 MB, 55.22 load
[runlim] sample:		4750.36 time, 4780.01 real, 332 MB, 55.18 load
[runlim] sample:		4760.30 time, 4790.01 real, 332 MB, 55.16 load
[runlim] sample:		4770.24 time, 4800.01 real, 334 MB, 55.21 load
[runlim] sample:		4780.18 time, 4810.01 real, 334 MB, 55.18 load
[runlim] sample:		4790.11 time, 4820.01 real, 334 MB, 55.22 load
[runlim] sample:		4800.05 time, 4830.01 real, 334 MB, 55.19 load
[runlim] sample:		4809.99 time, 4840.01 real, 334 MB, 55.16 load
[runlim] sample:		4819.93 time, 4850.01 real, 334 MB, 55.21 load
[runlim] sample:		4829.86 time, 4860.01 real, 335 MB, 55.18 load
[runlim] sample:		4839.80 time, 4870.01 real, 335 MB, 55.15 load
[runlim] sample:		4849.74 time, 4880.01 real, 335 MB, 55.20 load
[runlim] sample:		4859.68 time, 4890.01 real, 335 MB, 55.17 load
[runlim] sample:		4869.62 time, 4900.01 real, 335 MB, 55.14 load
[runlim] sample:		4879.56 time, 4910.01 real, 335 MB, 55.12 load
[runlim] sample:		4889.50 time, 4920.01 real, 335 MB, 55.10 load
[runlim] sample:		4899.44 time, 4930.01 real, 338 MB, 55.08 load
[runlim] sample:		4909.38 time, 4940.01 real, 338 MB, 55.15 load
[runlim] sample:		4919.33 time, 4950.01 real, 338 MB, 55.12 load
[runlim] sample:		4929.27 time, 4960.01 real, 338 MB, 55.18 load
[runlim] sample:		4939.21 time, 4970.01 real, 338 MB, 55.23 load
[runlim] sample:		4949.14 time, 4980.01 real, 338 MB, 55.19 load
[runlim] sample:		4959.09 time, 4990.01 real, 340 MB, 55.24 load
[runlim] sample:		4969.03 time, 5000.01 real, 340 MB, 54.87 load
[runlim] end:			Thu Apr  9 21:45:31 2026
[runlim] status:		out of time
[runlim] result:		2
[runlim] children:		1
[runlim] processes:		2
[runlim] real:			5000.05 seconds
[runlim] time:			4969.03 seconds
[runlim] space:			358 MB
[runlim] load:			59.61 maximum
[runlim] samples:		50000
