[runlim] version:		2.0.0rc1
[runlim] host:			o02n04
[runlim] time limit:		311040000 seconds
[runlim] real time limit:	5000 seconds
[runlim] space limit:		7000 MB
[runlim] argv[0]:		./binary
[runlim] argv[1]:		-c
[runlim] argv[2]:		-f
[runlim] argv[3]:		-s
[runlim] argv[4]:		-r
[runlim] argv[5]:		/tmp/local-unzipped-12459995-1-29-mc2025_track1_131.cnf
[runlim] start:			Thu Apr  9 20:22:32 2026
[runlim] child:			4110153
[runlim] sample:		9.95 time, 10.01 real, 7 MB, 9.93 load
[runlim] sample:		19.88 time, 20.01 real, 7 MB, 14.95 load
[runlim] sample:		29.82 time, 30.01 real, 7 MB, 20.82 load
[runlim] sample:		39.75 time, 40.02 real, 7 MB, 27.32 load
[runlim] sample:		49.67 time, 50.01 real, 7 MB, 33.35 load
[runlim] sample:		59.60 time, 60.01 real, 7 MB, 38.45 load
[runlim] sample:		69.53 time, 70.01 real, 7 MB, 42.46 load
[runlim] sample:		79.46 time, 80.01 real, 7 MB, 45.77 load
[runlim] sample:		89.39 time, 90.01 real, 7 MB, 48.57 load
[runlim] sample:		99.32 time, 100.01 real, 7 MB, 51.45 load
[runlim] sample:		109.26 time, 110.01 real, 7 MB, 53.38 load
[runlim] sample:		119.20 time, 120.01 real, 7 MB, 54.78 load
[runlim] sample:		129.14 time, 130.01 real, 7 MB, 55.89 load
[runlim] sample:		139.08 time, 140.01 real, 7 MB, 56.67 load
[runlim] sample:		149.02 time, 150.01 real, 7 MB, 57.34 load
[runlim] sample:		158.96 time, 160.01 real, 7 MB, 58.05 load
[runlim] sample:		168.90 time, 170.01 real, 7 MB, 58.42 load
[runlim] sample:		178.83 time, 180.01 real, 7 MB, 58.75 load
[runlim] sample:		188.77 time, 190.01 real, 7 MB, 58.86 load
[runlim] sample:		198.71 time, 200.01 real, 7 MB, 58.88 load
[runlim] sample:		208.65 time, 210.01 real, 7 MB, 58.90 load
[runlim] sample:		218.58 time, 220.01 real, 7 MB, 59.06 load
[runlim] sample:		228.52 time, 230.01 real, 7 MB, 59.61 load
[runlim] sample:		238.45 time, 240.01 real, 7 MB, 59.52 load
[runlim] sample:		248.40 time, 250.01 real, 7 MB, 59.44 load
[runlim] sample:		258.34 time, 260.01 real, 7 MB, 59.44 load
[runlim] sample:		268.28 time, 270.01 real, 7 MB, 59.46 load
[runlim] sample:		278.21 time, 280.01 real, 7 MB, 59.46 load
[runlim] sample:		288.15 time, 290.01 real, 7 MB, 59.39 load
[runlim] sample:		298.09 time, 300.01 real, 7 MB, 59.33 load
[runlim] sample:		308.03 time, 310.01 real, 7 MB, 59.28 load
[runlim] sample:		317.97 time, 320.01 real, 7 MB, 59.23 load
[runlim] sample:		327.90 time, 330.01 real, 7 MB, 59.20 load
[runlim] sample:		337.84 time, 340.01 real, 7 MB, 59.17 load
[runlim] sample:		347.78 time, 350.01 real, 7 MB, 59.14 load
[runlim] sample:		357.71 time, 360.01 real, 7 MB, 59.12 load
[runlim] sample:		367.65 time, 370.01 real, 7 MB, 59.10 load
[runlim] sample:		377.59 time, 380.01 real, 7 MB, 59.08 load
[runlim] sample:		387.53 time, 390.01 real, 7 MB, 59.07 load
[runlim] sample:		397.46 time, 400.01 real, 7 MB, 59.06 load
[runlim] sample:		407.40 time, 410.01 real, 7 MB, 59.05 load
[runlim] sample:		417.34 time, 420.01 real, 7 MB, 59.12 load
[runlim] sample:		427.28 time, 430.01 real, 7 MB, 59.17 load
[runlim] sample:		437.22 time, 440.01 real, 7 MB, 59.14 load
[runlim] sample:		447.16 time, 450.01 real, 7 MB, 59.27 load
[runlim] sample:		457.09 time, 460.01 real, 7 MB, 59.31 load
[runlim] sample:		467.02 time, 470.01 real, 7 MB, 59.11 load
[runlim] sample:		476.96 time, 480.01 real, 7 MB, 59.08 load
[runlim] sample:		486.89 time, 490.01 real, 7 MB, 59.32 load
[runlim] sample:		496.83 time, 500.01 real, 7 MB, 58.89 load
[runlim] sample:		506.77 time, 510.01 real, 7 MB, 58.44 load
[runlim] sample:		516.71 time, 520.01 real, 7 MB, 58.23 load
[runlim] sample:		526.65 time, 530.01 real, 7 MB, 57.96 load
[runlim] sample:		536.59 time, 540.01 real, 7 MB, 57.82 load
[runlim] sample:		546.53 time, 550.01 real, 7 MB, 57.61 load
[runlim] sample:		556.47 time, 560.01 real, 7 MB, 57.36 load
[runlim] sample:		566.41 time, 570.01 real, 7 MB, 57.15 load
[runlim] sample:		576.34 time, 580.01 real, 7 MB, 57.05 load
[runlim] sample:		586.28 time, 590.01 real, 7 MB, 56.89 load
[runlim] sample:		596.22 time, 600.01 real, 7 MB, 56.83 load
[runlim] sample:		606.16 time, 610.01 real, 7 MB, 56.70 load
[runlim] sample:		616.10 time, 620.01 real, 7 MB, 56.67 load
[runlim] sample:		626.04 time, 630.01 real, 7 MB, 56.57 load
[runlim] sample:		635.99 time, 640.01 real, 7 MB, 56.48 load
[runlim] sample:		645.92 time, 650.01 real, 7 MB, 56.41 load
[runlim] sample:		655.86 time, 660.01 real, 7 MB, 56.81 load
[runlim] sample:		665.80 time, 670.01 real, 7 MB, 56.76 load
[runlim] sample:		675.73 time, 680.01 real, 7 MB, 56.81 load
[runlim] sample:		685.67 time, 690.01 real, 7 MB, 56.68 load
[runlim] sample:		695.61 time, 700.01 real, 7 MB, 56.58 load
[runlim] sample:		705.55 time, 710.01 real, 7 MB, 56.49 load
[runlim] sample:		715.49 time, 720.01 real, 7 MB, 56.57 load
[runlim] sample:		725.43 time, 730.01 real, 7 MB, 56.48 load
[runlim] sample:		735.37 time, 740.01 real, 7 MB, 56.40 load
[runlim] sample:		745.31 time, 750.01 real, 7 MB, 56.34 load
[runlim] sample:		755.25 time, 760.01 real, 7 MB, 56.44 load
[runlim] sample:		765.19 time, 770.01 real, 7 MB, 56.37 load
[runlim] sample:		775.13 time, 780.01 real, 7 MB, 56.48 load
[runlim] sample:		785.07 time, 790.01 real, 7 MB, 56.48 load
[runlim] sample:		795.01 time, 800.01 real, 7 MB, 56.40 load
[runlim] sample:		804.95 time, 810.01 real, 7 MB, 56.34 load
[runlim] sample:		814.89 time, 820.01 real, 7 MB, 56.44 load
[runlim] sample:		824.83 time, 830.01 real, 7 MB, 56.37 load
[runlim] sample:		834.77 time, 840.01 real, 7 MB, 56.40 load
[runlim] sample:		844.71 time, 850.01 real, 7 MB, 56.48 load
[runlim] sample:		854.65 time, 860.01 real, 7 MB, 56.41 load
[runlim] sample:		864.59 time, 870.01 real, 7 MB, 56.35 load
[runlim] sample:		874.53 time, 880.01 real, 7 MB, 56.44 load
[runlim] sample:		884.47 time, 890.01 real, 7 MB, 56.60 load
[runlim] sample:		894.41 time, 900.01 real, 7 MB, 56.66 load
[runlim] sample:		904.35 time, 910.01 real, 7 MB, 56.56 load
[runlim] sample:		914.29 time, 920.01 real, 7 MB, 56.55 load
[runlim] sample:		924.23 time, 930.01 real, 7 MB, 56.55 load
[runlim] sample:		934.17 time, 940.01 real, 7 MB, 56.62 load
[runlim] sample:		944.11 time, 950.01 real, 7 MB, 56.60 load
[runlim] sample:		954.05 time, 960.01 real, 7 MB, 56.59 load
[runlim] sample:		963.99 time, 970.01 real, 7 MB, 56.65 load
[runlim] sample:		973.94 time, 980.01 real, 7 MB, 56.78 load
[runlim] sample:		983.87 time, 990.01 real, 7 MB, 56.81 load
[runlim] sample:		993.81 time, 1000.01 real, 7 MB, 56.92 load
[runlim] sample:		1003.76 time, 1010.01 real, 7 MB, 57.02 load
[runlim] sample:		1013.70 time, 1020.01 real, 7 MB, 57.09 load
[runlim] sample:		1023.64 time, 1030.01 real, 7 MB, 57.16 load
[runlim] sample:		1033.58 time, 1040.01 real, 7 MB, 57.21 load
[runlim] sample:		1043.53 time, 1050.01 real, 7 MB, 57.18 load
[runlim] sample:		1053.47 time, 1060.01 real, 7 MB, 57.30 load
[runlim] sample:		1063.41 time, 1070.01 real, 7 MB, 57.33 load
[runlim] sample:		1073.35 time, 1080.01 real, 7 MB, 57.44 load
[runlim] sample:		1083.29 time, 1090.01 real, 7 MB, 57.53 load
[runlim] sample:		1093.23 time, 1100.01 real, 7 MB, 57.53 load
[runlim] sample:		1103.17 time, 1110.01 real, 7 MB, 57.37 load
[runlim] sample:		1113.11 time, 1120.01 real, 7 MB, 57.24 load
[runlim] sample:		1123.05 time, 1130.01 real, 7 MB, 57.05 load
[runlim] sample:		1132.99 time, 1140.01 real, 7 MB, 56.89 load
[runlim] sample:		1142.92 time, 1150.01 real, 7 MB, 56.75 load
[runlim] sample:		1152.86 time, 1160.01 real, 7 MB, 56.71 load
[runlim] sample:		1162.80 time, 1170.01 real, 7 MB, 56.60 load
[runlim] sample:		1172.74 time, 1180.01 real, 7 MB, 56.51 load
[runlim] sample:		1182.68 time, 1190.01 real, 7 MB, 56.43 load
[runlim] sample:		1192.62 time, 1200.01 real, 7 MB, 56.36 load
[runlim] sample:		1202.56 time, 1210.01 real, 7 MB, 56.31 load
[runlim] sample:		1212.50 time, 1220.01 real, 7 MB, 56.34 load
[runlim] sample:		1222.44 time, 1230.01 real, 7 MB, 56.29 load
[runlim] sample:		1232.38 time, 1240.01 real, 7 MB, 56.24 load
[runlim] sample:		1242.31 time, 1250.01 real, 7 MB, 56.28 load
[runlim] sample:		1252.25 time, 1260.01 real, 7 MB, 56.24 load
[runlim] sample:		1262.20 time, 1270.01 real, 7 MB, 56.20 load
[runlim] sample:		1272.13 time, 1280.01 real, 7 MB, 56.41 load
[runlim] sample:		1282.07 time, 1290.01 real, 7 MB, 56.35 load
[runlim] sample:		1292.01 time, 1300.01 real, 7 MB, 56.29 load
[runlim] sample:		1301.94 time, 1310.01 real, 7 MB, 56.25 load
[runlim] sample:		1311.88 time, 1320.01 real, 7 MB, 56.21 load
[runlim] sample:		1321.82 time, 1330.01 real, 7 MB, 56.18 load
[runlim] sample:		1331.76 time, 1340.01 real, 7 MB, 56.15 load
[runlim] sample:		1341.70 time, 1350.01 real, 7 MB, 56.12 load
[runlim] sample:		1351.63 time, 1360.01 real, 7 MB, 56.10 load
[runlim] sample:		1361.57 time, 1370.01 real, 7 MB, 56.09 load
[runlim] sample:		1371.51 time, 1380.01 real, 7 MB, 56.15 load
[runlim] sample:		1381.44 time, 1390.01 real, 7 MB, 56.21 load
[runlim] sample:		1391.37 time, 1400.01 real, 7 MB, 56.18 load
[runlim] sample:		1401.31 time, 1410.01 real, 7 MB, 56.15 load
[runlim] sample:		1411.24 time, 1420.01 real, 7 MB, 56.13 load
[runlim] sample:		1421.18 time, 1430.01 real, 7 MB, 56.11 load
[runlim] sample:		1431.12 time, 1440.01 real, 7 MB, 56.09 load
[runlim] sample:		1441.06 time, 1450.01 real, 7 MB, 56.15 load
[runlim] sample:		1450.99 time, 1460.01 real, 7 MB, 56.29 load
[runlim] sample:		1460.93 time, 1470.01 real, 7 MB, 56.24 load
[runlim] sample:		1470.87 time, 1480.01 real, 7 MB, 56.20 load
[runlim] sample:		1480.81 time, 1490.01 real, 7 MB, 56.17 load
[runlim] sample:		1490.74 time, 1500.01 real, 7 MB, 56.23 load
[runlim] sample:		1500.68 time, 1510.01 real, 7 MB, 56.19 load
[runlim] sample:		1510.61 time, 1520.01 real, 7 MB, 56.24 load
[runlim] sample:		1520.55 time, 1530.01 real, 7 MB, 56.36 load
[runlim] sample:		1530.49 time, 1540.01 real, 7 MB, 56.30 load
[runlim] sample:		1540.43 time, 1550.01 real, 7 MB, 56.10 load
[runlim] sample:		1550.36 time, 1560.01 real, 7 MB, 55.93 load
[runlim] sample:		1560.30 time, 1570.01 real, 7 MB, 55.87 load
[runlim] sample:		1570.24 time, 1580.01 real, 7 MB, 55.81 load
[runlim] sample:		1580.18 time, 1590.01 real, 7 MB, 55.68 load
[runlim] sample:		1590.12 time, 1600.01 real, 7 MB, 55.58 load
[runlim] sample:		1600.06 time, 1610.01 real, 7 MB, 55.49 load
[runlim] sample:		1610.00 time, 1620.01 real, 7 MB, 55.41 load
[runlim] sample:		1619.94 time, 1630.01 real, 7 MB, 55.42 load
[runlim] sample:		1629.88 time, 1640.01 real, 7 MB, 55.36 load
[runlim] sample:		1639.82 time, 1650.01 real, 7 MB, 55.30 load
[runlim] sample:		1649.76 time, 1660.01 real, 7 MB, 55.26 load
[runlim] sample:		1659.70 time, 1670.01 real, 7 MB, 55.29 load
[runlim] sample:		1669.64 time, 1680.01 real, 7 MB, 55.32 load
[runlim] sample:		1679.58 time, 1690.01 real, 7 MB, 55.35 load
[runlim] sample:		1689.53 time, 1700.01 real, 7 MB, 55.30 load
[runlim] sample:		1699.47 time, 1710.01 real, 7 MB, 55.25 load
[runlim] sample:		1709.41 time, 1720.01 real, 7 MB, 55.21 load
[runlim] sample:		1719.35 time, 1730.01 real, 7 MB, 55.18 load
[runlim] sample:		1729.29 time, 1740.01 real, 7 MB, 55.15 load
[runlim] sample:		1739.23 time, 1750.01 real, 7 MB, 55.13 load
[runlim] sample:		1749.17 time, 1760.01 real, 7 MB, 55.26 load
[runlim] sample:		1759.12 time, 1770.01 real, 7 MB, 55.22 load
[runlim] sample:		1769.06 time, 1780.01 real, 7 MB, 55.26 load
[runlim] sample:		1779.00 time, 1790.01 real, 7 MB, 55.22 load
[runlim] sample:		1788.94 time, 1800.01 real, 7 MB, 55.19 load
[runlim] sample:		1798.88 time, 1810.01 real, 7 MB, 55.16 load
[runlim] sample:		1808.83 time, 1820.01 real, 7 MB, 55.13 load
[runlim] sample:		1818.77 time, 1830.01 real, 7 MB, 55.19 load
[runlim] sample:		1828.71 time, 1840.01 real, 7 MB, 55.16 load
[runlim] sample:		1838.65 time, 1850.01 real, 7 MB, 55.13 load
[runlim] sample:		1848.59 time, 1860.01 real, 7 MB, 55.11 load
[runlim] sample:		1858.53 time, 1870.01 real, 7 MB, 55.09 load
[runlim] sample:		1868.47 time, 1880.01 real, 7 MB, 55.08 load
[runlim] sample:		1878.41 time, 1890.01 real, 7 MB, 55.15 load
[runlim] sample:		1888.36 time, 1900.01 real, 7 MB, 55.12 load
[runlim] sample:		1898.30 time, 1910.01 real, 7 MB, 55.10 load
[runlim] sample:		1908.24 time, 1920.01 real, 7 MB, 55.09 load
[runlim] sample:		1918.18 time, 1930.01 real, 7 MB, 55.07 load
[runlim] sample:		1928.13 time, 1940.01 real, 7 MB, 55.14 load
[runlim] sample:		1938.07 time, 1950.01 real, 7 MB, 55.19 load
[runlim] sample:		1948.01 time, 1960.01 real, 7 MB, 55.16 load
[runlim] sample:		1957.95 time, 1970.01 real, 7 MB, 55.21 load
[runlim] sample:		1967.90 time, 1980.01 real, 7 MB, 55.18 load
[runlim] sample:		1977.84 time, 1990.01 real, 7 MB, 55.15 load
[runlim] sample:		1987.78 time, 2000.01 real, 7 MB, 55.44 load
[runlim] sample:		1997.72 time, 2010.01 real, 7 MB, 55.37 load
[runlim] sample:		2007.67 time, 2020.01 real, 7 MB, 55.31 load
[runlim] sample:		2017.61 time, 2030.01 real, 7 MB, 55.50 load
[runlim] sample:		2027.55 time, 2040.01 real, 7 MB, 55.43 load
[runlim] sample:		2037.49 time, 2050.01 real, 7 MB, 55.36 load
[runlim] sample:		2047.43 time, 2060.01 real, 7 MB, 55.30 load
[runlim] sample:		2057.37 time, 2070.01 real, 7 MB, 55.26 load
[runlim] sample:		2067.32 time, 2080.01 real, 7 MB, 55.29 load
[runlim] sample:		2077.26 time, 2090.01 real, 7 MB, 55.25 load
[runlim] sample:		2087.20 time, 2100.01 real, 7 MB, 55.21 load
[runlim] sample:		2097.14 time, 2110.01 real, 7 MB, 55.48 load
[runlim] sample:		2107.08 time, 2120.01 real, 7 MB, 55.63 load
[runlim] sample:		2117.02 time, 2130.01 real, 7 MB, 55.53 load
[runlim] sample:		2126.96 time, 2140.01 real, 7 MB, 55.45 load
[runlim] sample:		2136.90 time, 2150.01 real, 7 MB, 55.38 load
[runlim] sample:		2146.84 time, 2160.01 real, 7 MB, 55.32 load
[runlim] sample:		2156.78 time, 2170.01 real, 7 MB, 55.27 load
[runlim] sample:		2166.72 time, 2180.01 real, 7 MB, 55.23 load
[runlim] sample:		2176.66 time, 2190.01 real, 7 MB, 55.19 load
[runlim] sample:		2186.60 time, 2200.01 real, 7 MB, 55.16 load
[runlim] sample:		2196.54 time, 2210.01 real, 7 MB, 55.14 load
[runlim] sample:		2206.48 time, 2220.01 real, 7 MB, 55.12 load
[runlim] sample:		2216.42 time, 2230.01 real, 7 MB, 55.10 load
[runlim] sample:		2226.36 time, 2240.01 real, 7 MB, 55.08 load
[runlim] sample:		2236.30 time, 2250.01 real, 7 MB, 55.07 load
[runlim] sample:		2246.24 time, 2260.01 real, 7 MB, 55.06 load
[runlim] sample:		2256.18 time, 2270.01 real, 7 MB, 55.05 load
[runlim] sample:		2266.12 time, 2280.01 real, 7 MB, 55.04 load
[runlim] sample:		2276.05 time, 2290.01 real, 7 MB, 55.11 load
[runlim] sample:		2285.99 time, 2300.01 real, 7 MB, 55.10 load
[runlim] sample:		2295.93 time, 2310.01 real, 7 MB, 55.08 load
[runlim] sample:		2305.87 time, 2320.01 real, 7 MB, 55.07 load
[runlim] sample:		2315.81 time, 2330.01 real, 7 MB, 55.06 load
[runlim] sample:		2325.75 time, 2340.01 real, 7 MB, 55.05 load
[runlim] sample:		2335.69 time, 2350.01 real, 7 MB, 55.12 load
[runlim] sample:		2345.63 time, 2360.01 real, 7 MB, 55.10 load
[runlim] sample:		2355.56 time, 2370.01 real, 7 MB, 55.09 load
[runlim] sample:		2365.50 time, 2380.01 real, 7 MB, 55.07 load
[runlim] sample:		2375.44 time, 2390.01 real, 7 MB, 55.06 load
[runlim] sample:		2385.38 time, 2400.01 real, 7 MB, 55.05 load
[runlim] sample:		2395.32 time, 2410.01 real, 7 MB, 55.04 load
[runlim] sample:		2405.26 time, 2420.01 real, 7 MB, 55.04 load
[runlim] sample:		2415.19 time, 2430.01 real, 7 MB, 55.03 load
[runlim] sample:		2425.13 time, 2440.01 real, 7 MB, 55.10 load
[runlim] sample:		2435.07 time, 2450.01 real, 7 MB, 55.16 load
[runlim] sample:		2445.01 time, 2460.01 real, 7 MB, 55.13 load
[runlim] sample:		2454.95 time, 2470.01 real, 7 MB, 55.19 load
[runlim] sample:		2464.89 time, 2480.01 real, 7 MB, 55.16 load
[runlim] sample:		2474.83 time, 2490.01 real, 7 MB, 55.35 load
[runlim] sample:		2484.77 time, 2500.01 real, 7 MB, 55.38 load
[runlim] sample:		2494.71 time, 2510.01 real, 7 MB, 55.32 load
[runlim] sample:		2504.65 time, 2520.01 real, 7 MB, 55.27 load
[runlim] sample:		2514.59 time, 2530.01 real, 7 MB, 55.31 load
[runlim] sample:		2524.54 time, 2540.01 real, 7 MB, 55.26 load
[runlim] sample:		2534.47 time, 2550.01 real, 7 MB, 55.29 load
[runlim] sample:		2544.41 time, 2560.01 real, 7 MB, 55.40 load
[runlim] sample:		2554.35 time, 2570.01 real, 7 MB, 55.34 load
[runlim] sample:		2564.29 time, 2580.01 real, 7 MB, 55.36 load
[runlim] sample:		2574.23 time, 2590.01 real, 7 MB, 55.31 load
[runlim] sample:		2584.17 time, 2600.01 real, 7 MB, 55.26 load
[runlim] sample:		2594.11 time, 2610.01 real, 7 MB, 55.37 load
[runlim] sample:		2604.05 time, 2620.01 real, 7 MB, 55.31 load
[runlim] sample:		2613.99 time, 2630.01 real, 7 MB, 55.27 load
[runlim] sample:		2623.93 time, 2640.01 real, 7 MB, 55.22 load
[runlim] sample:		2633.88 time, 2650.01 real, 7 MB, 55.19 load
[runlim] sample:		2643.82 time, 2660.01 real, 7 MB, 55.23 load
[runlim] sample:		2653.76 time, 2670.01 real, 7 MB, 55.28 load
[runlim] sample:		2663.70 time, 2680.01 real, 7 MB, 55.24 load
[runlim] sample:		2673.64 time, 2690.01 real, 7 MB, 55.35 load
[runlim] sample:		2683.58 time, 2700.01 real, 7 MB, 55.29 load
[runlim] sample:		2693.51 time, 2710.01 real, 7 MB, 55.25 load
[runlim] sample:		2703.45 time, 2720.01 real, 7 MB, 55.21 load
[runlim] sample:		2713.39 time, 2730.01 real, 7 MB, 55.18 load
[runlim] sample:		2723.33 time, 2740.01 real, 7 MB, 55.15 load
[runlim] sample:		2733.27 time, 2750.01 real, 7 MB, 55.12 load
[runlim] sample:		2743.20 time, 2760.01 real, 7 MB, 55.11 load
[runlim] sample:		2753.14 time, 2770.01 real, 7 MB, 55.09 load
[runlim] sample:		2763.08 time, 2780.01 real, 7 MB, 55.07 load
[runlim] sample:		2773.02 time, 2790.01 real, 7 MB, 55.06 load
[runlim] sample:		2782.95 time, 2800.01 real, 7 MB, 55.05 load
[runlim] sample:		2792.89 time, 2810.01 real, 7 MB, 55.04 load
[runlim] sample:		2802.83 time, 2820.01 real, 7 MB, 55.04 load
[runlim] sample:		2812.77 time, 2830.01 real, 7 MB, 55.11 load
[runlim] sample:		2822.71 time, 2840.01 real, 7 MB, 55.09 load
[runlim] sample:		2832.64 time, 2850.01 real, 7 MB, 55.08 load
[runlim] sample:		2842.58 time, 2860.01 real, 7 MB, 55.07 load
[runlim] sample:		2852.52 time, 2870.01 real, 7 MB, 55.13 load
[runlim] sample:		2862.45 time, 2880.01 real, 7 MB, 55.11 load
[runlim] sample:		2872.39 time, 2890.01 real, 7 MB, 55.09 load
[runlim] sample:		2882.33 time, 2900.01 real, 7 MB, 55.15 load
[runlim] sample:		2892.27 time, 2910.01 real, 7 MB, 55.13 load
[runlim] sample:		2902.20 time, 2920.01 real, 7 MB, 55.11 load
[runlim] sample:		2912.14 time, 2930.01 real, 7 MB, 55.09 load
[runlim] sample:		2922.08 time, 2940.01 real, 7 MB, 55.08 load
[runlim] sample:		2932.02 time, 2950.01 real, 7 MB, 55.14 load
[runlim] sample:		2941.95 time, 2960.01 real, 7 MB, 55.19 load
[runlim] sample:		2951.89 time, 2970.01 real, 7 MB, 55.24 load
[runlim] sample:		2961.83 time, 2980.01 real, 7 MB, 55.20 load
[runlim] sample:		2971.77 time, 2990.01 real, 7 MB, 55.24 load
[runlim] sample:		2981.71 time, 3000.01 real, 7 MB, 55.36 load
[runlim] sample:		2991.65 time, 3010.01 real, 7 MB, 55.30 load
[runlim] sample:		3001.59 time, 3020.01 real, 7 MB, 55.26 load
[runlim] sample:		3011.53 time, 3030.01 real, 7 MB, 55.30 load
[runlim] sample:		3021.47 time, 3040.01 real, 7 MB, 55.33 load
[runlim] sample:		3031.40 time, 3050.01 real, 7 MB, 55.42 load
[runlim] sample:		3041.34 time, 3060.01 real, 7 MB, 55.36 load
[runlim] sample:		3051.28 time, 3070.01 real, 7 MB, 55.30 load
[runlim] sample:		3061.22 time, 3080.01 real, 7 MB, 55.33 load
[runlim] sample:		3071.16 time, 3090.01 real, 7 MB, 55.28 load
[runlim] sample:		3081.10 time, 3100.01 real, 7 MB, 55.24 load
[runlim] sample:		3091.04 time, 3110.01 real, 7 MB, 55.35 load
[runlim] sample:		3100.98 time, 3120.01 real, 7 MB, 55.30 load
[runlim] sample:		3110.92 time, 3130.01 real, 7 MB, 55.25 load
[runlim] sample:		3120.86 time, 3140.01 real, 7 MB, 55.21 load
[runlim] sample:		3130.80 time, 3150.01 real, 7 MB, 55.26 load
[runlim] sample:		3140.74 time, 3160.01 real, 7 MB, 55.22 load
[runlim] sample:		3150.68 time, 3170.01 real, 7 MB, 55.48 load
[runlim] sample:		3160.62 time, 3180.01 real, 7 MB, 55.41 load
[runlim] sample:		3170.55 time, 3190.01 real, 7 MB, 55.42 load
[runlim] sample:		3180.49 time, 3200.01 real, 7 MB, 55.36 load
[runlim] sample:		3190.43 time, 3210.01 real, 7 MB, 55.30 load
[runlim] sample:		3200.37 time, 3220.01 real, 7 MB, 55.26 load
[runlim] sample:		3210.31 time, 3230.01 real, 7 MB, 55.36 load
[runlim] sample:		3220.25 time, 3240.01 real, 7 MB, 55.31 load
[runlim] sample:		3230.19 time, 3250.01 real, 7 MB, 55.26 load
[runlim] sample:		3240.13 time, 3260.01 real, 7 MB, 55.22 load
[runlim] sample:		3250.07 time, 3270.01 real, 7 MB, 55.18 load
[runlim] sample:		3260.01 time, 3280.01 real, 7 MB, 55.16 load
[runlim] sample:		3269.95 time, 3290.01 real, 7 MB, 55.13 load
[runlim] sample:		3279.89 time, 3300.01 real, 7 MB, 55.11 load
[runlim] sample:		3289.83 time, 3310.01 real, 7 MB, 55.09 load
[runlim] sample:		3299.78 time, 3320.01 real, 7 MB, 55.08 load
[runlim] sample:		3309.72 time, 3330.01 real, 7 MB, 55.07 load
[runlim] sample:		3319.66 time, 3340.01 real, 7 MB, 55.06 load
[runlim] sample:		3329.60 time, 3350.01 real, 7 MB, 55.20 load
[runlim] sample:		3339.54 time, 3360.01 real, 7 MB, 55.24 load
[runlim] sample:		3349.48 time, 3370.01 real, 7 MB, 55.21 load
[runlim] sample:		3359.42 time, 3380.01 real, 7 MB, 55.17 load
[runlim] sample:		3369.36 time, 3390.01 real, 7 MB, 55.23 load
[runlim] sample:		3379.30 time, 3400.01 real, 7 MB, 55.19 load
[runlim] sample:		3389.24 time, 3410.01 real, 7 MB, 55.24 load
[runlim] sample:		3399.18 time, 3420.01 real, 7 MB, 55.20 load
[runlim] sample:		3409.13 time, 3430.01 real, 7 MB, 55.17 load
[runlim] sample:		3419.07 time, 3440.01 real, 7 MB, 55.14 load
[runlim] sample:		3429.01 time, 3450.01 real, 7 MB, 55.19 load
[runlim] sample:		3438.95 time, 3460.01 real, 7 MB, 55.16 load
[runlim] sample:		3448.89 time, 3470.01 real, 7 MB, 55.29 load
[runlim] sample:		3458.83 time, 3480.01 real, 7 MB, 55.24 load
[runlim] sample:		3468.77 time, 3490.01 real, 7 MB, 55.28 load
[runlim] sample:		3478.71 time, 3500.01 real, 7 MB, 55.32 load
[runlim] sample:		3488.65 time, 3510.01 real, 7 MB, 55.51 load
[runlim] sample:		3498.59 time, 3520.01 real, 7 MB, 55.43 load
[runlim] sample:		3508.53 time, 3530.01 real, 7 MB, 55.52 load
[runlim] sample:		3518.47 time, 3540.01 real, 7 MB, 55.44 load
[runlim] sample:		3528.41 time, 3550.01 real, 7 MB, 55.37 load
[runlim] sample:		3538.35 time, 3560.01 real, 7 MB, 55.31 load
[runlim] sample:		3548.30 time, 3570.01 real, 7 MB, 55.34 load
[runlim] sample:		3558.24 time, 3580.01 real, 7 MB, 55.29 load
[runlim] sample:		3568.17 time, 3590.01 real, 7 MB, 55.25 load
[runlim] sample:		3578.11 time, 3600.01 real, 7 MB, 55.28 load
[runlim] sample:		3588.06 time, 3610.01 real, 7 MB, 55.32 load
[runlim] sample:		3598.00 time, 3620.01 real, 7 MB, 55.27 load
[runlim] sample:		3607.94 time, 3630.01 real, 7 MB, 55.23 load
[runlim] sample:		3617.88 time, 3640.01 real, 7 MB, 55.19 load
[runlim] sample:		3627.82 time, 3650.01 real, 7 MB, 55.16 load
[runlim] sample:		3637.76 time, 3660.01 real, 7 MB, 55.21 load
[runlim] sample:		3647.70 time, 3670.01 real, 7 MB, 55.18 load
[runlim] sample:		3657.63 time, 3680.01 real, 7 MB, 55.15 load
[runlim] sample:		3667.57 time, 3690.01 real, 7 MB, 55.13 load
[runlim] sample:		3677.51 time, 3700.01 real, 7 MB, 55.11 load
[runlim] sample:		3687.45 time, 3710.01 real, 7 MB, 55.09 load
[runlim] sample:		3697.39 time, 3720.01 real, 7 MB, 55.22 load
[runlim] sample:		3707.33 time, 3730.01 real, 7 MB, 55.19 load
[runlim] sample:		3717.27 time, 3740.01 real, 7 MB, 55.16 load
[runlim] sample:		3727.21 time, 3750.01 real, 7 MB, 55.13 load
[runlim] sample:		3737.15 time, 3760.01 real, 7 MB, 55.27 load
[runlim] sample:		3747.09 time, 3770.01 real, 7 MB, 55.23 load
[runlim] sample:		3757.03 time, 3780.01 real, 7 MB, 55.19 load
[runlim] sample:		3766.97 time, 3790.01 real, 7 MB, 55.23 load
[runlim] sample:		3776.91 time, 3800.01 real, 7 MB, 55.20 load
[runlim] sample:		3786.85 time, 3810.01 real, 7 MB, 55.17 load
[runlim] sample:		3796.79 time, 3820.01 real, 7 MB, 55.14 load
[runlim] sample:		3806.72 time, 3830.01 real, 7 MB, 55.20 load
[runlim] sample:		3816.66 time, 3840.01 real, 7 MB, 55.17 load
[runlim] sample:		3826.60 time, 3850.01 real, 7 MB, 55.22 load
[runlim] sample:		3836.54 time, 3860.01 real, 7 MB, 55.18 load
[runlim] sample:		3846.48 time, 3870.01 real, 7 MB, 55.15 load
[runlim] sample:		3856.41 time, 3880.01 real, 7 MB, 55.13 load
[runlim] sample:		3866.35 time, 3890.01 real, 7 MB, 55.11 load
[runlim] sample:		3876.29 time, 3900.01 real, 7 MB, 55.09 load
[runlim] sample:		3886.23 time, 3910.01 real, 7 MB, 55.15 load
[runlim] sample:		3896.17 time, 3920.01 real, 7 MB, 55.13 load
[runlim] sample:		3906.11 time, 3930.01 real, 7 MB, 55.11 load
[runlim] sample:		3916.05 time, 3940.01 real, 7 MB, 55.09 load
[runlim] sample:		3925.99 time, 3950.01 real, 7 MB, 55.15 load
[runlim] sample:		3935.93 time, 3960.01 real, 7 MB, 55.13 load
[runlim] sample:		3945.87 time, 3970.01 real, 7 MB, 55.18 load
[runlim] sample:		3955.81 time, 3980.01 real, 7 MB, 55.15 load
[runlim] sample:		3965.75 time, 3990.01 real, 7 MB, 55.13 load
[runlim] sample:		3975.69 time, 4000.01 real, 7 MB, 55.26 load
[runlim] sample:		3985.63 time, 4010.01 real, 7 MB, 55.22 load
[runlim] sample:		3995.57 time, 4020.01 real, 7 MB, 55.19 load
[runlim] sample:		4005.51 time, 4030.01 real, 7 MB, 55.40 load
[runlim] sample:		4015.45 time, 4040.01 real, 7 MB, 55.34 load
[runlim] sample:		4025.39 time, 4050.01 real, 7 MB, 55.37 load
[runlim] sample:		4035.33 time, 4060.01 real, 7 MB, 55.31 load
[runlim] sample:		4045.26 time, 4070.01 real, 7 MB, 55.26 load
[runlim] sample:		4055.21 time, 4080.01 real, 7 MB, 55.22 load
[runlim] sample:		4065.14 time, 4090.01 real, 7 MB, 55.27 load
[runlim] sample:		4075.08 time, 4100.01 real, 7 MB, 55.22 load
[runlim] sample:		4085.02 time, 4110.01 real, 7 MB, 55.34 load
[runlim] sample:		4094.95 time, 4120.01 real, 7 MB, 55.29 load
[runlim] sample:		4104.89 time, 4130.01 real, 7 MB, 55.25 load
[runlim] sample:		4114.83 time, 4140.01 real, 7 MB, 55.21 load
[runlim] sample:		4124.77 time, 4150.01 real, 7 MB, 55.34 load
[runlim] sample:		4134.71 time, 4160.01 real, 7 MB, 55.36 load
[runlim] sample:		4144.64 time, 4170.01 real, 7 MB, 55.38 load
[runlim] sample:		4154.58 time, 4180.01 real, 7 MB, 55.32 load
[runlim] sample:		4164.52 time, 4190.01 real, 7 MB, 55.27 load
[runlim] sample:		4174.46 time, 4200.01 real, 7 MB, 55.23 load
[runlim] sample:		4184.40 time, 4210.01 real, 7 MB, 55.27 load
[runlim] sample:		4194.34 time, 4220.01 real, 7 MB, 55.23 load
[runlim] sample:		4204.28 time, 4230.01 real, 7 MB, 55.19 load
[runlim] sample:		4214.22 time, 4240.01 real, 7 MB, 55.16 load
[runlim] sample:		4224.15 time, 4250.01 real, 7 MB, 55.14 load
[runlim] sample:		4234.09 time, 4260.01 real, 7 MB, 55.12 load
[runlim] sample:		4244.03 time, 4270.01 real, 7 MB, 55.10 load
[runlim] sample:		4253.97 time, 4280.01 real, 7 MB, 55.08 load
[runlim] sample:		4263.91 time, 4290.01 real, 7 MB, 55.15 load
[runlim] sample:		4273.85 time, 4300.01 real, 7 MB, 55.13 load
[runlim] sample:		4283.78 time, 4310.01 real, 7 MB, 55.19 load
[runlim] sample:		4293.72 time, 4320.01 real, 7 MB, 55.16 load
[runlim] sample:		4303.66 time, 4330.01 real, 7 MB, 55.13 load
[runlim] sample:		4313.60 time, 4340.01 real, 7 MB, 55.11 load
[runlim] sample:		4323.53 time, 4350.01 real, 7 MB, 55.18 load
[runlim] sample:		4333.47 time, 4360.01 real, 7 MB, 55.15 load
[runlim] sample:		4343.41 time, 4370.01 real, 7 MB, 55.12 load
[runlim] sample:		4353.35 time, 4380.01 real, 7 MB, 55.10 load
[runlim] sample:		4363.28 time, 4390.01 real, 7 MB, 55.09 load
[runlim] sample:		4373.22 time, 4400.01 real, 7 MB, 55.07 load
[runlim] sample:		4383.16 time, 4410.01 real, 7 MB, 55.14 load
[runlim] sample:		4393.10 time, 4420.01 real, 7 MB, 55.12 load
[runlim] sample:		4403.03 time, 4430.01 real, 7 MB, 55.10 load
[runlim] sample:		4412.97 time, 4440.01 real, 7 MB, 55.08 load
[runlim] sample:		4422.91 time, 4450.01 real, 7 MB, 55.15 load
[runlim] sample:		4432.85 time, 4460.01 real, 7 MB, 55.12 load
[runlim] sample:		4442.78 time, 4470.01 real, 7 MB, 55.18 load
[runlim] sample:		4452.72 time, 4480.01 real, 7 MB, 55.23 load
[runlim] sample:		4462.66 time, 4490.01 real, 7 MB, 55.28 load
[runlim] sample:		4472.59 time, 4500.01 real, 7 MB, 55.39 load
[runlim] sample:		4482.53 time, 4510.01 real, 7 MB, 55.48 load
[runlim] sample:		4492.47 time, 4520.01 real, 7 MB, 55.41 load
[runlim] sample:		4502.40 time, 4530.01 real, 7 MB, 55.58 load
[runlim] sample:		4512.34 time, 4540.01 real, 7 MB, 55.49 load
[runlim] sample:		4522.28 time, 4550.01 real, 7 MB, 55.42 load
[runlim] sample:		4532.22 time, 4560.01 real, 7 MB, 55.43 load
[runlim] sample:		4542.16 time, 4570.01 real, 7 MB, 55.36 load
[runlim] sample:		4552.09 time, 4580.01 real, 7 MB, 55.30 load
[runlim] sample:		4562.03 time, 4590.01 real, 7 MB, 55.33 load
[runlim] sample:		4571.97 time, 4600.01 real, 7 MB, 55.28 load
[runlim] sample:		4581.91 time, 4610.01 real, 7 MB, 55.32 load
[runlim] sample:		4591.84 time, 4620.01 real, 7 MB, 55.34 load
[runlim] sample:		4601.78 time, 4630.01 real, 7 MB, 55.37 load
[runlim] sample:		4611.72 time, 4640.01 real, 7 MB, 55.39 load
[runlim] sample:		4621.66 time, 4650.01 real, 7 MB, 55.33 load
[runlim] sample:		4631.59 time, 4660.01 real, 7 MB, 55.28 load
[runlim] sample:		4641.53 time, 4670.01 real, 7 MB, 55.31 load
[runlim] sample:		4651.47 time, 4680.01 real, 7 MB, 55.26 load
[runlim] sample:		4661.40 time, 4690.01 real, 7 MB, 55.22 load
[runlim] sample:		4671.34 time, 4700.01 real, 7 MB, 55.19 load
[runlim] sample:		4681.28 time, 4710.01 real, 7 MB, 55.31 load
[runlim] sample:		4691.21 time, 4720.01 real, 7 MB, 55.27 load
[runlim] sample:		4701.15 time, 4730.01 real, 7 MB, 55.30 load
[runlim] sample:		4711.09 time, 4740.01 real, 7 MB, 55.26 load
[runlim] sample:		4721.02 time, 4750.01 real, 7 MB, 55.22 load
[runlim] sample:		4730.96 time, 4760.01 real, 7 MB, 55.18 load
[runlim] sample:		4740.89 time, 4770.01 real, 7 MB, 55.16 load
[runlim] sample:		4750.83 time, 4780.01 real, 7 MB, 55.21 load
[runlim] sample:		4760.77 time, 4790.01 real, 7 MB, 55.18 load
[runlim] sample:		4770.71 time, 4800.01 real, 7 MB, 55.22 load
[runlim] sample:		4780.64 time, 4810.01 real, 7 MB, 55.19 load
[runlim] sample:		4790.58 time, 4820.01 real, 7 MB, 55.16 load
[runlim] sample:		4800.52 time, 4830.01 real, 7 MB, 55.21 load
[runlim] sample:		4810.46 time, 4840.01 real, 7 MB, 55.18 load
[runlim] sample:		4820.40 time, 4850.01 real, 7 MB, 55.15 load
[runlim] sample:		4830.34 time, 4860.01 real, 7 MB, 55.20 load
[runlim] sample:		4840.28 time, 4870.01 real, 7 MB, 55.17 load
[runlim] sample:		4850.23 time, 4880.01 real, 7 MB, 55.14 load
[runlim] sample:		4860.17 time, 4890.01 real, 7 MB, 55.12 load
[runlim] sample:		4870.11 time, 4900.01 real, 7 MB, 55.10 load
[runlim] sample:		4880.05 time, 4910.01 real, 7 MB, 55.08 load
[runlim] sample:		4889.99 time, 4920.01 real, 7 MB, 55.15 load
[runlim] sample:		4899.94 time, 4930.01 real, 7 MB, 55.12 load
[runlim] sample:		4909.88 time, 4940.01 real, 7 MB, 55.18 load
[runlim] sample:		4919.82 time, 4950.01 real, 7 MB, 55.23 load
[runlim] sample:		4929.76 time, 4960.01 real, 7 MB, 55.19 load
[runlim] sample:		4939.70 time, 4970.01 real, 7 MB, 55.24 load
[runlim] sample:		4949.64 time, 4980.01 real, 7 MB, 54.87 load
[runlim] sample:		4959.58 time, 4990.01 real, 7 MB, 53.19 load
[runlim] sample:		4969.53 time, 5000.01 real, 7 MB, 50.45 load
[runlim] end:			Thu Apr  9 21:45:52 2026
[runlim] status:		out of time
[runlim] result:		2
[runlim] children:		1
[runlim] processes:		2
[runlim] real:			5000.05 seconds
[runlim] time:			4969.53 seconds
[runlim] space:			7 MB
[runlim] load:			59.61 maximum
[runlim] samples:		50000
