[runlim] version:		2.0.0rc1
[runlim] host:			o02n06
[runlim] time limit:		311040000 seconds
[runlim] real time limit:	5000 seconds
[runlim] space limit:		7000 MB
[runlim] argv[0]:		./binary
[runlim] argv[1]:		-c
[runlim] argv[2]:		-f
[runlim] argv[3]:		-s
[runlim] argv[4]:		-r
[runlim] argv[5]:		/tmp/local-unzipped-12459995-2-84-mc2025_track1_173.cnf
[runlim] start:			Thu Apr  9 20:22:23 2026
[runlim] child:			1811392
[runlim] sample:		9.95 time, 10.01 real, 7 MB, 5.33 load
[runlim] sample:		19.90 time, 20.01 real, 8 MB, 9.37 load
[runlim] sample:		29.86 time, 30.01 real, 8 MB, 13.08 load
[runlim] sample:		39.80 time, 40.01 real, 8 MB, 16.06 load
[runlim] sample:		49.75 time, 50.01 real, 8 MB, 18.59 load
[runlim] sample:		59.70 time, 60.01 real, 8 MB, 20.65 load
[runlim] end:			Thu Apr  9 20:23:27 2026
[runlim] status:		ok
[runlim] result:		0
[runlim] children:		1
[runlim] processes:		2
[runlim] real:			63.79 seconds
[runlim] time:			63.39 seconds
[runlim] space:			8 MB
[runlim] load:			21.64 maximum
[runlim] samples:		637
