[runlim] version:		2.0.0rc1
[runlim] host:			o02n04
[runlim] time limit:		311040000 seconds
[runlim] real time limit:	5000 seconds
[runlim] space limit:		7000 MB
[runlim] argv[0]:		./binary
[runlim] argv[1]:		-c
[runlim] argv[2]:		-f
[runlim] argv[3]:		-s
[runlim] argv[4]:		-r
[runlim] argv[5]:		/tmp/local-unzipped-12459995-1-30-mc2025_track1_153.cnf
[runlim] start:			Thu Apr  9 20:22:33 2026
[runlim] child:			4110186
[runlim] sample:		9.95 time, 10.01 real, 4 MB, 9.93 load
[runlim] sample:		19.88 time, 20.01 real, 4 MB, 14.95 load
[runlim] sample:		29.82 time, 30.01 real, 5 MB, 20.82 load
[runlim] sample:		39.74 time, 40.01 real, 5 MB, 27.32 load
[runlim] sample:		49.66 time, 50.01 real, 5 MB, 33.35 load
[runlim] sample:		59.57 time, 60.01 real, 5 MB, 38.45 load
[runlim] sample:		69.49 time, 70.01 real, 5 MB, 42.46 load
[runlim] sample:		79.41 time, 80.01 real, 5 MB, 45.77 load
[runlim] sample:		89.35 time, 90.01 real, 5 MB, 48.57 load
[runlim] sample:		99.27 time, 100.01 real, 5 MB, 51.45 load
[runlim] sample:		109.21 time, 110.01 real, 5 MB, 53.38 load
[runlim] sample:		119.14 time, 120.01 real, 5 MB, 54.78 load
[runlim] end:			Thu Apr  9 20:24:41 2026
[runlim] status:		ok
[runlim] result:		0
[runlim] children:		1
[runlim] processes:		2
[runlim] real:			127.50 seconds
[runlim] time:			126.50 seconds
[runlim] space:			5 MB
[runlim] load:			55.89 maximum
[runlim] samples:		1274
