[runlim] version:		2.0.0rc1
[runlim] host:			o02n04
[runlim] time limit:		311040000 seconds
[runlim] real time limit:	5000 seconds
[runlim] space limit:		7000 MB
[runlim] argv[0]:		./binary
[runlim] argv[1]:		-c
[runlim] argv[2]:		-f
[runlim] argv[3]:		-s
[runlim] argv[4]:		-r
[runlim] argv[5]:		/tmp/local-unzipped-12459995-1-46-mc2025_track1_165.cnf
[runlim] start:			Thu Apr  9 20:22:49 2026
[runlim] child:			4110727
[runlim] sample:		9.94 time, 10.01 real, 4 MB, 20.82 load
[runlim] sample:		19.88 time, 20.01 real, 4 MB, 27.32 load
[runlim] sample:		29.81 time, 30.01 real, 4 MB, 33.35 load
[runlim] sample:		39.75 time, 40.01 real, 4 MB, 38.45 load
[runlim] sample:		49.69 time, 50.01 real, 4 MB, 42.46 load
[runlim] sample:		59.61 time, 60.01 real, 4 MB, 45.77 load
[runlim] sample:		69.55 time, 70.01 real, 4 MB, 48.57 load
[runlim] sample:		79.47 time, 80.01 real, 4 MB, 51.45 load
[runlim] sample:		89.41 time, 90.01 real, 4 MB, 53.38 load
[runlim] sample:		99.36 time, 100.01 real, 4 MB, 54.78 load
[runlim] sample:		109.30 time, 110.01 real, 4 MB, 55.89 load
[runlim] sample:		119.25 time, 120.01 real, 4 MB, 56.67 load
[runlim] sample:		129.19 time, 130.01 real, 4 MB, 57.34 load
[runlim] sample:		139.14 time, 140.01 real, 4 MB, 58.05 load
[runlim] sample:		149.08 time, 150.01 real, 4 MB, 58.42 load
[runlim] sample:		159.02 time, 160.01 real, 4 MB, 58.75 load
[runlim] sample:		168.97 time, 170.01 real, 4 MB, 58.86 load
[runlim] sample:		178.91 time, 180.01 real, 4 MB, 58.88 load
[runlim] sample:		188.85 time, 190.01 real, 4 MB, 58.90 load
[runlim] sample:		198.79 time, 200.01 real, 4 MB, 59.06 load
[runlim] sample:		208.73 time, 210.01 real, 4 MB, 59.61 load
[runlim] sample:		218.67 time, 220.01 real, 4 MB, 59.52 load
[runlim] sample:		228.61 time, 230.01 real, 4 MB, 59.44 load
[runlim] sample:		238.55 time, 240.01 real, 4 MB, 59.44 load
[runlim] sample:		248.50 time, 250.01 real, 4 MB, 59.46 load
[runlim] sample:		258.44 time, 260.01 real, 4 MB, 59.46 load
[runlim] sample:		268.38 time, 270.01 real, 4 MB, 59.39 load
[runlim] sample:		278.32 time, 280.01 real, 4 MB, 59.33 load
[runlim] sample:		288.26 time, 290.01 real, 4 MB, 59.28 load
[runlim] sample:		298.21 time, 300.01 real, 4 MB, 59.23 load
[runlim] sample:		308.15 time, 310.01 real, 4 MB, 59.20 load
[runlim] sample:		318.09 time, 320.01 real, 4 MB, 59.17 load
[runlim] sample:		328.04 time, 330.01 real, 4 MB, 59.14 load
[runlim] sample:		337.98 time, 340.01 real, 4 MB, 59.12 load
[runlim] sample:		347.92 time, 350.01 real, 4 MB, 59.10 load
[runlim] sample:		357.87 time, 360.01 real, 4 MB, 59.08 load
[runlim] sample:		367.81 time, 370.01 real, 4 MB, 59.07 load
[runlim] sample:		377.75 time, 380.01 real, 4 MB, 59.06 load
[runlim] sample:		387.68 time, 390.01 real, 4 MB, 59.05 load
[runlim] sample:		397.63 time, 400.01 real, 4 MB, 59.12 load
[runlim] sample:		407.58 time, 410.01 real, 4 MB, 59.17 load
[runlim] sample:		417.53 time, 420.01 real, 4 MB, 59.14 load
[runlim] sample:		427.47 time, 430.01 real, 4 MB, 59.27 load
[runlim] sample:		437.42 time, 440.01 real, 4 MB, 59.31 load
[runlim] sample:		447.36 time, 450.01 real, 4 MB, 59.11 load
[runlim] sample:		457.30 time, 460.01 real, 4 MB, 59.08 load
[runlim] sample:		467.25 time, 470.01 real, 4 MB, 59.32 load
[runlim] sample:		477.19 time, 480.01 real, 4 MB, 58.89 load
[runlim] sample:		487.14 time, 490.01 real, 4 MB, 58.44 load
[runlim] sample:		497.08 time, 500.01 real, 4 MB, 58.23 load
[runlim] sample:		507.03 time, 510.01 real, 4 MB, 57.96 load
[runlim] sample:		516.97 time, 520.01 real, 4 MB, 57.82 load
[runlim] sample:		526.92 time, 530.01 real, 4 MB, 57.61 load
[runlim] sample:		536.87 time, 540.01 real, 4 MB, 57.36 load
[runlim] sample:		546.82 time, 550.01 real, 4 MB, 57.15 load
[runlim] sample:		556.76 time, 560.01 real, 4 MB, 57.05 load
[runlim] sample:		566.71 time, 570.01 real, 4 MB, 56.89 load
[runlim] sample:		576.66 time, 580.01 real, 4 MB, 56.83 load
[runlim] sample:		586.61 time, 590.01 real, 4 MB, 56.70 load
[runlim] sample:		596.55 time, 600.01 real, 4 MB, 56.67 load
[runlim] sample:		606.50 time, 610.01 real, 4 MB, 56.57 load
[runlim] sample:		616.45 time, 620.01 real, 4 MB, 56.48 load
[runlim] sample:		626.40 time, 630.01 real, 4 MB, 56.41 load
[runlim] sample:		636.34 time, 640.01 real, 4 MB, 56.81 load
[runlim] sample:		646.29 time, 650.01 real, 4 MB, 56.76 load
[runlim] sample:		656.23 time, 660.01 real, 4 MB, 56.81 load
[runlim] sample:		666.18 time, 670.01 real, 4 MB, 56.68 load
[runlim] sample:		676.12 time, 680.01 real, 4 MB, 56.58 load
[runlim] sample:		686.07 time, 690.01 real, 4 MB, 56.49 load
[runlim] sample:		696.02 time, 700.01 real, 4 MB, 56.57 load
[runlim] sample:		705.96 time, 710.01 real, 4 MB, 56.48 load
[runlim] sample:		715.91 time, 720.01 real, 4 MB, 56.40 load
[runlim] sample:		725.86 time, 730.01 real, 4 MB, 56.34 load
[runlim] sample:		735.80 time, 740.01 real, 4 MB, 56.44 load
[runlim] sample:		745.75 time, 750.01 real, 4 MB, 56.37 load
[runlim] sample:		755.69 time, 760.01 real, 4 MB, 56.48 load
[runlim] sample:		765.64 time, 770.01 real, 4 MB, 56.48 load
[runlim] sample:		775.58 time, 780.01 real, 4 MB, 56.40 load
[runlim] sample:		785.53 time, 790.01 real, 4 MB, 56.34 load
[runlim] sample:		795.48 time, 800.01 real, 4 MB, 56.44 load
[runlim] sample:		805.42 time, 810.01 real, 4 MB, 56.37 load
[runlim] sample:		815.37 time, 820.01 real, 4 MB, 56.40 load
[runlim] sample:		825.31 time, 830.01 real, 4 MB, 56.48 load
[runlim] sample:		835.26 time, 840.01 real, 4 MB, 56.41 load
[runlim] sample:		845.21 time, 850.01 real, 4 MB, 56.35 load
[runlim] sample:		855.15 time, 860.01 real, 4 MB, 56.44 load
[runlim] sample:		865.10 time, 870.01 real, 4 MB, 56.60 load
[runlim] sample:		875.04 time, 880.01 real, 4 MB, 56.66 load
[runlim] sample:		884.99 time, 890.01 real, 4 MB, 56.56 load
[runlim] sample:		894.93 time, 900.01 real, 4 MB, 56.55 load
[runlim] sample:		904.88 time, 910.01 real, 4 MB, 56.55 load
[runlim] sample:		914.82 time, 920.01 real, 4 MB, 56.62 load
[runlim] sample:		924.77 time, 930.01 real, 4 MB, 56.60 load
[runlim] sample:		934.71 time, 940.01 real, 4 MB, 56.59 load
[runlim] sample:		944.66 time, 950.01 real, 4 MB, 56.65 load
[runlim] sample:		954.61 time, 960.01 real, 4 MB, 56.78 load
[runlim] sample:		964.55 time, 970.01 real, 4 MB, 56.81 load
[runlim] sample:		974.50 time, 980.01 real, 4 MB, 56.92 load
[runlim] sample:		984.44 time, 990.01 real, 4 MB, 57.02 load
[runlim] sample:		994.39 time, 1000.01 real, 4 MB, 57.09 load
[runlim] sample:		1004.34 time, 1010.01 real, 4 MB, 57.16 load
[runlim] sample:		1014.28 time, 1020.01 real, 4 MB, 57.21 load
[runlim] sample:		1024.23 time, 1030.01 real, 4 MB, 57.18 load
[runlim] sample:		1034.18 time, 1040.01 real, 4 MB, 57.30 load
[runlim] sample:		1044.12 time, 1050.01 real, 4 MB, 57.33 load
[runlim] sample:		1054.07 time, 1060.01 real, 4 MB, 57.44 load
[runlim] sample:		1064.01 time, 1070.01 real, 4 MB, 57.53 load
[runlim] sample:		1073.96 time, 1080.01 real, 4 MB, 57.53 load
[runlim] sample:		1083.91 time, 1090.01 real, 4 MB, 57.37 load
[runlim] sample:		1093.85 time, 1100.01 real, 4 MB, 57.24 load
[runlim] sample:		1103.79 time, 1110.01 real, 4 MB, 57.05 load
[runlim] sample:		1113.74 time, 1120.01 real, 4 MB, 56.89 load
[runlim] sample:		1123.68 time, 1130.01 real, 4 MB, 56.75 load
[runlim] sample:		1133.62 time, 1140.01 real, 4 MB, 56.71 load
[runlim] sample:		1143.56 time, 1150.01 real, 4 MB, 56.60 load
[runlim] sample:		1153.51 time, 1160.01 real, 4 MB, 56.51 load
[runlim] sample:		1163.45 time, 1170.01 real, 4 MB, 56.43 load
[runlim] sample:		1173.40 time, 1180.01 real, 4 MB, 56.36 load
[runlim] sample:		1183.34 time, 1190.01 real, 4 MB, 56.31 load
[runlim] sample:		1193.28 time, 1200.01 real, 4 MB, 56.34 load
[runlim] sample:		1203.23 time, 1210.01 real, 4 MB, 56.29 load
[runlim] sample:		1213.17 time, 1220.01 real, 4 MB, 56.24 load
[runlim] sample:		1223.11 time, 1230.01 real, 4 MB, 56.28 load
[runlim] sample:		1233.06 time, 1240.01 real, 4 MB, 56.24 load
[runlim] sample:		1243.00 time, 1250.01 real, 4 MB, 56.20 load
[runlim] sample:		1252.94 time, 1260.01 real, 4 MB, 56.41 load
[runlim] sample:		1262.89 time, 1270.01 real, 4 MB, 56.35 load
[runlim] sample:		1272.83 time, 1280.01 real, 4 MB, 56.29 load
[runlim] sample:		1282.77 time, 1290.01 real, 4 MB, 56.25 load
[runlim] sample:		1292.71 time, 1300.01 real, 4 MB, 56.21 load
[runlim] sample:		1302.66 time, 1310.01 real, 4 MB, 56.18 load
[runlim] sample:		1312.60 time, 1320.01 real, 4 MB, 56.15 load
[runlim] sample:		1322.54 time, 1330.01 real, 4 MB, 56.12 load
[runlim] sample:		1332.49 time, 1340.01 real, 4 MB, 56.10 load
[runlim] sample:		1342.43 time, 1350.01 real, 4 MB, 56.09 load
[runlim] sample:		1352.37 time, 1360.01 real, 4 MB, 56.15 load
[runlim] sample:		1362.32 time, 1370.01 real, 4 MB, 56.21 load
[runlim] sample:		1372.26 time, 1380.01 real, 4 MB, 56.18 load
[runlim] sample:		1382.20 time, 1390.01 real, 4 MB, 56.15 load
[runlim] sample:		1392.14 time, 1400.01 real, 4 MB, 56.13 load
[runlim] sample:		1402.08 time, 1410.01 real, 4 MB, 56.11 load
[runlim] sample:		1412.03 time, 1420.01 real, 4 MB, 56.09 load
[runlim] sample:		1421.97 time, 1430.01 real, 4 MB, 56.15 load
[runlim] sample:		1431.91 time, 1440.01 real, 4 MB, 56.29 load
[runlim] sample:		1441.85 time, 1450.01 real, 4 MB, 56.24 load
[runlim] sample:		1451.80 time, 1460.01 real, 4 MB, 56.20 load
[runlim] sample:		1461.74 time, 1470.01 real, 4 MB, 56.17 load
[runlim] sample:		1471.68 time, 1480.01 real, 4 MB, 56.23 load
[runlim] sample:		1481.62 time, 1490.01 real, 4 MB, 56.19 load
[runlim] sample:		1491.56 time, 1500.01 real, 4 MB, 56.24 load
[runlim] sample:		1501.50 time, 1510.01 real, 4 MB, 56.36 load
[runlim] sample:		1511.44 time, 1520.01 real, 4 MB, 56.30 load
[runlim] sample:		1521.39 time, 1530.01 real, 4 MB, 56.10 load
[runlim] sample:		1531.33 time, 1540.01 real, 4 MB, 55.93 load
[runlim] sample:		1541.27 time, 1550.01 real, 4 MB, 55.87 load
[runlim] sample:		1551.21 time, 1560.01 real, 4 MB, 55.81 load
[runlim] sample:		1561.15 time, 1570.01 real, 4 MB, 55.68 load
[runlim] sample:		1571.10 time, 1580.01 real, 4 MB, 55.58 load
[runlim] sample:		1581.04 time, 1590.01 real, 4 MB, 55.49 load
[runlim] sample:		1590.98 time, 1600.01 real, 4 MB, 55.41 load
[runlim] sample:		1600.93 time, 1610.01 real, 4 MB, 55.42 load
[runlim] sample:		1610.87 time, 1620.01 real, 4 MB, 55.36 load
[runlim] sample:		1620.81 time, 1630.01 real, 4 MB, 55.30 load
[runlim] sample:		1630.75 time, 1640.01 real, 4 MB, 55.26 load
[runlim] sample:		1640.69 time, 1650.01 real, 4 MB, 55.29 load
[runlim] sample:		1650.64 time, 1660.01 real, 4 MB, 55.32 load
[runlim] sample:		1660.59 time, 1670.01 real, 4 MB, 55.35 load
[runlim] sample:		1670.53 time, 1680.01 real, 4 MB, 55.30 load
[runlim] sample:		1680.48 time, 1690.01 real, 4 MB, 55.25 load
[runlim] sample:		1690.42 time, 1700.01 real, 4 MB, 55.21 load
[runlim] sample:		1700.37 time, 1710.01 real, 4 MB, 55.18 load
[runlim] sample:		1710.31 time, 1720.01 real, 4 MB, 55.15 load
[runlim] sample:		1720.26 time, 1730.01 real, 4 MB, 55.13 load
[runlim] sample:		1730.21 time, 1740.01 real, 4 MB, 55.26 load
[runlim] sample:		1740.15 time, 1750.01 real, 4 MB, 55.22 load
[runlim] sample:		1750.10 time, 1760.01 real, 4 MB, 55.26 load
[runlim] sample:		1760.05 time, 1770.01 real, 4 MB, 55.22 load
[runlim] sample:		1769.99 time, 1780.01 real, 4 MB, 55.19 load
[runlim] sample:		1779.94 time, 1790.01 real, 4 MB, 55.16 load
[runlim] sample:		1789.89 time, 1800.01 real, 4 MB, 55.13 load
[runlim] sample:		1799.83 time, 1810.01 real, 4 MB, 55.19 load
[runlim] sample:		1809.78 time, 1820.01 real, 4 MB, 55.16 load
[runlim] sample:		1819.72 time, 1830.01 real, 4 MB, 55.13 load
[runlim] sample:		1829.67 time, 1840.01 real, 4 MB, 55.11 load
[runlim] sample:		1839.62 time, 1850.01 real, 4 MB, 55.09 load
[runlim] sample:		1849.56 time, 1860.01 real, 4 MB, 55.08 load
[runlim] sample:		1859.51 time, 1870.01 real, 4 MB, 55.15 load
[runlim] sample:		1869.46 time, 1880.01 real, 4 MB, 55.12 load
[runlim] sample:		1879.40 time, 1890.01 real, 4 MB, 55.10 load
[runlim] sample:		1889.35 time, 1900.01 real, 4 MB, 55.09 load
[runlim] sample:		1899.30 time, 1910.01 real, 4 MB, 55.07 load
[runlim] sample:		1909.25 time, 1920.01 real, 4 MB, 55.14 load
[runlim] sample:		1919.19 time, 1930.01 real, 4 MB, 55.19 load
[runlim] sample:		1929.14 time, 1940.01 real, 4 MB, 55.16 load
[runlim] sample:		1939.09 time, 1950.01 real, 4 MB, 55.21 load
[runlim] sample:		1949.04 time, 1960.01 real, 4 MB, 55.18 load
[runlim] sample:		1958.99 time, 1970.01 real, 4 MB, 55.15 load
[runlim] sample:		1968.93 time, 1980.01 real, 4 MB, 55.44 load
[runlim] sample:		1978.88 time, 1990.01 real, 4 MB, 55.37 load
[runlim] sample:		1988.83 time, 2000.01 real, 4 MB, 55.31 load
[runlim] sample:		1998.77 time, 2010.01 real, 4 MB, 55.50 load
[runlim] sample:		2008.72 time, 2020.01 real, 4 MB, 55.43 load
[runlim] sample:		2018.67 time, 2030.01 real, 4 MB, 55.36 load
[runlim] sample:		2028.61 time, 2040.01 real, 4 MB, 55.30 load
[runlim] sample:		2038.56 time, 2050.01 real, 4 MB, 55.26 load
[runlim] sample:		2048.51 time, 2060.01 real, 4 MB, 55.29 load
[runlim] sample:		2058.45 time, 2070.01 real, 4 MB, 55.25 load
[runlim] sample:		2068.40 time, 2080.01 real, 4 MB, 55.21 load
[runlim] sample:		2078.35 time, 2090.01 real, 4 MB, 55.48 load
[runlim] sample:		2088.29 time, 2100.01 real, 4 MB, 55.63 load
[runlim] sample:		2098.24 time, 2110.01 real, 4 MB, 55.53 load
[runlim] sample:		2108.18 time, 2120.01 real, 4 MB, 55.45 load
[runlim] sample:		2118.13 time, 2130.01 real, 4 MB, 55.38 load
[runlim] sample:		2128.08 time, 2140.01 real, 4 MB, 55.32 load
[runlim] sample:		2138.02 time, 2150.01 real, 4 MB, 55.27 load
[runlim] sample:		2147.97 time, 2160.01 real, 4 MB, 55.23 load
[runlim] sample:		2157.91 time, 2170.01 real, 4 MB, 55.19 load
[runlim] sample:		2167.86 time, 2180.01 real, 4 MB, 55.16 load
[runlim] sample:		2177.81 time, 2190.01 real, 4 MB, 55.14 load
[runlim] sample:		2187.76 time, 2200.01 real, 4 MB, 55.12 load
[runlim] sample:		2197.70 time, 2210.01 real, 4 MB, 55.10 load
[runlim] sample:		2207.65 time, 2220.01 real, 4 MB, 55.08 load
[runlim] sample:		2217.60 time, 2230.01 real, 4 MB, 55.07 load
[runlim] sample:		2227.54 time, 2240.01 real, 4 MB, 55.06 load
[runlim] sample:		2237.49 time, 2250.01 real, 4 MB, 55.05 load
[runlim] sample:		2247.44 time, 2260.01 real, 4 MB, 55.04 load
[runlim] sample:		2257.38 time, 2270.01 real, 4 MB, 55.11 load
[runlim] sample:		2267.32 time, 2280.01 real, 4 MB, 55.10 load
[runlim] sample:		2277.26 time, 2290.01 real, 4 MB, 55.08 load
[runlim] sample:		2287.21 time, 2300.01 real, 4 MB, 55.07 load
[runlim] sample:		2297.15 time, 2310.01 real, 4 MB, 55.06 load
[runlim] sample:		2307.10 time, 2320.01 real, 4 MB, 55.05 load
[runlim] sample:		2317.04 time, 2330.01 real, 4 MB, 55.12 load
[runlim] sample:		2326.99 time, 2340.01 real, 4 MB, 55.10 load
[runlim] sample:		2336.93 time, 2350.01 real, 4 MB, 55.09 load
[runlim] sample:		2346.88 time, 2360.01 real, 4 MB, 55.07 load
[runlim] sample:		2356.83 time, 2370.01 real, 4 MB, 55.06 load
[runlim] sample:		2366.77 time, 2380.01 real, 4 MB, 55.05 load
[runlim] sample:		2376.72 time, 2390.01 real, 4 MB, 55.04 load
[runlim] sample:		2386.67 time, 2400.01 real, 4 MB, 55.04 load
[runlim] sample:		2396.61 time, 2410.01 real, 4 MB, 55.03 load
[runlim] sample:		2406.56 time, 2420.01 real, 4 MB, 55.10 load
[runlim] sample:		2416.51 time, 2430.01 real, 4 MB, 55.16 load
[runlim] sample:		2426.45 time, 2440.01 real, 4 MB, 55.13 load
[runlim] sample:		2436.40 time, 2450.01 real, 4 MB, 55.19 load
[runlim] sample:		2446.35 time, 2460.01 real, 4 MB, 55.16 load
[runlim] sample:		2456.29 time, 2470.01 real, 4 MB, 55.35 load
[runlim] sample:		2466.24 time, 2480.01 real, 4 MB, 55.38 load
[runlim] sample:		2476.19 time, 2490.01 real, 4 MB, 55.32 load
[runlim] sample:		2486.14 time, 2500.01 real, 4 MB, 55.27 load
[runlim] sample:		2496.08 time, 2510.01 real, 4 MB, 55.31 load
[runlim] sample:		2506.03 time, 2520.01 real, 4 MB, 55.26 load
[runlim] sample:		2515.98 time, 2530.01 real, 4 MB, 55.29 load
[runlim] sample:		2525.92 time, 2540.01 real, 4 MB, 55.40 load
[runlim] sample:		2535.87 time, 2550.01 real, 4 MB, 55.34 load
[runlim] sample:		2545.82 time, 2560.01 real, 4 MB, 55.36 load
[runlim] sample:		2555.76 time, 2570.01 real, 4 MB, 55.31 load
[runlim] sample:		2565.71 time, 2580.01 real, 4 MB, 55.26 load
[runlim] sample:		2575.66 time, 2590.01 real, 4 MB, 55.37 load
[runlim] sample:		2585.60 time, 2600.01 real, 4 MB, 55.31 load
[runlim] sample:		2595.55 time, 2610.01 real, 4 MB, 55.27 load
[runlim] sample:		2605.50 time, 2620.01 real, 4 MB, 55.22 load
[runlim] sample:		2615.45 time, 2630.01 real, 4 MB, 55.19 load
[runlim] sample:		2625.40 time, 2640.01 real, 4 MB, 55.23 load
[runlim] sample:		2635.34 time, 2650.01 real, 4 MB, 55.28 load
[runlim] sample:		2645.29 time, 2660.01 real, 4 MB, 55.24 load
[runlim] sample:		2655.24 time, 2670.01 real, 4 MB, 55.35 load
[runlim] sample:		2665.18 time, 2680.01 real, 4 MB, 55.29 load
[runlim] sample:		2675.13 time, 2690.01 real, 4 MB, 55.25 load
[runlim] sample:		2685.07 time, 2700.01 real, 4 MB, 55.21 load
[runlim] sample:		2695.02 time, 2710.01 real, 4 MB, 55.18 load
[runlim] sample:		2704.96 time, 2720.01 real, 4 MB, 55.15 load
[runlim] sample:		2714.90 time, 2730.01 real, 4 MB, 55.12 load
[runlim] sample:		2724.85 time, 2740.01 real, 4 MB, 55.11 load
[runlim] sample:		2734.79 time, 2750.01 real, 4 MB, 55.09 load
[runlim] sample:		2744.74 time, 2760.01 real, 4 MB, 55.07 load
[runlim] sample:		2754.68 time, 2770.01 real, 4 MB, 55.06 load
[runlim] sample:		2764.62 time, 2780.01 real, 4 MB, 55.05 load
[runlim] sample:		2774.57 time, 2790.01 real, 4 MB, 55.04 load
[runlim] sample:		2784.51 time, 2800.01 real, 4 MB, 55.04 load
[runlim] sample:		2794.46 time, 2810.01 real, 4 MB, 55.11 load
[runlim] sample:		2804.40 time, 2820.01 real, 4 MB, 55.09 load
[runlim] sample:		2814.34 time, 2830.01 real, 4 MB, 55.08 load
[runlim] sample:		2824.29 time, 2840.01 real, 4 MB, 55.07 load
[runlim] sample:		2834.23 time, 2850.01 real, 4 MB, 55.13 load
[runlim] sample:		2844.17 time, 2860.01 real, 4 MB, 55.11 load
[runlim] sample:		2854.12 time, 2870.01 real, 4 MB, 55.09 load
[runlim] sample:		2864.06 time, 2880.01 real, 4 MB, 55.15 load
[runlim] sample:		2874.01 time, 2890.01 real, 4 MB, 55.13 load
[runlim] sample:		2883.95 time, 2900.01 real, 4 MB, 55.11 load
[runlim] sample:		2893.89 time, 2910.01 real, 4 MB, 55.09 load
[runlim] sample:		2903.84 time, 2920.01 real, 4 MB, 55.08 load
[runlim] sample:		2913.78 time, 2930.01 real, 4 MB, 55.14 load
[runlim] sample:		2923.73 time, 2940.01 real, 4 MB, 55.19 load
[runlim] sample:		2933.67 time, 2950.01 real, 4 MB, 55.24 load
[runlim] sample:		2943.62 time, 2960.01 real, 4 MB, 55.20 load
[runlim] sample:		2953.56 time, 2970.01 real, 4 MB, 55.24 load
[runlim] sample:		2963.51 time, 2980.01 real, 4 MB, 55.36 load
[runlim] sample:		2973.45 time, 2990.01 real, 4 MB, 55.30 load
[runlim] sample:		2983.40 time, 3000.01 real, 4 MB, 55.26 load
[runlim] sample:		2993.34 time, 3010.01 real, 4 MB, 55.30 load
[runlim] sample:		3003.29 time, 3020.01 real, 4 MB, 55.33 load
[runlim] sample:		3013.23 time, 3030.01 real, 4 MB, 55.42 load
[runlim] sample:		3023.18 time, 3040.01 real, 4 MB, 55.39 load
[runlim] sample:		3033.12 time, 3050.01 real, 4 MB, 55.33 load
[runlim] sample:		3043.07 time, 3060.01 real, 4 MB, 55.36 load
[runlim] sample:		3053.02 time, 3070.01 real, 4 MB, 55.30 load
[runlim] sample:		3062.96 time, 3080.01 real, 4 MB, 55.26 load
[runlim] sample:		3072.91 time, 3090.01 real, 4 MB, 55.30 load
[runlim] sample:		3082.86 time, 3100.01 real, 4 MB, 55.33 load
[runlim] sample:		3092.80 time, 3110.01 real, 4 MB, 55.27 load
[runlim] sample:		3102.75 time, 3120.01 real, 4 MB, 55.23 load
[runlim] sample:		3112.70 time, 3130.01 real, 4 MB, 55.20 load
[runlim] sample:		3122.65 time, 3140.01 real, 4 MB, 55.24 load
[runlim] sample:		3132.59 time, 3150.01 real, 4 MB, 55.52 load
[runlim] sample:		3142.54 time, 3160.01 real, 4 MB, 55.44 load
[runlim] sample:		3152.49 time, 3170.01 real, 4 MB, 55.37 load
[runlim] sample:		3162.43 time, 3180.01 real, 4 MB, 55.39 load
[runlim] sample:		3172.38 time, 3190.01 real, 4 MB, 55.33 load
[runlim] sample:		3182.32 time, 3200.01 real, 4 MB, 55.28 load
[runlim] sample:		3192.27 time, 3210.01 real, 4 MB, 55.40 load
[runlim] sample:		3202.21 time, 3220.01 real, 4 MB, 55.33 load
[runlim] sample:		3212.16 time, 3230.01 real, 4 MB, 55.28 load
[runlim] sample:		3222.11 time, 3240.01 real, 4 MB, 55.24 load
[runlim] sample:		3232.05 time, 3250.01 real, 4 MB, 55.20 load
[runlim] sample:		3242.00 time, 3260.01 real, 4 MB, 55.17 load
[runlim] sample:		3251.95 time, 3270.01 real, 4 MB, 55.14 load
[runlim] sample:		3261.90 time, 3280.01 real, 4 MB, 55.12 load
[runlim] sample:		3271.85 time, 3290.01 real, 4 MB, 55.10 load
[runlim] sample:		3281.79 time, 3300.01 real, 4 MB, 55.09 load
[runlim] sample:		3291.74 time, 3310.01 real, 4 MB, 55.07 load
[runlim] sample:		3301.69 time, 3320.01 real, 4 MB, 55.06 load
[runlim] sample:		3311.64 time, 3330.01 real, 4 MB, 55.13 load
[runlim] sample:		3321.59 time, 3340.01 real, 4 MB, 55.27 load
[runlim] sample:		3331.53 time, 3350.01 real, 4 MB, 55.22 load
[runlim] sample:		3341.48 time, 3360.01 real, 4 MB, 55.19 load
[runlim] sample:		3351.43 time, 3370.01 real, 4 MB, 55.16 load
[runlim] sample:		3361.38 time, 3380.01 real, 4 MB, 55.21 load
[runlim] sample:		3371.33 time, 3390.01 real, 4 MB, 55.26 load
[runlim] sample:		3381.27 time, 3400.01 real, 4 MB, 55.22 load
[runlim] sample:		3391.22 time, 3410.01 real, 4 MB, 55.18 load
[runlim] sample:		3401.17 time, 3420.01 real, 4 MB, 55.15 load
[runlim] sample:		3411.12 time, 3430.01 real, 4 MB, 55.21 load
[runlim] sample:		3421.07 time, 3440.01 real, 4 MB, 55.18 load
[runlim] sample:		3431.01 time, 3450.01 real, 4 MB, 55.31 load
[runlim] sample:		3440.96 time, 3460.01 real, 4 MB, 55.26 load
[runlim] sample:		3450.91 time, 3470.01 real, 4 MB, 55.30 load
[runlim] sample:		3460.86 time, 3480.01 real, 4 MB, 55.26 load
[runlim] sample:		3470.80 time, 3490.01 real, 4 MB, 55.29 load
[runlim] sample:		3480.75 time, 3500.01 real, 4 MB, 55.47 load
[runlim] sample:		3490.70 time, 3510.01 real, 4 MB, 55.47 load
[runlim] sample:		3500.65 time, 3520.01 real, 4 MB, 55.48 load
[runlim] sample:		3510.59 time, 3530.01 real, 4 MB, 55.40 load
[runlim] sample:		3520.54 time, 3540.01 real, 4 MB, 55.34 load
[runlim] sample:		3530.49 time, 3550.01 real, 4 MB, 55.29 load
[runlim] sample:		3540.44 time, 3560.01 real, 4 MB, 55.32 load
[runlim] sample:		3550.38 time, 3570.01 real, 4 MB, 55.27 load
[runlim] sample:		3560.33 time, 3580.01 real, 4 MB, 55.31 load
[runlim] sample:		3570.28 time, 3590.01 real, 4 MB, 55.26 load
[runlim] sample:		3580.23 time, 3600.01 real, 4 MB, 55.29 load
[runlim] sample:		3590.17 time, 3610.01 real, 4 MB, 55.25 load
[runlim] sample:		3600.12 time, 3620.01 real, 4 MB, 55.21 load
[runlim] sample:		3610.07 time, 3630.01 real, 4 MB, 55.18 load
[runlim] sample:		3620.01 time, 3640.01 real, 4 MB, 55.23 load
[runlim] sample:		3629.96 time, 3650.01 real, 4 MB, 55.19 load
[runlim] sample:		3639.91 time, 3660.01 real, 4 MB, 55.16 load
[runlim] sample:		3649.85 time, 3670.01 real, 4 MB, 55.14 load
[runlim] sample:		3659.80 time, 3680.01 real, 4 MB, 55.12 load
[runlim] sample:		3669.75 time, 3690.01 real, 4 MB, 55.10 load
[runlim] sample:		3679.69 time, 3700.01 real, 4 MB, 55.24 load
[runlim] sample:		3689.64 time, 3710.01 real, 4 MB, 55.20 load
[runlim] sample:		3699.59 time, 3720.01 real, 4 MB, 55.17 load
[runlim] sample:		3709.54 time, 3730.01 real, 4 MB, 55.15 load
[runlim] sample:		3719.48 time, 3740.01 real, 4 MB, 55.20 load
[runlim] sample:		3729.43 time, 3750.01 real, 4 MB, 55.25 load
[runlim] sample:		3739.37 time, 3760.01 real, 4 MB, 55.21 load
[runlim] sample:		3749.32 time, 3770.01 real, 4 MB, 55.26 load
[runlim] sample:		3759.27 time, 3780.01 real, 4 MB, 55.22 load
[runlim] sample:		3769.21 time, 3790.01 real, 4 MB, 55.18 load
[runlim] sample:		3779.16 time, 3800.01 real, 4 MB, 55.15 load
[runlim] sample:		3789.10 time, 3810.01 real, 4 MB, 55.13 load
[runlim] sample:		3799.05 time, 3820.01 real, 4 MB, 55.18 load
[runlim] sample:		3809.00 time, 3830.01 real, 4 MB, 55.23 load
[runlim] sample:		3818.94 time, 3840.01 real, 4 MB, 55.20 load
[runlim] sample:		3828.89 time, 3850.01 real, 4 MB, 55.17 load
[runlim] sample:		3838.84 time, 3860.01 real, 4 MB, 55.14 load
[runlim] sample:		3848.78 time, 3870.01 real, 4 MB, 55.12 load
[runlim] sample:		3858.73 time, 3880.01 real, 4 MB, 55.10 load
[runlim] sample:		3868.68 time, 3890.01 real, 4 MB, 55.16 load
[runlim] sample:		3878.62 time, 3900.01 real, 4 MB, 55.14 load
[runlim] sample:		3888.57 time, 3910.01 real, 4 MB, 55.12 load
[runlim] sample:		3898.52 time, 3920.01 real, 4 MB, 55.10 load
[runlim] sample:		3908.46 time, 3930.01 real, 4 MB, 55.16 load
[runlim] sample:		3918.41 time, 3940.01 real, 4 MB, 55.14 load
[runlim] sample:		3928.36 time, 3950.01 real, 4 MB, 55.20 load
[runlim] sample:		3938.30 time, 3960.01 real, 4 MB, 55.17 load
[runlim] sample:		3948.25 time, 3970.01 real, 4 MB, 55.14 load
[runlim] sample:		3958.20 time, 3980.01 real, 4 MB, 55.20 load
[runlim] sample:		3968.15 time, 3990.01 real, 4 MB, 55.24 load
[runlim] sample:		3978.09 time, 4000.01 real, 4 MB, 55.20 load
[runlim] sample:		3988.04 time, 4010.01 real, 4 MB, 55.17 load
[runlim] sample:		3997.98 time, 4020.01 real, 4 MB, 55.37 load
[runlim] sample:		4007.93 time, 4030.01 real, 4 MB, 55.31 load
[runlim] sample:		4017.88 time, 4040.01 real, 4 MB, 55.34 load
[runlim] sample:		4027.82 time, 4050.01 real, 4 MB, 55.28 load
[runlim] sample:		4037.77 time, 4060.01 real, 4 MB, 55.24 load
[runlim] sample:		4047.71 time, 4070.01 real, 4 MB, 55.20 load
[runlim] sample:		4057.66 time, 4080.01 real, 4 MB, 55.24 load
[runlim] sample:		4067.60 time, 4090.01 real, 4 MB, 55.29 load
[runlim] sample:		4077.54 time, 4100.01 real, 4 MB, 55.32 load
[runlim] sample:		4087.49 time, 4110.01 real, 4 MB, 55.27 load
[runlim] sample:		4097.43 time, 4120.01 real, 4 MB, 55.23 load
[runlim] sample:		4107.38 time, 4130.01 real, 4 MB, 55.19 load
[runlim] sample:		4117.32 time, 4140.01 real, 4 MB, 55.39 load
[runlim] sample:		4127.27 time, 4150.01 real, 4 MB, 55.41 load
[runlim] sample:		4137.21 time, 4160.01 real, 4 MB, 55.35 load
[runlim] sample:		4147.16 time, 4170.01 real, 4 MB, 55.29 load
[runlim] sample:		4157.11 time, 4180.01 real, 4 MB, 55.25 load
[runlim] sample:		4167.05 time, 4190.01 real, 4 MB, 55.21 load
[runlim] sample:		4177.00 time, 4200.01 real, 4 MB, 55.25 load
[runlim] sample:		4186.95 time, 4210.01 real, 4 MB, 55.21 load
[runlim] sample:		4196.89 time, 4220.01 real, 4 MB, 55.18 load
[runlim] sample:		4206.84 time, 4230.01 real, 4 MB, 55.15 load
[runlim] sample:		4216.78 time, 4240.01 real, 4 MB, 55.13 load
[runlim] sample:		4226.73 time, 4250.01 real, 4 MB, 55.11 load
[runlim] sample:		4236.68 time, 4260.01 real, 4 MB, 55.09 load
[runlim] sample:		4246.62 time, 4270.01 real, 4 MB, 55.08 load
[runlim] sample:		4256.57 time, 4280.01 real, 4 MB, 55.14 load
[runlim] sample:		4266.51 time, 4290.01 real, 4 MB, 55.12 load
[runlim] sample:		4276.45 time, 4300.01 real, 4 MB, 55.17 load
[runlim] sample:		4286.40 time, 4310.01 real, 4 MB, 55.14 load
[runlim] sample:		4296.34 time, 4320.01 real, 4 MB, 55.12 load
[runlim] sample:		4306.28 time, 4330.01 real, 4 MB, 55.10 load
[runlim] sample:		4316.23 time, 4340.01 real, 4 MB, 55.16 load
[runlim] sample:		4326.17 time, 4350.01 real, 4 MB, 55.14 load
[runlim] sample:		4336.12 time, 4360.01 real, 4 MB, 55.11 load
[runlim] sample:		4346.06 time, 4370.01 real, 4 MB, 55.10 load
[runlim] sample:		4356.01 time, 4380.01 real, 4 MB, 55.08 load
[runlim] sample:		4365.95 time, 4390.01 real, 4 MB, 55.07 load
[runlim] sample:		4375.89 time, 4400.01 real, 4 MB, 55.13 load
[runlim] sample:		4385.84 time, 4410.01 real, 4 MB, 55.11 load
[runlim] sample:		4395.78 time, 4420.01 real, 4 MB, 55.09 load
[runlim] sample:		4405.73 time, 4430.01 real, 4 MB, 55.16 load
[runlim] sample:		4415.67 time, 4440.01 real, 4 MB, 55.13 load
[runlim] sample:		4425.61 time, 4450.01 real, 4 MB, 55.19 load
[runlim] sample:		4435.55 time, 4460.01 real, 4 MB, 55.16 load
[runlim] sample:		4445.50 time, 4470.01 real, 4 MB, 55.21 load
[runlim] sample:		4455.44 time, 4480.01 real, 4 MB, 55.33 load
[runlim] sample:		4465.39 time, 4490.01 real, 4 MB, 55.44 load
[runlim] sample:		4475.33 time, 4500.01 real, 4 MB, 55.44 load
[runlim] sample:		4485.27 time, 4510.01 real, 4 MB, 55.37 load
[runlim] sample:		4495.22 time, 4520.01 real, 4 MB, 55.54 load
[runlim] sample:		4505.16 time, 4530.01 real, 4 MB, 55.45 load
[runlim] sample:		4515.11 time, 4540.01 real, 4 MB, 55.46 load
[runlim] sample:		4525.05 time, 4550.01 real, 4 MB, 55.39 load
[runlim] sample:		4534.99 time, 4560.01 real, 4 MB, 55.33 load
[runlim] sample:		4544.94 time, 4570.01 real, 4 MB, 55.36 load
[runlim] sample:		4554.88 time, 4580.01 real, 4 MB, 55.30 load
[runlim] sample:		4564.83 time, 4590.01 real, 4 MB, 55.26 load
[runlim] sample:		4574.77 time, 4600.01 real, 4 MB, 55.37 load
[runlim] sample:		4584.71 time, 4610.01 real, 4 MB, 55.31 load
[runlim] sample:		4594.66 time, 4620.01 real, 4 MB, 55.42 load
[runlim] sample:		4604.60 time, 4630.01 real, 4 MB, 55.35 load
[runlim] sample:		4614.54 time, 4640.01 real, 4 MB, 55.30 load
[runlim] sample:		4624.48 time, 4650.01 real, 4 MB, 55.25 load
[runlim] sample:		4634.42 time, 4660.01 real, 4 MB, 55.29 load
[runlim] sample:		4644.36 time, 4670.01 real, 4 MB, 55.24 load
[runlim] sample:		4654.30 time, 4680.01 real, 4 MB, 55.20 load
[runlim] sample:		4664.25 time, 4690.01 real, 4 MB, 55.25 load
[runlim] sample:		4674.19 time, 4700.01 real, 4 MB, 55.29 load
[runlim] sample:		4684.13 time, 4710.01 real, 4 MB, 55.24 load
[runlim] sample:		4694.07 time, 4720.01 real, 4 MB, 55.28 load
[runlim] sample:		4704.01 time, 4730.01 real, 4 MB, 55.24 load
[runlim] sample:		4713.96 time, 4740.01 real, 4 MB, 55.20 load
[runlim] sample:		4723.90 time, 4750.01 real, 4 MB, 55.17 load
[runlim] sample:		4733.85 time, 4760.01 real, 4 MB, 55.14 load
[runlim] sample:		4743.79 time, 4770.01 real, 4 MB, 55.19 load
[runlim] sample:		4753.74 time, 4780.01 real, 4 MB, 55.24 load
[runlim] sample:		4763.68 time, 4790.01 real, 4 MB, 55.21 load
[runlim] sample:		4773.63 time, 4800.01 real, 4 MB, 55.17 load
[runlim] sample:		4783.58 time, 4810.01 real, 4 MB, 55.23 load
[runlim] sample:		4793.52 time, 4820.01 real, 4 MB, 55.19 load
[runlim] sample:		4803.47 time, 4830.01 real, 4 MB, 55.16 load
[runlim] sample:		4813.41 time, 4840.01 real, 4 MB, 55.22 load
[runlim] sample:		4823.36 time, 4850.01 real, 4 MB, 55.18 load
[runlim] sample:		4833.31 time, 4860.01 real, 4 MB, 55.15 load
[runlim] sample:		4843.26 time, 4870.01 real, 4 MB, 55.13 load
[runlim] sample:		4853.21 time, 4880.01 real, 4 MB, 55.11 load
[runlim] sample:		4863.15 time, 4890.01 real, 4 MB, 55.09 load
[runlim] sample:		4873.10 time, 4900.01 real, 4 MB, 55.16 load
[runlim] sample:		4883.05 time, 4910.01 real, 4 MB, 55.13 load
[runlim] sample:		4893.00 time, 4920.01 real, 4 MB, 55.11 load
[runlim] sample:		4902.95 time, 4930.01 real, 4 MB, 55.25 load
[runlim] sample:		4912.89 time, 4940.01 real, 4 MB, 55.21 load
[runlim] sample:		4922.84 time, 4950.01 real, 4 MB, 55.26 load
[runlim] sample:		4932.79 time, 4960.01 real, 4 MB, 55.30 load
[runlim] sample:		4942.74 time, 4970.01 real, 4 MB, 54.16 load
[runlim] sample:		4952.69 time, 4980.01 real, 4 MB, 51.97 load
[runlim] sample:		4962.64 time, 4990.01 real, 4 MB, 48.81 load
[runlim] sample:		4972.60 time, 5000.01 real, 4 MB, 44.99 load
[runlim] end:			Thu Apr  9 21:46:09 2026
[runlim] status:		out of time
[runlim] result:		2
[runlim] children:		1
[runlim] processes:		2
[runlim] real:			5000.05 seconds
[runlim] time:			4972.60 seconds
[runlim] space:			4 MB
[runlim] load:			59.61 maximum
[runlim] samples:		50000
