[runlim] version:		2.0.0rc1
[runlim] host:			o02n04
[runlim] time limit:		311040000 seconds
[runlim] real time limit:	5000 seconds
[runlim] space limit:		7000 MB
[runlim] argv[0]:		./binary
[runlim] argv[1]:		-c
[runlim] argv[2]:		-f
[runlim] argv[3]:		-s
[runlim] argv[4]:		-r
[runlim] argv[5]:		/tmp/local-unzipped-12459995-1-64-mc2025_track1_121.cnf
[runlim] start:			Thu Apr  9 20:23:08 2026
[runlim] child:			4111371
[runlim] sample:		9.91 time, 10.01 real, 8 MB, 30.42 load
[runlim] sample:		19.84 time, 20.01 real, 8 MB, 35.96 load
[runlim] sample:		29.77 time, 30.01 real, 8 MB, 40.49 load
[runlim] sample:		39.68 time, 40.01 real, 8 MB, 44.18 load
[runlim] sample:		49.61 time, 50.01 real, 8 MB, 47.23 load
[runlim] sample:		59.54 time, 60.01 real, 8 MB, 50.45 load
[runlim] sample:		69.47 time, 70.01 real, 8 MB, 52.54 load
[runlim] sample:		79.41 time, 80.01 real, 8 MB, 54.15 load
[runlim] sample:		89.34 time, 90.01 real, 8 MB, 55.36 load
[runlim] sample:		99.27 time, 100.01 real, 8 MB, 56.30 load
[runlim] sample:		109.21 time, 110.01 real, 8 MB, 57.02 load
[runlim] sample:		119.14 time, 120.01 real, 8 MB, 57.79 load
[runlim] sample:		129.08 time, 130.01 real, 8 MB, 58.29 load
[runlim] sample:		139.01 time, 140.01 real, 8 MB, 58.55 load
[runlim] sample:		148.94 time, 150.01 real, 8 MB, 58.85 load
[runlim] sample:		158.87 time, 160.01 real, 8 MB, 58.87 load
[runlim] sample:		168.81 time, 170.01 real, 8 MB, 58.89 load
[runlim] sample:		178.74 time, 180.01 real, 8 MB, 59.07 load
[runlim] sample:		188.67 time, 190.01 real, 8 MB, 59.06 load
[runlim] sample:		198.61 time, 200.01 real, 8 MB, 59.56 load
[runlim] sample:		208.54 time, 210.01 real, 8 MB, 59.48 load
[runlim] sample:		218.47 time, 220.01 real, 8 MB, 59.48 load
[runlim] sample:		228.41 time, 230.01 real, 8 MB, 59.41 load
[runlim] sample:		238.35 time, 240.01 real, 8 MB, 59.50 load
[runlim] sample:		248.28 time, 250.01 real, 8 MB, 59.42 load
[runlim] sample:		258.22 time, 260.01 real, 8 MB, 59.36 load
[runlim] sample:		268.16 time, 270.01 real, 8 MB, 59.30 load
[runlim] sample:		278.10 time, 280.01 real, 8 MB, 59.26 load
[runlim] sample:		288.04 time, 290.01 real, 8 MB, 59.22 load
[runlim] sample:		297.97 time, 300.01 real, 8 MB, 59.18 load
[runlim] sample:		307.91 time, 310.01 real, 8 MB, 59.15 load
[runlim] sample:		317.84 time, 320.01 real, 8 MB, 59.13 load
[runlim] sample:		327.78 time, 330.01 real, 8 MB, 59.11 load
[runlim] sample:		337.72 time, 340.01 real, 8 MB, 59.09 load
[runlim] sample:		347.66 time, 350.01 real, 8 MB, 59.08 load
[runlim] sample:		357.59 time, 360.01 real, 8 MB, 59.06 load
[runlim] sample:		367.53 time, 370.01 real, 8 MB, 59.05 load
[runlim] sample:		377.47 time, 380.01 real, 8 MB, 59.13 load
[runlim] sample:		387.41 time, 390.01 real, 8 MB, 59.19 load
[runlim] sample:		397.35 time, 400.01 real, 8 MB, 59.16 load
[runlim] sample:		407.29 time, 410.01 real, 8 MB, 59.29 load
[runlim] sample:		417.21 time, 420.01 real, 8 MB, 59.25 load
[runlim] sample:		427.14 time, 430.01 real, 8 MB, 59.20 load
[runlim] sample:		437.08 time, 440.01 real, 8 MB, 59.18 load
[runlim] sample:		447.01 time, 450.01 real, 8 MB, 59.00 load
[runlim] sample:		456.94 time, 460.01 real, 8 MB, 59.05 load
[runlim] sample:		466.87 time, 470.01 real, 8 MB, 58.66 load
[runlim] sample:		476.81 time, 480.01 real, 8 MB, 58.25 load
[runlim] sample:		486.74 time, 490.01 real, 8 MB, 58.05 load
[runlim] sample:		496.68 time, 500.01 real, 8 MB, 57.89 load
[runlim] sample:		506.61 time, 510.01 real, 8 MB, 57.75 load
[runlim] sample:		516.55 time, 520.01 real, 8 MB, 57.48 load
[runlim] sample:		526.48 time, 530.01 real, 8 MB, 57.25 load
[runlim] sample:		536.41 time, 540.01 real, 8 MB, 57.06 load
[runlim] sample:		546.35 time, 550.01 real, 8 MB, 56.97 load
[runlim] sample:		556.29 time, 560.01 real, 8 MB, 56.90 load
[runlim] sample:		566.24 time, 570.01 real, 8 MB, 56.76 load
[runlim] sample:		576.19 time, 580.01 real, 8 MB, 56.64 load
[runlim] sample:		586.13 time, 590.01 real, 8 MB, 56.62 load
[runlim] sample:		596.08 time, 600.01 real, 8 MB, 56.52 load
[runlim] sample:		606.03 time, 610.01 real, 8 MB, 56.44 load
[runlim] sample:		615.97 time, 620.01 real, 8 MB, 56.54 load
[runlim] sample:		625.92 time, 630.01 real, 8 MB, 56.83 load
[runlim] sample:		635.86 time, 640.01 real, 8 MB, 56.70 load
[runlim] sample:		645.81 time, 650.01 real, 8 MB, 56.74 load
[runlim] sample:		655.75 time, 660.01 real, 8 MB, 56.63 load
[runlim] sample:		665.68 time, 670.01 real, 8 MB, 56.53 load
[runlim] sample:		675.63 time, 680.01 real, 8 MB, 56.53 load
[runlim] sample:		685.57 time, 690.01 real, 8 MB, 56.52 load
[runlim] sample:		695.52 time, 700.01 real, 8 MB, 56.44 load
[runlim] sample:		705.46 time, 710.01 real, 8 MB, 56.37 load
[runlim] sample:		715.40 time, 720.01 real, 8 MB, 56.39 load
[runlim] sample:		725.35 time, 730.01 real, 8 MB, 56.41 load
[runlim] sample:		735.29 time, 740.01 real, 8 MB, 56.34 load
[runlim] sample:		745.24 time, 750.01 real, 8 MB, 56.52 load
[runlim] sample:		755.18 time, 760.01 real, 8 MB, 56.44 load
[runlim] sample:		765.13 time, 770.01 real, 8 MB, 56.37 load
[runlim] sample:		775.07 time, 780.01 real, 8 MB, 56.39 load
[runlim] sample:		785.02 time, 790.01 real, 8 MB, 56.41 load
[runlim] sample:		794.96 time, 800.01 real, 8 MB, 56.34 load
[runlim] sample:		804.91 time, 810.01 real, 8 MB, 56.53 load
[runlim] sample:		814.86 time, 820.01 real, 8 MB, 56.44 load
[runlim] sample:		824.80 time, 830.01 real, 8 MB, 56.38 load
[runlim] sample:		834.75 time, 840.01 real, 8 MB, 56.48 load
[runlim] sample:		844.69 time, 850.01 real, 8 MB, 56.56 load
[runlim] sample:		854.64 time, 860.01 real, 8 MB, 56.63 load
[runlim] sample:		864.58 time, 870.01 real, 8 MB, 56.61 load
[runlim] sample:		874.53 time, 880.01 real, 8 MB, 56.51 load
[runlim] sample:		884.47 time, 890.01 real, 8 MB, 56.51 load
[runlim] sample:		894.42 time, 900.01 real, 8 MB, 56.50 load
[runlim] sample:		904.37 time, 910.01 real, 8 MB, 56.65 load
[runlim] sample:		914.31 time, 920.01 real, 8 MB, 56.55 load
[runlim] sample:		924.26 time, 930.01 real, 8 MB, 56.70 load
[runlim] sample:		934.21 time, 940.01 real, 8 MB, 56.67 load
[runlim] sample:		944.16 time, 950.01 real, 8 MB, 56.80 load
[runlim] sample:		954.10 time, 960.01 real, 8 MB, 56.83 load
[runlim] sample:		964.05 time, 970.01 real, 8 MB, 56.93 load
[runlim] sample:		973.99 time, 980.01 real, 8 MB, 57.01 load
[runlim] sample:		983.94 time, 990.01 real, 8 MB, 57.09 load
[runlim] sample:		993.89 time, 1000.01 real, 8 MB, 57.23 load
[runlim] sample:		1003.84 time, 1010.01 real, 8 MB, 57.19 load
[runlim] sample:		1013.78 time, 1020.01 real, 8 MB, 57.24 load
[runlim] sample:		1023.72 time, 1030.01 real, 8 MB, 57.36 load
[runlim] sample:		1033.67 time, 1040.01 real, 8 MB, 57.30 load
[runlim] sample:		1043.62 time, 1050.01 real, 8 MB, 57.40 load
[runlim] sample:		1053.56 time, 1060.01 real, 8 MB, 57.49 load
[runlim] sample:		1063.51 time, 1070.01 real, 8 MB, 57.41 load
[runlim] sample:		1073.46 time, 1080.01 real, 8 MB, 57.26 load
[runlim] sample:		1083.40 time, 1090.01 real, 8 MB, 57.14 load
[runlim] sample:		1093.34 time, 1100.01 real, 8 MB, 56.97 load
[runlim] sample:		1103.29 time, 1110.01 real, 8 MB, 56.82 load
[runlim] sample:		1113.21 time, 1120.01 real, 8 MB, 56.77 load
[runlim] sample:		1123.13 time, 1130.01 real, 8 MB, 56.65 load
[runlim] sample:		1133.04 time, 1140.01 real, 8 MB, 56.55 load
[runlim] sample:		1142.97 time, 1150.01 real, 8 MB, 56.47 load
[runlim] sample:		1152.90 time, 1160.01 real, 8 MB, 56.39 load
[runlim] sample:		1162.83 time, 1170.01 real, 8 MB, 56.33 load
[runlim] sample:		1172.77 time, 1180.01 real, 8 MB, 56.28 load
[runlim] sample:		1182.70 time, 1190.01 real, 8 MB, 56.31 load
[runlim] sample:		1192.63 time, 1200.01 real, 8 MB, 56.26 load
[runlim] sample:		1202.56 time, 1210.01 real, 8 MB, 56.30 load
[runlim] sample:		1212.50 time, 1220.01 real, 8 MB, 56.26 load
[runlim] sample:		1222.43 time, 1230.01 real, 8 MB, 56.22 load
[runlim] sample:		1232.34 time, 1240.01 real, 8 MB, 56.18 load
[runlim] sample:		1242.28 time, 1250.01 real, 8 MB, 56.38 load
[runlim] sample:		1252.22 time, 1260.01 real, 8 MB, 56.32 load
[runlim] sample:		1262.16 time, 1270.01 real, 8 MB, 56.27 load
[runlim] sample:		1272.10 time, 1280.01 real, 8 MB, 56.23 load
[runlim] sample:		1282.05 time, 1290.01 real, 8 MB, 56.19 load
[runlim] sample:		1291.99 time, 1300.01 real, 8 MB, 56.16 load
[runlim] sample:		1301.94 time, 1310.01 real, 8 MB, 56.14 load
[runlim] sample:		1311.88 time, 1320.01 real, 8 MB, 56.11 load
[runlim] sample:		1321.82 time, 1330.01 real, 8 MB, 56.10 load
[runlim] sample:		1331.77 time, 1340.01 real, 8 MB, 56.08 load
[runlim] sample:		1341.71 time, 1350.01 real, 8 MB, 56.14 load
[runlim] sample:		1351.65 time, 1360.01 real, 8 MB, 56.19 load
[runlim] sample:		1361.59 time, 1370.01 real, 8 MB, 56.16 load
[runlim] sample:		1371.53 time, 1380.01 real, 8 MB, 56.14 load
[runlim] sample:		1381.47 time, 1390.01 real, 8 MB, 56.12 load
[runlim] sample:		1391.42 time, 1400.01 real, 8 MB, 56.10 load
[runlim] sample:		1401.36 time, 1410.01 real, 8 MB, 56.16 load
[runlim] sample:		1411.30 time, 1420.01 real, 8 MB, 56.14 load
[runlim] sample:		1421.25 time, 1430.01 real, 8 MB, 56.26 load
[runlim] sample:		1431.19 time, 1440.01 real, 8 MB, 56.22 load
[runlim] sample:		1441.13 time, 1450.01 real, 8 MB, 56.19 load
[runlim] sample:		1451.08 time, 1460.01 real, 8 MB, 56.16 load
[runlim] sample:		1461.02 time, 1470.01 real, 8 MB, 56.21 load
[runlim] sample:		1470.96 time, 1480.01 real, 8 MB, 56.17 load
[runlim] sample:		1480.90 time, 1490.01 real, 8 MB, 56.30 load
[runlim] sample:		1490.84 time, 1500.01 real, 8 MB, 56.33 load
[runlim] sample:		1500.78 time, 1510.01 real, 8 MB, 56.20 load
[runlim] sample:		1510.73 time, 1520.01 real, 8 MB, 56.01 load
[runlim] sample:		1520.67 time, 1530.01 real, 8 MB, 55.86 load
[runlim] sample:		1530.62 time, 1540.01 real, 8 MB, 55.88 load
[runlim] sample:		1540.56 time, 1550.01 real, 8 MB, 55.74 load
[runlim] sample:		1550.50 time, 1560.01 real, 8 MB, 55.63 load
[runlim] sample:		1560.44 time, 1570.01 real, 8 MB, 55.53 load
[runlim] sample:		1570.39 time, 1580.01 real, 8 MB, 55.45 load
[runlim] sample:		1580.33 time, 1590.01 real, 8 MB, 55.46 load
[runlim] sample:		1590.28 time, 1600.01 real, 8 MB, 55.39 load
[runlim] sample:		1600.22 time, 1610.01 real, 8 MB, 55.33 load
[runlim] sample:		1610.16 time, 1620.01 real, 8 MB, 55.28 load
[runlim] sample:		1620.10 time, 1630.01 real, 8 MB, 55.32 load
[runlim] sample:		1630.05 time, 1640.01 real, 8 MB, 55.35 load
[runlim] sample:		1640.00 time, 1650.01 real, 8 MB, 55.29 load
[runlim] sample:		1649.94 time, 1660.01 real, 8 MB, 55.32 load
[runlim] sample:		1659.89 time, 1670.01 real, 8 MB, 55.27 load
[runlim] sample:		1669.84 time, 1680.01 real, 8 MB, 55.23 load
[runlim] sample:		1679.78 time, 1690.01 real, 8 MB, 55.19 load
[runlim] sample:		1689.73 time, 1700.01 real, 8 MB, 55.16 load
[runlim] sample:		1699.68 time, 1710.01 real, 8 MB, 55.14 load
[runlim] sample:		1709.63 time, 1720.01 real, 8 MB, 55.28 load
[runlim] sample:		1719.58 time, 1730.01 real, 8 MB, 55.23 load
[runlim] sample:		1729.52 time, 1740.01 real, 8 MB, 55.20 load
[runlim] sample:		1739.47 time, 1750.01 real, 8 MB, 55.24 load
[runlim] sample:		1749.42 time, 1760.01 real, 8 MB, 55.20 load
[runlim] sample:		1759.37 time, 1770.01 real, 8 MB, 55.17 load
[runlim] sample:		1769.31 time, 1780.01 real, 8 MB, 55.14 load
[runlim] sample:		1779.26 time, 1790.01 real, 8 MB, 55.20 load
[runlim] sample:		1789.21 time, 1800.01 real, 8 MB, 55.17 load
[runlim] sample:		1799.16 time, 1810.01 real, 8 MB, 55.14 load
[runlim] sample:		1809.10 time, 1820.01 real, 8 MB, 55.12 load
[runlim] sample:		1819.05 time, 1830.01 real, 8 MB, 55.10 load
[runlim] sample:		1829.00 time, 1840.01 real, 8 MB, 55.09 load
[runlim] sample:		1838.95 time, 1850.01 real, 8 MB, 55.07 load
[runlim] sample:		1848.90 time, 1860.01 real, 8 MB, 55.14 load
[runlim] sample:		1858.85 time, 1870.01 real, 8 MB, 55.11 load
[runlim] sample:		1868.79 time, 1880.01 real, 8 MB, 55.10 load
[runlim] sample:		1878.74 time, 1890.01 real, 8 MB, 55.08 load
[runlim] sample:		1888.69 time, 1900.01 real, 8 MB, 55.07 load
[runlim] sample:		1898.64 time, 1910.01 real, 8 MB, 55.21 load
[runlim] sample:		1908.59 time, 1920.01 real, 8 MB, 55.18 load
[runlim] sample:		1918.54 time, 1930.01 real, 8 MB, 55.23 load
[runlim] sample:		1928.48 time, 1940.01 real, 8 MB, 55.20 load
[runlim] sample:		1938.43 time, 1950.01 real, 8 MB, 55.16 load
[runlim] sample:		1948.38 time, 1960.01 real, 8 MB, 55.30 load
[runlim] sample:		1958.33 time, 1970.01 real, 8 MB, 55.40 load
[runlim] sample:		1968.28 time, 1980.01 real, 8 MB, 55.34 load
[runlim] sample:		1978.23 time, 1990.01 real, 8 MB, 55.29 load
[runlim] sample:		1988.17 time, 2000.01 real, 8 MB, 55.46 load
[runlim] sample:		1998.12 time, 2010.01 real, 8 MB, 55.39 load
[runlim] sample:		2008.07 time, 2020.01 real, 8 MB, 55.33 load
[runlim] sample:		2018.02 time, 2030.01 real, 8 MB, 55.28 load
[runlim] sample:		2027.96 time, 2040.01 real, 8 MB, 55.32 load
[runlim] sample:		2037.91 time, 2050.01 real, 8 MB, 55.27 load
[runlim] sample:		2047.86 time, 2060.01 real, 8 MB, 55.23 load
[runlim] sample:		2057.80 time, 2070.01 real, 8 MB, 55.35 load
[runlim] sample:		2067.75 time, 2080.01 real, 8 MB, 55.69 load
[runlim] sample:		2077.70 time, 2090.01 real, 8 MB, 55.58 load
[runlim] sample:		2087.64 time, 2100.01 real, 8 MB, 55.49 load
[runlim] sample:		2097.59 time, 2110.01 real, 8 MB, 55.41 load
[runlim] sample:		2107.54 time, 2120.01 real, 8 MB, 55.35 load
[runlim] sample:		2117.49 time, 2130.01 real, 8 MB, 55.30 load
[runlim] sample:		2127.43 time, 2140.01 real, 8 MB, 55.25 load
[runlim] sample:		2137.38 time, 2150.01 real, 8 MB, 55.21 load
[runlim] sample:		2147.33 time, 2160.01 real, 8 MB, 55.18 load
[runlim] sample:		2157.28 time, 2170.01 real, 8 MB, 55.15 load
[runlim] sample:		2167.22 time, 2180.01 real, 8 MB, 55.13 load
[runlim] sample:		2177.17 time, 2190.01 real, 8 MB, 55.11 load
[runlim] sample:		2187.12 time, 2200.01 real, 8 MB, 55.09 load
[runlim] sample:		2197.07 time, 2210.01 real, 8 MB, 55.08 load
[runlim] sample:		2207.01 time, 2220.01 real, 8 MB, 55.06 load
[runlim] sample:		2216.96 time, 2230.01 real, 8 MB, 55.05 load
[runlim] sample:		2226.91 time, 2240.01 real, 8 MB, 55.04 load
[runlim] sample:		2236.85 time, 2250.01 real, 8 MB, 55.04 load
[runlim] sample:		2246.79 time, 2260.01 real, 8 MB, 55.11 load
[runlim] sample:		2256.74 time, 2270.01 real, 8 MB, 55.09 load
[runlim] sample:		2266.68 time, 2280.01 real, 8 MB, 55.07 load
[runlim] sample:		2276.62 time, 2290.01 real, 8 MB, 55.06 load
[runlim] sample:		2286.57 time, 2300.01 real, 8 MB, 55.05 load
[runlim] sample:		2296.52 time, 2310.01 real, 8 MB, 55.04 load
[runlim] sample:		2306.46 time, 2320.01 real, 8 MB, 55.11 load
[runlim] sample:		2316.41 time, 2330.01 real, 8 MB, 55.09 load
[runlim] sample:		2326.35 time, 2340.01 real, 8 MB, 55.08 load
[runlim] sample:		2336.30 time, 2350.01 real, 8 MB, 55.07 load
[runlim] sample:		2346.24 time, 2360.01 real, 8 MB, 55.06 load
[runlim] sample:		2356.19 time, 2370.01 real, 8 MB, 55.05 load
[runlim] sample:		2366.13 time, 2380.01 real, 8 MB, 55.04 load
[runlim] sample:		2376.08 time, 2390.01 real, 8 MB, 55.03 load
[runlim] sample:		2386.02 time, 2400.01 real, 8 MB, 55.11 load
[runlim] sample:		2395.97 time, 2410.01 real, 8 MB, 55.17 load
[runlim] sample:		2405.91 time, 2420.01 real, 8 MB, 55.14 load
[runlim] sample:		2415.86 time, 2430.01 real, 8 MB, 55.20 load
[runlim] sample:		2425.81 time, 2440.01 real, 8 MB, 55.17 load
[runlim] sample:		2435.75 time, 2450.01 real, 8 MB, 55.38 load
[runlim] sample:		2445.70 time, 2460.01 real, 8 MB, 55.33 load
[runlim] sample:		2455.64 time, 2470.01 real, 8 MB, 55.35 load
[runlim] sample:		2465.59 time, 2480.01 real, 8 MB, 55.29 load
[runlim] sample:		2475.54 time, 2490.01 real, 8 MB, 55.25 load
[runlim] sample:		2485.49 time, 2500.01 real, 8 MB, 55.28 load
[runlim] sample:		2495.43 time, 2510.01 real, 8 MB, 55.32 load
[runlim] sample:		2505.38 time, 2520.01 real, 8 MB, 55.35 load
[runlim] sample:		2515.33 time, 2530.01 real, 8 MB, 55.37 load
[runlim] sample:		2525.27 time, 2540.01 real, 8 MB, 55.39 load
[runlim] sample:		2535.22 time, 2550.01 real, 8 MB, 55.33 load
[runlim] sample:		2545.17 time, 2560.01 real, 8 MB, 55.28 load
[runlim] sample:		2555.11 time, 2570.01 real, 8 MB, 55.32 load
[runlim] sample:		2565.06 time, 2580.01 real, 8 MB, 55.34 load
[runlim] sample:		2575.01 time, 2590.01 real, 8 MB, 55.29 load
[runlim] sample:		2584.96 time, 2600.01 real, 8 MB, 55.24 load
[runlim] sample:		2594.90 time, 2610.01 real, 8 MB, 55.21 load
[runlim] sample:		2604.85 time, 2620.01 real, 8 MB, 55.25 load
[runlim] sample:		2614.80 time, 2630.01 real, 8 MB, 55.22 load
[runlim] sample:		2624.75 time, 2640.01 real, 8 MB, 55.26 load
[runlim] sample:		2634.69 time, 2650.01 real, 8 MB, 55.38 load
[runlim] sample:		2644.64 time, 2660.01 real, 8 MB, 55.32 load
[runlim] sample:		2654.58 time, 2670.01 real, 8 MB, 55.27 load
[runlim] sample:		2664.53 time, 2680.01 real, 8 MB, 55.23 load
[runlim] sample:		2674.48 time, 2690.01 real, 8 MB, 55.19 load
[runlim] sample:		2684.42 time, 2700.01 real, 8 MB, 55.16 load
[runlim] sample:		2694.36 time, 2710.01 real, 8 MB, 55.14 load
[runlim] sample:		2704.31 time, 2720.01 real, 8 MB, 55.11 load
[runlim] sample:		2714.25 time, 2730.01 real, 8 MB, 55.10 load
[runlim] sample:		2724.20 time, 2740.01 real, 8 MB, 55.08 load
[runlim] sample:		2734.14 time, 2750.01 real, 8 MB, 55.07 load
[runlim] sample:		2744.08 time, 2760.01 real, 8 MB, 55.06 load
[runlim] sample:		2754.03 time, 2770.01 real, 8 MB, 55.05 load
[runlim] sample:		2763.97 time, 2780.01 real, 8 MB, 55.04 load
[runlim] sample:		2773.92 time, 2790.01 real, 8 MB, 55.03 load
[runlim] sample:		2783.86 time, 2800.01 real, 8 MB, 55.10 load
[runlim] sample:		2793.81 time, 2810.01 real, 8 MB, 55.09 load
[runlim] sample:		2803.75 time, 2820.01 real, 8 MB, 55.07 load
[runlim] sample:		2813.69 time, 2830.01 real, 8 MB, 55.14 load
[runlim] sample:		2823.64 time, 2840.01 real, 8 MB, 55.12 load
[runlim] sample:		2833.58 time, 2850.01 real, 8 MB, 55.10 load
[runlim] sample:		2843.53 time, 2860.01 real, 8 MB, 55.16 load
[runlim] sample:		2853.47 time, 2870.01 real, 8 MB, 55.14 load
[runlim] sample:		2863.41 time, 2880.01 real, 8 MB, 55.12 load
[runlim] sample:		2873.36 time, 2890.01 real, 8 MB, 55.10 load
[runlim] sample:		2883.30 time, 2900.01 real, 8 MB, 55.08 load
[runlim] sample:		2893.25 time, 2910.01 real, 8 MB, 55.15 load
[runlim] sample:		2903.19 time, 2920.01 real, 8 MB, 55.21 load
[runlim] sample:		2913.14 time, 2930.01 real, 8 MB, 55.26 load
[runlim] sample:		2923.08 time, 2940.01 real, 8 MB, 55.22 load
[runlim] sample:		2933.02 time, 2950.01 real, 8 MB, 55.26 load
[runlim] sample:		2942.97 time, 2960.01 real, 8 MB, 55.30 load
[runlim] sample:		2952.92 time, 2970.01 real, 8 MB, 55.33 load
[runlim] sample:		2962.87 time, 2980.01 real, 8 MB, 55.28 load
[runlim] sample:		2972.81 time, 2990.01 real, 8 MB, 55.24 load
[runlim] sample:		2982.76 time, 3000.01 real, 8 MB, 55.35 load
[runlim] sample:		2992.70 time, 3010.01 real, 8 MB, 55.46 load
[runlim] sample:		3002.65 time, 3020.01 real, 8 MB, 55.39 load
[runlim] sample:		3012.59 time, 3030.01 real, 8 MB, 55.33 load
[runlim] sample:		3022.54 time, 3040.01 real, 8 MB, 55.36 load
[runlim] sample:		3032.48 time, 3050.01 real, 8 MB, 55.30 load
[runlim] sample:		3042.43 time, 3060.01 real, 8 MB, 55.26 load
[runlim] sample:		3052.37 time, 3070.01 real, 8 MB, 55.30 load
[runlim] sample:		3062.32 time, 3080.01 real, 8 MB, 55.33 load
[runlim] sample:		3072.27 time, 3090.01 real, 8 MB, 55.27 load
[runlim] sample:		3082.21 time, 3100.01 real, 8 MB, 55.23 load
[runlim] sample:		3092.16 time, 3110.01 real, 8 MB, 55.20 load
[runlim] sample:		3102.11 time, 3120.01 real, 8 MB, 55.24 load
[runlim] sample:		3112.05 time, 3130.01 real, 8 MB, 55.52 load
[runlim] sample:		3122.00 time, 3140.01 real, 8 MB, 55.44 load
[runlim] sample:		3131.94 time, 3150.01 real, 8 MB, 55.37 load
[runlim] sample:		3141.89 time, 3160.01 real, 8 MB, 55.39 load
[runlim] sample:		3151.83 time, 3170.01 real, 8 MB, 55.33 load
[runlim] sample:		3161.78 time, 3180.01 real, 8 MB, 55.28 load
[runlim] sample:		3171.72 time, 3190.01 real, 8 MB, 55.40 load
[runlim] sample:		3181.67 time, 3200.01 real, 8 MB, 55.33 load
[runlim] sample:		3191.62 time, 3210.01 real, 8 MB, 55.28 load
[runlim] sample:		3201.56 time, 3220.01 real, 8 MB, 55.24 load
[runlim] sample:		3211.51 time, 3230.01 real, 8 MB, 55.20 load
[runlim] sample:		3221.46 time, 3240.01 real, 8 MB, 55.17 load
[runlim] sample:		3231.41 time, 3250.01 real, 8 MB, 55.14 load
[runlim] sample:		3241.36 time, 3260.01 real, 8 MB, 55.12 load
[runlim] sample:		3251.31 time, 3270.01 real, 8 MB, 55.10 load
[runlim] sample:		3261.26 time, 3280.01 real, 8 MB, 55.09 load
[runlim] sample:		3271.21 time, 3290.01 real, 8 MB, 55.07 load
[runlim] sample:		3281.15 time, 3300.01 real, 8 MB, 55.06 load
[runlim] sample:		3291.10 time, 3310.01 real, 8 MB, 55.13 load
[runlim] sample:		3301.05 time, 3320.01 real, 8 MB, 55.27 load
[runlim] sample:		3310.99 time, 3330.01 real, 8 MB, 55.22 load
[runlim] sample:		3320.94 time, 3340.01 real, 8 MB, 55.19 load
[runlim] sample:		3330.89 time, 3350.01 real, 8 MB, 55.16 load
[runlim] sample:		3340.84 time, 3360.01 real, 8 MB, 55.21 load
[runlim] sample:		3350.79 time, 3370.01 real, 8 MB, 55.26 load
[runlim] sample:		3360.73 time, 3380.01 real, 8 MB, 55.22 load
[runlim] sample:		3370.68 time, 3390.01 real, 8 MB, 55.18 load
[runlim] sample:		3380.63 time, 3400.01 real, 8 MB, 55.15 load
[runlim] sample:		3390.58 time, 3410.01 real, 8 MB, 55.21 load
[runlim] sample:		3400.53 time, 3420.01 real, 8 MB, 55.18 load
[runlim] sample:		3410.47 time, 3430.01 real, 8 MB, 55.31 load
[runlim] sample:		3420.42 time, 3440.01 real, 8 MB, 55.26 load
[runlim] sample:		3430.37 time, 3450.01 real, 8 MB, 55.30 load
[runlim] sample:		3440.31 time, 3460.01 real, 8 MB, 55.26 load
[runlim] sample:		3450.26 time, 3470.01 real, 8 MB, 55.29 load
[runlim] sample:		3460.21 time, 3480.01 real, 8 MB, 55.47 load
[runlim] sample:		3470.15 time, 3490.01 real, 8 MB, 55.47 load
[runlim] sample:		3480.10 time, 3500.01 real, 8 MB, 55.48 load
[runlim] sample:		3490.05 time, 3510.01 real, 8 MB, 55.40 load
[runlim] sample:		3500.00 time, 3520.01 real, 8 MB, 55.34 load
[runlim] sample:		3509.95 time, 3530.01 real, 8 MB, 55.29 load
[runlim] sample:		3519.89 time, 3540.01 real, 8 MB, 55.32 load
[runlim] sample:		3529.84 time, 3550.01 real, 8 MB, 55.27 load
[runlim] sample:		3539.79 time, 3560.01 real, 8 MB, 55.31 load
[runlim] sample:		3549.73 time, 3570.01 real, 8 MB, 55.26 load
[runlim] sample:		3559.68 time, 3580.01 real, 8 MB, 55.29 load
[runlim] sample:		3569.63 time, 3590.01 real, 8 MB, 55.25 load
[runlim] sample:		3579.57 time, 3600.01 real, 8 MB, 55.21 load
[runlim] sample:		3589.52 time, 3610.01 real, 8 MB, 55.18 load
[runlim] sample:		3599.47 time, 3620.01 real, 8 MB, 55.23 load
[runlim] sample:		3609.41 time, 3630.01 real, 8 MB, 55.19 load
[runlim] sample:		3619.36 time, 3640.01 real, 8 MB, 55.16 load
[runlim] sample:		3629.31 time, 3650.01 real, 8 MB, 55.14 load
[runlim] sample:		3639.25 time, 3660.01 real, 8 MB, 55.12 load
[runlim] sample:		3649.20 time, 3670.01 real, 8 MB, 55.10 load
[runlim] sample:		3659.15 time, 3680.01 real, 8 MB, 55.24 load
[runlim] sample:		3669.09 time, 3690.01 real, 8 MB, 55.20 load
[runlim] sample:		3679.04 time, 3700.01 real, 8 MB, 55.17 load
[runlim] sample:		3688.99 time, 3710.01 real, 8 MB, 55.15 load
[runlim] sample:		3698.93 time, 3720.01 real, 8 MB, 55.20 load
[runlim] sample:		3708.88 time, 3730.01 real, 8 MB, 55.25 load
[runlim] sample:		3718.83 time, 3740.01 real, 8 MB, 55.21 load
[runlim] sample:		3728.77 time, 3750.01 real, 8 MB, 55.26 load
[runlim] sample:		3738.72 time, 3760.01 real, 8 MB, 55.22 load
[runlim] sample:		3748.66 time, 3770.01 real, 8 MB, 55.18 load
[runlim] sample:		3758.61 time, 3780.01 real, 8 MB, 55.15 load
[runlim] sample:		3768.55 time, 3790.01 real, 8 MB, 55.13 load
[runlim] sample:		3778.50 time, 3800.01 real, 8 MB, 55.18 load
[runlim] sample:		3788.45 time, 3810.01 real, 8 MB, 55.23 load
[runlim] sample:		3798.39 time, 3820.01 real, 8 MB, 55.20 load
[runlim] sample:		3808.34 time, 3830.01 real, 8 MB, 55.17 load
[runlim] sample:		3818.28 time, 3840.01 real, 8 MB, 55.14 load
[runlim] sample:		3828.23 time, 3850.01 real, 8 MB, 55.12 load
[runlim] sample:		3838.18 time, 3860.01 real, 8 MB, 55.10 load
[runlim] sample:		3848.12 time, 3870.01 real, 8 MB, 55.16 load
[runlim] sample:		3858.07 time, 3880.01 real, 8 MB, 55.14 load
[runlim] sample:		3868.02 time, 3890.01 real, 8 MB, 55.12 load
[runlim] sample:		3877.96 time, 3900.01 real, 8 MB, 55.10 load
[runlim] sample:		3887.91 time, 3910.01 real, 8 MB, 55.16 load
[runlim] sample:		3897.85 time, 3920.01 real, 8 MB, 55.14 load
[runlim] sample:		3907.80 time, 3930.01 real, 8 MB, 55.20 load
[runlim] sample:		3917.75 time, 3940.01 real, 8 MB, 55.17 load
[runlim] sample:		3927.69 time, 3950.01 real, 8 MB, 55.14 load
[runlim] sample:		3937.64 time, 3960.01 real, 8 MB, 55.20 load
[runlim] sample:		3947.58 time, 3970.01 real, 8 MB, 55.24 load
[runlim] sample:		3957.53 time, 3980.01 real, 8 MB, 55.20 load
[runlim] sample:		3967.48 time, 3990.01 real, 8 MB, 55.17 load
[runlim] sample:		3977.42 time, 4000.01 real, 8 MB, 55.37 load
[runlim] sample:		3987.37 time, 4010.01 real, 8 MB, 55.31 load
[runlim] sample:		3997.31 time, 4020.01 real, 8 MB, 55.34 load
[runlim] sample:		4007.26 time, 4030.01 real, 8 MB, 55.28 load
[runlim] sample:		4017.21 time, 4040.01 real, 8 MB, 55.24 load
[runlim] sample:		4027.15 time, 4050.01 real, 8 MB, 55.20 load
[runlim] sample:		4037.09 time, 4060.01 real, 8 MB, 55.24 load
[runlim] sample:		4047.03 time, 4070.01 real, 8 MB, 55.29 load
[runlim] sample:		4056.98 time, 4080.01 real, 8 MB, 55.32 load
[runlim] sample:		4066.92 time, 4090.01 real, 8 MB, 55.27 load
[runlim] sample:		4076.87 time, 4100.01 real, 8 MB, 55.23 load
[runlim] sample:		4086.81 time, 4110.01 real, 8 MB, 55.19 load
[runlim] sample:		4096.76 time, 4120.01 real, 8 MB, 55.39 load
[runlim] sample:		4106.70 time, 4130.01 real, 8 MB, 55.41 load
[runlim] sample:		4116.65 time, 4140.01 real, 8 MB, 55.35 load
[runlim] sample:		4126.59 time, 4150.01 real, 8 MB, 55.29 load
[runlim] sample:		4136.54 time, 4160.01 real, 8 MB, 55.25 load
[runlim] sample:		4146.49 time, 4170.01 real, 8 MB, 55.21 load
[runlim] sample:		4156.43 time, 4180.01 real, 8 MB, 55.25 load
[runlim] sample:		4166.38 time, 4190.01 real, 8 MB, 55.21 load
[runlim] sample:		4176.32 time, 4200.01 real, 8 MB, 55.18 load
[runlim] sample:		4186.27 time, 4210.01 real, 8 MB, 55.15 load
[runlim] sample:		4196.22 time, 4220.01 real, 8 MB, 55.13 load
[runlim] sample:		4206.17 time, 4230.01 real, 8 MB, 55.11 load
[runlim] sample:		4216.11 time, 4240.01 real, 8 MB, 55.09 load
[runlim] sample:		4226.06 time, 4250.01 real, 8 MB, 55.08 load
[runlim] sample:		4236.00 time, 4260.01 real, 8 MB, 55.14 load
[runlim] sample:		4245.95 time, 4270.01 real, 8 MB, 55.12 load
[runlim] sample:		4255.89 time, 4280.01 real, 8 MB, 55.17 load
[runlim] sample:		4265.83 time, 4290.01 real, 8 MB, 55.14 load
[runlim] sample:		4275.78 time, 4300.01 real, 8 MB, 55.12 load
[runlim] sample:		4285.72 time, 4310.01 real, 8 MB, 55.10 load
[runlim] sample:		4295.66 time, 4320.01 real, 8 MB, 55.16 load
[runlim] sample:		4305.61 time, 4330.01 real, 8 MB, 55.14 load
[runlim] sample:		4315.55 time, 4340.01 real, 8 MB, 55.11 load
[runlim] sample:		4325.50 time, 4350.01 real, 8 MB, 55.10 load
[runlim] sample:		4335.44 time, 4360.01 real, 8 MB, 55.08 load
[runlim] sample:		4345.39 time, 4370.01 real, 8 MB, 55.07 load
[runlim] sample:		4355.33 time, 4380.01 real, 8 MB, 55.13 load
[runlim] sample:		4365.27 time, 4390.01 real, 8 MB, 55.11 load
[runlim] sample:		4375.22 time, 4400.01 real, 8 MB, 55.09 load
[runlim] sample:		4385.16 time, 4410.01 real, 8 MB, 55.16 load
[runlim] sample:		4395.10 time, 4420.01 real, 8 MB, 55.13 load
[runlim] sample:		4405.04 time, 4430.01 real, 8 MB, 55.19 load
[runlim] sample:		4414.99 time, 4440.01 real, 8 MB, 55.16 load
[runlim] sample:		4424.93 time, 4450.01 real, 8 MB, 55.21 load
[runlim] sample:		4434.87 time, 4460.01 real, 8 MB, 55.33 load
[runlim] sample:		4444.82 time, 4470.01 real, 8 MB, 55.44 load
[runlim] sample:		4454.76 time, 4480.01 real, 8 MB, 55.44 load
[runlim] sample:		4464.70 time, 4490.01 real, 8 MB, 55.37 load
[runlim] sample:		4474.65 time, 4500.01 real, 8 MB, 55.54 load
[runlim] sample:		4484.59 time, 4510.01 real, 8 MB, 55.45 load
[runlim] sample:		4494.54 time, 4520.01 real, 8 MB, 55.46 load
[runlim] sample:		4504.48 time, 4530.01 real, 8 MB, 55.39 load
[runlim] sample:		4514.43 time, 4540.01 real, 8 MB, 55.33 load
[runlim] sample:		4524.37 time, 4550.01 real, 8 MB, 55.36 load
[runlim] sample:		4534.31 time, 4560.01 real, 8 MB, 55.30 load
[runlim] sample:		4544.26 time, 4570.01 real, 8 MB, 55.26 load
[runlim] sample:		4554.20 time, 4580.01 real, 8 MB, 55.37 load
[runlim] sample:		4564.14 time, 4590.01 real, 8 MB, 55.31 load
[runlim] sample:		4574.09 time, 4600.01 real, 8 MB, 55.42 load
[runlim] sample:		4584.03 time, 4610.01 real, 8 MB, 55.35 load
[runlim] sample:		4593.97 time, 4620.01 real, 8 MB, 55.30 load
[runlim] sample:		4603.91 time, 4630.01 real, 8 MB, 55.25 load
[runlim] sample:		4613.85 time, 4640.01 real, 8 MB, 55.29 load
[runlim] sample:		4623.79 time, 4650.01 real, 8 MB, 55.24 load
[runlim] sample:		4633.73 time, 4660.01 real, 8 MB, 55.20 load
[runlim] sample:		4643.68 time, 4670.01 real, 8 MB, 55.25 load
[runlim] sample:		4653.62 time, 4680.01 real, 8 MB, 55.29 load
[runlim] sample:		4663.56 time, 4690.01 real, 8 MB, 55.24 load
[runlim] sample:		4673.50 time, 4700.01 real, 8 MB, 55.28 load
[runlim] sample:		4683.44 time, 4710.01 real, 8 MB, 55.24 load
[runlim] sample:		4693.39 time, 4720.01 real, 8 MB, 55.20 load
[runlim] sample:		4703.33 time, 4730.01 real, 8 MB, 55.17 load
[runlim] sample:		4713.27 time, 4740.01 real, 8 MB, 55.14 load
[runlim] sample:		4723.22 time, 4750.01 real, 8 MB, 55.19 load
[runlim] sample:		4733.16 time, 4760.01 real, 8 MB, 55.24 load
[runlim] sample:		4743.11 time, 4770.01 real, 8 MB, 55.21 load
[runlim] sample:		4753.05 time, 4780.01 real, 8 MB, 55.17 load
[runlim] sample:		4763.00 time, 4790.01 real, 8 MB, 55.23 load
[runlim] sample:		4772.94 time, 4800.01 real, 8 MB, 55.19 load
[runlim] sample:		4782.89 time, 4810.01 real, 8 MB, 55.16 load
[runlim] sample:		4792.84 time, 4820.01 real, 8 MB, 55.22 load
[runlim] sample:		4802.79 time, 4830.01 real, 8 MB, 55.18 load
[runlim] sample:		4812.74 time, 4840.01 real, 8 MB, 55.15 load
[runlim] sample:		4822.68 time, 4850.01 real, 8 MB, 55.13 load
[runlim] sample:		4832.63 time, 4860.01 real, 8 MB, 55.11 load
[runlim] sample:		4842.58 time, 4870.01 real, 8 MB, 55.09 load
[runlim] sample:		4852.53 time, 4880.01 real, 8 MB, 55.16 load
[runlim] sample:		4862.48 time, 4890.01 real, 8 MB, 55.13 load
[runlim] sample:		4872.43 time, 4900.01 real, 8 MB, 55.11 load
[runlim] sample:		4882.38 time, 4910.01 real, 8 MB, 55.25 load
[runlim] sample:		4892.32 time, 4920.01 real, 8 MB, 55.21 load
[runlim] sample:		4902.27 time, 4930.01 real, 8 MB, 55.26 load
[runlim] sample:		4912.22 time, 4940.01 real, 8 MB, 55.30 load
[runlim] sample:		4922.17 time, 4950.01 real, 8 MB, 54.16 load
[runlim] sample:		4932.12 time, 4960.01 real, 8 MB, 51.97 load
[runlim] sample:		4942.07 time, 4970.01 real, 8 MB, 48.81 load
[runlim] sample:		4952.02 time, 4980.01 real, 8 MB, 44.99 load
[runlim] sample:		4961.97 time, 4990.01 real, 8 MB, 40.28 load
[runlim] sample:		4971.94 time, 5000.01 real, 8 MB, 34.85 load
[runlim] end:			Thu Apr  9 21:46:28 2026
[runlim] status:		out of time
[runlim] result:		2
[runlim] children:		1
[runlim] processes:		2
[runlim] real:			5000.05 seconds
[runlim] time:			4971.94 seconds
[runlim] space:			8 MB
[runlim] load:			59.61 maximum
[runlim] samples:		50000
