[runlim] version:		2.0.0rc1
[runlim] host:			o02n04
[runlim] time limit:		311040000 seconds
[runlim] real time limit:	5000 seconds
[runlim] space limit:		7000 MB
[runlim] argv[0]:		./binary
[runlim] argv[1]:		-c
[runlim] argv[2]:		-f
[runlim] argv[3]:		-s
[runlim] argv[4]:		-r
[runlim] argv[5]:		/tmp/local-unzipped-12459995-1-12-mc2025_track1_111.cnf
[runlim] start:			Thu Apr  9 20:22:15 2026
[runlim] child:			4109590
[runlim] sample:		9.94 time, 10.01 real, 71 MB, 4.05 load
[runlim] sample:		19.89 time, 20.01 real, 74 MB, 7.74 load
[runlim] sample:		29.83 time, 30.01 real, 76 MB, 12.33 load
[runlim] sample:		39.77 time, 40.01 real, 79 MB, 17.76 load
[runlim] sample:		49.71 time, 50.01 real, 81 MB, 24.04 load
[runlim] sample:		59.63 time, 60.01 real, 81 MB, 30.42 load
[runlim] sample:		69.55 time, 70.01 real, 83 MB, 35.96 load
[runlim] sample:		79.47 time, 80.01 real, 86 MB, 40.49 load
[runlim] sample:		89.38 time, 90.01 real, 86 MB, 44.18 load
[runlim] sample:		99.30 time, 100.01 real, 88 MB, 47.23 load
[runlim] sample:		109.23 time, 110.01 real, 88 MB, 50.45 load
[runlim] sample:		119.16 time, 120.01 real, 90 MB, 52.54 load
[runlim] sample:		129.09 time, 130.01 real, 90 MB, 54.15 load
[runlim] sample:		139.02 time, 140.01 real, 95 MB, 55.36 load
[runlim] sample:		148.96 time, 150.01 real, 95 MB, 56.30 load
[runlim] sample:		158.90 time, 160.01 real, 97 MB, 57.02 load
[runlim] sample:		168.83 time, 170.01 real, 97 MB, 57.79 load
[runlim] sample:		178.77 time, 180.01 real, 97 MB, 58.29 load
[runlim] sample:		188.71 time, 190.01 real, 100 MB, 58.55 load
[runlim] sample:		198.64 time, 200.01 real, 100 MB, 58.85 load
[runlim] sample:		208.58 time, 210.01 real, 102 MB, 58.87 load
[runlim] sample:		218.51 time, 220.01 real, 102 MB, 58.89 load
[runlim] sample:		228.45 time, 230.01 real, 102 MB, 59.07 load
[runlim] sample:		238.39 time, 240.01 real, 81 MB, 59.06 load
[runlim] sample:		248.32 time, 250.01 real, 86 MB, 59.56 load
[runlim] sample:		258.27 time, 260.01 real, 100 MB, 59.48 load
[runlim] sample:		268.21 time, 270.01 real, 107 MB, 59.48 load
[runlim] sample:		278.15 time, 280.01 real, 107 MB, 59.41 load
[runlim] sample:		288.09 time, 290.01 real, 107 MB, 59.50 load
[runlim] sample:		298.02 time, 300.01 real, 109 MB, 59.42 load
[runlim] sample:		307.96 time, 310.01 real, 109 MB, 59.36 load
[runlim] sample:		317.90 time, 320.01 real, 109 MB, 59.30 load
[runlim] sample:		327.85 time, 330.01 real, 112 MB, 59.26 load
[runlim] sample:		337.79 time, 340.01 real, 112 MB, 59.22 load
[runlim] sample:		347.72 time, 350.01 real, 112 MB, 59.18 load
[runlim] sample:		357.66 time, 360.01 real, 113 MB, 59.15 load
[runlim] sample:		367.59 time, 370.01 real, 114 MB, 59.13 load
[runlim] sample:		377.53 time, 380.01 real, 114 MB, 59.11 load
[runlim] sample:		387.46 time, 390.01 real, 114 MB, 59.09 load
[runlim] sample:		397.41 time, 400.01 real, 116 MB, 59.08 load
[runlim] sample:		407.34 time, 410.01 real, 116 MB, 59.06 load
[runlim] sample:		417.28 time, 420.01 real, 116 MB, 59.05 load
[runlim] sample:		427.22 time, 430.01 real, 116 MB, 59.13 load
[runlim] sample:		437.16 time, 440.01 real, 119 MB, 59.19 load
[runlim] sample:		447.09 time, 450.01 real, 119 MB, 59.16 load
[runlim] sample:		457.03 time, 460.01 real, 119 MB, 59.29 load
[runlim] sample:		466.97 time, 470.01 real, 119 MB, 59.25 load
[runlim] sample:		476.90 time, 480.01 real, 121 MB, 59.20 load
[runlim] sample:		486.84 time, 490.01 real, 121 MB, 59.18 load
[runlim] sample:		496.77 time, 500.01 real, 121 MB, 59.00 load
[runlim] sample:		506.68 time, 510.01 real, 121 MB, 59.05 load
[runlim] sample:		516.61 time, 520.01 real, 124 MB, 58.66 load
[runlim] sample:		526.53 time, 530.01 real, 125 MB, 58.25 load
[runlim] sample:		536.46 time, 540.01 real, 125 MB, 58.05 load
[runlim] sample:		546.40 time, 550.01 real, 125 MB, 57.89 load
[runlim] sample:		556.34 time, 560.01 real, 128 MB, 57.75 load
[runlim] sample:		566.27 time, 570.01 real, 128 MB, 57.48 load
[runlim] sample:		576.21 time, 580.01 real, 128 MB, 57.25 load
[runlim] sample:		586.14 time, 590.01 real, 128 MB, 57.06 load
[runlim] sample:		596.07 time, 600.01 real, 131 MB, 56.97 load
[runlim] sample:		606.01 time, 610.01 real, 131 MB, 56.90 load
[runlim] sample:		615.95 time, 620.01 real, 131 MB, 56.76 load
[runlim] sample:		625.88 time, 630.01 real, 131 MB, 56.64 load
[runlim] sample:		635.83 time, 640.01 real, 132 MB, 56.62 load
[runlim] sample:		645.77 time, 650.01 real, 133 MB, 56.52 load
[runlim] sample:		655.71 time, 660.01 real, 133 MB, 56.44 load
[runlim] sample:		665.64 time, 670.01 real, 133 MB, 56.54 load
[runlim] sample:		675.58 time, 680.01 real, 133 MB, 56.83 load
[runlim] sample:		685.51 time, 690.01 real, 135 MB, 56.70 load
[runlim] sample:		695.44 time, 700.01 real, 135 MB, 56.74 load
[runlim] sample:		705.38 time, 710.01 real, 135 MB, 56.63 load
[runlim] sample:		715.32 time, 720.01 real, 135 MB, 56.53 load
[runlim] sample:		725.25 time, 730.01 real, 135 MB, 56.53 load
[runlim] sample:		735.19 time, 740.01 real, 138 MB, 56.52 load
[runlim] sample:		745.13 time, 750.01 real, 138 MB, 56.44 load
[runlim] sample:		755.07 time, 760.01 real, 138 MB, 56.37 load
[runlim] sample:		765.00 time, 770.01 real, 138 MB, 56.39 load
[runlim] sample:		774.94 time, 780.01 real, 138 MB, 56.41 load
[runlim] sample:		784.87 time, 790.01 real, 140 MB, 56.34 load
[runlim] sample:		794.81 time, 800.01 real, 140 MB, 56.52 load
[runlim] sample:		804.74 time, 810.01 real, 140 MB, 56.44 load
[runlim] sample:		814.68 time, 820.01 real, 140 MB, 56.37 load
[runlim] sample:		824.62 time, 830.01 real, 140 MB, 56.39 load
[runlim] sample:		834.56 time, 840.01 real, 143 MB, 56.41 load
[runlim] sample:		844.49 time, 850.01 real, 143 MB, 56.34 load
[runlim] sample:		854.43 time, 860.01 real, 143 MB, 56.53 load
[runlim] sample:		864.37 time, 870.01 real, 143 MB, 56.44 load
[runlim] sample:		874.31 time, 880.01 real, 143 MB, 56.38 load
[runlim] sample:		884.25 time, 890.01 real, 145 MB, 56.48 load
[runlim] sample:		894.19 time, 900.01 real, 145 MB, 56.56 load
[runlim] sample:		904.13 time, 910.01 real, 145 MB, 56.63 load
[runlim] sample:		914.06 time, 920.01 real, 145 MB, 56.61 load
[runlim] sample:		924.00 time, 930.01 real, 145 MB, 56.51 load
[runlim] sample:		933.94 time, 940.01 real, 145 MB, 56.51 load
[runlim] sample:		943.87 time, 950.01 real, 147 MB, 56.50 load
[runlim] sample:		953.81 time, 960.01 real, 147 MB, 56.65 load
[runlim] sample:		963.75 time, 970.01 real, 147 MB, 56.55 load
[runlim] sample:		973.69 time, 980.01 real, 147 MB, 56.70 load
[runlim] sample:		983.63 time, 990.01 real, 147 MB, 56.67 load
[runlim] sample:		993.57 time, 1000.01 real, 150 MB, 56.80 load
[runlim] sample:		1003.50 time, 1010.01 real, 150 MB, 56.83 load
[runlim] sample:		1013.44 time, 1020.01 real, 150 MB, 56.93 load
[runlim] sample:		1023.38 time, 1030.01 real, 150 MB, 57.01 load
[runlim] sample:		1033.32 time, 1040.01 real, 150 MB, 57.09 load
[runlim] sample:		1043.26 time, 1050.01 real, 150 MB, 57.23 load
[runlim] sample:		1053.19 time, 1060.01 real, 152 MB, 57.19 load
[runlim] sample:		1063.13 time, 1070.01 real, 152 MB, 57.24 load
[runlim] sample:		1073.07 time, 1080.01 real, 152 MB, 57.36 load
[runlim] sample:		1083.01 time, 1090.01 real, 152 MB, 57.30 load
[runlim] sample:		1092.95 time, 1100.01 real, 152 MB, 57.40 load
[runlim] sample:		1102.89 time, 1110.01 real, 152 MB, 57.49 load
[runlim] sample:		1112.83 time, 1120.01 real, 155 MB, 57.41 load
[runlim] sample:		1122.77 time, 1130.01 real, 155 MB, 57.26 load
[runlim] sample:		1132.71 time, 1140.01 real, 155 MB, 57.14 load
[runlim] sample:		1142.65 time, 1150.01 real, 155 MB, 56.97 load
[runlim] sample:		1152.58 time, 1160.01 real, 155 MB, 56.82 load
[runlim] sample:		1162.52 time, 1170.01 real, 155 MB, 56.77 load
[runlim] sample:		1172.44 time, 1180.01 real, 157 MB, 56.65 load
[runlim] sample:		1182.38 time, 1190.01 real, 157 MB, 56.55 load
[runlim] sample:		1192.32 time, 1200.01 real, 157 MB, 56.47 load
[runlim] sample:		1202.25 time, 1210.01 real, 157 MB, 56.39 load
[runlim] sample:		1212.19 time, 1220.01 real, 157 MB, 56.33 load
[runlim] sample:		1222.13 time, 1230.01 real, 157 MB, 56.28 load
[runlim] sample:		1232.07 time, 1240.01 real, 160 MB, 56.31 load
[runlim] sample:		1242.00 time, 1250.01 real, 160 MB, 56.26 load
[runlim] sample:		1251.94 time, 1260.01 real, 160 MB, 56.30 load
[runlim] sample:		1261.88 time, 1270.01 real, 160 MB, 56.26 load
[runlim] sample:		1271.81 time, 1280.01 real, 160 MB, 56.22 load
[runlim] sample:		1281.75 time, 1290.01 real, 160 MB, 56.18 load
[runlim] sample:		1291.69 time, 1300.01 real, 161 MB, 56.38 load
[runlim] sample:		1301.62 time, 1310.01 real, 162 MB, 56.32 load
[runlim] sample:		1311.56 time, 1320.01 real, 162 MB, 56.27 load
[runlim] sample:		1321.49 time, 1330.01 real, 162 MB, 56.23 load
[runlim] sample:		1331.43 time, 1340.01 real, 162 MB, 56.19 load
[runlim] sample:		1341.37 time, 1350.01 real, 162 MB, 56.16 load
[runlim] sample:		1351.31 time, 1360.01 real, 162 MB, 56.14 load
[runlim] sample:		1361.24 time, 1370.01 real, 164 MB, 56.11 load
[runlim] sample:		1371.18 time, 1380.01 real, 164 MB, 56.10 load
[runlim] sample:		1381.12 time, 1390.01 real, 164 MB, 56.08 load
[runlim] sample:		1391.05 time, 1400.01 real, 164 MB, 56.14 load
[runlim] sample:		1400.99 time, 1410.01 real, 164 MB, 56.19 load
[runlim] sample:		1410.92 time, 1420.01 real, 164 MB, 56.16 load
[runlim] sample:		1420.86 time, 1430.01 real, 164 MB, 56.14 load
[runlim] sample:		1430.79 time, 1440.01 real, 167 MB, 56.12 load
[runlim] sample:		1440.73 time, 1450.01 real, 167 MB, 56.10 load
[runlim] sample:		1450.66 time, 1460.01 real, 167 MB, 56.16 load
[runlim] sample:		1460.60 time, 1470.01 real, 167 MB, 56.14 load
[runlim] sample:		1470.53 time, 1480.01 real, 167 MB, 56.26 load
[runlim] sample:		1480.47 time, 1490.01 real, 167 MB, 56.22 load
[runlim] sample:		1490.41 time, 1500.01 real, 167 MB, 56.19 load
[runlim] sample:		1500.34 time, 1510.01 real, 169 MB, 56.16 load
[runlim] sample:		1510.27 time, 1520.01 real, 169 MB, 56.21 load
[runlim] sample:		1520.21 time, 1530.01 real, 169 MB, 56.17 load
[runlim] sample:		1530.14 time, 1540.01 real, 169 MB, 56.30 load
[runlim] sample:		1540.08 time, 1550.01 real, 169 MB, 56.33 load
[runlim] sample:		1550.01 time, 1560.01 real, 169 MB, 56.20 load
[runlim] sample:		1559.95 time, 1570.01 real, 169 MB, 56.01 load
[runlim] sample:		1569.89 time, 1580.01 real, 171 MB, 55.86 load
[runlim] sample:		1579.82 time, 1590.01 real, 171 MB, 55.88 load
[runlim] sample:		1589.76 time, 1600.01 real, 171 MB, 55.74 load
[runlim] sample:		1599.69 time, 1610.01 real, 171 MB, 55.63 load
[runlim] sample:		1609.63 time, 1620.01 real, 171 MB, 55.53 load
[runlim] sample:		1619.57 time, 1630.01 real, 171 MB, 55.45 load
[runlim] sample:		1629.50 time, 1640.01 real, 171 MB, 55.46 load
[runlim] sample:		1639.44 time, 1650.01 real, 174 MB, 55.39 load
[runlim] sample:		1649.37 time, 1660.01 real, 174 MB, 55.33 load
[runlim] sample:		1659.31 time, 1670.01 real, 174 MB, 55.28 load
[runlim] sample:		1669.25 time, 1680.01 real, 174 MB, 55.32 load
[runlim] sample:		1679.18 time, 1690.01 real, 174 MB, 55.35 load
[runlim] sample:		1689.12 time, 1700.01 real, 174 MB, 55.29 load
[runlim] sample:		1699.06 time, 1710.01 real, 174 MB, 55.32 load
[runlim] sample:		1709.00 time, 1720.01 real, 174 MB, 55.27 load
[runlim] sample:		1718.94 time, 1730.01 real, 176 MB, 55.23 load
[runlim] sample:		1728.87 time, 1740.01 real, 176 MB, 55.19 load
[runlim] sample:		1738.81 time, 1750.01 real, 176 MB, 55.16 load
[runlim] sample:		1748.75 time, 1760.01 real, 176 MB, 55.14 load
[runlim] sample:		1758.69 time, 1770.01 real, 176 MB, 55.28 load
[runlim] sample:		1768.63 time, 1780.01 real, 176 MB, 55.23 load
[runlim] sample:		1778.57 time, 1790.01 real, 176 MB, 55.20 load
[runlim] sample:		1788.51 time, 1800.01 real, 178 MB, 55.24 load
[runlim] sample:		1798.45 time, 1810.01 real, 178 MB, 55.20 load
[runlim] sample:		1808.39 time, 1820.01 real, 178 MB, 55.17 load
[runlim] sample:		1818.33 time, 1830.01 real, 178 MB, 55.14 load
[runlim] sample:		1828.27 time, 1840.01 real, 178 MB, 55.20 load
[runlim] sample:		1838.21 time, 1850.01 real, 178 MB, 55.17 load
[runlim] sample:		1848.15 time, 1860.01 real, 178 MB, 55.14 load
[runlim] sample:		1858.09 time, 1870.01 real, 178 MB, 55.12 load
[runlim] sample:		1868.03 time, 1880.01 real, 181 MB, 55.10 load
[runlim] sample:		1877.97 time, 1890.01 real, 181 MB, 55.09 load
[runlim] sample:		1887.91 time, 1900.01 real, 181 MB, 55.07 load
[runlim] sample:		1897.85 time, 1910.01 real, 181 MB, 55.14 load
[runlim] sample:		1907.79 time, 1920.01 real, 181 MB, 55.11 load
[runlim] sample:		1917.73 time, 1930.01 real, 181 MB, 55.10 load
[runlim] sample:		1927.67 time, 1940.01 real, 181 MB, 55.08 load
[runlim] sample:		1937.61 time, 1950.01 real, 181 MB, 55.07 load
[runlim] sample:		1947.55 time, 1960.01 real, 184 MB, 55.21 load
[runlim] sample:		1957.49 time, 1970.01 real, 184 MB, 55.18 load
[runlim] sample:		1967.43 time, 1980.01 real, 184 MB, 55.23 load
[runlim] sample:		1977.37 time, 1990.01 real, 184 MB, 55.20 load
[runlim] sample:		1987.31 time, 2000.01 real, 184 MB, 55.16 load
[runlim] sample:		1997.25 time, 2010.01 real, 184 MB, 55.30 load
[runlim] sample:		2007.19 time, 2020.01 real, 184 MB, 55.40 load
[runlim] sample:		2017.13 time, 2030.01 real, 184 MB, 55.34 load
[runlim] sample:		2027.07 time, 2040.01 real, 186 MB, 55.29 load
[runlim] sample:		2037.01 time, 2050.01 real, 186 MB, 55.46 load
[runlim] sample:		2046.95 time, 2060.01 real, 186 MB, 55.39 load
[runlim] sample:		2056.89 time, 2070.01 real, 186 MB, 55.33 load
[runlim] sample:		2066.83 time, 2080.01 real, 186 MB, 55.28 load
[runlim] sample:		2076.77 time, 2090.01 real, 186 MB, 55.32 load
[runlim] sample:		2086.71 time, 2100.01 real, 186 MB, 55.27 load
[runlim] sample:		2096.65 time, 2110.01 real, 186 MB, 55.23 load
[runlim] sample:		2106.59 time, 2120.01 real, 188 MB, 55.35 load
[runlim] sample:		2116.53 time, 2130.01 real, 188 MB, 55.69 load
[runlim] sample:		2126.47 time, 2140.01 real, 188 MB, 55.58 load
[runlim] sample:		2136.40 time, 2150.01 real, 188 MB, 55.49 load
[runlim] sample:		2146.34 time, 2160.01 real, 188 MB, 55.41 load
[runlim] sample:		2156.28 time, 2170.01 real, 188 MB, 55.35 load
[runlim] sample:		2166.22 time, 2180.01 real, 188 MB, 55.30 load
[runlim] sample:		2176.16 time, 2190.01 real, 188 MB, 55.25 load
[runlim] sample:		2186.10 time, 2200.01 real, 191 MB, 55.21 load
[runlim] sample:		2196.03 time, 2210.01 real, 191 MB, 55.18 load
[runlim] sample:		2205.97 time, 2220.01 real, 191 MB, 55.15 load
[runlim] sample:		2215.91 time, 2230.01 real, 191 MB, 55.13 load
[runlim] sample:		2225.85 time, 2240.01 real, 191 MB, 55.11 load
[runlim] sample:		2235.79 time, 2250.01 real, 191 MB, 55.09 load
[runlim] sample:		2245.73 time, 2260.01 real, 191 MB, 55.08 load
[runlim] sample:		2255.66 time, 2270.01 real, 191 MB, 55.06 load
[runlim] sample:		2265.60 time, 2280.01 real, 193 MB, 55.05 load
[runlim] sample:		2275.53 time, 2290.01 real, 193 MB, 55.04 load
[runlim] sample:		2285.47 time, 2300.01 real, 193 MB, 55.04 load
[runlim] sample:		2295.40 time, 2310.01 real, 193 MB, 55.11 load
[runlim] sample:		2305.34 time, 2320.01 real, 193 MB, 55.09 load
[runlim] sample:		2315.28 time, 2330.01 real, 193 MB, 55.07 load
[runlim] sample:		2325.21 time, 2340.01 real, 193 MB, 55.06 load
[runlim] sample:		2335.15 time, 2350.01 real, 193 MB, 55.05 load
[runlim] sample:		2345.09 time, 2360.01 real, 195 MB, 55.04 load
[runlim] sample:		2355.02 time, 2370.01 real, 195 MB, 55.11 load
[runlim] sample:		2364.96 time, 2380.01 real, 195 MB, 55.09 load
[runlim] sample:		2374.89 time, 2390.01 real, 195 MB, 55.08 load
[runlim] sample:		2384.83 time, 2400.01 real, 195 MB, 55.07 load
[runlim] sample:		2394.77 time, 2410.01 real, 195 MB, 55.06 load
[runlim] sample:		2404.70 time, 2420.01 real, 195 MB, 55.05 load
[runlim] sample:		2414.64 time, 2430.01 real, 195 MB, 55.04 load
[runlim] sample:		2424.57 time, 2440.01 real, 195 MB, 55.03 load
[runlim] sample:		2434.51 time, 2450.01 real, 198 MB, 55.11 load
[runlim] sample:		2444.45 time, 2460.01 real, 198 MB, 55.17 load
[runlim] sample:		2454.39 time, 2470.01 real, 198 MB, 55.14 load
[runlim] sample:		2464.32 time, 2480.01 real, 198 MB, 55.20 load
[runlim] sample:		2474.26 time, 2490.01 real, 198 MB, 55.17 load
[runlim] sample:		2484.19 time, 2500.01 real, 198 MB, 55.38 load
[runlim] sample:		2494.13 time, 2510.01 real, 198 MB, 55.33 load
[runlim] sample:		2504.06 time, 2520.01 real, 198 MB, 55.35 load
[runlim] sample:		2513.99 time, 2530.01 real, 198 MB, 55.29 load
[runlim] sample:		2523.93 time, 2540.01 real, 200 MB, 55.25 load
[runlim] sample:		2533.87 time, 2550.01 real, 200 MB, 55.28 load
[runlim] sample:		2543.81 time, 2560.01 real, 200 MB, 55.32 load
[runlim] sample:		2553.75 time, 2570.01 real, 200 MB, 55.35 load
[runlim] sample:		2563.68 time, 2580.01 real, 200 MB, 55.37 load
[runlim] sample:		2573.62 time, 2590.01 real, 200 MB, 55.39 load
[runlim] sample:		2583.55 time, 2600.01 real, 200 MB, 55.33 load
[runlim] sample:		2593.49 time, 2610.01 real, 200 MB, 55.28 load
[runlim] sample:		2603.42 time, 2620.01 real, 200 MB, 55.32 load
[runlim] sample:		2613.35 time, 2630.01 real, 203 MB, 55.34 load
[runlim] sample:		2623.29 time, 2640.01 real, 203 MB, 55.29 load
[runlim] sample:		2633.22 time, 2650.01 real, 203 MB, 55.24 load
[runlim] sample:		2643.16 time, 2660.01 real, 203 MB, 55.21 load
[runlim] sample:		2653.10 time, 2670.01 real, 203 MB, 55.25 load
[runlim] sample:		2663.03 time, 2680.01 real, 203 MB, 55.22 load
[runlim] sample:		2672.97 time, 2690.01 real, 203 MB, 55.26 load
[runlim] sample:		2682.90 time, 2700.01 real, 203 MB, 55.38 load
[runlim] sample:		2692.84 time, 2710.01 real, 203 MB, 55.32 load
[runlim] sample:		2702.77 time, 2720.01 real, 205 MB, 55.27 load
[runlim] sample:		2712.71 time, 2730.01 real, 205 MB, 55.23 load
[runlim] sample:		2722.64 time, 2740.01 real, 205 MB, 55.19 load
[runlim] sample:		2732.57 time, 2750.01 real, 205 MB, 55.16 load
[runlim] sample:		2742.51 time, 2760.01 real, 205 MB, 55.14 load
[runlim] sample:		2752.44 time, 2770.01 real, 205 MB, 55.11 load
[runlim] sample:		2762.38 time, 2780.01 real, 205 MB, 55.10 load
[runlim] sample:		2772.31 time, 2790.01 real, 205 MB, 55.08 load
[runlim] sample:		2782.24 time, 2800.01 real, 205 MB, 55.07 load
[runlim] sample:		2792.18 time, 2810.01 real, 207 MB, 55.06 load
[runlim] sample:		2802.11 time, 2820.01 real, 207 MB, 55.05 load
[runlim] sample:		2812.05 time, 2830.01 real, 207 MB, 55.04 load
[runlim] sample:		2821.98 time, 2840.01 real, 207 MB, 55.03 load
[runlim] sample:		2831.92 time, 2850.01 real, 207 MB, 55.10 load
[runlim] sample:		2841.85 time, 2860.01 real, 207 MB, 55.09 load
[runlim] sample:		2851.79 time, 2870.01 real, 207 MB, 55.07 load
[runlim] sample:		2861.72 time, 2880.01 real, 207 MB, 55.14 load
[runlim] sample:		2871.66 time, 2890.01 real, 207 MB, 55.12 load
[runlim] sample:		2881.60 time, 2900.01 real, 209 MB, 55.10 load
[runlim] sample:		2891.53 time, 2910.01 real, 210 MB, 55.16 load
[runlim] sample:		2901.46 time, 2920.01 real, 210 MB, 55.14 load
[runlim] sample:		2911.39 time, 2930.01 real, 210 MB, 55.12 load
[runlim] sample:		2921.33 time, 2940.01 real, 210 MB, 55.10 load
[runlim] sample:		2931.26 time, 2950.01 real, 210 MB, 55.08 load
[runlim] sample:		2941.20 time, 2960.01 real, 210 MB, 55.15 load
[runlim] sample:		2951.13 time, 2970.01 real, 210 MB, 55.21 load
[runlim] sample:		2961.06 time, 2980.01 real, 210 MB, 55.26 load
[runlim] sample:		2970.99 time, 2990.01 real, 210 MB, 55.22 load
[runlim] sample:		2980.92 time, 3000.01 real, 212 MB, 55.26 load
[runlim] sample:		2990.86 time, 3010.01 real, 212 MB, 55.30 load
[runlim] sample:		3000.79 time, 3020.01 real, 212 MB, 55.33 load
[runlim] sample:		3010.73 time, 3030.01 real, 212 MB, 55.28 load
[runlim] sample:		3020.67 time, 3040.01 real, 212 MB, 55.24 load
[runlim] sample:		3030.60 time, 3050.01 real, 212 MB, 55.35 load
[runlim] sample:		3040.53 time, 3060.01 real, 212 MB, 55.46 load
[runlim] sample:		3050.47 time, 3070.01 real, 212 MB, 55.39 load
[runlim] sample:		3060.40 time, 3080.01 real, 212 MB, 55.33 load
[runlim] sample:		3070.33 time, 3090.01 real, 212 MB, 55.36 load
[runlim] sample:		3080.26 time, 3100.01 real, 215 MB, 55.30 load
[runlim] sample:		3090.19 time, 3110.01 real, 215 MB, 55.26 load
[runlim] sample:		3100.13 time, 3120.01 real, 215 MB, 55.30 load
[runlim] sample:		3110.06 time, 3130.01 real, 215 MB, 55.33 load
[runlim] sample:		3119.99 time, 3140.01 real, 215 MB, 55.27 load
[runlim] sample:		3129.93 time, 3150.01 real, 215 MB, 55.23 load
[runlim] sample:		3139.86 time, 3160.01 real, 215 MB, 55.20 load
[runlim] sample:		3149.79 time, 3170.01 real, 215 MB, 55.24 load
[runlim] sample:		3159.73 time, 3180.01 real, 215 MB, 55.52 load
[runlim] sample:		3169.66 time, 3190.01 real, 215 MB, 55.44 load
[runlim] sample:		3179.59 time, 3200.01 real, 217 MB, 55.37 load
[runlim] sample:		3189.52 time, 3210.01 real, 217 MB, 55.39 load
[runlim] sample:		3199.46 time, 3220.01 real, 217 MB, 55.33 load
[runlim] sample:		3209.39 time, 3230.01 real, 217 MB, 55.28 load
[runlim] sample:		3219.33 time, 3240.01 real, 217 MB, 55.40 load
[runlim] sample:		3229.26 time, 3250.01 real, 217 MB, 55.33 load
[runlim] sample:		3239.20 time, 3260.01 real, 217 MB, 55.28 load
[runlim] sample:		3249.13 time, 3270.01 real, 217 MB, 55.24 load
[runlim] sample:		3259.07 time, 3280.01 real, 217 MB, 55.20 load
[runlim] sample:		3269.00 time, 3290.01 real, 217 MB, 55.17 load
[runlim] sample:		3278.94 time, 3300.01 real, 219 MB, 55.14 load
[runlim] sample:		3288.88 time, 3310.01 real, 219 MB, 55.12 load
[runlim] sample:		3298.81 time, 3320.01 real, 219 MB, 55.10 load
[runlim] sample:		3308.75 time, 3330.01 real, 219 MB, 55.09 load
[runlim] sample:		3318.69 time, 3340.01 real, 219 MB, 55.07 load
[runlim] sample:		3328.62 time, 3350.01 real, 219 MB, 55.06 load
[runlim] sample:		3338.55 time, 3360.01 real, 219 MB, 55.13 load
[runlim] sample:		3348.49 time, 3370.01 real, 219 MB, 55.27 load
[runlim] sample:		3358.42 time, 3380.01 real, 219 MB, 55.22 load
[runlim] sample:		3368.35 time, 3390.01 real, 219 MB, 55.19 load
[runlim] sample:		3378.28 time, 3400.01 real, 222 MB, 55.16 load
[runlim] sample:		3388.22 time, 3410.01 real, 222 MB, 55.21 load
[runlim] sample:		3398.15 time, 3420.01 real, 222 MB, 55.26 load
[runlim] sample:		3408.09 time, 3430.01 real, 222 MB, 55.22 load
[runlim] sample:		3418.02 time, 3440.01 real, 222 MB, 55.18 load
[runlim] sample:		3427.96 time, 3450.01 real, 222 MB, 55.15 load
[runlim] sample:		3437.91 time, 3460.01 real, 222 MB, 55.21 load
[runlim] sample:		3447.84 time, 3470.01 real, 222 MB, 55.18 load
[runlim] sample:		3457.78 time, 3480.01 real, 222 MB, 55.31 load
[runlim] sample:		3467.71 time, 3490.01 real, 222 MB, 55.26 load
[runlim] sample:		3477.64 time, 3500.01 real, 223 MB, 55.30 load
[runlim] sample:		3487.57 time, 3510.01 real, 224 MB, 55.26 load
[runlim] sample:		3497.51 time, 3520.01 real, 224 MB, 55.29 load
[runlim] sample:		3507.44 time, 3530.01 real, 224 MB, 55.47 load
[runlim] sample:		3517.37 time, 3540.01 real, 224 MB, 55.47 load
[runlim] sample:		3527.31 time, 3550.01 real, 224 MB, 55.48 load
[runlim] sample:		3537.24 time, 3560.01 real, 224 MB, 55.40 load
[runlim] sample:		3547.18 time, 3570.01 real, 224 MB, 55.34 load
[runlim] sample:		3557.12 time, 3580.01 real, 224 MB, 55.29 load
[runlim] sample:		3567.05 time, 3590.01 real, 224 MB, 55.32 load
[runlim] sample:		3576.98 time, 3600.01 real, 224 MB, 55.27 load
[runlim] sample:		3586.92 time, 3610.01 real, 226 MB, 55.31 load
[runlim] sample:		3596.86 time, 3620.01 real, 226 MB, 55.26 load
[runlim] sample:		3606.79 time, 3630.01 real, 226 MB, 55.29 load
[runlim] sample:		3616.72 time, 3640.01 real, 226 MB, 55.25 load
[runlim] sample:		3626.66 time, 3650.01 real, 226 MB, 55.21 load
[runlim] sample:		3636.59 time, 3660.01 real, 226 MB, 55.18 load
[runlim] sample:		3646.53 time, 3670.01 real, 226 MB, 55.23 load
[runlim] sample:		3656.47 time, 3680.01 real, 226 MB, 55.19 load
[runlim] sample:		3666.40 time, 3690.01 real, 226 MB, 55.16 load
[runlim] sample:		3676.34 time, 3700.01 real, 226 MB, 55.14 load
[runlim] sample:		3686.27 time, 3710.01 real, 227 MB, 55.12 load
[runlim] sample:		3696.21 time, 3720.01 real, 228 MB, 55.10 load
[runlim] sample:		3706.15 time, 3730.01 real, 228 MB, 55.24 load
[runlim] sample:		3716.08 time, 3740.01 real, 228 MB, 55.20 load
[runlim] sample:		3726.02 time, 3750.01 real, 228 MB, 55.17 load
[runlim] sample:		3735.96 time, 3760.01 real, 228 MB, 55.15 load
[runlim] sample:		3745.89 time, 3770.01 real, 228 MB, 55.20 load
[runlim] sample:		3755.83 time, 3780.01 real, 228 MB, 55.25 load
[runlim] sample:		3765.76 time, 3790.01 real, 228 MB, 55.21 load
[runlim] sample:		3775.70 time, 3800.01 real, 228 MB, 55.26 load
[runlim] sample:		3785.63 time, 3810.01 real, 228 MB, 55.22 load
[runlim] sample:		3795.57 time, 3820.01 real, 230 MB, 55.18 load
[runlim] sample:		3805.50 time, 3830.01 real, 231 MB, 55.15 load
[runlim] sample:		3815.44 time, 3840.01 real, 231 MB, 55.13 load
[runlim] sample:		3825.37 time, 3850.01 real, 231 MB, 55.18 load
[runlim] sample:		3835.31 time, 3860.01 real, 231 MB, 55.23 load
[runlim] sample:		3845.24 time, 3870.01 real, 231 MB, 55.20 load
[runlim] sample:		3855.18 time, 3880.01 real, 231 MB, 55.17 load
[runlim] sample:		3865.12 time, 3890.01 real, 231 MB, 55.14 load
[runlim] sample:		3875.05 time, 3900.01 real, 231 MB, 55.12 load
[runlim] sample:		3884.99 time, 3910.01 real, 231 MB, 55.10 load
[runlim] sample:		3894.92 time, 3920.01 real, 231 MB, 55.16 load
[runlim] sample:		3904.85 time, 3930.01 real, 231 MB, 55.14 load
[runlim] sample:		3914.79 time, 3940.01 real, 234 MB, 55.12 load
[runlim] sample:		3924.73 time, 3950.01 real, 234 MB, 55.10 load
[runlim] sample:		3934.66 time, 3960.01 real, 234 MB, 55.16 load
[runlim] sample:		3944.60 time, 3970.01 real, 234 MB, 55.14 load
[runlim] sample:		3954.54 time, 3980.01 real, 234 MB, 55.20 load
[runlim] sample:		3964.47 time, 3990.01 real, 234 MB, 55.17 load
[runlim] sample:		3974.41 time, 4000.01 real, 234 MB, 55.14 load
[runlim] sample:		3984.34 time, 4010.01 real, 234 MB, 55.20 load
[runlim] sample:		3994.27 time, 4020.01 real, 234 MB, 55.24 load
[runlim] sample:		4004.21 time, 4030.01 real, 234 MB, 55.20 load
[runlim] sample:		4014.14 time, 4040.01 real, 234 MB, 55.17 load
[runlim] sample:		4024.07 time, 4050.01 real, 234 MB, 55.37 load
[runlim] sample:		4034.01 time, 4060.01 real, 237 MB, 55.31 load
[runlim] sample:		4043.94 time, 4070.01 real, 237 MB, 55.34 load
[runlim] sample:		4053.88 time, 4080.01 real, 237 MB, 55.28 load
[runlim] sample:		4063.82 time, 4090.01 real, 237 MB, 55.24 load
[runlim] sample:		4073.75 time, 4100.01 real, 237 MB, 55.20 load
[runlim] sample:		4083.68 time, 4110.01 real, 237 MB, 55.24 load
[runlim] sample:		4093.62 time, 4120.01 real, 237 MB, 55.29 load
[runlim] sample:		4103.55 time, 4130.01 real, 237 MB, 55.32 load
[runlim] sample:		4113.48 time, 4140.01 real, 237 MB, 55.27 load
[runlim] sample:		4123.42 time, 4150.01 real, 237 MB, 55.23 load
[runlim] sample:		4133.35 time, 4160.01 real, 237 MB, 55.19 load
[runlim] sample:		4143.28 time, 4170.01 real, 237 MB, 55.39 load
[runlim] sample:		4153.21 time, 4180.01 real, 239 MB, 55.41 load
[runlim] sample:		4163.16 time, 4190.01 real, 239 MB, 55.35 load
[runlim] sample:		4173.09 time, 4200.01 real, 239 MB, 55.29 load
[runlim] sample:		4183.03 time, 4210.01 real, 239 MB, 55.25 load
[runlim] sample:		4192.97 time, 4220.01 real, 239 MB, 55.21 load
[runlim] sample:		4202.90 time, 4230.01 real, 239 MB, 55.25 load
[runlim] sample:		4212.84 time, 4240.01 real, 239 MB, 55.21 load
[runlim] sample:		4222.77 time, 4250.01 real, 239 MB, 55.18 load
[runlim] sample:		4232.71 time, 4260.01 real, 239 MB, 55.15 load
[runlim] sample:		4242.64 time, 4270.01 real, 239 MB, 55.13 load
[runlim] sample:		4252.58 time, 4280.01 real, 239 MB, 55.11 load
[runlim] sample:		4262.51 time, 4290.01 real, 239 MB, 55.09 load
[runlim] sample:		4272.44 time, 4300.01 real, 241 MB, 55.08 load
[runlim] sample:		4282.37 time, 4310.01 real, 241 MB, 55.14 load
[runlim] sample:		4292.31 time, 4320.01 real, 241 MB, 55.12 load
[runlim] sample:		4302.24 time, 4330.01 real, 241 MB, 55.17 load
[runlim] sample:		4312.18 time, 4340.01 real, 241 MB, 55.14 load
[runlim] sample:		4322.11 time, 4350.01 real, 241 MB, 55.12 load
[runlim] sample:		4332.05 time, 4360.01 real, 241 MB, 55.10 load
[runlim] sample:		4341.98 time, 4370.01 real, 241 MB, 55.16 load
[runlim] sample:		4351.91 time, 4380.01 real, 241 MB, 55.14 load
[runlim] sample:		4361.84 time, 4390.01 real, 241 MB, 55.11 load
[runlim] sample:		4371.78 time, 4400.01 real, 241 MB, 55.10 load
[runlim] sample:		4381.71 time, 4410.01 real, 241 MB, 55.08 load
[runlim] sample:		4391.64 time, 4420.01 real, 244 MB, 55.07 load
[runlim] sample:		4401.58 time, 4430.01 real, 244 MB, 55.13 load
[runlim] sample:		4411.51 time, 4440.01 real, 244 MB, 55.11 load
[runlim] sample:		4421.44 time, 4450.01 real, 244 MB, 55.09 load
[runlim] sample:		4431.37 time, 4460.01 real, 244 MB, 55.16 load
[runlim] sample:		4441.31 time, 4470.01 real, 244 MB, 55.13 load
[runlim] sample:		4451.24 time, 4480.01 real, 244 MB, 55.19 load
[runlim] sample:		4461.17 time, 4490.01 real, 244 MB, 55.16 load
[runlim] sample:		4471.11 time, 4500.01 real, 244 MB, 55.21 load
[runlim] sample:		4481.04 time, 4510.01 real, 244 MB, 55.33 load
[runlim] sample:		4490.97 time, 4520.01 real, 244 MB, 55.44 load
[runlim] sample:		4500.89 time, 4530.01 real, 244 MB, 55.44 load
[runlim] sample:		4510.83 time, 4540.01 real, 246 MB, 55.37 load
[runlim] sample:		4520.76 time, 4550.01 real, 246 MB, 55.54 load
[runlim] sample:		4530.69 time, 4560.01 real, 246 MB, 55.45 load
[runlim] sample:		4540.63 time, 4570.01 real, 246 MB, 55.46 load
[runlim] sample:		4550.56 time, 4580.01 real, 246 MB, 55.39 load
[runlim] sample:		4560.50 time, 4590.01 real, 246 MB, 55.33 load
[runlim] sample:		4570.43 time, 4600.01 real, 246 MB, 55.36 load
[runlim] sample:		4580.37 time, 4610.01 real, 246 MB, 55.30 load
[runlim] sample:		4590.30 time, 4620.01 real, 246 MB, 55.26 load
[runlim] sample:		4600.23 time, 4630.01 real, 246 MB, 55.37 load
[runlim] sample:		4610.17 time, 4640.01 real, 246 MB, 55.31 load
[runlim] sample:		4620.10 time, 4650.01 real, 246 MB, 55.42 load
[runlim] sample:		4630.03 time, 4660.01 real, 246 MB, 55.35 load
[runlim] sample:		4639.96 time, 4670.01 real, 248 MB, 55.30 load
[runlim] sample:		4649.90 time, 4680.01 real, 248 MB, 55.25 load
[runlim] sample:		4659.83 time, 4690.01 real, 248 MB, 55.29 load
[runlim] sample:		4669.76 time, 4700.01 real, 248 MB, 55.24 load
[runlim] sample:		4679.70 time, 4710.01 real, 248 MB, 55.20 load
[runlim] sample:		4689.63 time, 4720.01 real, 248 MB, 55.25 load
[runlim] sample:		4699.56 time, 4730.01 real, 248 MB, 55.29 load
[runlim] sample:		4709.49 time, 4740.01 real, 248 MB, 55.24 load
[runlim] sample:		4719.43 time, 4750.01 real, 248 MB, 55.28 load
[runlim] sample:		4729.36 time, 4760.01 real, 248 MB, 55.24 load
[runlim] sample:		4739.29 time, 4770.01 real, 248 MB, 55.20 load
[runlim] sample:		4749.23 time, 4780.01 real, 248 MB, 55.17 load
[runlim] sample:		4759.16 time, 4790.01 real, 250 MB, 55.14 load
[runlim] sample:		4769.10 time, 4800.01 real, 250 MB, 55.19 load
[runlim] sample:		4779.03 time, 4810.01 real, 250 MB, 55.24 load
[runlim] sample:		4788.97 time, 4820.01 real, 250 MB, 55.21 load
[runlim] sample:		4798.90 time, 4830.01 real, 250 MB, 55.17 load
[runlim] sample:		4808.84 time, 4840.01 real, 250 MB, 55.23 load
[runlim] sample:		4818.77 time, 4850.01 real, 250 MB, 55.19 load
[runlim] sample:		4828.71 time, 4860.01 real, 250 MB, 55.16 load
[runlim] sample:		4838.64 time, 4870.01 real, 250 MB, 55.22 load
[runlim] sample:		4848.58 time, 4880.01 real, 250 MB, 55.18 load
[runlim] sample:		4858.52 time, 4890.01 real, 250 MB, 55.15 load
[runlim] sample:		4868.45 time, 4900.01 real, 250 MB, 55.13 load
[runlim] sample:		4878.39 time, 4910.01 real, 250 MB, 55.11 load
[runlim] sample:		4888.32 time, 4920.01 real, 253 MB, 55.09 load
[runlim] sample:		4898.26 time, 4930.01 real, 253 MB, 55.16 load
[runlim] sample:		4908.20 time, 4940.01 real, 253 MB, 55.13 load
[runlim] sample:		4918.14 time, 4950.01 real, 253 MB, 55.11 load
[runlim] sample:		4928.07 time, 4960.01 real, 253 MB, 55.25 load
[runlim] sample:		4938.01 time, 4970.01 real, 253 MB, 55.21 load
[runlim] sample:		4947.94 time, 4980.01 real, 253 MB, 55.26 load
[runlim] sample:		4957.88 time, 4990.01 real, 253 MB, 55.30 load
[runlim] sample:		4967.81 time, 5000.01 real, 253 MB, 54.16 load
[runlim] end:			Thu Apr  9 21:45:35 2026
[runlim] status:		out of time
[runlim] result:		2
[runlim] children:		1
[runlim] processes:		2
[runlim] real:			5000.05 seconds
[runlim] time:			4967.81 seconds
[runlim] space:			272 MB
[runlim] load:			59.61 maximum
[runlim] samples:		50000
