[runlim] version:		2.0.0rc1
[runlim] host:			o02n06
[runlim] time limit:		311040000 seconds
[runlim] real time limit:	5000 seconds
[runlim] space limit:		7000 MB
[runlim] argv[0]:		./binary
[runlim] argv[1]:		-c
[runlim] argv[2]:		-f
[runlim] argv[3]:		-s
[runlim] argv[4]:		-r
[runlim] argv[5]:		/tmp/local-unzipped-12459995-2-73-mc2025_track1_143.cnf
[runlim] start:			Thu Apr  9 20:22:12 2026
[runlim] child:			1811020
[runlim] sample:		9.95 time, 10.01 real, 5 MB, 2.37 load
[runlim] sample:		19.90 time, 20.01 real, 5 MB, 5.33 load
[runlim] sample:		29.85 time, 30.01 real, 5 MB, 9.37 load
[runlim] sample:		39.79 time, 40.01 real, 5 MB, 13.08 load
[runlim] sample:		49.74 time, 50.01 real, 5 MB, 16.06 load
[runlim] sample:		59.69 time, 60.01 real, 5 MB, 18.59 load
[runlim] sample:		69.64 time, 70.01 real, 5 MB, 20.65 load
[runlim] sample:		79.59 time, 80.01 real, 5 MB, 22.39 load
[runlim] sample:		89.54 time, 90.01 real, 5 MB, 23.71 load
[runlim] sample:		99.49 time, 100.01 real, 5 MB, 24.83 load
[runlim] sample:		109.44 time, 110.01 real, 5 MB, 25.78 load
[runlim] sample:		119.38 time, 120.01 real, 5 MB, 26.66 load
[runlim] sample:		129.33 time, 130.01 real, 5 MB, 27.33 load
[runlim] sample:		139.28 time, 140.01 real, 5 MB, 27.89 load
[runlim] sample:		149.23 time, 150.01 real, 5 MB, 28.37 load
[runlim] sample:		159.17 time, 160.01 real, 5 MB, 28.77 load
[runlim] sample:		169.12 time, 170.01 real, 5 MB, 29.12 load
[runlim] sample:		179.06 time, 180.01 real, 5 MB, 29.48 load
[runlim] sample:		189.01 time, 190.01 real, 5 MB, 29.71 load
[runlim] sample:		198.95 time, 200.01 real, 5 MB, 29.91 load
[runlim] sample:		208.90 time, 210.01 real, 5 MB, 30.08 load
[runlim] sample:		218.84 time, 220.01 real, 5 MB, 30.22 load
[runlim] sample:		228.79 time, 230.01 real, 5 MB, 30.34 load
[runlim] sample:		238.74 time, 240.01 real, 5 MB, 30.44 load
[runlim] sample:		248.69 time, 250.01 real, 5 MB, 30.53 load
[runlim] sample:		258.64 time, 260.01 real, 5 MB, 30.60 load
[runlim] sample:		268.59 time, 270.01 real, 5 MB, 30.66 load
[runlim] sample:		278.54 time, 280.01 real, 5 MB, 30.72 load
[runlim] sample:		288.49 time, 290.01 real, 5 MB, 30.76 load
[runlim] sample:		298.44 time, 300.01 real, 5 MB, 30.80 load
[runlim] sample:		308.39 time, 310.01 real, 5 MB, 30.83 load
[runlim] sample:		318.34 time, 320.01 real, 5 MB, 30.86 load
[runlim] sample:		328.29 time, 330.01 real, 5 MB, 30.88 load
[runlim] sample:		338.24 time, 340.01 real, 5 MB, 30.90 load
[runlim] sample:		348.19 time, 350.01 real, 5 MB, 30.91 load
[runlim] sample:		358.14 time, 360.01 real, 5 MB, 30.93 load
[runlim] sample:		368.09 time, 370.01 real, 5 MB, 30.78 load
[runlim] sample:		378.04 time, 380.01 real, 5 MB, 30.74 load
[runlim] sample:		387.99 time, 390.01 real, 5 MB, 30.63 load
[runlim] sample:		397.94 time, 400.01 real, 5 MB, 30.53 load
[runlim] sample:		407.89 time, 410.01 real, 5 MB, 30.45 load
[runlim] sample:		417.84 time, 420.01 real, 5 MB, 30.38 load
[runlim] sample:		427.79 time, 430.01 real, 5 MB, 30.32 load
[runlim] sample:		437.74 time, 440.01 real, 5 MB, 30.27 load
[runlim] sample:		447.69 time, 450.01 real, 5 MB, 30.30 load
[runlim] sample:		457.64 time, 460.01 real, 5 MB, 30.26 load
[runlim] sample:		467.59 time, 470.01 real, 5 MB, 30.22 load
[runlim] sample:		477.54 time, 480.01 real, 5 MB, 30.26 load
[runlim] sample:		487.49 time, 490.01 real, 5 MB, 30.22 load
[runlim] sample:		497.44 time, 500.01 real, 5 MB, 30.26 load
[runlim] sample:		507.39 time, 510.01 real, 5 MB, 30.22 load
[runlim] sample:		517.34 time, 520.01 real, 5 MB, 30.19 load
[runlim] sample:		527.29 time, 530.01 real, 5 MB, 30.23 load
[runlim] sample:		537.24 time, 540.01 real, 5 MB, 30.28 load
[runlim] sample:		547.19 time, 550.01 real, 5 MB, 30.23 load
[runlim] sample:		557.14 time, 560.01 real, 5 MB, 30.34 load
[runlim] sample:		567.09 time, 570.01 real, 5 MB, 30.37 load
[runlim] sample:		577.04 time, 580.01 real, 5 MB, 30.38 load
[runlim] sample:		586.99 time, 590.01 real, 5 MB, 30.32 load
[runlim] sample:		596.94 time, 600.01 real, 5 MB, 30.27 load
[runlim] sample:		606.90 time, 610.01 real, 5 MB, 30.23 load
[runlim] sample:		616.85 time, 620.01 real, 5 MB, 30.35 load
[runlim] sample:		626.80 time, 630.01 real, 5 MB, 30.30 load
[runlim] sample:		636.75 time, 640.01 real, 5 MB, 30.25 load
[runlim] sample:		646.70 time, 650.01 real, 5 MB, 30.21 load
[runlim] sample:		656.65 time, 660.01 real, 5 MB, 30.18 load
[runlim] sample:		666.60 time, 670.01 real, 5 MB, 30.15 load
[runlim] sample:		676.55 time, 680.01 real, 5 MB, 30.20 load
[runlim] sample:		686.50 time, 690.01 real, 5 MB, 30.17 load
[runlim] sample:		696.45 time, 700.01 real, 5 MB, 30.14 load
[runlim] sample:		706.40 time, 710.01 real, 5 MB, 30.12 load
[runlim] sample:		716.35 time, 720.01 real, 5 MB, 30.10 load
[runlim] sample:		726.30 time, 730.01 real, 5 MB, 30.09 load
[runlim] sample:		736.25 time, 740.01 real, 5 MB, 30.22 load
[runlim] sample:		746.20 time, 750.01 real, 5 MB, 30.18 load
[runlim] sample:		756.15 time, 760.01 real, 5 MB, 30.16 load
[runlim] sample:		766.11 time, 770.01 real, 5 MB, 30.13 load
[runlim] sample:		776.06 time, 780.01 real, 5 MB, 30.18 load
[runlim] sample:		786.01 time, 790.01 real, 5 MB, 30.16 load
[runlim] sample:		795.96 time, 800.01 real, 5 MB, 30.21 load
[runlim] sample:		805.91 time, 810.01 real, 5 MB, 30.17 load
[runlim] sample:		815.86 time, 820.01 real, 5 MB, 30.31 load
[runlim] sample:		825.81 time, 830.01 real, 5 MB, 30.26 load
[runlim] sample:		835.76 time, 840.01 real, 5 MB, 30.30 load
[runlim] sample:		845.71 time, 850.01 real, 5 MB, 30.25 load
[runlim] sample:		855.66 time, 860.01 real, 5 MB, 30.21 load
[runlim] sample:		865.61 time, 870.01 real, 5 MB, 30.18 load
[runlim] sample:		875.56 time, 880.01 real, 5 MB, 30.15 load
[runlim] sample:		885.51 time, 890.01 real, 5 MB, 30.13 load
[runlim] sample:		895.46 time, 900.01 real, 5 MB, 30.19 load
[runlim] sample:		905.40 time, 910.01 real, 5 MB, 30.16 load
[runlim] sample:		915.35 time, 920.01 real, 5 MB, 30.21 load
[runlim] sample:		925.30 time, 930.01 real, 5 MB, 30.18 load
[runlim] sample:		935.25 time, 940.01 real, 5 MB, 30.15 load
[runlim] sample:		945.20 time, 950.01 real, 5 MB, 30.13 load
[runlim] sample:		955.15 time, 960.01 real, 5 MB, 30.19 load
[runlim] sample:		965.10 time, 970.01 real, 5 MB, 30.24 load
[runlim] sample:		975.04 time, 980.01 real, 5 MB, 30.20 load
[runlim] sample:		984.99 time, 990.01 real, 5 MB, 30.17 load
[runlim] sample:		994.94 time, 1000.01 real, 5 MB, 30.22 load
[runlim] sample:		1004.89 time, 1010.01 real, 5 MB, 30.18 load
[runlim] sample:		1014.84 time, 1020.01 real, 5 MB, 30.16 load
[runlim] sample:		1024.79 time, 1030.01 real, 5 MB, 30.13 load
[runlim] sample:		1034.74 time, 1040.01 real, 5 MB, 30.19 load
[runlim] sample:		1044.70 time, 1050.01 real, 5 MB, 30.16 load
[runlim] sample:		1054.65 time, 1060.01 real, 5 MB, 30.14 load
[runlim] sample:		1064.60 time, 1070.01 real, 5 MB, 30.11 load
[runlim] sample:		1074.55 time, 1080.01 real, 5 MB, 30.17 load
[runlim] sample:		1084.50 time, 1090.01 real, 5 MB, 30.14 load
[runlim] sample:		1094.45 time, 1100.01 real, 5 MB, 30.12 load
[runlim] sample:		1104.40 time, 1110.01 real, 5 MB, 30.18 load
[runlim] sample:		1114.35 time, 1120.01 real, 5 MB, 30.15 load
[runlim] sample:		1124.30 time, 1130.01 real, 5 MB, 30.13 load
[runlim] sample:		1134.25 time, 1140.01 real, 5 MB, 30.18 load
[runlim] sample:		1144.20 time, 1150.01 real, 5 MB, 30.15 load
[runlim] sample:		1154.15 time, 1160.01 real, 5 MB, 30.13 load
[runlim] sample:		1164.10 time, 1170.01 real, 5 MB, 30.11 load
[runlim] sample:		1174.05 time, 1180.01 real, 5 MB, 30.09 load
[runlim] sample:		1184.00 time, 1190.01 real, 5 MB, 30.08 load
[runlim] sample:		1193.95 time, 1200.01 real, 5 MB, 30.06 load
[runlim] sample:		1203.90 time, 1210.01 real, 5 MB, 30.05 load
[runlim] sample:		1213.85 time, 1220.01 real, 5 MB, 30.05 load
[runlim] sample:		1223.80 time, 1230.01 real, 5 MB, 30.04 load
[runlim] sample:		1233.75 time, 1240.01 real, 5 MB, 30.03 load
[runlim] sample:		1243.70 time, 1250.01 real, 5 MB, 30.03 load
[runlim] sample:		1253.65 time, 1260.01 real, 5 MB, 30.02 load
[runlim] sample:		1263.60 time, 1270.01 real, 5 MB, 30.02 load
[runlim] sample:		1273.55 time, 1280.01 real, 5 MB, 30.02 load
[runlim] sample:		1283.50 time, 1290.01 real, 5 MB, 30.01 load
[runlim] sample:		1293.45 time, 1300.01 real, 5 MB, 30.16 load
[runlim] sample:		1303.40 time, 1310.01 real, 5 MB, 30.14 load
[runlim] sample:		1313.35 time, 1320.01 real, 5 MB, 30.12 load
[runlim] sample:		1323.30 time, 1330.01 real, 5 MB, 30.10 load
[runlim] sample:		1333.25 time, 1340.01 real, 5 MB, 30.08 load
[runlim] sample:		1343.20 time, 1350.01 real, 5 MB, 30.07 load
[runlim] sample:		1353.15 time, 1360.01 real, 5 MB, 30.14 load
[runlim] sample:		1363.10 time, 1370.01 real, 5 MB, 30.12 load
[runlim] sample:		1373.05 time, 1380.01 real, 5 MB, 30.10 load
[runlim] sample:		1383.00 time, 1390.01 real, 5 MB, 30.08 load
[runlim] sample:		1392.95 time, 1400.01 real, 5 MB, 30.07 load
[runlim] sample:		1402.89 time, 1410.01 real, 5 MB, 30.06 load
[runlim] sample:		1412.84 time, 1420.01 real, 5 MB, 30.05 load
[runlim] sample:		1422.79 time, 1430.01 real, 5 MB, 30.04 load
[runlim] sample:		1432.74 time, 1440.01 real, 5 MB, 30.03 load
[runlim] sample:		1442.69 time, 1450.01 real, 5 MB, 30.03 load
[runlim] sample:		1452.64 time, 1460.01 real, 5 MB, 30.02 load
[runlim] sample:		1462.59 time, 1470.01 real, 5 MB, 30.02 load
[runlim] sample:		1472.54 time, 1480.01 real, 5 MB, 30.10 load
[runlim] sample:		1482.49 time, 1490.01 real, 5 MB, 30.08 load
[runlim] sample:		1492.43 time, 1500.01 real, 5 MB, 30.07 load
[runlim] sample:		1502.38 time, 1510.01 real, 5 MB, 30.06 load
[runlim] sample:		1512.33 time, 1520.01 real, 5 MB, 30.05 load
[runlim] sample:		1522.28 time, 1530.01 real, 5 MB, 30.04 load
[runlim] sample:		1532.23 time, 1540.01 real, 5 MB, 30.11 load
[runlim] sample:		1542.18 time, 1550.01 real, 5 MB, 30.10 load
[runlim] sample:		1552.13 time, 1560.01 real, 5 MB, 30.08 load
[runlim] sample:		1562.09 time, 1570.01 real, 5 MB, 30.07 load
[runlim] sample:		1572.04 time, 1580.01 real, 5 MB, 30.06 load
[runlim] sample:		1581.99 time, 1590.01 real, 5 MB, 30.05 load
[runlim] sample:		1591.94 time, 1600.01 real, 5 MB, 30.04 load
[runlim] sample:		1601.89 time, 1610.01 real, 5 MB, 30.03 load
[runlim] sample:		1611.84 time, 1620.01 real, 5 MB, 30.03 load
[runlim] sample:		1621.79 time, 1630.01 real, 5 MB, 30.02 load
[runlim] sample:		1631.74 time, 1640.01 real, 5 MB, 30.02 load
[runlim] sample:		1641.69 time, 1650.01 real, 5 MB, 30.02 load
[runlim] sample:		1651.64 time, 1660.01 real, 5 MB, 30.01 load
[runlim] sample:		1661.59 time, 1670.01 real, 5 MB, 29.86 load
[runlim] sample:		1671.54 time, 1680.01 real, 5 MB, 29.72 load
[runlim] sample:		1681.49 time, 1690.01 real, 5 MB, 29.61 load
[runlim] sample:		1691.45 time, 1700.01 real, 5 MB, 29.59 load
[runlim] sample:		1701.40 time, 1710.01 real, 5 MB, 29.50 load
[runlim] sample:		1711.35 time, 1720.01 real, 5 MB, 29.42 load
[runlim] sample:		1721.30 time, 1730.01 real, 5 MB, 29.36 load
[runlim] sample:		1731.25 time, 1740.01 real, 5 MB, 29.30 load
[runlim] sample:		1741.20 time, 1750.01 real, 5 MB, 29.26 load
[runlim] sample:		1751.15 time, 1760.01 real, 5 MB, 29.22 load
[runlim] sample:		1761.10 time, 1770.01 real, 5 MB, 29.18 load
[runlim] sample:		1771.05 time, 1780.01 real, 5 MB, 29.23 load
[runlim] sample:		1781.00 time, 1790.01 real, 5 MB, 29.19 load
[runlim] sample:		1790.95 time, 1800.01 real, 5 MB, 29.24 load
[runlim] sample:		1800.90 time, 1810.01 real, 5 MB, 29.20 load
[runlim] sample:		1810.85 time, 1820.01 real, 5 MB, 29.17 load
[runlim] sample:		1820.80 time, 1830.01 real, 5 MB, 29.14 load
[runlim] sample:		1830.75 time, 1840.01 real, 5 MB, 29.28 load
[runlim] sample:		1840.70 time, 1850.01 real, 5 MB, 29.24 load
[runlim] sample:		1850.65 time, 1860.01 real, 5 MB, 29.20 load
[runlim] sample:		1860.60 time, 1870.01 real, 5 MB, 29.17 load
[runlim] sample:		1870.55 time, 1880.01 real, 5 MB, 29.14 load
[runlim] sample:		1880.50 time, 1890.01 real, 5 MB, 29.12 load
[runlim] sample:		1890.45 time, 1900.01 real, 5 MB, 29.18 load
[runlim] sample:		1900.40 time, 1910.01 real, 5 MB, 29.15 load
[runlim] sample:		1910.35 time, 1920.01 real, 5 MB, 29.12 load
[runlim] sample:		1920.30 time, 1930.01 real, 5 MB, 29.19 load
[runlim] sample:		1930.25 time, 1940.01 real, 5 MB, 29.31 load
[runlim] sample:		1940.20 time, 1950.01 real, 5 MB, 29.42 load
[runlim] sample:		1950.16 time, 1960.01 real, 5 MB, 29.51 load
[runlim] sample:		1960.11 time, 1970.01 real, 5 MB, 29.66 load
[runlim] sample:		1970.06 time, 1980.01 real, 5 MB, 29.71 load
[runlim] sample:		1980.01 time, 1990.01 real, 5 MB, 29.68 load
[runlim] sample:		1989.96 time, 2000.01 real, 5 MB, 29.73 load
[runlim] sample:		1999.91 time, 2010.01 real, 5 MB, 29.85 load
[runlim] sample:		2009.86 time, 2020.01 real, 5 MB, 29.79 load
[runlim] sample:		2019.81 time, 2030.01 real, 5 MB, 29.67 load
[runlim] sample:		2029.76 time, 2040.01 real, 5 MB, 29.56 load
[runlim] sample:		2039.71 time, 2050.01 real, 5 MB, 29.48 load
[runlim] sample:		2049.66 time, 2060.01 real, 5 MB, 29.40 load
[runlim] sample:		2059.61 time, 2070.01 real, 5 MB, 29.34 load
[runlim] sample:		2069.56 time, 2080.01 real, 5 MB, 29.44 load
[runlim] sample:		2079.50 time, 2090.01 real, 5 MB, 29.37 load
[runlim] sample:		2089.45 time, 2100.01 real, 5 MB, 29.31 load
[runlim] sample:		2099.41 time, 2110.01 real, 5 MB, 29.26 load
[runlim] sample:		2109.35 time, 2120.01 real, 5 MB, 29.22 load
[runlim] sample:		2119.30 time, 2130.01 real, 5 MB, 29.26 load
[runlim] sample:		2129.25 time, 2140.01 real, 5 MB, 29.22 load
[runlim] sample:		2139.20 time, 2150.01 real, 5 MB, 29.19 load
[runlim] sample:		2149.15 time, 2160.01 real, 5 MB, 29.16 load
[runlim] sample:		2159.10 time, 2170.01 real, 5 MB, 29.13 load
[runlim] sample:		2169.05 time, 2180.01 real, 5 MB, 29.11 load
[runlim] sample:		2179.00 time, 2190.01 real, 5 MB, 29.09 load
[runlim] sample:		2188.95 time, 2200.01 real, 5 MB, 29.08 load
[runlim] sample:		2198.90 time, 2210.01 real, 5 MB, 29.07 load
[runlim] sample:		2208.85 time, 2220.01 real, 5 MB, 29.14 load
[runlim] sample:		2218.80 time, 2230.01 real, 5 MB, 29.12 load
[runlim] sample:		2228.75 time, 2240.01 real, 5 MB, 29.10 load
[runlim] sample:		2238.71 time, 2250.01 real, 5 MB, 29.08 load
[runlim] sample:		2248.66 time, 2260.01 real, 5 MB, 29.07 load
[runlim] sample:		2258.61 time, 2270.01 real, 5 MB, 29.06 load
[runlim] sample:		2268.55 time, 2280.01 real, 5 MB, 29.05 load
[runlim] sample:		2278.51 time, 2290.01 real, 5 MB, 29.04 load
[runlim] sample:		2288.46 time, 2300.01 real, 5 MB, 29.11 load
[runlim] sample:		2298.41 time, 2310.01 real, 5 MB, 29.09 load
[runlim] sample:		2308.36 time, 2320.01 real, 5 MB, 29.08 load
[runlim] sample:		2318.31 time, 2330.01 real, 5 MB, 29.06 load
[runlim] sample:		2328.26 time, 2340.01 real, 5 MB, 29.05 load
[runlim] sample:		2338.21 time, 2350.01 real, 5 MB, 29.05 load
[runlim] sample:		2348.16 time, 2360.01 real, 5 MB, 29.04 load
[runlim] sample:		2358.11 time, 2370.01 real, 5 MB, 29.03 load
[runlim] sample:		2368.06 time, 2380.01 real, 5 MB, 29.03 load
[runlim] sample:		2378.00 time, 2390.01 real, 5 MB, 29.02 load
[runlim] sample:		2387.95 time, 2400.01 real, 5 MB, 29.02 load
[runlim] sample:		2397.90 time, 2410.01 real, 5 MB, 29.02 load
[runlim] sample:		2407.85 time, 2420.01 real, 5 MB, 29.01 load
[runlim] sample:		2417.80 time, 2430.01 real, 5 MB, 29.01 load
[runlim] sample:		2427.75 time, 2440.01 real, 5 MB, 29.01 load
[runlim] sample:		2437.69 time, 2450.01 real, 5 MB, 29.01 load
[runlim] sample:		2447.64 time, 2460.01 real, 5 MB, 29.00 load
[runlim] sample:		2457.59 time, 2470.01 real, 5 MB, 29.00 load
[runlim] sample:		2467.54 time, 2480.01 real, 5 MB, 29.00 load
[runlim] sample:		2477.49 time, 2490.01 real, 5 MB, 29.00 load
[runlim] sample:		2487.44 time, 2500.01 real, 5 MB, 29.00 load
[runlim] sample:		2497.39 time, 2510.01 real, 5 MB, 29.00 load
[runlim] sample:		2507.34 time, 2520.01 real, 5 MB, 29.00 load
[runlim] sample:		2517.29 time, 2530.01 real, 5 MB, 29.00 load
[runlim] sample:		2527.24 time, 2540.01 real, 5 MB, 29.00 load
[runlim] sample:		2537.18 time, 2550.01 real, 5 MB, 29.00 load
[runlim] sample:		2547.13 time, 2560.01 real, 5 MB, 29.00 load
[runlim] sample:		2557.08 time, 2570.01 real, 5 MB, 29.07 load
[runlim] sample:		2567.03 time, 2580.01 real, 5 MB, 29.06 load
[runlim] sample:		2576.98 time, 2590.01 real, 5 MB, 29.05 load
[runlim] sample:		2586.93 time, 2600.01 real, 5 MB, 29.04 load
[runlim] sample:		2596.87 time, 2610.01 real, 5 MB, 29.04 load
[runlim] sample:		2606.82 time, 2620.01 real, 5 MB, 29.10 load
[runlim] sample:		2616.77 time, 2630.01 real, 5 MB, 29.16 load
[runlim] sample:		2626.72 time, 2640.01 real, 5 MB, 29.14 load
[runlim] sample:		2636.67 time, 2650.01 real, 5 MB, 29.11 load
[runlim] sample:		2646.62 time, 2660.01 real, 5 MB, 29.10 load
[runlim] sample:		2656.57 time, 2670.01 real, 5 MB, 29.08 load
[runlim] sample:		2666.52 time, 2680.01 real, 5 MB, 29.07 load
[runlim] sample:		2676.46 time, 2690.01 real, 5 MB, 29.06 load
[runlim] sample:		2686.41 time, 2700.01 real, 5 MB, 29.05 load
[runlim] sample:		2696.36 time, 2710.01 real, 5 MB, 29.11 load
[runlim] sample:		2706.31 time, 2720.01 real, 5 MB, 29.10 load
[runlim] sample:		2716.26 time, 2730.01 real, 5 MB, 29.08 load
[runlim] sample:		2726.21 time, 2740.01 real, 5 MB, 29.07 load
[runlim] sample:		2736.16 time, 2750.01 real, 5 MB, 29.06 load
[runlim] sample:		2746.11 time, 2760.01 real, 5 MB, 29.05 load
[runlim] sample:		2756.05 time, 2770.01 real, 5 MB, 29.04 load
[runlim] sample:		2766.00 time, 2780.01 real, 5 MB, 29.03 load
[runlim] sample:		2775.95 time, 2790.01 real, 5 MB, 29.03 load
[runlim] sample:		2785.90 time, 2800.01 real, 5 MB, 29.10 load
[runlim] sample:		2795.85 time, 2810.01 real, 5 MB, 29.08 load
[runlim] sample:		2805.80 time, 2820.01 real, 5 MB, 29.07 load
[runlim] sample:		2815.75 time, 2830.01 real, 5 MB, 29.06 load
[runlim] sample:		2825.70 time, 2840.01 real, 5 MB, 29.05 load
[runlim] sample:		2835.65 time, 2850.01 real, 5 MB, 29.04 load
[runlim] sample:		2845.60 time, 2860.01 real, 5 MB, 29.03 load
[runlim] sample:		2855.55 time, 2870.01 real, 5 MB, 29.03 load
[runlim] sample:		2865.50 time, 2880.01 real, 5 MB, 29.02 load
[runlim] sample:		2875.46 time, 2890.01 real, 5 MB, 29.02 load
[runlim] sample:		2885.41 time, 2900.01 real, 5 MB, 29.02 load
[runlim] sample:		2895.36 time, 2910.01 real, 5 MB, 29.01 load
[runlim] sample:		2905.31 time, 2920.01 real, 5 MB, 29.01 load
[runlim] sample:		2915.26 time, 2930.01 real, 5 MB, 29.01 load
[runlim] sample:		2925.21 time, 2940.01 real, 5 MB, 29.15 load
[runlim] sample:		2935.16 time, 2950.01 real, 5 MB, 29.13 load
[runlim] sample:		2945.11 time, 2960.01 real, 5 MB, 29.11 load
[runlim] sample:		2955.06 time, 2970.01 real, 5 MB, 29.09 load
[runlim] sample:		2965.01 time, 2980.01 real, 5 MB, 29.08 load
[runlim] sample:		2974.96 time, 2990.01 real, 5 MB, 29.07 load
[runlim] sample:		2984.91 time, 3000.01 real, 5 MB, 29.06 load
[runlim] sample:		2994.86 time, 3010.01 real, 5 MB, 29.12 load
[runlim] sample:		3004.81 time, 3020.01 real, 5 MB, 29.10 load
[runlim] sample:		3014.76 time, 3030.01 real, 5 MB, 29.08 load
[runlim] sample:		3024.71 time, 3040.01 real, 5 MB, 29.07 load
[runlim] sample:		3034.66 time, 3050.01 real, 5 MB, 29.06 load
[runlim] sample:		3044.61 time, 3060.01 real, 5 MB, 29.05 load
[runlim] sample:		3054.56 time, 3070.01 real, 5 MB, 29.20 load
[runlim] sample:		3064.51 time, 3080.01 real, 5 MB, 29.24 load
[runlim] sample:		3074.46 time, 3090.01 real, 5 MB, 29.20 load
[runlim] sample:		3084.41 time, 3100.01 real, 5 MB, 29.17 load
[runlim] sample:		3094.36 time, 3110.01 real, 5 MB, 29.14 load
[runlim] sample:		3104.31 time, 3120.01 real, 5 MB, 29.12 load
[runlim] sample:		3114.26 time, 3130.01 real, 5 MB, 29.18 load
[runlim] sample:		3124.21 time, 3140.01 real, 5 MB, 29.15 load
[runlim] sample:		3134.16 time, 3150.01 real, 5 MB, 29.13 load
[runlim] sample:		3144.11 time, 3160.01 real, 5 MB, 29.11 load
[runlim] sample:		3154.06 time, 3170.01 real, 5 MB, 29.09 load
[runlim] sample:		3164.01 time, 3180.01 real, 5 MB, 29.08 load
[runlim] sample:		3173.95 time, 3190.01 real, 5 MB, 29.14 load
[runlim] sample:		3183.90 time, 3200.01 real, 5 MB, 29.12 load
[runlim] sample:		3193.85 time, 3210.01 real, 5 MB, 29.10 load
[runlim] sample:		3203.80 time, 3220.01 real, 5 MB, 29.08 load
[runlim] sample:		3213.75 time, 3230.01 real, 5 MB, 29.07 load
[runlim] sample:		3223.70 time, 3240.01 real, 5 MB, 29.06 load
[runlim] sample:		3233.65 time, 3250.01 real, 5 MB, 29.12 load
[runlim] sample:		3243.61 time, 3260.01 real, 5 MB, 29.10 load
[runlim] sample:		3253.56 time, 3270.01 real, 5 MB, 29.09 load
[runlim] sample:		3263.51 time, 3280.01 real, 5 MB, 29.07 load
[runlim] sample:		3273.46 time, 3290.01 real, 5 MB, 29.06 load
[runlim] sample:		3283.41 time, 3300.01 real, 5 MB, 29.13 load
[runlim] sample:		3293.36 time, 3310.01 real, 5 MB, 29.11 load
[runlim] sample:		3303.31 time, 3320.01 real, 5 MB, 29.09 load
[runlim] sample:		3313.26 time, 3330.01 real, 5 MB, 29.08 load
[runlim] sample:		3323.21 time, 3340.01 real, 5 MB, 29.06 load
[runlim] sample:		3333.16 time, 3350.01 real, 5 MB, 29.05 load
[runlim] sample:		3343.11 time, 3360.01 real, 5 MB, 29.04 load
[runlim] sample:		3353.06 time, 3370.01 real, 5 MB, 29.11 load
[runlim] sample:		3363.01 time, 3380.01 real, 5 MB, 29.09 load
[runlim] sample:		3372.96 time, 3390.01 real, 5 MB, 29.08 load
[runlim] sample:		3382.91 time, 3400.01 real, 5 MB, 29.07 load
[runlim] sample:		3392.87 time, 3410.01 real, 5 MB, 29.06 load
[runlim] sample:		3402.82 time, 3420.01 real, 5 MB, 29.05 load
[runlim] sample:		3412.77 time, 3430.01 real, 5 MB, 29.11 load
[runlim] sample:		3422.72 time, 3440.01 real, 5 MB, 29.10 load
[runlim] sample:		3432.67 time, 3450.01 real, 5 MB, 29.08 load
[runlim] sample:		3442.62 time, 3460.01 real, 5 MB, 29.07 load
[runlim] sample:		3452.57 time, 3470.01 real, 5 MB, 29.06 load
[runlim] sample:		3462.52 time, 3480.01 real, 5 MB, 29.05 load
[runlim] sample:		3472.47 time, 3490.01 real, 5 MB, 29.19 load
[runlim] sample:		3482.43 time, 3500.01 real, 5 MB, 29.16 load
[runlim] sample:		3492.38 time, 3510.01 real, 5 MB, 29.22 load
[runlim] sample:		3502.33 time, 3520.01 real, 5 MB, 29.18 load
[runlim] sample:		3512.28 time, 3530.01 real, 5 MB, 29.16 load
[runlim] sample:		3522.23 time, 3540.01 real, 5 MB, 29.13 load
[runlim] sample:		3532.18 time, 3550.01 real, 5 MB, 29.18 load
[runlim] sample:		3542.13 time, 3560.01 real, 5 MB, 29.16 load
[runlim] sample:		3552.09 time, 3570.01 real, 5 MB, 29.13 load
[runlim] sample:		3562.04 time, 3580.01 real, 5 MB, 29.18 load
[runlim] sample:		3571.99 time, 3590.01 real, 5 MB, 29.16 load
[runlim] sample:		3581.94 time, 3600.01 real, 5 MB, 29.13 load
[runlim] sample:		3591.89 time, 3610.01 real, 5 MB, 29.19 load
[runlim] sample:		3601.84 time, 3620.01 real, 5 MB, 29.16 load
[runlim] sample:		3611.79 time, 3630.01 real, 5 MB, 29.14 load
[runlim] sample:		3621.74 time, 3640.01 real, 5 MB, 29.12 load
[runlim] sample:		3631.69 time, 3650.01 real, 5 MB, 29.10 load
[runlim] sample:		3641.65 time, 3660.01 real, 5 MB, 29.08 load
[runlim] sample:		3651.60 time, 3670.01 real, 5 MB, 29.22 load
[runlim] sample:		3661.55 time, 3680.01 real, 5 MB, 29.18 load
[runlim] sample:		3671.50 time, 3690.01 real, 5 MB, 29.15 load
[runlim] sample:		3681.45 time, 3700.01 real, 5 MB, 29.20 load
[runlim] sample:		3691.40 time, 3710.01 real, 5 MB, 29.25 load
[runlim] sample:		3701.35 time, 3720.01 real, 5 MB, 29.21 load
[runlim] sample:		3711.30 time, 3730.01 real, 5 MB, 29.18 load
[runlim] sample:		3721.25 time, 3740.01 real, 5 MB, 29.15 load
[runlim] sample:		3731.20 time, 3750.01 real, 5 MB, 29.13 load
[runlim] sample:		3741.15 time, 3760.01 real, 5 MB, 29.11 load
[runlim] sample:		3751.11 time, 3770.01 real, 5 MB, 29.09 load
[runlim] sample:		3761.06 time, 3780.01 real, 5 MB, 29.08 load
[runlim] sample:		3771.01 time, 3790.01 real, 5 MB, 29.06 load
[runlim] sample:		3780.96 time, 3800.01 real, 5 MB, 29.13 load
[runlim] sample:		3790.91 time, 3810.01 real, 5 MB, 29.26 load
[runlim] sample:		3800.86 time, 3820.01 real, 5 MB, 29.22 load
[runlim] sample:		3810.81 time, 3830.01 real, 5 MB, 29.26 load
[runlim] sample:		3820.76 time, 3840.01 real, 5 MB, 29.22 load
[runlim] sample:		3830.71 time, 3850.01 real, 5 MB, 29.19 load
[runlim] sample:		3840.66 time, 3860.01 real, 5 MB, 29.16 load
[runlim] sample:		3850.61 time, 3870.01 real, 5 MB, 29.21 load
[runlim] sample:		3860.56 time, 3880.01 real, 5 MB, 29.17 load
[runlim] sample:		3870.51 time, 3890.01 real, 5 MB, 29.31 load
[runlim] sample:		3880.46 time, 3900.01 real, 5 MB, 29.26 load
[runlim] sample:		3890.41 time, 3910.01 real, 5 MB, 29.22 load
[runlim] sample:		3900.36 time, 3920.01 real, 5 MB, 29.18 load
[runlim] sample:		3910.31 time, 3930.01 real, 5 MB, 29.23 load
[runlim] sample:		3920.26 time, 3940.01 real, 5 MB, 29.19 load
[runlim] sample:		3930.21 time, 3950.01 real, 5 MB, 29.16 load
[runlim] sample:		3940.17 time, 3960.01 real, 5 MB, 29.14 load
[runlim] sample:		3950.12 time, 3970.01 real, 5 MB, 29.12 load
[runlim] sample:		3960.07 time, 3980.01 real, 5 MB, 29.10 load
[runlim] sample:		3970.02 time, 3990.01 real, 5 MB, 29.08 load
[runlim] sample:		3979.97 time, 4000.01 real, 5 MB, 29.07 load
[runlim] sample:		3989.92 time, 4010.01 real, 5 MB, 29.14 load
[runlim] sample:		3999.87 time, 4020.01 real, 5 MB, 29.12 load
[runlim] sample:		4009.82 time, 4030.01 real, 5 MB, 29.10 load
[runlim] sample:		4019.77 time, 4040.01 real, 5 MB, 29.08 load
[runlim] sample:		4029.72 time, 4050.01 real, 5 MB, 29.07 load
[runlim] sample:		4039.67 time, 4060.01 real, 5 MB, 29.06 load
[runlim] sample:		4049.62 time, 4070.01 real, 5 MB, 29.61 load
[runlim] sample:		4059.57 time, 4080.01 real, 5 MB, 29.59 load
[runlim] sample:		4069.52 time, 4090.01 real, 5 MB, 29.50 load
[runlim] sample:		4079.47 time, 4100.01 real, 5 MB, 29.50 load
[runlim] sample:		4089.42 time, 4110.01 real, 5 MB, 29.51 load
[runlim] sample:		4099.37 time, 4120.01 real, 5 MB, 29.43 load
[runlim] sample:		4109.32 time, 4130.01 real, 5 MB, 29.36 load
[runlim] sample:		4119.27 time, 4140.01 real, 5 MB, 29.30 load
[runlim] sample:		4129.22 time, 4150.01 real, 5 MB, 29.26 load
[runlim] sample:		4139.17 time, 4160.01 real, 5 MB, 29.22 load
[runlim] sample:		4149.12 time, 4170.01 real, 5 MB, 29.18 load
[runlim] sample:		4159.07 time, 4180.01 real, 5 MB, 29.16 load
[runlim] sample:		4169.02 time, 4190.01 real, 5 MB, 29.13 load
[runlim] sample:		4178.97 time, 4200.01 real, 5 MB, 29.11 load
[runlim] sample:		4188.92 time, 4210.01 real, 5 MB, 29.09 load
[runlim] sample:		4198.87 time, 4220.01 real, 5 MB, 29.08 load
[runlim] sample:		4208.82 time, 4230.01 real, 5 MB, 29.07 load
[runlim] sample:		4218.77 time, 4240.01 real, 5 MB, 29.06 load
[runlim] sample:		4228.72 time, 4250.01 real, 5 MB, 29.05 load
[runlim] sample:		4238.67 time, 4260.01 real, 5 MB, 29.04 load
[runlim] sample:		4248.62 time, 4270.01 real, 5 MB, 29.03 load
[runlim] sample:		4258.57 time, 4280.01 real, 5 MB, 29.03 load
[runlim] sample:		4268.52 time, 4290.01 real, 5 MB, 29.02 load
[runlim] sample:		4278.48 time, 4300.01 real, 5 MB, 29.09 load
[runlim] sample:		4288.43 time, 4310.01 real, 5 MB, 29.08 load
[runlim] sample:		4298.38 time, 4320.01 real, 5 MB, 29.07 load
[runlim] sample:		4308.33 time, 4330.01 real, 5 MB, 29.06 load
[runlim] sample:		4318.28 time, 4340.01 real, 5 MB, 29.05 load
[runlim] sample:		4328.23 time, 4350.01 real, 5 MB, 29.04 load
[runlim] sample:		4338.18 time, 4360.01 real, 5 MB, 29.03 load
[runlim] sample:		4348.13 time, 4370.01 real, 5 MB, 31.19 load
[runlim] sample:		4358.08 time, 4380.01 real, 5 MB, 30.85 load
[runlim] sample:		4368.03 time, 4390.01 real, 5 MB, 30.57 load
[runlim] sample:		4377.98 time, 4400.01 real, 5 MB, 30.33 load
[runlim] sample:		4387.93 time, 4410.01 real, 5 MB, 30.20 load
[runlim] sample:		4397.88 time, 4420.01 real, 5 MB, 30.02 load
[runlim] sample:		4407.83 time, 4430.01 real, 5 MB, 30.02 load
[runlim] sample:		4417.78 time, 4440.01 real, 5 MB, 29.86 load
[runlim] sample:		4427.73 time, 4450.01 real, 5 MB, 29.73 load
[runlim] sample:		4437.68 time, 4460.01 real, 5 MB, 29.62 load
[runlim] sample:		4447.63 time, 4470.01 real, 5 MB, 29.52 load
[runlim] sample:		4457.58 time, 4480.01 real, 5 MB, 29.44 load
[runlim] sample:		4467.53 time, 4490.01 real, 5 MB, 29.37 load
[runlim] sample:		4477.48 time, 4500.01 real, 5 MB, 29.31 load
[runlim] sample:		4487.43 time, 4510.01 real, 5 MB, 29.27 load
[runlim] sample:		4497.38 time, 4520.01 real, 5 MB, 29.22 load
[runlim] sample:		4507.32 time, 4530.01 real, 5 MB, 29.19 load
[runlim] sample:		4517.27 time, 4540.01 real, 5 MB, 29.16 load
[runlim] sample:		4527.22 time, 4550.01 real, 5 MB, 29.13 load
[runlim] sample:		4537.17 time, 4560.01 real, 5 MB, 29.11 load
[runlim] sample:		4547.12 time, 4570.01 real, 5 MB, 29.10 load
[runlim] sample:		4557.07 time, 4580.01 real, 5 MB, 29.15 load
[runlim] sample:		4567.02 time, 4590.01 real, 5 MB, 29.21 load
[runlim] sample:		4576.97 time, 4600.01 real, 5 MB, 29.18 load
[runlim] sample:		4586.92 time, 4610.01 real, 5 MB, 29.15 load
[runlim] sample:		4596.87 time, 4620.01 real, 5 MB, 29.20 load
[runlim] sample:		4606.82 time, 4630.01 real, 5 MB, 29.17 load
[runlim] sample:		4616.77 time, 4640.01 real, 5 MB, 29.14 load
[runlim] sample:		4626.72 time, 4650.01 real, 5 MB, 29.12 load
[runlim] sample:		4636.67 time, 4660.01 real, 5 MB, 29.10 load
[runlim] sample:		4646.62 time, 4670.01 real, 5 MB, 29.09 load
[runlim] sample:		4656.57 time, 4680.01 real, 5 MB, 29.07 load
[runlim] sample:		4666.52 time, 4690.01 real, 5 MB, 29.14 load
[runlim] sample:		4676.47 time, 4700.01 real, 5 MB, 29.12 load
[runlim] sample:		4686.42 time, 4710.01 real, 5 MB, 29.10 load
[runlim] sample:		4696.37 time, 4720.01 real, 5 MB, 29.08 load
[runlim] sample:		4706.32 time, 4730.01 real, 5 MB, 29.07 load
[runlim] sample:		4716.27 time, 4740.01 real, 5 MB, 29.13 load
[runlim] sample:		4726.22 time, 4750.01 real, 5 MB, 29.19 load
[runlim] sample:		4736.18 time, 4760.01 real, 5 MB, 29.16 load
[runlim] sample:		4746.13 time, 4770.01 real, 5 MB, 29.14 load
[runlim] sample:		4756.08 time, 4780.01 real, 5 MB, 29.12 load
[runlim] sample:		4766.03 time, 4790.01 real, 5 MB, 29.10 load
[runlim] sample:		4775.98 time, 4800.01 real, 5 MB, 29.16 load
[runlim] sample:		4785.92 time, 4810.01 real, 5 MB, 29.13 load
[runlim] sample:		4795.87 time, 4820.01 real, 5 MB, 29.18 load
[runlim] sample:		4805.82 time, 4830.01 real, 5 MB, 29.16 load
[runlim] sample:		4815.77 time, 4840.01 real, 5 MB, 29.13 load
[runlim] sample:		4825.72 time, 4850.01 real, 5 MB, 29.11 load
[runlim] sample:		4835.67 time, 4860.01 real, 5 MB, 29.17 load
[runlim] sample:		4845.62 time, 4870.01 real, 5 MB, 29.14 load
[runlim] sample:		4855.56 time, 4880.01 real, 5 MB, 29.19 load
[runlim] sample:		4865.51 time, 4890.01 real, 5 MB, 29.16 load
[runlim] sample:		4875.46 time, 4900.01 real, 5 MB, 29.21 load
[runlim] sample:		4885.41 time, 4910.01 real, 5 MB, 29.18 load
[runlim] sample:		4895.36 time, 4920.01 real, 5 MB, 29.15 load
[runlim] sample:		4905.31 time, 4930.01 real, 5 MB, 29.13 load
[runlim] sample:		4915.25 time, 4940.01 real, 5 MB, 29.18 load
[runlim] sample:		4925.20 time, 4950.01 real, 5 MB, 29.23 load
[runlim] sample:		4935.15 time, 4960.01 real, 5 MB, 29.20 load
[runlim] sample:		4945.10 time, 4970.01 real, 5 MB, 29.17 load
[runlim] sample:		4955.05 time, 4980.01 real, 5 MB, 29.14 load
[runlim] sample:		4965.00 time, 4990.01 real, 5 MB, 29.12 load
[runlim] sample:		4974.95 time, 5000.01 real, 5 MB, 28.78 load
[runlim] end:			Thu Apr  9 21:45:32 2026
[runlim] status:		out of time
[runlim] result:		2
[runlim] children:		1
[runlim] processes:		2
[runlim] real:			5000.05 seconds
[runlim] time:			4974.95 seconds
[runlim] space:			5 MB
[runlim] load:			31.19 maximum
[runlim] samples:		50000
