[runlim] version:		2.0.0rc1
[runlim] host:			o02n06
[runlim] time limit:		311040000 seconds
[runlim] real time limit:	5000 seconds
[runlim] space limit:		7000 MB
[runlim] argv[0]:		./binary
[runlim] argv[1]:		-c
[runlim] argv[2]:		-f
[runlim] argv[3]:		-s
[runlim] argv[4]:		-r
[runlim] argv[5]:		/tmp/local-unzipped-12459995-2-83-mc2025_track1_175.cnf
[runlim] start:			Thu Apr  9 20:22:22 2026
[runlim] child:			1811359
[runlim] sample:		9.95 time, 10.01 real, 6 MB, 5.33 load
[runlim] sample:		19.90 time, 20.01 real, 6 MB, 9.37 load
[runlim] sample:		29.85 time, 30.01 real, 6 MB, 13.08 load
[runlim] sample:		39.81 time, 40.01 real, 6 MB, 16.06 load
[runlim] sample:		49.76 time, 50.01 real, 6 MB, 18.59 load
[runlim] sample:		59.72 time, 60.01 real, 6 MB, 20.65 load
[runlim] sample:		69.67 time, 70.01 real, 6 MB, 22.39 load
[runlim] sample:		79.63 time, 80.01 real, 6 MB, 23.71 load
[runlim] sample:		89.58 time, 90.01 real, 6 MB, 24.83 load
[runlim] sample:		99.54 time, 100.01 real, 6 MB, 25.78 load
[runlim] sample:		109.49 time, 110.01 real, 6 MB, 26.66 load
[runlim] sample:		119.45 time, 120.01 real, 6 MB, 27.33 load
[runlim] sample:		129.40 time, 130.01 real, 6 MB, 27.89 load
[runlim] sample:		139.35 time, 140.01 real, 6 MB, 28.37 load
[runlim] sample:		149.31 time, 150.01 real, 6 MB, 28.77 load
[runlim] sample:		159.26 time, 160.01 real, 6 MB, 29.12 load
[runlim] sample:		169.21 time, 170.01 real, 6 MB, 29.48 load
[runlim] sample:		179.16 time, 180.01 real, 6 MB, 29.71 load
[runlim] sample:		189.11 time, 190.01 real, 6 MB, 29.91 load
[runlim] sample:		199.07 time, 200.01 real, 6 MB, 30.08 load
[runlim] sample:		209.02 time, 210.01 real, 6 MB, 30.22 load
[runlim] sample:		218.97 time, 220.01 real, 6 MB, 30.34 load
[runlim] sample:		228.93 time, 230.01 real, 6 MB, 30.44 load
[runlim] sample:		238.88 time, 240.01 real, 6 MB, 30.53 load
[runlim] sample:		248.84 time, 250.01 real, 6 MB, 30.60 load
[runlim] sample:		258.79 time, 260.01 real, 6 MB, 30.66 load
[runlim] sample:		268.75 time, 270.01 real, 6 MB, 30.72 load
[runlim] sample:		278.70 time, 280.01 real, 6 MB, 30.76 load
[runlim] sample:		288.66 time, 290.01 real, 6 MB, 30.80 load
[runlim] sample:		298.61 time, 300.01 real, 6 MB, 30.83 load
[runlim] sample:		308.57 time, 310.01 real, 6 MB, 30.86 load
[runlim] sample:		318.52 time, 320.01 real, 6 MB, 30.88 load
[runlim] sample:		328.48 time, 330.01 real, 6 MB, 30.90 load
[runlim] sample:		338.43 time, 340.01 real, 6 MB, 30.91 load
[runlim] sample:		348.39 time, 350.01 real, 6 MB, 30.93 load
[runlim] sample:		358.34 time, 360.01 real, 6 MB, 30.78 load
[runlim] sample:		368.30 time, 370.01 real, 6 MB, 30.74 load
[runlim] sample:		378.26 time, 380.01 real, 6 MB, 30.63 load
[runlim] sample:		388.21 time, 390.01 real, 6 MB, 30.53 load
[runlim] sample:		398.17 time, 400.01 real, 6 MB, 30.45 load
[runlim] sample:		408.13 time, 410.01 real, 6 MB, 30.38 load
[runlim] sample:		418.08 time, 420.01 real, 6 MB, 30.32 load
[runlim] sample:		428.04 time, 430.01 real, 6 MB, 30.27 load
[runlim] sample:		437.99 time, 440.01 real, 6 MB, 30.30 load
[runlim] sample:		447.95 time, 450.01 real, 6 MB, 30.26 load
[runlim] sample:		457.91 time, 460.01 real, 6 MB, 30.22 load
[runlim] sample:		467.86 time, 470.01 real, 6 MB, 30.26 load
[runlim] sample:		477.82 time, 480.01 real, 6 MB, 30.22 load
[runlim] sample:		487.77 time, 490.01 real, 6 MB, 30.26 load
[runlim] sample:		497.72 time, 500.01 real, 6 MB, 30.22 load
[runlim] sample:		507.68 time, 510.01 real, 6 MB, 30.19 load
[runlim] sample:		517.63 time, 520.01 real, 6 MB, 30.23 load
[runlim] sample:		527.59 time, 530.01 real, 6 MB, 30.28 load
[runlim] sample:		537.54 time, 540.01 real, 6 MB, 30.23 load
[runlim] sample:		547.50 time, 550.01 real, 6 MB, 30.34 load
[runlim] sample:		557.45 time, 560.01 real, 6 MB, 30.37 load
[runlim] sample:		567.41 time, 570.01 real, 6 MB, 30.38 load
[runlim] sample:		577.36 time, 580.01 real, 6 MB, 30.32 load
[runlim] sample:		587.32 time, 590.01 real, 6 MB, 30.27 load
[runlim] sample:		597.27 time, 600.01 real, 6 MB, 30.23 load
[runlim] sample:		607.23 time, 610.01 real, 6 MB, 30.35 load
[runlim] sample:		617.18 time, 620.01 real, 6 MB, 30.30 load
[runlim] sample:		627.14 time, 630.01 real, 6 MB, 30.25 load
[runlim] sample:		637.09 time, 640.01 real, 6 MB, 30.21 load
[runlim] sample:		647.05 time, 650.01 real, 6 MB, 30.18 load
[runlim] sample:		657.00 time, 660.01 real, 6 MB, 30.15 load
[runlim] sample:		666.96 time, 670.01 real, 6 MB, 30.20 load
[runlim] sample:		676.91 time, 680.01 real, 6 MB, 30.17 load
[runlim] sample:		686.87 time, 690.01 real, 6 MB, 30.14 load
[runlim] sample:		696.82 time, 700.01 real, 6 MB, 30.12 load
[runlim] sample:		706.78 time, 710.01 real, 6 MB, 30.10 load
[runlim] sample:		716.73 time, 720.01 real, 6 MB, 30.09 load
[runlim] sample:		726.69 time, 730.01 real, 6 MB, 30.22 load
[runlim] sample:		736.64 time, 740.01 real, 6 MB, 30.18 load
[runlim] sample:		746.60 time, 750.01 real, 6 MB, 30.16 load
[runlim] sample:		756.55 time, 760.01 real, 6 MB, 30.13 load
[runlim] sample:		766.50 time, 770.01 real, 6 MB, 30.18 load
[runlim] sample:		776.46 time, 780.01 real, 6 MB, 30.16 load
[runlim] sample:		786.40 time, 790.01 real, 6 MB, 30.21 load
[runlim] sample:		796.36 time, 800.01 real, 6 MB, 30.17 load
[runlim] sample:		806.32 time, 810.01 real, 6 MB, 30.31 load
[runlim] sample:		816.27 time, 820.01 real, 6 MB, 30.26 load
[runlim] sample:		826.22 time, 830.01 real, 6 MB, 30.30 load
[runlim] sample:		836.17 time, 840.01 real, 6 MB, 30.25 load
[runlim] sample:		846.12 time, 850.01 real, 6 MB, 30.21 load
[runlim] sample:		856.07 time, 860.01 real, 6 MB, 30.18 load
[runlim] sample:		866.02 time, 870.01 real, 6 MB, 30.15 load
[runlim] sample:		875.97 time, 880.01 real, 6 MB, 30.13 load
[runlim] sample:		885.92 time, 890.01 real, 6 MB, 30.19 load
[runlim] sample:		895.88 time, 900.01 real, 6 MB, 30.16 load
[runlim] sample:		905.83 time, 910.01 real, 6 MB, 30.21 load
[runlim] sample:		915.78 time, 920.01 real, 6 MB, 30.18 load
[runlim] sample:		925.73 time, 930.01 real, 6 MB, 30.15 load
[runlim] sample:		935.68 time, 940.01 real, 6 MB, 30.13 load
[runlim] sample:		945.64 time, 950.01 real, 6 MB, 30.19 load
[runlim] sample:		955.59 time, 960.01 real, 6 MB, 30.24 load
[runlim] sample:		965.54 time, 970.01 real, 6 MB, 30.20 load
[runlim] sample:		975.49 time, 980.01 real, 6 MB, 30.17 load
[runlim] sample:		985.44 time, 990.01 real, 6 MB, 30.22 load
[runlim] sample:		995.39 time, 1000.01 real, 6 MB, 30.18 load
[runlim] sample:		1005.35 time, 1010.01 real, 6 MB, 30.16 load
[runlim] sample:		1015.30 time, 1020.01 real, 6 MB, 30.13 load
[runlim] sample:		1025.25 time, 1030.01 real, 6 MB, 30.19 load
[runlim] sample:		1035.21 time, 1040.01 real, 6 MB, 30.16 load
[runlim] sample:		1045.16 time, 1050.01 real, 6 MB, 30.14 load
[runlim] sample:		1055.11 time, 1060.01 real, 6 MB, 30.11 load
[runlim] sample:		1065.07 time, 1070.01 real, 6 MB, 30.17 load
[runlim] sample:		1075.02 time, 1080.01 real, 6 MB, 30.14 load
[runlim] sample:		1084.97 time, 1090.01 real, 6 MB, 30.12 load
[runlim] sample:		1094.93 time, 1100.01 real, 6 MB, 30.18 load
[runlim] sample:		1104.88 time, 1110.01 real, 6 MB, 30.15 load
[runlim] sample:		1114.83 time, 1120.01 real, 6 MB, 30.13 load
[runlim] sample:		1124.78 time, 1130.01 real, 6 MB, 30.18 load
[runlim] sample:		1134.74 time, 1140.01 real, 6 MB, 30.15 load
[runlim] sample:		1144.69 time, 1150.01 real, 6 MB, 30.13 load
[runlim] sample:		1154.64 time, 1160.01 real, 6 MB, 30.11 load
[runlim] sample:		1164.59 time, 1170.01 real, 6 MB, 30.09 load
[runlim] sample:		1174.55 time, 1180.01 real, 6 MB, 30.08 load
[runlim] sample:		1184.50 time, 1190.01 real, 6 MB, 30.06 load
[runlim] sample:		1194.45 time, 1200.01 real, 6 MB, 30.05 load
[runlim] sample:		1204.40 time, 1210.01 real, 6 MB, 30.05 load
[runlim] sample:		1214.35 time, 1220.01 real, 6 MB, 30.04 load
[runlim] sample:		1224.31 time, 1230.01 real, 6 MB, 30.03 load
[runlim] sample:		1234.26 time, 1240.01 real, 6 MB, 30.03 load
[runlim] sample:		1244.21 time, 1250.01 real, 6 MB, 30.02 load
[runlim] sample:		1254.16 time, 1260.01 real, 6 MB, 30.02 load
[runlim] sample:		1264.12 time, 1270.01 real, 6 MB, 30.02 load
[runlim] sample:		1274.07 time, 1280.01 real, 6 MB, 30.01 load
[runlim] sample:		1284.02 time, 1290.01 real, 6 MB, 30.16 load
[runlim] sample:		1293.97 time, 1300.01 real, 6 MB, 30.14 load
[runlim] sample:		1303.93 time, 1310.01 real, 6 MB, 30.12 load
[runlim] sample:		1313.88 time, 1320.01 real, 6 MB, 30.10 load
[runlim] sample:		1323.83 time, 1330.01 real, 6 MB, 30.08 load
[runlim] sample:		1333.78 time, 1340.01 real, 6 MB, 30.07 load
[runlim] sample:		1343.74 time, 1350.01 real, 6 MB, 30.14 load
[runlim] sample:		1353.69 time, 1360.01 real, 6 MB, 30.12 load
[runlim] sample:		1363.64 time, 1370.01 real, 6 MB, 30.10 load
[runlim] sample:		1373.59 time, 1380.01 real, 6 MB, 30.08 load
[runlim] sample:		1383.55 time, 1390.01 real, 6 MB, 30.07 load
[runlim] sample:		1393.50 time, 1400.01 real, 6 MB, 30.06 load
[runlim] sample:		1403.45 time, 1410.01 real, 6 MB, 30.05 load
[runlim] sample:		1413.40 time, 1420.01 real, 6 MB, 30.04 load
[runlim] sample:		1423.35 time, 1430.01 real, 6 MB, 30.03 load
[runlim] sample:		1433.30 time, 1440.01 real, 6 MB, 30.03 load
[runlim] sample:		1443.25 time, 1450.01 real, 6 MB, 30.02 load
[runlim] sample:		1453.21 time, 1460.01 real, 6 MB, 30.02 load
[runlim] sample:		1463.16 time, 1470.01 real, 6 MB, 30.10 load
[runlim] sample:		1473.11 time, 1480.01 real, 6 MB, 30.08 load
[runlim] sample:		1483.06 time, 1490.01 real, 6 MB, 30.07 load
[runlim] sample:		1493.01 time, 1500.01 real, 6 MB, 30.06 load
[runlim] sample:		1502.97 time, 1510.01 real, 6 MB, 30.05 load
[runlim] sample:		1512.92 time, 1520.01 real, 6 MB, 30.04 load
[runlim] sample:		1522.87 time, 1530.01 real, 6 MB, 30.11 load
[runlim] sample:		1532.82 time, 1540.01 real, 6 MB, 30.10 load
[runlim] sample:		1542.77 time, 1550.01 real, 6 MB, 30.08 load
[runlim] sample:		1552.73 time, 1560.01 real, 6 MB, 30.07 load
[runlim] sample:		1562.68 time, 1570.01 real, 6 MB, 30.06 load
[runlim] sample:		1572.63 time, 1580.01 real, 6 MB, 30.05 load
[runlim] sample:		1582.59 time, 1590.01 real, 6 MB, 30.04 load
[runlim] sample:		1592.54 time, 1600.01 real, 6 MB, 30.03 load
[runlim] sample:		1602.49 time, 1610.01 real, 6 MB, 30.03 load
[runlim] sample:		1612.44 time, 1620.01 real, 6 MB, 30.02 load
[runlim] sample:		1622.39 time, 1630.01 real, 6 MB, 30.02 load
[runlim] sample:		1632.35 time, 1640.01 real, 6 MB, 30.02 load
[runlim] sample:		1642.30 time, 1650.01 real, 6 MB, 30.01 load
[runlim] sample:		1652.25 time, 1660.01 real, 6 MB, 29.86 load
[runlim] sample:		1662.20 time, 1670.01 real, 6 MB, 29.72 load
[runlim] sample:		1672.16 time, 1680.01 real, 6 MB, 29.61 load
[runlim] sample:		1682.12 time, 1690.01 real, 6 MB, 29.59 load
[runlim] sample:		1692.07 time, 1700.01 real, 6 MB, 29.50 load
[runlim] sample:		1702.02 time, 1710.01 real, 6 MB, 29.42 load
[runlim] sample:		1711.97 time, 1720.01 real, 6 MB, 29.36 load
[runlim] sample:		1721.92 time, 1730.01 real, 6 MB, 29.30 load
[runlim] sample:		1731.88 time, 1740.01 real, 6 MB, 29.26 load
[runlim] sample:		1741.83 time, 1750.01 real, 6 MB, 29.22 load
[runlim] sample:		1751.78 time, 1760.01 real, 6 MB, 29.18 load
[runlim] sample:		1761.73 time, 1770.01 real, 6 MB, 29.23 load
[runlim] sample:		1771.68 time, 1780.01 real, 6 MB, 29.19 load
[runlim] sample:		1781.64 time, 1790.01 real, 6 MB, 29.24 load
[runlim] sample:		1791.59 time, 1800.01 real, 6 MB, 29.20 load
[runlim] sample:		1801.54 time, 1810.01 real, 6 MB, 29.17 load
[runlim] sample:		1811.49 time, 1820.01 real, 6 MB, 29.14 load
[runlim] sample:		1821.44 time, 1830.01 real, 6 MB, 29.28 load
[runlim] sample:		1831.39 time, 1840.01 real, 6 MB, 29.24 load
[runlim] sample:		1841.34 time, 1850.01 real, 6 MB, 29.20 load
[runlim] sample:		1851.29 time, 1860.01 real, 6 MB, 29.17 load
[runlim] sample:		1861.25 time, 1870.01 real, 6 MB, 29.14 load
[runlim] sample:		1871.20 time, 1880.01 real, 6 MB, 29.12 load
[runlim] sample:		1881.15 time, 1890.01 real, 6 MB, 29.18 load
[runlim] sample:		1891.10 time, 1900.01 real, 6 MB, 29.15 load
[runlim] sample:		1901.05 time, 1910.01 real, 6 MB, 29.12 load
[runlim] sample:		1911.00 time, 1920.01 real, 6 MB, 29.19 load
[runlim] sample:		1920.95 time, 1930.01 real, 6 MB, 29.31 load
[runlim] sample:		1930.91 time, 1940.01 real, 6 MB, 29.42 load
[runlim] sample:		1940.86 time, 1950.01 real, 6 MB, 29.51 load
[runlim] sample:		1950.81 time, 1960.01 real, 6 MB, 29.66 load
[runlim] sample:		1960.76 time, 1970.01 real, 6 MB, 29.71 load
[runlim] sample:		1970.71 time, 1980.01 real, 6 MB, 29.68 load
[runlim] sample:		1980.67 time, 1990.01 real, 6 MB, 29.73 load
[runlim] sample:		1990.62 time, 2000.01 real, 6 MB, 29.85 load
[runlim] sample:		2000.57 time, 2010.01 real, 6 MB, 29.79 load
[runlim] sample:		2010.52 time, 2020.01 real, 6 MB, 29.67 load
[runlim] sample:		2020.47 time, 2030.01 real, 6 MB, 29.56 load
[runlim] sample:		2030.42 time, 2040.01 real, 6 MB, 29.48 load
[runlim] sample:		2040.37 time, 2050.01 real, 6 MB, 29.40 load
[runlim] sample:		2050.32 time, 2060.01 real, 6 MB, 29.34 load
[runlim] sample:		2060.27 time, 2070.01 real, 6 MB, 29.44 load
[runlim] sample:		2070.22 time, 2080.01 real, 6 MB, 29.37 load
[runlim] sample:		2080.17 time, 2090.01 real, 6 MB, 29.31 load
[runlim] sample:		2090.13 time, 2100.01 real, 6 MB, 29.26 load
[runlim] sample:		2100.08 time, 2110.01 real, 6 MB, 29.22 load
[runlim] sample:		2110.03 time, 2120.01 real, 6 MB, 29.26 load
[runlim] sample:		2119.98 time, 2130.01 real, 6 MB, 29.22 load
[runlim] sample:		2129.93 time, 2140.01 real, 6 MB, 29.19 load
[runlim] sample:		2139.88 time, 2150.01 real, 6 MB, 29.16 load
[runlim] sample:		2149.83 time, 2160.01 real, 6 MB, 29.13 load
[runlim] sample:		2159.78 time, 2170.01 real, 6 MB, 29.11 load
[runlim] sample:		2169.73 time, 2180.01 real, 6 MB, 29.09 load
[runlim] sample:		2179.68 time, 2190.01 real, 6 MB, 29.08 load
[runlim] sample:		2189.63 time, 2200.01 real, 6 MB, 29.07 load
[runlim] sample:		2199.58 time, 2210.01 real, 6 MB, 29.14 load
[runlim] sample:		2209.53 time, 2220.01 real, 6 MB, 29.12 load
[runlim] sample:		2219.49 time, 2230.01 real, 6 MB, 29.10 load
[runlim] sample:		2229.44 time, 2240.01 real, 6 MB, 29.08 load
[runlim] sample:		2239.39 time, 2250.01 real, 6 MB, 29.07 load
[runlim] sample:		2249.34 time, 2260.01 real, 6 MB, 29.06 load
[runlim] sample:		2259.29 time, 2270.01 real, 6 MB, 29.05 load
[runlim] sample:		2269.24 time, 2280.01 real, 6 MB, 29.04 load
[runlim] sample:		2279.19 time, 2290.01 real, 6 MB, 29.11 load
[runlim] sample:		2289.14 time, 2300.01 real, 6 MB, 29.09 load
[runlim] sample:		2299.09 time, 2310.01 real, 6 MB, 29.08 load
[runlim] sample:		2309.04 time, 2320.01 real, 6 MB, 29.06 load
[runlim] sample:		2318.99 time, 2330.01 real, 6 MB, 29.05 load
[runlim] sample:		2328.95 time, 2340.01 real, 6 MB, 29.05 load
[runlim] sample:		2338.90 time, 2350.01 real, 6 MB, 29.04 load
[runlim] sample:		2348.85 time, 2360.01 real, 6 MB, 29.03 load
[runlim] sample:		2358.80 time, 2370.01 real, 6 MB, 29.03 load
[runlim] sample:		2368.75 time, 2380.01 real, 6 MB, 29.02 load
[runlim] sample:		2378.70 time, 2390.01 real, 6 MB, 29.02 load
[runlim] sample:		2388.66 time, 2400.01 real, 6 MB, 29.02 load
[runlim] sample:		2398.61 time, 2410.01 real, 6 MB, 29.01 load
[runlim] sample:		2408.56 time, 2420.01 real, 6 MB, 29.01 load
[runlim] sample:		2418.51 time, 2430.01 real, 6 MB, 29.01 load
[runlim] sample:		2428.46 time, 2440.01 real, 6 MB, 29.01 load
[runlim] sample:		2438.42 time, 2450.01 real, 6 MB, 29.00 load
[runlim] sample:		2448.37 time, 2460.01 real, 6 MB, 29.00 load
[runlim] sample:		2458.32 time, 2470.01 real, 6 MB, 29.00 load
[runlim] sample:		2468.27 time, 2480.01 real, 6 MB, 29.00 load
[runlim] sample:		2478.23 time, 2490.01 real, 6 MB, 29.00 load
[runlim] sample:		2488.18 time, 2500.01 real, 6 MB, 29.00 load
[runlim] sample:		2498.13 time, 2510.01 real, 6 MB, 29.00 load
[runlim] sample:		2508.08 time, 2520.01 real, 6 MB, 29.00 load
[runlim] sample:		2518.04 time, 2530.01 real, 6 MB, 29.00 load
[runlim] sample:		2527.99 time, 2540.01 real, 6 MB, 29.00 load
[runlim] sample:		2537.94 time, 2550.01 real, 6 MB, 29.00 load
[runlim] sample:		2547.89 time, 2560.01 real, 6 MB, 29.07 load
[runlim] sample:		2557.85 time, 2570.01 real, 6 MB, 29.06 load
[runlim] sample:		2567.80 time, 2580.01 real, 6 MB, 29.05 load
[runlim] sample:		2577.75 time, 2590.01 real, 6 MB, 29.04 load
[runlim] sample:		2587.70 time, 2600.01 real, 6 MB, 29.04 load
[runlim] sample:		2597.66 time, 2610.01 real, 6 MB, 29.10 load
[runlim] sample:		2607.61 time, 2620.01 real, 6 MB, 29.16 load
[runlim] sample:		2617.56 time, 2630.01 real, 6 MB, 29.14 load
[runlim] sample:		2627.51 time, 2640.01 real, 6 MB, 29.11 load
[runlim] sample:		2637.46 time, 2650.01 real, 6 MB, 29.10 load
[runlim] sample:		2647.42 time, 2660.01 real, 6 MB, 29.08 load
[runlim] sample:		2657.37 time, 2670.01 real, 6 MB, 29.07 load
[runlim] sample:		2667.32 time, 2680.01 real, 6 MB, 29.06 load
[runlim] sample:		2677.27 time, 2690.01 real, 6 MB, 29.05 load
[runlim] sample:		2687.22 time, 2700.01 real, 6 MB, 29.11 load
[runlim] sample:		2697.17 time, 2710.01 real, 6 MB, 29.10 load
[runlim] sample:		2707.12 time, 2720.01 real, 6 MB, 29.08 load
[runlim] sample:		2717.08 time, 2730.01 real, 6 MB, 29.07 load
[runlim] sample:		2727.03 time, 2740.01 real, 6 MB, 29.06 load
[runlim] sample:		2736.98 time, 2750.01 real, 6 MB, 29.05 load
[runlim] sample:		2746.93 time, 2760.01 real, 6 MB, 29.04 load
[runlim] sample:		2756.88 time, 2770.01 real, 6 MB, 29.03 load
[runlim] sample:		2766.84 time, 2780.01 real, 6 MB, 29.03 load
[runlim] sample:		2776.79 time, 2790.01 real, 6 MB, 29.10 load
[runlim] sample:		2786.74 time, 2800.01 real, 6 MB, 29.08 load
[runlim] sample:		2796.69 time, 2810.01 real, 6 MB, 29.07 load
[runlim] sample:		2806.64 time, 2820.01 real, 6 MB, 29.06 load
[runlim] sample:		2816.59 time, 2830.01 real, 6 MB, 29.05 load
[runlim] sample:		2826.54 time, 2840.01 real, 6 MB, 29.04 load
[runlim] sample:		2836.49 time, 2850.01 real, 6 MB, 29.03 load
[runlim] sample:		2846.44 time, 2860.01 real, 6 MB, 29.03 load
[runlim] sample:		2856.39 time, 2870.01 real, 6 MB, 29.02 load
[runlim] sample:		2866.34 time, 2880.01 real, 6 MB, 29.02 load
[runlim] sample:		2876.29 time, 2890.01 real, 6 MB, 29.02 load
[runlim] sample:		2886.24 time, 2900.01 real, 6 MB, 29.01 load
[runlim] sample:		2896.19 time, 2910.01 real, 6 MB, 29.01 load
[runlim] sample:		2906.14 time, 2920.01 real, 6 MB, 29.01 load
[runlim] sample:		2916.09 time, 2930.01 real, 6 MB, 29.15 load
[runlim] sample:		2926.04 time, 2940.01 real, 6 MB, 29.13 load
[runlim] sample:		2935.99 time, 2950.01 real, 6 MB, 29.11 load
[runlim] sample:		2945.93 time, 2960.01 real, 6 MB, 29.09 load
[runlim] sample:		2955.88 time, 2970.01 real, 6 MB, 29.08 load
[runlim] sample:		2965.83 time, 2980.01 real, 6 MB, 29.07 load
[runlim] sample:		2975.78 time, 2990.01 real, 6 MB, 29.06 load
[runlim] sample:		2985.73 time, 3000.01 real, 6 MB, 29.12 load
[runlim] sample:		2995.68 time, 3010.01 real, 6 MB, 29.10 load
[runlim] sample:		3005.63 time, 3020.01 real, 6 MB, 29.08 load
[runlim] sample:		3015.58 time, 3030.01 real, 6 MB, 29.07 load
[runlim] sample:		3025.53 time, 3040.01 real, 6 MB, 29.06 load
[runlim] sample:		3035.48 time, 3050.01 real, 6 MB, 29.05 load
[runlim] sample:		3045.43 time, 3060.01 real, 6 MB, 29.20 load
[runlim] sample:		3055.38 time, 3070.01 real, 6 MB, 29.24 load
[runlim] sample:		3065.33 time, 3080.01 real, 6 MB, 29.20 load
[runlim] sample:		3075.28 time, 3090.01 real, 6 MB, 29.17 load
[runlim] sample:		3085.23 time, 3100.01 real, 6 MB, 29.14 load
[runlim] sample:		3095.17 time, 3110.01 real, 6 MB, 29.12 load
[runlim] sample:		3105.12 time, 3120.01 real, 6 MB, 29.18 load
[runlim] sample:		3115.07 time, 3130.01 real, 6 MB, 29.15 load
[runlim] sample:		3125.02 time, 3140.01 real, 6 MB, 29.13 load
[runlim] sample:		3134.97 time, 3150.01 real, 6 MB, 29.11 load
[runlim] sample:		3144.92 time, 3160.01 real, 6 MB, 29.09 load
[runlim] sample:		3154.87 time, 3170.01 real, 6 MB, 29.08 load
[runlim] sample:		3164.82 time, 3180.01 real, 6 MB, 29.14 load
[runlim] sample:		3174.77 time, 3190.01 real, 6 MB, 29.12 load
[runlim] sample:		3184.72 time, 3200.01 real, 6 MB, 29.10 load
[runlim] sample:		3194.67 time, 3210.01 real, 6 MB, 29.08 load
[runlim] sample:		3204.62 time, 3220.01 real, 6 MB, 29.07 load
[runlim] sample:		3214.57 time, 3230.01 real, 6 MB, 29.06 load
[runlim] sample:		3224.52 time, 3240.01 real, 6 MB, 29.12 load
[runlim] sample:		3234.47 time, 3250.01 real, 6 MB, 29.10 load
[runlim] sample:		3244.42 time, 3260.01 real, 6 MB, 29.09 load
[runlim] sample:		3254.37 time, 3270.01 real, 6 MB, 29.07 load
[runlim] sample:		3264.32 time, 3280.01 real, 6 MB, 29.06 load
[runlim] sample:		3274.27 time, 3290.01 real, 6 MB, 29.13 load
[runlim] sample:		3284.22 time, 3300.01 real, 6 MB, 29.11 load
[runlim] sample:		3294.17 time, 3310.01 real, 6 MB, 29.09 load
[runlim] sample:		3304.13 time, 3320.01 real, 6 MB, 29.08 load
[runlim] sample:		3314.08 time, 3330.01 real, 6 MB, 29.06 load
[runlim] sample:		3324.03 time, 3340.01 real, 6 MB, 29.05 load
[runlim] sample:		3333.98 time, 3350.01 real, 6 MB, 29.04 load
[runlim] sample:		3343.92 time, 3360.01 real, 6 MB, 29.11 load
[runlim] sample:		3353.87 time, 3370.01 real, 6 MB, 29.09 load
[runlim] sample:		3363.82 time, 3380.01 real, 6 MB, 29.08 load
[runlim] sample:		3373.77 time, 3390.01 real, 6 MB, 29.07 load
[runlim] sample:		3383.72 time, 3400.01 real, 6 MB, 29.06 load
[runlim] sample:		3393.67 time, 3410.01 real, 6 MB, 29.05 load
[runlim] sample:		3403.62 time, 3420.01 real, 6 MB, 29.11 load
[runlim] sample:		3413.57 time, 3430.01 real, 6 MB, 29.10 load
[runlim] sample:		3423.52 time, 3440.01 real, 6 MB, 29.08 load
[runlim] sample:		3433.47 time, 3450.01 real, 6 MB, 29.07 load
[runlim] sample:		3443.42 time, 3460.01 real, 6 MB, 29.06 load
[runlim] sample:		3453.37 time, 3470.01 real, 6 MB, 29.05 load
[runlim] sample:		3463.32 time, 3480.01 real, 6 MB, 29.19 load
[runlim] sample:		3473.27 time, 3490.01 real, 6 MB, 29.16 load
[runlim] sample:		3483.22 time, 3500.01 real, 6 MB, 29.22 load
[runlim] sample:		3493.17 time, 3510.01 real, 6 MB, 29.18 load
[runlim] sample:		3503.12 time, 3520.01 real, 6 MB, 29.16 load
[runlim] sample:		3513.07 time, 3530.01 real, 6 MB, 29.13 load
[runlim] sample:		3523.02 time, 3540.01 real, 6 MB, 29.18 load
[runlim] sample:		3532.97 time, 3550.01 real, 6 MB, 29.16 load
[runlim] sample:		3542.92 time, 3560.01 real, 6 MB, 29.13 load
[runlim] sample:		3552.87 time, 3570.01 real, 6 MB, 29.18 load
[runlim] sample:		3562.82 time, 3580.01 real, 6 MB, 29.16 load
[runlim] sample:		3572.77 time, 3590.01 real, 6 MB, 29.13 load
[runlim] sample:		3582.72 time, 3600.01 real, 6 MB, 29.19 load
[runlim] sample:		3592.67 time, 3610.01 real, 6 MB, 29.16 load
[runlim] sample:		3602.62 time, 3620.01 real, 6 MB, 29.14 load
[runlim] sample:		3612.57 time, 3630.01 real, 6 MB, 29.12 load
[runlim] sample:		3622.52 time, 3640.01 real, 6 MB, 29.10 load
[runlim] sample:		3632.47 time, 3650.01 real, 6 MB, 29.08 load
[runlim] sample:		3642.42 time, 3660.01 real, 6 MB, 29.22 load
[runlim] sample:		3652.37 time, 3670.01 real, 6 MB, 29.18 load
[runlim] sample:		3662.32 time, 3680.01 real, 6 MB, 29.15 load
[runlim] sample:		3672.27 time, 3690.01 real, 6 MB, 29.20 load
[runlim] sample:		3682.22 time, 3700.01 real, 6 MB, 29.25 load
[runlim] sample:		3692.17 time, 3710.01 real, 6 MB, 29.21 load
[runlim] sample:		3702.12 time, 3720.01 real, 6 MB, 29.18 load
[runlim] sample:		3712.07 time, 3730.01 real, 6 MB, 29.15 load
[runlim] sample:		3722.02 time, 3740.01 real, 6 MB, 29.13 load
[runlim] sample:		3731.96 time, 3750.01 real, 6 MB, 29.11 load
[runlim] sample:		3741.91 time, 3760.01 real, 6 MB, 29.09 load
[runlim] sample:		3751.86 time, 3770.01 real, 6 MB, 29.08 load
[runlim] sample:		3761.81 time, 3780.01 real, 6 MB, 29.06 load
[runlim] sample:		3771.76 time, 3790.01 real, 6 MB, 29.13 load
[runlim] sample:		3781.71 time, 3800.01 real, 6 MB, 29.26 load
[runlim] sample:		3791.66 time, 3810.01 real, 6 MB, 29.22 load
[runlim] sample:		3801.61 time, 3820.01 real, 6 MB, 29.26 load
[runlim] sample:		3811.56 time, 3830.01 real, 6 MB, 29.22 load
[runlim] sample:		3821.51 time, 3840.01 real, 6 MB, 29.19 load
[runlim] sample:		3831.46 time, 3850.01 real, 6 MB, 29.16 load
[runlim] sample:		3841.41 time, 3860.01 real, 6 MB, 29.21 load
[runlim] sample:		3851.36 time, 3870.01 real, 6 MB, 29.17 load
[runlim] sample:		3861.31 time, 3880.01 real, 6 MB, 29.31 load
[runlim] sample:		3871.26 time, 3890.01 real, 6 MB, 29.26 load
[runlim] sample:		3881.21 time, 3900.01 real, 6 MB, 29.22 load
[runlim] sample:		3891.16 time, 3910.01 real, 6 MB, 29.18 load
[runlim] sample:		3901.10 time, 3920.01 real, 6 MB, 29.23 load
[runlim] sample:		3911.05 time, 3930.01 real, 6 MB, 29.19 load
[runlim] sample:		3921.00 time, 3940.01 real, 6 MB, 29.16 load
[runlim] sample:		3930.95 time, 3950.01 real, 6 MB, 29.14 load
[runlim] sample:		3940.90 time, 3960.01 real, 6 MB, 29.12 load
[runlim] sample:		3950.85 time, 3970.01 real, 6 MB, 29.10 load
[runlim] sample:		3960.80 time, 3980.01 real, 6 MB, 29.08 load
[runlim] sample:		3970.75 time, 3990.01 real, 6 MB, 29.07 load
[runlim] sample:		3980.70 time, 4000.01 real, 6 MB, 29.14 load
[runlim] sample:		3990.65 time, 4010.01 real, 6 MB, 29.12 load
[runlim] sample:		4000.60 time, 4020.01 real, 6 MB, 29.10 load
[runlim] sample:		4010.55 time, 4030.01 real, 6 MB, 29.08 load
[runlim] sample:		4020.50 time, 4040.01 real, 6 MB, 29.07 load
[runlim] sample:		4030.45 time, 4050.01 real, 6 MB, 29.06 load
[runlim] sample:		4040.39 time, 4060.01 real, 6 MB, 29.61 load
[runlim] sample:		4050.34 time, 4070.01 real, 6 MB, 29.59 load
[runlim] sample:		4060.29 time, 4080.01 real, 6 MB, 29.50 load
[runlim] sample:		4070.24 time, 4090.01 real, 6 MB, 29.50 load
[runlim] sample:		4080.19 time, 4100.01 real, 6 MB, 29.51 load
[runlim] sample:		4090.14 time, 4110.01 real, 6 MB, 29.43 load
[runlim] sample:		4100.09 time, 4120.01 real, 6 MB, 29.36 load
[runlim] sample:		4110.04 time, 4130.01 real, 6 MB, 29.30 load
[runlim] sample:		4119.99 time, 4140.01 real, 6 MB, 29.26 load
[runlim] sample:		4129.94 time, 4150.01 real, 6 MB, 29.22 load
[runlim] sample:		4139.89 time, 4160.01 real, 6 MB, 29.18 load
[runlim] sample:		4149.84 time, 4170.01 real, 6 MB, 29.16 load
[runlim] sample:		4159.79 time, 4180.01 real, 6 MB, 29.13 load
[runlim] sample:		4169.74 time, 4190.01 real, 6 MB, 29.11 load
[runlim] sample:		4179.69 time, 4200.01 real, 6 MB, 29.09 load
[runlim] sample:		4189.64 time, 4210.01 real, 6 MB, 29.08 load
[runlim] sample:		4199.59 time, 4220.01 real, 6 MB, 29.07 load
[runlim] sample:		4209.53 time, 4230.01 real, 6 MB, 29.06 load
[runlim] sample:		4219.48 time, 4240.01 real, 6 MB, 29.05 load
[runlim] sample:		4229.43 time, 4250.01 real, 6 MB, 29.04 load
[runlim] sample:		4239.38 time, 4260.01 real, 6 MB, 29.03 load
[runlim] sample:		4249.33 time, 4270.01 real, 6 MB, 29.03 load
[runlim] sample:		4259.28 time, 4280.01 real, 6 MB, 29.02 load
[runlim] sample:		4269.23 time, 4290.01 real, 6 MB, 29.09 load
[runlim] sample:		4279.18 time, 4300.01 real, 6 MB, 29.08 load
[runlim] sample:		4289.13 time, 4310.01 real, 6 MB, 29.07 load
[runlim] sample:		4299.08 time, 4320.01 real, 6 MB, 29.06 load
[runlim] sample:		4309.03 time, 4330.01 real, 6 MB, 29.05 load
[runlim] sample:		4318.98 time, 4340.01 real, 6 MB, 29.04 load
[runlim] sample:		4328.92 time, 4350.01 real, 6 MB, 29.03 load
[runlim] sample:		4338.87 time, 4360.01 real, 6 MB, 31.19 load
[runlim] sample:		4348.82 time, 4370.01 real, 6 MB, 30.85 load
[runlim] sample:		4358.77 time, 4380.01 real, 6 MB, 30.57 load
[runlim] sample:		4368.72 time, 4390.01 real, 6 MB, 30.33 load
[runlim] sample:		4378.67 time, 4400.01 real, 6 MB, 30.20 load
[runlim] sample:		4388.62 time, 4410.01 real, 6 MB, 30.02 load
[runlim] sample:		4398.57 time, 4420.01 real, 6 MB, 30.02 load
[runlim] sample:		4408.52 time, 4430.01 real, 6 MB, 29.86 load
[runlim] sample:		4418.47 time, 4440.01 real, 6 MB, 29.73 load
[runlim] sample:		4428.42 time, 4450.01 real, 6 MB, 29.62 load
[runlim] sample:		4438.36 time, 4460.01 real, 6 MB, 29.52 load
[runlim] sample:		4448.31 time, 4470.01 real, 6 MB, 29.44 load
[runlim] sample:		4458.26 time, 4480.01 real, 6 MB, 29.37 load
[runlim] sample:		4468.21 time, 4490.01 real, 6 MB, 29.31 load
[runlim] sample:		4478.16 time, 4500.01 real, 6 MB, 29.27 load
[runlim] sample:		4488.11 time, 4510.01 real, 6 MB, 29.22 load
[runlim] sample:		4498.06 time, 4520.01 real, 6 MB, 29.19 load
[runlim] sample:		4508.01 time, 4530.01 real, 6 MB, 29.16 load
[runlim] sample:		4517.95 time, 4540.01 real, 6 MB, 29.13 load
[runlim] sample:		4527.90 time, 4550.01 real, 6 MB, 29.11 load
[runlim] sample:		4537.85 time, 4560.01 real, 6 MB, 29.10 load
[runlim] sample:		4547.80 time, 4570.01 real, 6 MB, 29.15 load
[runlim] sample:		4557.75 time, 4580.01 real, 6 MB, 29.21 load
[runlim] sample:		4567.70 time, 4590.01 real, 6 MB, 29.18 load
[runlim] sample:		4577.65 time, 4600.01 real, 6 MB, 29.15 load
[runlim] sample:		4587.60 time, 4610.01 real, 6 MB, 29.20 load
[runlim] sample:		4597.55 time, 4620.01 real, 6 MB, 29.17 load
[runlim] sample:		4607.49 time, 4630.01 real, 6 MB, 29.14 load
[runlim] sample:		4617.44 time, 4640.01 real, 6 MB, 29.12 load
[runlim] sample:		4627.39 time, 4650.01 real, 6 MB, 29.10 load
[runlim] sample:		4637.34 time, 4660.01 real, 6 MB, 29.09 load
[runlim] sample:		4647.29 time, 4670.01 real, 6 MB, 29.07 load
[runlim] sample:		4657.24 time, 4680.01 real, 6 MB, 29.14 load
[runlim] sample:		4667.19 time, 4690.01 real, 6 MB, 29.12 load
[runlim] sample:		4677.14 time, 4700.01 real, 6 MB, 29.10 load
[runlim] sample:		4687.09 time, 4710.01 real, 6 MB, 29.08 load
[runlim] sample:		4697.04 time, 4720.01 real, 6 MB, 29.07 load
[runlim] sample:		4706.99 time, 4730.01 real, 6 MB, 29.13 load
[runlim] sample:		4716.94 time, 4740.01 real, 6 MB, 29.19 load
[runlim] sample:		4726.88 time, 4750.01 real, 6 MB, 29.16 load
[runlim] sample:		4736.83 time, 4760.01 real, 6 MB, 29.14 load
[runlim] sample:		4746.78 time, 4770.01 real, 6 MB, 29.12 load
[runlim] sample:		4756.73 time, 4780.01 real, 6 MB, 29.10 load
[runlim] sample:		4766.68 time, 4790.01 real, 6 MB, 29.16 load
[runlim] sample:		4776.63 time, 4800.01 real, 6 MB, 29.13 load
[runlim] sample:		4786.58 time, 4810.01 real, 6 MB, 29.18 load
[runlim] sample:		4796.53 time, 4820.01 real, 6 MB, 29.16 load
[runlim] sample:		4806.48 time, 4830.01 real, 6 MB, 29.13 load
[runlim] sample:		4816.42 time, 4840.01 real, 6 MB, 29.11 load
[runlim] sample:		4826.37 time, 4850.01 real, 6 MB, 29.17 load
[runlim] sample:		4836.32 time, 4860.01 real, 6 MB, 29.14 load
[runlim] sample:		4846.27 time, 4870.01 real, 6 MB, 29.19 load
[runlim] sample:		4856.22 time, 4880.01 real, 6 MB, 29.16 load
[runlim] sample:		4866.17 time, 4890.01 real, 6 MB, 29.21 load
[runlim] sample:		4876.12 time, 4900.01 real, 6 MB, 29.18 load
[runlim] sample:		4886.07 time, 4910.01 real, 6 MB, 29.15 load
[runlim] sample:		4896.02 time, 4920.01 real, 6 MB, 29.13 load
[runlim] sample:		4905.96 time, 4930.01 real, 6 MB, 29.18 load
[runlim] sample:		4915.91 time, 4940.01 real, 6 MB, 29.23 load
[runlim] sample:		4925.86 time, 4950.01 real, 6 MB, 29.20 load
[runlim] sample:		4935.81 time, 4960.01 real, 6 MB, 29.17 load
[runlim] sample:		4945.76 time, 4970.01 real, 6 MB, 29.14 load
[runlim] sample:		4955.71 time, 4980.01 real, 6 MB, 29.12 load
[runlim] sample:		4965.65 time, 4990.01 real, 6 MB, 28.78 load
[runlim] sample:		4975.59 time, 5000.01 real, 6 MB, 27.11 load
[runlim] end:			Thu Apr  9 21:45:42 2026
[runlim] status:		out of time
[runlim] result:		2
[runlim] children:		1
[runlim] processes:		2
[runlim] real:			5000.05 seconds
[runlim] time:			4975.59 seconds
[runlim] space:			6 MB
[runlim] load:			31.19 maximum
[runlim] samples:		50000
