[runlim] version:		2.0.0rc1
[runlim] host:			o02n06
[runlim] time limit:		311040000 seconds
[runlim] real time limit:	5000 seconds
[runlim] space limit:		7000 MB
[runlim] argv[0]:		./binary
[runlim] argv[1]:		-c
[runlim] argv[2]:		-f
[runlim] argv[3]:		-s
[runlim] argv[4]:		-r
[runlim] argv[5]:		/tmp/local-unzipped-12459995-2-74-mc2025_track1_027.cnf
[runlim] start:			Thu Apr  9 20:22:13 2026
[runlim] child:			1811059
[runlim] sample:		9.96 time, 10.01 real, 3 MB, 2.37 load
[runlim] sample:		19.92 time, 20.01 real, 3 MB, 5.33 load
[runlim] sample:		29.88 time, 30.01 real, 3 MB, 9.37 load
[runlim] sample:		39.82 time, 40.01 real, 3 MB, 13.08 load
[runlim] sample:		49.77 time, 50.01 real, 3 MB, 16.06 load
[runlim] sample:		59.73 time, 60.01 real, 3 MB, 18.59 load
[runlim] sample:		69.69 time, 70.01 real, 3 MB, 20.65 load
[runlim] sample:		79.65 time, 80.01 real, 3 MB, 22.39 load
[runlim] sample:		89.60 time, 90.01 real, 3 MB, 23.71 load
[runlim] sample:		99.56 time, 100.01 real, 3 MB, 24.83 load
[runlim] sample:		109.52 time, 110.01 real, 3 MB, 25.78 load
[runlim] sample:		119.47 time, 120.01 real, 3 MB, 26.66 load
[runlim] sample:		129.43 time, 130.01 real, 3 MB, 27.33 load
[runlim] sample:		139.39 time, 140.01 real, 3 MB, 27.89 load
[runlim] sample:		149.34 time, 150.01 real, 3 MB, 28.37 load
[runlim] sample:		159.30 time, 160.01 real, 3 MB, 28.77 load
[runlim] sample:		169.26 time, 170.01 real, 3 MB, 29.12 load
[runlim] sample:		179.21 time, 180.01 real, 3 MB, 29.48 load
[runlim] sample:		189.17 time, 190.01 real, 3 MB, 29.71 load
[runlim] sample:		199.12 time, 200.01 real, 3 MB, 29.91 load
[runlim] sample:		209.07 time, 210.01 real, 3 MB, 30.08 load
[runlim] sample:		219.03 time, 220.01 real, 3 MB, 30.22 load
[runlim] sample:		228.98 time, 230.01 real, 3 MB, 30.34 load
[runlim] sample:		238.94 time, 240.01 real, 3 MB, 30.44 load
[runlim] sample:		248.89 time, 250.01 real, 3 MB, 30.53 load
[runlim] sample:		258.85 time, 260.01 real, 3 MB, 30.60 load
[runlim] sample:		268.80 time, 270.01 real, 3 MB, 30.66 load
[runlim] sample:		278.76 time, 280.01 real, 3 MB, 30.72 load
[runlim] sample:		288.71 time, 290.01 real, 3 MB, 30.76 load
[runlim] sample:		298.67 time, 300.01 real, 3 MB, 30.80 load
[runlim] sample:		308.62 time, 310.01 real, 3 MB, 30.83 load
[runlim] sample:		318.58 time, 320.01 real, 3 MB, 30.86 load
[runlim] sample:		328.53 time, 330.01 real, 3 MB, 30.88 load
[runlim] sample:		338.49 time, 340.01 real, 3 MB, 30.90 load
[runlim] sample:		348.44 time, 350.01 real, 3 MB, 30.91 load
[runlim] sample:		358.40 time, 360.01 real, 3 MB, 30.93 load
[runlim] sample:		368.35 time, 370.01 real, 3 MB, 30.78 load
[runlim] sample:		378.31 time, 380.01 real, 3 MB, 30.74 load
[runlim] sample:		388.27 time, 390.01 real, 3 MB, 30.63 load
[runlim] sample:		398.22 time, 400.01 real, 3 MB, 30.53 load
[runlim] sample:		408.18 time, 410.01 real, 3 MB, 30.45 load
[runlim] sample:		418.14 time, 420.01 real, 3 MB, 30.38 load
[runlim] sample:		428.09 time, 430.01 real, 3 MB, 30.32 load
[runlim] sample:		438.05 time, 440.01 real, 3 MB, 30.27 load
[runlim] sample:		448.01 time, 450.01 real, 3 MB, 30.30 load
[runlim] sample:		457.96 time, 460.01 real, 3 MB, 30.26 load
[runlim] sample:		467.92 time, 470.01 real, 3 MB, 30.22 load
[runlim] sample:		477.87 time, 480.01 real, 3 MB, 30.26 load
[runlim] sample:		487.83 time, 490.01 real, 3 MB, 30.22 load
[runlim] sample:		497.78 time, 500.01 real, 3 MB, 30.26 load
[runlim] sample:		507.74 time, 510.01 real, 3 MB, 30.22 load
[runlim] sample:		517.69 time, 520.01 real, 3 MB, 30.19 load
[runlim] sample:		527.65 time, 530.01 real, 3 MB, 30.23 load
[runlim] sample:		537.60 time, 540.01 real, 3 MB, 30.28 load
[runlim] sample:		547.56 time, 550.01 real, 3 MB, 30.23 load
[runlim] sample:		557.51 time, 560.01 real, 3 MB, 30.34 load
[runlim] sample:		567.47 time, 570.01 real, 3 MB, 30.37 load
[runlim] sample:		577.42 time, 580.01 real, 3 MB, 30.38 load
[runlim] sample:		587.38 time, 590.01 real, 3 MB, 30.32 load
[runlim] sample:		597.33 time, 600.01 real, 3 MB, 30.27 load
[runlim] sample:		607.29 time, 610.01 real, 3 MB, 30.23 load
[runlim] sample:		617.24 time, 620.01 real, 3 MB, 30.35 load
[runlim] sample:		627.20 time, 630.01 real, 3 MB, 30.30 load
[runlim] sample:		637.15 time, 640.01 real, 3 MB, 30.25 load
[runlim] sample:		647.11 time, 650.01 real, 3 MB, 30.21 load
[runlim] sample:		657.06 time, 660.01 real, 3 MB, 30.18 load
[runlim] sample:		667.01 time, 670.01 real, 3 MB, 30.15 load
[runlim] sample:		676.97 time, 680.01 real, 3 MB, 30.20 load
[runlim] sample:		686.92 time, 690.01 real, 3 MB, 30.17 load
[runlim] sample:		696.88 time, 700.01 real, 3 MB, 30.14 load
[runlim] sample:		706.83 time, 710.01 real, 3 MB, 30.12 load
[runlim] sample:		716.79 time, 720.01 real, 3 MB, 30.10 load
[runlim] sample:		726.74 time, 730.01 real, 3 MB, 30.09 load
[runlim] sample:		736.70 time, 740.01 real, 3 MB, 30.22 load
[runlim] sample:		746.65 time, 750.01 real, 3 MB, 30.18 load
[runlim] sample:		756.61 time, 760.01 real, 3 MB, 30.16 load
[runlim] sample:		766.56 time, 770.01 real, 3 MB, 30.13 load
[runlim] sample:		776.52 time, 780.01 real, 3 MB, 30.18 load
[runlim] sample:		786.48 time, 790.01 real, 3 MB, 30.16 load
[runlim] sample:		796.44 time, 800.01 real, 3 MB, 30.21 load
[runlim] sample:		806.39 time, 810.01 real, 3 MB, 30.17 load
[runlim] sample:		816.35 time, 820.01 real, 3 MB, 30.31 load
[runlim] sample:		826.30 time, 830.01 real, 3 MB, 30.26 load
[runlim] sample:		836.26 time, 840.01 real, 3 MB, 30.30 load
[runlim] sample:		846.21 time, 850.01 real, 3 MB, 30.25 load
[runlim] sample:		856.16 time, 860.01 real, 3 MB, 30.21 load
[runlim] sample:		866.12 time, 870.01 real, 3 MB, 30.18 load
[runlim] sample:		876.07 time, 880.01 real, 3 MB, 30.15 load
[runlim] sample:		886.03 time, 890.01 real, 3 MB, 30.13 load
[runlim] sample:		895.98 time, 900.01 real, 3 MB, 30.19 load
[runlim] sample:		905.94 time, 910.01 real, 3 MB, 30.16 load
[runlim] sample:		915.89 time, 920.01 real, 3 MB, 30.21 load
[runlim] sample:		925.84 time, 930.01 real, 3 MB, 30.18 load
[runlim] sample:		935.80 time, 940.01 real, 3 MB, 30.15 load
[runlim] sample:		945.75 time, 950.01 real, 3 MB, 30.13 load
[runlim] sample:		955.71 time, 960.01 real, 3 MB, 30.19 load
[runlim] sample:		965.66 time, 970.01 real, 3 MB, 30.24 load
[runlim] sample:		975.62 time, 980.01 real, 3 MB, 30.20 load
[runlim] sample:		985.57 time, 990.01 real, 3 MB, 30.17 load
[runlim] sample:		995.53 time, 1000.01 real, 3 MB, 30.22 load
[runlim] sample:		1005.48 time, 1010.01 real, 3 MB, 30.18 load
[runlim] sample:		1015.43 time, 1020.01 real, 3 MB, 30.16 load
[runlim] sample:		1025.38 time, 1030.01 real, 3 MB, 30.13 load
[runlim] sample:		1035.34 time, 1040.01 real, 3 MB, 30.19 load
[runlim] sample:		1045.29 time, 1050.01 real, 3 MB, 30.16 load
[runlim] sample:		1055.25 time, 1060.01 real, 3 MB, 30.14 load
[runlim] sample:		1065.20 time, 1070.01 real, 3 MB, 30.11 load
[runlim] sample:		1075.15 time, 1080.01 real, 3 MB, 30.17 load
[runlim] sample:		1085.11 time, 1090.01 real, 3 MB, 30.14 load
[runlim] sample:		1095.06 time, 1100.01 real, 3 MB, 30.12 load
[runlim] sample:		1105.02 time, 1110.01 real, 3 MB, 30.18 load
[runlim] sample:		1114.97 time, 1120.01 real, 3 MB, 30.15 load
[runlim] sample:		1124.93 time, 1130.01 real, 3 MB, 30.13 load
[runlim] sample:		1134.89 time, 1140.01 real, 3 MB, 30.18 load
[runlim] sample:		1144.84 time, 1150.01 real, 3 MB, 30.15 load
[runlim] sample:		1154.79 time, 1160.01 real, 3 MB, 30.13 load
[runlim] sample:		1164.75 time, 1170.01 real, 3 MB, 30.11 load
[runlim] sample:		1174.70 time, 1180.01 real, 3 MB, 30.09 load
[runlim] sample:		1184.66 time, 1190.01 real, 3 MB, 30.08 load
[runlim] sample:		1194.61 time, 1200.01 real, 3 MB, 30.06 load
[runlim] sample:		1204.57 time, 1210.01 real, 3 MB, 30.05 load
[runlim] sample:		1214.52 time, 1220.01 real, 3 MB, 30.05 load
[runlim] sample:		1224.47 time, 1230.01 real, 3 MB, 30.04 load
[runlim] sample:		1234.43 time, 1240.01 real, 3 MB, 30.03 load
[runlim] sample:		1244.38 time, 1250.01 real, 3 MB, 30.03 load
[runlim] sample:		1254.34 time, 1260.01 real, 3 MB, 30.02 load
[runlim] sample:		1264.29 time, 1270.01 real, 3 MB, 30.02 load
[runlim] sample:		1274.25 time, 1280.01 real, 3 MB, 30.02 load
[runlim] sample:		1284.20 time, 1290.01 real, 3 MB, 30.01 load
[runlim] sample:		1294.15 time, 1300.01 real, 3 MB, 30.16 load
[runlim] sample:		1304.11 time, 1310.01 real, 3 MB, 30.14 load
[runlim] sample:		1314.06 time, 1320.01 real, 3 MB, 30.12 load
[runlim] sample:		1324.02 time, 1330.01 real, 3 MB, 30.10 load
[runlim] sample:		1333.97 time, 1340.01 real, 3 MB, 30.08 load
[runlim] sample:		1343.92 time, 1350.01 real, 3 MB, 30.07 load
[runlim] sample:		1353.88 time, 1360.01 real, 3 MB, 30.14 load
[runlim] sample:		1363.83 time, 1370.01 real, 3 MB, 30.12 load
[runlim] sample:		1373.79 time, 1380.01 real, 3 MB, 30.10 load
[runlim] sample:		1383.74 time, 1390.01 real, 3 MB, 30.08 load
[runlim] sample:		1393.69 time, 1400.01 real, 3 MB, 30.07 load
[runlim] sample:		1403.64 time, 1410.01 real, 3 MB, 30.06 load
[runlim] sample:		1413.60 time, 1420.01 real, 3 MB, 30.05 load
[runlim] sample:		1423.55 time, 1430.01 real, 3 MB, 30.04 load
[runlim] sample:		1433.50 time, 1440.01 real, 3 MB, 30.03 load
[runlim] sample:		1443.46 time, 1450.01 real, 3 MB, 30.03 load
[runlim] sample:		1453.41 time, 1460.01 real, 3 MB, 30.02 load
[runlim] sample:		1463.37 time, 1470.01 real, 3 MB, 30.02 load
[runlim] sample:		1473.32 time, 1480.01 real, 3 MB, 30.10 load
[runlim] sample:		1483.27 time, 1490.01 real, 3 MB, 30.08 load
[runlim] sample:		1493.23 time, 1500.01 real, 3 MB, 30.07 load
[runlim] sample:		1503.18 time, 1510.01 real, 3 MB, 30.06 load
[runlim] sample:		1513.13 time, 1520.01 real, 3 MB, 30.05 load
[runlim] sample:		1523.08 time, 1530.01 real, 3 MB, 30.04 load
[runlim] sample:		1533.04 time, 1540.01 real, 3 MB, 30.11 load
[runlim] sample:		1542.99 time, 1550.01 real, 3 MB, 30.10 load
[runlim] sample:		1552.94 time, 1560.01 real, 3 MB, 30.08 load
[runlim] sample:		1562.90 time, 1570.01 real, 3 MB, 30.07 load
[runlim] sample:		1572.85 time, 1580.01 real, 3 MB, 30.06 load
[runlim] sample:		1582.80 time, 1590.01 real, 3 MB, 30.05 load
[runlim] sample:		1592.76 time, 1600.01 real, 3 MB, 30.04 load
[runlim] sample:		1602.71 time, 1610.01 real, 3 MB, 30.03 load
[runlim] sample:		1612.67 time, 1620.01 real, 3 MB, 30.03 load
[runlim] sample:		1622.62 time, 1630.01 real, 3 MB, 30.02 load
[runlim] sample:		1632.57 time, 1640.01 real, 3 MB, 30.02 load
[runlim] sample:		1642.53 time, 1650.01 real, 3 MB, 30.02 load
[runlim] sample:		1652.48 time, 1660.01 real, 3 MB, 30.01 load
[runlim] sample:		1662.44 time, 1670.01 real, 3 MB, 29.86 load
[runlim] sample:		1672.39 time, 1680.01 real, 3 MB, 29.72 load
[runlim] sample:		1682.34 time, 1690.01 real, 3 MB, 29.61 load
[runlim] sample:		1692.30 time, 1700.01 real, 3 MB, 29.59 load
[runlim] sample:		1702.25 time, 1710.01 real, 3 MB, 29.50 load
[runlim] sample:		1712.21 time, 1720.01 real, 3 MB, 29.42 load
[runlim] sample:		1722.17 time, 1730.01 real, 3 MB, 29.36 load
[runlim] sample:		1732.12 time, 1740.01 real, 3 MB, 29.30 load
[runlim] sample:		1742.07 time, 1750.01 real, 3 MB, 29.26 load
[runlim] sample:		1752.03 time, 1760.01 real, 3 MB, 29.22 load
[runlim] sample:		1761.98 time, 1770.01 real, 3 MB, 29.18 load
[runlim] sample:		1771.94 time, 1780.01 real, 3 MB, 29.23 load
[runlim] sample:		1781.89 time, 1790.01 real, 3 MB, 29.19 load
[runlim] sample:		1791.84 time, 1800.01 real, 3 MB, 29.24 load
[runlim] sample:		1801.79 time, 1810.01 real, 3 MB, 29.20 load
[runlim] sample:		1811.74 time, 1820.01 real, 3 MB, 29.17 load
[runlim] sample:		1821.69 time, 1830.01 real, 3 MB, 29.14 load
[runlim] sample:		1831.64 time, 1840.01 real, 3 MB, 29.28 load
[runlim] sample:		1841.59 time, 1850.01 real, 3 MB, 29.24 load
[runlim] sample:		1851.54 time, 1860.01 real, 3 MB, 29.20 load
[runlim] sample:		1861.49 time, 1870.01 real, 3 MB, 29.17 load
[runlim] sample:		1871.44 time, 1880.01 real, 3 MB, 29.14 load
[runlim] sample:		1881.39 time, 1890.01 real, 3 MB, 29.12 load
[runlim] sample:		1891.34 time, 1900.01 real, 3 MB, 29.18 load
[runlim] sample:		1901.29 time, 1910.01 real, 3 MB, 29.15 load
[runlim] sample:		1911.24 time, 1920.01 real, 3 MB, 29.12 load
[runlim] sample:		1921.19 time, 1930.01 real, 3 MB, 29.19 load
[runlim] sample:		1931.14 time, 1940.01 real, 3 MB, 29.31 load
[runlim] sample:		1941.09 time, 1950.01 real, 3 MB, 29.42 load
[runlim] sample:		1951.04 time, 1960.01 real, 3 MB, 29.51 load
[runlim] sample:		1960.99 time, 1970.01 real, 3 MB, 29.66 load
[runlim] sample:		1970.94 time, 1980.01 real, 3 MB, 29.71 load
[runlim] sample:		1980.90 time, 1990.01 real, 3 MB, 29.68 load
[runlim] sample:		1990.85 time, 2000.01 real, 3 MB, 29.73 load
[runlim] sample:		2000.80 time, 2010.01 real, 3 MB, 29.85 load
[runlim] sample:		2010.75 time, 2020.01 real, 3 MB, 29.79 load
[runlim] sample:		2020.70 time, 2030.01 real, 3 MB, 29.67 load
[runlim] sample:		2030.65 time, 2040.01 real, 3 MB, 29.56 load
[runlim] sample:		2040.61 time, 2050.01 real, 3 MB, 29.48 load
[runlim] sample:		2050.56 time, 2060.01 real, 3 MB, 29.40 load
[runlim] sample:		2060.51 time, 2070.01 real, 3 MB, 29.34 load
[runlim] sample:		2070.47 time, 2080.01 real, 3 MB, 29.44 load
[runlim] sample:		2080.42 time, 2090.01 real, 3 MB, 29.37 load
[runlim] sample:		2090.37 time, 2100.01 real, 3 MB, 29.31 load
[runlim] sample:		2100.32 time, 2110.01 real, 3 MB, 29.26 load
[runlim] sample:		2110.27 time, 2120.01 real, 3 MB, 29.22 load
[runlim] sample:		2120.23 time, 2130.01 real, 3 MB, 29.26 load
[runlim] sample:		2130.18 time, 2140.01 real, 3 MB, 29.22 load
[runlim] sample:		2140.13 time, 2150.01 real, 3 MB, 29.19 load
[runlim] sample:		2150.08 time, 2160.01 real, 3 MB, 29.16 load
[runlim] sample:		2160.04 time, 2170.01 real, 3 MB, 29.13 load
[runlim] sample:		2169.99 time, 2180.01 real, 3 MB, 29.11 load
[runlim] sample:		2179.94 time, 2190.01 real, 3 MB, 29.09 load
[runlim] sample:		2189.90 time, 2200.01 real, 3 MB, 29.08 load
[runlim] sample:		2199.85 time, 2210.01 real, 3 MB, 29.07 load
[runlim] sample:		2209.80 time, 2220.01 real, 3 MB, 29.14 load
[runlim] sample:		2219.75 time, 2230.01 real, 3 MB, 29.12 load
[runlim] sample:		2229.70 time, 2240.01 real, 3 MB, 29.10 load
[runlim] sample:		2239.66 time, 2250.01 real, 3 MB, 29.08 load
[runlim] sample:		2249.61 time, 2260.01 real, 3 MB, 29.07 load
[runlim] sample:		2259.56 time, 2270.01 real, 3 MB, 29.06 load
[runlim] sample:		2269.52 time, 2280.01 real, 3 MB, 29.05 load
[runlim] sample:		2279.47 time, 2290.01 real, 3 MB, 29.04 load
[runlim] sample:		2289.42 time, 2300.01 real, 3 MB, 29.11 load
[runlim] sample:		2299.37 time, 2310.01 real, 3 MB, 29.09 load
[runlim] sample:		2309.32 time, 2320.01 real, 3 MB, 29.08 load
[runlim] sample:		2319.27 time, 2330.01 real, 3 MB, 29.06 load
[runlim] sample:		2329.22 time, 2340.01 real, 3 MB, 29.05 load
[runlim] sample:		2339.17 time, 2350.01 real, 3 MB, 29.05 load
[runlim] sample:		2349.13 time, 2360.01 real, 3 MB, 29.04 load
[runlim] sample:		2359.08 time, 2370.01 real, 3 MB, 29.03 load
[runlim] sample:		2369.03 time, 2380.01 real, 3 MB, 29.03 load
[runlim] sample:		2378.98 time, 2390.01 real, 3 MB, 29.02 load
[runlim] sample:		2388.93 time, 2400.01 real, 3 MB, 29.02 load
[runlim] sample:		2398.88 time, 2410.01 real, 3 MB, 29.02 load
[runlim] sample:		2408.83 time, 2420.01 real, 3 MB, 29.01 load
[runlim] sample:		2418.78 time, 2430.01 real, 3 MB, 29.01 load
[runlim] sample:		2428.73 time, 2440.01 real, 3 MB, 29.01 load
[runlim] sample:		2438.68 time, 2450.01 real, 3 MB, 29.01 load
[runlim] sample:		2448.63 time, 2460.01 real, 3 MB, 29.00 load
[runlim] sample:		2458.58 time, 2470.01 real, 3 MB, 29.00 load
[runlim] sample:		2468.53 time, 2480.01 real, 3 MB, 29.00 load
[runlim] sample:		2478.48 time, 2490.01 real, 3 MB, 29.00 load
[runlim] sample:		2488.43 time, 2500.01 real, 3 MB, 29.00 load
[runlim] sample:		2498.38 time, 2510.01 real, 3 MB, 29.00 load
[runlim] sample:		2508.33 time, 2520.01 real, 3 MB, 29.00 load
[runlim] sample:		2518.29 time, 2530.01 real, 3 MB, 29.00 load
[runlim] sample:		2528.24 time, 2540.01 real, 3 MB, 29.00 load
[runlim] sample:		2538.19 time, 2550.01 real, 3 MB, 29.00 load
[runlim] sample:		2548.14 time, 2560.01 real, 3 MB, 29.00 load
[runlim] sample:		2558.09 time, 2570.01 real, 3 MB, 29.07 load
[runlim] sample:		2568.05 time, 2580.01 real, 3 MB, 29.06 load
[runlim] sample:		2578.00 time, 2590.01 real, 3 MB, 29.05 load
[runlim] sample:		2587.96 time, 2600.01 real, 3 MB, 29.04 load
[runlim] sample:		2597.91 time, 2610.01 real, 3 MB, 29.04 load
[runlim] sample:		2607.87 time, 2620.01 real, 3 MB, 29.10 load
[runlim] sample:		2617.82 time, 2630.01 real, 3 MB, 29.16 load
[runlim] sample:		2627.77 time, 2640.01 real, 3 MB, 29.14 load
[runlim] sample:		2637.72 time, 2650.01 real, 3 MB, 29.11 load
[runlim] sample:		2647.68 time, 2660.01 real, 3 MB, 29.10 load
[runlim] sample:		2657.63 time, 2670.01 real, 3 MB, 29.08 load
[runlim] sample:		2667.58 time, 2680.01 real, 3 MB, 29.07 load
[runlim] sample:		2677.53 time, 2690.01 real, 3 MB, 29.06 load
[runlim] sample:		2687.49 time, 2700.01 real, 3 MB, 29.05 load
[runlim] sample:		2697.44 time, 2710.01 real, 3 MB, 29.11 load
[runlim] sample:		2707.39 time, 2720.01 real, 3 MB, 29.10 load
[runlim] sample:		2717.34 time, 2730.01 real, 3 MB, 29.08 load
[runlim] sample:		2727.30 time, 2740.01 real, 3 MB, 29.07 load
[runlim] sample:		2737.25 time, 2750.01 real, 3 MB, 29.06 load
[runlim] sample:		2747.20 time, 2760.01 real, 3 MB, 29.05 load
[runlim] sample:		2757.15 time, 2770.01 real, 3 MB, 29.04 load
[runlim] sample:		2767.10 time, 2780.01 real, 3 MB, 29.03 load
[runlim] sample:		2777.06 time, 2790.01 real, 3 MB, 29.03 load
[runlim] sample:		2787.01 time, 2800.01 real, 3 MB, 29.10 load
[runlim] sample:		2796.96 time, 2810.01 real, 3 MB, 29.08 load
[runlim] sample:		2806.91 time, 2820.01 real, 3 MB, 29.07 load
[runlim] sample:		2816.87 time, 2830.01 real, 3 MB, 29.06 load
[runlim] sample:		2826.82 time, 2840.01 real, 3 MB, 29.05 load
[runlim] sample:		2836.78 time, 2850.01 real, 3 MB, 29.04 load
[runlim] sample:		2846.73 time, 2860.01 real, 3 MB, 29.03 load
[runlim] sample:		2856.69 time, 2870.01 real, 3 MB, 29.03 load
[runlim] sample:		2866.64 time, 2880.01 real, 3 MB, 29.02 load
[runlim] sample:		2876.59 time, 2890.01 real, 3 MB, 29.02 load
[runlim] sample:		2886.55 time, 2900.01 real, 3 MB, 29.02 load
[runlim] sample:		2896.50 time, 2910.01 real, 3 MB, 29.01 load
[runlim] sample:		2906.45 time, 2920.01 real, 3 MB, 29.01 load
[runlim] sample:		2916.41 time, 2930.01 real, 3 MB, 29.01 load
[runlim] sample:		2926.37 time, 2940.01 real, 3 MB, 29.15 load
[runlim] sample:		2936.32 time, 2950.01 real, 3 MB, 29.13 load
[runlim] sample:		2946.27 time, 2960.01 real, 3 MB, 29.11 load
[runlim] sample:		2956.23 time, 2970.01 real, 3 MB, 29.09 load
[runlim] sample:		2966.18 time, 2980.01 real, 3 MB, 29.08 load
[runlim] sample:		2976.13 time, 2990.01 real, 3 MB, 29.07 load
[runlim] sample:		2986.08 time, 3000.01 real, 3 MB, 29.06 load
[runlim] sample:		2996.03 time, 3010.01 real, 3 MB, 29.12 load
[runlim] sample:		3005.99 time, 3020.01 real, 3 MB, 29.10 load
[runlim] sample:		3015.94 time, 3030.01 real, 3 MB, 29.08 load
[runlim] sample:		3025.89 time, 3040.01 real, 3 MB, 29.07 load
[runlim] sample:		3035.84 time, 3050.01 real, 3 MB, 29.06 load
[runlim] sample:		3045.80 time, 3060.01 real, 3 MB, 29.05 load
[runlim] sample:		3055.75 time, 3070.01 real, 3 MB, 29.20 load
[runlim] sample:		3065.70 time, 3080.01 real, 3 MB, 29.24 load
[runlim] sample:		3075.66 time, 3090.01 real, 3 MB, 29.20 load
[runlim] sample:		3085.61 time, 3100.01 real, 3 MB, 29.17 load
[runlim] sample:		3095.56 time, 3110.01 real, 3 MB, 29.14 load
[runlim] sample:		3105.51 time, 3120.01 real, 3 MB, 29.12 load
[runlim] sample:		3115.47 time, 3130.01 real, 3 MB, 29.18 load
[runlim] sample:		3125.42 time, 3140.01 real, 3 MB, 29.15 load
[runlim] sample:		3135.37 time, 3150.01 real, 3 MB, 29.13 load
[runlim] sample:		3145.33 time, 3160.01 real, 3 MB, 29.11 load
[runlim] sample:		3155.28 time, 3170.01 real, 3 MB, 29.09 load
[runlim] sample:		3165.23 time, 3180.01 real, 3 MB, 29.08 load
[runlim] sample:		3175.20 time, 3190.01 real, 3 MB, 29.14 load
[runlim] sample:		3185.15 time, 3200.01 real, 3 MB, 29.12 load
[runlim] sample:		3195.10 time, 3210.01 real, 3 MB, 29.10 load
[runlim] sample:		3205.05 time, 3220.01 real, 3 MB, 29.08 load
[runlim] sample:		3215.00 time, 3230.01 real, 3 MB, 29.07 load
[runlim] sample:		3224.95 time, 3240.01 real, 3 MB, 29.06 load
[runlim] sample:		3234.92 time, 3250.01 real, 3 MB, 29.12 load
[runlim] sample:		3244.87 time, 3260.01 real, 3 MB, 29.10 load
[runlim] sample:		3254.82 time, 3270.01 real, 3 MB, 29.09 load
[runlim] sample:		3264.78 time, 3280.01 real, 3 MB, 29.07 load
[runlim] sample:		3274.73 time, 3290.01 real, 3 MB, 29.06 load
[runlim] sample:		3284.69 time, 3300.01 real, 3 MB, 29.13 load
[runlim] sample:		3294.64 time, 3310.01 real, 3 MB, 29.11 load
[runlim] sample:		3304.59 time, 3320.01 real, 3 MB, 29.09 load
[runlim] sample:		3314.54 time, 3330.01 real, 3 MB, 29.08 load
[runlim] sample:		3324.50 time, 3340.01 real, 3 MB, 29.06 load
[runlim] sample:		3334.45 time, 3350.01 real, 3 MB, 29.05 load
[runlim] sample:		3344.40 time, 3360.01 real, 3 MB, 29.04 load
[runlim] sample:		3354.35 time, 3370.01 real, 3 MB, 29.11 load
[runlim] sample:		3364.31 time, 3380.01 real, 3 MB, 29.09 load
[runlim] sample:		3374.26 time, 3390.01 real, 3 MB, 29.08 load
[runlim] sample:		3384.21 time, 3400.01 real, 3 MB, 29.07 load
[runlim] sample:		3394.17 time, 3410.01 real, 3 MB, 29.06 load
[runlim] sample:		3404.13 time, 3420.01 real, 3 MB, 29.05 load
[runlim] sample:		3414.08 time, 3430.01 real, 3 MB, 29.11 load
[runlim] sample:		3424.04 time, 3440.01 real, 3 MB, 29.10 load
[runlim] sample:		3433.99 time, 3450.01 real, 3 MB, 29.08 load
[runlim] sample:		3443.94 time, 3460.01 real, 3 MB, 29.07 load
[runlim] sample:		3453.89 time, 3470.01 real, 3 MB, 29.06 load
[runlim] sample:		3463.85 time, 3480.01 real, 3 MB, 29.05 load
[runlim] sample:		3473.80 time, 3490.01 real, 3 MB, 29.19 load
[runlim] sample:		3483.76 time, 3500.01 real, 3 MB, 29.16 load
[runlim] sample:		3493.71 time, 3510.01 real, 3 MB, 29.22 load
[runlim] sample:		3503.66 time, 3520.01 real, 3 MB, 29.18 load
[runlim] sample:		3513.62 time, 3530.01 real, 3 MB, 29.16 load
[runlim] sample:		3523.58 time, 3540.01 real, 3 MB, 29.13 load
[runlim] sample:		3533.53 time, 3550.01 real, 3 MB, 29.18 load
[runlim] sample:		3543.48 time, 3560.01 real, 3 MB, 29.16 load
[runlim] sample:		3553.44 time, 3570.01 real, 3 MB, 29.13 load
[runlim] sample:		3563.39 time, 3580.01 real, 3 MB, 29.18 load
[runlim] sample:		3573.35 time, 3590.01 real, 3 MB, 29.16 load
[runlim] sample:		3583.30 time, 3600.01 real, 3 MB, 29.13 load
[runlim] sample:		3593.25 time, 3610.01 real, 3 MB, 29.19 load
[runlim] sample:		3603.21 time, 3620.01 real, 3 MB, 29.16 load
[runlim] sample:		3613.17 time, 3630.01 real, 3 MB, 29.14 load
[runlim] sample:		3623.12 time, 3640.01 real, 3 MB, 29.12 load
[runlim] sample:		3633.08 time, 3650.01 real, 3 MB, 29.10 load
[runlim] sample:		3643.03 time, 3660.01 real, 3 MB, 29.08 load
[runlim] sample:		3652.98 time, 3670.01 real, 3 MB, 29.22 load
[runlim] sample:		3662.93 time, 3680.01 real, 3 MB, 29.18 load
[runlim] sample:		3672.90 time, 3690.01 real, 3 MB, 29.15 load
[runlim] sample:		3682.85 time, 3700.01 real, 3 MB, 29.20 load
[runlim] sample:		3692.81 time, 3710.01 real, 3 MB, 29.25 load
[runlim] sample:		3702.76 time, 3720.01 real, 3 MB, 29.21 load
[runlim] sample:		3712.71 time, 3730.01 real, 3 MB, 29.18 load
[runlim] sample:		3722.67 time, 3740.01 real, 3 MB, 29.15 load
[runlim] sample:		3732.62 time, 3750.01 real, 3 MB, 29.13 load
[runlim] sample:		3742.58 time, 3760.01 real, 3 MB, 29.11 load
[runlim] sample:		3752.53 time, 3770.01 real, 3 MB, 29.09 load
[runlim] sample:		3762.48 time, 3780.01 real, 3 MB, 29.08 load
[runlim] sample:		3772.44 time, 3790.01 real, 3 MB, 29.06 load
[runlim] sample:		3782.39 time, 3800.01 real, 3 MB, 29.13 load
[runlim] sample:		3792.34 time, 3810.01 real, 3 MB, 29.26 load
[runlim] sample:		3802.30 time, 3820.01 real, 3 MB, 29.22 load
[runlim] sample:		3812.25 time, 3830.01 real, 3 MB, 29.26 load
[runlim] sample:		3822.20 time, 3840.01 real, 3 MB, 29.22 load
[runlim] sample:		3832.16 time, 3850.01 real, 3 MB, 29.19 load
[runlim] sample:		3842.11 time, 3860.01 real, 3 MB, 29.16 load
[runlim] sample:		3852.07 time, 3870.01 real, 3 MB, 29.21 load
[runlim] sample:		3862.02 time, 3880.01 real, 3 MB, 29.17 load
[runlim] sample:		3871.98 time, 3890.01 real, 3 MB, 29.31 load
[runlim] sample:		3881.93 time, 3900.01 real, 3 MB, 29.26 load
[runlim] sample:		3891.88 time, 3910.01 real, 3 MB, 29.22 load
[runlim] sample:		3901.83 time, 3920.01 real, 3 MB, 29.18 load
[runlim] sample:		3911.78 time, 3930.01 real, 3 MB, 29.23 load
[runlim] sample:		3921.74 time, 3940.01 real, 3 MB, 29.19 load
[runlim] sample:		3931.69 time, 3950.01 real, 3 MB, 29.16 load
[runlim] sample:		3941.64 time, 3960.01 real, 3 MB, 29.14 load
[runlim] sample:		3951.59 time, 3970.01 real, 3 MB, 29.12 load
[runlim] sample:		3961.55 time, 3980.01 real, 3 MB, 29.10 load
[runlim] sample:		3971.50 time, 3990.01 real, 3 MB, 29.08 load
[runlim] sample:		3981.45 time, 4000.01 real, 3 MB, 29.07 load
[runlim] sample:		3991.41 time, 4010.01 real, 3 MB, 29.14 load
[runlim] sample:		4001.36 time, 4020.01 real, 3 MB, 29.12 load
[runlim] sample:		4011.32 time, 4030.01 real, 3 MB, 29.10 load
[runlim] sample:		4021.27 time, 4040.01 real, 3 MB, 29.08 load
[runlim] sample:		4031.22 time, 4050.01 real, 3 MB, 29.07 load
[runlim] sample:		4041.18 time, 4060.01 real, 3 MB, 29.06 load
[runlim] sample:		4051.13 time, 4070.01 real, 3 MB, 29.61 load
[runlim] sample:		4061.08 time, 4080.01 real, 3 MB, 29.59 load
[runlim] sample:		4071.04 time, 4090.01 real, 3 MB, 29.50 load
[runlim] sample:		4080.99 time, 4100.01 real, 3 MB, 29.50 load
[runlim] sample:		4090.94 time, 4110.01 real, 3 MB, 29.51 load
[runlim] sample:		4100.90 time, 4120.01 real, 3 MB, 29.43 load
[runlim] sample:		4110.86 time, 4130.01 real, 3 MB, 29.36 load
[runlim] sample:		4120.81 time, 4140.01 real, 3 MB, 29.30 load
[runlim] sample:		4130.76 time, 4150.01 real, 3 MB, 29.26 load
[runlim] sample:		4140.72 time, 4160.01 real, 3 MB, 29.22 load
[runlim] sample:		4150.67 time, 4170.01 real, 3 MB, 29.18 load
[runlim] sample:		4160.63 time, 4180.01 real, 3 MB, 29.16 load
[runlim] sample:		4170.58 time, 4190.01 real, 3 MB, 29.13 load
[runlim] sample:		4180.53 time, 4200.01 real, 3 MB, 29.11 load
[runlim] sample:		4190.48 time, 4210.01 real, 3 MB, 29.09 load
[runlim] sample:		4200.44 time, 4220.01 real, 3 MB, 29.08 load
[runlim] sample:		4210.39 time, 4230.01 real, 3 MB, 29.07 load
[runlim] sample:		4220.34 time, 4240.01 real, 3 MB, 29.06 load
[runlim] sample:		4230.30 time, 4250.01 real, 3 MB, 29.05 load
[runlim] sample:		4240.25 time, 4260.01 real, 3 MB, 29.04 load
[runlim] sample:		4250.21 time, 4270.01 real, 3 MB, 29.03 load
[runlim] sample:		4260.16 time, 4280.01 real, 3 MB, 29.03 load
[runlim] sample:		4270.11 time, 4290.01 real, 3 MB, 29.02 load
[runlim] sample:		4280.07 time, 4300.01 real, 3 MB, 29.09 load
[runlim] sample:		4290.02 time, 4310.01 real, 3 MB, 29.08 load
[runlim] sample:		4299.97 time, 4320.01 real, 3 MB, 29.07 load
[runlim] sample:		4309.93 time, 4330.01 real, 3 MB, 29.06 load
[runlim] sample:		4319.89 time, 4340.01 real, 3 MB, 29.05 load
[runlim] sample:		4329.84 time, 4350.01 real, 3 MB, 29.04 load
[runlim] sample:		4339.79 time, 4360.01 real, 3 MB, 29.03 load
[runlim] sample:		4349.74 time, 4370.01 real, 3 MB, 31.19 load
[runlim] sample:		4359.69 time, 4380.01 real, 3 MB, 30.85 load
[runlim] sample:		4369.64 time, 4390.01 real, 3 MB, 30.57 load
[runlim] sample:		4379.60 time, 4400.01 real, 3 MB, 30.33 load
[runlim] sample:		4389.56 time, 4410.01 real, 3 MB, 30.20 load
[runlim] sample:		4399.51 time, 4420.01 real, 3 MB, 30.02 load
[runlim] sample:		4409.47 time, 4430.01 real, 3 MB, 30.02 load
[runlim] sample:		4419.42 time, 4440.01 real, 3 MB, 29.86 load
[runlim] sample:		4429.37 time, 4450.01 real, 3 MB, 29.73 load
[runlim] sample:		4439.32 time, 4460.01 real, 3 MB, 29.62 load
[runlim] sample:		4449.28 time, 4470.01 real, 3 MB, 29.52 load
[runlim] sample:		4459.23 time, 4480.01 real, 3 MB, 29.44 load
[runlim] sample:		4469.19 time, 4490.01 real, 3 MB, 29.37 load
[runlim] sample:		4479.14 time, 4500.01 real, 3 MB, 29.31 load
[runlim] sample:		4489.09 time, 4510.01 real, 3 MB, 29.27 load
[runlim] sample:		4499.05 time, 4520.01 real, 3 MB, 29.22 load
[runlim] sample:		4509.00 time, 4530.01 real, 3 MB, 29.19 load
[runlim] sample:		4518.95 time, 4540.01 real, 3 MB, 29.16 load
[runlim] sample:		4528.91 time, 4550.01 real, 3 MB, 29.13 load
[runlim] sample:		4538.86 time, 4560.01 real, 3 MB, 29.11 load
[runlim] sample:		4548.81 time, 4570.01 real, 3 MB, 29.10 load
[runlim] sample:		4558.77 time, 4580.01 real, 3 MB, 29.15 load
[runlim] sample:		4568.72 time, 4590.01 real, 3 MB, 29.21 load
[runlim] sample:		4578.67 time, 4600.01 real, 3 MB, 29.18 load
[runlim] sample:		4588.63 time, 4610.01 real, 3 MB, 29.15 load
[runlim] sample:		4598.58 time, 4620.01 real, 3 MB, 29.20 load
[runlim] sample:		4608.53 time, 4630.01 real, 3 MB, 29.17 load
[runlim] sample:		4618.49 time, 4640.01 real, 3 MB, 29.14 load
[runlim] sample:		4628.44 time, 4650.01 real, 3 MB, 29.12 load
[runlim] sample:		4638.40 time, 4660.01 real, 3 MB, 29.10 load
[runlim] sample:		4648.35 time, 4670.01 real, 3 MB, 29.09 load
[runlim] sample:		4658.30 time, 4680.01 real, 3 MB, 29.07 load
[runlim] sample:		4668.26 time, 4690.01 real, 3 MB, 29.14 load
[runlim] sample:		4678.21 time, 4700.01 real, 3 MB, 29.12 load
[runlim] sample:		4688.16 time, 4710.01 real, 3 MB, 29.10 load
[runlim] sample:		4698.12 time, 4720.01 real, 3 MB, 29.08 load
[runlim] sample:		4708.07 time, 4730.01 real, 3 MB, 29.07 load
[runlim] sample:		4718.02 time, 4740.01 real, 3 MB, 29.13 load
[runlim] sample:		4727.98 time, 4750.01 real, 3 MB, 29.19 load
[runlim] sample:		4737.93 time, 4760.01 real, 3 MB, 29.16 load
[runlim] sample:		4747.89 time, 4770.01 real, 3 MB, 29.14 load
[runlim] sample:		4757.84 time, 4780.01 real, 3 MB, 29.12 load
[runlim] sample:		4767.80 time, 4790.01 real, 3 MB, 29.10 load
[runlim] sample:		4777.75 time, 4800.01 real, 3 MB, 29.16 load
[runlim] sample:		4787.71 time, 4810.01 real, 3 MB, 29.13 load
[runlim] sample:		4797.66 time, 4820.01 real, 3 MB, 29.18 load
[runlim] sample:		4807.62 time, 4830.01 real, 3 MB, 29.16 load
[runlim] sample:		4817.57 time, 4840.01 real, 3 MB, 29.13 load
[runlim] sample:		4827.53 time, 4850.01 real, 3 MB, 29.11 load
[runlim] sample:		4837.48 time, 4860.01 real, 3 MB, 29.17 load
[runlim] sample:		4847.44 time, 4870.01 real, 3 MB, 29.14 load
[runlim] sample:		4857.39 time, 4880.01 real, 3 MB, 29.19 load
[runlim] sample:		4867.35 time, 4890.01 real, 3 MB, 29.16 load
[runlim] sample:		4877.30 time, 4900.01 real, 3 MB, 29.21 load
[runlim] sample:		4887.26 time, 4910.01 real, 3 MB, 29.18 load
[runlim] sample:		4897.21 time, 4920.01 real, 3 MB, 29.15 load
[runlim] sample:		4907.16 time, 4930.01 real, 3 MB, 29.13 load
[runlim] sample:		4917.12 time, 4940.01 real, 3 MB, 29.18 load
[runlim] sample:		4927.07 time, 4950.01 real, 3 MB, 29.23 load
[runlim] sample:		4937.03 time, 4960.01 real, 3 MB, 29.20 load
[runlim] sample:		4946.98 time, 4970.01 real, 3 MB, 29.17 load
[runlim] sample:		4956.93 time, 4980.01 real, 3 MB, 29.14 load
[runlim] sample:		4966.89 time, 4990.01 real, 3 MB, 29.12 load
[runlim] sample:		4976.84 time, 5000.01 real, 3 MB, 28.78 load
[runlim] end:			Thu Apr  9 21:45:33 2026
[runlim] status:		out of time
[runlim] result:		2
[runlim] children:		1
[runlim] processes:		2
[runlim] real:			5000.05 seconds
[runlim] time:			4976.84 seconds
[runlim] space:			3 MB
[runlim] load:			31.19 maximum
[runlim] samples:		50000
