[runlim] version:		2.0.0rc1
[runlim] host:			m03n16
[runlim] time limit:		311040000 seconds
[runlim] real time limit:	5000 seconds
[runlim] space limit:		7000 MB
[runlim] argv[0]:		./binary
[runlim] argv[1]:		-c
[runlim] argv[2]:		-f
[runlim] argv[3]:		/tmp/local-unzipped-12158327-7-415-BMS_k3_n100_m429_349.cnf
[runlim] start:			Sat Mar 14 12:59:01 2026
[runlim] child:			2537779
[runlim] sample:		9.96 time, 10.01 real, 4 MB, 34.09 load
[runlim] sample:		19.91 time, 20.01 real, 4 MB, 30.39 load
[runlim] sample:		29.87 time, 30.01 real, 4 MB, 27.72 load
[runlim] sample:		39.82 time, 40.01 real, 4 MB, 25.44 load
[runlim] sample:		49.78 time, 50.01 real, 4 MB, 22.99 load
[runlim] sample:		59.73 time, 60.01 real, 4 MB, 20.84 load
[runlim] sample:		69.69 time, 70.01 real, 4 MB, 19.02 load
[runlim] sample:		79.64 time, 80.01 real, 4 MB, 17.48 load
[runlim] sample:		89.60 time, 90.01 real, 4 MB, 16.33 load
[runlim] sample:		99.55 time, 100.01 real, 4 MB, 15.13 load
[runlim] sample:		109.49 time, 110.01 real, 4 MB, 14.03 load
[runlim] sample:		119.44 time, 120.01 real, 4 MB, 13.10 load
[runlim] sample:		129.39 time, 130.01 real, 4 MB, 12.89 load
[runlim] sample:		139.33 time, 140.01 real, 4 MB, 11.98 load
[runlim] sample:		149.28 time, 150.01 real, 4 MB, 11.06 load
[runlim] sample:		159.23 time, 160.01 real, 4 MB, 10.28 load
[runlim] sample:		169.18 time, 170.01 real, 4 MB, 9.62 load
[runlim] sample:		179.13 time, 180.01 real, 4 MB, 9.07 load
[runlim] sample:		189.07 time, 190.01 real, 4 MB, 8.59 load
[runlim] sample:		199.02 time, 200.01 real, 4 MB, 8.27 load
[runlim] sample:		208.97 time, 210.01 real, 4 MB, 7.92 load
[runlim] sample:		218.92 time, 220.01 real, 4 MB, 7.63 load
[runlim] sample:		228.87 time, 230.01 real, 4 MB, 7.38 load
[runlim] sample:		238.81 time, 240.01 real, 4 MB, 7.16 load
[runlim] sample:		248.77 time, 250.01 real, 4 MB, 6.99 load
[runlim] sample:		258.73 time, 260.01 real, 4 MB, 6.83 load
[runlim] sample:		268.69 time, 270.01 real, 4 MB, 6.70 load
[runlim] sample:		278.65 time, 280.01 real, 4 MB, 6.60 load
[runlim] sample:		288.61 time, 290.01 real, 4 MB, 6.50 load
[runlim] sample:		298.57 time, 300.01 real, 4 MB, 6.43 load
[runlim] sample:		308.53 time, 310.01 real, 4 MB, 6.36 load
[runlim] sample:		318.49 time, 320.01 real, 4 MB, 6.30 load
[runlim] sample:		328.45 time, 330.01 real, 4 MB, 6.26 load
[runlim] sample:		338.42 time, 340.01 real, 4 MB, 6.22 load
[runlim] sample:		348.38 time, 350.01 real, 4 MB, 6.18 load
[runlim] sample:		358.34 time, 360.01 real, 4 MB, 6.00 load
[runlim] sample:		368.30 time, 370.01 real, 4 MB, 5.85 load
[runlim] sample:		378.26 time, 380.01 real, 4 MB, 5.72 load
[runlim] sample:		388.22 time, 390.01 real, 4 MB, 5.61 load
[runlim] sample:		398.18 time, 400.01 real, 4 MB, 5.51 load
[runlim] sample:		408.14 time, 410.01 real, 4 MB, 5.43 load
[runlim] sample:		418.10 time, 420.01 real, 4 MB, 5.37 load
[runlim] sample:		428.06 time, 430.01 real, 4 MB, 5.31 load
[runlim] sample:		438.02 time, 440.01 real, 4 MB, 5.26 load
[runlim] sample:		447.98 time, 450.01 real, 4 MB, 5.22 load
[runlim] sample:		457.94 time, 460.01 real, 4 MB, 5.19 load
[runlim] sample:		467.90 time, 470.01 real, 4 MB, 5.16 load
[runlim] sample:		477.86 time, 480.01 real, 4 MB, 5.13 load
[runlim] sample:		487.82 time, 490.01 real, 4 MB, 5.11 load
[runlim] sample:		497.79 time, 500.01 real, 4 MB, 5.09 load
[runlim] sample:		507.75 time, 510.01 real, 4 MB, 5.08 load
[runlim] sample:		517.71 time, 520.01 real, 4 MB, 5.07 load
[runlim] sample:		527.67 time, 530.01 real, 4 MB, 5.06 load
[runlim] sample:		537.63 time, 540.01 real, 4 MB, 5.05 load
[runlim] sample:		547.60 time, 550.01 real, 4 MB, 5.04 load
[runlim] sample:		557.56 time, 560.01 real, 4 MB, 5.03 load
[runlim] sample:		567.52 time, 570.01 real, 4 MB, 5.03 load
[runlim] sample:		577.49 time, 580.01 real, 4 MB, 5.02 load
[runlim] sample:		587.45 time, 590.01 real, 4 MB, 5.02 load
[runlim] sample:		597.41 time, 600.01 real, 4 MB, 5.10 load
[runlim] sample:		607.38 time, 610.01 real, 4 MB, 5.08 load
[runlim] sample:		617.34 time, 620.01 real, 4 MB, 5.07 load
[runlim] sample:		627.30 time, 630.01 real, 4 MB, 5.06 load
[runlim] sample:		637.26 time, 640.01 real, 4 MB, 5.05 load
[runlim] sample:		647.23 time, 650.01 real, 4 MB, 5.04 load
[runlim] sample:		657.19 time, 660.01 real, 4 MB, 5.03 load
[runlim] sample:		667.15 time, 670.01 real, 4 MB, 5.03 load
[runlim] sample:		677.12 time, 680.01 real, 4 MB, 5.02 load
[runlim] sample:		687.08 time, 690.01 real, 4 MB, 5.02 load
[runlim] sample:		697.04 time, 700.01 real, 4 MB, 5.02 load
[runlim] sample:		707.01 time, 710.01 real, 4 MB, 5.01 load
[runlim] sample:		716.97 time, 720.01 real, 4 MB, 5.01 load
[runlim] sample:		726.93 time, 730.01 real, 4 MB, 5.01 load
[runlim] sample:		736.89 time, 740.01 real, 4 MB, 5.01 load
[runlim] sample:		746.86 time, 750.01 real, 4 MB, 5.00 load
[runlim] sample:		756.82 time, 760.01 real, 4 MB, 5.00 load
[runlim] sample:		766.78 time, 770.01 real, 4 MB, 5.00 load
[runlim] sample:		776.75 time, 780.01 real, 4 MB, 5.00 load
[runlim] sample:		786.71 time, 790.01 real, 4 MB, 5.00 load
[runlim] sample:		796.67 time, 800.01 real, 4 MB, 5.00 load
[runlim] sample:		806.63 time, 810.01 real, 4 MB, 5.00 load
[runlim] sample:		816.60 time, 820.01 real, 4 MB, 5.00 load
[runlim] sample:		826.56 time, 830.01 real, 5 MB, 5.00 load
[runlim] sample:		836.52 time, 840.01 real, 5 MB, 5.00 load
[runlim] sample:		846.48 time, 850.01 real, 5 MB, 5.00 load
[runlim] sample:		856.45 time, 860.01 real, 5 MB, 5.00 load
[runlim] sample:		866.41 time, 870.01 real, 5 MB, 5.00 load
[runlim] sample:		876.37 time, 880.01 real, 5 MB, 5.00 load
[runlim] sample:		886.33 time, 890.01 real, 5 MB, 5.00 load
[runlim] sample:		896.30 time, 900.01 real, 5 MB, 5.00 load
[runlim] sample:		906.26 time, 910.01 real, 5 MB, 5.00 load
[runlim] sample:		916.22 time, 920.01 real, 5 MB, 5.00 load
[runlim] sample:		926.18 time, 930.01 real, 5 MB, 5.00 load
[runlim] sample:		936.15 time, 940.01 real, 5 MB, 5.00 load
[runlim] sample:		946.11 time, 950.01 real, 5 MB, 5.00 load
[runlim] sample:		956.07 time, 960.01 real, 5 MB, 5.00 load
[runlim] sample:		966.04 time, 970.01 real, 5 MB, 5.00 load
[runlim] sample:		976.00 time, 980.01 real, 5 MB, 5.00 load
[runlim] sample:		985.96 time, 990.01 real, 5 MB, 5.00 load
[runlim] sample:		995.92 time, 1000.01 real, 5 MB, 5.07 load
[runlim] sample:		1005.89 time, 1010.01 real, 5 MB, 5.06 load
[runlim] sample:		1015.85 time, 1020.01 real, 5 MB, 5.05 load
[runlim] sample:		1025.81 time, 1030.01 real, 5 MB, 5.04 load
[runlim] sample:		1035.77 time, 1040.01 real, 5 MB, 5.04 load
[runlim] sample:		1045.74 time, 1050.01 real, 5 MB, 5.03 load
[runlim] sample:		1055.70 time, 1060.01 real, 5 MB, 5.10 load
[runlim] sample:		1065.66 time, 1070.01 real, 5 MB, 5.08 load
[runlim] sample:		1075.62 time, 1080.01 real, 5 MB, 5.07 load
[runlim] sample:		1085.59 time, 1090.01 real, 5 MB, 5.06 load
[runlim] sample:		1095.55 time, 1100.01 real, 5 MB, 5.05 load
[runlim] sample:		1105.51 time, 1110.01 real, 5 MB, 5.04 load
[runlim] sample:		1115.48 time, 1120.01 real, 5 MB, 5.18 load
[runlim] sample:		1125.44 time, 1130.01 real, 5 MB, 5.15 load
[runlim] sample:		1135.40 time, 1140.01 real, 5 MB, 5.13 load
[runlim] sample:		1145.36 time, 1150.01 real, 5 MB, 5.11 load
[runlim] sample:		1155.33 time, 1160.01 real, 5 MB, 5.09 load
[runlim] sample:		1165.29 time, 1170.01 real, 5 MB, 5.08 load
[runlim] sample:		1175.25 time, 1180.01 real, 5 MB, 5.07 load
[runlim] sample:		1185.22 time, 1190.01 real, 5 MB, 5.06 load
[runlim] sample:		1195.18 time, 1200.01 real, 5 MB, 5.05 load
[runlim] sample:		1205.14 time, 1210.01 real, 5 MB, 5.04 load
[runlim] sample:		1215.10 time, 1220.01 real, 5 MB, 5.03 load
[runlim] sample:		1225.06 time, 1230.01 real, 5 MB, 5.03 load
[runlim] sample:		1235.03 time, 1240.01 real, 5 MB, 5.02 load
[runlim] sample:		1244.99 time, 1250.01 real, 5 MB, 5.02 load
[runlim] sample:		1254.95 time, 1260.01 real, 5 MB, 5.02 load
[runlim] sample:		1264.91 time, 1270.01 real, 5 MB, 5.01 load
[runlim] sample:		1274.88 time, 1280.01 real, 5 MB, 5.01 load
[runlim] sample:		1284.84 time, 1290.01 real, 5 MB, 5.01 load
[runlim] sample:		1294.80 time, 1300.01 real, 5 MB, 5.01 load
[runlim] sample:		1304.76 time, 1310.01 real, 5 MB, 5.00 load
[runlim] sample:		1314.72 time, 1320.01 real, 5 MB, 5.00 load
[runlim] sample:		1324.69 time, 1330.01 real, 5 MB, 5.00 load
[runlim] sample:		1334.65 time, 1340.01 real, 5 MB, 5.08 load
[runlim] sample:		1344.61 time, 1350.01 real, 5 MB, 5.07 load
[runlim] sample:		1354.58 time, 1360.01 real, 5 MB, 5.06 load
[runlim] sample:		1364.54 time, 1370.01 real, 5 MB, 5.05 load
[runlim] sample:		1374.50 time, 1380.01 real, 5 MB, 5.04 load
[runlim] sample:		1384.46 time, 1390.01 real, 5 MB, 5.03 load
[runlim] sample:		1394.43 time, 1400.01 real, 5 MB, 5.03 load
[runlim] sample:		1404.39 time, 1410.01 real, 5 MB, 5.02 load
[runlim] sample:		1414.35 time, 1420.01 real, 5 MB, 5.02 load
[runlim] sample:		1424.32 time, 1430.01 real, 5 MB, 5.02 load
[runlim] sample:		1434.28 time, 1440.01 real, 5 MB, 5.01 load
[runlim] sample:		1444.24 time, 1450.01 real, 5 MB, 5.01 load
[runlim] sample:		1454.20 time, 1460.01 real, 5 MB, 5.08 load
[runlim] sample:		1464.17 time, 1470.01 real, 5 MB, 5.07 load
[runlim] sample:		1474.13 time, 1480.01 real, 5 MB, 5.06 load
[runlim] sample:		1484.09 time, 1490.01 real, 5 MB, 5.05 load
[runlim] sample:		1494.06 time, 1500.01 real, 5 MB, 5.04 load
[runlim] sample:		1504.02 time, 1510.01 real, 5 MB, 5.03 load
[runlim] sample:		1513.98 time, 1520.01 real, 5 MB, 5.03 load
[runlim] sample:		1523.94 time, 1530.01 real, 5 MB, 5.02 load
[runlim] sample:		1533.91 time, 1540.01 real, 5 MB, 5.02 load
[runlim] sample:		1543.87 time, 1550.01 real, 5 MB, 5.02 load
[runlim] sample:		1553.83 time, 1560.01 real, 5 MB, 5.01 load
[runlim] sample:		1563.80 time, 1570.01 real, 5 MB, 5.01 load
[runlim] sample:		1573.76 time, 1580.01 real, 5 MB, 5.01 load
[runlim] sample:		1583.72 time, 1590.01 real, 5 MB, 5.01 load
[runlim] sample:		1593.69 time, 1600.01 real, 5 MB, 5.08 load
[runlim] sample:		1603.65 time, 1610.01 real, 5 MB, 5.07 load
[runlim] sample:		1613.61 time, 1620.01 real, 5 MB, 5.06 load
[runlim] sample:		1623.58 time, 1630.01 real, 5 MB, 5.05 load
[runlim] sample:		1633.54 time, 1640.01 real, 5 MB, 5.12 load
[runlim] sample:		1643.50 time, 1650.01 real, 5 MB, 5.10 load
[runlim] sample:		1653.46 time, 1660.01 real, 5 MB, 5.08 load
[runlim] sample:		1663.43 time, 1670.01 real, 5 MB, 5.07 load
[runlim] sample:		1673.39 time, 1680.01 real, 5 MB, 5.06 load
[runlim] sample:		1683.35 time, 1690.01 real, 5 MB, 5.05 load
[runlim] sample:		1693.32 time, 1700.01 real, 5 MB, 5.04 load
[runlim] sample:		1703.28 time, 1710.01 real, 5 MB, 5.04 load
[runlim] sample:		1713.24 time, 1720.01 real, 5 MB, 5.03 load
[runlim] sample:		1723.21 time, 1730.01 real, 5 MB, 5.02 load
[runlim] sample:		1733.17 time, 1740.01 real, 5 MB, 5.02 load
[runlim] sample:		1743.13 time, 1750.01 real, 5 MB, 5.02 load
[runlim] sample:		1753.09 time, 1760.01 real, 5 MB, 5.09 load
[runlim] sample:		1763.06 time, 1770.01 real, 5 MB, 5.08 load
[runlim] sample:		1773.02 time, 1780.01 real, 5 MB, 5.07 load
[runlim] sample:		1782.98 time, 1790.01 real, 5 MB, 5.06 load
[runlim] sample:		1792.95 time, 1800.01 real, 5 MB, 5.05 load
[runlim] sample:		1802.91 time, 1810.01 real, 5 MB, 5.04 load
[runlim] sample:		1812.87 time, 1820.01 real, 5 MB, 5.11 load
[runlim] sample:		1822.83 time, 1830.01 real, 5 MB, 5.10 load
[runlim] sample:		1832.80 time, 1840.01 real, 5 MB, 5.08 load
[runlim] sample:		1842.76 time, 1850.01 real, 5 MB, 5.07 load
[runlim] sample:		1852.72 time, 1860.01 real, 5 MB, 5.06 load
[runlim] sample:		1862.69 time, 1870.01 real, 5 MB, 5.05 load
[runlim] sample:		1872.66 time, 1880.01 real, 5 MB, 5.04 load
[runlim] sample:		1882.62 time, 1890.01 real, 5 MB, 5.18 load
[runlim] sample:		1892.58 time, 1900.01 real, 5 MB, 5.15 load
[runlim] sample:		1902.55 time, 1910.01 real, 5 MB, 5.13 load
[runlim] sample:		1912.52 time, 1920.01 real, 5 MB, 5.11 load
[runlim] sample:		1922.48 time, 1930.01 real, 5 MB, 5.09 load
[runlim] sample:		1932.45 time, 1940.01 real, 5 MB, 5.08 load
[runlim] sample:		1942.41 time, 1950.01 real, 5 MB, 5.06 load
[runlim] sample:		1952.38 time, 1960.01 real, 5 MB, 5.05 load
[runlim] sample:		1962.35 time, 1970.01 real, 5 MB, 5.05 load
[runlim] sample:		1972.31 time, 1980.01 real, 5 MB, 5.04 load
[runlim] sample:		1982.28 time, 1990.01 real, 5 MB, 5.03 load
[runlim] sample:		1992.24 time, 2000.01 real, 5 MB, 5.03 load
[runlim] sample:		2002.21 time, 2010.01 real, 5 MB, 5.02 load
[runlim] sample:		2012.17 time, 2020.01 real, 5 MB, 5.02 load
[runlim] sample:		2022.14 time, 2030.01 real, 5 MB, 5.02 load
[runlim] sample:		2032.10 time, 2040.01 real, 5 MB, 5.01 load
[runlim] sample:		2042.07 time, 2050.01 real, 5 MB, 5.01 load
[runlim] sample:		2052.04 time, 2060.01 real, 5 MB, 5.01 load
[runlim] sample:		2062.00 time, 2070.01 real, 5 MB, 5.01 load
[runlim] sample:		2071.97 time, 2080.01 real, 5 MB, 5.00 load
[runlim] sample:		2081.93 time, 2090.01 real, 5 MB, 5.00 load
[runlim] sample:		2091.90 time, 2100.01 real, 5 MB, 5.00 load
[runlim] sample:		2101.86 time, 2110.01 real, 5 MB, 5.00 load
[runlim] sample:		2111.83 time, 2120.01 real, 5 MB, 5.00 load
[runlim] sample:		2121.80 time, 2130.01 real, 5 MB, 5.00 load
[runlim] sample:		2131.76 time, 2140.01 real, 5 MB, 5.00 load
[runlim] sample:		2141.73 time, 2150.01 real, 5 MB, 5.00 load
[runlim] sample:		2151.69 time, 2160.01 real, 5 MB, 5.00 load
[runlim] sample:		2161.66 time, 2170.01 real, 5 MB, 5.07 load
[runlim] sample:		2171.63 time, 2180.01 real, 5 MB, 5.06 load
[runlim] sample:		2181.59 time, 2190.01 real, 5 MB, 5.05 load
[runlim] sample:		2191.56 time, 2200.01 real, 5 MB, 5.04 load
[runlim] sample:		2201.53 time, 2210.01 real, 5 MB, 5.04 load
[runlim] sample:		2211.49 time, 2220.01 real, 5 MB, 5.03 load
[runlim] sample:		2221.46 time, 2230.01 real, 5 MB, 5.02 load
[runlim] sample:		2231.42 time, 2240.01 real, 5 MB, 5.09 load
[runlim] sample:		2241.39 time, 2250.01 real, 5 MB, 5.08 load
[runlim] sample:		2251.36 time, 2260.01 real, 5 MB, 5.07 load
[runlim] sample:		2261.32 time, 2270.01 real, 5 MB, 5.06 load
[runlim] sample:		2271.29 time, 2280.01 real, 5 MB, 5.05 load
[runlim] sample:		2281.25 time, 2290.01 real, 5 MB, 5.04 load
[runlim] sample:		2291.22 time, 2300.01 real, 5 MB, 5.11 load
[runlim] sample:		2301.19 time, 2310.01 real, 5 MB, 5.09 load
[runlim] sample:		2311.15 time, 2320.01 real, 5 MB, 5.08 load
[runlim] sample:		2321.12 time, 2330.01 real, 5 MB, 5.06 load
[runlim] sample:		2331.08 time, 2340.01 real, 5 MB, 5.05 load
[runlim] sample:		2341.05 time, 2350.01 real, 5 MB, 5.04 load
[runlim] sample:		2351.01 time, 2360.01 real, 5 MB, 5.11 load
[runlim] sample:		2360.98 time, 2370.01 real, 5 MB, 5.09 load
[runlim] sample:		2370.95 time, 2380.01 real, 5 MB, 5.08 load
[runlim] sample:		2380.91 time, 2390.01 real, 5 MB, 5.07 load
[runlim] sample:		2390.88 time, 2400.01 real, 5 MB, 5.06 load
[runlim] sample:		2400.84 time, 2410.01 real, 5 MB, 5.05 load
[runlim] sample:		2410.81 time, 2420.01 real, 5 MB, 5.11 load
[runlim] sample:		2420.77 time, 2430.01 real, 5 MB, 5.10 load
[runlim] sample:		2430.74 time, 2440.01 real, 5 MB, 5.08 load
[runlim] sample:		2440.71 time, 2450.01 real, 5 MB, 5.07 load
[runlim] sample:		2450.67 time, 2460.01 real, 5 MB, 5.06 load
[runlim] sample:		2460.64 time, 2470.01 real, 5 MB, 5.05 load
[runlim] sample:		2470.60 time, 2480.01 real, 5 MB, 5.04 load
[runlim] sample:		2480.57 time, 2490.01 real, 5 MB, 5.03 load
[runlim] sample:		2490.53 time, 2500.01 real, 5 MB, 5.03 load
[runlim] sample:		2500.50 time, 2510.01 real, 5 MB, 5.02 load
[runlim] sample:		2510.46 time, 2520.01 real, 5 MB, 5.02 load
[runlim] sample:		2520.43 time, 2530.01 real, 5 MB, 5.02 load
[runlim] sample:		2530.39 time, 2540.01 real, 5 MB, 5.01 load
[runlim] sample:		2540.36 time, 2550.01 real, 5 MB, 5.01 load
[runlim] sample:		2550.32 time, 2560.01 real, 5 MB, 5.01 load
[runlim] sample:		2560.29 time, 2570.01 real, 5 MB, 5.08 load
[runlim] sample:		2570.25 time, 2580.01 real, 5 MB, 5.07 load
[runlim] sample:		2580.22 time, 2590.01 real, 5 MB, 5.06 load
[runlim] sample:		2590.18 time, 2600.01 real, 5 MB, 5.05 load
[runlim] sample:		2600.15 time, 2610.01 real, 5 MB, 5.04 load
[runlim] sample:		2610.11 time, 2620.01 real, 5 MB, 5.03 load
[runlim] sample:		2620.08 time, 2630.01 real, 5 MB, 5.03 load
[runlim] sample:		2630.04 time, 2640.01 real, 5 MB, 5.02 load
[runlim] sample:		2640.01 time, 2650.01 real, 5 MB, 5.02 load
[runlim] sample:		2649.97 time, 2660.01 real, 5 MB, 5.02 load
[runlim] sample:		2659.94 time, 2670.01 real, 5 MB, 5.01 load
[runlim] sample:		2669.91 time, 2680.01 real, 5 MB, 5.01 load
[runlim] sample:		2679.87 time, 2690.01 real, 5 MB, 5.01 load
[runlim] sample:		2689.84 time, 2700.01 real, 5 MB, 5.01 load
[runlim] sample:		2699.80 time, 2710.01 real, 5 MB, 5.00 load
[runlim] sample:		2709.77 time, 2720.01 real, 5 MB, 5.00 load
[runlim] sample:		2719.73 time, 2730.01 real, 5 MB, 5.00 load
[runlim] sample:		2729.70 time, 2740.01 real, 5 MB, 5.00 load
[runlim] sample:		2739.67 time, 2750.01 real, 5 MB, 5.00 load
[runlim] end:			Sat Mar 14 13:44:56 2026
[runlim] status:		ok
[runlim] result:		0
[runlim] children:		1
[runlim] processes:		2
[runlim] real:			2755.42 seconds
[runlim] time:			2745.05 seconds
[runlim] space:			5 MB
[runlim] load:			38.64 maximum
[runlim] samples:		27554
