[runlim] version:		2.0.0rc1
[runlim] host:			m03n16
[runlim] time limit:		311040000 seconds
[runlim] real time limit:	5000 seconds
[runlim] space limit:		7000 MB
[runlim] argv[0]:		./binary
[runlim] argv[1]:		-c
[runlim] argv[2]:		-f
[runlim] argv[3]:		/tmp/local-unzipped-12158327-7-402-BMS_k3_n100_m429_246.cnf
[runlim] start:			Sat Mar 14 12:58:48 2026
[runlim] child:			2537230
[runlim] end:			Sat Mar 14 12:58:49 2026
[runlim] status:		ok
[runlim] result:		0
[runlim] children:		1
[runlim] processes:		2
[runlim] real:			0.98 seconds
[runlim] time:			0.90 seconds
[runlim] space:			4 MB
[runlim] load:			44.56 maximum
[runlim] samples:		9
