[runlim] version:		2.0.0rc1
[runlim] host:			m03n16
[runlim] time limit:		311040000 seconds
[runlim] real time limit:	5000 seconds
[runlim] space limit:		7000 MB
[runlim] argv[0]:		./binary
[runlim] argv[1]:		-c
[runlim] argv[2]:		-f
[runlim] argv[3]:		/tmp/local-unzipped-12158327-7-414-BMS_k3_n100_m429_440.cnf
[runlim] start:			Sat Mar 14 12:59:00 2026
[runlim] child:			2537746
[runlim] sample:		9.96 time, 10.01 real, 4 MB, 34.09 load
[runlim] sample:		19.92 time, 20.01 real, 4 MB, 30.39 load
[runlim] sample:		29.87 time, 30.01 real, 4 MB, 27.72 load
[runlim] end:			Sat Mar 14 12:59:34 2026
[runlim] status:		ok
[runlim] result:		0
[runlim] children:		1
[runlim] processes:		2
[runlim] real:			33.90 seconds
[runlim] time:			33.65 seconds
[runlim] space:			5 MB
[runlim] load:			38.64 maximum
[runlim] samples:		338
