[runlim] version:		2.0.0rc1
[runlim] host:			p09n05
[runlim] time limit:		311040000 seconds
[runlim] real time limit:	5000 seconds
[runlim] space limit:		7000 MB
[runlim] argv[0]:		./binary
[runlim] argv[1]:		-c
[runlim] argv[2]:		-f
[runlim] argv[3]:		/tmp/local-unzipped-12158327-4-241-BMS_k3_n100_m429_407.cnf
[runlim] start:			Sat Mar 14 12:59:13 2026
[runlim] child:			3471603
[runlim] sample:		9.95 time, 10.01 real, 4 MB, 28.20 load
[runlim] end:			Sat Mar 14 12:59:32 2026
[runlim] status:		ok
[runlim] result:		0
[runlim] children:		1
[runlim] processes:		2
[runlim] real:			18.76 seconds
[runlim] time:			18.61 seconds
[runlim] space:			4 MB
[runlim] load:			31.41 maximum
[runlim] samples:		187
