[runlim] version:		2.0.0rc1
[runlim] host:			m04n06
[runlim] time limit:		311040000 seconds
[runlim] real time limit:	5000 seconds
[runlim] space limit:		7000 MB
[runlim] argv[0]:		./binary
[runlim] argv[1]:		-c
[runlim] argv[2]:		-f
[runlim] argv[3]:		/tmp/local-unzipped-12158327-2-73-BMS_k3_n100_m429_386.cnf
[runlim] start:			Sat Mar 14 12:58:28 2026
[runlim] child:			2370413
[runlim] sample:		9.96 time, 10.01 real, 3 MB, 47.87 load
[runlim] sample:		19.91 time, 20.01 real, 3 MB, 41.74 load
[runlim] sample:		29.87 time, 30.01 real, 4 MB, 36.46 load
[runlim] sample:		39.82 time, 40.01 real, 4 MB, 31.78 load
[runlim] sample:		49.78 time, 50.01 real, 4 MB, 27.98 load
[runlim] sample:		59.73 time, 60.01 real, 4 MB, 25.06 load
[runlim] sample:		69.69 time, 70.01 real, 4 MB, 22.67 load
[runlim] sample:		79.65 time, 80.01 real, 4 MB, 20.41 load
[runlim] sample:		89.61 time, 90.01 real, 4 MB, 18.58 load
[runlim] sample:		99.57 time, 100.01 real, 4 MB, 16.95 load
[runlim] sample:		109.53 time, 110.01 real, 4 MB, 15.42 load
[runlim] sample:		119.49 time, 120.01 real, 4 MB, 14.37 load
[runlim] sample:		129.45 time, 130.01 real, 4 MB, 13.23 load
[runlim] sample:		139.41 time, 140.01 real, 4 MB, 12.35 load
[runlim] sample:		149.36 time, 150.01 real, 4 MB, 11.53 load
[runlim] sample:		159.32 time, 160.01 real, 4 MB, 10.83 load
[runlim] sample:		169.28 time, 170.01 real, 4 MB, 10.24 load
[runlim] sample:		179.24 time, 180.01 real, 4 MB, 9.59 load
[runlim] sample:		189.20 time, 190.01 real, 4 MB, 9.04 load
[runlim] sample:		199.16 time, 200.01 real, 4 MB, 8.57 load
[runlim] sample:		209.12 time, 210.01 real, 4 MB, 8.18 load
[runlim] sample:		219.08 time, 220.01 real, 4 MB, 7.84 load
[runlim] sample:		229.04 time, 230.01 real, 4 MB, 7.64 load
[runlim] sample:		239.00 time, 240.01 real, 4 MB, 7.39 load
[runlim] sample:		248.96 time, 250.01 real, 4 MB, 7.17 load
[runlim] sample:		258.92 time, 260.01 real, 4 MB, 6.91 load
[runlim] sample:		268.89 time, 270.01 real, 4 MB, 6.62 load
[runlim] sample:		278.85 time, 280.01 real, 4 MB, 6.37 load
[runlim] sample:		288.81 time, 290.01 real, 4 MB, 6.24 load
[runlim] sample:		298.77 time, 300.01 real, 4 MB, 6.05 load
[runlim] sample:		308.73 time, 310.01 real, 4 MB, 5.97 load
[runlim] sample:		318.70 time, 320.01 real, 4 MB, 5.82 load
[runlim] sample:		328.66 time, 330.01 real, 4 MB, 5.69 load
[runlim] sample:		338.62 time, 340.01 real, 4 MB, 5.43 load
[runlim] sample:		348.58 time, 350.01 real, 4 MB, 5.29 load
[runlim] sample:		358.54 time, 360.01 real, 4 MB, 5.09 load
[runlim] sample:		368.51 time, 370.01 real, 4 MB, 4.92 load
[runlim] sample:		378.47 time, 380.01 real, 4 MB, 4.78 load
[runlim] sample:		388.43 time, 390.01 real, 4 MB, 4.66 load
[runlim] sample:		398.39 time, 400.01 real, 4 MB, 4.56 load
[runlim] sample:		408.36 time, 410.01 real, 4 MB, 4.47 load
[runlim] sample:		418.32 time, 420.01 real, 4 MB, 4.40 load
[runlim] sample:		428.28 time, 430.01 real, 4 MB, 4.41 load
[runlim] sample:		438.24 time, 440.01 real, 4 MB, 4.27 load
[runlim] sample:		448.20 time, 450.01 real, 4 MB, 4.07 load
[runlim] sample:		458.16 time, 460.01 real, 4 MB, 3.91 load
[runlim] sample:		468.11 time, 470.01 real, 4 MB, 3.77 load
[runlim] sample:		478.08 time, 480.01 real, 4 MB, 3.65 load
[runlim] sample:		488.03 time, 490.01 real, 4 MB, 3.62 load
[runlim] sample:		497.99 time, 500.01 real, 4 MB, 3.53 load
[runlim] sample:		507.95 time, 510.01 real, 4 MB, 3.44 load
[runlim] sample:		517.91 time, 520.01 real, 4 MB, 3.52 load
[runlim] sample:		527.87 time, 530.01 real, 4 MB, 3.44 load
[runlim] sample:		537.83 time, 540.01 real, 4 MB, 3.37 load
[runlim] sample:		547.79 time, 550.01 real, 4 MB, 3.39 load
[runlim] sample:		557.75 time, 560.01 real, 4 MB, 3.33 load
[runlim] sample:		567.70 time, 570.01 real, 4 MB, 3.28 load
[runlim] sample:		577.67 time, 580.01 real, 4 MB, 3.24 load
[runlim] sample:		587.64 time, 590.01 real, 4 MB, 3.20 load
[runlim] sample:		597.61 time, 600.01 real, 4 MB, 3.17 load
[runlim] sample:		607.58 time, 610.01 real, 4 MB, 3.14 load
[runlim] sample:		617.55 time, 620.01 real, 4 MB, 3.12 load
[runlim] sample:		627.51 time, 630.01 real, 4 MB, 3.18 load
[runlim] sample:		637.48 time, 640.01 real, 4 MB, 3.15 load
[runlim] sample:		647.45 time, 650.01 real, 4 MB, 3.13 load
[runlim] sample:		657.42 time, 660.01 real, 4 MB, 3.11 load
[runlim] sample:		667.39 time, 670.01 real, 4 MB, 3.09 load
[runlim] sample:		677.36 time, 680.01 real, 4 MB, 3.08 load
[runlim] sample:		687.33 time, 690.01 real, 4 MB, 3.31 load
[runlim] sample:		697.30 time, 700.01 real, 4 MB, 3.26 load
[runlim] sample:		707.26 time, 710.01 real, 4 MB, 3.22 load
[runlim] end:			Sat Mar 14 13:10:19 2026
[runlim] status:		ok
[runlim] result:		0
[runlim] children:		1
[runlim] processes:		2
[runlim] real:			710.67 seconds
[runlim] time:			707.86 seconds
[runlim] space:			4 MB
[runlim] load:			55.56 maximum
[runlim] samples:		7106
