[runlim] version:		2.0.0rc1
[runlim] host:			p06n08
[runlim] time limit:		311040000 seconds
[runlim] real time limit:	5000 seconds
[runlim] space limit:		7000 MB
[runlim] argv[0]:		./binary
[runlim] argv[1]:		-c
[runlim] argv[2]:		-s
[runlim] argv[3]:		-f
[runlim] argv[4]:		-r
[runlim] argv[5]:		/tmp/local-unzipped-12158359-3-152-BMS_k3_n100_m429_313.cnf
[runlim] start:			Sat Mar 14 23:44:47 2026
[runlim] child:			2454495
[runlim] sample:		9.96 time, 10.01 real, 3 MB, 12.85 load
[runlim] sample:		19.92 time, 20.01 real, 3 MB, 11.95 load
[runlim] sample:		29.87 time, 30.01 real, 3 MB, 11.50 load
[runlim] sample:		39.81 time, 40.01 real, 3 MB, 11.42 load
[runlim] sample:		49.76 time, 50.01 real, 4 MB, 11.35 load
[runlim] sample:		59.71 time, 60.01 real, 4 MB, 10.99 load
[runlim] sample:		69.66 time, 70.01 real, 4 MB, 10.83 load
[runlim] sample:		79.61 time, 80.01 real, 4 MB, 10.55 load
[runlim] sample:		89.56 time, 90.01 real, 4 MB, 10.23 load
[runlim] sample:		99.51 time, 100.01 real, 4 MB, 9.96 load
[runlim] sample:		109.46 time, 110.01 real, 4 MB, 9.66 load
[runlim] sample:		119.41 time, 120.01 real, 4 MB, 9.41 load
[runlim] sample:		129.37 time, 130.01 real, 4 MB, 9.19 load
[runlim] sample:		139.32 time, 140.01 real, 4 MB, 9.01 load
[runlim] sample:		149.27 time, 150.01 real, 4 MB, 8.85 load
[runlim] sample:		159.22 time, 160.01 real, 4 MB, 8.80 load
[runlim] sample:		169.17 time, 170.01 real, 4 MB, 8.68 load
[runlim] sample:		179.12 time, 180.01 real, 4 MB, 8.57 load
[runlim] sample:		189.07 time, 190.01 real, 4 MB, 8.48 load
[runlim] sample:		199.02 time, 200.01 real, 4 MB, 8.41 load
[runlim] sample:		208.97 time, 210.01 real, 4 MB, 8.35 load
[runlim] sample:		218.92 time, 220.01 real, 4 MB, 8.21 load
[runlim] sample:		228.86 time, 230.01 real, 4 MB, 8.03 load
[runlim] sample:		238.81 time, 240.01 real, 4 MB, 8.02 load
[runlim] sample:		248.76 time, 250.01 real, 4 MB, 7.86 load
[runlim] sample:		258.70 time, 260.01 real, 4 MB, 7.73 load
[runlim] sample:		268.65 time, 270.01 real, 4 MB, 7.62 load
[runlim] sample:		278.60 time, 280.01 real, 4 MB, 7.52 load
[runlim] sample:		288.54 time, 290.01 real, 4 MB, 7.44 load
[runlim] sample:		298.49 time, 300.01 real, 4 MB, 7.45 load
[runlim] sample:		308.44 time, 310.01 real, 4 MB, 7.38 load
[runlim] sample:		318.38 time, 320.01 real, 4 MB, 7.32 load
[runlim] sample:		328.33 time, 330.01 real, 4 MB, 7.27 load
[runlim] sample:		338.28 time, 340.01 real, 4 MB, 7.23 load
[runlim] sample:		348.22 time, 350.01 real, 4 MB, 7.20 load
[runlim] sample:		358.17 time, 360.01 real, 4 MB, 7.25 load
[runlim] sample:		368.11 time, 370.01 real, 4 MB, 7.21 load
[runlim] sample:		378.06 time, 380.01 real, 4 MB, 7.17 load
[runlim] sample:		388.01 time, 390.01 real, 4 MB, 7.07 load
[runlim] sample:		397.96 time, 400.01 real, 4 MB, 6.90 load
[runlim] sample:		407.91 time, 410.01 real, 4 MB, 6.76 load
[runlim] sample:		417.86 time, 420.01 real, 4 MB, 6.49 load
[runlim] sample:		427.81 time, 430.01 real, 4 MB, 6.26 load
[runlim] sample:		437.75 time, 440.01 real, 4 MB, 6.15 load
[runlim] sample:		447.70 time, 450.01 real, 4 MB, 6.05 load
[runlim] sample:		457.66 time, 460.01 real, 4 MB, 5.89 load
[runlim] sample:		467.60 time, 470.01 real, 4 MB, 5.75 load
[runlim] sample:		477.55 time, 480.01 real, 4 MB, 5.64 load
[runlim] sample:		487.50 time, 490.01 real, 4 MB, 5.54 load
[runlim] sample:		497.45 time, 500.01 real, 4 MB, 5.45 load
[runlim] sample:		507.40 time, 510.01 real, 4 MB, 5.38 load
[runlim] sample:		517.35 time, 520.01 real, 4 MB, 5.32 load
[runlim] sample:		527.30 time, 530.01 real, 4 MB, 5.27 load
[runlim] sample:		537.25 time, 540.01 real, 4 MB, 5.23 load
[runlim] sample:		547.20 time, 550.01 real, 4 MB, 5.20 load
[runlim] sample:		557.15 time, 560.01 real, 4 MB, 5.25 load
[runlim] sample:		567.11 time, 570.01 real, 4 MB, 5.45 load
[runlim] sample:		577.07 time, 580.01 real, 4 MB, 5.39 load
[runlim] sample:		587.03 time, 590.01 real, 4 MB, 5.33 load
[runlim] sample:		596.99 time, 600.01 real, 4 MB, 5.45 load
[runlim] sample:		606.95 time, 610.01 real, 4 MB, 5.55 load
[runlim] sample:		616.92 time, 620.01 real, 4 MB, 5.47 load
[runlim] sample:		626.88 time, 630.01 real, 4 MB, 5.32 load
[runlim] sample:		636.84 time, 640.01 real, 4 MB, 5.36 load
[runlim] sample:		646.80 time, 650.01 real, 4 MB, 5.38 load
[runlim] sample:		656.76 time, 660.01 real, 4 MB, 5.57 load
[runlim] sample:		666.72 time, 670.01 real, 4 MB, 5.48 load
[runlim] sample:		676.68 time, 680.01 real, 4 MB, 5.40 load
[runlim] sample:		686.65 time, 690.01 real, 4 MB, 5.34 load
[runlim] sample:		696.61 time, 700.01 real, 4 MB, 5.37 load
[runlim] sample:		706.57 time, 710.01 real, 4 MB, 5.31 load
[runlim] sample:		716.53 time, 720.01 real, 4 MB, 5.26 load
[runlim] sample:		726.49 time, 730.01 real, 4 MB, 5.14 load
[runlim] sample:		736.45 time, 740.01 real, 4 MB, 5.04 load
[runlim] sample:		746.42 time, 750.01 real, 4 MB, 4.88 load
[runlim] sample:		756.38 time, 760.01 real, 4 MB, 4.74 load
[runlim] sample:		766.34 time, 770.01 real, 4 MB, 4.63 load
[runlim] sample:		776.30 time, 780.01 real, 4 MB, 4.53 load
[runlim] sample:		786.26 time, 790.01 real, 4 MB, 4.45 load
[runlim] sample:		796.22 time, 800.01 real, 4 MB, 4.38 load
[runlim] sample:		806.18 time, 810.01 real, 4 MB, 4.32 load
[runlim] sample:		816.15 time, 820.01 real, 4 MB, 4.27 load
[runlim] sample:		826.11 time, 830.01 real, 4 MB, 4.31 load
[runlim] sample:		836.07 time, 840.01 real, 4 MB, 4.26 load
[runlim] sample:		846.03 time, 850.01 real, 4 MB, 4.22 load
[runlim] sample:		855.99 time, 860.01 real, 4 MB, 4.19 load
[runlim] sample:		865.95 time, 870.01 real, 4 MB, 4.16 load
[runlim] sample:		875.91 time, 880.01 real, 4 MB, 4.13 load
[runlim] sample:		885.88 time, 890.01 real, 4 MB, 4.19 load
[runlim] sample:		895.84 time, 900.01 real, 4 MB, 4.16 load
[runlim] sample:		905.80 time, 910.01 real, 4 MB, 4.14 load
[runlim] sample:		915.76 time, 920.01 real, 4 MB, 4.12 load
[runlim] sample:		925.72 time, 930.01 real, 4 MB, 4.10 load
[runlim] sample:		935.68 time, 940.01 real, 4 MB, 4.08 load
[runlim] sample:		945.64 time, 950.01 real, 4 MB, 4.23 load
[runlim] sample:		955.60 time, 960.01 real, 4 MB, 4.19 load
[runlim] sample:		965.56 time, 970.01 real, 4 MB, 4.24 load
[runlim] sample:		975.52 time, 980.01 real, 4 MB, 4.20 load
[runlim] sample:		985.49 time, 990.01 real, 4 MB, 4.17 load
[runlim] sample:		995.45 time, 1000.01 real, 4 MB, 4.14 load
[runlim] sample:		1005.41 time, 1010.01 real, 4 MB, 4.20 load
[runlim] sample:		1015.37 time, 1020.01 real, 4 MB, 4.17 load
[runlim] sample:		1025.33 time, 1030.01 real, 4 MB, 4.14 load
[runlim] sample:		1035.29 time, 1040.01 real, 4 MB, 4.12 load
[runlim] sample:		1045.25 time, 1050.01 real, 4 MB, 4.10 load
[runlim] sample:		1055.21 time, 1060.01 real, 4 MB, 4.09 load
[runlim] sample:		1065.18 time, 1070.01 real, 4 MB, 4.15 load
[runlim] sample:		1075.14 time, 1080.01 real, 4 MB, 4.13 load
[runlim] sample:		1085.10 time, 1090.01 real, 4 MB, 4.11 load
[runlim] sample:		1095.06 time, 1100.01 real, 4 MB, 4.09 load
[runlim] sample:		1105.02 time, 1110.01 real, 4 MB, 4.08 load
[runlim] sample:		1114.98 time, 1120.01 real, 4 MB, 4.06 load
[runlim] sample:		1124.94 time, 1130.01 real, 4 MB, 4.05 load
[runlim] sample:		1134.91 time, 1140.01 real, 4 MB, 4.13 load
[runlim] sample:		1144.87 time, 1150.01 real, 4 MB, 4.11 load
[runlim] sample:		1154.83 time, 1160.01 real, 4 MB, 4.09 load
[runlim] sample:		1164.79 time, 1170.01 real, 4 MB, 4.08 load
[runlim] sample:		1174.75 time, 1180.01 real, 4 MB, 4.06 load
[runlim] sample:		1184.71 time, 1190.01 real, 4 MB, 4.05 load
[runlim] sample:		1194.67 time, 1200.01 real, 4 MB, 4.12 load
[runlim] sample:		1204.64 time, 1210.01 real, 4 MB, 4.11 load
[runlim] sample:		1214.60 time, 1220.01 real, 4 MB, 4.09 load
[runlim] sample:		1224.56 time, 1230.01 real, 4 MB, 4.07 load
[runlim] sample:		1234.52 time, 1240.01 real, 4 MB, 4.14 load
[runlim] sample:		1244.48 time, 1250.01 real, 4 MB, 4.12 load
[runlim] sample:		1254.44 time, 1260.01 real, 4 MB, 4.18 load
[runlim] sample:		1264.40 time, 1270.01 real, 4 MB, 4.15 load
[runlim] sample:		1274.37 time, 1280.01 real, 4 MB, 4.13 load
[runlim] sample:		1284.33 time, 1290.01 real, 4 MB, 4.11 load
[runlim] sample:		1294.29 time, 1300.01 real, 4 MB, 4.09 load
[runlim] sample:		1304.25 time, 1310.01 real, 4 MB, 4.08 load
[runlim] sample:		1314.21 time, 1320.01 real, 4 MB, 4.06 load
[runlim] sample:		1324.17 time, 1330.01 real, 4 MB, 4.05 load
[runlim] sample:		1334.14 time, 1340.01 real, 4 MB, 4.12 load
[runlim] sample:		1344.10 time, 1350.01 real, 4 MB, 4.11 load
[runlim] sample:		1354.06 time, 1360.01 real, 4 MB, 4.09 load
[runlim] sample:		1364.02 time, 1370.01 real, 4 MB, 4.07 load
[runlim] sample:		1373.98 time, 1380.01 real, 4 MB, 4.06 load
[runlim] sample:		1383.94 time, 1390.01 real, 4 MB, 4.05 load
[runlim] sample:		1393.90 time, 1400.01 real, 4 MB, 4.12 load
[runlim] sample:		1403.87 time, 1410.01 real, 4 MB, 4.10 load
[runlim] sample:		1413.83 time, 1420.01 real, 4 MB, 3.93 load
[runlim] sample:		1423.79 time, 1430.01 real, 4 MB, 3.79 load
[runlim] sample:		1433.76 time, 1440.01 real, 4 MB, 3.67 load
[runlim] sample:		1443.72 time, 1450.01 real, 4 MB, 3.65 load
[runlim] sample:		1453.68 time, 1460.01 real, 4 MB, 3.63 load
[runlim] sample:		1463.65 time, 1470.01 real, 4 MB, 3.53 load
[runlim] sample:		1473.61 time, 1480.01 real, 4 MB, 3.45 load
[runlim] sample:		1483.58 time, 1490.01 real, 4 MB, 3.38 load
[runlim] sample:		1493.54 time, 1500.01 real, 4 MB, 3.32 load
[runlim] sample:		1503.50 time, 1510.01 real, 4 MB, 3.27 load
[runlim] sample:		1513.47 time, 1520.01 real, 4 MB, 3.23 load
[runlim] sample:		1523.43 time, 1530.01 real, 4 MB, 3.19 load
[runlim] sample:		1533.39 time, 1540.01 real, 4 MB, 3.16 load
[runlim] sample:		1543.36 time, 1550.01 real, 4 MB, 3.14 load
[runlim] sample:		1553.32 time, 1560.01 real, 4 MB, 3.12 load
[runlim] sample:		1563.29 time, 1570.01 real, 4 MB, 3.10 load
[runlim] sample:		1573.25 time, 1580.01 real, 4 MB, 3.08 load
[runlim] sample:		1583.21 time, 1590.01 real, 4 MB, 3.07 load
[runlim] sample:		1593.18 time, 1600.01 real, 4 MB, 3.14 load
[runlim] sample:		1603.14 time, 1610.01 real, 4 MB, 3.12 load
[runlim] sample:		1613.10 time, 1620.01 real, 4 MB, 3.10 load
[runlim] sample:		1623.07 time, 1630.01 real, 4 MB, 3.08 load
[runlim] sample:		1633.03 time, 1640.01 real, 4 MB, 3.07 load
[runlim] sample:		1642.99 time, 1650.01 real, 4 MB, 3.06 load
[runlim] sample:		1652.96 time, 1660.01 real, 4 MB, 3.13 load
[runlim] sample:		1662.92 time, 1670.01 real, 4 MB, 3.11 load
[runlim] sample:		1672.89 time, 1680.01 real, 4 MB, 3.09 load
[runlim] sample:		1682.85 time, 1690.01 real, 4 MB, 3.08 load
[runlim] sample:		1692.81 time, 1700.01 real, 4 MB, 3.06 load
[runlim] sample:		1702.78 time, 1710.01 real, 4 MB, 3.05 load
[runlim] sample:		1712.74 time, 1720.01 real, 4 MB, 3.05 load
[runlim] sample:		1722.71 time, 1730.01 real, 4 MB, 3.04 load
[runlim] sample:		1732.67 time, 1740.01 real, 4 MB, 3.19 load
[runlim] sample:		1742.63 time, 1750.01 real, 4 MB, 3.16 load
[runlim] sample:		1752.60 time, 1760.01 real, 4 MB, 3.13 load
[runlim] sample:		1762.56 time, 1770.01 real, 4 MB, 3.11 load
[runlim] sample:		1772.52 time, 1780.01 real, 4 MB, 3.09 load
[runlim] sample:		1782.49 time, 1790.01 real, 4 MB, 3.08 load
[runlim] sample:		1792.45 time, 1800.01 real, 4 MB, 3.15 load
[runlim] sample:		1802.42 time, 1810.01 real, 4 MB, 3.20 load
[runlim] sample:		1812.38 time, 1820.01 real, 4 MB, 3.17 load
[runlim] sample:		1822.34 time, 1830.01 real, 4 MB, 3.14 load
[runlim] sample:		1832.31 time, 1840.01 real, 4 MB, 3.12 load
[runlim] sample:		1842.27 time, 1850.01 real, 4 MB, 3.10 load
[runlim] sample:		1852.23 time, 1860.01 real, 4 MB, 3.16 load
[runlim] sample:		1862.19 time, 1870.01 real, 4 MB, 3.14 load
[runlim] sample:		1872.16 time, 1880.01 real, 4 MB, 3.12 load
[runlim] sample:		1882.12 time, 1890.01 real, 4 MB, 3.10 load
[runlim] sample:		1892.08 time, 1900.01 real, 4 MB, 3.08 load
[runlim] sample:		1902.05 time, 1910.01 real, 4 MB, 3.07 load
[runlim] sample:		1912.01 time, 1920.01 real, 4 MB, 3.06 load
[runlim] sample:		1921.98 time, 1930.01 real, 4 MB, 3.05 load
[runlim] sample:		1931.94 time, 1940.01 real, 4 MB, 3.12 load
[runlim] sample:		1941.90 time, 1950.01 real, 4 MB, 3.18 load
[runlim] sample:		1951.87 time, 1960.01 real, 4 MB, 3.15 load
[runlim] sample:		1961.83 time, 1970.01 real, 4 MB, 3.13 load
[runlim] sample:		1971.80 time, 1980.01 real, 4 MB, 3.11 load
[runlim] sample:		1981.76 time, 1990.01 real, 4 MB, 3.09 load
[runlim] sample:		1991.72 time, 2000.01 real, 4 MB, 3.16 load
[runlim] sample:		2001.69 time, 2010.01 real, 4 MB, 3.13 load
[runlim] sample:		2011.65 time, 2020.01 real, 4 MB, 3.03 load
[runlim] sample:		2021.62 time, 2030.01 real, 4 MB, 2.87 load
[runlim] sample:		2031.58 time, 2040.01 real, 4 MB, 2.74 load
[runlim] sample:		2041.55 time, 2050.01 real, 4 MB, 2.62 load
[runlim] sample:		2051.51 time, 2060.01 real, 4 MB, 2.61 load
[runlim] sample:		2061.48 time, 2070.01 real, 4 MB, 2.51 load
[runlim] sample:		2071.44 time, 2080.01 real, 4 MB, 2.43 load
[runlim] sample:		2081.41 time, 2090.01 real, 4 MB, 2.37 load
[runlim] sample:		2091.38 time, 2100.01 real, 4 MB, 2.31 load
[runlim] sample:		2101.34 time, 2110.01 real, 4 MB, 2.26 load
[runlim] sample:		2111.31 time, 2120.01 real, 4 MB, 2.22 load
[runlim] sample:		2121.27 time, 2130.01 real, 4 MB, 2.19 load
[runlim] sample:		2131.24 time, 2140.01 real, 4 MB, 2.24 load
[runlim] sample:		2141.21 time, 2150.01 real, 4 MB, 2.20 load
[runlim] sample:		2151.17 time, 2160.01 real, 4 MB, 2.17 load
[runlim] sample:		2161.14 time, 2170.01 real, 4 MB, 2.14 load
[runlim] sample:		2171.10 time, 2180.01 real, 4 MB, 2.12 load
[runlim] sample:		2181.07 time, 2190.01 real, 4 MB, 2.10 load
[runlim] sample:		2191.03 time, 2200.01 real, 4 MB, 2.25 load
[runlim] sample:		2201.00 time, 2210.01 real, 4 MB, 2.21 load
[runlim] sample:		2210.96 time, 2220.01 real, 4 MB, 2.18 load
[runlim] sample:		2220.93 time, 2230.01 real, 4 MB, 2.15 load
[runlim] sample:		2230.90 time, 2240.01 real, 4 MB, 2.12 load
[runlim] sample:		2240.86 time, 2250.01 real, 4 MB, 2.10 load
[runlim] sample:		2250.83 time, 2260.01 real, 4 MB, 2.17 load
[runlim] sample:		2260.79 time, 2270.01 real, 4 MB, 2.14 load
[runlim] sample:		2270.76 time, 2280.01 real, 4 MB, 2.12 load
[runlim] sample:		2280.72 time, 2290.01 real, 4 MB, 2.10 load
[runlim] sample:		2290.69 time, 2300.01 real, 4 MB, 2.08 load
[runlim] sample:		2300.66 time, 2310.01 real, 4 MB, 2.07 load
[runlim] sample:		2310.62 time, 2320.01 real, 4 MB, 2.06 load
[runlim] sample:		2320.59 time, 2330.01 real, 4 MB, 2.05 load
[runlim] sample:		2330.55 time, 2340.01 real, 4 MB, 2.12 load
[runlim] sample:		2340.52 time, 2350.01 real, 4 MB, 2.10 load
[runlim] sample:		2350.48 time, 2360.01 real, 4 MB, 2.09 load
[runlim] sample:		2360.45 time, 2370.01 real, 4 MB, 2.07 load
[runlim] sample:		2370.42 time, 2380.01 real, 4 MB, 2.06 load
[runlim] sample:		2380.38 time, 2390.01 real, 4 MB, 2.05 load
[runlim] sample:		2390.35 time, 2400.01 real, 4 MB, 2.04 load
[runlim] sample:		2400.31 time, 2410.01 real, 4 MB, 2.04 load
[runlim] sample:		2410.28 time, 2420.01 real, 4 MB, 2.03 load
[runlim] sample:		2420.24 time, 2430.01 real, 4 MB, 2.02 load
[runlim] sample:		2430.21 time, 2440.01 real, 4 MB, 2.02 load
[runlim] sample:		2440.18 time, 2450.01 real, 4 MB, 2.10 load
[runlim] sample:		2450.14 time, 2460.01 real, 4 MB, 2.24 load
[runlim] sample:		2460.11 time, 2470.01 real, 4 MB, 2.20 load
[runlim] sample:		2470.07 time, 2480.01 real, 4 MB, 2.17 load
[runlim] sample:		2480.04 time, 2490.01 real, 4 MB, 2.15 load
[runlim] sample:		2490.00 time, 2500.01 real, 4 MB, 2.20 load
[runlim] sample:		2499.97 time, 2510.01 real, 4 MB, 2.17 load
[runlim] sample:		2509.94 time, 2520.01 real, 4 MB, 2.14 load
[runlim] sample:		2519.90 time, 2530.01 real, 4 MB, 2.12 load
[runlim] sample:		2529.87 time, 2540.01 real, 4 MB, 2.26 load
[runlim] sample:		2539.83 time, 2550.01 real, 4 MB, 2.22 load
[runlim] sample:		2549.80 time, 2560.01 real, 4 MB, 2.19 load
[runlim] sample:		2559.77 time, 2570.01 real, 4 MB, 2.16 load
[runlim] sample:		2569.73 time, 2580.01 real, 4 MB, 2.13 load
[runlim] sample:		2579.70 time, 2590.01 real, 4 MB, 2.11 load
[runlim] sample:		2589.66 time, 2600.01 real, 4 MB, 2.10 load
[runlim] sample:		2599.63 time, 2610.01 real, 4 MB, 2.08 load
[runlim] sample:		2609.59 time, 2620.01 real, 4 MB, 2.07 load
[runlim] sample:		2619.56 time, 2630.01 real, 4 MB, 2.06 load
[runlim] sample:		2629.53 time, 2640.01 real, 4 MB, 2.05 load
[runlim] sample:		2639.49 time, 2650.01 real, 4 MB, 2.04 load
[runlim] sample:		2649.46 time, 2660.01 real, 4 MB, 2.03 load
[runlim] sample:		2659.42 time, 2670.01 real, 4 MB, 2.03 load
[runlim] sample:		2669.39 time, 2680.01 real, 4 MB, 2.02 load
[runlim] sample:		2679.35 time, 2690.01 real, 4 MB, 2.02 load
[runlim] sample:		2689.32 time, 2700.01 real, 4 MB, 2.02 load
[runlim] sample:		2699.29 time, 2710.01 real, 4 MB, 2.01 load
[runlim] sample:		2709.25 time, 2720.01 real, 4 MB, 2.01 load
[runlim] sample:		2719.22 time, 2730.01 real, 4 MB, 2.01 load
[runlim] sample:		2729.19 time, 2740.01 real, 4 MB, 2.01 load
[runlim] sample:		2739.16 time, 2750.01 real, 4 MB, 2.00 load
[runlim] sample:		2749.12 time, 2760.01 real, 4 MB, 2.00 load
[runlim] sample:		2759.09 time, 2770.01 real, 4 MB, 2.00 load
[runlim] sample:		2769.06 time, 2780.01 real, 4 MB, 2.00 load
[runlim] sample:		2779.02 time, 2790.01 real, 4 MB, 2.00 load
[runlim] sample:		2788.99 time, 2800.01 real, 4 MB, 2.00 load
[runlim] sample:		2798.96 time, 2810.01 real, 4 MB, 2.00 load
[runlim] sample:		2808.93 time, 2820.01 real, 4 MB, 2.00 load
[runlim] sample:		2818.90 time, 2830.01 real, 4 MB, 2.00 load
[runlim] sample:		2828.86 time, 2840.01 real, 4 MB, 2.00 load
[runlim] sample:		2838.83 time, 2850.01 real, 4 MB, 2.00 load
[runlim] sample:		2848.80 time, 2860.01 real, 4 MB, 2.00 load
[runlim] sample:		2858.77 time, 2870.01 real, 4 MB, 2.00 load
[runlim] sample:		2868.74 time, 2880.01 real, 4 MB, 2.00 load
[runlim] sample:		2878.70 time, 2890.01 real, 4 MB, 2.00 load
[runlim] sample:		2888.67 time, 2900.01 real, 4 MB, 2.00 load
[runlim] sample:		2898.64 time, 2910.01 real, 4 MB, 2.00 load
[runlim] sample:		2908.61 time, 2920.01 real, 4 MB, 2.00 load
[runlim] sample:		2918.57 time, 2930.01 real, 4 MB, 2.00 load
[runlim] sample:		2928.54 time, 2940.01 real, 4 MB, 2.00 load
[runlim] sample:		2938.51 time, 2950.01 real, 4 MB, 2.08 load
[runlim] sample:		2948.48 time, 2960.01 real, 4 MB, 2.07 load
[runlim] sample:		2958.44 time, 2970.01 real, 4 MB, 2.06 load
[runlim] sample:		2968.41 time, 2980.01 real, 4 MB, 2.05 load
[runlim] sample:		2978.38 time, 2990.01 real, 4 MB, 2.04 load
[runlim] sample:		2988.35 time, 3000.01 real, 4 MB, 2.03 load
[runlim] sample:		2998.32 time, 3010.01 real, 4 MB, 2.03 load
[runlim] sample:		3008.29 time, 3020.01 real, 4 MB, 2.02 load
[runlim] sample:		3018.25 time, 3030.01 real, 4 MB, 2.02 load
[runlim] sample:		3028.22 time, 3040.01 real, 4 MB, 2.10 load
[runlim] sample:		3038.19 time, 3050.01 real, 4 MB, 2.08 load
[runlim] sample:		3048.16 time, 3060.01 real, 4 MB, 2.07 load
[runlim] sample:		3058.13 time, 3070.01 real, 4 MB, 2.06 load
[runlim] sample:		3068.10 time, 3080.01 real, 4 MB, 2.05 load
[runlim] sample:		3078.06 time, 3090.01 real, 4 MB, 2.04 load
[runlim] sample:		3088.03 time, 3100.01 real, 4 MB, 2.11 load
[runlim] sample:		3098.00 time, 3110.01 real, 4 MB, 2.10 load
[runlim] sample:		3107.97 time, 3120.01 real, 4 MB, 2.08 load
[runlim] sample:		3117.94 time, 3130.01 real, 4 MB, 2.07 load
[runlim] sample:		3127.91 time, 3140.01 real, 4 MB, 2.06 load
[runlim] sample:		3137.87 time, 3150.01 real, 4 MB, 2.05 load
[runlim] sample:		3147.84 time, 3160.01 real, 4 MB, 2.12 load
[runlim] sample:		3157.81 time, 3170.01 real, 4 MB, 2.10 load
[runlim] sample:		3167.78 time, 3180.01 real, 4 MB, 2.08 load
[runlim] sample:		3177.75 time, 3190.01 real, 4 MB, 2.07 load
[runlim] sample:		3187.71 time, 3200.01 real, 4 MB, 2.14 load
[runlim] sample:		3197.68 time, 3210.01 real, 4 MB, 2.12 load
[runlim] sample:		3207.65 time, 3220.01 real, 4 MB, 2.10 load
[runlim] sample:		3217.62 time, 3230.01 real, 4 MB, 2.08 load
[runlim] sample:		3227.59 time, 3240.01 real, 4 MB, 2.15 load
[runlim] sample:		3237.55 time, 3250.01 real, 4 MB, 2.13 load
[runlim] sample:		3247.52 time, 3260.01 real, 4 MB, 2.11 load
[runlim] sample:		3257.49 time, 3270.01 real, 4 MB, 2.09 load
[runlim] sample:		3267.46 time, 3280.01 real, 4 MB, 2.08 load
[runlim] sample:		3277.43 time, 3290.01 real, 4 MB, 2.06 load
[runlim] sample:		3287.39 time, 3300.01 real, 4 MB, 2.13 load
[runlim] sample:		3297.36 time, 3310.01 real, 4 MB, 2.11 load
[runlim] sample:		3307.33 time, 3320.01 real, 4 MB, 2.10 load
[runlim] sample:		3317.30 time, 3330.01 real, 4 MB, 2.08 load
[runlim] sample:		3327.26 time, 3340.01 real, 4 MB, 2.07 load
[runlim] sample:		3337.23 time, 3350.01 real, 4 MB, 2.06 load
[runlim] sample:		3347.20 time, 3360.01 real, 4 MB, 2.13 load
[runlim] sample:		3357.17 time, 3370.01 real, 4 MB, 2.11 load
[runlim] sample:		3367.14 time, 3380.01 real, 4 MB, 2.09 load
[runlim] sample:		3377.10 time, 3390.01 real, 4 MB, 2.08 load
[runlim] sample:		3387.07 time, 3400.01 real, 4 MB, 2.06 load
[runlim] sample:		3397.04 time, 3410.01 real, 4 MB, 2.05 load
[runlim] sample:		3407.01 time, 3420.01 real, 4 MB, 2.04 load
[runlim] sample:		3416.98 time, 3430.01 real, 4 MB, 2.04 load
[runlim] sample:		3426.94 time, 3440.01 real, 4 MB, 2.03 load
[runlim] sample:		3436.91 time, 3450.01 real, 4 MB, 2.11 load
[runlim] sample:		3446.88 time, 3460.01 real, 4 MB, 2.09 load
[runlim] sample:		3456.85 time, 3470.01 real, 4 MB, 2.08 load
[runlim] sample:		3466.82 time, 3480.01 real, 4 MB, 2.06 load
[runlim] sample:		3476.79 time, 3490.01 real, 4 MB, 2.05 load
[runlim] sample:		3486.75 time, 3500.01 real, 4 MB, 2.04 load
[runlim] sample:		3496.72 time, 3510.01 real, 4 MB, 2.04 load
[runlim] sample:		3506.69 time, 3520.01 real, 4 MB, 2.03 load
[runlim] sample:		3516.66 time, 3530.01 real, 4 MB, 2.03 load
[runlim] sample:		3526.63 time, 3540.01 real, 4 MB, 2.02 load
[runlim] sample:		3536.60 time, 3550.01 real, 4 MB, 2.02 load
[runlim] sample:		3546.56 time, 3560.01 real, 4 MB, 2.01 load
[runlim] sample:		3556.53 time, 3570.01 real, 4 MB, 2.01 load
[runlim] sample:		3566.50 time, 3580.01 real, 4 MB, 2.01 load
[runlim] sample:		3576.47 time, 3590.01 real, 4 MB, 2.01 load
[runlim] sample:		3586.44 time, 3600.01 real, 4 MB, 2.01 load
[runlim] sample:		3596.40 time, 3610.01 real, 4 MB, 2.00 load
[runlim] sample:		3606.37 time, 3620.01 real, 4 MB, 2.00 load
[runlim] sample:		3616.34 time, 3630.01 real, 4 MB, 2.00 load
[runlim] sample:		3626.31 time, 3640.01 real, 4 MB, 2.08 load
[runlim] sample:		3636.28 time, 3650.01 real, 4 MB, 2.07 load
[runlim] sample:		3646.24 time, 3660.01 real, 4 MB, 2.06 load
[runlim] sample:		3656.21 time, 3670.01 real, 4 MB, 2.05 load
[runlim] sample:		3666.18 time, 3680.01 real, 4 MB, 2.04 load
[runlim] sample:		3676.14 time, 3690.01 real, 4 MB, 2.03 load
[runlim] sample:		3686.11 time, 3700.01 real, 4 MB, 2.11 load
[runlim] sample:		3696.08 time, 3710.01 real, 4 MB, 2.09 load
[runlim] sample:		3706.05 time, 3720.01 real, 4 MB, 2.08 load
[runlim] sample:		3716.02 time, 3730.01 real, 4 MB, 2.06 load
[runlim] sample:		3725.98 time, 3740.01 real, 4 MB, 2.05 load
[runlim] sample:		3735.95 time, 3750.01 real, 4 MB, 2.05 load
[runlim] sample:		3745.92 time, 3760.01 real, 4 MB, 2.12 load
[runlim] sample:		3755.89 time, 3770.01 real, 4 MB, 2.10 load
[runlim] sample:		3765.86 time, 3780.01 real, 4 MB, 2.08 load
[runlim] sample:		3775.82 time, 3790.01 real, 4 MB, 2.07 load
[runlim] sample:		3785.79 time, 3800.01 real, 4 MB, 2.06 load
[runlim] sample:		3795.76 time, 3810.01 real, 4 MB, 2.05 load
[runlim] sample:		3805.73 time, 3820.01 real, 4 MB, 2.04 load
[runlim] sample:		3815.70 time, 3830.01 real, 4 MB, 2.04 load
[runlim] sample:		3825.66 time, 3840.01 real, 4 MB, 2.11 load
[runlim] sample:		3835.63 time, 3850.01 real, 4 MB, 2.09 load
[runlim] sample:		3845.60 time, 3860.01 real, 4 MB, 2.08 load
[runlim] sample:		3855.57 time, 3870.01 real, 4 MB, 2.07 load
[runlim] sample:		3865.54 time, 3880.01 real, 4 MB, 2.06 load
[runlim] sample:		3875.50 time, 3890.01 real, 4 MB, 2.05 load
[runlim] sample:		3885.47 time, 3900.01 real, 4 MB, 2.12 load
[runlim] sample:		3895.44 time, 3910.01 real, 4 MB, 2.10 load
[runlim] sample:		3905.41 time, 3920.01 real, 4 MB, 2.08 load
[runlim] sample:		3915.38 time, 3930.01 real, 4 MB, 2.07 load
[runlim] sample:		3925.34 time, 3940.01 real, 4 MB, 2.06 load
[runlim] sample:		3935.31 time, 3950.01 real, 4 MB, 2.13 load
[runlim] sample:		3945.28 time, 3960.01 real, 4 MB, 2.19 load
[runlim] sample:		3955.25 time, 3970.01 real, 4 MB, 2.16 load
[runlim] sample:		3965.22 time, 3980.01 real, 4 MB, 2.14 load
[runlim] sample:		3975.18 time, 3990.01 real, 4 MB, 2.11 load
[runlim] sample:		3985.15 time, 4000.01 real, 4 MB, 2.17 load
[runlim] sample:		3995.12 time, 4010.01 real, 4 MB, 2.14 load
[runlim] sample:		4005.09 time, 4020.01 real, 4 MB, 2.12 load
[runlim] sample:		4015.05 time, 4030.01 real, 4 MB, 2.10 load
[runlim] sample:		4025.02 time, 4040.01 real, 4 MB, 2.17 load
[runlim] sample:		4034.99 time, 4050.01 real, 4 MB, 2.14 load
[runlim] sample:		4044.96 time, 4060.01 real, 4 MB, 2.12 load
[runlim] sample:		4054.92 time, 4070.01 real, 4 MB, 2.10 load
[runlim] sample:		4064.89 time, 4080.01 real, 4 MB, 2.08 load
[runlim] sample:		4074.86 time, 4090.01 real, 4 MB, 2.07 load
[runlim] sample:		4084.83 time, 4100.01 real, 4 MB, 2.14 load
[runlim] sample:		4094.79 time, 4110.01 real, 4 MB, 2.12 load
[runlim] sample:		4104.76 time, 4120.01 real, 4 MB, 2.17 load
[runlim] sample:		4114.73 time, 4130.01 real, 4 MB, 2.15 load
[runlim] sample:		4124.70 time, 4140.01 real, 4 MB, 2.20 load
[runlim] sample:		4134.67 time, 4150.01 real, 4 MB, 2.17 load
[runlim] sample:		4144.63 time, 4160.01 real, 4 MB, 2.22 load
[runlim] sample:		4154.60 time, 4170.01 real, 4 MB, 2.19 load
[runlim] sample:		4164.57 time, 4180.01 real, 4 MB, 2.16 load
[runlim] sample:		4174.54 time, 4190.01 real, 4 MB, 2.13 load
[runlim] sample:		4184.51 time, 4200.01 real, 4 MB, 2.11 load
[runlim] sample:		4194.48 time, 4210.01 real, 4 MB, 2.09 load
[runlim] sample:		4204.45 time, 4220.01 real, 4 MB, 2.08 load
[runlim] sample:		4214.41 time, 4230.01 real, 4 MB, 2.07 load
[runlim] sample:		4224.38 time, 4240.01 real, 4 MB, 2.14 load
[runlim] sample:		4234.35 time, 4250.01 real, 4 MB, 2.12 load
[runlim] sample:		4244.32 time, 4260.01 real, 4 MB, 2.10 load
[runlim] sample:		4254.29 time, 4270.01 real, 4 MB, 2.08 load
[runlim] sample:		4264.26 time, 4280.01 real, 4 MB, 2.07 load
[runlim] sample:		4274.23 time, 4290.01 real, 4 MB, 2.06 load
[runlim] sample:		4284.19 time, 4300.01 real, 4 MB, 2.13 load
[runlim] sample:		4294.16 time, 4310.01 real, 4 MB, 2.11 load
[runlim] sample:		4304.13 time, 4320.01 real, 4 MB, 2.09 load
[runlim] sample:		4314.10 time, 4330.01 real, 4 MB, 2.08 load
[runlim] sample:		4324.06 time, 4340.01 real, 4 MB, 2.06 load
[runlim] sample:		4334.03 time, 4350.01 real, 4 MB, 2.05 load
[runlim] sample:		4344.00 time, 4360.01 real, 4 MB, 2.13 load
[runlim] sample:		4353.97 time, 4370.01 real, 4 MB, 2.11 load
[runlim] sample:		4363.94 time, 4380.01 real, 4 MB, 2.09 load
[runlim] sample:		4373.90 time, 4390.01 real, 4 MB, 2.08 load
[runlim] sample:		4383.87 time, 4400.01 real, 4 MB, 2.06 load
[runlim] sample:		4393.84 time, 4410.01 real, 4 MB, 2.05 load
[runlim] sample:		4403.81 time, 4420.01 real, 4 MB, 2.04 load
[runlim] sample:		4413.78 time, 4430.01 real, 4 MB, 2.04 load
[runlim] sample:		4423.74 time, 4440.01 real, 4 MB, 2.11 load
[runlim] sample:		4433.71 time, 4450.01 real, 4 MB, 2.17 load
[runlim] sample:		4443.68 time, 4460.01 real, 4 MB, 2.22 load
[runlim] sample:		4453.65 time, 4470.01 real, 4 MB, 2.19 load
[runlim] sample:		4463.62 time, 4480.01 real, 4 MB, 2.16 load
[runlim] sample:		4473.59 time, 4490.01 real, 4 MB, 2.13 load
[runlim] sample:		4483.55 time, 4500.01 real, 4 MB, 2.19 load
[runlim] sample:		4493.52 time, 4510.01 real, 4 MB, 2.16 load
[runlim] sample:		4503.49 time, 4520.01 real, 4 MB, 2.14 load
[runlim] sample:		4513.46 time, 4530.01 real, 4 MB, 2.12 load
[runlim] sample:		4523.42 time, 4540.01 real, 4 MB, 2.10 load
[runlim] sample:		4533.39 time, 4550.01 real, 4 MB, 2.08 load
[runlim] sample:		4543.36 time, 4560.01 real, 4 MB, 2.31 load
[runlim] sample:		4553.33 time, 4570.01 real, 4 MB, 2.26 load
[runlim] sample:		4563.29 time, 4580.01 real, 4 MB, 2.30 load
[runlim] sample:		4573.26 time, 4590.01 real, 4 MB, 2.25 load
[runlim] sample:		4583.23 time, 4600.01 real, 4 MB, 2.29 load
[runlim] sample:		4593.20 time, 4610.01 real, 4 MB, 2.24 load
[runlim] sample:		4603.16 time, 4620.01 real, 4 MB, 2.20 load
[runlim] sample:		4613.13 time, 4630.01 real, 4 MB, 2.17 load
[runlim] sample:		4623.10 time, 4640.01 real, 4 MB, 2.22 load
[runlim] sample:		4633.07 time, 4650.01 real, 4 MB, 2.19 load
[runlim] sample:		4643.04 time, 4660.01 real, 4 MB, 2.16 load
[runlim] sample:		4653.00 time, 4670.01 real, 4 MB, 2.14 load
[runlim] sample:		4662.97 time, 4680.01 real, 4 MB, 2.11 load
[runlim] sample:		4672.94 time, 4690.01 real, 4 MB, 2.10 load
[runlim] sample:		4682.91 time, 4700.01 real, 4 MB, 2.16 load
[runlim] sample:		4692.88 time, 4710.01 real, 4 MB, 2.14 load
[runlim] sample:		4702.84 time, 4720.01 real, 4 MB, 2.11 load
[runlim] sample:		4712.81 time, 4730.01 real, 4 MB, 2.10 load
[runlim] sample:		4722.78 time, 4740.01 real, 4 MB, 2.08 load
[runlim] sample:		4732.75 time, 4750.01 real, 4 MB, 2.07 load
[runlim] sample:		4742.72 time, 4760.01 real, 4 MB, 2.14 load
[runlim] sample:		4752.68 time, 4770.01 real, 4 MB, 2.12 load
[runlim] sample:		4762.65 time, 4780.01 real, 4 MB, 2.10 load
[runlim] sample:		4772.62 time, 4790.01 real, 4 MB, 2.08 load
[runlim] sample:		4782.59 time, 4800.01 real, 4 MB, 2.07 load
[runlim] sample:		4792.56 time, 4810.01 real, 4 MB, 2.06 load
[runlim] sample:		4802.52 time, 4820.01 real, 4 MB, 2.05 load
[runlim] sample:		4812.49 time, 4830.01 real, 4 MB, 2.20 load
[runlim] sample:		4822.46 time, 4840.01 real, 4 MB, 2.17 load
[runlim] sample:		4832.43 time, 4850.01 real, 4 MB, 2.14 load
[runlim] sample:		4842.39 time, 4860.01 real, 4 MB, 2.12 load
[runlim] sample:		4852.36 time, 4870.01 real, 4 MB, 2.10 load
[runlim] sample:		4862.33 time, 4880.01 real, 4 MB, 2.09 load
[runlim] sample:		4872.30 time, 4890.01 real, 4 MB, 2.15 load
[runlim] sample:		4882.27 time, 4900.01 real, 4 MB, 2.13 load
[runlim] sample:		4892.23 time, 4910.01 real, 4 MB, 2.11 load
[runlim] sample:		4902.20 time, 4920.01 real, 4 MB, 2.09 load
[runlim] sample:		4912.17 time, 4930.01 real, 4 MB, 2.08 load
[runlim] sample:		4922.14 time, 4940.01 real, 4 MB, 2.06 load
[runlim] sample:		4932.10 time, 4950.01 real, 4 MB, 2.22 load
[runlim] sample:		4942.07 time, 4960.01 real, 4 MB, 2.18 load
[runlim] sample:		4952.04 time, 4970.01 real, 4 MB, 2.15 load
[runlim] sample:		4962.01 time, 4980.01 real, 4 MB, 2.13 load
[runlim] sample:		4971.98 time, 4990.01 real, 4 MB, 2.11 load
[runlim] sample:		4981.94 time, 5000.01 real, 4 MB, 2.09 load
[runlim] end:			Sun Mar 15 01:08:07 2026
[runlim] status:		out of time
[runlim] result:		2
[runlim] children:		1
[runlim] processes:		2
[runlim] real:			5000.05 seconds
[runlim] time:			4981.94 seconds
[runlim] space:			4 MB
[runlim] load:			14.18 maximum
[runlim] samples:		50000
