[runlim] version:		2.0.0rc1
[runlim] host:			p06n20
[runlim] time limit:		311040000 seconds
[runlim] real time limit:	5000 seconds
[runlim] space limit:		7000 MB
[runlim] argv[0]:		./binary
[runlim] argv[1]:		-c
[runlim] argv[2]:		-s
[runlim] argv[3]:		-f
[runlim] argv[4]:		-r
[runlim] argv[5]:		/tmp/local-unzipped-12158359-8-468-BMS_k3_n100_m429_413.cnf
[runlim] start:			Sat Mar 14 23:49:34 2026
[runlim] child:			2652807
[runlim] end:			Sat Mar 14 23:49:35 2026
[runlim] status:		ok
[runlim] result:		0
[runlim] children:		1
[runlim] processes:		2
[runlim] real:			0.57 seconds
[runlim] time:			0.50 seconds
[runlim] space:			5 MB
[runlim] load:			16.30 maximum
[runlim] samples:		5
