[runlim] version:		2.0.0rc1
[runlim] host:			p05n19
[runlim] time limit:		311040000 seconds
[runlim] real time limit:	5000 seconds
[runlim] space limit:		7000 MB
[runlim] argv[0]:		./binary
[runlim] argv[1]:		-c
[runlim] argv[2]:		/tmp/local-unzipped-12156030-7-385-BMS_k3_n100_m429_131.cnf
[runlim] start:			Sat Mar 14 10:21:23 2026
[runlim] child:			3898300
[runlim] end:			Sat Mar 14 10:21:23 2026
[runlim] status:		ok
[runlim] result:		0
[runlim] children:		1
[runlim] processes:		2
[runlim] real:			0.45 seconds
[runlim] time:			0.39 seconds
[runlim] space:			3 MB
[runlim] load:			14.94 maximum
[runlim] samples:		4
