[runlim] version:		2.0.0rc1
[runlim] host:			p03n02
[runlim] time limit:		311040000 seconds
[runlim] real time limit:	5000 seconds
[runlim] space limit:		7000 MB
[runlim] argv[0]:		./binary
[runlim] argv[1]:		-c
[runlim] argv[2]:		/tmp/local-unzipped-12156030-4-227-BMS_k3_n100_m429_9.cnf
[runlim] start:			Sat Mar 14 10:21:14 2026
[runlim] child:			1436427
[runlim] end:			Sat Mar 14 10:21:19 2026
[runlim] status:		ok
[runlim] result:		0
[runlim] children:		1
[runlim] processes:		2
[runlim] real:			4.58 seconds
[runlim] time:			4.49 seconds
[runlim] space:			4 MB
[runlim] load:			2.28 maximum
[runlim] samples:		45
