[runlim] version:		2.0.0rc1
[runlim] host:			m06n13
[runlim] time limit:		311040000 seconds
[runlim] real time limit:	5000 seconds
[runlim] space limit:		7000 MB
[runlim] argv[0]:		./binary
[runlim] argv[1]:		-c
[runlim] argv[2]:		/tmp/local-unzipped-12156030-2-75-BMS_k3_n100_m429_101.cnf
[runlim] start:			Sat Mar 14 10:20:23 2026
[runlim] child:			1332937
[runlim] sample:		9.97 time, 10.01 real, 3 MB, 17.83 load
[runlim] sample:		19.93 time, 20.01 real, 3 MB, 16.23 load
[runlim] sample:		29.88 time, 30.01 real, 3 MB, 14.73 load
[runlim] sample:		39.84 time, 40.01 real, 3 MB, 13.47 load
[runlim] sample:		49.80 time, 50.01 real, 3 MB, 12.63 load
[runlim] sample:		59.75 time, 60.01 real, 3 MB, 12.22 load
[runlim] sample:		69.70 time, 70.01 real, 3 MB, 11.65 load
[runlim] sample:		79.66 time, 80.01 real, 3 MB, 11.09 load
[runlim] sample:		89.62 time, 90.01 real, 3 MB, 10.53 load
[runlim] sample:		99.58 time, 100.01 real, 3 MB, 9.99 load
[runlim] sample:		109.54 time, 110.01 real, 3 MB, 9.53 load
[runlim] sample:		119.50 time, 120.01 real, 3 MB, 9.14 load
[runlim] sample:		129.45 time, 130.01 real, 3 MB, 8.81 load
[runlim] sample:		139.41 time, 140.01 real, 3 MB, 8.53 load
[runlim] sample:		149.37 time, 150.01 real, 3 MB, 8.30 load
[runlim] sample:		159.34 time, 160.01 real, 3 MB, 7.94 load
[runlim] sample:		169.30 time, 170.01 real, 3 MB, 7.64 load
[runlim] sample:		179.26 time, 180.01 real, 3 MB, 7.39 load
[runlim] sample:		189.23 time, 190.01 real, 3 MB, 7.25 load
[runlim] sample:		199.19 time, 200.01 real, 3 MB, 7.06 load
[runlim] sample:		209.16 time, 210.01 real, 3 MB, 6.89 load
[runlim] sample:		219.11 time, 220.01 real, 3 MB, 6.84 load
[runlim] sample:		229.07 time, 230.01 real, 3 MB, 6.55 load
[runlim] sample:		239.03 time, 240.01 real, 3 MB, 6.31 load
[runlim] sample:		248.99 time, 250.01 real, 3 MB, 6.11 load
[runlim] sample:		258.94 time, 260.01 real, 3 MB, 5.94 load
[runlim] sample:		268.89 time, 270.01 real, 3 MB, 5.80 load
[runlim] sample:		278.84 time, 280.01 real, 3 MB, 5.67 load
[runlim] sample:		288.80 time, 290.01 real, 3 MB, 5.57 load
[runlim] sample:		298.75 time, 300.01 real, 3 MB, 5.40 load
[runlim] sample:		308.71 time, 310.01 real, 3 MB, 5.18 load
[runlim] sample:		318.67 time, 320.01 real, 3 MB, 5.00 load
[runlim] sample:		328.64 time, 330.01 real, 3 MB, 4.85 load
[runlim] sample:		338.60 time, 340.01 real, 3 MB, 4.72 load
[runlim] sample:		348.56 time, 350.01 real, 3 MB, 4.61 load
[runlim] sample:		358.52 time, 360.01 real, 3 MB, 4.51 load
[runlim] sample:		368.48 time, 370.01 real, 3 MB, 4.43 load
[runlim] sample:		378.45 time, 380.01 real, 3 MB, 4.37 load
[runlim] sample:		388.41 time, 390.01 real, 3 MB, 4.31 load
[runlim] sample:		398.37 time, 400.01 real, 3 MB, 4.18 load
[runlim] sample:		408.33 time, 410.01 real, 3 MB, 4.00 load
[runlim] sample:		418.28 time, 420.01 real, 3 MB, 3.85 load
[runlim] sample:		428.24 time, 430.01 real, 4 MB, 3.71 load
[runlim] sample:		438.21 time, 440.01 real, 4 MB, 3.60 load
[runlim] sample:		448.17 time, 450.01 real, 4 MB, 3.51 load
[runlim] sample:		458.14 time, 460.01 real, 4 MB, 3.43 load
[runlim] sample:		468.11 time, 470.01 real, 4 MB, 3.36 load
[runlim] sample:		478.07 time, 480.01 real, 4 MB, 3.31 load
[runlim] sample:		488.04 time, 490.01 real, 4 MB, 3.26 load
[runlim] sample:		498.00 time, 500.01 real, 4 MB, 3.22 load
[runlim] sample:		507.98 time, 510.01 real, 4 MB, 3.33 load
[runlim] sample:		517.95 time, 520.01 real, 4 MB, 3.28 load
[runlim] sample:		527.92 time, 530.01 real, 4 MB, 3.24 load
[runlim] sample:		537.89 time, 540.01 real, 4 MB, 3.20 load
[runlim] sample:		547.87 time, 550.01 real, 4 MB, 3.17 load
[runlim] sample:		557.84 time, 560.01 real, 4 MB, 3.30 load
[runlim] sample:		567.81 time, 570.01 real, 4 MB, 3.26 load
[runlim] sample:		577.78 time, 580.01 real, 4 MB, 3.22 load
[runlim] sample:		587.76 time, 590.01 real, 4 MB, 3.18 load
[runlim] sample:		597.73 time, 600.01 real, 4 MB, 3.15 load
[runlim] sample:		607.70 time, 610.01 real, 4 MB, 3.35 load
[runlim] sample:		617.67 time, 620.01 real, 4 MB, 3.30 load
[runlim] sample:		627.64 time, 630.01 real, 4 MB, 3.10 load
[runlim] sample:		637.61 time, 640.01 real, 4 MB, 2.93 load
[runlim] sample:		647.59 time, 650.01 real, 4 MB, 2.79 load
[runlim] sample:		657.56 time, 660.01 real, 4 MB, 2.89 load
[runlim] sample:		667.54 time, 670.01 real, 4 MB, 2.91 load
[runlim] sample:		677.51 time, 680.01 real, 4 MB, 2.92 load
[runlim] sample:		687.49 time, 690.01 real, 4 MB, 2.94 load
[runlim] sample:		697.46 time, 700.01 real, 4 MB, 2.95 load
[runlim] sample:		707.43 time, 710.01 real, 4 MB, 2.95 load
[runlim] sample:		717.41 time, 720.01 real, 4 MB, 2.96 load
[runlim] sample:		727.38 time, 730.01 real, 4 MB, 3.04 load
[runlim] sample:		737.36 time, 740.01 real, 4 MB, 3.04 load
[runlim] sample:		747.33 time, 750.01 real, 4 MB, 3.03 load
[runlim] sample:		757.30 time, 760.01 real, 4 MB, 2.87 load
[runlim] sample:		767.28 time, 770.01 real, 4 MB, 2.74 load
[runlim] sample:		777.25 time, 780.01 real, 4 MB, 2.62 load
[runlim] sample:		787.22 time, 790.01 real, 4 MB, 2.53 load
[runlim] sample:		797.20 time, 800.01 real, 4 MB, 2.44 load
[runlim] sample:		807.17 time, 810.01 real, 4 MB, 2.38 load
[runlim] sample:		817.15 time, 820.01 real, 4 MB, 2.32 load
[runlim] sample:		827.11 time, 830.01 real, 4 MB, 2.27 load
[runlim] sample:		837.09 time, 840.01 real, 4 MB, 2.23 load
[runlim] sample:		847.06 time, 850.01 real, 4 MB, 2.19 load
[runlim] sample:		857.04 time, 860.01 real, 4 MB, 2.16 load
[runlim] sample:		867.02 time, 870.01 real, 4 MB, 2.14 load
[runlim] sample:		876.99 time, 880.01 real, 4 MB, 2.11 load
[runlim] sample:		886.96 time, 890.01 real, 4 MB, 2.10 load
[runlim] sample:		896.94 time, 900.01 real, 4 MB, 2.08 load
[runlim] sample:		906.91 time, 910.01 real, 4 MB, 2.07 load
[runlim] sample:		916.88 time, 920.01 real, 4 MB, 2.06 load
[runlim] sample:		926.86 time, 930.01 real, 4 MB, 2.05 load
[runlim] sample:		936.83 time, 940.01 real, 4 MB, 2.04 load
[runlim] sample:		946.81 time, 950.01 real, 4 MB, 2.03 load
[runlim] sample:		956.78 time, 960.01 real, 4 MB, 2.11 load
[runlim] end:			Sat Mar 14 10:36:27 2026
[runlim] status:		ok
[runlim] result:		0
[runlim] children:		1
[runlim] processes:		2
[runlim] real:			963.68 seconds
[runlim] time:			960.37 seconds
[runlim] space:			4 MB
[runlim] load:			19.88 maximum
[runlim] samples:		9636
