[runlim] version:		2.0.0rc1
[runlim] host:			p03n02
[runlim] time limit:		311040000 seconds
[runlim] real time limit:	5000 seconds
[runlim] space limit:		7000 MB
[runlim] argv[0]:		./binary
[runlim] argv[1]:		-c
[runlim] argv[2]:		/tmp/local-unzipped-12156030-4-241-BMS_k3_n100_m429_407.cnf
[runlim] start:			Sat Mar 14 10:21:28 2026
[runlim] child:			1436931
[runlim] sample:		9.96 time, 10.01 real, 3 MB, 4.02 load
[runlim] end:			Sat Mar 14 10:21:46 2026
[runlim] status:		ok
[runlim] result:		0
[runlim] children:		1
[runlim] processes:		2
[runlim] real:			17.30 seconds
[runlim] time:			17.13 seconds
[runlim] space:			4 MB
[runlim] load:			4.66 maximum
[runlim] samples:		172
