[runlim] version:		2.0.0rc1
[runlim] host:			m05n05
[runlim] time limit:		311040000 seconds
[runlim] real time limit:	5000 seconds
[runlim] space limit:		7000 MB
[runlim] argv[0]:		./binary
[runlim] argv[1]:		-c
[runlim] argv[2]:		-s
[runlim] argv[3]:		/tmp/local-unzipped-12459991-2-67-mc2025_track1_183.cnf
[runlim] start:			Thu Apr  9 20:15:05 2026
[runlim] child:			3685729
[runlim] sample:		9.96 time, 10.01 real, 10 MB, 28.63 load
[runlim] sample:		19.91 time, 20.01 real, 10 MB, 27.02 load
[runlim] sample:		29.86 time, 30.01 real, 10 MB, 27.11 load
[runlim] sample:		39.81 time, 40.01 real, 10 MB, 28.17 load
[runlim] sample:		49.76 time, 50.01 real, 10 MB, 28.91 load
[runlim] sample:		59.70 time, 60.01 real, 10 MB, 29.53 load
[runlim] sample:		69.66 time, 70.01 real, 10 MB, 29.99 load
[runlim] sample:		79.61 time, 80.01 real, 10 MB, 30.30 load
[runlim] sample:		89.56 time, 90.01 real, 10 MB, 30.56 load
[runlim] sample:		99.51 time, 100.01 real, 10 MB, 30.70 load
[runlim] sample:		109.46 time, 110.01 real, 10 MB, 30.75 load
[runlim] sample:		119.41 time, 120.01 real, 10 MB, 30.79 load
[runlim] sample:		129.36 time, 130.01 real, 10 MB, 30.82 load
[runlim] sample:		139.31 time, 140.01 real, 10 MB, 30.85 load
[runlim] sample:		149.27 time, 150.01 real, 10 MB, 30.87 load
[runlim] sample:		159.22 time, 160.01 real, 10 MB, 30.89 load
[runlim] sample:		169.17 time, 170.01 real, 10 MB, 30.91 load
[runlim] sample:		179.12 time, 180.01 real, 10 MB, 31.00 load
[runlim] sample:		189.07 time, 190.01 real, 10 MB, 31.00 load
[runlim] sample:		199.01 time, 200.01 real, 10 MB, 31.00 load
[runlim] sample:		208.96 time, 210.01 real, 10 MB, 31.00 load
[runlim] sample:		218.90 time, 220.01 real, 10 MB, 31.00 load
[runlim] sample:		228.84 time, 230.01 real, 10 MB, 31.16 load
[runlim] sample:		238.79 time, 240.01 real, 10 MB, 31.21 load
[runlim] sample:		248.73 time, 250.01 real, 10 MB, 31.18 load
[runlim] sample:		258.68 time, 260.01 real, 10 MB, 31.15 load
[runlim] sample:		268.62 time, 270.01 real, 10 MB, 30.97 load
[runlim] sample:		278.57 time, 280.01 real, 10 MB, 30.82 load
[runlim] sample:		288.52 time, 290.01 real, 10 MB, 30.70 load
[runlim] sample:		298.46 time, 300.01 real, 10 MB, 30.59 load
[runlim] sample:		308.41 time, 310.01 real, 10 MB, 30.50 load
[runlim] sample:		318.35 time, 320.01 real, 10 MB, 30.42 load
[runlim] sample:		328.30 time, 330.01 real, 10 MB, 30.36 load
[runlim] sample:		338.24 time, 340.01 real, 10 MB, 30.30 load
[runlim] sample:		348.19 time, 350.01 real, 10 MB, 30.25 load
[runlim] sample:		358.13 time, 360.01 real, 10 MB, 30.29 load
[runlim] sample:		368.07 time, 370.01 real, 10 MB, 30.24 load
[runlim] sample:		378.02 time, 380.01 real, 10 MB, 30.21 load
[runlim] sample:		387.97 time, 390.01 real, 10 MB, 30.17 load
[runlim] sample:		397.91 time, 400.01 real, 10 MB, 30.15 load
[runlim] sample:		407.87 time, 410.01 real, 10 MB, 30.12 load
[runlim] sample:		417.81 time, 420.01 real, 10 MB, 30.18 load
[runlim] sample:		427.76 time, 430.01 real, 10 MB, 30.16 load
[runlim] sample:		437.70 time, 440.01 real, 10 MB, 30.13 load
[runlim] sample:		447.65 time, 450.01 real, 10 MB, 30.11 load
[runlim] sample:		457.59 time, 460.01 real, 10 MB, 30.09 load
[runlim] sample:		467.54 time, 470.01 real, 10 MB, 30.08 load
[runlim] sample:		477.48 time, 480.01 real, 10 MB, 30.15 load
[runlim] sample:		487.43 time, 490.01 real, 10 MB, 30.12 load
[runlim] sample:		497.37 time, 500.01 real, 10 MB, 30.10 load
[runlim] sample:		507.32 time, 510.01 real, 10 MB, 30.09 load
[runlim] sample:		517.26 time, 520.01 real, 10 MB, 30.07 load
[runlim] sample:		527.21 time, 530.01 real, 10 MB, 30.06 load
[runlim] sample:		537.15 time, 540.01 real, 10 MB, 30.05 load
[runlim] sample:		547.09 time, 550.01 real, 10 MB, 30.04 load
[runlim] sample:		557.04 time, 560.01 real, 10 MB, 30.04 load
[runlim] sample:		566.98 time, 570.01 real, 10 MB, 30.03 load
[runlim] sample:		576.93 time, 580.01 real, 10 MB, 30.02 load
[runlim] sample:		586.87 time, 590.01 real, 10 MB, 30.02 load
[runlim] sample:		596.82 time, 600.01 real, 10 MB, 30.02 load
[runlim] sample:		606.76 time, 610.01 real, 10 MB, 30.01 load
[runlim] sample:		616.71 time, 620.01 real, 10 MB, 30.08 load
[runlim] sample:		626.65 time, 630.01 real, 10 MB, 30.07 load
[runlim] sample:		636.60 time, 640.01 real, 10 MB, 30.06 load
[runlim] sample:		646.54 time, 650.01 real, 10 MB, 30.05 load
[runlim] sample:		656.49 time, 660.01 real, 10 MB, 30.04 load
[runlim] sample:		666.43 time, 670.01 real, 10 MB, 30.04 load
[runlim] sample:		676.37 time, 680.01 real, 10 MB, 30.03 load
[runlim] sample:		686.32 time, 690.01 real, 10 MB, 30.02 load
[runlim] sample:		696.26 time, 700.01 real, 10 MB, 30.02 load
[runlim] sample:		706.21 time, 710.01 real, 10 MB, 30.02 load
[runlim] sample:		716.15 time, 720.01 real, 10 MB, 30.01 load
[runlim] sample:		726.10 time, 730.01 real, 10 MB, 30.17 load
[runlim] sample:		736.04 time, 740.01 real, 10 MB, 30.14 load
[runlim] sample:		745.99 time, 750.01 real, 10 MB, 30.12 load
[runlim] sample:		755.93 time, 760.01 real, 10 MB, 30.10 load
[runlim] sample:		765.88 time, 770.01 real, 10 MB, 30.09 load
[runlim] sample:		775.82 time, 780.01 real, 10 MB, 30.07 load
[runlim] sample:		785.76 time, 790.01 real, 10 MB, 30.14 load
[runlim] sample:		795.71 time, 800.01 real, 10 MB, 30.11 load
[runlim] sample:		805.65 time, 810.01 real, 10 MB, 30.10 load
[runlim] sample:		815.60 time, 820.01 real, 10 MB, 30.08 load
[runlim] sample:		825.54 time, 830.01 real, 10 MB, 30.15 load
[runlim] sample:		835.49 time, 840.01 real, 10 MB, 30.12 load
[runlim] sample:		845.43 time, 850.01 real, 10 MB, 30.10 load
[runlim] sample:		855.38 time, 860.01 real, 10 MB, 30.09 load
[runlim] sample:		865.32 time, 870.01 real, 10 MB, 30.07 load
[runlim] sample:		875.26 time, 880.01 real, 10 MB, 30.06 load
[runlim] sample:		885.21 time, 890.01 real, 10 MB, 30.05 load
[runlim] sample:		895.15 time, 900.01 real, 10 MB, 30.04 load
[runlim] sample:		905.10 time, 910.01 real, 10 MB, 30.04 load
[runlim] sample:		915.04 time, 920.01 real, 10 MB, 30.18 load
[runlim] sample:		924.99 time, 930.01 real, 10 MB, 30.16 load
[runlim] sample:		934.93 time, 940.01 real, 10 MB, 30.13 load
[runlim] sample:		944.88 time, 950.01 real, 10 MB, 30.11 load
[runlim] sample:		954.82 time, 960.01 real, 10 MB, 30.09 load
[runlim] sample:		964.77 time, 970.01 real, 10 MB, 30.08 load
[runlim] sample:		974.71 time, 980.01 real, 10 MB, 30.15 load
[runlim] sample:		984.66 time, 990.01 real, 10 MB, 30.12 load
[runlim] sample:		994.60 time, 1000.01 real, 10 MB, 30.10 load
[runlim] sample:		1004.55 time, 1010.01 real, 10 MB, 30.09 load
[runlim] sample:		1014.49 time, 1020.01 real, 10 MB, 30.07 load
[runlim] sample:		1024.44 time, 1030.01 real, 10 MB, 30.06 load
[runlim] sample:		1034.38 time, 1040.01 real, 10 MB, 30.28 load
[runlim] sample:		1044.33 time, 1050.01 real, 10 MB, 30.24 load
[runlim] sample:		1054.27 time, 1060.01 real, 10 MB, 30.20 load
[runlim] sample:		1064.22 time, 1070.01 real, 10 MB, 30.17 load
[runlim] sample:		1074.16 time, 1080.01 real, 10 MB, 30.22 load
[runlim] sample:		1084.11 time, 1090.01 real, 10 MB, 30.18 load
[runlim] sample:		1094.06 time, 1100.01 real, 10 MB, 30.23 load
[runlim] sample:		1104.00 time, 1110.01 real, 10 MB, 30.20 load
[runlim] sample:		1113.95 time, 1120.01 real, 10 MB, 30.17 load
[runlim] sample:		1123.89 time, 1130.01 real, 10 MB, 30.14 load
[runlim] sample:		1133.84 time, 1140.01 real, 10 MB, 30.19 load
[runlim] sample:		1143.78 time, 1150.01 real, 10 MB, 30.16 load
[runlim] sample:		1153.73 time, 1160.01 real, 10 MB, 30.22 load
[runlim] sample:		1163.67 time, 1170.01 real, 10 MB, 30.18 load
[runlim] sample:		1173.62 time, 1180.01 real, 10 MB, 30.16 load
[runlim] sample:		1183.57 time, 1190.01 real, 10 MB, 30.13 load
[runlim] sample:		1193.51 time, 1200.01 real, 10 MB, 30.11 load
[runlim] sample:		1203.46 time, 1210.01 real, 10 MB, 30.09 load
[runlim] sample:		1213.40 time, 1220.01 real, 10 MB, 30.08 load
[runlim] sample:		1223.35 time, 1230.01 real, 10 MB, 30.37 load
[runlim] sample:		1233.29 time, 1240.01 real, 10 MB, 30.32 load
[runlim] sample:		1243.24 time, 1250.01 real, 10 MB, 30.27 load
[runlim] sample:		1253.18 time, 1260.01 real, 10 MB, 30.23 load
[runlim] sample:		1263.13 time, 1270.01 real, 10 MB, 30.19 load
[runlim] sample:		1273.07 time, 1280.01 real, 10 MB, 30.16 load
[runlim] sample:		1283.02 time, 1290.01 real, 10 MB, 30.21 load
[runlim] sample:		1292.96 time, 1300.01 real, 10 MB, 30.18 load
[runlim] sample:		1302.91 time, 1310.01 real, 10 MB, 30.15 load
[runlim] sample:		1312.85 time, 1320.01 real, 10 MB, 30.13 load
[runlim] sample:		1322.80 time, 1330.01 real, 10 MB, 30.11 load
[runlim] sample:		1332.74 time, 1340.01 real, 10 MB, 30.09 load
[runlim] sample:		1342.69 time, 1350.01 real, 10 MB, 30.08 load
[runlim] sample:		1352.64 time, 1360.01 real, 10 MB, 30.06 load
[runlim] sample:		1362.58 time, 1370.01 real, 10 MB, 29.97 load
[runlim] sample:		1372.53 time, 1380.01 real, 10 MB, 29.82 load
[runlim] sample:		1382.48 time, 1390.01 real, 10 MB, 29.70 load
[runlim] sample:		1392.43 time, 1400.01 real, 10 MB, 29.59 load
[runlim] sample:		1402.38 time, 1410.01 real, 10 MB, 29.50 load
[runlim] sample:		1412.32 time, 1420.01 real, 10 MB, 29.42 load
[runlim] sample:		1422.27 time, 1430.01 real, 10 MB, 29.36 load
[runlim] sample:		1432.22 time, 1440.01 real, 10 MB, 29.30 load
[runlim] sample:		1442.17 time, 1450.01 real, 10 MB, 29.25 load
[runlim] sample:		1452.12 time, 1460.01 real, 10 MB, 29.21 load
[runlim] sample:		1462.07 time, 1470.01 real, 10 MB, 29.25 load
[runlim] sample:		1472.02 time, 1480.01 real, 10 MB, 29.21 load
[runlim] sample:		1481.96 time, 1490.01 real, 10 MB, 29.18 load
[runlim] sample:		1491.91 time, 1500.01 real, 10 MB, 29.15 load
[runlim] sample:		1501.86 time, 1510.01 real, 10 MB, 29.13 load
[runlim] sample:		1511.81 time, 1520.01 real, 10 MB, 29.18 load
[runlim] sample:		1521.76 time, 1530.01 real, 10 MB, 29.15 load
[runlim] sample:		1531.71 time, 1540.01 real, 10 MB, 29.28 load
[runlim] sample:		1541.66 time, 1550.01 real, 10 MB, 29.23 load
[runlim] sample:		1551.61 time, 1560.01 real, 10 MB, 29.20 load
[runlim] sample:		1561.55 time, 1570.01 real, 10 MB, 29.17 load
[runlim] sample:		1571.50 time, 1580.01 real, 10 MB, 29.14 load
[runlim] sample:		1581.45 time, 1590.01 real, 10 MB, 29.12 load
[runlim] sample:		1591.40 time, 1600.01 real, 10 MB, 29.10 load
[runlim] sample:		1601.34 time, 1610.01 real, 10 MB, 29.08 load
[runlim] sample:		1611.29 time, 1620.01 real, 10 MB, 29.07 load
[runlim] sample:		1621.24 time, 1630.01 real, 10 MB, 29.06 load
[runlim] sample:		1631.19 time, 1640.01 real, 10 MB, 29.05 load
[runlim] sample:		1641.14 time, 1650.01 real, 10 MB, 29.04 load
[runlim] sample:		1651.08 time, 1660.01 real, 10 MB, 29.04 load
[runlim] sample:		1661.03 time, 1670.01 real, 10 MB, 29.03 load
[runlim] sample:		1670.98 time, 1680.01 real, 10 MB, 29.02 load
[runlim] sample:		1680.92 time, 1690.01 real, 10 MB, 29.02 load
[runlim] sample:		1690.87 time, 1700.01 real, 10 MB, 29.02 load
[runlim] sample:		1700.82 time, 1710.01 real, 10 MB, 29.01 load
[runlim] sample:		1710.77 time, 1720.01 real, 10 MB, 29.01 load
[runlim] sample:		1720.72 time, 1730.01 real, 10 MB, 29.24 load
[runlim] sample:		1730.67 time, 1740.01 real, 10 MB, 29.21 load
[runlim] sample:		1740.61 time, 1750.01 real, 10 MB, 29.17 load
[runlim] sample:		1750.56 time, 1760.01 real, 10 MB, 29.15 load
[runlim] sample:		1760.51 time, 1770.01 real, 10 MB, 29.12 load
[runlim] sample:		1770.46 time, 1780.01 real, 10 MB, 29.10 load
[runlim] sample:		1780.41 time, 1790.01 real, 10 MB, 29.16 load
[runlim] sample:		1790.36 time, 1800.01 real, 10 MB, 29.14 load
[runlim] sample:		1800.31 time, 1810.01 real, 10 MB, 29.11 load
[runlim] sample:		1810.25 time, 1820.01 real, 10 MB, 29.18 load
[runlim] sample:		1820.20 time, 1830.01 real, 10 MB, 29.15 load
[runlim] sample:		1830.15 time, 1840.01 real, 10 MB, 29.13 load
[runlim] sample:		1840.10 time, 1850.01 real, 10 MB, 29.11 load
[runlim] sample:		1850.04 time, 1860.01 real, 10 MB, 29.09 load
[runlim] sample:		1859.99 time, 1870.01 real, 10 MB, 29.08 load
[runlim] sample:		1869.94 time, 1880.01 real, 10 MB, 29.06 load
[runlim] sample:		1879.88 time, 1890.01 real, 10 MB, 29.05 load
[runlim] sample:		1889.83 time, 1900.01 real, 10 MB, 29.04 load
[runlim] sample:		1899.78 time, 1910.01 real, 10 MB, 29.11 load
[runlim] sample:		1909.73 time, 1920.01 real, 10 MB, 29.09 load
[runlim] sample:		1919.67 time, 1930.01 real, 10 MB, 29.08 load
[runlim] sample:		1929.62 time, 1940.01 real, 10 MB, 29.07 load
[runlim] sample:		1939.57 time, 1950.01 real, 10 MB, 29.06 load
[runlim] sample:		1949.51 time, 1960.01 real, 10 MB, 29.05 load
[runlim] sample:		1959.46 time, 1970.01 real, 10 MB, 29.11 load
[runlim] sample:		1969.41 time, 1980.01 real, 10 MB, 29.10 load
[runlim] sample:		1979.36 time, 1990.01 real, 10 MB, 29.08 load
[runlim] sample:		1989.31 time, 2000.01 real, 10 MB, 29.07 load
[runlim] sample:		1999.25 time, 2010.01 real, 10 MB, 29.06 load
[runlim] sample:		2009.20 time, 2020.01 real, 10 MB, 29.05 load
[runlim] sample:		2019.15 time, 2030.01 real, 10 MB, 29.04 load
[runlim] sample:		2029.10 time, 2040.01 real, 10 MB, 29.11 load
[runlim] sample:		2039.04 time, 2050.01 real, 10 MB, 29.16 load
[runlim] sample:		2048.99 time, 2060.01 real, 10 MB, 29.14 load
[runlim] sample:		2058.94 time, 2070.01 real, 10 MB, 29.12 load
[runlim] sample:		2068.89 time, 2080.01 real, 10 MB, 29.10 load
[runlim] sample:		2078.83 time, 2090.01 real, 10 MB, 29.08 load
[runlim] sample:		2088.78 time, 2100.01 real, 10 MB, 29.07 load
[runlim] sample:		2098.73 time, 2110.01 real, 10 MB, 29.06 load
[runlim] sample:		2108.68 time, 2120.01 real, 10 MB, 29.05 load
[runlim] sample:		2118.62 time, 2130.01 real, 10 MB, 29.04 load
[runlim] sample:		2128.57 time, 2140.01 real, 10 MB, 29.03 load
[runlim] sample:		2138.52 time, 2150.01 real, 10 MB, 28.87 load
[runlim] sample:		2148.46 time, 2160.01 real, 10 MB, 28.74 load
[runlim] sample:		2158.41 time, 2170.01 real, 10 MB, 28.63 load
[runlim] sample:		2168.36 time, 2180.01 real, 10 MB, 28.53 load
[runlim] sample:		2178.30 time, 2190.01 real, 10 MB, 28.45 load
[runlim] sample:		2188.25 time, 2200.01 real, 10 MB, 28.38 load
[runlim] sample:		2198.19 time, 2210.01 real, 10 MB, 28.32 load
[runlim] sample:		2208.14 time, 2220.01 real, 10 MB, 28.27 load
[runlim] sample:		2218.09 time, 2230.01 real, 10 MB, 28.39 load
[runlim] sample:		2228.03 time, 2240.01 real, 10 MB, 28.33 load
[runlim] sample:		2237.98 time, 2250.01 real, 10 MB, 28.36 load
[runlim] sample:		2247.93 time, 2260.01 real, 10 MB, 28.46 load
[runlim] sample:		2257.88 time, 2270.01 real, 10 MB, 28.39 load
[runlim] sample:		2267.82 time, 2280.01 real, 10 MB, 28.33 load
[runlim] sample:		2277.77 time, 2290.01 real, 10 MB, 28.28 load
[runlim] sample:		2287.71 time, 2300.01 real, 10 MB, 28.32 load
[runlim] sample:		2297.66 time, 2310.01 real, 10 MB, 28.27 load
[runlim] sample:		2307.61 time, 2320.01 real, 10 MB, 28.23 load
[runlim] sample:		2317.55 time, 2330.01 real, 10 MB, 28.19 load
[runlim] sample:		2327.50 time, 2340.01 real, 10 MB, 28.16 load
[runlim] sample:		2337.45 time, 2350.01 real, 10 MB, 28.14 load
[runlim] sample:		2347.40 time, 2360.01 real, 10 MB, 28.27 load
[runlim] sample:		2357.34 time, 2370.01 real, 10 MB, 28.46 load
[runlim] sample:		2367.29 time, 2380.01 real, 10 MB, 28.55 load
[runlim] sample:		2377.24 time, 2390.01 real, 10 MB, 28.62 load
[runlim] sample:		2387.19 time, 2400.01 real, 10 MB, 28.68 load
[runlim] sample:		2397.13 time, 2410.01 real, 10 MB, 28.73 load
[runlim] sample:		2407.08 time, 2420.01 real, 10 MB, 28.77 load
[runlim] sample:		2417.03 time, 2430.01 real, 10 MB, 28.80 load
[runlim] sample:		2426.97 time, 2440.01 real, 10 MB, 28.83 load
[runlim] sample:		2436.92 time, 2450.01 real, 10 MB, 28.86 load
[runlim] sample:		2446.87 time, 2460.01 real, 10 MB, 28.73 load
[runlim] sample:		2456.81 time, 2470.01 real, 10 MB, 28.62 load
[runlim] sample:		2466.76 time, 2480.01 real, 10 MB, 28.52 load
[runlim] sample:		2476.70 time, 2490.01 real, 10 MB, 28.44 load
[runlim] sample:		2486.65 time, 2500.01 real, 10 MB, 28.37 load
[runlim] sample:		2496.60 time, 2510.01 real, 10 MB, 28.31 load
[runlim] sample:		2506.54 time, 2520.01 real, 10 MB, 28.27 load
[runlim] sample:		2516.49 time, 2530.01 real, 10 MB, 28.22 load
[runlim] sample:		2526.44 time, 2540.01 real, 10 MB, 28.26 load
[runlim] sample:		2536.38 time, 2550.01 real, 10 MB, 28.30 load
[runlim] sample:		2546.33 time, 2560.01 real, 10 MB, 28.26 load
[runlim] sample:		2556.28 time, 2570.01 real, 10 MB, 28.22 load
[runlim] sample:		2566.23 time, 2580.01 real, 10 MB, 28.18 load
[runlim] sample:		2576.17 time, 2590.01 real, 10 MB, 28.23 load
[runlim] sample:		2586.12 time, 2600.01 real, 10 MB, 28.20 load
[runlim] sample:		2596.07 time, 2610.01 real, 10 MB, 28.17 load
[runlim] sample:		2606.02 time, 2620.01 real, 10 MB, 28.14 load
[runlim] sample:		2615.96 time, 2630.01 real, 10 MB, 28.12 load
[runlim] sample:		2625.91 time, 2640.01 real, 10 MB, 28.10 load
[runlim] sample:		2635.86 time, 2650.01 real, 10 MB, 28.08 load
[runlim] sample:		2645.80 time, 2660.01 real, 10 MB, 28.07 load
[runlim] sample:		2655.75 time, 2670.01 real, 10 MB, 28.06 load
[runlim] sample:		2665.70 time, 2680.01 real, 10 MB, 28.05 load
[runlim] sample:		2675.65 time, 2690.01 real, 10 MB, 28.04 load
[runlim] sample:		2685.59 time, 2700.01 real, 10 MB, 28.04 load
[runlim] sample:		2695.54 time, 2710.01 real, 10 MB, 28.03 load
[runlim] sample:		2705.49 time, 2720.01 real, 10 MB, 28.02 load
[runlim] sample:		2715.44 time, 2730.01 real, 10 MB, 28.18 load
[runlim] sample:		2725.38 time, 2740.01 real, 10 MB, 28.15 load
[runlim] sample:		2735.33 time, 2750.01 real, 10 MB, 28.13 load
[runlim] sample:		2745.28 time, 2760.01 real, 10 MB, 28.11 load
[runlim] sample:		2755.22 time, 2770.01 real, 10 MB, 28.09 load
[runlim] sample:		2765.17 time, 2780.01 real, 10 MB, 28.08 load
[runlim] sample:		2775.12 time, 2790.01 real, 10 MB, 28.06 load
[runlim] sample:		2785.07 time, 2800.01 real, 10 MB, 28.05 load
[runlim] sample:		2795.01 time, 2810.01 real, 10 MB, 28.05 load
[runlim] sample:		2804.96 time, 2820.01 real, 10 MB, 28.04 load
[runlim] sample:		2814.91 time, 2830.01 real, 10 MB, 28.03 load
[runlim] sample:		2824.86 time, 2840.01 real, 10 MB, 28.03 load
[runlim] sample:		2834.80 time, 2850.01 real, 10 MB, 28.02 load
[runlim] sample:		2844.75 time, 2860.01 real, 10 MB, 28.02 load
[runlim] sample:		2854.69 time, 2870.01 real, 10 MB, 28.02 load
[runlim] sample:		2864.64 time, 2880.01 real, 10 MB, 28.01 load
[runlim] sample:		2874.59 time, 2890.01 real, 10 MB, 28.01 load
[runlim] sample:		2884.53 time, 2900.01 real, 10 MB, 28.01 load
[runlim] sample:		2894.48 time, 2910.01 real, 10 MB, 28.01 load
[runlim] sample:		2904.42 time, 2920.01 real, 10 MB, 28.00 load
[runlim] sample:		2914.37 time, 2930.01 real, 10 MB, 28.08 load
[runlim] sample:		2924.31 time, 2940.01 real, 10 MB, 28.15 load
[runlim] sample:		2934.26 time, 2950.01 real, 10 MB, 28.13 load
[runlim] sample:		2944.20 time, 2960.01 real, 10 MB, 28.11 load
[runlim] sample:		2954.15 time, 2970.01 real, 10 MB, 28.09 load
[runlim] sample:		2964.09 time, 2980.01 real, 10 MB, 28.08 load
[runlim] sample:		2974.04 time, 2990.01 real, 10 MB, 28.14 load
[runlim] sample:		2983.98 time, 3000.01 real, 10 MB, 28.12 load
[runlim] sample:		2993.93 time, 3010.01 real, 10 MB, 28.10 load
[runlim] sample:		3003.88 time, 3020.01 real, 10 MB, 28.09 load
[runlim] sample:		3013.82 time, 3030.01 real, 10 MB, 28.07 load
[runlim] sample:		3023.77 time, 3040.01 real, 10 MB, 28.14 load
[runlim] sample:		3033.71 time, 3050.01 real, 10 MB, 28.19 load
[runlim] sample:		3043.66 time, 3060.01 real, 10 MB, 28.16 load
[runlim] sample:		3053.61 time, 3070.01 real, 10 MB, 28.14 load
[runlim] sample:		3063.55 time, 3080.01 real, 10 MB, 28.12 load
[runlim] sample:		3073.50 time, 3090.01 real, 10 MB, 28.10 load
[runlim] sample:		3083.44 time, 3100.01 real, 10 MB, 28.08 load
[runlim] sample:		3093.39 time, 3110.01 real, 10 MB, 28.15 load
[runlim] sample:		3103.34 time, 3120.01 real, 10 MB, 28.13 load
[runlim] sample:		3113.28 time, 3130.01 real, 10 MB, 28.11 load
[runlim] sample:		3123.23 time, 3140.01 real, 10 MB, 28.09 load
[runlim] sample:		3133.17 time, 3150.01 real, 10 MB, 28.15 load
[runlim] sample:		3143.12 time, 3160.01 real, 10 MB, 28.13 load
[runlim] sample:		3153.07 time, 3170.01 real, 10 MB, 28.11 load
[runlim] sample:		3163.01 time, 3180.01 real, 10 MB, 28.09 load
[runlim] sample:		3172.96 time, 3190.01 real, 10 MB, 28.08 load
[runlim] sample:		3182.90 time, 3200.01 real, 10 MB, 28.06 load
[runlim] sample:		3192.85 time, 3210.01 real, 10 MB, 28.05 load
[runlim] sample:		3202.80 time, 3220.01 real, 10 MB, 28.04 load
[runlim] sample:		3212.74 time, 3230.01 real, 10 MB, 28.20 load
[runlim] sample:		3222.69 time, 3240.01 real, 10 MB, 28.17 load
[runlim] sample:		3232.63 time, 3250.01 real, 10 MB, 28.14 load
[runlim] sample:		3242.58 time, 3260.01 real, 10 MB, 28.12 load
[runlim] sample:		3252.52 time, 3270.01 real, 10 MB, 28.17 load
[runlim] sample:		3262.47 time, 3280.01 real, 10 MB, 28.15 load
[runlim] sample:		3272.42 time, 3290.01 real, 10 MB, 28.12 load
[runlim] sample:		3282.36 time, 3300.01 real, 10 MB, 28.10 load
[runlim] sample:		3292.31 time, 3310.01 real, 10 MB, 28.09 load
[runlim] sample:		3302.26 time, 3320.01 real, 10 MB, 28.07 load
[runlim] sample:		3312.20 time, 3330.01 real, 10 MB, 28.06 load
[runlim] sample:		3322.15 time, 3340.01 real, 10 MB, 28.05 load
[runlim] sample:		3332.10 time, 3350.01 real, 10 MB, 28.04 load
[runlim] sample:		3342.04 time, 3360.01 real, 10 MB, 28.04 load
[runlim] sample:		3351.99 time, 3370.01 real, 10 MB, 28.03 load
[runlim] sample:		3361.93 time, 3380.01 real, 10 MB, 28.10 load
[runlim] sample:		3371.88 time, 3390.01 real, 10 MB, 28.08 load
[runlim] sample:		3381.82 time, 3400.01 real, 10 MB, 28.07 load
[runlim] sample:		3391.77 time, 3410.01 real, 10 MB, 28.06 load
[runlim] sample:		3401.71 time, 3420.01 real, 10 MB, 28.05 load
[runlim] sample:		3411.66 time, 3430.01 real, 10 MB, 28.28 load
[runlim] sample:		3421.61 time, 3440.01 real, 10 MB, 28.24 load
[runlim] sample:		3431.55 time, 3450.01 real, 10 MB, 28.20 load
[runlim] sample:		3441.50 time, 3460.01 real, 10 MB, 28.17 load
[runlim] sample:		3451.45 time, 3470.01 real, 10 MB, 28.14 load
[runlim] sample:		3461.39 time, 3480.01 real, 10 MB, 29.23 load
[runlim] sample:		3471.34 time, 3490.01 real, 10 MB, 29.04 load
[runlim] sample:		3481.29 time, 3500.01 real, 10 MB, 28.88 load
[runlim] sample:		3491.23 time, 3510.01 real, 10 MB, 28.74 load
[runlim] sample:		3501.18 time, 3520.01 real, 10 MB, 28.63 load
[runlim] sample:		3511.12 time, 3530.01 real, 10 MB, 28.53 load
[runlim] sample:		3521.07 time, 3540.01 real, 10 MB, 28.52 load
[runlim] sample:		3531.02 time, 3550.01 real, 10 MB, 28.44 load
[runlim] sample:		3540.96 time, 3560.01 real, 10 MB, 28.37 load
[runlim] sample:		3550.91 time, 3570.01 real, 10 MB, 28.32 load
[runlim] sample:		3560.85 time, 3580.01 real, 10 MB, 28.27 load
[runlim] sample:		3570.80 time, 3590.01 real, 10 MB, 28.23 load
[runlim] sample:		3580.75 time, 3600.01 real, 10 MB, 28.19 load
[runlim] sample:		3590.69 time, 3610.01 real, 10 MB, 28.16 load
[runlim] sample:		3600.64 time, 3620.01 real, 10 MB, 28.14 load
[runlim] sample:		3610.58 time, 3630.01 real, 10 MB, 28.11 load
[runlim] sample:		3620.53 time, 3640.01 real, 10 MB, 28.10 load
[runlim] sample:		3630.48 time, 3650.01 real, 10 MB, 28.08 load
[runlim] sample:		3640.42 time, 3660.01 real, 10 MB, 28.07 load
[runlim] sample:		3650.37 time, 3670.01 real, 10 MB, 28.14 load
[runlim] sample:		3660.31 time, 3680.01 real, 10 MB, 28.12 load
[runlim] sample:		3670.26 time, 3690.01 real, 10 MB, 28.10 load
[runlim] sample:		3680.21 time, 3700.01 real, 10 MB, 28.08 load
[runlim] sample:		3690.15 time, 3710.01 real, 10 MB, 28.07 load
[runlim] sample:		3700.10 time, 3720.01 real, 10 MB, 28.06 load
[runlim] sample:		3710.04 time, 3730.01 real, 10 MB, 28.29 load
[runlim] sample:		3719.99 time, 3740.01 real, 10 MB, 28.24 load
[runlim] sample:		3729.94 time, 3750.01 real, 10 MB, 28.21 load
[runlim] sample:		3739.88 time, 3760.01 real, 10 MB, 28.17 load
[runlim] sample:		3749.83 time, 3770.01 real, 10 MB, 28.15 load
[runlim] sample:		3759.78 time, 3780.01 real, 10 MB, 28.12 load
[runlim] sample:		3769.72 time, 3790.01 real, 10 MB, 28.18 load
[runlim] sample:		3779.67 time, 3800.01 real, 10 MB, 28.16 load
[runlim] sample:		3789.61 time, 3810.01 real, 10 MB, 28.13 load
[runlim] sample:		3799.56 time, 3820.01 real, 10 MB, 28.11 load
[runlim] sample:		3809.51 time, 3830.01 real, 10 MB, 28.09 load
[runlim] sample:		3819.45 time, 3840.01 real, 10 MB, 28.08 load
[runlim] sample:		3829.40 time, 3850.01 real, 10 MB, 28.15 load
[runlim] sample:		3839.34 time, 3860.01 real, 10 MB, 28.12 load
[runlim] sample:		3849.29 time, 3870.01 real, 10 MB, 28.10 load
[runlim] sample:		3859.24 time, 3880.01 real, 10 MB, 28.09 load
[runlim] sample:		3869.18 time, 3890.01 real, 10 MB, 28.07 load
[runlim] sample:		3879.13 time, 3900.01 real, 10 MB, 28.21 load
[runlim] sample:		3889.08 time, 3910.01 real, 10 MB, 28.26 load
[runlim] sample:		3899.02 time, 3920.01 real, 10 MB, 28.22 load
[runlim] sample:		3908.97 time, 3930.01 real, 10 MB, 28.18 load
[runlim] sample:		3918.91 time, 3940.01 real, 10 MB, 28.15 load
[runlim] sample:		3928.86 time, 3950.01 real, 10 MB, 28.13 load
[runlim] sample:		3938.81 time, 3960.01 real, 10 MB, 28.11 load
[runlim] sample:		3948.75 time, 3970.01 real, 10 MB, 28.17 load
[runlim] sample:		3958.70 time, 3980.01 real, 10 MB, 28.23 load
[runlim] sample:		3968.65 time, 3990.01 real, 10 MB, 28.19 load
[runlim] sample:		3978.59 time, 4000.01 real, 10 MB, 28.16 load
[runlim] sample:		3988.54 time, 4010.01 real, 10 MB, 28.14 load
[runlim] sample:		3998.48 time, 4020.01 real, 10 MB, 28.11 load
[runlim] sample:		4008.43 time, 4030.01 real, 10 MB, 28.10 load
[runlim] sample:		4018.37 time, 4040.01 real, 10 MB, 28.15 load
[runlim] sample:		4028.32 time, 4050.01 real, 10 MB, 28.13 load
[runlim] sample:		4038.27 time, 4060.01 real, 10 MB, 28.11 load
[runlim] sample:		4048.21 time, 4070.01 real, 10 MB, 28.09 load
[runlim] sample:		4058.16 time, 4080.01 real, 10 MB, 28.08 load
[runlim] sample:		4068.10 time, 4090.01 real, 10 MB, 28.07 load
[runlim] sample:		4078.05 time, 4100.01 real, 10 MB, 28.06 load
[runlim] sample:		4087.99 time, 4110.01 real, 10 MB, 28.05 load
[runlim] sample:		4097.94 time, 4120.01 real, 10 MB, 28.04 load
[runlim] sample:		4107.89 time, 4130.01 real, 10 MB, 28.03 load
[runlim] sample:		4117.83 time, 4140.01 real, 10 MB, 28.03 load
[runlim] sample:		4127.78 time, 4150.01 real, 10 MB, 28.02 load
[runlim] sample:		4137.72 time, 4160.01 real, 10 MB, 28.02 load
[runlim] sample:		4147.67 time, 4170.01 real, 10 MB, 28.02 load
[runlim] sample:		4157.62 time, 4180.01 real, 10 MB, 28.01 load
[runlim] sample:		4167.56 time, 4190.01 real, 10 MB, 28.01 load
[runlim] sample:		4177.51 time, 4200.01 real, 10 MB, 28.01 load
[runlim] sample:		4187.45 time, 4210.01 real, 10 MB, 28.01 load
[runlim] sample:		4197.40 time, 4220.01 real, 10 MB, 28.00 load
[runlim] sample:		4207.34 time, 4230.01 real, 10 MB, 28.24 load
[runlim] sample:		4217.29 time, 4240.01 real, 10 MB, 28.21 load
[runlim] sample:		4227.23 time, 4250.01 real, 10 MB, 28.17 load
[runlim] sample:		4237.18 time, 4260.01 real, 10 MB, 28.15 load
[runlim] sample:		4247.12 time, 4270.01 real, 10 MB, 28.12 load
[runlim] sample:		4257.07 time, 4280.01 real, 10 MB, 28.10 load
[runlim] sample:		4267.02 time, 4290.01 real, 10 MB, 28.17 load
[runlim] sample:		4276.96 time, 4300.01 real, 10 MB, 28.14 load
[runlim] sample:		4286.91 time, 4310.01 real, 10 MB, 28.12 load
[runlim] sample:		4296.85 time, 4320.01 real, 10 MB, 28.10 load
[runlim] sample:		4306.80 time, 4330.01 real, 10 MB, 28.08 load
[runlim] sample:		4316.75 time, 4340.01 real, 10 MB, 28.07 load
[runlim] sample:		4326.69 time, 4350.01 real, 10 MB, 28.14 load
[runlim] sample:		4336.64 time, 4360.01 real, 10 MB, 28.12 load
[runlim] sample:		4346.58 time, 4370.01 real, 10 MB, 28.10 load
[runlim] sample:		4356.53 time, 4380.01 real, 10 MB, 28.31 load
[runlim] sample:		4366.48 time, 4390.01 real, 10 MB, 28.26 load
[runlim] sample:		4376.42 time, 4400.01 real, 10 MB, 28.22 load
[runlim] sample:		4386.37 time, 4410.01 real, 10 MB, 28.26 load
[runlim] sample:		4396.32 time, 4420.01 real, 10 MB, 28.22 load
[runlim] sample:		4406.26 time, 4430.01 real, 10 MB, 28.18 load
[runlim] sample:		4416.21 time, 4440.01 real, 10 MB, 28.16 load
[runlim] sample:		4426.16 time, 4450.01 real, 10 MB, 28.13 load
[runlim] sample:		4436.11 time, 4460.01 real, 10 MB, 28.11 load
[runlim] sample:		4446.05 time, 4470.01 real, 10 MB, 28.09 load
[runlim] sample:		4456.00 time, 4480.01 real, 10 MB, 28.08 load
[runlim] sample:		4465.95 time, 4490.01 real, 10 MB, 28.07 load
[runlim] sample:		4475.90 time, 4500.01 real, 10 MB, 28.06 load
[runlim] sample:		4485.85 time, 4510.01 real, 10 MB, 28.05 load
[runlim] sample:		4495.79 time, 4520.01 real, 10 MB, 28.12 load
[runlim] sample:		4505.74 time, 4530.01 real, 10 MB, 28.10 load
[runlim] sample:		4515.69 time, 4540.01 real, 10 MB, 28.23 load
[runlim] sample:		4525.63 time, 4550.01 real, 10 MB, 28.20 load
[runlim] sample:		4535.58 time, 4560.01 real, 10 MB, 28.17 load
[runlim] sample:		4545.53 time, 4570.01 real, 10 MB, 28.14 load
[runlim] sample:		4555.48 time, 4580.01 real, 10 MB, 28.12 load
[runlim] sample:		4565.43 time, 4590.01 real, 10 MB, 28.10 load
[runlim] sample:		4575.38 time, 4600.01 real, 10 MB, 28.08 load
[runlim] sample:		4585.33 time, 4610.01 real, 10 MB, 28.07 load
[runlim] sample:		4595.28 time, 4620.01 real, 10 MB, 28.06 load
[runlim] sample:		4605.23 time, 4630.01 real, 10 MB, 28.05 load
[runlim] sample:		4615.18 time, 4640.01 real, 10 MB, 28.04 load
[runlim] sample:		4625.13 time, 4650.01 real, 10 MB, 28.03 load
[runlim] sample:		4635.08 time, 4660.01 real, 10 MB, 28.03 load
[runlim] sample:		4645.03 time, 4670.01 real, 10 MB, 28.02 load
[runlim] sample:		4654.98 time, 4680.01 real, 10 MB, 28.02 load
[runlim] sample:		4664.93 time, 4690.01 real, 10 MB, 28.02 load
[runlim] sample:		4674.88 time, 4700.01 real, 10 MB, 28.01 load
[runlim] sample:		4684.83 time, 4710.01 real, 10 MB, 28.01 load
[runlim] sample:		4694.78 time, 4720.01 real, 10 MB, 28.01 load
[runlim] sample:		4704.73 time, 4730.01 real, 10 MB, 28.09 load
[runlim] sample:		4714.68 time, 4740.01 real, 10 MB, 28.07 load
[runlim] sample:		4724.63 time, 4750.01 real, 10 MB, 28.06 load
[runlim] sample:		4734.58 time, 4760.01 real, 10 MB, 28.05 load
[runlim] sample:		4744.53 time, 4770.01 real, 10 MB, 28.04 load
[runlim] sample:		4754.48 time, 4780.01 real, 10 MB, 28.04 load
[runlim] sample:		4764.43 time, 4790.01 real, 10 MB, 28.03 load
[runlim] sample:		4774.37 time, 4800.01 real, 10 MB, 28.02 load
[runlim] sample:		4784.32 time, 4810.01 real, 10 MB, 28.02 load
[runlim] sample:		4794.27 time, 4820.01 real, 10 MB, 28.02 load
[runlim] sample:		4804.22 time, 4830.01 real, 10 MB, 28.01 load
[runlim] sample:		4814.17 time, 4840.01 real, 10 MB, 28.01 load
[runlim] sample:		4824.12 time, 4850.01 real, 10 MB, 28.01 load
[runlim] sample:		4834.07 time, 4860.01 real, 10 MB, 28.08 load
[runlim] sample:		4844.02 time, 4870.01 real, 10 MB, 28.07 load
[runlim] sample:		4853.96 time, 4880.01 real, 10 MB, 28.06 load
[runlim] sample:		4863.91 time, 4890.01 real, 10 MB, 28.05 load
[runlim] sample:		4873.86 time, 4900.01 real, 10 MB, 28.04 load
[runlim] sample:		4883.81 time, 4910.01 real, 10 MB, 28.03 load
[runlim] sample:		4893.76 time, 4920.01 real, 10 MB, 28.03 load
[runlim] sample:		4903.70 time, 4930.01 real, 10 MB, 28.02 load
[runlim] sample:		4913.65 time, 4940.01 real, 10 MB, 28.02 load
[runlim] sample:		4923.60 time, 4950.01 real, 10 MB, 28.02 load
[runlim] sample:		4933.55 time, 4960.01 real, 10 MB, 28.01 load
[runlim] sample:		4943.50 time, 4970.01 real, 10 MB, 28.01 load
[runlim] sample:		4953.45 time, 4980.01 real, 10 MB, 28.01 load
[runlim] sample:		4963.40 time, 4990.01 real, 10 MB, 28.01 load
[runlim] sample:		4973.34 time, 5000.01 real, 10 MB, 27.84 load
[runlim] end:			Thu Apr  9 21:38:25 2026
[runlim] status:		out of time
[runlim] result:		2
[runlim] children:		1
[runlim] processes:		2
[runlim] real:			5000.05 seconds
[runlim] time:			4973.34 seconds
[runlim] space:			10 MB
[runlim] load:			32.27 maximum
[runlim] samples:		50000
