[runlim] version:		2.0.0rc1
[runlim] host:			p07n24
[runlim] time limit:		311040000 seconds
[runlim] real time limit:	5000 seconds
[runlim] space limit:		7000 MB
[runlim] argv[0]:		./binary
[runlim] argv[1]:		-c
[runlim] argv[2]:		-s
[runlim] argv[3]:		/tmp/local-unzipped-12459991-1-13-mc2025_track1_075.cnf
[runlim] start:			Thu Apr  9 20:15:15 2026
[runlim] child:			2359212
[runlim] sample:		9.94 time, 10.01 real, 14 MB, 28.06 load
[runlim] sample:		19.88 time, 20.01 real, 16 MB, 27.91 load
[runlim] sample:		29.83 time, 30.01 real, 17 MB, 29.24 load
[runlim] sample:		39.76 time, 40.01 real, 18 MB, 31.76 load
[runlim] sample:		49.69 time, 50.01 real, 20 MB, 35.65 load
[runlim] sample:		59.60 time, 60.01 real, 22 MB, 39.85 load
[runlim] sample:		69.52 time, 70.01 real, 26 MB, 43.26 load
[runlim] sample:		79.46 time, 80.01 real, 23 MB, 46.14 load
[runlim] sample:		89.39 time, 90.01 real, 23 MB, 48.58 load
[runlim] sample:		99.34 time, 100.01 real, 26 MB, 50.34 load
[runlim] sample:		109.27 time, 110.01 real, 26 MB, 51.98 load
[runlim] sample:		119.21 time, 120.01 real, 24 MB, 53.21 load
[runlim] sample:		129.14 time, 130.01 real, 24 MB, 54.18 load
[runlim] sample:		139.08 time, 140.01 real, 24 MB, 54.92 load
[runlim] sample:		149.03 time, 150.01 real, 28 MB, 55.55 load
[runlim] sample:		158.97 time, 160.01 real, 32 MB, 56.00 load
[runlim] sample:		168.91 time, 170.01 real, 32 MB, 56.31 load
[runlim] sample:		178.85 time, 180.01 real, 32 MB, 56.64 load
[runlim] sample:		188.80 time, 190.01 real, 32 MB, 56.85 load
[runlim] sample:		198.75 time, 200.01 real, 24 MB, 57.03 load
[runlim] sample:		208.69 time, 210.01 real, 25 MB, 57.18 load
[runlim] sample:		218.62 time, 220.01 real, 26 MB, 57.38 load
[runlim] sample:		228.56 time, 230.01 real, 26 MB, 57.48 load
[runlim] sample:		238.50 time, 240.01 real, 32 MB, 57.56 load
[runlim] sample:		248.45 time, 250.01 real, 28 MB, 57.63 load
[runlim] sample:		258.39 time, 260.01 real, 32 MB, 57.77 load
[runlim] sample:		268.33 time, 270.01 real, 33 MB, 57.80 load
[runlim] sample:		278.27 time, 280.01 real, 44 MB, 57.75 load
[runlim] sample:		288.21 time, 290.01 real, 33 MB, 57.96 load
[runlim] sample:		298.15 time, 300.01 real, 39 MB, 57.73 load
[runlim] sample:		308.09 time, 310.01 real, 39 MB, 57.70 load
[runlim] sample:		318.03 time, 320.01 real, 39 MB, 57.66 load
[runlim] sample:		327.97 time, 330.01 real, 45 MB, 57.64 load
[runlim] sample:		337.91 time, 340.01 real, 40 MB, 57.54 load
[runlim] sample:		347.85 time, 350.01 real, 46 MB, 57.53 load
[runlim] sample:		357.79 time, 360.01 real, 40 MB, 57.45 load
[runlim] sample:		367.73 time, 370.01 real, 40 MB, 57.61 load
[runlim] sample:		377.67 time, 380.01 real, 41 MB, 57.51 load
[runlim] sample:		387.61 time, 390.01 real, 41 MB, 57.59 load
[runlim] sample:		397.55 time, 400.01 real, 41 MB, 57.58 load
[runlim] sample:		407.50 time, 410.01 real, 48 MB, 57.65 load
[runlim] sample:		417.44 time, 420.01 real, 41 MB, 57.62 load
[runlim] sample:		427.38 time, 430.01 real, 41 MB, 57.37 load
[runlim] sample:		437.32 time, 440.01 real, 41 MB, 57.16 load
[runlim] sample:		447.25 time, 450.01 real, 49 MB, 56.98 load
[runlim] sample:		457.19 time, 460.01 real, 42 MB, 56.83 load
[runlim] sample:		467.13 time, 470.01 real, 42 MB, 56.86 load
[runlim] sample:		477.07 time, 480.01 real, 42 MB, 56.73 load
[runlim] sample:		487.01 time, 490.01 real, 49 MB, 56.62 load
[runlim] sample:		496.94 time, 500.01 real, 42 MB, 56.60 load
[runlim] sample:		506.88 time, 510.01 real, 42 MB, 56.50 load
[runlim] sample:		516.82 time, 520.01 real, 50 MB, 56.43 load
[runlim] sample:		526.76 time, 530.01 real, 42 MB, 56.44 load
[runlim] sample:		536.69 time, 540.01 real, 44 MB, 56.45 load
[runlim] sample:		546.63 time, 550.01 real, 44 MB, 56.38 load
[runlim] sample:		556.56 time, 560.01 real, 36 MB, 56.24 load
[runlim] sample:		566.50 time, 570.01 real, 37 MB, 56.05 load
[runlim] end:			Thu Apr  9 20:24:47 2026
[runlim] status:		ok
[runlim] result:		0
[runlim] children:		1
[runlim] processes:		2
[runlim] real:			571.78 seconds
[runlim] time:			568.19 seconds
[runlim] space:			50 MB
[runlim] load:			57.96 maximum
[runlim] samples:		5717
