[runlim] version:		2.0.0rc1
[runlim] host:			m05n05
[runlim] time limit:		311040000 seconds
[runlim] real time limit:	5000 seconds
[runlim] space limit:		7000 MB
[runlim] argv[0]:		./binary
[runlim] argv[1]:		-c
[runlim] argv[2]:		-s
[runlim] argv[3]:		/tmp/local-unzipped-12459991-2-95-mc2025_track1_147.cnf
[runlim] start:			Thu Apr  9 20:15:33 2026
[runlim] child:			3687812
[runlim] sample:		9.94 time, 10.01 real, 4 MB, 27.66 load
[runlim] sample:		19.87 time, 20.01 real, 4 MB, 28.55 load
[runlim] sample:		29.81 time, 30.01 real, 4 MB, 29.32 load
[runlim] sample:		39.74 time, 40.01 real, 4 MB, 29.73 load
[runlim] sample:		49.68 time, 50.01 real, 4 MB, 30.15 load
[runlim] sample:		59.62 time, 60.01 real, 4 MB, 30.44 load
[runlim] sample:		69.55 time, 70.01 real, 4 MB, 30.68 load
[runlim] sample:		79.49 time, 80.01 real, 4 MB, 30.73 load
[runlim] sample:		89.42 time, 90.01 real, 4 MB, 30.77 load
[runlim] sample:		99.36 time, 100.01 real, 4 MB, 30.81 load
[runlim] sample:		109.30 time, 110.01 real, 4 MB, 30.84 load
[runlim] sample:		119.23 time, 120.01 real, 4 MB, 30.86 load
[runlim] sample:		129.17 time, 130.01 real, 4 MB, 30.88 load
[runlim] sample:		139.11 time, 140.01 real, 4 MB, 30.90 load
[runlim] sample:		149.04 time, 150.01 real, 4 MB, 31.00 load
[runlim] sample:		158.98 time, 160.01 real, 4 MB, 31.00 load
[runlim] sample:		168.91 time, 170.01 real, 4 MB, 31.00 load
[runlim] sample:		178.85 time, 180.01 real, 4 MB, 31.00 load
[runlim] sample:		188.78 time, 190.01 real, 4 MB, 31.00 load
[runlim] sample:		198.72 time, 200.01 real, 4 MB, 31.00 load
[runlim] sample:		208.65 time, 210.01 real, 4 MB, 31.23 load
[runlim] sample:		218.58 time, 220.01 real, 4 MB, 31.19 load
[runlim] sample:		228.52 time, 230.01 real, 4 MB, 31.16 load
[runlim] sample:		238.46 time, 240.01 real, 4 MB, 31.06 load
[runlim] sample:		248.39 time, 250.01 real, 4 MB, 30.89 load
[runlim] sample:		258.33 time, 260.01 real, 4 MB, 30.76 load
[runlim] sample:		268.27 time, 270.01 real, 4 MB, 30.64 load
[runlim] sample:		278.22 time, 280.01 real, 4 MB, 30.54 load
[runlim] sample:		288.17 time, 290.01 real, 4 MB, 30.46 load
[runlim] sample:		298.12 time, 300.01 real, 4 MB, 30.39 load
[runlim] sample:		308.08 time, 310.01 real, 4 MB, 30.33 load
[runlim] sample:		318.03 time, 320.01 real, 4 MB, 30.28 load
[runlim] sample:		327.98 time, 330.01 real, 4 MB, 30.31 load
[runlim] sample:		337.93 time, 340.01 real, 4 MB, 30.26 load
[runlim] sample:		347.88 time, 350.01 real, 4 MB, 30.22 load
[runlim] sample:		357.83 time, 360.01 real, 4 MB, 30.19 load
[runlim] sample:		367.78 time, 370.01 real, 4 MB, 30.16 load
[runlim] sample:		377.74 time, 380.01 real, 4 MB, 30.13 load
[runlim] sample:		387.69 time, 390.01 real, 4 MB, 30.11 load
[runlim] sample:		397.64 time, 400.01 real, 4 MB, 30.17 load
[runlim] sample:		407.59 time, 410.01 real, 4 MB, 30.14 load
[runlim] sample:		417.54 time, 420.01 real, 4 MB, 30.12 load
[runlim] sample:		427.49 time, 430.01 real, 4 MB, 30.10 load
[runlim] sample:		437.44 time, 440.01 real, 4 MB, 30.08 load
[runlim] sample:		447.39 time, 450.01 real, 4 MB, 30.07 load
[runlim] sample:		457.34 time, 460.01 real, 4 MB, 30.13 load
[runlim] sample:		467.29 time, 470.01 real, 4 MB, 30.11 load
[runlim] sample:		477.24 time, 480.01 real, 4 MB, 30.10 load
[runlim] sample:		487.19 time, 490.01 real, 4 MB, 30.08 load
[runlim] sample:		497.15 time, 500.01 real, 4 MB, 30.07 load
[runlim] sample:		507.10 time, 510.01 real, 4 MB, 30.06 load
[runlim] sample:		517.05 time, 520.01 real, 4 MB, 30.05 load
[runlim] sample:		527.00 time, 530.01 real, 4 MB, 30.04 load
[runlim] sample:		536.95 time, 540.01 real, 4 MB, 30.03 load
[runlim] sample:		546.90 time, 550.01 real, 4 MB, 30.03 load
[runlim] sample:		556.85 time, 560.01 real, 4 MB, 30.02 load
[runlim] sample:		566.80 time, 570.01 real, 4 MB, 30.02 load
[runlim] sample:		576.75 time, 580.01 real, 4 MB, 30.02 load
[runlim] sample:		586.70 time, 590.01 real, 4 MB, 30.09 load
[runlim] sample:		596.65 time, 600.01 real, 4 MB, 30.08 load
[runlim] sample:		606.60 time, 610.01 real, 4 MB, 30.07 load
[runlim] sample:		616.55 time, 620.01 real, 4 MB, 30.06 load
[runlim] sample:		626.50 time, 630.01 real, 4 MB, 30.05 load
[runlim] sample:		636.45 time, 640.01 real, 4 MB, 30.04 load
[runlim] sample:		646.41 time, 650.01 real, 4 MB, 30.03 load
[runlim] sample:		656.36 time, 660.01 real, 4 MB, 30.03 load
[runlim] sample:		666.31 time, 670.01 real, 4 MB, 30.02 load
[runlim] sample:		676.26 time, 680.01 real, 4 MB, 30.02 load
[runlim] sample:		686.21 time, 690.01 real, 4 MB, 30.02 load
[runlim] sample:		696.16 time, 700.01 real, 4 MB, 30.01 load
[runlim] sample:		706.11 time, 710.01 real, 4 MB, 30.16 load
[runlim] sample:		716.06 time, 720.01 real, 4 MB, 30.13 load
[runlim] sample:		726.01 time, 730.01 real, 4 MB, 30.11 load
[runlim] sample:		735.96 time, 740.01 real, 4 MB, 30.09 load
[runlim] sample:		745.91 time, 750.01 real, 4 MB, 30.08 load
[runlim] sample:		755.86 time, 760.01 real, 4 MB, 30.15 load
[runlim] sample:		765.82 time, 770.01 real, 4 MB, 30.12 load
[runlim] sample:		775.77 time, 780.01 real, 4 MB, 30.10 load
[runlim] sample:		785.72 time, 790.01 real, 4 MB, 30.09 load
[runlim] sample:		795.67 time, 800.01 real, 4 MB, 30.07 load
[runlim] sample:		805.62 time, 810.01 real, 4 MB, 30.14 load
[runlim] sample:		815.57 time, 820.01 real, 4 MB, 30.11 load
[runlim] sample:		825.52 time, 830.01 real, 4 MB, 30.10 load
[runlim] sample:		835.47 time, 840.01 real, 4 MB, 30.08 load
[runlim] sample:		845.42 time, 850.01 real, 4 MB, 30.07 load
[runlim] sample:		855.37 time, 860.01 real, 4 MB, 30.06 load
[runlim] sample:		865.32 time, 870.01 real, 4 MB, 30.05 load
[runlim] sample:		875.27 time, 880.01 real, 4 MB, 30.04 load
[runlim] sample:		885.22 time, 890.01 real, 4 MB, 30.11 load
[runlim] sample:		895.17 time, 900.01 real, 4 MB, 30.17 load
[runlim] sample:		905.13 time, 910.01 real, 4 MB, 30.14 load
[runlim] sample:		915.08 time, 920.01 real, 4 MB, 30.12 load
[runlim] sample:		925.03 time, 930.01 real, 4 MB, 30.10 load
[runlim] sample:		934.98 time, 940.01 real, 4 MB, 30.09 load
[runlim] sample:		944.93 time, 950.01 real, 4 MB, 30.07 load
[runlim] sample:		954.88 time, 960.01 real, 4 MB, 30.13 load
[runlim] sample:		964.83 time, 970.01 real, 4 MB, 30.11 load
[runlim] sample:		974.78 time, 980.01 real, 4 MB, 30.10 load
[runlim] sample:		984.73 time, 990.01 real, 4 MB, 30.08 load
[runlim] sample:		994.68 time, 1000.01 real, 4 MB, 30.07 load
[runlim] sample:		1004.63 time, 1010.01 real, 4 MB, 30.22 load
[runlim] sample:		1014.58 time, 1020.01 real, 4 MB, 30.26 load
[runlim] sample:		1024.53 time, 1030.01 real, 4 MB, 30.22 load
[runlim] sample:		1034.48 time, 1040.01 real, 4 MB, 30.18 load
[runlim] sample:		1044.44 time, 1050.01 real, 4 MB, 30.24 load
[runlim] sample:		1054.39 time, 1060.01 real, 4 MB, 30.20 load
[runlim] sample:		1064.34 time, 1070.01 real, 4 MB, 30.17 load
[runlim] sample:		1074.29 time, 1080.01 real, 4 MB, 30.22 load
[runlim] sample:		1084.24 time, 1090.01 real, 4 MB, 30.18 load
[runlim] sample:		1094.19 time, 1100.01 real, 4 MB, 30.15 load
[runlim] sample:		1104.14 time, 1110.01 real, 4 MB, 30.21 load
[runlim] sample:		1114.09 time, 1120.01 real, 4 MB, 30.18 load
[runlim] sample:		1124.05 time, 1130.01 real, 4 MB, 30.15 load
[runlim] sample:		1134.00 time, 1140.01 real, 4 MB, 30.20 load
[runlim] sample:		1143.95 time, 1150.01 real, 4 MB, 30.17 load
[runlim] sample:		1153.90 time, 1160.01 real, 4 MB, 30.14 load
[runlim] sample:		1163.85 time, 1170.01 real, 4 MB, 30.12 load
[runlim] sample:		1173.80 time, 1180.01 real, 4 MB, 30.10 load
[runlim] sample:		1183.76 time, 1190.01 real, 4 MB, 30.08 load
[runlim] sample:		1193.71 time, 1200.01 real, 4 MB, 30.23 load
[runlim] sample:		1203.66 time, 1210.01 real, 4 MB, 30.34 load
[runlim] sample:		1213.60 time, 1220.01 real, 4 MB, 30.29 load
[runlim] sample:		1223.55 time, 1230.01 real, 4 MB, 30.25 load
[runlim] sample:		1233.50 time, 1240.01 real, 4 MB, 30.21 load
[runlim] sample:		1243.46 time, 1250.01 real, 4 MB, 30.17 load
[runlim] sample:		1253.40 time, 1260.01 real, 4 MB, 30.23 load
[runlim] sample:		1263.36 time, 1270.01 real, 4 MB, 30.19 load
[runlim] sample:		1273.31 time, 1280.01 real, 4 MB, 30.16 load
[runlim] sample:		1283.26 time, 1290.01 real, 4 MB, 30.14 load
[runlim] sample:		1293.21 time, 1300.01 real, 4 MB, 30.12 load
[runlim] sample:		1303.15 time, 1310.01 real, 4 MB, 30.10 load
[runlim] sample:		1313.10 time, 1320.01 real, 4 MB, 30.08 load
[runlim] sample:		1323.05 time, 1330.01 real, 4 MB, 30.07 load
[runlim] sample:		1333.00 time, 1340.01 real, 4 MB, 30.06 load
[runlim] sample:		1342.95 time, 1350.01 real, 4 MB, 29.89 load
[runlim] sample:		1352.91 time, 1360.01 real, 4 MB, 29.76 load
[runlim] sample:		1362.86 time, 1370.01 real, 4 MB, 29.64 load
[runlim] sample:		1372.81 time, 1380.01 real, 4 MB, 29.54 load
[runlim] sample:		1382.77 time, 1390.01 real, 4 MB, 29.46 load
[runlim] sample:		1392.72 time, 1400.01 real, 4 MB, 29.39 load
[runlim] sample:		1402.67 time, 1410.01 real, 4 MB, 29.33 load
[runlim] sample:		1412.63 time, 1420.01 real, 4 MB, 29.28 load
[runlim] sample:		1422.58 time, 1430.01 real, 4 MB, 29.23 load
[runlim] sample:		1432.53 time, 1440.01 real, 4 MB, 29.28 load
[runlim] sample:		1442.49 time, 1450.01 real, 4 MB, 29.23 load
[runlim] sample:		1452.44 time, 1460.01 real, 4 MB, 29.20 load
[runlim] sample:		1462.39 time, 1470.01 real, 4 MB, 29.17 load
[runlim] sample:		1472.35 time, 1480.01 real, 4 MB, 29.14 load
[runlim] sample:		1482.30 time, 1490.01 real, 4 MB, 29.20 load
[runlim] sample:		1492.25 time, 1500.01 real, 4 MB, 29.17 load
[runlim] sample:		1502.21 time, 1510.01 real, 4 MB, 29.30 load
[runlim] sample:		1512.16 time, 1520.01 real, 4 MB, 29.26 load
[runlim] sample:		1522.11 time, 1530.01 real, 4 MB, 29.22 load
[runlim] sample:		1532.06 time, 1540.01 real, 4 MB, 29.18 load
[runlim] sample:		1542.02 time, 1550.01 real, 4 MB, 29.15 load
[runlim] sample:		1551.97 time, 1560.01 real, 4 MB, 29.13 load
[runlim] sample:		1561.92 time, 1570.01 real, 4 MB, 29.11 load
[runlim] sample:		1571.87 time, 1580.01 real, 4 MB, 29.09 load
[runlim] sample:		1581.83 time, 1590.01 real, 4 MB, 29.08 load
[runlim] sample:		1591.78 time, 1600.01 real, 4 MB, 29.06 load
[runlim] sample:		1601.73 time, 1610.01 real, 4 MB, 29.05 load
[runlim] sample:		1611.68 time, 1620.01 real, 4 MB, 29.05 load
[runlim] sample:		1621.64 time, 1630.01 real, 4 MB, 29.04 load
[runlim] sample:		1631.59 time, 1640.01 real, 4 MB, 29.03 load
[runlim] sample:		1641.54 time, 1650.01 real, 4 MB, 29.03 load
[runlim] sample:		1651.49 time, 1660.01 real, 4 MB, 29.02 load
[runlim] sample:		1661.45 time, 1670.01 real, 4 MB, 29.02 load
[runlim] sample:		1671.40 time, 1680.01 real, 4 MB, 29.02 load
[runlim] sample:		1681.35 time, 1690.01 real, 4 MB, 29.01 load
[runlim] sample:		1691.30 time, 1700.01 real, 4 MB, 29.09 load
[runlim] sample:		1701.26 time, 1710.01 real, 4 MB, 29.22 load
[runlim] sample:		1711.21 time, 1720.01 real, 4 MB, 29.19 load
[runlim] sample:		1721.16 time, 1730.01 real, 4 MB, 29.16 load
[runlim] sample:		1731.11 time, 1740.01 real, 4 MB, 29.13 load
[runlim] sample:		1741.07 time, 1750.01 real, 4 MB, 29.11 load
[runlim] sample:		1751.02 time, 1760.01 real, 4 MB, 29.18 load
[runlim] sample:		1760.97 time, 1770.01 real, 4 MB, 29.15 load
[runlim] sample:		1770.92 time, 1780.01 real, 4 MB, 29.12 load
[runlim] sample:		1780.87 time, 1790.01 real, 4 MB, 29.11 load
[runlim] sample:		1790.82 time, 1800.01 real, 4 MB, 29.16 load
[runlim] sample:		1800.78 time, 1810.01 real, 4 MB, 29.14 load
[runlim] sample:		1810.73 time, 1820.01 real, 4 MB, 29.12 load
[runlim] sample:		1820.68 time, 1830.01 real, 4 MB, 29.10 load
[runlim] sample:		1830.63 time, 1840.01 real, 4 MB, 29.08 load
[runlim] sample:		1840.58 time, 1850.01 real, 4 MB, 29.07 load
[runlim] sample:		1850.54 time, 1860.01 real, 4 MB, 29.06 load
[runlim] sample:		1860.49 time, 1870.01 real, 4 MB, 29.05 load
[runlim] sample:		1870.44 time, 1880.01 real, 4 MB, 29.12 load
[runlim] sample:		1880.39 time, 1890.01 real, 4 MB, 29.10 load
[runlim] sample:		1890.34 time, 1900.01 real, 4 MB, 29.09 load
[runlim] sample:		1900.30 time, 1910.01 real, 4 MB, 29.07 load
[runlim] sample:		1910.25 time, 1920.01 real, 4 MB, 29.06 load
[runlim] sample:		1920.20 time, 1930.01 real, 4 MB, 29.05 load
[runlim] sample:		1930.16 time, 1940.01 real, 4 MB, 29.12 load
[runlim] sample:		1940.11 time, 1950.01 real, 4 MB, 29.10 load
[runlim] sample:		1950.06 time, 1960.01 real, 4 MB, 29.09 load
[runlim] sample:		1960.01 time, 1970.01 real, 4 MB, 29.07 load
[runlim] sample:		1969.97 time, 1980.01 real, 4 MB, 29.06 load
[runlim] sample:		1979.92 time, 1990.01 real, 4 MB, 29.05 load
[runlim] sample:		1989.87 time, 2000.01 real, 4 MB, 29.04 load
[runlim] sample:		1999.82 time, 2010.01 real, 4 MB, 29.12 load
[runlim] sample:		2009.78 time, 2020.01 real, 4 MB, 29.18 load
[runlim] sample:		2019.73 time, 2030.01 real, 4 MB, 29.15 load
[runlim] sample:		2029.68 time, 2040.01 real, 4 MB, 29.13 load
[runlim] sample:		2039.64 time, 2050.01 real, 4 MB, 29.11 load
[runlim] sample:		2049.59 time, 2060.01 real, 4 MB, 29.09 load
[runlim] sample:		2059.54 time, 2070.01 real, 4 MB, 29.08 load
[runlim] sample:		2069.49 time, 2080.01 real, 4 MB, 29.06 load
[runlim] sample:		2079.44 time, 2090.01 real, 4 MB, 29.05 load
[runlim] sample:		2089.40 time, 2100.01 real, 4 MB, 29.04 load
[runlim] sample:		2099.35 time, 2110.01 real, 4 MB, 29.04 load
[runlim] sample:		2109.30 time, 2120.01 real, 4 MB, 28.95 load
[runlim] sample:		2119.25 time, 2130.01 real, 4 MB, 28.80 load
[runlim] sample:		2129.21 time, 2140.01 real, 4 MB, 28.68 load
[runlim] sample:		2139.16 time, 2150.01 real, 4 MB, 28.58 load
[runlim] sample:		2149.11 time, 2160.01 real, 4 MB, 28.49 load
[runlim] sample:		2159.07 time, 2170.01 real, 4 MB, 28.41 load
[runlim] sample:		2169.02 time, 2180.01 real, 4 MB, 28.35 load
[runlim] sample:		2178.97 time, 2190.01 real, 4 MB, 28.29 load
[runlim] sample:		2188.92 time, 2200.01 real, 4 MB, 28.25 load
[runlim] sample:		2198.88 time, 2210.01 real, 4 MB, 28.36 load
[runlim] sample:		2208.83 time, 2220.01 real, 4 MB, 28.30 load
[runlim] sample:		2218.78 time, 2230.01 real, 4 MB, 28.33 load
[runlim] sample:		2228.74 time, 2240.01 real, 4 MB, 28.43 load
[runlim] sample:		2238.69 time, 2250.01 real, 4 MB, 28.36 load
[runlim] sample:		2248.64 time, 2260.01 real, 4 MB, 28.30 load
[runlim] sample:		2258.60 time, 2270.01 real, 4 MB, 28.26 load
[runlim] sample:		2268.55 time, 2280.01 real, 4 MB, 28.29 load
[runlim] sample:		2278.50 time, 2290.01 real, 4 MB, 28.25 load
[runlim] sample:		2288.46 time, 2300.01 real, 4 MB, 28.21 load
[runlim] sample:		2298.41 time, 2310.01 real, 4 MB, 28.18 load
[runlim] sample:		2308.36 time, 2320.01 real, 4 MB, 28.15 load
[runlim] sample:		2318.32 time, 2330.01 real, 4 MB, 28.20 load
[runlim] sample:		2328.27 time, 2340.01 real, 4 MB, 28.33 load
[runlim] sample:		2338.23 time, 2350.01 real, 4 MB, 28.51 load
[runlim] sample:		2348.18 time, 2360.01 real, 4 MB, 28.58 load
[runlim] sample:		2358.14 time, 2370.01 real, 4 MB, 28.65 load
[runlim] sample:		2368.09 time, 2380.01 real, 4 MB, 28.70 load
[runlim] sample:		2378.04 time, 2390.01 real, 4 MB, 28.75 load
[runlim] sample:		2388.00 time, 2400.01 real, 4 MB, 28.79 load
[runlim] sample:		2397.95 time, 2410.01 real, 4 MB, 28.82 load
[runlim] sample:		2407.90 time, 2420.01 real, 4 MB, 28.85 load
[runlim] sample:		2417.86 time, 2430.01 real, 4 MB, 28.79 load
[runlim] sample:		2427.81 time, 2440.01 real, 4 MB, 28.67 load
[runlim] sample:		2437.76 time, 2450.01 real, 4 MB, 28.57 load
[runlim] sample:		2447.71 time, 2460.01 real, 4 MB, 28.48 load
[runlim] sample:		2457.67 time, 2470.01 real, 4 MB, 28.40 load
[runlim] sample:		2467.62 time, 2480.01 real, 4 MB, 28.34 load
[runlim] sample:		2477.57 time, 2490.01 real, 4 MB, 28.29 load
[runlim] sample:		2487.52 time, 2500.01 real, 4 MB, 28.24 load
[runlim] sample:		2497.48 time, 2510.01 real, 4 MB, 28.29 load
[runlim] sample:		2507.43 time, 2520.01 real, 4 MB, 28.24 load
[runlim] sample:		2517.38 time, 2530.01 real, 4 MB, 28.28 load
[runlim] sample:		2527.33 time, 2540.01 real, 4 MB, 28.24 load
[runlim] sample:		2537.29 time, 2550.01 real, 4 MB, 28.20 load
[runlim] sample:		2547.24 time, 2560.01 real, 4 MB, 28.17 load
[runlim] sample:		2557.19 time, 2570.01 real, 4 MB, 28.22 load
[runlim] sample:		2567.14 time, 2580.01 real, 4 MB, 28.18 load
[runlim] sample:		2577.10 time, 2590.01 real, 4 MB, 28.15 load
[runlim] sample:		2587.05 time, 2600.01 real, 4 MB, 28.13 load
[runlim] sample:		2597.00 time, 2610.01 real, 4 MB, 28.11 load
[runlim] sample:		2606.96 time, 2620.01 real, 4 MB, 28.09 load
[runlim] sample:		2616.91 time, 2630.01 real, 4 MB, 28.08 load
[runlim] sample:		2626.86 time, 2640.01 real, 4 MB, 28.06 load
[runlim] sample:		2636.82 time, 2650.01 real, 4 MB, 28.05 load
[runlim] sample:		2646.77 time, 2660.01 real, 4 MB, 28.05 load
[runlim] sample:		2656.72 time, 2670.01 real, 4 MB, 28.04 load
[runlim] sample:		2666.67 time, 2680.01 real, 4 MB, 28.03 load
[runlim] sample:		2676.63 time, 2690.01 real, 4 MB, 28.03 load
[runlim] sample:		2686.58 time, 2700.01 real, 4 MB, 28.02 load
[runlim] sample:		2696.53 time, 2710.01 real, 4 MB, 28.17 load
[runlim] sample:		2706.48 time, 2720.01 real, 4 MB, 28.14 load
[runlim] sample:		2716.44 time, 2730.01 real, 4 MB, 28.12 load
[runlim] sample:		2726.39 time, 2740.01 real, 4 MB, 28.10 load
[runlim] sample:		2736.34 time, 2750.01 real, 4 MB, 28.08 load
[runlim] sample:		2746.30 time, 2760.01 real, 4 MB, 28.07 load
[runlim] sample:		2756.25 time, 2770.01 real, 4 MB, 28.06 load
[runlim] sample:		2766.20 time, 2780.01 real, 4 MB, 28.05 load
[runlim] sample:		2776.15 time, 2790.01 real, 4 MB, 28.04 load
[runlim] sample:		2786.11 time, 2800.01 real, 4 MB, 28.04 load
[runlim] sample:		2796.06 time, 2810.01 real, 4 MB, 28.03 load
[runlim] sample:		2806.01 time, 2820.01 real, 4 MB, 28.02 load
[runlim] sample:		2815.97 time, 2830.01 real, 4 MB, 28.02 load
[runlim] sample:		2825.92 time, 2840.01 real, 4 MB, 28.02 load
[runlim] sample:		2835.87 time, 2850.01 real, 4 MB, 28.01 load
[runlim] sample:		2845.82 time, 2860.01 real, 4 MB, 28.01 load
[runlim] sample:		2855.77 time, 2870.01 real, 4 MB, 28.01 load
[runlim] sample:		2865.73 time, 2880.01 real, 4 MB, 28.01 load
[runlim] sample:		2875.68 time, 2890.01 real, 4 MB, 28.01 load
[runlim] sample:		2885.63 time, 2900.01 real, 4 MB, 28.00 load
[runlim] sample:		2895.58 time, 2910.01 real, 4 MB, 28.08 load
[runlim] sample:		2905.54 time, 2920.01 real, 4 MB, 28.14 load
[runlim] sample:		2915.49 time, 2930.01 real, 4 MB, 28.12 load
[runlim] sample:		2925.44 time, 2940.01 real, 4 MB, 28.10 load
[runlim] sample:		2935.39 time, 2950.01 real, 4 MB, 28.08 load
[runlim] sample:		2945.35 time, 2960.01 real, 4 MB, 28.07 load
[runlim] sample:		2955.30 time, 2970.01 real, 4 MB, 28.13 load
[runlim] sample:		2965.25 time, 2980.01 real, 4 MB, 28.11 load
[runlim] sample:		2975.20 time, 2990.01 real, 4 MB, 28.09 load
[runlim] sample:		2985.16 time, 3000.01 real, 4 MB, 28.08 load
[runlim] sample:		2995.11 time, 3010.01 real, 4 MB, 28.15 load
[runlim] sample:		3005.06 time, 3020.01 real, 4 MB, 28.12 load
[runlim] sample:		3015.01 time, 3030.01 real, 4 MB, 28.18 load
[runlim] sample:		3024.97 time, 3040.01 real, 4 MB, 28.15 load
[runlim] sample:		3034.92 time, 3050.01 real, 4 MB, 28.13 load
[runlim] sample:		3044.87 time, 3060.01 real, 4 MB, 28.11 load
[runlim] sample:		3054.83 time, 3070.01 real, 4 MB, 28.09 load
[runlim] sample:		3064.78 time, 3080.01 real, 4 MB, 28.08 load
[runlim] sample:		3074.73 time, 3090.01 real, 4 MB, 28.14 load
[runlim] sample:		3084.68 time, 3100.01 real, 4 MB, 28.12 load
[runlim] sample:		3094.64 time, 3110.01 real, 4 MB, 28.10 load
[runlim] sample:		3104.59 time, 3120.01 real, 4 MB, 28.16 load
[runlim] sample:		3114.54 time, 3130.01 real, 4 MB, 28.14 load
[runlim] sample:		3124.50 time, 3140.01 real, 4 MB, 28.12 load
[runlim] sample:		3134.45 time, 3150.01 real, 4 MB, 28.10 load
[runlim] sample:		3144.40 time, 3160.01 real, 4 MB, 28.08 load
[runlim] sample:		3154.35 time, 3170.01 real, 4 MB, 28.07 load
[runlim] sample:		3164.30 time, 3180.01 real, 4 MB, 28.06 load
[runlim] sample:		3174.25 time, 3190.01 real, 4 MB, 28.05 load
[runlim] sample:		3184.21 time, 3200.01 real, 4 MB, 28.04 load
[runlim] sample:		3194.16 time, 3210.01 real, 4 MB, 28.18 load
[runlim] sample:		3204.11 time, 3220.01 real, 4 MB, 28.15 load
[runlim] sample:		3214.06 time, 3230.01 real, 4 MB, 28.13 load
[runlim] sample:		3224.01 time, 3240.01 real, 4 MB, 28.19 load
[runlim] sample:		3233.97 time, 3250.01 real, 4 MB, 28.16 load
[runlim] sample:		3243.92 time, 3260.01 real, 4 MB, 28.13 load
[runlim] sample:		3253.87 time, 3270.01 real, 4 MB, 28.11 load
[runlim] sample:		3263.82 time, 3280.01 real, 4 MB, 28.10 load
[runlim] sample:		3273.78 time, 3290.01 real, 4 MB, 28.08 load
[runlim] sample:		3283.73 time, 3300.01 real, 4 MB, 28.07 load
[runlim] sample:		3293.68 time, 3310.01 real, 4 MB, 28.06 load
[runlim] sample:		3303.63 time, 3320.01 real, 4 MB, 28.05 load
[runlim] sample:		3313.58 time, 3330.01 real, 4 MB, 28.04 load
[runlim] sample:		3323.54 time, 3340.01 real, 4 MB, 28.03 load
[runlim] sample:		3333.49 time, 3350.01 real, 4 MB, 28.11 load
[runlim] sample:		3343.44 time, 3360.01 real, 4 MB, 28.09 load
[runlim] sample:		3353.40 time, 3370.01 real, 4 MB, 28.08 load
[runlim] sample:		3363.35 time, 3380.01 real, 4 MB, 28.06 load
[runlim] sample:		3373.31 time, 3390.01 real, 4 MB, 28.05 load
[runlim] sample:		3383.26 time, 3400.01 real, 4 MB, 28.05 load
[runlim] sample:		3393.21 time, 3410.01 real, 4 MB, 28.26 load
[runlim] sample:		3403.17 time, 3420.01 real, 4 MB, 28.22 load
[runlim] sample:		3413.12 time, 3430.01 real, 4 MB, 28.18 load
[runlim] sample:		3423.08 time, 3440.01 real, 4 MB, 28.16 load
[runlim] sample:		3433.03 time, 3450.01 real, 4 MB, 29.33 load
[runlim] sample:		3442.98 time, 3460.01 real, 4 MB, 29.13 load
[runlim] sample:		3452.94 time, 3470.01 real, 4 MB, 28.95 load
[runlim] sample:		3462.89 time, 3480.01 real, 4 MB, 28.81 load
[runlim] sample:		3472.85 time, 3490.01 real, 4 MB, 28.68 load
[runlim] sample:		3482.80 time, 3500.01 real, 4 MB, 28.58 load
[runlim] sample:		3492.75 time, 3510.01 real, 4 MB, 28.57 load
[runlim] sample:		3502.71 time, 3520.01 real, 4 MB, 28.48 load
[runlim] sample:		3512.66 time, 3530.01 real, 4 MB, 28.41 load
[runlim] sample:		3522.61 time, 3540.01 real, 4 MB, 28.34 load
[runlim] sample:		3532.57 time, 3550.01 real, 4 MB, 28.29 load
[runlim] sample:		3542.52 time, 3560.01 real, 4 MB, 28.25 load
[runlim] sample:		3552.47 time, 3570.01 real, 4 MB, 28.21 load
[runlim] sample:		3562.43 time, 3580.01 real, 4 MB, 28.17 load
[runlim] sample:		3572.38 time, 3590.01 real, 4 MB, 28.15 load
[runlim] sample:		3582.33 time, 3600.01 real, 4 MB, 28.12 load
[runlim] sample:		3592.29 time, 3610.01 real, 4 MB, 28.10 load
[runlim] sample:		3602.24 time, 3620.01 real, 4 MB, 28.09 load
[runlim] sample:		3612.20 time, 3630.01 real, 4 MB, 28.07 load
[runlim] sample:		3622.15 time, 3640.01 real, 4 MB, 28.06 load
[runlim] sample:		3632.11 time, 3650.01 real, 4 MB, 28.13 load
[runlim] sample:		3642.06 time, 3660.01 real, 4 MB, 28.11 load
[runlim] sample:		3652.01 time, 3670.01 real, 4 MB, 28.09 load
[runlim] sample:		3661.97 time, 3680.01 real, 4 MB, 28.08 load
[runlim] sample:		3671.92 time, 3690.01 real, 4 MB, 28.06 load
[runlim] sample:		3681.87 time, 3700.01 real, 4 MB, 28.05 load
[runlim] sample:		3691.83 time, 3710.01 real, 4 MB, 28.27 load
[runlim] sample:		3701.78 time, 3720.01 real, 4 MB, 28.22 load
[runlim] sample:		3711.74 time, 3730.01 real, 4 MB, 28.19 load
[runlim] sample:		3721.69 time, 3740.01 real, 4 MB, 28.16 load
[runlim] sample:		3731.64 time, 3750.01 real, 4 MB, 28.13 load
[runlim] sample:		3741.60 time, 3760.01 real, 4 MB, 28.11 load
[runlim] sample:		3751.55 time, 3770.01 real, 4 MB, 28.17 load
[runlim] sample:		3761.50 time, 3780.01 real, 4 MB, 28.14 load
[runlim] sample:		3771.45 time, 3790.01 real, 4 MB, 28.12 load
[runlim] sample:		3781.41 time, 3800.01 real, 4 MB, 28.10 load
[runlim] sample:		3791.36 time, 3810.01 real, 4 MB, 28.08 load
[runlim] sample:		3801.31 time, 3820.01 real, 4 MB, 28.07 load
[runlim] sample:		3811.26 time, 3830.01 real, 4 MB, 28.13 load
[runlim] sample:		3821.22 time, 3840.01 real, 4 MB, 28.11 load
[runlim] sample:		3831.17 time, 3850.01 real, 4 MB, 28.10 load
[runlim] sample:		3841.12 time, 3860.01 real, 4 MB, 28.08 load
[runlim] sample:		3851.08 time, 3870.01 real, 4 MB, 28.23 load
[runlim] sample:		3861.03 time, 3880.01 real, 4 MB, 28.19 load
[runlim] sample:		3870.98 time, 3890.01 real, 4 MB, 28.24 load
[runlim] sample:		3880.94 time, 3900.01 real, 4 MB, 28.20 load
[runlim] sample:		3890.89 time, 3910.01 real, 4 MB, 28.17 load
[runlim] sample:		3900.84 time, 3920.01 real, 4 MB, 28.14 load
[runlim] sample:		3910.79 time, 3930.01 real, 4 MB, 28.12 load
[runlim] sample:		3920.75 time, 3940.01 real, 4 MB, 28.10 load
[runlim] sample:		3930.70 time, 3950.01 real, 4 MB, 28.16 load
[runlim] sample:		3940.65 time, 3960.01 real, 4 MB, 28.21 load
[runlim] sample:		3950.60 time, 3970.01 real, 4 MB, 28.17 load
[runlim] sample:		3960.56 time, 3980.01 real, 4 MB, 28.15 load
[runlim] sample:		3970.51 time, 3990.01 real, 4 MB, 28.12 load
[runlim] sample:		3980.46 time, 4000.01 real, 4 MB, 28.10 load
[runlim] sample:		3990.41 time, 4010.01 real, 4 MB, 28.17 load
[runlim] sample:		4000.37 time, 4020.01 real, 4 MB, 28.14 load
[runlim] sample:		4010.32 time, 4030.01 real, 4 MB, 28.12 load
[runlim] sample:		4020.27 time, 4040.01 real, 4 MB, 28.10 load
[runlim] sample:		4030.23 time, 4050.01 real, 4 MB, 28.08 load
[runlim] sample:		4040.18 time, 4060.01 real, 4 MB, 28.07 load
[runlim] sample:		4050.13 time, 4070.01 real, 4 MB, 28.06 load
[runlim] sample:		4060.08 time, 4080.01 real, 4 MB, 28.05 load
[runlim] sample:		4070.04 time, 4090.01 real, 4 MB, 28.04 load
[runlim] sample:		4079.99 time, 4100.01 real, 4 MB, 28.04 load
[runlim] sample:		4089.94 time, 4110.01 real, 4 MB, 28.03 load
[runlim] sample:		4099.90 time, 4120.01 real, 4 MB, 28.02 load
[runlim] sample:		4109.85 time, 4130.01 real, 4 MB, 28.02 load
[runlim] sample:		4119.80 time, 4140.01 real, 4 MB, 28.02 load
[runlim] sample:		4129.75 time, 4150.01 real, 4 MB, 28.01 load
[runlim] sample:		4139.71 time, 4160.01 real, 4 MB, 28.01 load
[runlim] sample:		4149.66 time, 4170.01 real, 4 MB, 28.01 load
[runlim] sample:		4159.61 time, 4180.01 real, 4 MB, 28.01 load
[runlim] sample:		4169.56 time, 4190.01 real, 4 MB, 28.01 load
[runlim] sample:		4179.51 time, 4200.01 real, 4 MB, 28.00 load
[runlim] sample:		4189.47 time, 4210.01 real, 4 MB, 28.22 load
[runlim] sample:		4199.42 time, 4220.01 real, 4 MB, 28.19 load
[runlim] sample:		4209.37 time, 4230.01 real, 4 MB, 28.16 load
[runlim] sample:		4219.32 time, 4240.01 real, 4 MB, 28.13 load
[runlim] sample:		4229.28 time, 4250.01 real, 4 MB, 28.11 load
[runlim] sample:		4239.23 time, 4260.01 real, 4 MB, 28.10 load
[runlim] sample:		4249.18 time, 4270.01 real, 4 MB, 28.15 load
[runlim] sample:		4259.14 time, 4280.01 real, 4 MB, 28.13 load
[runlim] sample:		4269.09 time, 4290.01 real, 4 MB, 28.11 load
[runlim] sample:		4279.04 time, 4300.01 real, 4 MB, 28.09 load
[runlim] sample:		4288.99 time, 4310.01 real, 4 MB, 28.08 load
[runlim] sample:		4298.95 time, 4320.01 real, 4 MB, 28.07 load
[runlim] sample:		4308.90 time, 4330.01 real, 4 MB, 28.13 load
[runlim] sample:		4318.85 time, 4340.01 real, 4 MB, 28.11 load
[runlim] sample:		4328.81 time, 4350.01 real, 4 MB, 28.33 load
[runlim] sample:		4338.76 time, 4360.01 real, 4 MB, 28.28 load
[runlim] sample:		4348.71 time, 4370.01 real, 4 MB, 28.24 load
[runlim] sample:		4358.67 time, 4380.01 real, 4 MB, 28.28 load
[runlim] sample:		4368.62 time, 4390.01 real, 4 MB, 28.24 load
[runlim] sample:		4378.57 time, 4400.01 real, 4 MB, 28.20 load
[runlim] sample:		4388.53 time, 4410.01 real, 4 MB, 28.17 load
[runlim] sample:		4398.48 time, 4420.01 real, 4 MB, 28.14 load
[runlim] sample:		4408.43 time, 4430.01 real, 4 MB, 28.12 load
[runlim] sample:		4418.39 time, 4440.01 real, 4 MB, 28.10 load
[runlim] sample:		4428.34 time, 4450.01 real, 4 MB, 28.08 load
[runlim] sample:		4438.29 time, 4460.01 real, 4 MB, 28.07 load
[runlim] sample:		4448.24 time, 4470.01 real, 4 MB, 28.06 load
[runlim] sample:		4458.20 time, 4480.01 real, 4 MB, 28.05 load
[runlim] sample:		4468.15 time, 4490.01 real, 4 MB, 28.04 load
[runlim] sample:		4478.10 time, 4500.01 real, 4 MB, 28.11 load
[runlim] sample:		4488.06 time, 4510.01 real, 4 MB, 28.25 load
[runlim] sample:		4498.01 time, 4520.01 real, 4 MB, 28.21 load
[runlim] sample:		4507.96 time, 4530.01 real, 4 MB, 28.18 load
[runlim] sample:		4517.92 time, 4540.01 real, 4 MB, 28.15 load
[runlim] sample:		4527.87 time, 4550.01 real, 4 MB, 28.13 load
[runlim] sample:		4537.83 time, 4560.01 real, 4 MB, 28.11 load
[runlim] sample:		4547.78 time, 4570.01 real, 4 MB, 28.09 load
[runlim] sample:		4557.74 time, 4580.01 real, 4 MB, 28.08 load
[runlim] sample:		4567.70 time, 4590.01 real, 4 MB, 28.06 load
[runlim] sample:		4577.65 time, 4600.01 real, 4 MB, 28.05 load
[runlim] sample:		4587.61 time, 4610.01 real, 4 MB, 28.05 load
[runlim] sample:		4597.57 time, 4620.01 real, 4 MB, 28.04 load
[runlim] sample:		4607.52 time, 4630.01 real, 4 MB, 28.03 load
[runlim] sample:		4617.48 time, 4640.01 real, 4 MB, 28.03 load
[runlim] sample:		4627.43 time, 4650.01 real, 4 MB, 28.02 load
[runlim] sample:		4637.39 time, 4660.01 real, 4 MB, 28.02 load
[runlim] sample:		4647.34 time, 4670.01 real, 4 MB, 28.02 load
[runlim] sample:		4657.30 time, 4680.01 real, 4 MB, 28.01 load
[runlim] sample:		4667.25 time, 4690.01 real, 4 MB, 28.01 load
[runlim] sample:		4677.21 time, 4700.01 real, 4 MB, 28.01 load
[runlim] sample:		4687.16 time, 4710.01 real, 4 MB, 28.08 load
[runlim] sample:		4697.12 time, 4720.01 real, 4 MB, 28.07 load
[runlim] sample:		4707.08 time, 4730.01 real, 4 MB, 28.06 load
[runlim] sample:		4717.03 time, 4740.01 real, 4 MB, 28.05 load
[runlim] sample:		4726.99 time, 4750.01 real, 4 MB, 28.04 load
[runlim] sample:		4736.94 time, 4760.01 real, 4 MB, 28.03 load
[runlim] sample:		4746.90 time, 4770.01 real, 4 MB, 28.03 load
[runlim] sample:		4756.85 time, 4780.01 real, 4 MB, 28.02 load
[runlim] sample:		4766.81 time, 4790.01 real, 4 MB, 28.02 load
[runlim] sample:		4776.77 time, 4800.01 real, 4 MB, 28.02 load
[runlim] sample:		4786.72 time, 4810.01 real, 4 MB, 28.01 load
[runlim] sample:		4796.68 time, 4820.01 real, 4 MB, 28.01 load
[runlim] sample:		4806.63 time, 4830.01 real, 4 MB, 28.09 load
[runlim] sample:		4816.59 time, 4840.01 real, 4 MB, 28.07 load
[runlim] sample:		4826.54 time, 4850.01 real, 4 MB, 28.06 load
[runlim] sample:		4836.50 time, 4860.01 real, 4 MB, 28.05 load
[runlim] sample:		4846.45 time, 4870.01 real, 4 MB, 28.04 load
[runlim] sample:		4856.41 time, 4880.01 real, 4 MB, 28.04 load
[runlim] sample:		4866.36 time, 4890.01 real, 4 MB, 28.03 load
[runlim] sample:		4876.32 time, 4900.01 real, 4 MB, 28.03 load
[runlim] sample:		4886.27 time, 4910.01 real, 4 MB, 28.02 load
[runlim] sample:		4896.23 time, 4920.01 real, 4 MB, 28.02 load
[runlim] sample:		4906.19 time, 4930.01 real, 4 MB, 28.01 load
[runlim] sample:		4916.14 time, 4940.01 real, 4 MB, 28.01 load
[runlim] sample:		4926.10 time, 4950.01 real, 4 MB, 28.01 load
[runlim] sample:		4936.05 time, 4960.01 real, 4 MB, 28.01 load
[runlim] sample:		4946.01 time, 4970.01 real, 4 MB, 28.01 load
[runlim] sample:		4955.96 time, 4980.01 real, 4 MB, 27.46 load
[runlim] sample:		4965.92 time, 4990.01 real, 4 MB, 25.76 load
[runlim] sample:		4975.88 time, 5000.01 real, 4 MB, 23.09 load
[runlim] end:			Thu Apr  9 21:38:54 2026
[runlim] status:		out of time
[runlim] result:		2
[runlim] children:		1
[runlim] processes:		2
[runlim] real:			5000.05 seconds
[runlim] time:			4975.88 seconds
[runlim] space:			4 MB
[runlim] load:			31.23 maximum
[runlim] samples:		50000
