[runlim] version:		2.0.0rc1
[runlim] host:			m05n05
[runlim] time limit:		311040000 seconds
[runlim] real time limit:	5000 seconds
[runlim] space limit:		7000 MB
[runlim] argv[0]:		./binary
[runlim] argv[1]:		-c
[runlim] argv[2]:		-s
[runlim] argv[3]:		/tmp/local-unzipped-12459991-2-78-mc2025_track1_129.cnf
[runlim] start:			Thu Apr  9 20:15:16 2026
[runlim] child:			3686117
[runlim] sample:		9.95 time, 10.01 real, 4 MB, 27.02 load
[runlim] sample:		19.89 time, 20.01 real, 4 MB, 27.11 load
[runlim] sample:		29.84 time, 30.01 real, 4 MB, 28.17 load
[runlim] sample:		39.78 time, 40.01 real, 4 MB, 28.91 load
[runlim] sample:		49.73 time, 50.01 real, 4 MB, 29.53 load
[runlim] sample:		59.68 time, 60.01 real, 4 MB, 29.99 load
[runlim] sample:		69.63 time, 70.01 real, 4 MB, 30.30 load
[runlim] sample:		79.57 time, 80.01 real, 4 MB, 30.56 load
[runlim] sample:		89.52 time, 90.01 real, 4 MB, 30.70 load
[runlim] sample:		99.47 time, 100.01 real, 4 MB, 30.75 load
[runlim] sample:		109.42 time, 110.01 real, 4 MB, 30.79 load
[runlim] sample:		119.36 time, 120.01 real, 4 MB, 30.82 load
[runlim] sample:		129.31 time, 130.01 real, 4 MB, 30.85 load
[runlim] sample:		139.26 time, 140.01 real, 4 MB, 30.87 load
[runlim] sample:		149.21 time, 150.01 real, 4 MB, 30.89 load
[runlim] sample:		159.16 time, 160.01 real, 4 MB, 30.91 load
[runlim] sample:		169.10 time, 170.01 real, 4 MB, 31.00 load
[runlim] sample:		179.05 time, 180.01 real, 4 MB, 31.00 load
[runlim] sample:		189.00 time, 190.01 real, 4 MB, 31.00 load
[runlim] sample:		198.94 time, 200.01 real, 4 MB, 31.00 load
[runlim] sample:		208.89 time, 210.01 real, 4 MB, 31.00 load
[runlim] sample:		218.84 time, 220.01 real, 4 MB, 31.16 load
[runlim] sample:		228.78 time, 230.01 real, 4 MB, 31.21 load
[runlim] sample:		238.73 time, 240.01 real, 4 MB, 31.18 load
[runlim] sample:		248.67 time, 250.01 real, 4 MB, 31.15 load
[runlim] sample:		258.62 time, 260.01 real, 4 MB, 30.97 load
[runlim] sample:		268.57 time, 270.01 real, 4 MB, 30.82 load
[runlim] sample:		278.52 time, 280.01 real, 4 MB, 30.70 load
[runlim] sample:		288.47 time, 290.01 real, 4 MB, 30.59 load
[runlim] sample:		298.42 time, 300.01 real, 4 MB, 30.50 load
[runlim] sample:		308.37 time, 310.01 real, 4 MB, 30.42 load
[runlim] sample:		318.32 time, 320.01 real, 4 MB, 30.36 load
[runlim] sample:		328.27 time, 330.01 real, 4 MB, 30.30 load
[runlim] sample:		338.22 time, 340.01 real, 4 MB, 30.25 load
[runlim] sample:		348.17 time, 350.01 real, 4 MB, 30.29 load
[runlim] sample:		358.12 time, 360.01 real, 4 MB, 30.24 load
[runlim] sample:		368.07 time, 370.01 real, 4 MB, 30.21 load
[runlim] sample:		378.02 time, 380.01 real, 4 MB, 30.17 load
[runlim] sample:		387.97 time, 390.01 real, 4 MB, 30.15 load
[runlim] sample:		397.92 time, 400.01 real, 4 MB, 30.12 load
[runlim] sample:		407.87 time, 410.01 real, 4 MB, 30.18 load
[runlim] sample:		417.82 time, 420.01 real, 4 MB, 30.16 load
[runlim] sample:		427.77 time, 430.01 real, 4 MB, 30.13 load
[runlim] sample:		437.72 time, 440.01 real, 4 MB, 30.11 load
[runlim] sample:		447.67 time, 450.01 real, 4 MB, 30.09 load
[runlim] sample:		457.62 time, 460.01 real, 4 MB, 30.08 load
[runlim] sample:		467.57 time, 470.01 real, 4 MB, 30.15 load
[runlim] sample:		477.51 time, 480.01 real, 4 MB, 30.12 load
[runlim] sample:		487.46 time, 490.01 real, 4 MB, 30.10 load
[runlim] sample:		497.41 time, 500.01 real, 4 MB, 30.09 load
[runlim] sample:		507.36 time, 510.01 real, 4 MB, 30.07 load
[runlim] sample:		517.31 time, 520.01 real, 4 MB, 30.06 load
[runlim] sample:		527.25 time, 530.01 real, 4 MB, 30.05 load
[runlim] sample:		537.20 time, 540.01 real, 4 MB, 30.04 load
[runlim] sample:		547.15 time, 550.01 real, 4 MB, 30.04 load
[runlim] sample:		557.10 time, 560.01 real, 4 MB, 30.03 load
[runlim] sample:		567.04 time, 570.01 real, 4 MB, 30.02 load
[runlim] sample:		576.99 time, 580.01 real, 4 MB, 30.02 load
[runlim] sample:		586.94 time, 590.01 real, 4 MB, 30.02 load
[runlim] sample:		596.89 time, 600.01 real, 4 MB, 30.01 load
[runlim] sample:		606.84 time, 610.01 real, 4 MB, 30.08 load
[runlim] sample:		616.78 time, 620.01 real, 4 MB, 30.07 load
[runlim] sample:		626.73 time, 630.01 real, 4 MB, 30.06 load
[runlim] sample:		636.68 time, 640.01 real, 4 MB, 30.05 load
[runlim] sample:		646.63 time, 650.01 real, 4 MB, 30.04 load
[runlim] sample:		656.57 time, 660.01 real, 4 MB, 30.04 load
[runlim] sample:		666.52 time, 670.01 real, 4 MB, 30.03 load
[runlim] sample:		676.47 time, 680.01 real, 4 MB, 30.02 load
[runlim] sample:		686.42 time, 690.01 real, 4 MB, 30.02 load
[runlim] sample:		696.37 time, 700.01 real, 4 MB, 30.02 load
[runlim] sample:		706.31 time, 710.01 real, 4 MB, 30.01 load
[runlim] sample:		716.26 time, 720.01 real, 4 MB, 30.17 load
[runlim] sample:		726.21 time, 730.01 real, 4 MB, 30.14 load
[runlim] sample:		736.16 time, 740.01 real, 4 MB, 30.12 load
[runlim] sample:		746.10 time, 750.01 real, 4 MB, 30.10 load
[runlim] sample:		756.05 time, 760.01 real, 4 MB, 30.09 load
[runlim] sample:		766.00 time, 770.01 real, 4 MB, 30.07 load
[runlim] sample:		775.94 time, 780.01 real, 4 MB, 30.14 load
[runlim] sample:		785.89 time, 790.01 real, 4 MB, 30.11 load
[runlim] sample:		795.84 time, 800.01 real, 4 MB, 30.10 load
[runlim] sample:		805.79 time, 810.01 real, 4 MB, 30.08 load
[runlim] sample:		815.73 time, 820.01 real, 4 MB, 30.15 load
[runlim] sample:		825.68 time, 830.01 real, 4 MB, 30.12 load
[runlim] sample:		835.63 time, 840.01 real, 4 MB, 30.10 load
[runlim] sample:		845.57 time, 850.01 real, 4 MB, 30.09 load
[runlim] sample:		855.52 time, 860.01 real, 4 MB, 30.07 load
[runlim] sample:		865.46 time, 870.01 real, 4 MB, 30.06 load
[runlim] sample:		875.41 time, 880.01 real, 4 MB, 30.05 load
[runlim] sample:		885.36 time, 890.01 real, 4 MB, 30.04 load
[runlim] sample:		895.30 time, 900.01 real, 4 MB, 30.04 load
[runlim] sample:		905.25 time, 910.01 real, 4 MB, 30.18 load
[runlim] sample:		915.19 time, 920.01 real, 4 MB, 30.16 load
[runlim] sample:		925.14 time, 930.01 real, 4 MB, 30.13 load
[runlim] sample:		935.09 time, 940.01 real, 4 MB, 30.11 load
[runlim] sample:		945.03 time, 950.01 real, 4 MB, 30.09 load
[runlim] sample:		954.98 time, 960.01 real, 4 MB, 30.08 load
[runlim] sample:		964.93 time, 970.01 real, 4 MB, 30.15 load
[runlim] sample:		974.87 time, 980.01 real, 4 MB, 30.12 load
[runlim] sample:		984.82 time, 990.01 real, 4 MB, 30.10 load
[runlim] sample:		994.77 time, 1000.01 real, 4 MB, 30.09 load
[runlim] sample:		1004.72 time, 1010.01 real, 4 MB, 30.07 load
[runlim] sample:		1014.66 time, 1020.01 real, 4 MB, 30.06 load
[runlim] sample:		1024.61 time, 1030.01 real, 4 MB, 30.28 load
[runlim] sample:		1034.56 time, 1040.01 real, 4 MB, 30.24 load
[runlim] sample:		1044.50 time, 1050.01 real, 4 MB, 30.20 load
[runlim] sample:		1054.45 time, 1060.01 real, 4 MB, 30.17 load
[runlim] sample:		1064.40 time, 1070.01 real, 4 MB, 30.22 load
[runlim] sample:		1074.35 time, 1080.01 real, 4 MB, 30.18 load
[runlim] sample:		1084.29 time, 1090.01 real, 4 MB, 30.23 load
[runlim] sample:		1094.24 time, 1100.01 real, 4 MB, 30.20 load
[runlim] sample:		1104.19 time, 1110.01 real, 4 MB, 30.17 load
[runlim] sample:		1114.14 time, 1120.01 real, 4 MB, 30.14 load
[runlim] sample:		1124.08 time, 1130.01 real, 4 MB, 30.19 load
[runlim] sample:		1134.03 time, 1140.01 real, 4 MB, 30.16 load
[runlim] sample:		1143.98 time, 1150.01 real, 4 MB, 30.22 load
[runlim] sample:		1153.92 time, 1160.01 real, 4 MB, 30.18 load
[runlim] sample:		1163.87 time, 1170.01 real, 4 MB, 30.16 load
[runlim] sample:		1173.82 time, 1180.01 real, 4 MB, 30.13 load
[runlim] sample:		1183.77 time, 1190.01 real, 4 MB, 30.11 load
[runlim] sample:		1193.71 time, 1200.01 real, 4 MB, 30.09 load
[runlim] sample:		1203.66 time, 1210.01 real, 4 MB, 30.08 load
[runlim] sample:		1213.61 time, 1220.01 real, 4 MB, 30.37 load
[runlim] sample:		1223.55 time, 1230.01 real, 4 MB, 30.32 load
[runlim] sample:		1233.50 time, 1240.01 real, 4 MB, 30.27 load
[runlim] sample:		1243.45 time, 1250.01 real, 4 MB, 30.23 load
[runlim] sample:		1253.40 time, 1260.01 real, 4 MB, 30.19 load
[runlim] sample:		1263.34 time, 1270.01 real, 4 MB, 30.16 load
[runlim] sample:		1273.29 time, 1280.01 real, 4 MB, 30.21 load
[runlim] sample:		1283.24 time, 1290.01 real, 4 MB, 30.18 load
[runlim] sample:		1293.19 time, 1300.01 real, 4 MB, 30.15 load
[runlim] sample:		1303.13 time, 1310.01 real, 4 MB, 30.13 load
[runlim] sample:		1313.08 time, 1320.01 real, 4 MB, 30.11 load
[runlim] sample:		1323.02 time, 1330.01 real, 4 MB, 30.09 load
[runlim] sample:		1332.97 time, 1340.01 real, 4 MB, 30.08 load
[runlim] sample:		1342.92 time, 1350.01 real, 4 MB, 30.06 load
[runlim] sample:		1352.87 time, 1360.01 real, 4 MB, 29.97 load
[runlim] sample:		1362.82 time, 1370.01 real, 4 MB, 29.82 load
[runlim] sample:		1372.77 time, 1380.01 real, 4 MB, 29.70 load
[runlim] sample:		1382.72 time, 1390.01 real, 4 MB, 29.59 load
[runlim] sample:		1392.67 time, 1400.01 real, 4 MB, 29.50 load
[runlim] sample:		1402.62 time, 1410.01 real, 4 MB, 29.42 load
[runlim] sample:		1412.57 time, 1420.01 real, 4 MB, 29.36 load
[runlim] sample:		1422.52 time, 1430.01 real, 4 MB, 29.30 load
[runlim] sample:		1432.47 time, 1440.01 real, 4 MB, 29.25 load
[runlim] sample:		1442.42 time, 1450.01 real, 4 MB, 29.21 load
[runlim] sample:		1452.37 time, 1460.01 real, 4 MB, 29.25 load
[runlim] sample:		1462.32 time, 1470.01 real, 4 MB, 29.21 load
[runlim] sample:		1472.27 time, 1480.01 real, 4 MB, 29.18 load
[runlim] sample:		1482.22 time, 1490.01 real, 4 MB, 29.15 load
[runlim] sample:		1492.17 time, 1500.01 real, 4 MB, 29.13 load
[runlim] sample:		1502.12 time, 1510.01 real, 4 MB, 29.18 load
[runlim] sample:		1512.07 time, 1520.01 real, 4 MB, 29.15 load
[runlim] sample:		1522.02 time, 1530.01 real, 4 MB, 29.28 load
[runlim] sample:		1531.97 time, 1540.01 real, 4 MB, 29.23 load
[runlim] sample:		1541.92 time, 1550.01 real, 4 MB, 29.20 load
[runlim] sample:		1551.87 time, 1560.01 real, 4 MB, 29.17 load
[runlim] sample:		1561.81 time, 1570.01 real, 4 MB, 29.14 load
[runlim] sample:		1571.76 time, 1580.01 real, 4 MB, 29.12 load
[runlim] sample:		1581.71 time, 1590.01 real, 4 MB, 29.10 load
[runlim] sample:		1591.66 time, 1600.01 real, 4 MB, 29.08 load
[runlim] sample:		1601.61 time, 1610.01 real, 4 MB, 29.07 load
[runlim] sample:		1611.57 time, 1620.01 real, 4 MB, 29.06 load
[runlim] sample:		1621.52 time, 1630.01 real, 4 MB, 29.05 load
[runlim] sample:		1631.47 time, 1640.01 real, 4 MB, 29.04 load
[runlim] sample:		1641.42 time, 1650.01 real, 4 MB, 29.04 load
[runlim] sample:		1651.36 time, 1660.01 real, 4 MB, 29.03 load
[runlim] sample:		1661.31 time, 1670.01 real, 4 MB, 29.02 load
[runlim] sample:		1671.26 time, 1680.01 real, 4 MB, 29.02 load
[runlim] sample:		1681.21 time, 1690.01 real, 4 MB, 29.02 load
[runlim] sample:		1691.16 time, 1700.01 real, 4 MB, 29.01 load
[runlim] sample:		1701.11 time, 1710.01 real, 4 MB, 29.01 load
[runlim] sample:		1711.06 time, 1720.01 real, 4 MB, 29.24 load
[runlim] sample:		1721.01 time, 1730.01 real, 4 MB, 29.21 load
[runlim] sample:		1730.96 time, 1740.01 real, 4 MB, 29.17 load
[runlim] sample:		1740.90 time, 1750.01 real, 4 MB, 29.15 load
[runlim] sample:		1750.85 time, 1760.01 real, 4 MB, 29.12 load
[runlim] sample:		1760.80 time, 1770.01 real, 4 MB, 29.10 load
[runlim] sample:		1770.75 time, 1780.01 real, 4 MB, 29.16 load
[runlim] sample:		1780.70 time, 1790.01 real, 4 MB, 29.14 load
[runlim] sample:		1790.65 time, 1800.01 real, 4 MB, 29.11 load
[runlim] sample:		1800.60 time, 1810.01 real, 4 MB, 29.18 load
[runlim] sample:		1810.54 time, 1820.01 real, 4 MB, 29.15 load
[runlim] sample:		1820.49 time, 1830.01 real, 4 MB, 29.13 load
[runlim] sample:		1830.44 time, 1840.01 real, 4 MB, 29.11 load
[runlim] sample:		1840.39 time, 1850.01 real, 4 MB, 29.09 load
[runlim] sample:		1850.35 time, 1860.01 real, 4 MB, 29.08 load
[runlim] sample:		1860.30 time, 1870.01 real, 4 MB, 29.06 load
[runlim] sample:		1870.25 time, 1880.01 real, 4 MB, 29.05 load
[runlim] sample:		1880.20 time, 1890.01 real, 4 MB, 29.04 load
[runlim] sample:		1890.15 time, 1900.01 real, 4 MB, 29.11 load
[runlim] sample:		1900.10 time, 1910.01 real, 4 MB, 29.09 load
[runlim] sample:		1910.05 time, 1920.01 real, 4 MB, 29.08 load
[runlim] sample:		1920.00 time, 1930.01 real, 4 MB, 29.07 load
[runlim] sample:		1929.95 time, 1940.01 real, 4 MB, 29.06 load
[runlim] sample:		1939.90 time, 1950.01 real, 4 MB, 29.05 load
[runlim] sample:		1949.85 time, 1960.01 real, 4 MB, 29.11 load
[runlim] sample:		1959.79 time, 1970.01 real, 4 MB, 29.10 load
[runlim] sample:		1969.74 time, 1980.01 real, 4 MB, 29.08 load
[runlim] sample:		1979.69 time, 1990.01 real, 4 MB, 29.07 load
[runlim] sample:		1989.64 time, 2000.01 real, 4 MB, 29.06 load
[runlim] sample:		1999.59 time, 2010.01 real, 4 MB, 29.05 load
[runlim] sample:		2009.54 time, 2020.01 real, 4 MB, 29.04 load
[runlim] sample:		2019.49 time, 2030.01 real, 4 MB, 29.11 load
[runlim] sample:		2029.44 time, 2040.01 real, 4 MB, 29.16 load
[runlim] sample:		2039.39 time, 2050.01 real, 4 MB, 29.14 load
[runlim] sample:		2049.34 time, 2060.01 real, 4 MB, 29.12 load
[runlim] sample:		2059.29 time, 2070.01 real, 4 MB, 29.10 load
[runlim] sample:		2069.24 time, 2080.01 real, 4 MB, 29.08 load
[runlim] sample:		2079.19 time, 2090.01 real, 4 MB, 29.07 load
[runlim] sample:		2089.14 time, 2100.01 real, 4 MB, 29.06 load
[runlim] sample:		2099.09 time, 2110.01 real, 4 MB, 29.05 load
[runlim] sample:		2109.04 time, 2120.01 real, 4 MB, 29.04 load
[runlim] sample:		2118.99 time, 2130.01 real, 4 MB, 29.03 load
[runlim] sample:		2128.94 time, 2140.01 real, 4 MB, 28.87 load
[runlim] sample:		2138.89 time, 2150.01 real, 4 MB, 28.74 load
[runlim] sample:		2148.84 time, 2160.01 real, 4 MB, 28.63 load
[runlim] sample:		2158.79 time, 2170.01 real, 4 MB, 28.53 load
[runlim] sample:		2168.74 time, 2180.01 real, 4 MB, 28.45 load
[runlim] sample:		2178.70 time, 2190.01 real, 4 MB, 28.38 load
[runlim] sample:		2188.65 time, 2200.01 real, 4 MB, 28.32 load
[runlim] sample:		2198.60 time, 2210.01 real, 4 MB, 28.27 load
[runlim] sample:		2208.55 time, 2220.01 real, 4 MB, 28.39 load
[runlim] sample:		2218.50 time, 2230.01 real, 4 MB, 28.33 load
[runlim] sample:		2228.45 time, 2240.01 real, 4 MB, 28.36 load
[runlim] sample:		2238.40 time, 2250.01 real, 4 MB, 28.46 load
[runlim] sample:		2248.35 time, 2260.01 real, 4 MB, 28.39 load
[runlim] sample:		2258.30 time, 2270.01 real, 4 MB, 28.33 load
[runlim] sample:		2268.25 time, 2280.01 real, 4 MB, 28.28 load
[runlim] sample:		2278.20 time, 2290.01 real, 4 MB, 28.32 load
[runlim] sample:		2288.15 time, 2300.01 real, 4 MB, 28.27 load
[runlim] sample:		2298.10 time, 2310.01 real, 4 MB, 28.23 load
[runlim] sample:		2308.05 time, 2320.01 real, 4 MB, 28.19 load
[runlim] sample:		2318.00 time, 2330.01 real, 4 MB, 28.16 load
[runlim] sample:		2327.94 time, 2340.01 real, 4 MB, 28.14 load
[runlim] sample:		2337.90 time, 2350.01 real, 4 MB, 28.27 load
[runlim] sample:		2347.85 time, 2360.01 real, 4 MB, 28.46 load
[runlim] sample:		2357.80 time, 2370.01 real, 4 MB, 28.55 load
[runlim] sample:		2367.75 time, 2380.01 real, 4 MB, 28.62 load
[runlim] sample:		2377.70 time, 2390.01 real, 4 MB, 28.68 load
[runlim] sample:		2387.65 time, 2400.01 real, 4 MB, 28.73 load
[runlim] sample:		2397.60 time, 2410.01 real, 4 MB, 28.77 load
[runlim] sample:		2407.55 time, 2420.01 real, 4 MB, 28.80 load
[runlim] sample:		2417.50 time, 2430.01 real, 4 MB, 28.83 load
[runlim] sample:		2427.45 time, 2440.01 real, 4 MB, 28.86 load
[runlim] sample:		2437.40 time, 2450.01 real, 4 MB, 28.73 load
[runlim] sample:		2447.35 time, 2460.01 real, 4 MB, 28.62 load
[runlim] sample:		2457.30 time, 2470.01 real, 4 MB, 28.52 load
[runlim] sample:		2467.25 time, 2480.01 real, 4 MB, 28.44 load
[runlim] sample:		2477.20 time, 2490.01 real, 4 MB, 28.37 load
[runlim] sample:		2487.15 time, 2500.01 real, 4 MB, 28.31 load
[runlim] sample:		2497.10 time, 2510.01 real, 4 MB, 28.27 load
[runlim] sample:		2507.05 time, 2520.01 real, 4 MB, 28.22 load
[runlim] sample:		2517.00 time, 2530.01 real, 4 MB, 28.26 load
[runlim] sample:		2526.95 time, 2540.01 real, 4 MB, 28.30 load
[runlim] sample:		2536.90 time, 2550.01 real, 4 MB, 28.26 load
[runlim] sample:		2546.85 time, 2560.01 real, 4 MB, 28.22 load
[runlim] sample:		2556.80 time, 2570.01 real, 4 MB, 28.18 load
[runlim] sample:		2566.75 time, 2580.01 real, 4 MB, 28.23 load
[runlim] sample:		2576.70 time, 2590.01 real, 4 MB, 28.20 load
[runlim] sample:		2586.65 time, 2600.01 real, 4 MB, 28.17 load
[runlim] sample:		2596.60 time, 2610.01 real, 4 MB, 28.14 load
[runlim] sample:		2606.56 time, 2620.01 real, 4 MB, 28.12 load
[runlim] sample:		2616.51 time, 2630.01 real, 4 MB, 28.10 load
[runlim] sample:		2626.46 time, 2640.01 real, 4 MB, 28.08 load
[runlim] sample:		2636.41 time, 2650.01 real, 4 MB, 28.07 load
[runlim] sample:		2646.36 time, 2660.01 real, 4 MB, 28.06 load
[runlim] sample:		2656.32 time, 2670.01 real, 4 MB, 28.05 load
[runlim] sample:		2666.27 time, 2680.01 real, 4 MB, 28.04 load
[runlim] sample:		2676.22 time, 2690.01 real, 4 MB, 28.04 load
[runlim] sample:		2686.16 time, 2700.01 real, 4 MB, 28.03 load
[runlim] sample:		2696.11 time, 2710.01 real, 4 MB, 28.02 load
[runlim] sample:		2706.06 time, 2720.01 real, 4 MB, 28.18 load
[runlim] sample:		2716.01 time, 2730.01 real, 4 MB, 28.15 load
[runlim] sample:		2725.96 time, 2740.01 real, 4 MB, 28.13 load
[runlim] sample:		2735.91 time, 2750.01 real, 4 MB, 28.11 load
[runlim] sample:		2745.86 time, 2760.01 real, 4 MB, 28.09 load
[runlim] sample:		2755.81 time, 2770.01 real, 4 MB, 28.08 load
[runlim] sample:		2765.76 time, 2780.01 real, 4 MB, 28.06 load
[runlim] sample:		2775.71 time, 2790.01 real, 4 MB, 28.05 load
[runlim] sample:		2785.66 time, 2800.01 real, 4 MB, 28.05 load
[runlim] sample:		2795.61 time, 2810.01 real, 4 MB, 28.04 load
[runlim] sample:		2805.56 time, 2820.01 real, 4 MB, 28.03 load
[runlim] sample:		2815.51 time, 2830.01 real, 4 MB, 28.03 load
[runlim] sample:		2825.46 time, 2840.01 real, 4 MB, 28.02 load
[runlim] sample:		2835.41 time, 2850.01 real, 4 MB, 28.02 load
[runlim] sample:		2845.36 time, 2860.01 real, 4 MB, 28.02 load
[runlim] sample:		2855.31 time, 2870.01 real, 4 MB, 28.01 load
[runlim] sample:		2865.26 time, 2880.01 real, 4 MB, 28.01 load
[runlim] sample:		2875.21 time, 2890.01 real, 4 MB, 28.01 load
[runlim] sample:		2885.16 time, 2900.01 real, 4 MB, 28.01 load
[runlim] sample:		2895.11 time, 2910.01 real, 4 MB, 28.00 load
[runlim] sample:		2905.06 time, 2920.01 real, 4 MB, 28.08 load
[runlim] sample:		2915.01 time, 2930.01 real, 4 MB, 28.15 load
[runlim] sample:		2924.96 time, 2940.01 real, 4 MB, 28.13 load
[runlim] sample:		2934.91 time, 2950.01 real, 4 MB, 28.11 load
[runlim] sample:		2944.86 time, 2960.01 real, 4 MB, 28.09 load
[runlim] sample:		2954.81 time, 2970.01 real, 4 MB, 28.08 load
[runlim] sample:		2964.75 time, 2980.01 real, 4 MB, 28.14 load
[runlim] sample:		2974.70 time, 2990.01 real, 4 MB, 28.12 load
[runlim] sample:		2984.65 time, 3000.01 real, 4 MB, 28.10 load
[runlim] sample:		2994.60 time, 3010.01 real, 4 MB, 28.09 load
[runlim] sample:		3004.55 time, 3020.01 real, 4 MB, 28.07 load
[runlim] sample:		3014.50 time, 3030.01 real, 4 MB, 28.14 load
[runlim] sample:		3024.45 time, 3040.01 real, 4 MB, 28.19 load
[runlim] sample:		3034.40 time, 3050.01 real, 4 MB, 28.16 load
[runlim] sample:		3044.35 time, 3060.01 real, 4 MB, 28.14 load
[runlim] sample:		3054.30 time, 3070.01 real, 4 MB, 28.12 load
[runlim] sample:		3064.25 time, 3080.01 real, 4 MB, 28.10 load
[runlim] sample:		3074.20 time, 3090.01 real, 4 MB, 28.08 load
[runlim] sample:		3084.15 time, 3100.01 real, 4 MB, 28.15 load
[runlim] sample:		3094.10 time, 3110.01 real, 4 MB, 28.13 load
[runlim] sample:		3104.05 time, 3120.01 real, 4 MB, 28.11 load
[runlim] sample:		3114.00 time, 3130.01 real, 4 MB, 28.09 load
[runlim] sample:		3123.95 time, 3140.01 real, 4 MB, 28.15 load
[runlim] sample:		3133.90 time, 3150.01 real, 4 MB, 28.13 load
[runlim] sample:		3143.85 time, 3160.01 real, 4 MB, 28.11 load
[runlim] sample:		3153.80 time, 3170.01 real, 4 MB, 28.09 load
[runlim] sample:		3163.75 time, 3180.01 real, 4 MB, 28.08 load
[runlim] sample:		3173.70 time, 3190.01 real, 4 MB, 28.06 load
[runlim] sample:		3183.65 time, 3200.01 real, 4 MB, 28.05 load
[runlim] sample:		3193.60 time, 3210.01 real, 4 MB, 28.04 load
[runlim] sample:		3203.55 time, 3220.01 real, 4 MB, 28.20 load
[runlim] sample:		3213.50 time, 3230.01 real, 4 MB, 28.17 load
[runlim] sample:		3223.45 time, 3240.01 real, 4 MB, 28.14 load
[runlim] sample:		3233.40 time, 3250.01 real, 4 MB, 28.12 load
[runlim] sample:		3243.35 time, 3260.01 real, 4 MB, 28.17 load
[runlim] sample:		3253.31 time, 3270.01 real, 4 MB, 28.15 load
[runlim] sample:		3263.26 time, 3280.01 real, 4 MB, 28.12 load
[runlim] sample:		3273.21 time, 3290.01 real, 4 MB, 28.10 load
[runlim] sample:		3283.16 time, 3300.01 real, 4 MB, 28.09 load
[runlim] sample:		3293.11 time, 3310.01 real, 4 MB, 28.07 load
[runlim] sample:		3303.06 time, 3320.01 real, 4 MB, 28.06 load
[runlim] sample:		3313.01 time, 3330.01 real, 4 MB, 28.05 load
[runlim] sample:		3322.96 time, 3340.01 real, 4 MB, 28.04 load
[runlim] sample:		3332.91 time, 3350.01 real, 4 MB, 28.04 load
[runlim] sample:		3342.86 time, 3360.01 real, 4 MB, 28.03 load
[runlim] sample:		3352.81 time, 3370.01 real, 4 MB, 28.10 load
[runlim] sample:		3362.76 time, 3380.01 real, 4 MB, 28.08 load
[runlim] sample:		3372.71 time, 3390.01 real, 4 MB, 28.07 load
[runlim] sample:		3382.66 time, 3400.01 real, 4 MB, 28.06 load
[runlim] sample:		3392.61 time, 3410.01 real, 4 MB, 28.05 load
[runlim] sample:		3402.56 time, 3420.01 real, 4 MB, 28.28 load
[runlim] sample:		3412.51 time, 3430.01 real, 4 MB, 28.24 load
[runlim] sample:		3422.46 time, 3440.01 real, 4 MB, 28.20 load
[runlim] sample:		3432.41 time, 3450.01 real, 4 MB, 28.17 load
[runlim] sample:		3442.36 time, 3460.01 real, 4 MB, 28.14 load
[runlim] sample:		3452.32 time, 3470.01 real, 4 MB, 29.23 load
[runlim] sample:		3462.27 time, 3480.01 real, 4 MB, 29.04 load
[runlim] sample:		3472.22 time, 3490.01 real, 4 MB, 28.88 load
[runlim] sample:		3482.17 time, 3500.01 real, 4 MB, 28.74 load
[runlim] sample:		3492.12 time, 3510.01 real, 4 MB, 28.63 load
[runlim] sample:		3502.07 time, 3520.01 real, 4 MB, 28.53 load
[runlim] sample:		3512.03 time, 3530.01 real, 4 MB, 28.52 load
[runlim] sample:		3521.98 time, 3540.01 real, 4 MB, 28.44 load
[runlim] sample:		3531.93 time, 3550.01 real, 4 MB, 28.37 load
[runlim] sample:		3541.88 time, 3560.01 real, 4 MB, 28.32 load
[runlim] sample:		3551.83 time, 3570.01 real, 4 MB, 28.27 load
[runlim] sample:		3561.78 time, 3580.01 real, 4 MB, 28.23 load
[runlim] sample:		3571.73 time, 3590.01 real, 4 MB, 28.19 load
[runlim] sample:		3581.68 time, 3600.01 real, 4 MB, 28.16 load
[runlim] sample:		3591.63 time, 3610.01 real, 4 MB, 28.14 load
[runlim] sample:		3601.58 time, 3620.01 real, 4 MB, 28.11 load
[runlim] sample:		3611.53 time, 3630.01 real, 4 MB, 28.10 load
[runlim] sample:		3621.48 time, 3640.01 real, 4 MB, 28.08 load
[runlim] sample:		3631.43 time, 3650.01 real, 4 MB, 28.07 load
[runlim] sample:		3641.38 time, 3660.01 real, 4 MB, 28.14 load
[runlim] sample:		3651.33 time, 3670.01 real, 4 MB, 28.12 load
[runlim] sample:		3661.29 time, 3680.01 real, 4 MB, 28.10 load
[runlim] sample:		3671.24 time, 3690.01 real, 4 MB, 28.08 load
[runlim] sample:		3681.19 time, 3700.01 real, 4 MB, 28.07 load
[runlim] sample:		3691.14 time, 3710.01 real, 4 MB, 28.06 load
[runlim] sample:		3701.09 time, 3720.01 real, 4 MB, 28.29 load
[runlim] sample:		3711.04 time, 3730.01 real, 4 MB, 28.24 load
[runlim] sample:		3720.99 time, 3740.01 real, 4 MB, 28.21 load
[runlim] sample:		3730.94 time, 3750.01 real, 4 MB, 28.17 load
[runlim] sample:		3740.89 time, 3760.01 real, 4 MB, 28.15 load
[runlim] sample:		3750.84 time, 3770.01 real, 4 MB, 28.12 load
[runlim] sample:		3760.79 time, 3780.01 real, 4 MB, 28.18 load
[runlim] sample:		3770.75 time, 3790.01 real, 4 MB, 28.16 load
[runlim] sample:		3780.70 time, 3800.01 real, 4 MB, 28.13 load
[runlim] sample:		3790.65 time, 3810.01 real, 4 MB, 28.11 load
[runlim] sample:		3800.60 time, 3820.01 real, 4 MB, 28.09 load
[runlim] sample:		3810.55 time, 3830.01 real, 4 MB, 28.08 load
[runlim] sample:		3820.50 time, 3840.01 real, 4 MB, 28.15 load
[runlim] sample:		3830.45 time, 3850.01 real, 4 MB, 28.12 load
[runlim] sample:		3840.40 time, 3860.01 real, 4 MB, 28.10 load
[runlim] sample:		3850.35 time, 3870.01 real, 4 MB, 28.09 load
[runlim] sample:		3860.30 time, 3880.01 real, 4 MB, 28.07 load
[runlim] sample:		3870.25 time, 3890.01 real, 4 MB, 28.21 load
[runlim] sample:		3880.20 time, 3900.01 real, 4 MB, 28.26 load
[runlim] sample:		3890.15 time, 3910.01 real, 4 MB, 28.22 load
[runlim] sample:		3900.10 time, 3920.01 real, 4 MB, 28.18 load
[runlim] sample:		3910.05 time, 3930.01 real, 4 MB, 28.15 load
[runlim] sample:		3920.00 time, 3940.01 real, 4 MB, 28.13 load
[runlim] sample:		3929.95 time, 3950.01 real, 4 MB, 28.11 load
[runlim] sample:		3939.90 time, 3960.01 real, 4 MB, 28.17 load
[runlim] sample:		3949.85 time, 3970.01 real, 4 MB, 28.23 load
[runlim] sample:		3959.80 time, 3980.01 real, 4 MB, 28.19 load
[runlim] sample:		3969.75 time, 3990.01 real, 4 MB, 28.16 load
[runlim] sample:		3979.70 time, 4000.01 real, 4 MB, 28.14 load
[runlim] sample:		3989.65 time, 4010.01 real, 4 MB, 28.11 load
[runlim] sample:		3999.60 time, 4020.01 real, 4 MB, 28.10 load
[runlim] sample:		4009.55 time, 4030.01 real, 4 MB, 28.15 load
[runlim] sample:		4019.51 time, 4040.01 real, 4 MB, 28.13 load
[runlim] sample:		4029.46 time, 4050.01 real, 4 MB, 28.11 load
[runlim] sample:		4039.41 time, 4060.01 real, 4 MB, 28.09 load
[runlim] sample:		4049.36 time, 4070.01 real, 4 MB, 28.08 load
[runlim] sample:		4059.31 time, 4080.01 real, 4 MB, 28.07 load
[runlim] sample:		4069.26 time, 4090.01 real, 4 MB, 28.06 load
[runlim] sample:		4079.21 time, 4100.01 real, 4 MB, 28.05 load
[runlim] sample:		4089.16 time, 4110.01 real, 4 MB, 28.04 load
[runlim] sample:		4099.12 time, 4120.01 real, 4 MB, 28.03 load
[runlim] sample:		4109.07 time, 4130.01 real, 4 MB, 28.03 load
[runlim] sample:		4119.02 time, 4140.01 real, 4 MB, 28.02 load
[runlim] sample:		4128.97 time, 4150.01 real, 4 MB, 28.02 load
[runlim] sample:		4138.92 time, 4160.01 real, 4 MB, 28.02 load
[runlim] sample:		4148.87 time, 4170.01 real, 4 MB, 28.01 load
[runlim] sample:		4158.82 time, 4180.01 real, 4 MB, 28.01 load
[runlim] sample:		4168.77 time, 4190.01 real, 4 MB, 28.01 load
[runlim] sample:		4178.73 time, 4200.01 real, 4 MB, 28.01 load
[runlim] sample:		4188.68 time, 4210.01 real, 4 MB, 28.00 load
[runlim] sample:		4198.63 time, 4220.01 real, 4 MB, 28.24 load
[runlim] sample:		4208.58 time, 4230.01 real, 4 MB, 28.21 load
[runlim] sample:		4218.53 time, 4240.01 real, 4 MB, 28.17 load
[runlim] sample:		4228.48 time, 4250.01 real, 4 MB, 28.15 load
[runlim] sample:		4238.43 time, 4260.01 real, 4 MB, 28.12 load
[runlim] sample:		4248.38 time, 4270.01 real, 4 MB, 28.10 load
[runlim] sample:		4258.33 time, 4280.01 real, 4 MB, 28.17 load
[runlim] sample:		4268.28 time, 4290.01 real, 4 MB, 28.14 load
[runlim] sample:		4278.24 time, 4300.01 real, 4 MB, 28.12 load
[runlim] sample:		4288.19 time, 4310.01 real, 4 MB, 28.10 load
[runlim] sample:		4298.14 time, 4320.01 real, 4 MB, 28.08 load
[runlim] sample:		4308.09 time, 4330.01 real, 4 MB, 28.07 load
[runlim] sample:		4318.04 time, 4340.01 real, 4 MB, 28.14 load
[runlim] sample:		4327.99 time, 4350.01 real, 4 MB, 28.12 load
[runlim] sample:		4337.94 time, 4360.01 real, 4 MB, 28.10 load
[runlim] sample:		4347.89 time, 4370.01 real, 4 MB, 28.31 load
[runlim] sample:		4357.84 time, 4380.01 real, 4 MB, 28.26 load
[runlim] sample:		4367.79 time, 4390.01 real, 4 MB, 28.22 load
[runlim] sample:		4377.74 time, 4400.01 real, 4 MB, 28.26 load
[runlim] sample:		4387.69 time, 4410.01 real, 4 MB, 28.22 load
[runlim] sample:		4397.64 time, 4420.01 real, 4 MB, 28.18 load
[runlim] sample:		4407.59 time, 4430.01 real, 4 MB, 28.16 load
[runlim] sample:		4417.54 time, 4440.01 real, 4 MB, 28.13 load
[runlim] sample:		4427.50 time, 4450.01 real, 4 MB, 28.11 load
[runlim] sample:		4437.45 time, 4460.01 real, 4 MB, 28.09 load
[runlim] sample:		4447.40 time, 4470.01 real, 4 MB, 28.08 load
[runlim] sample:		4457.35 time, 4480.01 real, 4 MB, 28.07 load
[runlim] sample:		4467.30 time, 4490.01 real, 4 MB, 28.06 load
[runlim] sample:		4477.25 time, 4500.01 real, 4 MB, 28.05 load
[runlim] sample:		4487.20 time, 4510.01 real, 4 MB, 28.12 load
[runlim] sample:		4497.14 time, 4520.01 real, 4 MB, 28.10 load
[runlim] sample:		4507.09 time, 4530.01 real, 4 MB, 28.23 load
[runlim] sample:		4517.04 time, 4540.01 real, 4 MB, 28.20 load
[runlim] sample:		4527.00 time, 4550.01 real, 4 MB, 28.17 load
[runlim] sample:		4536.95 time, 4560.01 real, 4 MB, 28.14 load
[runlim] sample:		4546.90 time, 4570.01 real, 4 MB, 28.12 load
[runlim] sample:		4556.86 time, 4580.01 real, 4 MB, 28.10 load
[runlim] sample:		4566.81 time, 4590.01 real, 4 MB, 28.08 load
[runlim] sample:		4576.76 time, 4600.01 real, 4 MB, 28.07 load
[runlim] sample:		4586.72 time, 4610.01 real, 4 MB, 28.06 load
[runlim] sample:		4596.67 time, 4620.01 real, 4 MB, 28.05 load
[runlim] sample:		4606.62 time, 4630.01 real, 4 MB, 28.04 load
[runlim] sample:		4616.58 time, 4640.01 real, 4 MB, 28.03 load
[runlim] sample:		4626.53 time, 4650.01 real, 4 MB, 28.03 load
[runlim] sample:		4636.48 time, 4660.01 real, 4 MB, 28.02 load
[runlim] sample:		4646.43 time, 4670.01 real, 4 MB, 28.02 load
[runlim] sample:		4656.38 time, 4680.01 real, 4 MB, 28.02 load
[runlim] sample:		4666.34 time, 4690.01 real, 4 MB, 28.01 load
[runlim] sample:		4676.29 time, 4700.01 real, 4 MB, 28.01 load
[runlim] sample:		4686.24 time, 4710.01 real, 4 MB, 28.01 load
[runlim] sample:		4696.19 time, 4720.01 real, 4 MB, 28.09 load
[runlim] sample:		4706.14 time, 4730.01 real, 4 MB, 28.07 load
[runlim] sample:		4716.10 time, 4740.01 real, 4 MB, 28.06 load
[runlim] sample:		4726.05 time, 4750.01 real, 4 MB, 28.05 load
[runlim] sample:		4736.00 time, 4760.01 real, 4 MB, 28.04 load
[runlim] sample:		4745.95 time, 4770.01 real, 4 MB, 28.04 load
[runlim] sample:		4755.90 time, 4780.01 real, 4 MB, 28.03 load
[runlim] sample:		4765.86 time, 4790.01 real, 4 MB, 28.02 load
[runlim] sample:		4775.81 time, 4800.01 real, 4 MB, 28.02 load
[runlim] sample:		4785.76 time, 4810.01 real, 4 MB, 28.02 load
[runlim] sample:		4795.71 time, 4820.01 real, 4 MB, 28.01 load
[runlim] sample:		4805.66 time, 4830.01 real, 4 MB, 28.01 load
[runlim] sample:		4815.61 time, 4840.01 real, 4 MB, 28.01 load
[runlim] sample:		4825.56 time, 4850.01 real, 4 MB, 28.08 load
[runlim] sample:		4835.51 time, 4860.01 real, 4 MB, 28.07 load
[runlim] sample:		4845.47 time, 4870.01 real, 4 MB, 28.06 load
[runlim] sample:		4855.42 time, 4880.01 real, 4 MB, 28.05 load
[runlim] sample:		4865.37 time, 4890.01 real, 4 MB, 28.04 load
[runlim] sample:		4875.32 time, 4900.01 real, 4 MB, 28.03 load
[runlim] sample:		4885.27 time, 4910.01 real, 4 MB, 28.03 load
[runlim] sample:		4895.23 time, 4920.01 real, 4 MB, 28.02 load
[runlim] sample:		4905.18 time, 4930.01 real, 4 MB, 28.02 load
[runlim] sample:		4915.13 time, 4940.01 real, 4 MB, 28.02 load
[runlim] sample:		4925.08 time, 4950.01 real, 4 MB, 28.01 load
[runlim] sample:		4935.04 time, 4960.01 real, 4 MB, 28.01 load
[runlim] sample:		4944.99 time, 4970.01 real, 4 MB, 28.01 load
[runlim] sample:		4954.94 time, 4980.01 real, 4 MB, 28.01 load
[runlim] sample:		4964.90 time, 4990.01 real, 4 MB, 27.84 load
[runlim] sample:		4974.85 time, 5000.01 real, 4 MB, 26.78 load
[runlim] end:			Thu Apr  9 21:38:36 2026
[runlim] status:		out of time
[runlim] result:		2
[runlim] children:		1
[runlim] processes:		2
[runlim] real:			5000.05 seconds
[runlim] time:			4974.85 seconds
[runlim] space:			4 MB
[runlim] load:			31.23 maximum
[runlim] samples:		50000
