[runlim] version:		2.0.0rc1
[runlim] host:			m05n05
[runlim] time limit:		311040000 seconds
[runlim] real time limit:	5000 seconds
[runlim] space limit:		7000 MB
[runlim] argv[0]:		./binary
[runlim] argv[1]:		-c
[runlim] argv[2]:		-s
[runlim] argv[3]:		/tmp/local-unzipped-12459991-2-88-mc2025_track1_185.cnf
[runlim] start:			Thu Apr  9 20:15:26 2026
[runlim] child:			3687578
[runlim] sample:		9.95 time, 10.01 real, 5 MB, 27.11 load
[runlim] sample:		19.89 time, 20.01 real, 5 MB, 28.17 load
[runlim] sample:		29.84 time, 30.01 real, 5 MB, 28.91 load
[runlim] sample:		39.78 time, 40.01 real, 5 MB, 29.53 load
[runlim] sample:		49.73 time, 50.01 real, 5 MB, 29.99 load
[runlim] sample:		59.68 time, 60.01 real, 5 MB, 30.30 load
[runlim] sample:		69.62 time, 70.01 real, 5 MB, 30.56 load
[runlim] sample:		79.57 time, 80.01 real, 5 MB, 30.70 load
[runlim] sample:		89.52 time, 90.01 real, 5 MB, 30.75 load
[runlim] sample:		99.46 time, 100.01 real, 5 MB, 30.79 load
[runlim] sample:		109.41 time, 110.01 real, 5 MB, 30.82 load
[runlim] sample:		119.35 time, 120.01 real, 5 MB, 30.85 load
[runlim] sample:		129.30 time, 130.01 real, 5 MB, 30.87 load
[runlim] sample:		139.24 time, 140.01 real, 5 MB, 30.89 load
[runlim] sample:		149.19 time, 150.01 real, 5 MB, 30.91 load
[runlim] sample:		159.13 time, 160.01 real, 5 MB, 31.00 load
[runlim] sample:		169.07 time, 170.01 real, 5 MB, 31.00 load
[runlim] sample:		179.02 time, 180.01 real, 5 MB, 31.00 load
[runlim] sample:		188.96 time, 190.01 real, 5 MB, 31.00 load
[runlim] sample:		198.90 time, 200.01 real, 5 MB, 31.00 load
[runlim] sample:		208.85 time, 210.01 real, 5 MB, 31.16 load
[runlim] sample:		218.79 time, 220.01 real, 5 MB, 31.21 load
[runlim] sample:		228.73 time, 230.01 real, 5 MB, 31.18 load
[runlim] sample:		238.68 time, 240.01 real, 5 MB, 31.15 load
[runlim] sample:		248.62 time, 250.01 real, 5 MB, 30.97 load
[runlim] sample:		258.57 time, 260.01 real, 5 MB, 30.82 load
[runlim] sample:		268.52 time, 270.01 real, 5 MB, 30.70 load
[runlim] sample:		278.46 time, 280.01 real, 5 MB, 30.59 load
[runlim] sample:		288.41 time, 290.01 real, 5 MB, 30.50 load
[runlim] sample:		298.36 time, 300.01 real, 5 MB, 30.42 load
[runlim] sample:		308.31 time, 310.01 real, 5 MB, 30.36 load
[runlim] sample:		318.26 time, 320.01 real, 5 MB, 30.30 load
[runlim] sample:		328.22 time, 330.01 real, 5 MB, 30.25 load
[runlim] sample:		338.17 time, 340.01 real, 5 MB, 30.29 load
[runlim] sample:		348.12 time, 350.01 real, 5 MB, 30.24 load
[runlim] sample:		358.07 time, 360.01 real, 5 MB, 30.21 load
[runlim] sample:		368.03 time, 370.01 real, 5 MB, 30.17 load
[runlim] sample:		377.98 time, 380.01 real, 5 MB, 30.15 load
[runlim] sample:		387.93 time, 390.01 real, 5 MB, 30.12 load
[runlim] sample:		397.89 time, 400.01 real, 5 MB, 30.18 load
[runlim] sample:		407.84 time, 410.01 real, 5 MB, 30.16 load
[runlim] sample:		417.79 time, 420.01 real, 5 MB, 30.13 load
[runlim] sample:		427.74 time, 430.01 real, 5 MB, 30.11 load
[runlim] sample:		437.70 time, 440.01 real, 5 MB, 30.09 load
[runlim] sample:		447.65 time, 450.01 real, 5 MB, 30.08 load
[runlim] sample:		457.60 time, 460.01 real, 5 MB, 30.15 load
[runlim] sample:		467.55 time, 470.01 real, 5 MB, 30.12 load
[runlim] sample:		477.50 time, 480.01 real, 5 MB, 30.10 load
[runlim] sample:		487.46 time, 490.01 real, 5 MB, 30.09 load
[runlim] sample:		497.41 time, 500.01 real, 5 MB, 30.07 load
[runlim] sample:		507.36 time, 510.01 real, 5 MB, 30.06 load
[runlim] sample:		517.31 time, 520.01 real, 5 MB, 30.05 load
[runlim] sample:		527.26 time, 530.01 real, 5 MB, 30.04 load
[runlim] sample:		537.21 time, 540.01 real, 5 MB, 30.04 load
[runlim] sample:		547.17 time, 550.01 real, 5 MB, 30.03 load
[runlim] sample:		557.12 time, 560.01 real, 5 MB, 30.02 load
[runlim] sample:		567.07 time, 570.01 real, 5 MB, 30.02 load
[runlim] sample:		577.02 time, 580.01 real, 5 MB, 30.02 load
[runlim] sample:		586.97 time, 590.01 real, 5 MB, 30.01 load
[runlim] sample:		596.92 time, 600.01 real, 5 MB, 30.08 load
[runlim] sample:		606.87 time, 610.01 real, 5 MB, 30.07 load
[runlim] sample:		616.83 time, 620.01 real, 5 MB, 30.06 load
[runlim] sample:		626.78 time, 630.01 real, 5 MB, 30.05 load
[runlim] sample:		636.73 time, 640.01 real, 5 MB, 30.04 load
[runlim] sample:		646.68 time, 650.01 real, 5 MB, 30.04 load
[runlim] sample:		656.63 time, 660.01 real, 5 MB, 30.03 load
[runlim] sample:		666.58 time, 670.01 real, 5 MB, 30.02 load
[runlim] sample:		676.53 time, 680.01 real, 5 MB, 30.02 load
[runlim] sample:		686.49 time, 690.01 real, 5 MB, 30.02 load
[runlim] sample:		696.44 time, 700.01 real, 5 MB, 30.01 load
[runlim] sample:		706.39 time, 710.01 real, 5 MB, 30.17 load
[runlim] sample:		716.34 time, 720.01 real, 5 MB, 30.14 load
[runlim] sample:		726.29 time, 730.01 real, 5 MB, 30.12 load
[runlim] sample:		736.25 time, 740.01 real, 5 MB, 30.10 load
[runlim] sample:		746.20 time, 750.01 real, 5 MB, 30.09 load
[runlim] sample:		756.15 time, 760.01 real, 5 MB, 30.07 load
[runlim] sample:		766.10 time, 770.01 real, 5 MB, 30.14 load
[runlim] sample:		776.05 time, 780.01 real, 5 MB, 30.11 load
[runlim] sample:		786.01 time, 790.01 real, 5 MB, 30.10 load
[runlim] sample:		795.96 time, 800.01 real, 5 MB, 30.08 load
[runlim] sample:		805.91 time, 810.01 real, 5 MB, 30.15 load
[runlim] sample:		815.86 time, 820.01 real, 5 MB, 30.12 load
[runlim] sample:		825.81 time, 830.01 real, 5 MB, 30.10 load
[runlim] sample:		835.76 time, 840.01 real, 5 MB, 30.09 load
[runlim] sample:		845.71 time, 850.01 real, 5 MB, 30.07 load
[runlim] sample:		855.66 time, 860.01 real, 5 MB, 30.06 load
[runlim] sample:		865.62 time, 870.01 real, 5 MB, 30.05 load
[runlim] sample:		875.57 time, 880.01 real, 5 MB, 30.04 load
[runlim] sample:		885.52 time, 890.01 real, 5 MB, 30.04 load
[runlim] sample:		895.47 time, 900.01 real, 5 MB, 30.18 load
[runlim] sample:		905.42 time, 910.01 real, 5 MB, 30.16 load
[runlim] sample:		915.37 time, 920.01 real, 5 MB, 30.13 load
[runlim] sample:		925.32 time, 930.01 real, 5 MB, 30.11 load
[runlim] sample:		935.28 time, 940.01 real, 5 MB, 30.09 load
[runlim] sample:		945.22 time, 950.01 real, 5 MB, 30.08 load
[runlim] sample:		955.17 time, 960.01 real, 5 MB, 30.15 load
[runlim] sample:		965.12 time, 970.01 real, 5 MB, 30.12 load
[runlim] sample:		975.07 time, 980.01 real, 5 MB, 30.10 load
[runlim] sample:		985.01 time, 990.01 real, 5 MB, 30.09 load
[runlim] sample:		994.96 time, 1000.01 real, 5 MB, 30.07 load
[runlim] sample:		1004.91 time, 1010.01 real, 5 MB, 30.06 load
[runlim] sample:		1014.86 time, 1020.01 real, 5 MB, 30.28 load
[runlim] sample:		1024.81 time, 1030.01 real, 5 MB, 30.24 load
[runlim] sample:		1034.76 time, 1040.01 real, 5 MB, 30.20 load
[runlim] sample:		1044.70 time, 1050.01 real, 5 MB, 30.17 load
[runlim] sample:		1054.65 time, 1060.01 real, 5 MB, 30.22 load
[runlim] sample:		1064.60 time, 1070.01 real, 5 MB, 30.18 load
[runlim] sample:		1074.55 time, 1080.01 real, 5 MB, 30.23 load
[runlim] sample:		1084.50 time, 1090.01 real, 5 MB, 30.20 load
[runlim] sample:		1094.45 time, 1100.01 real, 5 MB, 30.17 load
[runlim] sample:		1104.39 time, 1110.01 real, 5 MB, 30.14 load
[runlim] sample:		1114.34 time, 1120.01 real, 5 MB, 30.19 load
[runlim] sample:		1124.29 time, 1130.01 real, 5 MB, 30.16 load
[runlim] sample:		1134.24 time, 1140.01 real, 5 MB, 30.22 load
[runlim] sample:		1144.18 time, 1150.01 real, 5 MB, 30.18 load
[runlim] sample:		1154.13 time, 1160.01 real, 5 MB, 30.16 load
[runlim] sample:		1164.08 time, 1170.01 real, 5 MB, 30.13 load
[runlim] sample:		1174.03 time, 1180.01 real, 5 MB, 30.11 load
[runlim] sample:		1183.97 time, 1190.01 real, 5 MB, 30.09 load
[runlim] sample:		1193.92 time, 1200.01 real, 5 MB, 30.08 load
[runlim] sample:		1203.86 time, 1210.01 real, 5 MB, 30.37 load
[runlim] sample:		1213.81 time, 1220.01 real, 5 MB, 30.32 load
[runlim] sample:		1223.76 time, 1230.01 real, 5 MB, 30.27 load
[runlim] sample:		1233.70 time, 1240.01 real, 5 MB, 30.23 load
[runlim] sample:		1243.65 time, 1250.01 real, 5 MB, 30.19 load
[runlim] sample:		1253.59 time, 1260.01 real, 5 MB, 30.16 load
[runlim] sample:		1263.54 time, 1270.01 real, 5 MB, 30.21 load
[runlim] sample:		1273.48 time, 1280.01 real, 5 MB, 30.18 load
[runlim] sample:		1283.43 time, 1290.01 real, 5 MB, 30.15 load
[runlim] sample:		1293.37 time, 1300.01 real, 5 MB, 30.13 load
[runlim] sample:		1303.32 time, 1310.01 real, 5 MB, 30.11 load
[runlim] sample:		1313.26 time, 1320.01 real, 5 MB, 30.09 load
[runlim] sample:		1323.20 time, 1330.01 real, 5 MB, 30.08 load
[runlim] sample:		1333.15 time, 1340.01 real, 5 MB, 30.06 load
[runlim] sample:		1343.09 time, 1350.01 real, 5 MB, 29.97 load
[runlim] sample:		1353.04 time, 1360.01 real, 5 MB, 29.82 load
[runlim] sample:		1362.99 time, 1370.01 real, 5 MB, 29.70 load
[runlim] sample:		1372.94 time, 1380.01 real, 5 MB, 29.59 load
[runlim] sample:		1382.90 time, 1390.01 real, 5 MB, 29.50 load
[runlim] sample:		1392.85 time, 1400.01 real, 5 MB, 29.42 load
[runlim] sample:		1402.80 time, 1410.01 real, 5 MB, 29.36 load
[runlim] sample:		1412.76 time, 1420.01 real, 5 MB, 29.30 load
[runlim] sample:		1422.71 time, 1430.01 real, 5 MB, 29.25 load
[runlim] sample:		1432.66 time, 1440.01 real, 5 MB, 29.21 load
[runlim] sample:		1442.62 time, 1450.01 real, 5 MB, 29.25 load
[runlim] sample:		1452.57 time, 1460.01 real, 5 MB, 29.21 load
[runlim] sample:		1462.52 time, 1470.01 real, 5 MB, 29.18 load
[runlim] sample:		1472.48 time, 1480.01 real, 5 MB, 29.15 load
[runlim] sample:		1482.43 time, 1490.01 real, 5 MB, 29.13 load
[runlim] sample:		1492.38 time, 1500.01 real, 5 MB, 29.18 load
[runlim] sample:		1502.34 time, 1510.01 real, 5 MB, 29.15 load
[runlim] sample:		1512.29 time, 1520.01 real, 5 MB, 29.28 load
[runlim] sample:		1522.24 time, 1530.01 real, 5 MB, 29.23 load
[runlim] sample:		1532.19 time, 1540.01 real, 5 MB, 29.20 load
[runlim] sample:		1542.15 time, 1550.01 real, 5 MB, 29.17 load
[runlim] sample:		1552.10 time, 1560.01 real, 5 MB, 29.14 load
[runlim] sample:		1562.05 time, 1570.01 real, 5 MB, 29.12 load
[runlim] sample:		1572.00 time, 1580.01 real, 5 MB, 29.10 load
[runlim] sample:		1581.96 time, 1590.01 real, 5 MB, 29.08 load
[runlim] sample:		1591.91 time, 1600.01 real, 5 MB, 29.07 load
[runlim] sample:		1601.86 time, 1610.01 real, 5 MB, 29.06 load
[runlim] sample:		1611.82 time, 1620.01 real, 5 MB, 29.05 load
[runlim] sample:		1621.77 time, 1630.01 real, 5 MB, 29.04 load
[runlim] sample:		1631.72 time, 1640.01 real, 5 MB, 29.04 load
[runlim] sample:		1641.67 time, 1650.01 real, 5 MB, 29.03 load
[runlim] sample:		1651.62 time, 1660.01 real, 5 MB, 29.02 load
[runlim] sample:		1661.58 time, 1670.01 real, 5 MB, 29.02 load
[runlim] sample:		1671.53 time, 1680.01 real, 5 MB, 29.02 load
[runlim] sample:		1681.48 time, 1690.01 real, 5 MB, 29.01 load
[runlim] sample:		1691.44 time, 1700.01 real, 5 MB, 29.01 load
[runlim] sample:		1701.39 time, 1710.01 real, 5 MB, 29.24 load
[runlim] sample:		1711.34 time, 1720.01 real, 5 MB, 29.21 load
[runlim] sample:		1721.29 time, 1730.01 real, 5 MB, 29.17 load
[runlim] sample:		1731.24 time, 1740.01 real, 5 MB, 29.15 load
[runlim] sample:		1741.20 time, 1750.01 real, 5 MB, 29.12 load
[runlim] sample:		1751.15 time, 1760.01 real, 5 MB, 29.10 load
[runlim] sample:		1761.10 time, 1770.01 real, 5 MB, 29.16 load
[runlim] sample:		1771.05 time, 1780.01 real, 5 MB, 29.14 load
[runlim] sample:		1781.01 time, 1790.01 real, 5 MB, 29.11 load
[runlim] sample:		1790.96 time, 1800.01 real, 5 MB, 29.18 load
[runlim] sample:		1800.91 time, 1810.01 real, 5 MB, 29.15 load
[runlim] sample:		1810.87 time, 1820.01 real, 5 MB, 29.13 load
[runlim] sample:		1820.82 time, 1830.01 real, 5 MB, 29.11 load
[runlim] sample:		1830.77 time, 1840.01 real, 5 MB, 29.09 load
[runlim] sample:		1840.72 time, 1850.01 real, 5 MB, 29.08 load
[runlim] sample:		1850.68 time, 1860.01 real, 5 MB, 29.06 load
[runlim] sample:		1860.63 time, 1870.01 real, 5 MB, 29.05 load
[runlim] sample:		1870.58 time, 1880.01 real, 5 MB, 29.04 load
[runlim] sample:		1880.53 time, 1890.01 real, 5 MB, 29.11 load
[runlim] sample:		1890.48 time, 1900.01 real, 5 MB, 29.09 load
[runlim] sample:		1900.44 time, 1910.01 real, 5 MB, 29.08 load
[runlim] sample:		1910.39 time, 1920.01 real, 5 MB, 29.07 load
[runlim] sample:		1920.34 time, 1930.01 real, 5 MB, 29.06 load
[runlim] sample:		1930.29 time, 1940.01 real, 5 MB, 29.05 load
[runlim] sample:		1940.25 time, 1950.01 real, 5 MB, 29.11 load
[runlim] sample:		1950.20 time, 1960.01 real, 5 MB, 29.10 load
[runlim] sample:		1960.15 time, 1970.01 real, 5 MB, 29.08 load
[runlim] sample:		1970.10 time, 1980.01 real, 5 MB, 29.07 load
[runlim] sample:		1980.06 time, 1990.01 real, 5 MB, 29.06 load
[runlim] sample:		1990.01 time, 2000.01 real, 5 MB, 29.05 load
[runlim] sample:		1999.96 time, 2010.01 real, 5 MB, 29.04 load
[runlim] sample:		2009.91 time, 2020.01 real, 5 MB, 29.11 load
[runlim] sample:		2019.87 time, 2030.01 real, 5 MB, 29.16 load
[runlim] sample:		2029.82 time, 2040.01 real, 5 MB, 29.14 load
[runlim] sample:		2039.77 time, 2050.01 real, 5 MB, 29.12 load
[runlim] sample:		2049.73 time, 2060.01 real, 5 MB, 29.10 load
[runlim] sample:		2059.68 time, 2070.01 real, 5 MB, 29.08 load
[runlim] sample:		2069.63 time, 2080.01 real, 5 MB, 29.07 load
[runlim] sample:		2079.58 time, 2090.01 real, 5 MB, 29.06 load
[runlim] sample:		2089.54 time, 2100.01 real, 5 MB, 29.05 load
[runlim] sample:		2099.49 time, 2110.01 real, 5 MB, 29.04 load
[runlim] sample:		2109.44 time, 2120.01 real, 5 MB, 29.03 load
[runlim] sample:		2119.39 time, 2130.01 real, 5 MB, 28.87 load
[runlim] sample:		2129.35 time, 2140.01 real, 5 MB, 28.74 load
[runlim] sample:		2139.30 time, 2150.01 real, 5 MB, 28.63 load
[runlim] sample:		2149.25 time, 2160.01 real, 5 MB, 28.53 load
[runlim] sample:		2159.21 time, 2170.01 real, 5 MB, 28.45 load
[runlim] sample:		2169.16 time, 2180.01 real, 5 MB, 28.38 load
[runlim] sample:		2179.11 time, 2190.01 real, 5 MB, 28.32 load
[runlim] sample:		2189.06 time, 2200.01 real, 5 MB, 28.27 load
[runlim] sample:		2199.02 time, 2210.01 real, 5 MB, 28.39 load
[runlim] sample:		2208.97 time, 2220.01 real, 5 MB, 28.33 load
[runlim] sample:		2218.92 time, 2230.01 real, 5 MB, 28.36 load
[runlim] sample:		2228.88 time, 2240.01 real, 5 MB, 28.46 load
[runlim] sample:		2238.83 time, 2250.01 real, 5 MB, 28.39 load
[runlim] sample:		2248.78 time, 2260.01 real, 5 MB, 28.33 load
[runlim] sample:		2258.74 time, 2270.01 real, 5 MB, 28.28 load
[runlim] sample:		2268.69 time, 2280.01 real, 5 MB, 28.32 load
[runlim] sample:		2278.64 time, 2290.01 real, 5 MB, 28.27 load
[runlim] sample:		2288.60 time, 2300.01 real, 5 MB, 28.23 load
[runlim] sample:		2298.55 time, 2310.01 real, 5 MB, 28.19 load
[runlim] sample:		2308.51 time, 2320.01 real, 5 MB, 28.16 load
[runlim] sample:		2318.46 time, 2330.01 real, 5 MB, 28.14 load
[runlim] sample:		2328.41 time, 2340.01 real, 5 MB, 28.27 load
[runlim] sample:		2338.37 time, 2350.01 real, 5 MB, 28.46 load
[runlim] sample:		2348.32 time, 2360.01 real, 5 MB, 28.55 load
[runlim] sample:		2358.28 time, 2370.01 real, 5 MB, 28.62 load
[runlim] sample:		2368.23 time, 2380.01 real, 5 MB, 28.68 load
[runlim] sample:		2378.19 time, 2390.01 real, 5 MB, 28.73 load
[runlim] sample:		2388.14 time, 2400.01 real, 5 MB, 28.77 load
[runlim] sample:		2398.09 time, 2410.01 real, 5 MB, 28.80 load
[runlim] sample:		2408.05 time, 2420.01 real, 5 MB, 28.83 load
[runlim] sample:		2418.00 time, 2430.01 real, 5 MB, 28.86 load
[runlim] sample:		2427.95 time, 2440.01 real, 5 MB, 28.73 load
[runlim] sample:		2437.91 time, 2450.01 real, 5 MB, 28.62 load
[runlim] sample:		2447.86 time, 2460.01 real, 5 MB, 28.52 load
[runlim] sample:		2457.81 time, 2470.01 real, 5 MB, 28.44 load
[runlim] sample:		2467.77 time, 2480.01 real, 5 MB, 28.37 load
[runlim] sample:		2477.72 time, 2490.01 real, 5 MB, 28.31 load
[runlim] sample:		2487.68 time, 2500.01 real, 5 MB, 28.27 load
[runlim] sample:		2497.63 time, 2510.01 real, 5 MB, 28.22 load
[runlim] sample:		2507.59 time, 2520.01 real, 5 MB, 28.26 load
[runlim] sample:		2517.54 time, 2530.01 real, 5 MB, 28.30 load
[runlim] sample:		2527.49 time, 2540.01 real, 5 MB, 28.26 load
[runlim] sample:		2537.45 time, 2550.01 real, 5 MB, 28.22 load
[runlim] sample:		2547.40 time, 2560.01 real, 5 MB, 28.18 load
[runlim] sample:		2557.35 time, 2570.01 real, 5 MB, 28.23 load
[runlim] sample:		2567.31 time, 2580.01 real, 5 MB, 28.20 load
[runlim] sample:		2577.26 time, 2590.01 real, 5 MB, 28.17 load
[runlim] sample:		2587.22 time, 2600.01 real, 5 MB, 28.14 load
[runlim] sample:		2597.17 time, 2610.01 real, 5 MB, 28.12 load
[runlim] sample:		2607.12 time, 2620.01 real, 5 MB, 28.10 load
[runlim] sample:		2617.08 time, 2630.01 real, 5 MB, 28.08 load
[runlim] sample:		2627.03 time, 2640.01 real, 5 MB, 28.07 load
[runlim] sample:		2636.98 time, 2650.01 real, 5 MB, 28.06 load
[runlim] sample:		2646.94 time, 2660.01 real, 5 MB, 28.05 load
[runlim] sample:		2656.89 time, 2670.01 real, 5 MB, 28.04 load
[runlim] sample:		2666.84 time, 2680.01 real, 5 MB, 28.04 load
[runlim] sample:		2676.79 time, 2690.01 real, 5 MB, 28.03 load
[runlim] sample:		2686.75 time, 2700.01 real, 5 MB, 28.02 load
[runlim] sample:		2696.70 time, 2710.01 real, 5 MB, 28.18 load
[runlim] sample:		2706.65 time, 2720.01 real, 5 MB, 28.15 load
[runlim] sample:		2716.60 time, 2730.01 real, 5 MB, 28.13 load
[runlim] sample:		2726.56 time, 2740.01 real, 5 MB, 28.11 load
[runlim] sample:		2736.51 time, 2750.01 real, 5 MB, 28.09 load
[runlim] sample:		2746.46 time, 2760.01 real, 5 MB, 28.08 load
[runlim] sample:		2756.42 time, 2770.01 real, 5 MB, 28.06 load
[runlim] sample:		2766.37 time, 2780.01 real, 5 MB, 28.05 load
[runlim] sample:		2776.32 time, 2790.01 real, 5 MB, 28.05 load
[runlim] sample:		2786.27 time, 2800.01 real, 5 MB, 28.04 load
[runlim] sample:		2796.23 time, 2810.01 real, 5 MB, 28.03 load
[runlim] sample:		2806.18 time, 2820.01 real, 5 MB, 28.03 load
[runlim] sample:		2816.13 time, 2830.01 real, 5 MB, 28.02 load
[runlim] sample:		2826.09 time, 2840.01 real, 5 MB, 28.02 load
[runlim] sample:		2836.04 time, 2850.01 real, 5 MB, 28.02 load
[runlim] sample:		2845.99 time, 2860.01 real, 5 MB, 28.01 load
[runlim] sample:		2855.94 time, 2870.01 real, 5 MB, 28.01 load
[runlim] sample:		2865.89 time, 2880.01 real, 5 MB, 28.01 load
[runlim] sample:		2875.85 time, 2890.01 real, 5 MB, 28.01 load
[runlim] sample:		2885.80 time, 2900.01 real, 5 MB, 28.00 load
[runlim] sample:		2895.75 time, 2910.01 real, 5 MB, 28.08 load
[runlim] sample:		2905.70 time, 2920.01 real, 5 MB, 28.15 load
[runlim] sample:		2915.66 time, 2930.01 real, 5 MB, 28.13 load
[runlim] sample:		2925.61 time, 2940.01 real, 5 MB, 28.11 load
[runlim] sample:		2935.56 time, 2950.01 real, 5 MB, 28.09 load
[runlim] sample:		2945.51 time, 2960.01 real, 5 MB, 28.08 load
[runlim] sample:		2955.46 time, 2970.01 real, 5 MB, 28.14 load
[runlim] sample:		2965.42 time, 2980.01 real, 5 MB, 28.12 load
[runlim] sample:		2975.37 time, 2990.01 real, 5 MB, 28.10 load
[runlim] sample:		2985.32 time, 3000.01 real, 5 MB, 28.09 load
[runlim] sample:		2995.28 time, 3010.01 real, 5 MB, 28.07 load
[runlim] sample:		3005.23 time, 3020.01 real, 5 MB, 28.14 load
[runlim] sample:		3015.18 time, 3030.01 real, 5 MB, 28.19 load
[runlim] sample:		3025.13 time, 3040.01 real, 5 MB, 28.16 load
[runlim] sample:		3035.08 time, 3050.01 real, 5 MB, 28.14 load
[runlim] sample:		3045.04 time, 3060.01 real, 5 MB, 28.12 load
[runlim] sample:		3054.99 time, 3070.01 real, 5 MB, 28.10 load
[runlim] sample:		3064.94 time, 3080.01 real, 5 MB, 28.08 load
[runlim] sample:		3074.90 time, 3090.01 real, 5 MB, 28.15 load
[runlim] sample:		3084.85 time, 3100.01 real, 5 MB, 28.13 load
[runlim] sample:		3094.80 time, 3110.01 real, 5 MB, 28.11 load
[runlim] sample:		3104.75 time, 3120.01 real, 5 MB, 28.09 load
[runlim] sample:		3114.71 time, 3130.01 real, 5 MB, 28.15 load
[runlim] sample:		3124.66 time, 3140.01 real, 5 MB, 28.13 load
[runlim] sample:		3134.61 time, 3150.01 real, 5 MB, 28.11 load
[runlim] sample:		3144.56 time, 3160.01 real, 5 MB, 28.09 load
[runlim] sample:		3154.52 time, 3170.01 real, 5 MB, 28.08 load
[runlim] sample:		3164.47 time, 3180.01 real, 5 MB, 28.06 load
[runlim] sample:		3174.43 time, 3190.01 real, 5 MB, 28.05 load
[runlim] sample:		3184.38 time, 3200.01 real, 5 MB, 28.04 load
[runlim] sample:		3194.33 time, 3210.01 real, 5 MB, 28.20 load
[runlim] sample:		3204.29 time, 3220.01 real, 5 MB, 28.17 load
[runlim] sample:		3214.24 time, 3230.01 real, 5 MB, 28.14 load
[runlim] sample:		3224.19 time, 3240.01 real, 5 MB, 28.12 load
[runlim] sample:		3234.15 time, 3250.01 real, 5 MB, 28.17 load
[runlim] sample:		3244.10 time, 3260.01 real, 5 MB, 28.15 load
[runlim] sample:		3254.06 time, 3270.01 real, 5 MB, 28.12 load
[runlim] sample:		3264.01 time, 3280.01 real, 5 MB, 28.10 load
[runlim] sample:		3273.96 time, 3290.01 real, 5 MB, 28.09 load
[runlim] sample:		3283.92 time, 3300.01 real, 5 MB, 28.07 load
[runlim] sample:		3293.87 time, 3310.01 real, 5 MB, 28.06 load
[runlim] sample:		3303.82 time, 3320.01 real, 5 MB, 28.05 load
[runlim] sample:		3313.78 time, 3330.01 real, 5 MB, 28.04 load
[runlim] sample:		3323.73 time, 3340.01 real, 5 MB, 28.04 load
[runlim] sample:		3333.68 time, 3350.01 real, 5 MB, 28.03 load
[runlim] sample:		3343.64 time, 3360.01 real, 5 MB, 28.10 load
[runlim] sample:		3353.60 time, 3370.01 real, 5 MB, 28.08 load
[runlim] sample:		3363.55 time, 3380.01 real, 5 MB, 28.07 load
[runlim] sample:		3373.51 time, 3390.01 real, 5 MB, 28.06 load
[runlim] sample:		3383.46 time, 3400.01 real, 5 MB, 28.05 load
[runlim] sample:		3393.41 time, 3410.01 real, 5 MB, 28.28 load
[runlim] sample:		3403.37 time, 3420.01 real, 5 MB, 28.24 load
[runlim] sample:		3413.32 time, 3430.01 real, 5 MB, 28.20 load
[runlim] sample:		3423.28 time, 3440.01 real, 5 MB, 28.17 load
[runlim] sample:		3433.23 time, 3450.01 real, 5 MB, 28.14 load
[runlim] sample:		3443.18 time, 3460.01 real, 5 MB, 29.23 load
[runlim] sample:		3453.14 time, 3470.01 real, 5 MB, 29.04 load
[runlim] sample:		3463.09 time, 3480.01 real, 5 MB, 28.88 load
[runlim] sample:		3473.05 time, 3490.01 real, 5 MB, 28.74 load
[runlim] sample:		3483.00 time, 3500.01 real, 5 MB, 28.63 load
[runlim] sample:		3492.95 time, 3510.01 real, 5 MB, 28.53 load
[runlim] sample:		3502.91 time, 3520.01 real, 5 MB, 28.52 load
[runlim] sample:		3512.86 time, 3530.01 real, 5 MB, 28.44 load
[runlim] sample:		3522.82 time, 3540.01 real, 5 MB, 28.37 load
[runlim] sample:		3532.77 time, 3550.01 real, 5 MB, 28.32 load
[runlim] sample:		3542.72 time, 3560.01 real, 5 MB, 28.27 load
[runlim] sample:		3552.68 time, 3570.01 real, 5 MB, 28.23 load
[runlim] sample:		3562.63 time, 3580.01 real, 5 MB, 28.19 load
[runlim] sample:		3572.59 time, 3590.01 real, 5 MB, 28.16 load
[runlim] sample:		3582.54 time, 3600.01 real, 5 MB, 28.14 load
[runlim] sample:		3592.49 time, 3610.01 real, 5 MB, 28.11 load
[runlim] sample:		3602.45 time, 3620.01 real, 5 MB, 28.10 load
[runlim] sample:		3612.40 time, 3630.01 real, 5 MB, 28.08 load
[runlim] sample:		3622.36 time, 3640.01 real, 5 MB, 28.07 load
[runlim] sample:		3632.31 time, 3650.01 real, 5 MB, 28.14 load
[runlim] sample:		3642.27 time, 3660.01 real, 5 MB, 28.12 load
[runlim] sample:		3652.22 time, 3670.01 real, 5 MB, 28.10 load
[runlim] sample:		3662.18 time, 3680.01 real, 5 MB, 28.08 load
[runlim] sample:		3672.13 time, 3690.01 real, 5 MB, 28.07 load
[runlim] sample:		3682.09 time, 3700.01 real, 5 MB, 28.06 load
[runlim] sample:		3692.04 time, 3710.01 real, 5 MB, 28.29 load
[runlim] sample:		3701.99 time, 3720.01 real, 5 MB, 28.24 load
[runlim] sample:		3711.95 time, 3730.01 real, 5 MB, 28.21 load
[runlim] sample:		3721.90 time, 3740.01 real, 5 MB, 28.17 load
[runlim] sample:		3731.86 time, 3750.01 real, 5 MB, 28.15 load
[runlim] sample:		3741.81 time, 3760.01 real, 5 MB, 28.12 load
[runlim] sample:		3751.77 time, 3770.01 real, 5 MB, 28.18 load
[runlim] sample:		3761.72 time, 3780.01 real, 5 MB, 28.16 load
[runlim] sample:		3771.68 time, 3790.01 real, 5 MB, 28.13 load
[runlim] sample:		3781.63 time, 3800.01 real, 5 MB, 28.11 load
[runlim] sample:		3791.59 time, 3810.01 real, 5 MB, 28.09 load
[runlim] sample:		3801.54 time, 3820.01 real, 5 MB, 28.08 load
[runlim] sample:		3811.49 time, 3830.01 real, 5 MB, 28.15 load
[runlim] sample:		3821.45 time, 3840.01 real, 5 MB, 28.12 load
[runlim] sample:		3831.40 time, 3850.01 real, 5 MB, 28.10 load
[runlim] sample:		3841.36 time, 3860.01 real, 5 MB, 28.09 load
[runlim] sample:		3851.31 time, 3870.01 real, 5 MB, 28.07 load
[runlim] sample:		3861.27 time, 3880.01 real, 5 MB, 28.21 load
[runlim] sample:		3871.22 time, 3890.01 real, 5 MB, 28.26 load
[runlim] sample:		3881.18 time, 3900.01 real, 5 MB, 28.22 load
[runlim] sample:		3891.13 time, 3910.01 real, 5 MB, 28.18 load
[runlim] sample:		3901.08 time, 3920.01 real, 5 MB, 28.15 load
[runlim] sample:		3911.04 time, 3930.01 real, 5 MB, 28.13 load
[runlim] sample:		3920.99 time, 3940.01 real, 5 MB, 28.11 load
[runlim] sample:		3930.95 time, 3950.01 real, 5 MB, 28.17 load
[runlim] sample:		3940.90 time, 3960.01 real, 5 MB, 28.23 load
[runlim] sample:		3950.85 time, 3970.01 real, 5 MB, 28.19 load
[runlim] sample:		3960.81 time, 3980.01 real, 5 MB, 28.16 load
[runlim] sample:		3970.76 time, 3990.01 real, 5 MB, 28.14 load
[runlim] sample:		3980.72 time, 4000.01 real, 5 MB, 28.11 load
[runlim] sample:		3990.67 time, 4010.01 real, 5 MB, 28.10 load
[runlim] sample:		4000.62 time, 4020.01 real, 5 MB, 28.15 load
[runlim] sample:		4010.58 time, 4030.01 real, 5 MB, 28.13 load
[runlim] sample:		4020.53 time, 4040.01 real, 5 MB, 28.11 load
[runlim] sample:		4030.48 time, 4050.01 real, 5 MB, 28.09 load
[runlim] sample:		4040.44 time, 4060.01 real, 5 MB, 28.08 load
[runlim] sample:		4050.39 time, 4070.01 real, 5 MB, 28.07 load
[runlim] sample:		4060.34 time, 4080.01 real, 5 MB, 28.06 load
[runlim] sample:		4070.30 time, 4090.01 real, 5 MB, 28.05 load
[runlim] sample:		4080.25 time, 4100.01 real, 5 MB, 28.04 load
[runlim] sample:		4090.20 time, 4110.01 real, 5 MB, 28.03 load
[runlim] sample:		4100.16 time, 4120.01 real, 5 MB, 28.03 load
[runlim] sample:		4110.11 time, 4130.01 real, 5 MB, 28.02 load
[runlim] sample:		4120.06 time, 4140.01 real, 5 MB, 28.02 load
[runlim] sample:		4130.02 time, 4150.01 real, 5 MB, 28.02 load
[runlim] sample:		4139.97 time, 4160.01 real, 5 MB, 28.01 load
[runlim] sample:		4149.92 time, 4170.01 real, 5 MB, 28.01 load
[runlim] sample:		4159.88 time, 4180.01 real, 5 MB, 28.01 load
[runlim] sample:		4169.83 time, 4190.01 real, 5 MB, 28.01 load
[runlim] sample:		4179.78 time, 4200.01 real, 5 MB, 28.00 load
[runlim] sample:		4189.73 time, 4210.01 real, 5 MB, 28.24 load
[runlim] sample:		4199.69 time, 4220.01 real, 5 MB, 28.21 load
[runlim] sample:		4209.64 time, 4230.01 real, 5 MB, 28.17 load
[runlim] sample:		4219.59 time, 4240.01 real, 5 MB, 28.15 load
[runlim] sample:		4229.55 time, 4250.01 real, 5 MB, 28.12 load
[runlim] sample:		4239.50 time, 4260.01 real, 5 MB, 28.10 load
[runlim] sample:		4249.45 time, 4270.01 real, 5 MB, 28.17 load
[runlim] sample:		4259.41 time, 4280.01 real, 5 MB, 28.14 load
[runlim] sample:		4269.36 time, 4290.01 real, 5 MB, 28.12 load
[runlim] sample:		4279.32 time, 4300.01 real, 5 MB, 28.10 load
[runlim] sample:		4289.27 time, 4310.01 real, 5 MB, 28.08 load
[runlim] sample:		4299.22 time, 4320.01 real, 5 MB, 28.07 load
[runlim] sample:		4309.18 time, 4330.01 real, 5 MB, 28.14 load
[runlim] sample:		4319.13 time, 4340.01 real, 5 MB, 28.12 load
[runlim] sample:		4329.09 time, 4350.01 real, 5 MB, 28.10 load
[runlim] sample:		4339.04 time, 4360.01 real, 5 MB, 28.31 load
[runlim] sample:		4348.99 time, 4370.01 real, 5 MB, 28.26 load
[runlim] sample:		4358.95 time, 4380.01 real, 5 MB, 28.22 load
[runlim] sample:		4368.90 time, 4390.01 real, 5 MB, 28.26 load
[runlim] sample:		4378.86 time, 4400.01 real, 5 MB, 28.22 load
[runlim] sample:		4388.81 time, 4410.01 real, 5 MB, 28.18 load
[runlim] sample:		4398.76 time, 4420.01 real, 5 MB, 28.16 load
[runlim] sample:		4408.72 time, 4430.01 real, 5 MB, 28.13 load
[runlim] sample:		4418.67 time, 4440.01 real, 5 MB, 28.11 load
[runlim] sample:		4428.63 time, 4450.01 real, 5 MB, 28.09 load
[runlim] sample:		4438.58 time, 4460.01 real, 5 MB, 28.08 load
[runlim] sample:		4448.54 time, 4470.01 real, 5 MB, 28.07 load
[runlim] sample:		4458.49 time, 4480.01 real, 5 MB, 28.06 load
[runlim] sample:		4468.44 time, 4490.01 real, 5 MB, 28.05 load
[runlim] sample:		4478.40 time, 4500.01 real, 5 MB, 28.12 load
[runlim] sample:		4488.35 time, 4510.01 real, 5 MB, 28.10 load
[runlim] sample:		4498.31 time, 4520.01 real, 5 MB, 28.23 load
[runlim] sample:		4508.26 time, 4530.01 real, 5 MB, 28.20 load
[runlim] sample:		4518.21 time, 4540.01 real, 5 MB, 28.17 load
[runlim] sample:		4528.17 time, 4550.01 real, 5 MB, 28.14 load
[runlim] sample:		4538.13 time, 4560.01 real, 5 MB, 28.12 load
[runlim] sample:		4548.08 time, 4570.01 real, 5 MB, 28.10 load
[runlim] sample:		4558.04 time, 4580.01 real, 5 MB, 28.08 load
[runlim] sample:		4568.00 time, 4590.01 real, 5 MB, 28.07 load
[runlim] sample:		4577.96 time, 4600.01 real, 5 MB, 28.06 load
[runlim] sample:		4587.91 time, 4610.01 real, 5 MB, 28.05 load
[runlim] sample:		4597.87 time, 4620.01 real, 5 MB, 28.04 load
[runlim] sample:		4607.83 time, 4630.01 real, 5 MB, 28.03 load
[runlim] sample:		4617.78 time, 4640.01 real, 5 MB, 28.03 load
[runlim] sample:		4627.74 time, 4650.01 real, 5 MB, 28.02 load
[runlim] sample:		4637.70 time, 4660.01 real, 5 MB, 28.02 load
[runlim] sample:		4647.65 time, 4670.01 real, 5 MB, 28.02 load
[runlim] sample:		4657.61 time, 4680.01 real, 5 MB, 28.01 load
[runlim] sample:		4667.57 time, 4690.01 real, 5 MB, 28.01 load
[runlim] sample:		4677.53 time, 4700.01 real, 5 MB, 28.01 load
[runlim] sample:		4687.48 time, 4710.01 real, 5 MB, 28.09 load
[runlim] sample:		4697.44 time, 4720.01 real, 5 MB, 28.07 load
[runlim] sample:		4707.40 time, 4730.01 real, 5 MB, 28.06 load
[runlim] sample:		4717.35 time, 4740.01 real, 5 MB, 28.05 load
[runlim] sample:		4727.31 time, 4750.01 real, 5 MB, 28.04 load
[runlim] sample:		4737.26 time, 4760.01 real, 5 MB, 28.04 load
[runlim] sample:		4747.22 time, 4770.01 real, 5 MB, 28.03 load
[runlim] sample:		4757.18 time, 4780.01 real, 5 MB, 28.02 load
[runlim] sample:		4767.13 time, 4790.01 real, 5 MB, 28.02 load
[runlim] sample:		4777.09 time, 4800.01 real, 5 MB, 28.02 load
[runlim] sample:		4787.05 time, 4810.01 real, 5 MB, 28.01 load
[runlim] sample:		4797.00 time, 4820.01 real, 5 MB, 28.01 load
[runlim] sample:		4806.96 time, 4830.01 real, 5 MB, 28.01 load
[runlim] sample:		4816.91 time, 4840.01 real, 5 MB, 28.08 load
[runlim] sample:		4826.87 time, 4850.01 real, 5 MB, 28.07 load
[runlim] sample:		4836.82 time, 4860.01 real, 5 MB, 28.06 load
[runlim] sample:		4846.78 time, 4870.01 real, 5 MB, 28.05 load
[runlim] sample:		4856.74 time, 4880.01 real, 5 MB, 28.04 load
[runlim] sample:		4866.69 time, 4890.01 real, 5 MB, 28.03 load
[runlim] sample:		4876.65 time, 4900.01 real, 5 MB, 28.03 load
[runlim] sample:		4886.60 time, 4910.01 real, 5 MB, 28.02 load
[runlim] sample:		4896.56 time, 4920.01 real, 5 MB, 28.02 load
[runlim] sample:		4906.52 time, 4930.01 real, 5 MB, 28.02 load
[runlim] sample:		4916.47 time, 4940.01 real, 5 MB, 28.01 load
[runlim] sample:		4926.43 time, 4950.01 real, 5 MB, 28.01 load
[runlim] sample:		4936.39 time, 4960.01 real, 5 MB, 28.01 load
[runlim] sample:		4946.34 time, 4970.01 real, 5 MB, 28.01 load
[runlim] sample:		4956.30 time, 4980.01 real, 5 MB, 27.84 load
[runlim] sample:		4966.25 time, 4990.01 real, 5 MB, 26.78 load
[runlim] sample:		4976.21 time, 5000.01 real, 5 MB, 24.57 load
[runlim] end:			Thu Apr  9 21:38:46 2026
[runlim] status:		out of time
[runlim] result:		2
[runlim] children:		1
[runlim] processes:		2
[runlim] real:			5000.05 seconds
[runlim] time:			4976.21 seconds
[runlim] space:			5 MB
[runlim] load:			31.23 maximum
[runlim] samples:		50000
