[runlim] version:		2.0.0rc1
[runlim] host:			p07n24
[runlim] time limit:		311040000 seconds
[runlim] real time limit:	5000 seconds
[runlim] space limit:		7000 MB
[runlim] argv[0]:		./binary
[runlim] argv[1]:		-c
[runlim] argv[2]:		-s
[runlim] argv[3]:		/tmp/local-unzipped-12459991-1-35-mc2025_track1_163.cnf
[runlim] start:			Thu Apr  9 20:15:38 2026
[runlim] child:			2359960
[runlim] sample:		9.95 time, 10.01 real, 3 MB, 29.24 load
[runlim] sample:		19.89 time, 20.01 real, 3 MB, 31.76 load
[runlim] sample:		29.82 time, 30.01 real, 3 MB, 35.65 load
[runlim] sample:		39.75 time, 40.01 real, 3 MB, 39.85 load
[runlim] sample:		49.70 time, 50.01 real, 3 MB, 43.26 load
[runlim] sample:		59.65 time, 60.01 real, 3 MB, 46.14 load
[runlim] sample:		69.60 time, 70.01 real, 3 MB, 48.58 load
[runlim] sample:		79.55 time, 80.01 real, 3 MB, 50.34 load
[runlim] sample:		89.49 time, 90.01 real, 3 MB, 51.98 load
[runlim] sample:		99.44 time, 100.01 real, 3 MB, 53.21 load
[runlim] sample:		109.39 time, 110.01 real, 3 MB, 54.18 load
[runlim] sample:		119.34 time, 120.01 real, 3 MB, 54.92 load
[runlim] sample:		129.29 time, 130.01 real, 3 MB, 55.55 load
[runlim] sample:		139.24 time, 140.01 real, 3 MB, 56.00 load
[runlim] sample:		149.18 time, 150.01 real, 3 MB, 56.31 load
[runlim] sample:		159.13 time, 160.01 real, 3 MB, 56.64 load
[runlim] sample:		169.08 time, 170.01 real, 3 MB, 56.85 load
[runlim] sample:		179.02 time, 180.01 real, 3 MB, 57.03 load
[runlim] sample:		188.97 time, 190.01 real, 3 MB, 57.18 load
[runlim] sample:		198.92 time, 200.01 real, 3 MB, 57.38 load
[runlim] sample:		208.87 time, 210.01 real, 3 MB, 57.48 load
[runlim] sample:		218.82 time, 220.01 real, 3 MB, 57.56 load
[runlim] sample:		228.77 time, 230.01 real, 3 MB, 57.63 load
[runlim] sample:		238.72 time, 240.01 real, 3 MB, 57.77 load
[runlim] sample:		248.66 time, 250.01 real, 3 MB, 57.80 load
[runlim] sample:		258.60 time, 260.01 real, 3 MB, 57.75 load
[runlim] sample:		268.53 time, 270.01 real, 3 MB, 57.96 load
[runlim] sample:		278.47 time, 280.01 real, 3 MB, 57.73 load
[runlim] sample:		288.40 time, 290.01 real, 3 MB, 57.70 load
[runlim] sample:		298.34 time, 300.01 real, 3 MB, 57.66 load
[runlim] sample:		308.27 time, 310.01 real, 3 MB, 57.64 load
[runlim] sample:		318.20 time, 320.01 real, 3 MB, 57.54 load
[runlim] sample:		328.13 time, 330.01 real, 3 MB, 57.53 load
[runlim] sample:		338.06 time, 340.01 real, 3 MB, 57.45 load
[runlim] sample:		347.99 time, 350.01 real, 3 MB, 57.61 load
[runlim] sample:		357.93 time, 360.01 real, 3 MB, 57.51 load
[runlim] sample:		367.86 time, 370.01 real, 3 MB, 57.59 load
[runlim] sample:		377.79 time, 380.01 real, 3 MB, 57.58 load
[runlim] sample:		387.71 time, 390.01 real, 3 MB, 57.65 load
[runlim] sample:		397.65 time, 400.01 real, 3 MB, 57.62 load
[runlim] sample:		407.59 time, 410.01 real, 3 MB, 57.37 load
[runlim] sample:		417.53 time, 420.01 real, 3 MB, 57.16 load
[runlim] sample:		427.47 time, 430.01 real, 3 MB, 56.98 load
[runlim] sample:		437.41 time, 440.01 real, 3 MB, 56.83 load
[runlim] sample:		447.32 time, 450.01 real, 3 MB, 56.86 load
[runlim] sample:		457.25 time, 460.01 real, 3 MB, 56.73 load
[runlim] sample:		467.19 time, 470.01 real, 3 MB, 56.62 load
[runlim] sample:		477.12 time, 480.01 real, 3 MB, 56.60 load
[runlim] sample:		487.05 time, 490.01 real, 3 MB, 56.50 load
[runlim] sample:		496.99 time, 500.01 real, 3 MB, 56.43 load
[runlim] sample:		506.91 time, 510.01 real, 3 MB, 56.44 load
[runlim] sample:		516.85 time, 520.01 real, 3 MB, 56.45 load
[runlim] sample:		526.79 time, 530.01 real, 3 MB, 56.38 load
[runlim] sample:		536.72 time, 540.01 real, 3 MB, 56.24 load
[runlim] sample:		546.66 time, 550.01 real, 3 MB, 56.05 load
[runlim] sample:		556.60 time, 560.01 real, 3 MB, 55.73 load
[runlim] sample:		566.54 time, 570.01 real, 3 MB, 55.55 load
[runlim] sample:		576.48 time, 580.01 real, 3 MB, 55.47 load
[runlim] sample:		586.42 time, 590.01 real, 3 MB, 55.24 load
[runlim] sample:		596.36 time, 600.01 real, 3 MB, 55.05 load
[runlim] sample:		606.30 time, 610.01 real, 3 MB, 54.89 load
[runlim] sample:		616.24 time, 620.01 real, 3 MB, 54.75 load
[runlim] sample:		626.19 time, 630.01 real, 3 MB, 54.72 load
[runlim] sample:		636.14 time, 640.01 real, 3 MB, 54.61 load
[runlim] sample:		646.09 time, 650.01 real, 3 MB, 54.51 load
[runlim] sample:		656.04 time, 660.01 real, 3 MB, 54.43 load
[runlim] sample:		665.98 time, 670.01 real, 3 MB, 54.37 load
[runlim] sample:		675.93 time, 680.01 real, 3 MB, 54.31 load
[runlim] sample:		685.88 time, 690.01 real, 3 MB, 54.26 load
[runlim] sample:		695.83 time, 700.01 real, 3 MB, 54.29 load
[runlim] sample:		705.78 time, 710.01 real, 3 MB, 54.33 load
[runlim] sample:		715.73 time, 720.01 real, 3 MB, 54.28 load
[runlim] sample:		725.67 time, 730.01 real, 3 MB, 54.24 load
[runlim] sample:		735.62 time, 740.01 real, 3 MB, 54.20 load
[runlim] sample:		745.56 time, 750.01 real, 3 MB, 54.25 load
[runlim] sample:		755.50 time, 760.01 real, 3 MB, 54.28 load
[runlim] sample:		765.44 time, 770.01 real, 3 MB, 54.24 load
[runlim] sample:		775.38 time, 780.01 real, 3 MB, 54.20 load
[runlim] sample:		785.33 time, 790.01 real, 3 MB, 54.25 load
[runlim] sample:		795.27 time, 800.01 real, 3 MB, 54.13 load
[runlim] sample:		805.21 time, 810.01 real, 3 MB, 53.95 load
[runlim] sample:		815.15 time, 820.01 real, 3 MB, 53.95 load
[runlim] sample:		825.10 time, 830.01 real, 3 MB, 53.81 load
[runlim] sample:		835.04 time, 840.01 real, 3 MB, 53.68 load
[runlim] sample:		844.98 time, 850.01 real, 3 MB, 53.65 load
[runlim] sample:		854.93 time, 860.01 real, 3 MB, 53.55 load
[runlim] sample:		864.87 time, 870.01 real, 3 MB, 53.55 load
[runlim] sample:		874.81 time, 880.01 real, 3 MB, 53.46 load
[runlim] sample:		884.76 time, 890.01 real, 3 MB, 53.39 load
[runlim] sample:		894.70 time, 900.01 real, 3 MB, 53.49 load
[runlim] sample:		904.64 time, 910.01 real, 3 MB, 53.64 load
[runlim] sample:		914.58 time, 920.01 real, 3 MB, 53.54 load
[runlim] sample:		924.52 time, 930.01 real, 3 MB, 53.75 load
[runlim] sample:		934.47 time, 940.01 real, 3 MB, 53.63 load
[runlim] sample:		944.41 time, 950.01 real, 3 MB, 53.69 load
[runlim] sample:		954.35 time, 960.01 real, 3 MB, 53.58 load
[runlim] sample:		964.30 time, 970.01 real, 3 MB, 53.49 load
[runlim] sample:		974.24 time, 980.01 real, 3 MB, 53.42 load
[runlim] sample:		984.18 time, 990.01 real, 3 MB, 53.35 load
[runlim] sample:		994.13 time, 1000.01 real, 3 MB, 53.30 load
[runlim] sample:		1004.07 time, 1010.01 real, 3 MB, 53.25 load
[runlim] sample:		1014.02 time, 1020.01 real, 3 MB, 53.21 load
[runlim] sample:		1023.96 time, 1030.01 real, 3 MB, 53.18 load
[runlim] sample:		1033.91 time, 1040.01 real, 3 MB, 53.15 load
[runlim] sample:		1043.85 time, 1050.01 real, 3 MB, 53.13 load
[runlim] sample:		1053.79 time, 1060.01 real, 3 MB, 53.11 load
[runlim] sample:		1063.73 time, 1070.01 real, 3 MB, 53.17 load
[runlim] sample:		1073.68 time, 1080.01 real, 3 MB, 53.14 load
[runlim] sample:		1083.62 time, 1090.01 real, 3 MB, 53.20 load
[runlim] sample:		1093.56 time, 1100.01 real, 3 MB, 53.17 load
[runlim] sample:		1103.50 time, 1110.01 real, 3 MB, 53.14 load
[runlim] sample:		1113.45 time, 1120.01 real, 3 MB, 53.12 load
[runlim] sample:		1123.39 time, 1130.01 real, 3 MB, 53.18 load
[runlim] sample:		1133.33 time, 1140.01 real, 3 MB, 53.15 load
[runlim] sample:		1143.28 time, 1150.01 real, 3 MB, 53.13 load
[runlim] sample:		1153.22 time, 1160.01 real, 3 MB, 53.26 load
[runlim] sample:		1163.16 time, 1170.01 real, 3 MB, 53.22 load
[runlim] sample:		1173.10 time, 1180.01 real, 3 MB, 53.19 load
[runlim] sample:		1183.05 time, 1190.01 real, 3 MB, 53.16 load
[runlim] sample:		1192.99 time, 1200.01 real, 3 MB, 53.28 load
[runlim] sample:		1202.93 time, 1210.01 real, 3 MB, 53.24 load
[runlim] sample:		1212.87 time, 1220.01 real, 3 MB, 53.20 load
[runlim] sample:		1222.81 time, 1230.01 real, 3 MB, 53.17 load
[runlim] sample:		1232.76 time, 1240.01 real, 3 MB, 53.14 load
[runlim] sample:		1242.70 time, 1250.01 real, 3 MB, 53.12 load
[runlim] sample:		1252.64 time, 1260.01 real, 3 MB, 53.33 load
[runlim] sample:		1262.59 time, 1270.01 real, 3 MB, 53.28 load
[runlim] sample:		1272.53 time, 1280.01 real, 3 MB, 53.32 load
[runlim] sample:		1282.47 time, 1290.01 real, 3 MB, 53.27 load
[runlim] sample:		1292.42 time, 1300.01 real, 3 MB, 53.23 load
[runlim] sample:		1302.36 time, 1310.01 real, 3 MB, 53.19 load
[runlim] sample:		1312.30 time, 1320.01 real, 3 MB, 53.32 load
[runlim] sample:		1322.25 time, 1330.01 real, 3 MB, 53.35 load
[runlim] sample:		1332.19 time, 1340.01 real, 3 MB, 53.37 load
[runlim] sample:		1342.14 time, 1350.01 real, 3 MB, 53.46 load
[runlim] sample:		1352.09 time, 1360.01 real, 3 MB, 53.39 load
[runlim] sample:		1362.03 time, 1370.01 real, 3 MB, 53.33 load
[runlim] sample:		1371.98 time, 1380.01 real, 3 MB, 53.43 load
[runlim] sample:		1381.92 time, 1390.01 real, 3 MB, 53.37 load
[runlim] sample:		1391.86 time, 1400.01 real, 3 MB, 53.31 load
[runlim] sample:		1401.80 time, 1410.01 real, 3 MB, 53.26 load
[runlim] sample:		1411.75 time, 1420.01 real, 3 MB, 53.22 load
[runlim] sample:		1421.69 time, 1430.01 real, 3 MB, 53.19 load
[runlim] sample:		1431.63 time, 1440.01 real, 3 MB, 53.31 load
[runlim] sample:		1441.58 time, 1450.01 real, 3 MB, 53.34 load
[runlim] sample:		1451.52 time, 1460.01 real, 3 MB, 53.37 load
[runlim] sample:		1461.47 time, 1470.01 real, 3 MB, 53.31 load
[runlim] sample:		1471.41 time, 1480.01 real, 3 MB, 53.34 load
[runlim] sample:		1481.35 time, 1490.01 real, 3 MB, 53.37 load
[runlim] sample:		1491.30 time, 1500.01 real, 3 MB, 53.47 load
[runlim] sample:		1501.24 time, 1510.01 real, 3 MB, 53.39 load
[runlim] sample:		1511.19 time, 1520.01 real, 3 MB, 53.33 load
[runlim] sample:		1521.13 time, 1530.01 real, 3 MB, 53.28 load
[runlim] sample:		1531.07 time, 1540.01 real, 3 MB, 53.24 load
[runlim] sample:		1541.01 time, 1550.01 real, 3 MB, 53.20 load
[runlim] sample:		1550.96 time, 1560.01 real, 3 MB, 53.25 load
[runlim] sample:		1560.90 time, 1570.01 real, 3 MB, 53.21 load
[runlim] sample:		1570.85 time, 1580.01 real, 3 MB, 53.18 load
[runlim] sample:		1580.79 time, 1590.01 real, 3 MB, 53.15 load
[runlim] sample:		1590.73 time, 1600.01 real, 3 MB, 53.13 load
[runlim] sample:		1600.67 time, 1610.01 real, 3 MB, 53.19 load
[runlim] sample:		1610.62 time, 1620.01 real, 3 MB, 53.47 load
[runlim] sample:		1620.56 time, 1630.01 real, 3 MB, 53.48 load
[runlim] sample:		1630.51 time, 1640.01 real, 3 MB, 53.57 load
[runlim] sample:		1640.45 time, 1650.01 real, 3 MB, 53.48 load
[runlim] sample:		1650.40 time, 1660.01 real, 3 MB, 53.57 load
[runlim] sample:		1660.34 time, 1670.01 real, 3 MB, 53.48 load
[runlim] sample:		1670.28 time, 1680.01 real, 3 MB, 53.56 load
[runlim] sample:		1680.23 time, 1690.01 real, 3 MB, 53.47 load
[runlim] sample:		1690.17 time, 1700.01 real, 3 MB, 53.55 load
[runlim] sample:		1700.11 time, 1710.01 real, 3 MB, 53.47 load
[runlim] sample:		1710.05 time, 1720.01 real, 3 MB, 53.40 load
[runlim] sample:		1720.00 time, 1730.01 real, 3 MB, 53.33 load
[runlim] sample:		1729.94 time, 1740.01 real, 3 MB, 53.28 load
[runlim] sample:		1739.88 time, 1750.01 real, 3 MB, 53.24 load
[runlim] sample:		1749.83 time, 1760.01 real, 3 MB, 53.28 load
[runlim] sample:		1759.77 time, 1770.01 real, 3 MB, 53.23 load
[runlim] sample:		1769.72 time, 1780.01 real, 3 MB, 53.20 load
[runlim] sample:		1779.66 time, 1790.01 real, 3 MB, 53.24 load
[runlim] sample:		1789.61 time, 1800.01 real, 3 MB, 53.43 load
[runlim] sample:		1799.55 time, 1810.01 real, 3 MB, 53.36 load
[runlim] sample:		1809.49 time, 1820.01 real, 3 MB, 53.39 load
[runlim] sample:		1819.43 time, 1830.01 real, 3 MB, 53.33 load
[runlim] sample:		1829.37 time, 1840.01 real, 3 MB, 53.36 load
[runlim] sample:		1839.32 time, 1850.01 real, 3 MB, 53.38 load
[runlim] sample:		1849.26 time, 1860.01 real, 3 MB, 53.40 load
[runlim] sample:		1859.21 time, 1870.01 real, 3 MB, 53.42 load
[runlim] sample:		1869.15 time, 1880.01 real, 3 MB, 53.35 load
[runlim] sample:		1879.10 time, 1890.01 real, 3 MB, 53.38 load
[runlim] sample:		1889.04 time, 1900.01 real, 3 MB, 53.32 load
[runlim] sample:		1898.99 time, 1910.01 real, 3 MB, 53.35 load
[runlim] sample:		1908.93 time, 1920.01 real, 3 MB, 53.37 load
[runlim] sample:		1918.87 time, 1930.01 real, 3 MB, 53.39 load
[runlim] sample:		1928.82 time, 1940.01 real, 3 MB, 53.33 load
[runlim] sample:		1938.76 time, 1950.01 real, 3 MB, 53.28 load
[runlim] sample:		1948.71 time, 1960.01 real, 3 MB, 53.23 load
[runlim] sample:		1958.65 time, 1970.01 real, 3 MB, 53.20 load
[runlim] sample:		1968.59 time, 1980.01 real, 3 MB, 53.17 load
[runlim] sample:		1978.54 time, 1990.01 real, 3 MB, 53.14 load
[runlim] sample:		1988.48 time, 2000.01 real, 3 MB, 53.12 load
[runlim] sample:		1998.42 time, 2010.01 real, 3 MB, 53.10 load
[runlim] sample:		2008.36 time, 2020.01 real, 3 MB, 53.08 load
[runlim] sample:		2018.31 time, 2030.01 real, 3 MB, 53.07 load
[runlim] sample:		2028.25 time, 2040.01 real, 3 MB, 53.14 load
[runlim] sample:		2038.19 time, 2050.01 real, 3 MB, 53.12 load
[runlim] sample:		2048.14 time, 2060.01 real, 3 MB, 53.18 load
[runlim] sample:		2058.08 time, 2070.01 real, 3 MB, 53.15 load
[runlim] sample:		2068.02 time, 2080.01 real, 3 MB, 53.13 load
[runlim] sample:		2077.97 time, 2090.01 real, 3 MB, 53.11 load
[runlim] sample:		2087.91 time, 2100.01 real, 3 MB, 53.09 load
[runlim] sample:		2097.86 time, 2110.01 real, 3 MB, 53.08 load
[runlim] sample:		2107.80 time, 2120.01 real, 3 MB, 53.06 load
[runlim] sample:		2117.73 time, 2130.01 real, 3 MB, 53.05 load
[runlim] sample:		2127.67 time, 2140.01 real, 3 MB, 53.05 load
[runlim] sample:		2137.62 time, 2150.01 real, 3 MB, 53.04 load
[runlim] sample:		2147.56 time, 2160.01 real, 3 MB, 53.11 load
[runlim] sample:		2157.50 time, 2170.01 real, 3 MB, 53.09 load
[runlim] sample:		2167.45 time, 2180.01 real, 3 MB, 53.08 load
[runlim] sample:		2177.39 time, 2190.01 real, 3 MB, 53.06 load
[runlim] sample:		2187.33 time, 2200.01 real, 3 MB, 53.13 load
[runlim] sample:		2197.28 time, 2210.01 real, 3 MB, 53.11 load
[runlim] sample:		2207.22 time, 2220.01 real, 3 MB, 53.09 load
[runlim] sample:		2217.16 time, 2230.01 real, 3 MB, 53.08 load
[runlim] sample:		2227.11 time, 2240.01 real, 3 MB, 53.07 load
[runlim] sample:		2237.05 time, 2250.01 real, 3 MB, 53.06 load
[runlim] sample:		2246.99 time, 2260.01 real, 3 MB, 53.05 load
[runlim] sample:		2256.94 time, 2270.01 real, 3 MB, 53.11 load
[runlim] sample:		2266.88 time, 2280.01 real, 3 MB, 53.10 load
[runlim] sample:		2276.83 time, 2290.01 real, 3 MB, 53.15 load
[runlim] sample:		2286.77 time, 2300.01 real, 3 MB, 53.13 load
[runlim] sample:		2296.71 time, 2310.01 real, 3 MB, 53.35 load
[runlim] sample:		2306.66 time, 2320.01 real, 3 MB, 53.38 load
[runlim] sample:		2316.60 time, 2330.01 real, 3 MB, 53.32 load
[runlim] sample:		2326.54 time, 2340.01 real, 3 MB, 53.51 load
[runlim] sample:		2336.49 time, 2350.01 real, 3 MB, 53.43 load
[runlim] sample:		2346.43 time, 2360.01 real, 3 MB, 53.44 load
[runlim] sample:		2356.37 time, 2370.01 real, 3 MB, 53.61 load
[runlim] sample:		2366.31 time, 2380.01 real, 3 MB, 53.52 load
[runlim] sample:		2376.25 time, 2390.01 real, 3 MB, 53.52 load
[runlim] sample:		2386.20 time, 2400.01 real, 3 MB, 53.52 load
[runlim] sample:		2396.14 time, 2410.01 real, 3 MB, 53.44 load
[runlim] sample:		2406.08 time, 2420.01 real, 3 MB, 53.37 load
[runlim] sample:		2416.02 time, 2430.01 real, 3 MB, 53.39 load
[runlim] sample:		2425.97 time, 2440.01 real, 3 MB, 53.33 load
[runlim] sample:		2435.91 time, 2450.01 real, 3 MB, 53.35 load
[runlim] sample:		2445.85 time, 2460.01 real, 3 MB, 53.38 load
[runlim] sample:		2455.80 time, 2470.01 real, 3 MB, 53.32 load
[runlim] sample:		2465.74 time, 2480.01 real, 3 MB, 53.27 load
[runlim] sample:		2475.68 time, 2490.01 real, 3 MB, 53.31 load
[runlim] sample:		2485.63 time, 2500.01 real, 3 MB, 53.26 load
[runlim] sample:		2495.57 time, 2510.01 real, 3 MB, 53.22 load
[runlim] sample:		2505.51 time, 2520.01 real, 3 MB, 53.35 load
[runlim] sample:		2515.46 time, 2530.01 real, 3 MB, 53.29 load
[runlim] sample:		2525.40 time, 2540.01 real, 3 MB, 53.25 load
[runlim] sample:		2535.34 time, 2550.01 real, 3 MB, 53.29 load
[runlim] sample:		2545.29 time, 2560.01 real, 3 MB, 53.24 load
[runlim] sample:		2555.23 time, 2570.01 real, 3 MB, 53.21 load
[runlim] sample:		2565.18 time, 2580.01 real, 3 MB, 53.41 load
[runlim] sample:		2575.12 time, 2590.01 real, 3 MB, 53.42 load
[runlim] sample:		2585.06 time, 2600.01 real, 3 MB, 53.44 load
[runlim] sample:		2595.01 time, 2610.01 real, 3 MB, 53.45 load
[runlim] sample:		2604.95 time, 2620.01 real, 3 MB, 53.38 load
[runlim] sample:		2614.90 time, 2630.01 real, 3 MB, 53.32 load
[runlim] sample:		2624.85 time, 2640.01 real, 3 MB, 53.43 load
[runlim] sample:		2634.79 time, 2650.01 real, 3 MB, 53.36 load
[runlim] sample:		2644.73 time, 2660.01 real, 3 MB, 53.31 load
[runlim] sample:		2654.68 time, 2670.01 real, 3 MB, 53.26 load
[runlim] sample:		2664.62 time, 2680.01 real, 3 MB, 53.22 load
[runlim] sample:		2674.57 time, 2690.01 real, 3 MB, 53.18 load
[runlim] sample:		2684.51 time, 2700.01 real, 3 MB, 53.24 load
[runlim] sample:		2694.46 time, 2710.01 real, 3 MB, 53.20 load
[runlim] sample:		2704.40 time, 2720.01 real, 3 MB, 53.17 load
[runlim] sample:		2714.34 time, 2730.01 real, 3 MB, 53.54 load
[runlim] sample:		2724.28 time, 2740.01 real, 3 MB, 53.46 load
[runlim] sample:		2734.23 time, 2750.01 real, 3 MB, 53.39 load
[runlim] sample:		2744.17 time, 2760.01 real, 3 MB, 53.57 load
[runlim] sample:		2754.12 time, 2770.01 real, 3 MB, 53.48 load
[runlim] sample:		2764.06 time, 2780.01 real, 3 MB, 53.49 load
[runlim] sample:		2774.01 time, 2790.01 real, 3 MB, 53.41 load
[runlim] sample:		2783.95 time, 2800.01 real, 3 MB, 53.35 load
[runlim] sample:		2793.89 time, 2810.01 real, 3 MB, 53.29 load
[runlim] sample:		2803.84 time, 2820.01 real, 3 MB, 53.41 load
[runlim] sample:		2813.78 time, 2830.01 real, 3 MB, 53.35 load
[runlim] sample:		2823.73 time, 2840.01 real, 3 MB, 53.29 load
[runlim] sample:		2833.67 time, 2850.01 real, 3 MB, 53.32 load
[runlim] sample:		2843.61 time, 2860.01 real, 3 MB, 53.27 load
[runlim] sample:		2853.56 time, 2870.01 real, 3 MB, 53.31 load
[runlim] sample:		2863.50 time, 2880.01 real, 3 MB, 53.58 load
[runlim] sample:		2873.44 time, 2890.01 real, 3 MB, 53.65 load
[runlim] sample:		2883.39 time, 2900.01 real, 3 MB, 53.55 load
[runlim] sample:		2893.33 time, 2910.01 real, 3 MB, 53.62 load
[runlim] sample:		2903.28 time, 2920.01 real, 3 MB, 53.53 load
[runlim] sample:		2913.22 time, 2930.01 real, 3 MB, 53.45 load
[runlim] sample:		2923.17 time, 2940.01 real, 3 MB, 53.62 load
[runlim] sample:		2933.11 time, 2950.01 real, 3 MB, 53.52 load
[runlim] sample:		2943.05 time, 2960.01 real, 3 MB, 53.44 load
[runlim] sample:		2953.00 time, 2970.01 real, 3 MB, 53.37 load
[runlim] sample:		2962.94 time, 2980.01 real, 3 MB, 53.31 load
[runlim] sample:		2972.88 time, 2990.01 real, 3 MB, 53.27 load
[runlim] sample:		2982.83 time, 3000.01 real, 3 MB, 53.46 load
[runlim] sample:		2992.77 time, 3010.01 real, 3 MB, 53.39 load
[runlim] sample:		3002.71 time, 3020.01 real, 3 MB, 53.33 load
[runlim] sample:		3012.65 time, 3030.01 real, 3 MB, 53.28 load
[runlim] sample:		3022.60 time, 3040.01 real, 3 MB, 53.24 load
[runlim] sample:		3032.54 time, 3050.01 real, 3 MB, 53.20 load
[runlim] sample:		3042.49 time, 3060.01 real, 3 MB, 53.41 load
[runlim] sample:		3052.43 time, 3070.01 real, 3 MB, 53.35 load
[runlim] sample:		3062.37 time, 3080.01 real, 3 MB, 53.29 load
[runlim] sample:		3072.32 time, 3090.01 real, 3 MB, 53.25 load
[runlim] sample:		3082.26 time, 3100.01 real, 3 MB, 53.29 load
[runlim] sample:		3092.20 time, 3110.01 real, 3 MB, 53.24 load
[runlim] sample:		3102.15 time, 3120.01 real, 3 MB, 53.43 load
[runlim] sample:		3112.09 time, 3130.01 real, 3 MB, 53.37 load
[runlim] sample:		3122.03 time, 3140.01 real, 3 MB, 53.31 load
[runlim] sample:		3131.98 time, 3150.01 real, 3 MB, 53.26 load
[runlim] sample:		3141.92 time, 3160.01 real, 3 MB, 53.30 load
[runlim] sample:		3151.86 time, 3170.01 real, 3 MB, 53.25 load
[runlim] sample:		3161.80 time, 3180.01 real, 3 MB, 53.46 load
[runlim] sample:		3171.74 time, 3190.01 real, 3 MB, 53.39 load
[runlim] sample:		3181.69 time, 3200.01 real, 3 MB, 53.33 load
[runlim] sample:		3191.62 time, 3210.01 real, 3 MB, 53.27 load
[runlim] sample:		3201.56 time, 3220.01 real, 3 MB, 53.31 load
[runlim] sample:		3211.50 time, 3230.01 real, 3 MB, 53.26 load
[runlim] sample:		3221.44 time, 3240.01 real, 3 MB, 53.30 load
[runlim] sample:		3231.38 time, 3250.01 real, 3 MB, 53.26 load
[runlim] sample:		3241.32 time, 3260.01 real, 3 MB, 53.22 load
[runlim] sample:		3251.26 time, 3270.01 real, 3 MB, 53.18 load
[runlim] sample:		3261.20 time, 3280.01 real, 3 MB, 53.23 load
[runlim] sample:		3271.14 time, 3290.01 real, 3 MB, 53.20 load
[runlim] sample:		3281.08 time, 3300.01 real, 3 MB, 53.32 load
[runlim] sample:		3291.03 time, 3310.01 real, 3 MB, 53.27 load
[runlim] sample:		3300.97 time, 3320.01 real, 3 MB, 53.23 load
[runlim] sample:		3310.91 time, 3330.01 real, 3 MB, 53.19 load
[runlim] sample:		3320.85 time, 3340.01 real, 3 MB, 53.16 load
[runlim] sample:		3330.80 time, 3350.01 real, 3 MB, 53.14 load
[runlim] sample:		3340.75 time, 3360.01 real, 3 MB, 53.20 load
[runlim] sample:		3350.69 time, 3370.01 real, 3 MB, 53.25 load
[runlim] sample:		3360.63 time, 3380.01 real, 3 MB, 53.21 load
[runlim] sample:		3370.57 time, 3390.01 real, 3 MB, 53.18 load
[runlim] sample:		3380.50 time, 3400.01 real, 3 MB, 53.23 load
[runlim] sample:		3390.45 time, 3410.01 real, 3 MB, 53.19 load
[runlim] sample:		3400.39 time, 3420.01 real, 3 MB, 53.24 load
[runlim] sample:		3410.33 time, 3430.01 real, 3 MB, 53.21 load
[runlim] sample:		3420.28 time, 3440.01 real, 3 MB, 53.40 load
[runlim] sample:		3430.22 time, 3450.01 real, 3 MB, 53.34 load
[runlim] sample:		3440.16 time, 3460.01 real, 3 MB, 53.37 load
[runlim] sample:		3450.10 time, 3470.01 real, 3 MB, 53.31 load
[runlim] sample:		3460.05 time, 3480.01 real, 3 MB, 53.42 load
[runlim] sample:		3469.99 time, 3490.01 real, 3 MB, 53.36 load
[runlim] sample:		3479.93 time, 3500.01 real, 3 MB, 53.30 load
[runlim] sample:		3489.87 time, 3510.01 real, 3 MB, 53.26 load
[runlim] sample:		3499.81 time, 3520.01 real, 3 MB, 53.30 load
[runlim] sample:		3509.75 time, 3530.01 real, 3 MB, 53.25 load
[runlim] sample:		3519.69 time, 3540.01 real, 3 MB, 53.29 load
[runlim] sample:		3529.63 time, 3550.01 real, 3 MB, 53.25 load
[runlim] sample:		3539.57 time, 3560.01 real, 3 MB, 53.21 load
[runlim] sample:		3549.51 time, 3570.01 real, 3 MB, 53.18 load
[runlim] sample:		3559.45 time, 3580.01 real, 3 MB, 53.23 load
[runlim] sample:		3569.39 time, 3590.01 real, 3 MB, 53.19 load
[runlim] sample:		3579.33 time, 3600.01 real, 3 MB, 53.24 load
[runlim] sample:		3589.28 time, 3610.01 real, 3 MB, 53.21 load
[runlim] sample:		3599.22 time, 3620.01 real, 3 MB, 53.17 load
[runlim] sample:		3609.16 time, 3630.01 real, 3 MB, 53.15 load
[runlim] sample:		3619.10 time, 3640.01 real, 3 MB, 53.20 load
[runlim] sample:		3629.04 time, 3650.01 real, 3 MB, 53.17 load
[runlim] sample:		3638.98 time, 3660.01 real, 3 MB, 53.31 load
[runlim] sample:		3648.92 time, 3670.01 real, 3 MB, 53.26 load
[runlim] sample:		3658.87 time, 3680.01 real, 3 MB, 53.22 load
[runlim] sample:		3668.81 time, 3690.01 real, 3 MB, 53.18 load
[runlim] sample:		3678.75 time, 3700.01 real, 3 MB, 53.16 load
[runlim] sample:		3688.69 time, 3710.01 real, 3 MB, 53.20 load
[runlim] sample:		3698.63 time, 3720.01 real, 3 MB, 53.25 load
[runlim] sample:		3708.58 time, 3730.01 real, 3 MB, 53.21 load
[runlim] sample:		3718.52 time, 3740.01 real, 3 MB, 53.26 load
[runlim] sample:		3728.46 time, 3750.01 real, 3 MB, 53.30 load
[runlim] sample:		3738.40 time, 3760.01 real, 3 MB, 53.33 load
[runlim] sample:		3748.35 time, 3770.01 real, 3 MB, 53.28 load
[runlim] sample:		3758.29 time, 3780.01 real, 3 MB, 53.40 load
[runlim] sample:		3768.23 time, 3790.01 real, 3 MB, 53.58 load
[runlim] sample:		3778.17 time, 3800.01 real, 3 MB, 53.49 load
[runlim] sample:		3788.11 time, 3810.01 real, 3 MB, 53.41 load
[runlim] sample:		3798.05 time, 3820.01 real, 3 MB, 53.35 load
[runlim] sample:		3807.99 time, 3830.01 real, 3 MB, 53.29 load
[runlim] sample:		3817.93 time, 3840.01 real, 3 MB, 53.41 load
[runlim] sample:		3827.88 time, 3850.01 real, 3 MB, 53.42 load
[runlim] sample:		3837.82 time, 3860.01 real, 3 MB, 53.35 load
[runlim] sample:		3847.76 time, 3870.01 real, 3 MB, 53.30 load
[runlim] sample:		3857.70 time, 3880.01 real, 3 MB, 53.25 load
[runlim] sample:		3867.64 time, 3890.01 real, 3 MB, 53.21 load
[runlim] sample:		3877.58 time, 3900.01 real, 3 MB, 53.26 load
[runlim] sample:		3887.53 time, 3910.01 real, 3 MB, 53.22 load
[runlim] sample:		3897.47 time, 3920.01 real, 3 MB, 53.26 load
[runlim] sample:		3907.41 time, 3930.01 real, 3 MB, 53.22 load
[runlim] sample:		3917.35 time, 3940.01 real, 3 MB, 53.18 load
[runlim] sample:		3927.30 time, 3950.01 real, 3 MB, 53.16 load
[runlim] sample:		3937.24 time, 3960.01 real, 3 MB, 53.21 load
[runlim] sample:		3947.18 time, 3970.01 real, 3 MB, 53.26 load
[runlim] sample:		3957.12 time, 3980.01 real, 3 MB, 53.22 load
[runlim] sample:		3967.06 time, 3990.01 real, 3 MB, 53.18 load
[runlim] sample:		3977.00 time, 4000.01 real, 3 MB, 53.16 load
[runlim] sample:		3986.95 time, 4010.01 real, 3 MB, 53.21 load
[runlim] sample:		3996.89 time, 4020.01 real, 3 MB, 53.25 load
[runlim] sample:		4006.83 time, 4030.01 real, 3 MB, 53.21 load
[runlim] sample:		4016.77 time, 4040.01 real, 3 MB, 53.18 load
[runlim] sample:		4026.71 time, 4050.01 real, 3 MB, 53.15 load
[runlim] sample:		4036.65 time, 4060.01 real, 3 MB, 53.13 load
[runlim] sample:		4046.59 time, 4070.01 real, 3 MB, 53.18 load
[runlim] sample:		4056.53 time, 4080.01 real, 3 MB, 53.39 load
[runlim] sample:		4066.47 time, 4090.01 real, 3 MB, 53.33 load
[runlim] sample:		4076.42 time, 4100.01 real, 3 MB, 53.28 load
[runlim] sample:		4086.36 time, 4110.01 real, 3 MB, 53.31 load
[runlim] sample:		4096.30 time, 4120.01 real, 3 MB, 53.26 load
[runlim] sample:		4106.24 time, 4130.01 real, 3 MB, 53.30 load
[runlim] sample:		4116.18 time, 4140.01 real, 3 MB, 53.41 load
[runlim] sample:		4126.13 time, 4150.01 real, 3 MB, 53.42 load
[runlim] sample:		4136.07 time, 4160.01 real, 3 MB, 53.36 load
[runlim] sample:		4146.01 time, 4170.01 real, 3 MB, 53.38 load
[runlim] sample:		4155.95 time, 4180.01 real, 3 MB, 53.32 load
[runlim] sample:		4165.89 time, 4190.01 real, 3 MB, 53.27 load
[runlim] sample:		4175.83 time, 4200.01 real, 3 MB, 53.23 load
[runlim] sample:		4185.77 time, 4210.01 real, 3 MB, 53.19 load
[runlim] sample:		4195.72 time, 4220.01 real, 3 MB, 53.16 load
[runlim] sample:		4205.66 time, 4230.01 real, 3 MB, 53.14 load
[runlim] sample:		4215.60 time, 4240.01 real, 3 MB, 53.20 load
[runlim] sample:		4225.54 time, 4250.01 real, 3 MB, 53.17 load
[runlim] sample:		4235.48 time, 4260.01 real, 3 MB, 53.22 load
[runlim] sample:		4245.42 time, 4270.01 real, 3 MB, 53.19 load
[runlim] sample:		4255.36 time, 4280.01 real, 3 MB, 53.16 load
[runlim] sample:		4265.31 time, 4290.01 real, 3 MB, 53.21 load
[runlim] sample:		4275.25 time, 4300.01 real, 3 MB, 53.17 load
[runlim] sample:		4285.19 time, 4310.01 real, 3 MB, 53.30 load
[runlim] sample:		4295.13 time, 4320.01 real, 3 MB, 53.26 load
[runlim] sample:		4305.07 time, 4330.01 real, 3 MB, 53.22 load
[runlim] sample:		4315.02 time, 4340.01 real, 3 MB, 53.18 load
[runlim] sample:		4324.96 time, 4350.01 real, 3 MB, 53.31 load
[runlim] sample:		4334.90 time, 4360.01 real, 3 MB, 53.26 load
[runlim] sample:		4344.84 time, 4370.01 real, 3 MB, 53.22 load
[runlim] sample:		4354.78 time, 4380.01 real, 3 MB, 53.27 load
[runlim] sample:		4364.72 time, 4390.01 real, 3 MB, 53.30 load
[runlim] sample:		4374.66 time, 4400.01 real, 3 MB, 53.25 load
[runlim] sample:		4384.59 time, 4410.01 real, 3 MB, 53.21 load
[runlim] sample:		4394.53 time, 4420.01 real, 3 MB, 53.18 load
[runlim] sample:		4404.47 time, 4430.01 real, 3 MB, 53.23 load
[runlim] sample:		4414.41 time, 4440.01 real, 3 MB, 53.27 load
[runlim] sample:		4424.35 time, 4450.01 real, 3 MB, 53.46 load
[runlim] sample:		4434.29 time, 4460.01 real, 3 MB, 53.39 load
[runlim] sample:		4444.23 time, 4470.01 real, 3 MB, 53.33 load
[runlim] sample:		4454.17 time, 4480.01 real, 3 MB, 53.27 load
[runlim] sample:		4464.11 time, 4490.01 real, 3 MB, 53.23 load
[runlim] sample:		4474.05 time, 4500.01 real, 3 MB, 53.28 load
[runlim] sample:		4483.99 time, 4510.01 real, 3 MB, 53.39 load
[runlim] sample:		4493.94 time, 4520.01 real, 3 MB, 53.33 load
[runlim] sample:		4503.87 time, 4530.01 real, 3 MB, 53.43 load
[runlim] sample:		4513.81 time, 4540.01 real, 3 MB, 53.37 load
[runlim] sample:		4523.76 time, 4550.01 real, 3 MB, 53.31 load
[runlim] sample:		4533.70 time, 4560.01 real, 3 MB, 53.26 load
[runlim] sample:		4543.64 time, 4570.01 real, 3 MB, 53.29 load
[runlim] sample:		4553.58 time, 4580.01 real, 3 MB, 53.25 load
[runlim] sample:		4563.52 time, 4590.01 real, 3 MB, 53.21 load
[runlim] sample:		4573.46 time, 4600.01 real, 3 MB, 53.18 load
[runlim] sample:		4583.39 time, 4610.01 real, 3 MB, 53.15 load
[runlim] sample:		4593.33 time, 4620.01 real, 3 MB, 53.13 load
[runlim] sample:		4603.27 time, 4630.01 real, 3 MB, 53.18 load
[runlim] sample:		4613.21 time, 4640.01 real, 3 MB, 53.23 load
[runlim] sample:		4623.14 time, 4650.01 real, 3 MB, 53.19 load
[runlim] sample:		4633.08 time, 4660.01 real, 3 MB, 53.16 load
[runlim] sample:		4643.02 time, 4670.01 real, 3 MB, 53.14 load
[runlim] sample:		4652.97 time, 4680.01 real, 3 MB, 53.27 load
[runlim] sample:		4662.91 time, 4690.01 real, 3 MB, 53.23 load
[runlim] sample:		4672.85 time, 4700.01 real, 3 MB, 53.27 load
[runlim] sample:		4682.79 time, 4710.01 real, 3 MB, 53.46 load
[runlim] sample:		4692.73 time, 4720.01 real, 3 MB, 53.39 load
[runlim] sample:		4702.67 time, 4730.01 real, 3 MB, 53.33 load
[runlim] sample:		4712.61 time, 4740.01 real, 3 MB, 53.43 load
[runlim] sample:		4722.56 time, 4750.01 real, 3 MB, 53.36 load
[runlim] sample:		4732.50 time, 4760.01 real, 3 MB, 53.30 load
[runlim] sample:		4742.44 time, 4770.01 real, 3 MB, 53.33 load
[runlim] sample:		4752.38 time, 4780.01 real, 3 MB, 53.28 load
[runlim] sample:		4762.32 time, 4790.01 real, 3 MB, 53.24 load
[runlim] sample:		4772.26 time, 4800.01 real, 3 MB, 53.28 load
[runlim] sample:		4782.20 time, 4810.01 real, 3 MB, 53.24 load
[runlim] sample:		4792.15 time, 4820.01 real, 3 MB, 53.20 load
[runlim] sample:		4802.09 time, 4830.01 real, 3 MB, 53.24 load
[runlim] sample:		4812.03 time, 4840.01 real, 3 MB, 53.21 load
[runlim] sample:		4821.97 time, 4850.01 real, 3 MB, 53.25 load
[runlim] sample:		4831.91 time, 4860.01 real, 3 MB, 53.21 load
[runlim] sample:		4841.86 time, 4870.01 real, 3 MB, 53.26 load
[runlim] sample:		4851.80 time, 4880.01 real, 3 MB, 53.22 load
[runlim] sample:		4861.74 time, 4890.01 real, 3 MB, 53.26 load
[runlim] sample:		4871.68 time, 4900.01 real, 3 MB, 53.22 load
[runlim] sample:		4881.62 time, 4910.01 real, 3 MB, 53.26 load
[runlim] sample:		4891.56 time, 4920.01 real, 3 MB, 53.22 load
[runlim] sample:		4901.50 time, 4930.01 real, 3 MB, 53.19 load
[runlim] sample:		4911.45 time, 4940.01 real, 3 MB, 53.24 load
[runlim] sample:		4921.39 time, 4950.01 real, 3 MB, 53.27 load
[runlim] sample:		4931.33 time, 4960.01 real, 3 MB, 53.23 load
[runlim] sample:		4941.27 time, 4970.01 real, 3 MB, 53.27 load
[runlim] sample:		4951.22 time, 4980.01 real, 3 MB, 52.22 load
[runlim] sample:		4961.16 time, 4990.01 real, 3 MB, 50.33 load
[runlim] sample:		4971.11 time, 5000.01 real, 3 MB, 47.43 load
[runlim] end:			Thu Apr  9 21:38:58 2026
[runlim] status:		out of time
[runlim] result:		2
[runlim] children:		1
[runlim] processes:		2
[runlim] real:			5000.05 seconds
[runlim] time:			4971.11 seconds
[runlim] space:			3 MB
[runlim] load:			57.96 maximum
[runlim] samples:		50000
