[runlim] version:		2.0.0rc1
[runlim] host:			m05n05
[runlim] time limit:		311040000 seconds
[runlim] real time limit:	5000 seconds
[runlim] space limit:		7000 MB
[runlim] argv[0]:		./binary
[runlim] argv[1]:		-c
[runlim] argv[2]:		-s
[runlim] argv[3]:		/tmp/local-unzipped-12459991-2-89-mc2025_track1_083.cnf
[runlim] start:			Thu Apr  9 20:15:27 2026
[runlim] child:			3687611
[runlim] sample:		9.95 time, 10.01 real, 5 MB, 27.11 load
[runlim] sample:		19.90 time, 20.01 real, 5 MB, 28.17 load
[runlim] sample:		29.86 time, 30.01 real, 5 MB, 28.91 load
[runlim] sample:		39.81 time, 40.01 real, 5 MB, 29.53 load
[runlim] sample:		49.76 time, 50.01 real, 5 MB, 29.99 load
[runlim] sample:		59.72 time, 60.01 real, 5 MB, 30.30 load
[runlim] sample:		69.67 time, 70.01 real, 5 MB, 30.56 load
[runlim] sample:		79.62 time, 80.01 real, 5 MB, 30.70 load
[runlim] sample:		89.57 time, 90.01 real, 5 MB, 30.75 load
[runlim] sample:		99.52 time, 100.01 real, 5 MB, 30.79 load
[runlim] sample:		109.48 time, 110.01 real, 5 MB, 30.82 load
[runlim] sample:		119.43 time, 120.01 real, 5 MB, 30.85 load
[runlim] sample:		129.38 time, 130.01 real, 5 MB, 30.87 load
[runlim] sample:		139.34 time, 140.01 real, 5 MB, 30.89 load
[runlim] sample:		149.29 time, 150.01 real, 5 MB, 30.91 load
[runlim] sample:		159.24 time, 160.01 real, 5 MB, 31.00 load
[runlim] sample:		169.19 time, 170.01 real, 5 MB, 31.00 load
[runlim] sample:		179.15 time, 180.01 real, 5 MB, 31.00 load
[runlim] sample:		189.10 time, 190.01 real, 5 MB, 31.00 load
[runlim] sample:		199.05 time, 200.01 real, 5 MB, 31.00 load
[runlim] sample:		209.00 time, 210.01 real, 5 MB, 31.16 load
[runlim] sample:		218.95 time, 220.01 real, 5 MB, 31.21 load
[runlim] sample:		228.90 time, 230.01 real, 5 MB, 31.18 load
[runlim] sample:		238.86 time, 240.01 real, 5 MB, 31.15 load
[runlim] sample:		248.81 time, 250.01 real, 5 MB, 30.97 load
[runlim] sample:		258.76 time, 260.01 real, 5 MB, 30.82 load
[runlim] sample:		268.72 time, 270.01 real, 5 MB, 30.70 load
[runlim] sample:		278.67 time, 280.01 real, 5 MB, 30.59 load
[runlim] sample:		288.62 time, 290.01 real, 5 MB, 30.50 load
[runlim] sample:		298.57 time, 300.01 real, 5 MB, 30.42 load
[runlim] sample:		308.52 time, 310.01 real, 5 MB, 30.36 load
[runlim] sample:		318.48 time, 320.01 real, 5 MB, 30.30 load
[runlim] sample:		328.43 time, 330.01 real, 5 MB, 30.25 load
[runlim] sample:		338.38 time, 340.01 real, 5 MB, 30.29 load
[runlim] sample:		348.33 time, 350.01 real, 5 MB, 30.24 load
[runlim] sample:		358.29 time, 360.01 real, 5 MB, 30.21 load
[runlim] sample:		368.24 time, 370.01 real, 5 MB, 30.17 load
[runlim] sample:		378.19 time, 380.01 real, 5 MB, 30.15 load
[runlim] sample:		388.15 time, 390.01 real, 5 MB, 30.12 load
[runlim] sample:		398.10 time, 400.01 real, 5 MB, 30.18 load
[runlim] sample:		408.05 time, 410.01 real, 5 MB, 30.16 load
[runlim] sample:		418.00 time, 420.01 real, 5 MB, 30.13 load
[runlim] sample:		427.96 time, 430.01 real, 5 MB, 30.11 load
[runlim] sample:		437.91 time, 440.01 real, 5 MB, 30.09 load
[runlim] sample:		447.86 time, 450.01 real, 5 MB, 30.08 load
[runlim] sample:		457.81 time, 460.01 real, 5 MB, 30.15 load
[runlim] sample:		467.77 time, 470.01 real, 5 MB, 30.12 load
[runlim] sample:		477.72 time, 480.01 real, 5 MB, 30.10 load
[runlim] sample:		487.67 time, 490.01 real, 5 MB, 30.09 load
[runlim] sample:		497.62 time, 500.01 real, 5 MB, 30.07 load
[runlim] sample:		507.58 time, 510.01 real, 5 MB, 30.06 load
[runlim] sample:		517.53 time, 520.01 real, 5 MB, 30.05 load
[runlim] sample:		527.48 time, 530.01 real, 5 MB, 30.04 load
[runlim] sample:		537.43 time, 540.01 real, 5 MB, 30.04 load
[runlim] sample:		547.38 time, 550.01 real, 5 MB, 30.03 load
[runlim] sample:		557.33 time, 560.01 real, 5 MB, 30.02 load
[runlim] sample:		567.29 time, 570.01 real, 5 MB, 30.02 load
[runlim] sample:		577.24 time, 580.01 real, 5 MB, 30.02 load
[runlim] sample:		587.19 time, 590.01 real, 5 MB, 30.01 load
[runlim] sample:		597.14 time, 600.01 real, 5 MB, 30.08 load
[runlim] sample:		607.09 time, 610.01 real, 5 MB, 30.07 load
[runlim] sample:		617.04 time, 620.01 real, 5 MB, 30.06 load
[runlim] sample:		627.00 time, 630.01 real, 5 MB, 30.05 load
[runlim] sample:		636.94 time, 640.01 real, 5 MB, 30.04 load
[runlim] sample:		646.89 time, 650.01 real, 5 MB, 30.04 load
[runlim] sample:		656.84 time, 660.01 real, 5 MB, 30.03 load
[runlim] sample:		666.79 time, 670.01 real, 5 MB, 30.02 load
[runlim] sample:		676.74 time, 680.01 real, 5 MB, 30.02 load
[runlim] sample:		686.68 time, 690.01 real, 5 MB, 30.02 load
[runlim] sample:		696.63 time, 700.01 real, 5 MB, 30.01 load
[runlim] sample:		706.58 time, 710.01 real, 5 MB, 30.17 load
[runlim] sample:		716.53 time, 720.01 real, 5 MB, 30.14 load
[runlim] sample:		726.47 time, 730.01 real, 5 MB, 30.12 load
[runlim] sample:		736.42 time, 740.01 real, 5 MB, 30.10 load
[runlim] sample:		746.37 time, 750.01 real, 5 MB, 30.09 load
[runlim] sample:		756.32 time, 760.01 real, 5 MB, 30.07 load
[runlim] sample:		766.26 time, 770.01 real, 5 MB, 30.14 load
[runlim] sample:		776.21 time, 780.01 real, 5 MB, 30.11 load
[runlim] sample:		786.16 time, 790.01 real, 5 MB, 30.10 load
[runlim] sample:		796.10 time, 800.01 real, 5 MB, 30.08 load
[runlim] sample:		806.05 time, 810.01 real, 5 MB, 30.15 load
[runlim] sample:		816.00 time, 820.01 real, 5 MB, 30.12 load
[runlim] sample:		825.94 time, 830.01 real, 5 MB, 30.10 load
[runlim] sample:		835.89 time, 840.01 real, 5 MB, 30.09 load
[runlim] sample:		845.84 time, 850.01 real, 5 MB, 30.07 load
[runlim] sample:		855.79 time, 860.01 real, 5 MB, 30.06 load
[runlim] sample:		865.74 time, 870.01 real, 5 MB, 30.05 load
[runlim] sample:		875.68 time, 880.01 real, 5 MB, 30.04 load
[runlim] sample:		885.63 time, 890.01 real, 5 MB, 30.04 load
[runlim] sample:		895.58 time, 900.01 real, 5 MB, 30.18 load
[runlim] sample:		905.52 time, 910.01 real, 5 MB, 30.16 load
[runlim] sample:		915.47 time, 920.01 real, 5 MB, 30.13 load
[runlim] sample:		925.42 time, 930.01 real, 5 MB, 30.11 load
[runlim] sample:		935.37 time, 940.01 real, 5 MB, 30.09 load
[runlim] sample:		945.32 time, 950.01 real, 5 MB, 30.08 load
[runlim] sample:		955.27 time, 960.01 real, 5 MB, 30.15 load
[runlim] sample:		965.21 time, 970.01 real, 5 MB, 30.12 load
[runlim] sample:		975.16 time, 980.01 real, 5 MB, 30.10 load
[runlim] sample:		985.11 time, 990.01 real, 5 MB, 30.09 load
[runlim] sample:		995.06 time, 1000.01 real, 5 MB, 30.07 load
[runlim] sample:		1005.01 time, 1010.01 real, 5 MB, 30.06 load
[runlim] sample:		1014.96 time, 1020.01 real, 5 MB, 30.28 load
[runlim] sample:		1024.91 time, 1030.01 real, 5 MB, 30.24 load
[runlim] sample:		1034.86 time, 1040.01 real, 5 MB, 30.20 load
[runlim] sample:		1044.80 time, 1050.01 real, 5 MB, 30.17 load
[runlim] sample:		1054.75 time, 1060.01 real, 5 MB, 30.22 load
[runlim] sample:		1064.70 time, 1070.01 real, 5 MB, 30.18 load
[runlim] sample:		1074.65 time, 1080.01 real, 5 MB, 30.23 load
[runlim] sample:		1084.60 time, 1090.01 real, 5 MB, 30.20 load
[runlim] sample:		1094.55 time, 1100.01 real, 5 MB, 30.17 load
[runlim] sample:		1104.49 time, 1110.01 real, 5 MB, 30.14 load
[runlim] sample:		1114.44 time, 1120.01 real, 5 MB, 30.19 load
[runlim] sample:		1124.39 time, 1130.01 real, 5 MB, 30.16 load
[runlim] sample:		1134.34 time, 1140.01 real, 5 MB, 30.22 load
[runlim] sample:		1144.29 time, 1150.01 real, 5 MB, 30.18 load
[runlim] sample:		1154.23 time, 1160.01 real, 5 MB, 30.16 load
[runlim] sample:		1164.18 time, 1170.01 real, 5 MB, 30.13 load
[runlim] sample:		1174.13 time, 1180.01 real, 5 MB, 30.11 load
[runlim] sample:		1184.08 time, 1190.01 real, 5 MB, 30.09 load
[runlim] sample:		1194.03 time, 1200.01 real, 5 MB, 30.08 load
[runlim] sample:		1203.97 time, 1210.01 real, 5 MB, 30.37 load
[runlim] sample:		1213.92 time, 1220.01 real, 5 MB, 30.32 load
[runlim] sample:		1223.87 time, 1230.01 real, 5 MB, 30.27 load
[runlim] sample:		1233.82 time, 1240.01 real, 5 MB, 30.23 load
[runlim] sample:		1243.76 time, 1250.01 real, 5 MB, 30.19 load
[runlim] sample:		1253.71 time, 1260.01 real, 5 MB, 30.16 load
[runlim] sample:		1263.66 time, 1270.01 real, 5 MB, 30.21 load
[runlim] sample:		1273.61 time, 1280.01 real, 5 MB, 30.18 load
[runlim] sample:		1283.55 time, 1290.01 real, 5 MB, 30.15 load
[runlim] sample:		1293.50 time, 1300.01 real, 5 MB, 30.13 load
[runlim] sample:		1303.45 time, 1310.01 real, 5 MB, 30.11 load
[runlim] sample:		1313.39 time, 1320.01 real, 5 MB, 30.09 load
[runlim] sample:		1323.34 time, 1330.01 real, 5 MB, 30.08 load
[runlim] sample:		1333.29 time, 1340.01 real, 5 MB, 30.06 load
[runlim] sample:		1343.24 time, 1350.01 real, 5 MB, 29.97 load
[runlim] sample:		1353.18 time, 1360.01 real, 5 MB, 29.82 load
[runlim] sample:		1363.13 time, 1370.01 real, 5 MB, 29.70 load
[runlim] sample:		1373.08 time, 1380.01 real, 5 MB, 29.59 load
[runlim] sample:		1383.03 time, 1390.01 real, 5 MB, 29.50 load
[runlim] sample:		1392.98 time, 1400.01 real, 5 MB, 29.42 load
[runlim] sample:		1402.93 time, 1410.01 real, 5 MB, 29.36 load
[runlim] sample:		1412.88 time, 1420.01 real, 5 MB, 29.30 load
[runlim] sample:		1422.83 time, 1430.01 real, 5 MB, 29.25 load
[runlim] sample:		1432.78 time, 1440.01 real, 5 MB, 29.21 load
[runlim] sample:		1442.73 time, 1450.01 real, 5 MB, 29.25 load
[runlim] sample:		1452.68 time, 1460.01 real, 5 MB, 29.21 load
[runlim] sample:		1462.63 time, 1470.01 real, 5 MB, 29.18 load
[runlim] sample:		1472.58 time, 1480.01 real, 5 MB, 29.15 load
[runlim] sample:		1482.53 time, 1490.01 real, 5 MB, 29.13 load
[runlim] sample:		1492.47 time, 1500.01 real, 5 MB, 29.18 load
[runlim] sample:		1502.42 time, 1510.01 real, 5 MB, 29.15 load
[runlim] sample:		1512.37 time, 1520.01 real, 5 MB, 29.28 load
[runlim] sample:		1522.32 time, 1530.01 real, 5 MB, 29.23 load
[runlim] sample:		1532.27 time, 1540.01 real, 5 MB, 29.20 load
[runlim] sample:		1542.22 time, 1550.01 real, 5 MB, 29.17 load
[runlim] sample:		1552.16 time, 1560.01 real, 5 MB, 29.14 load
[runlim] sample:		1562.11 time, 1570.01 real, 5 MB, 29.12 load
[runlim] sample:		1572.06 time, 1580.01 real, 5 MB, 29.10 load
[runlim] sample:		1582.01 time, 1590.01 real, 5 MB, 29.08 load
[runlim] sample:		1591.96 time, 1600.01 real, 5 MB, 29.07 load
[runlim] sample:		1601.90 time, 1610.01 real, 5 MB, 29.06 load
[runlim] sample:		1611.85 time, 1620.01 real, 5 MB, 29.05 load
[runlim] sample:		1621.80 time, 1630.01 real, 5 MB, 29.04 load
[runlim] sample:		1631.75 time, 1640.01 real, 5 MB, 29.04 load
[runlim] sample:		1641.69 time, 1650.01 real, 5 MB, 29.03 load
[runlim] sample:		1651.64 time, 1660.01 real, 5 MB, 29.02 load
[runlim] sample:		1661.59 time, 1670.01 real, 5 MB, 29.02 load
[runlim] sample:		1671.54 time, 1680.01 real, 5 MB, 29.02 load
[runlim] sample:		1681.49 time, 1690.01 real, 5 MB, 29.01 load
[runlim] sample:		1691.44 time, 1700.01 real, 5 MB, 29.01 load
[runlim] sample:		1701.39 time, 1710.01 real, 5 MB, 29.24 load
[runlim] sample:		1711.33 time, 1720.01 real, 5 MB, 29.21 load
[runlim] sample:		1721.28 time, 1730.01 real, 5 MB, 29.17 load
[runlim] sample:		1731.23 time, 1740.01 real, 5 MB, 29.15 load
[runlim] sample:		1741.18 time, 1750.01 real, 5 MB, 29.12 load
[runlim] sample:		1751.13 time, 1760.01 real, 5 MB, 29.10 load
[runlim] sample:		1761.07 time, 1770.01 real, 5 MB, 29.16 load
[runlim] sample:		1771.02 time, 1780.01 real, 5 MB, 29.14 load
[runlim] sample:		1780.97 time, 1790.01 real, 5 MB, 29.11 load
[runlim] sample:		1790.92 time, 1800.01 real, 5 MB, 29.18 load
[runlim] sample:		1800.87 time, 1810.01 real, 5 MB, 29.15 load
[runlim] sample:		1810.82 time, 1820.01 real, 5 MB, 29.13 load
[runlim] sample:		1820.77 time, 1830.01 real, 5 MB, 29.11 load
[runlim] sample:		1830.71 time, 1840.01 real, 5 MB, 29.09 load
[runlim] sample:		1840.66 time, 1850.01 real, 5 MB, 29.08 load
[runlim] sample:		1850.61 time, 1860.01 real, 5 MB, 29.06 load
[runlim] sample:		1860.56 time, 1870.01 real, 5 MB, 29.05 load
[runlim] sample:		1870.50 time, 1880.01 real, 5 MB, 29.04 load
[runlim] sample:		1880.45 time, 1890.01 real, 5 MB, 29.11 load
[runlim] sample:		1890.40 time, 1900.01 real, 5 MB, 29.09 load
[runlim] sample:		1900.35 time, 1910.01 real, 5 MB, 29.08 load
[runlim] sample:		1910.30 time, 1920.01 real, 5 MB, 29.07 load
[runlim] sample:		1920.24 time, 1930.01 real, 5 MB, 29.06 load
[runlim] sample:		1930.19 time, 1940.01 real, 5 MB, 29.05 load
[runlim] sample:		1940.14 time, 1950.01 real, 5 MB, 29.11 load
[runlim] sample:		1950.09 time, 1960.01 real, 5 MB, 29.10 load
[runlim] sample:		1960.04 time, 1970.01 real, 5 MB, 29.08 load
[runlim] sample:		1969.98 time, 1980.01 real, 5 MB, 29.07 load
[runlim] sample:		1979.93 time, 1990.01 real, 5 MB, 29.06 load
[runlim] sample:		1989.88 time, 2000.01 real, 5 MB, 29.05 load
[runlim] sample:		1999.83 time, 2010.01 real, 5 MB, 29.04 load
[runlim] sample:		2009.78 time, 2020.01 real, 5 MB, 29.11 load
[runlim] sample:		2019.73 time, 2030.01 real, 5 MB, 29.16 load
[runlim] sample:		2029.68 time, 2040.01 real, 5 MB, 29.14 load
[runlim] sample:		2039.63 time, 2050.01 real, 5 MB, 29.12 load
[runlim] sample:		2049.58 time, 2060.01 real, 5 MB, 29.10 load
[runlim] sample:		2059.53 time, 2070.01 real, 5 MB, 29.08 load
[runlim] sample:		2069.48 time, 2080.01 real, 5 MB, 29.07 load
[runlim] sample:		2079.42 time, 2090.01 real, 5 MB, 29.06 load
[runlim] sample:		2089.37 time, 2100.01 real, 5 MB, 29.05 load
[runlim] sample:		2099.32 time, 2110.01 real, 5 MB, 29.04 load
[runlim] sample:		2109.27 time, 2120.01 real, 5 MB, 29.03 load
[runlim] sample:		2119.22 time, 2130.01 real, 5 MB, 28.87 load
[runlim] sample:		2129.17 time, 2140.01 real, 5 MB, 28.74 load
[runlim] sample:		2139.12 time, 2150.01 real, 5 MB, 28.63 load
[runlim] sample:		2149.07 time, 2160.01 real, 5 MB, 28.53 load
[runlim] sample:		2159.02 time, 2170.01 real, 5 MB, 28.45 load
[runlim] sample:		2168.97 time, 2180.01 real, 5 MB, 28.38 load
[runlim] sample:		2178.92 time, 2190.01 real, 5 MB, 28.32 load
[runlim] sample:		2188.87 time, 2200.01 real, 5 MB, 28.27 load
[runlim] sample:		2198.82 time, 2210.01 real, 5 MB, 28.39 load
[runlim] sample:		2208.77 time, 2220.01 real, 5 MB, 28.33 load
[runlim] sample:		2218.72 time, 2230.01 real, 5 MB, 28.36 load
[runlim] sample:		2228.67 time, 2240.01 real, 5 MB, 28.46 load
[runlim] sample:		2238.62 time, 2250.01 real, 5 MB, 28.39 load
[runlim] sample:		2248.57 time, 2260.01 real, 5 MB, 28.33 load
[runlim] sample:		2258.52 time, 2270.01 real, 5 MB, 28.28 load
[runlim] sample:		2268.47 time, 2280.01 real, 5 MB, 28.32 load
[runlim] sample:		2278.42 time, 2290.01 real, 5 MB, 28.27 load
[runlim] sample:		2288.37 time, 2300.01 real, 5 MB, 28.23 load
[runlim] sample:		2298.32 time, 2310.01 real, 5 MB, 28.19 load
[runlim] sample:		2308.27 time, 2320.01 real, 5 MB, 28.16 load
[runlim] sample:		2318.22 time, 2330.01 real, 5 MB, 28.14 load
[runlim] sample:		2328.17 time, 2340.01 real, 5 MB, 28.27 load
[runlim] sample:		2338.12 time, 2350.01 real, 5 MB, 28.46 load
[runlim] sample:		2348.08 time, 2360.01 real, 5 MB, 28.55 load
[runlim] sample:		2358.03 time, 2370.01 real, 5 MB, 28.62 load
[runlim] sample:		2367.98 time, 2380.01 real, 5 MB, 28.68 load
[runlim] sample:		2377.93 time, 2390.01 real, 5 MB, 28.73 load
[runlim] sample:		2387.88 time, 2400.01 real, 5 MB, 28.77 load
[runlim] sample:		2397.83 time, 2410.01 real, 5 MB, 28.80 load
[runlim] sample:		2407.78 time, 2420.01 real, 5 MB, 28.83 load
[runlim] sample:		2417.73 time, 2430.01 real, 5 MB, 28.86 load
[runlim] sample:		2427.67 time, 2440.01 real, 5 MB, 28.73 load
[runlim] sample:		2437.62 time, 2450.01 real, 5 MB, 28.62 load
[runlim] sample:		2447.57 time, 2460.01 real, 5 MB, 28.52 load
[runlim] sample:		2457.52 time, 2470.01 real, 5 MB, 28.44 load
[runlim] sample:		2467.47 time, 2480.01 real, 5 MB, 28.37 load
[runlim] sample:		2477.42 time, 2490.01 real, 5 MB, 28.31 load
[runlim] sample:		2487.37 time, 2500.01 real, 5 MB, 28.27 load
[runlim] sample:		2497.32 time, 2510.01 real, 5 MB, 28.22 load
[runlim] sample:		2507.27 time, 2520.01 real, 5 MB, 28.26 load
[runlim] sample:		2517.22 time, 2530.01 real, 5 MB, 28.30 load
[runlim] sample:		2527.17 time, 2540.01 real, 5 MB, 28.26 load
[runlim] sample:		2537.11 time, 2550.01 real, 5 MB, 28.22 load
[runlim] sample:		2547.06 time, 2560.01 real, 5 MB, 28.18 load
[runlim] sample:		2557.01 time, 2570.01 real, 5 MB, 28.23 load
[runlim] sample:		2566.96 time, 2580.01 real, 5 MB, 28.20 load
[runlim] sample:		2576.91 time, 2590.01 real, 5 MB, 28.17 load
[runlim] sample:		2586.86 time, 2600.01 real, 5 MB, 28.14 load
[runlim] sample:		2596.81 time, 2610.01 real, 5 MB, 28.12 load
[runlim] sample:		2606.76 time, 2620.01 real, 5 MB, 28.10 load
[runlim] sample:		2616.71 time, 2630.01 real, 5 MB, 28.08 load
[runlim] sample:		2626.66 time, 2640.01 real, 5 MB, 28.07 load
[runlim] sample:		2636.61 time, 2650.01 real, 5 MB, 28.06 load
[runlim] sample:		2646.56 time, 2660.01 real, 5 MB, 28.05 load
[runlim] sample:		2656.51 time, 2670.01 real, 5 MB, 28.04 load
[runlim] sample:		2666.46 time, 2680.01 real, 5 MB, 28.04 load
[runlim] sample:		2676.41 time, 2690.01 real, 5 MB, 28.03 load
[runlim] sample:		2686.36 time, 2700.01 real, 5 MB, 28.02 load
[runlim] sample:		2696.31 time, 2710.01 real, 5 MB, 28.18 load
[runlim] sample:		2706.26 time, 2720.01 real, 5 MB, 28.15 load
[runlim] sample:		2716.21 time, 2730.01 real, 5 MB, 28.13 load
[runlim] sample:		2726.16 time, 2740.01 real, 5 MB, 28.11 load
[runlim] sample:		2736.10 time, 2750.01 real, 5 MB, 28.09 load
[runlim] sample:		2746.05 time, 2760.01 real, 5 MB, 28.08 load
[runlim] sample:		2756.00 time, 2770.01 real, 5 MB, 28.06 load
[runlim] sample:		2765.95 time, 2780.01 real, 5 MB, 28.05 load
[runlim] sample:		2775.90 time, 2790.01 real, 5 MB, 28.05 load
[runlim] sample:		2785.85 time, 2800.01 real, 5 MB, 28.04 load
[runlim] sample:		2795.80 time, 2810.01 real, 5 MB, 28.03 load
[runlim] sample:		2805.75 time, 2820.01 real, 5 MB, 28.03 load
[runlim] sample:		2815.70 time, 2830.01 real, 5 MB, 28.02 load
[runlim] sample:		2825.65 time, 2840.01 real, 5 MB, 28.02 load
[runlim] sample:		2835.60 time, 2850.01 real, 5 MB, 28.02 load
[runlim] sample:		2845.55 time, 2860.01 real, 5 MB, 28.01 load
[runlim] sample:		2855.50 time, 2870.01 real, 5 MB, 28.01 load
[runlim] sample:		2865.45 time, 2880.01 real, 5 MB, 28.01 load
[runlim] sample:		2875.40 time, 2890.01 real, 5 MB, 28.01 load
[runlim] sample:		2885.35 time, 2900.01 real, 5 MB, 28.00 load
[runlim] sample:		2895.30 time, 2910.01 real, 5 MB, 28.08 load
[runlim] sample:		2905.25 time, 2920.01 real, 5 MB, 28.15 load
[runlim] sample:		2915.20 time, 2930.01 real, 5 MB, 28.13 load
[runlim] sample:		2925.15 time, 2940.01 real, 5 MB, 28.11 load
[runlim] sample:		2935.10 time, 2950.01 real, 5 MB, 28.09 load
[runlim] sample:		2945.05 time, 2960.01 real, 5 MB, 28.08 load
[runlim] sample:		2955.00 time, 2970.01 real, 5 MB, 28.14 load
[runlim] sample:		2964.95 time, 2980.01 real, 5 MB, 28.12 load
[runlim] sample:		2974.90 time, 2990.01 real, 5 MB, 28.10 load
[runlim] sample:		2984.85 time, 3000.01 real, 5 MB, 28.09 load
[runlim] sample:		2994.80 time, 3010.01 real, 5 MB, 28.07 load
[runlim] sample:		3004.75 time, 3020.01 real, 5 MB, 28.14 load
[runlim] sample:		3014.70 time, 3030.01 real, 5 MB, 28.19 load
[runlim] sample:		3024.65 time, 3040.01 real, 5 MB, 28.16 load
[runlim] sample:		3034.60 time, 3050.01 real, 5 MB, 28.14 load
[runlim] sample:		3044.55 time, 3060.01 real, 5 MB, 28.12 load
[runlim] sample:		3054.50 time, 3070.01 real, 5 MB, 28.10 load
[runlim] sample:		3064.45 time, 3080.01 real, 5 MB, 28.08 load
[runlim] sample:		3074.40 time, 3090.01 real, 5 MB, 28.15 load
[runlim] sample:		3084.35 time, 3100.01 real, 5 MB, 28.13 load
[runlim] sample:		3094.30 time, 3110.01 real, 5 MB, 28.11 load
[runlim] sample:		3104.25 time, 3120.01 real, 5 MB, 28.09 load
[runlim] sample:		3114.20 time, 3130.01 real, 5 MB, 28.15 load
[runlim] sample:		3124.15 time, 3140.01 real, 5 MB, 28.13 load
[runlim] sample:		3134.10 time, 3150.01 real, 5 MB, 28.11 load
[runlim] sample:		3144.05 time, 3160.01 real, 5 MB, 28.09 load
[runlim] sample:		3154.00 time, 3170.01 real, 5 MB, 28.08 load
[runlim] sample:		3163.95 time, 3180.01 real, 5 MB, 28.06 load
[runlim] sample:		3173.90 time, 3190.01 real, 5 MB, 28.05 load
[runlim] sample:		3183.85 time, 3200.01 real, 5 MB, 28.04 load
[runlim] sample:		3193.80 time, 3210.01 real, 5 MB, 28.20 load
[runlim] sample:		3203.75 time, 3220.01 real, 5 MB, 28.17 load
[runlim] sample:		3213.70 time, 3230.01 real, 5 MB, 28.14 load
[runlim] sample:		3223.65 time, 3240.01 real, 5 MB, 28.12 load
[runlim] sample:		3233.60 time, 3250.01 real, 5 MB, 28.17 load
[runlim] sample:		3243.55 time, 3260.01 real, 5 MB, 28.15 load
[runlim] sample:		3253.50 time, 3270.01 real, 5 MB, 28.12 load
[runlim] sample:		3263.45 time, 3280.01 real, 5 MB, 28.10 load
[runlim] sample:		3273.40 time, 3290.01 real, 5 MB, 28.09 load
[runlim] sample:		3283.35 time, 3300.01 real, 5 MB, 28.07 load
[runlim] sample:		3293.30 time, 3310.01 real, 5 MB, 28.06 load
[runlim] sample:		3303.25 time, 3320.01 real, 5 MB, 28.05 load
[runlim] sample:		3313.20 time, 3330.01 real, 5 MB, 28.04 load
[runlim] sample:		3323.15 time, 3340.01 real, 5 MB, 28.04 load
[runlim] sample:		3333.10 time, 3350.01 real, 5 MB, 28.03 load
[runlim] sample:		3343.05 time, 3360.01 real, 5 MB, 28.10 load
[runlim] sample:		3353.00 time, 3370.01 real, 5 MB, 28.08 load
[runlim] sample:		3362.95 time, 3380.01 real, 5 MB, 28.07 load
[runlim] sample:		3372.91 time, 3390.01 real, 5 MB, 28.06 load
[runlim] sample:		3382.86 time, 3400.01 real, 5 MB, 28.05 load
[runlim] sample:		3392.81 time, 3410.01 real, 5 MB, 28.28 load
[runlim] sample:		3402.76 time, 3420.01 real, 5 MB, 28.24 load
[runlim] sample:		3412.71 time, 3430.01 real, 5 MB, 28.20 load
[runlim] sample:		3422.66 time, 3440.01 real, 5 MB, 28.17 load
[runlim] sample:		3432.61 time, 3450.01 real, 5 MB, 28.14 load
[runlim] sample:		3442.56 time, 3460.01 real, 5 MB, 29.23 load
[runlim] sample:		3452.52 time, 3470.01 real, 5 MB, 29.04 load
[runlim] sample:		3462.47 time, 3480.01 real, 5 MB, 28.88 load
[runlim] sample:		3472.42 time, 3490.01 real, 5 MB, 28.74 load
[runlim] sample:		3482.37 time, 3500.01 real, 5 MB, 28.63 load
[runlim] sample:		3492.32 time, 3510.01 real, 5 MB, 28.53 load
[runlim] sample:		3502.27 time, 3520.01 real, 5 MB, 28.52 load
[runlim] sample:		3512.22 time, 3530.01 real, 5 MB, 28.44 load
[runlim] sample:		3522.17 time, 3540.01 real, 5 MB, 28.37 load
[runlim] sample:		3532.13 time, 3550.01 real, 5 MB, 28.32 load
[runlim] sample:		3542.08 time, 3560.01 real, 5 MB, 28.27 load
[runlim] sample:		3552.03 time, 3570.01 real, 5 MB, 28.23 load
[runlim] sample:		3561.98 time, 3580.01 real, 5 MB, 28.19 load
[runlim] sample:		3571.93 time, 3590.01 real, 5 MB, 28.16 load
[runlim] sample:		3581.88 time, 3600.01 real, 5 MB, 28.14 load
[runlim] sample:		3591.83 time, 3610.01 real, 5 MB, 28.11 load
[runlim] sample:		3601.78 time, 3620.01 real, 5 MB, 28.10 load
[runlim] sample:		3611.74 time, 3630.01 real, 5 MB, 28.08 load
[runlim] sample:		3621.69 time, 3640.01 real, 5 MB, 28.07 load
[runlim] sample:		3631.64 time, 3650.01 real, 5 MB, 28.14 load
[runlim] sample:		3641.59 time, 3660.01 real, 5 MB, 28.12 load
[runlim] sample:		3651.54 time, 3670.01 real, 5 MB, 28.10 load
[runlim] sample:		3661.49 time, 3680.01 real, 5 MB, 28.08 load
[runlim] sample:		3671.44 time, 3690.01 real, 5 MB, 28.07 load
[runlim] sample:		3681.39 time, 3700.01 real, 5 MB, 28.06 load
[runlim] sample:		3691.35 time, 3710.01 real, 5 MB, 28.29 load
[runlim] sample:		3701.30 time, 3720.01 real, 5 MB, 28.24 load
[runlim] sample:		3711.25 time, 3730.01 real, 5 MB, 28.21 load
[runlim] sample:		3721.20 time, 3740.01 real, 5 MB, 28.17 load
[runlim] sample:		3731.15 time, 3750.01 real, 5 MB, 28.15 load
[runlim] sample:		3741.10 time, 3760.01 real, 5 MB, 28.12 load
[runlim] sample:		3751.05 time, 3770.01 real, 5 MB, 28.18 load
[runlim] sample:		3761.00 time, 3780.01 real, 5 MB, 28.16 load
[runlim] sample:		3770.95 time, 3790.01 real, 5 MB, 28.13 load
[runlim] sample:		3780.90 time, 3800.01 real, 5 MB, 28.11 load
[runlim] sample:		3790.85 time, 3810.01 real, 5 MB, 28.09 load
[runlim] sample:		3800.81 time, 3820.01 real, 5 MB, 28.08 load
[runlim] sample:		3810.76 time, 3830.01 real, 5 MB, 28.15 load
[runlim] sample:		3820.71 time, 3840.01 real, 5 MB, 28.12 load
[runlim] sample:		3830.66 time, 3850.01 real, 5 MB, 28.10 load
[runlim] sample:		3840.61 time, 3860.01 real, 5 MB, 28.09 load
[runlim] sample:		3850.56 time, 3870.01 real, 5 MB, 28.07 load
[runlim] sample:		3860.51 time, 3880.01 real, 5 MB, 28.21 load
[runlim] sample:		3870.46 time, 3890.01 real, 5 MB, 28.26 load
[runlim] sample:		3880.41 time, 3900.01 real, 5 MB, 28.22 load
[runlim] sample:		3890.36 time, 3910.01 real, 5 MB, 28.18 load
[runlim] sample:		3900.31 time, 3920.01 real, 5 MB, 28.15 load
[runlim] sample:		3910.27 time, 3930.01 real, 5 MB, 28.13 load
[runlim] sample:		3920.22 time, 3940.01 real, 5 MB, 28.11 load
[runlim] sample:		3930.17 time, 3950.01 real, 5 MB, 28.17 load
[runlim] sample:		3940.12 time, 3960.01 real, 5 MB, 28.23 load
[runlim] sample:		3950.07 time, 3970.01 real, 5 MB, 28.19 load
[runlim] sample:		3960.02 time, 3980.01 real, 5 MB, 28.16 load
[runlim] sample:		3969.97 time, 3990.01 real, 5 MB, 28.14 load
[runlim] sample:		3979.92 time, 4000.01 real, 5 MB, 28.11 load
[runlim] sample:		3989.87 time, 4010.01 real, 5 MB, 28.10 load
[runlim] sample:		3999.83 time, 4020.01 real, 5 MB, 28.15 load
[runlim] sample:		4009.78 time, 4030.01 real, 5 MB, 28.13 load
[runlim] sample:		4019.73 time, 4040.01 real, 5 MB, 28.11 load
[runlim] sample:		4029.68 time, 4050.01 real, 5 MB, 28.09 load
[runlim] sample:		4039.64 time, 4060.01 real, 5 MB, 28.08 load
[runlim] sample:		4049.59 time, 4070.01 real, 5 MB, 28.07 load
[runlim] sample:		4059.54 time, 4080.01 real, 5 MB, 28.06 load
[runlim] sample:		4069.49 time, 4090.01 real, 5 MB, 28.05 load
[runlim] sample:		4079.44 time, 4100.01 real, 5 MB, 28.04 load
[runlim] sample:		4089.39 time, 4110.01 real, 5 MB, 28.03 load
[runlim] sample:		4099.34 time, 4120.01 real, 5 MB, 28.03 load
[runlim] sample:		4109.29 time, 4130.01 real, 5 MB, 28.02 load
[runlim] sample:		4119.24 time, 4140.01 real, 5 MB, 28.02 load
[runlim] sample:		4129.20 time, 4150.01 real, 5 MB, 28.02 load
[runlim] sample:		4139.15 time, 4160.01 real, 5 MB, 28.01 load
[runlim] sample:		4149.10 time, 4170.01 real, 5 MB, 28.01 load
[runlim] sample:		4159.05 time, 4180.01 real, 5 MB, 28.01 load
[runlim] sample:		4169.00 time, 4190.01 real, 5 MB, 28.01 load
[runlim] sample:		4178.96 time, 4200.01 real, 5 MB, 28.00 load
[runlim] sample:		4188.91 time, 4210.01 real, 5 MB, 28.24 load
[runlim] sample:		4198.86 time, 4220.01 real, 5 MB, 28.21 load
[runlim] sample:		4208.81 time, 4230.01 real, 5 MB, 28.17 load
[runlim] sample:		4218.76 time, 4240.01 real, 5 MB, 28.15 load
[runlim] sample:		4228.71 time, 4250.01 real, 5 MB, 28.12 load
[runlim] sample:		4238.67 time, 4260.01 real, 5 MB, 28.10 load
[runlim] sample:		4248.62 time, 4270.01 real, 5 MB, 28.17 load
[runlim] sample:		4258.57 time, 4280.01 real, 5 MB, 28.14 load
[runlim] sample:		4268.52 time, 4290.01 real, 5 MB, 28.12 load
[runlim] sample:		4278.47 time, 4300.01 real, 5 MB, 28.10 load
[runlim] sample:		4288.42 time, 4310.01 real, 5 MB, 28.08 load
[runlim] sample:		4298.38 time, 4320.01 real, 5 MB, 28.07 load
[runlim] sample:		4308.33 time, 4330.01 real, 5 MB, 28.14 load
[runlim] sample:		4318.28 time, 4340.01 real, 5 MB, 28.12 load
[runlim] sample:		4328.23 time, 4350.01 real, 5 MB, 28.10 load
[runlim] sample:		4338.18 time, 4360.01 real, 5 MB, 28.31 load
[runlim] sample:		4348.13 time, 4370.01 real, 5 MB, 28.26 load
[runlim] sample:		4358.09 time, 4380.01 real, 5 MB, 28.22 load
[runlim] sample:		4368.04 time, 4390.01 real, 5 MB, 28.26 load
[runlim] sample:		4377.99 time, 4400.01 real, 5 MB, 28.22 load
[runlim] sample:		4387.94 time, 4410.01 real, 5 MB, 28.18 load
[runlim] sample:		4397.89 time, 4420.01 real, 5 MB, 28.16 load
[runlim] sample:		4407.84 time, 4430.01 real, 5 MB, 28.13 load
[runlim] sample:		4417.79 time, 4440.01 real, 5 MB, 28.11 load
[runlim] sample:		4427.75 time, 4450.01 real, 5 MB, 28.09 load
[runlim] sample:		4437.70 time, 4460.01 real, 5 MB, 28.08 load
[runlim] sample:		4447.65 time, 4470.01 real, 5 MB, 28.07 load
[runlim] sample:		4457.60 time, 4480.01 real, 5 MB, 28.06 load
[runlim] sample:		4467.55 time, 4490.01 real, 5 MB, 28.05 load
[runlim] sample:		4477.50 time, 4500.01 real, 5 MB, 28.12 load
[runlim] sample:		4487.45 time, 4510.01 real, 5 MB, 28.10 load
[runlim] sample:		4497.40 time, 4520.01 real, 5 MB, 28.23 load
[runlim] sample:		4507.35 time, 4530.01 real, 5 MB, 28.20 load
[runlim] sample:		4517.31 time, 4540.01 real, 5 MB, 28.17 load
[runlim] sample:		4527.26 time, 4550.01 real, 5 MB, 28.14 load
[runlim] sample:		4537.21 time, 4560.01 real, 5 MB, 28.12 load
[runlim] sample:		4547.17 time, 4570.01 real, 5 MB, 28.10 load
[runlim] sample:		4557.12 time, 4580.01 real, 5 MB, 28.08 load
[runlim] sample:		4567.07 time, 4590.01 real, 5 MB, 28.07 load
[runlim] sample:		4577.02 time, 4600.01 real, 5 MB, 28.06 load
[runlim] sample:		4586.97 time, 4610.01 real, 5 MB, 28.05 load
[runlim] sample:		4596.93 time, 4620.01 real, 5 MB, 28.04 load
[runlim] sample:		4606.88 time, 4630.01 real, 5 MB, 28.03 load
[runlim] sample:		4616.83 time, 4640.01 real, 5 MB, 28.03 load
[runlim] sample:		4626.79 time, 4650.01 real, 5 MB, 28.02 load
[runlim] sample:		4636.74 time, 4660.01 real, 5 MB, 28.02 load
[runlim] sample:		4646.69 time, 4670.01 real, 5 MB, 28.02 load
[runlim] sample:		4656.64 time, 4680.01 real, 5 MB, 28.01 load
[runlim] sample:		4666.60 time, 4690.01 real, 5 MB, 28.01 load
[runlim] sample:		4676.55 time, 4700.01 real, 5 MB, 28.01 load
[runlim] sample:		4686.50 time, 4710.01 real, 5 MB, 28.09 load
[runlim] sample:		4696.45 time, 4720.01 real, 5 MB, 28.07 load
[runlim] sample:		4706.41 time, 4730.01 real, 5 MB, 28.06 load
[runlim] sample:		4716.36 time, 4740.01 real, 5 MB, 28.05 load
[runlim] sample:		4726.31 time, 4750.01 real, 5 MB, 28.04 load
[runlim] sample:		4736.26 time, 4760.01 real, 5 MB, 28.04 load
[runlim] sample:		4746.21 time, 4770.01 real, 5 MB, 28.03 load
[runlim] sample:		4756.17 time, 4780.01 real, 5 MB, 28.02 load
[runlim] sample:		4766.12 time, 4790.01 real, 5 MB, 28.02 load
[runlim] sample:		4776.07 time, 4800.01 real, 5 MB, 28.02 load
[runlim] sample:		4786.02 time, 4810.01 real, 5 MB, 28.01 load
[runlim] sample:		4795.97 time, 4820.01 real, 5 MB, 28.01 load
[runlim] sample:		4805.93 time, 4830.01 real, 5 MB, 28.01 load
[runlim] sample:		4815.88 time, 4840.01 real, 5 MB, 28.08 load
[runlim] sample:		4825.83 time, 4850.01 real, 5 MB, 28.07 load
[runlim] sample:		4835.78 time, 4860.01 real, 5 MB, 28.06 load
[runlim] sample:		4845.74 time, 4870.01 real, 5 MB, 28.05 load
[runlim] sample:		4855.69 time, 4880.01 real, 5 MB, 28.04 load
[runlim] sample:		4865.64 time, 4890.01 real, 5 MB, 28.03 load
[runlim] sample:		4875.59 time, 4900.01 real, 5 MB, 28.03 load
[runlim] sample:		4885.55 time, 4910.01 real, 5 MB, 28.02 load
[runlim] sample:		4895.50 time, 4920.01 real, 5 MB, 28.02 load
[runlim] sample:		4905.46 time, 4930.01 real, 5 MB, 28.02 load
[runlim] sample:		4915.41 time, 4940.01 real, 5 MB, 28.01 load
[runlim] sample:		4925.36 time, 4950.01 real, 5 MB, 28.01 load
[runlim] sample:		4935.31 time, 4960.01 real, 5 MB, 28.01 load
[runlim] sample:		4945.27 time, 4970.01 real, 5 MB, 28.01 load
[runlim] sample:		4955.22 time, 4980.01 real, 5 MB, 27.84 load
[runlim] sample:		4965.17 time, 4990.01 real, 5 MB, 26.78 load
[runlim] sample:		4975.12 time, 5000.01 real, 5 MB, 24.57 load
[runlim] end:			Thu Apr  9 21:38:47 2026
[runlim] status:		out of time
[runlim] result:		2
[runlim] children:		1
[runlim] processes:		2
[runlim] real:			5000.05 seconds
[runlim] time:			4975.12 seconds
[runlim] space:			5 MB
[runlim] load:			31.23 maximum
[runlim] samples:		50000
