[runlim] version:		2.0.0rc1
[runlim] host:			p07n24
[runlim] time limit:		311040000 seconds
[runlim] real time limit:	5000 seconds
[runlim] space limit:		7000 MB
[runlim] argv[0]:		./binary
[runlim] argv[1]:		-c
[runlim] argv[2]:		-s
[runlim] argv[3]:		/tmp/local-unzipped-12459991-1-26-mc2025_track1_115.cnf
[runlim] start:			Thu Apr  9 20:15:29 2026
[runlim] child:			2359647
[runlim] sample:		9.94 time, 10.01 real, 45 MB, 28.39 load
[runlim] sample:		19.87 time, 20.01 real, 46 MB, 30.35 load
[runlim] sample:		29.80 time, 30.01 real, 46 MB, 33.62 load
[runlim] sample:		39.73 time, 40.01 real, 46 MB, 37.92 load
[runlim] sample:		49.67 time, 50.01 real, 46 MB, 41.63 load
[runlim] sample:		59.61 time, 60.01 real, 46 MB, 44.76 load
[runlim] sample:		69.54 time, 70.01 real, 46 MB, 47.41 load
[runlim] sample:		79.47 time, 80.01 real, 46 MB, 49.49 load
[runlim] sample:		89.41 time, 90.01 real, 46 MB, 51.11 load
[runlim] sample:		99.34 time, 100.01 real, 46 MB, 52.62 load
[runlim] sample:		109.27 time, 110.01 real, 46 MB, 53.76 load
[runlim] sample:		119.21 time, 120.01 real, 46 MB, 54.56 load
[runlim] sample:		129.15 time, 130.01 real, 46 MB, 55.25 load
[runlim] sample:		139.09 time, 140.01 real, 46 MB, 55.82 load
[runlim] sample:		149.03 time, 150.01 real, 46 MB, 56.16 load
[runlim] sample:		158.97 time, 160.01 real, 46 MB, 56.52 load
[runlim] sample:		168.91 time, 170.01 real, 46 MB, 56.75 load
[runlim] sample:		178.85 time, 180.01 real, 46 MB, 56.94 load
[runlim] sample:		188.79 time, 190.01 real, 46 MB, 57.11 load
[runlim] sample:		198.73 time, 200.01 real, 46 MB, 57.24 load
[runlim] sample:		208.67 time, 210.01 real, 46 MB, 57.43 load
[runlim] sample:		218.60 time, 220.01 real, 46 MB, 57.52 load
[runlim] sample:		228.52 time, 230.01 real, 46 MB, 57.60 load
[runlim] sample:		238.45 time, 240.01 real, 46 MB, 57.66 load
[runlim] sample:		248.39 time, 250.01 real, 46 MB, 57.79 load
[runlim] sample:		258.33 time, 260.01 real, 46 MB, 57.82 load
[runlim] sample:		268.26 time, 270.01 real, 46 MB, 57.69 load
[runlim] sample:		278.20 time, 280.01 real, 46 MB, 57.88 load
[runlim] sample:		288.13 time, 290.01 real, 46 MB, 57.67 load
[runlim] sample:		298.07 time, 300.01 real, 46 MB, 57.72 load
[runlim] sample:		308.00 time, 310.01 real, 46 MB, 57.69 load
[runlim] sample:		317.94 time, 320.01 real, 46 MB, 57.58 load
[runlim] sample:		327.89 time, 330.02 real, 46 MB, 57.57 load
[runlim] sample:		337.81 time, 340.01 real, 46 MB, 57.49 load
[runlim] sample:		347.75 time, 350.01 real, 46 MB, 57.57 load
[runlim] sample:		357.68 time, 360.01 real, 46 MB, 57.56 load
[runlim] sample:		367.62 time, 370.01 real, 46 MB, 57.47 load
[runlim] sample:		377.56 time, 380.01 real, 46 MB, 57.55 load
[runlim] sample:		387.49 time, 390.01 real, 46 MB, 57.62 load
[runlim] sample:		397.42 time, 400.01 real, 46 MB, 57.68 load
[runlim] sample:		407.35 time, 410.01 real, 46 MB, 57.49 load
[runlim] sample:		417.27 time, 420.01 real, 46 MB, 57.26 load
[runlim] sample:		427.21 time, 430.01 real, 46 MB, 57.07 load
[runlim] sample:		437.13 time, 440.01 real, 46 MB, 56.90 load
[runlim] sample:		447.06 time, 450.01 real, 46 MB, 56.76 load
[runlim] sample:		456.99 time, 460.01 real, 46 MB, 56.79 load
[runlim] sample:		466.92 time, 470.01 real, 46 MB, 56.67 load
[runlim] sample:		476.85 time, 480.01 real, 46 MB, 56.65 load
[runlim] sample:		486.78 time, 490.01 real, 46 MB, 56.55 load
[runlim] sample:		496.71 time, 500.01 real, 46 MB, 56.46 load
[runlim] sample:		506.66 time, 510.01 real, 46 MB, 56.39 load
[runlim] sample:		516.59 time, 520.01 real, 46 MB, 56.49 load
[runlim] sample:		526.52 time, 530.01 real, 46 MB, 56.41 load
[runlim] sample:		536.45 time, 540.01 real, 46 MB, 56.35 load
[runlim] sample:		546.38 time, 550.01 real, 46 MB, 56.14 load
[runlim] sample:		556.30 time, 560.01 real, 46 MB, 55.88 load
[runlim] sample:		566.23 time, 570.01 real, 46 MB, 55.59 load
[runlim] sample:		576.07 time, 580.01 real, 46 MB, 55.42 load
[runlim] sample:		586.00 time, 590.01 real, 46 MB, 55.35 load
[runlim] sample:		595.95 time, 600.01 real, 46 MB, 55.14 load
[runlim] sample:		605.88 time, 610.01 real, 46 MB, 54.97 load
[runlim] sample:		615.81 time, 620.01 real, 46 MB, 54.82 load
[runlim] sample:		625.75 time, 630.01 real, 46 MB, 54.69 load
[runlim] sample:		635.68 time, 640.01 real, 46 MB, 54.66 load
[runlim] sample:		645.61 time, 650.01 real, 46 MB, 54.56 load
[runlim] sample:		655.55 time, 660.01 real, 46 MB, 54.47 load
[runlim] sample:		665.48 time, 670.01 real, 46 MB, 54.40 load
[runlim] sample:		675.42 time, 680.01 real, 46 MB, 54.34 load
[runlim] sample:		685.35 time, 690.01 real, 46 MB, 54.28 load
[runlim] sample:		695.30 time, 700.01 real, 46 MB, 54.32 load
[runlim] sample:		705.24 time, 710.01 real, 46 MB, 54.27 load
[runlim] sample:		715.18 time, 720.01 real, 46 MB, 54.30 load
[runlim] sample:		725.11 time, 730.01 real, 46 MB, 54.26 load
[runlim] sample:		735.05 time, 740.01 real, 46 MB, 54.22 load
[runlim] sample:		744.99 time, 750.01 real, 46 MB, 54.18 load
[runlim] sample:		754.92 time, 760.01 real, 46 MB, 54.31 load
[runlim] sample:		764.85 time, 770.01 real, 46 MB, 54.26 load
[runlim] sample:		774.79 time, 780.01 real, 46 MB, 54.22 load
[runlim] sample:		784.72 time, 790.01 real, 46 MB, 54.27 load
[runlim] sample:		794.65 time, 800.01 real, 46 MB, 54.22 load
[runlim] sample:		804.59 time, 810.01 real, 46 MB, 54.04 load
[runlim] sample:		814.52 time, 820.01 real, 46 MB, 54.04 load
[runlim] sample:		824.46 time, 830.01 real, 46 MB, 53.88 load
[runlim] sample:		834.39 time, 840.01 real, 46 MB, 53.74 load
[runlim] sample:		844.32 time, 850.01 real, 46 MB, 53.71 load
[runlim] sample:		854.26 time, 860.01 real, 46 MB, 53.60 load
[runlim] sample:		864.19 time, 870.01 real, 46 MB, 53.51 load
[runlim] sample:		874.13 time, 880.01 real, 46 MB, 53.50 load
[runlim] sample:		884.06 time, 890.01 real, 46 MB, 53.42 load
[runlim] sample:		893.99 time, 900.01 real, 46 MB, 53.36 load
[runlim] sample:		903.93 time, 910.01 real, 46 MB, 53.69 load
[runlim] sample:		913.86 time, 920.01 real, 46 MB, 53.58 load
[runlim] sample:		923.79 time, 930.01 real, 46 MB, 53.82 load
[runlim] sample:		933.72 time, 940.01 real, 46 MB, 53.69 load
[runlim] sample:		943.66 time, 950.01 real, 46 MB, 53.66 load
[runlim] sample:		953.60 time, 960.01 real, 46 MB, 53.64 load
[runlim] sample:		963.54 time, 970.01 real, 46 MB, 53.54 load
[runlim] sample:		973.47 time, 980.01 real, 46 MB, 53.45 load
[runlim] sample:		983.41 time, 990.01 real, 46 MB, 53.38 load
[runlim] sample:		993.34 time, 1000.01 real, 46 MB, 53.32 load
[runlim] sample:		1003.28 time, 1010.01 real, 46 MB, 53.27 load
[runlim] sample:		1013.21 time, 1020.01 real, 46 MB, 53.23 load
[runlim] sample:		1023.14 time, 1030.01 real, 46 MB, 53.20 load
[runlim] sample:		1033.08 time, 1040.01 real, 46 MB, 53.16 load
[runlim] sample:		1043.01 time, 1050.01 real, 46 MB, 53.14 load
[runlim] sample:		1052.95 time, 1060.01 real, 46 MB, 53.12 load
[runlim] sample:		1062.88 time, 1070.01 real, 46 MB, 53.10 load
[runlim] sample:		1072.81 time, 1080.01 real, 46 MB, 53.16 load
[runlim] sample:		1082.75 time, 1090.01 real, 46 MB, 53.21 load
[runlim] sample:		1092.68 time, 1100.01 real, 46 MB, 53.18 load
[runlim] sample:		1102.62 time, 1110.01 real, 46 MB, 53.15 load
[runlim] sample:		1112.55 time, 1120.01 real, 46 MB, 53.13 load
[runlim] sample:		1122.48 time, 1130.01 real, 46 MB, 53.11 load
[runlim] sample:		1132.42 time, 1140.01 real, 46 MB, 53.16 load
[runlim] sample:		1142.35 time, 1150.01 real, 46 MB, 53.14 load
[runlim] sample:		1152.29 time, 1160.01 real, 46 MB, 53.20 load
[runlim] sample:		1162.22 time, 1170.01 real, 46 MB, 53.24 load
[runlim] sample:		1172.15 time, 1180.01 real, 46 MB, 53.20 load
[runlim] sample:		1182.08 time, 1190.01 real, 46 MB, 53.17 load
[runlim] sample:		1192.02 time, 1200.01 real, 46 MB, 53.31 load
[runlim] sample:		1201.95 time, 1210.01 real, 46 MB, 53.26 load
[runlim] sample:		1211.89 time, 1220.01 real, 46 MB, 53.22 load
[runlim] sample:		1221.82 time, 1230.01 real, 46 MB, 53.18 load
[runlim] sample:		1231.76 time, 1240.01 real, 46 MB, 53.16 load
[runlim] sample:		1241.69 time, 1250.01 real, 46 MB, 53.13 load
[runlim] sample:		1251.63 time, 1260.01 real, 46 MB, 53.27 load
[runlim] sample:		1261.56 time, 1270.01 real, 46 MB, 53.30 load
[runlim] sample:		1271.50 time, 1280.01 real, 46 MB, 53.26 load
[runlim] sample:		1281.44 time, 1290.01 real, 46 MB, 53.29 load
[runlim] sample:		1291.38 time, 1300.01 real, 46 MB, 53.25 load
[runlim] sample:		1301.31 time, 1310.01 real, 46 MB, 53.21 load
[runlim] sample:		1311.25 time, 1320.01 real, 46 MB, 53.26 load
[runlim] sample:		1321.18 time, 1330.01 real, 46 MB, 53.29 load
[runlim] sample:		1331.12 time, 1340.01 real, 46 MB, 53.32 load
[runlim] sample:		1341.06 time, 1350.01 real, 46 MB, 53.50 load
[runlim] sample:		1350.99 time, 1360.01 real, 46 MB, 53.43 load
[runlim] sample:		1360.93 time, 1370.01 real, 46 MB, 53.36 load
[runlim] sample:		1370.86 time, 1380.01 real, 46 MB, 53.38 load
[runlim] sample:		1380.80 time, 1390.01 real, 46 MB, 53.40 load
[runlim] sample:		1390.74 time, 1400.01 real, 46 MB, 53.34 load
[runlim] sample:		1400.67 time, 1410.01 real, 46 MB, 53.28 load
[runlim] sample:		1410.61 time, 1420.01 real, 46 MB, 53.24 load
[runlim] sample:		1420.54 time, 1430.01 real, 46 MB, 53.20 load
[runlim] sample:		1430.48 time, 1440.01 real, 46 MB, 53.25 load
[runlim] sample:		1440.41 time, 1450.01 real, 46 MB, 53.37 load
[runlim] sample:		1450.34 time, 1460.01 real, 46 MB, 53.31 load
[runlim] sample:		1460.28 time, 1470.01 real, 46 MB, 53.34 load
[runlim] sample:		1470.21 time, 1480.01 real, 46 MB, 53.28 load
[runlim] sample:		1480.15 time, 1490.01 real, 46 MB, 53.31 load
[runlim] sample:		1490.09 time, 1500.01 real, 46 MB, 53.42 load
[runlim] sample:		1500.02 time, 1510.01 real, 46 MB, 53.43 load
[runlim] sample:		1509.96 time, 1520.01 real, 46 MB, 53.36 load
[runlim] sample:		1519.89 time, 1530.01 real, 46 MB, 53.31 load
[runlim] sample:		1529.82 time, 1540.01 real, 46 MB, 53.26 load
[runlim] sample:		1539.75 time, 1550.01 real, 46 MB, 53.22 load
[runlim] sample:		1549.68 time, 1560.01 real, 46 MB, 53.18 load
[runlim] sample:		1559.62 time, 1570.01 real, 46 MB, 53.23 load
[runlim] sample:		1569.55 time, 1580.01 real, 46 MB, 53.19 load
[runlim] sample:		1579.47 time, 1590.01 real, 46 MB, 53.16 load
[runlim] sample:		1589.41 time, 1600.01 real, 46 MB, 53.14 load
[runlim] sample:		1599.34 time, 1610.01 real, 46 MB, 53.12 load
[runlim] sample:		1609.27 time, 1620.01 real, 46 MB, 53.25 load
[runlim] sample:		1619.21 time, 1630.01 real, 46 MB, 53.44 load
[runlim] sample:		1629.14 time, 1640.01 real, 46 MB, 53.44 load
[runlim] sample:		1639.07 time, 1650.01 real, 46 MB, 53.52 load
[runlim] sample:		1649.00 time, 1660.01 real, 46 MB, 53.44 load
[runlim] sample:		1658.93 time, 1670.01 real, 46 MB, 53.52 load
[runlim] sample:		1668.87 time, 1680.01 real, 46 MB, 53.52 load
[runlim] sample:		1678.81 time, 1690.01 real, 46 MB, 53.51 load
[runlim] sample:		1688.73 time, 1700.01 real, 46 MB, 53.52 load
[runlim] sample:		1698.68 time, 1710.01 real, 46 MB, 53.51 load
[runlim] sample:		1708.61 time, 1720.01 real, 46 MB, 53.43 load
[runlim] sample:		1718.54 time, 1730.01 real, 46 MB, 53.36 load
[runlim] sample:		1728.47 time, 1740.01 real, 46 MB, 53.31 load
[runlim] sample:		1738.40 time, 1750.01 real, 46 MB, 53.26 load
[runlim] sample:		1748.34 time, 1760.01 real, 46 MB, 53.30 load
[runlim] sample:		1758.28 time, 1770.01 real, 46 MB, 53.25 load
[runlim] sample:		1768.22 time, 1780.01 real, 46 MB, 53.21 load
[runlim] sample:		1778.15 time, 1790.01 real, 46 MB, 53.26 load
[runlim] sample:		1788.09 time, 1800.01 real, 46 MB, 53.38 load
[runlim] sample:		1798.02 time, 1810.01 real, 46 MB, 53.40 load
[runlim] sample:		1807.96 time, 1820.01 real, 46 MB, 53.33 load
[runlim] sample:		1817.89 time, 1830.01 real, 46 MB, 53.36 load
[runlim] sample:		1827.82 time, 1840.01 real, 46 MB, 53.30 load
[runlim] sample:		1837.75 time, 1850.01 real, 46 MB, 53.41 load
[runlim] sample:		1847.69 time, 1860.01 real, 46 MB, 53.35 load
[runlim] sample:		1857.62 time, 1870.01 real, 46 MB, 53.37 load
[runlim] sample:		1867.56 time, 1880.01 real, 46 MB, 53.38 load
[runlim] sample:		1877.50 time, 1890.01 real, 46 MB, 53.32 load
[runlim] sample:		1887.44 time, 1900.01 real, 46 MB, 53.35 load
[runlim] sample:		1897.38 time, 1910.01 real, 46 MB, 53.29 load
[runlim] sample:		1907.31 time, 1920.01 real, 46 MB, 53.40 load
[runlim] sample:		1917.25 time, 1930.01 real, 46 MB, 53.42 load
[runlim] sample:		1927.19 time, 1940.01 real, 46 MB, 53.36 load
[runlim] sample:		1937.12 time, 1950.01 real, 46 MB, 53.30 load
[runlim] sample:		1947.06 time, 1960.01 real, 46 MB, 53.25 load
[runlim] sample:		1956.99 time, 1970.01 real, 46 MB, 53.21 load
[runlim] sample:		1966.93 time, 1980.01 real, 46 MB, 53.18 load
[runlim] sample:		1976.86 time, 1990.01 real, 46 MB, 53.15 load
[runlim] sample:		1986.79 time, 2000.01 real, 46 MB, 53.13 load
[runlim] sample:		1996.72 time, 2010.01 real, 46 MB, 53.11 load
[runlim] sample:		2006.65 time, 2020.01 real, 46 MB, 53.09 load
[runlim] sample:		2016.59 time, 2030.01 real, 46 MB, 53.08 load
[runlim] sample:		2026.52 time, 2040.01 real, 46 MB, 53.06 load
[runlim] sample:		2036.46 time, 2050.01 real, 46 MB, 53.13 load
[runlim] sample:		2046.39 time, 2060.01 real, 46 MB, 53.11 load
[runlim] sample:		2056.33 time, 2070.01 real, 46 MB, 53.16 load
[runlim] sample:		2066.26 time, 2080.01 real, 46 MB, 53.14 load
[runlim] sample:		2076.20 time, 2090.01 real, 46 MB, 53.12 load
[runlim] sample:		2086.13 time, 2100.01 real, 46 MB, 53.10 load
[runlim] sample:		2096.07 time, 2110.01 real, 46 MB, 53.08 load
[runlim] sample:		2106.01 time, 2120.01 real, 46 MB, 53.07 load
[runlim] sample:		2115.94 time, 2130.01 real, 46 MB, 53.06 load
[runlim] sample:		2125.87 time, 2140.01 real, 46 MB, 53.05 load
[runlim] sample:		2135.81 time, 2150.01 real, 46 MB, 53.04 load
[runlim] sample:		2145.74 time, 2160.01 real, 46 MB, 53.12 load
[runlim] sample:		2155.68 time, 2170.01 real, 46 MB, 53.10 load
[runlim] sample:		2165.62 time, 2180.01 real, 46 MB, 53.08 load
[runlim] sample:		2175.56 time, 2190.01 real, 46 MB, 53.07 load
[runlim] sample:		2185.49 time, 2200.01 real, 46 MB, 53.06 load
[runlim] sample:		2195.43 time, 2210.01 real, 46 MB, 53.12 load
[runlim] sample:		2205.36 time, 2220.01 real, 46 MB, 53.10 load
[runlim] sample:		2215.30 time, 2230.01 real, 46 MB, 53.09 load
[runlim] sample:		2225.24 time, 2240.01 real, 46 MB, 53.07 load
[runlim] sample:		2235.17 time, 2250.01 real, 46 MB, 53.06 load
[runlim] sample:		2245.11 time, 2260.01 real, 46 MB, 53.05 load
[runlim] sample:		2255.05 time, 2270.01 real, 46 MB, 53.12 load
[runlim] sample:		2264.98 time, 2280.01 real, 46 MB, 53.10 load
[runlim] sample:		2274.92 time, 2290.01 real, 46 MB, 53.17 load
[runlim] sample:		2284.86 time, 2300.01 real, 46 MB, 53.14 load
[runlim] sample:		2294.79 time, 2310.01 real, 46 MB, 53.12 load
[runlim] sample:		2304.73 time, 2320.01 real, 46 MB, 53.32 load
[runlim] sample:		2314.66 time, 2330.01 real, 46 MB, 53.35 load
[runlim] sample:		2324.60 time, 2340.01 real, 46 MB, 53.29 load
[runlim] sample:		2334.53 time, 2350.01 real, 46 MB, 53.47 load
[runlim] sample:		2344.47 time, 2360.01 real, 46 MB, 53.48 load
[runlim] sample:		2354.40 time, 2370.01 real, 46 MB, 53.40 load
[runlim] sample:		2364.34 time, 2380.01 real, 46 MB, 53.56 load
[runlim] sample:		2374.28 time, 2390.01 real, 46 MB, 53.47 load
[runlim] sample:		2384.22 time, 2400.01 real, 46 MB, 53.48 load
[runlim] sample:		2394.14 time, 2410.01 real, 46 MB, 53.48 load
[runlim] sample:		2404.07 time, 2420.01 real, 46 MB, 53.40 load
[runlim] sample:		2414.01 time, 2430.01 real, 46 MB, 53.34 load
[runlim] sample:		2423.94 time, 2440.01 real, 46 MB, 53.36 load
[runlim] sample:		2433.87 time, 2450.01 real, 46 MB, 53.39 load
[runlim] sample:		2443.79 time, 2460.01 real, 46 MB, 53.33 load
[runlim] sample:		2453.73 time, 2470.01 real, 46 MB, 53.35 load
[runlim] sample:		2463.66 time, 2480.01 real, 46 MB, 53.30 load
[runlim] sample:		2473.59 time, 2490.01 real, 46 MB, 53.25 load
[runlim] sample:		2483.52 time, 2500.01 real, 46 MB, 53.29 load
[runlim] sample:		2493.44 time, 2510.01 real, 46 MB, 53.24 load
[runlim] sample:		2503.38 time, 2520.01 real, 46 MB, 53.20 load
[runlim] sample:		2513.31 time, 2530.01 real, 46 MB, 53.32 load
[runlim] sample:		2523.24 time, 2540.01 real, 46 MB, 53.27 load
[runlim] sample:		2533.19 time, 2550.01 real, 46 MB, 53.23 load
[runlim] sample:		2543.12 time, 2560.01 real, 46 MB, 53.27 load
[runlim] sample:		2553.05 time, 2570.01 real, 46 MB, 53.22 load
[runlim] sample:		2562.99 time, 2580.01 real, 46 MB, 53.27 load
[runlim] sample:		2572.92 time, 2590.01 real, 46 MB, 53.46 load
[runlim] sample:		2582.86 time, 2600.01 real, 46 MB, 53.39 load
[runlim] sample:		2592.79 time, 2610.01 real, 46 MB, 53.40 load
[runlim] sample:		2602.72 time, 2620.01 real, 46 MB, 53.41 load
[runlim] sample:		2612.67 time, 2630.01 real, 46 MB, 53.35 load
[runlim] sample:		2622.61 time, 2640.01 real, 46 MB, 53.29 load
[runlim] sample:		2632.54 time, 2650.01 real, 46 MB, 53.40 load
[runlim] sample:		2642.48 time, 2660.01 real, 46 MB, 53.33 load
[runlim] sample:		2652.41 time, 2670.01 real, 46 MB, 53.28 load
[runlim] sample:		2662.35 time, 2680.01 real, 46 MB, 53.24 load
[runlim] sample:		2672.28 time, 2690.01 real, 46 MB, 53.20 load
[runlim] sample:		2682.22 time, 2700.01 real, 46 MB, 53.17 load
[runlim] sample:		2692.15 time, 2710.01 real, 46 MB, 53.22 load
[runlim] sample:		2702.09 time, 2720.01 real, 46 MB, 53.18 load
[runlim] sample:		2712.02 time, 2730.01 real, 46 MB, 53.16 load
[runlim] sample:		2721.95 time, 2740.01 real, 46 MB, 53.50 load
[runlim] sample:		2731.89 time, 2750.01 real, 46 MB, 53.42 load
[runlim] sample:		2741.82 time, 2760.01 real, 46 MB, 53.36 load
[runlim] sample:		2751.76 time, 2770.01 real, 46 MB, 53.52 load
[runlim] sample:		2761.69 time, 2780.01 real, 46 MB, 53.44 load
[runlim] sample:		2771.63 time, 2790.01 real, 46 MB, 53.45 load
[runlim] sample:		2781.56 time, 2800.01 real, 46 MB, 53.38 load
[runlim] sample:		2791.50 time, 2810.01 real, 46 MB, 53.32 load
[runlim] sample:		2801.43 time, 2820.01 real, 46 MB, 53.27 load
[runlim] sample:		2811.37 time, 2830.01 real, 46 MB, 53.38 load
[runlim] sample:		2821.31 time, 2840.01 real, 46 MB, 53.32 load
[runlim] sample:		2831.25 time, 2850.01 real, 46 MB, 53.35 load
[runlim] sample:		2841.18 time, 2860.01 real, 46 MB, 53.29 load
[runlim] sample:		2851.11 time, 2870.01 real, 46 MB, 53.25 load
[runlim] sample:		2861.05 time, 2880.01 real, 46 MB, 53.28 load
[runlim] sample:		2870.98 time, 2890.01 real, 46 MB, 53.62 load
[runlim] sample:		2880.92 time, 2900.01 real, 46 MB, 53.59 load
[runlim] sample:		2890.85 time, 2910.01 real, 46 MB, 53.50 load
[runlim] sample:		2900.78 time, 2920.01 real, 46 MB, 53.57 load
[runlim] sample:		2910.71 time, 2930.01 real, 46 MB, 53.48 load
[runlim] sample:		2920.64 time, 2940.01 real, 46 MB, 53.41 load
[runlim] sample:		2930.58 time, 2950.01 real, 46 MB, 53.57 load
[runlim] sample:		2940.51 time, 2960.01 real, 46 MB, 53.48 load
[runlim] sample:		2950.44 time, 2970.01 real, 46 MB, 53.41 load
[runlim] sample:		2960.38 time, 2980.01 real, 46 MB, 53.34 load
[runlim] sample:		2970.31 time, 2990.01 real, 46 MB, 53.29 load
[runlim] sample:		2980.25 time, 3000.01 real, 46 MB, 53.24 load
[runlim] sample:		2990.18 time, 3010.01 real, 46 MB, 53.43 load
[runlim] sample:		3000.12 time, 3020.01 real, 46 MB, 53.36 load
[runlim] sample:		3010.05 time, 3030.01 real, 46 MB, 53.30 load
[runlim] sample:		3019.98 time, 3040.01 real, 46 MB, 53.26 load
[runlim] sample:		3029.93 time, 3050.01 real, 46 MB, 53.22 load
[runlim] sample:		3039.86 time, 3060.01 real, 46 MB, 53.18 load
[runlim] sample:		3049.80 time, 3070.01 real, 46 MB, 53.38 load
[runlim] sample:		3059.73 time, 3080.01 real, 46 MB, 53.32 load
[runlim] sample:		3069.66 time, 3090.01 real, 46 MB, 53.27 load
[runlim] sample:		3079.60 time, 3100.01 real, 46 MB, 53.23 load
[runlim] sample:		3089.53 time, 3110.01 real, 46 MB, 53.27 load
[runlim] sample:		3099.46 time, 3120.01 real, 46 MB, 53.38 load
[runlim] sample:		3109.40 time, 3130.01 real, 46 MB, 53.40 load
[runlim] sample:		3119.33 time, 3140.01 real, 46 MB, 53.34 load
[runlim] sample:		3129.27 time, 3150.01 real, 46 MB, 53.28 load
[runlim] sample:		3139.20 time, 3160.01 real, 46 MB, 53.24 load
[runlim] sample:		3149.13 time, 3170.01 real, 46 MB, 53.28 load
[runlim] sample:		3159.06 time, 3180.01 real, 46 MB, 53.23 load
[runlim] sample:		3168.99 time, 3190.01 real, 46 MB, 53.42 load
[runlim] sample:		3178.93 time, 3200.01 real, 46 MB, 53.35 load
[runlim] sample:		3188.86 time, 3210.01 real, 46 MB, 53.30 load
[runlim] sample:		3198.79 time, 3220.01 real, 46 MB, 53.25 load
[runlim] sample:		3208.73 time, 3230.01 real, 46 MB, 53.29 load
[runlim] sample:		3218.66 time, 3240.01 real, 46 MB, 53.24 load
[runlim] sample:		3228.60 time, 3250.01 real, 46 MB, 53.28 load
[runlim] sample:		3238.53 time, 3260.01 real, 46 MB, 53.24 load
[runlim] sample:		3248.47 time, 3270.01 real, 46 MB, 53.20 load
[runlim] sample:		3258.40 time, 3280.01 real, 46 MB, 53.17 load
[runlim] sample:		3268.33 time, 3290.01 real, 46 MB, 53.22 load
[runlim] sample:		3278.27 time, 3300.01 real, 46 MB, 53.26 load
[runlim] sample:		3288.20 time, 3310.01 real, 46 MB, 53.30 load
[runlim] sample:		3298.13 time, 3320.01 real, 46 MB, 53.25 load
[runlim] sample:		3308.07 time, 3330.01 real, 46 MB, 53.21 load
[runlim] sample:		3318.00 time, 3340.01 real, 46 MB, 53.18 load
[runlim] sample:		3327.94 time, 3350.01 real, 46 MB, 53.15 load
[runlim] sample:		3337.87 time, 3360.01 real, 46 MB, 53.13 load
[runlim] sample:		3347.82 time, 3370.01 real, 46 MB, 53.18 load
[runlim] sample:		3357.76 time, 3380.01 real, 46 MB, 53.23 load
[runlim] sample:		3367.69 time, 3390.01 real, 46 MB, 53.19 load
[runlim] sample:		3377.63 time, 3400.01 real, 46 MB, 53.16 load
[runlim] sample:		3387.56 time, 3410.01 real, 46 MB, 53.21 load
[runlim] sample:		3397.50 time, 3420.01 real, 46 MB, 53.18 load
[runlim] sample:		3407.43 time, 3430.01 real, 46 MB, 53.22 load
[runlim] sample:		3417.37 time, 3440.01 real, 46 MB, 53.35 load
[runlim] sample:		3427.30 time, 3450.01 real, 46 MB, 53.37 load
[runlim] sample:		3437.24 time, 3460.01 real, 46 MB, 53.31 load
[runlim] sample:		3447.17 time, 3470.01 real, 46 MB, 53.34 load
[runlim] sample:		3457.11 time, 3480.01 real, 46 MB, 53.29 load
[runlim] sample:		3467.04 time, 3490.01 real, 46 MB, 53.39 load
[runlim] sample:		3476.98 time, 3500.01 real, 46 MB, 53.33 load
[runlim] sample:		3486.92 time, 3510.01 real, 46 MB, 53.28 load
[runlim] sample:		3496.85 time, 3520.01 real, 46 MB, 53.24 load
[runlim] sample:		3506.79 time, 3530.01 real, 46 MB, 53.27 load
[runlim] sample:		3516.72 time, 3540.01 real, 46 MB, 53.23 load
[runlim] sample:		3526.66 time, 3550.01 real, 46 MB, 53.27 load
[runlim] sample:		3536.59 time, 3560.01 real, 46 MB, 53.23 load
[runlim] sample:		3546.53 time, 3570.01 real, 46 MB, 53.19 load
[runlim] sample:		3556.46 time, 3580.01 real, 46 MB, 53.16 load
[runlim] sample:		3566.40 time, 3590.01 real, 46 MB, 53.21 load
[runlim] sample:		3576.33 time, 3600.01 real, 46 MB, 53.18 load
[runlim] sample:		3586.27 time, 3610.01 real, 46 MB, 53.22 load
[runlim] sample:		3596.20 time, 3620.01 real, 46 MB, 53.19 load
[runlim] sample:		3606.13 time, 3630.01 real, 46 MB, 53.16 load
[runlim] sample:		3616.07 time, 3640.01 real, 46 MB, 53.13 load
[runlim] sample:		3626.00 time, 3650.01 real, 46 MB, 53.19 load
[runlim] sample:		3635.93 time, 3660.01 real, 46 MB, 53.16 load
[runlim] sample:		3645.87 time, 3670.01 real, 46 MB, 53.28 load
[runlim] sample:		3655.80 time, 3680.01 real, 46 MB, 53.24 load
[runlim] sample:		3665.74 time, 3690.01 real, 46 MB, 53.20 load
[runlim] sample:		3675.67 time, 3700.01 real, 46 MB, 53.17 load
[runlim] sample:		3685.61 time, 3710.01 real, 46 MB, 53.22 load
[runlim] sample:		3695.54 time, 3720.01 real, 46 MB, 53.19 load
[runlim] sample:		3705.48 time, 3730.01 real, 46 MB, 53.23 load
[runlim] sample:		3715.41 time, 3740.01 real, 46 MB, 53.20 load
[runlim] sample:		3725.34 time, 3750.01 real, 46 MB, 53.24 load
[runlim] sample:		3735.28 time, 3760.01 real, 46 MB, 53.36 load
[runlim] sample:		3745.21 time, 3770.01 real, 46 MB, 53.30 load
[runlim] sample:		3755.15 time, 3780.01 real, 46 MB, 53.26 load
[runlim] sample:		3765.08 time, 3790.01 real, 46 MB, 53.36 load
[runlim] sample:		3775.01 time, 3800.01 real, 46 MB, 53.53 load
[runlim] sample:		3784.95 time, 3810.01 real, 46 MB, 53.45 load
[runlim] sample:		3794.88 time, 3820.01 real, 46 MB, 53.38 load
[runlim] sample:		3804.81 time, 3830.01 real, 46 MB, 53.32 load
[runlim] sample:		3814.75 time, 3840.01 real, 46 MB, 53.27 load
[runlim] sample:		3824.68 time, 3850.01 real, 46 MB, 53.46 load
[runlim] sample:		3834.62 time, 3860.01 real, 46 MB, 53.39 load
[runlim] sample:		3844.55 time, 3870.01 real, 46 MB, 53.33 load
[runlim] sample:		3854.49 time, 3880.01 real, 46 MB, 53.27 load
[runlim] sample:		3864.42 time, 3890.01 real, 46 MB, 53.23 load
[runlim] sample:		3874.36 time, 3900.01 real, 46 MB, 53.20 load
[runlim] sample:		3884.29 time, 3910.01 real, 46 MB, 53.24 load
[runlim] sample:		3894.22 time, 3920.01 real, 46 MB, 53.28 load
[runlim] sample:		3904.16 time, 3930.01 real, 46 MB, 53.24 load
[runlim] sample:		3914.09 time, 3940.01 real, 46 MB, 53.20 load
[runlim] sample:		3924.02 time, 3950.01 real, 46 MB, 53.17 load
[runlim] sample:		3933.96 time, 3960.01 real, 46 MB, 53.14 load
[runlim] sample:		3943.89 time, 3970.01 real, 46 MB, 53.20 load
[runlim] sample:		3953.82 time, 3980.01 real, 46 MB, 53.24 load
[runlim] sample:		3963.76 time, 3990.01 real, 46 MB, 53.20 load
[runlim] sample:		3973.69 time, 4000.01 real, 46 MB, 53.17 load
[runlim] sample:		3983.63 time, 4010.01 real, 46 MB, 53.22 load
[runlim] sample:		3993.56 time, 4020.01 real, 46 MB, 53.19 load
[runlim] sample:		4003.50 time, 4030.01 real, 46 MB, 53.23 load
[runlim] sample:		4013.43 time, 4040.01 real, 46 MB, 53.20 load
[runlim] sample:		4023.37 time, 4050.01 real, 46 MB, 53.17 load
[runlim] sample:		4033.30 time, 4060.01 real, 46 MB, 53.14 load
[runlim] sample:		4043.23 time, 4070.01 real, 46 MB, 53.20 load
[runlim] sample:		4053.17 time, 4080.01 real, 46 MB, 53.17 load
[runlim] sample:		4063.11 time, 4090.01 real, 46 MB, 53.36 load
[runlim] sample:		4073.04 time, 4100.01 real, 46 MB, 53.31 load
[runlim] sample:		4082.98 time, 4110.01 real, 46 MB, 53.34 load
[runlim] sample:		4092.92 time, 4120.01 real, 46 MB, 53.29 load
[runlim] sample:		4102.84 time, 4130.01 real, 46 MB, 53.32 load
[runlim] sample:		4112.78 time, 4140.01 real, 46 MB, 53.27 load
[runlim] sample:		4122.71 time, 4150.01 real, 46 MB, 53.46 load
[runlim] sample:		4132.65 time, 4160.01 real, 46 MB, 53.39 load
[runlim] sample:		4142.58 time, 4170.01 real, 46 MB, 53.33 load
[runlim] sample:		4152.52 time, 4180.01 real, 46 MB, 53.35 load
[runlim] sample:		4162.45 time, 4190.01 real, 46 MB, 53.30 load
[runlim] sample:		4172.39 time, 4200.01 real, 46 MB, 53.25 load
[runlim] sample:		4182.32 time, 4210.01 real, 46 MB, 53.21 load
[runlim] sample:		4192.26 time, 4220.01 real, 46 MB, 53.18 load
[runlim] sample:		4202.19 time, 4230.01 real, 46 MB, 53.15 load
[runlim] sample:		4212.13 time, 4240.01 real, 46 MB, 53.13 load
[runlim] sample:		4222.06 time, 4250.01 real, 46 MB, 53.18 load
[runlim] sample:		4231.99 time, 4260.01 real, 46 MB, 53.15 load
[runlim] sample:		4241.92 time, 4270.01 real, 46 MB, 53.20 load
[runlim] sample:		4251.86 time, 4280.01 real, 46 MB, 53.17 load
[runlim] sample:		4261.80 time, 4290.01 real, 46 MB, 53.23 load
[runlim] sample:		4271.73 time, 4300.01 real, 46 MB, 53.19 load
[runlim] sample:		4281.67 time, 4310.01 real, 46 MB, 53.24 load
[runlim] sample:		4291.60 time, 4320.01 real, 47 MB, 53.28 load
[runlim] sample:		4301.53 time, 4330.01 real, 47 MB, 53.23 load
[runlim] sample:		4311.46 time, 4340.01 real, 48 MB, 53.20 load
[runlim] sample:		4321.40 time, 4350.01 real, 48 MB, 53.25 load
[runlim] sample:		4331.33 time, 4360.01 real, 48 MB, 53.28 load
[runlim] sample:		4341.27 time, 4370.01 real, 48 MB, 53.24 load
[runlim] sample:		4351.21 time, 4380.01 real, 48 MB, 53.20 load
[runlim] sample:		4361.15 time, 4390.01 real, 48 MB, 53.33 load
[runlim] sample:		4371.08 time, 4400.01 real, 48 MB, 53.27 load
[runlim] sample:		4381.01 time, 4410.01 real, 48 MB, 53.23 load
[runlim] sample:		4390.94 time, 4420.01 real, 48 MB, 53.20 load
[runlim] sample:		4400.87 time, 4430.01 real, 48 MB, 53.16 load
[runlim] sample:		4410.81 time, 4440.01 real, 48 MB, 53.29 load
[runlim] sample:		4420.75 time, 4450.01 real, 48 MB, 53.41 load
[runlim] sample:		4430.68 time, 4460.01 real, 48 MB, 53.42 load
[runlim] sample:		4440.62 time, 4470.01 real, 48 MB, 53.35 load
[runlim] sample:		4450.55 time, 4480.01 real, 48 MB, 53.30 load
[runlim] sample:		4460.48 time, 4490.01 real, 48 MB, 53.25 load
[runlim] sample:		4470.42 time, 4500.01 real, 48 MB, 53.21 load
[runlim] sample:		4480.35 time, 4510.01 real, 48 MB, 53.33 load
[runlim] sample:		4490.28 time, 4520.01 real, 48 MB, 53.36 load
[runlim] sample:		4500.22 time, 4530.01 real, 48 MB, 53.38 load
[runlim] sample:		4510.15 time, 4540.01 real, 48 MB, 53.40 load
[runlim] sample:		4520.08 time, 4550.01 real, 48 MB, 53.34 load
[runlim] sample:		4530.02 time, 4560.01 real, 48 MB, 53.28 load
[runlim] sample:		4539.95 time, 4570.01 real, 48 MB, 53.32 load
[runlim] sample:		4549.87 time, 4580.01 real, 48 MB, 53.27 load
[runlim] sample:		4559.81 time, 4590.01 real, 48 MB, 53.23 load
[runlim] sample:		4569.74 time, 4600.01 real, 48 MB, 53.19 load
[runlim] sample:		4579.67 time, 4610.01 real, 48 MB, 53.16 load
[runlim] sample:		4589.60 time, 4620.01 real, 48 MB, 53.14 load
[runlim] sample:		4599.54 time, 4630.01 real, 48 MB, 53.20 load
[runlim] sample:		4609.48 time, 4640.01 real, 48 MB, 53.25 load
[runlim] sample:		4619.41 time, 4650.01 real, 48 MB, 53.21 load
[runlim] sample:		4629.34 time, 4660.01 real, 48 MB, 53.17 load
[runlim] sample:		4639.28 time, 4670.01 real, 48 MB, 53.15 load
[runlim] sample:		4649.21 time, 4680.01 real, 48 MB, 53.12 load
[runlim] sample:		4659.15 time, 4690.01 real, 48 MB, 53.25 load
[runlim] sample:		4669.08 time, 4700.01 real, 48 MB, 53.29 load
[runlim] sample:		4679.02 time, 4710.01 real, 48 MB, 53.33 load
[runlim] sample:		4688.94 time, 4720.01 real, 48 MB, 53.43 load
[runlim] sample:		4698.88 time, 4730.01 real, 48 MB, 53.36 load
[runlim] sample:		4708.81 time, 4740.01 real, 48 MB, 53.46 load
[runlim] sample:		4718.75 time, 4750.01 real, 48 MB, 53.39 load
[runlim] sample:		4728.68 time, 4760.01 real, 48 MB, 53.33 load
[runlim] sample:		4738.62 time, 4770.01 real, 48 MB, 53.36 load
[runlim] sample:		4748.55 time, 4780.01 real, 48 MB, 53.30 load
[runlim] sample:		4758.49 time, 4790.01 real, 48 MB, 53.26 load
[runlim] sample:		4768.42 time, 4800.01 real, 48 MB, 53.22 load
[runlim] sample:		4778.35 time, 4810.01 real, 48 MB, 53.26 load
[runlim] sample:		4788.28 time, 4820.01 real, 48 MB, 53.22 load
[runlim] sample:		4798.22 time, 4830.01 real, 48 MB, 53.26 load
[runlim] sample:		4808.16 time, 4840.01 real, 48 MB, 53.22 load
[runlim] sample:		4818.10 time, 4850.01 real, 48 MB, 53.21 load
[runlim] sample:		4828.02 time, 4860.01 real, 48 MB, 53.25 load
[runlim] sample:		4837.95 time, 4870.01 real, 48 MB, 53.21 load
[runlim] sample:		4847.89 time, 4880.01 real, 48 MB, 53.26 load
[runlim] sample:		4857.83 time, 4890.01 real, 48 MB, 53.22 load
[runlim] sample:		4867.77 time, 4900.01 real, 48 MB, 53.26 load
[runlim] sample:		4877.71 time, 4910.01 real, 48 MB, 53.22 load
[runlim] sample:		4887.64 time, 4920.01 real, 48 MB, 53.26 load
[runlim] sample:		4897.58 time, 4930.01 real, 48 MB, 53.22 load
[runlim] sample:		4907.51 time, 4940.01 real, 48 MB, 53.19 load
[runlim] sample:		4917.45 time, 4950.01 real, 48 MB, 53.24 load
[runlim] sample:		4927.39 time, 4960.01 real, 48 MB, 53.27 load
[runlim] sample:		4937.32 time, 4970.01 real, 48 MB, 53.23 load
[runlim] sample:		4947.26 time, 4980.01 real, 48 MB, 53.27 load
[runlim] sample:		4957.20 time, 4990.01 real, 48 MB, 52.22 load
[runlim] sample:		4967.14 time, 5000.01 real, 48 MB, 50.33 load
[runlim] end:			Thu Apr  9 21:38:49 2026
[runlim] status:		out of time
[runlim] result:		2
[runlim] children:		1
[runlim] processes:		2
[runlim] real:			5000.05 seconds
[runlim] time:			4967.14 seconds
[runlim] space:			55 MB
[runlim] load:			57.96 maximum
[runlim] samples:		50000
