[runlim] version:		2.0.0rc1
[runlim] host:			o03n07
[runlim] time limit:		311040000 seconds
[runlim] real time limit:	5000 seconds
[runlim] space limit:		7000 MB
[runlim] argv[0]:		./binary
[runlim] argv[1]:		-c
[runlim] argv[2]:		-f
[runlim] argv[3]:		-s
[runlim] argv[4]:		-r
[runlim] argv[5]:		/tmp/local-unzipped-12236030-2-126-BMS_k3_n100_m429_208.cnf
[runlim] start:			Fri Mar 20 16:08:27 2026
[runlim] child:			3992751
[runlim] sample:		9.96 time, 10.01 real, 3 MB, 4.79 load
[runlim] sample:		19.92 time, 20.01 real, 4 MB, 5.21 load
[runlim] sample:		29.88 time, 30.01 real, 4 MB, 5.49 load
[runlim] sample:		39.84 time, 40.01 real, 4 MB, 5.72 load
[runlim] sample:		49.80 time, 50.01 real, 4 MB, 5.76 load
[runlim] sample:		59.76 time, 60.01 real, 4 MB, 5.80 load
[runlim] sample:		69.72 time, 70.01 real, 4 MB, 5.83 load
[runlim] sample:		79.69 time, 80.01 real, 4 MB, 5.86 load
[runlim] sample:		89.65 time, 90.01 real, 4 MB, 5.88 load
[runlim] sample:		99.61 time, 100.01 real, 4 MB, 5.97 load
[runlim] sample:		109.57 time, 110.01 real, 4 MB, 5.98 load
[runlim] sample:		119.54 time, 120.01 real, 4 MB, 5.98 load
[runlim] sample:		129.50 time, 130.01 real, 4 MB, 6.13 load
[runlim] end:			Fri Mar 20 16:10:44 2026
[runlim] status:		ok
[runlim] result:		0
[runlim] children:		1
[runlim] processes:		2
[runlim] real:			137.30 seconds
[runlim] time:			136.67 seconds
[runlim] space:			4 MB
[runlim] load:			6.14 maximum
[runlim] samples:		1372
