[runlim] version:		2.0.0rc1
[runlim] host:			o03n07
[runlim] time limit:		311040000 seconds
[runlim] real time limit:	5000 seconds
[runlim] space limit:		7000 MB
[runlim] argv[0]:		./binary
[runlim] argv[1]:		-c
[runlim] argv[2]:		-f
[runlim] argv[3]:		-s
[runlim] argv[4]:		-r
[runlim] argv[5]:		/tmp/local-unzipped-12236030-2-76-BMS_k3_n100_m429_221.cnf
[runlim] start:			Fri Mar 20 16:07:37 2026
[runlim] child:			3990899
[runlim] sample:		9.97 time, 10.01 real, 3 MB, 1.47 load
[runlim] sample:		19.93 time, 20.01 real, 3 MB, 2.25 load
[runlim] sample:		29.89 time, 30.01 real, 3 MB, 2.82 load
[runlim] sample:		39.85 time, 40.01 real, 3 MB, 3.39 load
[runlim] sample:		49.81 time, 50.01 real, 4 MB, 4.03 load
[runlim] sample:		59.77 time, 60.01 real, 4 MB, 4.79 load
[runlim] sample:		69.73 time, 70.01 real, 4 MB, 5.21 load
[runlim] sample:		79.69 time, 80.01 real, 4 MB, 5.49 load
[runlim] sample:		89.65 time, 90.01 real, 4 MB, 5.72 load
[runlim] sample:		99.61 time, 100.01 real, 4 MB, 5.76 load
[runlim] sample:		109.57 time, 110.01 real, 4 MB, 5.80 load
[runlim] sample:		119.54 time, 120.01 real, 4 MB, 5.83 load
[runlim] sample:		129.50 time, 130.01 real, 4 MB, 5.86 load
[runlim] sample:		139.46 time, 140.01 real, 4 MB, 5.88 load
[runlim] sample:		149.42 time, 150.01 real, 4 MB, 5.97 load
[runlim] sample:		159.38 time, 160.01 real, 4 MB, 5.98 load
[runlim] sample:		169.34 time, 170.01 real, 4 MB, 5.98 load
[runlim] sample:		179.30 time, 180.01 real, 4 MB, 6.13 load
[runlim] sample:		189.26 time, 190.01 real, 4 MB, 6.11 load
[runlim] sample:		199.23 time, 200.01 real, 4 MB, 5.94 load
[runlim] sample:		209.19 time, 210.01 real, 4 MB, 5.87 load
[runlim] sample:		219.15 time, 220.01 real, 4 MB, 5.73 load
[runlim] sample:		229.11 time, 230.01 real, 4 MB, 5.62 load
[runlim] sample:		239.07 time, 240.01 real, 4 MB, 5.45 load
[runlim] sample:		249.03 time, 250.01 real, 4 MB, 5.30 load
[runlim] sample:		259.00 time, 260.01 real, 4 MB, 5.02 load
[runlim] sample:		268.96 time, 270.01 real, 4 MB, 4.86 load
[runlim] sample:		278.93 time, 280.01 real, 4 MB, 4.58 load
[runlim] sample:		288.90 time, 290.01 real, 4 MB, 4.33 load
[runlim] sample:		298.87 time, 300.01 real, 4 MB, 4.20 load
[runlim] sample:		308.84 time, 310.01 real, 4 MB, 4.02 load
[runlim] sample:		318.80 time, 320.01 real, 4 MB, 3.86 load
[runlim] sample:		328.77 time, 330.01 real, 4 MB, 3.80 load
[runlim] sample:		338.74 time, 340.01 real, 4 MB, 3.68 load
[runlim] sample:		348.71 time, 350.01 real, 4 MB, 3.57 load
[runlim] sample:		358.68 time, 360.01 real, 4 MB, 3.63 load
[runlim] sample:		368.65 time, 370.01 real, 4 MB, 3.53 load
[runlim] sample:		378.62 time, 380.01 real, 4 MB, 3.45 load
[runlim] sample:		388.58 time, 390.01 real, 4 MB, 3.46 load
[runlim] sample:		398.55 time, 400.01 real, 4 MB, 3.39 load
[runlim] sample:		408.52 time, 410.01 real, 4 MB, 3.33 load
[runlim] sample:		418.49 time, 420.01 real, 4 MB, 3.42 load
[runlim] sample:		428.46 time, 430.01 real, 4 MB, 3.36 load
[runlim] sample:		438.43 time, 440.01 real, 4 MB, 3.30 load
[runlim] sample:		448.38 time, 450.01 real, 5 MB, 3.10 load
[runlim] sample:		458.34 time, 460.01 real, 5 MB, 2.93 load
[runlim] sample:		468.30 time, 470.01 real, 5 MB, 2.87 load
[runlim] sample:		478.26 time, 480.01 real, 5 MB, 2.81 load
[runlim] sample:		488.22 time, 490.01 real, 5 MB, 2.68 load
[runlim] sample:		498.18 time, 500.01 real, 5 MB, 2.58 load
[runlim] sample:		508.14 time, 510.01 real, 5 MB, 2.56 load
[runlim] sample:		518.10 time, 520.01 real, 5 MB, 2.48 load
[runlim] sample:		528.06 time, 530.01 real, 5 MB, 2.48 load
[runlim] sample:		538.02 time, 540.01 real, 5 MB, 2.48 load
[runlim] sample:		547.98 time, 550.01 real, 5 MB, 2.41 load
[runlim] sample:		557.94 time, 560.01 real, 5 MB, 2.34 load
[runlim] sample:		567.90 time, 570.01 real, 5 MB, 2.29 load
[runlim] sample:		577.86 time, 580.01 real, 5 MB, 2.25 load
[runlim] sample:		587.82 time, 590.01 real, 5 MB, 2.29 load
[runlim] sample:		597.78 time, 600.01 real, 5 MB, 2.32 load
[runlim] sample:		607.74 time, 610.01 real, 5 MB, 2.27 load
[runlim] sample:		617.70 time, 620.01 real, 5 MB, 2.23 load
[runlim] sample:		627.66 time, 630.01 real, 5 MB, 2.19 load
[runlim] sample:		637.62 time, 640.01 real, 5 MB, 2.16 load
[runlim] sample:		647.58 time, 650.01 real, 5 MB, 2.14 load
[runlim] sample:		657.54 time, 660.01 real, 5 MB, 2.19 load
[runlim] sample:		667.50 time, 670.01 real, 5 MB, 2.24 load
[runlim] sample:		677.46 time, 680.01 real, 5 MB, 2.20 load
[runlim] sample:		687.42 time, 690.01 real, 5 MB, 2.17 load
[runlim] sample:		697.38 time, 700.01 real, 5 MB, 2.06 load
[runlim] sample:		707.35 time, 710.01 real, 5 MB, 2.05 load
[runlim] sample:		717.32 time, 720.01 real, 5 MB, 2.11 load
[runlim] sample:		727.28 time, 730.01 real, 5 MB, 2.02 load
[runlim] sample:		737.25 time, 740.01 real, 5 MB, 1.86 load
[runlim] sample:		747.22 time, 750.01 real, 5 MB, 1.73 load
[runlim] sample:		757.18 time, 760.01 real, 5 MB, 1.62 load
[runlim] sample:		767.15 time, 770.01 real, 5 MB, 1.52 load
[runlim] sample:		777.12 time, 780.01 real, 5 MB, 1.51 load
[runlim] sample:		787.08 time, 790.01 real, 5 MB, 1.52 load
[runlim] sample:		797.05 time, 800.01 real, 5 MB, 1.44 load
[runlim] sample:		807.02 time, 810.01 real, 5 MB, 1.52 load
[runlim] sample:		816.99 time, 820.01 real, 5 MB, 1.52 load
[runlim] sample:		826.95 time, 830.01 real, 5 MB, 1.59 load
[runlim] sample:		836.92 time, 840.01 real, 5 MB, 1.73 load
[runlim] sample:		846.89 time, 850.01 real, 5 MB, 1.77 load
[runlim] sample:		856.86 time, 860.01 real, 5 MB, 1.81 load
[runlim] sample:		866.82 time, 870.01 real, 5 MB, 1.99 load
[runlim] sample:		876.79 time, 880.01 real, 5 MB, 1.99 load
[runlim] sample:		886.75 time, 890.01 real, 5 MB, 1.91 load
[runlim] sample:		896.72 time, 900.01 real, 5 MB, 1.92 load
[runlim] sample:		906.69 time, 910.01 real, 5 MB, 1.78 load
[runlim] sample:		916.66 time, 920.01 real, 5 MB, 1.66 load
[runlim] sample:		926.62 time, 930.01 real, 5 MB, 1.63 load
[runlim] sample:		936.59 time, 940.01 real, 5 MB, 1.53 load
[runlim] sample:		946.56 time, 950.01 real, 5 MB, 1.45 load
[runlim] sample:		956.53 time, 960.01 real, 5 MB, 1.45 load
[runlim] sample:		966.50 time, 970.01 real, 5 MB, 1.38 load
[runlim] sample:		976.46 time, 980.01 real, 5 MB, 1.33 load
[runlim] sample:		986.43 time, 990.01 real, 5 MB, 1.35 load
[runlim] sample:		996.40 time, 1000.01 real, 5 MB, 1.29 load
[runlim] sample:		1006.36 time, 1010.01 real, 5 MB, 1.25 load
[runlim] sample:		1016.33 time, 1020.01 real, 5 MB, 1.36 load
[runlim] sample:		1026.30 time, 1030.01 real, 5 MB, 1.30 load
[runlim] sample:		1036.27 time, 1040.01 real, 5 MB, 1.26 load
[runlim] sample:		1046.23 time, 1050.01 real, 5 MB, 1.29 load
[runlim] sample:		1056.20 time, 1060.01 real, 5 MB, 1.25 load
[runlim] sample:		1066.17 time, 1070.01 real, 5 MB, 1.21 load
[runlim] sample:		1076.14 time, 1080.01 real, 5 MB, 1.25 load
[runlim] sample:		1086.10 time, 1090.01 real, 5 MB, 1.21 load
[runlim] sample:		1096.07 time, 1100.01 real, 5 MB, 1.18 load
[runlim] sample:		1106.04 time, 1110.01 real, 5 MB, 1.22 load
[runlim] sample:		1116.00 time, 1120.01 real, 5 MB, 1.19 load
[runlim] sample:		1125.97 time, 1130.01 real, 5 MB, 1.32 load
[runlim] sample:		1135.94 time, 1140.01 real, 5 MB, 1.34 load
[runlim] sample:		1145.91 time, 1150.01 real, 5 MB, 1.29 load
[runlim] sample:		1155.88 time, 1160.01 real, 5 MB, 1.25 load
[runlim] sample:		1165.84 time, 1170.01 real, 5 MB, 1.37 load
[runlim] sample:		1175.81 time, 1180.01 real, 5 MB, 1.31 load
[runlim] sample:		1185.78 time, 1190.01 real, 5 MB, 1.26 load
[runlim] sample:		1195.74 time, 1200.01 real, 5 MB, 1.30 load
[runlim] sample:		1205.71 time, 1210.01 real, 5 MB, 1.25 load
[runlim] sample:		1215.68 time, 1220.01 real, 5 MB, 1.21 load
[runlim] sample:		1225.64 time, 1230.01 real, 5 MB, 1.26 load
[runlim] sample:		1235.61 time, 1240.01 real, 5 MB, 1.22 load
[runlim] sample:		1245.58 time, 1250.01 real, 5 MB, 1.18 load
[runlim] sample:		1255.54 time, 1260.01 real, 5 MB, 1.23 load
[runlim] end:			Fri Mar 20 16:28:40 2026
[runlim] status:		ok
[runlim] result:		0
[runlim] children:		1
[runlim] processes:		2
[runlim] real:			1263.94 seconds
[runlim] time:			1259.43 seconds
[runlim] space:			5 MB
[runlim] load:			6.14 maximum
[runlim] samples:		12639
