[runlim] version:		2.0.0rc1
[runlim] host:			m06n07
[runlim] time limit:		311040000 seconds
[runlim] real time limit:	5000 seconds
[runlim] space limit:		7000 MB
[runlim] argv[0]:		./binary
[runlim] argv[1]:		-c
[runlim] argv[2]:		-f
[runlim] argv[3]:		-s
[runlim] argv[4]:		-r
[runlim] argv[5]:		/tmp/local-unzipped-12236030-6-378-BMS_k3_n100_m429_102.cnf
[runlim] start:			Fri Mar 20 16:22:41 2026
[runlim] child:			993431
[runlim] sample:		9.97 time, 10.01 real, 3 MB, 24.98 load
[runlim] sample:		19.93 time, 20.01 real, 4 MB, 22.45 load
[runlim] sample:		29.90 time, 30.01 real, 4 MB, 20.23 load
[runlim] sample:		39.86 time, 40.01 real, 4 MB, 18.35 load
[runlim] end:			Fri Mar 20 16:23:30 2026
[runlim] status:		ok
[runlim] result:		0
[runlim] children:		1
[runlim] processes:		2
[runlim] real:			49.54 seconds
[runlim] time:			49.33 seconds
[runlim] space:			5 MB
[runlim] load:			27.98 maximum
[runlim] samples:		495
