[runlim] version:		2.0.0rc1
[runlim] host:			p03n05
[runlim] time limit:		311040000 seconds
[runlim] real time limit:	5000 seconds
[runlim] space limit:		7000 MB
[runlim] argv[0]:		./binary
[runlim] argv[1]:		-c
[runlim] argv[2]:		-f
[runlim] argv[3]:		-s
[runlim] argv[4]:		-r
[runlim] argv[5]:		/tmp/local-unzipped-12236030-8-486-BMS_k3_n100_m429_479.cnf
[runlim] start:			Fri Mar 20 16:26:53 2026
[runlim] child:			1826338
[runlim] sample:		9.96 time, 10.01 real, 5 MB, 2.37 load
[runlim] sample:		19.91 time, 20.01 real, 5 MB, 2.99 load
[runlim] sample:		29.87 time, 30.01 real, 5 MB, 3.30 load
[runlim] sample:		39.83 time, 40.01 real, 5 MB, 3.56 load
[runlim] sample:		49.79 time, 50.01 real, 5 MB, 3.79 load
[runlim] sample:		59.75 time, 60.01 real, 5 MB, 3.97 load
[runlim] sample:		69.71 time, 70.01 real, 5 MB, 4.13 load
[runlim] sample:		79.67 time, 80.01 real, 5 MB, 4.34 load
[runlim] sample:		89.64 time, 90.01 real, 5 MB, 4.29 load
[runlim] sample:		99.61 time, 100.01 real, 5 MB, 4.24 load
[runlim] sample:		109.58 time, 110.01 real, 5 MB, 4.12 load
[runlim] sample:		119.54 time, 120.01 real, 5 MB, 3.95 load
[runlim] sample:		129.51 time, 130.01 real, 5 MB, 3.65 load
[runlim] sample:		139.48 time, 140.01 real, 5 MB, 3.40 load
[runlim] sample:		149.45 time, 150.01 real, 5 MB, 3.18 load
[runlim] sample:		159.42 time, 160.01 real, 5 MB, 3.00 load
[runlim] sample:		169.38 time, 170.01 real, 5 MB, 2.85 load
[runlim] sample:		179.35 time, 180.01 real, 5 MB, 2.71 load
[runlim] sample:		189.32 time, 190.01 real, 5 MB, 2.60 load
[runlim] sample:		199.29 time, 200.01 real, 5 MB, 2.51 load
[runlim] sample:		209.26 time, 210.01 real, 5 MB, 2.43 load
[runlim] sample:		219.22 time, 220.01 real, 5 MB, 2.36 load
[runlim] sample:		229.19 time, 230.01 real, 5 MB, 2.31 load
[runlim] sample:		239.16 time, 240.01 real, 5 MB, 2.26 load
[runlim] sample:		249.14 time, 250.01 real, 5 MB, 2.22 load
[runlim] sample:		259.12 time, 260.01 real, 5 MB, 2.18 load
[runlim] sample:		269.09 time, 270.01 real, 5 MB, 2.16 load
[runlim] sample:		279.07 time, 280.01 real, 5 MB, 2.13 load
[runlim] sample:		289.04 time, 290.01 real, 5 MB, 2.11 load
[runlim] sample:		299.02 time, 300.01 real, 5 MB, 2.09 load
[runlim] sample:		308.99 time, 310.01 real, 5 MB, 2.08 load
[runlim] sample:		318.97 time, 320.01 real, 5 MB, 2.07 load
[runlim] sample:		328.94 time, 330.01 real, 5 MB, 2.06 load
[runlim] sample:		338.92 time, 340.01 real, 5 MB, 2.05 load
[runlim] sample:		348.89 time, 350.01 real, 5 MB, 2.04 load
[runlim] sample:		358.87 time, 360.01 real, 5 MB, 2.03 load
[runlim] sample:		368.85 time, 370.01 real, 5 MB, 2.03 load
[runlim] sample:		378.82 time, 380.01 real, 5 MB, 2.02 load
[runlim] sample:		388.80 time, 390.01 real, 5 MB, 2.02 load
[runlim] sample:		398.77 time, 400.01 real, 5 MB, 2.02 load
[runlim] sample:		408.75 time, 410.01 real, 6 MB, 2.01 load
[runlim] sample:		418.72 time, 420.01 real, 6 MB, 2.08 load
[runlim] sample:		428.70 time, 430.01 real, 6 MB, 2.07 load
[runlim] sample:		438.67 time, 440.01 real, 6 MB, 2.06 load
[runlim] sample:		448.65 time, 450.01 real, 6 MB, 2.05 load
[runlim] sample:		458.62 time, 460.01 real, 6 MB, 2.04 load
[runlim] sample:		468.60 time, 470.01 real, 6 MB, 2.04 load
[runlim] sample:		478.57 time, 480.01 real, 6 MB, 2.10 load
[runlim] sample:		488.54 time, 490.01 real, 6 MB, 2.09 load
[runlim] sample:		498.52 time, 500.01 real, 6 MB, 2.07 load
[runlim] sample:		508.50 time, 510.01 real, 6 MB, 2.06 load
[runlim] sample:		518.47 time, 520.01 real, 6 MB, 2.05 load
[runlim] sample:		528.45 time, 530.01 real, 6 MB, 2.04 load
[runlim] sample:		538.42 time, 540.01 real, 6 MB, 2.11 load
[runlim] sample:		548.40 time, 550.01 real, 6 MB, 2.17 load
[runlim] sample:		558.37 time, 560.01 real, 6 MB, 2.15 load
[runlim] sample:		568.35 time, 570.01 real, 6 MB, 2.12 load
[runlim] sample:		578.32 time, 580.01 real, 6 MB, 2.10 load
[runlim] sample:		588.30 time, 590.01 real, 6 MB, 2.09 load
[runlim] sample:		598.28 time, 600.01 real, 6 MB, 2.07 load
[runlim] sample:		608.25 time, 610.01 real, 6 MB, 2.06 load
[runlim] sample:		618.22 time, 620.01 real, 6 MB, 2.13 load
[runlim] sample:		628.20 time, 630.01 real, 6 MB, 2.11 load
[runlim] sample:		638.18 time, 640.01 real, 6 MB, 2.09 load
[runlim] sample:		648.15 time, 650.01 real, 6 MB, 2.08 load
[runlim] sample:		658.13 time, 660.01 real, 6 MB, 2.06 load
[runlim] sample:		668.10 time, 670.01 real, 6 MB, 2.05 load
[runlim] sample:		678.07 time, 680.01 real, 6 MB, 2.12 load
[runlim] sample:		688.05 time, 690.01 real, 6 MB, 2.10 load
[runlim] sample:		698.02 time, 700.01 real, 6 MB, 2.00 load
[runlim] sample:		707.99 time, 710.01 real, 6 MB, 1.85 load
[runlim] sample:		717.97 time, 720.01 real, 6 MB, 1.72 load
[runlim] sample:		727.94 time, 730.01 real, 6 MB, 1.61 load
[runlim] sample:		737.90 time, 740.01 real, 6 MB, 1.59 load
[runlim] sample:		747.87 time, 750.01 real, 6 MB, 1.50 load
[runlim] sample:		757.85 time, 760.01 real, 6 MB, 1.42 load
[runlim] sample:		767.82 time, 770.01 real, 6 MB, 1.35 load
[runlim] sample:		777.79 time, 780.01 real, 6 MB, 1.30 load
[runlim] sample:		787.76 time, 790.01 real, 6 MB, 1.25 load
[runlim] sample:		797.73 time, 800.01 real, 6 MB, 1.21 load
[runlim] sample:		807.70 time, 810.01 real, 6 MB, 1.18 load
[runlim] end:			Fri Mar 20 16:40:33 2026
[runlim] status:		ok
[runlim] result:		0
[runlim] children:		1
[runlim] processes:		2
[runlim] real:			819.56 seconds
[runlim] time:			817.17 seconds
[runlim] space:			6 MB
[runlim] load:			4.34 maximum
[runlim] samples:		8195
