[runlim] version:		2.0.0rc1
[runlim] host:			o03n07
[runlim] time limit:		311040000 seconds
[runlim] real time limit:	5000 seconds
[runlim] space limit:		7000 MB
[runlim] argv[0]:		./binary
[runlim] argv[1]:		-c
[runlim] argv[2]:		-f
[runlim] argv[3]:		-s
[runlim] argv[4]:		-r
[runlim] argv[5]:		/tmp/local-unzipped-12236030-2-73-BMS_k3_n100_m429_386.cnf
[runlim] start:			Fri Mar 20 16:07:34 2026
[runlim] child:			3990795
[runlim] sample:		9.96 time, 10.01 real, 4 MB, 1.47 load
[runlim] sample:		19.91 time, 20.01 real, 4 MB, 2.25 load
[runlim] sample:		29.87 time, 30.01 real, 4 MB, 2.82 load
[runlim] sample:		39.83 time, 40.01 real, 4 MB, 3.39 load
[runlim] sample:		49.78 time, 50.01 real, 4 MB, 4.03 load
[runlim] sample:		59.73 time, 60.01 real, 4 MB, 4.79 load
[runlim] sample:		69.69 time, 70.01 real, 4 MB, 5.21 load
[runlim] sample:		79.64 time, 80.01 real, 4 MB, 5.49 load
[runlim] sample:		89.60 time, 90.01 real, 4 MB, 5.72 load
[runlim] sample:		99.56 time, 100.01 real, 4 MB, 5.76 load
[runlim] sample:		109.51 time, 110.01 real, 4 MB, 5.80 load
[runlim] sample:		119.47 time, 120.01 real, 4 MB, 5.83 load
[runlim] sample:		129.43 time, 130.01 real, 4 MB, 5.86 load
[runlim] sample:		139.38 time, 140.01 real, 4 MB, 5.88 load
[runlim] sample:		149.34 time, 150.01 real, 4 MB, 5.97 load
[runlim] sample:		159.30 time, 160.01 real, 4 MB, 5.98 load
[runlim] sample:		169.25 time, 170.01 real, 4 MB, 5.98 load
[runlim] sample:		179.21 time, 180.01 real, 4 MB, 6.13 load
[runlim] sample:		189.17 time, 190.01 real, 4 MB, 6.11 load
[runlim] sample:		199.12 time, 200.01 real, 4 MB, 5.94 load
[runlim] sample:		209.08 time, 210.01 real, 4 MB, 5.87 load
[runlim] sample:		219.04 time, 220.01 real, 4 MB, 5.73 load
[runlim] sample:		229.00 time, 230.01 real, 4 MB, 5.62 load
[runlim] sample:		238.95 time, 240.01 real, 4 MB, 5.45 load
[runlim] sample:		248.91 time, 250.01 real, 4 MB, 5.30 load
[runlim] sample:		258.87 time, 260.01 real, 4 MB, 5.02 load
[runlim] sample:		268.83 time, 270.01 real, 4 MB, 4.86 load
[runlim] sample:		278.78 time, 280.01 real, 4 MB, 4.58 load
[runlim] sample:		288.74 time, 290.01 real, 4 MB, 4.33 load
[runlim] sample:		298.70 time, 300.01 real, 4 MB, 4.20 load
[runlim] sample:		308.65 time, 310.01 real, 4 MB, 4.02 load
[runlim] sample:		318.61 time, 320.01 real, 4 MB, 3.86 load
[runlim] sample:		328.57 time, 330.01 real, 4 MB, 3.80 load
[runlim] sample:		338.52 time, 340.01 real, 4 MB, 3.68 load
[runlim] sample:		348.48 time, 350.01 real, 4 MB, 3.57 load
[runlim] sample:		358.44 time, 360.01 real, 4 MB, 3.63 load
[runlim] sample:		368.39 time, 370.01 real, 4 MB, 3.53 load
[runlim] sample:		378.35 time, 380.01 real, 4 MB, 3.45 load
[runlim] sample:		388.30 time, 390.01 real, 4 MB, 3.46 load
[runlim] sample:		398.26 time, 400.01 real, 4 MB, 3.39 load
[runlim] sample:		408.22 time, 410.01 real, 4 MB, 3.33 load
[runlim] sample:		418.18 time, 420.01 real, 4 MB, 3.42 load
[runlim] sample:		428.13 time, 430.01 real, 4 MB, 3.36 load
[runlim] end:			Fri Mar 20 16:14:53 2026
[runlim] status:		ok
[runlim] result:		0
[runlim] children:		1
[runlim] processes:		2
[runlim] real:			439.92 seconds
[runlim] time:			437.99 seconds
[runlim] space:			4 MB
[runlim] load:			6.14 maximum
[runlim] samples:		4399
