[runlim] version:		2.0.0rc1
[runlim] host:			m08n11
[runlim] time limit:		311040000 seconds
[runlim] real time limit:	5000 seconds
[runlim] space limit:		7000 MB
[runlim] argv[0]:		./binary
[runlim] argv[1]:		-c
[runlim] argv[2]:		-f
[runlim] argv[3]:		-s
[runlim] argv[4]:		/tmp/local-unzipped-12372162-1-22-logistics.a.cnf
[runlim] start:			Wed Apr  1 15:48:37 2026
[runlim] child:			30268
[runlim] sample:		9.96 time, 10.01 real, 4 MB, 1.83 load
[runlim] sample:		19.92 time, 20.01 real, 4 MB, 2.63 load
[runlim] sample:		29.88 time, 30.01 real, 4 MB, 3.30 load
[runlim] sample:		39.84 time, 40.01 real, 4 MB, 3.87 load
[runlim] sample:		49.80 time, 50.01 real, 4 MB, 4.19 load
[runlim] sample:		59.75 time, 60.01 real, 4 MB, 4.31 load
[runlim] sample:		69.72 time, 70.01 real, 4 MB, 4.42 load
[runlim] sample:		79.68 time, 80.01 real, 4 MB, 4.51 load
[runlim] sample:		89.64 time, 90.01 real, 4 MB, 4.59 load
[runlim] sample:		99.60 time, 100.01 real, 4 MB, 4.65 load
[runlim] sample:		109.56 time, 110.01 real, 4 MB, 4.70 load
[runlim] sample:		119.52 time, 120.01 real, 4 MB, 4.75 load
[runlim] sample:		129.48 time, 130.01 real, 4 MB, 4.79 load
[runlim] sample:		139.44 time, 140.01 real, 4 MB, 4.82 load
[runlim] sample:		149.40 time, 150.01 real, 4 MB, 4.92 load
[runlim] sample:		159.36 time, 160.01 real, 4 MB, 4.93 load
[runlim] sample:		169.32 time, 170.01 real, 4 MB, 4.95 load
[runlim] sample:		179.28 time, 180.01 real, 4 MB, 4.95 load
[runlim] sample:		189.25 time, 190.01 real, 4 MB, 4.96 load
[runlim] sample:		199.21 time, 200.01 real, 4 MB, 4.97 load
[runlim] sample:		209.17 time, 210.01 real, 4 MB, 4.97 load
[runlim] sample:		219.13 time, 220.01 real, 4 MB, 4.98 load
[runlim] sample:		229.09 time, 230.01 real, 4 MB, 4.98 load
[runlim] sample:		239.05 time, 240.01 real, 4 MB, 4.98 load
[runlim] sample:		249.01 time, 250.01 real, 4 MB, 4.99 load
[runlim] sample:		258.97 time, 260.01 real, 4 MB, 4.99 load
[runlim] sample:		268.93 time, 270.01 real, 4 MB, 4.99 load
[runlim] sample:		278.89 time, 280.01 real, 4 MB, 4.99 load
[runlim] sample:		288.85 time, 290.01 real, 4 MB, 5.00 load
[runlim] sample:		298.81 time, 300.01 real, 4 MB, 5.00 load
[runlim] sample:		308.78 time, 310.01 real, 4 MB, 5.07 load
[runlim] sample:		318.74 time, 320.01 real, 4 MB, 5.06 load
[runlim] sample:		328.70 time, 330.01 real, 4 MB, 5.05 load
[runlim] sample:		338.66 time, 340.01 real, 4 MB, 5.04 load
[runlim] sample:		348.62 time, 350.01 real, 4 MB, 5.03 load
[runlim] sample:		358.58 time, 360.01 real, 4 MB, 5.03 load
[runlim] sample:		368.55 time, 370.01 real, 4 MB, 5.02 load
[runlim] sample:		378.50 time, 380.01 real, 4 MB, 5.02 load
[runlim] sample:		388.47 time, 390.01 real, 4 MB, 5.02 load
[runlim] sample:		398.43 time, 400.01 real, 4 MB, 5.09 load
[runlim] sample:		408.39 time, 410.01 real, 4 MB, 5.08 load
[runlim] sample:		418.35 time, 420.01 real, 4 MB, 5.07 load
[runlim] sample:		428.31 time, 430.01 real, 4 MB, 5.06 load
[runlim] sample:		438.27 time, 440.01 real, 4 MB, 5.05 load
[runlim] sample:		448.23 time, 450.01 real, 4 MB, 5.04 load
[runlim] sample:		458.20 time, 460.01 real, 4 MB, 5.03 load
[runlim] sample:		468.16 time, 470.01 real, 4 MB, 5.03 load
[runlim] sample:		478.13 time, 480.01 real, 4 MB, 5.02 load
[runlim] sample:		488.09 time, 490.01 real, 4 MB, 5.02 load
[runlim] sample:		498.06 time, 500.01 real, 4 MB, 5.02 load
[runlim] sample:		508.03 time, 510.01 real, 4 MB, 5.01 load
[runlim] sample:		517.99 time, 520.01 real, 4 MB, 5.01 load
[runlim] sample:		527.96 time, 530.01 real, 4 MB, 5.01 load
[runlim] sample:		537.92 time, 540.01 real, 4 MB, 5.01 load
[runlim] sample:		547.89 time, 550.01 real, 4 MB, 5.00 load
[runlim] sample:		557.85 time, 560.01 real, 4 MB, 5.00 load
[runlim] sample:		567.82 time, 570.01 real, 4 MB, 5.00 load
[runlim] sample:		577.79 time, 580.01 real, 4 MB, 5.00 load
[runlim] sample:		587.75 time, 590.01 real, 4 MB, 5.08 load
[runlim] sample:		597.72 time, 600.01 real, 4 MB, 5.07 load
[runlim] sample:		607.68 time, 610.01 real, 4 MB, 5.06 load
[runlim] sample:		617.65 time, 620.01 real, 4 MB, 5.05 load
[runlim] sample:		627.62 time, 630.01 real, 4 MB, 5.04 load
[runlim] sample:		637.58 time, 640.01 real, 4 MB, 5.03 load
[runlim] sample:		647.55 time, 650.01 real, 4 MB, 5.03 load
[runlim] sample:		657.51 time, 660.01 real, 4 MB, 5.02 load
[runlim] sample:		667.48 time, 670.01 real, 4 MB, 5.02 load
[runlim] sample:		677.45 time, 680.01 real, 4 MB, 5.02 load
[runlim] sample:		687.41 time, 690.01 real, 4 MB, 5.01 load
[runlim] sample:		697.38 time, 700.01 real, 4 MB, 5.01 load
[runlim] sample:		707.34 time, 710.01 real, 4 MB, 5.01 load
[runlim] sample:		717.31 time, 720.01 real, 4 MB, 5.01 load
[runlim] sample:		727.27 time, 730.01 real, 4 MB, 5.00 load
[runlim] sample:		737.24 time, 740.01 real, 4 MB, 5.00 load
[runlim] sample:		747.20 time, 750.01 real, 4 MB, 5.00 load
[runlim] sample:		757.17 time, 760.01 real, 4 MB, 5.00 load
[runlim] sample:		767.14 time, 770.01 real, 4 MB, 5.00 load
[runlim] sample:		777.10 time, 780.01 real, 4 MB, 5.00 load
[runlim] sample:		787.07 time, 790.01 real, 4 MB, 5.00 load
[runlim] sample:		797.03 time, 800.01 real, 4 MB, 5.00 load
[runlim] sample:		807.00 time, 810.01 real, 4 MB, 5.08 load
[runlim] sample:		816.96 time, 820.01 real, 4 MB, 5.07 load
[runlim] sample:		826.93 time, 830.01 real, 4 MB, 5.06 load
[runlim] sample:		836.89 time, 840.01 real, 4 MB, 5.05 load
[runlim] sample:		846.86 time, 850.01 real, 4 MB, 5.04 load
[runlim] sample:		856.83 time, 860.01 real, 4 MB, 5.03 load
[runlim] sample:		866.79 time, 870.01 real, 4 MB, 5.11 load
[runlim] sample:		876.76 time, 880.01 real, 4 MB, 5.09 load
[runlim] sample:		886.72 time, 890.01 real, 4 MB, 5.08 load
[runlim] sample:		896.69 time, 900.01 real, 4 MB, 5.06 load
[runlim] sample:		906.65 time, 910.01 real, 4 MB, 5.05 load
[runlim] sample:		916.62 time, 920.01 real, 4 MB, 5.05 load
[runlim] sample:		926.58 time, 930.01 real, 4 MB, 5.04 load
[runlim] sample:		936.55 time, 940.01 real, 4 MB, 5.03 load
[runlim] sample:		946.52 time, 950.01 real, 4 MB, 5.03 load
[runlim] sample:		956.48 time, 960.01 real, 4 MB, 5.02 load
[runlim] sample:		966.45 time, 970.01 real, 4 MB, 5.02 load
[runlim] sample:		976.41 time, 980.01 real, 4 MB, 5.02 load
[runlim] sample:		986.38 time, 990.01 real, 4 MB, 5.09 load
[runlim] sample:		996.34 time, 1000.01 real, 4 MB, 5.08 load
[runlim] sample:		1006.31 time, 1010.01 real, 4 MB, 5.07 load
[runlim] sample:		1016.28 time, 1020.01 real, 4 MB, 5.06 load
[runlim] sample:		1026.24 time, 1030.01 real, 4 MB, 5.05 load
[runlim] sample:		1036.21 time, 1040.01 real, 4 MB, 5.04 load
[runlim] sample:		1046.17 time, 1050.01 real, 4 MB, 5.03 load
[runlim] sample:		1056.14 time, 1060.01 real, 4 MB, 5.03 load
[runlim] sample:		1066.10 time, 1070.01 real, 4 MB, 5.10 load
[runlim] sample:		1076.07 time, 1080.01 real, 4 MB, 5.08 load
[runlim] sample:		1086.04 time, 1090.01 real, 4 MB, 5.07 load
[runlim] sample:		1096.00 time, 1100.01 real, 4 MB, 5.06 load
[runlim] sample:		1105.97 time, 1110.01 real, 4 MB, 5.05 load
[runlim] sample:		1115.93 time, 1120.01 real, 4 MB, 5.04 load
[runlim] sample:		1125.90 time, 1130.01 real, 4 MB, 5.11 load
[runlim] sample:		1135.86 time, 1140.01 real, 4 MB, 5.09 load
[runlim] sample:		1145.83 time, 1150.01 real, 4 MB, 5.08 load
[runlim] sample:		1155.80 time, 1160.01 real, 4 MB, 5.06 load
[runlim] sample:		1165.76 time, 1170.01 real, 4 MB, 5.05 load
[runlim] sample:		1175.73 time, 1180.01 real, 4 MB, 5.04 load
[runlim] sample:		1185.69 time, 1190.01 real, 4 MB, 5.04 load
[runlim] sample:		1195.66 time, 1200.01 real, 4 MB, 5.03 load
[runlim] sample:		1205.63 time, 1210.01 real, 4 MB, 5.03 load
[runlim] sample:		1215.59 time, 1220.01 real, 4 MB, 5.02 load
[runlim] sample:		1225.56 time, 1230.01 real, 4 MB, 5.02 load
[runlim] sample:		1235.52 time, 1240.01 real, 4 MB, 5.01 load
[runlim] sample:		1245.49 time, 1250.01 real, 4 MB, 5.01 load
[runlim] sample:		1255.46 time, 1260.01 real, 4 MB, 5.01 load
[runlim] sample:		1265.42 time, 1270.01 real, 4 MB, 5.08 load
[runlim] sample:		1275.39 time, 1280.01 real, 4 MB, 5.07 load
[runlim] sample:		1285.35 time, 1290.01 real, 4 MB, 5.06 load
[runlim] sample:		1295.32 time, 1300.01 real, 4 MB, 5.05 load
[runlim] sample:		1305.29 time, 1310.01 real, 4 MB, 5.04 load
[runlim] sample:		1315.25 time, 1320.01 real, 4 MB, 5.03 load
[runlim] sample:		1325.22 time, 1330.01 real, 4 MB, 5.18 load
[runlim] sample:		1335.18 time, 1340.01 real, 4 MB, 5.15 load
[runlim] sample:		1345.15 time, 1350.01 real, 4 MB, 5.12 load
[runlim] sample:		1355.11 time, 1360.01 real, 4 MB, 5.11 load
[runlim] sample:		1365.08 time, 1370.01 real, 4 MB, 5.09 load
[runlim] sample:		1375.05 time, 1380.01 real, 4 MB, 5.07 load
[runlim] sample:		1385.01 time, 1390.01 real, 4 MB, 5.14 load
[runlim] sample:		1394.98 time, 1400.01 real, 4 MB, 5.12 load
[runlim] sample:		1404.94 time, 1410.01 real, 4 MB, 5.10 load
[runlim] sample:		1414.91 time, 1420.01 real, 4 MB, 5.08 load
[runlim] sample:		1424.87 time, 1430.01 real, 4 MB, 5.07 load
[runlim] sample:		1434.84 time, 1440.01 real, 4 MB, 5.06 load
[runlim] sample:		1444.81 time, 1450.01 real, 4 MB, 5.12 load
[runlim] sample:		1454.77 time, 1460.01 real, 4 MB, 5.10 load
[runlim] sample:		1464.74 time, 1470.01 real, 4 MB, 5.09 load
[runlim] sample:		1474.70 time, 1480.01 real, 4 MB, 5.07 load
[runlim] sample:		1484.67 time, 1490.01 real, 4 MB, 5.06 load
[runlim] sample:		1494.64 time, 1500.01 real, 4 MB, 5.05 load
[runlim] sample:		1504.60 time, 1510.01 real, 4 MB, 5.12 load
[runlim] sample:		1514.57 time, 1520.01 real, 4 MB, 5.10 load
[runlim] sample:		1524.53 time, 1530.01 real, 4 MB, 5.08 load
[runlim] sample:		1534.50 time, 1540.01 real, 4 MB, 5.07 load
[runlim] sample:		1544.46 time, 1550.01 real, 4 MB, 5.06 load
[runlim] sample:		1554.43 time, 1560.01 real, 4 MB, 5.05 load
[runlim] sample:		1564.39 time, 1570.01 real, 4 MB, 5.12 load
[runlim] sample:		1574.36 time, 1580.01 real, 4 MB, 5.10 load
[runlim] sample:		1584.32 time, 1590.01 real, 4 MB, 5.08 load
[runlim] sample:		1594.29 time, 1600.01 real, 4 MB, 5.07 load
[runlim] sample:		1604.26 time, 1610.01 real, 4 MB, 5.06 load
[runlim] sample:		1614.22 time, 1620.01 real, 4 MB, 5.05 load
[runlim] sample:		1624.18 time, 1630.01 real, 4 MB, 5.12 load
[runlim] sample:		1634.15 time, 1640.01 real, 4 MB, 5.10 load
[runlim] sample:		1644.12 time, 1650.01 real, 4 MB, 5.09 load
[runlim] sample:		1654.08 time, 1660.01 real, 4 MB, 5.07 load
[runlim] sample:		1664.05 time, 1670.01 real, 4 MB, 5.06 load
[runlim] sample:		1674.01 time, 1680.01 real, 4 MB, 5.05 load
[runlim] sample:		1683.98 time, 1690.01 real, 4 MB, 5.12 load
[runlim] sample:		1693.94 time, 1700.01 real, 4 MB, 5.10 load
[runlim] sample:		1703.91 time, 1710.01 real, 4 MB, 5.08 load
[runlim] sample:		1713.88 time, 1720.01 real, 4 MB, 5.07 load
[runlim] sample:		1723.84 time, 1730.01 real, 4 MB, 5.06 load
[runlim] sample:		1733.81 time, 1740.01 real, 4 MB, 5.05 load
[runlim] sample:		1743.77 time, 1750.01 real, 4 MB, 5.04 load
[runlim] sample:		1753.74 time, 1760.01 real, 4 MB, 5.03 load
[runlim] sample:		1763.70 time, 1770.01 real, 4 MB, 5.03 load
[runlim] sample:		1773.67 time, 1780.01 real, 4 MB, 5.02 load
[runlim] sample:		1783.63 time, 1790.01 real, 4 MB, 5.10 load
[runlim] sample:		1793.60 time, 1800.01 real, 4 MB, 5.08 load
[runlim] sample:		1803.57 time, 1810.01 real, 4 MB, 5.07 load
[runlim] sample:		1813.53 time, 1820.01 real, 4 MB, 5.06 load
[runlim] sample:		1823.50 time, 1830.01 real, 4 MB, 5.05 load
[runlim] sample:		1833.46 time, 1840.01 real, 4 MB, 5.04 load
[runlim] sample:		1843.43 time, 1850.01 real, 4 MB, 5.04 load
[runlim] sample:		1853.39 time, 1860.01 real, 4 MB, 5.03 load
[runlim] sample:		1863.36 time, 1870.01 real, 4 MB, 5.10 load
[runlim] sample:		1873.32 time, 1880.01 real, 4 MB, 5.09 load
[runlim] sample:		1883.29 time, 1890.01 real, 4 MB, 5.07 load
[runlim] sample:		1893.26 time, 1900.01 real, 4 MB, 5.06 load
[runlim] sample:		1903.22 time, 1910.01 real, 4 MB, 5.05 load
[runlim] sample:		1913.19 time, 1920.01 real, 4 MB, 5.04 load
[runlim] sample:		1923.15 time, 1930.01 real, 4 MB, 5.12 load
[runlim] sample:		1933.12 time, 1940.01 real, 4 MB, 5.17 load
[runlim] sample:		1943.08 time, 1950.01 real, 4 MB, 5.15 load
[runlim] sample:		1953.05 time, 1960.01 real, 4 MB, 5.12 load
[runlim] sample:		1963.01 time, 1970.01 real, 4 MB, 5.10 load
[runlim] sample:		1972.98 time, 1980.01 real, 4 MB, 5.09 load
[runlim] sample:		1982.94 time, 1990.01 real, 4 MB, 5.07 load
[runlim] sample:		1992.91 time, 2000.01 real, 4 MB, 5.06 load
[runlim] sample:		2002.88 time, 2010.01 real, 4 MB, 5.05 load
[runlim] sample:		2012.84 time, 2020.01 real, 4 MB, 5.04 load
[runlim] sample:		2022.81 time, 2030.01 real, 4 MB, 5.04 load
[runlim] sample:		2032.77 time, 2040.01 real, 4 MB, 5.03 load
[runlim] sample:		2042.74 time, 2050.01 real, 4 MB, 5.10 load
[runlim] sample:		2052.70 time, 2060.01 real, 4 MB, 5.08 load
[runlim] sample:		2062.67 time, 2070.01 real, 4 MB, 5.07 load
[runlim] sample:		2072.63 time, 2080.01 real, 4 MB, 5.06 load
[runlim] sample:		2082.60 time, 2090.01 real, 4 MB, 5.05 load
[runlim] sample:		2092.57 time, 2100.01 real, 4 MB, 5.04 load
[runlim] sample:		2102.53 time, 2110.01 real, 4 MB, 5.12 load
[runlim] sample:		2112.50 time, 2120.01 real, 4 MB, 5.10 load
[runlim] sample:		2122.46 time, 2130.01 real, 4 MB, 5.08 load
[runlim] sample:		2132.43 time, 2140.01 real, 4 MB, 5.07 load
[runlim] sample:		2142.40 time, 2150.01 real, 4 MB, 5.06 load
[runlim] sample:		2152.36 time, 2160.01 real, 4 MB, 5.05 load
[runlim] sample:		2162.33 time, 2170.01 real, 4 MB, 5.12 load
[runlim] sample:		2172.29 time, 2180.01 real, 4 MB, 5.10 load
[runlim] sample:		2182.26 time, 2190.01 real, 4 MB, 5.09 load
[runlim] sample:		2192.22 time, 2200.01 real, 4 MB, 5.07 load
[runlim] sample:		2202.19 time, 2210.01 real, 4 MB, 5.13 load
[runlim] sample:		2212.16 time, 2220.01 real, 4 MB, 5.11 load
[runlim] sample:		2222.12 time, 2230.01 real, 4 MB, 5.18 load
[runlim] sample:		2232.09 time, 2240.01 real, 4 MB, 5.15 load
[runlim] sample:		2242.05 time, 2250.01 real, 4 MB, 5.12 load
[runlim] sample:		2252.02 time, 2260.01 real, 4 MB, 5.11 load
[runlim] sample:		2261.98 time, 2270.01 real, 4 MB, 5.09 load
[runlim] sample:		2271.95 time, 2280.01 real, 4 MB, 5.07 load
[runlim] sample:		2281.91 time, 2290.01 real, 4 MB, 5.14 load
[runlim] sample:		2291.88 time, 2300.01 real, 4 MB, 5.12 load
[runlim] sample:		2301.84 time, 2310.01 real, 4 MB, 5.10 load
[runlim] sample:		2311.81 time, 2320.01 real, 4 MB, 5.09 load
[runlim] sample:		2321.78 time, 2330.01 real, 4 MB, 5.07 load
[runlim] sample:		2331.74 time, 2340.01 real, 4 MB, 5.06 load
[runlim] sample:		2341.71 time, 2350.01 real, 4 MB, 5.13 load
[runlim] sample:		2351.67 time, 2360.01 real, 4 MB, 5.11 load
[runlim] sample:		2361.64 time, 2370.01 real, 4 MB, 5.09 load
[runlim] sample:		2371.60 time, 2380.01 real, 4 MB, 5.08 load
[runlim] sample:		2381.57 time, 2390.01 real, 4 MB, 5.07 load
[runlim] sample:		2391.53 time, 2400.01 real, 4 MB, 5.06 load
[runlim] sample:		2401.50 time, 2410.01 real, 4 MB, 5.05 load
[runlim] sample:		2411.47 time, 2420.01 real, 4 MB, 5.04 load
[runlim] sample:		2421.43 time, 2430.01 real, 4 MB, 5.03 load
[runlim] sample:		2431.40 time, 2440.01 real, 4 MB, 5.03 load
[runlim] sample:		2441.36 time, 2450.01 real, 4 MB, 5.02 load
[runlim] sample:		2451.33 time, 2460.01 real, 4 MB, 5.02 load
[runlim] sample:		2461.30 time, 2470.01 real, 4 MB, 5.02 load
[runlim] sample:		2471.26 time, 2480.01 real, 4 MB, 5.01 load
[runlim] sample:		2481.23 time, 2490.01 real, 4 MB, 5.01 load
[runlim] sample:		2491.19 time, 2500.01 real, 4 MB, 5.01 load
[runlim] sample:		2501.16 time, 2510.01 real, 4 MB, 5.01 load
[runlim] sample:		2511.12 time, 2520.01 real, 4 MB, 5.00 load
[runlim] sample:		2521.09 time, 2530.01 real, 4 MB, 5.00 load
[runlim] sample:		2531.05 time, 2540.01 real, 4 MB, 5.00 load
[runlim] sample:		2541.02 time, 2550.01 real, 4 MB, 5.00 load
[runlim] sample:		2550.99 time, 2560.01 real, 4 MB, 5.00 load
[runlim] sample:		2560.96 time, 2570.01 real, 4 MB, 5.00 load
[runlim] sample:		2570.92 time, 2580.01 real, 4 MB, 5.00 load
[runlim] sample:		2580.89 time, 2590.01 real, 4 MB, 5.00 load
[runlim] sample:		2590.86 time, 2600.01 real, 4 MB, 5.00 load
[runlim] sample:		2600.82 time, 2610.01 real, 4 MB, 5.00 load
[runlim] sample:		2610.79 time, 2620.01 real, 4 MB, 5.00 load
[runlim] sample:		2620.76 time, 2630.01 real, 4 MB, 5.00 load
[runlim] sample:		2630.73 time, 2640.01 real, 4 MB, 5.00 load
[runlim] sample:		2640.70 time, 2650.01 real, 4 MB, 5.00 load
[runlim] sample:		2650.66 time, 2660.01 real, 4 MB, 5.00 load
[runlim] sample:		2660.63 time, 2670.01 real, 4 MB, 5.00 load
[runlim] sample:		2670.60 time, 2680.01 real, 4 MB, 5.00 load
[runlim] sample:		2680.57 time, 2690.01 real, 4 MB, 5.00 load
[runlim] sample:		2690.53 time, 2700.01 real, 4 MB, 5.00 load
[runlim] sample:		2700.50 time, 2710.01 real, 4 MB, 5.00 load
[runlim] sample:		2710.47 time, 2720.01 real, 4 MB, 5.00 load
[runlim] sample:		2720.44 time, 2730.01 real, 4 MB, 5.08 load
[runlim] sample:		2730.40 time, 2740.01 real, 4 MB, 5.15 load
[runlim] sample:		2740.37 time, 2750.01 real, 4 MB, 5.12 load
[runlim] sample:		2750.34 time, 2760.01 real, 4 MB, 5.10 load
[runlim] sample:		2760.31 time, 2770.01 real, 4 MB, 5.09 load
[runlim] sample:		2770.28 time, 2780.01 real, 4 MB, 5.07 load
[runlim] sample:		2780.24 time, 2790.01 real, 4 MB, 5.14 load
[runlim] sample:		2790.21 time, 2800.01 real, 4 MB, 5.20 load
[runlim] sample:		2800.18 time, 2810.01 real, 4 MB, 5.17 load
[runlim] sample:		2810.14 time, 2820.01 real, 4 MB, 5.14 load
[runlim] sample:		2820.11 time, 2830.01 real, 4 MB, 5.12 load
[runlim] sample:		2830.08 time, 2840.01 real, 4 MB, 5.10 load
[runlim] sample:		2840.05 time, 2850.01 real, 4 MB, 5.08 load
[runlim] sample:		2850.01 time, 2860.01 real, 4 MB, 5.07 load
[runlim] sample:		2859.98 time, 2870.01 real, 4 MB, 5.06 load
[runlim] sample:		2869.95 time, 2880.01 real, 4 MB, 5.05 load
[runlim] sample:		2879.92 time, 2890.01 real, 4 MB, 5.04 load
[runlim] sample:		2889.89 time, 2900.01 real, 4 MB, 5.04 load
[runlim] sample:		2899.85 time, 2910.01 real, 4 MB, 5.03 load
[runlim] sample:		2909.82 time, 2920.01 real, 4 MB, 5.02 load
[runlim] sample:		2919.79 time, 2930.01 real, 4 MB, 5.02 load
[runlim] sample:		2929.76 time, 2940.01 real, 4 MB, 5.02 load
[runlim] sample:		2939.72 time, 2950.01 real, 4 MB, 5.01 load
[runlim] sample:		2949.69 time, 2960.01 real, 4 MB, 5.01 load
[runlim] sample:		2959.66 time, 2970.01 real, 4 MB, 5.01 load
[runlim] sample:		2969.63 time, 2980.01 real, 4 MB, 5.01 load
[runlim] sample:		2979.59 time, 2990.01 real, 4 MB, 5.01 load
[runlim] sample:		2989.56 time, 3000.01 real, 4 MB, 5.00 load
[runlim] sample:		2999.53 time, 3010.01 real, 4 MB, 5.00 load
[runlim] sample:		3009.50 time, 3020.01 real, 4 MB, 5.00 load
[runlim] sample:		3019.46 time, 3030.01 real, 4 MB, 5.00 load
[runlim] sample:		3029.43 time, 3040.01 real, 4 MB, 5.00 load
[runlim] sample:		3039.40 time, 3050.01 real, 4 MB, 5.00 load
[runlim] sample:		3049.36 time, 3060.01 real, 4 MB, 5.00 load
[runlim] sample:		3059.33 time, 3070.01 real, 4 MB, 5.00 load
[runlim] sample:		3069.30 time, 3080.01 real, 4 MB, 5.00 load
[runlim] sample:		3079.26 time, 3090.01 real, 4 MB, 5.00 load
[runlim] sample:		3089.23 time, 3100.01 real, 4 MB, 5.00 load
[runlim] sample:		3099.20 time, 3110.01 real, 4 MB, 5.00 load
[runlim] sample:		3109.16 time, 3120.01 real, 4 MB, 5.00 load
[runlim] sample:		3119.13 time, 3130.01 real, 4 MB, 5.00 load
[runlim] sample:		3129.10 time, 3140.01 real, 4 MB, 5.00 load
[runlim] sample:		3139.06 time, 3150.01 real, 4 MB, 5.00 load
[runlim] sample:		3149.03 time, 3160.01 real, 4 MB, 5.00 load
[runlim] sample:		3159.00 time, 3170.01 real, 4 MB, 5.00 load
[runlim] sample:		3168.96 time, 3180.01 real, 4 MB, 5.00 load
[runlim] sample:		3178.93 time, 3190.01 real, 4 MB, 5.00 load
[runlim] sample:		3188.90 time, 3200.01 real, 4 MB, 5.00 load
[runlim] sample:		3198.86 time, 3210.01 real, 4 MB, 5.00 load
[runlim] sample:		3208.83 time, 3220.01 real, 4 MB, 5.00 load
[runlim] sample:		3218.80 time, 3230.01 real, 4 MB, 5.00 load
[runlim] sample:		3228.76 time, 3240.01 real, 4 MB, 5.00 load
[runlim] sample:		3238.73 time, 3250.01 real, 4 MB, 5.00 load
[runlim] sample:		3248.70 time, 3260.01 real, 4 MB, 5.00 load
[runlim] sample:		3258.66 time, 3270.01 real, 4 MB, 5.00 load
[runlim] sample:		3268.63 time, 3280.01 real, 4 MB, 5.00 load
[runlim] sample:		3278.60 time, 3290.01 real, 4 MB, 5.00 load
[runlim] sample:		3288.56 time, 3300.01 real, 4 MB, 5.00 load
[runlim] sample:		3298.53 time, 3310.01 real, 4 MB, 5.00 load
[runlim] sample:		3308.50 time, 3320.01 real, 4 MB, 5.08 load
[runlim] sample:		3318.47 time, 3330.01 real, 4 MB, 5.07 load
[runlim] sample:		3328.43 time, 3340.01 real, 4 MB, 5.06 load
[runlim] sample:		3338.40 time, 3350.01 real, 4 MB, 5.05 load
[runlim] sample:		3348.37 time, 3360.01 real, 4 MB, 5.04 load
[runlim] sample:		3358.34 time, 3370.01 real, 4 MB, 5.11 load
[runlim] sample:		3368.30 time, 3380.01 real, 4 MB, 5.10 load
[runlim] sample:		3378.27 time, 3390.01 real, 4 MB, 5.15 load
[runlim] sample:		3388.24 time, 3400.01 real, 4 MB, 5.13 load
[runlim] sample:		3398.21 time, 3410.01 real, 4 MB, 5.11 load
[runlim] sample:		3408.17 time, 3420.01 real, 4 MB, 5.25 load
[runlim] sample:		3418.14 time, 3430.01 real, 4 MB, 5.44 load
[runlim] sample:		3428.11 time, 3440.01 real, 4 MB, 5.52 load
[runlim] sample:		3438.08 time, 3450.01 real, 4 MB, 5.60 load
[runlim] sample:		3448.04 time, 3460.01 real, 4 MB, 5.74 load
[runlim] sample:		3458.01 time, 3470.01 real, 4 MB, 5.78 load
[runlim] sample:		3467.98 time, 3480.01 real, 4 MB, 5.81 load
[runlim] sample:		3477.95 time, 3490.01 real, 4 MB, 5.84 load
[runlim] sample:		3487.92 time, 3500.01 real, 4 MB, 5.87 load
[runlim] sample:		3497.88 time, 3510.01 real, 4 MB, 5.73 load
[runlim] sample:		3507.85 time, 3520.01 real, 4 MB, 5.70 load
[runlim] sample:		3517.82 time, 3530.01 real, 4 MB, 5.59 load
[runlim] sample:		3527.79 time, 3540.01 real, 4 MB, 5.50 load
[runlim] sample:		3537.76 time, 3550.01 real, 4 MB, 5.42 load
[runlim] sample:		3547.72 time, 3560.01 real, 4 MB, 5.36 load
[runlim] sample:		3557.69 time, 3570.01 real, 4 MB, 5.30 load
[runlim] sample:		3567.66 time, 3580.01 real, 4 MB, 5.26 load
[runlim] sample:		3577.63 time, 3590.01 real, 4 MB, 5.29 load
[runlim] sample:		3587.59 time, 3600.01 real, 4 MB, 5.25 load
[runlim] sample:		3597.56 time, 3610.01 real, 4 MB, 5.21 load
[runlim] sample:		3607.53 time, 3620.01 real, 4 MB, 5.17 load
[runlim] sample:		3617.49 time, 3630.01 real, 4 MB, 5.15 load
[runlim] sample:		3627.46 time, 3640.01 real, 4 MB, 5.12 load
[runlim] sample:		3637.43 time, 3650.01 real, 4 MB, 5.10 load
[runlim] sample:		3647.39 time, 3660.01 real, 4 MB, 5.09 load
[runlim] sample:		3657.36 time, 3670.01 real, 4 MB, 5.07 load
[runlim] sample:		3667.33 time, 3680.01 real, 4 MB, 5.06 load
[runlim] sample:		3677.30 time, 3690.01 real, 4 MB, 5.05 load
[runlim] sample:		3687.26 time, 3700.01 real, 4 MB, 5.04 load
[runlim] sample:		3697.23 time, 3710.01 real, 4 MB, 5.04 load
[runlim] sample:		3707.20 time, 3720.01 real, 4 MB, 5.03 load
[runlim] sample:		3717.17 time, 3730.01 real, 4 MB, 5.02 load
[runlim] sample:		3727.14 time, 3740.01 real, 4 MB, 5.02 load
[runlim] sample:		3737.10 time, 3750.01 real, 4 MB, 5.02 load
[runlim] sample:		3747.07 time, 3760.01 real, 4 MB, 5.01 load
[runlim] sample:		3757.04 time, 3770.01 real, 4 MB, 5.08 load
[runlim] sample:		3767.00 time, 3780.01 real, 4 MB, 5.07 load
[runlim] sample:		3776.97 time, 3790.01 real, 4 MB, 5.14 load
[runlim] sample:		3786.94 time, 3800.01 real, 4 MB, 5.12 load
[runlim] sample:		3796.90 time, 3810.01 real, 4 MB, 5.10 load
[runlim] sample:		3806.87 time, 3820.01 real, 4 MB, 5.08 load
[runlim] sample:		3816.84 time, 3830.01 real, 4 MB, 5.14 load
[runlim] sample:		3826.80 time, 3840.01 real, 4 MB, 5.12 load
[runlim] sample:		3836.77 time, 3850.01 real, 4 MB, 5.10 load
[runlim] sample:		3846.74 time, 3860.01 real, 4 MB, 5.09 load
[runlim] sample:		3856.70 time, 3870.01 real, 4 MB, 5.07 load
[runlim] sample:		3866.67 time, 3880.01 real, 4 MB, 5.06 load
[runlim] sample:		3876.64 time, 3890.01 real, 4 MB, 5.05 load
[runlim] sample:		3886.60 time, 3900.01 real, 4 MB, 5.04 load
[runlim] sample:		3896.57 time, 3910.01 real, 4 MB, 5.04 load
[runlim] sample:		3906.54 time, 3920.01 real, 4 MB, 5.03 load
[runlim] sample:		3916.50 time, 3930.01 real, 4 MB, 5.02 load
[runlim] sample:		3926.47 time, 3940.01 real, 4 MB, 5.02 load
[runlim] sample:		3936.44 time, 3950.01 real, 4 MB, 5.10 load
[runlim] sample:		3946.40 time, 3960.01 real, 4 MB, 5.08 load
[runlim] sample:		3956.37 time, 3970.01 real, 4 MB, 5.07 load
[runlim] sample:		3966.34 time, 3980.01 real, 4 MB, 5.06 load
[runlim] sample:		3976.31 time, 3990.01 real, 4 MB, 5.05 load
[runlim] sample:		3986.27 time, 4000.01 real, 4 MB, 5.04 load
[runlim] sample:		3996.24 time, 4010.01 real, 4 MB, 5.11 load
[runlim] sample:		4006.21 time, 4020.01 real, 4 MB, 5.10 load
[runlim] sample:		4016.17 time, 4030.01 real, 4 MB, 5.16 load
[runlim] sample:		4026.14 time, 4040.01 real, 4 MB, 5.13 load
[runlim] sample:		4036.11 time, 4050.01 real, 4 MB, 5.11 load
[runlim] sample:		4046.07 time, 4060.01 real, 4 MB, 5.09 load
[runlim] sample:		4056.04 time, 4070.01 real, 4 MB, 5.08 load
[runlim] sample:		4066.01 time, 4080.01 real, 4 MB, 5.07 load
[runlim] sample:		4075.97 time, 4090.01 real, 4 MB, 5.14 load
[runlim] sample:		4085.94 time, 4100.01 real, 4 MB, 5.11 load
[runlim] sample:		4095.91 time, 4110.01 real, 4 MB, 5.10 load
[runlim] sample:		4105.88 time, 4120.01 real, 4 MB, 5.08 load
[runlim] sample:		4115.84 time, 4130.01 real, 4 MB, 5.07 load
[runlim] sample:		4125.81 time, 4140.01 real, 4 MB, 5.06 load
[runlim] sample:		4135.78 time, 4150.01 real, 4 MB, 5.05 load
[runlim] sample:		4145.74 time, 4160.01 real, 4 MB, 5.04 load
[runlim] sample:		4155.71 time, 4170.01 real, 4 MB, 5.03 load
[runlim] sample:		4165.68 time, 4180.01 real, 4 MB, 5.03 load
[runlim] sample:		4175.65 time, 4190.01 real, 4 MB, 5.02 load
[runlim] sample:		4185.61 time, 4200.01 real, 4 MB, 5.02 load
[runlim] sample:		4195.58 time, 4210.01 real, 4 MB, 5.02 load
[runlim] sample:		4205.55 time, 4220.01 real, 4 MB, 5.01 load
[runlim] sample:		4215.51 time, 4230.01 real, 4 MB, 5.01 load
[runlim] sample:		4225.48 time, 4240.01 real, 4 MB, 5.16 load
[runlim] sample:		4235.45 time, 4250.01 real, 4 MB, 5.13 load
[runlim] sample:		4245.42 time, 4260.01 real, 4 MB, 5.11 load
[runlim] sample:		4255.38 time, 4270.01 real, 4 MB, 5.09 load
[runlim] sample:		4265.35 time, 4280.01 real, 4 MB, 5.08 load
[runlim] sample:		4275.31 time, 4290.01 real, 4 MB, 5.07 load
[runlim] sample:		4285.28 time, 4300.01 real, 4 MB, 5.06 load
[runlim] sample:		4295.25 time, 4310.01 real, 4 MB, 5.05 load
[runlim] sample:		4305.21 time, 4320.01 real, 4 MB, 5.11 load
[runlim] sample:		4315.18 time, 4330.01 real, 4 MB, 5.18 load
[runlim] sample:		4325.15 time, 4340.01 real, 4 MB, 5.15 load
[runlim] sample:		4335.11 time, 4350.01 real, 4 MB, 5.12 load
[runlim] sample:		4345.08 time, 4360.01 real, 4 MB, 5.11 load
[runlim] sample:		4355.05 time, 4370.01 real, 4 MB, 5.09 load
[runlim] sample:		4365.01 time, 4380.01 real, 4 MB, 5.07 load
[runlim] sample:		4374.98 time, 4390.01 real, 4 MB, 5.06 load
[runlim] sample:		4384.95 time, 4400.01 real, 4 MB, 5.05 load
[runlim] sample:		4394.91 time, 4410.01 real, 4 MB, 5.04 load
[runlim] sample:		4404.88 time, 4420.01 real, 4 MB, 5.04 load
[runlim] sample:		4414.85 time, 4430.01 real, 4 MB, 5.03 load
[runlim] sample:		4424.81 time, 4440.01 real, 4 MB, 5.03 load
[runlim] sample:		4434.78 time, 4450.01 real, 4 MB, 5.10 load
[runlim] sample:		4444.75 time, 4460.01 real, 4 MB, 5.09 load
[runlim] sample:		4454.71 time, 4470.01 real, 4 MB, 5.07 load
[runlim] sample:		4464.68 time, 4480.01 real, 4 MB, 5.06 load
[runlim] sample:		4474.65 time, 4490.01 real, 4 MB, 5.05 load
[runlim] sample:		4484.62 time, 4500.01 real, 4 MB, 5.04 load
[runlim] sample:		4494.58 time, 4510.01 real, 4 MB, 5.12 load
[runlim] sample:		4504.55 time, 4520.01 real, 4 MB, 5.10 load
[runlim] sample:		4514.52 time, 4530.01 real, 4 MB, 5.08 load
[runlim] sample:		4524.48 time, 4540.01 real, 4 MB, 5.07 load
[runlim] sample:		4534.45 time, 4550.01 real, 4 MB, 5.06 load
[runlim] sample:		4544.42 time, 4560.01 real, 4 MB, 5.05 load
[runlim] sample:		4554.38 time, 4570.01 real, 4 MB, 5.04 load
[runlim] sample:		4564.35 time, 4580.01 real, 4 MB, 5.03 load
[runlim] sample:		4574.32 time, 4590.01 real, 4 MB, 5.11 load
[runlim] sample:		4584.28 time, 4600.01 real, 4 MB, 5.09 load
[runlim] sample:		4594.25 time, 4610.01 real, 4 MB, 5.08 load
[runlim] sample:		4604.22 time, 4620.01 real, 4 MB, 5.06 load
[runlim] sample:		4614.19 time, 4630.01 real, 4 MB, 5.05 load
[runlim] sample:		4624.15 time, 4640.01 real, 4 MB, 5.05 load
[runlim] sample:		4634.12 time, 4650.01 real, 4 MB, 5.20 load
[runlim] sample:		4644.09 time, 4660.01 real, 4 MB, 5.17 load
[runlim] sample:		4654.05 time, 4670.01 real, 4 MB, 5.14 load
[runlim] sample:		4664.02 time, 4680.01 real, 4 MB, 5.12 load
[runlim] sample:		4673.99 time, 4690.01 real, 4 MB, 5.10 load
[runlim] sample:		4683.96 time, 4700.01 real, 4 MB, 5.08 load
[runlim] sample:		4693.92 time, 4710.01 real, 4 MB, 5.23 load
[runlim] sample:		4703.89 time, 4720.01 real, 4 MB, 5.20 load
[runlim] sample:		4713.86 time, 4730.01 real, 4 MB, 5.16 load
[runlim] sample:		4723.82 time, 4740.01 real, 4 MB, 5.14 load
[runlim] sample:		4733.79 time, 4750.01 real, 4 MB, 5.12 load
[runlim] sample:		4743.76 time, 4760.01 real, 4 MB, 5.10 load
[runlim] sample:		4753.72 time, 4770.01 real, 4 MB, 5.16 load
[runlim] sample:		4763.69 time, 4780.01 real, 4 MB, 5.14 load
[runlim] sample:		4773.66 time, 4790.01 real, 4 MB, 5.12 load
[runlim] sample:		4783.63 time, 4800.01 real, 4 MB, 5.10 load
[runlim] sample:		4793.59 time, 4810.01 real, 4 MB, 5.08 load
[runlim] sample:		4803.56 time, 4820.01 real, 4 MB, 5.07 load
[runlim] sample:		4813.53 time, 4830.01 real, 4 MB, 5.06 load
[runlim] sample:		4823.50 time, 4840.01 real, 4 MB, 5.05 load
[runlim] sample:		4833.47 time, 4850.01 real, 4 MB, 5.04 load
[runlim] sample:		4843.43 time, 4860.01 real, 4 MB, 5.03 load
[runlim] sample:		4853.40 time, 4870.01 real, 4 MB, 5.03 load
[runlim] sample:		4863.37 time, 4880.01 real, 4 MB, 5.02 load
[runlim] sample:		4873.34 time, 4890.01 real, 4 MB, 5.02 load
[runlim] sample:		4883.30 time, 4900.01 real, 4 MB, 5.02 load
[runlim] sample:		4893.27 time, 4910.01 real, 4 MB, 5.01 load
[runlim] sample:		4903.24 time, 4920.01 real, 4 MB, 5.01 load
[runlim] sample:		4913.20 time, 4930.01 real, 4 MB, 5.01 load
[runlim] sample:		4923.17 time, 4940.01 real, 4 MB, 5.01 load
[runlim] sample:		4933.14 time, 4950.01 real, 4 MB, 5.01 load
[runlim] sample:		4943.10 time, 4960.01 real, 4 MB, 5.00 load
[runlim] sample:		4953.07 time, 4970.01 real, 4 MB, 5.00 load
[runlim] sample:		4963.04 time, 4980.01 real, 4 MB, 5.00 load
[runlim] sample:		4973.00 time, 4990.01 real, 4 MB, 4.85 load
[runlim] sample:		4982.97 time, 5000.01 real, 4 MB, 4.72 load
[runlim] end:			Wed Apr  1 17:11:57 2026
[runlim] status:		out of time
[runlim] result:		2
[runlim] children:		1
[runlim] processes:		2
[runlim] real:			5000.05 seconds
[runlim] time:			4982.97 seconds
[runlim] space:			4 MB
[runlim] load:			5.87 maximum
[runlim] samples:		50000
