[runlim] version:		2.0.0rc1
[runlim] host:			m08n11
[runlim] time limit:		311040000 seconds
[runlim] real time limit:	5000 seconds
[runlim] space limit:		7000 MB
[runlim] argv[0]:		./binary
[runlim] argv[1]:		-c
[runlim] argv[2]:		-f
[runlim] argv[3]:		-s
[runlim] argv[4]:		/tmp/local-unzipped-12372162-1-32-qg4-09.cnf
[runlim] start:			Wed Apr  1 15:48:47 2026
[runlim] child:			30619
[runlim] end:			Wed Apr  1 15:48:48 2026
[runlim] status:		ok
[runlim] result:		0
[runlim] children:		1
[runlim] processes:		2
[runlim] real:			1.38 seconds
[runlim] time:			1.29 seconds
[runlim] space:			7 MB
[runlim] load:			1.83 maximum
[runlim] samples:		13
