[runlim] version:		2.0.0rc1
[runlim] host:			m08n11
[runlim] time limit:		311040000 seconds
[runlim] real time limit:	5000 seconds
[runlim] space limit:		7000 MB
[runlim] argv[0]:		./binary
[runlim] argv[1]:		-c
[runlim] argv[2]:		-f
[runlim] argv[3]:		-s
[runlim] argv[4]:		/tmp/local-unzipped-12372162-1-35-qg7-13.cnf
[runlim] start:			Wed Apr  1 15:48:50 2026
[runlim] child:			30727
[runlim] sample:		9.96 time, 10.01 real, 14 MB, 2.98 load
[runlim] sample:		19.91 time, 20.01 real, 15 MB, 3.60 load
[runlim] sample:		29.87 time, 30.01 real, 19 MB, 4.12 load
[runlim] end:			Wed Apr  1 15:49:22 2026
[runlim] status:		ok
[runlim] result:		0
[runlim] children:		1
[runlim] processes:		2
[runlim] real:			32.37 seconds
[runlim] time:			32.16 seconds
[runlim] space:			20 MB
[runlim] load:			4.12 maximum
[runlim] samples:		323
