[runlim] version:		2.0.0rc1
[runlim] host:			p07n17
[runlim] time limit:		311040000 seconds
[runlim] real time limit:	5000 seconds
[runlim] space limit:		7000 MB
[runlim] argv[0]:		./binary
[runlim] argv[1]:		-c
[runlim] argv[2]:		-f
[runlim] argv[3]:		/tmp/local-unzipped-12372158-1-24-logistics.d.cnf
[runlim] start:			Wed Apr  1 15:39:19 2026
[runlim] child:			36137
[runlim] sample:		9.96 time, 10.01 real, 8 MB, 2.04 load
[runlim] sample:		19.92 time, 20.01 real, 8 MB, 2.80 load
[runlim] sample:		29.88 time, 30.01 real, 8 MB, 3.44 load
[runlim] sample:		39.84 time, 40.01 real, 8 MB, 3.99 load
[runlim] sample:		49.80 time, 50.01 real, 8 MB, 4.29 load
[runlim] sample:		59.77 time, 60.01 real, 8 MB, 4.40 load
[runlim] sample:		69.73 time, 70.01 real, 8 MB, 4.50 load
[runlim] sample:		79.69 time, 80.01 real, 8 MB, 4.57 load
[runlim] sample:		89.65 time, 90.01 real, 8 MB, 4.64 load
[runlim] sample:		99.61 time, 100.01 real, 8 MB, 4.78 load
[runlim] sample:		109.58 time, 110.01 real, 8 MB, 4.81 load
[runlim] sample:		119.54 time, 120.01 real, 8 MB, 4.84 load
[runlim] sample:		129.50 time, 130.01 real, 8 MB, 4.87 load
[runlim] sample:		139.46 time, 140.01 real, 8 MB, 4.89 load
[runlim] sample:		149.42 time, 150.01 real, 8 MB, 4.90 load
[runlim] sample:		159.38 time, 160.01 real, 8 MB, 4.92 load
[runlim] sample:		169.35 time, 170.01 real, 8 MB, 4.93 load
[runlim] sample:		179.31 time, 180.01 real, 8 MB, 4.94 load
[runlim] sample:		189.28 time, 190.01 real, 8 MB, 4.95 load
[runlim] sample:		199.24 time, 200.01 real, 8 MB, 4.96 load
[runlim] sample:		209.21 time, 210.01 real, 8 MB, 4.97 load
[runlim] sample:		219.17 time, 220.01 real, 8 MB, 5.05 load
[runlim] sample:		229.14 time, 230.01 real, 8 MB, 5.04 load
[runlim] sample:		239.10 time, 240.01 real, 8 MB, 5.04 load
[runlim] sample:		249.06 time, 250.01 real, 8 MB, 5.03 load
[runlim] sample:		259.03 time, 260.01 real, 8 MB, 5.03 load
[runlim] sample:		268.99 time, 270.01 real, 8 MB, 5.02 load
[runlim] sample:		278.96 time, 280.01 real, 8 MB, 5.02 load
[runlim] sample:		288.92 time, 290.01 real, 8 MB, 5.01 load
[runlim] sample:		298.89 time, 300.01 real, 8 MB, 5.01 load
[runlim] sample:		308.85 time, 310.01 real, 8 MB, 5.01 load
[runlim] sample:		318.81 time, 320.01 real, 8 MB, 5.01 load
[runlim] sample:		328.78 time, 330.01 real, 8 MB, 5.01 load
[runlim] sample:		338.74 time, 340.01 real, 8 MB, 5.00 load
[runlim] sample:		348.71 time, 350.01 real, 8 MB, 5.00 load
[runlim] sample:		358.67 time, 360.01 real, 8 MB, 5.00 load
[runlim] sample:		368.63 time, 370.01 real, 8 MB, 5.00 load
[runlim] sample:		378.60 time, 380.01 real, 8 MB, 5.00 load
[runlim] sample:		388.56 time, 390.01 real, 8 MB, 5.00 load
[runlim] sample:		398.52 time, 400.01 real, 8 MB, 5.15 load
[runlim] sample:		408.49 time, 410.01 real, 8 MB, 5.13 load
[runlim] sample:		418.45 time, 420.01 real, 8 MB, 5.11 load
[runlim] sample:		428.41 time, 430.01 real, 8 MB, 5.09 load
[runlim] sample:		438.38 time, 440.01 real, 8 MB, 5.08 load
[runlim] sample:		448.34 time, 450.01 real, 8 MB, 5.06 load
[runlim] sample:		458.30 time, 460.01 real, 8 MB, 5.05 load
[runlim] sample:		468.27 time, 470.01 real, 8 MB, 5.05 load
[runlim] sample:		478.23 time, 480.01 real, 8 MB, 5.04 load
[runlim] sample:		488.20 time, 490.01 real, 8 MB, 5.03 load
[runlim] sample:		498.16 time, 500.01 real, 8 MB, 5.03 load
[runlim] sample:		508.13 time, 510.01 real, 8 MB, 5.02 load
[runlim] sample:		518.09 time, 520.01 real, 8 MB, 5.10 load
[runlim] sample:		528.05 time, 530.01 real, 8 MB, 5.08 load
[runlim] sample:		538.02 time, 540.01 real, 8 MB, 5.07 load
[runlim] sample:		547.98 time, 550.01 real, 8 MB, 5.06 load
[runlim] sample:		557.94 time, 560.01 real, 8 MB, 5.05 load
[runlim] sample:		567.91 time, 570.01 real, 8 MB, 5.04 load
[runlim] sample:		577.87 time, 580.01 real, 8 MB, 5.03 load
[runlim] sample:		587.83 time, 590.01 real, 8 MB, 5.03 load
[runlim] sample:		597.80 time, 600.01 real, 8 MB, 5.10 load
[runlim] sample:		607.76 time, 610.01 real, 8 MB, 5.09 load
[runlim] sample:		617.72 time, 620.01 real, 8 MB, 5.07 load
[runlim] sample:		627.68 time, 630.01 real, 8 MB, 5.06 load
[runlim] sample:		637.65 time, 640.01 real, 8 MB, 5.05 load
[runlim] sample:		647.61 time, 650.01 real, 8 MB, 5.12 load
[runlim] sample:		657.58 time, 660.01 real, 8 MB, 5.10 load
[runlim] sample:		667.54 time, 670.01 real, 8 MB, 5.09 load
[runlim] sample:		677.51 time, 680.01 real, 8 MB, 5.07 load
[runlim] sample:		687.47 time, 690.01 real, 8 MB, 5.06 load
[runlim] sample:		697.43 time, 700.01 real, 8 MB, 5.05 load
[runlim] sample:		707.40 time, 710.01 real, 8 MB, 5.04 load
[runlim] sample:		717.36 time, 720.01 real, 8 MB, 5.04 load
[runlim] sample:		727.33 time, 730.01 real, 8 MB, 5.03 load
[runlim] sample:		737.29 time, 740.01 real, 8 MB, 5.02 load
[runlim] sample:		747.25 time, 750.01 real, 8 MB, 5.02 load
[runlim] sample:		757.22 time, 760.01 real, 8 MB, 5.02 load
[runlim] sample:		767.18 time, 770.01 real, 8 MB, 5.01 load
[runlim] sample:		777.15 time, 780.01 real, 8 MB, 5.01 load
[runlim] sample:		787.11 time, 790.01 real, 8 MB, 5.01 load
[runlim] sample:		797.08 time, 800.01 real, 8 MB, 5.01 load
[runlim] sample:		807.04 time, 810.01 real, 8 MB, 5.01 load
[runlim] sample:		817.00 time, 820.01 real, 8 MB, 5.00 load
[runlim] sample:		826.97 time, 830.01 real, 8 MB, 5.00 load
[runlim] sample:		836.93 time, 840.01 real, 8 MB, 5.16 load
[runlim] sample:		846.90 time, 850.01 real, 8 MB, 5.14 load
[runlim] sample:		856.86 time, 860.01 real, 8 MB, 5.12 load
[runlim] sample:		866.83 time, 870.01 real, 8 MB, 5.10 load
[runlim] sample:		876.79 time, 880.01 real, 8 MB, 5.08 load
[runlim] sample:		886.75 time, 890.01 real, 8 MB, 5.07 load
[runlim] sample:		896.72 time, 900.01 real, 8 MB, 5.14 load
[runlim] sample:		906.68 time, 910.01 real, 8 MB, 5.12 load
[runlim] sample:		916.65 time, 920.01 real, 8 MB, 5.10 load
[runlim] sample:		926.61 time, 930.01 real, 8 MB, 5.08 load
[runlim] sample:		936.58 time, 940.01 real, 8 MB, 5.07 load
[runlim] sample:		946.54 time, 950.01 real, 8 MB, 5.06 load
[runlim] sample:		956.50 time, 960.01 real, 8 MB, 5.13 load
[runlim] sample:		966.47 time, 970.01 real, 8 MB, 5.11 load
[runlim] sample:		976.43 time, 980.01 real, 8 MB, 5.09 load
[runlim] sample:		986.40 time, 990.01 real, 8 MB, 5.08 load
[runlim] sample:		996.36 time, 1000.01 real, 8 MB, 5.06 load
[runlim] sample:		1006.33 time, 1010.01 real, 8 MB, 5.05 load
[runlim] sample:		1016.29 time, 1020.01 real, 8 MB, 5.13 load
[runlim] sample:		1026.26 time, 1030.01 real, 8 MB, 5.11 load
[runlim] sample:		1036.22 time, 1040.01 real, 8 MB, 5.09 load
[runlim] sample:		1046.19 time, 1050.01 real, 8 MB, 5.08 load
[runlim] sample:		1056.15 time, 1060.01 real, 8 MB, 5.06 load
[runlim] sample:		1066.11 time, 1070.01 real, 8 MB, 5.05 load
[runlim] sample:		1076.08 time, 1080.01 real, 8 MB, 5.04 load
[runlim] sample:		1086.05 time, 1090.01 real, 8 MB, 5.04 load
[runlim] sample:		1096.01 time, 1100.01 real, 8 MB, 5.11 load
[runlim] sample:		1105.98 time, 1110.01 real, 8 MB, 5.09 load
[runlim] sample:		1115.94 time, 1120.01 real, 8 MB, 5.08 load
[runlim] sample:		1125.91 time, 1130.01 real, 8 MB, 5.07 load
[runlim] sample:		1135.87 time, 1140.01 real, 8 MB, 5.06 load
[runlim] sample:		1145.84 time, 1150.01 real, 8 MB, 5.05 load
[runlim] sample:		1155.80 time, 1160.01 real, 8 MB, 5.04 load
[runlim] sample:		1165.77 time, 1170.01 real, 8 MB, 5.03 load
[runlim] sample:		1175.74 time, 1180.01 real, 8 MB, 5.03 load
[runlim] sample:		1185.70 time, 1190.01 real, 8 MB, 5.02 load
[runlim] sample:		1195.67 time, 1200.01 real, 8 MB, 5.09 load
[runlim] sample:		1205.63 time, 1210.01 real, 8 MB, 5.08 load
[runlim] sample:		1215.60 time, 1220.01 real, 8 MB, 5.07 load
[runlim] sample:		1225.56 time, 1230.01 real, 8 MB, 5.06 load
[runlim] sample:		1235.53 time, 1240.01 real, 8 MB, 5.05 load
[runlim] sample:		1245.49 time, 1250.01 real, 8 MB, 5.04 load
[runlim] sample:		1255.45 time, 1260.01 real, 8 MB, 5.03 load
[runlim] sample:		1265.42 time, 1270.01 real, 8 MB, 5.03 load
[runlim] sample:		1275.38 time, 1280.01 real, 8 MB, 5.02 load
[runlim] sample:		1285.35 time, 1290.01 real, 8 MB, 5.02 load
[runlim] sample:		1295.31 time, 1300.01 real, 8 MB, 5.02 load
[runlim] sample:		1305.27 time, 1310.01 real, 8 MB, 5.01 load
[runlim] sample:		1315.24 time, 1320.01 real, 8 MB, 5.01 load
[runlim] sample:		1325.20 time, 1330.01 real, 8 MB, 5.01 load
[runlim] sample:		1335.16 time, 1340.01 real, 8 MB, 5.01 load
[runlim] sample:		1345.13 time, 1350.01 real, 8 MB, 5.00 load
[runlim] sample:		1355.09 time, 1360.01 real, 8 MB, 5.00 load
[runlim] sample:		1365.06 time, 1370.01 real, 8 MB, 5.00 load
[runlim] sample:		1375.02 time, 1380.01 real, 8 MB, 5.00 load
[runlim] sample:		1384.99 time, 1390.01 real, 8 MB, 5.00 load
[runlim] sample:		1394.95 time, 1400.01 real, 8 MB, 5.00 load
[runlim] sample:		1404.92 time, 1410.01 real, 8 MB, 5.00 load
[runlim] sample:		1414.88 time, 1420.01 real, 8 MB, 5.00 load
[runlim] sample:		1424.84 time, 1430.01 real, 8 MB, 5.00 load
[runlim] sample:		1434.81 time, 1440.01 real, 8 MB, 5.00 load
[runlim] sample:		1444.77 time, 1450.01 real, 8 MB, 5.00 load
[runlim] sample:		1454.74 time, 1460.01 real, 8 MB, 5.00 load
[runlim] sample:		1464.70 time, 1470.01 real, 8 MB, 5.00 load
[runlim] sample:		1474.67 time, 1480.01 real, 8 MB, 5.00 load
[runlim] sample:		1484.63 time, 1490.01 real, 8 MB, 5.07 load
[runlim] sample:		1494.60 time, 1500.01 real, 8 MB, 5.06 load
[runlim] sample:		1504.56 time, 1510.01 real, 8 MB, 5.05 load
[runlim] sample:		1514.53 time, 1520.01 real, 8 MB, 5.04 load
[runlim] sample:		1524.49 time, 1530.01 real, 8 MB, 5.04 load
[runlim] sample:		1534.46 time, 1540.01 real, 8 MB, 5.03 load
[runlim] sample:		1544.42 time, 1550.01 real, 8 MB, 5.02 load
[runlim] sample:		1554.39 time, 1560.01 real, 8 MB, 5.02 load
[runlim] sample:		1564.35 time, 1570.01 real, 8 MB, 5.02 load
[runlim] sample:		1574.32 time, 1580.01 real, 8 MB, 5.01 load
[runlim] sample:		1584.28 time, 1590.01 real, 8 MB, 5.01 load
[runlim] sample:		1594.25 time, 1600.01 real, 8 MB, 5.01 load
[runlim] sample:		1604.21 time, 1610.01 real, 8 MB, 5.01 load
[runlim] sample:		1614.18 time, 1620.01 real, 8 MB, 5.01 load
[runlim] sample:		1624.14 time, 1630.01 real, 8 MB, 5.00 load
[runlim] sample:		1634.11 time, 1640.01 real, 8 MB, 5.08 load
[runlim] sample:		1644.07 time, 1650.01 real, 8 MB, 5.07 load
[runlim] sample:		1654.04 time, 1660.01 real, 8 MB, 5.13 load
[runlim] sample:		1664.00 time, 1670.01 real, 8 MB, 5.11 load
[runlim] sample:		1673.96 time, 1680.01 real, 8 MB, 5.10 load
[runlim] sample:		1683.93 time, 1690.01 real, 8 MB, 5.08 load
[runlim] sample:		1693.89 time, 1700.01 real, 8 MB, 5.07 load
[runlim] sample:		1703.86 time, 1710.01 real, 8 MB, 5.06 load
[runlim] sample:		1713.82 time, 1720.01 real, 8 MB, 5.05 load
[runlim] sample:		1723.79 time, 1730.01 real, 8 MB, 5.04 load
[runlim] sample:		1733.75 time, 1740.01 real, 8 MB, 5.03 load
[runlim] sample:		1743.72 time, 1750.01 real, 8 MB, 5.10 load
[runlim] sample:		1753.68 time, 1760.01 real, 8 MB, 5.08 load
[runlim] sample:		1763.65 time, 1770.01 real, 8 MB, 5.07 load
[runlim] sample:		1773.61 time, 1780.01 real, 8 MB, 5.06 load
[runlim] sample:		1783.58 time, 1790.01 real, 8 MB, 5.05 load
[runlim] sample:		1793.54 time, 1800.01 real, 8 MB, 5.04 load
[runlim] sample:		1803.51 time, 1810.01 real, 8 MB, 5.04 load
[runlim] sample:		1813.47 time, 1820.01 real, 8 MB, 5.03 load
[runlim] sample:		1823.44 time, 1830.01 real, 8 MB, 5.02 load
[runlim] sample:		1833.40 time, 1840.01 real, 8 MB, 5.02 load
[runlim] sample:		1843.36 time, 1850.01 real, 8 MB, 5.02 load
[runlim] sample:		1853.33 time, 1860.01 real, 8 MB, 5.01 load
[runlim] sample:		1863.29 time, 1870.01 real, 8 MB, 5.01 load
[runlim] sample:		1873.26 time, 1880.01 real, 8 MB, 5.01 load
[runlim] sample:		1883.22 time, 1890.01 real, 8 MB, 5.01 load
[runlim] sample:		1893.19 time, 1900.01 real, 8 MB, 5.01 load
[runlim] sample:		1903.15 time, 1910.01 real, 8 MB, 5.00 load
[runlim] sample:		1913.12 time, 1920.01 real, 8 MB, 5.00 load
[runlim] sample:		1923.08 time, 1930.01 real, 8 MB, 5.00 load
[runlim] sample:		1933.04 time, 1940.01 real, 8 MB, 5.00 load
[runlim] sample:		1943.01 time, 1950.01 real, 8 MB, 5.00 load
[runlim] sample:		1952.97 time, 1960.01 real, 8 MB, 5.00 load
[runlim] sample:		1962.94 time, 1970.01 real, 8 MB, 5.00 load
[runlim] sample:		1972.90 time, 1980.01 real, 8 MB, 5.00 load
[runlim] sample:		1982.87 time, 1990.01 real, 8 MB, 5.00 load
[runlim] sample:		1992.83 time, 2000.01 real, 8 MB, 5.00 load
[runlim] sample:		2002.80 time, 2010.01 real, 8 MB, 5.00 load
[runlim] sample:		2012.76 time, 2020.01 real, 8 MB, 5.00 load
[runlim] sample:		2022.72 time, 2030.01 real, 8 MB, 5.00 load
[runlim] sample:		2032.69 time, 2040.01 real, 8 MB, 5.00 load
[runlim] sample:		2042.65 time, 2050.01 real, 8 MB, 5.00 load
[runlim] sample:		2052.62 time, 2060.01 real, 8 MB, 5.00 load
[runlim] sample:		2062.58 time, 2070.01 real, 8 MB, 5.00 load
[runlim] sample:		2072.55 time, 2080.01 real, 8 MB, 5.00 load
[runlim] sample:		2082.51 time, 2090.01 real, 8 MB, 5.00 load
[runlim] sample:		2092.48 time, 2100.01 real, 8 MB, 5.00 load
[runlim] sample:		2102.44 time, 2110.01 real, 8 MB, 5.00 load
[runlim] sample:		2112.41 time, 2120.01 real, 8 MB, 5.00 load
[runlim] sample:		2122.37 time, 2130.01 real, 8 MB, 5.00 load
[runlim] sample:		2132.33 time, 2140.01 real, 8 MB, 5.00 load
[runlim] sample:		2142.30 time, 2150.01 real, 8 MB, 5.00 load
[runlim] sample:		2152.26 time, 2160.01 real, 8 MB, 5.00 load
[runlim] sample:		2162.23 time, 2170.01 real, 8 MB, 5.00 load
[runlim] sample:		2172.19 time, 2180.01 real, 8 MB, 5.00 load
[runlim] sample:		2182.15 time, 2190.01 real, 8 MB, 5.00 load
[runlim] sample:		2192.12 time, 2200.01 real, 8 MB, 5.00 load
[runlim] sample:		2202.08 time, 2210.01 real, 8 MB, 5.00 load
[runlim] sample:		2212.04 time, 2220.01 real, 8 MB, 5.00 load
[runlim] sample:		2222.01 time, 2230.01 real, 8 MB, 5.00 load
[runlim] sample:		2231.97 time, 2240.01 real, 8 MB, 5.00 load
[runlim] sample:		2241.93 time, 2250.01 real, 8 MB, 5.00 load
[runlim] sample:		2251.90 time, 2260.01 real, 8 MB, 5.00 load
[runlim] sample:		2261.86 time, 2270.01 real, 8 MB, 5.00 load
[runlim] sample:		2271.83 time, 2280.01 real, 8 MB, 5.00 load
[runlim] sample:		2281.79 time, 2290.01 real, 8 MB, 5.00 load
[runlim] sample:		2291.75 time, 2300.01 real, 8 MB, 5.00 load
[runlim] sample:		2301.72 time, 2310.01 real, 8 MB, 5.15 load
[runlim] sample:		2311.68 time, 2320.01 real, 8 MB, 5.12 load
[runlim] sample:		2321.64 time, 2330.01 real, 8 MB, 5.10 load
[runlim] sample:		2331.61 time, 2340.01 real, 8 MB, 5.09 load
[runlim] sample:		2341.57 time, 2350.01 real, 8 MB, 5.07 load
[runlim] sample:		2351.54 time, 2360.01 real, 8 MB, 5.06 load
[runlim] sample:		2361.50 time, 2370.01 real, 8 MB, 5.13 load
[runlim] sample:		2371.46 time, 2380.01 real, 8 MB, 5.11 load
[runlim] sample:		2381.43 time, 2390.01 real, 8 MB, 5.09 load
[runlim] sample:		2391.39 time, 2400.01 real, 8 MB, 5.08 load
[runlim] sample:		2401.36 time, 2410.01 real, 8 MB, 5.06 load
[runlim] sample:		2411.32 time, 2420.01 real, 8 MB, 5.05 load
[runlim] sample:		2421.28 time, 2430.01 real, 8 MB, 5.04 load
[runlim] sample:		2431.25 time, 2440.01 real, 8 MB, 5.04 load
[runlim] sample:		2441.21 time, 2450.01 real, 8 MB, 5.03 load
[runlim] sample:		2451.18 time, 2460.01 real, 8 MB, 5.03 load
[runlim] sample:		2461.14 time, 2470.01 real, 8 MB, 5.02 load
[runlim] sample:		2471.10 time, 2480.01 real, 8 MB, 5.02 load
[runlim] sample:		2481.07 time, 2490.01 real, 8 MB, 5.09 load
[runlim] sample:		2491.03 time, 2500.01 real, 8 MB, 5.07 load
[runlim] sample:		2500.99 time, 2510.01 real, 8 MB, 5.06 load
[runlim] sample:		2510.96 time, 2520.01 real, 8 MB, 5.13 load
[runlim] sample:		2520.92 time, 2530.01 real, 8 MB, 5.18 load
[runlim] sample:		2530.89 time, 2540.01 real, 8 MB, 5.15 load
[runlim] sample:		2540.85 time, 2550.01 real, 8 MB, 5.20 load
[runlim] sample:		2550.81 time, 2560.01 real, 8 MB, 5.17 load
[runlim] sample:		2560.78 time, 2570.01 real, 8 MB, 5.14 load
[runlim] sample:		2570.74 time, 2580.01 real, 8 MB, 5.12 load
[runlim] sample:		2580.70 time, 2590.01 real, 8 MB, 5.10 load
[runlim] sample:		2590.67 time, 2600.01 real, 8 MB, 5.09 load
[runlim] sample:		2600.63 time, 2610.01 real, 8 MB, 5.15 load
[runlim] sample:		2610.59 time, 2620.01 real, 8 MB, 5.12 load
[runlim] sample:		2620.56 time, 2630.01 real, 8 MB, 5.10 load
[runlim] sample:		2630.52 time, 2640.01 real, 8 MB, 5.09 load
[runlim] sample:		2640.48 time, 2650.01 real, 8 MB, 5.07 load
[runlim] sample:		2650.45 time, 2660.01 real, 8 MB, 5.06 load
[runlim] sample:		2660.41 time, 2670.01 real, 8 MB, 5.05 load
[runlim] sample:		2670.38 time, 2680.01 real, 8 MB, 5.04 load
[runlim] sample:		2680.34 time, 2690.01 real, 8 MB, 5.04 load
[runlim] sample:		2690.30 time, 2700.01 real, 8 MB, 5.03 load
[runlim] sample:		2700.27 time, 2710.01 real, 8 MB, 5.02 load
[runlim] sample:		2710.23 time, 2720.01 real, 8 MB, 5.02 load
[runlim] sample:		2720.20 time, 2730.01 real, 8 MB, 5.02 load
[runlim] sample:		2730.16 time, 2740.01 real, 8 MB, 5.01 load
[runlim] sample:		2740.12 time, 2750.01 real, 8 MB, 5.01 load
[runlim] sample:		2750.09 time, 2760.01 real, 8 MB, 5.01 load
[runlim] sample:		2760.05 time, 2770.01 real, 8 MB, 5.01 load
[runlim] sample:		2770.02 time, 2780.01 real, 8 MB, 5.01 load
[runlim] sample:		2779.98 time, 2790.01 real, 8 MB, 5.00 load
[runlim] sample:		2789.94 time, 2800.01 real, 8 MB, 5.00 load
[runlim] sample:		2799.91 time, 2810.01 real, 8 MB, 5.00 load
[runlim] sample:		2809.87 time, 2820.01 real, 8 MB, 5.00 load
[runlim] sample:		2819.83 time, 2830.01 real, 8 MB, 5.00 load
[runlim] sample:		2829.80 time, 2840.01 real, 8 MB, 5.00 load
[runlim] sample:		2839.76 time, 2850.01 real, 8 MB, 5.00 load
[runlim] sample:		2849.73 time, 2860.01 real, 8 MB, 5.00 load
[runlim] sample:		2859.69 time, 2870.01 real, 8 MB, 5.00 load
[runlim] sample:		2869.65 time, 2880.01 real, 8 MB, 5.00 load
[runlim] sample:		2879.62 time, 2890.01 real, 8 MB, 5.00 load
[runlim] sample:		2889.58 time, 2900.01 real, 8 MB, 5.00 load
[runlim] sample:		2899.54 time, 2910.01 real, 8 MB, 5.00 load
[runlim] sample:		2909.51 time, 2920.01 real, 8 MB, 5.00 load
[runlim] sample:		2919.47 time, 2930.01 real, 8 MB, 5.00 load
[runlim] sample:		2929.43 time, 2940.01 real, 8 MB, 5.00 load
[runlim] sample:		2939.40 time, 2950.01 real, 8 MB, 5.00 load
[runlim] sample:		2949.36 time, 2960.01 real, 8 MB, 5.00 load
[runlim] sample:		2959.33 time, 2970.01 real, 8 MB, 5.00 load
[runlim] sample:		2969.29 time, 2980.01 real, 8 MB, 5.00 load
[runlim] sample:		2979.25 time, 2990.01 real, 8 MB, 5.00 load
[runlim] sample:		2989.22 time, 3000.01 real, 8 MB, 5.00 load
[runlim] sample:		2999.18 time, 3010.01 real, 8 MB, 5.00 load
[runlim] sample:		3009.14 time, 3020.01 real, 8 MB, 5.00 load
[runlim] sample:		3019.11 time, 3030.01 real, 8 MB, 5.16 load
[runlim] sample:		3029.07 time, 3040.01 real, 8 MB, 5.13 load
[runlim] sample:		3039.04 time, 3050.01 real, 8 MB, 5.11 load
[runlim] sample:		3049.00 time, 3060.01 real, 8 MB, 5.10 load
[runlim] sample:		3058.96 time, 3070.01 real, 8 MB, 5.08 load
[runlim] sample:		3068.93 time, 3080.01 real, 8 MB, 5.07 load
[runlim] sample:		3078.89 time, 3090.01 real, 8 MB, 5.14 load
[runlim] sample:		3088.85 time, 3100.01 real, 8 MB, 5.19 load
[runlim] sample:		3098.82 time, 3110.01 real, 8 MB, 5.16 load
[runlim] sample:		3108.78 time, 3120.01 real, 8 MB, 5.13 load
[runlim] sample:		3118.74 time, 3130.01 real, 8 MB, 5.11 load
[runlim] sample:		3128.71 time, 3140.01 real, 8 MB, 5.10 load
[runlim] sample:		3138.67 time, 3150.01 real, 8 MB, 5.16 load
[runlim] sample:		3148.63 time, 3160.01 real, 8 MB, 5.14 load
[runlim] sample:		3158.60 time, 3170.01 real, 8 MB, 5.11 load
[runlim] sample:		3168.56 time, 3180.01 real, 8 MB, 5.10 load
[runlim] sample:		3178.52 time, 3190.01 real, 8 MB, 5.08 load
[runlim] sample:		3188.49 time, 3200.01 real, 8 MB, 5.07 load
[runlim] sample:		3198.45 time, 3210.01 real, 8 MB, 5.06 load
[runlim] sample:		3208.42 time, 3220.01 real, 8 MB, 5.05 load
[runlim] sample:		3218.38 time, 3230.01 real, 8 MB, 5.12 load
[runlim] sample:		3228.34 time, 3240.01 real, 8 MB, 5.10 load
[runlim] sample:		3238.31 time, 3250.01 real, 8 MB, 5.08 load
[runlim] sample:		3248.27 time, 3260.01 real, 8 MB, 5.07 load
[runlim] sample:		3258.23 time, 3270.01 real, 8 MB, 5.06 load
[runlim] sample:		3268.20 time, 3280.01 real, 8 MB, 5.05 load
[runlim] sample:		3278.16 time, 3290.01 real, 8 MB, 5.04 load
[runlim] sample:		3288.12 time, 3300.01 real, 8 MB, 5.04 load
[runlim] sample:		3298.09 time, 3310.01 real, 8 MB, 5.03 load
[runlim] sample:		3308.05 time, 3320.01 real, 8 MB, 5.02 load
[runlim] sample:		3318.02 time, 3330.01 real, 8 MB, 5.02 load
[runlim] sample:		3327.98 time, 3340.01 real, 8 MB, 5.24 load
[runlim] sample:		3337.94 time, 3350.01 real, 8 MB, 5.20 load
[runlim] sample:		3347.91 time, 3360.01 real, 8 MB, 5.17 load
[runlim] sample:		3357.87 time, 3370.01 real, 8 MB, 5.22 load
[runlim] sample:		3367.83 time, 3380.01 real, 8 MB, 5.18 load
[runlim] sample:		3377.80 time, 3390.01 real, 8 MB, 5.16 load
[runlim] sample:		3387.76 time, 3400.01 real, 8 MB, 5.20 load
[runlim] sample:		3397.73 time, 3410.01 real, 8 MB, 5.25 load
[runlim] sample:		3407.69 time, 3420.01 real, 8 MB, 5.21 load
[runlim] sample:		3417.65 time, 3430.01 real, 8 MB, 5.25 load
[runlim] sample:		3427.62 time, 3440.01 real, 8 MB, 5.22 load
[runlim] sample:		3437.58 time, 3450.01 real, 8 MB, 5.18 load
[runlim] sample:		3447.55 time, 3460.01 real, 8 MB, 5.30 load
[runlim] sample:		3457.51 time, 3470.01 real, 8 MB, 5.33 load
[runlim] sample:		3467.47 time, 3480.01 real, 8 MB, 5.28 load
[runlim] sample:		3477.44 time, 3490.01 real, 8 MB, 5.31 load
[runlim] sample:		3487.40 time, 3500.01 real, 8 MB, 5.26 load
[runlim] sample:		3497.37 time, 3510.01 real, 8 MB, 5.22 load
[runlim] sample:		3507.33 time, 3520.01 real, 8 MB, 5.26 load
[runlim] sample:		3517.29 time, 3530.01 real, 8 MB, 5.30 load
[runlim] sample:		3527.26 time, 3540.01 real, 8 MB, 5.26 load
[runlim] sample:		3537.22 time, 3550.01 real, 8 MB, 5.36 load
[runlim] sample:		3547.18 time, 3560.01 real, 8 MB, 5.31 load
[runlim] sample:		3557.15 time, 3570.01 real, 8 MB, 5.26 load
[runlim] sample:		3567.11 time, 3580.01 real, 8 MB, 5.29 load
[runlim] sample:		3577.07 time, 3590.01 real, 8 MB, 5.33 load
[runlim] sample:		3587.04 time, 3600.01 real, 8 MB, 5.28 load
[runlim] sample:		3597.00 time, 3610.01 real, 8 MB, 5.38 load
[runlim] sample:		3606.97 time, 3620.01 real, 8 MB, 5.32 load
[runlim] sample:		3616.93 time, 3630.01 real, 8 MB, 5.35 load
[runlim] sample:		3626.89 time, 3640.01 real, 8 MB, 5.30 load
[runlim] sample:		3636.86 time, 3650.01 real, 8 MB, 5.33 load
[runlim] sample:		3646.82 time, 3660.01 real, 8 MB, 5.28 load
[runlim] sample:		3656.78 time, 3670.01 real, 8 MB, 5.31 load
[runlim] sample:		3666.75 time, 3680.01 real, 8 MB, 5.26 load
[runlim] sample:		3676.71 time, 3690.01 real, 8 MB, 5.30 load
[runlim] sample:		3686.68 time, 3700.01 real, 8 MB, 5.33 load
[runlim] sample:		3696.64 time, 3710.01 real, 8 MB, 5.36 load
[runlim] sample:		3706.60 time, 3720.01 real, 8 MB, 5.30 load
[runlim] sample:		3716.57 time, 3730.01 real, 8 MB, 5.33 load
[runlim] sample:		3726.53 time, 3740.01 real, 8 MB, 5.28 load
[runlim] sample:		3736.49 time, 3750.01 real, 8 MB, 5.24 load
[runlim] sample:		3746.46 time, 3760.01 real, 8 MB, 5.20 load
[runlim] sample:		3756.42 time, 3770.01 real, 8 MB, 5.25 load
[runlim] sample:		3766.38 time, 3780.01 real, 8 MB, 5.21 load
[runlim] sample:		3776.35 time, 3790.01 real, 8 MB, 5.25 load
[runlim] sample:		3786.31 time, 3800.01 real, 8 MB, 5.21 load
[runlim] sample:		3796.28 time, 3810.01 real, 8 MB, 5.18 load
[runlim] sample:		3806.24 time, 3820.01 real, 8 MB, 5.15 load
[runlim] sample:		3816.20 time, 3830.01 real, 8 MB, 5.13 load
[runlim] sample:		3826.17 time, 3840.01 real, 8 MB, 5.18 load
[runlim] sample:		3836.13 time, 3850.01 real, 8 MB, 5.23 load
[runlim] sample:		3846.10 time, 3860.01 real, 8 MB, 5.19 load
[runlim] sample:		3856.06 time, 3870.01 real, 8 MB, 5.16 load
[runlim] sample:		3866.02 time, 3880.01 real, 8 MB, 5.14 load
[runlim] sample:		3875.99 time, 3890.01 real, 8 MB, 5.12 load
[runlim] sample:		3885.95 time, 3900.01 real, 8 MB, 5.17 load
[runlim] sample:		3895.91 time, 3910.01 real, 8 MB, 5.29 load
[runlim] sample:		3905.88 time, 3920.01 real, 8 MB, 5.25 load
[runlim] sample:		3915.84 time, 3930.01 real, 8 MB, 5.21 load
[runlim] sample:		3925.81 time, 3940.01 real, 8 MB, 5.18 load
[runlim] sample:		3935.77 time, 3950.01 real, 8 MB, 5.15 load
[runlim] sample:		3945.73 time, 3960.01 real, 8 MB, 5.20 load
[runlim] sample:		3955.70 time, 3970.01 real, 8 MB, 5.24 load
[runlim] sample:		3965.66 time, 3980.01 real, 8 MB, 5.20 load
[runlim] sample:		3975.62 time, 3990.01 real, 8 MB, 5.17 load
[runlim] sample:		3985.59 time, 4000.01 real, 8 MB, 5.15 load
[runlim] sample:		3995.55 time, 4010.01 real, 8 MB, 5.12 load
[runlim] sample:		4005.51 time, 4020.01 real, 8 MB, 5.10 load
[runlim] sample:		4015.48 time, 4030.01 real, 8 MB, 5.16 load
[runlim] sample:		4025.44 time, 4040.01 real, 8 MB, 5.14 load
[runlim] sample:		4035.40 time, 4050.01 real, 8 MB, 5.11 load
[runlim] sample:		4045.37 time, 4060.01 real, 8 MB, 5.17 load
[runlim] sample:		4055.33 time, 4070.01 real, 8 MB, 5.14 load
[runlim] sample:		4065.29 time, 4080.01 real, 8 MB, 5.12 load
[runlim] sample:		4075.26 time, 4090.01 real, 8 MB, 5.18 load
[runlim] sample:		4085.22 time, 4100.01 real, 8 MB, 5.15 load
[runlim] sample:		4095.19 time, 4110.01 real, 8 MB, 5.13 load
[runlim] sample:		4105.15 time, 4120.01 real, 8 MB, 5.11 load
[runlim] sample:		4115.11 time, 4130.01 real, 8 MB, 5.24 load
[runlim] sample:		4125.08 time, 4140.01 real, 8 MB, 5.36 load
[runlim] sample:		4135.04 time, 4150.01 real, 8 MB, 5.53 load
[runlim] sample:		4145.01 time, 4160.01 real, 8 MB, 5.61 load
[runlim] sample:		4154.97 time, 4170.01 real, 8 MB, 5.67 load
[runlim] sample:		4164.93 time, 4180.01 real, 8 MB, 5.72 load
[runlim] sample:		4174.90 time, 4190.01 real, 8 MB, 5.76 load
[runlim] sample:		4184.86 time, 4200.01 real, 8 MB, 5.88 load
[runlim] sample:		4194.82 time, 4210.01 real, 8 MB, 6.04 load
[runlim] sample:		4204.79 time, 4220.01 real, 8 MB, 5.88 load
[runlim] sample:		4214.75 time, 4230.01 real, 8 MB, 5.75 load
[runlim] sample:		4224.72 time, 4240.01 real, 8 MB, 5.63 load
[runlim] sample:		4234.68 time, 4250.01 real, 8 MB, 5.53 load
[runlim] sample:		4244.64 time, 4260.01 real, 8 MB, 5.53 load
[runlim] sample:		4254.61 time, 4270.01 real, 8 MB, 5.45 load
[runlim] sample:		4264.57 time, 4280.01 real, 8 MB, 5.38 load
[runlim] sample:		4274.54 time, 4290.01 real, 8 MB, 5.32 load
[runlim] sample:		4284.50 time, 4300.01 real, 8 MB, 5.27 load
[runlim] sample:		4294.46 time, 4310.01 real, 8 MB, 5.23 load
[runlim] sample:		4304.43 time, 4320.01 real, 8 MB, 5.19 load
[runlim] sample:		4314.39 time, 4330.01 real, 8 MB, 5.24 load
[runlim] sample:		4324.35 time, 4340.01 real, 8 MB, 5.20 load
[runlim] sample:		4334.32 time, 4350.01 real, 8 MB, 5.17 load
[runlim] sample:		4344.28 time, 4360.01 real, 8 MB, 5.14 load
[runlim] sample:		4354.25 time, 4370.01 real, 8 MB, 5.12 load
[runlim] sample:		4364.21 time, 4380.01 real, 8 MB, 5.10 load
[runlim] sample:		4374.17 time, 4390.01 real, 8 MB, 5.17 load
[runlim] sample:		4384.14 time, 4400.01 real, 8 MB, 5.14 load
[runlim] sample:		4394.10 time, 4410.01 real, 8 MB, 5.12 load
[runlim] sample:		4404.07 time, 4420.01 real, 8 MB, 5.10 load
[runlim] sample:		4414.03 time, 4430.01 real, 8 MB, 5.08 load
[runlim] sample:		4423.99 time, 4440.01 real, 8 MB, 5.07 load
[runlim] sample:		4433.96 time, 4450.01 real, 8 MB, 5.13 load
[runlim] sample:		4443.92 time, 4460.01 real, 8 MB, 5.11 load
[runlim] sample:		4453.89 time, 4470.01 real, 8 MB, 5.10 load
[runlim] sample:		4463.85 time, 4480.01 real, 8 MB, 5.08 load
[runlim] sample:		4473.81 time, 4490.01 real, 8 MB, 5.07 load
[runlim] sample:		4483.78 time, 4500.01 real, 8 MB, 5.06 load
[runlim] sample:		4493.74 time, 4510.01 real, 8 MB, 5.12 load
[runlim] sample:		4503.70 time, 4520.01 real, 8 MB, 5.10 load
[runlim] sample:		4513.67 time, 4530.01 real, 8 MB, 5.09 load
[runlim] sample:		4523.63 time, 4540.01 real, 8 MB, 5.07 load
[runlim] sample:		4533.60 time, 4550.01 real, 8 MB, 5.06 load
[runlim] sample:		4543.56 time, 4560.01 real, 8 MB, 5.05 load
[runlim] sample:		4553.52 time, 4570.01 real, 8 MB, 5.04 load
[runlim] sample:		4563.49 time, 4580.01 real, 8 MB, 5.04 load
[runlim] sample:		4573.45 time, 4590.01 real, 8 MB, 5.03 load
[runlim] sample:		4583.42 time, 4600.01 real, 8 MB, 5.02 load
[runlim] sample:		4593.38 time, 4610.01 real, 8 MB, 5.02 load
[runlim] sample:		4603.34 time, 4620.01 real, 8 MB, 5.02 load
[runlim] sample:		4613.31 time, 4630.01 real, 8 MB, 5.01 load
[runlim] sample:		4623.27 time, 4640.01 real, 8 MB, 5.01 load
[runlim] sample:		4633.23 time, 4650.01 real, 8 MB, 5.01 load
[runlim] sample:		4643.20 time, 4660.01 real, 8 MB, 5.01 load
[runlim] sample:		4653.16 time, 4670.01 real, 8 MB, 5.01 load
[runlim] sample:		4663.13 time, 4680.01 real, 8 MB, 5.00 load
[runlim] sample:		4673.09 time, 4690.01 real, 8 MB, 5.00 load
[runlim] sample:		4683.05 time, 4700.01 real, 8 MB, 5.00 load
[runlim] sample:		4693.02 time, 4710.01 real, 8 MB, 5.08 load
[runlim] sample:		4702.98 time, 4720.01 real, 8 MB, 5.06 load
[runlim] sample:		4712.94 time, 4730.01 real, 8 MB, 5.05 load
[runlim] sample:		4722.91 time, 4740.01 real, 8 MB, 5.04 load
[runlim] sample:		4732.87 time, 4750.01 real, 8 MB, 5.04 load
[runlim] sample:		4742.84 time, 4760.01 real, 8 MB, 5.03 load
[runlim] sample:		4752.80 time, 4770.01 real, 8 MB, 5.10 load
[runlim] sample:		4762.76 time, 4780.01 real, 8 MB, 5.16 load
[runlim] sample:		4772.73 time, 4790.01 real, 8 MB, 5.13 load
[runlim] sample:		4782.69 time, 4800.01 real, 8 MB, 5.11 load
[runlim] sample:		4792.65 time, 4810.01 real, 8 MB, 5.17 load
[runlim] sample:		4802.62 time, 4820.01 real, 8 MB, 5.14 load
[runlim] sample:		4812.58 time, 4830.01 real, 8 MB, 5.19 load
[runlim] sample:		4822.54 time, 4840.01 real, 8 MB, 5.16 load
[runlim] sample:		4832.51 time, 4850.01 real, 8 MB, 5.14 load
[runlim] sample:		4842.47 time, 4860.01 real, 8 MB, 5.12 load
[runlim] sample:		4852.43 time, 4870.01 real, 8 MB, 5.10 load
[runlim] sample:		4862.40 time, 4880.01 real, 8 MB, 5.08 load
[runlim] sample:		4872.36 time, 4890.01 real, 8 MB, 5.07 load
[runlim] sample:		4882.32 time, 4900.01 real, 8 MB, 5.06 load
[runlim] sample:		4892.29 time, 4910.01 real, 8 MB, 5.05 load
[runlim] sample:		4902.25 time, 4920.01 real, 8 MB, 5.04 load
[runlim] sample:		4912.22 time, 4930.01 real, 8 MB, 5.03 load
[runlim] sample:		4922.18 time, 4940.01 real, 8 MB, 5.03 load
[runlim] sample:		4932.14 time, 4950.01 real, 8 MB, 5.02 load
[runlim] sample:		4942.11 time, 4960.01 real, 8 MB, 5.09 load
[runlim] sample:		4952.07 time, 4970.01 real, 8 MB, 5.15 load
[runlim] sample:		4962.04 time, 4980.01 real, 8 MB, 5.05 load
[runlim] sample:		4972.00 time, 4990.01 real, 8 MB, 4.89 load
[runlim] sample:		4981.97 time, 5000.01 real, 8 MB, 4.75 load
[runlim] end:			Wed Apr  1 17:02:39 2026
[runlim] status:		out of time
[runlim] result:		2
[runlim] children:		1
[runlim] processes:		2
[runlim] real:			5000.05 seconds
[runlim] time:			4981.97 seconds
[runlim] space:			8 MB
[runlim] load:			6.05 maximum
[runlim] samples:		50000
