[runlim] version:		2.0.0rc1
[runlim] host:			p07n17
[runlim] time limit:		311040000 seconds
[runlim] real time limit:	5000 seconds
[runlim] space limit:		7000 MB
[runlim] argv[0]:		./binary
[runlim] argv[1]:		-c
[runlim] argv[2]:		-f
[runlim] argv[3]:		/tmp/local-unzipped-12372158-1-28-qg2-08.cnf
[runlim] start:			Wed Apr  1 15:39:23 2026
[runlim] child:			36326
[runlim] end:			Wed Apr  1 15:39:31 2026
[runlim] status:		ok
[runlim] result:		0
[runlim] children:		1
[runlim] processes:		2
[runlim] real:			7.29 seconds
[runlim] time:			7.15 seconds
[runlim] space:			13 MB
[runlim] load:			2.04 maximum
[runlim] samples:		72
