[runlim] version:		2.0.0rc1
[runlim] host:			p01n09
[runlim] time limit:		311040000 seconds
[runlim] real time limit:	5000 seconds
[runlim] space limit:		7000 MB
[runlim] argv[0]:		./binary
[runlim] argv[1]:		-c
[runlim] argv[2]:		-s
[runlim] argv[3]:		/tmp/local-unzipped-12181354-6-335-BMS_k3_n100_m429_216.cnf
[runlim] start:			Mon Mar 16 17:35:05 2026
[runlim] child:			1241584
[runlim] end:			Mon Mar 16 17:35:05 2026
[runlim] status:		ok
[runlim] result:		0
[runlim] children:		1
[runlim] processes:		2
[runlim] real:			0.29 seconds
[runlim] time:			0.20 seconds
[runlim] space:			3 MB
[runlim] load:			0.70 maximum
[runlim] samples:		2
