[runlim] version:		2.0.0rc1
[runlim] host:			p06n12
[runlim] time limit:		311040000 seconds
[runlim] real time limit:	5000 seconds
[runlim] space limit:		7000 MB
[runlim] argv[0]:		./binary
[runlim] argv[1]:		-c
[runlim] argv[2]:		-s
[runlim] argv[3]:		/tmp/local-unzipped-12181354-3-191-BMS_k3_n100_m429_206.cnf
[runlim] start:			Mon Mar 16 17:25:57 2026
[runlim] child:			2829274
[runlim] end:			Mon Mar 16 17:25:58 2026
[runlim] status:		ok
[runlim] result:		0
[runlim] children:		1
[runlim] processes:		2
[runlim] real:			0.84 seconds
[runlim] time:			0.80 seconds
[runlim] space:			4 MB
[runlim] load:			3.79 maximum
[runlim] samples:		8
