[runlim] version:		2.0.0rc1
[runlim] host:			m10n08
[runlim] time limit:		311040000 seconds
[runlim] real time limit:	5000 seconds
[runlim] space limit:		7000 MB
[runlim] argv[0]:		./binary
[runlim] argv[1]:		-c
[runlim] argv[2]:		-s
[runlim] argv[3]:		/tmp/local-unzipped-12181354-1-3-BMS_k3_n100_m429_243.cnf
[runlim] start:			Mon Mar 16 16:59:41 2026
[runlim] child:			3089159
[runlim] sample:		9.96 time, 10.01 real, 4 MB, 1.08 load
[runlim] end:			Mon Mar 16 16:59:51 2026
[runlim] status:		ok
[runlim] result:		0
[runlim] children:		1
[runlim] processes:		2
[runlim] real:			10.13 seconds
[runlim] time:			10.06 seconds
[runlim] space:			4 MB
[runlim] load:			1.08 maximum
[runlim] samples:		101
