[runlim] version:		2.0.0rc1
[runlim] host:			p03n06
[runlim] time limit:		311040000 seconds
[runlim] real time limit:	5000 seconds
[runlim] space limit:		7000 MB
[runlim] argv[0]:		./binary
[runlim] argv[1]:		-c
[runlim] argv[2]:		-f
[runlim] argv[3]:		-s
[runlim] argv[4]:		/tmp/local-unzipped-12181338-3-174-BMS_k3_n100_m429_244.cnf
[runlim] start:			Mon Mar 16 16:37:29 2026
[runlim] child:			2279349
[runlim] end:			Mon Mar 16 16:37:32 2026
[runlim] status:		ok
[runlim] result:		0
[runlim] children:		1
[runlim] processes:		2
[runlim] real:			2.83 seconds
[runlim] time:			2.79 seconds
[runlim] space:			4 MB
[runlim] load:			5.32 maximum
[runlim] samples:		28
