[runlim] version:		2.0.0rc1
[runlim] host:			p08n10
[runlim] time limit:		311040000 seconds
[runlim] real time limit:	5000 seconds
[runlim] space limit:		7000 MB
[runlim] argv[0]:		./binary
[runlim] argv[1]:		-c
[runlim] argv[2]:		-f
[runlim] argv[3]:		-s
[runlim] argv[4]:		/tmp/local-unzipped-12181338-6-345-BMS_k3_n100_m429_125.cnf
[runlim] start:			Mon Mar 16 16:37:08 2026
[runlim] child:			2230188
[runlim] sample:		9.96 time, 10.01 real, 3 MB, 4.97 load
[runlim] sample:		19.92 time, 20.01 real, 3 MB, 6.45 load
[runlim] sample:		29.88 time, 30.01 real, 4 MB, 8.15 load
[runlim] sample:		39.82 time, 40.01 real, 4 MB, 9.59 load
[runlim] sample:		49.78 time, 50.01 real, 4 MB, 10.57 load
[runlim] sample:		59.73 time, 60.01 real, 4 MB, 11.02 load
[runlim] sample:		69.68 time, 70.01 real, 4 MB, 11.32 load
[runlim] sample:		79.63 time, 80.01 real, 4 MB, 11.58 load
[runlim] sample:		89.58 time, 90.01 real, 4 MB, 11.65 load
[runlim] sample:		99.53 time, 100.01 real, 4 MB, 11.55 load
[runlim] sample:		109.48 time, 110.01 real, 4 MB, 11.54 load
[runlim] sample:		119.43 time, 120.01 real, 4 MB, 11.45 load
[runlim] sample:		129.38 time, 130.01 real, 4 MB, 11.38 load
[runlim] sample:		139.33 time, 140.01 real, 4 MB, 11.32 load
[runlim] sample:		149.29 time, 150.01 real, 4 MB, 11.27 load
[runlim] sample:		159.24 time, 160.01 real, 4 MB, 11.23 load
[runlim] sample:		169.19 time, 170.01 real, 4 MB, 11.20 load
[runlim] sample:		179.14 time, 180.01 real, 4 MB, 11.16 load
[runlim] sample:		189.09 time, 190.01 real, 4 MB, 11.06 load
[runlim] sample:		199.04 time, 200.01 real, 4 MB, 10.90 load
[runlim] sample:		209.00 time, 210.01 real, 4 MB, 10.84 load
[runlim] sample:		218.95 time, 220.01 real, 4 MB, 10.71 load
[runlim] sample:		228.90 time, 230.01 real, 4 MB, 10.60 load
[runlim] sample:		238.86 time, 240.01 real, 4 MB, 10.51 load
[runlim] sample:		248.81 time, 250.01 real, 4 MB, 10.50 load
[runlim] sample:		258.76 time, 260.01 real, 4 MB, 10.42 load
[runlim] sample:		268.71 time, 270.01 real, 4 MB, 10.36 load
[runlim] sample:		278.67 time, 280.01 real, 4 MB, 10.30 load
[runlim] sample:		288.62 time, 290.01 real, 4 MB, 10.26 load
[runlim] sample:		298.57 time, 300.01 real, 4 MB, 10.22 load
[runlim] sample:		308.53 time, 310.01 real, 4 MB, 10.18 load
[runlim] sample:		318.48 time, 320.01 real, 4 MB, 10.23 load
[runlim] sample:		328.43 time, 330.01 real, 4 MB, 10.19 load
[runlim] sample:		338.39 time, 340.01 real, 4 MB, 10.16 load
[runlim] sample:		348.34 time, 350.01 real, 4 MB, 10.14 load
[runlim] sample:		358.29 time, 360.01 real, 4 MB, 10.12 load
[runlim] sample:		368.25 time, 370.01 real, 4 MB, 10.10 load
[runlim] sample:		378.20 time, 380.01 real, 4 MB, 10.08 load
[runlim] sample:		388.15 time, 390.01 real, 4 MB, 10.07 load
[runlim] sample:		398.11 time, 400.01 real, 4 MB, 10.06 load
[runlim] sample:		408.06 time, 410.01 real, 4 MB, 10.05 load
[runlim] sample:		418.01 time, 420.01 real, 4 MB, 10.04 load
[runlim] sample:		427.97 time, 430.01 real, 4 MB, 10.03 load
[runlim] sample:		437.92 time, 440.01 real, 4 MB, 10.03 load
[runlim] sample:		447.88 time, 450.01 real, 4 MB, 10.10 load
[runlim] sample:		457.83 time, 460.01 real, 4 MB, 10.08 load
[runlim] sample:		467.78 time, 470.01 real, 4 MB, 9.99 load
[runlim] sample:		477.74 time, 480.01 real, 4 MB, 9.84 load
[runlim] sample:		487.69 time, 490.01 real, 4 MB, 9.55 load
[runlim] sample:		497.64 time, 500.01 real, 4 MB, 9.31 load
[runlim] sample:		507.59 time, 510.01 real, 4 MB, 9.11 load
[runlim] sample:		517.55 time, 520.01 real, 4 MB, 8.94 load
[runlim] sample:		527.51 time, 530.01 real, 4 MB, 8.79 load
[runlim] sample:		537.47 time, 540.01 real, 4 MB, 8.67 load
[runlim] sample:		547.44 time, 550.01 real, 4 MB, 8.49 load
[runlim] sample:		557.40 time, 560.01 real, 4 MB, 8.26 load
[runlim] sample:		567.36 time, 570.01 real, 4 MB, 8.06 load
[runlim] sample:		577.33 time, 580.01 real, 4 MB, 7.90 load
[runlim] sample:		587.30 time, 590.01 real, 4 MB, 7.76 load
[runlim] sample:		597.26 time, 600.01 real, 4 MB, 7.64 load
[runlim] sample:		607.22 time, 610.01 real, 4 MB, 7.54 load
[runlim] sample:		617.19 time, 620.01 real, 4 MB, 7.46 load
[runlim] sample:		627.15 time, 630.01 real, 4 MB, 7.39 load
[runlim] sample:		637.11 time, 640.01 real, 4 MB, 7.33 load
[runlim] sample:		647.08 time, 650.01 real, 4 MB, 7.28 load
[runlim] sample:		657.04 time, 660.01 real, 4 MB, 7.24 load
[runlim] sample:		667.00 time, 670.01 real, 4 MB, 7.20 load
[runlim] sample:		676.97 time, 680.01 real, 4 MB, 7.09 load
[runlim] sample:		686.93 time, 690.01 real, 4 MB, 6.92 load
[runlim] sample:		696.89 time, 700.01 real, 4 MB, 6.78 load
[runlim] sample:		706.85 time, 710.01 real, 4 MB, 6.66 load
[runlim] sample:		716.81 time, 720.01 real, 4 MB, 6.56 load
[runlim] sample:		726.78 time, 730.01 real, 4 MB, 6.47 load
[runlim] sample:		736.75 time, 740.01 real, 4 MB, 6.40 load
[runlim] sample:		746.71 time, 750.01 real, 4 MB, 6.34 load
[runlim] sample:		756.67 time, 760.01 real, 4 MB, 6.28 load
[runlim] sample:		766.64 time, 770.01 real, 4 MB, 6.24 load
[runlim] sample:		776.60 time, 780.01 real, 4 MB, 6.20 load
[runlim] sample:		786.57 time, 790.01 real, 4 MB, 6.17 load
[runlim] sample:		796.53 time, 800.01 real, 4 MB, 6.14 load
[runlim] sample:		806.49 time, 810.01 real, 4 MB, 6.20 load
[runlim] sample:		816.45 time, 820.01 real, 4 MB, 6.16 load
[runlim] sample:		826.42 time, 830.01 real, 4 MB, 6.14 load
[runlim] sample:		836.38 time, 840.01 real, 4 MB, 6.12 load
[runlim] sample:		846.34 time, 850.01 real, 4 MB, 6.25 load
[runlim] sample:		856.30 time, 860.01 real, 4 MB, 6.21 load
[runlim] sample:		866.26 time, 870.01 real, 4 MB, 6.18 load
[runlim] sample:		876.22 time, 880.01 real, 4 MB, 6.15 load
[runlim] sample:		886.19 time, 890.01 real, 4 MB, 6.20 load
[runlim] sample:		896.15 time, 900.01 real, 4 MB, 6.17 load
[runlim] sample:		906.12 time, 910.01 real, 4 MB, 6.22 load
[runlim] sample:		916.08 time, 920.01 real, 4 MB, 6.19 load
[runlim] sample:		926.05 time, 930.01 real, 4 MB, 6.16 load
[runlim] sample:		936.01 time, 940.01 real, 4 MB, 6.13 load
[runlim] sample:		945.97 time, 950.01 real, 4 MB, 6.11 load
[runlim] sample:		955.93 time, 960.01 real, 4 MB, 6.09 load
[runlim] sample:		965.90 time, 970.01 real, 4 MB, 6.08 load
[runlim] sample:		975.86 time, 980.01 real, 4 MB, 6.07 load
[runlim] sample:		985.82 time, 990.01 real, 4 MB, 6.06 load
[runlim] sample:		995.78 time, 1000.01 real, 4 MB, 6.05 load
[runlim] sample:		1005.75 time, 1010.01 real, 4 MB, 6.12 load
[runlim] sample:		1015.71 time, 1020.01 real, 4 MB, 6.10 load
[runlim] sample:		1025.67 time, 1030.01 real, 4 MB, 6.08 load
[runlim] sample:		1035.64 time, 1040.01 real, 4 MB, 6.07 load
[runlim] sample:		1045.60 time, 1050.01 real, 4 MB, 6.06 load
[runlim] sample:		1055.56 time, 1060.01 real, 4 MB, 6.05 load
[runlim] sample:		1065.53 time, 1070.01 real, 4 MB, 6.04 load
[runlim] sample:		1075.49 time, 1080.01 real, 4 MB, 6.04 load
[runlim] sample:		1085.45 time, 1090.01 real, 4 MB, 6.10 load
[runlim] sample:		1095.41 time, 1100.01 real, 4 MB, 6.09 load
[runlim] sample:		1105.38 time, 1110.01 real, 4 MB, 6.07 load
[runlim] sample:		1115.34 time, 1120.01 real, 4 MB, 6.06 load
[runlim] sample:		1125.30 time, 1130.01 real, 4 MB, 6.13 load
[runlim] sample:		1135.26 time, 1140.01 real, 4 MB, 6.11 load
[runlim] sample:		1145.23 time, 1150.01 real, 4 MB, 6.17 load
[runlim] sample:		1155.19 time, 1160.01 real, 4 MB, 6.14 load
[runlim] sample:		1165.16 time, 1170.01 real, 4 MB, 6.12 load
[runlim] sample:		1175.12 time, 1180.01 real, 4 MB, 6.10 load
[runlim] sample:		1185.09 time, 1190.01 real, 4 MB, 6.16 load
[runlim] sample:		1195.05 time, 1200.01 real, 4 MB, 6.13 load
[runlim] sample:		1205.01 time, 1210.01 real, 4 MB, 6.19 load
[runlim] sample:		1214.98 time, 1220.01 real, 4 MB, 6.16 load
[runlim] sample:		1224.94 time, 1230.01 real, 4 MB, 6.14 load
[runlim] sample:		1234.90 time, 1240.01 real, 4 MB, 6.12 load
[runlim] sample:		1244.87 time, 1250.01 real, 4 MB, 6.10 load
[runlim] sample:		1254.83 time, 1260.01 real, 4 MB, 6.16 load
[runlim] sample:		1264.79 time, 1270.01 real, 4 MB, 6.14 load
[runlim] sample:		1274.76 time, 1280.01 real, 4 MB, 6.12 load
[runlim] sample:		1284.72 time, 1290.01 real, 4 MB, 6.17 load
[runlim] sample:		1294.68 time, 1300.01 real, 4 MB, 6.14 load
[runlim] sample:		1304.65 time, 1310.01 real, 4 MB, 6.12 load
[runlim] sample:		1314.61 time, 1320.01 real, 4 MB, 6.10 load
[runlim] sample:		1324.57 time, 1330.01 real, 4 MB, 6.09 load
[runlim] sample:		1334.53 time, 1340.01 real, 4 MB, 6.07 load
[runlim] sample:		1344.50 time, 1350.01 real, 4 MB, 6.14 load
[runlim] sample:		1354.46 time, 1360.01 real, 4 MB, 6.11 load
[runlim] sample:		1364.42 time, 1370.01 real, 4 MB, 6.10 load
[runlim] sample:		1374.38 time, 1380.01 real, 4 MB, 6.08 load
[runlim] sample:		1384.33 time, 1390.01 real, 4 MB, 6.14 load
[runlim] sample:		1394.29 time, 1400.01 real, 4 MB, 6.12 load
[runlim] sample:		1404.24 time, 1410.01 real, 4 MB, 6.17 load
[runlim] sample:		1414.19 time, 1420.01 real, 4 MB, 6.15 load
[runlim] sample:		1424.14 time, 1430.01 real, 4 MB, 6.20 load
[runlim] sample:		1434.09 time, 1440.01 real, 4 MB, 6.17 load
[runlim] sample:		1444.04 time, 1450.01 real, 4 MB, 5.99 load
[runlim] sample:		1454.00 time, 1460.01 real, 4 MB, 5.83 load
[runlim] sample:		1463.95 time, 1470.01 real, 4 MB, 5.71 load
[runlim] sample:		1473.90 time, 1480.01 real, 4 MB, 5.60 load
[runlim] sample:		1483.86 time, 1490.01 real, 4 MB, 5.58 load
[runlim] sample:		1493.81 time, 1500.01 real, 4 MB, 5.49 load
[runlim] sample:		1503.77 time, 1510.01 real, 4 MB, 5.41 load
[runlim] sample:		1513.72 time, 1520.01 real, 4 MB, 5.35 load
[runlim] sample:		1523.67 time, 1530.01 real, 4 MB, 5.30 load
[runlim] sample:		1533.63 time, 1540.01 real, 4 MB, 5.25 load
[runlim] sample:		1543.58 time, 1550.01 real, 4 MB, 5.29 load
[runlim] sample:		1553.54 time, 1560.01 real, 4 MB, 5.24 load
[runlim] sample:		1563.49 time, 1570.01 real, 4 MB, 5.20 load
[runlim] sample:		1573.44 time, 1580.01 real, 4 MB, 5.17 load
[runlim] sample:		1583.40 time, 1590.01 real, 4 MB, 5.14 load
[runlim] sample:		1593.35 time, 1600.01 real, 4 MB, 5.12 load
[runlim] sample:		1603.30 time, 1610.01 real, 4 MB, 5.18 load
[runlim] sample:		1613.26 time, 1620.01 real, 4 MB, 5.15 load
[runlim] sample:		1623.21 time, 1630.01 real, 4 MB, 5.13 load
[runlim] sample:		1633.17 time, 1640.01 real, 4 MB, 5.11 load
[runlim] sample:		1643.12 time, 1650.01 real, 4 MB, 5.09 load
[runlim] sample:		1653.07 time, 1660.01 real, 4 MB, 5.08 load
[runlim] sample:		1663.03 time, 1670.01 real, 4 MB, 5.06 load
[runlim] sample:		1672.98 time, 1680.01 real, 4 MB, 5.05 load
[runlim] sample:		1682.93 time, 1690.01 real, 4 MB, 5.04 load
[runlim] sample:		1692.88 time, 1700.01 real, 4 MB, 5.04 load
[runlim] sample:		1702.84 time, 1710.01 real, 4 MB, 5.03 load
[runlim] sample:		1712.80 time, 1720.01 real, 4 MB, 5.03 load
[runlim] sample:		1722.75 time, 1730.01 real, 4 MB, 5.02 load
[runlim] sample:		1732.70 time, 1740.01 real, 4 MB, 5.02 load
[runlim] sample:		1742.66 time, 1750.01 real, 4 MB, 5.01 load
[runlim] sample:		1752.61 time, 1760.01 real, 4 MB, 5.01 load
[runlim] sample:		1762.56 time, 1770.01 real, 4 MB, 5.01 load
[runlim] sample:		1772.52 time, 1780.01 real, 4 MB, 5.01 load
[runlim] sample:		1782.47 time, 1790.01 real, 4 MB, 5.01 load
[runlim] sample:		1792.42 time, 1800.01 real, 4 MB, 5.00 load
[runlim] sample:		1802.38 time, 1810.01 real, 4 MB, 5.08 load
[runlim] sample:		1812.33 time, 1820.01 real, 4 MB, 5.07 load
[runlim] sample:		1822.29 time, 1830.01 real, 4 MB, 5.06 load
[runlim] sample:		1832.24 time, 1840.01 real, 4 MB, 5.05 load
[runlim] sample:		1842.19 time, 1850.01 real, 4 MB, 5.04 load
[runlim] sample:		1852.15 time, 1860.01 real, 4 MB, 5.04 load
[runlim] sample:		1862.10 time, 1870.01 real, 4 MB, 5.03 load
[runlim] sample:		1872.06 time, 1880.01 real, 4 MB, 5.02 load
[runlim] sample:		1882.01 time, 1890.01 real, 4 MB, 5.01 load
[runlim] sample:		1891.97 time, 1900.01 real, 4 MB, 4.86 load
[runlim] sample:		1901.92 time, 1910.01 real, 4 MB, 4.73 load
[runlim] sample:		1911.87 time, 1920.01 real, 4 MB, 4.61 load
[runlim] sample:		1921.83 time, 1930.01 real, 4 MB, 4.52 load
[runlim] sample:		1931.78 time, 1940.01 real, 4 MB, 4.44 load
[runlim] sample:		1941.74 time, 1950.01 real, 4 MB, 4.44 load
[runlim] sample:		1951.70 time, 1960.01 real, 4 MB, 4.38 load
[runlim] sample:		1961.65 time, 1970.01 real, 4 MB, 4.32 load
[runlim] sample:		1971.60 time, 1980.01 real, 4 MB, 4.27 load
[runlim] sample:		1981.56 time, 1990.01 real, 4 MB, 4.23 load
[runlim] sample:		1991.51 time, 2000.01 real, 4 MB, 4.19 load
[runlim] sample:		2001.46 time, 2010.01 real, 4 MB, 4.16 load
[runlim] sample:		2011.42 time, 2020.01 real, 4 MB, 4.14 load
[runlim] sample:		2021.37 time, 2030.01 real, 4 MB, 4.11 load
[runlim] sample:		2031.33 time, 2040.01 real, 4 MB, 4.10 load
[runlim] sample:		2041.28 time, 2050.01 real, 4 MB, 4.08 load
[runlim] sample:		2051.24 time, 2060.01 real, 4 MB, 4.07 load
[runlim] sample:		2061.19 time, 2070.01 real, 4 MB, 4.06 load
[runlim] sample:		2071.14 time, 2080.01 real, 4 MB, 4.05 load
[runlim] sample:		2081.10 time, 2090.01 real, 4 MB, 4.11 load
[runlim] sample:		2091.05 time, 2100.01 real, 4 MB, 4.10 load
[runlim] sample:		2101.01 time, 2110.01 real, 4 MB, 4.08 load
[runlim] sample:		2110.96 time, 2120.01 real, 4 MB, 4.07 load
[runlim] sample:		2120.92 time, 2130.01 real, 4 MB, 4.06 load
[runlim] sample:		2130.87 time, 2140.01 real, 4 MB, 4.05 load
[runlim] sample:		2140.82 time, 2150.01 real, 4 MB, 4.11 load
[runlim] sample:		2150.78 time, 2160.01 real, 4 MB, 4.10 load
[runlim] sample:		2160.73 time, 2170.01 real, 4 MB, 4.08 load
[runlim] sample:		2170.69 time, 2180.01 real, 4 MB, 4.07 load
[runlim] sample:		2180.64 time, 2190.01 real, 4 MB, 4.06 load
[runlim] sample:		2190.60 time, 2200.01 real, 4 MB, 4.05 load
[runlim] sample:		2200.55 time, 2210.01 real, 4 MB, 4.11 load
[runlim] sample:		2210.50 time, 2220.01 real, 4 MB, 4.10 load
[runlim] sample:		2220.46 time, 2230.01 real, 4 MB, 4.08 load
[runlim] sample:		2230.41 time, 2240.01 real, 4 MB, 4.07 load
[runlim] sample:		2240.36 time, 2250.01 real, 4 MB, 4.06 load
[runlim] sample:		2250.32 time, 2260.01 real, 4 MB, 4.05 load
[runlim] sample:		2260.27 time, 2270.01 real, 4 MB, 4.04 load
[runlim] sample:		2270.23 time, 2280.01 real, 4 MB, 4.03 load
[runlim] sample:		2280.18 time, 2290.01 real, 4 MB, 4.10 load
[runlim] sample:		2290.14 time, 2300.01 real, 4 MB, 4.08 load
[runlim] sample:		2300.09 time, 2310.01 real, 4 MB, 4.07 load
[runlim] sample:		2310.05 time, 2320.01 real, 4 MB, 4.14 load
[runlim] sample:		2320.00 time, 2330.01 real, 4 MB, 4.19 load
[runlim] sample:		2329.95 time, 2340.01 real, 4 MB, 4.16 load
[runlim] sample:		2339.91 time, 2350.01 real, 4 MB, 4.21 load
[runlim] sample:		2349.86 time, 2360.01 real, 4 MB, 4.18 load
[runlim] sample:		2359.82 time, 2370.01 real, 4 MB, 4.15 load
[runlim] sample:		2369.77 time, 2380.01 real, 4 MB, 4.13 load
[runlim] sample:		2379.73 time, 2390.01 real, 4 MB, 4.11 load
[runlim] sample:		2389.68 time, 2400.01 real, 4 MB, 3.94 load
[runlim] sample:		2399.63 time, 2410.01 real, 4 MB, 3.79 load
[runlim] sample:		2409.59 time, 2420.01 real, 4 MB, 3.67 load
[runlim] sample:		2419.55 time, 2430.01 real, 4 MB, 3.57 load
[runlim] sample:		2429.51 time, 2440.01 real, 4 MB, 3.48 load
[runlim] sample:		2439.47 time, 2450.01 real, 4 MB, 3.40 load
[runlim] sample:		2449.42 time, 2460.01 real, 4 MB, 3.34 load
[runlim] sample:		2459.38 time, 2470.01 real, 4 MB, 3.29 load
[runlim] sample:		2469.34 time, 2480.01 real, 4 MB, 3.24 load
[runlim] sample:		2479.29 time, 2490.01 real, 4 MB, 3.28 load
[runlim] sample:		2489.25 time, 2500.01 real, 4 MB, 3.24 load
[runlim] sample:		2499.21 time, 2510.01 real, 4 MB, 3.20 load
[runlim] sample:		2509.17 time, 2520.01 real, 4 MB, 3.17 load
[runlim] sample:		2519.12 time, 2530.01 real, 4 MB, 3.14 load
[runlim] sample:		2529.08 time, 2540.01 real, 4 MB, 3.12 load
[runlim] sample:		2539.03 time, 2550.01 real, 4 MB, 3.18 load
[runlim] sample:		2548.99 time, 2560.01 real, 4 MB, 3.15 load
[runlim] sample:		2558.94 time, 2570.01 real, 4 MB, 3.12 load
[runlim] sample:		2568.90 time, 2580.01 real, 4 MB, 3.10 load
[runlim] sample:		2578.86 time, 2590.01 real, 4 MB, 3.09 load
[runlim] sample:		2588.82 time, 2600.01 real, 4 MB, 3.07 load
[runlim] sample:		2598.77 time, 2610.01 real, 4 MB, 3.14 load
[runlim] sample:		2608.73 time, 2620.01 real, 4 MB, 3.11 load
[runlim] sample:		2618.68 time, 2630.01 real, 4 MB, 3.10 load
[runlim] sample:		2628.64 time, 2640.01 real, 4 MB, 3.08 load
[runlim] sample:		2638.60 time, 2650.01 real, 4 MB, 3.07 load
[runlim] sample:		2648.55 time, 2660.01 real, 4 MB, 3.06 load
[runlim] sample:		2658.51 time, 2670.01 real, 4 MB, 3.05 load
[runlim] sample:		2668.47 time, 2680.01 real, 4 MB, 3.11 load
[runlim] sample:		2678.43 time, 2690.01 real, 4 MB, 3.10 load
[runlim] sample:		2688.38 time, 2700.01 real, 4 MB, 3.08 load
[runlim] sample:		2698.34 time, 2710.01 real, 4 MB, 3.07 load
[runlim] sample:		2708.30 time, 2720.01 real, 4 MB, 3.06 load
[runlim] sample:		2718.25 time, 2730.01 real, 4 MB, 3.05 load
[runlim] sample:		2728.21 time, 2740.01 real, 4 MB, 3.11 load
[runlim] sample:		2738.17 time, 2750.01 real, 4 MB, 3.10 load
[runlim] sample:		2748.12 time, 2760.01 real, 4 MB, 3.08 load
[runlim] sample:		2758.08 time, 2770.01 real, 4 MB, 3.07 load
[runlim] sample:		2768.04 time, 2780.01 real, 4 MB, 3.06 load
[runlim] sample:		2778.00 time, 2790.01 real, 4 MB, 3.05 load
[runlim] sample:		2787.95 time, 2800.01 real, 4 MB, 3.04 load
[runlim] sample:		2797.91 time, 2810.01 real, 4 MB, 3.03 load
[runlim] sample:		2807.86 time, 2820.01 real, 4 MB, 3.03 load
[runlim] sample:		2817.82 time, 2830.01 real, 4 MB, 3.02 load
[runlim] sample:		2827.78 time, 2840.01 real, 4 MB, 3.10 load
[runlim] sample:		2837.74 time, 2850.01 real, 4 MB, 3.08 load
[runlim] sample:		2847.69 time, 2860.01 real, 4 MB, 3.07 load
[runlim] sample:		2857.65 time, 2870.01 real, 4 MB, 3.06 load
[runlim] sample:		2867.61 time, 2880.01 real, 4 MB, 3.05 load
[runlim] sample:		2877.56 time, 2890.01 real, 4 MB, 3.04 load
[runlim] sample:		2887.52 time, 2900.01 real, 4 MB, 3.04 load
[runlim] sample:		2897.48 time, 2910.01 real, 4 MB, 3.03 load
[runlim] sample:		2907.44 time, 2920.01 real, 4 MB, 3.11 load
[runlim] sample:		2917.40 time, 2930.01 real, 4 MB, 3.09 load
[runlim] sample:		2927.35 time, 2940.01 real, 4 MB, 3.07 load
[runlim] sample:		2937.31 time, 2950.01 real, 4 MB, 3.06 load
[runlim] sample:		2947.27 time, 2960.01 real, 4 MB, 3.05 load
[runlim] sample:		2957.22 time, 2970.01 real, 4 MB, 3.04 load
[runlim] sample:		2967.18 time, 2980.01 real, 4 MB, 3.04 load
[runlim] sample:		2977.14 time, 2990.01 real, 4 MB, 3.11 load
[runlim] sample:		2987.10 time, 3000.01 real, 4 MB, 3.09 load
[runlim] sample:		2997.06 time, 3010.01 real, 4 MB, 3.08 load
[runlim] sample:		3007.01 time, 3020.01 real, 4 MB, 3.07 load
[runlim] sample:		3016.97 time, 3030.01 real, 4 MB, 3.06 load
[runlim] sample:		3026.93 time, 3040.01 real, 4 MB, 3.05 load
[runlim] sample:		3036.88 time, 3050.01 real, 4 MB, 3.04 load
[runlim] sample:		3046.84 time, 3060.01 real, 4 MB, 3.03 load
[runlim] sample:		3056.80 time, 3070.01 real, 4 MB, 3.03 load
[runlim] sample:		3066.76 time, 3080.01 real, 4 MB, 3.02 load
[runlim] sample:		3076.72 time, 3090.01 real, 4 MB, 3.02 load
[runlim] sample:		3086.67 time, 3100.01 real, 4 MB, 3.02 load
[runlim] sample:		3096.63 time, 3110.01 real, 4 MB, 3.01 load
[runlim] sample:		3106.59 time, 3120.01 real, 4 MB, 3.01 load
[runlim] sample:		3116.54 time, 3130.01 real, 4 MB, 3.01 load
[runlim] sample:		3126.50 time, 3140.01 real, 4 MB, 3.01 load
[runlim] sample:		3136.46 time, 3150.01 real, 4 MB, 3.08 load
[runlim] sample:		3146.42 time, 3160.01 real, 4 MB, 3.07 load
[runlim] sample:		3156.38 time, 3170.01 real, 4 MB, 3.14 load
[runlim] sample:		3166.33 time, 3180.01 real, 4 MB, 3.11 load
[runlim] sample:		3176.29 time, 3190.01 real, 4 MB, 3.10 load
[runlim] sample:		3186.25 time, 3200.01 real, 4 MB, 3.08 load
[runlim] sample:		3196.20 time, 3210.01 real, 4 MB, 3.07 load
[runlim] sample:		3206.16 time, 3220.01 real, 4 MB, 3.06 load
[runlim] sample:		3216.11 time, 3230.01 real, 4 MB, 3.21 load
[runlim] sample:		3226.07 time, 3240.01 real, 4 MB, 3.18 load
[runlim] sample:		3236.03 time, 3250.01 real, 4 MB, 3.15 load
[runlim] sample:		3245.98 time, 3260.01 real, 4 MB, 3.12 load
[runlim] sample:		3255.94 time, 3270.01 real, 4 MB, 3.11 load
[runlim] sample:		3265.90 time, 3280.01 real, 4 MB, 3.09 load
[runlim] sample:		3275.85 time, 3290.01 real, 4 MB, 3.16 load
[runlim] sample:		3285.81 time, 3300.01 real, 4 MB, 3.13 load
[runlim] sample:		3295.77 time, 3310.01 real, 4 MB, 3.11 load
[runlim] sample:		3305.73 time, 3320.01 real, 4 MB, 3.09 load
[runlim] sample:		3315.68 time, 3330.01 real, 4 MB, 3.08 load
[runlim] sample:		3325.64 time, 3340.01 real, 4 MB, 3.07 load
[runlim] sample:		3335.60 time, 3350.01 real, 4 MB, 3.22 load
[runlim] sample:		3345.56 time, 3360.01 real, 4 MB, 3.18 load
[runlim] sample:		3355.51 time, 3370.01 real, 4 MB, 3.30 load
[runlim] sample:		3365.47 time, 3380.01 real, 4 MB, 3.26 load
[runlim] sample:		3375.43 time, 3390.01 real, 4 MB, 3.22 load
[runlim] sample:		3385.39 time, 3400.01 real, 4 MB, 3.18 load
[runlim] sample:		3395.34 time, 3410.01 real, 4 MB, 3.23 load
[runlim] sample:		3405.30 time, 3420.01 real, 4 MB, 3.20 load
[runlim] sample:		3415.26 time, 3430.01 real, 4 MB, 3.17 load
[runlim] sample:		3425.22 time, 3440.01 real, 4 MB, 3.22 load
[runlim] sample:		3435.17 time, 3450.01 real, 4 MB, 3.19 load
[runlim] sample:		3445.13 time, 3460.01 real, 4 MB, 3.16 load
[runlim] sample:		3455.09 time, 3470.01 real, 4 MB, 3.21 load
[runlim] sample:		3465.05 time, 3480.01 real, 4 MB, 3.17 load
[runlim] sample:		3475.00 time, 3490.01 real, 4 MB, 3.15 load
[runlim] sample:		3484.96 time, 3500.01 real, 4 MB, 3.12 load
[runlim] sample:		3494.92 time, 3510.01 real, 4 MB, 3.10 load
[runlim] sample:		3504.88 time, 3520.01 real, 4 MB, 3.09 load
[runlim] sample:		3514.83 time, 3530.01 real, 4 MB, 3.23 load
[runlim] sample:		3524.79 time, 3540.01 real, 4 MB, 3.42 load
[runlim] sample:		3534.75 time, 3550.01 real, 4 MB, 3.66 load
[runlim] sample:		3544.71 time, 3560.01 real, 4 MB, 3.72 load
[runlim] sample:		3554.67 time, 3570.01 real, 4 MB, 3.76 load
[runlim] sample:		3564.62 time, 3580.01 real, 4 MB, 3.88 load
[runlim] sample:		3574.58 time, 3590.01 real, 4 MB, 3.98 load
[runlim] sample:		3584.54 time, 3600.01 real, 4 MB, 3.98 load
[runlim] sample:		3594.49 time, 3610.01 real, 4 MB, 3.98 load
[runlim] sample:		3604.45 time, 3620.01 real, 4 MB, 3.91 load
[runlim] sample:		3614.41 time, 3630.01 real, 4 MB, 3.77 load
[runlim] sample:		3624.37 time, 3640.01 real, 4 MB, 3.65 load
[runlim] sample:		3634.33 time, 3650.01 real, 4 MB, 3.62 load
[runlim] sample:		3644.28 time, 3660.01 real, 4 MB, 3.53 load
[runlim] sample:		3654.24 time, 3670.01 real, 4 MB, 3.45 load
[runlim] sample:		3664.20 time, 3680.01 real, 4 MB, 3.38 load
[runlim] sample:		3674.16 time, 3690.01 real, 4 MB, 3.40 load
[runlim] sample:		3684.11 time, 3700.01 real, 4 MB, 3.34 load
[runlim] sample:		3694.07 time, 3710.01 real, 4 MB, 3.28 load
[runlim] sample:		3704.03 time, 3720.01 real, 4 MB, 3.24 load
[runlim] sample:		3713.99 time, 3730.01 real, 4 MB, 3.20 load
[runlim] sample:		3723.95 time, 3740.01 real, 4 MB, 3.17 load
[runlim] sample:		3733.90 time, 3750.01 real, 4 MB, 3.22 load
[runlim] sample:		3743.86 time, 3760.01 real, 4 MB, 3.19 load
[runlim] sample:		3753.82 time, 3770.01 real, 4 MB, 3.16 load
[runlim] sample:		3763.77 time, 3780.01 real, 4 MB, 3.13 load
[runlim] sample:		3773.73 time, 3790.01 real, 4 MB, 3.11 load
[runlim] sample:		3783.69 time, 3800.01 real, 4 MB, 3.10 load
[runlim] sample:		3793.65 time, 3810.01 real, 4 MB, 3.16 load
[runlim] sample:		3803.61 time, 3820.01 real, 5 MB, 3.14 load
[runlim] sample:		3813.56 time, 3830.01 real, 5 MB, 3.11 load
[runlim] sample:		3823.52 time, 3840.01 real, 5 MB, 3.10 load
[runlim] sample:		3833.47 time, 3850.01 real, 5 MB, 3.08 load
[runlim] sample:		3843.43 time, 3860.01 real, 5 MB, 3.07 load
[runlim] sample:		3853.39 time, 3870.01 real, 5 MB, 3.06 load
[runlim] sample:		3863.35 time, 3880.01 real, 5 MB, 3.05 load
[runlim] sample:		3873.30 time, 3890.01 real, 5 MB, 3.04 load
[runlim] sample:		3883.26 time, 3900.01 real, 5 MB, 3.03 load
[runlim] sample:		3893.21 time, 3910.01 real, 5 MB, 3.03 load
[runlim] sample:		3903.17 time, 3920.01 real, 5 MB, 3.02 load
[runlim] sample:		3913.13 time, 3930.01 real, 5 MB, 3.02 load
[runlim] sample:		3923.09 time, 3940.01 real, 5 MB, 3.02 load
[runlim] sample:		3933.04 time, 3950.01 real, 5 MB, 3.09 load
[runlim] sample:		3943.00 time, 3960.01 real, 5 MB, 3.08 load
[runlim] sample:		3952.96 time, 3970.01 real, 5 MB, 3.07 load
[runlim] sample:		3962.91 time, 3980.01 real, 5 MB, 3.06 load
[runlim] sample:		3972.87 time, 3990.01 real, 5 MB, 3.05 load
[runlim] sample:		3982.83 time, 4000.01 real, 5 MB, 3.04 load
[runlim] sample:		3992.78 time, 4010.01 real, 5 MB, 3.11 load
[runlim] sample:		4002.74 time, 4020.01 real, 5 MB, 3.10 load
[runlim] sample:		4012.70 time, 4030.01 real, 5 MB, 3.08 load
[runlim] end:			Mon Mar 16 17:44:22 2026
[runlim] status:		ok
[runlim] result:		0
[runlim] children:		1
[runlim] processes:		2
[runlim] real:			4034.37 seconds
[runlim] time:			4016.98 seconds
[runlim] space:			5 MB
[runlim] load:			11.65 maximum
[runlim] samples:		40343
