[runlim] version:		2.0.0rc1
[runlim] host:			p06n14
[runlim] time limit:		311040000 seconds
[runlim] real time limit:	5000 seconds
[runlim] space limit:		7000 MB
[runlim] argv[0]:		./binary
[runlim] argv[1]:		-c
[runlim] argv[2]:		-f
[runlim] argv[3]:		-s
[runlim] argv[4]:		/tmp/local-unzipped-12181338-4-229-BMS_k3_n100_m429_72.cnf
[runlim] start:			Mon Mar 16 16:37:20 2026
[runlim] child:			2415567
[runlim] sample:		9.96 time, 10.01 real, 4 MB, 5.18 load
[runlim] sample:		19.91 time, 20.01 real, 4 MB, 6.31 load
[runlim] sample:		29.86 time, 30.01 real, 4 MB, 7.35 load
[runlim] sample:		39.81 time, 40.01 real, 4 MB, 8.06 load
[runlim] sample:		49.76 time, 50.01 real, 4 MB, 8.59 load
[runlim] sample:		59.72 time, 60.01 real, 4 MB, 8.57 load
[runlim] sample:		69.67 time, 70.01 real, 4 MB, 8.48 load
[runlim] sample:		79.63 time, 80.01 real, 4 MB, 8.25 load
[runlim] sample:		89.58 time, 90.01 real, 4 MB, 8.06 load
[runlim] sample:		99.53 time, 100.01 real, 4 MB, 7.90 load
[runlim] sample:		109.49 time, 110.01 real, 4 MB, 7.68 load
[runlim] sample:		119.44 time, 120.01 real, 5 MB, 7.42 load
[runlim] end:			Mon Mar 16 16:39:27 2026
[runlim] status:		ok
[runlim] result:		0
[runlim] children:		1
[runlim] processes:		2
[runlim] real:			127.34 seconds
[runlim] time:			126.71 seconds
[runlim] space:			5 MB
[runlim] load:			8.62 maximum
[runlim] samples:		1273
