[runlim] version:		2.0.0rc1
[runlim] host:			p03n11
[runlim] time limit:		311040000 seconds
[runlim] real time limit:	5000 seconds
[runlim] space limit:		7000 MB
[runlim] argv[0]:		./binary
[runlim] argv[1]:		-c
[runlim] argv[2]:		/tmp/local-unzipped-12519486-1-40-mc2025_track1_123.cnf
[runlim] start:			Wed Apr 15 14:20:19 2026
[runlim] child:			68654
[runlim] sample:		9.94 time, 10.01 real, 44 MB, 17.02 load
[runlim] sample:		19.86 time, 20.01 real, 45 MB, 23.39 load
[runlim] sample:		29.80 time, 30.01 real, 48 MB, 29.41 load
[runlim] sample:		39.72 time, 40.01 real, 48 MB, 34.72 load
[runlim] sample:		49.65 time, 50.01 real, 49 MB, 39.07 load
[runlim] end:			Wed Apr 15 14:21:18 2026
[runlim] status:		ok
[runlim] result:		0
[runlim] children:		1
[runlim] processes:		2
[runlim] real:			59.30 seconds
[runlim] time:			58.78 seconds
[runlim] space:			51 MB
[runlim] load:			42.75 maximum
[runlim] samples:		592
