[runlim] version:		2.0.0rc1
[runlim] host:			p03n11
[runlim] time limit:		311040000 seconds
[runlim] real time limit:	5000 seconds
[runlim] space limit:		7000 MB
[runlim] argv[0]:		./binary
[runlim] argv[1]:		-c
[runlim] argv[2]:		/tmp/local-unzipped-12519486-1-14-mc2025_track1_053.cnf
[runlim] start:			Wed Apr 15 14:19:53 2026
[runlim] child:			67618
[runlim] sample:		9.95 time, 10.01 real, 3 MB, 3.57 load
[runlim] sample:		19.89 time, 20.01 real, 3 MB, 7.11 load
[runlim] sample:		29.83 time, 30.01 real, 3 MB, 11.64 load
[runlim] sample:		39.76 time, 40.01 real, 3 MB, 17.02 load
[runlim] sample:		49.69 time, 50.01 real, 3 MB, 23.39 load
[runlim] sample:		59.62 time, 60.02 real, 3 MB, 29.41 load
[runlim] sample:		69.51 time, 70.01 real, 3 MB, 34.72 load
[runlim] sample:		79.44 time, 80.01 real, 3 MB, 39.07 load
[runlim] sample:		89.37 time, 90.01 real, 3 MB, 42.75 load
[runlim] sample:		99.30 time, 100.01 real, 3 MB, 45.48 load
[runlim] sample:		109.23 time, 110.01 real, 3 MB, 47.79 load
[runlim] sample:		119.16 time, 120.01 real, 3 MB, 49.75 load
[runlim] sample:		129.09 time, 130.01 real, 3 MB, 51.26 load
[runlim] sample:		139.03 time, 140.01 real, 3 MB, 52.44 load
[runlim] sample:		148.96 time, 150.01 real, 3 MB, 53.37 load
[runlim] sample:		158.90 time, 160.01 real, 3 MB, 54.00 load
[runlim] sample:		168.83 time, 170.01 real, 3 MB, 54.46 load
[runlim] sample:		178.76 time, 180.01 real, 3 MB, 54.85 load
[runlim] sample:		188.69 time, 190.01 real, 3 MB, 55.18 load
[runlim] sample:		198.63 time, 200.01 real, 3 MB, 55.68 load
[runlim] sample:		208.56 time, 210.01 real, 3 MB, 55.89 load
[runlim] sample:		218.50 time, 220.01 real, 3 MB, 56.06 load
[runlim] sample:		228.44 time, 230.01 real, 3 MB, 56.20 load
[runlim] sample:		238.38 time, 240.01 real, 3 MB, 56.33 load
[runlim] sample:		248.31 time, 250.01 real, 3 MB, 56.43 load
[runlim] sample:		258.25 time, 260.01 real, 3 MB, 56.52 load
[runlim] sample:		268.18 time, 270.01 real, 3 MB, 56.59 load
[runlim] sample:		278.12 time, 280.01 real, 3 MB, 56.66 load
[runlim] sample:		288.05 time, 290.01 real, 3 MB, 56.71 load
[runlim] sample:		297.98 time, 300.01 real, 3 MB, 56.84 load
[runlim] sample:		307.92 time, 310.01 real, 3 MB, 56.71 load
[runlim] sample:		317.85 time, 320.01 real, 3 MB, 56.60 load
[runlim] sample:		327.79 time, 330.01 real, 3 MB, 56.51 load
[runlim] sample:		337.73 time, 340.01 real, 3 MB, 56.43 load
[runlim] sample:		347.66 time, 350.01 real, 3 MB, 56.36 load
[runlim] sample:		357.60 time, 360.01 real, 3 MB, 56.31 load
[runlim] sample:		367.54 time, 370.01 real, 3 MB, 56.26 load
[runlim] sample:		377.47 time, 380.01 real, 3 MB, 56.30 load
[runlim] sample:		387.41 time, 390.01 real, 3 MB, 56.25 load
[runlim] sample:		397.34 time, 400.01 real, 3 MB, 56.21 load
[runlim] sample:		407.28 time, 410.01 real, 3 MB, 56.18 load
[runlim] sample:		417.22 time, 420.01 real, 3 MB, 56.23 load
[runlim] sample:		427.16 time, 430.01 real, 3 MB, 56.20 load
[runlim] sample:		437.09 time, 440.01 real, 3 MB, 56.25 load
[runlim] sample:		447.03 time, 450.01 real, 3 MB, 56.28 load
[runlim] sample:		456.97 time, 460.01 real, 3 MB, 56.24 load
[runlim] sample:		466.91 time, 470.01 real, 3 MB, 56.20 load
[runlim] sample:		476.84 time, 480.01 real, 3 MB, 56.25 load
[runlim] sample:		486.78 time, 490.01 real, 3 MB, 56.21 load
[runlim] sample:		496.72 time, 500.01 real, 3 MB, 56.18 load
[runlim] sample:		506.65 time, 510.01 real, 3 MB, 56.15 load
[runlim] sample:		516.59 time, 520.01 real, 3 MB, 56.13 load
[runlim] sample:		526.52 time, 530.01 real, 3 MB, 56.18 load
[runlim] sample:		536.44 time, 540.01 real, 3 MB, 56.15 load
[runlim] sample:		546.35 time, 550.01 real, 3 MB, 56.13 load
[runlim] sample:		556.28 time, 560.01 real, 3 MB, 56.11 load
[runlim] sample:		566.22 time, 570.01 real, 3 MB, 56.09 load
[runlim] sample:		576.16 time, 580.01 real, 3 MB, 56.08 load
[runlim] sample:		586.10 time, 590.01 real, 3 MB, 56.14 load
[runlim] sample:		596.04 time, 600.01 real, 3 MB, 56.20 load
[runlim] sample:		605.97 time, 610.01 real, 3 MB, 56.33 load
[runlim] sample:		615.91 time, 620.01 real, 3 MB, 56.28 load
[runlim] sample:		625.84 time, 630.01 real, 3 MB, 56.23 load
[runlim] sample:		635.78 time, 640.01 real, 3 MB, 56.35 load
[runlim] sample:		645.72 time, 650.01 real, 3 MB, 56.30 load
[runlim] sample:		655.65 time, 660.01 real, 3 MB, 56.25 load
[runlim] sample:		665.59 time, 670.01 real, 3 MB, 56.29 load
[runlim] sample:		675.53 time, 680.01 real, 3 MB, 56.32 load
[runlim] sample:		685.47 time, 690.01 real, 3 MB, 56.27 load
[runlim] sample:		695.41 time, 700.01 real, 3 MB, 56.23 load
[runlim] sample:		705.35 time, 710.01 real, 3 MB, 56.27 load
[runlim] sample:		715.29 time, 720.01 real, 3 MB, 56.23 load
[runlim] sample:		725.23 time, 730.01 real, 3 MB, 56.19 load
[runlim] sample:		735.16 time, 740.01 real, 3 MB, 56.24 load
[runlim] sample:		745.10 time, 750.01 real, 3 MB, 56.20 load
[runlim] sample:		755.04 time, 760.01 real, 3 MB, 56.25 load
[runlim] sample:		764.98 time, 770.01 real, 3 MB, 56.21 load
[runlim] sample:		774.92 time, 780.01 real, 3 MB, 56.26 load
[runlim] sample:		784.86 time, 790.01 real, 3 MB, 56.22 load
[runlim] sample:		794.80 time, 800.01 real, 3 MB, 56.18 load
[runlim] sample:		804.74 time, 810.01 real, 3 MB, 56.23 load
[runlim] sample:		814.68 time, 820.01 real, 3 MB, 56.19 load
[runlim] sample:		824.62 time, 830.01 real, 3 MB, 56.16 load
[runlim] sample:		834.56 time, 840.01 real, 3 MB, 56.14 load
[runlim] sample:		844.50 time, 850.01 real, 3 MB, 56.12 load
[runlim] sample:		854.44 time, 860.01 real, 3 MB, 56.25 load
[runlim] sample:		864.38 time, 870.01 real, 3 MB, 56.21 load
[runlim] sample:		874.32 time, 880.01 real, 3 MB, 56.17 load
[runlim] sample:		884.26 time, 890.01 real, 3 MB, 56.15 load
[runlim] sample:		894.19 time, 900.01 real, 3 MB, 56.12 load
[runlim] sample:		904.13 time, 910.01 real, 3 MB, 56.10 load
[runlim] sample:		914.07 time, 920.01 real, 3 MB, 56.09 load
[runlim] sample:		924.01 time, 930.01 real, 3 MB, 56.07 load
[runlim] sample:		933.95 time, 940.01 real, 3 MB, 56.06 load
[runlim] sample:		943.89 time, 950.01 real, 3 MB, 56.13 load
[runlim] sample:		953.83 time, 960.01 real, 3 MB, 56.11 load
[runlim] sample:		963.76 time, 970.01 real, 3 MB, 56.32 load
[runlim] sample:		973.70 time, 980.01 real, 3 MB, 56.27 load
[runlim] sample:		983.64 time, 990.01 real, 3 MB, 56.23 load
[runlim] sample:		993.58 time, 1000.01 real, 3 MB, 56.20 load
[runlim] sample:		1003.52 time, 1010.01 real, 3 MB, 56.16 load
[runlim] sample:		1013.46 time, 1020.01 real, 3 MB, 56.14 load
[runlim] sample:		1023.40 time, 1030.01 real, 3 MB, 56.27 load
[runlim] sample:		1033.34 time, 1040.01 real, 3 MB, 56.23 load
[runlim] sample:		1043.29 time, 1050.01 real, 3 MB, 56.19 load
[runlim] sample:		1053.23 time, 1060.01 real, 3 MB, 56.24 load
[runlim] sample:		1063.18 time, 1070.01 real, 3 MB, 56.21 load
[runlim] sample:		1073.13 time, 1080.01 real, 3 MB, 56.17 load
[runlim] sample:		1083.07 time, 1090.01 real, 3 MB, 56.23 load
[runlim] sample:		1093.02 time, 1100.01 real, 3 MB, 56.19 load
[runlim] sample:		1102.97 time, 1110.01 real, 3 MB, 56.16 load
[runlim] sample:		1112.92 time, 1120.01 real, 3 MB, 56.14 load
[runlim] sample:		1122.86 time, 1130.01 real, 3 MB, 56.12 load
[runlim] sample:		1132.81 time, 1140.01 real, 3 MB, 56.10 load
[runlim] sample:		1142.76 time, 1150.01 real, 3 MB, 56.08 load
[runlim] sample:		1152.70 time, 1160.01 real, 3 MB, 56.07 load
[runlim] sample:		1162.65 time, 1170.01 real, 3 MB, 56.14 load
[runlim] sample:		1172.60 time, 1180.01 real, 3 MB, 56.12 load
[runlim] sample:		1182.54 time, 1190.01 real, 3 MB, 56.10 load
[runlim] sample:		1192.48 time, 1200.01 real, 3 MB, 56.08 load
[runlim] sample:		1202.43 time, 1210.01 real, 3 MB, 56.07 load
[runlim] sample:		1212.37 time, 1220.01 real, 3 MB, 56.06 load
[runlim] sample:		1222.31 time, 1230.01 real, 3 MB, 56.13 load
[runlim] sample:		1232.26 time, 1240.01 real, 3 MB, 56.11 load
[runlim] sample:		1242.20 time, 1250.01 real, 3 MB, 56.09 load
[runlim] sample:		1252.15 time, 1260.01 real, 3 MB, 56.08 load
[runlim] sample:		1262.09 time, 1270.01 real, 3 MB, 56.06 load
[runlim] sample:		1272.03 time, 1280.01 real, 3 MB, 56.05 load
[runlim] sample:		1281.98 time, 1290.01 real, 3 MB, 56.13 load
[runlim] sample:		1291.92 time, 1300.01 real, 3 MB, 56.11 load
[runlim] sample:		1301.87 time, 1310.01 real, 3 MB, 56.17 load
[runlim] sample:		1311.81 time, 1320.01 real, 3 MB, 56.14 load
[runlim] sample:		1321.75 time, 1330.01 real, 3 MB, 56.12 load
[runlim] sample:		1331.69 time, 1340.01 real, 3 MB, 56.10 load
[runlim] sample:		1341.64 time, 1350.01 real, 3 MB, 56.09 load
[runlim] sample:		1351.58 time, 1360.01 real, 3 MB, 56.15 load
[runlim] sample:		1361.53 time, 1370.01 real, 3 MB, 56.21 load
[runlim] sample:		1371.47 time, 1380.01 real, 3 MB, 56.18 load
[runlim] sample:		1381.40 time, 1390.01 real, 3 MB, 56.15 load
[runlim] sample:		1391.34 time, 1400.01 real, 3 MB, 56.05 load
[runlim] sample:		1401.28 time, 1410.01 real, 3 MB, 55.88 load
[runlim] sample:		1411.23 time, 1420.01 real, 3 MB, 55.75 load
[runlim] sample:		1421.17 time, 1430.01 real, 3 MB, 55.71 load
[runlim] sample:		1431.12 time, 1440.01 real, 3 MB, 55.60 load
[runlim] sample:		1441.06 time, 1450.01 real, 3 MB, 55.58 load
[runlim] sample:		1451.01 time, 1460.01 real, 3 MB, 55.57 load
[runlim] sample:		1460.95 time, 1470.01 real, 3 MB, 55.48 load
[runlim] sample:		1470.90 time, 1480.01 real, 3 MB, 55.41 load
[runlim] sample:		1480.85 time, 1490.01 real, 3 MB, 55.42 load
[runlim] sample:		1490.80 time, 1500.01 real, 3 MB, 55.36 load
[runlim] sample:		1500.75 time, 1510.01 real, 3 MB, 55.30 load
[runlim] sample:		1510.69 time, 1520.01 real, 3 MB, 55.26 load
[runlim] sample:		1520.63 time, 1530.01 real, 3 MB, 55.29 load
[runlim] sample:		1530.58 time, 1540.01 real, 3 MB, 55.25 load
[runlim] sample:		1540.52 time, 1550.01 real, 3 MB, 55.21 load
[runlim] sample:		1550.47 time, 1560.01 real, 3 MB, 55.17 load
[runlim] sample:		1560.41 time, 1570.01 real, 3 MB, 55.23 load
[runlim] sample:		1570.36 time, 1580.01 real, 3 MB, 55.19 load
[runlim] sample:		1580.30 time, 1590.01 real, 3 MB, 55.16 load
[runlim] sample:		1590.25 time, 1600.01 real, 3 MB, 55.14 load
[runlim] sample:		1600.20 time, 1610.01 real, 3 MB, 55.20 load
[runlim] sample:		1610.14 time, 1620.01 real, 3 MB, 55.17 load
[runlim] sample:		1620.09 time, 1630.01 real, 3 MB, 55.30 load
[runlim] sample:		1630.03 time, 1640.01 real, 3 MB, 55.25 load
[runlim] sample:		1639.98 time, 1650.01 real, 3 MB, 55.21 load
[runlim] sample:		1649.93 time, 1660.01 real, 3 MB, 55.25 load
[runlim] sample:		1659.87 time, 1670.01 real, 3 MB, 55.36 load
[runlim] sample:		1669.82 time, 1680.01 real, 3 MB, 55.31 load
[runlim] sample:		1679.76 time, 1690.01 real, 3 MB, 55.49 load
[runlim] sample:		1689.72 time, 1700.01 real, 3 MB, 55.58 load
[runlim] sample:		1699.68 time, 1710.01 real, 3 MB, 55.49 load
[runlim] sample:		1709.65 time, 1720.01 real, 3 MB, 55.41 load
[runlim] sample:		1719.61 time, 1730.01 real, 3 MB, 55.35 load
[runlim] sample:		1729.57 time, 1740.01 real, 3 MB, 55.37 load
[runlim] sample:		1739.52 time, 1750.01 real, 3 MB, 55.31 load
[runlim] sample:		1749.46 time, 1760.01 real, 3 MB, 55.26 load
[runlim] sample:		1759.39 time, 1770.01 real, 3 MB, 55.46 load
[runlim] sample:		1769.33 time, 1780.01 real, 3 MB, 55.39 load
[runlim] sample:		1779.26 time, 1790.01 real, 3 MB, 55.41 load
[runlim] sample:		1789.20 time, 1800.01 real, 3 MB, 55.34 load
[runlim] sample:		1799.14 time, 1810.01 real, 3 MB, 55.29 load
[runlim] sample:		1809.07 time, 1820.01 real, 3 MB, 55.25 load
[runlim] sample:		1819.02 time, 1830.01 real, 3 MB, 55.29 load
[runlim] sample:		1828.96 time, 1840.01 real, 3 MB, 55.24 load
[runlim] sample:		1838.91 time, 1850.01 real, 3 MB, 55.21 load
[runlim] sample:		1848.86 time, 1860.01 real, 3 MB, 55.17 load
[runlim] sample:		1858.80 time, 1870.01 real, 3 MB, 55.15 load
[runlim] sample:		1868.74 time, 1880.01 real, 3 MB, 55.12 load
[runlim] sample:		1878.69 time, 1890.01 real, 3 MB, 55.18 load
[runlim] sample:		1888.64 time, 1900.01 real, 3 MB, 55.16 load
[runlim] sample:		1898.58 time, 1910.01 real, 3 MB, 55.13 load
[runlim] sample:		1908.53 time, 1920.01 real, 3 MB, 55.11 load
[runlim] sample:		1918.47 time, 1930.01 real, 3 MB, 55.09 load
[runlim] sample:		1928.42 time, 1940.01 real, 3 MB, 55.08 load
[runlim] sample:		1938.36 time, 1950.01 real, 3 MB, 55.30 load
[runlim] sample:		1948.31 time, 1960.01 real, 3 MB, 55.25 load
[runlim] sample:		1958.26 time, 1970.01 real, 3 MB, 55.21 load
[runlim] sample:		1968.20 time, 1980.01 real, 3 MB, 55.18 load
[runlim] sample:		1978.15 time, 1990.01 real, 3 MB, 55.15 load
[runlim] sample:		1988.09 time, 2000.01 real, 3 MB, 55.13 load
[runlim] sample:		1998.04 time, 2010.01 real, 3 MB, 55.19 load
[runlim] sample:		2007.99 time, 2020.01 real, 3 MB, 55.08 load
[runlim] sample:		2017.93 time, 2030.01 real, 3 MB, 54.91 load
[runlim] sample:		2027.88 time, 2040.01 real, 3 MB, 54.77 load
[runlim] sample:		2037.83 time, 2050.01 real, 3 MB, 54.65 load
[runlim] sample:		2047.77 time, 2060.01 real, 3 MB, 54.55 load
[runlim] sample:		2057.72 time, 2070.01 real, 3 MB, 54.55 load
[runlim] sample:		2067.67 time, 2080.01 real, 3 MB, 54.46 load
[runlim] sample:		2077.62 time, 2090.01 real, 3 MB, 54.39 load
[runlim] sample:		2087.56 time, 2100.01 real, 3 MB, 54.41 load
[runlim] sample:		2097.51 time, 2110.01 real, 3 MB, 54.43 load
[runlim] sample:		2107.45 time, 2120.01 real, 3 MB, 54.36 load
[runlim] sample:		2117.40 time, 2130.01 real, 3 MB, 54.47 load
[runlim] sample:		2127.35 time, 2140.01 real, 3 MB, 54.39 load
[runlim] sample:		2137.29 time, 2150.01 real, 3 MB, 54.33 load
[runlim] sample:		2147.24 time, 2160.01 real, 3 MB, 54.28 load
[runlim] sample:		2157.19 time, 2170.01 real, 3 MB, 54.24 load
[runlim] sample:		2167.13 time, 2180.01 real, 3 MB, 54.20 load
[runlim] sample:		2177.08 time, 2190.01 real, 3 MB, 54.25 load
[runlim] sample:		2187.02 time, 2200.01 real, 3 MB, 54.21 load
[runlim] sample:		2196.97 time, 2210.01 real, 3 MB, 54.18 load
[runlim] sample:		2206.92 time, 2220.01 real, 3 MB, 54.15 load
[runlim] sample:		2216.86 time, 2230.01 real, 3 MB, 54.13 load
[runlim] sample:		2226.81 time, 2240.01 real, 3 MB, 54.11 load
[runlim] sample:		2236.75 time, 2250.01 real, 3 MB, 54.25 load
[runlim] sample:		2246.70 time, 2260.01 real, 3 MB, 54.21 load
[runlim] sample:		2256.65 time, 2270.01 real, 3 MB, 54.17 load
[runlim] sample:		2266.59 time, 2280.01 real, 3 MB, 54.15 load
[runlim] sample:		2276.54 time, 2290.01 real, 3 MB, 54.28 load
[runlim] sample:		2286.49 time, 2300.01 real, 3 MB, 54.24 load
[runlim] sample:		2296.43 time, 2310.01 real, 3 MB, 54.28 load
[runlim] sample:		2306.38 time, 2320.01 real, 3 MB, 54.24 load
[runlim] sample:		2316.32 time, 2330.01 real, 3 MB, 54.20 load
[runlim] sample:		2326.27 time, 2340.01 real, 3 MB, 54.17 load
[runlim] sample:		2336.22 time, 2350.01 real, 3 MB, 54.22 load
[runlim] sample:		2346.16 time, 2360.01 real, 3 MB, 54.19 load
[runlim] sample:		2356.11 time, 2370.01 real, 3 MB, 54.24 load
[runlim] sample:		2366.05 time, 2380.01 real, 3 MB, 54.28 load
[runlim] sample:		2376.00 time, 2390.01 real, 3 MB, 54.31 load
[runlim] sample:		2385.95 time, 2400.01 real, 3 MB, 54.27 load
[runlim] sample:		2395.89 time, 2410.01 real, 3 MB, 54.22 load
[runlim] sample:		2405.84 time, 2420.01 real, 3 MB, 54.19 load
[runlim] sample:		2415.79 time, 2430.01 real, 3 MB, 54.24 load
[runlim] sample:		2425.73 time, 2440.01 real, 3 MB, 54.20 load
[runlim] sample:		2435.68 time, 2450.01 real, 3 MB, 54.25 load
[runlim] sample:		2445.63 time, 2460.01 real, 3 MB, 54.21 load
[runlim] sample:		2455.57 time, 2470.01 real, 3 MB, 54.25 load
[runlim] sample:		2465.52 time, 2480.01 real, 3 MB, 54.21 load
[runlim] sample:		2475.46 time, 2490.01 real, 3 MB, 54.26 load
[runlim] sample:		2485.41 time, 2500.01 real, 3 MB, 54.22 load
[runlim] sample:		2495.36 time, 2510.01 real, 3 MB, 54.03 load
[runlim] sample:		2505.31 time, 2520.01 real, 3 MB, 53.87 load
[runlim] sample:		2515.25 time, 2530.01 real, 3 MB, 53.81 load
[runlim] sample:		2525.20 time, 2540.01 real, 3 MB, 53.84 load
[runlim] sample:		2535.15 time, 2550.01 real, 3 MB, 53.79 load
[runlim] sample:		2545.10 time, 2560.01 real, 3 MB, 53.67 load
[runlim] sample:		2555.04 time, 2570.01 real, 3 MB, 53.57 load
[runlim] sample:		2564.99 time, 2580.01 real, 3 MB, 53.48 load
[runlim] sample:		2574.94 time, 2590.01 real, 3 MB, 53.40 load
[runlim] sample:		2584.89 time, 2600.01 real, 3 MB, 53.34 load
[runlim] sample:		2594.84 time, 2610.01 real, 3 MB, 53.37 load
[runlim] sample:		2604.78 time, 2620.01 real, 3 MB, 53.31 load
[runlim] sample:		2614.73 time, 2630.01 real, 3 MB, 53.26 load
[runlim] sample:		2624.68 time, 2640.01 real, 3 MB, 53.22 load
[runlim] sample:		2634.63 time, 2650.01 real, 3 MB, 53.19 load
[runlim] sample:		2644.58 time, 2660.01 real, 3 MB, 53.16 load
[runlim] sample:		2654.52 time, 2670.01 real, 3 MB, 53.21 load
[runlim] sample:		2664.47 time, 2680.01 real, 3 MB, 53.18 load
[runlim] sample:		2674.42 time, 2690.01 real, 3 MB, 53.15 load
[runlim] sample:		2684.37 time, 2700.01 real, 3 MB, 53.13 load
[runlim] sample:		2694.31 time, 2710.01 real, 3 MB, 53.11 load
[runlim] sample:		2704.26 time, 2720.01 real, 3 MB, 53.09 load
[runlim] sample:		2714.21 time, 2730.01 real, 3 MB, 53.16 load
[runlim] sample:		2724.15 time, 2740.01 real, 3 MB, 53.13 load
[runlim] sample:		2734.10 time, 2750.01 real, 3 MB, 53.11 load
[runlim] sample:		2744.05 time, 2760.01 real, 3 MB, 53.09 load
[runlim] sample:		2754.00 time, 2770.01 real, 3 MB, 53.08 load
[runlim] sample:		2763.94 time, 2780.01 real, 3 MB, 53.07 load
[runlim] sample:		2773.89 time, 2790.01 real, 3 MB, 53.14 load
[runlim] sample:		2783.84 time, 2800.01 real, 3 MB, 53.12 load
[runlim] sample:		2793.79 time, 2810.01 real, 3 MB, 53.10 load
[runlim] sample:		2803.73 time, 2820.01 real, 3 MB, 53.08 load
[runlim] sample:		2813.68 time, 2830.01 real, 3 MB, 53.07 load
[runlim] sample:		2823.63 time, 2840.01 real, 3 MB, 53.21 load
[runlim] sample:		2833.58 time, 2850.01 real, 3 MB, 53.18 load
[runlim] sample:		2843.53 time, 2860.01 real, 3 MB, 53.15 load
[runlim] sample:		2853.48 time, 2870.01 real, 3 MB, 53.21 load
[runlim] sample:		2863.43 time, 2880.01 real, 3 MB, 53.18 load
[runlim] sample:		2873.37 time, 2890.01 real, 3 MB, 53.15 load
[runlim] sample:		2883.32 time, 2900.01 real, 3 MB, 53.12 load
[runlim] sample:		2893.27 time, 2910.01 real, 3 MB, 53.11 load
[runlim] sample:		2903.22 time, 2920.01 real, 3 MB, 53.09 load
[runlim] sample:		2913.16 time, 2930.01 real, 3 MB, 53.16 load
[runlim] sample:		2923.11 time, 2940.01 real, 3 MB, 53.13 load
[runlim] sample:		2933.06 time, 2950.01 real, 3 MB, 53.18 load
[runlim] sample:		2943.00 time, 2960.01 real, 3 MB, 53.24 load
[runlim] sample:		2952.95 time, 2970.01 real, 3 MB, 53.20 load
[runlim] sample:		2962.90 time, 2980.01 real, 3 MB, 53.17 load
[runlim] sample:		2972.84 time, 2990.01 real, 3 MB, 53.22 load
[runlim] sample:		2982.79 time, 3000.01 real, 3 MB, 53.35 load
[runlim] sample:		2992.73 time, 3010.01 real, 3 MB, 53.44 load
[runlim] sample:		3002.68 time, 3020.01 real, 3 MB, 53.37 load
[runlim] sample:		3012.63 time, 3030.01 real, 3 MB, 53.32 load
[runlim] sample:		3022.57 time, 3040.01 real, 3 MB, 53.27 load
[runlim] sample:		3032.52 time, 3050.01 real, 3 MB, 53.31 load
[runlim] sample:		3042.47 time, 3060.01 real, 3 MB, 53.26 load
[runlim] sample:		3052.41 time, 3070.01 real, 3 MB, 53.22 load
[runlim] sample:		3062.36 time, 3080.01 real, 3 MB, 53.18 load
[runlim] sample:		3072.30 time, 3090.01 real, 3 MB, 53.16 load
[runlim] sample:		3082.25 time, 3100.01 real, 3 MB, 53.13 load
[runlim] sample:		3092.19 time, 3110.01 real, 3 MB, 53.19 load
[runlim] sample:		3102.14 time, 3120.01 real, 3 MB, 53.24 load
[runlim] sample:		3112.08 time, 3130.01 real, 3 MB, 53.27 load
[runlim] sample:		3122.03 time, 3140.01 real, 3 MB, 53.23 load
[runlim] sample:		3131.98 time, 3150.01 real, 3 MB, 53.19 load
[runlim] sample:		3141.92 time, 3160.01 real, 3 MB, 53.16 load
[runlim] sample:		3151.87 time, 3170.01 real, 3 MB, 53.22 load
[runlim] sample:		3161.81 time, 3180.01 real, 3 MB, 53.18 load
[runlim] sample:		3171.76 time, 3190.01 real, 3 MB, 53.16 load
[runlim] sample:		3181.70 time, 3200.01 real, 3 MB, 53.13 load
[runlim] sample:		3191.65 time, 3210.01 real, 3 MB, 53.11 load
[runlim] sample:		3201.59 time, 3220.01 real, 3 MB, 53.09 load
[runlim] sample:		3211.54 time, 3230.01 real, 3 MB, 53.16 load
[runlim] sample:		3221.48 time, 3240.01 real, 3 MB, 53.21 load
[runlim] sample:		3231.43 time, 3250.01 real, 3 MB, 53.18 load
[runlim] sample:		3241.37 time, 3260.01 real, 3 MB, 53.15 load
[runlim] sample:		3251.32 time, 3270.01 real, 3 MB, 53.12 load
[runlim] sample:		3261.26 time, 3280.01 real, 3 MB, 53.19 load
[runlim] sample:		3271.20 time, 3290.01 real, 3 MB, 53.16 load
[runlim] sample:		3281.15 time, 3300.01 real, 3 MB, 53.21 load
[runlim] sample:		3291.09 time, 3310.01 real, 3 MB, 53.18 load
[runlim] sample:		3301.04 time, 3320.01 real, 3 MB, 53.15 load
[runlim] sample:		3310.98 time, 3330.01 real, 3 MB, 53.13 load
[runlim] sample:		3320.93 time, 3340.01 real, 3 MB, 53.18 load
[runlim] sample:		3330.87 time, 3350.01 real, 3 MB, 53.23 load
[runlim] sample:		3340.82 time, 3360.01 real, 3 MB, 53.20 load
[runlim] sample:		3350.76 time, 3370.01 real, 3 MB, 53.24 load
[runlim] sample:		3360.71 time, 3380.01 real, 3 MB, 53.36 load
[runlim] sample:		3370.65 time, 3390.01 real, 3 MB, 53.38 load
[runlim] sample:		3380.60 time, 3400.01 real, 3 MB, 53.32 load
[runlim] sample:		3390.54 time, 3410.01 real, 3 MB, 53.27 load
[runlim] sample:		3400.49 time, 3420.01 real, 3 MB, 53.30 load
[runlim] sample:		3410.43 time, 3430.01 real, 3 MB, 53.25 load
[runlim] sample:		3420.38 time, 3440.01 real, 3 MB, 53.21 load
[runlim] sample:		3430.32 time, 3450.01 real, 3 MB, 53.26 load
[runlim] sample:		3440.27 time, 3460.01 real, 3 MB, 53.22 load
[runlim] sample:		3450.22 time, 3470.01 real, 3 MB, 53.18 load
[runlim] sample:		3460.16 time, 3480.01 real, 3 MB, 53.15 load
[runlim] sample:		3470.10 time, 3490.01 real, 3 MB, 53.13 load
[runlim] sample:		3480.05 time, 3500.01 real, 3 MB, 53.26 load
[runlim] sample:		3489.99 time, 3510.01 real, 3 MB, 53.30 load
[runlim] sample:		3499.93 time, 3520.01 real, 3 MB, 53.25 load
[runlim] sample:		3509.87 time, 3530.01 real, 3 MB, 53.21 load
[runlim] sample:		3519.82 time, 3540.01 real, 3 MB, 53.18 load
[runlim] sample:		3529.76 time, 3550.01 real, 3 MB, 53.15 load
[runlim] sample:		3539.70 time, 3560.01 real, 3 MB, 53.13 load
[runlim] sample:		3549.65 time, 3570.01 real, 3 MB, 53.11 load
[runlim] sample:		3559.59 time, 3580.01 real, 3 MB, 53.17 load
[runlim] sample:		3569.53 time, 3590.01 real, 3 MB, 53.14 load
[runlim] sample:		3579.47 time, 3600.01 real, 3 MB, 53.12 load
[runlim] sample:		3589.42 time, 3610.01 real, 3 MB, 53.18 load
[runlim] sample:		3599.36 time, 3620.01 real, 3 MB, 53.15 load
[runlim] sample:		3609.30 time, 3630.01 real, 3 MB, 53.20 load
[runlim] sample:		3619.24 time, 3640.01 real, 3 MB, 53.25 load
[runlim] sample:		3629.19 time, 3650.01 real, 3 MB, 53.21 load
[runlim] sample:		3639.13 time, 3660.01 real, 3 MB, 53.18 load
[runlim] sample:		3649.07 time, 3670.01 real, 3 MB, 53.15 load
[runlim] sample:		3659.02 time, 3680.01 real, 3 MB, 53.12 load
[runlim] sample:		3668.96 time, 3690.01 real, 3 MB, 53.10 load
[runlim] sample:		3678.91 time, 3700.01 real, 3 MB, 53.09 load
[runlim] sample:		3688.85 time, 3710.01 real, 3 MB, 53.07 load
[runlim] sample:		3698.79 time, 3720.01 real, 3 MB, 53.06 load
[runlim] sample:		3708.74 time, 3730.01 real, 3 MB, 53.05 load
[runlim] sample:		3718.68 time, 3740.01 real, 3 MB, 53.12 load
[runlim] sample:		3728.62 time, 3750.01 real, 3 MB, 53.10 load
[runlim] sample:		3738.56 time, 3760.01 real, 3 MB, 53.16 load
[runlim] sample:		3748.50 time, 3770.01 real, 3 MB, 53.14 load
[runlim] sample:		3758.44 time, 3780.01 real, 3 MB, 53.12 load
[runlim] sample:		3768.39 time, 3790.01 real, 3 MB, 53.10 load
[runlim] sample:		3778.33 time, 3800.01 real, 3 MB, 53.08 load
[runlim] sample:		3788.27 time, 3810.01 real, 3 MB, 53.07 load
[runlim] sample:		3798.21 time, 3820.01 real, 3 MB, 53.06 load
[runlim] sample:		3808.15 time, 3830.01 real, 3 MB, 53.05 load
[runlim] sample:		3818.09 time, 3840.01 real, 3 MB, 53.04 load
[runlim] sample:		3828.04 time, 3850.01 real, 3 MB, 53.03 load
[runlim] sample:		3837.98 time, 3860.01 real, 3 MB, 53.03 load
[runlim] sample:		3847.92 time, 3870.01 real, 3 MB, 53.10 load
[runlim] sample:		3857.86 time, 3880.01 real, 3 MB, 53.08 load
[runlim] sample:		3867.80 time, 3890.01 real, 3 MB, 53.07 load
[runlim] sample:		3877.74 time, 3900.01 real, 3 MB, 53.06 load
[runlim] sample:		3887.69 time, 3910.01 real, 3 MB, 53.05 load
[runlim] sample:		3897.63 time, 3920.01 real, 3 MB, 53.04 load
[runlim] sample:		3907.57 time, 3930.01 real, 3 MB, 53.03 load
[runlim] sample:		3917.51 time, 3940.01 real, 3 MB, 53.03 load
[runlim] sample:		3927.45 time, 3950.01 real, 3 MB, 53.02 load
[runlim] sample:		3937.39 time, 3960.01 real, 3 MB, 53.02 load
[runlim] sample:		3947.33 time, 3970.01 real, 3 MB, 53.02 load
[runlim] sample:		3957.28 time, 3980.01 real, 3 MB, 53.01 load
[runlim] sample:		3967.22 time, 3990.01 real, 3 MB, 53.09 load
[runlim] sample:		3977.16 time, 4000.01 real, 3 MB, 53.08 load
[runlim] sample:		3987.10 time, 4010.01 real, 3 MB, 53.06 load
[runlim] sample:		3997.04 time, 4020.01 real, 3 MB, 53.05 load
[runlim] sample:		4006.98 time, 4030.01 real, 3 MB, 53.05 load
[runlim] sample:		4016.93 time, 4040.01 real, 3 MB, 53.04 load
[runlim] sample:		4026.87 time, 4050.01 real, 3 MB, 53.03 load
[runlim] sample:		4036.81 time, 4060.01 real, 3 MB, 53.03 load
[runlim] sample:		4046.76 time, 4070.01 real, 3 MB, 53.02 load
[runlim] sample:		4056.70 time, 4080.01 real, 3 MB, 53.10 load
[runlim] sample:		4066.64 time, 4090.01 real, 3 MB, 53.08 load
[runlim] sample:		4076.58 time, 4100.01 real, 3 MB, 53.15 load
[runlim] sample:		4086.53 time, 4110.01 real, 3 MB, 53.29 load
[runlim] sample:		4096.47 time, 4120.01 real, 3 MB, 53.24 load
[runlim] sample:		4106.41 time, 4130.01 real, 3 MB, 53.20 load
[runlim] sample:		4116.36 time, 4140.01 real, 3 MB, 53.25 load
[runlim] sample:		4126.30 time, 4150.01 real, 3 MB, 53.21 load
[runlim] sample:		4136.25 time, 4160.01 real, 3 MB, 53.25 load
[runlim] sample:		4146.19 time, 4170.01 real, 3 MB, 53.37 load
[runlim] sample:		4156.12 time, 4180.01 real, 3 MB, 53.31 load
[runlim] sample:		4166.06 time, 4190.01 real, 3 MB, 53.27 load
[runlim] sample:		4176.00 time, 4200.01 real, 3 MB, 53.30 load
[runlim] sample:		4185.95 time, 4210.01 real, 3 MB, 53.33 load
[runlim] sample:		4195.89 time, 4220.01 real, 3 MB, 53.28 load
[runlim] sample:		4205.83 time, 4230.01 real, 3 MB, 53.32 load
[runlim] sample:		4215.78 time, 4240.01 real, 3 MB, 53.27 load
[runlim] sample:		4225.72 time, 4250.01 real, 3 MB, 53.31 load
[runlim] sample:		4235.67 time, 4260.01 real, 3 MB, 53.26 load
[runlim] sample:		4245.60 time, 4270.01 real, 3 MB, 53.30 load
[runlim] sample:		4255.55 time, 4280.01 real, 3 MB, 53.25 load
[runlim] sample:		4265.49 time, 4290.01 real, 3 MB, 53.21 load
[runlim] sample:		4275.43 time, 4300.01 real, 3 MB, 53.25 load
[runlim] sample:		4285.37 time, 4310.01 real, 3 MB, 53.21 load
[runlim] sample:		4295.32 time, 4320.01 real, 3 MB, 53.18 load
[runlim] sample:		4305.26 time, 4330.01 real, 3 MB, 53.23 load
[runlim] sample:		4315.20 time, 4340.01 real, 3 MB, 53.20 load
[runlim] sample:		4325.15 time, 4350.01 real, 3 MB, 53.17 load
[runlim] sample:		4335.09 time, 4360.01 real, 3 MB, 53.14 load
[runlim] sample:		4345.03 time, 4370.01 real, 3 MB, 53.20 load
[runlim] sample:		4354.98 time, 4380.01 real, 3 MB, 53.25 load
[runlim] sample:		4364.92 time, 4390.01 real, 3 MB, 53.28 load
[runlim] sample:		4374.86 time, 4400.01 real, 3 MB, 53.24 load
[runlim] sample:		4384.81 time, 4410.01 real, 3 MB, 53.20 load
[runlim] sample:		4394.75 time, 4420.01 real, 3 MB, 53.25 load
[runlim] sample:		4404.69 time, 4430.01 real, 3 MB, 53.21 load
[runlim] sample:		4414.64 time, 4440.01 real, 3 MB, 53.26 load
[runlim] sample:		4424.58 time, 4450.01 real, 3 MB, 53.37 load
[runlim] sample:		4434.52 time, 4460.01 real, 3 MB, 53.39 load
[runlim] sample:		4444.47 time, 4470.01 real, 3 MB, 53.33 load
[runlim] sample:		4454.41 time, 4480.01 real, 3 MB, 53.28 load
[runlim] sample:		4464.36 time, 4490.01 real, 3 MB, 53.40 load
[runlim] sample:		4474.30 time, 4500.01 real, 3 MB, 53.33 load
[runlim] sample:		4484.24 time, 4510.01 real, 3 MB, 53.36 load
[runlim] sample:		4494.18 time, 4520.01 real, 3 MB, 53.31 load
[runlim] sample:		4504.12 time, 4530.01 real, 3 MB, 53.34 load
[runlim] sample:		4514.07 time, 4540.01 real, 3 MB, 53.29 load
[runlim] sample:		4524.01 time, 4550.01 real, 3 MB, 53.32 load
[runlim] sample:		4533.96 time, 4560.01 real, 3 MB, 53.27 load
[runlim] sample:		4543.90 time, 4570.01 real, 3 MB, 53.23 load
[runlim] sample:		4553.84 time, 4580.01 real, 3 MB, 53.19 load
[runlim] sample:		4563.78 time, 4590.01 real, 3 MB, 53.16 load
[runlim] sample:		4573.73 time, 4600.01 real, 3 MB, 53.14 load
[runlim] sample:		4583.67 time, 4610.01 real, 3 MB, 53.12 load
[runlim] sample:		4593.62 time, 4620.01 real, 3 MB, 53.10 load
[runlim] sample:		4603.56 time, 4630.01 real, 3 MB, 53.08 load
[runlim] sample:		4613.50 time, 4640.01 real, 3 MB, 53.07 load
[runlim] sample:		4623.45 time, 4650.01 real, 3 MB, 53.06 load
[runlim] sample:		4633.39 time, 4660.01 real, 3 MB, 53.05 load
[runlim] sample:		4643.33 time, 4670.01 real, 3 MB, 53.12 load
[runlim] sample:		4653.28 time, 4680.01 real, 3 MB, 53.10 load
[runlim] sample:		4663.22 time, 4690.01 real, 3 MB, 53.09 load
[runlim] sample:		4673.16 time, 4700.01 real, 3 MB, 53.07 load
[runlim] sample:		4683.11 time, 4710.01 real, 3 MB, 53.06 load
[runlim] sample:		4693.05 time, 4720.01 real, 3 MB, 53.05 load
[runlim] sample:		4703.00 time, 4730.01 real, 3 MB, 53.04 load
[runlim] sample:		4712.94 time, 4740.01 real, 3 MB, 53.04 load
[runlim] sample:		4722.88 time, 4750.01 real, 3 MB, 53.18 load
[runlim] sample:		4732.83 time, 4760.01 real, 3 MB, 53.16 load
[runlim] sample:		4742.77 time, 4770.01 real, 3 MB, 53.29 load
[runlim] sample:		4752.71 time, 4780.01 real, 3 MB, 53.25 load
[runlim] sample:		4762.66 time, 4790.01 real, 3 MB, 53.36 load
[runlim] sample:		4772.60 time, 4800.01 real, 3 MB, 53.39 load
[runlim] sample:		4782.54 time, 4810.01 real, 3 MB, 53.41 load
[runlim] sample:		4792.49 time, 4820.01 real, 3 MB, 53.34 load
[runlim] sample:		4802.43 time, 4830.01 real, 3 MB, 53.29 load
[runlim] sample:		4812.38 time, 4840.01 real, 3 MB, 53.32 load
[runlim] sample:		4822.32 time, 4850.01 real, 3 MB, 53.27 load
[runlim] sample:		4832.26 time, 4860.01 real, 3 MB, 53.23 load
[runlim] sample:		4842.21 time, 4870.01 real, 3 MB, 53.19 load
[runlim] sample:		4852.15 time, 4880.01 real, 3 MB, 53.16 load
[runlim] sample:		4862.10 time, 4890.01 real, 3 MB, 53.14 load
[runlim] sample:		4872.04 time, 4900.01 real, 3 MB, 53.12 load
[runlim] sample:		4881.98 time, 4910.01 real, 3 MB, 53.10 load
[runlim] sample:		4891.93 time, 4920.01 real, 3 MB, 53.08 load
[runlim] sample:		4901.87 time, 4930.01 real, 3 MB, 53.07 load
[runlim] sample:		4911.82 time, 4940.01 real, 3 MB, 53.22 load
[runlim] sample:		4921.76 time, 4950.01 real, 3 MB, 53.26 load
[runlim] sample:		4931.70 time, 4960.01 real, 3 MB, 53.30 load
[runlim] sample:		4941.64 time, 4970.01 real, 3 MB, 53.25 load
[runlim] sample:		4951.59 time, 4980.01 real, 3 MB, 53.21 load
[runlim] sample:		4961.53 time, 4990.01 real, 3 MB, 53.25 load
[runlim] sample:		4971.47 time, 5000.01 real, 3 MB, 52.28 load
[runlim] end:			Wed Apr 15 15:43:13 2026
[runlim] status:		out of time
[runlim] result:		2
[runlim] children:		1
[runlim] processes:		2
[runlim] real:			5000.05 seconds
[runlim] time:			4971.47 seconds
[runlim] space:			3 MB
[runlim] load:			56.84 maximum
[runlim] samples:		50000
