[runlim] version:		2.0.0rc1
[runlim] host:			p03n11
[runlim] time limit:		311040000 seconds
[runlim] real time limit:	5000 seconds
[runlim] space limit:		7000 MB
[runlim] argv[0]:		./binary
[runlim] argv[1]:		-c
[runlim] argv[2]:		/tmp/local-unzipped-12519486-1-11-mc2025_track1_037.cnf
[runlim] start:			Wed Apr 15 14:19:50 2026
[runlim] child:			67517
[runlim] sample:		9.95 time, 10.01 real, 16 MB, 3.57 load
[runlim] sample:		19.90 time, 20.01 real, 19 MB, 7.11 load
[runlim] sample:		29.83 time, 30.01 real, 22 MB, 11.64 load
[runlim] sample:		39.77 time, 40.01 real, 24 MB, 17.02 load
[runlim] sample:		49.70 time, 50.01 real, 26 MB, 23.39 load
[runlim] sample:		59.62 time, 60.01 real, 28 MB, 29.41 load
[runlim] sample:		69.54 time, 70.01 real, 29 MB, 34.72 load
[runlim] sample:		79.46 time, 80.01 real, 29 MB, 39.07 load
[runlim] sample:		89.39 time, 90.01 real, 31 MB, 42.75 load
[runlim] sample:		99.32 time, 100.01 real, 31 MB, 45.48 load
[runlim] sample:		109.25 time, 110.01 real, 33 MB, 47.79 load
[runlim] sample:		119.19 time, 120.01 real, 33 MB, 49.75 load
[runlim] sample:		129.12 time, 130.01 real, 34 MB, 51.26 load
[runlim] sample:		139.06 time, 140.01 real, 35 MB, 52.44 load
[runlim] sample:		148.99 time, 150.01 real, 35 MB, 53.37 load
[runlim] sample:		158.93 time, 160.01 real, 36 MB, 54.00 load
[runlim] sample:		168.86 time, 170.01 real, 37 MB, 54.46 load
[runlim] sample:		178.80 time, 180.01 real, 38 MB, 54.85 load
[runlim] sample:		188.74 time, 190.01 real, 38 MB, 55.18 load
[runlim] sample:		198.67 time, 200.01 real, 39 MB, 55.68 load
[runlim] sample:		208.61 time, 210.01 real, 38 MB, 55.89 load
[runlim] sample:		218.55 time, 220.01 real, 39 MB, 56.06 load
[runlim] sample:		228.48 time, 230.01 real, 40 MB, 56.20 load
[runlim] sample:		238.42 time, 240.01 real, 41 MB, 56.33 load
[runlim] sample:		248.36 time, 250.01 real, 41 MB, 56.43 load
[runlim] sample:		258.29 time, 260.01 real, 42 MB, 56.52 load
[runlim] sample:		268.23 time, 270.01 real, 43 MB, 56.59 load
[runlim] sample:		278.16 time, 280.01 real, 43 MB, 56.66 load
[runlim] sample:		288.11 time, 290.01 real, 44 MB, 56.71 load
[runlim] sample:		298.04 time, 300.01 real, 44 MB, 56.84 load
[runlim] sample:		307.97 time, 310.01 real, 44 MB, 56.71 load
[runlim] sample:		317.91 time, 320.01 real, 44 MB, 56.60 load
[runlim] sample:		327.84 time, 330.01 real, 45 MB, 56.51 load
[runlim] sample:		337.77 time, 340.01 real, 45 MB, 56.43 load
[runlim] sample:		347.71 time, 350.01 real, 46 MB, 56.36 load
[runlim] sample:		357.64 time, 360.01 real, 46 MB, 56.31 load
[runlim] sample:		367.58 time, 370.01 real, 46 MB, 56.26 load
[runlim] sample:		377.51 time, 380.01 real, 47 MB, 56.30 load
[runlim] sample:		387.44 time, 390.01 real, 47 MB, 56.25 load
[runlim] sample:		397.37 time, 400.01 real, 47 MB, 56.21 load
[runlim] sample:		407.31 time, 410.01 real, 48 MB, 56.18 load
[runlim] sample:		417.25 time, 420.01 real, 48 MB, 56.23 load
[runlim] sample:		427.18 time, 430.01 real, 49 MB, 56.20 load
[runlim] sample:		437.11 time, 440.01 real, 49 MB, 56.25 load
[runlim] sample:		447.05 time, 450.01 real, 50 MB, 56.28 load
[runlim] sample:		456.98 time, 460.01 real, 51 MB, 56.24 load
[runlim] sample:		466.92 time, 470.01 real, 51 MB, 56.20 load
[runlim] sample:		476.86 time, 480.01 real, 51 MB, 56.25 load
[runlim] sample:		486.79 time, 490.01 real, 52 MB, 56.21 load
[runlim] sample:		496.72 time, 500.01 real, 52 MB, 56.18 load
[runlim] sample:		506.66 time, 510.01 real, 52 MB, 56.15 load
[runlim] sample:		516.59 time, 520.01 real, 52 MB, 56.13 load
[runlim] sample:		526.53 time, 530.01 real, 53 MB, 56.18 load
[runlim] sample:		536.46 time, 540.01 real, 53 MB, 56.15 load
[runlim] sample:		546.40 time, 550.01 real, 54 MB, 56.13 load
[runlim] sample:		556.33 time, 560.01 real, 54 MB, 56.11 load
[runlim] sample:		566.26 time, 570.01 real, 54 MB, 56.09 load
[runlim] sample:		576.20 time, 580.01 real, 55 MB, 56.08 load
[runlim] sample:		586.13 time, 590.01 real, 55 MB, 56.14 load
[runlim] sample:		596.07 time, 600.01 real, 55 MB, 56.20 load
[runlim] sample:		606.00 time, 610.01 real, 55 MB, 56.33 load
[runlim] sample:		615.93 time, 620.01 real, 55 MB, 56.28 load
[runlim] sample:		625.86 time, 630.01 real, 56 MB, 56.23 load
[runlim] sample:		635.80 time, 640.01 real, 57 MB, 56.35 load
[runlim] sample:		645.73 time, 650.01 real, 57 MB, 56.30 load
[runlim] sample:		655.66 time, 660.01 real, 57 MB, 56.25 load
[runlim] sample:		665.60 time, 670.01 real, 57 MB, 56.29 load
[runlim] sample:		675.53 time, 680.01 real, 57 MB, 56.32 load
[runlim] sample:		685.47 time, 690.01 real, 58 MB, 56.27 load
[runlim] sample:		695.41 time, 700.01 real, 58 MB, 56.23 load
[runlim] sample:		705.34 time, 710.01 real, 58 MB, 56.27 load
[runlim] sample:		715.28 time, 720.01 real, 58 MB, 56.23 load
[runlim] sample:		725.22 time, 730.01 real, 59 MB, 56.19 load
[runlim] sample:		735.15 time, 740.01 real, 59 MB, 56.24 load
[runlim] sample:		745.09 time, 750.01 real, 59 MB, 56.20 load
[runlim] sample:		755.02 time, 760.01 real, 59 MB, 56.25 load
[runlim] sample:		764.97 time, 770.01 real, 60 MB, 56.21 load
[runlim] sample:		774.91 time, 780.01 real, 60 MB, 56.26 load
[runlim] sample:		784.85 time, 790.01 real, 60 MB, 56.22 load
[runlim] sample:		794.78 time, 800.01 real, 60 MB, 56.18 load
[runlim] sample:		804.72 time, 810.01 real, 60 MB, 56.23 load
[runlim] sample:		814.66 time, 820.01 real, 61 MB, 56.19 load
[runlim] sample:		824.59 time, 830.01 real, 61 MB, 56.16 load
[runlim] sample:		834.53 time, 840.01 real, 61 MB, 56.14 load
[runlim] sample:		844.47 time, 850.01 real, 61 MB, 56.12 load
[runlim] sample:		854.40 time, 860.01 real, 62 MB, 56.25 load
[runlim] sample:		864.34 time, 870.01 real, 62 MB, 56.21 load
[runlim] sample:		874.27 time, 880.01 real, 62 MB, 56.17 load
[runlim] sample:		884.21 time, 890.01 real, 62 MB, 56.15 load
[runlim] sample:		894.14 time, 900.01 real, 62 MB, 56.12 load
[runlim] sample:		904.08 time, 910.01 real, 63 MB, 56.10 load
[runlim] sample:		914.01 time, 920.01 real, 63 MB, 56.09 load
[runlim] sample:		923.95 time, 930.01 real, 63 MB, 56.07 load
[runlim] sample:		933.88 time, 940.01 real, 63 MB, 56.06 load
[runlim] sample:		943.82 time, 950.01 real, 63 MB, 56.13 load
[runlim] sample:		953.76 time, 960.01 real, 63 MB, 56.11 load
[runlim] sample:		963.69 time, 970.01 real, 64 MB, 56.32 load
[runlim] sample:		973.63 time, 980.01 real, 64 MB, 56.27 load
[runlim] sample:		983.57 time, 990.01 real, 64 MB, 56.23 load
[runlim] sample:		993.50 time, 1000.01 real, 65 MB, 56.20 load
[runlim] sample:		1003.44 time, 1010.01 real, 65 MB, 56.16 load
[runlim] sample:		1013.38 time, 1020.01 real, 65 MB, 56.14 load
[runlim] sample:		1023.31 time, 1030.01 real, 65 MB, 56.27 load
[runlim] sample:		1033.25 time, 1040.01 real, 66 MB, 56.23 load
[runlim] sample:		1043.19 time, 1050.01 real, 66 MB, 56.19 load
[runlim] sample:		1053.13 time, 1060.01 real, 66 MB, 56.24 load
[runlim] sample:		1063.07 time, 1070.01 real, 66 MB, 56.21 load
[runlim] sample:		1073.01 time, 1080.01 real, 66 MB, 56.17 load
[runlim] sample:		1082.95 time, 1090.01 real, 66 MB, 56.23 load
[runlim] sample:		1092.89 time, 1100.01 real, 66 MB, 56.19 load
[runlim] sample:		1102.83 time, 1110.01 real, 66 MB, 56.16 load
[runlim] sample:		1112.77 time, 1120.01 real, 66 MB, 56.14 load
[runlim] sample:		1122.71 time, 1130.01 real, 66 MB, 56.12 load
[runlim] sample:		1132.65 time, 1140.01 real, 67 MB, 56.10 load
[runlim] sample:		1142.59 time, 1150.01 real, 67 MB, 56.08 load
[runlim] sample:		1152.53 time, 1160.01 real, 67 MB, 56.07 load
[runlim] sample:		1162.46 time, 1170.01 real, 67 MB, 56.14 load
[runlim] sample:		1172.40 time, 1180.01 real, 68 MB, 56.12 load
[runlim] sample:		1182.34 time, 1190.01 real, 68 MB, 56.10 load
[runlim] sample:		1192.28 time, 1200.01 real, 68 MB, 56.08 load
[runlim] sample:		1202.22 time, 1210.01 real, 68 MB, 56.07 load
[runlim] sample:		1212.16 time, 1220.01 real, 68 MB, 56.06 load
[runlim] sample:		1222.10 time, 1230.01 real, 68 MB, 56.13 load
[runlim] sample:		1232.04 time, 1240.01 real, 68 MB, 56.11 load
[runlim] sample:		1241.98 time, 1250.01 real, 68 MB, 56.09 load
[runlim] sample:		1251.93 time, 1260.01 real, 68 MB, 56.08 load
[runlim] sample:		1261.88 time, 1270.01 real, 69 MB, 56.06 load
[runlim] sample:		1271.81 time, 1280.01 real, 69 MB, 56.05 load
[runlim] sample:		1281.75 time, 1290.01 real, 69 MB, 56.13 load
[runlim] sample:		1291.69 time, 1300.01 real, 69 MB, 56.11 load
[runlim] sample:		1301.63 time, 1310.01 real, 69 MB, 56.17 load
[runlim] sample:		1311.57 time, 1320.01 real, 69 MB, 56.14 load
[runlim] sample:		1321.51 time, 1330.01 real, 69 MB, 56.12 load
[runlim] sample:		1331.45 time, 1340.01 real, 69 MB, 56.10 load
[runlim] sample:		1341.38 time, 1350.01 real, 70 MB, 56.09 load
[runlim] sample:		1351.32 time, 1360.01 real, 70 MB, 56.15 load
[runlim] sample:		1361.26 time, 1370.01 real, 70 MB, 56.21 load
[runlim] sample:		1371.20 time, 1380.01 real, 70 MB, 56.18 load
[runlim] sample:		1381.15 time, 1390.01 real, 70 MB, 56.15 load
[runlim] sample:		1391.08 time, 1400.01 real, 70 MB, 56.05 load
[runlim] sample:		1401.02 time, 1410.01 real, 71 MB, 55.88 load
[runlim] sample:		1410.97 time, 1420.01 real, 71 MB, 55.75 load
[runlim] sample:		1420.91 time, 1430.01 real, 71 MB, 55.71 load
[runlim] sample:		1430.85 time, 1440.01 real, 71 MB, 55.60 load
[runlim] sample:		1440.78 time, 1450.01 real, 71 MB, 55.58 load
[runlim] sample:		1450.72 time, 1460.01 real, 71 MB, 55.57 load
[runlim] sample:		1460.66 time, 1470.01 real, 72 MB, 55.48 load
[runlim] sample:		1470.61 time, 1480.01 real, 72 MB, 55.41 load
[runlim] sample:		1480.55 time, 1490.01 real, 72 MB, 55.42 load
[runlim] sample:		1490.49 time, 1500.01 real, 72 MB, 55.36 load
[runlim] sample:		1500.43 time, 1510.01 real, 72 MB, 55.30 load
[runlim] sample:		1510.37 time, 1520.01 real, 72 MB, 55.26 load
[runlim] sample:		1520.31 time, 1530.01 real, 72 MB, 55.29 load
[runlim] sample:		1530.25 time, 1540.01 real, 72 MB, 55.25 load
[runlim] sample:		1540.19 time, 1550.01 real, 72 MB, 55.21 load
[runlim] sample:		1550.12 time, 1560.01 real, 72 MB, 55.17 load
[runlim] sample:		1560.06 time, 1570.01 real, 72 MB, 55.23 load
[runlim] sample:		1570.00 time, 1580.01 real, 72 MB, 55.19 load
[runlim] sample:		1579.94 time, 1590.01 real, 73 MB, 55.16 load
[runlim] sample:		1589.88 time, 1600.01 real, 73 MB, 55.14 load
[runlim] sample:		1599.82 time, 1610.01 real, 73 MB, 55.20 load
[runlim] sample:		1609.77 time, 1620.01 real, 73 MB, 55.17 load
[runlim] sample:		1619.71 time, 1630.01 real, 73 MB, 55.30 load
[runlim] sample:		1629.65 time, 1640.01 real, 73 MB, 55.25 load
[runlim] sample:		1639.59 time, 1650.01 real, 73 MB, 55.21 load
[runlim] sample:		1649.53 time, 1660.01 real, 73 MB, 55.25 load
[runlim] sample:		1659.47 time, 1670.01 real, 73 MB, 55.36 load
[runlim] sample:		1669.41 time, 1680.01 real, 74 MB, 55.31 load
[runlim] sample:		1679.35 time, 1690.01 real, 74 MB, 55.49 load
[runlim] sample:		1689.30 time, 1700.01 real, 74 MB, 55.58 load
[runlim] sample:		1699.25 time, 1710.01 real, 74 MB, 55.49 load
[runlim] sample:		1709.21 time, 1720.01 real, 74 MB, 55.41 load
[runlim] sample:		1719.17 time, 1730.01 real, 74 MB, 55.35 load
[runlim] sample:		1729.12 time, 1740.01 real, 74 MB, 55.37 load
[runlim] sample:		1739.08 time, 1750.01 real, 75 MB, 55.31 load
[runlim] sample:		1749.02 time, 1760.01 real, 75 MB, 55.26 load
[runlim] sample:		1758.96 time, 1770.01 real, 75 MB, 55.46 load
[runlim] sample:		1768.90 time, 1780.01 real, 76 MB, 55.39 load
[runlim] sample:		1778.84 time, 1790.01 real, 76 MB, 55.41 load
[runlim] sample:		1788.78 time, 1800.01 real, 76 MB, 55.34 load
[runlim] sample:		1798.73 time, 1810.01 real, 76 MB, 55.29 load
[runlim] sample:		1808.67 time, 1820.01 real, 76 MB, 55.25 load
[runlim] sample:		1818.61 time, 1830.01 real, 76 MB, 55.29 load
[runlim] sample:		1828.55 time, 1840.01 real, 76 MB, 55.24 load
[runlim] sample:		1838.49 time, 1850.01 real, 76 MB, 55.21 load
[runlim] sample:		1848.43 time, 1860.01 real, 76 MB, 55.17 load
[runlim] sample:		1858.37 time, 1870.01 real, 76 MB, 55.15 load
[runlim] sample:		1868.31 time, 1880.01 real, 76 MB, 55.12 load
[runlim] sample:		1878.25 time, 1890.01 real, 76 MB, 55.18 load
[runlim] sample:		1888.20 time, 1900.01 real, 76 MB, 55.16 load
[runlim] sample:		1898.14 time, 1910.01 real, 76 MB, 55.13 load
[runlim] sample:		1908.08 time, 1920.01 real, 76 MB, 55.11 load
[runlim] sample:		1918.02 time, 1930.01 real, 76 MB, 55.09 load
[runlim] sample:		1927.96 time, 1940.01 real, 76 MB, 55.08 load
[runlim] sample:		1937.90 time, 1950.01 real, 77 MB, 55.30 load
[runlim] sample:		1947.84 time, 1960.01 real, 77 MB, 55.25 load
[runlim] sample:		1957.79 time, 1970.01 real, 77 MB, 55.21 load
[runlim] sample:		1967.73 time, 1980.01 real, 77 MB, 55.18 load
[runlim] sample:		1977.67 time, 1990.01 real, 78 MB, 55.15 load
[runlim] sample:		1987.61 time, 2000.01 real, 78 MB, 55.13 load
[runlim] sample:		1997.56 time, 2010.01 real, 78 MB, 55.19 load
[runlim] sample:		2007.50 time, 2020.01 real, 78 MB, 55.08 load
[runlim] sample:		2017.44 time, 2030.01 real, 78 MB, 54.91 load
[runlim] sample:		2027.39 time, 2040.01 real, 78 MB, 54.77 load
[runlim] sample:		2037.33 time, 2050.01 real, 79 MB, 54.65 load
[runlim] sample:		2047.27 time, 2060.01 real, 79 MB, 54.55 load
[runlim] sample:		2057.21 time, 2070.01 real, 79 MB, 54.55 load
[runlim] sample:		2067.16 time, 2080.01 real, 79 MB, 54.46 load
[runlim] sample:		2077.10 time, 2090.01 real, 79 MB, 54.39 load
[runlim] sample:		2087.04 time, 2100.01 real, 79 MB, 54.41 load
[runlim] sample:		2096.98 time, 2110.01 real, 79 MB, 54.43 load
[runlim] sample:		2106.92 time, 2120.01 real, 79 MB, 54.36 load
[runlim] sample:		2116.86 time, 2130.01 real, 79 MB, 54.47 load
[runlim] sample:		2126.81 time, 2140.01 real, 79 MB, 54.39 load
[runlim] sample:		2136.75 time, 2150.01 real, 79 MB, 54.33 load
[runlim] sample:		2146.69 time, 2160.01 real, 79 MB, 54.28 load
[runlim] sample:		2156.63 time, 2170.01 real, 80 MB, 54.24 load
[runlim] sample:		2166.57 time, 2180.01 real, 80 MB, 54.20 load
[runlim] sample:		2176.51 time, 2190.01 real, 80 MB, 54.25 load
[runlim] sample:		2186.45 time, 2200.01 real, 81 MB, 54.21 load
[runlim] sample:		2196.40 time, 2210.01 real, 81 MB, 54.18 load
[runlim] sample:		2206.34 time, 2220.01 real, 81 MB, 54.15 load
[runlim] sample:		2216.28 time, 2230.01 real, 81 MB, 54.13 load
[runlim] sample:		2226.22 time, 2240.01 real, 81 MB, 54.11 load
[runlim] sample:		2236.16 time, 2250.01 real, 81 MB, 54.25 load
[runlim] sample:		2246.10 time, 2260.01 real, 82 MB, 54.21 load
[runlim] sample:		2256.05 time, 2270.01 real, 82 MB, 54.17 load
[runlim] sample:		2265.99 time, 2280.01 real, 82 MB, 54.15 load
[runlim] sample:		2275.93 time, 2290.01 real, 82 MB, 54.28 load
[runlim] sample:		2285.87 time, 2300.01 real, 82 MB, 54.24 load
[runlim] sample:		2295.81 time, 2310.01 real, 82 MB, 54.28 load
[runlim] sample:		2305.75 time, 2320.01 real, 81 MB, 54.24 load
[runlim] sample:		2315.70 time, 2330.01 real, 82 MB, 54.20 load
[runlim] sample:		2325.64 time, 2340.01 real, 82 MB, 54.17 load
[runlim] sample:		2335.58 time, 2350.01 real, 82 MB, 54.22 load
[runlim] sample:		2345.52 time, 2360.01 real, 84 MB, 54.19 load
[runlim] sample:		2355.46 time, 2370.01 real, 84 MB, 54.24 load
[runlim] sample:		2365.40 time, 2380.01 real, 84 MB, 54.28 load
[runlim] sample:		2375.34 time, 2390.01 real, 84 MB, 54.31 load
[runlim] sample:		2385.28 time, 2400.01 real, 84 MB, 54.27 load
[runlim] sample:		2395.23 time, 2410.01 real, 84 MB, 54.22 load
[runlim] sample:		2405.18 time, 2420.01 real, 85 MB, 54.19 load
[runlim] sample:		2415.12 time, 2430.01 real, 85 MB, 54.24 load
[runlim] sample:		2425.06 time, 2440.01 real, 85 MB, 54.20 load
[runlim] sample:		2435.00 time, 2450.01 real, 85 MB, 54.25 load
[runlim] sample:		2444.94 time, 2460.01 real, 85 MB, 54.21 load
[runlim] sample:		2454.88 time, 2470.01 real, 85 MB, 54.25 load
[runlim] sample:		2464.82 time, 2480.01 real, 85 MB, 54.21 load
[runlim] sample:		2474.76 time, 2490.01 real, 86 MB, 54.26 load
[runlim] sample:		2484.70 time, 2500.01 real, 86 MB, 54.22 load
[runlim] sample:		2494.64 time, 2510.01 real, 86 MB, 54.03 load
[runlim] sample:		2504.58 time, 2520.01 real, 86 MB, 53.87 load
[runlim] sample:		2514.53 time, 2530.01 real, 84 MB, 53.81 load
[runlim] sample:		2524.47 time, 2540.01 real, 84 MB, 53.84 load
[runlim] sample:		2534.41 time, 2550.01 real, 84 MB, 53.79 load
[runlim] sample:		2544.35 time, 2560.01 real, 87 MB, 53.67 load
[runlim] sample:		2554.29 time, 2570.01 real, 87 MB, 53.57 load
[runlim] sample:		2564.23 time, 2580.01 real, 87 MB, 53.48 load
[runlim] sample:		2574.18 time, 2590.01 real, 87 MB, 53.40 load
[runlim] sample:		2584.12 time, 2600.01 real, 87 MB, 53.34 load
[runlim] sample:		2594.06 time, 2610.01 real, 87 MB, 53.37 load
[runlim] sample:		2604.00 time, 2620.01 real, 87 MB, 53.31 load
[runlim] sample:		2613.94 time, 2630.01 real, 87 MB, 53.26 load
[runlim] sample:		2623.88 time, 2640.01 real, 87 MB, 53.22 load
[runlim] sample:		2633.83 time, 2650.01 real, 87 MB, 53.19 load
[runlim] sample:		2643.77 time, 2660.01 real, 87 MB, 53.16 load
[runlim] sample:		2653.71 time, 2670.01 real, 89 MB, 53.21 load
[runlim] sample:		2663.65 time, 2680.01 real, 89 MB, 53.18 load
[runlim] sample:		2673.59 time, 2690.01 real, 89 MB, 53.15 load
[runlim] sample:		2683.54 time, 2700.01 real, 89 MB, 53.13 load
[runlim] sample:		2693.48 time, 2710.01 real, 87 MB, 53.11 load
[runlim] sample:		2703.42 time, 2720.01 real, 87 MB, 53.09 load
[runlim] sample:		2713.36 time, 2730.01 real, 88 MB, 53.16 load
[runlim] sample:		2723.30 time, 2740.01 real, 89 MB, 53.13 load
[runlim] sample:		2733.24 time, 2750.01 real, 89 MB, 53.11 load
[runlim] sample:		2743.19 time, 2760.01 real, 89 MB, 53.09 load
[runlim] sample:		2753.13 time, 2770.01 real, 89 MB, 53.08 load
[runlim] sample:		2763.07 time, 2780.01 real, 89 MB, 53.07 load
[runlim] sample:		2773.01 time, 2790.01 real, 89 MB, 53.14 load
[runlim] sample:		2782.96 time, 2800.01 real, 89 MB, 53.12 load
[runlim] sample:		2792.90 time, 2810.01 real, 89 MB, 53.10 load
[runlim] sample:		2802.85 time, 2820.01 real, 89 MB, 53.08 load
[runlim] sample:		2812.79 time, 2830.01 real, 89 MB, 53.07 load
[runlim] sample:		2822.73 time, 2840.01 real, 89 MB, 53.21 load
[runlim] sample:		2832.68 time, 2850.01 real, 90 MB, 53.18 load
[runlim] sample:		2842.62 time, 2860.01 real, 90 MB, 53.15 load
[runlim] sample:		2852.56 time, 2870.01 real, 90 MB, 53.21 load
[runlim] sample:		2862.51 time, 2880.01 real, 90 MB, 53.18 load
[runlim] sample:		2872.45 time, 2890.01 real, 91 MB, 53.15 load
[runlim] sample:		2882.39 time, 2900.01 real, 91 MB, 53.12 load
[runlim] sample:		2892.33 time, 2910.01 real, 91 MB, 53.11 load
[runlim] sample:		2902.28 time, 2920.01 real, 91 MB, 53.09 load
[runlim] sample:		2912.22 time, 2930.01 real, 91 MB, 53.16 load
[runlim] sample:		2922.16 time, 2940.01 real, 91 MB, 53.13 load
[runlim] sample:		2932.10 time, 2950.01 real, 91 MB, 53.18 load
[runlim] sample:		2942.04 time, 2960.01 real, 91 MB, 53.24 load
[runlim] sample:		2951.99 time, 2970.01 real, 91 MB, 53.20 load
[runlim] sample:		2961.93 time, 2980.01 real, 91 MB, 53.17 load
[runlim] sample:		2971.87 time, 2990.01 real, 91 MB, 53.22 load
[runlim] sample:		2981.81 time, 3000.01 real, 91 MB, 53.35 load
[runlim] sample:		2991.75 time, 3010.01 real, 91 MB, 53.44 load
[runlim] sample:		3001.69 time, 3020.01 real, 91 MB, 53.37 load
[runlim] sample:		3011.64 time, 3030.01 real, 91 MB, 53.32 load
[runlim] sample:		3021.58 time, 3040.01 real, 91 MB, 53.27 load
[runlim] sample:		3031.52 time, 3050.01 real, 91 MB, 53.31 load
[runlim] sample:		3041.46 time, 3060.01 real, 92 MB, 53.26 load
[runlim] sample:		3051.40 time, 3070.01 real, 92 MB, 53.22 load
[runlim] sample:		3061.34 time, 3080.01 real, 92 MB, 53.18 load
[runlim] sample:		3071.28 time, 3090.01 real, 92 MB, 53.16 load
[runlim] sample:		3081.23 time, 3100.01 real, 92 MB, 53.13 load
[runlim] sample:		3091.17 time, 3110.01 real, 92 MB, 53.19 load
[runlim] sample:		3101.11 time, 3120.01 real, 92 MB, 53.24 load
[runlim] sample:		3111.05 time, 3130.01 real, 92 MB, 53.27 load
[runlim] sample:		3120.99 time, 3140.01 real, 93 MB, 53.23 load
[runlim] sample:		3130.93 time, 3150.01 real, 93 MB, 53.19 load
[runlim] sample:		3140.88 time, 3160.01 real, 93 MB, 53.16 load
[runlim] sample:		3150.83 time, 3170.01 real, 93 MB, 53.22 load
[runlim] sample:		3160.77 time, 3180.01 real, 94 MB, 53.18 load
[runlim] sample:		3170.71 time, 3190.01 real, 94 MB, 53.16 load
[runlim] sample:		3180.65 time, 3200.01 real, 94 MB, 53.13 load
[runlim] sample:		3190.59 time, 3210.01 real, 94 MB, 53.11 load
[runlim] sample:		3200.53 time, 3220.01 real, 94 MB, 53.09 load
[runlim] sample:		3210.47 time, 3230.01 real, 94 MB, 53.16 load
[runlim] sample:		3220.41 time, 3240.01 real, 94 MB, 53.21 load
[runlim] sample:		3230.35 time, 3250.01 real, 94 MB, 53.18 load
[runlim] sample:		3240.29 time, 3260.01 real, 94 MB, 53.15 load
[runlim] sample:		3250.23 time, 3270.01 real, 94 MB, 53.12 load
[runlim] sample:		3260.17 time, 3280.01 real, 94 MB, 53.19 load
[runlim] sample:		3270.11 time, 3290.01 real, 94 MB, 53.16 load
[runlim] sample:		3280.05 time, 3300.01 real, 94 MB, 53.21 load
[runlim] sample:		3289.99 time, 3310.01 real, 94 MB, 53.18 load
[runlim] sample:		3299.93 time, 3320.01 real, 94 MB, 53.15 load
[runlim] sample:		3309.88 time, 3330.01 real, 94 MB, 53.13 load
[runlim] sample:		3319.82 time, 3340.01 real, 94 MB, 53.18 load
[runlim] sample:		3329.76 time, 3350.01 real, 96 MB, 53.23 load
[runlim] sample:		3339.70 time, 3360.01 real, 96 MB, 53.20 load
[runlim] sample:		3349.64 time, 3370.01 real, 96 MB, 53.24 load
[runlim] sample:		3359.58 time, 3380.01 real, 96 MB, 53.36 load
[runlim] sample:		3369.52 time, 3390.01 real, 97 MB, 53.38 load
[runlim] sample:		3379.46 time, 3400.01 real, 97 MB, 53.32 load
[runlim] sample:		3389.40 time, 3410.01 real, 97 MB, 53.27 load
[runlim] sample:		3399.33 time, 3420.01 real, 97 MB, 53.30 load
[runlim] sample:		3409.26 time, 3430.01 real, 97 MB, 53.25 load
[runlim] sample:		3419.19 time, 3440.01 real, 97 MB, 53.21 load
[runlim] sample:		3429.12 time, 3450.01 real, 97 MB, 53.26 load
[runlim] sample:		3439.05 time, 3460.01 real, 98 MB, 53.22 load
[runlim] sample:		3448.99 time, 3470.01 real, 98 MB, 53.18 load
[runlim] sample:		3458.93 time, 3480.01 real, 98 MB, 53.15 load
[runlim] sample:		3468.87 time, 3490.01 real, 98 MB, 53.13 load
[runlim] sample:		3478.82 time, 3500.01 real, 98 MB, 53.26 load
[runlim] sample:		3488.77 time, 3510.01 real, 98 MB, 53.30 load
[runlim] sample:		3498.71 time, 3520.01 real, 98 MB, 53.25 load
[runlim] sample:		3508.66 time, 3530.01 real, 98 MB, 53.21 load
[runlim] sample:		3518.61 time, 3540.01 real, 98 MB, 53.18 load
[runlim] sample:		3528.56 time, 3550.01 real, 98 MB, 53.15 load
[runlim] sample:		3538.51 time, 3560.01 real, 99 MB, 53.13 load
[runlim] sample:		3548.45 time, 3570.01 real, 99 MB, 53.11 load
[runlim] sample:		3558.40 time, 3580.01 real, 99 MB, 53.17 load
[runlim] sample:		3568.35 time, 3590.01 real, 99 MB, 53.14 load
[runlim] sample:		3578.30 time, 3600.01 real, 99 MB, 53.12 load
[runlim] sample:		3588.25 time, 3610.01 real, 99 MB, 53.18 load
[runlim] sample:		3598.20 time, 3620.01 real, 99 MB, 53.15 load
[runlim] sample:		3608.14 time, 3630.01 real, 99 MB, 53.20 load
[runlim] sample:		3618.09 time, 3640.01 real, 100 MB, 53.25 load
[runlim] sample:		3628.04 time, 3650.01 real, 100 MB, 53.21 load
[runlim] sample:		3637.99 time, 3660.01 real, 100 MB, 53.18 load
[runlim] sample:		3647.94 time, 3670.01 real, 101 MB, 53.15 load
[runlim] sample:		3657.88 time, 3680.01 real, 101 MB, 53.12 load
[runlim] sample:		3667.83 time, 3690.01 real, 101 MB, 53.10 load
[runlim] sample:		3677.78 time, 3700.01 real, 101 MB, 53.09 load
[runlim] sample:		3687.73 time, 3710.01 real, 101 MB, 53.07 load
[runlim] sample:		3697.68 time, 3720.01 real, 101 MB, 53.06 load
[runlim] sample:		3707.62 time, 3730.01 real, 101 MB, 53.05 load
[runlim] sample:		3717.57 time, 3740.01 real, 101 MB, 53.12 load
[runlim] sample:		3727.52 time, 3750.01 real, 101 MB, 53.10 load
[runlim] sample:		3737.47 time, 3760.01 real, 102 MB, 53.16 load
[runlim] sample:		3747.41 time, 3770.01 real, 102 MB, 53.14 load
[runlim] sample:		3757.36 time, 3780.01 real, 102 MB, 53.12 load
[runlim] sample:		3767.31 time, 3790.01 real, 102 MB, 53.10 load
[runlim] sample:		3777.26 time, 3800.01 real, 103 MB, 53.08 load
[runlim] sample:		3787.20 time, 3810.01 real, 103 MB, 53.07 load
[runlim] sample:		3797.15 time, 3820.01 real, 103 MB, 53.06 load
[runlim] sample:		3807.10 time, 3830.01 real, 103 MB, 53.05 load
[runlim] sample:		3817.05 time, 3840.01 real, 103 MB, 53.04 load
[runlim] sample:		3826.99 time, 3850.01 real, 103 MB, 53.03 load
[runlim] sample:		3836.94 time, 3860.01 real, 103 MB, 53.03 load
[runlim] sample:		3846.89 time, 3870.01 real, 103 MB, 53.10 load
[runlim] sample:		3856.84 time, 3880.01 real, 103 MB, 53.08 load
[runlim] sample:		3866.78 time, 3890.01 real, 103 MB, 53.07 load
[runlim] sample:		3876.73 time, 3900.01 real, 103 MB, 53.06 load
[runlim] sample:		3886.68 time, 3910.01 real, 103 MB, 53.05 load
[runlim] sample:		3896.63 time, 3920.01 real, 103 MB, 53.04 load
[runlim] sample:		3906.57 time, 3930.01 real, 103 MB, 53.03 load
[runlim] sample:		3916.52 time, 3940.01 real, 103 MB, 53.03 load
[runlim] sample:		3926.47 time, 3950.01 real, 103 MB, 53.02 load
[runlim] sample:		3936.41 time, 3960.01 real, 103 MB, 53.02 load
[runlim] sample:		3946.36 time, 3970.01 real, 103 MB, 53.02 load
[runlim] sample:		3956.31 time, 3980.01 real, 104 MB, 53.01 load
[runlim] sample:		3966.25 time, 3990.01 real, 104 MB, 53.09 load
[runlim] sample:		3976.20 time, 4000.01 real, 104 MB, 53.08 load
[runlim] sample:		3986.15 time, 4010.01 real, 104 MB, 53.06 load
[runlim] sample:		3996.10 time, 4020.01 real, 104 MB, 53.05 load
[runlim] sample:		4006.04 time, 4030.01 real, 104 MB, 53.05 load
[runlim] sample:		4015.99 time, 4040.01 real, 104 MB, 53.04 load
[runlim] sample:		4025.94 time, 4050.01 real, 104 MB, 53.03 load
[runlim] sample:		4035.89 time, 4060.01 real, 105 MB, 53.03 load
[runlim] sample:		4045.83 time, 4070.01 real, 105 MB, 53.02 load
[runlim] sample:		4055.78 time, 4080.01 real, 105 MB, 53.10 load
[runlim] sample:		4065.73 time, 4090.01 real, 105 MB, 53.08 load
[runlim] sample:		4075.68 time, 4100.01 real, 105 MB, 53.15 load
[runlim] sample:		4085.63 time, 4110.01 real, 105 MB, 53.29 load
[runlim] sample:		4095.57 time, 4120.01 real, 105 MB, 53.24 load
[runlim] sample:		4105.52 time, 4130.01 real, 105 MB, 53.20 load
[runlim] sample:		4115.47 time, 4140.01 real, 105 MB, 53.25 load
[runlim] sample:		4125.42 time, 4150.01 real, 105 MB, 53.21 load
[runlim] sample:		4135.37 time, 4160.01 real, 106 MB, 53.25 load
[runlim] sample:		4145.32 time, 4170.01 real, 106 MB, 53.37 load
[runlim] sample:		4155.27 time, 4180.01 real, 106 MB, 53.31 load
[runlim] sample:		4165.22 time, 4190.01 real, 106 MB, 53.27 load
[runlim] sample:		4175.17 time, 4200.01 real, 106 MB, 53.30 load
[runlim] sample:		4185.11 time, 4210.01 real, 106 MB, 53.33 load
[runlim] sample:		4195.06 time, 4220.01 real, 106 MB, 53.28 load
[runlim] sample:		4205.01 time, 4230.01 real, 106 MB, 53.32 load
[runlim] sample:		4214.96 time, 4240.01 real, 106 MB, 53.27 load
[runlim] sample:		4224.91 time, 4250.01 real, 106 MB, 53.31 load
[runlim] sample:		4234.86 time, 4260.01 real, 106 MB, 53.26 load
[runlim] sample:		4244.80 time, 4270.01 real, 106 MB, 53.30 load
[runlim] sample:		4254.75 time, 4280.01 real, 106 MB, 53.25 load
[runlim] sample:		4264.70 time, 4290.01 real, 106 MB, 53.21 load
[runlim] sample:		4274.64 time, 4300.01 real, 106 MB, 53.25 load
[runlim] sample:		4284.59 time, 4310.01 real, 106 MB, 53.21 load
[runlim] sample:		4294.54 time, 4320.01 real, 106 MB, 53.18 load
[runlim] sample:		4304.48 time, 4330.01 real, 106 MB, 53.23 load
[runlim] sample:		4314.43 time, 4340.01 real, 107 MB, 53.20 load
[runlim] sample:		4324.38 time, 4350.01 real, 107 MB, 53.17 load
[runlim] sample:		4334.33 time, 4360.01 real, 107 MB, 53.14 load
[runlim] sample:		4344.27 time, 4370.01 real, 107 MB, 53.20 load
[runlim] sample:		4354.22 time, 4380.01 real, 108 MB, 53.25 load
[runlim] sample:		4364.17 time, 4390.01 real, 108 MB, 53.28 load
[runlim] sample:		4374.12 time, 4400.01 real, 108 MB, 53.24 load
[runlim] sample:		4384.06 time, 4410.01 real, 108 MB, 53.20 load
[runlim] sample:		4394.01 time, 4420.01 real, 108 MB, 53.25 load
[runlim] sample:		4403.96 time, 4430.01 real, 108 MB, 53.21 load
[runlim] sample:		4413.91 time, 4440.01 real, 108 MB, 53.26 load
[runlim] sample:		4423.85 time, 4450.01 real, 108 MB, 53.37 load
[runlim] sample:		4433.80 time, 4460.01 real, 108 MB, 53.39 load
[runlim] sample:		4443.75 time, 4470.01 real, 108 MB, 53.33 load
[runlim] sample:		4453.70 time, 4480.01 real, 108 MB, 53.28 load
[runlim] sample:		4463.65 time, 4490.01 real, 108 MB, 53.40 load
[runlim] sample:		4473.60 time, 4500.01 real, 108 MB, 53.33 load
[runlim] sample:		4483.54 time, 4510.01 real, 108 MB, 53.36 load
[runlim] sample:		4493.49 time, 4520.01 real, 109 MB, 53.31 load
[runlim] sample:		4503.44 time, 4530.01 real, 109 MB, 53.34 load
[runlim] sample:		4513.38 time, 4540.01 real, 109 MB, 53.29 load
[runlim] sample:		4523.33 time, 4550.01 real, 109 MB, 53.32 load
[runlim] sample:		4533.28 time, 4560.01 real, 109 MB, 53.27 load
[runlim] sample:		4543.23 time, 4570.01 real, 109 MB, 53.23 load
[runlim] sample:		4553.17 time, 4580.01 real, 109 MB, 53.19 load
[runlim] sample:		4563.12 time, 4590.01 real, 109 MB, 53.16 load
[runlim] sample:		4573.07 time, 4600.01 real, 109 MB, 53.14 load
[runlim] sample:		4583.02 time, 4610.01 real, 109 MB, 53.12 load
[runlim] sample:		4592.97 time, 4620.01 real, 109 MB, 53.10 load
[runlim] sample:		4602.91 time, 4630.01 real, 109 MB, 53.08 load
[runlim] sample:		4612.86 time, 4640.01 real, 109 MB, 53.07 load
[runlim] sample:		4622.81 time, 4650.01 real, 109 MB, 53.06 load
[runlim] sample:		4632.75 time, 4660.01 real, 109 MB, 53.05 load
[runlim] sample:		4642.70 time, 4670.01 real, 109 MB, 53.12 load
[runlim] sample:		4652.65 time, 4680.01 real, 109 MB, 53.10 load
[runlim] sample:		4662.60 time, 4690.01 real, 109 MB, 53.09 load
[runlim] sample:		4672.54 time, 4700.01 real, 109 MB, 53.07 load
[runlim] sample:		4682.49 time, 4710.01 real, 109 MB, 53.06 load
[runlim] sample:		4692.44 time, 4720.01 real, 109 MB, 53.05 load
[runlim] sample:		4702.39 time, 4730.01 real, 109 MB, 53.04 load
[runlim] sample:		4712.34 time, 4740.01 real, 109 MB, 53.04 load
[runlim] sample:		4722.28 time, 4750.01 real, 109 MB, 53.18 load
[runlim] sample:		4732.23 time, 4760.01 real, 109 MB, 53.16 load
[runlim] sample:		4742.18 time, 4770.01 real, 109 MB, 53.29 load
[runlim] sample:		4752.13 time, 4780.01 real, 109 MB, 53.25 load
[runlim] sample:		4762.07 time, 4790.01 real, 110 MB, 53.36 load
[runlim] sample:		4772.02 time, 4800.01 real, 110 MB, 53.39 load
[runlim] sample:		4781.97 time, 4810.01 real, 110 MB, 53.41 load
[runlim] sample:		4791.92 time, 4820.01 real, 110 MB, 53.34 load
[runlim] sample:		4801.86 time, 4830.01 real, 110 MB, 53.29 load
[runlim] sample:		4811.81 time, 4840.01 real, 110 MB, 53.32 load
[runlim] sample:		4821.76 time, 4850.01 real, 110 MB, 53.27 load
[runlim] sample:		4831.71 time, 4860.01 real, 110 MB, 53.23 load
[runlim] sample:		4841.66 time, 4870.01 real, 110 MB, 53.19 load
[runlim] sample:		4851.60 time, 4880.01 real, 110 MB, 53.16 load
[runlim] sample:		4861.55 time, 4890.01 real, 111 MB, 53.14 load
[runlim] sample:		4871.50 time, 4900.01 real, 111 MB, 53.12 load
[runlim] sample:		4881.45 time, 4910.01 real, 111 MB, 53.10 load
[runlim] sample:		4891.40 time, 4920.01 real, 111 MB, 53.08 load
[runlim] sample:		4901.35 time, 4930.01 real, 111 MB, 53.07 load
[runlim] sample:		4911.29 time, 4940.01 real, 111 MB, 53.22 load
[runlim] sample:		4921.24 time, 4950.01 real, 112 MB, 53.26 load
[runlim] sample:		4931.19 time, 4960.01 real, 112 MB, 53.30 load
[runlim] sample:		4941.14 time, 4970.01 real, 112 MB, 53.25 load
[runlim] sample:		4951.08 time, 4980.01 real, 112 MB, 53.21 load
[runlim] sample:		4961.03 time, 4990.01 real, 112 MB, 53.25 load
[runlim] sample:		4970.98 time, 5000.01 real, 112 MB, 52.28 load
[runlim] end:			Wed Apr 15 15:43:10 2026
[runlim] status:		out of time
[runlim] result:		2
[runlim] children:		1
[runlim] processes:		2
[runlim] real:			5000.05 seconds
[runlim] time:			4970.98 seconds
[runlim] space:			112 MB
[runlim] load:			56.84 maximum
[runlim] samples:		50000
