[runlim] version:		2.0.0rc1
[runlim] host:			p08n09
[runlim] time limit:		311040000 seconds
[runlim] real time limit:	5000 seconds
[runlim] space limit:		7000 MB
[runlim] argv[0]:		./binary
[runlim] argv[1]:		-c
[runlim] argv[2]:		/tmp/local-unzipped-12519486-2-81-mc2025_track1_031.cnf
[runlim] start:			Wed Apr 15 14:28:36 2026
[runlim] child:			3069962
[runlim] sample:		9.94 time, 10.01 real, 14 MB, 6.01 load
[runlim] sample:		19.88 time, 20.01 real, 14 MB, 9.64 load
[runlim] sample:		29.83 time, 30.01 real, 14 MB, 13.39 load
[runlim] sample:		39.78 time, 40.01 real, 14 MB, 16.56 load
[runlim] sample:		49.73 time, 50.01 real, 14 MB, 19.08 load
[runlim] sample:		59.68 time, 60.01 real, 14 MB, 21.22 load
[runlim] sample:		69.63 time, 70.01 real, 14 MB, 23.04 load
[runlim] sample:		79.58 time, 80.01 real, 14 MB, 24.57 load
[runlim] sample:		89.53 time, 90.01 real, 14 MB, 25.94 load
[runlim] sample:		99.48 time, 100.01 real, 14 MB, 26.95 load
[runlim] sample:		109.43 time, 110.01 real, 14 MB, 27.65 load
[runlim] sample:		119.38 time, 120.01 real, 14 MB, 28.16 load
[runlim] sample:		129.33 time, 130.01 real, 14 MB, 28.60 load
[runlim] sample:		139.28 time, 140.01 real, 14 MB, 28.97 load
[runlim] sample:		149.23 time, 150.01 real, 14 MB, 29.28 load
[runlim] sample:		159.18 time, 160.01 real, 14 MB, 29.69 load
[runlim] sample:		169.13 time, 170.01 real, 14 MB, 29.89 load
[runlim] sample:		179.08 time, 180.01 real, 14 MB, 30.07 load
[runlim] sample:		189.03 time, 190.01 real, 14 MB, 30.06 load
[runlim] sample:		198.99 time, 200.01 real, 14 MB, 29.89 load
[runlim] sample:		208.94 time, 210.01 real, 14 MB, 29.75 load
[runlim] sample:		218.89 time, 220.01 real, 14 MB, 29.64 load
[runlim] sample:		228.84 time, 230.01 real, 14 MB, 29.62 load
[runlim] sample:		238.80 time, 240.01 real, 14 MB, 29.60 load
[runlim] sample:		248.75 time, 250.01 real, 14 MB, 29.51 load
[runlim] sample:		258.70 time, 260.01 real, 14 MB, 29.43 load
[runlim] sample:		268.65 time, 270.01 real, 14 MB, 29.36 load
[runlim] sample:		278.60 time, 280.01 real, 14 MB, 29.31 load
[runlim] sample:		288.55 time, 290.01 real, 14 MB, 29.26 load
[runlim] sample:		298.49 time, 300.01 real, 14 MB, 29.22 load
[runlim] sample:		308.44 time, 310.01 real, 14 MB, 29.18 load
[runlim] sample:		318.39 time, 320.01 real, 14 MB, 29.16 load
[runlim] sample:		328.34 time, 330.01 real, 14 MB, 29.13 load
[runlim] sample:		338.28 time, 340.01 real, 14 MB, 29.11 load
[runlim] sample:		348.23 time, 350.01 real, 14 MB, 29.09 load
[runlim] sample:		358.18 time, 360.01 real, 14 MB, 29.08 load
[runlim] sample:		368.13 time, 370.01 real, 14 MB, 29.07 load
[runlim] sample:		378.07 time, 380.01 real, 14 MB, 29.06 load
[runlim] sample:		388.02 time, 390.01 real, 14 MB, 29.05 load
[runlim] sample:		397.97 time, 400.01 real, 14 MB, 29.04 load
[runlim] sample:		407.92 time, 410.01 real, 14 MB, 29.03 load
[runlim] sample:		417.87 time, 420.01 real, 14 MB, 29.03 load
[runlim] sample:		427.81 time, 430.01 real, 14 MB, 29.02 load
[runlim] sample:		437.76 time, 440.01 real, 14 MB, 29.02 load
[runlim] sample:		447.71 time, 450.01 real, 14 MB, 29.09 load
[runlim] sample:		457.66 time, 460.01 real, 14 MB, 29.08 load
[runlim] sample:		467.60 time, 470.01 real, 14 MB, 29.06 load
[runlim] sample:		477.55 time, 480.01 real, 14 MB, 29.05 load
[runlim] sample:		487.50 time, 490.01 real, 14 MB, 29.04 load
[runlim] sample:		497.45 time, 500.01 real, 14 MB, 29.04 load
[runlim] sample:		507.39 time, 510.01 real, 14 MB, 29.10 load
[runlim] sample:		517.34 time, 520.01 real, 14 MB, 29.09 load
[runlim] sample:		527.29 time, 530.01 real, 14 MB, 29.07 load
[runlim] sample:		537.24 time, 540.01 real, 14 MB, 29.06 load
[runlim] sample:		547.19 time, 550.01 real, 14 MB, 29.05 load
[runlim] sample:		557.13 time, 560.01 real, 14 MB, 29.04 load
[runlim] sample:		567.08 time, 570.01 real, 14 MB, 29.11 load
[runlim] sample:		577.03 time, 580.01 real, 14 MB, 29.09 load
[runlim] sample:		586.98 time, 590.01 real, 14 MB, 29.15 load
[runlim] sample:		596.93 time, 600.01 real, 14 MB, 29.13 load
[runlim] sample:		606.87 time, 610.01 real, 14 MB, 29.19 load
[runlim] sample:		616.82 time, 620.01 real, 14 MB, 29.16 load
[runlim] sample:		626.77 time, 630.01 real, 14 MB, 29.13 load
[runlim] sample:		636.72 time, 640.01 real, 14 MB, 29.11 load
[runlim] sample:		646.67 time, 650.01 real, 14 MB, 29.17 load
[runlim] sample:		656.61 time, 660.01 real, 14 MB, 29.14 load
[runlim] sample:		666.56 time, 670.01 real, 14 MB, 29.12 load
[runlim] sample:		676.51 time, 680.01 real, 14 MB, 29.10 load
[runlim] sample:		686.46 time, 690.01 real, 14 MB, 29.17 load
[runlim] sample:		696.41 time, 700.01 real, 14 MB, 29.14 load
[runlim] sample:		706.35 time, 710.01 real, 14 MB, 29.19 load
[runlim] sample:		716.30 time, 720.01 real, 14 MB, 29.16 load
[runlim] sample:		726.25 time, 730.01 real, 14 MB, 29.22 load
[runlim] sample:		736.20 time, 740.01 real, 14 MB, 29.26 load
[runlim] sample:		746.14 time, 750.01 real, 14 MB, 29.22 load
[runlim] sample:		756.09 time, 760.01 real, 14 MB, 29.18 load
[runlim] sample:		766.04 time, 770.01 real, 14 MB, 29.23 load
[runlim] sample:		775.99 time, 780.01 real, 14 MB, 29.19 load
[runlim] sample:		785.93 time, 790.01 real, 14 MB, 29.16 load
[runlim] sample:		795.88 time, 800.01 real, 14 MB, 29.14 load
[runlim] sample:		805.83 time, 810.01 real, 14 MB, 29.12 load
[runlim] sample:		815.77 time, 820.01 real, 14 MB, 29.10 load
[runlim] sample:		825.72 time, 830.01 real, 14 MB, 29.08 load
[runlim] sample:		835.66 time, 840.01 real, 14 MB, 29.07 load
[runlim] sample:		845.61 time, 850.01 real, 14 MB, 29.13 load
[runlim] sample:		855.55 time, 860.01 real, 14 MB, 29.11 load
[runlim] sample:		865.50 time, 870.01 real, 14 MB, 29.09 load
[runlim] sample:		875.44 time, 880.01 real, 14 MB, 29.08 load
[runlim] sample:		885.39 time, 890.01 real, 14 MB, 29.07 load
[runlim] sample:		895.33 time, 900.01 real, 14 MB, 29.06 load
[runlim] sample:		905.28 time, 910.01 real, 14 MB, 29.12 load
[runlim] sample:		915.22 time, 920.01 real, 14 MB, 29.10 load
[runlim] sample:		925.17 time, 930.01 real, 14 MB, 29.09 load
[runlim] sample:		935.12 time, 940.01 real, 14 MB, 29.07 load
[runlim] sample:		945.06 time, 950.01 real, 14 MB, 29.06 load
[runlim] sample:		955.01 time, 960.01 real, 14 MB, 29.05 load
[runlim] sample:		964.95 time, 970.01 real, 14 MB, 29.12 load
[runlim] sample:		974.90 time, 980.01 real, 14 MB, 29.10 load
[runlim] sample:		984.84 time, 990.01 real, 14 MB, 29.09 load
[runlim] sample:		994.79 time, 1000.01 real, 14 MB, 29.07 load
[runlim] sample:		1004.73 time, 1010.01 real, 14 MB, 29.06 load
[runlim] sample:		1014.68 time, 1020.01 real, 14 MB, 29.05 load
[runlim] sample:		1024.62 time, 1030.01 real, 14 MB, 29.12 load
[runlim] sample:		1034.57 time, 1040.01 real, 14 MB, 29.10 load
[runlim] sample:		1044.51 time, 1050.01 real, 14 MB, 29.16 load
[runlim] sample:		1054.46 time, 1060.01 real, 14 MB, 29.14 load
[runlim] sample:		1064.40 time, 1070.01 real, 14 MB, 29.34 load
[runlim] sample:		1074.35 time, 1080.01 real, 14 MB, 29.28 load
[runlim] sample:		1084.30 time, 1090.01 real, 14 MB, 29.24 load
[runlim] sample:		1094.24 time, 1100.01 real, 14 MB, 29.20 load
[runlim] sample:		1104.19 time, 1110.01 real, 14 MB, 29.33 load
[runlim] sample:		1114.13 time, 1120.01 real, 14 MB, 29.27 load
[runlim] sample:		1124.08 time, 1130.01 real, 14 MB, 29.23 load
[runlim] sample:		1134.02 time, 1140.01 real, 14 MB, 29.20 load
[runlim] sample:		1143.97 time, 1150.01 real, 14 MB, 29.16 load
[runlim] sample:		1153.91 time, 1160.01 real, 14 MB, 29.14 load
[runlim] sample:		1163.86 time, 1170.01 real, 14 MB, 29.12 load
[runlim] sample:		1173.80 time, 1180.01 real, 14 MB, 29.10 load
[runlim] sample:		1183.75 time, 1190.01 real, 14 MB, 29.16 load
[runlim] sample:		1193.69 time, 1200.01 real, 14 MB, 29.14 load
[runlim] sample:		1203.64 time, 1210.01 real, 14 MB, 29.12 load
[runlim] sample:		1213.59 time, 1220.01 real, 14 MB, 29.10 load
[runlim] sample:		1223.53 time, 1230.01 real, 14 MB, 29.16 load
[runlim] sample:		1233.48 time, 1240.01 real, 14 MB, 29.21 load
[runlim] sample:		1243.42 time, 1250.01 real, 14 MB, 29.25 load
[runlim] sample:		1253.37 time, 1260.01 real, 14 MB, 29.21 load
[runlim] sample:		1263.31 time, 1270.01 real, 14 MB, 29.18 load
[runlim] sample:		1273.26 time, 1280.01 real, 14 MB, 29.15 load
[runlim] sample:		1283.20 time, 1290.01 real, 14 MB, 29.13 load
[runlim] sample:		1293.15 time, 1300.01 real, 14 MB, 29.11 load
[runlim] sample:		1303.10 time, 1310.01 real, 14 MB, 29.16 load
[runlim] sample:		1313.04 time, 1320.01 real, 14 MB, 29.14 load
[runlim] sample:		1322.99 time, 1330.01 real, 14 MB, 29.12 load
[runlim] sample:		1332.93 time, 1340.01 real, 14 MB, 29.10 load
[runlim] sample:		1342.88 time, 1350.01 real, 14 MB, 29.08 load
[runlim] sample:		1352.82 time, 1360.01 real, 14 MB, 29.07 load
[runlim] sample:		1362.77 time, 1370.01 real, 15 MB, 29.13 load
[runlim] sample:		1372.72 time, 1380.01 real, 15 MB, 29.11 load
[runlim] sample:		1382.66 time, 1390.01 real, 15 MB, 29.09 load
[runlim] sample:		1392.61 time, 1400.01 real, 15 MB, 29.08 load
[runlim] sample:		1402.55 time, 1410.01 real, 15 MB, 29.07 load
[runlim] sample:		1412.50 time, 1420.01 real, 15 MB, 29.06 load
[runlim] sample:		1422.45 time, 1430.01 real, 15 MB, 29.12 load
[runlim] sample:		1432.39 time, 1440.01 real, 15 MB, 29.10 load
[runlim] sample:		1442.34 time, 1450.01 real, 15 MB, 29.09 load
[runlim] sample:		1452.28 time, 1460.01 real, 15 MB, 29.07 load
[runlim] sample:		1462.23 time, 1470.01 real, 15 MB, 29.06 load
[runlim] sample:		1472.18 time, 1480.01 real, 15 MB, 29.05 load
[runlim] sample:		1482.12 time, 1490.01 real, 15 MB, 29.12 load
[runlim] sample:		1492.07 time, 1500.01 real, 15 MB, 29.10 load
[runlim] sample:		1502.01 time, 1510.01 real, 15 MB, 29.08 load
[runlim] sample:		1511.96 time, 1520.01 real, 15 MB, 29.07 load
[runlim] sample:		1521.90 time, 1530.01 real, 15 MB, 29.06 load
[runlim] sample:		1531.85 time, 1540.01 real, 15 MB, 29.05 load
[runlim] sample:		1541.80 time, 1550.01 real, 15 MB, 29.11 load
[runlim] sample:		1551.74 time, 1560.01 real, 15 MB, 29.10 load
[runlim] sample:		1561.69 time, 1570.01 real, 15 MB, 29.08 load
[runlim] sample:		1571.64 time, 1580.01 real, 15 MB, 29.07 load
[runlim] sample:		1581.58 time, 1590.01 real, 15 MB, 29.06 load
[runlim] sample:		1591.53 time, 1600.01 real, 15 MB, 29.05 load
[runlim] sample:		1601.48 time, 1610.01 real, 15 MB, 29.11 load
[runlim] sample:		1611.42 time, 1620.01 real, 15 MB, 29.10 load
[runlim] sample:		1621.37 time, 1630.01 real, 15 MB, 29.08 load
[runlim] sample:		1631.32 time, 1640.01 real, 15 MB, 29.07 load
[runlim] sample:		1641.27 time, 1650.01 real, 15 MB, 29.06 load
[runlim] sample:		1651.21 time, 1660.01 real, 15 MB, 29.05 load
[runlim] sample:		1661.16 time, 1670.01 real, 15 MB, 29.11 load
[runlim] sample:		1671.10 time, 1680.01 real, 15 MB, 29.10 load
[runlim] sample:		1681.05 time, 1690.01 real, 15 MB, 29.08 load
[runlim] sample:		1691.00 time, 1700.01 real, 15 MB, 29.07 load
[runlim] sample:		1700.94 time, 1710.01 real, 15 MB, 29.13 load
[runlim] sample:		1710.89 time, 1720.01 real, 15 MB, 29.11 load
[runlim] sample:		1720.83 time, 1730.01 real, 15 MB, 29.25 load
[runlim] sample:		1730.78 time, 1740.01 real, 15 MB, 29.28 load
[runlim] sample:		1740.73 time, 1750.01 real, 15 MB, 29.24 load
[runlim] sample:		1750.67 time, 1760.01 real, 15 MB, 29.20 load
[runlim] sample:		1760.62 time, 1770.01 real, 15 MB, 29.17 load
[runlim] sample:		1770.56 time, 1780.01 real, 15 MB, 29.14 load
[runlim] sample:		1780.51 time, 1790.01 real, 15 MB, 29.20 load
[runlim] sample:		1790.45 time, 1800.01 real, 15 MB, 29.16 load
[runlim] sample:		1800.40 time, 1810.01 real, 15 MB, 29.14 load
[runlim] sample:		1810.35 time, 1820.01 real, 15 MB, 29.12 load
[runlim] sample:		1820.29 time, 1830.01 real, 15 MB, 29.10 load
[runlim] sample:		1830.24 time, 1840.01 real, 15 MB, 29.08 load
[runlim] sample:		1840.18 time, 1850.01 real, 15 MB, 29.14 load
[runlim] sample:		1850.13 time, 1860.01 real, 15 MB, 29.12 load
[runlim] sample:		1860.08 time, 1870.01 real, 15 MB, 29.18 load
[runlim] sample:		1870.02 time, 1880.01 real, 15 MB, 29.15 load
[runlim] sample:		1879.97 time, 1890.01 real, 15 MB, 29.13 load
[runlim] sample:		1889.91 time, 1900.01 real, 15 MB, 29.11 load
[runlim] sample:		1899.86 time, 1910.01 real, 15 MB, 29.16 load
[runlim] sample:		1909.80 time, 1920.01 real, 15 MB, 29.14 load
[runlim] sample:		1919.75 time, 1930.01 real, 15 MB, 29.12 load
[runlim] sample:		1929.69 time, 1940.01 real, 15 MB, 29.10 load
[runlim] sample:		1939.64 time, 1950.01 real, 15 MB, 29.08 load
[runlim] sample:		1949.59 time, 1960.01 real, 15 MB, 29.14 load
[runlim] sample:		1959.53 time, 1970.01 real, 15 MB, 29.20 load
[runlim] sample:		1969.48 time, 1980.01 real, 15 MB, 29.16 load
[runlim] sample:		1979.42 time, 1990.01 real, 15 MB, 29.14 load
[runlim] sample:		1989.37 time, 2000.01 real, 15 MB, 29.12 load
[runlim] sample:		1999.31 time, 2010.01 real, 15 MB, 29.10 load
[runlim] sample:		2009.26 time, 2020.01 real, 15 MB, 29.08 load
[runlim] sample:		2019.21 time, 2030.01 real, 15 MB, 29.14 load
[runlim] sample:		2029.15 time, 2040.01 real, 16 MB, 29.12 load
[runlim] sample:		2039.10 time, 2050.01 real, 16 MB, 29.10 load
[runlim] sample:		2049.04 time, 2060.01 real, 16 MB, 29.09 load
[runlim] sample:		2058.99 time, 2070.01 real, 16 MB, 29.07 load
[runlim] sample:		2068.94 time, 2080.01 real, 16 MB, 29.06 load
[runlim] sample:		2078.88 time, 2090.01 real, 16 MB, 29.13 load
[runlim] sample:		2088.83 time, 2100.01 real, 16 MB, 29.11 load
[runlim] sample:		2098.77 time, 2110.01 real, 16 MB, 29.09 load
[runlim] sample:		2108.72 time, 2120.01 real, 16 MB, 29.08 load
[runlim] sample:		2118.67 time, 2130.01 real, 16 MB, 29.06 load
[runlim] sample:		2128.61 time, 2140.01 real, 16 MB, 29.05 load
[runlim] sample:		2138.56 time, 2150.01 real, 16 MB, 29.12 load
[runlim] sample:		2148.50 time, 2160.01 real, 16 MB, 29.10 load
[runlim] sample:		2158.45 time, 2170.01 real, 16 MB, 29.08 load
[runlim] sample:		2168.40 time, 2180.01 real, 16 MB, 29.15 load
[runlim] sample:		2178.34 time, 2190.01 real, 16 MB, 29.13 load
[runlim] sample:		2188.29 time, 2200.01 real, 16 MB, 29.11 load
[runlim] sample:		2198.23 time, 2210.01 real, 16 MB, 29.16 load
[runlim] sample:		2208.18 time, 2220.01 real, 16 MB, 29.14 load
[runlim] sample:		2218.13 time, 2230.01 real, 16 MB, 29.20 load
[runlim] sample:		2228.07 time, 2240.01 real, 16 MB, 29.24 load
[runlim] sample:		2238.02 time, 2250.01 real, 16 MB, 29.20 load
[runlim] sample:		2247.96 time, 2260.01 real, 16 MB, 29.17 load
[runlim] sample:		2257.91 time, 2270.01 real, 16 MB, 29.22 load
[runlim] sample:		2267.86 time, 2280.01 real, 16 MB, 29.18 load
[runlim] sample:		2277.80 time, 2290.01 real, 16 MB, 29.16 load
[runlim] sample:		2287.75 time, 2300.01 real, 16 MB, 29.13 load
[runlim] sample:		2297.70 time, 2310.01 real, 16 MB, 29.11 load
[runlim] sample:		2307.64 time, 2320.01 real, 16 MB, 29.09 load
[runlim] sample:		2317.59 time, 2330.01 real, 16 MB, 29.08 load
[runlim] sample:		2327.54 time, 2340.01 real, 16 MB, 29.07 load
[runlim] sample:		2337.48 time, 2350.01 real, 16 MB, 29.13 load
[runlim] sample:		2347.43 time, 2360.01 real, 16 MB, 29.11 load
[runlim] sample:		2357.38 time, 2370.01 real, 16 MB, 29.09 load
[runlim] sample:		2367.33 time, 2380.01 real, 16 MB, 29.08 load
[runlim] sample:		2377.27 time, 2390.01 real, 16 MB, 29.07 load
[runlim] sample:		2387.22 time, 2400.01 real, 16 MB, 29.06 load
[runlim] sample:		2397.17 time, 2410.01 real, 16 MB, 29.12 load
[runlim] sample:		2407.11 time, 2420.01 real, 16 MB, 29.10 load
[runlim] sample:		2417.06 time, 2430.01 real, 16 MB, 29.08 load
[runlim] sample:		2427.01 time, 2440.01 real, 16 MB, 29.07 load
[runlim] sample:		2436.96 time, 2450.01 real, 16 MB, 29.06 load
[runlim] sample:		2446.90 time, 2460.01 real, 16 MB, 29.05 load
[runlim] sample:		2456.85 time, 2470.01 real, 16 MB, 29.12 load
[runlim] sample:		2466.80 time, 2480.01 real, 16 MB, 29.02 load
[runlim] sample:		2476.74 time, 2490.01 real, 16 MB, 28.86 load
[runlim] sample:		2486.69 time, 2500.01 real, 16 MB, 28.73 load
[runlim] sample:		2496.64 time, 2510.01 real, 16 MB, 28.62 load
[runlim] sample:		2506.59 time, 2520.01 real, 16 MB, 28.52 load
[runlim] sample:		2516.54 time, 2530.01 real, 16 MB, 28.51 load
[runlim] sample:		2526.48 time, 2540.01 real, 16 MB, 28.43 load
[runlim] sample:		2536.43 time, 2550.01 real, 16 MB, 28.37 load
[runlim] sample:		2546.38 time, 2560.01 real, 16 MB, 28.31 load
[runlim] sample:		2556.33 time, 2570.01 real, 16 MB, 28.26 load
[runlim] sample:		2566.27 time, 2580.01 real, 16 MB, 28.22 load
[runlim] sample:		2576.22 time, 2590.01 real, 16 MB, 28.26 load
[runlim] sample:		2586.17 time, 2600.01 real, 16 MB, 28.22 load
[runlim] sample:		2596.12 time, 2610.01 real, 16 MB, 28.19 load
[runlim] sample:		2606.06 time, 2620.01 real, 16 MB, 28.16 load
[runlim] sample:		2616.01 time, 2630.01 real, 16 MB, 28.13 load
[runlim] sample:		2625.96 time, 2640.01 real, 16 MB, 28.11 load
[runlim] sample:		2635.91 time, 2650.01 real, 16 MB, 28.17 load
[runlim] sample:		2645.85 time, 2660.01 real, 16 MB, 28.14 load
[runlim] sample:		2655.80 time, 2670.01 real, 16 MB, 28.12 load
[runlim] sample:		2665.75 time, 2680.01 real, 16 MB, 28.18 load
[runlim] sample:		2675.70 time, 2690.01 real, 16 MB, 28.23 load
[runlim] sample:		2685.64 time, 2700.01 real, 16 MB, 28.20 load
[runlim] sample:		2695.59 time, 2710.01 real, 16 MB, 28.24 load
[runlim] sample:		2705.54 time, 2720.01 real, 16 MB, 28.20 load
[runlim] sample:		2715.49 time, 2730.01 real, 16 MB, 28.25 load
[runlim] sample:		2725.43 time, 2740.01 real, 16 MB, 28.29 load
[runlim] sample:		2735.38 time, 2750.01 real, 16 MB, 28.24 load
[runlim] sample:		2745.33 time, 2760.01 real, 16 MB, 28.28 load
[runlim] sample:		2755.27 time, 2770.01 real, 16 MB, 28.24 load
[runlim] sample:		2765.22 time, 2780.01 real, 16 MB, 28.20 load
[runlim] sample:		2775.16 time, 2790.01 real, 16 MB, 28.17 load
[runlim] sample:		2785.11 time, 2800.01 real, 16 MB, 28.14 load
[runlim] sample:		2795.06 time, 2810.01 real, 17 MB, 28.12 load
[runlim] sample:		2805.00 time, 2820.01 real, 17 MB, 28.10 load
[runlim] sample:		2814.95 time, 2830.01 real, 17 MB, 28.16 load
[runlim] sample:		2824.91 time, 2840.01 real, 17 MB, 28.13 load
[runlim] sample:		2834.85 time, 2850.01 real, 17 MB, 28.11 load
[runlim] sample:		2844.80 time, 2860.01 real, 17 MB, 28.17 load
[runlim] sample:		2854.75 time, 2870.01 real, 17 MB, 28.14 load
[runlim] sample:		2864.70 time, 2880.01 real, 17 MB, 28.12 load
[runlim] sample:		2874.64 time, 2890.01 real, 17 MB, 28.10 load
[runlim] sample:		2884.59 time, 2900.01 real, 17 MB, 28.08 load
[runlim] sample:		2894.54 time, 2910.01 real, 17 MB, 28.07 load
[runlim] sample:		2904.48 time, 2920.01 real, 17 MB, 28.06 load
[runlim] sample:		2914.43 time, 2930.01 real, 17 MB, 28.05 load
[runlim] sample:		2924.38 time, 2940.01 real, 17 MB, 28.04 load
[runlim] sample:		2934.33 time, 2950.01 real, 17 MB, 28.04 load
[runlim] sample:		2944.27 time, 2960.01 real, 17 MB, 28.03 load
[runlim] sample:		2954.22 time, 2970.01 real, 17 MB, 28.02 load
[runlim] sample:		2964.17 time, 2980.01 real, 17 MB, 28.10 load
[runlim] sample:		2974.12 time, 2990.01 real, 17 MB, 28.08 load
[runlim] sample:		2984.06 time, 3000.01 real, 17 MB, 28.07 load
[runlim] sample:		2994.01 time, 3010.01 real, 17 MB, 28.06 load
[runlim] sample:		3003.96 time, 3020.01 real, 17 MB, 28.05 load
[runlim] sample:		3013.91 time, 3030.01 real, 17 MB, 28.04 load
[runlim] sample:		3023.85 time, 3040.01 real, 17 MB, 28.04 load
[runlim] sample:		3033.80 time, 3050.01 real, 17 MB, 28.03 load
[runlim] sample:		3043.75 time, 3060.01 real, 17 MB, 28.02 load
[runlim] sample:		3053.69 time, 3070.01 real, 17 MB, 28.02 load
[runlim] sample:		3063.64 time, 3080.01 real, 17 MB, 28.02 load
[runlim] sample:		3073.59 time, 3090.01 real, 17 MB, 28.01 load
[runlim] sample:		3083.53 time, 3100.01 real, 17 MB, 28.09 load
[runlim] sample:		3093.48 time, 3110.01 real, 17 MB, 28.16 load
[runlim] sample:		3103.43 time, 3120.01 real, 17 MB, 28.21 load
[runlim] sample:		3113.37 time, 3130.01 real, 17 MB, 28.18 load
[runlim] sample:		3123.32 time, 3140.01 real, 17 MB, 28.15 load
[runlim] sample:		3133.27 time, 3150.01 real, 17 MB, 28.13 load
[runlim] sample:		3143.21 time, 3160.01 real, 17 MB, 28.11 load
[runlim] sample:		3153.16 time, 3170.01 real, 17 MB, 28.09 load
[runlim] sample:		3163.11 time, 3180.01 real, 17 MB, 28.16 load
[runlim] sample:		3173.06 time, 3190.01 real, 17 MB, 28.21 load
[runlim] sample:		3183.00 time, 3200.01 real, 17 MB, 28.18 load
[runlim] sample:		3192.95 time, 3210.01 real, 17 MB, 28.15 load
[runlim] sample:		3202.90 time, 3220.01 real, 17 MB, 28.13 load
[runlim] sample:		3212.84 time, 3230.01 real, 17 MB, 28.19 load
[runlim] sample:		3222.79 time, 3240.01 real, 17 MB, 28.23 load
[runlim] sample:		3232.74 time, 3250.01 real, 17 MB, 28.20 load
[runlim] sample:		3242.69 time, 3260.01 real, 17 MB, 28.17 load
[runlim] sample:		3252.63 time, 3270.01 real, 17 MB, 28.14 load
[runlim] sample:		3262.58 time, 3280.01 real, 17 MB, 28.12 load
[runlim] sample:		3272.53 time, 3290.01 real, 17 MB, 28.10 load
[runlim] sample:		3282.48 time, 3300.01 real, 17 MB, 28.08 load
[runlim] sample:		3292.42 time, 3310.01 real, 17 MB, 28.07 load
[runlim] sample:		3302.37 time, 3320.01 real, 17 MB, 28.06 load
[runlim] sample:		3312.32 time, 3330.01 real, 17 MB, 28.05 load
[runlim] sample:		3322.26 time, 3340.01 real, 17 MB, 28.04 load
[runlim] sample:		3332.21 time, 3350.01 real, 17 MB, 28.04 load
[runlim] sample:		3342.16 time, 3360.01 real, 17 MB, 28.03 load
[runlim] sample:		3352.10 time, 3370.01 real, 17 MB, 28.02 load
[runlim] sample:		3362.05 time, 3380.01 real, 17 MB, 28.02 load
[runlim] sample:		3372.00 time, 3390.01 real, 17 MB, 28.02 load
[runlim] sample:		3381.94 time, 3400.01 real, 17 MB, 28.01 load
[runlim] sample:		3391.89 time, 3410.01 real, 17 MB, 28.01 load
[runlim] sample:		3401.84 time, 3420.01 real, 17 MB, 28.01 load
[runlim] sample:		3411.79 time, 3430.01 real, 17 MB, 28.01 load
[runlim] sample:		3421.73 time, 3440.01 real, 17 MB, 28.08 load
[runlim] sample:		3431.68 time, 3450.01 real, 17 MB, 28.07 load
[runlim] sample:		3441.63 time, 3460.01 real, 17 MB, 28.06 load
[runlim] sample:		3451.57 time, 3470.01 real, 17 MB, 28.05 load
[runlim] sample:		3461.52 time, 3480.01 real, 17 MB, 28.04 load
[runlim] sample:		3471.46 time, 3490.01 real, 17 MB, 28.03 load
[runlim] sample:		3481.41 time, 3500.01 real, 17 MB, 28.03 load
[runlim] sample:		3491.36 time, 3510.01 real, 17 MB, 28.02 load
[runlim] sample:		3501.30 time, 3520.01 real, 17 MB, 28.02 load
[runlim] sample:		3511.25 time, 3530.01 real, 17 MB, 28.02 load
[runlim] sample:		3521.20 time, 3540.01 real, 17 MB, 28.01 load
[runlim] sample:		3531.14 time, 3550.01 real, 17 MB, 28.01 load
[runlim] sample:		3541.09 time, 3560.01 real, 17 MB, 28.08 load
[runlim] sample:		3551.04 time, 3570.01 real, 17 MB, 28.07 load
[runlim] sample:		3560.98 time, 3580.01 real, 17 MB, 28.13 load
[runlim] sample:		3570.93 time, 3590.01 real, 17 MB, 28.18 load
[runlim] sample:		3580.87 time, 3600.01 real, 17 MB, 28.16 load
[runlim] sample:		3590.82 time, 3610.01 real, 17 MB, 28.13 load
[runlim] sample:		3600.77 time, 3620.01 real, 17 MB, 28.11 load
[runlim] sample:		3610.71 time, 3630.01 real, 17 MB, 28.09 load
[runlim] sample:		3620.66 time, 3640.01 real, 17 MB, 28.08 load
[runlim] sample:		3630.61 time, 3650.01 real, 17 MB, 28.22 load
[runlim] sample:		3640.55 time, 3660.01 real, 17 MB, 28.26 load
[runlim] sample:		3650.50 time, 3670.01 real, 17 MB, 28.22 load
[runlim] sample:		3660.45 time, 3680.01 real, 17 MB, 28.18 load
[runlim] sample:		3670.39 time, 3690.01 real, 17 MB, 28.24 load
[runlim] sample:		3680.34 time, 3700.01 real, 17 MB, 28.27 load
[runlim] sample:		3690.29 time, 3710.01 real, 17 MB, 28.23 load
[runlim] sample:		3700.23 time, 3720.01 real, 17 MB, 28.20 load
[runlim] sample:		3710.18 time, 3730.01 real, 17 MB, 28.25 load
[runlim] sample:		3720.13 time, 3740.01 real, 17 MB, 28.28 load
[runlim] sample:		3730.07 time, 3750.01 real, 17 MB, 28.24 load
[runlim] sample:		3740.02 time, 3760.01 real, 17 MB, 28.27 load
[runlim] sample:		3749.97 time, 3770.01 real, 17 MB, 28.23 load
[runlim] sample:		3759.91 time, 3780.01 real, 17 MB, 28.20 load
[runlim] sample:		3769.86 time, 3790.01 real, 17 MB, 28.16 load
[runlim] sample:		3779.81 time, 3800.01 real, 17 MB, 28.14 load
[runlim] sample:		3789.76 time, 3810.01 real, 17 MB, 28.12 load
[runlim] sample:		3799.70 time, 3820.01 real, 17 MB, 28.10 load
[runlim] sample:		3809.65 time, 3830.01 real, 17 MB, 28.08 load
[runlim] sample:		3819.60 time, 3840.01 real, 17 MB, 28.07 load
[runlim] sample:		3829.55 time, 3850.01 real, 17 MB, 28.06 load
[runlim] sample:		3839.50 time, 3860.01 real, 17 MB, 28.05 load
[runlim] sample:		3849.44 time, 3870.01 real, 17 MB, 28.04 load
[runlim] sample:		3859.39 time, 3880.01 real, 17 MB, 28.03 load
[runlim] sample:		3869.34 time, 3890.01 real, 17 MB, 28.03 load
[runlim] sample:		3879.29 time, 3900.01 real, 17 MB, 28.02 load
[runlim] sample:		3889.24 time, 3910.01 real, 17 MB, 28.02 load
[runlim] sample:		3899.18 time, 3920.01 real, 17 MB, 28.09 load
[runlim] sample:		3909.13 time, 3930.01 real, 17 MB, 28.08 load
[runlim] sample:		3919.08 time, 3940.01 real, 17 MB, 28.06 load
[runlim] sample:		3929.03 time, 3950.01 real, 17 MB, 28.05 load
[runlim] sample:		3938.97 time, 3960.01 real, 17 MB, 28.04 load
[runlim] sample:		3948.92 time, 3970.01 real, 17 MB, 28.11 load
[runlim] sample:		3958.87 time, 3980.01 real, 17 MB, 28.09 load
[runlim] sample:		3968.82 time, 3990.01 real, 17 MB, 28.08 load
[runlim] sample:		3978.76 time, 4000.01 real, 17 MB, 28.14 load
[runlim] sample:		3988.71 time, 4010.01 real, 17 MB, 28.12 load
[runlim] sample:		3998.66 time, 4020.01 real, 18 MB, 28.10 load
[runlim] sample:		4008.61 time, 4030.01 real, 18 MB, 28.08 load
[runlim] sample:		4018.55 time, 4040.01 real, 18 MB, 28.22 load
[runlim] sample:		4028.50 time, 4050.01 real, 18 MB, 28.18 load
[runlim] sample:		4038.45 time, 4060.01 real, 18 MB, 28.23 load
[runlim] sample:		4048.40 time, 4070.01 real, 18 MB, 28.19 load
[runlim] sample:		4058.35 time, 4080.01 real, 18 MB, 28.16 load
[runlim] sample:		4068.29 time, 4090.01 real, 18 MB, 28.14 load
[runlim] sample:		4078.24 time, 4100.01 real, 18 MB, 28.12 load
[runlim] sample:		4088.19 time, 4110.01 real, 18 MB, 28.10 load
[runlim] sample:		4098.14 time, 4120.01 real, 18 MB, 28.08 load
[runlim] sample:		4108.09 time, 4130.01 real, 18 MB, 28.07 load
[runlim] sample:		4118.04 time, 4140.01 real, 18 MB, 28.06 load
[runlim] sample:		4127.98 time, 4150.01 real, 18 MB, 28.05 load
[runlim] sample:		4137.93 time, 4160.01 real, 18 MB, 28.04 load
[runlim] sample:		4147.88 time, 4170.01 real, 18 MB, 28.03 load
[runlim] sample:		4157.83 time, 4180.01 real, 18 MB, 28.11 load
[runlim] sample:		4167.78 time, 4190.01 real, 18 MB, 28.09 load
[runlim] sample:		4177.73 time, 4200.01 real, 18 MB, 28.08 load
[runlim] sample:		4187.68 time, 4210.01 real, 18 MB, 28.15 load
[runlim] sample:		4197.63 time, 4220.01 real, 18 MB, 28.12 load
[runlim] sample:		4207.57 time, 4230.01 real, 18 MB, 28.18 load
[runlim] sample:		4217.52 time, 4240.01 real, 18 MB, 28.16 load
[runlim] sample:		4227.47 time, 4250.01 real, 18 MB, 28.13 load
[runlim] sample:		4237.42 time, 4260.01 real, 18 MB, 28.11 load
[runlim] sample:		4247.37 time, 4270.01 real, 18 MB, 28.25 load
[runlim] sample:		4257.32 time, 4280.01 real, 18 MB, 28.21 load
[runlim] sample:		4267.26 time, 4290.01 real, 18 MB, 28.18 load
[runlim] sample:		4277.21 time, 4300.01 real, 18 MB, 28.15 load
[runlim] sample:		4287.16 time, 4310.01 real, 18 MB, 28.20 load
[runlim] sample:		4297.11 time, 4320.01 real, 18 MB, 28.17 load
[runlim] sample:		4307.06 time, 4330.01 real, 18 MB, 28.14 load
[runlim] sample:		4317.01 time, 4340.01 real, 18 MB, 28.12 load
[runlim] sample:		4326.95 time, 4350.01 real, 18 MB, 28.10 load
[runlim] sample:		4336.90 time, 4360.01 real, 18 MB, 28.09 load
[runlim] sample:		4346.85 time, 4370.01 real, 18 MB, 28.07 load
[runlim] sample:		4356.80 time, 4380.01 real, 18 MB, 28.06 load
[runlim] sample:		4366.75 time, 4390.01 real, 18 MB, 28.05 load
[runlim] sample:		4376.70 time, 4400.01 real, 18 MB, 28.04 load
[runlim] sample:		4386.64 time, 4410.01 real, 18 MB, 28.18 load
[runlim] sample:		4396.59 time, 4420.01 real, 18 MB, 28.15 load
[runlim] sample:		4406.54 time, 4430.01 real, 18 MB, 28.13 load
[runlim] sample:		4416.49 time, 4440.01 real, 18 MB, 28.11 load
[runlim] sample:		4426.44 time, 4450.01 real, 18 MB, 28.09 load
[runlim] sample:		4436.39 time, 4460.01 real, 18 MB, 28.08 load
[runlim] sample:		4446.33 time, 4470.01 real, 18 MB, 28.07 load
[runlim] sample:		4456.28 time, 4480.01 real, 18 MB, 28.06 load
[runlim] sample:		4466.23 time, 4490.01 real, 18 MB, 28.05 load
[runlim] sample:		4476.18 time, 4500.01 real, 18 MB, 28.04 load
[runlim] sample:		4486.13 time, 4510.01 real, 18 MB, 28.11 load
[runlim] sample:		4496.08 time, 4520.01 real, 18 MB, 28.10 load
[runlim] sample:		4506.02 time, 4530.01 real, 18 MB, 28.08 load
[runlim] sample:		4515.97 time, 4540.01 real, 18 MB, 28.07 load
[runlim] sample:		4525.92 time, 4550.01 real, 18 MB, 28.06 load
[runlim] sample:		4535.87 time, 4560.01 real, 18 MB, 28.05 load
[runlim] sample:		4545.82 time, 4570.01 real, 18 MB, 28.12 load
[runlim] sample:		4555.76 time, 4580.01 real, 18 MB, 28.25 load
[runlim] sample:		4565.71 time, 4590.01 real, 18 MB, 28.21 load
[runlim] sample:		4575.66 time, 4600.01 real, 18 MB, 28.18 load
[runlim] sample:		4585.61 time, 4610.01 real, 18 MB, 28.15 load
[runlim] sample:		4595.56 time, 4620.01 real, 18 MB, 28.20 load
[runlim] sample:		4605.50 time, 4630.01 real, 18 MB, 28.25 load
[runlim] sample:		4615.45 time, 4640.01 real, 18 MB, 28.21 load
[runlim] sample:		4625.40 time, 4650.01 real, 18 MB, 28.25 load
[runlim] sample:		4635.35 time, 4660.01 real, 18 MB, 28.29 load
[runlim] sample:		4645.29 time, 4670.01 real, 18 MB, 28.32 load
[runlim] sample:		4655.24 time, 4680.01 real, 18 MB, 28.43 load
[runlim] sample:		4665.19 time, 4690.01 real, 18 MB, 28.59 load
[runlim] sample:		4675.14 time, 4700.01 real, 18 MB, 28.65 load
[runlim] sample:		4685.09 time, 4710.01 real, 18 MB, 28.71 load
[runlim] sample:		4695.03 time, 4720.01 real, 18 MB, 28.75 load
[runlim] sample:		4704.98 time, 4730.01 real, 18 MB, 28.79 load
[runlim] sample:		4714.93 time, 4740.01 real, 18 MB, 28.90 load
[runlim] sample:		4724.88 time, 4750.01 real, 18 MB, 28.91 load
[runlim] sample:		4734.83 time, 4760.01 real, 18 MB, 28.93 load
[runlim] sample:		4744.77 time, 4770.01 real, 18 MB, 28.94 load
[runlim] sample:		4754.72 time, 4780.01 real, 18 MB, 28.87 load
[runlim] sample:		4764.67 time, 4790.01 real, 18 MB, 28.82 load
[runlim] sample:		4774.62 time, 4800.01 real, 18 MB, 28.69 load
[runlim] sample:		4784.57 time, 4810.01 real, 18 MB, 28.67 load
[runlim] sample:		4794.52 time, 4820.01 real, 18 MB, 28.56 load
[runlim] sample:		4804.46 time, 4830.01 real, 18 MB, 28.55 load
[runlim] sample:		4814.41 time, 4840.01 real, 18 MB, 28.47 load
[runlim] sample:		4824.36 time, 4850.01 real, 18 MB, 28.39 load
[runlim] sample:		4834.31 time, 4860.01 real, 18 MB, 28.33 load
[runlim] sample:		4844.26 time, 4870.01 real, 18 MB, 28.36 load
[runlim] sample:		4854.20 time, 4880.01 real, 18 MB, 28.31 load
[runlim] sample:		4864.15 time, 4890.01 real, 18 MB, 28.26 load
[runlim] sample:		4874.10 time, 4900.01 real, 18 MB, 28.22 load
[runlim] sample:		4884.05 time, 4910.01 real, 18 MB, 28.18 load
[runlim] sample:		4894.00 time, 4920.01 real, 18 MB, 28.16 load
[runlim] sample:		4903.94 time, 4930.01 real, 18 MB, 28.21 load
[runlim] sample:		4913.89 time, 4940.01 real, 18 MB, 28.18 load
[runlim] sample:		4923.84 time, 4950.01 real, 18 MB, 28.15 load
[runlim] sample:		4933.79 time, 4960.01 real, 18 MB, 28.13 load
[runlim] sample:		4943.74 time, 4970.01 real, 18 MB, 28.11 load
[runlim] sample:		4953.68 time, 4980.01 real, 18 MB, 28.09 load
[runlim] sample:		4963.63 time, 4990.01 real, 18 MB, 27.84 load
[runlim] sample:		4973.58 time, 5000.01 real, 18 MB, 26.46 load
[runlim] end:			Wed Apr 15 15:51:57 2026
[runlim] status:		out of time
[runlim] result:		2
[runlim] children:		1
[runlim] processes:		2
[runlim] real:			5000.05 seconds
[runlim] time:			4973.58 seconds
[runlim] space:			18 MB
[runlim] load:			30.07 maximum
[runlim] samples:		50000
