[runlim] version:		2.0.0rc1
[runlim] host:			p03n11
[runlim] time limit:		311040000 seconds
[runlim] real time limit:	5000 seconds
[runlim] space limit:		7000 MB
[runlim] argv[0]:		./binary
[runlim] argv[1]:		-c
[runlim] argv[2]:		/tmp/local-unzipped-12519486-1-41-mc2025_track1_125.cnf
[runlim] start:			Wed Apr 15 14:20:20 2026
[runlim] child:			68687
[runlim] sample:		9.93 time, 10.01 real, 47 MB, 17.02 load
[runlim] sample:		19.86 time, 20.01 real, 48 MB, 23.39 load
[runlim] sample:		29.76 time, 30.01 real, 49 MB, 29.41 load
[runlim] sample:		39.66 time, 40.01 real, 49 MB, 34.72 load
[runlim] sample:		49.58 time, 50.01 real, 49 MB, 39.07 load
[runlim] sample:		59.44 time, 60.01 real, 50 MB, 42.75 load
[runlim] end:			Wed Apr 15 14:21:23 2026
[runlim] status:		ok
[runlim] result:		0
[runlim] children:		1
[runlim] processes:		2
[runlim] real:			62.99 seconds
[runlim] time:			62.32 seconds
[runlim] space:			50 MB
[runlim] load:			42.75 maximum
[runlim] samples:		629
