[runlim] version:		2.0.0rc1
[runlim] host:			p03n11
[runlim] time limit:		311040000 seconds
[runlim] real time limit:	5000 seconds
[runlim] space limit:		7000 MB
[runlim] argv[0]:		./binary
[runlim] argv[1]:		-c
[runlim] argv[2]:		/tmp/local-unzipped-12519486-1-53-mc2025_track1_107.cnf
[runlim] start:			Wed Apr 15 14:20:32 2026
[runlim] child:			69104
[runlim] sample:		9.90 time, 10.01 real, 45 MB, 23.39 load
[runlim] sample:		19.83 time, 20.01 real, 53 MB, 29.41 load
[runlim] sample:		29.72 time, 30.01 real, 53 MB, 34.72 load
[runlim] sample:		39.64 time, 40.01 real, 53 MB, 39.07 load
[runlim] sample:		49.56 time, 50.01 real, 53 MB, 42.75 load
[runlim] sample:		59.49 time, 60.01 real, 53 MB, 45.48 load
[runlim] sample:		69.42 time, 70.01 real, 53 MB, 47.79 load
[runlim] sample:		79.36 time, 80.01 real, 53 MB, 49.75 load
[runlim] sample:		89.30 time, 90.01 real, 53 MB, 51.26 load
[runlim] sample:		99.24 time, 100.01 real, 53 MB, 52.44 load
[runlim] sample:		109.17 time, 110.01 real, 53 MB, 53.37 load
[runlim] sample:		119.11 time, 120.01 real, 53 MB, 54.00 load
[runlim] sample:		129.05 time, 130.01 real, 53 MB, 54.46 load
[runlim] sample:		138.99 time, 140.01 real, 53 MB, 54.85 load
[runlim] sample:		148.93 time, 150.01 real, 53 MB, 55.18 load
[runlim] sample:		158.87 time, 160.01 real, 53 MB, 55.68 load
[runlim] sample:		168.81 time, 170.01 real, 53 MB, 55.89 load
[runlim] sample:		178.75 time, 180.01 real, 53 MB, 56.06 load
[runlim] sample:		188.69 time, 190.01 real, 53 MB, 56.20 load
[runlim] sample:		198.63 time, 200.01 real, 53 MB, 56.33 load
[runlim] sample:		208.57 time, 210.01 real, 53 MB, 56.43 load
[runlim] sample:		218.51 time, 220.01 real, 53 MB, 56.52 load
[runlim] sample:		228.45 time, 230.01 real, 53 MB, 56.59 load
[runlim] sample:		238.39 time, 240.01 real, 53 MB, 56.66 load
[runlim] sample:		248.33 time, 250.01 real, 53 MB, 56.71 load
[runlim] sample:		258.27 time, 260.01 real, 53 MB, 56.84 load
[runlim] sample:		268.21 time, 270.01 real, 53 MB, 56.71 load
[runlim] sample:		278.14 time, 280.01 real, 53 MB, 56.60 load
[runlim] sample:		288.08 time, 290.01 real, 53 MB, 56.51 load
[runlim] sample:		298.02 time, 300.01 real, 53 MB, 56.43 load
[runlim] sample:		307.96 time, 310.01 real, 53 MB, 56.36 load
[runlim] sample:		317.90 time, 320.01 real, 53 MB, 56.31 load
[runlim] sample:		327.83 time, 330.01 real, 53 MB, 56.26 load
[runlim] sample:		337.76 time, 340.01 real, 53 MB, 56.30 load
[runlim] sample:		347.69 time, 350.01 real, 53 MB, 56.25 load
[runlim] sample:		357.63 time, 360.01 real, 53 MB, 56.21 load
[runlim] sample:		367.57 time, 370.01 real, 53 MB, 56.18 load
[runlim] sample:		377.51 time, 380.01 real, 53 MB, 56.23 load
[runlim] sample:		387.45 time, 390.01 real, 53 MB, 56.20 load
[runlim] sample:		397.38 time, 400.01 real, 53 MB, 56.25 load
[runlim] sample:		407.32 time, 410.01 real, 53 MB, 56.28 load
[runlim] sample:		417.26 time, 420.01 real, 53 MB, 56.24 load
[runlim] sample:		427.20 time, 430.01 real, 53 MB, 56.20 load
[runlim] sample:		437.14 time, 440.01 real, 53 MB, 56.25 load
[runlim] sample:		447.07 time, 450.01 real, 53 MB, 56.21 load
[runlim] sample:		457.01 time, 460.01 real, 53 MB, 56.18 load
[runlim] sample:		466.95 time, 470.01 real, 53 MB, 56.15 load
[runlim] sample:		476.89 time, 480.01 real, 53 MB, 56.13 load
[runlim] sample:		486.83 time, 490.01 real, 53 MB, 56.18 load
[runlim] sample:		496.76 time, 500.01 real, 53 MB, 56.15 load
[runlim] sample:		506.70 time, 510.01 real, 53 MB, 56.13 load
[runlim] sample:		516.64 time, 520.01 real, 53 MB, 56.11 load
[runlim] sample:		526.58 time, 530.01 real, 53 MB, 56.09 load
[runlim] sample:		536.52 time, 540.01 real, 53 MB, 56.08 load
[runlim] sample:		546.46 time, 550.01 real, 53 MB, 56.14 load
[runlim] sample:		556.39 time, 560.01 real, 53 MB, 56.20 load
[runlim] sample:		566.33 time, 570.01 real, 53 MB, 56.33 load
[runlim] sample:		576.27 time, 580.01 real, 53 MB, 56.28 load
[runlim] sample:		586.20 time, 590.01 real, 53 MB, 56.23 load
[runlim] sample:		596.14 time, 600.01 real, 53 MB, 56.35 load
[runlim] sample:		606.08 time, 610.01 real, 53 MB, 56.30 load
[runlim] sample:		616.02 time, 620.01 real, 53 MB, 56.25 load
[runlim] sample:		625.95 time, 630.01 real, 53 MB, 56.29 load
[runlim] sample:		635.90 time, 640.01 real, 53 MB, 56.32 load
[runlim] sample:		645.84 time, 650.01 real, 53 MB, 56.27 load
[runlim] sample:		655.78 time, 660.01 real, 53 MB, 56.23 load
[runlim] sample:		665.72 time, 670.01 real, 53 MB, 56.27 load
[runlim] sample:		675.67 time, 680.01 real, 53 MB, 56.23 load
[runlim] sample:		685.61 time, 690.01 real, 53 MB, 56.19 load
[runlim] sample:		695.55 time, 700.01 real, 53 MB, 56.24 load
[runlim] sample:		705.49 time, 710.01 real, 53 MB, 56.20 load
[runlim] sample:		715.43 time, 720.01 real, 53 MB, 56.25 load
[runlim] sample:		725.37 time, 730.01 real, 53 MB, 56.21 load
[runlim] sample:		735.31 time, 740.01 real, 53 MB, 56.26 load
[runlim] sample:		745.26 time, 750.01 real, 53 MB, 56.22 load
[runlim] sample:		755.20 time, 760.01 real, 53 MB, 56.18 load
[runlim] sample:		765.14 time, 770.01 real, 53 MB, 56.23 load
[runlim] sample:		775.08 time, 780.01 real, 53 MB, 56.19 load
[runlim] sample:		785.02 time, 790.01 real, 53 MB, 56.16 load
[runlim] sample:		794.97 time, 800.01 real, 53 MB, 56.14 load
[runlim] sample:		804.90 time, 810.01 real, 53 MB, 56.12 load
[runlim] sample:		814.83 time, 820.01 real, 53 MB, 56.25 load
[runlim] sample:		824.77 time, 830.01 real, 53 MB, 56.21 load
[runlim] sample:		834.70 time, 840.01 real, 53 MB, 56.17 load
[runlim] sample:		844.64 time, 850.01 real, 53 MB, 56.15 load
[runlim] sample:		854.57 time, 860.01 real, 53 MB, 56.12 load
[runlim] sample:		864.50 time, 870.01 real, 53 MB, 56.10 load
[runlim] sample:		874.44 time, 880.01 real, 53 MB, 56.09 load
[runlim] sample:		884.38 time, 890.01 real, 53 MB, 56.07 load
[runlim] sample:		894.33 time, 900.01 real, 53 MB, 56.06 load
[runlim] sample:		904.27 time, 910.01 real, 53 MB, 56.13 load
[runlim] sample:		914.21 time, 920.01 real, 53 MB, 56.11 load
[runlim] sample:		924.15 time, 930.01 real, 53 MB, 56.32 load
[runlim] sample:		934.09 time, 940.01 real, 53 MB, 56.27 load
[runlim] sample:		944.03 time, 950.01 real, 53 MB, 56.23 load
[runlim] sample:		953.97 time, 960.01 real, 53 MB, 56.20 load
[runlim] sample:		963.91 time, 970.01 real, 53 MB, 56.16 load
[runlim] sample:		973.85 time, 980.01 real, 53 MB, 56.14 load
[runlim] sample:		983.80 time, 990.01 real, 53 MB, 56.27 load
[runlim] sample:		993.74 time, 1000.01 real, 53 MB, 56.23 load
[runlim] sample:		1003.68 time, 1010.01 real, 53 MB, 56.19 load
[runlim] sample:		1013.62 time, 1020.01 real, 53 MB, 56.24 load
[runlim] sample:		1023.56 time, 1030.01 real, 53 MB, 56.21 load
[runlim] sample:		1033.51 time, 1040.01 real, 53 MB, 56.17 load
[runlim] sample:		1043.45 time, 1050.01 real, 53 MB, 56.23 load
[runlim] sample:		1053.39 time, 1060.01 real, 53 MB, 56.19 load
[runlim] sample:		1063.33 time, 1070.01 real, 53 MB, 56.16 load
[runlim] sample:		1073.28 time, 1080.01 real, 53 MB, 56.14 load
[runlim] sample:		1083.22 time, 1090.01 real, 53 MB, 56.12 load
[runlim] sample:		1093.16 time, 1100.01 real, 53 MB, 56.10 load
[runlim] sample:		1103.10 time, 1110.01 real, 53 MB, 56.08 load
[runlim] sample:		1113.05 time, 1120.01 real, 53 MB, 56.07 load
[runlim] sample:		1122.99 time, 1130.01 real, 53 MB, 56.14 load
[runlim] sample:		1132.93 time, 1140.01 real, 53 MB, 56.12 load
[runlim] sample:		1142.87 time, 1150.01 real, 53 MB, 56.10 load
[runlim] sample:		1152.81 time, 1160.01 real, 53 MB, 56.08 load
[runlim] sample:		1162.76 time, 1170.01 real, 53 MB, 56.07 load
[runlim] sample:		1172.70 time, 1180.01 real, 53 MB, 56.06 load
[runlim] sample:		1182.64 time, 1190.01 real, 53 MB, 56.13 load
[runlim] sample:		1192.58 time, 1200.01 real, 53 MB, 56.11 load
[runlim] sample:		1202.53 time, 1210.01 real, 53 MB, 56.09 load
[runlim] sample:		1212.47 time, 1220.01 real, 53 MB, 56.08 load
[runlim] sample:		1222.41 time, 1230.01 real, 53 MB, 56.06 load
[runlim] sample:		1232.35 time, 1240.01 real, 53 MB, 56.05 load
[runlim] sample:		1242.29 time, 1250.01 real, 53 MB, 56.13 load
[runlim] sample:		1252.23 time, 1260.01 real, 53 MB, 56.11 load
[runlim] sample:		1262.18 time, 1270.01 real, 53 MB, 56.17 load
[runlim] sample:		1272.12 time, 1280.01 real, 53 MB, 56.14 load
[runlim] sample:		1282.06 time, 1290.01 real, 53 MB, 56.12 load
[runlim] sample:		1292.00 time, 1300.01 real, 53 MB, 56.10 load
[runlim] sample:		1301.94 time, 1310.01 real, 53 MB, 56.09 load
[runlim] sample:		1311.88 time, 1320.01 real, 53 MB, 56.15 load
[runlim] sample:		1321.83 time, 1330.01 real, 53 MB, 56.21 load
[runlim] sample:		1331.77 time, 1340.01 real, 53 MB, 56.18 load
[runlim] sample:		1341.71 time, 1350.01 real, 53 MB, 56.15 load
[runlim] sample:		1351.66 time, 1360.01 real, 53 MB, 56.05 load
[runlim] sample:		1361.60 time, 1370.01 real, 53 MB, 55.88 load
[runlim] sample:		1371.54 time, 1380.01 real, 53 MB, 55.75 load
[runlim] sample:		1381.49 time, 1390.01 real, 53 MB, 55.71 load
[runlim] sample:		1391.43 time, 1400.01 real, 53 MB, 55.60 load
[runlim] sample:		1401.37 time, 1410.01 real, 53 MB, 55.58 load
[runlim] sample:		1411.31 time, 1420.01 real, 53 MB, 55.57 load
[runlim] sample:		1421.25 time, 1430.01 real, 53 MB, 55.48 load
[runlim] sample:		1431.20 time, 1440.01 real, 53 MB, 55.41 load
[runlim] sample:		1441.14 time, 1450.01 real, 53 MB, 55.42 load
[runlim] sample:		1451.08 time, 1460.01 real, 53 MB, 55.36 load
[runlim] sample:		1461.03 time, 1470.01 real, 53 MB, 55.30 load
[runlim] sample:		1470.97 time, 1480.01 real, 53 MB, 55.26 load
[runlim] sample:		1480.91 time, 1490.01 real, 53 MB, 55.29 load
[runlim] sample:		1490.85 time, 1500.01 real, 53 MB, 55.25 load
[runlim] sample:		1500.79 time, 1510.01 real, 53 MB, 55.21 load
[runlim] sample:		1510.73 time, 1520.01 real, 53 MB, 55.17 load
[runlim] sample:		1520.67 time, 1530.01 real, 53 MB, 55.23 load
[runlim] sample:		1530.62 time, 1540.01 real, 53 MB, 55.19 load
[runlim] sample:		1540.56 time, 1550.01 real, 53 MB, 55.16 load
[runlim] sample:		1550.50 time, 1560.01 real, 53 MB, 55.14 load
[runlim] sample:		1560.45 time, 1570.01 real, 53 MB, 55.20 load
[runlim] sample:		1570.39 time, 1580.01 real, 53 MB, 55.17 load
[runlim] sample:		1580.33 time, 1590.01 real, 53 MB, 55.30 load
[runlim] sample:		1590.28 time, 1600.01 real, 53 MB, 55.25 load
[runlim] sample:		1600.22 time, 1610.01 real, 53 MB, 55.21 load
[runlim] sample:		1610.16 time, 1620.01 real, 53 MB, 55.25 load
[runlim] sample:		1620.11 time, 1630.01 real, 53 MB, 55.36 load
[runlim] sample:		1630.05 time, 1640.01 real, 53 MB, 55.31 load
[runlim] sample:		1639.99 time, 1650.01 real, 53 MB, 55.49 load
[runlim] sample:		1649.95 time, 1660.01 real, 53 MB, 55.58 load
[runlim] sample:		1659.91 time, 1670.01 real, 53 MB, 55.49 load
[runlim] sample:		1669.87 time, 1680.01 real, 53 MB, 55.41 load
[runlim] sample:		1679.83 time, 1690.01 real, 53 MB, 55.35 load
[runlim] sample:		1689.78 time, 1700.01 real, 53 MB, 55.37 load
[runlim] sample:		1699.74 time, 1710.01 real, 53 MB, 55.31 load
[runlim] sample:		1709.68 time, 1720.01 real, 53 MB, 55.26 load
[runlim] sample:		1719.62 time, 1730.01 real, 53 MB, 55.46 load
[runlim] sample:		1729.57 time, 1740.01 real, 53 MB, 55.39 load
[runlim] sample:		1739.51 time, 1750.01 real, 53 MB, 55.41 load
[runlim] sample:		1749.45 time, 1760.01 real, 53 MB, 55.34 load
[runlim] sample:		1759.40 time, 1770.01 real, 53 MB, 55.29 load
[runlim] sample:		1769.34 time, 1780.01 real, 53 MB, 55.25 load
[runlim] sample:		1779.28 time, 1790.01 real, 53 MB, 55.29 load
[runlim] sample:		1789.23 time, 1800.01 real, 53 MB, 55.24 load
[runlim] sample:		1799.17 time, 1810.01 real, 53 MB, 55.21 load
[runlim] sample:		1809.12 time, 1820.01 real, 53 MB, 55.17 load
[runlim] sample:		1819.06 time, 1830.01 real, 53 MB, 55.15 load
[runlim] sample:		1829.00 time, 1840.01 real, 53 MB, 55.12 load
[runlim] sample:		1838.95 time, 1850.01 real, 53 MB, 55.18 load
[runlim] sample:		1848.89 time, 1860.01 real, 53 MB, 55.16 load
[runlim] sample:		1858.83 time, 1870.01 real, 53 MB, 55.13 load
[runlim] sample:		1868.78 time, 1880.01 real, 53 MB, 55.11 load
[runlim] sample:		1878.72 time, 1890.01 real, 53 MB, 55.09 load
[runlim] sample:		1888.67 time, 1900.01 real, 53 MB, 55.08 load
[runlim] sample:		1898.61 time, 1910.01 real, 53 MB, 55.30 load
[runlim] sample:		1908.55 time, 1920.01 real, 53 MB, 55.25 load
[runlim] sample:		1918.50 time, 1930.01 real, 53 MB, 55.21 load
[runlim] sample:		1928.44 time, 1940.01 real, 53 MB, 55.18 load
[runlim] sample:		1938.39 time, 1950.01 real, 53 MB, 55.15 load
[runlim] sample:		1948.33 time, 1960.01 real, 53 MB, 55.13 load
[runlim] sample:		1958.27 time, 1970.01 real, 53 MB, 55.19 load
[runlim] sample:		1968.22 time, 1980.01 real, 53 MB, 55.08 load
[runlim] sample:		1978.17 time, 1990.01 real, 53 MB, 54.91 load
[runlim] sample:		1988.11 time, 2000.01 real, 53 MB, 54.77 load
[runlim] sample:		1998.06 time, 2010.01 real, 53 MB, 54.65 load
[runlim] sample:		2008.00 time, 2020.01 real, 53 MB, 54.55 load
[runlim] sample:		2017.95 time, 2030.01 real, 53 MB, 54.55 load
[runlim] sample:		2027.89 time, 2040.01 real, 53 MB, 54.46 load
[runlim] sample:		2037.84 time, 2050.01 real, 53 MB, 54.39 load
[runlim] sample:		2047.78 time, 2060.01 real, 53 MB, 54.41 load
[runlim] sample:		2057.73 time, 2070.01 real, 53 MB, 54.43 load
[runlim] sample:		2067.67 time, 2080.01 real, 53 MB, 54.36 load
[runlim] sample:		2077.62 time, 2090.01 real, 53 MB, 54.47 load
[runlim] sample:		2087.56 time, 2100.01 real, 53 MB, 54.39 load
[runlim] sample:		2097.51 time, 2110.01 real, 53 MB, 54.33 load
[runlim] sample:		2107.45 time, 2120.01 real, 53 MB, 54.28 load
[runlim] sample:		2117.39 time, 2130.01 real, 53 MB, 54.24 load
[runlim] sample:		2127.34 time, 2140.01 real, 53 MB, 54.20 load
[runlim] sample:		2137.28 time, 2150.01 real, 53 MB, 54.25 load
[runlim] sample:		2147.23 time, 2160.01 real, 53 MB, 54.21 load
[runlim] sample:		2157.17 time, 2170.01 real, 53 MB, 54.18 load
[runlim] sample:		2167.12 time, 2180.01 real, 53 MB, 54.15 load
[runlim] sample:		2177.06 time, 2190.01 real, 53 MB, 54.13 load
[runlim] sample:		2187.00 time, 2200.01 real, 53 MB, 54.11 load
[runlim] sample:		2196.95 time, 2210.01 real, 53 MB, 54.25 load
[runlim] sample:		2206.89 time, 2220.01 real, 53 MB, 54.21 load
[runlim] sample:		2216.84 time, 2230.01 real, 53 MB, 54.17 load
[runlim] sample:		2226.78 time, 2240.01 real, 53 MB, 54.15 load
[runlim] sample:		2236.73 time, 2250.01 real, 53 MB, 54.28 load
[runlim] sample:		2246.67 time, 2260.01 real, 53 MB, 54.24 load
[runlim] sample:		2256.62 time, 2270.01 real, 53 MB, 54.28 load
[runlim] sample:		2266.56 time, 2280.01 real, 53 MB, 54.24 load
[runlim] sample:		2276.50 time, 2290.01 real, 53 MB, 54.20 load
[runlim] sample:		2286.45 time, 2300.01 real, 53 MB, 54.17 load
[runlim] sample:		2296.39 time, 2310.01 real, 53 MB, 54.22 load
[runlim] sample:		2306.34 time, 2320.01 real, 53 MB, 54.19 load
[runlim] sample:		2316.28 time, 2330.01 real, 53 MB, 54.24 load
[runlim] sample:		2326.22 time, 2340.01 real, 53 MB, 54.28 load
[runlim] sample:		2336.17 time, 2350.01 real, 53 MB, 54.31 load
[runlim] sample:		2346.11 time, 2360.01 real, 53 MB, 54.27 load
[runlim] sample:		2356.05 time, 2370.01 real, 53 MB, 54.22 load
[runlim] sample:		2366.00 time, 2380.01 real, 53 MB, 54.19 load
[runlim] sample:		2375.94 time, 2390.01 real, 53 MB, 54.24 load
[runlim] sample:		2385.88 time, 2400.01 real, 53 MB, 54.20 load
[runlim] sample:		2395.83 time, 2410.01 real, 53 MB, 54.25 load
[runlim] sample:		2405.77 time, 2420.01 real, 53 MB, 54.21 load
[runlim] sample:		2415.71 time, 2430.01 real, 53 MB, 54.25 load
[runlim] sample:		2425.65 time, 2440.01 real, 53 MB, 54.21 load
[runlim] sample:		2435.60 time, 2450.01 real, 53 MB, 54.26 load
[runlim] sample:		2445.54 time, 2460.01 real, 53 MB, 54.22 load
[runlim] sample:		2455.48 time, 2470.01 real, 53 MB, 54.03 load
[runlim] sample:		2465.43 time, 2480.01 real, 53 MB, 53.87 load
[runlim] sample:		2475.37 time, 2490.01 real, 53 MB, 53.81 load
[runlim] sample:		2485.32 time, 2500.01 real, 53 MB, 53.84 load
[runlim] sample:		2495.26 time, 2510.01 real, 53 MB, 53.79 load
[runlim] sample:		2505.21 time, 2520.01 real, 53 MB, 53.67 load
[runlim] sample:		2515.15 time, 2530.01 real, 53 MB, 53.57 load
[runlim] sample:		2525.10 time, 2540.01 real, 53 MB, 53.48 load
[runlim] sample:		2535.04 time, 2550.01 real, 53 MB, 53.40 load
[runlim] sample:		2544.99 time, 2560.01 real, 53 MB, 53.34 load
[runlim] sample:		2554.93 time, 2570.01 real, 53 MB, 53.37 load
[runlim] sample:		2564.88 time, 2580.01 real, 53 MB, 53.31 load
[runlim] sample:		2574.82 time, 2590.01 real, 53 MB, 53.26 load
[runlim] sample:		2584.77 time, 2600.01 real, 53 MB, 53.22 load
[runlim] sample:		2594.71 time, 2610.01 real, 53 MB, 53.19 load
[runlim] sample:		2604.66 time, 2620.01 real, 53 MB, 53.16 load
[runlim] sample:		2614.60 time, 2630.01 real, 53 MB, 53.21 load
[runlim] sample:		2624.54 time, 2640.01 real, 53 MB, 53.18 load
[runlim] sample:		2634.49 time, 2650.01 real, 53 MB, 53.15 load
[runlim] sample:		2644.43 time, 2660.01 real, 53 MB, 53.13 load
[runlim] sample:		2654.38 time, 2670.01 real, 53 MB, 53.11 load
[runlim] sample:		2664.32 time, 2680.01 real, 53 MB, 53.09 load
[runlim] sample:		2674.27 time, 2690.01 real, 53 MB, 53.16 load
[runlim] sample:		2684.21 time, 2700.01 real, 53 MB, 53.13 load
[runlim] sample:		2694.16 time, 2710.01 real, 53 MB, 53.11 load
[runlim] sample:		2704.10 time, 2720.01 real, 53 MB, 53.09 load
[runlim] sample:		2714.05 time, 2730.01 real, 53 MB, 53.08 load
[runlim] sample:		2723.99 time, 2740.01 real, 53 MB, 53.07 load
[runlim] sample:		2733.94 time, 2750.01 real, 53 MB, 53.14 load
[runlim] sample:		2743.88 time, 2760.01 real, 53 MB, 53.12 load
[runlim] sample:		2753.83 time, 2770.01 real, 53 MB, 53.10 load
[runlim] sample:		2763.77 time, 2780.01 real, 53 MB, 53.08 load
[runlim] sample:		2773.72 time, 2790.01 real, 53 MB, 53.07 load
[runlim] sample:		2783.66 time, 2800.01 real, 53 MB, 53.21 load
[runlim] sample:		2793.61 time, 2810.01 real, 53 MB, 53.18 load
[runlim] sample:		2803.55 time, 2820.01 real, 53 MB, 53.15 load
[runlim] sample:		2813.50 time, 2830.01 real, 53 MB, 53.21 load
[runlim] sample:		2823.44 time, 2840.01 real, 53 MB, 53.18 load
[runlim] sample:		2833.39 time, 2850.01 real, 53 MB, 53.15 load
[runlim] sample:		2843.33 time, 2860.01 real, 53 MB, 53.12 load
[runlim] sample:		2853.28 time, 2870.01 real, 53 MB, 53.11 load
[runlim] sample:		2863.22 time, 2880.01 real, 53 MB, 53.09 load
[runlim] sample:		2873.17 time, 2890.01 real, 53 MB, 53.16 load
[runlim] sample:		2883.11 time, 2900.01 real, 53 MB, 53.13 load
[runlim] sample:		2893.06 time, 2910.01 real, 53 MB, 53.18 load
[runlim] sample:		2903.00 time, 2920.01 real, 53 MB, 53.24 load
[runlim] sample:		2912.95 time, 2930.01 real, 53 MB, 53.20 load
[runlim] sample:		2922.89 time, 2940.01 real, 53 MB, 53.17 load
[runlim] sample:		2932.83 time, 2950.01 real, 53 MB, 53.22 load
[runlim] sample:		2942.78 time, 2960.01 real, 53 MB, 53.35 load
[runlim] sample:		2952.72 time, 2970.01 real, 53 MB, 53.44 load
[runlim] sample:		2962.67 time, 2980.01 real, 53 MB, 53.37 load
[runlim] sample:		2972.61 time, 2990.01 real, 53 MB, 53.32 load
[runlim] sample:		2982.56 time, 3000.01 real, 53 MB, 53.27 load
[runlim] sample:		2992.50 time, 3010.01 real, 53 MB, 53.31 load
[runlim] sample:		3002.45 time, 3020.01 real, 53 MB, 53.26 load
[runlim] sample:		3012.39 time, 3030.01 real, 53 MB, 53.22 load
[runlim] sample:		3022.33 time, 3040.01 real, 53 MB, 53.18 load
[runlim] sample:		3032.28 time, 3050.01 real, 53 MB, 53.16 load
[runlim] sample:		3042.22 time, 3060.01 real, 53 MB, 53.13 load
[runlim] sample:		3052.16 time, 3070.01 real, 53 MB, 53.19 load
[runlim] sample:		3062.11 time, 3080.01 real, 53 MB, 53.24 load
[runlim] sample:		3072.05 time, 3090.01 real, 53 MB, 53.27 load
[runlim] sample:		3082.00 time, 3100.01 real, 53 MB, 53.23 load
[runlim] sample:		3091.94 time, 3110.01 real, 53 MB, 53.19 load
[runlim] sample:		3101.88 time, 3120.01 real, 53 MB, 53.16 load
[runlim] sample:		3111.83 time, 3130.01 real, 53 MB, 53.22 load
[runlim] sample:		3121.77 time, 3140.01 real, 53 MB, 53.18 load
[runlim] sample:		3131.71 time, 3150.01 real, 53 MB, 53.16 load
[runlim] sample:		3141.66 time, 3160.01 real, 53 MB, 53.13 load
[runlim] sample:		3151.60 time, 3170.01 real, 53 MB, 53.11 load
[runlim] sample:		3161.54 time, 3180.01 real, 53 MB, 53.09 load
[runlim] sample:		3171.49 time, 3190.01 real, 53 MB, 53.16 load
[runlim] sample:		3181.43 time, 3200.01 real, 53 MB, 53.21 load
[runlim] sample:		3191.37 time, 3210.01 real, 53 MB, 53.18 load
[runlim] sample:		3201.31 time, 3220.01 real, 53 MB, 53.15 load
[runlim] sample:		3211.26 time, 3230.01 real, 53 MB, 53.12 load
[runlim] sample:		3221.20 time, 3240.01 real, 53 MB, 53.19 load
[runlim] sample:		3231.14 time, 3250.01 real, 53 MB, 53.16 load
[runlim] sample:		3241.08 time, 3260.01 real, 53 MB, 53.21 load
[runlim] sample:		3251.03 time, 3270.01 real, 53 MB, 53.18 load
[runlim] sample:		3260.97 time, 3280.01 real, 53 MB, 53.15 load
[runlim] sample:		3270.91 time, 3290.01 real, 53 MB, 53.13 load
[runlim] sample:		3280.86 time, 3300.01 real, 53 MB, 53.18 load
[runlim] sample:		3290.80 time, 3310.01 real, 53 MB, 53.23 load
[runlim] sample:		3300.74 time, 3320.01 real, 53 MB, 53.20 load
[runlim] sample:		3310.68 time, 3330.01 real, 53 MB, 53.24 load
[runlim] sample:		3320.63 time, 3340.01 real, 53 MB, 53.36 load
[runlim] sample:		3330.57 time, 3350.01 real, 53 MB, 53.38 load
[runlim] sample:		3340.51 time, 3360.01 real, 53 MB, 53.32 load
[runlim] sample:		3350.46 time, 3370.01 real, 53 MB, 53.27 load
[runlim] sample:		3360.40 time, 3380.01 real, 53 MB, 53.30 load
[runlim] sample:		3370.34 time, 3390.01 real, 53 MB, 53.25 load
[runlim] sample:		3380.29 time, 3400.01 real, 53 MB, 53.21 load
[runlim] sample:		3390.23 time, 3410.01 real, 53 MB, 53.26 load
[runlim] sample:		3400.17 time, 3420.01 real, 53 MB, 53.22 load
[runlim] sample:		3410.12 time, 3430.01 real, 53 MB, 53.18 load
[runlim] sample:		3420.06 time, 3440.01 real, 53 MB, 53.15 load
[runlim] sample:		3430.01 time, 3450.01 real, 53 MB, 53.13 load
[runlim] sample:		3439.95 time, 3460.01 real, 53 MB, 53.26 load
[runlim] sample:		3449.89 time, 3470.01 real, 53 MB, 53.30 load
[runlim] sample:		3459.84 time, 3480.01 real, 53 MB, 53.25 load
[runlim] sample:		3469.78 time, 3490.01 real, 53 MB, 53.21 load
[runlim] sample:		3479.72 time, 3500.01 real, 53 MB, 53.18 load
[runlim] sample:		3489.67 time, 3510.01 real, 53 MB, 53.15 load
[runlim] sample:		3499.61 time, 3520.01 real, 53 MB, 53.13 load
[runlim] sample:		3509.55 time, 3530.01 real, 53 MB, 53.11 load
[runlim] sample:		3519.50 time, 3540.01 real, 53 MB, 53.17 load
[runlim] sample:		3529.44 time, 3550.01 real, 53 MB, 53.14 load
[runlim] sample:		3539.39 time, 3560.01 real, 53 MB, 53.12 load
[runlim] sample:		3549.33 time, 3570.01 real, 53 MB, 53.18 load
[runlim] sample:		3559.27 time, 3580.01 real, 53 MB, 53.15 load
[runlim] sample:		3569.22 time, 3590.01 real, 53 MB, 53.20 load
[runlim] sample:		3579.16 time, 3600.01 real, 53 MB, 53.25 load
[runlim] sample:		3589.11 time, 3610.01 real, 53 MB, 53.21 load
[runlim] sample:		3599.05 time, 3620.01 real, 53 MB, 53.18 load
[runlim] sample:		3608.99 time, 3630.01 real, 53 MB, 53.15 load
[runlim] sample:		3618.94 time, 3640.01 real, 53 MB, 53.12 load
[runlim] sample:		3628.88 time, 3650.01 real, 53 MB, 53.10 load
[runlim] sample:		3638.83 time, 3660.01 real, 53 MB, 53.09 load
[runlim] sample:		3648.77 time, 3670.01 real, 53 MB, 53.07 load
[runlim] sample:		3658.71 time, 3680.01 real, 53 MB, 53.06 load
[runlim] sample:		3668.66 time, 3690.01 real, 53 MB, 53.05 load
[runlim] sample:		3678.60 time, 3700.01 real, 53 MB, 53.12 load
[runlim] sample:		3688.54 time, 3710.01 real, 53 MB, 53.10 load
[runlim] sample:		3698.49 time, 3720.01 real, 53 MB, 53.16 load
[runlim] sample:		3708.43 time, 3730.01 real, 53 MB, 53.14 load
[runlim] sample:		3718.38 time, 3740.01 real, 53 MB, 53.12 load
[runlim] sample:		3728.32 time, 3750.01 real, 53 MB, 53.10 load
[runlim] sample:		3738.26 time, 3760.01 real, 53 MB, 53.08 load
[runlim] sample:		3748.21 time, 3770.01 real, 53 MB, 53.07 load
[runlim] sample:		3758.15 time, 3780.01 real, 53 MB, 53.06 load
[runlim] sample:		3768.09 time, 3790.01 real, 53 MB, 53.05 load
[runlim] sample:		3778.04 time, 3800.01 real, 53 MB, 53.04 load
[runlim] sample:		3787.98 time, 3810.01 real, 53 MB, 53.03 load
[runlim] sample:		3797.92 time, 3820.01 real, 53 MB, 53.03 load
[runlim] sample:		3807.87 time, 3830.01 real, 53 MB, 53.10 load
[runlim] sample:		3817.81 time, 3840.01 real, 53 MB, 53.08 load
[runlim] sample:		3827.75 time, 3850.01 real, 53 MB, 53.07 load
[runlim] sample:		3837.70 time, 3860.01 real, 53 MB, 53.06 load
[runlim] sample:		3847.64 time, 3870.01 real, 53 MB, 53.05 load
[runlim] sample:		3857.58 time, 3880.01 real, 53 MB, 53.04 load
[runlim] sample:		3867.52 time, 3890.01 real, 53 MB, 53.03 load
[runlim] sample:		3877.47 time, 3900.01 real, 53 MB, 53.03 load
[runlim] sample:		3887.41 time, 3910.01 real, 53 MB, 53.02 load
[runlim] sample:		3897.35 time, 3920.01 real, 53 MB, 53.02 load
[runlim] sample:		3907.30 time, 3930.01 real, 53 MB, 53.02 load
[runlim] sample:		3917.24 time, 3940.01 real, 53 MB, 53.01 load
[runlim] sample:		3927.18 time, 3950.01 real, 53 MB, 53.09 load
[runlim] sample:		3937.12 time, 3960.01 real, 53 MB, 53.08 load
[runlim] sample:		3947.07 time, 3970.01 real, 53 MB, 53.06 load
[runlim] sample:		3957.01 time, 3980.01 real, 53 MB, 53.05 load
[runlim] sample:		3966.95 time, 3990.01 real, 53 MB, 53.05 load
[runlim] sample:		3976.90 time, 4000.01 real, 53 MB, 53.04 load
[runlim] sample:		3986.84 time, 4010.01 real, 53 MB, 53.03 load
[runlim] sample:		3996.78 time, 4020.01 real, 53 MB, 53.03 load
[runlim] sample:		4006.73 time, 4030.01 real, 53 MB, 53.02 load
[runlim] sample:		4016.67 time, 4040.01 real, 53 MB, 53.10 load
[runlim] sample:		4026.61 time, 4050.01 real, 53 MB, 53.08 load
[runlim] sample:		4036.55 time, 4060.01 real, 53 MB, 53.15 load
[runlim] sample:		4046.50 time, 4070.01 real, 53 MB, 53.29 load
[runlim] sample:		4056.44 time, 4080.01 real, 53 MB, 53.24 load
[runlim] sample:		4066.39 time, 4090.01 real, 53 MB, 53.20 load
[runlim] sample:		4076.33 time, 4100.01 real, 53 MB, 53.25 load
[runlim] sample:		4086.28 time, 4110.01 real, 53 MB, 53.21 load
[runlim] sample:		4096.22 time, 4120.01 real, 53 MB, 53.25 load
[runlim] sample:		4106.17 time, 4130.01 real, 53 MB, 53.37 load
[runlim] sample:		4116.11 time, 4140.01 real, 53 MB, 53.31 load
[runlim] sample:		4126.06 time, 4150.01 real, 53 MB, 53.27 load
[runlim] sample:		4136.00 time, 4160.01 real, 53 MB, 53.30 load
[runlim] sample:		4145.94 time, 4170.01 real, 53 MB, 53.33 load
[runlim] sample:		4155.89 time, 4180.01 real, 53 MB, 53.28 load
[runlim] sample:		4165.83 time, 4190.01 real, 53 MB, 53.32 load
[runlim] sample:		4175.78 time, 4200.01 real, 53 MB, 53.27 load
[runlim] sample:		4185.72 time, 4210.01 real, 53 MB, 53.31 load
[runlim] sample:		4195.67 time, 4220.01 real, 53 MB, 53.26 load
[runlim] sample:		4205.61 time, 4230.01 real, 53 MB, 53.30 load
[runlim] sample:		4215.55 time, 4240.01 real, 53 MB, 53.25 load
[runlim] sample:		4225.49 time, 4250.01 real, 53 MB, 53.21 load
[runlim] sample:		4235.43 time, 4260.01 real, 53 MB, 53.25 load
[runlim] sample:		4245.38 time, 4270.01 real, 53 MB, 53.21 load
[runlim] sample:		4255.32 time, 4280.01 real, 53 MB, 53.18 load
[runlim] sample:		4265.26 time, 4290.01 real, 53 MB, 53.23 load
[runlim] sample:		4275.21 time, 4300.01 real, 53 MB, 53.20 load
[runlim] sample:		4285.15 time, 4310.01 real, 53 MB, 53.17 load
[runlim] sample:		4295.09 time, 4320.01 real, 53 MB, 53.14 load
[runlim] sample:		4305.04 time, 4330.01 real, 53 MB, 53.20 load
[runlim] sample:		4314.98 time, 4340.01 real, 53 MB, 53.25 load
[runlim] sample:		4324.93 time, 4350.01 real, 53 MB, 53.28 load
[runlim] sample:		4334.87 time, 4360.01 real, 53 MB, 53.24 load
[runlim] sample:		4344.81 time, 4370.01 real, 53 MB, 53.20 load
[runlim] sample:		4354.75 time, 4380.01 real, 53 MB, 53.25 load
[runlim] sample:		4364.70 time, 4390.01 real, 53 MB, 53.21 load
[runlim] sample:		4374.64 time, 4400.01 real, 53 MB, 53.26 load
[runlim] sample:		4384.58 time, 4410.01 real, 53 MB, 53.37 load
[runlim] sample:		4394.53 time, 4420.01 real, 53 MB, 53.39 load
[runlim] sample:		4404.47 time, 4430.01 real, 53 MB, 53.33 load
[runlim] sample:		4414.42 time, 4440.01 real, 53 MB, 53.28 load
[runlim] sample:		4424.36 time, 4450.01 real, 53 MB, 53.40 load
[runlim] sample:		4434.30 time, 4460.01 real, 53 MB, 53.33 load
[runlim] sample:		4444.24 time, 4470.01 real, 53 MB, 53.36 load
[runlim] sample:		4454.19 time, 4480.01 real, 53 MB, 53.31 load
[runlim] sample:		4464.13 time, 4490.01 real, 53 MB, 53.34 load
[runlim] sample:		4474.08 time, 4500.01 real, 53 MB, 53.29 load
[runlim] sample:		4484.02 time, 4510.01 real, 53 MB, 53.32 load
[runlim] sample:		4493.96 time, 4520.01 real, 53 MB, 53.27 load
[runlim] sample:		4503.91 time, 4530.01 real, 53 MB, 53.23 load
[runlim] sample:		4513.85 time, 4540.01 real, 53 MB, 53.19 load
[runlim] sample:		4523.79 time, 4550.01 real, 53 MB, 53.16 load
[runlim] sample:		4533.74 time, 4560.01 real, 53 MB, 53.14 load
[runlim] sample:		4543.68 time, 4570.01 real, 53 MB, 53.12 load
[runlim] sample:		4553.62 time, 4580.01 real, 53 MB, 53.10 load
[runlim] sample:		4563.57 time, 4590.01 real, 53 MB, 53.08 load
[runlim] sample:		4573.51 time, 4600.01 real, 53 MB, 53.07 load
[runlim] sample:		4583.45 time, 4610.01 real, 53 MB, 53.06 load
[runlim] sample:		4593.39 time, 4620.01 real, 53 MB, 53.05 load
[runlim] sample:		4603.34 time, 4630.01 real, 53 MB, 53.12 load
[runlim] sample:		4613.28 time, 4640.01 real, 53 MB, 53.10 load
[runlim] sample:		4623.23 time, 4650.01 real, 53 MB, 53.09 load
[runlim] sample:		4633.17 time, 4660.01 real, 53 MB, 53.07 load
[runlim] sample:		4643.11 time, 4670.01 real, 53 MB, 53.06 load
[runlim] sample:		4653.06 time, 4680.01 real, 53 MB, 53.05 load
[runlim] sample:		4663.00 time, 4690.01 real, 53 MB, 53.04 load
[runlim] sample:		4672.94 time, 4700.01 real, 53 MB, 53.04 load
[runlim] sample:		4682.89 time, 4710.01 real, 53 MB, 53.18 load
[runlim] sample:		4692.83 time, 4720.01 real, 53 MB, 53.16 load
[runlim] sample:		4702.78 time, 4730.01 real, 53 MB, 53.29 load
[runlim] sample:		4712.72 time, 4740.01 real, 53 MB, 53.25 load
[runlim] sample:		4722.67 time, 4750.01 real, 53 MB, 53.36 load
[runlim] sample:		4732.61 time, 4760.01 real, 53 MB, 53.39 load
[runlim] sample:		4742.55 time, 4770.01 real, 53 MB, 53.41 load
[runlim] sample:		4752.49 time, 4780.01 real, 53 MB, 53.34 load
[runlim] sample:		4762.44 time, 4790.01 real, 53 MB, 53.29 load
[runlim] sample:		4772.38 time, 4800.01 real, 53 MB, 53.32 load
[runlim] sample:		4782.32 time, 4810.01 real, 53 MB, 53.27 load
[runlim] sample:		4792.27 time, 4820.01 real, 53 MB, 53.23 load
[runlim] sample:		4802.21 time, 4830.01 real, 53 MB, 53.19 load
[runlim] sample:		4812.15 time, 4840.01 real, 53 MB, 53.16 load
[runlim] sample:		4822.10 time, 4850.01 real, 53 MB, 53.14 load
[runlim] sample:		4832.04 time, 4860.01 real, 53 MB, 53.12 load
[runlim] sample:		4841.99 time, 4870.01 real, 53 MB, 53.10 load
[runlim] sample:		4851.93 time, 4880.01 real, 53 MB, 53.08 load
[runlim] sample:		4861.87 time, 4890.01 real, 53 MB, 53.07 load
[runlim] sample:		4871.81 time, 4900.01 real, 53 MB, 53.22 load
[runlim] sample:		4881.75 time, 4910.01 real, 53 MB, 53.26 load
[runlim] sample:		4891.70 time, 4920.01 real, 53 MB, 53.30 load
[runlim] sample:		4901.64 time, 4930.01 real, 53 MB, 53.25 load
[runlim] sample:		4911.58 time, 4940.01 real, 53 MB, 53.21 load
[runlim] sample:		4921.52 time, 4950.01 real, 53 MB, 53.25 load
[runlim] sample:		4931.46 time, 4960.01 real, 53 MB, 52.28 load
[runlim] sample:		4941.41 time, 4970.01 real, 53 MB, 50.54 load
[runlim] sample:		4951.35 time, 4980.01 real, 53 MB, 47.83 load
[runlim] sample:		4961.29 time, 4990.01 real, 53 MB, 44.39 load
[runlim] sample:		4971.24 time, 5000.01 real, 53 MB, 40.39 load
[runlim] end:			Wed Apr 15 15:43:52 2026
[runlim] status:		out of time
[runlim] result:		2
[runlim] children:		1
[runlim] processes:		2
[runlim] real:			5000.05 seconds
[runlim] time:			4971.24 seconds
[runlim] space:			53 MB
[runlim] load:			56.84 maximum
[runlim] samples:		50000
