[runlim] version:		2.0.0rc1
[runlim] host:			p03n11
[runlim] time limit:		311040000 seconds
[runlim] real time limit:	5000 seconds
[runlim] space limit:		7000 MB
[runlim] argv[0]:		./binary
[runlim] argv[1]:		-c
[runlim] argv[2]:		/tmp/local-unzipped-12519486-1-45-mc2025_track1_199.cnf
[runlim] start:			Wed Apr 15 14:20:24 2026
[runlim] child:			68842
[runlim] sample:		9.93 time, 10.01 real, 1374 MB, 20.46 load
[runlim] sample:		19.86 time, 20.01 real, 1374 MB, 26.48 load
[runlim] sample:		29.78 time, 30.01 real, 1374 MB, 32.18 load
[runlim] sample:		39.70 time, 40.01 real, 1374 MB, 36.99 load
[runlim] sample:		49.63 time, 50.01 real, 1374 MB, 40.99 load
[runlim] sample:		59.55 time, 60.01 real, 1374 MB, 44.21 load
[runlim] sample:		69.49 time, 70.01 real, 1374 MB, 46.64 load
[runlim] sample:		79.42 time, 80.01 real, 1374 MB, 48.69 load
[runlim] sample:		89.36 time, 90.01 real, 1374 MB, 50.50 load
[runlim] sample:		99.29 time, 100.01 real, 1374 MB, 51.96 load
[runlim] sample:		109.22 time, 110.01 real, 1374 MB, 52.97 load
[runlim] sample:		119.16 time, 120.01 real, 1374 MB, 53.74 load
[runlim] sample:		129.10 time, 130.01 real, 1374 MB, 54.24 load
[runlim] sample:		139.03 time, 140.01 real, 1374 MB, 54.67 load
[runlim] sample:		148.96 time, 150.01 real, 1374 MB, 55.03 load
[runlim] sample:		158.89 time, 160.01 real, 1374 MB, 55.57 load
[runlim] sample:		168.83 time, 170.01 real, 1374 MB, 55.79 load
[runlim] sample:		178.76 time, 180.01 real, 1374 MB, 55.98 load
[runlim] sample:		188.70 time, 190.01 real, 1374 MB, 56.13 load
[runlim] sample:		198.64 time, 200.01 real, 1374 MB, 56.27 load
[runlim] sample:		208.58 time, 210.01 real, 1374 MB, 56.38 load
[runlim] sample:		218.51 time, 220.01 real, 1374 MB, 56.48 load
[runlim] sample:		228.45 time, 230.01 real, 1374 MB, 56.56 load
[runlim] sample:		238.39 time, 240.01 real, 1374 MB, 56.63 load
[runlim] sample:		248.32 time, 250.01 real, 1374 MB, 56.68 load
[runlim] sample:		258.25 time, 260.01 real, 1374 MB, 56.65 load
[runlim] sample:		268.19 time, 270.01 real, 1374 MB, 56.77 load
[runlim] sample:		278.12 time, 280.01 real, 1374 MB, 56.65 load
[runlim] sample:		288.05 time, 290.01 real, 1374 MB, 56.55 load
[runlim] sample:		298.00 time, 300.01 real, 1374 MB, 56.47 load
[runlim] sample:		307.93 time, 310.01 real, 1374 MB, 56.39 load
[runlim] sample:		317.86 time, 320.01 real, 1374 MB, 56.33 load
[runlim] sample:		327.80 time, 330.01 real, 1374 MB, 56.28 load
[runlim] sample:		337.73 time, 340.01 real, 1374 MB, 56.24 load
[runlim] sample:		347.66 time, 350.01 real, 1374 MB, 56.27 load
[runlim] sample:		357.59 time, 360.01 real, 1374 MB, 56.23 load
[runlim] sample:		367.53 time, 370.01 real, 1374 MB, 56.20 load
[runlim] sample:		377.46 time, 380.01 real, 1374 MB, 56.16 load
[runlim] sample:		387.39 time, 390.01 real, 1374 MB, 56.21 load
[runlim] sample:		397.33 time, 400.01 real, 1374 MB, 56.18 load
[runlim] sample:		407.27 time, 410.01 real, 1374 MB, 56.31 load
[runlim] sample:		417.20 time, 420.01 real, 1374 MB, 56.26 load
[runlim] sample:		427.14 time, 430.01 real, 1374 MB, 56.22 load
[runlim] sample:		437.07 time, 440.01 real, 1374 MB, 56.18 load
[runlim] sample:		447.00 time, 450.01 real, 1374 MB, 56.23 load
[runlim] sample:		456.93 time, 460.01 real, 1374 MB, 56.19 load
[runlim] sample:		466.87 time, 470.01 real, 1374 MB, 56.16 load
[runlim] sample:		476.80 time, 480.01 real, 1374 MB, 56.14 load
[runlim] sample:		486.73 time, 490.01 real, 1374 MB, 56.20 load
[runlim] sample:		496.67 time, 500.01 real, 1374 MB, 56.17 load
[runlim] sample:		506.61 time, 510.01 real, 1374 MB, 56.14 load
[runlim] sample:		516.54 time, 520.01 real, 1374 MB, 56.12 load
[runlim] sample:		526.47 time, 530.01 real, 1374 MB, 56.10 load
[runlim] sample:		536.41 time, 540.01 real, 1374 MB, 56.08 load
[runlim] sample:		546.34 time, 550.01 real, 1374 MB, 56.15 load
[runlim] sample:		556.27 time, 560.01 real, 1374 MB, 56.13 load
[runlim] sample:		566.20 time, 570.01 real, 1374 MB, 56.18 load
[runlim] sample:		576.13 time, 580.01 real, 1374 MB, 56.30 load
[runlim] sample:		586.07 time, 590.01 real, 1374 MB, 56.25 load
[runlim] sample:		596.01 time, 600.01 real, 1374 MB, 56.30 load
[runlim] sample:		605.94 time, 610.01 real, 1374 MB, 56.32 load
[runlim] sample:		615.87 time, 620.01 real, 1374 MB, 56.27 load
[runlim] sample:		625.80 time, 630.01 real, 1374 MB, 56.31 load
[runlim] sample:		635.73 time, 640.01 real, 1374 MB, 56.26 load
[runlim] sample:		645.66 time, 650.01 real, 1374 MB, 56.30 load
[runlim] sample:		655.59 time, 660.01 real, 1374 MB, 56.25 load
[runlim] sample:		665.53 time, 670.01 real, 1374 MB, 56.29 load
[runlim] sample:		675.46 time, 680.01 real, 1374 MB, 56.25 load
[runlim] sample:		685.40 time, 690.01 real, 1374 MB, 56.21 load
[runlim] sample:		695.34 time, 700.01 real, 1374 MB, 56.18 load
[runlim] sample:		705.28 time, 710.01 real, 1374 MB, 56.22 load
[runlim] sample:		715.21 time, 720.01 real, 1374 MB, 56.27 load
[runlim] sample:		725.15 time, 730.01 real, 1374 MB, 56.23 load
[runlim] sample:		735.08 time, 740.01 real, 1374 MB, 56.19 load
[runlim] sample:		745.02 time, 750.01 real, 1374 MB, 56.24 load
[runlim] sample:		754.95 time, 760.01 real, 1374 MB, 56.20 load
[runlim] sample:		764.89 time, 770.01 real, 1374 MB, 56.25 load
[runlim] sample:		774.83 time, 780.01 real, 1374 MB, 56.21 load
[runlim] sample:		784.76 time, 790.01 real, 1374 MB, 56.18 load
[runlim] sample:		794.71 time, 800.01 real, 1374 MB, 56.15 load
[runlim] sample:		804.64 time, 810.01 real, 1374 MB, 56.13 load
[runlim] sample:		814.57 time, 820.01 real, 1374 MB, 56.27 load
[runlim] sample:		824.51 time, 830.01 real, 1374 MB, 56.23 load
[runlim] sample:		834.45 time, 840.01 real, 1374 MB, 56.19 load
[runlim] sample:		844.38 time, 850.01 real, 1374 MB, 56.16 load
[runlim] sample:		854.31 time, 860.01 real, 1374 MB, 56.14 load
[runlim] sample:		864.25 time, 870.01 real, 1374 MB, 56.11 load
[runlim] sample:		874.18 time, 880.01 real, 1374 MB, 56.10 load
[runlim] sample:		884.12 time, 890.01 real, 1374 MB, 56.08 load
[runlim] sample:		894.06 time, 900.01 real, 1374 MB, 56.07 load
[runlim] sample:		904.00 time, 910.01 real, 1374 MB, 56.14 load
[runlim] sample:		913.93 time, 920.01 real, 1374 MB, 56.12 load
[runlim] sample:		923.87 time, 930.01 real, 1374 MB, 56.18 load
[runlim] sample:		933.80 time, 940.01 real, 1374 MB, 56.30 load
[runlim] sample:		943.73 time, 950.01 real, 1374 MB, 56.25 load
[runlim] sample:		953.65 time, 960.01 real, 1374 MB, 56.21 load
[runlim] sample:		963.58 time, 970.01 real, 1374 MB, 56.18 load
[runlim] sample:		973.52 time, 980.01 real, 1374 MB, 56.15 load
[runlim] sample:		983.45 time, 990.01 real, 1374 MB, 56.21 load
[runlim] sample:		993.38 time, 1000.01 real, 1374 MB, 56.25 load
[runlim] sample:		1003.32 time, 1010.01 real, 1374 MB, 56.21 load
[runlim] sample:		1013.26 time, 1020.01 real, 1374 MB, 56.18 load
[runlim] sample:		1023.19 time, 1030.01 real, 1374 MB, 56.22 load
[runlim] sample:		1033.13 time, 1040.01 real, 1374 MB, 56.19 load
[runlim] sample:		1043.07 time, 1050.01 real, 1374 MB, 56.16 load
[runlim] sample:		1053.01 time, 1060.01 real, 1374 MB, 56.21 load
[runlim] sample:		1062.94 time, 1070.01 real, 1374 MB, 56.18 load
[runlim] sample:		1072.88 time, 1080.01 real, 1374 MB, 56.15 load
[runlim] sample:		1082.82 time, 1090.01 real, 1374 MB, 56.13 load
[runlim] sample:		1092.76 time, 1100.01 real, 1374 MB, 56.11 load
[runlim] sample:		1102.70 time, 1110.01 real, 1374 MB, 56.09 load
[runlim] sample:		1112.64 time, 1120.01 real, 1374 MB, 56.08 load
[runlim] sample:		1122.58 time, 1130.01 real, 1374 MB, 56.06 load
[runlim] sample:		1132.52 time, 1140.01 real, 1374 MB, 56.13 load
[runlim] sample:		1142.45 time, 1150.01 real, 1374 MB, 56.11 load
[runlim] sample:		1152.39 time, 1160.01 real, 1374 MB, 56.09 load
[runlim] sample:		1162.33 time, 1170.01 real, 1374 MB, 56.08 load
[runlim] sample:		1172.26 time, 1180.01 real, 1374 MB, 56.06 load
[runlim] sample:		1182.20 time, 1190.01 real, 1374 MB, 56.05 load
[runlim] sample:		1192.14 time, 1200.01 real, 1374 MB, 56.12 load
[runlim] sample:		1202.08 time, 1210.01 real, 1374 MB, 56.10 load
[runlim] sample:		1212.02 time, 1220.01 real, 1374 MB, 56.08 load
[runlim] sample:		1221.96 time, 1230.01 real, 1374 MB, 56.07 load
[runlim] sample:		1231.90 time, 1240.01 real, 1374 MB, 56.06 load
[runlim] sample:		1241.83 time, 1250.01 real, 1374 MB, 56.05 load
[runlim] sample:		1251.77 time, 1260.01 real, 1374 MB, 56.12 load
[runlim] sample:		1261.71 time, 1270.01 real, 1374 MB, 56.10 load
[runlim] sample:		1271.64 time, 1280.01 real, 1374 MB, 56.16 load
[runlim] sample:		1281.58 time, 1290.01 real, 1374 MB, 56.13 load
[runlim] sample:		1291.51 time, 1300.01 real, 1374 MB, 56.11 load
[runlim] sample:		1301.45 time, 1310.01 real, 1374 MB, 56.09 load
[runlim] sample:		1311.39 time, 1320.01 real, 1374 MB, 56.08 load
[runlim] sample:		1321.32 time, 1330.01 real, 1374 MB, 56.14 load
[runlim] sample:		1331.26 time, 1340.01 real, 1374 MB, 56.19 load
[runlim] sample:		1341.20 time, 1350.01 real, 1374 MB, 56.16 load
[runlim] sample:		1351.13 time, 1360.01 real, 1374 MB, 56.14 load
[runlim] sample:		1361.06 time, 1370.01 real, 1374 MB, 55.96 load
[runlim] sample:		1371.00 time, 1380.01 real, 1374 MB, 55.81 load
[runlim] sample:		1380.94 time, 1390.01 real, 1374 MB, 55.69 load
[runlim] sample:		1390.87 time, 1400.01 real, 1374 MB, 55.66 load
[runlim] sample:		1400.82 time, 1410.01 real, 1374 MB, 55.64 load
[runlim] sample:		1410.75 time, 1420.01 real, 1374 MB, 55.62 load
[runlim] sample:		1420.68 time, 1430.01 real, 1374 MB, 55.52 load
[runlim] sample:		1430.62 time, 1440.01 real, 1374 MB, 55.44 load
[runlim] sample:		1440.56 time, 1450.01 real, 1374 MB, 55.37 load
[runlim] sample:		1450.49 time, 1460.01 real, 1374 MB, 55.39 load
[runlim] sample:		1460.43 time, 1470.01 real, 1374 MB, 55.33 load
[runlim] sample:		1470.36 time, 1480.01 real, 1374 MB, 55.28 load
[runlim] sample:		1480.30 time, 1490.01 real, 1374 MB, 55.32 load
[runlim] sample:		1490.23 time, 1500.01 real, 1374 MB, 55.27 load
[runlim] sample:		1500.17 time, 1510.01 real, 1374 MB, 55.23 load
[runlim] sample:		1510.11 time, 1520.01 real, 1374 MB, 55.19 load
[runlim] sample:		1520.04 time, 1530.01 real, 1374 MB, 55.16 load
[runlim] sample:		1529.98 time, 1540.01 real, 1374 MB, 55.21 load
[runlim] sample:		1539.92 time, 1550.01 real, 1374 MB, 55.18 load
[runlim] sample:		1549.85 time, 1560.01 real, 1374 MB, 55.15 load
[runlim] sample:		1559.79 time, 1570.01 real, 1374 MB, 55.13 load
[runlim] sample:		1569.72 time, 1580.01 real, 1374 MB, 55.18 load
[runlim] sample:		1579.66 time, 1590.01 real, 1374 MB, 55.15 load
[runlim] sample:		1589.60 time, 1600.01 real, 1374 MB, 55.28 load
[runlim] sample:		1599.55 time, 1610.01 real, 1374 MB, 55.23 load
[runlim] sample:		1609.49 time, 1620.01 real, 1374 MB, 55.28 load
[runlim] sample:		1619.43 time, 1630.01 real, 1374 MB, 55.39 load
[runlim] sample:		1629.37 time, 1640.01 real, 1374 MB, 55.33 load
[runlim] sample:		1639.31 time, 1650.01 real, 1374 MB, 55.36 load
[runlim] sample:		1649.25 time, 1660.01 real, 1374 MB, 55.45 load
[runlim] sample:		1659.20 time, 1670.01 real, 1374 MB, 55.53 load
[runlim] sample:		1669.15 time, 1680.01 real, 1374 MB, 55.45 load
[runlim] sample:		1679.11 time, 1690.01 real, 1374 MB, 55.38 load
[runlim] sample:		1689.06 time, 1700.01 real, 1374 MB, 55.40 load
[runlim] sample:		1699.02 time, 1710.01 real, 1374 MB, 55.34 load
[runlim] sample:		1708.97 time, 1720.01 real, 1374 MB, 55.29 load
[runlim] sample:		1718.91 time, 1730.01 real, 1374 MB, 55.32 load
[runlim] sample:		1728.85 time, 1740.01 real, 1374 MB, 55.42 load
[runlim] sample:		1738.79 time, 1750.01 real, 1374 MB, 55.36 load
[runlim] sample:		1748.73 time, 1760.01 real, 1374 MB, 55.37 load
[runlim] sample:		1758.67 time, 1770.01 real, 1374 MB, 55.32 load
[runlim] sample:		1768.60 time, 1780.01 real, 1374 MB, 55.27 load
[runlim] sample:		1778.54 time, 1790.01 real, 1374 MB, 55.23 load
[runlim] sample:		1788.48 time, 1800.01 real, 1374 MB, 55.26 load
[runlim] sample:		1798.43 time, 1810.01 real, 1374 MB, 55.22 load
[runlim] sample:		1808.37 time, 1820.01 real, 1374 MB, 55.19 load
[runlim] sample:		1818.31 time, 1830.01 real, 1374 MB, 55.16 load
[runlim] sample:		1828.25 time, 1840.01 real, 1374 MB, 55.13 load
[runlim] sample:		1838.19 time, 1850.01 real, 1374 MB, 55.11 load
[runlim] sample:		1848.13 time, 1860.01 real, 1374 MB, 55.17 load
[runlim] sample:		1858.07 time, 1870.01 real, 1374 MB, 55.14 load
[runlim] sample:		1868.01 time, 1880.01 real, 1374 MB, 55.12 load
[runlim] sample:		1877.95 time, 1890.01 real, 1374 MB, 55.10 load
[runlim] sample:		1887.89 time, 1900.01 real, 1374 MB, 55.08 load
[runlim] sample:		1897.84 time, 1910.01 real, 1374 MB, 55.15 load
[runlim] sample:		1907.78 time, 1920.01 real, 1374 MB, 55.28 load
[runlim] sample:		1917.72 time, 1930.01 real, 1374 MB, 55.23 load
[runlim] sample:		1927.66 time, 1940.01 real, 1374 MB, 55.20 load
[runlim] sample:		1937.60 time, 1950.01 real, 1374 MB, 55.17 load
[runlim] sample:		1947.54 time, 1960.01 real, 1374 MB, 55.14 load
[runlim] sample:		1957.48 time, 1970.01 real, 1374 MB, 55.12 load
[runlim] sample:		1967.42 time, 1980.01 real, 1374 MB, 55.17 load
[runlim] sample:		1977.36 time, 1990.01 real, 1374 MB, 54.99 load
[runlim] sample:		1987.30 time, 2000.01 real, 1374 MB, 54.84 load
[runlim] sample:		1997.24 time, 2010.01 real, 1374 MB, 54.71 load
[runlim] sample:		2007.19 time, 2020.01 real, 1374 MB, 54.60 load
[runlim] sample:		2017.13 time, 2030.01 real, 1374 MB, 54.51 load
[runlim] sample:		2027.07 time, 2040.01 real, 1374 MB, 54.50 load
[runlim] sample:		2037.01 time, 2050.01 real, 1374 MB, 54.43 load
[runlim] sample:		2046.95 time, 2060.01 real, 1374 MB, 54.36 load
[runlim] sample:		2056.89 time, 2070.01 real, 1374 MB, 54.38 load
[runlim] sample:		2066.83 time, 2080.01 real, 1374 MB, 54.39 load
[runlim] sample:		2076.77 time, 2090.01 real, 1374 MB, 54.33 load
[runlim] sample:		2086.71 time, 2100.01 real, 1374 MB, 54.43 load
[runlim] sample:		2096.65 time, 2110.01 real, 1374 MB, 54.36 load
[runlim] sample:		2106.60 time, 2120.01 real, 1374 MB, 54.31 load
[runlim] sample:		2116.54 time, 2130.01 real, 1374 MB, 54.26 load
[runlim] sample:		2126.47 time, 2140.01 real, 1374 MB, 54.22 load
[runlim] sample:		2136.41 time, 2150.01 real, 1374 MB, 54.18 load
[runlim] sample:		2146.35 time, 2160.01 real, 1374 MB, 54.23 load
[runlim] sample:		2156.29 time, 2170.01 real, 1374 MB, 54.19 load
[runlim] sample:		2166.23 time, 2180.01 real, 1374 MB, 54.16 load
[runlim] sample:		2176.17 time, 2190.01 real, 1374 MB, 54.14 load
[runlim] sample:		2186.11 time, 2200.01 real, 1374 MB, 54.12 load
[runlim] sample:		2196.05 time, 2210.01 real, 1374 MB, 54.18 load
[runlim] sample:		2206.00 time, 2220.01 real, 1374 MB, 54.22 load
[runlim] sample:		2215.94 time, 2230.01 real, 1374 MB, 54.19 load
[runlim] sample:		2225.88 time, 2240.01 real, 1374 MB, 54.16 load
[runlim] sample:		2235.82 time, 2250.01 real, 1374 MB, 54.14 load
[runlim] sample:		2245.76 time, 2260.01 real, 1374 MB, 54.26 load
[runlim] sample:		2255.70 time, 2270.01 real, 1374 MB, 54.22 load
[runlim] sample:		2265.64 time, 2280.01 real, 1374 MB, 54.26 load
[runlim] sample:		2275.58 time, 2290.01 real, 1374 MB, 54.22 load
[runlim] sample:		2285.52 time, 2300.01 real, 1374 MB, 54.19 load
[runlim] sample:		2295.46 time, 2310.01 real, 1374 MB, 54.16 load
[runlim] sample:		2305.41 time, 2320.01 real, 1374 MB, 54.21 load
[runlim] sample:		2315.35 time, 2330.01 real, 1374 MB, 54.17 load
[runlim] sample:		2325.28 time, 2340.01 real, 1374 MB, 54.30 load
[runlim] sample:		2335.22 time, 2350.01 real, 1374 MB, 54.25 load
[runlim] sample:		2345.16 time, 2360.01 real, 1374 MB, 54.29 load
[runlim] sample:		2355.10 time, 2370.01 real, 1374 MB, 54.24 load
[runlim] sample:		2365.04 time, 2380.01 real, 1374 MB, 54.21 load
[runlim] sample:		2374.98 time, 2390.01 real, 1374 MB, 54.17 load
[runlim] sample:		2384.91 time, 2400.01 real, 1374 MB, 54.22 load
[runlim] sample:		2394.86 time, 2410.01 real, 1374 MB, 54.27 load
[runlim] sample:		2404.80 time, 2420.01 real, 1374 MB, 54.23 load
[runlim] sample:		2414.74 time, 2430.01 real, 1374 MB, 54.27 load
[runlim] sample:		2424.67 time, 2440.01 real, 1374 MB, 54.23 load
[runlim] sample:		2434.61 time, 2450.01 real, 1374 MB, 54.19 load
[runlim] sample:		2444.55 time, 2460.01 real, 1374 MB, 54.24 load
[runlim] sample:		2454.49 time, 2470.01 real, 1374 MB, 54.12 load
[runlim] sample:		2464.43 time, 2480.01 real, 1374 MB, 53.95 load
[runlim] sample:		2474.37 time, 2490.01 real, 1374 MB, 53.88 load
[runlim] sample:		2484.31 time, 2500.01 real, 1374 MB, 53.83 load
[runlim] sample:		2494.25 time, 2510.01 real, 1374 MB, 53.77 load
[runlim] sample:		2504.20 time, 2520.01 real, 1374 MB, 53.73 load
[runlim] sample:		2514.14 time, 2530.01 real, 1374 MB, 53.62 load
[runlim] sample:		2524.08 time, 2540.01 real, 1374 MB, 53.52 load
[runlim] sample:		2534.02 time, 2550.01 real, 1374 MB, 53.44 load
[runlim] sample:		2543.96 time, 2560.01 real, 1374 MB, 53.37 load
[runlim] sample:		2553.90 time, 2570.01 real, 1374 MB, 53.31 load
[runlim] sample:		2563.83 time, 2580.01 real, 1374 MB, 53.34 load
[runlim] sample:		2573.77 time, 2590.01 real, 1374 MB, 53.29 load
[runlim] sample:		2583.72 time, 2600.01 real, 1374 MB, 53.24 load
[runlim] sample:		2593.66 time, 2610.01 real, 1374 MB, 53.20 load
[runlim] sample:		2603.60 time, 2620.01 real, 1374 MB, 53.17 load
[runlim] sample:		2613.54 time, 2630.01 real, 1374 MB, 53.15 load
[runlim] sample:		2623.48 time, 2640.01 real, 1374 MB, 53.20 load
[runlim] sample:		2633.42 time, 2650.01 real, 1374 MB, 53.17 load
[runlim] sample:		2643.36 time, 2660.01 real, 1374 MB, 53.14 load
[runlim] sample:		2653.30 time, 2670.01 real, 1374 MB, 53.12 load
[runlim] sample:		2663.24 time, 2680.01 real, 1374 MB, 53.10 load
[runlim] sample:		2673.17 time, 2690.01 real, 1374 MB, 53.08 load
[runlim] sample:		2683.11 time, 2700.01 real, 1374 MB, 53.14 load
[runlim] sample:		2693.05 time, 2710.01 real, 1374 MB, 53.12 load
[runlim] sample:		2703.00 time, 2720.01 real, 1374 MB, 53.10 load
[runlim] sample:		2712.94 time, 2730.01 real, 1374 MB, 53.09 load
[runlim] sample:		2722.88 time, 2740.01 real, 1374 MB, 53.07 load
[runlim] sample:		2732.82 time, 2750.01 real, 1374 MB, 53.06 load
[runlim] sample:		2742.76 time, 2760.01 real, 1374 MB, 53.13 load
[runlim] sample:		2752.70 time, 2770.01 real, 1374 MB, 53.11 load
[runlim] sample:		2762.64 time, 2780.01 real, 1374 MB, 53.09 load
[runlim] sample:		2772.58 time, 2790.01 real, 1374 MB, 53.08 load
[runlim] sample:		2782.52 time, 2800.01 real, 1374 MB, 53.14 load
[runlim] sample:		2792.46 time, 2810.01 real, 1374 MB, 53.20 load
[runlim] sample:		2802.41 time, 2820.01 real, 1374 MB, 53.16 load
[runlim] sample:		2812.35 time, 2830.01 real, 1374 MB, 53.14 load
[runlim] sample:		2822.29 time, 2840.01 real, 1374 MB, 53.19 load
[runlim] sample:		2832.23 time, 2850.01 real, 1374 MB, 53.16 load
[runlim] sample:		2842.17 time, 2860.01 real, 1374 MB, 53.14 load
[runlim] sample:		2852.10 time, 2870.01 real, 1374 MB, 53.11 load
[runlim] sample:		2862.04 time, 2880.01 real, 1374 MB, 53.10 load
[runlim] sample:		2871.99 time, 2890.01 real, 1374 MB, 53.08 load
[runlim] sample:		2881.92 time, 2900.01 real, 1374 MB, 53.14 load
[runlim] sample:		2891.87 time, 2910.01 real, 1374 MB, 53.20 load
[runlim] sample:		2901.81 time, 2920.01 real, 1374 MB, 53.17 load
[runlim] sample:		2911.75 time, 2930.01 real, 1374 MB, 53.22 load
[runlim] sample:		2921.69 time, 2940.01 real, 1374 MB, 53.18 load
[runlim] sample:		2931.63 time, 2950.01 real, 1374 MB, 53.15 load
[runlim] sample:		2941.57 time, 2960.01 real, 1374 MB, 53.20 load
[runlim] sample:		2951.51 time, 2970.01 real, 1374 MB, 53.48 load
[runlim] sample:		2961.45 time, 2980.01 real, 1374 MB, 53.41 load
[runlim] sample:		2971.39 time, 2990.01 real, 1374 MB, 53.34 load
[runlim] sample:		2981.33 time, 3000.01 real, 1374 MB, 53.29 load
[runlim] sample:		2991.27 time, 3010.01 real, 1374 MB, 53.25 load
[runlim] sample:		3001.21 time, 3020.01 real, 1374 MB, 53.28 load
[runlim] sample:		3011.15 time, 3030.01 real, 1374 MB, 53.24 load
[runlim] sample:		3021.09 time, 3040.01 real, 1374 MB, 53.20 load
[runlim] sample:		3031.03 time, 3050.01 real, 1374 MB, 53.17 load
[runlim] sample:		3040.97 time, 3060.01 real, 1374 MB, 53.14 load
[runlim] sample:		3050.90 time, 3070.01 real, 1374 MB, 53.12 load
[runlim] sample:		3060.84 time, 3080.01 real, 1374 MB, 53.26 load
[runlim] sample:		3070.78 time, 3090.01 real, 1374 MB, 53.30 load
[runlim] sample:		3080.72 time, 3100.01 real, 1374 MB, 53.25 load
[runlim] sample:		3090.66 time, 3110.01 real, 1374 MB, 53.21 load
[runlim] sample:		3100.60 time, 3120.01 real, 1374 MB, 53.18 load
[runlim] sample:		3110.55 time, 3130.01 real, 1374 MB, 53.15 load
[runlim] sample:		3120.48 time, 3140.01 real, 1374 MB, 53.20 load
[runlim] sample:		3130.42 time, 3150.01 real, 1374 MB, 53.17 load
[runlim] sample:		3140.36 time, 3160.01 real, 1374 MB, 53.14 load
[runlim] sample:		3150.30 time, 3170.01 real, 1374 MB, 53.12 load
[runlim] sample:		3160.23 time, 3180.01 real, 1374 MB, 53.10 load
[runlim] sample:		3170.17 time, 3190.01 real, 1374 MB, 53.09 load
[runlim] sample:		3180.11 time, 3200.01 real, 1374 MB, 53.23 load
[runlim] sample:		3190.05 time, 3210.01 real, 1374 MB, 53.19 load
[runlim] sample:		3199.98 time, 3220.01 real, 1374 MB, 53.16 load
[runlim] sample:		3209.93 time, 3230.01 real, 1374 MB, 53.14 load
[runlim] sample:		3219.87 time, 3240.01 real, 1374 MB, 53.11 load
[runlim] sample:		3229.80 time, 3250.01 real, 1374 MB, 53.17 load
[runlim] sample:		3239.74 time, 3260.01 real, 1374 MB, 53.14 load
[runlim] sample:		3249.68 time, 3270.01 real, 1374 MB, 53.20 load
[runlim] sample:		3259.62 time, 3280.01 real, 1374 MB, 53.16 load
[runlim] sample:		3269.55 time, 3290.01 real, 1374 MB, 53.14 load
[runlim] sample:		3279.49 time, 3300.01 real, 1374 MB, 53.20 load
[runlim] sample:		3289.43 time, 3310.01 real, 1374 MB, 53.17 load
[runlim] sample:		3299.37 time, 3320.01 real, 1374 MB, 53.22 load
[runlim] sample:		3309.32 time, 3330.01 real, 1374 MB, 53.26 load
[runlim] sample:		3319.25 time, 3340.01 real, 1374 MB, 53.30 load
[runlim] sample:		3329.19 time, 3350.01 real, 1374 MB, 53.41 load
[runlim] sample:		3339.13 time, 3360.01 real, 1374 MB, 53.35 load
[runlim] sample:		3349.07 time, 3370.01 real, 1374 MB, 53.29 load
[runlim] sample:		3359.00 time, 3380.01 real, 1374 MB, 53.33 load
[runlim] sample:		3368.94 time, 3390.01 real, 1374 MB, 53.28 load
[runlim] sample:		3378.88 time, 3400.01 real, 1374 MB, 53.23 load
[runlim] sample:		3388.82 time, 3410.01 real, 1374 MB, 53.28 load
[runlim] sample:		3398.76 time, 3420.01 real, 1374 MB, 53.23 load
[runlim] sample:		3408.70 time, 3430.01 real, 1374 MB, 53.20 load
[runlim] sample:		3418.64 time, 3440.01 real, 1374 MB, 53.17 load
[runlim] sample:		3428.58 time, 3450.01 real, 1374 MB, 53.14 load
[runlim] sample:		3438.52 time, 3460.01 real, 1374 MB, 53.20 load
[runlim] sample:		3448.46 time, 3470.01 real, 1374 MB, 53.32 load
[runlim] sample:		3458.39 time, 3480.01 real, 1374 MB, 53.27 load
[runlim] sample:		3468.33 time, 3490.01 real, 1374 MB, 53.23 load
[runlim] sample:		3478.27 time, 3500.01 real, 1374 MB, 53.19 load
[runlim] sample:		3488.21 time, 3510.01 real, 1374 MB, 53.16 load
[runlim] sample:		3498.14 time, 3520.01 real, 1374 MB, 53.14 load
[runlim] sample:		3508.09 time, 3530.01 real, 1374 MB, 53.12 load
[runlim] sample:		3518.02 time, 3540.01 real, 1374 MB, 53.10 load
[runlim] sample:		3527.96 time, 3550.01 real, 1374 MB, 53.16 load
[runlim] sample:		3537.90 time, 3560.01 real, 1374 MB, 53.13 load
[runlim] sample:		3547.84 time, 3570.01 real, 1374 MB, 53.11 load
[runlim] sample:		3557.77 time, 3580.01 real, 1374 MB, 53.17 load
[runlim] sample:		3567.71 time, 3590.01 real, 1374 MB, 53.22 load
[runlim] sample:		3577.64 time, 3600.01 real, 1374 MB, 53.27 load
[runlim] sample:		3587.58 time, 3610.01 real, 1374 MB, 53.23 load
[runlim] sample:		3597.52 time, 3620.01 real, 1374 MB, 53.19 load
[runlim] sample:		3607.47 time, 3630.01 real, 1374 MB, 53.16 load
[runlim] sample:		3617.40 time, 3640.01 real, 1374 MB, 53.14 load
[runlim] sample:		3627.34 time, 3650.01 real, 1374 MB, 53.11 load
[runlim] sample:		3637.28 time, 3660.01 real, 1374 MB, 53.10 load
[runlim] sample:		3647.22 time, 3670.01 real, 1374 MB, 53.08 load
[runlim] sample:		3657.15 time, 3680.01 real, 1374 MB, 53.07 load
[runlim] sample:		3667.09 time, 3690.01 real, 1374 MB, 53.06 load
[runlim] sample:		3677.02 time, 3700.01 real, 1374 MB, 53.13 load
[runlim] sample:		3686.96 time, 3710.01 real, 1374 MB, 53.11 load
[runlim] sample:		3696.90 time, 3720.01 real, 1374 MB, 53.09 load
[runlim] sample:		3706.84 time, 3730.01 real, 1374 MB, 53.15 load
[runlim] sample:		3716.77 time, 3740.01 real, 1374 MB, 53.13 load
[runlim] sample:		3726.71 time, 3750.01 real, 1374 MB, 53.11 load
[runlim] sample:		3736.65 time, 3760.01 real, 1374 MB, 53.09 load
[runlim] sample:		3746.58 time, 3770.01 real, 1374 MB, 53.08 load
[runlim] sample:		3756.52 time, 3780.01 real, 1374 MB, 53.06 load
[runlim] sample:		3766.45 time, 3790.01 real, 1374 MB, 53.05 load
[runlim] sample:		3776.39 time, 3800.01 real, 1374 MB, 53.04 load
[runlim] sample:		3786.32 time, 3810.01 real, 1374 MB, 53.04 load
[runlim] sample:		3796.26 time, 3820.01 real, 1374 MB, 53.03 load
[runlim] sample:		3806.20 time, 3830.01 real, 1374 MB, 53.11 load
[runlim] sample:		3816.14 time, 3840.01 real, 1374 MB, 53.09 load
[runlim] sample:		3826.07 time, 3850.01 real, 1374 MB, 53.08 load
[runlim] sample:		3836.01 time, 3860.01 real, 1374 MB, 53.06 load
[runlim] sample:		3845.95 time, 3870.01 real, 1374 MB, 53.05 load
[runlim] sample:		3855.88 time, 3880.01 real, 1374 MB, 53.04 load
[runlim] sample:		3865.81 time, 3890.01 real, 1374 MB, 53.04 load
[runlim] sample:		3875.76 time, 3900.01 real, 1374 MB, 53.03 load
[runlim] sample:		3885.69 time, 3910.01 real, 1374 MB, 53.03 load
[runlim] sample:		3895.63 time, 3920.01 real, 1374 MB, 53.02 load
[runlim] sample:		3905.56 time, 3930.01 real, 1374 MB, 53.02 load
[runlim] sample:		3915.50 time, 3940.01 real, 1374 MB, 53.01 load
[runlim] sample:		3925.43 time, 3950.01 real, 1374 MB, 53.01 load
[runlim] sample:		3935.37 time, 3960.01 real, 1374 MB, 53.08 load
[runlim] sample:		3945.31 time, 3970.01 real, 1374 MB, 53.07 load
[runlim] sample:		3955.24 time, 3980.01 real, 1374 MB, 53.06 load
[runlim] sample:		3965.18 time, 3990.01 real, 1374 MB, 53.05 load
[runlim] sample:		3975.12 time, 4000.01 real, 1374 MB, 53.04 load
[runlim] sample:		3985.06 time, 4010.01 real, 1374 MB, 53.03 load
[runlim] sample:		3994.99 time, 4020.01 real, 1374 MB, 53.03 load
[runlim] sample:		4004.93 time, 4030.01 real, 1374 MB, 53.02 load
[runlim] sample:		4014.87 time, 4040.01 real, 1374 MB, 53.02 load
[runlim] sample:		4024.80 time, 4050.01 real, 1374 MB, 53.09 load
[runlim] sample:		4034.74 time, 4060.01 real, 1374 MB, 53.08 load
[runlim] sample:		4044.67 time, 4070.01 real, 1374 MB, 53.14 load
[runlim] sample:		4054.61 time, 4080.01 real, 1374 MB, 53.26 load
[runlim] sample:		4064.55 time, 4090.01 real, 1374 MB, 53.22 load
[runlim] sample:		4074.49 time, 4100.01 real, 1374 MB, 53.27 load
[runlim] sample:		4084.43 time, 4110.01 real, 1374 MB, 53.23 load
[runlim] sample:		4094.37 time, 4120.01 real, 1374 MB, 53.27 load
[runlim] sample:		4104.31 time, 4130.01 real, 1374 MB, 53.23 load
[runlim] sample:		4114.25 time, 4140.01 real, 1374 MB, 53.34 load
[runlim] sample:		4124.19 time, 4150.01 real, 1374 MB, 53.29 load
[runlim] sample:		4134.13 time, 4160.01 real, 1374 MB, 53.24 load
[runlim] sample:		4144.07 time, 4170.01 real, 1374 MB, 53.36 load
[runlim] sample:		4154.00 time, 4180.01 real, 1374 MB, 53.30 load
[runlim] sample:		4163.94 time, 4190.01 real, 1374 MB, 53.26 load
[runlim] sample:		4173.88 time, 4200.01 real, 1374 MB, 53.29 load
[runlim] sample:		4183.83 time, 4210.01 real, 1374 MB, 53.25 load
[runlim] sample:		4193.77 time, 4220.01 real, 1374 MB, 53.28 load
[runlim] sample:		4203.71 time, 4230.01 real, 1374 MB, 53.24 load
[runlim] sample:		4213.64 time, 4240.01 real, 1374 MB, 53.27 load
[runlim] sample:		4223.57 time, 4250.01 real, 1374 MB, 53.23 load
[runlim] sample:		4233.51 time, 4260.01 real, 1374 MB, 53.28 load
[runlim] sample:		4243.44 time, 4270.01 real, 1374 MB, 53.23 load
[runlim] sample:		4253.38 time, 4280.01 real, 1374 MB, 53.20 load
[runlim] sample:		4263.31 time, 4290.01 real, 1374 MB, 53.17 load
[runlim] sample:		4273.26 time, 4300.01 real, 1374 MB, 53.21 load
[runlim] sample:		4283.20 time, 4310.01 real, 1374 MB, 53.18 load
[runlim] sample:		4293.14 time, 4320.01 real, 1374 MB, 53.15 load
[runlim] sample:		4303.07 time, 4330.01 real, 1374 MB, 53.13 load
[runlim] sample:		4313.01 time, 4340.01 real, 1374 MB, 53.18 load
[runlim] sample:		4322.95 time, 4350.01 real, 1374 MB, 53.31 load
[runlim] sample:		4332.88 time, 4360.01 real, 1374 MB, 53.26 load
[runlim] sample:		4342.82 time, 4370.01 real, 1374 MB, 53.22 load
[runlim] sample:		4352.76 time, 4380.01 real, 1374 MB, 53.19 load
[runlim] sample:		4362.70 time, 4390.01 real, 1374 MB, 53.23 load
[runlim] sample:		4372.64 time, 4400.01 real, 1374 MB, 53.19 load
[runlim] sample:		4382.57 time, 4410.01 real, 1374 MB, 53.32 load
[runlim] sample:		4392.51 time, 4420.01 real, 1374 MB, 53.42 load
[runlim] sample:		4402.44 time, 4430.01 real, 1374 MB, 53.36 load
[runlim] sample:		4412.38 time, 4440.01 real, 1374 MB, 53.30 load
[runlim] sample:		4422.32 time, 4450.01 real, 1374 MB, 53.26 load
[runlim] sample:		4432.25 time, 4460.01 real, 1374 MB, 53.36 load
[runlim] sample:		4442.19 time, 4470.01 real, 1374 MB, 53.31 load
[runlim] sample:		4452.12 time, 4480.01 real, 1374 MB, 53.33 load
[runlim] sample:		4462.07 time, 4490.01 real, 1374 MB, 53.28 load
[runlim] sample:		4472.00 time, 4500.01 real, 1374 MB, 53.31 load
[runlim] sample:		4481.94 time, 4510.01 real, 1374 MB, 53.26 load
[runlim] sample:		4491.88 time, 4520.01 real, 1374 MB, 53.30 load
[runlim] sample:		4501.82 time, 4530.01 real, 1374 MB, 53.25 load
[runlim] sample:		4511.75 time, 4540.01 real, 1374 MB, 53.21 load
[runlim] sample:		4521.69 time, 4550.01 real, 1374 MB, 53.18 load
[runlim] sample:		4531.63 time, 4560.01 real, 1374 MB, 53.15 load
[runlim] sample:		4541.57 time, 4570.01 real, 1374 MB, 53.13 load
[runlim] sample:		4551.51 time, 4580.01 real, 1374 MB, 53.11 load
[runlim] sample:		4561.46 time, 4590.01 real, 1374 MB, 53.09 load
[runlim] sample:		4571.39 time, 4600.01 real, 1374 MB, 53.08 load
[runlim] sample:		4581.33 time, 4610.01 real, 1374 MB, 53.06 load
[runlim] sample:		4591.27 time, 4620.01 real, 1374 MB, 53.05 load
[runlim] sample:		4601.21 time, 4630.01 real, 1374 MB, 53.05 load
[runlim] sample:		4611.15 time, 4640.01 real, 1374 MB, 53.11 load
[runlim] sample:		4621.09 time, 4650.01 real, 1374 MB, 53.09 load
[runlim] sample:		4631.03 time, 4660.01 real, 1374 MB, 53.08 load
[runlim] sample:		4640.97 time, 4670.01 real, 1374 MB, 53.07 load
[runlim] sample:		4650.91 time, 4680.01 real, 1374 MB, 53.06 load
[runlim] sample:		4660.85 time, 4690.01 real, 1374 MB, 53.05 load
[runlim] sample:		4670.80 time, 4700.01 real, 1374 MB, 53.04 load
[runlim] sample:		4680.74 time, 4710.01 real, 1374 MB, 53.11 load
[runlim] sample:		4690.67 time, 4720.01 real, 1374 MB, 53.17 load
[runlim] sample:		4700.61 time, 4730.01 real, 1374 MB, 53.14 load
[runlim] sample:		4710.55 time, 4740.01 real, 1374 MB, 53.27 load
[runlim] sample:		4720.49 time, 4750.01 real, 1374 MB, 53.31 load
[runlim] sample:		4730.43 time, 4760.01 real, 1374 MB, 53.33 load
[runlim] sample:		4740.37 time, 4770.01 real, 1374 MB, 53.36 load
[runlim] sample:		4750.31 time, 4780.01 real, 1374 MB, 53.37 load
[runlim] sample:		4760.25 time, 4790.01 real, 1374 MB, 53.32 load
[runlim] sample:		4770.20 time, 4800.01 real, 1374 MB, 53.35 load
[runlim] sample:		4780.13 time, 4810.01 real, 1374 MB, 53.29 load
[runlim] sample:		4790.07 time, 4820.01 real, 1374 MB, 53.25 load
[runlim] sample:		4800.02 time, 4830.01 real, 1374 MB, 53.21 load
[runlim] sample:		4809.95 time, 4840.01 real, 1374 MB, 53.18 load
[runlim] sample:		4819.89 time, 4850.01 real, 1374 MB, 53.15 load
[runlim] sample:		4829.83 time, 4860.01 real, 1374 MB, 53.13 load
[runlim] sample:		4839.78 time, 4870.01 real, 1374 MB, 53.11 load
[runlim] sample:		4849.72 time, 4880.01 real, 1374 MB, 53.09 load
[runlim] sample:		4859.65 time, 4890.01 real, 1374 MB, 53.08 load
[runlim] sample:		4869.60 time, 4900.01 real, 1374 MB, 53.06 load
[runlim] sample:		4879.54 time, 4910.01 real, 1374 MB, 53.28 load
[runlim] sample:		4889.48 time, 4920.01 real, 1374 MB, 53.24 load
[runlim] sample:		4899.42 time, 4930.01 real, 1374 MB, 53.27 load
[runlim] sample:		4909.35 time, 4940.01 real, 1374 MB, 53.23 load
[runlim] sample:		4919.29 time, 4950.01 real, 1374 MB, 53.28 load
[runlim] sample:		4929.22 time, 4960.01 real, 1374 MB, 52.91 load
[runlim] sample:		4939.16 time, 4970.01 real, 1374 MB, 51.38 load
[runlim] sample:		4949.10 time, 4980.01 real, 1374 MB, 49.30 load
[runlim] sample:		4959.04 time, 4990.01 real, 1374 MB, 46.17 load
[runlim] sample:		4968.99 time, 5000.01 real, 1374 MB, 42.60 load
[runlim] end:			Wed Apr 15 15:43:44 2026
[runlim] status:		out of time
[runlim] result:		2
[runlim] children:		1
[runlim] processes:		2
[runlim] real:			5000.07 seconds
[runlim] time:			4968.99 seconds
[runlim] space:			1374 MB
[runlim] load:			56.84 maximum
[runlim] samples:		50000
