[runlim] version:		2.0.0rc1
[runlim] host:			p08n09
[runlim] time limit:		311040000 seconds
[runlim] real time limit:	5000 seconds
[runlim] space limit:		7000 MB
[runlim] argv[0]:		./binary
[runlim] argv[1]:		-c
[runlim] argv[2]:		/tmp/local-unzipped-12519486-2-95-mc2025_track1_147.cnf
[runlim] start:			Wed Apr 15 14:28:51 2026
[runlim] child:			3070435
[runlim] sample:		9.95 time, 10.01 real, 6 MB, 11.59 load
[runlim] sample:		19.90 time, 20.01 real, 6 MB, 15.04 load
[runlim] sample:		29.85 time, 30.01 real, 6 MB, 17.87 load
[runlim] sample:		39.80 time, 40.01 real, 6 MB, 20.20 load
[runlim] sample:		49.75 time, 50.01 real, 6 MB, 22.17 load
[runlim] sample:		59.70 time, 60.01 real, 6 MB, 23.83 load
[runlim] sample:		69.66 time, 70.01 real, 6 MB, 25.24 load
[runlim] sample:		79.61 time, 80.01 real, 6 MB, 26.51 load
[runlim] sample:		89.56 time, 90.01 real, 6 MB, 27.35 load
[runlim] sample:		99.51 time, 100.01 real, 6 MB, 27.92 load
[runlim] sample:		109.46 time, 110.01 real, 6 MB, 28.39 load
[runlim] sample:		119.41 time, 120.01 real, 6 MB, 28.79 load
[runlim] sample:		129.36 time, 130.01 real, 6 MB, 29.13 load
[runlim] sample:		139.31 time, 140.01 real, 6 MB, 29.58 load
[runlim] sample:		149.26 time, 150.01 real, 6 MB, 29.80 load
[runlim] sample:		159.22 time, 160.01 real, 6 MB, 29.98 load
[runlim] sample:		169.17 time, 170.01 real, 6 MB, 30.06 load
[runlim] sample:		179.12 time, 180.01 real, 6 MB, 29.97 load
[runlim] sample:		189.08 time, 190.01 real, 6 MB, 29.82 load
[runlim] sample:		199.03 time, 200.01 real, 6 MB, 29.69 load
[runlim] sample:		208.99 time, 210.01 real, 6 MB, 29.59 load
[runlim] sample:		218.94 time, 220.01 real, 6 MB, 29.65 load
[runlim] sample:		228.89 time, 230.01 real, 6 MB, 29.55 load
[runlim] sample:		238.85 time, 240.01 real, 6 MB, 29.47 load
[runlim] sample:		248.80 time, 250.01 real, 6 MB, 29.39 load
[runlim] sample:		258.75 time, 260.01 real, 6 MB, 29.33 load
[runlim] sample:		268.71 time, 270.01 real, 6 MB, 29.28 load
[runlim] sample:		278.66 time, 280.01 real, 6 MB, 29.24 load
[runlim] sample:		288.61 time, 290.01 real, 6 MB, 29.20 load
[runlim] sample:		298.57 time, 300.01 real, 6 MB, 29.17 load
[runlim] sample:		308.52 time, 310.01 real, 6 MB, 29.14 load
[runlim] sample:		318.47 time, 320.01 real, 6 MB, 29.12 load
[runlim] sample:		328.43 time, 330.01 real, 6 MB, 29.10 load
[runlim] sample:		338.38 time, 340.01 real, 6 MB, 29.08 load
[runlim] sample:		348.33 time, 350.01 real, 6 MB, 29.07 load
[runlim] sample:		358.29 time, 360.01 real, 6 MB, 29.06 load
[runlim] sample:		368.24 time, 370.01 real, 6 MB, 29.05 load
[runlim] sample:		378.19 time, 380.01 real, 6 MB, 29.04 load
[runlim] sample:		388.14 time, 390.01 real, 6 MB, 29.04 load
[runlim] sample:		398.10 time, 400.01 real, 6 MB, 29.03 load
[runlim] sample:		408.05 time, 410.01 real, 6 MB, 29.02 load
[runlim] sample:		418.00 time, 420.01 real, 6 MB, 29.02 load
[runlim] sample:		427.96 time, 430.01 real, 6 MB, 29.10 load
[runlim] sample:		437.91 time, 440.01 real, 6 MB, 29.08 load
[runlim] sample:		447.86 time, 450.01 real, 6 MB, 29.07 load
[runlim] sample:		457.81 time, 460.01 real, 6 MB, 29.06 load
[runlim] sample:		467.77 time, 470.01 real, 6 MB, 29.05 load
[runlim] sample:		477.72 time, 480.01 real, 6 MB, 29.04 load
[runlim] sample:		487.67 time, 490.01 real, 6 MB, 29.11 load
[runlim] sample:		497.63 time, 500.01 real, 6 MB, 29.10 load
[runlim] sample:		507.58 time, 510.01 real, 6 MB, 29.08 load
[runlim] sample:		517.53 time, 520.01 real, 6 MB, 29.07 load
[runlim] sample:		527.49 time, 530.01 real, 6 MB, 29.06 load
[runlim] sample:		537.44 time, 540.01 real, 6 MB, 29.05 load
[runlim] sample:		547.39 time, 550.01 real, 6 MB, 29.12 load
[runlim] sample:		557.34 time, 560.01 real, 6 MB, 29.10 load
[runlim] sample:		567.30 time, 570.01 real, 6 MB, 29.17 load
[runlim] sample:		577.25 time, 580.01 real, 6 MB, 29.14 load
[runlim] sample:		587.20 time, 590.01 real, 6 MB, 29.12 load
[runlim] sample:		597.16 time, 600.01 real, 6 MB, 29.17 load
[runlim] sample:		607.11 time, 610.01 real, 6 MB, 29.15 load
[runlim] sample:		617.06 time, 620.01 real, 6 MB, 29.12 load
[runlim] sample:		627.02 time, 630.01 real, 6 MB, 29.18 load
[runlim] sample:		636.97 time, 640.01 real, 6 MB, 29.16 load
[runlim] sample:		646.92 time, 650.01 real, 6 MB, 29.13 load
[runlim] sample:		656.88 time, 660.01 real, 6 MB, 29.11 load
[runlim] sample:		666.83 time, 670.01 real, 6 MB, 29.09 load
[runlim] sample:		676.78 time, 680.01 real, 6 MB, 29.15 load
[runlim] sample:		686.74 time, 690.01 real, 6 MB, 29.21 load
[runlim] sample:		696.69 time, 700.01 real, 6 MB, 29.18 load
[runlim] sample:		706.64 time, 710.01 real, 6 MB, 29.15 load
[runlim] sample:		716.60 time, 720.01 real, 6 MB, 29.28 load
[runlim] sample:		726.55 time, 730.01 real, 6 MB, 29.24 load
[runlim] sample:		736.50 time, 740.01 real, 6 MB, 29.20 load
[runlim] sample:		746.45 time, 750.01 real, 6 MB, 29.25 load
[runlim] sample:		756.41 time, 760.01 real, 6 MB, 29.21 load
[runlim] sample:		766.36 time, 770.01 real, 6 MB, 29.18 load
[runlim] sample:		776.31 time, 780.01 real, 6 MB, 29.15 load
[runlim] sample:		786.26 time, 790.01 real, 6 MB, 29.13 load
[runlim] sample:		796.21 time, 800.01 real, 6 MB, 29.11 load
[runlim] sample:		806.17 time, 810.01 real, 6 MB, 29.09 load
[runlim] sample:		816.12 time, 820.01 real, 6 MB, 29.08 load
[runlim] sample:		826.07 time, 830.01 real, 6 MB, 29.14 load
[runlim] sample:		836.02 time, 840.01 real, 6 MB, 29.12 load
[runlim] sample:		845.97 time, 850.01 real, 6 MB, 29.10 load
[runlim] sample:		855.92 time, 860.01 real, 6 MB, 29.09 load
[runlim] sample:		865.87 time, 870.01 real, 6 MB, 29.07 load
[runlim] sample:		875.82 time, 880.01 real, 6 MB, 29.06 load
[runlim] sample:		885.77 time, 890.01 real, 6 MB, 29.13 load
[runlim] sample:		895.73 time, 900.01 real, 6 MB, 29.11 load
[runlim] sample:		905.68 time, 910.01 real, 6 MB, 29.09 load
[runlim] sample:		915.63 time, 920.01 real, 6 MB, 29.08 load
[runlim] sample:		925.58 time, 930.01 real, 6 MB, 29.07 load
[runlim] sample:		935.54 time, 940.01 real, 6 MB, 29.06 load
[runlim] sample:		945.49 time, 950.01 real, 6 MB, 29.05 load
[runlim] sample:		955.44 time, 960.01 real, 6 MB, 29.11 load
[runlim] sample:		965.39 time, 970.01 real, 6 MB, 29.10 load
[runlim] sample:		975.34 time, 980.01 real, 6 MB, 29.08 load
[runlim] sample:		985.30 time, 990.01 real, 6 MB, 29.07 load
[runlim] sample:		995.25 time, 1000.01 real, 6 MB, 29.06 load
[runlim] sample:		1005.20 time, 1010.01 real, 6 MB, 29.05 load
[runlim] sample:		1015.16 time, 1020.01 real, 6 MB, 29.11 load
[runlim] sample:		1025.11 time, 1030.01 real, 6 MB, 29.18 load
[runlim] sample:		1035.06 time, 1040.01 real, 6 MB, 29.15 load
[runlim] sample:		1045.01 time, 1050.01 real, 6 MB, 29.37 load
[runlim] sample:		1054.97 time, 1060.01 real, 6 MB, 29.31 load
[runlim] sample:		1064.92 time, 1070.01 real, 6 MB, 29.26 load
[runlim] sample:		1074.87 time, 1080.01 real, 6 MB, 29.22 load
[runlim] sample:		1084.82 time, 1090.01 real, 6 MB, 29.27 load
[runlim] sample:		1094.77 time, 1100.01 real, 6 MB, 29.30 load
[runlim] sample:		1104.72 time, 1110.01 real, 6 MB, 29.25 load
[runlim] sample:		1114.67 time, 1120.01 real, 6 MB, 29.21 load
[runlim] sample:		1124.62 time, 1130.01 real, 6 MB, 29.18 load
[runlim] sample:		1134.57 time, 1140.01 real, 6 MB, 29.15 load
[runlim] sample:		1144.52 time, 1150.01 real, 6 MB, 29.13 load
[runlim] sample:		1154.47 time, 1160.01 real, 6 MB, 29.11 load
[runlim] sample:		1164.43 time, 1170.01 real, 6 MB, 29.09 load
[runlim] sample:		1174.38 time, 1180.01 real, 6 MB, 29.15 load
[runlim] sample:		1184.32 time, 1190.01 real, 6 MB, 29.13 load
[runlim] sample:		1194.27 time, 1200.01 real, 6 MB, 29.11 load
[runlim] sample:		1204.21 time, 1210.01 real, 6 MB, 29.09 load
[runlim] sample:		1214.16 time, 1220.01 real, 6 MB, 29.23 load
[runlim] sample:		1224.10 time, 1230.01 real, 6 MB, 29.28 load
[runlim] sample:		1234.04 time, 1240.01 real, 6 MB, 29.23 load
[runlim] sample:		1243.99 time, 1250.01 real, 6 MB, 29.20 load
[runlim] sample:		1253.93 time, 1260.01 real, 6 MB, 29.17 load
[runlim] sample:		1263.88 time, 1270.01 real, 6 MB, 29.14 load
[runlim] sample:		1273.82 time, 1280.01 real, 6 MB, 29.12 load
[runlim] sample:		1283.77 time, 1290.01 real, 6 MB, 29.18 load
[runlim] sample:		1293.71 time, 1300.01 real, 6 MB, 29.15 load
[runlim] sample:		1303.66 time, 1310.01 real, 6 MB, 29.13 load
[runlim] sample:		1313.60 time, 1320.01 real, 6 MB, 29.11 load
[runlim] sample:		1323.55 time, 1330.01 real, 6 MB, 29.09 load
[runlim] sample:		1333.49 time, 1340.01 real, 6 MB, 29.08 load
[runlim] sample:		1343.44 time, 1350.01 real, 6 MB, 29.14 load
[runlim] sample:		1353.38 time, 1360.01 real, 6 MB, 29.12 load
[runlim] sample:		1363.32 time, 1370.01 real, 6 MB, 29.10 load
[runlim] sample:		1373.27 time, 1380.01 real, 6 MB, 29.09 load
[runlim] sample:		1383.21 time, 1390.01 real, 6 MB, 29.07 load
[runlim] sample:		1393.15 time, 1400.01 real, 6 MB, 29.06 load
[runlim] sample:		1403.10 time, 1410.01 real, 6 MB, 29.13 load
[runlim] sample:		1413.04 time, 1420.01 real, 6 MB, 29.11 load
[runlim] sample:		1422.99 time, 1430.01 real, 6 MB, 29.09 load
[runlim] sample:		1432.93 time, 1440.01 real, 6 MB, 29.08 load
[runlim] sample:		1442.88 time, 1450.01 real, 6 MB, 29.07 load
[runlim] sample:		1452.82 time, 1460.01 real, 6 MB, 29.06 load
[runlim] sample:		1462.76 time, 1470.01 real, 6 MB, 29.13 load
[runlim] sample:		1472.71 time, 1480.01 real, 6 MB, 29.11 load
[runlim] sample:		1482.65 time, 1490.01 real, 6 MB, 29.09 load
[runlim] sample:		1492.60 time, 1500.01 real, 6 MB, 29.08 load
[runlim] sample:		1502.54 time, 1510.01 real, 6 MB, 29.06 load
[runlim] sample:		1512.49 time, 1520.01 real, 6 MB, 29.05 load
[runlim] sample:		1522.43 time, 1530.01 real, 6 MB, 29.12 load
[runlim] sample:		1532.37 time, 1540.01 real, 6 MB, 29.11 load
[runlim] sample:		1542.32 time, 1550.01 real, 6 MB, 29.09 load
[runlim] sample:		1552.26 time, 1560.01 real, 6 MB, 29.07 load
[runlim] sample:		1562.21 time, 1570.01 real, 6 MB, 29.06 load
[runlim] sample:		1572.15 time, 1580.01 real, 6 MB, 29.05 load
[runlim] sample:		1582.10 time, 1590.01 real, 6 MB, 29.12 load
[runlim] sample:		1592.04 time, 1600.01 real, 6 MB, 29.10 load
[runlim] sample:		1601.98 time, 1610.01 real, 6 MB, 29.09 load
[runlim] sample:		1611.93 time, 1620.01 real, 6 MB, 29.07 load
[runlim] sample:		1621.87 time, 1630.01 real, 6 MB, 29.06 load
[runlim] sample:		1631.82 time, 1640.01 real, 6 MB, 29.05 load
[runlim] sample:		1641.76 time, 1650.01 real, 6 MB, 29.12 load
[runlim] sample:		1651.71 time, 1660.01 real, 6 MB, 29.10 load
[runlim] sample:		1661.65 time, 1670.01 real, 6 MB, 29.09 load
[runlim] sample:		1671.60 time, 1680.01 real, 6 MB, 29.07 load
[runlim] sample:		1681.55 time, 1690.01 real, 6 MB, 29.14 load
[runlim] sample:		1691.49 time, 1700.01 real, 6 MB, 29.12 load
[runlim] sample:		1701.44 time, 1710.01 real, 6 MB, 29.18 load
[runlim] sample:		1711.38 time, 1720.01 real, 6 MB, 29.31 load
[runlim] sample:		1721.33 time, 1730.01 real, 6 MB, 29.26 load
[runlim] sample:		1731.27 time, 1740.01 real, 6 MB, 29.22 load
[runlim] sample:		1741.22 time, 1750.01 real, 6 MB, 29.18 load
[runlim] sample:		1751.16 time, 1760.01 real, 6 MB, 29.16 load
[runlim] sample:		1761.11 time, 1770.01 real, 6 MB, 29.21 load
[runlim] sample:		1771.05 time, 1780.01 real, 6 MB, 29.18 load
[runlim] sample:		1781.00 time, 1790.01 real, 6 MB, 29.15 load
[runlim] sample:		1790.95 time, 1800.01 real, 6 MB, 29.13 load
[runlim] sample:		1800.89 time, 1810.01 real, 6 MB, 29.11 load
[runlim] sample:		1810.84 time, 1820.01 real, 6 MB, 29.09 load
[runlim] sample:		1820.78 time, 1830.01 real, 6 MB, 29.16 load
[runlim] sample:		1830.73 time, 1840.01 real, 6 MB, 29.13 load
[runlim] sample:		1840.68 time, 1850.01 real, 6 MB, 29.19 load
[runlim] sample:		1850.62 time, 1860.01 real, 6 MB, 29.16 load
[runlim] sample:		1860.57 time, 1870.01 real, 6 MB, 29.14 load
[runlim] sample:		1870.51 time, 1880.01 real, 6 MB, 29.12 load
[runlim] sample:		1880.46 time, 1890.01 real, 6 MB, 29.18 load
[runlim] sample:		1890.40 time, 1900.01 real, 6 MB, 29.15 load
[runlim] sample:		1900.35 time, 1910.01 real, 6 MB, 29.13 load
[runlim] sample:		1910.29 time, 1920.01 real, 6 MB, 29.11 load
[runlim] sample:		1920.24 time, 1930.01 real, 6 MB, 29.09 load
[runlim] sample:		1930.18 time, 1940.01 real, 6 MB, 29.16 load
[runlim] sample:		1940.13 time, 1950.01 real, 6 MB, 29.21 load
[runlim] sample:		1950.07 time, 1960.01 real, 6 MB, 29.18 load
[runlim] sample:		1960.02 time, 1970.01 real, 6 MB, 29.15 load
[runlim] sample:		1969.97 time, 1980.01 real, 6 MB, 29.13 load
[runlim] sample:		1979.91 time, 1990.01 real, 6 MB, 29.11 load
[runlim] sample:		1989.86 time, 2000.01 real, 6 MB, 29.09 load
[runlim] sample:		1999.80 time, 2010.01 real, 6 MB, 29.16 load
[runlim] sample:		2009.75 time, 2020.01 real, 6 MB, 29.13 load
[runlim] sample:		2019.70 time, 2030.01 real, 6 MB, 29.11 load
[runlim] sample:		2029.64 time, 2040.01 real, 6 MB, 29.09 load
[runlim] sample:		2039.59 time, 2050.01 real, 6 MB, 29.08 load
[runlim] sample:		2049.54 time, 2060.01 real, 6 MB, 29.07 load
[runlim] sample:		2059.48 time, 2070.01 real, 6 MB, 29.14 load
[runlim] sample:		2069.43 time, 2080.01 real, 6 MB, 29.12 load
[runlim] sample:		2079.37 time, 2090.01 real, 6 MB, 29.10 load
[runlim] sample:		2089.32 time, 2100.01 real, 6 MB, 29.08 load
[runlim] sample:		2099.27 time, 2110.01 real, 6 MB, 29.07 load
[runlim] sample:		2109.21 time, 2120.01 real, 6 MB, 29.06 load
[runlim] sample:		2119.16 time, 2130.01 real, 6 MB, 29.13 load
[runlim] sample:		2129.10 time, 2140.01 real, 6 MB, 29.11 load
[runlim] sample:		2139.05 time, 2150.01 real, 6 MB, 29.09 load
[runlim] sample:		2148.99 time, 2160.01 real, 6 MB, 29.08 load
[runlim] sample:		2158.94 time, 2170.01 real, 6 MB, 29.14 load
[runlim] sample:		2168.88 time, 2180.01 real, 6 MB, 29.12 load
[runlim] sample:		2178.83 time, 2190.01 real, 6 MB, 29.18 load
[runlim] sample:		2188.77 time, 2200.01 real, 6 MB, 29.15 load
[runlim] sample:		2198.72 time, 2210.01 real, 6 MB, 29.13 load
[runlim] sample:		2208.66 time, 2220.01 real, 6 MB, 29.26 load
[runlim] sample:		2218.61 time, 2230.01 real, 6 MB, 29.22 load
[runlim] sample:		2228.56 time, 2240.01 real, 6 MB, 29.19 load
[runlim] sample:		2238.50 time, 2250.01 real, 6 MB, 29.24 load
[runlim] sample:		2248.45 time, 2260.01 real, 6 MB, 29.20 load
[runlim] sample:		2258.39 time, 2270.01 real, 6 MB, 29.17 load
[runlim] sample:		2268.34 time, 2280.01 real, 6 MB, 29.14 load
[runlim] sample:		2278.28 time, 2290.01 real, 6 MB, 29.12 load
[runlim] sample:		2288.23 time, 2300.01 real, 6 MB, 29.10 load
[runlim] sample:		2298.18 time, 2310.01 real, 6 MB, 29.09 load
[runlim] sample:		2308.12 time, 2320.01 real, 6 MB, 29.07 load
[runlim] sample:		2318.07 time, 2330.01 real, 6 MB, 29.14 load
[runlim] sample:		2328.01 time, 2340.01 real, 6 MB, 29.12 load
[runlim] sample:		2337.96 time, 2350.01 real, 6 MB, 29.10 load
[runlim] sample:		2347.91 time, 2360.01 real, 6 MB, 29.08 load
[runlim] sample:		2357.85 time, 2370.01 real, 6 MB, 29.07 load
[runlim] sample:		2367.80 time, 2380.01 real, 6 MB, 29.06 load
[runlim] sample:		2377.75 time, 2390.01 real, 6 MB, 29.13 load
[runlim] sample:		2387.69 time, 2400.01 real, 6 MB, 29.11 load
[runlim] sample:		2397.64 time, 2410.01 real, 6 MB, 29.09 load
[runlim] sample:		2407.58 time, 2420.01 real, 6 MB, 29.08 load
[runlim] sample:		2417.53 time, 2430.01 real, 6 MB, 29.07 load
[runlim] sample:		2427.48 time, 2440.01 real, 6 MB, 29.06 load
[runlim] sample:		2437.42 time, 2450.01 real, 6 MB, 29.13 load
[runlim] sample:		2447.37 time, 2460.01 real, 6 MB, 29.11 load
[runlim] sample:		2457.31 time, 2470.01 real, 6 MB, 28.94 load
[runlim] sample:		2467.26 time, 2480.01 real, 6 MB, 28.79 load
[runlim] sample:		2477.21 time, 2490.01 real, 6 MB, 28.67 load
[runlim] sample:		2487.15 time, 2500.01 real, 6 MB, 28.57 load
[runlim] sample:		2497.10 time, 2510.01 real, 6 MB, 28.56 load
[runlim] sample:		2507.04 time, 2520.01 real, 6 MB, 28.47 load
[runlim] sample:		2516.99 time, 2530.01 real, 6 MB, 28.40 load
[runlim] sample:		2526.93 time, 2540.01 real, 6 MB, 28.34 load
[runlim] sample:		2536.88 time, 2550.01 real, 6 MB, 28.29 load
[runlim] sample:		2546.82 time, 2560.01 real, 6 MB, 28.24 load
[runlim] sample:		2556.77 time, 2570.01 real, 6 MB, 28.28 load
[runlim] sample:		2566.71 time, 2580.01 real, 6 MB, 28.24 load
[runlim] sample:		2576.66 time, 2590.01 real, 6 MB, 28.20 load
[runlim] sample:		2586.61 time, 2600.01 real, 6 MB, 28.17 load
[runlim] sample:		2596.55 time, 2610.01 real, 6 MB, 28.14 load
[runlim] sample:		2606.50 time, 2620.01 real, 6 MB, 28.12 load
[runlim] sample:		2616.44 time, 2630.01 real, 6 MB, 28.18 load
[runlim] sample:		2626.39 time, 2640.01 real, 6 MB, 28.15 load
[runlim] sample:		2636.33 time, 2650.01 real, 6 MB, 28.13 load
[runlim] sample:		2646.28 time, 2660.01 real, 6 MB, 28.11 load
[runlim] sample:		2656.22 time, 2670.01 real, 6 MB, 28.17 load
[runlim] sample:		2666.17 time, 2680.01 real, 6 MB, 28.21 load
[runlim] sample:		2676.12 time, 2690.01 real, 6 MB, 28.26 load
[runlim] sample:		2686.06 time, 2700.01 real, 6 MB, 28.22 load
[runlim] sample:		2696.01 time, 2710.01 real, 6 MB, 28.19 load
[runlim] sample:		2705.95 time, 2720.01 real, 6 MB, 28.31 load
[runlim] sample:		2715.90 time, 2730.01 real, 6 MB, 28.26 load
[runlim] sample:		2725.84 time, 2740.01 real, 6 MB, 28.30 load
[runlim] sample:		2735.79 time, 2750.01 real, 6 MB, 28.26 load
[runlim] sample:		2745.73 time, 2760.01 real, 6 MB, 28.22 load
[runlim] sample:		2755.68 time, 2770.01 real, 6 MB, 28.18 load
[runlim] sample:		2765.62 time, 2780.01 real, 6 MB, 28.15 load
[runlim] sample:		2775.57 time, 2790.01 real, 6 MB, 28.13 load
[runlim] sample:		2785.51 time, 2800.01 real, 6 MB, 28.11 load
[runlim] sample:		2795.46 time, 2810.01 real, 6 MB, 28.17 load
[runlim] sample:		2805.41 time, 2820.01 real, 6 MB, 28.15 load
[runlim] sample:		2815.35 time, 2830.01 real, 6 MB, 28.12 load
[runlim] sample:		2825.30 time, 2840.01 real, 6 MB, 28.18 load
[runlim] sample:		2835.24 time, 2850.01 real, 6 MB, 28.16 load
[runlim] sample:		2845.18 time, 2860.01 real, 6 MB, 28.13 load
[runlim] sample:		2855.13 time, 2870.01 real, 6 MB, 28.11 load
[runlim] sample:		2865.07 time, 2880.01 real, 6 MB, 28.09 load
[runlim] sample:		2875.02 time, 2890.01 real, 6 MB, 28.08 load
[runlim] sample:		2884.97 time, 2900.01 real, 6 MB, 28.07 load
[runlim] sample:		2894.91 time, 2910.01 real, 6 MB, 28.06 load
[runlim] sample:		2904.86 time, 2920.01 real, 6 MB, 28.05 load
[runlim] sample:		2914.80 time, 2930.01 real, 6 MB, 28.04 load
[runlim] sample:		2924.75 time, 2940.01 real, 6 MB, 28.03 load
[runlim] sample:		2934.70 time, 2950.01 real, 6 MB, 28.03 load
[runlim] sample:		2944.64 time, 2960.01 real, 6 MB, 28.02 load
[runlim] sample:		2954.59 time, 2970.01 real, 6 MB, 28.09 load
[runlim] sample:		2964.53 time, 2980.01 real, 6 MB, 28.08 load
[runlim] sample:		2974.48 time, 2990.01 real, 6 MB, 28.07 load
[runlim] sample:		2984.43 time, 3000.01 real, 6 MB, 28.06 load
[runlim] sample:		2994.37 time, 3010.01 real, 6 MB, 28.05 load
[runlim] sample:		3004.32 time, 3020.01 real, 6 MB, 28.04 load
[runlim] sample:		3014.26 time, 3030.01 real, 6 MB, 28.03 load
[runlim] sample:		3024.21 time, 3040.01 real, 6 MB, 28.03 load
[runlim] sample:		3034.16 time, 3050.01 real, 6 MB, 28.02 load
[runlim] sample:		3044.10 time, 3060.01 real, 6 MB, 28.02 load
[runlim] sample:		3054.05 time, 3070.01 real, 6 MB, 28.02 load
[runlim] sample:		3063.99 time, 3080.01 real, 6 MB, 28.01 load
[runlim] sample:		3073.94 time, 3090.01 real, 6 MB, 28.08 load
[runlim] sample:		3083.88 time, 3100.01 real, 6 MB, 28.14 load
[runlim] sample:		3093.83 time, 3110.01 real, 6 MB, 28.20 load
[runlim] sample:		3103.78 time, 3120.01 real, 6 MB, 28.17 load
[runlim] sample:		3113.72 time, 3130.01 real, 6 MB, 28.14 load
[runlim] sample:		3123.67 time, 3140.01 real, 6 MB, 28.12 load
[runlim] sample:		3133.61 time, 3150.01 real, 6 MB, 28.10 load
[runlim] sample:		3143.56 time, 3160.01 real, 6 MB, 28.08 load
[runlim] sample:		3153.50 time, 3170.01 real, 6 MB, 28.14 load
[runlim] sample:		3163.45 time, 3180.01 real, 6 MB, 28.20 load
[runlim] sample:		3173.39 time, 3190.01 real, 6 MB, 28.17 load
[runlim] sample:		3183.34 time, 3200.01 real, 6 MB, 28.14 load
[runlim] sample:		3193.28 time, 3210.01 real, 6 MB, 28.12 load
[runlim] sample:		3203.23 time, 3220.01 real, 6 MB, 28.25 load
[runlim] sample:		3213.18 time, 3230.01 real, 6 MB, 28.21 load
[runlim] sample:		3223.12 time, 3240.01 real, 6 MB, 28.18 load
[runlim] sample:		3233.07 time, 3250.01 real, 6 MB, 28.15 load
[runlim] sample:		3243.01 time, 3260.01 real, 6 MB, 28.13 load
[runlim] sample:		3252.96 time, 3270.01 real, 6 MB, 28.11 load
[runlim] sample:		3262.91 time, 3280.01 real, 6 MB, 28.09 load
[runlim] sample:		3272.85 time, 3290.01 real, 6 MB, 28.08 load
[runlim] sample:		3282.80 time, 3300.01 real, 6 MB, 28.06 load
[runlim] sample:		3292.74 time, 3310.01 real, 6 MB, 28.05 load
[runlim] sample:		3302.69 time, 3320.01 real, 6 MB, 28.05 load
[runlim] sample:		3312.63 time, 3330.01 real, 6 MB, 28.04 load
[runlim] sample:		3322.58 time, 3340.01 real, 6 MB, 28.03 load
[runlim] sample:		3332.52 time, 3350.01 real, 6 MB, 28.03 load
[runlim] sample:		3342.47 time, 3360.01 real, 6 MB, 28.02 load
[runlim] sample:		3352.42 time, 3370.01 real, 6 MB, 28.02 load
[runlim] sample:		3362.36 time, 3380.01 real, 6 MB, 28.02 load
[runlim] sample:		3372.31 time, 3390.01 real, 6 MB, 28.01 load
[runlim] sample:		3382.25 time, 3400.01 real, 6 MB, 28.01 load
[runlim] sample:		3392.20 time, 3410.01 real, 6 MB, 28.01 load
[runlim] sample:		3402.14 time, 3420.01 real, 6 MB, 28.09 load
[runlim] sample:		3412.09 time, 3430.01 real, 6 MB, 28.07 load
[runlim] sample:		3422.03 time, 3440.01 real, 6 MB, 28.06 load
[runlim] sample:		3431.98 time, 3450.01 real, 6 MB, 28.05 load
[runlim] sample:		3441.93 time, 3460.01 real, 6 MB, 28.04 load
[runlim] sample:		3451.87 time, 3470.01 real, 6 MB, 28.04 load
[runlim] sample:		3461.82 time, 3480.01 real, 6 MB, 28.03 load
[runlim] sample:		3471.77 time, 3490.01 real, 6 MB, 28.02 load
[runlim] sample:		3481.71 time, 3500.01 real, 6 MB, 28.02 load
[runlim] sample:		3491.66 time, 3510.01 real, 6 MB, 28.02 load
[runlim] sample:		3501.60 time, 3520.01 real, 6 MB, 28.01 load
[runlim] sample:		3511.55 time, 3530.01 real, 6 MB, 28.01 load
[runlim] sample:		3521.50 time, 3540.01 real, 6 MB, 28.09 load
[runlim] sample:		3531.44 time, 3550.01 real, 6 MB, 28.08 load
[runlim] sample:		3541.39 time, 3560.01 real, 6 MB, 28.14 load
[runlim] sample:		3551.33 time, 3570.01 real, 6 MB, 28.20 load
[runlim] sample:		3561.28 time, 3580.01 real, 6 MB, 28.17 load
[runlim] sample:		3571.22 time, 3590.01 real, 6 MB, 28.14 load
[runlim] sample:		3581.17 time, 3600.01 real, 6 MB, 28.12 load
[runlim] sample:		3591.11 time, 3610.01 real, 6 MB, 28.10 load
[runlim] sample:		3601.06 time, 3620.01 real, 6 MB, 28.09 load
[runlim] sample:		3611.00 time, 3630.01 real, 6 MB, 28.15 load
[runlim] sample:		3620.95 time, 3640.01 real, 6 MB, 28.28 load
[runlim] sample:		3630.90 time, 3650.01 real, 6 MB, 28.24 load
[runlim] sample:		3640.84 time, 3660.01 real, 6 MB, 28.20 load
[runlim] sample:		3650.79 time, 3670.01 real, 6 MB, 28.17 load
[runlim] sample:		3660.73 time, 3680.01 real, 6 MB, 28.30 load
[runlim] sample:		3670.67 time, 3690.01 real, 6 MB, 28.25 load
[runlim] sample:		3680.62 time, 3700.01 real, 6 MB, 28.21 load
[runlim] sample:		3690.57 time, 3710.01 real, 6 MB, 28.18 load
[runlim] sample:		3700.51 time, 3720.01 real, 6 MB, 28.31 load
[runlim] sample:		3710.46 time, 3730.01 real, 6 MB, 28.26 load
[runlim] sample:		3720.40 time, 3740.01 real, 6 MB, 28.30 load
[runlim] sample:		3730.35 time, 3750.01 real, 6 MB, 28.25 load
[runlim] sample:		3740.29 time, 3760.01 real, 6 MB, 28.21 load
[runlim] sample:		3750.24 time, 3770.01 real, 6 MB, 28.18 load
[runlim] sample:		3760.18 time, 3780.01 real, 6 MB, 28.15 load
[runlim] sample:		3770.13 time, 3790.01 real, 6 MB, 28.13 load
[runlim] sample:		3780.07 time, 3800.01 real, 6 MB, 28.11 load
[runlim] sample:		3790.02 time, 3810.01 real, 6 MB, 28.09 load
[runlim] sample:		3799.96 time, 3820.01 real, 6 MB, 28.08 load
[runlim] sample:		3809.91 time, 3830.01 real, 6 MB, 28.06 load
[runlim] sample:		3819.85 time, 3840.01 real, 6 MB, 28.05 load
[runlim] sample:		3829.80 time, 3850.01 real, 6 MB, 28.05 load
[runlim] sample:		3839.74 time, 3860.01 real, 6 MB, 28.04 load
[runlim] sample:		3849.69 time, 3870.01 real, 6 MB, 28.03 load
[runlim] sample:		3859.64 time, 3880.01 real, 6 MB, 28.03 load
[runlim] sample:		3869.58 time, 3890.01 real, 6 MB, 28.02 load
[runlim] sample:		3879.53 time, 3900.01 real, 6 MB, 28.10 load
[runlim] sample:		3889.47 time, 3910.01 real, 6 MB, 28.08 load
[runlim] sample:		3899.42 time, 3920.01 real, 6 MB, 28.07 load
[runlim] sample:		3909.37 time, 3930.01 real, 6 MB, 28.06 load
[runlim] sample:		3919.33 time, 3940.01 real, 6 MB, 28.05 load
[runlim] sample:		3929.28 time, 3950.01 real, 6 MB, 28.12 load
[runlim] sample:		3939.24 time, 3960.01 real, 6 MB, 28.10 load
[runlim] sample:		3949.19 time, 3970.01 real, 6 MB, 28.09 load
[runlim] sample:		3959.15 time, 3980.01 real, 6 MB, 28.15 load
[runlim] sample:		3969.10 time, 3990.01 real, 6 MB, 28.13 load
[runlim] sample:		3979.06 time, 4000.01 real, 6 MB, 28.11 load
[runlim] sample:		3989.01 time, 4010.01 real, 6 MB, 28.09 load
[runlim] sample:		3998.97 time, 4020.01 real, 6 MB, 28.24 load
[runlim] sample:		4008.92 time, 4030.01 real, 6 MB, 28.20 load
[runlim] sample:		4018.88 time, 4040.01 real, 6 MB, 28.25 load
[runlim] sample:		4028.83 time, 4050.01 real, 6 MB, 28.21 load
[runlim] sample:		4038.79 time, 4060.01 real, 6 MB, 28.18 load
[runlim] sample:		4048.74 time, 4070.01 real, 6 MB, 28.15 load
[runlim] sample:		4058.70 time, 4080.01 real, 6 MB, 28.13 load
[runlim] sample:		4068.65 time, 4090.01 real, 6 MB, 28.11 load
[runlim] sample:		4078.61 time, 4100.01 real, 6 MB, 28.09 load
[runlim] sample:		4088.56 time, 4110.01 real, 6 MB, 28.08 load
[runlim] sample:		4098.52 time, 4120.01 real, 6 MB, 28.06 load
[runlim] sample:		4108.47 time, 4130.01 real, 6 MB, 28.05 load
[runlim] sample:		4118.42 time, 4140.01 real, 6 MB, 28.04 load
[runlim] sample:		4128.38 time, 4150.01 real, 6 MB, 28.04 load
[runlim] sample:		4138.33 time, 4160.01 real, 6 MB, 28.03 load
[runlim] sample:		4148.29 time, 4170.01 real, 6 MB, 28.10 load
[runlim] sample:		4158.24 time, 4180.01 real, 6 MB, 28.08 load
[runlim] sample:		4168.20 time, 4190.01 real, 6 MB, 28.07 load
[runlim] sample:		4178.16 time, 4200.01 real, 6 MB, 28.13 load
[runlim] sample:		4188.11 time, 4210.01 real, 6 MB, 28.11 load
[runlim] sample:		4198.07 time, 4220.01 real, 6 MB, 28.17 load
[runlim] sample:		4208.02 time, 4230.01 real, 6 MB, 28.14 load
[runlim] sample:		4217.98 time, 4240.01 real, 6 MB, 28.12 load
[runlim] sample:		4227.93 time, 4250.01 real, 6 MB, 28.10 load
[runlim] sample:		4237.89 time, 4260.01 real, 6 MB, 28.23 load
[runlim] sample:		4247.84 time, 4270.01 real, 6 MB, 28.20 load
[runlim] sample:		4257.80 time, 4280.01 real, 6 MB, 28.17 load
[runlim] sample:		4267.75 time, 4290.01 real, 6 MB, 28.22 load
[runlim] sample:		4277.71 time, 4300.01 real, 6 MB, 28.19 load
[runlim] sample:		4287.66 time, 4310.01 real, 6 MB, 28.16 load
[runlim] sample:		4297.62 time, 4320.01 real, 6 MB, 28.13 load
[runlim] sample:		4307.57 time, 4330.01 real, 6 MB, 28.11 load
[runlim] sample:		4317.53 time, 4340.01 real, 6 MB, 28.09 load
[runlim] sample:		4327.48 time, 4350.01 real, 6 MB, 28.08 load
[runlim] sample:		4337.44 time, 4360.01 real, 6 MB, 28.07 load
[runlim] sample:		4347.39 time, 4370.01 real, 6 MB, 28.06 load
[runlim] sample:		4357.35 time, 4380.01 real, 6 MB, 28.05 load
[runlim] sample:		4367.31 time, 4390.01 real, 6 MB, 28.20 load
[runlim] sample:		4377.26 time, 4400.01 real, 6 MB, 28.17 load
[runlim] sample:		4387.22 time, 4410.01 real, 6 MB, 28.14 load
[runlim] sample:		4397.17 time, 4420.01 real, 6 MB, 28.12 load
[runlim] sample:		4407.13 time, 4430.01 real, 6 MB, 28.10 load
[runlim] sample:		4417.08 time, 4440.01 real, 6 MB, 28.08 load
[runlim] sample:		4427.04 time, 4450.01 real, 6 MB, 28.07 load
[runlim] sample:		4436.99 time, 4460.01 real, 6 MB, 28.06 load
[runlim] sample:		4446.95 time, 4470.01 real, 6 MB, 28.05 load
[runlim] sample:		4456.90 time, 4480.01 real, 6 MB, 28.04 load
[runlim] sample:		4466.86 time, 4490.01 real, 6 MB, 28.04 load
[runlim] sample:		4476.81 time, 4500.01 real, 6 MB, 28.10 load
[runlim] sample:		4486.77 time, 4510.01 real, 6 MB, 28.09 load
[runlim] sample:		4496.72 time, 4520.01 real, 6 MB, 28.07 load
[runlim] sample:		4506.68 time, 4530.01 real, 6 MB, 28.06 load
[runlim] sample:		4516.63 time, 4540.01 real, 6 MB, 28.05 load
[runlim] sample:		4526.59 time, 4550.01 real, 6 MB, 28.04 load
[runlim] sample:		4536.54 time, 4560.01 real, 6 MB, 28.27 load
[runlim] sample:		4546.50 time, 4570.01 real, 6 MB, 28.23 load
[runlim] sample:		4556.45 time, 4580.01 real, 6 MB, 28.19 load
[runlim] sample:		4566.41 time, 4590.01 real, 6 MB, 28.16 load
[runlim] sample:		4576.36 time, 4600.01 real, 6 MB, 28.22 load
[runlim] sample:		4586.32 time, 4610.01 real, 6 MB, 28.18 load
[runlim] sample:		4596.27 time, 4620.01 real, 6 MB, 28.23 load
[runlim] sample:		4606.22 time, 4630.01 real, 6 MB, 28.27 load
[runlim] sample:		4616.18 time, 4640.01 real, 6 MB, 28.31 load
[runlim] sample:		4626.13 time, 4650.01 real, 6 MB, 28.26 load
[runlim] sample:		4636.09 time, 4660.01 real, 6 MB, 28.38 load
[runlim] sample:		4646.04 time, 4670.01 real, 6 MB, 28.55 load
[runlim] sample:		4656.00 time, 4680.01 real, 6 MB, 28.62 load
[runlim] sample:		4665.95 time, 4690.01 real, 6 MB, 28.68 load
[runlim] sample:		4675.91 time, 4700.01 real, 6 MB, 28.73 load
[runlim] sample:		4685.86 time, 4710.01 real, 6 MB, 28.77 load
[runlim] sample:		4695.81 time, 4720.01 real, 6 MB, 28.89 load
[runlim] sample:		4705.77 time, 4730.01 real, 6 MB, 28.91 load
[runlim] sample:		4715.72 time, 4740.01 real, 6 MB, 28.92 load
[runlim] sample:		4725.68 time, 4750.01 real, 6 MB, 28.93 load
[runlim] sample:		4735.63 time, 4760.01 real, 6 MB, 28.86 load
[runlim] sample:		4745.59 time, 4770.01 real, 6 MB, 28.80 load
[runlim] sample:		4755.54 time, 4780.01 real, 6 MB, 28.75 load
[runlim] sample:		4765.50 time, 4790.01 real, 6 MB, 28.64 load
[runlim] sample:		4775.45 time, 4800.01 real, 6 MB, 28.61 load
[runlim] sample:		4785.41 time, 4810.01 real, 6 MB, 28.60 load
[runlim] sample:		4795.36 time, 4820.01 real, 6 MB, 28.51 load
[runlim] sample:		4805.32 time, 4830.01 real, 6 MB, 28.43 load
[runlim] sample:		4815.27 time, 4840.01 real, 6 MB, 28.36 load
[runlim] sample:		4825.23 time, 4850.01 real, 6 MB, 28.31 load
[runlim] sample:		4835.18 time, 4860.01 real, 6 MB, 28.33 load
[runlim] sample:		4845.14 time, 4870.01 real, 6 MB, 28.28 load
[runlim] sample:		4855.09 time, 4880.01 real, 6 MB, 28.24 load
[runlim] sample:		4865.05 time, 4890.01 real, 6 MB, 28.20 load
[runlim] sample:		4875.00 time, 4900.01 real, 6 MB, 28.17 load
[runlim] sample:		4884.95 time, 4910.01 real, 6 MB, 28.14 load
[runlim] sample:		4894.91 time, 4920.01 real, 6 MB, 28.19 load
[runlim] sample:		4904.86 time, 4930.01 real, 6 MB, 28.16 load
[runlim] sample:		4914.82 time, 4940.01 real, 6 MB, 28.14 load
[runlim] sample:		4924.77 time, 4950.01 real, 6 MB, 28.12 load
[runlim] sample:		4934.73 time, 4960.01 real, 6 MB, 28.10 load
[runlim] sample:		4944.68 time, 4970.01 real, 6 MB, 28.08 load
[runlim] sample:		4954.63 time, 4980.01 real, 6 MB, 27.29 load
[runlim] sample:		4964.58 time, 4990.01 real, 6 MB, 25.31 load
[runlim] sample:		4974.54 time, 5000.01 real, 6 MB, 22.40 load
[runlim] end:			Wed Apr 15 15:52:11 2026
[runlim] status:		out of time
[runlim] result:		2
[runlim] children:		1
[runlim] processes:		2
[runlim] real:			5000.05 seconds
[runlim] time:			4974.54 seconds
[runlim] space:			6 MB
[runlim] load:			30.07 maximum
[runlim] samples:		50000
