[runlim] version:		2.0.0rc1
[runlim] host:			p08n09
[runlim] time limit:		311040000 seconds
[runlim] real time limit:	5000 seconds
[runlim] space limit:		7000 MB
[runlim] argv[0]:		./binary
[runlim] argv[1]:		-c
[runlim] argv[2]:		/tmp/local-unzipped-12519486-2-69-mc2025_track1_167.cnf
[runlim] start:			Wed Apr 15 14:28:24 2026
[runlim] child:			3069521
[runlim] sample:		9.95 time, 10.01 real, 18 MB, 3.54 load
[runlim] sample:		19.89 time, 20.01 real, 18 MB, 6.01 load
[runlim] sample:		29.84 time, 30.01 real, 18 MB, 9.64 load
[runlim] sample:		39.79 time, 40.01 real, 18 MB, 13.39 load
[runlim] sample:		49.74 time, 50.01 real, 18 MB, 16.56 load
[runlim] sample:		59.69 time, 60.01 real, 18 MB, 19.08 load
[runlim] sample:		69.63 time, 70.01 real, 18 MB, 21.22 load
[runlim] sample:		79.58 time, 80.01 real, 18 MB, 23.04 load
[runlim] sample:		89.53 time, 90.01 real, 18 MB, 24.57 load
[runlim] sample:		99.47 time, 100.01 real, 18 MB, 25.94 load
[runlim] sample:		109.42 time, 110.01 real, 18 MB, 26.95 load
[runlim] sample:		119.37 time, 120.01 real, 18 MB, 27.65 load
[runlim] sample:		129.31 time, 130.01 real, 18 MB, 28.16 load
[runlim] sample:		139.26 time, 140.01 real, 18 MB, 28.60 load
[runlim] sample:		149.21 time, 150.01 real, 18 MB, 28.97 load
[runlim] sample:		159.15 time, 160.01 real, 18 MB, 29.28 load
[runlim] sample:		169.09 time, 170.01 real, 18 MB, 29.69 load
[runlim] sample:		179.04 time, 180.01 real, 18 MB, 29.89 load
[runlim] sample:		188.99 time, 190.01 real, 18 MB, 30.07 load
[runlim] sample:		198.93 time, 200.01 real, 18 MB, 30.06 load
[runlim] sample:		208.88 time, 210.01 real, 18 MB, 29.89 load
[runlim] sample:		218.83 time, 220.01 real, 18 MB, 29.75 load
[runlim] sample:		228.78 time, 230.01 real, 18 MB, 29.64 load
[runlim] sample:		238.72 time, 240.01 real, 18 MB, 29.62 load
[runlim] sample:		248.67 time, 250.01 real, 18 MB, 29.60 load
[runlim] sample:		258.62 time, 260.01 real, 18 MB, 29.51 load
[runlim] sample:		268.56 time, 270.01 real, 18 MB, 29.43 load
[runlim] sample:		278.51 time, 280.01 real, 18 MB, 29.36 load
[runlim] sample:		288.46 time, 290.01 real, 18 MB, 29.31 load
[runlim] sample:		298.41 time, 300.01 real, 18 MB, 29.26 load
[runlim] sample:		308.36 time, 310.01 real, 18 MB, 29.22 load
[runlim] sample:		318.30 time, 320.01 real, 18 MB, 29.18 load
[runlim] sample:		328.25 time, 330.01 real, 18 MB, 29.16 load
[runlim] sample:		338.20 time, 340.01 real, 18 MB, 29.13 load
[runlim] sample:		348.15 time, 350.01 real, 18 MB, 29.11 load
[runlim] sample:		358.10 time, 360.01 real, 18 MB, 29.09 load
[runlim] sample:		368.04 time, 370.01 real, 18 MB, 29.08 load
[runlim] sample:		377.99 time, 380.01 real, 18 MB, 29.07 load
[runlim] sample:		387.94 time, 390.01 real, 18 MB, 29.06 load
[runlim] sample:		397.89 time, 400.01 real, 18 MB, 29.05 load
[runlim] sample:		407.83 time, 410.01 real, 18 MB, 29.04 load
[runlim] sample:		417.78 time, 420.01 real, 18 MB, 29.03 load
[runlim] sample:		427.73 time, 430.01 real, 18 MB, 29.03 load
[runlim] sample:		437.68 time, 440.01 real, 18 MB, 29.02 load
[runlim] sample:		447.62 time, 450.01 real, 18 MB, 29.02 load
[runlim] sample:		457.57 time, 460.01 real, 18 MB, 29.09 load
[runlim] sample:		467.52 time, 470.01 real, 18 MB, 29.08 load
[runlim] sample:		477.47 time, 480.01 real, 18 MB, 29.06 load
[runlim] sample:		487.41 time, 490.01 real, 18 MB, 29.05 load
[runlim] sample:		497.36 time, 500.01 real, 18 MB, 29.04 load
[runlim] sample:		507.31 time, 510.01 real, 18 MB, 29.04 load
[runlim] sample:		517.26 time, 520.01 real, 18 MB, 29.10 load
[runlim] sample:		527.21 time, 530.01 real, 18 MB, 29.09 load
[runlim] sample:		537.15 time, 540.01 real, 18 MB, 29.07 load
[runlim] sample:		547.10 time, 550.01 real, 18 MB, 29.06 load
[runlim] sample:		557.05 time, 560.01 real, 18 MB, 29.05 load
[runlim] sample:		567.00 time, 570.01 real, 18 MB, 29.04 load
[runlim] sample:		576.95 time, 580.01 real, 18 MB, 29.11 load
[runlim] sample:		586.89 time, 590.01 real, 18 MB, 29.09 load
[runlim] sample:		596.84 time, 600.01 real, 18 MB, 29.15 load
[runlim] sample:		606.79 time, 610.01 real, 18 MB, 29.13 load
[runlim] sample:		616.73 time, 620.01 real, 18 MB, 29.19 load
[runlim] sample:		626.68 time, 630.01 real, 18 MB, 29.16 load
[runlim] sample:		636.63 time, 640.01 real, 18 MB, 29.13 load
[runlim] sample:		646.57 time, 650.01 real, 18 MB, 29.11 load
[runlim] sample:		656.52 time, 660.01 real, 18 MB, 29.17 load
[runlim] sample:		666.47 time, 670.01 real, 18 MB, 29.14 load
[runlim] sample:		676.42 time, 680.01 real, 18 MB, 29.12 load
[runlim] sample:		686.36 time, 690.01 real, 18 MB, 29.10 load
[runlim] sample:		696.31 time, 700.01 real, 18 MB, 29.17 load
[runlim] sample:		706.26 time, 710.01 real, 18 MB, 29.14 load
[runlim] sample:		716.20 time, 720.01 real, 18 MB, 29.19 load
[runlim] sample:		726.15 time, 730.01 real, 18 MB, 29.16 load
[runlim] sample:		736.10 time, 740.01 real, 18 MB, 29.22 load
[runlim] sample:		746.05 time, 750.01 real, 18 MB, 29.26 load
[runlim] sample:		755.99 time, 760.01 real, 18 MB, 29.22 load
[runlim] sample:		765.94 time, 770.01 real, 18 MB, 29.18 load
[runlim] sample:		775.89 time, 780.01 real, 18 MB, 29.23 load
[runlim] sample:		785.83 time, 790.01 real, 18 MB, 29.19 load
[runlim] sample:		795.78 time, 800.01 real, 18 MB, 29.16 load
[runlim] sample:		805.73 time, 810.01 real, 18 MB, 29.14 load
[runlim] sample:		815.68 time, 820.01 real, 18 MB, 29.12 load
[runlim] sample:		825.62 time, 830.01 real, 18 MB, 29.10 load
[runlim] sample:		835.57 time, 840.01 real, 18 MB, 29.08 load
[runlim] sample:		845.52 time, 850.01 real, 18 MB, 29.07 load
[runlim] sample:		855.46 time, 860.01 real, 18 MB, 29.13 load
[runlim] sample:		865.41 time, 870.01 real, 18 MB, 29.11 load
[runlim] sample:		875.36 time, 880.01 real, 18 MB, 29.09 load
[runlim] sample:		885.31 time, 890.01 real, 18 MB, 29.08 load
[runlim] sample:		895.25 time, 900.01 real, 18 MB, 29.07 load
[runlim] sample:		905.20 time, 910.01 real, 18 MB, 29.06 load
[runlim] sample:		915.15 time, 920.01 real, 18 MB, 29.12 load
[runlim] sample:		925.10 time, 930.01 real, 18 MB, 29.10 load
[runlim] sample:		935.04 time, 940.01 real, 18 MB, 29.09 load
[runlim] sample:		944.99 time, 950.01 real, 18 MB, 29.07 load
[runlim] sample:		954.94 time, 960.01 real, 18 MB, 29.06 load
[runlim] sample:		964.88 time, 970.01 real, 18 MB, 29.05 load
[runlim] sample:		974.83 time, 980.01 real, 18 MB, 29.12 load
[runlim] sample:		984.78 time, 990.01 real, 18 MB, 29.10 load
[runlim] sample:		994.72 time, 1000.01 real, 18 MB, 29.09 load
[runlim] sample:		1004.67 time, 1010.01 real, 18 MB, 29.07 load
[runlim] sample:		1014.61 time, 1020.01 real, 18 MB, 29.06 load
[runlim] sample:		1024.56 time, 1030.01 real, 18 MB, 29.05 load
[runlim] sample:		1034.49 time, 1040.01 real, 18 MB, 29.12 load
[runlim] sample:		1044.42 time, 1050.01 real, 18 MB, 29.10 load
[runlim] sample:		1054.34 time, 1060.01 real, 18 MB, 29.16 load
[runlim] sample:		1064.27 time, 1070.01 real, 18 MB, 29.14 load
[runlim] sample:		1074.20 time, 1080.01 real, 18 MB, 29.34 load
[runlim] sample:		1084.12 time, 1090.01 real, 18 MB, 29.28 load
[runlim] sample:		1094.05 time, 1100.01 real, 18 MB, 29.24 load
[runlim] sample:		1103.97 time, 1110.01 real, 18 MB, 29.20 load
[runlim] sample:		1113.91 time, 1120.01 real, 18 MB, 29.33 load
[runlim] sample:		1123.84 time, 1130.01 real, 18 MB, 29.27 load
[runlim] sample:		1133.77 time, 1140.01 real, 18 MB, 29.23 load
[runlim] sample:		1143.70 time, 1150.01 real, 18 MB, 29.20 load
[runlim] sample:		1153.63 time, 1160.01 real, 18 MB, 29.16 load
[runlim] sample:		1163.57 time, 1170.01 real, 18 MB, 29.14 load
[runlim] sample:		1173.49 time, 1180.01 real, 18 MB, 29.12 load
[runlim] sample:		1183.43 time, 1190.01 real, 18 MB, 29.10 load
[runlim] sample:		1193.36 time, 1200.01 real, 18 MB, 29.16 load
[runlim] sample:		1203.30 time, 1210.01 real, 18 MB, 29.14 load
[runlim] sample:		1213.23 time, 1220.01 real, 18 MB, 29.12 load
[runlim] sample:		1223.15 time, 1230.01 real, 18 MB, 29.10 load
[runlim] sample:		1233.09 time, 1240.01 real, 18 MB, 29.16 load
[runlim] sample:		1243.01 time, 1250.01 real, 18 MB, 29.21 load
[runlim] sample:		1252.95 time, 1260.01 real, 18 MB, 29.25 load
[runlim] sample:		1262.87 time, 1270.01 real, 18 MB, 29.21 load
[runlim] sample:		1272.81 time, 1280.01 real, 18 MB, 29.18 load
[runlim] sample:		1282.73 time, 1290.01 real, 18 MB, 29.15 load
[runlim] sample:		1292.66 time, 1300.01 real, 18 MB, 29.13 load
[runlim] sample:		1302.60 time, 1310.01 real, 18 MB, 29.11 load
[runlim] sample:		1312.52 time, 1320.01 real, 18 MB, 29.16 load
[runlim] sample:		1322.46 time, 1330.01 real, 18 MB, 29.14 load
[runlim] sample:		1332.38 time, 1340.01 real, 18 MB, 29.12 load
[runlim] sample:		1342.32 time, 1350.01 real, 18 MB, 29.10 load
[runlim] sample:		1352.25 time, 1360.01 real, 18 MB, 29.08 load
[runlim] sample:		1362.18 time, 1370.01 real, 18 MB, 29.07 load
[runlim] sample:		1372.13 time, 1380.01 real, 18 MB, 29.13 load
[runlim] sample:		1382.08 time, 1390.01 real, 18 MB, 29.11 load
[runlim] sample:		1392.02 time, 1400.01 real, 18 MB, 29.09 load
[runlim] sample:		1401.97 time, 1410.01 real, 18 MB, 29.08 load
[runlim] sample:		1411.92 time, 1420.01 real, 18 MB, 29.07 load
[runlim] sample:		1421.86 time, 1430.01 real, 18 MB, 29.06 load
[runlim] sample:		1431.81 time, 1440.01 real, 18 MB, 29.12 load
[runlim] sample:		1441.76 time, 1450.01 real, 18 MB, 29.10 load
[runlim] sample:		1451.70 time, 1460.01 real, 18 MB, 29.09 load
[runlim] sample:		1461.65 time, 1470.01 real, 18 MB, 29.07 load
[runlim] sample:		1471.60 time, 1480.01 real, 18 MB, 29.06 load
[runlim] sample:		1481.54 time, 1490.01 real, 18 MB, 29.05 load
[runlim] sample:		1491.49 time, 1500.01 real, 18 MB, 29.12 load
[runlim] sample:		1501.44 time, 1510.01 real, 18 MB, 29.10 load
[runlim] sample:		1511.38 time, 1520.01 real, 18 MB, 29.08 load
[runlim] sample:		1521.33 time, 1530.01 real, 18 MB, 29.07 load
[runlim] sample:		1531.28 time, 1540.01 real, 18 MB, 29.06 load
[runlim] sample:		1541.22 time, 1550.01 real, 18 MB, 29.05 load
[runlim] sample:		1551.15 time, 1560.01 real, 18 MB, 29.11 load
[runlim] sample:		1561.08 time, 1570.01 real, 18 MB, 29.10 load
[runlim] sample:		1571.01 time, 1580.01 real, 18 MB, 29.08 load
[runlim] sample:		1580.94 time, 1590.01 real, 18 MB, 29.07 load
[runlim] sample:		1590.87 time, 1600.01 real, 18 MB, 29.06 load
[runlim] sample:		1600.79 time, 1610.01 real, 18 MB, 29.05 load
[runlim] sample:		1610.73 time, 1620.01 real, 18 MB, 29.11 load
[runlim] sample:		1620.66 time, 1630.01 real, 18 MB, 29.10 load
[runlim] sample:		1630.59 time, 1640.01 real, 18 MB, 29.08 load
[runlim] sample:		1640.52 time, 1650.01 real, 18 MB, 29.07 load
[runlim] sample:		1650.44 time, 1660.01 real, 18 MB, 29.06 load
[runlim] sample:		1660.38 time, 1670.01 real, 18 MB, 29.05 load
[runlim] sample:		1670.30 time, 1680.01 real, 18 MB, 29.11 load
[runlim] sample:		1680.23 time, 1690.01 real, 18 MB, 29.10 load
[runlim] sample:		1690.17 time, 1700.01 real, 18 MB, 29.08 load
[runlim] sample:		1700.09 time, 1710.01 real, 18 MB, 29.07 load
[runlim] sample:		1710.03 time, 1720.01 real, 18 MB, 29.13 load
[runlim] sample:		1719.95 time, 1730.01 real, 18 MB, 29.11 load
[runlim] sample:		1729.88 time, 1740.01 real, 18 MB, 29.25 load
[runlim] sample:		1739.81 time, 1750.01 real, 18 MB, 29.28 load
[runlim] sample:		1749.75 time, 1760.01 real, 18 MB, 29.24 load
[runlim] sample:		1759.67 time, 1770.01 real, 18 MB, 29.20 load
[runlim] sample:		1769.61 time, 1780.01 real, 18 MB, 29.17 load
[runlim] sample:		1779.53 time, 1790.01 real, 18 MB, 29.14 load
[runlim] sample:		1789.47 time, 1800.01 real, 18 MB, 29.20 load
[runlim] sample:		1799.40 time, 1810.01 real, 18 MB, 29.16 load
[runlim] sample:		1809.33 time, 1820.01 real, 18 MB, 29.14 load
[runlim] sample:		1819.25 time, 1830.01 real, 18 MB, 29.12 load
[runlim] sample:		1829.18 time, 1840.01 real, 18 MB, 29.10 load
[runlim] sample:		1839.11 time, 1850.01 real, 18 MB, 29.08 load
[runlim] sample:		1849.05 time, 1860.01 real, 18 MB, 29.14 load
[runlim] sample:		1858.98 time, 1870.01 real, 18 MB, 29.12 load
[runlim] sample:		1868.91 time, 1880.01 real, 18 MB, 29.18 load
[runlim] sample:		1878.83 time, 1890.01 real, 18 MB, 29.15 load
[runlim] sample:		1888.77 time, 1900.01 real, 18 MB, 29.13 load
[runlim] sample:		1898.70 time, 1910.01 real, 18 MB, 29.11 load
[runlim] sample:		1908.63 time, 1920.01 real, 18 MB, 29.16 load
[runlim] sample:		1918.56 time, 1930.01 real, 18 MB, 29.14 load
[runlim] sample:		1928.49 time, 1940.01 real, 18 MB, 29.12 load
[runlim] sample:		1938.42 time, 1950.01 real, 18 MB, 29.10 load
[runlim] sample:		1948.35 time, 1960.01 real, 18 MB, 29.08 load
[runlim] sample:		1958.28 time, 1970.01 real, 18 MB, 29.14 load
[runlim] sample:		1968.21 time, 1980.01 real, 18 MB, 29.20 load
[runlim] sample:		1978.14 time, 1990.01 real, 18 MB, 29.16 load
[runlim] sample:		1988.07 time, 2000.01 real, 18 MB, 29.14 load
[runlim] sample:		1998.00 time, 2010.01 real, 18 MB, 29.12 load
[runlim] sample:		2007.94 time, 2020.01 real, 18 MB, 29.10 load
[runlim] sample:		2017.86 time, 2030.01 real, 18 MB, 29.08 load
[runlim] sample:		2027.79 time, 2040.01 real, 18 MB, 29.14 load
[runlim] sample:		2037.72 time, 2050.01 real, 18 MB, 29.12 load
[runlim] sample:		2047.65 time, 2060.01 real, 18 MB, 29.10 load
[runlim] sample:		2057.59 time, 2070.01 real, 18 MB, 29.09 load
[runlim] sample:		2067.52 time, 2080.01 real, 18 MB, 29.07 load
[runlim] sample:		2077.44 time, 2090.01 real, 18 MB, 29.06 load
[runlim] sample:		2087.37 time, 2100.01 real, 18 MB, 29.13 load
[runlim] sample:		2097.30 time, 2110.01 real, 18 MB, 29.11 load
[runlim] sample:		2107.23 time, 2120.01 real, 18 MB, 29.09 load
[runlim] sample:		2117.17 time, 2130.01 real, 18 MB, 29.08 load
[runlim] sample:		2127.10 time, 2140.01 real, 18 MB, 29.06 load
[runlim] sample:		2137.03 time, 2150.01 real, 18 MB, 29.05 load
[runlim] sample:		2146.96 time, 2160.01 real, 18 MB, 29.12 load
[runlim] sample:		2156.89 time, 2170.01 real, 18 MB, 29.10 load
[runlim] sample:		2166.82 time, 2180.01 real, 18 MB, 29.08 load
[runlim] sample:		2176.75 time, 2190.01 real, 18 MB, 29.15 load
[runlim] sample:		2186.68 time, 2200.01 real, 18 MB, 29.13 load
[runlim] sample:		2196.61 time, 2210.01 real, 18 MB, 29.11 load
[runlim] sample:		2206.54 time, 2220.01 real, 18 MB, 29.16 load
[runlim] sample:		2216.47 time, 2230.01 real, 18 MB, 29.14 load
[runlim] sample:		2226.41 time, 2240.01 real, 18 MB, 29.20 load
[runlim] sample:		2236.33 time, 2250.01 real, 18 MB, 29.24 load
[runlim] sample:		2246.26 time, 2260.01 real, 18 MB, 29.20 load
[runlim] sample:		2256.20 time, 2270.01 real, 18 MB, 29.17 load
[runlim] sample:		2266.12 time, 2280.01 real, 18 MB, 29.22 load
[runlim] sample:		2276.05 time, 2290.01 real, 18 MB, 29.18 load
[runlim] sample:		2285.99 time, 2300.01 real, 18 MB, 29.16 load
[runlim] sample:		2295.91 time, 2310.01 real, 18 MB, 29.13 load
[runlim] sample:		2305.84 time, 2320.01 real, 18 MB, 29.11 load
[runlim] sample:		2315.77 time, 2330.01 real, 18 MB, 29.09 load
[runlim] sample:		2325.70 time, 2340.01 real, 18 MB, 29.08 load
[runlim] sample:		2335.64 time, 2350.01 real, 18 MB, 29.07 load
[runlim] sample:		2345.57 time, 2360.01 real, 18 MB, 29.13 load
[runlim] sample:		2355.50 time, 2370.01 real, 18 MB, 29.11 load
[runlim] sample:		2365.43 time, 2380.01 real, 18 MB, 29.09 load
[runlim] sample:		2375.36 time, 2390.01 real, 18 MB, 29.08 load
[runlim] sample:		2385.29 time, 2400.01 real, 18 MB, 29.07 load
[runlim] sample:		2395.22 time, 2410.01 real, 18 MB, 29.06 load
[runlim] sample:		2405.16 time, 2420.01 real, 18 MB, 29.12 load
[runlim] sample:		2415.08 time, 2430.01 real, 18 MB, 29.10 load
[runlim] sample:		2425.01 time, 2440.01 real, 18 MB, 29.08 load
[runlim] sample:		2434.94 time, 2450.01 real, 18 MB, 29.07 load
[runlim] sample:		2444.87 time, 2460.01 real, 18 MB, 29.06 load
[runlim] sample:		2454.80 time, 2470.01 real, 18 MB, 29.05 load
[runlim] sample:		2464.73 time, 2480.01 real, 18 MB, 29.12 load
[runlim] end:			Wed Apr 15 15:09:52 2026
[runlim] status:		ok
[runlim] result:		0
[runlim] children:		1
[runlim] processes:		2
[runlim] real:			2487.98 seconds
[runlim] time:			2472.58 seconds
[runlim] space:			18 MB
[runlim] load:			30.07 maximum
[runlim] samples:		24879
