[runlim] version:		2.0.0rc1
[runlim] host:			p03n11
[runlim] time limit:		311040000 seconds
[runlim] real time limit:	5000 seconds
[runlim] space limit:		7000 MB
[runlim] argv[0]:		./binary
[runlim] argv[1]:		-c
[runlim] argv[2]:		/tmp/local-unzipped-12519486-1-64-mc2025_track1_121.cnf
[runlim] start:			Wed Apr 15 14:20:43 2026
[runlim] child:			69475
[runlim] sample:		9.90 time, 10.01 real, 28 MB, 32.18 load
[runlim] sample:		19.81 time, 20.01 real, 28 MB, 36.99 load
[runlim] sample:		29.73 time, 30.01 real, 28 MB, 40.99 load
[runlim] sample:		39.66 time, 40.01 real, 28 MB, 44.21 load
[runlim] sample:		49.59 time, 50.01 real, 28 MB, 46.64 load
[runlim] sample:		59.53 time, 60.01 real, 28 MB, 48.69 load
[runlim] sample:		69.46 time, 70.01 real, 28 MB, 50.50 load
[runlim] sample:		79.39 time, 80.01 real, 28 MB, 51.96 load
[runlim] sample:		89.32 time, 90.01 real, 28 MB, 52.97 load
[runlim] sample:		99.26 time, 100.01 real, 28 MB, 53.74 load
[runlim] sample:		109.19 time, 110.01 real, 28 MB, 54.24 load
[runlim] sample:		119.12 time, 120.01 real, 28 MB, 54.67 load
[runlim] sample:		129.05 time, 130.01 real, 28 MB, 55.03 load
[runlim] sample:		138.98 time, 140.01 real, 28 MB, 55.57 load
[runlim] sample:		148.92 time, 150.01 real, 28 MB, 55.79 load
[runlim] sample:		158.85 time, 160.01 real, 28 MB, 55.98 load
[runlim] sample:		168.79 time, 170.01 real, 28 MB, 56.13 load
[runlim] sample:		178.73 time, 180.01 real, 28 MB, 56.27 load
[runlim] sample:		188.66 time, 190.01 real, 28 MB, 56.38 load
[runlim] sample:		198.60 time, 200.01 real, 28 MB, 56.48 load
[runlim] sample:		208.53 time, 210.01 real, 28 MB, 56.56 load
[runlim] sample:		218.46 time, 220.01 real, 28 MB, 56.63 load
[runlim] sample:		228.40 time, 230.01 real, 28 MB, 56.68 load
[runlim] sample:		238.33 time, 240.01 real, 28 MB, 56.65 load
[runlim] sample:		248.26 time, 250.01 real, 28 MB, 56.77 load
[runlim] sample:		258.20 time, 260.01 real, 28 MB, 56.65 load
[runlim] sample:		268.13 time, 270.01 real, 28 MB, 56.55 load
[runlim] sample:		278.06 time, 280.01 real, 28 MB, 56.47 load
[runlim] sample:		288.00 time, 290.01 real, 28 MB, 56.39 load
[runlim] sample:		297.93 time, 300.01 real, 28 MB, 56.33 load
[runlim] sample:		307.87 time, 310.01 real, 28 MB, 56.28 load
[runlim] sample:		317.80 time, 320.01 real, 28 MB, 56.24 load
[runlim] sample:		327.74 time, 330.01 real, 28 MB, 56.27 load
[runlim] sample:		337.67 time, 340.01 real, 28 MB, 56.23 load
[runlim] sample:		347.60 time, 350.01 real, 28 MB, 56.20 load
[runlim] sample:		357.54 time, 360.01 real, 28 MB, 56.16 load
[runlim] sample:		367.47 time, 370.01 real, 28 MB, 56.21 load
[runlim] sample:		377.41 time, 380.01 real, 28 MB, 56.18 load
[runlim] sample:		387.34 time, 390.01 real, 28 MB, 56.31 load
[runlim] sample:		397.28 time, 400.01 real, 28 MB, 56.26 load
[runlim] sample:		407.21 time, 410.01 real, 28 MB, 56.22 load
[runlim] sample:		417.15 time, 420.01 real, 28 MB, 56.18 load
[runlim] sample:		427.09 time, 430.01 real, 28 MB, 56.23 load
[runlim] sample:		437.02 time, 440.01 real, 28 MB, 56.19 load
[runlim] sample:		446.96 time, 450.01 real, 28 MB, 56.16 load
[runlim] sample:		456.89 time, 460.01 real, 28 MB, 56.14 load
[runlim] sample:		466.83 time, 470.01 real, 28 MB, 56.20 load
[runlim] sample:		476.76 time, 480.01 real, 28 MB, 56.17 load
[runlim] sample:		486.70 time, 490.01 real, 28 MB, 56.14 load
[runlim] sample:		496.63 time, 500.01 real, 28 MB, 56.12 load
[runlim] sample:		506.57 time, 510.01 real, 28 MB, 56.10 load
[runlim] sample:		516.50 time, 520.01 real, 28 MB, 56.08 load
[runlim] sample:		526.44 time, 530.01 real, 28 MB, 56.15 load
[runlim] sample:		536.38 time, 540.01 real, 28 MB, 56.13 load
[runlim] sample:		546.31 time, 550.01 real, 28 MB, 56.18 load
[runlim] sample:		556.24 time, 560.01 real, 28 MB, 56.30 load
[runlim] sample:		566.15 time, 570.01 real, 28 MB, 56.25 load
[runlim] sample:		576.08 time, 580.01 real, 28 MB, 56.30 load
[runlim] sample:		586.01 time, 590.01 real, 28 MB, 56.32 load
[runlim] sample:		595.95 time, 600.01 real, 28 MB, 56.27 load
[runlim] sample:		605.89 time, 610.01 real, 28 MB, 56.31 load
[runlim] sample:		615.82 time, 620.01 real, 28 MB, 56.26 load
[runlim] sample:		625.76 time, 630.01 real, 28 MB, 56.30 load
[runlim] sample:		635.70 time, 640.01 real, 28 MB, 56.25 load
[runlim] sample:		645.64 time, 650.01 real, 28 MB, 56.29 load
[runlim] sample:		655.57 time, 660.01 real, 28 MB, 56.25 load
[runlim] sample:		665.51 time, 670.01 real, 28 MB, 56.21 load
[runlim] sample:		675.45 time, 680.01 real, 28 MB, 56.18 load
[runlim] sample:		685.38 time, 690.01 real, 28 MB, 56.22 load
[runlim] sample:		695.32 time, 700.01 real, 28 MB, 56.27 load
[runlim] sample:		705.26 time, 710.01 real, 28 MB, 56.23 load
[runlim] sample:		715.20 time, 720.01 real, 28 MB, 56.19 load
[runlim] sample:		725.13 time, 730.01 real, 28 MB, 56.24 load
[runlim] sample:		735.07 time, 740.01 real, 28 MB, 56.20 load
[runlim] sample:		745.01 time, 750.01 real, 28 MB, 56.25 load
[runlim] sample:		754.95 time, 760.01 real, 28 MB, 56.21 load
[runlim] sample:		764.89 time, 770.01 real, 28 MB, 56.18 load
[runlim] sample:		774.83 time, 780.01 real, 28 MB, 56.15 load
[runlim] sample:		784.76 time, 790.01 real, 28 MB, 56.13 load
[runlim] sample:		794.70 time, 800.01 real, 28 MB, 56.27 load
[runlim] sample:		804.64 time, 810.01 real, 28 MB, 56.23 load
[runlim] sample:		814.57 time, 820.01 real, 28 MB, 56.19 load
[runlim] sample:		824.51 time, 830.01 real, 28 MB, 56.16 load
[runlim] sample:		834.45 time, 840.01 real, 28 MB, 56.14 load
[runlim] sample:		844.38 time, 850.01 real, 28 MB, 56.11 load
[runlim] sample:		854.32 time, 860.01 real, 28 MB, 56.10 load
[runlim] sample:		864.25 time, 870.01 real, 28 MB, 56.08 load
[runlim] sample:		874.19 time, 880.01 real, 28 MB, 56.07 load
[runlim] sample:		884.13 time, 890.01 real, 28 MB, 56.14 load
[runlim] sample:		894.07 time, 900.01 real, 28 MB, 56.12 load
[runlim] sample:		904.01 time, 910.01 real, 28 MB, 56.18 load
[runlim] sample:		913.94 time, 920.01 real, 28 MB, 56.30 load
[runlim] sample:		923.88 time, 930.01 real, 28 MB, 56.25 load
[runlim] sample:		933.81 time, 940.01 real, 28 MB, 56.21 load
[runlim] sample:		943.75 time, 950.01 real, 28 MB, 56.18 load
[runlim] sample:		953.69 time, 960.01 real, 28 MB, 56.15 load
[runlim] sample:		963.63 time, 970.01 real, 28 MB, 56.21 load
[runlim] sample:		973.57 time, 980.01 real, 28 MB, 56.25 load
[runlim] sample:		983.51 time, 990.01 real, 28 MB, 56.21 load
[runlim] sample:		993.45 time, 1000.01 real, 28 MB, 56.18 load
[runlim] sample:		1003.40 time, 1010.01 real, 28 MB, 56.22 load
[runlim] sample:		1013.34 time, 1020.01 real, 28 MB, 56.19 load
[runlim] sample:		1023.29 time, 1030.01 real, 28 MB, 56.16 load
[runlim] sample:		1033.23 time, 1040.01 real, 28 MB, 56.21 load
[runlim] sample:		1043.18 time, 1050.01 real, 28 MB, 56.19 load
[runlim] sample:		1053.12 time, 1060.01 real, 28 MB, 56.16 load
[runlim] sample:		1063.07 time, 1070.01 real, 28 MB, 56.14 load
[runlim] sample:		1073.01 time, 1080.01 real, 28 MB, 56.12 load
[runlim] sample:		1082.96 time, 1090.01 real, 28 MB, 56.10 load
[runlim] sample:		1092.90 time, 1100.01 real, 28 MB, 56.08 load
[runlim] sample:		1102.84 time, 1110.01 real, 28 MB, 56.07 load
[runlim] sample:		1112.79 time, 1120.01 real, 28 MB, 56.14 load
[runlim] sample:		1122.73 time, 1130.01 real, 28 MB, 56.12 load
[runlim] sample:		1132.67 time, 1140.01 real, 28 MB, 56.10 load
[runlim] sample:		1142.62 time, 1150.01 real, 28 MB, 56.08 load
[runlim] sample:		1152.56 time, 1160.01 real, 28 MB, 56.07 load
[runlim] sample:		1162.50 time, 1170.01 real, 28 MB, 56.06 load
[runlim] sample:		1172.44 time, 1180.01 real, 28 MB, 56.13 load
[runlim] sample:		1182.39 time, 1190.01 real, 28 MB, 56.11 load
[runlim] sample:		1192.33 time, 1200.01 real, 28 MB, 56.09 load
[runlim] sample:		1202.27 time, 1210.01 real, 28 MB, 56.08 load
[runlim] sample:		1212.22 time, 1220.01 real, 28 MB, 56.06 load
[runlim] sample:		1222.16 time, 1230.01 real, 28 MB, 56.05 load
[runlim] sample:		1232.10 time, 1240.01 real, 28 MB, 56.13 load
[runlim] sample:		1242.04 time, 1250.01 real, 28 MB, 56.11 load
[runlim] sample:		1251.97 time, 1260.01 real, 29 MB, 56.17 load
[runlim] sample:		1261.90 time, 1270.01 real, 29 MB, 56.14 load
[runlim] sample:		1271.84 time, 1280.01 real, 29 MB, 56.12 load
[runlim] sample:		1281.78 time, 1290.01 real, 29 MB, 56.10 load
[runlim] sample:		1291.72 time, 1300.01 real, 29 MB, 56.09 load
[runlim] sample:		1301.67 time, 1310.01 real, 29 MB, 56.15 load
[runlim] sample:		1311.61 time, 1320.01 real, 29 MB, 56.21 load
[runlim] sample:		1321.55 time, 1330.01 real, 29 MB, 56.18 load
[runlim] sample:		1331.50 time, 1340.01 real, 29 MB, 56.15 load
[runlim] sample:		1341.44 time, 1350.01 real, 29 MB, 56.05 load
[runlim] sample:		1351.38 time, 1360.01 real, 29 MB, 55.88 load
[runlim] sample:		1361.33 time, 1370.01 real, 29 MB, 55.75 load
[runlim] sample:		1371.27 time, 1380.01 real, 29 MB, 55.71 load
[runlim] sample:		1381.21 time, 1390.01 real, 29 MB, 55.60 load
[runlim] sample:		1391.15 time, 1400.01 real, 29 MB, 55.58 load
[runlim] sample:		1401.09 time, 1410.01 real, 29 MB, 55.57 load
[runlim] sample:		1411.03 time, 1420.01 real, 29 MB, 55.48 load
[runlim] sample:		1420.98 time, 1430.01 real, 29 MB, 55.41 load
[runlim] sample:		1430.92 time, 1440.01 real, 29 MB, 55.42 load
[runlim] sample:		1440.86 time, 1450.01 real, 29 MB, 55.36 load
[runlim] sample:		1450.80 time, 1460.01 real, 29 MB, 55.30 load
[runlim] sample:		1460.74 time, 1470.01 real, 29 MB, 55.26 load
[runlim] sample:		1470.69 time, 1480.01 real, 29 MB, 55.29 load
[runlim] sample:		1480.63 time, 1490.01 real, 29 MB, 55.25 load
[runlim] sample:		1490.58 time, 1500.01 real, 29 MB, 55.21 load
[runlim] sample:		1500.52 time, 1510.01 real, 29 MB, 55.17 load
[runlim] sample:		1510.46 time, 1520.01 real, 29 MB, 55.23 load
[runlim] sample:		1520.40 time, 1530.01 real, 29 MB, 55.19 load
[runlim] sample:		1530.35 time, 1540.01 real, 29 MB, 55.16 load
[runlim] sample:		1540.29 time, 1550.01 real, 29 MB, 55.14 load
[runlim] sample:		1550.23 time, 1560.01 real, 29 MB, 55.20 load
[runlim] sample:		1560.18 time, 1570.01 real, 29 MB, 55.17 load
[runlim] sample:		1570.12 time, 1580.01 real, 29 MB, 55.30 load
[runlim] sample:		1580.07 time, 1590.01 real, 29 MB, 55.25 load
[runlim] sample:		1590.01 time, 1600.01 real, 29 MB, 55.21 load
[runlim] sample:		1599.95 time, 1610.01 real, 29 MB, 55.25 load
[runlim] sample:		1609.90 time, 1620.01 real, 29 MB, 55.36 load
[runlim] sample:		1619.84 time, 1630.01 real, 29 MB, 55.31 load
[runlim] sample:		1629.77 time, 1640.01 real, 29 MB, 55.49 load
[runlim] sample:		1639.73 time, 1650.01 real, 29 MB, 55.58 load
[runlim] sample:		1649.68 time, 1660.01 real, 29 MB, 55.49 load
[runlim] sample:		1659.63 time, 1670.01 real, 29 MB, 55.41 load
[runlim] sample:		1669.58 time, 1680.01 real, 29 MB, 55.35 load
[runlim] sample:		1679.54 time, 1690.01 real, 29 MB, 55.37 load
[runlim] sample:		1689.48 time, 1700.01 real, 29 MB, 55.31 load
[runlim] sample:		1699.42 time, 1710.01 real, 29 MB, 55.26 load
[runlim] sample:		1709.36 time, 1720.01 real, 29 MB, 55.46 load
[runlim] sample:		1719.31 time, 1730.01 real, 29 MB, 55.39 load
[runlim] sample:		1729.25 time, 1740.01 real, 29 MB, 55.41 load
[runlim] sample:		1739.19 time, 1750.01 real, 29 MB, 55.34 load
[runlim] sample:		1749.14 time, 1760.01 real, 29 MB, 55.29 load
[runlim] sample:		1759.08 time, 1770.01 real, 29 MB, 55.25 load
[runlim] sample:		1769.03 time, 1780.01 real, 29 MB, 55.29 load
[runlim] sample:		1778.97 time, 1790.01 real, 29 MB, 55.24 load
[runlim] sample:		1788.92 time, 1800.01 real, 29 MB, 55.21 load
[runlim] sample:		1798.86 time, 1810.01 real, 29 MB, 55.17 load
[runlim] sample:		1808.80 time, 1820.01 real, 29 MB, 55.15 load
[runlim] sample:		1818.75 time, 1830.01 real, 29 MB, 55.12 load
[runlim] sample:		1828.69 time, 1840.01 real, 29 MB, 55.18 load
[runlim] sample:		1838.64 time, 1850.01 real, 29 MB, 55.16 load
[runlim] sample:		1848.58 time, 1860.01 real, 29 MB, 55.13 load
[runlim] sample:		1858.53 time, 1870.01 real, 29 MB, 55.11 load
[runlim] sample:		1868.47 time, 1880.01 real, 29 MB, 55.09 load
[runlim] sample:		1878.42 time, 1890.01 real, 29 MB, 55.08 load
[runlim] sample:		1888.36 time, 1900.01 real, 29 MB, 55.30 load
[runlim] sample:		1898.31 time, 1910.01 real, 29 MB, 55.25 load
[runlim] sample:		1908.25 time, 1920.01 real, 29 MB, 55.21 load
[runlim] sample:		1918.20 time, 1930.01 real, 29 MB, 55.18 load
[runlim] sample:		1928.14 time, 1940.01 real, 29 MB, 55.15 load
[runlim] sample:		1938.09 time, 1950.01 real, 29 MB, 55.13 load
[runlim] sample:		1948.03 time, 1960.01 real, 29 MB, 55.19 load
[runlim] sample:		1957.98 time, 1970.01 real, 29 MB, 55.08 load
[runlim] sample:		1967.92 time, 1980.01 real, 29 MB, 54.91 load
[runlim] sample:		1977.87 time, 1990.01 real, 29 MB, 54.77 load
[runlim] sample:		1987.82 time, 2000.01 real, 29 MB, 54.65 load
[runlim] sample:		1997.76 time, 2010.01 real, 29 MB, 54.55 load
[runlim] sample:		2007.71 time, 2020.01 real, 29 MB, 54.55 load
[runlim] sample:		2017.65 time, 2030.01 real, 29 MB, 54.46 load
[runlim] sample:		2027.60 time, 2040.01 real, 29 MB, 54.39 load
[runlim] sample:		2037.54 time, 2050.01 real, 29 MB, 54.41 load
[runlim] sample:		2047.49 time, 2060.01 real, 29 MB, 54.43 load
[runlim] sample:		2057.43 time, 2070.01 real, 29 MB, 54.36 load
[runlim] sample:		2067.38 time, 2080.01 real, 29 MB, 54.47 load
[runlim] sample:		2077.33 time, 2090.01 real, 29 MB, 54.39 load
[runlim] sample:		2087.27 time, 2100.01 real, 29 MB, 54.33 load
[runlim] sample:		2097.22 time, 2110.01 real, 29 MB, 54.28 load
[runlim] sample:		2107.16 time, 2120.01 real, 29 MB, 54.24 load
[runlim] sample:		2117.11 time, 2130.01 real, 29 MB, 54.20 load
[runlim] sample:		2127.05 time, 2140.01 real, 29 MB, 54.25 load
[runlim] sample:		2137.00 time, 2150.01 real, 29 MB, 54.21 load
[runlim] sample:		2146.94 time, 2160.01 real, 29 MB, 54.18 load
[runlim] sample:		2156.89 time, 2170.01 real, 29 MB, 54.15 load
[runlim] sample:		2166.83 time, 2180.01 real, 29 MB, 54.13 load
[runlim] sample:		2176.78 time, 2190.01 real, 29 MB, 54.11 load
[runlim] sample:		2186.72 time, 2200.01 real, 29 MB, 54.25 load
[runlim] sample:		2196.67 time, 2210.01 real, 29 MB, 54.21 load
[runlim] sample:		2206.61 time, 2220.01 real, 29 MB, 54.17 load
[runlim] sample:		2216.56 time, 2230.01 real, 29 MB, 54.15 load
[runlim] sample:		2226.50 time, 2240.01 real, 29 MB, 54.28 load
[runlim] sample:		2236.45 time, 2250.01 real, 29 MB, 54.24 load
[runlim] sample:		2246.39 time, 2260.01 real, 29 MB, 54.28 load
[runlim] sample:		2256.34 time, 2270.01 real, 29 MB, 54.24 load
[runlim] sample:		2266.28 time, 2280.01 real, 29 MB, 54.20 load
[runlim] sample:		2276.23 time, 2290.01 real, 29 MB, 54.17 load
[runlim] sample:		2286.17 time, 2300.01 real, 29 MB, 54.22 load
[runlim] sample:		2296.12 time, 2310.01 real, 29 MB, 54.19 load
[runlim] sample:		2306.06 time, 2320.01 real, 29 MB, 54.24 load
[runlim] sample:		2316.01 time, 2330.01 real, 29 MB, 54.28 load
[runlim] sample:		2325.95 time, 2340.01 real, 29 MB, 54.31 load
[runlim] sample:		2335.90 time, 2350.01 real, 29 MB, 54.27 load
[runlim] sample:		2345.84 time, 2360.01 real, 29 MB, 54.22 load
[runlim] sample:		2355.79 time, 2370.01 real, 29 MB, 54.19 load
[runlim] sample:		2365.73 time, 2380.01 real, 29 MB, 54.24 load
[runlim] sample:		2375.68 time, 2390.01 real, 29 MB, 54.20 load
[runlim] sample:		2385.62 time, 2400.01 real, 29 MB, 54.25 load
[runlim] sample:		2395.57 time, 2410.01 real, 29 MB, 54.21 load
[runlim] sample:		2405.51 time, 2420.01 real, 29 MB, 54.25 load
[runlim] sample:		2415.45 time, 2430.01 real, 29 MB, 54.21 load
[runlim] sample:		2425.40 time, 2440.01 real, 29 MB, 54.26 load
[runlim] sample:		2435.34 time, 2450.01 real, 29 MB, 54.22 load
[runlim] sample:		2445.29 time, 2460.01 real, 29 MB, 54.03 load
[runlim] sample:		2455.24 time, 2470.01 real, 29 MB, 53.87 load
[runlim] sample:		2465.18 time, 2480.01 real, 29 MB, 53.81 load
[runlim] sample:		2475.13 time, 2490.01 real, 29 MB, 53.84 load
[runlim] sample:		2485.07 time, 2500.01 real, 29 MB, 53.79 load
[runlim] sample:		2495.02 time, 2510.01 real, 29 MB, 53.67 load
[runlim] sample:		2504.97 time, 2520.01 real, 29 MB, 53.57 load
[runlim] sample:		2514.91 time, 2530.01 real, 29 MB, 53.48 load
[runlim] sample:		2524.86 time, 2540.01 real, 29 MB, 53.40 load
[runlim] sample:		2534.81 time, 2550.01 real, 29 MB, 53.34 load
[runlim] sample:		2544.75 time, 2560.01 real, 29 MB, 53.37 load
[runlim] sample:		2554.70 time, 2570.01 real, 29 MB, 53.31 load
[runlim] sample:		2564.65 time, 2580.01 real, 29 MB, 53.26 load
[runlim] sample:		2574.59 time, 2590.01 real, 29 MB, 53.22 load
[runlim] sample:		2584.54 time, 2600.01 real, 29 MB, 53.19 load
[runlim] sample:		2594.48 time, 2610.01 real, 29 MB, 53.16 load
[runlim] sample:		2604.43 time, 2620.01 real, 29 MB, 53.21 load
[runlim] sample:		2614.38 time, 2630.01 real, 29 MB, 53.18 load
[runlim] sample:		2624.32 time, 2640.01 real, 29 MB, 53.15 load
[runlim] sample:		2634.27 time, 2650.01 real, 29 MB, 53.13 load
[runlim] sample:		2644.21 time, 2660.01 real, 29 MB, 53.11 load
[runlim] sample:		2654.16 time, 2670.01 real, 29 MB, 53.09 load
[runlim] sample:		2664.11 time, 2680.01 real, 29 MB, 53.16 load
[runlim] sample:		2674.05 time, 2690.01 real, 29 MB, 53.13 load
[runlim] sample:		2684.00 time, 2700.01 real, 29 MB, 53.11 load
[runlim] sample:		2693.94 time, 2710.01 real, 29 MB, 53.09 load
[runlim] sample:		2703.89 time, 2720.01 real, 29 MB, 53.08 load
[runlim] sample:		2713.84 time, 2730.01 real, 29 MB, 53.07 load
[runlim] sample:		2723.78 time, 2740.01 real, 29 MB, 53.14 load
[runlim] sample:		2733.73 time, 2750.01 real, 29 MB, 53.12 load
[runlim] sample:		2743.68 time, 2760.01 real, 29 MB, 53.10 load
[runlim] sample:		2753.62 time, 2770.01 real, 29 MB, 53.08 load
[runlim] sample:		2763.57 time, 2780.01 real, 29 MB, 53.07 load
[runlim] sample:		2773.52 time, 2790.01 real, 29 MB, 53.21 load
[runlim] sample:		2783.46 time, 2800.01 real, 29 MB, 53.18 load
[runlim] sample:		2793.41 time, 2810.01 real, 29 MB, 53.15 load
[runlim] sample:		2803.36 time, 2820.01 real, 29 MB, 53.21 load
[runlim] sample:		2813.31 time, 2830.01 real, 29 MB, 53.18 load
[runlim] sample:		2823.25 time, 2840.01 real, 29 MB, 53.15 load
[runlim] sample:		2833.20 time, 2850.01 real, 29 MB, 53.12 load
[runlim] sample:		2843.14 time, 2860.01 real, 29 MB, 53.11 load
[runlim] sample:		2853.09 time, 2870.01 real, 29 MB, 53.09 load
[runlim] sample:		2863.04 time, 2880.01 real, 29 MB, 53.16 load
[runlim] sample:		2872.98 time, 2890.01 real, 29 MB, 53.13 load
[runlim] sample:		2882.93 time, 2900.01 real, 29 MB, 53.18 load
[runlim] sample:		2892.87 time, 2910.01 real, 29 MB, 53.24 load
[runlim] sample:		2902.82 time, 2920.01 real, 29 MB, 53.20 load
[runlim] sample:		2912.76 time, 2930.01 real, 29 MB, 53.17 load
[runlim] sample:		2922.71 time, 2940.01 real, 29 MB, 53.22 load
[runlim] sample:		2932.65 time, 2950.01 real, 29 MB, 53.35 load
[runlim] sample:		2942.60 time, 2960.01 real, 29 MB, 53.44 load
[runlim] sample:		2952.54 time, 2970.01 real, 29 MB, 53.37 load
[runlim] sample:		2962.49 time, 2980.01 real, 29 MB, 53.32 load
[runlim] sample:		2972.44 time, 2990.01 real, 29 MB, 53.27 load
[runlim] sample:		2982.38 time, 3000.01 real, 29 MB, 53.31 load
[runlim] sample:		2992.33 time, 3010.01 real, 29 MB, 53.26 load
[runlim] sample:		3002.27 time, 3020.01 real, 29 MB, 53.22 load
[runlim] sample:		3012.22 time, 3030.01 real, 29 MB, 53.18 load
[runlim] sample:		3022.16 time, 3040.01 real, 29 MB, 53.16 load
[runlim] sample:		3032.10 time, 3050.01 real, 29 MB, 53.13 load
[runlim] sample:		3042.05 time, 3060.01 real, 29 MB, 53.19 load
[runlim] sample:		3051.99 time, 3070.01 real, 29 MB, 53.24 load
[runlim] sample:		3061.94 time, 3080.01 real, 29 MB, 53.27 load
[runlim] sample:		3071.88 time, 3090.01 real, 29 MB, 53.23 load
[runlim] sample:		3081.83 time, 3100.01 real, 29 MB, 53.19 load
[runlim] sample:		3091.77 time, 3110.01 real, 29 MB, 53.16 load
[runlim] sample:		3101.72 time, 3120.01 real, 29 MB, 53.22 load
[runlim] sample:		3111.66 time, 3130.01 real, 29 MB, 53.18 load
[runlim] sample:		3121.61 time, 3140.01 real, 29 MB, 53.16 load
[runlim] sample:		3131.55 time, 3150.01 real, 29 MB, 53.13 load
[runlim] sample:		3141.49 time, 3160.01 real, 29 MB, 53.11 load
[runlim] sample:		3151.44 time, 3170.01 real, 29 MB, 53.09 load
[runlim] sample:		3161.38 time, 3180.01 real, 29 MB, 53.16 load
[runlim] sample:		3171.33 time, 3190.01 real, 29 MB, 53.21 load
[runlim] sample:		3181.27 time, 3200.01 real, 29 MB, 53.18 load
[runlim] sample:		3191.21 time, 3210.01 real, 29 MB, 53.15 load
[runlim] sample:		3201.16 time, 3220.01 real, 29 MB, 53.12 load
[runlim] sample:		3211.10 time, 3230.01 real, 29 MB, 53.19 load
[runlim] sample:		3221.04 time, 3240.01 real, 29 MB, 53.16 load
[runlim] sample:		3230.99 time, 3250.01 real, 29 MB, 53.21 load
[runlim] sample:		3240.93 time, 3260.01 real, 29 MB, 53.18 load
[runlim] sample:		3250.87 time, 3270.01 real, 29 MB, 53.15 load
[runlim] sample:		3260.82 time, 3280.01 real, 29 MB, 53.13 load
[runlim] sample:		3270.76 time, 3290.01 real, 29 MB, 53.18 load
[runlim] sample:		3280.71 time, 3300.01 real, 29 MB, 53.23 load
[runlim] sample:		3290.65 time, 3310.01 real, 29 MB, 53.20 load
[runlim] sample:		3300.59 time, 3320.01 real, 29 MB, 53.24 load
[runlim] sample:		3310.54 time, 3330.01 real, 29 MB, 53.36 load
[runlim] sample:		3320.48 time, 3340.01 real, 29 MB, 53.38 load
[runlim] sample:		3330.42 time, 3350.01 real, 29 MB, 53.32 load
[runlim] sample:		3340.37 time, 3360.01 real, 29 MB, 53.27 load
[runlim] sample:		3350.31 time, 3370.01 real, 29 MB, 53.30 load
[runlim] sample:		3360.26 time, 3380.01 real, 29 MB, 53.25 load
[runlim] sample:		3370.20 time, 3390.01 real, 29 MB, 53.21 load
[runlim] sample:		3380.15 time, 3400.01 real, 29 MB, 53.26 load
[runlim] sample:		3390.09 time, 3410.01 real, 29 MB, 53.22 load
[runlim] sample:		3400.03 time, 3420.01 real, 29 MB, 53.18 load
[runlim] sample:		3409.98 time, 3430.01 real, 29 MB, 53.15 load
[runlim] sample:		3419.92 time, 3440.01 real, 29 MB, 53.13 load
[runlim] sample:		3429.86 time, 3450.01 real, 29 MB, 53.26 load
[runlim] sample:		3439.80 time, 3460.01 real, 29 MB, 53.30 load
[runlim] sample:		3449.74 time, 3470.01 real, 29 MB, 53.25 load
[runlim] sample:		3459.68 time, 3480.01 real, 29 MB, 53.21 load
[runlim] sample:		3469.62 time, 3490.01 real, 29 MB, 53.18 load
[runlim] sample:		3479.56 time, 3500.01 real, 29 MB, 53.15 load
[runlim] sample:		3489.51 time, 3510.01 real, 29 MB, 53.13 load
[runlim] sample:		3499.45 time, 3520.01 real, 29 MB, 53.11 load
[runlim] sample:		3509.39 time, 3530.01 real, 29 MB, 53.17 load
[runlim] sample:		3519.33 time, 3540.01 real, 29 MB, 53.14 load
[runlim] sample:		3529.27 time, 3550.01 real, 29 MB, 53.12 load
[runlim] sample:		3539.21 time, 3560.01 real, 29 MB, 53.18 load
[runlim] sample:		3549.15 time, 3570.01 real, 29 MB, 53.15 load
[runlim] sample:		3559.09 time, 3580.01 real, 29 MB, 53.20 load
[runlim] sample:		3569.03 time, 3590.01 real, 29 MB, 53.25 load
[runlim] sample:		3578.97 time, 3600.01 real, 29 MB, 53.21 load
[runlim] sample:		3588.92 time, 3610.01 real, 29 MB, 53.18 load
[runlim] sample:		3598.86 time, 3620.01 real, 29 MB, 53.15 load
[runlim] sample:		3608.80 time, 3630.01 real, 29 MB, 53.12 load
[runlim] sample:		3618.74 time, 3640.01 real, 29 MB, 53.10 load
[runlim] sample:		3628.68 time, 3650.01 real, 29 MB, 53.09 load
[runlim] sample:		3638.63 time, 3660.01 real, 29 MB, 53.07 load
[runlim] sample:		3648.57 time, 3670.01 real, 29 MB, 53.06 load
[runlim] sample:		3658.51 time, 3680.01 real, 29 MB, 53.05 load
[runlim] sample:		3668.45 time, 3690.01 real, 29 MB, 53.12 load
[runlim] sample:		3678.39 time, 3700.01 real, 29 MB, 53.10 load
[runlim] sample:		3688.33 time, 3710.01 real, 29 MB, 53.16 load
[runlim] sample:		3698.27 time, 3720.01 real, 29 MB, 53.14 load
[runlim] sample:		3708.21 time, 3730.01 real, 29 MB, 53.12 load
[runlim] sample:		3718.15 time, 3740.01 real, 29 MB, 53.10 load
[runlim] sample:		3728.09 time, 3750.01 real, 29 MB, 53.08 load
[runlim] sample:		3738.03 time, 3760.01 real, 29 MB, 53.07 load
[runlim] sample:		3747.97 time, 3770.01 real, 29 MB, 53.06 load
[runlim] sample:		3757.91 time, 3780.01 real, 29 MB, 53.05 load
[runlim] sample:		3767.85 time, 3790.01 real, 29 MB, 53.04 load
[runlim] sample:		3777.79 time, 3800.01 real, 29 MB, 53.03 load
[runlim] sample:		3787.73 time, 3810.01 real, 29 MB, 53.03 load
[runlim] sample:		3797.67 time, 3820.01 real, 29 MB, 53.10 load
[runlim] sample:		3807.61 time, 3830.01 real, 29 MB, 53.08 load
[runlim] sample:		3817.55 time, 3840.01 real, 29 MB, 53.07 load
[runlim] sample:		3827.49 time, 3850.01 real, 29 MB, 53.06 load
[runlim] sample:		3837.43 time, 3860.01 real, 29 MB, 53.05 load
[runlim] sample:		3847.37 time, 3870.01 real, 29 MB, 53.04 load
[runlim] sample:		3857.31 time, 3880.01 real, 29 MB, 53.03 load
[runlim] sample:		3867.25 time, 3890.01 real, 29 MB, 53.03 load
[runlim] sample:		3877.19 time, 3900.01 real, 29 MB, 53.02 load
[runlim] sample:		3887.13 time, 3910.01 real, 29 MB, 53.02 load
[runlim] sample:		3897.07 time, 3920.01 real, 29 MB, 53.02 load
[runlim] sample:		3907.01 time, 3930.01 real, 29 MB, 53.01 load
[runlim] sample:		3916.95 time, 3940.01 real, 29 MB, 53.09 load
[runlim] sample:		3926.89 time, 3950.01 real, 29 MB, 53.08 load
[runlim] sample:		3936.83 time, 3960.01 real, 29 MB, 53.06 load
[runlim] sample:		3946.77 time, 3970.01 real, 29 MB, 53.05 load
[runlim] sample:		3956.71 time, 3980.01 real, 29 MB, 53.05 load
[runlim] sample:		3966.65 time, 3990.01 real, 29 MB, 53.04 load
[runlim] sample:		3976.59 time, 4000.01 real, 29 MB, 53.03 load
[runlim] sample:		3986.53 time, 4010.01 real, 29 MB, 53.03 load
[runlim] sample:		3996.47 time, 4020.01 real, 29 MB, 53.02 load
[runlim] sample:		4006.41 time, 4030.01 real, 29 MB, 53.10 load
[runlim] sample:		4016.35 time, 4040.01 real, 29 MB, 53.08 load
[runlim] sample:		4026.29 time, 4050.01 real, 29 MB, 53.15 load
[runlim] sample:		4036.23 time, 4060.01 real, 29 MB, 53.29 load
[runlim] sample:		4046.17 time, 4070.01 real, 29 MB, 53.24 load
[runlim] sample:		4056.12 time, 4080.01 real, 29 MB, 53.20 load
[runlim] sample:		4066.06 time, 4090.01 real, 29 MB, 53.25 load
[runlim] sample:		4076.00 time, 4100.01 real, 29 MB, 53.21 load
[runlim] sample:		4085.94 time, 4110.01 real, 29 MB, 53.25 load
[runlim] sample:		4095.88 time, 4120.01 real, 29 MB, 53.37 load
[runlim] sample:		4105.83 time, 4130.01 real, 29 MB, 53.31 load
[runlim] sample:		4115.77 time, 4140.01 real, 29 MB, 53.27 load
[runlim] sample:		4125.71 time, 4150.01 real, 29 MB, 53.30 load
[runlim] sample:		4135.65 time, 4160.01 real, 29 MB, 53.33 load
[runlim] sample:		4145.59 time, 4170.01 real, 29 MB, 53.28 load
[runlim] sample:		4155.54 time, 4180.01 real, 29 MB, 53.32 load
[runlim] sample:		4165.48 time, 4190.01 real, 29 MB, 53.27 load
[runlim] sample:		4175.42 time, 4200.01 real, 29 MB, 53.31 load
[runlim] sample:		4185.36 time, 4210.01 real, 29 MB, 53.26 load
[runlim] sample:		4195.30 time, 4220.01 real, 29 MB, 53.30 load
[runlim] sample:		4205.24 time, 4230.01 real, 29 MB, 53.25 load
[runlim] sample:		4215.18 time, 4240.01 real, 29 MB, 53.21 load
[runlim] sample:		4225.12 time, 4250.01 real, 29 MB, 53.25 load
[runlim] sample:		4235.06 time, 4260.01 real, 29 MB, 53.21 load
[runlim] sample:		4245.00 time, 4270.01 real, 29 MB, 53.18 load
[runlim] sample:		4254.94 time, 4280.01 real, 29 MB, 53.23 load
[runlim] sample:		4264.88 time, 4290.01 real, 29 MB, 53.20 load
[runlim] sample:		4274.82 time, 4300.01 real, 29 MB, 53.17 load
[runlim] sample:		4284.76 time, 4310.01 real, 29 MB, 53.14 load
[runlim] sample:		4294.71 time, 4320.01 real, 29 MB, 53.20 load
[runlim] sample:		4304.65 time, 4330.01 real, 29 MB, 53.25 load
[runlim] sample:		4314.59 time, 4340.01 real, 29 MB, 53.28 load
[runlim] sample:		4324.53 time, 4350.01 real, 29 MB, 53.24 load
[runlim] sample:		4334.47 time, 4360.01 real, 29 MB, 53.20 load
[runlim] sample:		4344.41 time, 4370.01 real, 29 MB, 53.25 load
[runlim] sample:		4354.35 time, 4380.01 real, 29 MB, 53.21 load
[runlim] sample:		4364.29 time, 4390.01 real, 29 MB, 53.26 load
[runlim] sample:		4374.23 time, 4400.01 real, 29 MB, 53.37 load
[runlim] sample:		4384.18 time, 4410.01 real, 29 MB, 53.39 load
[runlim] sample:		4394.12 time, 4420.01 real, 29 MB, 53.33 load
[runlim] sample:		4404.06 time, 4430.01 real, 29 MB, 53.28 load
[runlim] sample:		4414.00 time, 4440.01 real, 29 MB, 53.40 load
[runlim] sample:		4423.94 time, 4450.01 real, 29 MB, 53.33 load
[runlim] sample:		4433.88 time, 4460.01 real, 29 MB, 53.36 load
[runlim] sample:		4443.82 time, 4470.01 real, 29 MB, 53.31 load
[runlim] sample:		4453.76 time, 4480.01 real, 29 MB, 53.34 load
[runlim] sample:		4463.70 time, 4490.01 real, 29 MB, 53.29 load
[runlim] sample:		4473.64 time, 4500.01 real, 29 MB, 53.32 load
[runlim] sample:		4483.58 time, 4510.01 real, 29 MB, 53.27 load
[runlim] sample:		4493.52 time, 4520.01 real, 29 MB, 53.23 load
[runlim] sample:		4503.46 time, 4530.01 real, 29 MB, 53.19 load
[runlim] sample:		4513.41 time, 4540.01 real, 29 MB, 53.16 load
[runlim] sample:		4523.35 time, 4550.01 real, 29 MB, 53.14 load
[runlim] sample:		4533.29 time, 4560.01 real, 29 MB, 53.12 load
[runlim] sample:		4543.23 time, 4570.01 real, 29 MB, 53.10 load
[runlim] sample:		4553.17 time, 4580.01 real, 29 MB, 53.08 load
[runlim] sample:		4563.11 time, 4590.01 real, 29 MB, 53.07 load
[runlim] sample:		4573.05 time, 4600.01 real, 29 MB, 53.06 load
[runlim] sample:		4583.00 time, 4610.01 real, 29 MB, 53.05 load
[runlim] sample:		4592.94 time, 4620.01 real, 29 MB, 53.12 load
[runlim] sample:		4602.88 time, 4630.01 real, 29 MB, 53.10 load
[runlim] sample:		4612.82 time, 4640.01 real, 29 MB, 53.09 load
[runlim] sample:		4622.76 time, 4650.01 real, 29 MB, 53.07 load
[runlim] sample:		4632.70 time, 4660.01 real, 29 MB, 53.06 load
[runlim] sample:		4642.64 time, 4670.01 real, 29 MB, 53.05 load
[runlim] sample:		4652.59 time, 4680.01 real, 29 MB, 53.04 load
[runlim] sample:		4662.53 time, 4690.01 real, 29 MB, 53.04 load
[runlim] sample:		4672.47 time, 4700.01 real, 29 MB, 53.18 load
[runlim] sample:		4682.41 time, 4710.01 real, 29 MB, 53.16 load
[runlim] sample:		4692.35 time, 4720.01 real, 29 MB, 53.29 load
[runlim] sample:		4702.29 time, 4730.01 real, 29 MB, 53.25 load
[runlim] sample:		4712.23 time, 4740.01 real, 29 MB, 53.36 load
[runlim] sample:		4722.17 time, 4750.01 real, 29 MB, 53.39 load
[runlim] sample:		4732.11 time, 4760.01 real, 29 MB, 53.41 load
[runlim] sample:		4742.06 time, 4770.01 real, 29 MB, 53.34 load
[runlim] sample:		4752.00 time, 4780.01 real, 29 MB, 53.29 load
[runlim] sample:		4761.94 time, 4790.01 real, 29 MB, 53.32 load
[runlim] sample:		4771.88 time, 4800.01 real, 29 MB, 53.27 load
[runlim] sample:		4781.82 time, 4810.01 real, 29 MB, 53.23 load
[runlim] sample:		4791.76 time, 4820.01 real, 29 MB, 53.19 load
[runlim] sample:		4801.70 time, 4830.01 real, 29 MB, 53.16 load
[runlim] sample:		4811.65 time, 4840.01 real, 29 MB, 53.14 load
[runlim] sample:		4821.59 time, 4850.01 real, 29 MB, 53.12 load
[runlim] sample:		4831.53 time, 4860.01 real, 29 MB, 53.10 load
[runlim] sample:		4841.47 time, 4870.01 real, 29 MB, 53.08 load
[runlim] sample:		4851.41 time, 4880.01 real, 29 MB, 53.07 load
[runlim] sample:		4861.35 time, 4890.01 real, 29 MB, 53.22 load
[runlim] sample:		4871.29 time, 4900.01 real, 29 MB, 53.26 load
[runlim] sample:		4881.23 time, 4910.01 real, 29 MB, 53.30 load
[runlim] sample:		4891.17 time, 4920.01 real, 29 MB, 53.25 load
[runlim] sample:		4901.11 time, 4930.01 real, 29 MB, 53.21 load
[runlim] sample:		4911.05 time, 4940.01 real, 29 MB, 53.25 load
[runlim] sample:		4920.99 time, 4950.01 real, 29 MB, 52.28 load
[runlim] sample:		4930.93 time, 4960.01 real, 29 MB, 50.54 load
[runlim] sample:		4940.87 time, 4970.01 real, 29 MB, 47.83 load
[runlim] sample:		4950.82 time, 4980.01 real, 29 MB, 44.39 load
[runlim] sample:		4960.76 time, 4990.01 real, 29 MB, 40.39 load
[runlim] sample:		4970.72 time, 5000.01 real, 29 MB, 35.31 load
[runlim] end:			Wed Apr 15 15:44:03 2026
[runlim] status:		out of time
[runlim] result:		2
[runlim] children:		1
[runlim] processes:		2
[runlim] real:			5000.05 seconds
[runlim] time:			4970.72 seconds
[runlim] space:			29 MB
[runlim] load:			56.84 maximum
[runlim] samples:		50000
