[runlim] version:		2.0.0rc1
[runlim] host:			p03n11
[runlim] time limit:		311040000 seconds
[runlim] real time limit:	5000 seconds
[runlim] space limit:		7000 MB
[runlim] argv[0]:		./binary
[runlim] argv[1]:		-c
[runlim] argv[2]:		/tmp/local-unzipped-12519486-1-2-mc2025_track1_089.cnf
[runlim] start:			Wed Apr 15 14:19:41 2026
[runlim] child:			67131
[runlim] sample:		9.96 time, 10.01 real, 16 MB, 1.10 load
[runlim] sample:		19.90 time, 20.01 real, 20 MB, 3.57 load
[runlim] sample:		29.84 time, 30.01 real, 23 MB, 7.11 load
[runlim] sample:		39.76 time, 40.01 real, 26 MB, 11.64 load
[runlim] sample:		49.70 time, 50.01 real, 28 MB, 17.02 load
[runlim] sample:		59.62 time, 60.01 real, 30 MB, 23.39 load
[runlim] sample:		69.54 time, 70.01 real, 31 MB, 29.41 load
[runlim] sample:		79.46 time, 80.01 real, 33 MB, 34.72 load
[runlim] sample:		89.39 time, 90.01 real, 34 MB, 39.07 load
[runlim] sample:		99.32 time, 100.01 real, 35 MB, 42.75 load
[runlim] sample:		109.25 time, 110.01 real, 36 MB, 45.48 load
[runlim] sample:		119.18 time, 120.01 real, 38 MB, 47.79 load
[runlim] sample:		129.11 time, 130.01 real, 39 MB, 49.75 load
[runlim] sample:		139.04 time, 140.01 real, 40 MB, 51.26 load
[runlim] sample:		148.97 time, 150.01 real, 41 MB, 52.44 load
[runlim] sample:		158.91 time, 160.01 real, 42 MB, 53.37 load
[runlim] sample:		168.84 time, 170.01 real, 42 MB, 54.00 load
[runlim] sample:		178.77 time, 180.01 real, 43 MB, 54.46 load
[runlim] sample:		188.71 time, 190.01 real, 44 MB, 54.85 load
[runlim] sample:		198.64 time, 200.01 real, 45 MB, 55.18 load
[runlim] sample:		208.58 time, 210.01 real, 46 MB, 55.68 load
[runlim] sample:		218.51 time, 220.01 real, 47 MB, 55.89 load
[runlim] sample:		228.45 time, 230.01 real, 48 MB, 56.06 load
[runlim] sample:		238.39 time, 240.01 real, 48 MB, 56.20 load
[runlim] sample:		248.32 time, 250.01 real, 49 MB, 56.33 load
[runlim] sample:		258.26 time, 260.01 real, 50 MB, 56.43 load
[runlim] sample:		268.20 time, 270.01 real, 51 MB, 56.52 load
[runlim] sample:		278.13 time, 280.01 real, 51 MB, 56.59 load
[runlim] sample:		288.06 time, 290.01 real, 52 MB, 56.66 load
[runlim] sample:		298.01 time, 300.01 real, 53 MB, 56.71 load
[runlim] sample:		307.94 time, 310.01 real, 54 MB, 56.84 load
[runlim] sample:		317.87 time, 320.01 real, 55 MB, 56.71 load
[runlim] sample:		327.80 time, 330.01 real, 55 MB, 56.60 load
[runlim] sample:		337.73 time, 340.01 real, 56 MB, 56.51 load
[runlim] sample:		347.67 time, 350.01 real, 56 MB, 56.43 load
[runlim] sample:		357.60 time, 360.01 real, 58 MB, 56.36 load
[runlim] sample:		367.54 time, 370.01 real, 59 MB, 56.31 load
[runlim] sample:		377.47 time, 380.01 real, 59 MB, 56.26 load
[runlim] sample:		387.40 time, 390.01 real, 60 MB, 56.30 load
[runlim] sample:		397.33 time, 400.01 real, 61 MB, 56.25 load
[runlim] sample:		407.27 time, 410.01 real, 62 MB, 56.21 load
[runlim] sample:		417.20 time, 420.01 real, 64 MB, 56.18 load
[runlim] sample:		427.13 time, 430.01 real, 64 MB, 56.23 load
[runlim] sample:		437.06 time, 440.01 real, 64 MB, 56.20 load
[runlim] sample:		447.00 time, 450.01 real, 65 MB, 56.25 load
[runlim] sample:		456.93 time, 460.01 real, 65 MB, 56.28 load
[runlim] sample:		466.87 time, 470.01 real, 66 MB, 56.24 load
[runlim] sample:		476.80 time, 480.01 real, 66 MB, 56.20 load
[runlim] sample:		486.74 time, 490.01 real, 67 MB, 56.25 load
[runlim] sample:		496.67 time, 500.01 real, 67 MB, 56.21 load
[runlim] sample:		506.60 time, 510.01 real, 67 MB, 56.18 load
[runlim] sample:		516.53 time, 520.01 real, 68 MB, 56.15 load
[runlim] sample:		526.47 time, 530.01 real, 68 MB, 56.13 load
[runlim] sample:		536.40 time, 540.01 real, 69 MB, 56.18 load
[runlim] sample:		546.33 time, 550.01 real, 70 MB, 56.15 load
[runlim] sample:		556.27 time, 560.01 real, 70 MB, 56.13 load
[runlim] sample:		566.20 time, 570.01 real, 71 MB, 56.11 load
[runlim] sample:		576.13 time, 580.01 real, 71 MB, 56.09 load
[runlim] sample:		586.07 time, 590.01 real, 71 MB, 56.08 load
[runlim] sample:		596.00 time, 600.01 real, 72 MB, 56.14 load
[runlim] sample:		605.93 time, 610.01 real, 73 MB, 56.20 load
[runlim] sample:		615.86 time, 620.01 real, 73 MB, 56.33 load
[runlim] sample:		625.78 time, 630.01 real, 73 MB, 56.28 load
[runlim] sample:		635.70 time, 640.01 real, 74 MB, 56.23 load
[runlim] sample:		645.64 time, 650.01 real, 75 MB, 56.35 load
[runlim] sample:		655.57 time, 660.01 real, 75 MB, 56.30 load
[runlim] sample:		665.51 time, 670.01 real, 76 MB, 56.25 load
[runlim] sample:		675.44 time, 680.01 real, 76 MB, 56.29 load
[runlim] sample:		685.37 time, 690.01 real, 76 MB, 56.32 load
[runlim] sample:		695.31 time, 700.01 real, 77 MB, 56.27 load
[runlim] sample:		705.25 time, 710.01 real, 78 MB, 56.23 load
[runlim] sample:		715.19 time, 720.01 real, 78 MB, 56.27 load
[runlim] sample:		725.12 time, 730.01 real, 79 MB, 56.23 load
[runlim] sample:		735.06 time, 740.01 real, 79 MB, 56.19 load
[runlim] sample:		745.00 time, 750.01 real, 79 MB, 56.24 load
[runlim] sample:		754.94 time, 760.01 real, 80 MB, 56.20 load
[runlim] sample:		764.87 time, 770.01 real, 81 MB, 56.25 load
[runlim] sample:		774.81 time, 780.01 real, 81 MB, 56.21 load
[runlim] sample:		784.75 time, 790.01 real, 82 MB, 56.26 load
[runlim] sample:		794.69 time, 800.01 real, 83 MB, 56.22 load
[runlim] sample:		804.63 time, 810.01 real, 84 MB, 56.18 load
[runlim] sample:		814.57 time, 820.01 real, 84 MB, 56.23 load
[runlim] sample:		824.51 time, 830.01 real, 84 MB, 56.19 load
[runlim] sample:		834.45 time, 840.01 real, 85 MB, 56.16 load
[runlim] sample:		844.38 time, 850.01 real, 85 MB, 56.14 load
[runlim] sample:		854.32 time, 860.01 real, 86 MB, 56.12 load
[runlim] sample:		864.26 time, 870.01 real, 86 MB, 56.25 load
[runlim] sample:		874.19 time, 880.01 real, 86 MB, 56.21 load
[runlim] sample:		884.13 time, 890.01 real, 88 MB, 56.17 load
[runlim] sample:		894.08 time, 900.01 real, 88 MB, 56.15 load
[runlim] sample:		904.01 time, 910.01 real, 88 MB, 56.12 load
[runlim] sample:		913.95 time, 920.01 real, 89 MB, 56.10 load
[runlim] sample:		923.89 time, 930.01 real, 89 MB, 56.09 load
[runlim] sample:		933.82 time, 940.01 real, 89 MB, 56.07 load
[runlim] sample:		943.76 time, 950.01 real, 90 MB, 56.06 load
[runlim] sample:		953.70 time, 960.01 real, 90 MB, 56.13 load
[runlim] sample:		963.64 time, 970.01 real, 90 MB, 56.11 load
[runlim] sample:		973.57 time, 980.01 real, 91 MB, 56.32 load
[runlim] sample:		983.51 time, 990.01 real, 91 MB, 56.27 load
[runlim] sample:		993.45 time, 1000.01 real, 93 MB, 56.23 load
[runlim] sample:		1003.38 time, 1010.01 real, 93 MB, 56.20 load
[runlim] sample:		1013.30 time, 1020.01 real, 93 MB, 56.16 load
[runlim] sample:		1023.24 time, 1030.01 real, 93 MB, 56.14 load
[runlim] sample:		1033.18 time, 1040.01 real, 94 MB, 56.27 load
[runlim] sample:		1043.11 time, 1050.01 real, 94 MB, 56.23 load
[runlim] sample:		1053.05 time, 1060.01 real, 94 MB, 56.19 load
[runlim] sample:		1062.99 time, 1070.01 real, 95 MB, 56.24 load
[runlim] sample:		1072.93 time, 1080.01 real, 95 MB, 56.21 load
[runlim] sample:		1082.88 time, 1090.01 real, 95 MB, 56.17 load
[runlim] sample:		1092.83 time, 1100.01 real, 97 MB, 56.23 load
[runlim] sample:		1102.76 time, 1110.01 real, 97 MB, 56.19 load
[runlim] sample:		1112.70 time, 1120.01 real, 97 MB, 56.16 load
[runlim] sample:		1122.64 time, 1130.01 real, 97 MB, 56.14 load
[runlim] sample:		1132.58 time, 1140.01 real, 98 MB, 56.12 load
[runlim] sample:		1142.52 time, 1150.01 real, 98 MB, 56.10 load
[runlim] sample:		1152.46 time, 1160.01 real, 98 MB, 56.08 load
[runlim] sample:		1162.40 time, 1170.01 real, 98 MB, 56.07 load
[runlim] sample:		1172.34 time, 1180.01 real, 99 MB, 56.14 load
[runlim] sample:		1182.28 time, 1190.01 real, 99 MB, 56.12 load
[runlim] sample:		1192.22 time, 1200.01 real, 100 MB, 56.10 load
[runlim] sample:		1202.16 time, 1210.01 real, 100 MB, 56.08 load
[runlim] sample:		1212.11 time, 1220.01 real, 100 MB, 56.07 load
[runlim] sample:		1222.05 time, 1230.01 real, 100 MB, 56.06 load
[runlim] sample:		1231.98 time, 1240.01 real, 101 MB, 56.13 load
[runlim] sample:		1241.92 time, 1250.01 real, 101 MB, 56.11 load
[runlim] sample:		1251.86 time, 1260.01 real, 101 MB, 56.09 load
[runlim] sample:		1261.81 time, 1270.01 real, 101 MB, 56.08 load
[runlim] sample:		1271.75 time, 1280.01 real, 101 MB, 56.06 load
[runlim] sample:		1281.68 time, 1290.01 real, 101 MB, 56.05 load
[runlim] sample:		1291.62 time, 1300.01 real, 102 MB, 56.13 load
[runlim] sample:		1301.56 time, 1310.01 real, 102 MB, 56.11 load
[runlim] sample:		1311.50 time, 1320.01 real, 102 MB, 56.17 load
[runlim] sample:		1321.44 time, 1330.01 real, 103 MB, 56.14 load
[runlim] sample:		1331.38 time, 1340.01 real, 103 MB, 56.12 load
[runlim] sample:		1341.32 time, 1350.01 real, 103 MB, 56.10 load
[runlim] sample:		1351.25 time, 1360.01 real, 103 MB, 56.09 load
[runlim] sample:		1361.19 time, 1370.01 real, 103 MB, 56.15 load
[runlim] sample:		1371.13 time, 1380.01 real, 103 MB, 56.21 load
[runlim] sample:		1381.07 time, 1390.01 real, 103 MB, 56.18 load
[runlim] sample:		1391.01 time, 1400.01 real, 103 MB, 56.15 load
[runlim] sample:		1400.96 time, 1410.01 real, 103 MB, 56.05 load
[runlim] sample:		1410.90 time, 1420.01 real, 104 MB, 55.88 load
[runlim] sample:		1420.84 time, 1430.01 real, 104 MB, 55.75 load
[runlim] sample:		1430.78 time, 1440.01 real, 104 MB, 55.71 load
[runlim] sample:		1440.72 time, 1450.01 real, 104 MB, 55.60 load
[runlim] sample:		1450.66 time, 1460.01 real, 104 MB, 55.58 load
[runlim] sample:		1460.60 time, 1470.01 real, 104 MB, 55.57 load
[runlim] sample:		1470.53 time, 1480.01 real, 105 MB, 55.48 load
[runlim] sample:		1480.47 time, 1490.01 real, 105 MB, 55.41 load
[runlim] sample:		1490.42 time, 1500.01 real, 105 MB, 55.42 load
[runlim] sample:		1500.36 time, 1510.01 real, 105 MB, 55.36 load
[runlim] sample:		1510.30 time, 1520.01 real, 105 MB, 55.30 load
[runlim] sample:		1520.24 time, 1530.01 real, 105 MB, 55.26 load
[runlim] sample:		1530.17 time, 1540.01 real, 106 MB, 55.29 load
[runlim] sample:		1540.12 time, 1550.01 real, 106 MB, 55.25 load
[runlim] sample:		1550.06 time, 1560.01 real, 106 MB, 55.21 load
[runlim] sample:		1560.00 time, 1570.01 real, 107 MB, 55.17 load
[runlim] sample:		1569.94 time, 1580.01 real, 107 MB, 55.23 load
[runlim] sample:		1579.88 time, 1590.01 real, 107 MB, 55.19 load
[runlim] sample:		1589.81 time, 1600.01 real, 108 MB, 55.16 load
[runlim] sample:		1599.75 time, 1610.01 real, 108 MB, 55.14 load
[runlim] sample:		1609.70 time, 1620.01 real, 108 MB, 55.20 load
[runlim] sample:		1619.64 time, 1630.01 real, 109 MB, 55.17 load
[runlim] sample:		1629.58 time, 1640.01 real, 109 MB, 55.30 load
[runlim] sample:		1639.52 time, 1650.01 real, 109 MB, 55.25 load
[runlim] sample:		1649.46 time, 1660.01 real, 110 MB, 55.21 load
[runlim] sample:		1659.40 time, 1670.01 real, 110 MB, 55.25 load
[runlim] sample:		1669.34 time, 1680.01 real, 110 MB, 55.36 load
[runlim] sample:		1679.29 time, 1690.01 real, 110 MB, 55.31 load
[runlim] sample:		1689.23 time, 1700.01 real, 110 MB, 55.49 load
[runlim] sample:		1699.18 time, 1710.01 real, 110 MB, 55.58 load
[runlim] sample:		1709.14 time, 1720.01 real, 111 MB, 55.49 load
[runlim] sample:		1719.09 time, 1730.01 real, 111 MB, 55.41 load
[runlim] sample:		1729.05 time, 1740.01 real, 111 MB, 55.35 load
[runlim] sample:		1739.01 time, 1750.01 real, 110 MB, 55.37 load
[runlim] sample:		1748.96 time, 1760.01 real, 110 MB, 55.31 load
[runlim] sample:		1758.90 time, 1770.01 real, 110 MB, 55.26 load
[runlim] sample:		1768.84 time, 1780.01 real, 110 MB, 55.46 load
[runlim] sample:		1778.78 time, 1790.01 real, 111 MB, 55.39 load
[runlim] sample:		1788.72 time, 1800.01 real, 111 MB, 55.41 load
[runlim] sample:		1798.66 time, 1810.01 real, 111 MB, 55.34 load
[runlim] sample:		1808.60 time, 1820.01 real, 113 MB, 55.29 load
[runlim] sample:		1818.54 time, 1830.01 real, 113 MB, 55.25 load
[runlim] sample:		1828.48 time, 1840.01 real, 113 MB, 55.29 load
[runlim] sample:		1838.42 time, 1850.01 real, 114 MB, 55.24 load
[runlim] sample:		1848.37 time, 1860.01 real, 114 MB, 55.21 load
[runlim] sample:		1858.32 time, 1870.01 real, 114 MB, 55.17 load
[runlim] sample:		1868.26 time, 1880.01 real, 114 MB, 55.15 load
[runlim] sample:		1878.20 time, 1890.01 real, 113 MB, 55.12 load
[runlim] sample:		1888.14 time, 1900.01 real, 113 MB, 55.18 load
[runlim] sample:		1898.08 time, 1910.01 real, 113 MB, 55.16 load
[runlim] sample:		1908.02 time, 1920.01 real, 114 MB, 55.13 load
[runlim] sample:		1917.96 time, 1930.01 real, 114 MB, 55.11 load
[runlim] sample:		1927.90 time, 1940.01 real, 114 MB, 55.09 load
[runlim] sample:		1937.84 time, 1950.01 real, 115 MB, 55.08 load
[runlim] sample:		1947.78 time, 1960.01 real, 115 MB, 55.30 load
[runlim] sample:		1957.73 time, 1970.01 real, 115 MB, 55.25 load
[runlim] sample:		1967.67 time, 1980.01 real, 115 MB, 55.21 load
[runlim] sample:		1977.62 time, 1990.01 real, 116 MB, 55.18 load
[runlim] sample:		1987.56 time, 2000.01 real, 116 MB, 55.15 load
[runlim] sample:		1997.50 time, 2010.01 real, 116 MB, 55.13 load
[runlim] sample:		2007.45 time, 2020.01 real, 116 MB, 55.19 load
[runlim] sample:		2017.38 time, 2030.01 real, 116 MB, 55.08 load
[runlim] sample:		2027.33 time, 2040.01 real, 116 MB, 54.91 load
[runlim] sample:		2037.27 time, 2050.01 real, 116 MB, 54.77 load
[runlim] sample:		2047.21 time, 2060.01 real, 116 MB, 54.65 load
[runlim] sample:		2057.15 time, 2070.01 real, 116 MB, 54.55 load
[runlim] sample:		2067.09 time, 2080.01 real, 116 MB, 54.55 load
[runlim] sample:		2077.04 time, 2090.01 real, 117 MB, 54.46 load
[runlim] sample:		2086.98 time, 2100.01 real, 119 MB, 54.39 load
[runlim] sample:		2096.92 time, 2110.01 real, 119 MB, 54.41 load
[runlim] sample:		2106.86 time, 2120.01 real, 119 MB, 54.43 load
[runlim] sample:		2116.80 time, 2130.01 real, 119 MB, 54.36 load
[runlim] sample:		2126.74 time, 2140.01 real, 118 MB, 54.47 load
[runlim] sample:		2136.69 time, 2150.01 real, 118 MB, 54.39 load
[runlim] sample:		2146.63 time, 2160.01 real, 119 MB, 54.33 load
[runlim] sample:		2156.57 time, 2170.01 real, 119 MB, 54.28 load
[runlim] sample:		2166.51 time, 2180.01 real, 119 MB, 54.24 load
[runlim] sample:		2176.46 time, 2190.01 real, 119 MB, 54.20 load
[runlim] sample:		2186.40 time, 2200.01 real, 119 MB, 54.25 load
[runlim] sample:		2196.34 time, 2210.01 real, 119 MB, 54.21 load
[runlim] sample:		2206.28 time, 2220.01 real, 120 MB, 54.18 load
[runlim] sample:		2216.22 time, 2230.01 real, 120 MB, 54.15 load
[runlim] sample:		2226.17 time, 2240.01 real, 120 MB, 54.13 load
[runlim] sample:		2236.11 time, 2250.01 real, 120 MB, 54.11 load
[runlim] sample:		2246.05 time, 2260.01 real, 120 MB, 54.25 load
[runlim] sample:		2255.99 time, 2270.01 real, 120 MB, 54.21 load
[runlim] sample:		2265.93 time, 2280.01 real, 120 MB, 54.17 load
[runlim] sample:		2275.88 time, 2290.01 real, 121 MB, 54.15 load
[runlim] sample:		2285.82 time, 2300.01 real, 121 MB, 54.28 load
[runlim] sample:		2295.76 time, 2310.01 real, 121 MB, 54.24 load
[runlim] sample:		2305.70 time, 2320.01 real, 121 MB, 54.28 load
[runlim] sample:		2315.64 time, 2330.01 real, 122 MB, 54.24 load
[runlim] sample:		2325.58 time, 2340.01 real, 122 MB, 54.20 load
[runlim] sample:		2335.53 time, 2350.01 real, 122 MB, 54.17 load
[runlim] sample:		2345.47 time, 2360.01 real, 122 MB, 54.22 load
[runlim] sample:		2355.41 time, 2370.01 real, 122 MB, 54.19 load
[runlim] sample:		2365.35 time, 2380.01 real, 122 MB, 54.24 load
[runlim] sample:		2375.29 time, 2390.01 real, 122 MB, 54.28 load
[runlim] sample:		2385.23 time, 2400.01 real, 122 MB, 54.31 load
[runlim] sample:		2395.17 time, 2410.01 real, 122 MB, 54.27 load
[runlim] sample:		2405.12 time, 2420.01 real, 122 MB, 54.22 load
[runlim] sample:		2415.06 time, 2430.01 real, 122 MB, 54.19 load
[runlim] sample:		2425.00 time, 2440.01 real, 122 MB, 54.24 load
[runlim] sample:		2434.94 time, 2450.01 real, 123 MB, 54.20 load
[runlim] sample:		2444.88 time, 2460.01 real, 123 MB, 54.25 load
[runlim] sample:		2454.82 time, 2470.01 real, 123 MB, 54.21 load
[runlim] sample:		2464.76 time, 2480.01 real, 123 MB, 54.25 load
[runlim] sample:		2474.70 time, 2490.01 real, 123 MB, 54.21 load
[runlim] sample:		2484.64 time, 2500.01 real, 123 MB, 54.26 load
[runlim] sample:		2494.58 time, 2510.01 real, 123 MB, 54.22 load
[runlim] sample:		2504.52 time, 2520.01 real, 125 MB, 54.03 load
[runlim] sample:		2514.47 time, 2530.01 real, 125 MB, 53.87 load
[runlim] sample:		2524.41 time, 2540.01 real, 125 MB, 53.81 load
[runlim] sample:		2534.35 time, 2550.01 real, 125 MB, 53.84 load
[runlim] sample:		2544.29 time, 2560.01 real, 127 MB, 53.79 load
[runlim] sample:		2554.23 time, 2570.01 real, 127 MB, 53.67 load
[runlim] sample:		2564.18 time, 2580.01 real, 127 MB, 53.57 load
[runlim] sample:		2574.13 time, 2590.01 real, 127 MB, 53.48 load
[runlim] sample:		2584.07 time, 2600.01 real, 127 MB, 53.40 load
[runlim] sample:		2594.01 time, 2610.01 real, 127 MB, 53.34 load
[runlim] sample:		2603.94 time, 2620.01 real, 127 MB, 53.37 load
[runlim] sample:		2613.89 time, 2630.01 real, 127 MB, 53.31 load
[runlim] sample:		2623.83 time, 2640.01 real, 127 MB, 53.26 load
[runlim] sample:		2633.78 time, 2650.01 real, 128 MB, 53.22 load
[runlim] sample:		2643.72 time, 2660.01 real, 128 MB, 53.19 load
[runlim] sample:		2653.66 time, 2670.01 real, 128 MB, 53.16 load
[runlim] sample:		2663.60 time, 2680.01 real, 128 MB, 53.21 load
[runlim] sample:		2673.55 time, 2690.01 real, 128 MB, 53.18 load
[runlim] sample:		2683.49 time, 2700.01 real, 128 MB, 53.15 load
[runlim] sample:		2693.43 time, 2710.01 real, 128 MB, 53.13 load
[runlim] sample:		2703.37 time, 2720.01 real, 128 MB, 53.11 load
[runlim] sample:		2713.31 time, 2730.01 real, 129 MB, 53.09 load
[runlim] sample:		2723.24 time, 2740.01 real, 129 MB, 53.16 load
[runlim] sample:		2733.19 time, 2750.01 real, 129 MB, 53.13 load
[runlim] sample:		2743.12 time, 2760.01 real, 129 MB, 53.11 load
[runlim] sample:		2753.06 time, 2770.01 real, 129 MB, 53.09 load
[runlim] sample:		2763.00 time, 2780.01 real, 129 MB, 53.08 load
[runlim] sample:		2772.94 time, 2790.01 real, 129 MB, 53.07 load
[runlim] sample:		2782.87 time, 2800.01 real, 129 MB, 53.14 load
[runlim] sample:		2792.81 time, 2810.01 real, 129 MB, 53.12 load
[runlim] sample:		2802.75 time, 2820.01 real, 131 MB, 53.10 load
[runlim] sample:		2812.70 time, 2830.01 real, 131 MB, 53.08 load
[runlim] sample:		2822.63 time, 2840.01 real, 131 MB, 53.07 load
[runlim] sample:		2832.57 time, 2850.01 real, 131 MB, 53.21 load
[runlim] sample:		2842.51 time, 2860.01 real, 131 MB, 53.18 load
[runlim] sample:		2852.46 time, 2870.01 real, 131 MB, 53.15 load
[runlim] sample:		2862.40 time, 2880.01 real, 131 MB, 53.21 load
[runlim] sample:		2872.34 time, 2890.01 real, 131 MB, 53.18 load
[runlim] sample:		2882.28 time, 2900.01 real, 131 MB, 53.15 load
[runlim] sample:		2892.22 time, 2910.01 real, 132 MB, 53.12 load
[runlim] sample:		2902.16 time, 2920.01 real, 132 MB, 53.11 load
[runlim] sample:		2912.09 time, 2930.01 real, 132 MB, 53.09 load
[runlim] sample:		2922.02 time, 2940.01 real, 133 MB, 53.16 load
[runlim] sample:		2931.97 time, 2950.01 real, 133 MB, 53.13 load
[runlim] sample:		2941.90 time, 2960.01 real, 133 MB, 53.18 load
[runlim] sample:		2951.83 time, 2970.01 real, 133 MB, 53.24 load
[runlim] sample:		2961.77 time, 2980.01 real, 133 MB, 53.20 load
[runlim] sample:		2971.70 time, 2990.01 real, 134 MB, 53.17 load
[runlim] sample:		2981.64 time, 3000.01 real, 134 MB, 53.22 load
[runlim] sample:		2991.58 time, 3010.01 real, 134 MB, 53.35 load
[runlim] sample:		3001.51 time, 3020.01 real, 135 MB, 53.44 load
[runlim] sample:		3011.45 time, 3030.01 real, 135 MB, 53.37 load
[runlim] sample:		3021.39 time, 3040.01 real, 135 MB, 53.32 load
[runlim] sample:		3031.34 time, 3050.01 real, 135 MB, 53.27 load
[runlim] sample:		3041.27 time, 3060.01 real, 135 MB, 53.31 load
[runlim] sample:		3051.21 time, 3070.01 real, 135 MB, 53.26 load
[runlim] sample:		3061.15 time, 3080.01 real, 135 MB, 53.22 load
[runlim] sample:		3071.09 time, 3090.01 real, 135 MB, 53.18 load
[runlim] sample:		3081.03 time, 3100.01 real, 136 MB, 53.16 load
[runlim] sample:		3090.97 time, 3110.01 real, 136 MB, 53.13 load
[runlim] sample:		3100.90 time, 3120.01 real, 136 MB, 53.19 load
[runlim] sample:		3110.85 time, 3130.01 real, 137 MB, 53.24 load
[runlim] sample:		3120.78 time, 3140.01 real, 137 MB, 53.27 load
[runlim] sample:		3130.72 time, 3150.01 real, 137 MB, 53.23 load
[runlim] sample:		3140.66 time, 3160.01 real, 137 MB, 53.19 load
[runlim] sample:		3150.60 time, 3170.01 real, 138 MB, 53.16 load
[runlim] sample:		3160.54 time, 3180.01 real, 138 MB, 53.22 load
[runlim] sample:		3170.48 time, 3190.01 real, 138 MB, 53.18 load
[runlim] sample:		3180.42 time, 3200.01 real, 138 MB, 53.16 load
[runlim] sample:		3190.36 time, 3210.01 real, 139 MB, 53.13 load
[runlim] sample:		3200.30 time, 3220.01 real, 139 MB, 53.11 load
[runlim] sample:		3210.24 time, 3230.01 real, 139 MB, 53.09 load
[runlim] sample:		3220.18 time, 3240.01 real, 142 MB, 53.16 load
[runlim] sample:		3230.12 time, 3250.01 real, 142 MB, 53.21 load
[runlim] sample:		3240.06 time, 3260.01 real, 142 MB, 53.18 load
[runlim] sample:		3249.99 time, 3270.01 real, 142 MB, 53.15 load
[runlim] sample:		3259.94 time, 3280.01 real, 143 MB, 53.12 load
[runlim] sample:		3269.87 time, 3290.01 real, 143 MB, 53.19 load
[runlim] sample:		3279.81 time, 3300.01 real, 143 MB, 53.16 load
[runlim] sample:		3289.75 time, 3310.01 real, 143 MB, 53.21 load
[runlim] sample:		3299.69 time, 3320.01 real, 143 MB, 53.18 load
[runlim] sample:		3309.63 time, 3330.01 real, 143 MB, 53.15 load
[runlim] sample:		3319.57 time, 3340.01 real, 143 MB, 53.13 load
[runlim] sample:		3329.51 time, 3350.01 real, 143 MB, 53.18 load
[runlim] sample:		3339.46 time, 3360.01 real, 145 MB, 53.23 load
[runlim] sample:		3349.39 time, 3370.01 real, 145 MB, 53.20 load
[runlim] sample:		3359.33 time, 3380.01 real, 145 MB, 53.24 load
[runlim] sample:		3369.27 time, 3390.01 real, 145 MB, 53.36 load
[runlim] sample:		3379.21 time, 3400.01 real, 145 MB, 53.38 load
[runlim] sample:		3389.15 time, 3410.01 real, 145 MB, 53.32 load
[runlim] sample:		3399.09 time, 3420.01 real, 146 MB, 53.27 load
[runlim] sample:		3409.03 time, 3430.01 real, 146 MB, 53.30 load
[runlim] sample:		3418.97 time, 3440.01 real, 146 MB, 53.25 load
[runlim] sample:		3428.91 time, 3450.01 real, 147 MB, 53.21 load
[runlim] sample:		3438.85 time, 3460.01 real, 147 MB, 53.26 load
[runlim] sample:		3448.79 time, 3470.01 real, 147 MB, 53.22 load
[runlim] sample:		3458.73 time, 3480.01 real, 147 MB, 53.18 load
[runlim] sample:		3468.67 time, 3490.01 real, 148 MB, 53.15 load
[runlim] sample:		3478.62 time, 3500.01 real, 148 MB, 53.13 load
[runlim] sample:		3488.55 time, 3510.01 real, 148 MB, 53.26 load
[runlim] sample:		3498.49 time, 3520.01 real, 148 MB, 53.30 load
[runlim] sample:		3508.43 time, 3530.01 real, 148 MB, 53.25 load
[runlim] sample:		3518.37 time, 3540.01 real, 149 MB, 53.21 load
[runlim] sample:		3528.31 time, 3550.01 real, 149 MB, 53.18 load
[runlim] sample:		3538.24 time, 3560.01 real, 149 MB, 53.15 load
[runlim] sample:		3548.18 time, 3570.01 real, 149 MB, 53.13 load
[runlim] sample:		3558.12 time, 3580.01 real, 150 MB, 53.11 load
[runlim] sample:		3568.06 time, 3590.01 real, 150 MB, 53.17 load
[runlim] sample:		3578.00 time, 3600.01 real, 150 MB, 53.14 load
[runlim] sample:		3587.94 time, 3610.01 real, 150 MB, 53.12 load
[runlim] sample:		3597.87 time, 3620.01 real, 150 MB, 53.18 load
[runlim] sample:		3607.81 time, 3630.01 real, 151 MB, 53.15 load
[runlim] sample:		3617.75 time, 3640.01 real, 151 MB, 53.20 load
[runlim] sample:		3627.69 time, 3650.01 real, 151 MB, 53.25 load
[runlim] sample:		3637.63 time, 3660.01 real, 151 MB, 53.21 load
[runlim] sample:		3647.57 time, 3670.01 real, 151 MB, 53.18 load
[runlim] sample:		3657.51 time, 3680.01 real, 151 MB, 53.15 load
[runlim] sample:		3667.45 time, 3690.01 real, 151 MB, 53.12 load
[runlim] sample:		3677.39 time, 3700.01 real, 151 MB, 53.10 load
[runlim] sample:		3687.33 time, 3710.01 real, 151 MB, 53.09 load
[runlim] sample:		3697.27 time, 3720.01 real, 151 MB, 53.07 load
[runlim] sample:		3707.21 time, 3730.01 real, 151 MB, 53.06 load
[runlim] sample:		3717.16 time, 3740.02 real, 151 MB, 53.05 load
[runlim] sample:		3727.09 time, 3750.01 real, 151 MB, 53.12 load
[runlim] sample:		3737.03 time, 3760.01 real, 153 MB, 53.10 load
[runlim] sample:		3746.96 time, 3770.01 real, 153 MB, 53.16 load
[runlim] sample:		3756.90 time, 3780.01 real, 153 MB, 53.14 load
[runlim] sample:		3766.83 time, 3790.01 real, 153 MB, 53.12 load
[runlim] sample:		3776.77 time, 3800.01 real, 153 MB, 53.10 load
[runlim] sample:		3786.71 time, 3810.01 real, 153 MB, 53.08 load
[runlim] sample:		3796.65 time, 3820.01 real, 153 MB, 53.07 load
[runlim] sample:		3806.60 time, 3830.01 real, 153 MB, 53.06 load
[runlim] sample:		3816.54 time, 3840.01 real, 153 MB, 53.05 load
[runlim] sample:		3826.48 time, 3850.01 real, 153 MB, 53.04 load
[runlim] sample:		3836.41 time, 3860.01 real, 155 MB, 53.03 load
[runlim] sample:		3846.35 time, 3870.01 real, 155 MB, 53.03 load
[runlim] sample:		3856.29 time, 3880.01 real, 155 MB, 53.10 load
[runlim] sample:		3866.23 time, 3890.01 real, 155 MB, 53.08 load
[runlim] sample:		3876.16 time, 3900.01 real, 155 MB, 53.07 load
[runlim] sample:		3886.11 time, 3910.01 real, 155 MB, 53.06 load
[runlim] sample:		3896.05 time, 3920.01 real, 155 MB, 53.05 load
[runlim] sample:		3905.99 time, 3930.01 real, 155 MB, 53.04 load
[runlim] sample:		3915.93 time, 3940.01 real, 155 MB, 53.03 load
[runlim] sample:		3925.87 time, 3950.01 real, 155 MB, 53.03 load
[runlim] sample:		3935.80 time, 3960.01 real, 155 MB, 53.02 load
[runlim] sample:		3945.74 time, 3970.01 real, 155 MB, 53.02 load
[runlim] sample:		3955.68 time, 3980.01 real, 155 MB, 53.02 load
[runlim] sample:		3965.63 time, 3990.01 real, 155 MB, 53.01 load
[runlim] sample:		3975.56 time, 4000.01 real, 155 MB, 53.09 load
[runlim] sample:		3985.50 time, 4010.01 real, 155 MB, 53.08 load
[runlim] sample:		3995.44 time, 4020.01 real, 155 MB, 53.06 load
[runlim] sample:		4005.38 time, 4030.01 real, 155 MB, 53.05 load
[runlim] sample:		4015.32 time, 4040.01 real, 155 MB, 53.05 load
[runlim] sample:		4025.26 time, 4050.01 real, 155 MB, 53.04 load
[runlim] sample:		4035.20 time, 4060.01 real, 156 MB, 53.03 load
[runlim] sample:		4045.14 time, 4070.01 real, 156 MB, 53.03 load
[runlim] sample:		4055.08 time, 4080.01 real, 156 MB, 53.02 load
[runlim] sample:		4065.02 time, 4090.01 real, 156 MB, 53.10 load
[runlim] sample:		4074.95 time, 4100.01 real, 156 MB, 53.08 load
[runlim] sample:		4084.89 time, 4110.01 real, 156 MB, 53.15 load
[runlim] sample:		4094.83 time, 4120.01 real, 156 MB, 53.29 load
[runlim] sample:		4104.77 time, 4130.01 real, 156 MB, 53.24 load
[runlim] sample:		4114.70 time, 4140.01 real, 156 MB, 53.20 load
[runlim] sample:		4124.64 time, 4150.01 real, 156 MB, 53.25 load
[runlim] sample:		4134.59 time, 4160.01 real, 157 MB, 53.21 load
[runlim] sample:		4144.52 time, 4170.01 real, 157 MB, 53.25 load
[runlim] sample:		4154.46 time, 4180.01 real, 157 MB, 53.37 load
[runlim] sample:		4164.40 time, 4190.01 real, 157 MB, 53.31 load
[runlim] sample:		4174.34 time, 4200.01 real, 158 MB, 53.27 load
[runlim] sample:		4184.28 time, 4210.01 real, 158 MB, 53.30 load
[runlim] sample:		4194.21 time, 4220.01 real, 158 MB, 53.33 load
[runlim] sample:		4204.15 time, 4230.01 real, 158 MB, 53.28 load
[runlim] sample:		4214.10 time, 4240.01 real, 158 MB, 53.32 load
[runlim] sample:		4224.03 time, 4250.01 real, 159 MB, 53.27 load
[runlim] sample:		4233.97 time, 4260.01 real, 159 MB, 53.31 load
[runlim] sample:		4243.91 time, 4270.01 real, 159 MB, 53.26 load
[runlim] sample:		4253.86 time, 4280.01 real, 159 MB, 53.30 load
[runlim] sample:		4263.79 time, 4290.01 real, 159 MB, 53.25 load
[runlim] sample:		4273.73 time, 4300.01 real, 160 MB, 53.21 load
[runlim] sample:		4283.66 time, 4310.01 real, 160 MB, 53.25 load
[runlim] sample:		4293.61 time, 4320.01 real, 160 MB, 53.21 load
[runlim] sample:		4303.55 time, 4330.01 real, 160 MB, 53.18 load
[runlim] sample:		4313.48 time, 4340.01 real, 160 MB, 53.23 load
[runlim] sample:		4323.43 time, 4350.01 real, 161 MB, 53.20 load
[runlim] sample:		4333.37 time, 4360.01 real, 161 MB, 53.17 load
[runlim] sample:		4343.30 time, 4370.01 real, 161 MB, 53.14 load
[runlim] sample:		4353.24 time, 4380.01 real, 161 MB, 53.20 load
[runlim] sample:		4363.18 time, 4390.01 real, 161 MB, 53.25 load
[runlim] sample:		4373.12 time, 4400.01 real, 162 MB, 53.28 load
[runlim] sample:		4383.06 time, 4410.01 real, 162 MB, 53.24 load
[runlim] sample:		4392.98 time, 4420.01 real, 162 MB, 53.20 load
[runlim] sample:		4402.90 time, 4430.01 real, 162 MB, 53.25 load
[runlim] sample:		4412.82 time, 4440.01 real, 162 MB, 53.21 load
[runlim] sample:		4422.76 time, 4450.01 real, 162 MB, 53.26 load
[runlim] sample:		4432.70 time, 4460.01 real, 162 MB, 53.37 load
[runlim] sample:		4442.63 time, 4470.01 real, 162 MB, 53.39 load
[runlim] sample:		4452.57 time, 4480.01 real, 162 MB, 53.33 load
[runlim] sample:		4462.51 time, 4490.01 real, 162 MB, 53.28 load
[runlim] sample:		4472.45 time, 4500.01 real, 162 MB, 53.40 load
[runlim] sample:		4482.39 time, 4510.01 real, 162 MB, 53.33 load
[runlim] sample:		4492.33 time, 4520.01 real, 163 MB, 53.36 load
[runlim] sample:		4502.27 time, 4530.01 real, 163 MB, 53.31 load
[runlim] sample:		4512.21 time, 4540.01 real, 163 MB, 53.34 load
[runlim] sample:		4522.15 time, 4550.01 real, 163 MB, 53.29 load
[runlim] sample:		4532.09 time, 4560.01 real, 163 MB, 53.32 load
[runlim] sample:		4542.03 time, 4570.01 real, 164 MB, 53.27 load
[runlim] sample:		4551.97 time, 4580.01 real, 164 MB, 53.23 load
[runlim] sample:		4561.91 time, 4590.01 real, 164 MB, 53.19 load
[runlim] sample:		4571.85 time, 4600.01 real, 164 MB, 53.16 load
[runlim] sample:		4581.79 time, 4610.01 real, 164 MB, 53.14 load
[runlim] sample:		4591.73 time, 4620.01 real, 164 MB, 53.12 load
[runlim] sample:		4601.67 time, 4630.01 real, 165 MB, 53.10 load
[runlim] sample:		4611.60 time, 4640.01 real, 165 MB, 53.08 load
[runlim] sample:		4621.55 time, 4650.01 real, 165 MB, 53.07 load
[runlim] sample:		4631.49 time, 4660.01 real, 165 MB, 53.06 load
[runlim] sample:		4641.43 time, 4670.01 real, 165 MB, 53.05 load
[runlim] sample:		4651.37 time, 4680.01 real, 165 MB, 53.12 load
[runlim] sample:		4661.31 time, 4690.01 real, 166 MB, 53.10 load
[runlim] sample:		4671.25 time, 4700.01 real, 166 MB, 53.09 load
[runlim] sample:		4681.18 time, 4710.01 real, 166 MB, 53.07 load
[runlim] sample:		4691.13 time, 4720.01 real, 166 MB, 53.06 load
[runlim] sample:		4701.07 time, 4730.01 real, 166 MB, 53.05 load
[runlim] sample:		4711.01 time, 4740.01 real, 166 MB, 53.04 load
[runlim] sample:		4720.95 time, 4750.01 real, 166 MB, 53.04 load
[runlim] sample:		4730.88 time, 4760.01 real, 166 MB, 53.18 load
[runlim] sample:		4740.82 time, 4770.01 real, 166 MB, 53.16 load
[runlim] sample:		4750.77 time, 4780.01 real, 166 MB, 53.29 load
[runlim] sample:		4760.70 time, 4790.01 real, 168 MB, 53.25 load
[runlim] sample:		4770.65 time, 4800.01 real, 168 MB, 53.36 load
[runlim] sample:		4780.59 time, 4810.01 real, 168 MB, 53.39 load
[runlim] sample:		4790.52 time, 4820.01 real, 168 MB, 53.41 load
[runlim] sample:		4800.46 time, 4830.01 real, 168 MB, 53.34 load
[runlim] sample:		4810.41 time, 4840.01 real, 169 MB, 53.29 load
[runlim] sample:		4820.35 time, 4850.01 real, 169 MB, 53.32 load
[runlim] sample:		4830.29 time, 4860.01 real, 169 MB, 53.27 load
[runlim] sample:		4840.22 time, 4870.01 real, 169 MB, 53.23 load
[runlim] sample:		4850.16 time, 4880.01 real, 169 MB, 53.19 load
[runlim] sample:		4860.10 time, 4890.01 real, 169 MB, 53.16 load
[runlim] sample:		4870.04 time, 4900.01 real, 169 MB, 53.14 load
[runlim] sample:		4879.99 time, 4910.01 real, 169 MB, 53.12 load
[runlim] sample:		4889.93 time, 4920.01 real, 169 MB, 53.10 load
[runlim] sample:		4899.87 time, 4930.01 real, 169 MB, 53.08 load
[runlim] sample:		4909.81 time, 4940.01 real, 169 MB, 53.07 load
[runlim] sample:		4919.74 time, 4950.01 real, 170 MB, 53.22 load
[runlim] sample:		4929.69 time, 4960.01 real, 170 MB, 53.26 load
[runlim] sample:		4939.63 time, 4970.01 real, 170 MB, 53.30 load
[runlim] sample:		4949.57 time, 4980.01 real, 170 MB, 53.25 load
[runlim] sample:		4959.51 time, 4990.01 real, 170 MB, 53.21 load
[runlim] sample:		4969.45 time, 5000.01 real, 170 MB, 53.25 load
[runlim] end:			Wed Apr 15 15:43:01 2026
[runlim] status:		out of time
[runlim] result:		2
[runlim] children:		1
[runlim] processes:		2
[runlim] real:			5000.05 seconds
[runlim] time:			4969.45 seconds
[runlim] space:			170 MB
[runlim] load:			56.84 maximum
[runlim] samples:		50000
