[runlim] version:		2.0.0rc1
[runlim] host:			m08n13
[runlim] time limit:		311040000 seconds
[runlim] real time limit:	5000 seconds
[runlim] space limit:		7000 MB
[runlim] argv[0]:		./binary
[runlim] argv[1]:		-c
[runlim] argv[2]:		/tmp/local-unzipped-12372155-1-31-logistics.b.cnf
[runlim] start:			Wed Apr  1 15:37:08 2026
[runlim] child:			4182043
[runlim] sample:		9.97 time, 10.01 real, 4 MB, 1.46 load
[runlim] sample:		19.94 time, 20.01 real, 4 MB, 2.01 load
[runlim] sample:		29.91 time, 30.01 real, 4 MB, 2.47 load
[runlim] sample:		39.88 time, 40.01 real, 4 MB, 2.86 load
[runlim] sample:		49.85 time, 50.01 real, 4 MB, 3.26 load
[runlim] sample:		59.82 time, 60.01 real, 4 MB, 3.53 load
[runlim] sample:		69.79 time, 70.01 real, 4 MB, 3.76 load
[runlim] sample:		79.76 time, 80.01 real, 4 MB, 4.02 load
[runlim] sample:		89.73 time, 90.01 real, 4 MB, 4.17 load
[runlim] sample:		99.70 time, 100.01 real, 4 MB, 4.30 load
[runlim] sample:		109.67 time, 110.01 real, 4 MB, 4.41 load
[runlim] sample:		119.64 time, 120.01 real, 4 MB, 4.42 load
[runlim] sample:		129.61 time, 130.01 real, 4 MB, 4.35 load
[runlim] sample:		139.58 time, 140.01 real, 4 MB, 4.30 load
[runlim] sample:		149.55 time, 150.01 real, 4 MB, 4.25 load
[runlim] sample:		159.52 time, 160.01 real, 4 MB, 4.21 load
[runlim] sample:		169.48 time, 170.01 real, 4 MB, 4.25 load
[runlim] sample:		179.45 time, 180.01 real, 4 MB, 4.21 load
[runlim] sample:		189.42 time, 190.01 real, 4 MB, 4.18 load
[runlim] sample:		199.39 time, 200.01 real, 4 MB, 4.15 load
[runlim] sample:		209.36 time, 210.01 real, 4 MB, 4.13 load
[runlim] sample:		219.33 time, 220.01 real, 4 MB, 4.11 load
[runlim] sample:		229.30 time, 230.01 real, 4 MB, 4.09 load
[runlim] sample:		239.27 time, 240.01 real, 4 MB, 4.08 load
[runlim] sample:		249.24 time, 250.01 real, 4 MB, 4.06 load
[runlim] sample:		259.21 time, 260.01 real, 4 MB, 4.05 load
[runlim] sample:		269.18 time, 270.01 real, 4 MB, 4.05 load
[runlim] sample:		279.15 time, 280.01 real, 4 MB, 4.04 load
[runlim] sample:		289.12 time, 290.01 real, 4 MB, 4.03 load
[runlim] sample:		299.09 time, 300.01 real, 4 MB, 4.03 load
[runlim] sample:		309.06 time, 310.01 real, 4 MB, 4.02 load
[runlim] sample:		319.03 time, 320.01 real, 4 MB, 4.02 load
[runlim] sample:		329.00 time, 330.01 real, 4 MB, 4.02 load
[runlim] sample:		338.97 time, 340.01 real, 4 MB, 4.01 load
[runlim] sample:		348.94 time, 350.01 real, 4 MB, 4.01 load
[runlim] sample:		358.92 time, 360.01 real, 4 MB, 4.01 load
[runlim] sample:		368.89 time, 370.01 real, 4 MB, 4.01 load
[runlim] sample:		378.86 time, 380.01 real, 4 MB, 4.00 load
[runlim] sample:		388.83 time, 390.01 real, 4 MB, 4.00 load
[runlim] sample:		398.80 time, 400.01 real, 4 MB, 4.00 load
[runlim] sample:		408.77 time, 410.01 real, 4 MB, 4.00 load
[runlim] sample:		418.74 time, 420.01 real, 4 MB, 4.00 load
[runlim] sample:		428.70 time, 430.01 real, 4 MB, 4.00 load
[runlim] sample:		438.67 time, 440.01 real, 4 MB, 4.00 load
[runlim] sample:		448.64 time, 450.01 real, 4 MB, 4.00 load
[runlim] sample:		458.61 time, 460.01 real, 4 MB, 4.00 load
[runlim] sample:		468.57 time, 470.01 real, 4 MB, 4.00 load
[runlim] sample:		478.54 time, 480.01 real, 5 MB, 4.00 load
[runlim] sample:		488.51 time, 490.01 real, 5 MB, 4.00 load
[runlim] sample:		498.47 time, 500.01 real, 5 MB, 4.00 load
[runlim] sample:		508.44 time, 510.01 real, 5 MB, 4.00 load
[runlim] sample:		518.41 time, 520.01 real, 5 MB, 4.00 load
[runlim] sample:		528.37 time, 530.01 real, 5 MB, 4.08 load
[runlim] sample:		538.34 time, 540.01 real, 5 MB, 4.07 load
[runlim] sample:		548.31 time, 550.01 real, 5 MB, 4.06 load
[runlim] sample:		558.28 time, 560.01 real, 5 MB, 4.05 load
[runlim] sample:		568.24 time, 570.01 real, 5 MB, 4.04 load
[runlim] sample:		578.21 time, 580.01 real, 5 MB, 4.03 load
[runlim] sample:		588.18 time, 590.01 real, 5 MB, 4.11 load
[runlim] sample:		598.15 time, 600.01 real, 5 MB, 4.09 load
[runlim] sample:		608.12 time, 610.01 real, 5 MB, 4.08 load
[runlim] sample:		618.08 time, 620.01 real, 5 MB, 4.06 load
[runlim] sample:		628.05 time, 630.01 real, 5 MB, 4.05 load
[runlim] sample:		638.02 time, 640.01 real, 5 MB, 4.05 load
[runlim] sample:		647.99 time, 650.01 real, 5 MB, 4.12 load
[runlim] sample:		657.96 time, 660.01 real, 5 MB, 4.10 load
[runlim] sample:		667.92 time, 670.01 real, 5 MB, 4.16 load
[runlim] sample:		677.89 time, 680.01 real, 5 MB, 4.13 load
[runlim] sample:		687.86 time, 690.01 real, 5 MB, 4.11 load
[runlim] sample:		697.83 time, 700.01 real, 5 MB, 4.10 load
[runlim] sample:		707.79 time, 710.01 real, 5 MB, 4.08 load
[runlim] sample:		717.76 time, 720.01 real, 5 MB, 4.07 load
[runlim] sample:		727.73 time, 730.01 real, 5 MB, 4.06 load
[runlim] sample:		737.70 time, 740.01 real, 5 MB, 4.05 load
[runlim] sample:		747.67 time, 750.01 real, 5 MB, 4.04 load
[runlim] sample:		757.63 time, 760.01 real, 5 MB, 4.03 load
[runlim] sample:		767.60 time, 770.01 real, 5 MB, 4.03 load
[runlim] sample:		777.57 time, 780.01 real, 5 MB, 4.02 load
[runlim] sample:		787.54 time, 790.01 real, 5 MB, 4.02 load
[runlim] sample:		797.51 time, 800.01 real, 5 MB, 4.02 load
[runlim] sample:		807.47 time, 810.01 real, 5 MB, 4.01 load
[runlim] sample:		817.44 time, 820.01 real, 5 MB, 4.01 load
[runlim] sample:		827.41 time, 830.01 real, 5 MB, 4.01 load
[runlim] sample:		837.38 time, 840.01 real, 5 MB, 4.01 load
[runlim] sample:		847.34 time, 850.01 real, 5 MB, 4.00 load
[runlim] sample:		857.31 time, 860.01 real, 5 MB, 4.00 load
[runlim] sample:		867.28 time, 870.01 real, 5 MB, 4.00 load
[runlim] sample:		877.25 time, 880.01 real, 5 MB, 4.00 load
[runlim] sample:		887.21 time, 890.01 real, 5 MB, 4.00 load
[runlim] sample:		897.18 time, 900.01 real, 5 MB, 4.00 load
[runlim] sample:		907.15 time, 910.01 real, 5 MB, 4.00 load
[runlim] sample:		917.12 time, 920.01 real, 5 MB, 4.00 load
[runlim] sample:		927.09 time, 930.01 real, 5 MB, 4.00 load
[runlim] sample:		937.05 time, 940.01 real, 5 MB, 4.00 load
[runlim] sample:		947.02 time, 950.01 real, 5 MB, 4.00 load
[runlim] sample:		956.99 time, 960.01 real, 5 MB, 4.00 load
[runlim] sample:		966.96 time, 970.01 real, 5 MB, 4.08 load
[runlim] sample:		976.92 time, 980.01 real, 5 MB, 4.07 load
[runlim] sample:		986.89 time, 990.01 real, 5 MB, 4.06 load
[runlim] sample:		996.86 time, 1000.01 real, 5 MB, 4.05 load
[runlim] sample:		1006.83 time, 1010.01 real, 5 MB, 4.04 load
[runlim] sample:		1016.80 time, 1020.01 real, 5 MB, 4.03 load
[runlim] sample:		1026.76 time, 1030.01 real, 5 MB, 4.03 load
[runlim] sample:		1036.73 time, 1040.01 real, 5 MB, 4.02 load
[runlim] sample:		1046.70 time, 1050.01 real, 5 MB, 4.02 load
[runlim] sample:		1056.67 time, 1060.01 real, 5 MB, 4.02 load
[runlim] sample:		1066.63 time, 1070.01 real, 5 MB, 4.01 load
[runlim] sample:		1076.60 time, 1080.01 real, 5 MB, 4.01 load
[runlim] sample:		1086.57 time, 1090.01 real, 5 MB, 4.01 load
[runlim] sample:		1096.54 time, 1100.01 real, 5 MB, 4.01 load
[runlim] sample:		1106.50 time, 1110.01 real, 5 MB, 4.00 load
[runlim] sample:		1116.47 time, 1120.01 real, 5 MB, 4.00 load
[runlim] sample:		1126.44 time, 1130.01 real, 5 MB, 4.00 load
[runlim] sample:		1136.40 time, 1140.01 real, 5 MB, 4.00 load
[runlim] sample:		1146.37 time, 1150.01 real, 5 MB, 4.00 load
[runlim] sample:		1156.34 time, 1160.01 real, 5 MB, 4.00 load
[runlim] sample:		1166.31 time, 1170.01 real, 5 MB, 4.00 load
[runlim] sample:		1176.27 time, 1180.01 real, 5 MB, 4.00 load
[runlim] sample:		1186.24 time, 1190.01 real, 5 MB, 4.00 load
[runlim] sample:		1196.21 time, 1200.01 real, 5 MB, 4.00 load
[runlim] sample:		1206.17 time, 1210.01 real, 5 MB, 4.00 load
[runlim] sample:		1216.14 time, 1220.01 real, 5 MB, 4.00 load
[runlim] sample:		1226.11 time, 1230.01 real, 5 MB, 4.00 load
[runlim] sample:		1236.08 time, 1240.01 real, 5 MB, 4.00 load
[runlim] sample:		1246.04 time, 1250.01 real, 5 MB, 4.00 load
[runlim] sample:		1256.01 time, 1260.01 real, 5 MB, 4.00 load
[runlim] sample:		1265.98 time, 1270.01 real, 5 MB, 4.00 load
[runlim] sample:		1275.95 time, 1280.01 real, 5 MB, 4.00 load
[runlim] sample:		1285.91 time, 1290.01 real, 5 MB, 4.00 load
[runlim] sample:		1295.88 time, 1300.01 real, 5 MB, 4.00 load
[runlim] sample:		1305.85 time, 1310.01 real, 5 MB, 4.00 load
[runlim] sample:		1315.82 time, 1320.01 real, 5 MB, 4.00 load
[runlim] sample:		1325.78 time, 1330.01 real, 5 MB, 4.00 load
[runlim] sample:		1335.75 time, 1340.01 real, 5 MB, 4.00 load
[runlim] sample:		1345.72 time, 1350.01 real, 5 MB, 4.00 load
[runlim] sample:		1355.69 time, 1360.01 real, 5 MB, 4.00 load
[runlim] sample:		1365.65 time, 1370.01 real, 5 MB, 4.00 load
[runlim] sample:		1375.62 time, 1380.01 real, 5 MB, 4.00 load
[runlim] sample:		1385.59 time, 1390.01 real, 5 MB, 4.00 load
[runlim] sample:		1395.55 time, 1400.01 real, 5 MB, 4.16 load
[runlim] sample:		1405.52 time, 1410.01 real, 5 MB, 4.13 load
[runlim] sample:		1415.49 time, 1420.01 real, 5 MB, 4.11 load
[runlim] sample:		1425.45 time, 1430.01 real, 5 MB, 4.10 load
[runlim] sample:		1435.42 time, 1440.01 real, 5 MB, 4.08 load
[runlim] sample:		1445.39 time, 1450.01 real, 5 MB, 4.07 load
[runlim] sample:		1455.36 time, 1460.01 real, 5 MB, 4.06 load
[runlim] sample:		1465.32 time, 1470.01 real, 5 MB, 4.12 load
[runlim] sample:		1475.29 time, 1480.01 real, 5 MB, 4.10 load
[runlim] sample:		1485.26 time, 1490.01 real, 5 MB, 4.09 load
[runlim] sample:		1495.22 time, 1500.01 real, 5 MB, 4.07 load
[runlim] sample:		1505.19 time, 1510.01 real, 5 MB, 4.06 load
[runlim] sample:		1515.16 time, 1520.01 real, 5 MB, 4.05 load
[runlim] sample:		1525.13 time, 1530.01 real, 5 MB, 4.04 load
[runlim] sample:		1535.09 time, 1540.01 real, 5 MB, 4.04 load
[runlim] sample:		1545.06 time, 1550.01 real, 5 MB, 4.03 load
[runlim] sample:		1555.03 time, 1560.01 real, 5 MB, 4.10 load
[runlim] sample:		1564.99 time, 1570.01 real, 5 MB, 4.08 load
[runlim] sample:		1574.96 time, 1580.01 real, 5 MB, 4.07 load
[runlim] sample:		1584.93 time, 1590.01 real, 5 MB, 4.06 load
[runlim] sample:		1594.90 time, 1600.01 real, 5 MB, 4.05 load
[runlim] sample:		1604.86 time, 1610.01 real, 5 MB, 4.04 load
[runlim] sample:		1614.83 time, 1620.01 real, 5 MB, 4.20 load
[runlim] sample:		1624.80 time, 1630.01 real, 5 MB, 4.16 load
[runlim] sample:		1634.77 time, 1640.01 real, 5 MB, 4.14 load
[runlim] sample:		1644.73 time, 1650.01 real, 5 MB, 4.12 load
[runlim] sample:		1654.70 time, 1660.01 real, 5 MB, 4.10 load
[runlim] sample:		1664.67 time, 1670.01 real, 5 MB, 4.16 load
[runlim] sample:		1674.63 time, 1680.01 real, 5 MB, 4.21 load
[runlim] sample:		1684.60 time, 1690.01 real, 5 MB, 4.18 load
[runlim] sample:		1694.57 time, 1700.01 real, 5 MB, 4.15 load
[runlim] sample:		1704.54 time, 1710.01 real, 5 MB, 4.13 load
[runlim] sample:		1714.50 time, 1720.01 real, 5 MB, 4.11 load
[runlim] sample:		1724.47 time, 1730.01 real, 5 MB, 4.09 load
[runlim] sample:		1734.44 time, 1740.01 real, 5 MB, 4.08 load
[runlim] sample:		1744.40 time, 1750.01 real, 5 MB, 4.06 load
[runlim] sample:		1754.37 time, 1760.01 real, 5 MB, 4.05 load
[runlim] sample:		1764.34 time, 1770.01 real, 5 MB, 4.05 load
[runlim] sample:		1774.31 time, 1780.01 real, 5 MB, 4.04 load
[runlim] sample:		1784.27 time, 1790.01 real, 5 MB, 4.03 load
[runlim] sample:		1794.24 time, 1800.01 real, 5 MB, 4.03 load
[runlim] sample:		1804.21 time, 1810.01 real, 5 MB, 4.02 load
[runlim] sample:		1814.18 time, 1820.01 real, 5 MB, 4.02 load
[runlim] sample:		1824.14 time, 1830.01 real, 5 MB, 4.02 load
[runlim] sample:		1834.11 time, 1840.01 real, 5 MB, 4.01 load
[runlim] sample:		1844.08 time, 1850.01 real, 5 MB, 4.01 load
[runlim] sample:		1854.05 time, 1860.01 real, 5 MB, 4.01 load
[runlim] sample:		1864.01 time, 1870.01 real, 5 MB, 4.01 load
[runlim] sample:		1873.98 time, 1880.01 real, 5 MB, 4.00 load
[runlim] sample:		1883.95 time, 1890.01 real, 5 MB, 4.00 load
[runlim] sample:		1893.91 time, 1900.01 real, 5 MB, 4.00 load
[runlim] sample:		1903.88 time, 1910.01 real, 5 MB, 4.00 load
[runlim] sample:		1913.85 time, 1920.01 real, 5 MB, 4.00 load
[runlim] sample:		1923.82 time, 1930.01 real, 5 MB, 4.00 load
[runlim] sample:		1933.78 time, 1940.01 real, 5 MB, 4.00 load
[runlim] sample:		1943.75 time, 1950.01 real, 5 MB, 4.00 load
[runlim] sample:		1953.72 time, 1960.01 real, 5 MB, 4.00 load
[runlim] sample:		1963.69 time, 1970.01 real, 5 MB, 4.00 load
[runlim] sample:		1973.65 time, 1980.01 real, 5 MB, 4.00 load
[runlim] sample:		1983.62 time, 1990.01 real, 5 MB, 4.00 load
[runlim] sample:		1993.59 time, 2000.01 real, 5 MB, 4.00 load
[runlim] sample:		2003.56 time, 2010.01 real, 5 MB, 4.07 load
[runlim] sample:		2013.52 time, 2020.01 real, 5 MB, 4.06 load
[runlim] sample:		2023.49 time, 2030.01 real, 5 MB, 4.05 load
[runlim] sample:		2033.46 time, 2040.01 real, 5 MB, 4.04 load
[runlim] sample:		2043.42 time, 2050.01 real, 5 MB, 4.04 load
[runlim] sample:		2053.39 time, 2060.01 real, 5 MB, 4.03 load
[runlim] sample:		2063.36 time, 2070.01 real, 5 MB, 4.10 load
[runlim] sample:		2073.33 time, 2080.01 real, 5 MB, 4.16 load
[runlim] sample:		2083.29 time, 2090.01 real, 5 MB, 4.14 load
[runlim] sample:		2093.26 time, 2100.01 real, 5 MB, 4.12 load
[runlim] sample:		2103.23 time, 2110.01 real, 5 MB, 4.10 load
[runlim] sample:		2113.20 time, 2120.01 real, 5 MB, 4.08 load
[runlim] sample:		2123.17 time, 2130.01 real, 5 MB, 4.07 load
[runlim] sample:		2133.13 time, 2140.01 real, 5 MB, 4.06 load
[runlim] sample:		2143.10 time, 2150.01 real, 5 MB, 4.05 load
[runlim] sample:		2153.07 time, 2160.01 real, 5 MB, 4.04 load
[runlim] sample:		2163.04 time, 2170.01 real, 5 MB, 4.03 load
[runlim] sample:		2173.00 time, 2180.01 real, 5 MB, 4.03 load
[runlim] sample:		2182.97 time, 2190.01 real, 5 MB, 4.02 load
[runlim] sample:		2192.94 time, 2200.01 real, 5 MB, 4.02 load
[runlim] sample:		2202.91 time, 2210.01 real, 5 MB, 4.02 load
[runlim] sample:		2212.87 time, 2220.01 real, 5 MB, 4.01 load
[runlim] sample:		2222.84 time, 2230.01 real, 5 MB, 4.01 load
[runlim] sample:		2232.81 time, 2240.01 real, 5 MB, 4.01 load
[runlim] sample:		2242.78 time, 2250.01 real, 5 MB, 4.01 load
[runlim] sample:		2252.75 time, 2260.01 real, 5 MB, 4.01 load
[runlim] sample:		2262.71 time, 2270.01 real, 5 MB, 4.00 load
[runlim] sample:		2272.68 time, 2280.01 real, 5 MB, 4.08 load
[runlim] sample:		2282.64 time, 2290.01 real, 5 MB, 4.07 load
[runlim] sample:		2292.61 time, 2300.01 real, 5 MB, 4.06 load
[runlim] sample:		2302.57 time, 2310.01 real, 5 MB, 4.12 load
[runlim] sample:		2312.54 time, 2320.01 real, 5 MB, 4.10 load
[runlim] sample:		2322.50 time, 2330.01 real, 5 MB, 4.17 load
[runlim] sample:		2332.47 time, 2340.01 real, 5 MB, 4.29 load
[runlim] sample:		2342.44 time, 2350.01 real, 5 MB, 4.40 load
[runlim] sample:		2352.41 time, 2360.01 real, 5 MB, 4.58 load
[runlim] sample:		2362.38 time, 2370.01 real, 5 MB, 4.64 load
[runlim] sample:		2372.34 time, 2380.01 real, 5 MB, 4.70 load
[runlim] sample:		2382.31 time, 2390.01 real, 5 MB, 4.74 load
[runlim] sample:		2392.27 time, 2400.01 real, 5 MB, 4.78 load
[runlim] sample:		2402.23 time, 2410.01 real, 5 MB, 4.82 load
[runlim] sample:		2412.20 time, 2420.01 real, 5 MB, 4.69 load
[runlim] sample:		2422.17 time, 2430.01 real, 5 MB, 4.58 load
[runlim] sample:		2432.13 time, 2440.01 real, 5 MB, 4.65 load
[runlim] sample:		2442.10 time, 2450.01 real, 5 MB, 4.55 load
[runlim] sample:		2452.06 time, 2460.01 real, 5 MB, 4.46 load
[runlim] sample:		2462.03 time, 2470.01 real, 5 MB, 4.39 load
[runlim] sample:		2471.99 time, 2480.01 real, 5 MB, 4.33 load
[runlim] sample:		2481.96 time, 2490.01 real, 5 MB, 4.28 load
[runlim] sample:		2491.93 time, 2500.01 real, 5 MB, 4.24 load
[runlim] sample:		2501.89 time, 2510.01 real, 5 MB, 4.27 load
[runlim] sample:		2511.86 time, 2520.01 real, 5 MB, 4.23 load
[runlim] sample:		2521.83 time, 2530.01 real, 5 MB, 4.20 load
[runlim] sample:		2531.79 time, 2540.01 real, 5 MB, 4.16 load
[runlim] sample:		2541.76 time, 2550.01 real, 5 MB, 4.14 load
[runlim] sample:		2551.73 time, 2560.01 real, 5 MB, 4.19 load
[runlim] sample:		2561.69 time, 2570.01 real, 5 MB, 4.16 load
[runlim] sample:		2571.66 time, 2580.01 real, 5 MB, 4.14 load
[runlim] sample:		2581.62 time, 2590.01 real, 5 MB, 4.11 load
[runlim] sample:		2591.59 time, 2600.01 real, 5 MB, 4.18 load
[runlim] sample:		2601.55 time, 2610.01 real, 5 MB, 4.23 load
[runlim] sample:		2611.51 time, 2620.01 real, 5 MB, 4.34 load
[runlim] sample:		2621.48 time, 2630.01 real, 5 MB, 4.45 load
[runlim] sample:		2631.44 time, 2640.01 real, 5 MB, 4.38 load
[runlim] sample:		2641.40 time, 2650.01 real, 5 MB, 4.32 load
[runlim] sample:		2651.37 time, 2660.01 real, 5 MB, 4.43 load
[runlim] sample:		2661.33 time, 2670.01 real, 5 MB, 4.36 load
[runlim] sample:		2671.29 time, 2680.01 real, 5 MB, 4.38 load
[runlim] sample:		2681.27 time, 2690.01 real, 5 MB, 4.40 load
[runlim] sample:		2691.23 time, 2700.01 real, 5 MB, 4.34 load
[runlim] sample:		2701.20 time, 2710.01 real, 5 MB, 4.29 load
[runlim] sample:		2711.16 time, 2720.01 real, 5 MB, 4.32 load
[runlim] sample:		2721.12 time, 2730.01 real, 5 MB, 4.27 load
[runlim] sample:		2731.09 time, 2740.01 real, 5 MB, 4.31 load
[runlim] sample:		2741.05 time, 2750.01 real, 5 MB, 4.34 load
[runlim] sample:		2751.01 time, 2760.01 real, 5 MB, 4.29 load
[runlim] sample:		2760.98 time, 2770.01 real, 5 MB, 4.24 load
[runlim] sample:		2770.94 time, 2780.01 real, 5 MB, 4.36 load
[runlim] sample:		2780.90 time, 2790.01 real, 5 MB, 4.31 load
[runlim] sample:		2790.88 time, 2800.01 real, 5 MB, 4.33 load
[runlim] sample:		2800.84 time, 2810.01 real, 5 MB, 4.36 load
[runlim] sample:		2810.81 time, 2820.01 real, 5 MB, 4.31 load
[runlim] sample:		2820.77 time, 2830.01 real, 5 MB, 4.26 load
[runlim] sample:		2830.73 time, 2840.01 real, 5 MB, 4.38 load
[runlim] sample:		2840.70 time, 2850.01 real, 5 MB, 4.32 load
[runlim] sample:		2850.66 time, 2860.01 real, 5 MB, 4.27 load
[runlim] sample:		2860.63 time, 2870.01 real, 5 MB, 4.39 load
[runlim] sample:		2870.59 time, 2880.01 real, 5 MB, 4.33 load
[runlim] sample:		2880.56 time, 2890.01 real, 5 MB, 4.28 load
[runlim] sample:		2890.52 time, 2900.01 real, 5 MB, 4.32 load
[runlim] sample:		2900.49 time, 2910.01 real, 5 MB, 4.27 load
[runlim] sample:		2910.45 time, 2920.01 real, 5 MB, 4.30 load
[runlim] sample:		2920.41 time, 2930.01 real, 5 MB, 4.41 load
[runlim] sample:		2930.38 time, 2940.01 real, 5 MB, 4.35 load
[runlim] sample:		2940.34 time, 2950.01 real, 5 MB, 4.30 load
[runlim] sample:		2950.31 time, 2960.01 real, 5 MB, 4.49 load
[runlim] sample:		2960.27 time, 2970.01 real, 5 MB, 4.49 load
[runlim] sample:		2970.23 time, 2980.01 real, 5 MB, 4.41 load
[runlim] sample:		2980.20 time, 2990.01 real, 5 MB, 4.35 load
[runlim] sample:		2990.16 time, 3000.01 real, 5 MB, 4.29 load
[runlim] sample:		3000.13 time, 3010.01 real, 5 MB, 4.25 load
[runlim] sample:		3010.09 time, 3020.01 real, 5 MB, 4.29 load
[runlim] sample:		3020.06 time, 3030.01 real, 5 MB, 4.25 load
[runlim] sample:		3030.03 time, 3040.01 real, 5 MB, 4.21 load
[runlim] sample:		3039.99 time, 3050.01 real, 5 MB, 4.17 load
[runlim] sample:		3049.95 time, 3060.01 real, 5 MB, 4.15 load
[runlim] sample:		3059.91 time, 3070.01 real, 5 MB, 4.12 load
[runlim] sample:		3069.88 time, 3080.01 real, 5 MB, 4.18 load
[runlim] sample:		3079.85 time, 3090.01 real, 5 MB, 4.16 load
[runlim] sample:		3089.81 time, 3100.01 real, 5 MB, 4.13 load
[runlim] sample:		3099.78 time, 3110.01 real, 5 MB, 4.11 load
[runlim] sample:		3109.75 time, 3120.01 real, 5 MB, 4.09 load
[runlim] sample:		3119.71 time, 3130.01 real, 5 MB, 4.08 load
[runlim] sample:		3129.68 time, 3140.01 real, 5 MB, 4.15 load
[runlim] sample:		3139.65 time, 3150.01 real, 5 MB, 4.12 load
[runlim] sample:		3149.61 time, 3160.01 real, 5 MB, 4.18 load
[runlim] sample:		3159.58 time, 3170.01 real, 5 MB, 4.16 load
[runlim] sample:		3169.54 time, 3180.01 real, 5 MB, 4.13 load
[runlim] sample:		3179.51 time, 3190.01 real, 5 MB, 4.11 load
[runlim] sample:		3189.47 time, 3200.01 real, 5 MB, 4.17 load
[runlim] sample:		3199.43 time, 3210.01 real, 5 MB, 4.15 load
[runlim] sample:		3209.40 time, 3220.01 real, 5 MB, 4.12 load
[runlim] sample:		3219.36 time, 3230.01 real, 5 MB, 4.10 load
[runlim] sample:		3229.33 time, 3240.01 real, 5 MB, 4.09 load
[runlim] sample:		3239.30 time, 3250.01 real, 5 MB, 4.07 load
[runlim] sample:		3249.27 time, 3260.01 real, 5 MB, 4.22 load
[runlim] sample:		3259.23 time, 3270.01 real, 5 MB, 4.19 load
[runlim] sample:		3269.20 time, 3280.01 real, 5 MB, 4.16 load
[runlim] sample:		3279.16 time, 3290.01 real, 5 MB, 4.13 load
[runlim] sample:		3289.13 time, 3300.01 real, 5 MB, 4.11 load
[runlim] sample:		3299.09 time, 3310.01 real, 5 MB, 4.10 load
[runlim] sample:		3309.06 time, 3320.01 real, 5 MB, 4.16 load
[runlim] sample:		3319.02 time, 3330.01 real, 5 MB, 4.14 load
[runlim] sample:		3328.99 time, 3340.01 real, 5 MB, 4.11 load
[runlim] sample:		3338.95 time, 3350.01 real, 5 MB, 4.10 load
[runlim] sample:		3348.92 time, 3360.01 real, 5 MB, 4.08 load
[runlim] sample:		3358.88 time, 3370.01 real, 5 MB, 4.07 load
[runlim] sample:		3368.85 time, 3380.01 real, 5 MB, 4.14 load
[runlim] sample:		3378.81 time, 3390.01 real, 5 MB, 4.20 load
[runlim] sample:		3388.79 time, 3400.01 real, 5 MB, 4.16 load
[runlim] sample:		3398.75 time, 3410.01 real, 5 MB, 4.14 load
[runlim] sample:		3408.72 time, 3420.01 real, 5 MB, 4.12 load
[runlim] sample:		3418.68 time, 3430.01 real, 5 MB, 4.10 load
[runlim] sample:		3428.65 time, 3440.01 real, 5 MB, 4.16 load
[runlim] sample:		3438.61 time, 3450.01 real, 5 MB, 4.14 load
[runlim] sample:		3448.58 time, 3460.01 real, 5 MB, 4.12 load
[runlim] sample:		3458.54 time, 3470.01 real, 5 MB, 4.10 load
[runlim] sample:		3468.51 time, 3480.01 real, 5 MB, 4.08 load
[runlim] sample:		3478.47 time, 3490.01 real, 5 MB, 4.14 load
[runlim] sample:		3488.44 time, 3500.01 real, 5 MB, 4.20 load
[runlim] sample:		3498.40 time, 3510.01 real, 5 MB, 4.17 load
[runlim] sample:		3508.37 time, 3520.01 real, 5 MB, 4.14 load
[runlim] sample:		3518.33 time, 3530.01 real, 5 MB, 4.12 load
[runlim] sample:		3528.30 time, 3540.01 real, 5 MB, 4.10 load
[runlim] sample:		3538.27 time, 3550.01 real, 5 MB, 4.09 load
[runlim] sample:		3548.23 time, 3560.01 real, 5 MB, 4.23 load
[runlim] sample:		3558.21 time, 3570.01 real, 5 MB, 4.20 load
[runlim] sample:		3568.17 time, 3580.01 real, 5 MB, 4.17 load
[runlim] sample:		3578.14 time, 3590.01 real, 5 MB, 4.14 load
[runlim] sample:		3588.10 time, 3600.01 real, 5 MB, 4.20 load
[runlim] sample:		3598.07 time, 3610.01 real, 5 MB, 4.17 load
[runlim] sample:		3608.03 time, 3620.01 real, 5 MB, 4.30 load
[runlim] sample:		3617.99 time, 3630.01 real, 5 MB, 4.26 load
[runlim] sample:		3627.96 time, 3640.01 real, 5 MB, 4.22 load
[runlim] sample:		3637.93 time, 3650.01 real, 5 MB, 4.18 load
[runlim] sample:		3647.89 time, 3660.01 real, 5 MB, 4.23 load
[runlim] sample:		3657.86 time, 3670.01 real, 5 MB, 4.20 load
[runlim] sample:		3667.82 time, 3680.01 real, 5 MB, 4.25 load
[runlim] sample:		3677.79 time, 3690.01 real, 5 MB, 4.21 load
[runlim] sample:		3687.75 time, 3700.01 real, 5 MB, 4.18 load
[runlim] sample:		3697.72 time, 3710.01 real, 5 MB, 4.15 load
[runlim] sample:		3707.68 time, 3720.01 real, 5 MB, 4.21 load
[runlim] sample:		3717.65 time, 3730.01 real, 5 MB, 4.17 load
[runlim] sample:		3727.62 time, 3740.01 real, 5 MB, 4.23 load
[runlim] sample:		3737.59 time, 3750.01 real, 5 MB, 4.19 load
[runlim] sample:		3747.56 time, 3760.01 real, 5 MB, 4.16 load
[runlim] sample:		3757.52 time, 3770.01 real, 5 MB, 4.14 load
[runlim] sample:		3767.49 time, 3780.01 real, 5 MB, 4.20 load
[runlim] sample:		3777.45 time, 3790.01 real, 5 MB, 4.16 load
[runlim] sample:		3787.42 time, 3800.01 real, 5 MB, 4.22 load
[runlim] sample:		3797.38 time, 3810.01 real, 5 MB, 4.18 load
[runlim] sample:		3807.35 time, 3820.01 real, 5 MB, 4.16 load
[runlim] sample:		3817.31 time, 3830.01 real, 5 MB, 4.13 load
[runlim] sample:		3827.28 time, 3840.01 real, 5 MB, 4.19 load
[runlim] sample:		3837.24 time, 3850.01 real, 5 MB, 4.16 load
[runlim] sample:		3847.21 time, 3860.01 real, 5 MB, 4.30 load
[runlim] sample:		3857.18 time, 3870.01 real, 5 MB, 4.25 load
[runlim] sample:		3867.15 time, 3880.01 real, 5 MB, 4.21 load
[runlim] sample:		3877.11 time, 3890.01 real, 5 MB, 4.18 load
[runlim] sample:		3887.08 time, 3900.01 real, 5 MB, 4.23 load
[runlim] sample:		3897.04 time, 3910.01 real, 5 MB, 4.27 load
[runlim] sample:		3907.01 time, 3920.01 real, 5 MB, 4.31 load
[runlim] sample:		3916.97 time, 3930.01 real, 5 MB, 4.26 load
[runlim] sample:		3926.94 time, 3940.01 real, 5 MB, 4.22 load
[runlim] sample:		3936.90 time, 3950.01 real, 5 MB, 4.18 load
[runlim] sample:		3946.87 time, 3960.01 real, 5 MB, 4.16 load
[runlim] sample:		3956.84 time, 3970.01 real, 5 MB, 4.21 load
[runlim] sample:		3966.80 time, 3980.01 real, 5 MB, 4.17 load
[runlim] sample:		3976.77 time, 3990.01 real, 5 MB, 4.15 load
[runlim] sample:		3986.74 time, 4000.01 real, 5 MB, 4.12 load
[runlim] sample:		3996.70 time, 4010.01 real, 5 MB, 4.10 load
[runlim] sample:		4006.67 time, 4020.01 real, 5 MB, 4.09 load
[runlim] sample:		4016.63 time, 4030.01 real, 5 MB, 4.15 load
[runlim] sample:		4026.60 time, 4040.01 real, 5 MB, 4.12 load
[runlim] sample:		4036.56 time, 4050.01 real, 5 MB, 4.10 load
[runlim] sample:		4046.53 time, 4060.01 real, 5 MB, 4.09 load
[runlim] sample:		4056.49 time, 4070.01 real, 5 MB, 4.07 load
[runlim] sample:		4066.46 time, 4080.01 real, 5 MB, 4.06 load
[runlim] sample:		4076.42 time, 4090.01 real, 5 MB, 4.13 load
[runlim] sample:		4086.39 time, 4100.01 real, 5 MB, 4.35 load
[runlim] sample:		4096.35 time, 4110.01 real, 5 MB, 4.29 load
[runlim] sample:		4106.32 time, 4120.01 real, 5 MB, 4.25 load
[runlim] sample:		4116.28 time, 4130.01 real, 5 MB, 4.21 load
[runlim] sample:		4126.25 time, 4140.01 real, 5 MB, 4.26 load
[runlim] sample:		4136.21 time, 4150.01 real, 5 MB, 4.22 load
[runlim] sample:		4146.18 time, 4160.01 real, 5 MB, 4.18 load
[runlim] sample:		4156.15 time, 4170.01 real, 5 MB, 4.15 load
[runlim] sample:		4166.11 time, 4180.01 real, 5 MB, 4.13 load
[runlim] sample:		4176.08 time, 4190.01 real, 5 MB, 4.11 load
[runlim] sample:		4186.04 time, 4200.01 real, 5 MB, 4.09 load
[runlim] sample:		4196.01 time, 4210.01 real, 5 MB, 4.15 load
[runlim] sample:		4205.98 time, 4220.01 real, 5 MB, 4.13 load
[runlim] sample:		4215.95 time, 4230.01 real, 5 MB, 4.18 load
[runlim] sample:		4225.92 time, 4240.01 real, 5 MB, 4.15 load
[runlim] sample:		4235.88 time, 4250.01 real, 5 MB, 4.13 load
[runlim] sample:		4245.84 time, 4260.01 real, 5 MB, 4.11 load
[runlim] sample:		4255.81 time, 4270.01 real, 5 MB, 4.17 load
[runlim] sample:		4265.77 time, 4280.01 real, 5 MB, 4.15 load
[runlim] sample:		4275.74 time, 4290.01 real, 5 MB, 4.12 load
[runlim] sample:		4285.70 time, 4300.01 real, 5 MB, 4.10 load
[runlim] sample:		4295.67 time, 4310.01 real, 5 MB, 4.09 load
[runlim] sample:		4305.63 time, 4320.01 real, 5 MB, 4.07 load
[runlim] sample:		4315.60 time, 4330.01 real, 5 MB, 4.14 load
[runlim] sample:		4325.57 time, 4340.01 real, 5 MB, 4.12 load
[runlim] sample:		4335.53 time, 4350.01 real, 5 MB, 4.17 load
[runlim] sample:		4345.51 time, 4360.01 real, 5 MB, 4.15 load
[runlim] sample:		4355.47 time, 4370.01 real, 5 MB, 4.20 load
[runlim] sample:		4365.43 time, 4380.01 real, 5 MB, 4.17 load
[runlim] sample:		4375.40 time, 4390.01 real, 5 MB, 4.23 load
[runlim] sample:		4385.37 time, 4400.01 real, 5 MB, 4.19 load
[runlim] sample:		4395.33 time, 4410.01 real, 5 MB, 4.16 load
[runlim] sample:		4405.30 time, 4420.01 real, 5 MB, 4.15 load
[runlim] sample:		4415.26 time, 4430.01 real, 5 MB, 4.12 load
[runlim] sample:		4425.23 time, 4440.01 real, 5 MB, 4.10 load
[runlim] sample:		4435.19 time, 4450.01 real, 5 MB, 4.09 load
[runlim] sample:		4445.16 time, 4460.01 real, 5 MB, 4.07 load
[runlim] sample:		4455.12 time, 4470.01 real, 5 MB, 4.14 load
[runlim] sample:		4465.09 time, 4480.01 real, 5 MB, 4.11 load
[runlim] sample:		4475.05 time, 4490.01 real, 5 MB, 4.10 load
[runlim] sample:		4485.01 time, 4500.01 real, 5 MB, 4.08 load
[runlim] sample:		4494.98 time, 4510.01 real, 5 MB, 4.07 load
[runlim] sample:		4504.94 time, 4520.01 real, 5 MB, 4.06 load
[runlim] sample:		4514.91 time, 4530.01 real, 5 MB, 4.05 load
[runlim] sample:		4524.88 time, 4540.01 real, 5 MB, 4.04 load
[runlim] sample:		4534.84 time, 4550.01 real, 5 MB, 4.03 load
[runlim] sample:		4544.81 time, 4560.01 real, 5 MB, 4.10 load
[runlim] sample:		4554.78 time, 4570.01 real, 5 MB, 4.09 load
[runlim] sample:		4564.74 time, 4580.01 real, 5 MB, 4.15 load
[runlim] sample:		4574.70 time, 4590.01 real, 5 MB, 4.13 load
[runlim] sample:		4584.67 time, 4600.01 real, 5 MB, 4.11 load
[runlim] sample:		4594.63 time, 4610.01 real, 5 MB, 4.09 load
[runlim] sample:		4604.60 time, 4620.01 real, 5 MB, 4.08 load
[runlim] sample:		4614.56 time, 4630.01 real, 5 MB, 4.06 load
[runlim] sample:		4624.53 time, 4640.01 real, 5 MB, 4.14 load
[runlim] sample:		4634.49 time, 4650.01 real, 5 MB, 4.11 load
[runlim] sample:		4644.46 time, 4660.01 real, 5 MB, 4.10 load
[runlim] sample:		4654.42 time, 4670.01 real, 5 MB, 4.08 load
[runlim] sample:		4664.39 time, 4680.01 real, 5 MB, 4.07 load
[runlim] sample:		4674.35 time, 4690.01 real, 5 MB, 4.06 load
[runlim] sample:		4684.32 time, 4700.01 real, 5 MB, 4.13 load
[runlim] sample:		4694.28 time, 4710.01 real, 5 MB, 4.11 load
[runlim] sample:		4704.24 time, 4720.01 real, 5 MB, 4.09 load
[runlim] sample:		4714.21 time, 4730.01 real, 5 MB, 4.08 load
[runlim] sample:		4724.17 time, 4740.01 real, 5 MB, 4.06 load
[runlim] sample:		4734.14 time, 4750.01 real, 5 MB, 4.05 load
[runlim] sample:		4744.10 time, 4760.01 real, 5 MB, 4.04 load
[runlim] sample:		4754.07 time, 4770.01 real, 5 MB, 4.11 load
[runlim] sample:		4764.03 time, 4780.01 real, 5 MB, 4.17 load
[runlim] sample:		4773.99 time, 4790.01 real, 5 MB, 4.15 load
[runlim] sample:		4783.96 time, 4800.01 real, 5 MB, 4.12 load
[runlim] sample:		4793.92 time, 4810.01 real, 5 MB, 4.10 load
[runlim] sample:		4803.89 time, 4820.01 real, 5 MB, 4.09 load
[runlim] sample:		4813.85 time, 4830.01 real, 5 MB, 4.07 load
[runlim] sample:		4823.82 time, 4840.01 real, 5 MB, 4.14 load
[runlim] sample:		4833.78 time, 4850.01 real, 5 MB, 4.12 load
[runlim] sample:		4843.75 time, 4860.01 real, 5 MB, 4.10 load
[runlim] sample:		4853.72 time, 4870.01 real, 5 MB, 4.08 load
[runlim] sample:		4863.68 time, 4880.01 real, 5 MB, 4.07 load
[runlim] sample:		4873.65 time, 4890.01 real, 5 MB, 4.06 load
[runlim] sample:		4883.61 time, 4900.01 real, 5 MB, 4.13 load
[runlim] sample:		4893.58 time, 4910.01 real, 5 MB, 4.11 load
[runlim] sample:		4903.54 time, 4920.01 real, 5 MB, 4.09 load
[runlim] sample:		4913.50 time, 4930.01 real, 5 MB, 4.08 load
[runlim] sample:		4923.46 time, 4940.01 real, 5 MB, 4.07 load
[runlim] sample:		4933.43 time, 4950.01 real, 5 MB, 4.06 load
[runlim] sample:		4943.39 time, 4960.01 real, 5 MB, 4.13 load
[runlim] sample:		4953.37 time, 4970.01 real, 5 MB, 4.11 load
[runlim] sample:		4963.33 time, 4980.01 real, 5 MB, 4.09 load
[runlim] sample:		4973.29 time, 4990.01 real, 5 MB, 4.08 load
[runlim] sample:		4983.26 time, 5000.01 real, 5 MB, 3.90 load
[runlim] end:			Wed Apr  1 17:00:28 2026
[runlim] status:		out of time
[runlim] result:		2
[runlim] children:		1
[runlim] processes:		2
[runlim] real:			5000.05 seconds
[runlim] time:			4983.26 seconds
[runlim] space:			5 MB
[runlim] load:			4.82 maximum
[runlim] samples:		50000
