[runlim] version:		2.0.0rc1
[runlim] host:			p05n14
[runlim] time limit:		311040000 seconds
[runlim] real time limit:	5000 seconds
[runlim] space limit:		7000 MB
[runlim] argv[0]:		./binary
[runlim] argv[1]:		-c
[runlim] argv[2]:		-f
[runlim] argv[3]:		-r
[runlim] argv[4]:		/tmp/local-unzipped-12236014-6-362-BMS_k3_n100_m429_260.cnf
[runlim] start:			Fri Mar 20 15:15:41 2026
[runlim] child:			3106438
[runlim] sample:		9.96 time, 10.01 real, 4 MB, 4.08 load
[runlim] sample:		19.91 time, 20.01 real, 4 MB, 5.30 load
[runlim] sample:		29.86 time, 30.01 real, 4 MB, 5.95 load
[runlim] sample:		39.81 time, 40.01 real, 4 MB, 6.58 load
[runlim] sample:		49.77 time, 50.01 real, 4 MB, 7.10 load
[runlim] sample:		59.72 time, 60.01 real, 4 MB, 7.55 load
[runlim] sample:		69.68 time, 70.01 real, 4 MB, 7.85 load
[runlim] sample:		79.63 time, 80.01 real, 4 MB, 8.10 load
[runlim] sample:		89.59 time, 90.01 real, 4 MB, 8.24 load
[runlim] sample:		99.54 time, 100.01 real, 4 MB, 8.20 load
[runlim] sample:		109.50 time, 110.01 real, 4 MB, 8.17 load
[runlim] sample:		119.46 time, 120.01 real, 4 MB, 8.06 load
[runlim] sample:		129.41 time, 130.01 real, 4 MB, 7.90 load
[runlim] sample:		139.37 time, 140.01 real, 4 MB, 7.68 load
[runlim] sample:		149.33 time, 150.01 real, 4 MB, 7.42 load
[runlim] sample:		159.29 time, 160.01 real, 4 MB, 7.20 load
[runlim] sample:		169.25 time, 170.01 real, 4 MB, 7.02 load
[runlim] sample:		179.21 time, 180.01 real, 4 MB, 6.86 load
[runlim] sample:		189.17 time, 190.01 real, 4 MB, 6.73 load
[runlim] sample:		199.13 time, 200.01 real, 4 MB, 6.61 load
[runlim] sample:		209.09 time, 210.01 real, 4 MB, 6.52 load
[runlim] sample:		219.05 time, 220.01 real, 4 MB, 6.68 load
[runlim] sample:		229.01 time, 230.01 real, 4 MB, 6.58 load
[runlim] sample:		238.97 time, 240.01 real, 4 MB, 6.49 load
[runlim] sample:		248.93 time, 250.01 real, 4 MB, 6.41 load
[runlim] sample:		258.89 time, 260.01 real, 4 MB, 6.35 load
[runlim] sample:		268.85 time, 270.01 real, 4 MB, 6.29 load
[runlim] end:			Fri Mar 20 15:20:13 2026
[runlim] status:		ok
[runlim] result:		0
[runlim] children:		1
[runlim] processes:		2
[runlim] real:			272.42 seconds
[runlim] time:			271.24 seconds
[runlim] space:			5 MB
[runlim] load:			8.24 maximum
[runlim] samples:		2724
