[runlim] version:		2.0.0rc1
[runlim] host:			p08n03
[runlim] time limit:		311040000 seconds
[runlim] real time limit:	5000 seconds
[runlim] space limit:		7000 MB
[runlim] argv[0]:		./binary
[runlim] argv[1]:		-c
[runlim] argv[2]:		-f
[runlim] argv[3]:		-r
[runlim] argv[4]:		/tmp/local-unzipped-12236014-3-180-BMS_k3_n100_m429_28.cnf
[runlim] start:			Fri Mar 20 15:08:19 2026
[runlim] child:			2747414
[runlim] sample:		9.96 time, 10.01 real, 3 MB, 3.30 load
[runlim] sample:		19.93 time, 20.01 real, 4 MB, 4.02 load
[runlim] sample:		29.89 time, 30.01 real, 4 MB, 4.63 load
[runlim] sample:		39.86 time, 40.01 real, 4 MB, 5.15 load
[runlim] sample:		49.83 time, 50.01 real, 4 MB, 5.59 load
[runlim] sample:		59.80 time, 60.01 real, 4 MB, 5.88 load
[runlim] sample:		69.77 time, 70.01 real, 4 MB, 6.05 load
[runlim] sample:		79.74 time, 80.01 real, 4 MB, 6.13 load
[runlim] sample:		89.70 time, 90.01 real, 4 MB, 6.03 load
[runlim] sample:		99.67 time, 100.01 real, 4 MB, 5.87 load
[runlim] sample:		109.64 time, 110.01 real, 4 MB, 5.81 load
[runlim] sample:		119.61 time, 120.01 real, 4 MB, 5.68 load
[runlim] sample:		129.58 time, 130.01 real, 4 MB, 5.58 load
[runlim] sample:		139.55 time, 140.01 real, 4 MB, 5.65 load
[runlim] sample:		149.52 time, 150.01 real, 4 MB, 5.55 load
[runlim] sample:		159.49 time, 160.01 real, 4 MB, 5.46 load
[runlim] sample:		169.46 time, 170.01 real, 4 MB, 5.39 load
[runlim] sample:		179.42 time, 180.01 real, 4 MB, 5.33 load
[runlim] sample:		189.39 time, 190.01 real, 4 MB, 5.13 load
[runlim] sample:		199.37 time, 200.01 real, 4 MB, 4.95 load
[runlim] sample:		209.34 time, 210.01 real, 4 MB, 4.81 load
[runlim] sample:		219.31 time, 220.01 real, 4 MB, 4.68 load
[runlim] sample:		229.28 time, 230.01 real, 4 MB, 4.58 load
[runlim] sample:		239.25 time, 240.01 real, 4 MB, 4.49 load
[runlim] sample:		249.22 time, 250.01 real, 4 MB, 4.41 load
[runlim] sample:		259.19 time, 260.01 real, 4 MB, 4.35 load
[runlim] sample:		269.16 time, 270.01 real, 4 MB, 4.29 load
[runlim] sample:		279.13 time, 280.01 real, 4 MB, 4.25 load
[runlim] sample:		289.10 time, 290.01 real, 4 MB, 4.21 load
[runlim] sample:		299.07 time, 300.01 real, 4 MB, 4.18 load
[runlim] sample:		309.04 time, 310.01 real, 4 MB, 4.15 load
[runlim] sample:		319.01 time, 320.01 real, 4 MB, 4.43 load
[runlim] sample:		328.98 time, 330.01 real, 4 MB, 4.52 load
[runlim] sample:		338.95 time, 340.01 real, 4 MB, 4.60 load
[runlim] sample:		348.91 time, 350.01 real, 4 MB, 4.66 load
[runlim] sample:		358.88 time, 360.01 real, 4 MB, 4.56 load
[runlim] sample:		368.84 time, 370.01 real, 4 MB, 4.47 load
[runlim] sample:		378.79 time, 380.01 real, 4 MB, 4.40 load
[runlim] sample:		388.75 time, 390.01 real, 4 MB, 4.42 load
[runlim] sample:		398.71 time, 400.01 real, 4 MB, 4.35 load
[runlim] sample:		408.67 time, 410.01 real, 4 MB, 4.14 load
[runlim] sample:		418.63 time, 420.01 real, 4 MB, 4.12 load
[runlim] sample:		428.59 time, 430.01 real, 4 MB, 3.94 load
[runlim] sample:		438.55 time, 440.01 real, 4 MB, 3.80 load
[runlim] sample:		448.50 time, 450.01 real, 4 MB, 3.75 load
[runlim] sample:		458.46 time, 460.01 real, 4 MB, 3.63 load
[runlim] sample:		468.42 time, 470.01 real, 4 MB, 3.54 load
[runlim] sample:		478.38 time, 480.01 real, 4 MB, 3.53 load
[runlim] sample:		488.34 time, 490.01 real, 4 MB, 3.53 load
[runlim] end:			Fri Mar 20 15:16:36 2026
[runlim] status:		ok
[runlim] result:		0
[runlim] children:		1
[runlim] processes:		2
[runlim] real:			496.98 seconds
[runlim] time:			495.21 seconds
[runlim] space:			4 MB
[runlim] load:			6.13 maximum
[runlim] samples:		4969
