[runlim] version:		2.0.0rc1
[runlim] host:			p08n10
[runlim] time limit:		311040000 seconds
[runlim] real time limit:	5000 seconds
[runlim] space limit:		7000 MB
[runlim] argv[0]:		./binary
[runlim] argv[1]:		-c
[runlim] argv[2]:		-f
[runlim] argv[3]:		-r
[runlim] argv[4]:		/tmp/local-unzipped-12236014-2-85-BMS_k3_n100_m429_214.cnf
[runlim] start:			Fri Mar 20 15:00:11 2026
[runlim] child:			3099723
[runlim] end:			Fri Mar 20 15:00:11 2026
[runlim] status:		ok
[runlim] result:		0
[runlim] children:		1
[runlim] processes:		2
[runlim] real:			0.23 seconds
[runlim] time:			0.20 seconds
[runlim] space:			5 MB
[runlim] load:			2.28 maximum
[runlim] samples:		2
