[runlim] version:		2.0.0rc1
[runlim] host:			p08n10
[runlim] time limit:		311040000 seconds
[runlim] real time limit:	5000 seconds
[runlim] space limit:		7000 MB
[runlim] argv[0]:		./binary
[runlim] argv[1]:		-c
[runlim] argv[2]:		-f
[runlim] argv[3]:		-r
[runlim] argv[4]:		/tmp/local-unzipped-12236014-2-70-BMS_k3_n100_m429_213.cnf
[runlim] start:			Fri Mar 20 14:59:55 2026
[runlim] child:			3099179
[runlim] sample:		9.96 time, 10.01 real, 4 MB, 1.79 load
[runlim] sample:		19.92 time, 20.01 real, 4 MB, 2.66 load
[runlim] sample:		29.87 time, 30.01 real, 4 MB, 3.25 load
[runlim] sample:		39.83 time, 40.01 real, 4 MB, 3.60 load
[runlim] sample:		49.78 time, 50.01 real, 4 MB, 4.21 load
[runlim] sample:		59.73 time, 60.01 real, 4 MB, 4.95 load
[runlim] end:			Fri Mar 20 15:00:58 2026
[runlim] status:		ok
[runlim] result:		0
[runlim] children:		1
[runlim] processes:		2
[runlim] real:			62.22 seconds
[runlim] time:			61.92 seconds
[runlim] space:			4 MB
[runlim] load:			4.95 maximum
[runlim] samples:		622
