[runlim] version:		2.0.0rc1
[runlim] host:			p09n02
[runlim] time limit:		311040000 seconds
[runlim] real time limit:	5000 seconds
[runlim] space limit:		7000 MB
[runlim] argv[0]:		./binary
[runlim] argv[1]:		-c
[runlim] argv[2]:		-f
[runlim] argv[3]:		/tmp/local-unzipped-12181322-6-348-BMS_k3_n100_m429_106.cnf
[runlim] start:			Mon Mar 16 16:32:09 2026
[runlim] child:			2695108
[runlim] end:			Mon Mar 16 16:32:14 2026
[runlim] status:		ok
[runlim] result:		0
[runlim] children:		1
[runlim] processes:		2
[runlim] real:			4.57 seconds
[runlim] time:			4.48 seconds
[runlim] space:			4 MB
[runlim] load:			8.26 maximum
[runlim] samples:		45
