[runlim] version:		2.0.0rc1
[runlim] host:			p09n02
[runlim] time limit:		311040000 seconds
[runlim] real time limit:	5000 seconds
[runlim] space limit:		7000 MB
[runlim] argv[0]:		./binary
[runlim] argv[1]:		-c
[runlim] argv[2]:		-f
[runlim] argv[3]:		/tmp/local-unzipped-12181322-6-366-BMS_k3_n100_m429_289.cnf
[runlim] start:			Mon Mar 16 16:32:27 2026
[runlim] child:			2695801
[runlim] end:			Mon Mar 16 16:32:31 2026
[runlim] status:		ok
[runlim] result:		0
[runlim] children:		1
[runlim] processes:		2
[runlim] real:			3.37 seconds
[runlim] time:			3.28 seconds
[runlim] space:			3 MB
[runlim] load:			8.28 maximum
[runlim] samples:		33
