[runlim] version:		2.0.0rc1
[runlim] host:			p08n04
[runlim] time limit:		311040000 seconds
[runlim] real time limit:	5000 seconds
[runlim] space limit:		7000 MB
[runlim] argv[0]:		./binary
[runlim] argv[1]:		-c
[runlim] argv[2]:		-f
[runlim] argv[3]:		/tmp/local-unzipped-12181322-5-314-BMS_k3_n100_m429_259.cnf
[runlim] start:			Mon Mar 16 16:32:40 2026
[runlim] child:			316460
[runlim] end:			Mon Mar 16 16:32:41 2026
[runlim] status:		ok
[runlim] result:		0
[runlim] children:		1
[runlim] processes:		2
[runlim] real:			1.18 seconds
[runlim] time:			1.10 seconds
[runlim] space:			5 MB
[runlim] load:			6.20 maximum
[runlim] samples:		11
