[runlim] version:		2.0.0rc1
[runlim] host:			m08n05
[runlim] time limit:		311040000 seconds
[runlim] real time limit:	5000 seconds
[runlim] space limit:		7000 MB
[runlim] argv[0]:		./binary
[runlim] argv[1]:		-c
[runlim] argv[2]:		-s
[runlim] argv[3]:		-f
[runlim] argv[4]:		-r
[runlim] argv[5]:		/tmp/local-unzipped-12273071-7-388-BMS_k3_n100_m429_257.cnf
[runlim] start:			Wed Mar 25 01:15:48 2026
[runlim] child:			53315
[runlim] sample:		9.97 time, 10.01 real, 4 MB, 0.60 load
[runlim] end:			Wed Mar 25 01:16:06 2026
[runlim] status:		ok
[runlim] result:		0
[runlim] children:		1
[runlim] processes:		2
[runlim] real:			18.52 seconds
[runlim] time:			18.43 seconds
[runlim] space:			4 MB
[runlim] load:			1.20 maximum
[runlim] samples:		185
