[runlim] version:		2.0.0rc1
[runlim] host:			m05n08
[runlim] time limit:		311040000 seconds
[runlim] real time limit:	5000 seconds
[runlim] space limit:		7000 MB
[runlim] argv[0]:		./binary
[runlim] argv[1]:		-c
[runlim] argv[2]:		-s
[runlim] argv[3]:		-f
[runlim] argv[4]:		-r
[runlim] argv[5]:		/tmp/local-unzipped-12273071-6-363-BMS_k3_n100_m429_381.cnf
[runlim] start:			Wed Mar 25 01:11:34 2026
[runlim] child:			3358994
[runlim] end:			Wed Mar 25 01:11:42 2026
[runlim] status:		ok
[runlim] result:		0
[runlim] children:		1
[runlim] processes:		2
[runlim] real:			7.63 seconds
[runlim] time:			7.57 seconds
[runlim] space:			5 MB
[runlim] load:			3.31 maximum
[runlim] samples:		76
