[runlim] version:		2.0.0rc1
[runlim] host:			m07n07
[runlim] time limit:		311040000 seconds
[runlim] real time limit:	5000 seconds
[runlim] space limit:		7000 MB
[runlim] argv[0]:		./binary
[runlim] argv[1]:		-c
[runlim] argv[2]:		-s
[runlim] argv[3]:		-f
[runlim] argv[4]:		-r
[runlim] argv[5]:		/tmp/local-unzipped-12273071-3-166-BMS_k3_n100_m429_182.cnf
[runlim] start:			Wed Mar 25 01:09:02 2026
[runlim] child:			1754217
[runlim] sample:		9.97 time, 10.01 real, 4 MB, 1.60 load
[runlim] sample:		19.93 time, 20.01 real, 4 MB, 2.51 load
[runlim] sample:		29.89 time, 30.01 real, 4 MB, 3.43 load
[runlim] sample:		39.86 time, 40.01 real, 4 MB, 4.13 load
[runlim] sample:		49.82 time, 50.01 real, 4 MB, 4.73 load
[runlim] sample:		59.79 time, 60.01 real, 4 MB, 5.15 load
[runlim] sample:		69.75 time, 70.01 real, 4 MB, 5.43 load
[runlim] sample:		79.72 time, 80.01 real, 4 MB, 5.68 load
[runlim] sample:		89.68 time, 90.01 real, 5 MB, 5.95 load
[runlim] end:			Wed Mar 25 01:10:39 2026
[runlim] status:		ok
[runlim] result:		0
[runlim] children:		1
[runlim] processes:		2
[runlim] real:			96.97 seconds
[runlim] time:			96.56 seconds
[runlim] space:			5 MB
[runlim] load:			6.04 maximum
[runlim] samples:		969
