[runlim] version:		2.0.0rc1
[runlim] host:			p02n02
[runlim] time limit:		311040000 seconds
[runlim] real time limit:	5000 seconds
[runlim] space limit:		7000 MB
[runlim] argv[0]:		./binary
[runlim] argv[1]:		-c
[runlim] argv[2]:		-s
[runlim] argv[3]:		-f
[runlim] argv[4]:		-r
[runlim] argv[5]:		/tmp/local-unzipped-12273071-4-205-BMS_k3_n100_m429_88.cnf
[runlim] start:			Wed Mar 25 01:08:37 2026
[runlim] child:			1355532
[runlim] sample:		9.97 time, 10.01 real, 4 MB, 1.76 load
[runlim] sample:		19.94 time, 20.01 real, 4 MB, 1.87 load
[runlim] end:			Wed Mar 25 01:09:01 2026
[runlim] status:		ok
[runlim] result:		0
[runlim] children:		1
[runlim] processes:		2
[runlim] real:			24.90 seconds
[runlim] time:			24.72 seconds
[runlim] space:			4 MB
[runlim] load:			1.96 maximum
[runlim] samples:		248
