[runlim] version:		2.0.0rc1
[runlim] host:			m06n05
[runlim] time limit:		311040000 seconds
[runlim] real time limit:	5000 seconds
[runlim] space limit:		7000 MB
[runlim] argv[0]:		./binary
[runlim] argv[1]:		-c
[runlim] argv[2]:		-s
[runlim] argv[3]:		-f
[runlim] argv[4]:		-r
[runlim] argv[5]:		/tmp/local-unzipped-12273071-8-483-BMS_k3_n100_m429_475.cnf
[runlim] start:			Wed Mar 25 01:23:35 2026
[runlim] child:			3179080
[runlim] end:			Wed Mar 25 01:23:36 2026
[runlim] status:		ok
[runlim] result:		0
[runlim] children:		1
[runlim] processes:		2
[runlim] real:			0.98 seconds
[runlim] time:			0.90 seconds
[runlim] space:			4 MB
[runlim] load:			0.87 maximum
[runlim] samples:		9
