[runlim] version:		2.0.0rc1
[runlim] host:			o03n02
[runlim] time limit:		311040000 seconds
[runlim] real time limit:	5000 seconds
[runlim] space limit:		7000 MB
[runlim] argv[0]:		./binary
[runlim] argv[1]:		-c
[runlim] argv[2]:		-s
[runlim] argv[3]:		-f
[runlim] argv[4]:		-r
[runlim] argv[5]:		/tmp/local-unzipped-12273071-1-53-BMS_k3_n100_m429_284.cnf
[runlim] start:			Wed Mar 25 01:02:03 2026
[runlim] child:			4165006
[runlim] end:			Wed Mar 25 01:02:03 2026
[runlim] status:		ok
[runlim] result:		0
[runlim] children:		1
[runlim] processes:		2
[runlim] real:			0.67 seconds
[runlim] time:			0.60 seconds
[runlim] space:			4 MB
[runlim] load:			2.08 maximum
[runlim] samples:		6
