[runlim] version:		2.0.0rc1
[runlim] host:			m01n06
[runlim] time limit:		311040000 seconds
[runlim] real time limit:	5000 seconds
[runlim] space limit:		7000 MB
[runlim] argv[0]:		./binary
[runlim] argv[1]:		-c
[runlim] argv[2]:		-s
[runlim] argv[3]:		-f
[runlim] argv[4]:		/tmp/local-unzipped-12273053-6-340-BMS_k3_n100_m429_157.cnf
[runlim] start:			Wed Mar 25 00:34:51 2026
[runlim] child:			3161470
[runlim] sample:		9.96 time, 10.01 real, 4 MB, 2.50 load
[runlim] sample:		19.92 time, 20.01 real, 4 MB, 3.42 load
[runlim] sample:		29.87 time, 30.01 real, 4 MB, 4.45 load
[runlim] sample:		39.82 time, 40.01 real, 4 MB, 5.07 load
[runlim] end:			Wed Mar 25 00:35:32 2026
[runlim] status:		ok
[runlim] result:		0
[runlim] children:		1
[runlim] processes:		2
[runlim] real:			41.45 seconds
[runlim] time:			41.22 seconds
[runlim] space:			4 MB
[runlim] load:			5.07 maximum
[runlim] samples:		414
