[runlim] version:		2.0.0rc1
[runlim] host:			m01n06
[runlim] time limit:		311040000 seconds
[runlim] real time limit:	5000 seconds
[runlim] space limit:		7000 MB
[runlim] argv[0]:		./binary
[runlim] argv[1]:		-c
[runlim] argv[2]:		-s
[runlim] argv[3]:		-f
[runlim] argv[4]:		/tmp/local-unzipped-12273053-6-337-BMS_k3_n100_m429_229.cnf
[runlim] start:			Wed Mar 25 00:34:48 2026
[runlim] child:			3161371
[runlim] sample:		9.97 time, 10.01 real, 4 MB, 2.02 load
[runlim] sample:		19.91 time, 20.01 real, 4 MB, 3.02 load
[runlim] end:			Wed Mar 25 00:35:15 2026
[runlim] status:		ok
[runlim] result:		0
[runlim] children:		1
[runlim] processes:		2
[runlim] real:			27.07 seconds
[runlim] time:			26.87 seconds
[runlim] space:			5 MB
[runlim] load:			3.42 maximum
[runlim] samples:		270
