[runlim] version:		2.0.0rc1
[runlim] host:			p02n09
[runlim] time limit:		311040000 seconds
[runlim] real time limit:	5000 seconds
[runlim] space limit:		7000 MB
[runlim] argv[0]:		./binary
[runlim] argv[1]:		-c
[runlim] argv[2]:		-s
[runlim] argv[3]:		-f
[runlim] argv[4]:		/tmp/local-unzipped-12273053-5-269-BMS_k3_n100_m429_137.cnf
[runlim] start:			Wed Mar 25 00:32:17 2026
[runlim] child:			3494553
[runlim] end:			Wed Mar 25 00:32:21 2026
[runlim] status:		ok
[runlim] result:		0
[runlim] children:		1
[runlim] processes:		2
[runlim] real:			3.99 seconds
[runlim] time:			3.88 seconds
[runlim] space:			5 MB
[runlim] load:			2.49 maximum
[runlim] samples:		39
