[runlim] version:		2.0.0rc1
[runlim] host:			m08n03
[runlim] time limit:		311040000 seconds
[runlim] real time limit:	5000 seconds
[runlim] space limit:		7000 MB
[runlim] argv[0]:		./binary
[runlim] argv[1]:		-c
[runlim] argv[2]:		-f
[runlim] argv[3]:		-r
[runlim] argv[4]:		/tmp/local-unzipped-12181330-6-363-BMS_k3_n100_m429_381.cnf
[runlim] start:			Mon Mar 16 16:37:26 2026
[runlim] child:			3294848
[runlim] sample:		9.95 time, 10.01 real, 5 MB, 4.30 load
[runlim] end:			Mon Mar 16 16:37:40 2026
[runlim] status:		ok
[runlim] result:		0
[runlim] children:		1
[runlim] processes:		2
[runlim] real:			14.40 seconds
[runlim] time:			14.23 seconds
[runlim] space:			5 MB
[runlim] load:			4.75 maximum
[runlim] samples:		143
