[runlim] version:		2.0.0rc1
[runlim] host:			m08n03
[runlim] time limit:		311040000 seconds
[runlim] real time limit:	5000 seconds
[runlim] space limit:		7000 MB
[runlim] argv[0]:		./binary
[runlim] argv[1]:		-c
[runlim] argv[2]:		-f
[runlim] argv[3]:		-r
[runlim] argv[4]:		/tmp/local-unzipped-12181330-6-351-BMS_k3_n100_m429_167.cnf
[runlim] start:			Mon Mar 16 16:37:14 2026
[runlim] child:			3294413
[runlim] end:			Mon Mar 16 16:37:16 2026
[runlim] status:		ok
[runlim] result:		0
[runlim] children:		1
[runlim] processes:		2
[runlim] real:			2.67 seconds
[runlim] time:			2.59 seconds
[runlim] space:			4 MB
[runlim] load:			2.58 maximum
[runlim] samples:		26
