[runlim] version:		2.0.0rc1
[runlim] host:			m06n10
[runlim] time limit:		311040000 seconds
[runlim] real time limit:	5000 seconds
[runlim] space limit:		7000 MB
[runlim] argv[0]:		./binary
[runlim] argv[1]:		-c
[runlim] argv[2]:		-f
[runlim] argv[3]:		-r
[runlim] argv[4]:		/tmp/local-unzipped-12181330-5-308-BMS_k3_n100_m429_172.cnf
[runlim] start:			Mon Mar 16 16:37:35 2026
[runlim] child:			2991703
[runlim] sample:		9.97 time, 10.01 real, 3 MB, 3.32 load
[runlim] sample:		19.93 time, 20.01 real, 3 MB, 3.65 load
[runlim] sample:		29.90 time, 30.01 real, 3 MB, 3.86 load
[runlim] sample:		39.86 time, 40.01 real, 3 MB, 3.96 load
[runlim] sample:		49.83 time, 50.01 real, 3 MB, 3.88 load
[runlim] sample:		59.80 time, 60.01 real, 3 MB, 3.75 load
[runlim] sample:		69.76 time, 70.01 real, 3 MB, 3.63 load
[runlim] sample:		79.73 time, 80.01 real, 3 MB, 3.53 load
[runlim] sample:		89.70 time, 90.01 real, 3 MB, 3.45 load
[runlim] sample:		99.66 time, 100.01 real, 3 MB, 3.38 load
[runlim] sample:		109.63 time, 110.01 real, 3 MB, 3.32 load
[runlim] sample:		119.60 time, 120.01 real, 3 MB, 3.27 load
[runlim] sample:		129.57 time, 130.01 real, 3 MB, 3.23 load
[runlim] sample:		139.53 time, 140.01 real, 3 MB, 3.19 load
[runlim] sample:		149.50 time, 150.01 real, 3 MB, 3.16 load
[runlim] sample:		159.46 time, 160.01 real, 4 MB, 3.14 load
[runlim] sample:		169.43 time, 170.01 real, 4 MB, 3.12 load
[runlim] sample:		179.40 time, 180.01 real, 4 MB, 3.17 load
[runlim] sample:		189.37 time, 190.01 real, 4 MB, 3.15 load
[runlim] sample:		199.33 time, 200.01 real, 4 MB, 3.12 load
[runlim] sample:		209.30 time, 210.01 real, 4 MB, 3.10 load
[runlim] sample:		219.27 time, 220.01 real, 4 MB, 3.09 load
[runlim] sample:		229.24 time, 230.01 real, 4 MB, 3.07 load
[runlim] sample:		239.21 time, 240.01 real, 4 MB, 3.06 load
[runlim] sample:		249.19 time, 250.01 real, 4 MB, 3.05 load
[runlim] sample:		259.16 time, 260.01 real, 4 MB, 3.04 load
[runlim] sample:		269.13 time, 270.01 real, 4 MB, 3.04 load
[runlim] sample:		279.10 time, 280.01 real, 4 MB, 3.10 load
[runlim] sample:		289.07 time, 290.01 real, 4 MB, 3.09 load
[runlim] sample:		299.04 time, 300.01 real, 4 MB, 3.07 load
[runlim] sample:		309.01 time, 310.01 real, 4 MB, 3.06 load
[runlim] sample:		318.98 time, 320.01 real, 4 MB, 3.05 load
[runlim] sample:		328.95 time, 330.01 real, 4 MB, 3.04 load
[runlim] sample:		338.92 time, 340.01 real, 4 MB, 3.04 load
[runlim] sample:		348.89 time, 350.01 real, 4 MB, 3.03 load
[runlim] sample:		358.86 time, 360.01 real, 4 MB, 3.10 load
[runlim] sample:		368.83 time, 370.01 real, 4 MB, 3.08 load
[runlim] sample:		378.80 time, 380.01 real, 4 MB, 3.07 load
[runlim] sample:		388.77 time, 390.01 real, 4 MB, 3.06 load
[runlim] sample:		398.74 time, 400.01 real, 4 MB, 3.05 load
[runlim] sample:		408.71 time, 410.01 real, 4 MB, 3.04 load
[runlim] sample:		418.68 time, 420.01 real, 4 MB, 3.11 load
[runlim] sample:		428.65 time, 430.01 real, 4 MB, 3.09 load
[runlim] sample:		438.62 time, 440.01 real, 4 MB, 3.08 load
[runlim] sample:		448.59 time, 450.01 real, 4 MB, 3.15 load
[runlim] sample:		458.56 time, 460.01 real, 4 MB, 3.12 load
[runlim] sample:		468.53 time, 470.01 real, 4 MB, 3.10 load
[runlim] sample:		478.50 time, 480.01 real, 4 MB, 3.16 load
[runlim] sample:		488.47 time, 490.01 real, 4 MB, 3.14 load
[runlim] sample:		498.44 time, 500.01 real, 4 MB, 3.11 load
[runlim] sample:		508.41 time, 510.01 real, 4 MB, 3.10 load
[runlim] sample:		518.38 time, 520.01 real, 4 MB, 3.08 load
[runlim] sample:		528.35 time, 530.01 real, 4 MB, 3.07 load
[runlim] sample:		538.32 time, 540.01 real, 4 MB, 3.06 load
[runlim] sample:		548.30 time, 550.01 real, 4 MB, 3.05 load
[runlim] sample:		558.27 time, 560.01 real, 4 MB, 3.04 load
[runlim] sample:		568.24 time, 570.01 real, 4 MB, 3.03 load
[runlim] sample:		578.21 time, 580.01 real, 4 MB, 3.03 load
[runlim] sample:		588.18 time, 590.01 real, 4 MB, 3.02 load
[runlim] sample:		598.15 time, 600.01 real, 4 MB, 3.02 load
[runlim] sample:		608.12 time, 610.01 real, 4 MB, 3.02 load
[runlim] sample:		618.09 time, 620.01 real, 4 MB, 3.09 load
[runlim] sample:		628.06 time, 630.01 real, 4 MB, 3.08 load
[runlim] sample:		638.04 time, 640.01 real, 4 MB, 3.07 load
[runlim] sample:		648.01 time, 650.01 real, 4 MB, 3.06 load
[runlim] sample:		657.98 time, 660.01 real, 4 MB, 3.05 load
[runlim] sample:		667.95 time, 670.01 real, 4 MB, 3.04 load
[runlim] sample:		677.92 time, 680.01 real, 4 MB, 3.11 load
[runlim] sample:		687.89 time, 690.01 real, 4 MB, 3.10 load
[runlim] sample:		697.87 time, 700.01 real, 4 MB, 3.08 load
[runlim] sample:		707.84 time, 710.01 real, 4 MB, 3.07 load
[runlim] sample:		717.81 time, 720.01 real, 4 MB, 3.06 load
[runlim] sample:		727.78 time, 730.01 real, 4 MB, 2.97 load
[runlim] sample:		737.75 time, 740.01 real, 4 MB, 2.82 load
[runlim] sample:		747.72 time, 750.01 real, 4 MB, 2.77 load
[runlim] sample:		757.69 time, 760.01 real, 4 MB, 2.65 load
[runlim] sample:		767.66 time, 770.01 real, 4 MB, 2.55 load
[runlim] sample:		777.63 time, 780.01 real, 4 MB, 2.46 load
[runlim] sample:		787.60 time, 790.01 real, 4 MB, 2.39 load
[runlim] sample:		797.57 time, 800.01 real, 4 MB, 2.33 load
[runlim] sample:		807.54 time, 810.01 real, 4 MB, 2.35 load
[runlim] sample:		817.51 time, 820.01 real, 4 MB, 2.30 load
[runlim] sample:		827.48 time, 830.01 real, 4 MB, 2.25 load
[runlim] sample:		837.45 time, 840.01 real, 4 MB, 2.21 load
[runlim] sample:		847.42 time, 850.01 real, 4 MB, 2.18 load
[runlim] sample:		857.39 time, 860.01 real, 4 MB, 2.15 load
[runlim] sample:		867.36 time, 870.01 real, 4 MB, 2.13 load
[runlim] sample:		877.33 time, 880.01 real, 4 MB, 2.11 load
[runlim] sample:		887.31 time, 890.01 real, 4 MB, 2.09 load
[runlim] sample:		897.28 time, 900.01 real, 4 MB, 2.08 load
[runlim] sample:		907.25 time, 910.01 real, 4 MB, 2.06 load
[runlim] sample:		917.22 time, 920.01 real, 4 MB, 2.05 load
[runlim] sample:		927.19 time, 930.01 real, 4 MB, 2.12 load
[runlim] sample:		937.16 time, 940.01 real, 4 MB, 2.10 load
[runlim] sample:		947.13 time, 950.01 real, 4 MB, 2.08 load
[runlim] sample:		957.10 time, 960.01 real, 4 MB, 2.07 load
[runlim] sample:		967.07 time, 970.01 real, 4 MB, 2.06 load
[runlim] sample:		977.04 time, 980.01 real, 4 MB, 2.05 load
[runlim] sample:		987.01 time, 990.01 real, 4 MB, 2.04 load
[runlim] sample:		996.98 time, 1000.01 real, 4 MB, 2.04 load
[runlim] sample:		1006.95 time, 1010.01 real, 4 MB, 2.03 load
[runlim] sample:		1016.92 time, 1020.01 real, 4 MB, 2.02 load
[runlim] sample:		1026.89 time, 1030.01 real, 4 MB, 2.02 load
[runlim] sample:		1036.86 time, 1040.01 real, 4 MB, 2.02 load
[runlim] sample:		1046.83 time, 1050.01 real, 4 MB, 2.38 load
[runlim] sample:		1056.80 time, 1060.01 real, 4 MB, 2.40 load
[runlim] sample:		1066.77 time, 1070.01 real, 4 MB, 2.34 load
[runlim] sample:		1076.74 time, 1080.01 real, 4 MB, 2.28 load
[runlim] sample:		1086.71 time, 1090.01 real, 4 MB, 2.24 load
[runlim] sample:		1096.69 time, 1100.01 real, 4 MB, 2.20 load
[runlim] sample:		1106.65 time, 1110.01 real, 4 MB, 2.24 load
[runlim] sample:		1116.62 time, 1120.01 real, 4 MB, 2.21 load
[runlim] sample:		1126.59 time, 1130.01 real, 4 MB, 2.17 load
[runlim] sample:		1136.56 time, 1140.01 real, 4 MB, 2.15 load
[runlim] sample:		1146.53 time, 1150.01 real, 4 MB, 2.12 load
[runlim] sample:		1156.50 time, 1160.01 real, 4 MB, 2.10 load
[runlim] sample:		1166.46 time, 1170.01 real, 4 MB, 2.09 load
[runlim] sample:		1176.43 time, 1180.01 real, 4 MB, 2.07 load
[runlim] sample:		1186.40 time, 1190.01 real, 4 MB, 2.06 load
[runlim] sample:		1196.37 time, 1200.01 real, 4 MB, 2.05 load
[runlim] sample:		1206.34 time, 1210.01 real, 4 MB, 2.04 load
[runlim] sample:		1216.32 time, 1220.01 real, 4 MB, 2.04 load
[runlim] sample:		1226.29 time, 1230.01 real, 4 MB, 2.03 load
[runlim] sample:		1236.25 time, 1240.01 real, 4 MB, 2.02 load
[runlim] sample:		1246.22 time, 1250.01 real, 4 MB, 2.02 load
[runlim] sample:		1256.19 time, 1260.01 real, 4 MB, 2.02 load
[runlim] sample:		1266.16 time, 1270.01 real, 4 MB, 2.01 load
[runlim] sample:		1276.13 time, 1280.01 real, 4 MB, 2.01 load
[runlim] sample:		1286.10 time, 1290.01 real, 4 MB, 2.01 load
[runlim] sample:		1296.07 time, 1300.01 real, 4 MB, 2.01 load
[runlim] sample:		1306.04 time, 1310.01 real, 4 MB, 2.01 load
[runlim] sample:		1316.01 time, 1320.01 real, 4 MB, 2.00 load
[runlim] sample:		1325.98 time, 1330.01 real, 4 MB, 2.00 load
[runlim] sample:		1335.95 time, 1340.01 real, 4 MB, 2.00 load
[runlim] sample:		1345.91 time, 1350.01 real, 4 MB, 2.00 load
[runlim] sample:		1355.89 time, 1360.01 real, 4 MB, 2.00 load
[runlim] sample:		1365.86 time, 1370.01 real, 4 MB, 2.00 load
[runlim] sample:		1375.83 time, 1380.01 real, 4 MB, 2.07 load
[runlim] sample:		1385.80 time, 1390.01 real, 4 MB, 2.06 load
[runlim] sample:		1395.77 time, 1400.01 real, 4 MB, 2.05 load
[runlim] sample:		1405.75 time, 1410.01 real, 4 MB, 2.04 load
[runlim] sample:		1415.72 time, 1420.01 real, 4 MB, 2.04 load
[runlim] sample:		1425.69 time, 1430.01 real, 4 MB, 2.03 load
[runlim] sample:		1435.66 time, 1440.01 real, 4 MB, 2.02 load
[runlim] sample:		1445.63 time, 1450.01 real, 4 MB, 2.02 load
[runlim] sample:		1455.60 time, 1460.01 real, 4 MB, 2.02 load
[runlim] sample:		1465.57 time, 1470.01 real, 4 MB, 2.01 load
[runlim] sample:		1475.54 time, 1480.01 real, 4 MB, 2.09 load
[runlim] sample:		1485.51 time, 1490.01 real, 4 MB, 2.08 load
[runlim] sample:		1495.48 time, 1500.01 real, 4 MB, 2.06 load
[runlim] sample:		1505.45 time, 1510.01 real, 4 MB, 2.05 load
[runlim] sample:		1515.42 time, 1520.01 real, 4 MB, 2.05 load
[runlim] sample:		1525.39 time, 1530.01 real, 4 MB, 2.04 load
[runlim] sample:		1535.36 time, 1540.01 real, 4 MB, 2.03 load
[runlim] sample:		1545.33 time, 1550.01 real, 4 MB, 2.03 load
[runlim] sample:		1555.29 time, 1560.01 real, 4 MB, 2.02 load
[runlim] sample:		1565.26 time, 1570.01 real, 4 MB, 2.02 load
[runlim] sample:		1575.23 time, 1580.01 real, 4 MB, 2.02 load
[runlim] sample:		1585.20 time, 1590.01 real, 4 MB, 2.31 load
[runlim] sample:		1595.17 time, 1600.01 real, 4 MB, 2.26 load
[runlim] sample:		1605.14 time, 1610.01 real, 4 MB, 2.22 load
[runlim] sample:		1615.11 time, 1620.01 real, 4 MB, 2.27 load
[runlim] sample:		1625.08 time, 1630.01 real, 4 MB, 2.22 load
[runlim] sample:		1635.05 time, 1640.01 real, 4 MB, 2.19 load
[runlim] sample:		1645.02 time, 1650.01 real, 4 MB, 2.16 load
[runlim] sample:		1654.99 time, 1660.01 real, 4 MB, 2.21 load
[runlim] sample:		1664.96 time, 1670.01 real, 4 MB, 2.18 load
[runlim] sample:		1674.93 time, 1680.01 real, 4 MB, 2.15 load
[runlim] sample:		1684.91 time, 1690.01 real, 4 MB, 2.13 load
[runlim] sample:		1694.88 time, 1700.01 real, 4 MB, 2.11 load
[runlim] sample:		1704.85 time, 1710.01 real, 4 MB, 2.09 load
[runlim] sample:		1714.82 time, 1720.01 real, 4 MB, 2.16 load
[runlim] sample:		1724.79 time, 1730.01 real, 4 MB, 2.13 load
[runlim] sample:		1734.76 time, 1740.01 real, 4 MB, 2.11 load
[runlim] sample:		1744.73 time, 1750.01 real, 4 MB, 2.09 load
[runlim] sample:		1754.70 time, 1760.01 real, 4 MB, 2.08 load
[runlim] sample:		1764.67 time, 1770.01 real, 4 MB, 2.07 load
[runlim] sample:		1774.65 time, 1780.01 real, 4 MB, 2.06 load
[runlim] sample:		1784.61 time, 1790.01 real, 4 MB, 2.05 load
[runlim] sample:		1794.59 time, 1800.01 real, 4 MB, 2.04 load
[runlim] sample:		1804.56 time, 1810.01 real, 4 MB, 2.03 load
[runlim] sample:		1814.53 time, 1820.01 real, 4 MB, 2.03 load
[runlim] sample:		1824.50 time, 1830.01 real, 4 MB, 2.02 load
[runlim] sample:		1834.47 time, 1840.01 real, 4 MB, 2.02 load
[runlim] sample:		1844.44 time, 1850.01 real, 4 MB, 2.02 load
[runlim] sample:		1854.41 time, 1860.01 real, 4 MB, 2.01 load
[runlim] sample:		1864.38 time, 1870.01 real, 4 MB, 2.01 load
[runlim] sample:		1874.35 time, 1880.01 real, 4 MB, 2.01 load
[runlim] sample:		1884.32 time, 1890.01 real, 4 MB, 2.01 load
[runlim] sample:		1894.29 time, 1900.01 real, 4 MB, 2.00 load
[runlim] sample:		1904.26 time, 1910.01 real, 4 MB, 2.00 load
[runlim] sample:		1914.23 time, 1920.01 real, 4 MB, 2.00 load
[runlim] sample:		1924.20 time, 1930.01 real, 4 MB, 2.00 load
[runlim] sample:		1934.17 time, 1940.01 real, 4 MB, 2.00 load
[runlim] sample:		1944.15 time, 1950.01 real, 4 MB, 2.00 load
[runlim] sample:		1954.12 time, 1960.01 real, 4 MB, 2.00 load
[runlim] sample:		1964.10 time, 1970.01 real, 4 MB, 2.00 load
[runlim] sample:		1974.07 time, 1980.01 real, 4 MB, 2.07 load
[runlim] sample:		1984.04 time, 1990.01 real, 4 MB, 2.06 load
[runlim] sample:		1994.01 time, 2000.01 real, 4 MB, 2.05 load
[runlim] sample:		2003.98 time, 2010.01 real, 4 MB, 2.04 load
[runlim] sample:		2013.95 time, 2020.01 real, 4 MB, 2.04 load
[runlim] sample:		2023.92 time, 2030.01 real, 4 MB, 2.03 load
[runlim] sample:		2033.89 time, 2040.01 real, 4 MB, 2.02 load
[runlim] sample:		2043.86 time, 2050.01 real, 4 MB, 2.02 load
[runlim] sample:		2053.83 time, 2060.01 real, 4 MB, 2.02 load
[runlim] sample:		2063.80 time, 2070.01 real, 4 MB, 2.01 load
[runlim] sample:		2073.77 time, 2080.01 real, 4 MB, 2.01 load
[runlim] sample:		2083.73 time, 2090.01 real, 4 MB, 2.01 load
[runlim] sample:		2093.70 time, 2100.01 real, 4 MB, 2.01 load
[runlim] sample:		2103.67 time, 2110.01 real, 4 MB, 2.01 load
[runlim] sample:		2113.64 time, 2120.01 real, 4 MB, 2.00 load
[runlim] sample:		2123.61 time, 2130.01 real, 4 MB, 2.08 load
[runlim] sample:		2133.58 time, 2140.01 real, 4 MB, 2.07 load
[runlim] sample:		2143.55 time, 2150.01 real, 4 MB, 2.06 load
[runlim] sample:		2153.52 time, 2160.01 real, 4 MB, 2.05 load
[runlim] sample:		2163.48 time, 2170.01 real, 4 MB, 2.04 load
[runlim] sample:		2173.45 time, 2180.01 real, 4 MB, 2.18 load
[runlim] sample:		2183.42 time, 2190.01 real, 4 MB, 2.30 load
[runlim] sample:		2193.39 time, 2200.01 real, 4 MB, 2.40 load
[runlim] sample:		2203.36 time, 2210.01 real, 4 MB, 2.63 load
[runlim] sample:		2213.33 time, 2220.01 real, 4 MB, 2.68 load
[runlim] sample:		2223.30 time, 2230.01 real, 4 MB, 2.65 load
[runlim] sample:		2233.26 time, 2240.01 real, 4 MB, 2.63 load
[runlim] sample:		2243.23 time, 2250.01 real, 4 MB, 2.83 load
[runlim] sample:		2253.20 time, 2260.01 real, 4 MB, 3.01 load
[runlim] sample:		2263.17 time, 2270.01 real, 4 MB, 3.38 load
[runlim] sample:		2273.13 time, 2280.01 real, 4 MB, 3.62 load
[runlim] sample:		2283.11 time, 2290.01 real, 4 MB, 3.53 load
[runlim] sample:		2293.08 time, 2300.01 real, 4 MB, 3.36 load
[runlim] sample:		2303.05 time, 2310.01 real, 4 MB, 3.15 load
[runlim] sample:		2313.01 time, 2320.01 real, 4 MB, 2.98 load
[runlim] sample:		2322.98 time, 2330.01 real, 4 MB, 2.98 load
[runlim] sample:		2332.95 time, 2340.01 real, 4 MB, 2.75 load
[runlim] sample:		2342.92 time, 2350.01 real, 4 MB, 2.48 load
[runlim] sample:		2352.89 time, 2360.01 real, 4 MB, 2.25 load
[runlim] sample:		2362.86 time, 2370.01 real, 4 MB, 2.06 load
[runlim] sample:		2372.83 time, 2380.01 real, 4 MB, 1.90 load
[runlim] sample:		2382.80 time, 2390.01 real, 4 MB, 1.76 load
[runlim] sample:		2392.77 time, 2400.01 real, 4 MB, 1.64 load
[runlim] sample:		2402.74 time, 2410.01 real, 4 MB, 1.54 load
[runlim] sample:		2412.71 time, 2420.01 real, 4 MB, 1.46 load
[runlim] sample:		2422.68 time, 2430.01 real, 4 MB, 1.39 load
[runlim] sample:		2432.65 time, 2440.01 real, 4 MB, 1.33 load
[runlim] sample:		2442.62 time, 2450.01 real, 4 MB, 1.28 load
[runlim] sample:		2452.58 time, 2460.01 real, 4 MB, 1.23 load
[runlim] sample:		2462.55 time, 2470.01 real, 4 MB, 1.28 load
[runlim] sample:		2472.52 time, 2480.01 real, 4 MB, 1.23 load
[runlim] sample:		2482.49 time, 2490.01 real, 4 MB, 1.20 load
[runlim] sample:		2492.46 time, 2500.01 real, 4 MB, 1.17 load
[runlim] sample:		2502.43 time, 2510.01 real, 4 MB, 1.14 load
[runlim] sample:		2512.40 time, 2520.01 real, 4 MB, 1.12 load
[runlim] sample:		2522.37 time, 2530.01 real, 4 MB, 1.10 load
[runlim] sample:		2532.35 time, 2540.01 real, 4 MB, 1.08 load
[runlim] sample:		2542.32 time, 2550.01 real, 4 MB, 1.08 load
[runlim] sample:		2552.29 time, 2560.01 real, 4 MB, 1.06 load
[runlim] sample:		2562.26 time, 2570.01 real, 4 MB, 1.05 load
[runlim] sample:		2572.23 time, 2580.01 real, 4 MB, 1.05 load
[runlim] sample:		2582.20 time, 2590.01 real, 4 MB, 1.19 load
[runlim] sample:		2592.17 time, 2600.01 real, 4 MB, 1.16 load
[runlim] sample:		2602.13 time, 2610.01 real, 4 MB, 1.21 load
[runlim] sample:		2612.10 time, 2620.01 real, 4 MB, 1.18 load
[runlim] sample:		2622.07 time, 2630.01 real, 4 MB, 1.15 load
[runlim] sample:		2632.04 time, 2640.01 real, 4 MB, 1.13 load
[runlim] sample:		2642.01 time, 2650.01 real, 4 MB, 1.11 load
[runlim] sample:		2651.98 time, 2660.01 real, 4 MB, 1.09 load
[runlim] sample:		2661.95 time, 2670.01 real, 4 MB, 1.08 load
[runlim] sample:		2671.92 time, 2680.01 real, 4 MB, 1.06 load
[runlim] sample:		2681.89 time, 2690.01 real, 4 MB, 1.05 load
[runlim] sample:		2691.85 time, 2700.01 real, 4 MB, 1.05 load
[runlim] sample:		2701.82 time, 2710.01 real, 4 MB, 1.04 load
[runlim] sample:		2711.79 time, 2720.01 real, 4 MB, 1.03 load
[runlim] sample:		2721.76 time, 2730.01 real, 4 MB, 1.03 load
[runlim] sample:		2731.73 time, 2740.01 real, 4 MB, 1.02 load
[runlim] sample:		2741.70 time, 2750.01 real, 4 MB, 1.10 load
[runlim] sample:		2751.68 time, 2760.01 real, 4 MB, 1.08 load
[runlim] sample:		2761.64 time, 2770.01 real, 4 MB, 1.15 load
[runlim] sample:		2771.62 time, 2780.01 real, 4 MB, 1.13 load
[runlim] sample:		2781.59 time, 2790.01 real, 4 MB, 1.11 load
[runlim] sample:		2791.56 time, 2800.01 real, 4 MB, 1.09 load
[runlim] sample:		2801.53 time, 2810.01 real, 4 MB, 1.08 load
[runlim] sample:		2811.50 time, 2820.01 real, 4 MB, 1.14 load
[runlim] sample:		2821.47 time, 2830.01 real, 4 MB, 1.20 load
[runlim] sample:		2831.44 time, 2840.01 real, 4 MB, 1.17 load
[runlim] sample:		2841.41 time, 2850.01 real, 4 MB, 1.14 load
[runlim] sample:		2851.38 time, 2860.01 real, 4 MB, 1.12 load
[runlim] sample:		2861.35 time, 2870.01 real, 4 MB, 1.10 load
[runlim] sample:		2871.32 time, 2880.01 real, 4 MB, 1.09 load
[runlim] sample:		2881.29 time, 2890.01 real, 4 MB, 1.07 load
[runlim] sample:		2891.26 time, 2900.01 real, 4 MB, 1.06 load
[runlim] sample:		2901.23 time, 2910.01 real, 4 MB, 1.05 load
[runlim] sample:		2911.20 time, 2920.01 real, 4 MB, 1.04 load
[runlim] sample:		2921.17 time, 2930.01 real, 4 MB, 1.04 load
[runlim] sample:		2931.14 time, 2940.01 real, 4 MB, 1.03 load
[runlim] sample:		2941.11 time, 2950.01 real, 4 MB, 1.02 load
[runlim] sample:		2951.08 time, 2960.01 real, 4 MB, 1.02 load
[runlim] sample:		2961.05 time, 2970.01 real, 4 MB, 1.02 load
[runlim] sample:		2971.02 time, 2980.01 real, 4 MB, 1.01 load
[runlim] sample:		2980.99 time, 2990.01 real, 4 MB, 1.01 load
[runlim] sample:		2990.96 time, 3000.01 real, 4 MB, 1.01 load
[runlim] sample:		3000.94 time, 3010.01 real, 4 MB, 1.01 load
[runlim] sample:		3010.91 time, 3020.01 real, 4 MB, 1.09 load
[runlim] sample:		3020.88 time, 3030.01 real, 4 MB, 1.07 load
[runlim] sample:		3030.85 time, 3040.01 real, 4 MB, 1.06 load
[runlim] sample:		3040.82 time, 3050.01 real, 4 MB, 1.05 load
[runlim] sample:		3050.79 time, 3060.01 real, 4 MB, 1.04 load
[runlim] sample:		3060.76 time, 3070.01 real, 4 MB, 1.04 load
[runlim] sample:		3070.72 time, 3080.01 real, 4 MB, 1.11 load
[runlim] sample:		3080.69 time, 3090.01 real, 4 MB, 1.33 load
[runlim] sample:		3090.66 time, 3100.01 real, 4 MB, 1.28 load
[runlim] sample:		3100.63 time, 3110.01 real, 4 MB, 1.24 load
[runlim] sample:		3110.61 time, 3120.01 real, 4 MB, 1.20 load
[runlim] sample:		3120.58 time, 3130.01 real, 4 MB, 1.17 load
[runlim] sample:		3130.54 time, 3140.01 real, 4 MB, 1.14 load
[runlim] sample:		3140.51 time, 3150.01 real, 4 MB, 1.12 load
[runlim] sample:		3150.48 time, 3160.01 real, 4 MB, 1.10 load
[runlim] sample:		3160.46 time, 3170.01 real, 4 MB, 1.09 load
[runlim] sample:		3170.42 time, 3180.01 real, 4 MB, 1.07 load
[runlim] sample:		3180.39 time, 3190.01 real, 4 MB, 1.06 load
[runlim] sample:		3190.36 time, 3200.01 real, 4 MB, 1.05 load
[runlim] sample:		3200.33 time, 3210.01 real, 4 MB, 1.04 load
[runlim] sample:		3210.30 time, 3220.01 real, 4 MB, 1.04 load
[runlim] sample:		3220.27 time, 3230.01 real, 4 MB, 1.03 load
[runlim] sample:		3230.24 time, 3240.01 real, 4 MB, 1.02 load
[runlim] sample:		3240.21 time, 3250.01 real, 4 MB, 1.02 load
[runlim] sample:		3250.18 time, 3260.01 real, 4 MB, 1.02 load
[runlim] sample:		3260.15 time, 3270.01 real, 4 MB, 1.09 load
[runlim] sample:		3270.12 time, 3280.01 real, 4 MB, 1.07 load
[runlim] sample:		3280.10 time, 3290.01 real, 4 MB, 1.06 load
[runlim] sample:		3290.07 time, 3300.01 real, 4 MB, 1.05 load
[runlim] sample:		3300.05 time, 3310.01 real, 4 MB, 1.04 load
[runlim] sample:		3310.02 time, 3320.01 real, 4 MB, 1.04 load
[runlim] sample:		3319.99 time, 3330.01 real, 4 MB, 1.03 load
[runlim] sample:		3329.96 time, 3340.01 real, 4 MB, 1.02 load
[runlim] sample:		3339.93 time, 3350.01 real, 4 MB, 1.02 load
[runlim] sample:		3349.90 time, 3360.01 real, 4 MB, 1.02 load
[runlim] sample:		3359.87 time, 3370.01 real, 4 MB, 1.01 load
[runlim] sample:		3369.84 time, 3380.01 real, 4 MB, 1.01 load
[runlim] sample:		3379.81 time, 3390.01 real, 4 MB, 1.01 load
[runlim] sample:		3389.79 time, 3400.01 real, 4 MB, 1.01 load
[runlim] sample:		3399.76 time, 3410.01 real, 4 MB, 1.01 load
[runlim] sample:		3409.73 time, 3420.01 real, 4 MB, 1.00 load
[runlim] sample:		3419.71 time, 3430.01 real, 4 MB, 1.00 load
[runlim] sample:		3429.68 time, 3440.01 real, 4 MB, 1.00 load
[runlim] sample:		3439.65 time, 3450.01 real, 4 MB, 1.00 load
[runlim] sample:		3449.62 time, 3460.01 real, 4 MB, 1.00 load
[runlim] sample:		3459.59 time, 3470.01 real, 4 MB, 1.07 load
[runlim] sample:		3469.56 time, 3480.01 real, 4 MB, 1.06 load
[runlim] sample:		3479.53 time, 3490.01 real, 4 MB, 1.05 load
[runlim] sample:		3489.51 time, 3500.01 real, 4 MB, 1.04 load
[runlim] sample:		3499.48 time, 3510.01 real, 4 MB, 1.04 load
[runlim] sample:		3509.45 time, 3520.01 real, 4 MB, 1.03 load
[runlim] sample:		3519.42 time, 3530.01 real, 4 MB, 1.10 load
[runlim] sample:		3529.39 time, 3540.01 real, 4 MB, 1.08 load
[runlim] sample:		3539.36 time, 3550.01 real, 4 MB, 1.07 load
[runlim] sample:		3549.33 time, 3560.01 real, 4 MB, 1.06 load
[runlim] sample:		3559.30 time, 3570.01 real, 4 MB, 1.05 load
[runlim] sample:		3569.27 time, 3580.01 real, 4 MB, 1.04 load
[runlim] sample:		3579.24 time, 3590.01 real, 4 MB, 1.11 load
[runlim] sample:		3589.22 time, 3600.01 real, 4 MB, 1.09 load
[runlim] sample:		3599.19 time, 3610.01 real, 4 MB, 1.08 load
[runlim] sample:		3609.16 time, 3620.01 real, 4 MB, 1.06 load
[runlim] sample:		3619.13 time, 3630.01 real, 4 MB, 1.14 load
[runlim] sample:		3629.10 time, 3640.01 real, 4 MB, 1.11 load
[runlim] sample:		3639.07 time, 3650.01 real, 4 MB, 1.10 load
[runlim] sample:		3649.04 time, 3660.01 real, 4 MB, 1.08 load
[runlim] sample:		3659.01 time, 3670.01 real, 4 MB, 1.14 load
[runlim] sample:		3668.98 time, 3680.01 real, 4 MB, 1.12 load
[runlim] sample:		3678.95 time, 3690.01 real, 4 MB, 1.10 load
[runlim] sample:		3688.93 time, 3700.01 real, 4 MB, 1.08 load
[runlim] sample:		3698.90 time, 3710.01 real, 4 MB, 1.07 load
[runlim] sample:		3708.87 time, 3720.01 real, 4 MB, 1.06 load
[runlim] sample:		3718.85 time, 3730.01 real, 4 MB, 1.05 load
[runlim] sample:		3728.82 time, 3740.01 real, 4 MB, 1.04 load
[runlim] sample:		3738.79 time, 3750.01 real, 4 MB, 1.04 load
[runlim] sample:		3748.76 time, 3760.01 real, 4 MB, 1.03 load
[runlim] sample:		3758.73 time, 3770.01 real, 4 MB, 1.02 load
[runlim] sample:		3768.70 time, 3780.01 real, 4 MB, 1.02 load
[runlim] sample:		3778.67 time, 3790.01 real, 4 MB, 1.09 load
[runlim] sample:		3788.64 time, 3800.01 real, 4 MB, 1.08 load
[runlim] sample:		3798.61 time, 3810.01 real, 4 MB, 1.06 load
[runlim] sample:		3808.58 time, 3820.01 real, 4 MB, 1.05 load
[runlim] sample:		3818.55 time, 3830.01 real, 4 MB, 1.04 load
[runlim] sample:		3828.52 time, 3840.01 real, 4 MB, 1.04 load
[runlim] sample:		3838.50 time, 3850.01 real, 4 MB, 1.03 load
[runlim] sample:		3848.47 time, 3860.01 real, 4 MB, 1.03 load
[runlim] sample:		3858.43 time, 3870.01 real, 4 MB, 1.10 load
[runlim] sample:		3868.41 time, 3880.01 real, 4 MB, 1.08 load
[runlim] sample:		3878.38 time, 3890.01 real, 4 MB, 1.07 load
[runlim] sample:		3888.35 time, 3900.01 real, 4 MB, 1.06 load
[runlim] sample:		3898.33 time, 3910.01 real, 4 MB, 1.05 load
[runlim] sample:		3908.30 time, 3920.01 real, 4 MB, 1.04 load
[runlim] sample:		3918.27 time, 3930.01 real, 4 MB, 1.11 load
[runlim] sample:		3928.24 time, 3940.01 real, 4 MB, 1.09 load
[runlim] sample:		3938.21 time, 3950.01 real, 4 MB, 1.08 load
[runlim] sample:		3948.19 time, 3960.01 real, 4 MB, 1.06 load
[runlim] sample:		3958.16 time, 3970.01 real, 4 MB, 1.05 load
[runlim] sample:		3968.13 time, 3980.01 real, 4 MB, 1.04 load
[runlim] sample:		3978.10 time, 3990.01 real, 4 MB, 1.11 load
[runlim] sample:		3988.07 time, 4000.01 real, 4 MB, 1.09 load
[runlim] sample:		3998.04 time, 4010.01 real, 4 MB, 1.08 load
[runlim] sample:		4008.01 time, 4020.01 real, 4 MB, 1.07 load
[runlim] sample:		4017.98 time, 4030.01 real, 4 MB, 1.06 load
[runlim] sample:		4027.95 time, 4040.01 real, 4 MB, 1.05 load
[runlim] sample:		4037.93 time, 4050.01 real, 4 MB, 1.04 load
[runlim] sample:		4047.90 time, 4060.01 real, 4 MB, 1.03 load
[runlim] sample:		4057.87 time, 4070.01 real, 4 MB, 1.10 load
[runlim] sample:		4067.83 time, 4080.01 real, 4 MB, 1.17 load
[runlim] sample:		4077.80 time, 4090.01 real, 4 MB, 1.14 load
[runlim] sample:		4087.78 time, 4100.01 real, 4 MB, 1.12 load
[runlim] sample:		4097.75 time, 4110.01 real, 4 MB, 1.10 load
[runlim] sample:		4107.71 time, 4120.01 real, 4 MB, 1.08 load
[runlim] sample:		4117.69 time, 4130.01 real, 4 MB, 1.14 load
[runlim] sample:		4127.66 time, 4140.01 real, 4 MB, 1.12 load
[runlim] sample:		4137.63 time, 4150.01 real, 4 MB, 1.10 load
[runlim] sample:		4147.60 time, 4160.01 real, 4 MB, 1.09 load
[runlim] sample:		4157.57 time, 4170.01 real, 4 MB, 1.15 load
[runlim] sample:		4167.54 time, 4180.01 real, 4 MB, 1.12 load
[runlim] sample:		4177.51 time, 4190.01 real, 4 MB, 1.18 load
[runlim] sample:		4187.48 time, 4200.01 real, 4 MB, 1.15 load
[runlim] sample:		4197.45 time, 4210.01 real, 4 MB, 1.13 load
[runlim] sample:		4207.42 time, 4220.01 real, 4 MB, 1.11 load
[runlim] sample:		4217.40 time, 4230.01 real, 4 MB, 1.09 load
[runlim] sample:		4227.38 time, 4240.01 real, 4 MB, 1.08 load
[runlim] sample:		4237.35 time, 4250.01 real, 4 MB, 1.06 load
[runlim] sample:		4247.32 time, 4260.01 real, 4 MB, 1.05 load
[runlim] sample:		4257.29 time, 4270.01 real, 4 MB, 1.12 load
[runlim] sample:		4267.26 time, 4280.01 real, 5 MB, 1.10 load
[runlim] sample:		4277.23 time, 4290.01 real, 5 MB, 1.08 load
[runlim] sample:		4287.20 time, 4300.01 real, 5 MB, 1.07 load
[runlim] sample:		4297.17 time, 4310.01 real, 5 MB, 1.06 load
[runlim] sample:		4307.14 time, 4320.01 real, 5 MB, 1.05 load
[runlim] sample:		4317.11 time, 4330.01 real, 5 MB, 1.12 load
[runlim] sample:		4327.08 time, 4340.01 real, 5 MB, 1.10 load
[runlim] sample:		4337.05 time, 4350.01 real, 5 MB, 1.08 load
[runlim] sample:		4347.02 time, 4360.01 real, 5 MB, 1.07 load
[runlim] end:			Mon Mar 16 17:50:19 2026
[runlim] status:		ok
[runlim] result:		0
[runlim] children:		1
[runlim] processes:		2
[runlim] real:			4363.90 seconds
[runlim] time:			4350.81 seconds
[runlim] space:			5 MB
[runlim] load:			3.96 maximum
[runlim] samples:		43638
