[runlim] version:		2.0.0rc1
[runlim] host:			m09n03
[runlim] time limit:		311040000 seconds
[runlim] real time limit:	5000 seconds
[runlim] space limit:		7000 MB
[runlim] argv[0]:		./binary
[runlim] argv[1]:		-c
[runlim] argv[2]:		-f
[runlim] argv[3]:		-r
[runlim] argv[4]:		/tmp/local-unzipped-12181330-7-423-BMS_k3_n100_m429_21.cnf
[runlim] start:			Mon Mar 16 16:37:22 2026
[runlim] child:			3109514
[runlim] sample:		9.97 time, 10.01 real, 4 MB, 4.14 load
[runlim] sample:		19.92 time, 20.01 real, 4 MB, 5.11 load
[runlim] sample:		29.88 time, 30.01 real, 4 MB, 5.94 load
[runlim] sample:		39.84 time, 40.01 real, 4 MB, 6.41 load
[runlim] sample:		49.81 time, 50.01 real, 4 MB, 6.81 load
[runlim] end:			Mon Mar 16 16:38:13 2026
[runlim] status:		ok
[runlim] result:		0
[runlim] children:		1
[runlim] processes:		2
[runlim] real:			51.62 seconds
[runlim] time:			51.40 seconds
[runlim] space:			4 MB
[runlim] load:			6.98 maximum
[runlim] samples:		516
