[runlim] version:		2.0.0rc1
[runlim] host:			m08n03
[runlim] time limit:		311040000 seconds
[runlim] real time limit:	5000 seconds
[runlim] space limit:		7000 MB
[runlim] argv[0]:		./binary
[runlim] argv[1]:		-c
[runlim] argv[2]:		-f
[runlim] argv[3]:		-r
[runlim] argv[4]:		/tmp/local-unzipped-12181330-6-352-BMS_k3_n100_m429_453.cnf
[runlim] start:			Mon Mar 16 16:37:15 2026
[runlim] child:			3294451
[runlim] sample:		9.96 time, 10.01 real, 4 MB, 3.26 load
[runlim] sample:		19.92 time, 20.01 real, 4 MB, 4.30 load
[runlim] sample:		29.87 time, 30.01 real, 4 MB, 5.09 load
[runlim] sample:		39.82 time, 40.01 real, 4 MB, 5.85 load
[runlim] sample:		49.78 time, 50.01 real, 4 MB, 6.49 load
[runlim] sample:		59.73 time, 60.01 real, 4 MB, 7.03 load
[runlim] sample:		69.69 time, 70.01 real, 4 MB, 7.48 load
[runlim] sample:		79.64 time, 80.01 real, 4 MB, 7.79 load
[runlim] sample:		89.60 time, 90.01 real, 4 MB, 7.98 load
[runlim] end:			Mon Mar 16 16:38:51 2026
[runlim] status:		ok
[runlim] result:		0
[runlim] children:		1
[runlim] processes:		2
[runlim] real:			96.25 seconds
[runlim] time:			95.77 seconds
[runlim] space:			4 MB
[runlim] load:			8.06 maximum
[runlim] samples:		962
