[runlim] version:		2.0.0rc1
[runlim] host:			m04n11
[runlim] time limit:		311040000 seconds
[runlim] real time limit:	5000 seconds
[runlim] space limit:		7000 MB
[runlim] argv[0]:		./binary
[runlim] argv[1]:		-c
[runlim] argv[2]:		-f
[runlim] argv[3]:		-r
[runlim] argv[4]:		/tmp/local-unzipped-12181330-3-161-BMS_k3_n100_m429_49.cnf
[runlim] start:			Mon Mar 16 16:37:16 2026
[runlim] child:			2867155
[runlim] end:			Mon Mar 16 16:37:18 2026
[runlim] status:		ok
[runlim] result:		0
[runlim] children:		1
[runlim] processes:		2
[runlim] real:			1.96 seconds
[runlim] time:			1.89 seconds
[runlim] space:			5 MB
[runlim] load:			3.75 maximum
[runlim] samples:		19
