[runlim] version:		2.0.0rc1
[runlim] host:			m08n03
[runlim] time limit:		311040000 seconds
[runlim] real time limit:	5000 seconds
[runlim] space limit:		7000 MB
[runlim] argv[0]:		./binary
[runlim] argv[1]:		-c
[runlim] argv[2]:		-f
[runlim] argv[3]:		-r
[runlim] argv[4]:		/tmp/local-unzipped-12181330-6-325-BMS_k3_n100_m429_374.cnf
[runlim] start:			Mon Mar 16 16:36:47 2026
[runlim] child:			3293419
[runlim] sample:		9.96 time, 10.01 real, 3 MB, 1.07 load
[runlim] sample:		19.93 time, 20.01 real, 3 MB, 1.68 load
[runlim] sample:		29.88 time, 30.01 real, 3 MB, 2.58 load
[runlim] sample:		39.84 time, 40.01 real, 3 MB, 3.26 load
[runlim] sample:		49.79 time, 50.01 real, 3 MB, 4.30 load
[runlim] sample:		59.74 time, 60.01 real, 4 MB, 5.09 load
[runlim] sample:		69.70 time, 70.01 real, 4 MB, 5.85 load
[runlim] sample:		79.65 time, 80.01 real, 4 MB, 6.49 load
[runlim] sample:		89.60 time, 90.01 real, 4 MB, 7.03 load
[runlim] sample:		99.55 time, 100.01 real, 4 MB, 7.48 load
[runlim] end:			Mon Mar 16 16:38:29 2026
[runlim] status:		ok
[runlim] result:		0
[runlim] children:		1
[runlim] processes:		2
[runlim] real:			101.88 seconds
[runlim] time:			101.34 seconds
[runlim] space:			4 MB
[runlim] load:			7.69 maximum
[runlim] samples:		1018
