[runlim] version:		2.0.0rc1
[runlim] host:			m06n02
[runlim] time limit:		311040000 seconds
[runlim] real time limit:	5000 seconds
[runlim] space limit:		7000 MB
[runlim] argv[0]:		./binary
[runlim] argv[1]:		-c
[runlim] argv[2]:		-f
[runlim] argv[3]:		-r
[runlim] argv[4]:		/tmp/local-unzipped-12273070-4-229-BMS_k3_n100_m429_72.cnf
[runlim] start:			Wed Mar 25 00:54:29 2026
[runlim] child:			2944930
[runlim] sample:		9.96 time, 10.01 real, 4 MB, 1.96 load
[runlim] sample:		19.92 time, 20.01 real, 4 MB, 2.97 load
[runlim] sample:		29.88 time, 30.01 real, 4 MB, 3.66 load
[runlim] end:			Wed Mar 25 00:55:07 2026
[runlim] status:		ok
[runlim] result:		0
[runlim] children:		1
[runlim] processes:		2
[runlim] real:			37.21 seconds
[runlim] time:			36.95 seconds
[runlim] space:			5 MB
[runlim] load:			3.86 maximum
[runlim] samples:		371
