[runlim] version:		2.0.0rc1
[runlim] host:			m07n07
[runlim] time limit:		311040000 seconds
[runlim] real time limit:	5000 seconds
[runlim] space limit:		7000 MB
[runlim] argv[0]:		./binary
[runlim] argv[1]:		-c
[runlim] argv[2]:		-f
[runlim] argv[3]:		-r
[runlim] argv[4]:		/tmp/local-unzipped-12273070-2-76-BMS_k3_n100_m429_221.cnf
[runlim] start:			Wed Mar 25 00:51:39 2026
[runlim] child:			1731010
[runlim] sample:		9.96 time, 10.01 real, 4 MB, 1.38 load
[runlim] sample:		19.92 time, 20.01 real, 4 MB, 2.24 load
[runlim] sample:		29.87 time, 30.01 real, 4 MB, 2.74 load
[runlim] sample:		39.83 time, 40.01 real, 4 MB, 3.17 load
[runlim] sample:		49.79 time, 50.01 real, 4 MB, 3.84 load
[runlim] sample:		59.74 time, 60.01 real, 4 MB, 4.71 load
[runlim] sample:		69.70 time, 70.01 real, 4 MB, 5.06 load
[runlim] sample:		79.66 time, 80.01 real, 4 MB, 5.36 load
[runlim] sample:		89.62 time, 90.01 real, 4 MB, 5.61 load
[runlim] sample:		99.58 time, 100.01 real, 4 MB, 5.75 load
[runlim] sample:		109.54 time, 110.01 real, 4 MB, 5.78 load
[runlim] sample:		119.50 time, 120.01 real, 4 MB, 5.82 load
[runlim] sample:		129.46 time, 130.01 real, 4 MB, 5.85 load
[runlim] sample:		139.42 time, 140.01 real, 4 MB, 5.87 load
[runlim] sample:		149.38 time, 150.01 real, 4 MB, 5.89 load
[runlim] sample:		159.34 time, 160.01 real, 4 MB, 5.91 load
[runlim] sample:		169.30 time, 170.01 real, 4 MB, 5.84 load
[runlim] sample:		179.25 time, 180.01 real, 4 MB, 5.71 load
[runlim] sample:		189.20 time, 190.01 real, 4 MB, 5.60 load
[runlim] sample:		199.15 time, 200.01 real, 4 MB, 5.58 load
[runlim] sample:		209.11 time, 210.01 real, 4 MB, 5.49 load
[runlim] sample:		219.06 time, 220.01 real, 4 MB, 5.26 load
[runlim] sample:		229.01 time, 230.01 real, 4 MB, 5.07 load
[runlim] sample:		238.96 time, 240.01 real, 4 MB, 4.90 load
[runlim] sample:		248.92 time, 250.01 real, 4 MB, 4.76 load
[runlim] sample:		258.87 time, 260.01 real, 4 MB, 4.65 load
[runlim] sample:		268.82 time, 270.01 real, 4 MB, 4.55 load
[runlim] sample:		278.78 time, 280.01 real, 4 MB, 4.46 load
[runlim] sample:		288.73 time, 290.01 real, 4 MB, 4.24 load
[runlim] sample:		298.69 time, 300.01 real, 4 MB, 4.05 load
[runlim] sample:		308.64 time, 310.01 real, 4 MB, 3.88 load
[runlim] sample:		318.60 time, 320.01 real, 4 MB, 3.75 load
[runlim] sample:		328.56 time, 330.01 real, 4 MB, 3.63 load
[runlim] sample:		338.51 time, 340.01 real, 4 MB, 3.54 load
[runlim] sample:		348.47 time, 350.01 real, 4 MB, 3.45 load
[runlim] sample:		358.42 time, 360.01 real, 4 MB, 3.38 load
[runlim] sample:		368.38 time, 370.01 real, 4 MB, 3.32 load
[runlim] sample:		378.34 time, 380.01 real, 5 MB, 3.27 load
[runlim] sample:		388.29 time, 390.01 real, 5 MB, 3.23 load
[runlim] sample:		398.25 time, 400.01 real, 5 MB, 3.19 load
[runlim] sample:		408.20 time, 410.01 real, 5 MB, 3.16 load
[runlim] sample:		418.16 time, 420.01 real, 5 MB, 3.14 load
[runlim] sample:		428.12 time, 430.01 real, 5 MB, 2.96 load
[runlim] sample:		438.09 time, 440.01 real, 5 MB, 2.81 load
[runlim] sample:		448.06 time, 450.01 real, 5 MB, 2.69 load
[runlim] sample:		458.03 time, 460.01 real, 5 MB, 2.58 load
[runlim] sample:		467.99 time, 470.01 real, 5 MB, 2.49 load
[runlim] sample:		477.96 time, 480.01 real, 5 MB, 2.42 load
[runlim] sample:		487.92 time, 490.01 real, 5 MB, 2.35 load
[runlim] sample:		497.89 time, 500.01 real, 5 MB, 2.30 load
[runlim] sample:		507.86 time, 510.01 real, 5 MB, 2.25 load
[runlim] sample:		517.82 time, 520.01 real, 5 MB, 2.21 load
[runlim] sample:		527.78 time, 530.01 real, 5 MB, 2.18 load
[runlim] sample:		537.75 time, 540.01 real, 5 MB, 2.15 load
[runlim] sample:		547.72 time, 550.01 real, 5 MB, 2.13 load
[runlim] sample:		557.68 time, 560.01 real, 5 MB, 2.19 load
[runlim] sample:		567.65 time, 570.01 real, 5 MB, 2.16 load
[runlim] sample:		577.62 time, 580.01 real, 5 MB, 2.13 load
[runlim] sample:		587.58 time, 590.01 real, 5 MB, 2.27 load
[runlim] sample:		597.55 time, 600.01 real, 5 MB, 2.23 load
[runlim] sample:		607.52 time, 610.01 real, 5 MB, 2.20 load
[runlim] sample:		617.49 time, 620.01 real, 5 MB, 2.16 load
[runlim] sample:		627.45 time, 630.01 real, 5 MB, 2.14 load
[runlim] sample:		637.42 time, 640.01 real, 5 MB, 2.12 load
[runlim] sample:		647.38 time, 650.01 real, 5 MB, 2.10 load
[runlim] sample:		657.35 time, 660.01 real, 5 MB, 2.08 load
[runlim] sample:		667.33 time, 670.01 real, 5 MB, 1.99 load
[runlim] sample:		677.30 time, 680.01 real, 5 MB, 1.84 load
[runlim] sample:		687.27 time, 690.01 real, 5 MB, 1.71 load
[runlim] sample:		697.24 time, 700.01 real, 5 MB, 1.60 load
[runlim] sample:		707.21 time, 710.01 real, 5 MB, 1.51 load
[runlim] sample:		717.18 time, 720.01 real, 5 MB, 1.43 load
[runlim] sample:		727.15 time, 730.01 real, 5 MB, 1.36 load
[runlim] sample:		737.13 time, 740.01 real, 5 MB, 1.31 load
[runlim] sample:		747.10 time, 750.01 real, 5 MB, 1.26 load
[runlim] sample:		757.07 time, 760.01 real, 5 MB, 1.22 load
[runlim] sample:		767.04 time, 770.01 real, 5 MB, 1.18 load
[runlim] sample:		777.01 time, 780.01 real, 5 MB, 1.16 load
[runlim] sample:		786.98 time, 790.01 real, 5 MB, 1.13 load
[runlim] sample:		796.95 time, 800.01 real, 5 MB, 1.11 load
[runlim] sample:		806.92 time, 810.01 real, 5 MB, 1.09 load
[runlim] sample:		816.89 time, 820.01 real, 5 MB, 1.08 load
[runlim] sample:		826.86 time, 830.01 real, 5 MB, 1.14 load
[runlim] sample:		836.83 time, 840.01 real, 5 MB, 1.12 load
[runlim] sample:		846.80 time, 850.01 real, 5 MB, 1.10 load
[runlim] sample:		856.78 time, 860.01 real, 5 MB, 1.08 load
[runlim] sample:		866.75 time, 870.01 real, 5 MB, 1.07 load
[runlim] sample:		876.72 time, 880.01 real, 5 MB, 1.13 load
[runlim] sample:		886.69 time, 890.01 real, 5 MB, 1.19 load
[runlim] sample:		896.66 time, 900.01 real, 5 MB, 1.16 load
[runlim] sample:		906.63 time, 910.01 real, 5 MB, 1.22 load
[runlim] sample:		916.60 time, 920.01 real, 5 MB, 1.18 load
[runlim] sample:		926.57 time, 930.01 real, 5 MB, 1.16 load
[runlim] sample:		936.54 time, 940.01 real, 5 MB, 1.13 load
[runlim] sample:		946.51 time, 950.01 real, 5 MB, 1.11 load
[runlim] end:			Wed Mar 25 01:07:35 2026
[runlim] status:		ok
[runlim] result:		0
[runlim] children:		1
[runlim] processes:		2
[runlim] real:			955.19 seconds
[runlim] time:			951.60 seconds
[runlim] space:			5 MB
[runlim] load:			5.92 maximum
[runlim] samples:		9551
