[runlim] version:		2.0.0rc1
[runlim] host:			m01n14
[runlim] time limit:		311040000 seconds
[runlim] real time limit:	5000 seconds
[runlim] space limit:		7000 MB
[runlim] argv[0]:		./binary
[runlim] argv[1]:		-c
[runlim] argv[2]:		-s
[runlim] argv[3]:		-f
[runlim] argv[4]:		/tmp/local-unzipped-12158367-2-73-BMS_k3_n100_m429_386.cnf
[runlim] start:			Sat Mar 14 23:56:31 2026
[runlim] child:			1231951
[runlim] sample:		9.96 time, 10.01 real, 3 MB, 13.72 load
[runlim] sample:		19.91 time, 20.01 real, 3 MB, 13.00 load
[runlim] sample:		29.86 time, 30.01 real, 3 MB, 12.23 load
[runlim] sample:		39.81 time, 40.01 real, 3 MB, 11.73 load
[runlim] sample:		49.76 time, 50.01 real, 3 MB, 11.39 load
[runlim] sample:		59.71 time, 60.01 real, 3 MB, 11.64 load
[runlim] sample:		69.66 time, 70.01 real, 3 MB, 11.69 load
[runlim] sample:		79.61 time, 80.01 real, 3 MB, 11.74 load
[runlim] sample:		89.56 time, 90.01 real, 3 MB, 11.47 load
[runlim] sample:		99.52 time, 100.01 real, 3 MB, 11.09 load
[runlim] sample:		109.47 time, 110.01 real, 3 MB, 10.77 load
[runlim] sample:		119.43 time, 120.01 real, 3 MB, 10.34 load
[runlim] sample:		129.39 time, 130.01 real, 3 MB, 9.98 load
[runlim] sample:		139.35 time, 140.01 real, 3 MB, 9.68 load
[runlim] sample:		149.30 time, 150.01 real, 3 MB, 9.42 load
[runlim] sample:		159.26 time, 160.01 real, 3 MB, 9.28 load
[runlim] sample:		169.22 time, 170.01 real, 3 MB, 9.08 load
[runlim] sample:		179.18 time, 180.01 real, 3 MB, 8.92 load
[runlim] sample:		189.14 time, 190.01 real, 3 MB, 8.77 load
[runlim] sample:		199.09 time, 200.01 real, 3 MB, 8.65 load
[runlim] sample:		209.05 time, 210.01 real, 3 MB, 8.55 load
[runlim] sample:		219.01 time, 220.01 real, 3 MB, 8.47 load
[runlim] sample:		228.97 time, 230.01 real, 3 MB, 8.40 load
[runlim] sample:		238.92 time, 240.01 real, 3 MB, 8.48 load
[runlim] sample:		248.88 time, 250.01 real, 3 MB, 8.48 load
[runlim] sample:		258.84 time, 260.01 real, 3 MB, 8.41 load
[runlim] sample:		268.80 time, 270.01 real, 3 MB, 8.34 load
[runlim] sample:		278.76 time, 280.01 real, 3 MB, 8.29 load
[runlim] sample:		288.72 time, 290.01 real, 3 MB, 8.25 load
[runlim] sample:		298.68 time, 300.01 real, 3 MB, 8.21 load
[runlim] sample:		308.64 time, 310.01 real, 3 MB, 8.25 load
[runlim] sample:		318.60 time, 320.01 real, 3 MB, 8.21 load
[runlim] sample:		328.56 time, 330.01 real, 3 MB, 8.18 load
[runlim] sample:		338.52 time, 340.01 real, 3 MB, 8.15 load
[runlim] sample:		348.48 time, 350.01 real, 3 MB, 8.13 load
[runlim] sample:		358.43 time, 360.01 real, 3 MB, 8.11 load
[runlim] sample:		368.39 time, 370.01 real, 3 MB, 8.16 load
[runlim] sample:		378.35 time, 380.01 real, 3 MB, 8.14 load
[runlim] sample:		388.31 time, 390.01 real, 3 MB, 7.96 load
[runlim] sample:		398.28 time, 400.01 real, 3 MB, 7.81 load
[runlim] sample:		408.24 time, 410.01 real, 3 MB, 7.69 load
[runlim] sample:		418.20 time, 420.01 real, 3 MB, 7.58 load
[runlim] sample:		428.17 time, 430.01 real, 3 MB, 7.49 load
[runlim] sample:		438.13 time, 440.01 real, 3 MB, 7.64 load
[runlim] sample:		448.09 time, 450.01 real, 3 MB, 7.61 load
[runlim] sample:		458.06 time, 460.01 real, 3 MB, 7.52 load
[runlim] sample:		468.02 time, 470.01 real, 3 MB, 7.44 load
[runlim] sample:		477.98 time, 480.01 real, 3 MB, 7.37 load
[runlim] sample:		487.95 time, 490.01 real, 3 MB, 7.31 load
[runlim] sample:		497.91 time, 500.01 real, 3 MB, 7.27 load
[runlim] sample:		507.87 time, 510.01 real, 3 MB, 7.22 load
[runlim] sample:		517.83 time, 520.01 real, 3 MB, 7.19 load
[runlim] sample:		527.79 time, 530.01 real, 3 MB, 7.16 load
[runlim] sample:		537.76 time, 540.01 real, 3 MB, 7.13 load
[runlim] sample:		547.72 time, 550.01 real, 3 MB, 7.11 load
[runlim] sample:		557.68 time, 560.01 real, 3 MB, 7.10 load
[runlim] sample:		567.64 time, 570.01 real, 3 MB, 7.08 load
[runlim] sample:		577.60 time, 580.01 real, 3 MB, 7.07 load
[runlim] sample:		587.56 time, 590.01 real, 3 MB, 6.90 load
[runlim] sample:		597.53 time, 600.01 real, 3 MB, 6.76 load
[runlim] sample:		607.49 time, 610.01 real, 3 MB, 6.64 load
[runlim] sample:		617.45 time, 620.01 real, 3 MB, 6.55 load
[runlim] sample:		627.41 time, 630.01 real, 3 MB, 6.46 load
[runlim] sample:		637.37 time, 640.01 real, 3 MB, 6.39 load
[runlim] sample:		647.33 time, 650.01 real, 3 MB, 6.33 load
[runlim] sample:		657.29 time, 660.01 real, 3 MB, 6.28 load
[runlim] sample:		667.25 time, 670.01 real, 3 MB, 6.24 load
[runlim] sample:		677.22 time, 680.01 real, 3 MB, 6.20 load
[runlim] sample:		687.18 time, 690.01 real, 3 MB, 6.17 load
[runlim] sample:		697.14 time, 700.01 real, 3 MB, 6.14 load
[runlim] sample:		707.10 time, 710.01 real, 3 MB, 6.12 load
[runlim] sample:		717.06 time, 720.01 real, 3 MB, 6.10 load
[runlim] sample:		727.02 time, 730.01 real, 3 MB, 6.08 load
[runlim] sample:		736.98 time, 740.01 real, 3 MB, 6.07 load
[runlim] sample:		746.94 time, 750.01 real, 3 MB, 6.06 load
[runlim] sample:		756.91 time, 760.01 real, 3 MB, 6.05 load
[runlim] sample:		766.87 time, 770.01 real, 3 MB, 6.04 load
[runlim] sample:		776.83 time, 780.01 real, 3 MB, 6.04 load
[runlim] sample:		786.79 time, 790.01 real, 3 MB, 6.03 load
[runlim] sample:		796.75 time, 800.01 real, 3 MB, 6.02 load
[runlim] sample:		806.72 time, 810.01 real, 3 MB, 5.87 load
[runlim] sample:		816.68 time, 820.01 real, 3 MB, 5.73 load
[runlim] sample:		826.64 time, 830.01 real, 3 MB, 5.62 load
[runlim] sample:		836.61 time, 840.01 real, 3 MB, 5.60 load
[runlim] sample:		846.57 time, 850.01 real, 3 MB, 5.50 load
[runlim] sample:		856.53 time, 860.01 real, 3 MB, 5.43 load
[runlim] sample:		866.50 time, 870.01 real, 3 MB, 5.36 load
[runlim] sample:		876.46 time, 880.01 real, 3 MB, 5.30 load
[runlim] sample:		886.42 time, 890.01 real, 3 MB, 5.26 load
[runlim] sample:		896.39 time, 900.01 real, 3 MB, 5.22 load
[runlim] sample:		906.35 time, 910.01 real, 3 MB, 5.18 load
[runlim] sample:		916.32 time, 920.01 real, 3 MB, 5.16 load
[runlim] sample:		926.28 time, 930.01 real, 3 MB, 5.13 load
[runlim] sample:		936.25 time, 940.01 real, 3 MB, 4.96 load
[runlim] sample:		946.21 time, 950.01 real, 3 MB, 4.81 load
[runlim] sample:		956.18 time, 960.01 real, 3 MB, 4.68 load
[runlim] sample:		966.15 time, 970.01 real, 3 MB, 4.58 load
[runlim] sample:		976.11 time, 980.01 real, 3 MB, 4.49 load
[runlim] sample:		986.08 time, 990.01 real, 3 MB, 4.41 load
[runlim] sample:		996.05 time, 1000.01 real, 3 MB, 4.35 load
[runlim] sample:		1006.01 time, 1010.01 real, 3 MB, 4.29 load
[runlim] sample:		1015.98 time, 1020.01 real, 3 MB, 4.25 load
[runlim] sample:		1025.95 time, 1030.01 real, 3 MB, 4.21 load
[runlim] sample:		1035.91 time, 1040.01 real, 4 MB, 4.18 load
[runlim] sample:		1045.88 time, 1050.01 real, 4 MB, 4.15 load
[runlim] sample:		1055.85 time, 1060.01 real, 4 MB, 4.05 load
[runlim] sample:		1065.82 time, 1070.01 real, 4 MB, 3.89 load
[runlim] sample:		1075.78 time, 1080.01 real, 4 MB, 3.75 load
[runlim] sample:		1085.75 time, 1090.01 real, 4 MB, 3.63 load
[runlim] sample:		1095.72 time, 1100.01 real, 4 MB, 3.54 load
[runlim] sample:		1105.68 time, 1110.01 real, 4 MB, 3.45 load
[runlim] sample:		1115.65 time, 1120.01 real, 4 MB, 3.38 load
[runlim] sample:		1125.62 time, 1130.01 real, 4 MB, 3.32 load
[runlim] sample:		1135.58 time, 1140.01 real, 4 MB, 3.42 load
[runlim] sample:		1145.55 time, 1150.01 real, 4 MB, 3.36 load
[runlim] sample:		1155.52 time, 1160.01 real, 4 MB, 3.30 load
[runlim] sample:		1165.49 time, 1170.01 real, 4 MB, 3.25 load
[runlim] sample:		1175.45 time, 1180.01 real, 4 MB, 3.21 load
[runlim] sample:		1185.42 time, 1190.01 real, 4 MB, 3.18 load
[runlim] sample:		1195.39 time, 1200.01 real, 4 MB, 3.15 load
[runlim] sample:		1205.36 time, 1210.01 real, 4 MB, 3.13 load
[runlim] sample:		1215.32 time, 1220.01 real, 4 MB, 3.11 load
[runlim] sample:		1225.29 time, 1230.01 real, 4 MB, 3.09 load
[runlim] sample:		1235.26 time, 1240.01 real, 4 MB, 3.15 load
[runlim] sample:		1245.23 time, 1250.01 real, 4 MB, 3.13 load
[runlim] sample:		1255.19 time, 1260.01 real, 4 MB, 3.11 load
[runlim] sample:		1265.16 time, 1270.01 real, 4 MB, 3.09 load
[runlim] sample:		1275.13 time, 1280.01 real, 4 MB, 3.08 load
[runlim] sample:		1285.10 time, 1290.01 real, 4 MB, 3.06 load
[runlim] sample:		1295.06 time, 1300.01 real, 4 MB, 3.05 load
[runlim] sample:		1305.03 time, 1310.01 real, 4 MB, 3.04 load
[runlim] sample:		1315.00 time, 1320.01 real, 4 MB, 3.04 load
[runlim] sample:		1324.97 time, 1330.01 real, 4 MB, 3.03 load
[runlim] sample:		1334.94 time, 1340.01 real, 4 MB, 3.03 load
[runlim] sample:		1344.90 time, 1350.01 real, 4 MB, 3.02 load
[runlim] sample:		1354.87 time, 1360.01 real, 4 MB, 3.09 load
[runlim] sample:		1364.84 time, 1370.01 real, 4 MB, 3.08 load
[runlim] sample:		1374.81 time, 1380.01 real, 4 MB, 3.06 load
[runlim] sample:		1384.77 time, 1390.01 real, 4 MB, 3.05 load
[runlim] sample:		1394.74 time, 1400.01 real, 4 MB, 3.05 load
[runlim] sample:		1404.71 time, 1410.01 real, 4 MB, 3.04 load
[runlim] sample:		1414.68 time, 1420.01 real, 4 MB, 3.03 load
[runlim] sample:		1424.64 time, 1430.01 real, 4 MB, 3.03 load
[runlim] sample:		1434.61 time, 1440.01 real, 4 MB, 3.10 load
[runlim] sample:		1444.58 time, 1450.01 real, 4 MB, 3.08 load
[runlim] sample:		1454.55 time, 1460.01 real, 4 MB, 3.07 load
[runlim] sample:		1464.51 time, 1470.01 real, 4 MB, 3.06 load
[runlim] sample:		1474.48 time, 1480.01 real, 4 MB, 3.13 load
[runlim] sample:		1484.45 time, 1490.01 real, 4 MB, 3.11 load
[runlim] sample:		1494.41 time, 1500.01 real, 4 MB, 3.16 load
[runlim] sample:		1504.38 time, 1510.01 real, 4 MB, 3.14 load
[runlim] sample:		1514.35 time, 1520.01 real, 4 MB, 3.12 load
[runlim] sample:		1524.32 time, 1530.01 real, 4 MB, 3.10 load
[runlim] sample:		1534.28 time, 1540.01 real, 4 MB, 3.08 load
[runlim] sample:		1544.25 time, 1550.01 real, 4 MB, 3.07 load
[runlim] sample:		1554.22 time, 1560.01 real, 4 MB, 3.13 load
[runlim] sample:		1564.19 time, 1570.01 real, 4 MB, 3.11 load
[runlim] sample:		1574.15 time, 1580.01 real, 4 MB, 3.09 load
[runlim] sample:		1584.12 time, 1590.01 real, 4 MB, 3.08 load
[runlim] sample:		1594.09 time, 1600.01 real, 4 MB, 3.07 load
[runlim] sample:		1604.06 time, 1610.01 real, 4 MB, 3.06 load
[runlim] sample:		1614.03 time, 1620.01 real, 4 MB, 3.05 load
[runlim] sample:		1623.99 time, 1630.01 real, 4 MB, 3.04 load
[runlim] sample:		1633.96 time, 1640.01 real, 4 MB, 3.25 load
[runlim] sample:		1643.93 time, 1650.01 real, 4 MB, 3.21 load
[runlim] sample:		1653.90 time, 1660.01 real, 4 MB, 3.18 load
[runlim] sample:		1663.86 time, 1670.01 real, 4 MB, 3.15 load
[runlim] sample:		1673.83 time, 1680.01 real, 4 MB, 3.13 load
[runlim] sample:		1683.80 time, 1690.01 real, 4 MB, 3.11 load
[runlim] sample:		1693.77 time, 1700.01 real, 4 MB, 3.09 load
[runlim] sample:		1703.74 time, 1710.01 real, 4 MB, 3.08 load
[runlim] sample:		1713.70 time, 1720.01 real, 4 MB, 3.06 load
[runlim] sample:		1723.67 time, 1730.01 real, 4 MB, 3.05 load
[runlim] sample:		1733.64 time, 1740.01 real, 4 MB, 3.05 load
[runlim] sample:		1743.61 time, 1750.01 real, 4 MB, 3.11 load
[runlim] sample:		1753.57 time, 1760.01 real, 4 MB, 3.17 load
[runlim] sample:		1763.54 time, 1770.01 real, 4 MB, 3.14 load
[runlim] sample:		1773.51 time, 1780.01 real, 4 MB, 3.12 load
[runlim] sample:		1783.48 time, 1790.01 real, 4 MB, 3.10 load
[runlim] sample:		1793.44 time, 1800.01 real, 4 MB, 3.08 load
[runlim] sample:		1803.41 time, 1810.01 real, 4 MB, 3.07 load
[runlim] sample:		1813.38 time, 1820.01 real, 4 MB, 3.06 load
[runlim] sample:		1823.35 time, 1830.01 real, 4 MB, 3.05 load
[runlim] sample:		1833.31 time, 1840.01 real, 4 MB, 3.12 load
[runlim] sample:		1843.28 time, 1850.01 real, 4 MB, 3.10 load
[runlim] sample:		1853.25 time, 1860.01 real, 4 MB, 3.08 load
[runlim] sample:		1863.22 time, 1870.01 real, 4 MB, 3.07 load
[runlim] sample:		1873.19 time, 1880.01 real, 4 MB, 3.06 load
[runlim] sample:		1883.15 time, 1890.01 real, 4 MB, 3.05 load
[runlim] sample:		1893.12 time, 1900.01 real, 4 MB, 3.04 load
[runlim] sample:		1903.09 time, 1910.01 real, 4 MB, 3.03 load
[runlim] sample:		1913.06 time, 1920.01 real, 4 MB, 3.03 load
[runlim] sample:		1923.02 time, 1930.01 real, 4 MB, 3.02 load
[runlim] sample:		1932.99 time, 1940.01 real, 4 MB, 3.02 load
[runlim] sample:		1942.96 time, 1950.01 real, 4 MB, 3.02 load
[runlim] sample:		1952.93 time, 1960.01 real, 4 MB, 3.01 load
[runlim] sample:		1962.89 time, 1970.01 real, 4 MB, 3.01 load
[runlim] sample:		1972.86 time, 1980.01 real, 4 MB, 3.01 load
[runlim] sample:		1982.83 time, 1990.01 real, 4 MB, 3.01 load
[runlim] sample:		1992.80 time, 2000.01 real, 4 MB, 3.00 load
[runlim] sample:		2002.77 time, 2010.01 real, 4 MB, 3.00 load
[runlim] sample:		2012.73 time, 2020.01 real, 4 MB, 3.00 load
[runlim] sample:		2022.70 time, 2030.01 real, 4 MB, 3.00 load
[runlim] sample:		2032.66 time, 2040.01 real, 4 MB, 3.00 load
[runlim] sample:		2042.63 time, 2050.01 real, 4 MB, 3.00 load
[runlim] sample:		2052.60 time, 2060.01 real, 4 MB, 3.00 load
[runlim] sample:		2062.57 time, 2070.01 real, 4 MB, 3.00 load
[runlim] sample:		2072.53 time, 2080.01 real, 4 MB, 3.00 load
[runlim] sample:		2082.50 time, 2090.01 real, 4 MB, 3.00 load
[runlim] sample:		2092.47 time, 2100.01 real, 4 MB, 3.00 load
[runlim] sample:		2102.43 time, 2110.01 real, 4 MB, 3.00 load
[runlim] sample:		2112.40 time, 2120.01 real, 4 MB, 3.00 load
[runlim] sample:		2122.37 time, 2130.01 real, 4 MB, 3.00 load
[runlim] sample:		2132.34 time, 2140.01 real, 4 MB, 3.00 load
[runlim] sample:		2142.30 time, 2150.01 real, 4 MB, 3.00 load
[runlim] sample:		2152.27 time, 2160.01 real, 4 MB, 3.00 load
[runlim] sample:		2162.24 time, 2170.01 real, 4 MB, 3.00 load
[runlim] sample:		2172.21 time, 2180.01 real, 4 MB, 3.00 load
[runlim] sample:		2182.18 time, 2190.01 real, 4 MB, 3.00 load
[runlim] sample:		2192.14 time, 2200.01 real, 4 MB, 3.00 load
[runlim] sample:		2202.11 time, 2210.01 real, 4 MB, 3.00 load
[runlim] sample:		2212.08 time, 2220.01 real, 4 MB, 3.00 load
[runlim] sample:		2222.04 time, 2230.01 real, 4 MB, 3.00 load
[runlim] sample:		2232.01 time, 2240.01 real, 4 MB, 3.00 load
[runlim] sample:		2241.98 time, 2250.01 real, 4 MB, 3.00 load
[runlim] sample:		2251.95 time, 2260.01 real, 4 MB, 3.00 load
[runlim] sample:		2261.91 time, 2270.01 real, 4 MB, 3.00 load
[runlim] sample:		2271.88 time, 2280.01 real, 4 MB, 3.00 load
[runlim] sample:		2281.85 time, 2290.01 real, 4 MB, 3.08 load
[runlim] sample:		2291.82 time, 2300.01 real, 4 MB, 3.07 load
[runlim] sample:		2301.79 time, 2310.01 real, 4 MB, 3.06 load
[runlim] sample:		2311.75 time, 2320.01 real, 4 MB, 3.05 load
[runlim] sample:		2321.72 time, 2330.01 real, 4 MB, 3.04 load
[runlim] sample:		2331.69 time, 2340.01 real, 4 MB, 3.11 load
[runlim] sample:		2341.65 time, 2350.01 real, 4 MB, 3.09 load
[runlim] sample:		2351.62 time, 2360.01 real, 4 MB, 3.08 load
[runlim] sample:		2361.59 time, 2370.01 real, 4 MB, 3.06 load
[runlim] sample:		2371.56 time, 2380.01 real, 4 MB, 3.05 load
[runlim] sample:		2381.53 time, 2390.01 real, 4 MB, 3.04 load
[runlim] sample:		2391.49 time, 2400.01 real, 4 MB, 3.11 load
[runlim] sample:		2401.46 time, 2410.01 real, 4 MB, 3.09 load
[runlim] sample:		2411.43 time, 2420.01 real, 4 MB, 3.08 load
[runlim] sample:		2421.40 time, 2430.01 real, 4 MB, 3.07 load
[runlim] sample:		2431.36 time, 2440.01 real, 4 MB, 3.06 load
[runlim] sample:		2441.33 time, 2450.01 real, 4 MB, 3.05 load
[runlim] sample:		2451.30 time, 2460.01 real, 4 MB, 3.11 load
[runlim] sample:		2461.26 time, 2470.01 real, 4 MB, 3.10 load
[runlim] sample:		2471.23 time, 2480.01 real, 4 MB, 3.08 load
[runlim] sample:		2481.20 time, 2490.01 real, 4 MB, 3.07 load
[runlim] sample:		2491.17 time, 2500.01 real, 4 MB, 3.06 load
[runlim] sample:		2501.14 time, 2510.01 real, 4 MB, 3.05 load
[runlim] sample:		2511.10 time, 2520.01 real, 4 MB, 3.12 load
[runlim] sample:		2521.07 time, 2530.01 real, 4 MB, 3.10 load
[runlim] sample:		2531.04 time, 2540.01 real, 4 MB, 3.16 load
[runlim] sample:		2541.01 time, 2550.01 real, 4 MB, 3.13 load
[runlim] sample:		2550.97 time, 2560.01 real, 4 MB, 3.11 load
[runlim] sample:		2560.94 time, 2570.01 real, 4 MB, 3.10 load
[runlim] sample:		2570.91 time, 2580.01 real, 4 MB, 3.08 load
[runlim] sample:		2580.88 time, 2590.01 real, 4 MB, 3.07 load
[runlim] sample:		2590.84 time, 2600.01 real, 4 MB, 3.13 load
[runlim] sample:		2600.81 time, 2610.01 real, 4 MB, 3.11 load
[runlim] sample:		2610.78 time, 2620.01 real, 4 MB, 3.09 load
[runlim] sample:		2620.75 time, 2630.01 real, 4 MB, 3.16 load
[runlim] sample:		2630.71 time, 2640.01 real, 4 MB, 3.13 load
[runlim] sample:		2640.68 time, 2650.01 real, 4 MB, 3.11 load
[runlim] end:			Sun Mar 15 00:40:42 2026
[runlim] status:		ok
[runlim] result:		0
[runlim] children:		1
[runlim] processes:		2
[runlim] real:			2651.20 seconds
[runlim] time:			2641.78 seconds
[runlim] space:			4 MB
[runlim] load:			15.13 maximum
[runlim] samples:		26511
