[runlim] version:		2.0.0rc1
[runlim] host:			o03n07
[runlim] time limit:		311040000 seconds
[runlim] real time limit:	5000 seconds
[runlim] space limit:		7000 MB
[runlim] argv[0]:		./binary
[runlim] argv[1]:		-c
[runlim] argv[2]:		-s
[runlim] argv[3]:		-f
[runlim] argv[4]:		/tmp/local-unzipped-12158367-6-363-BMS_k3_n100_m429_381.cnf
[runlim] start:			Sun Mar 15 00:28:21 2026
[runlim] child:			1613998
[runlim] sample:		9.96 time, 10.01 real, 4 MB, 8.88 load
[runlim] sample:		19.91 time, 20.01 real, 4 MB, 10.05 load
[runlim] sample:		29.86 time, 30.01 real, 4 MB, 11.04 load
[runlim] sample:		39.82 time, 40.01 real, 4 MB, 11.65 load
[runlim] sample:		49.77 time, 50.01 real, 5 MB, 11.93 load
[runlim] sample:		59.73 time, 60.01 real, 5 MB, 12.10 load
[runlim] sample:		69.68 time, 70.01 real, 5 MB, 12.24 load
[runlim] sample:		79.64 time, 80.01 real, 5 MB, 12.20 load
[runlim] end:			Sun Mar 15 00:29:43 2026
[runlim] status:		ok
[runlim] result:		0
[runlim] children:		1
[runlim] processes:		2
[runlim] real:			82.08 seconds
[runlim] time:			81.63 seconds
[runlim] space:			5 MB
[runlim] load:			12.24 maximum
[runlim] samples:		820
