[runlim] version:		2.0.0rc1
[runlim] host:			p01n14
[runlim] time limit:		311040000 seconds
[runlim] real time limit:	5000 seconds
[runlim] space limit:		7000 MB
[runlim] argv[0]:		./binary
[runlim] argv[1]:		-c
[runlim] argv[2]:		-s
[runlim] argv[3]:		-f
[runlim] argv[4]:		/tmp/local-unzipped-12158367-1-21-BMS_k3_n100_m429_51.cnf
[runlim] start:			Sat Mar 14 23:49:53 2026
[runlim] child:			699838
[runlim] sample:		9.97 time, 10.01 real, 3 MB, 16.52 load
[runlim] sample:		19.93 time, 20.01 real, 3 MB, 15.21 load
[runlim] sample:		29.89 time, 30.01 real, 4 MB, 14.17 load
[runlim] sample:		39.85 time, 40.01 real, 4 MB, 13.68 load
[runlim] sample:		49.81 time, 50.01 real, 4 MB, 13.35 load
[runlim] sample:		59.78 time, 60.01 real, 4 MB, 12.99 load
[runlim] sample:		69.74 time, 70.01 real, 4 MB, 12.76 load
[runlim] sample:		79.71 time, 80.01 real, 4 MB, 12.34 load
[runlim] sample:		89.67 time, 90.01 real, 4 MB, 11.98 load
[runlim] sample:		99.64 time, 100.01 real, 4 MB, 11.67 load
[runlim] sample:		109.60 time, 110.01 real, 4 MB, 11.49 load
[runlim] sample:		119.57 time, 120.01 real, 4 MB, 11.18 load
[runlim] sample:		129.53 time, 130.01 real, 4 MB, 10.69 load
[runlim] sample:		139.49 time, 140.01 real, 4 MB, 10.28 load
[runlim] sample:		149.46 time, 150.01 real, 4 MB, 9.93 load
[runlim] sample:		159.42 time, 160.01 real, 4 MB, 9.63 load
[runlim] sample:		169.38 time, 170.01 real, 4 MB, 9.38 load
[runlim] sample:		179.35 time, 180.01 real, 4 MB, 9.09 load
[runlim] sample:		189.31 time, 190.01 real, 4 MB, 8.84 load
[runlim] end:			Sat Mar 14 23:53:04 2026
[runlim] status:		ok
[runlim] result:		0
[runlim] children:		1
[runlim] processes:		2
[runlim] real:			190.89 seconds
[runlim] time:			190.11 seconds
[runlim] space:			4 MB
[runlim] load:			18.16 maximum
[runlim] samples:		1908
