[runlim] version:		2.0.0rc1
[runlim] host:			m09n12
[runlim] time limit:		311040000 seconds
[runlim] real time limit:	5000 seconds
[runlim] space limit:		7000 MB
[runlim] argv[0]:		./binary
[runlim] argv[1]:		-c
[runlim] argv[2]:		-s
[runlim] argv[3]:		-f
[runlim] argv[4]:		/tmp/local-unzipped-12158367-5-285-BMS_k3_n100_m429_308.cnf
[runlim] start:			Sun Mar 15 00:28:07 2026
[runlim] child:			887548
[runlim] sample:		9.97 time, 10.01 real, 3 MB, 4.28 load
[runlim] sample:		19.93 time, 20.01 real, 3 MB, 4.85 load
[runlim] sample:		29.89 time, 30.01 real, 3 MB, 5.50 load
[runlim] sample:		39.84 time, 40.01 real, 3 MB, 6.26 load
[runlim] sample:		49.80 time, 50.01 real, 3 MB, 6.76 load
[runlim] sample:		59.74 time, 60.01 real, 4 MB, 7.10 load
[runlim] sample:		69.69 time, 70.01 real, 4 MB, 7.24 load
[runlim] sample:		79.65 time, 80.01 real, 4 MB, 7.20 load
[runlim] sample:		89.60 time, 90.01 real, 4 MB, 7.10 load
[runlim] sample:		99.55 time, 100.01 real, 4 MB, 6.85 load
[runlim] sample:		109.51 time, 110.01 real, 4 MB, 6.56 load
[runlim] sample:		119.46 time, 120.01 real, 4 MB, 6.32 load
[runlim] sample:		129.42 time, 130.01 real, 4 MB, 6.12 load
[runlim] sample:		139.38 time, 140.01 real, 4 MB, 5.95 load
[runlim] sample:		149.34 time, 150.01 real, 4 MB, 5.87 load
[runlim] sample:		159.29 time, 160.01 real, 4 MB, 5.74 load
[runlim] sample:		169.25 time, 170.01 real, 4 MB, 5.63 load
[runlim] sample:		179.21 time, 180.01 real, 4 MB, 5.53 load
[runlim] sample:		189.17 time, 190.01 real, 4 MB, 5.52 load
[runlim] sample:		199.13 time, 200.01 real, 4 MB, 5.44 load
[runlim] sample:		209.09 time, 210.01 real, 4 MB, 5.37 load
[runlim] sample:		219.05 time, 220.01 real, 4 MB, 5.31 load
[runlim] sample:		229.01 time, 230.01 real, 4 MB, 5.27 load
[runlim] sample:		238.97 time, 240.01 real, 4 MB, 5.22 load
[runlim] sample:		248.93 time, 250.01 real, 4 MB, 5.26 load
[runlim] sample:		258.89 time, 260.01 real, 4 MB, 5.14 load
[runlim] sample:		268.86 time, 270.01 real, 4 MB, 4.97 load
[runlim] sample:		278.82 time, 280.01 real, 4 MB, 4.82 load
[runlim] sample:		288.78 time, 290.01 real, 4 MB, 4.69 load
[runlim] sample:		298.74 time, 300.01 real, 4 MB, 4.58 load
[runlim] sample:		308.71 time, 310.01 real, 4 MB, 4.57 load
[runlim] sample:		318.67 time, 320.01 real, 4 MB, 4.56 load
[runlim] sample:		328.63 time, 330.01 real, 4 MB, 4.55 load
[runlim] sample:		338.59 time, 340.01 real, 4 MB, 4.46 load
[runlim] sample:		348.56 time, 350.01 real, 4 MB, 4.39 load
[runlim] sample:		358.52 time, 360.01 real, 4 MB, 4.33 load
[runlim] sample:		368.48 time, 370.01 real, 4 MB, 4.28 load
[runlim] sample:		378.44 time, 380.01 real, 4 MB, 4.24 load
[runlim] sample:		388.41 time, 390.01 real, 4 MB, 4.05 load
[runlim] sample:		398.38 time, 400.01 real, 4 MB, 3.88 load
[runlim] sample:		408.35 time, 410.01 real, 4 MB, 3.83 load
[runlim] sample:		418.31 time, 420.01 real, 4 MB, 3.70 load
[runlim] sample:		428.28 time, 430.01 real, 4 MB, 3.59 load
[runlim] sample:		438.24 time, 440.01 real, 4 MB, 3.58 load
[runlim] sample:		448.21 time, 450.01 real, 4 MB, 3.49 load
[runlim] sample:		458.18 time, 460.01 real, 4 MB, 3.42 load
[runlim] sample:		468.15 time, 470.01 real, 4 MB, 3.35 load
[runlim] sample:		478.11 time, 480.01 real, 4 MB, 3.30 load
[runlim] sample:		488.08 time, 490.01 real, 4 MB, 3.25 load
[runlim] sample:		498.05 time, 500.01 real, 4 MB, 3.29 load
[runlim] sample:		508.01 time, 510.01 real, 4 MB, 3.25 load
[runlim] sample:		517.98 time, 520.01 real, 4 MB, 3.21 load
[runlim] sample:		527.95 time, 530.01 real, 4 MB, 3.18 load
[runlim] sample:		537.92 time, 540.01 real, 4 MB, 3.15 load
[runlim] sample:		547.88 time, 550.01 real, 4 MB, 3.12 load
[runlim] sample:		557.85 time, 560.01 real, 4 MB, 3.11 load
[runlim] sample:		567.82 time, 570.01 real, 4 MB, 3.09 load
[runlim] sample:		577.78 time, 580.01 real, 4 MB, 3.07 load
[runlim] sample:		587.75 time, 590.01 real, 4 MB, 3.22 load
[runlim] sample:		597.72 time, 600.01 real, 4 MB, 3.19 load
[runlim] sample:		607.69 time, 610.01 real, 4 MB, 3.16 load
[runlim] sample:		617.65 time, 620.01 real, 4 MB, 3.13 load
[runlim] sample:		627.62 time, 630.01 real, 4 MB, 3.11 load
[runlim] sample:		637.59 time, 640.01 real, 4 MB, 3.10 load
[runlim] sample:		647.55 time, 650.01 real, 4 MB, 3.08 load
[runlim] sample:		657.52 time, 660.01 real, 4 MB, 3.07 load
[runlim] sample:		667.49 time, 670.01 real, 4 MB, 3.06 load
[runlim] sample:		677.46 time, 680.01 real, 4 MB, 3.13 load
[runlim] sample:		687.42 time, 690.01 real, 4 MB, 3.11 load
[runlim] sample:		697.39 time, 700.01 real, 4 MB, 3.09 load
[runlim] sample:		707.36 time, 710.01 real, 4 MB, 3.08 load
[runlim] sample:		717.32 time, 720.01 real, 4 MB, 3.06 load
[runlim] sample:		727.29 time, 730.01 real, 4 MB, 3.05 load
[runlim] sample:		737.26 time, 740.01 real, 4 MB, 3.04 load
[runlim] sample:		747.22 time, 750.01 real, 4 MB, 3.04 load
[runlim] sample:		757.19 time, 760.01 real, 4 MB, 3.03 load
[runlim] sample:		767.15 time, 770.01 real, 4 MB, 3.03 load
[runlim] sample:		777.12 time, 780.01 real, 4 MB, 3.02 load
[runlim] sample:		787.09 time, 790.01 real, 4 MB, 3.02 load
[runlim] sample:		797.06 time, 800.01 real, 4 MB, 3.01 load
[runlim] sample:		807.02 time, 810.01 real, 4 MB, 3.01 load
[runlim] sample:		816.99 time, 820.01 real, 4 MB, 3.01 load
[runlim] sample:		826.96 time, 830.01 real, 4 MB, 3.01 load
[runlim] sample:		836.92 time, 840.01 real, 4 MB, 3.09 load
[runlim] sample:		846.89 time, 850.01 real, 4 MB, 3.07 load
[runlim] sample:		856.86 time, 860.01 real, 4 MB, 3.22 load
[runlim] sample:		866.83 time, 870.01 real, 4 MB, 3.19 load
[runlim] sample:		876.79 time, 880.01 real, 4 MB, 3.16 load
[runlim] sample:		886.76 time, 890.01 real, 4 MB, 3.13 load
[runlim] sample:		896.73 time, 900.01 real, 4 MB, 3.19 load
[runlim] sample:		906.69 time, 910.01 real, 4 MB, 3.16 load
[runlim] sample:		916.66 time, 920.01 real, 4 MB, 3.14 load
[runlim] sample:		926.63 time, 930.01 real, 4 MB, 3.12 load
[runlim] sample:		936.60 time, 940.01 real, 4 MB, 3.10 load
[runlim] sample:		946.56 time, 950.01 real, 4 MB, 3.08 load
[runlim] sample:		956.53 time, 960.01 real, 4 MB, 3.37 load
[runlim] sample:		966.50 time, 970.01 real, 4 MB, 3.31 load
[runlim] sample:		976.47 time, 980.01 real, 4 MB, 3.27 load
[runlim] sample:		986.43 time, 990.01 real, 4 MB, 3.22 load
[runlim] sample:		996.40 time, 1000.01 real, 4 MB, 3.19 load
[runlim] sample:		1006.37 time, 1010.01 real, 4 MB, 3.16 load
[runlim] sample:		1016.33 time, 1020.01 real, 4 MB, 3.13 load
[runlim] sample:		1026.30 time, 1030.01 real, 4 MB, 3.11 load
[runlim] sample:		1036.27 time, 1040.01 real, 4 MB, 3.10 load
[runlim] sample:		1046.23 time, 1050.01 real, 4 MB, 3.15 load
[runlim] sample:		1056.20 time, 1060.01 real, 4 MB, 3.13 load
[runlim] sample:		1066.17 time, 1070.01 real, 4 MB, 3.19 load
[runlim] sample:		1076.14 time, 1080.01 real, 4 MB, 3.23 load
[runlim] sample:		1086.11 time, 1090.01 real, 4 MB, 3.20 load
[runlim] sample:		1096.07 time, 1100.01 real, 4 MB, 3.17 load
[runlim] sample:		1106.04 time, 1110.01 real, 4 MB, 3.14 load
[runlim] sample:		1116.01 time, 1120.01 real, 4 MB, 3.12 load
[runlim] sample:		1125.98 time, 1130.01 real, 4 MB, 3.10 load
[runlim] sample:		1135.94 time, 1140.01 real, 4 MB, 3.08 load
[runlim] sample:		1145.91 time, 1150.01 real, 4 MB, 3.07 load
[runlim] sample:		1155.88 time, 1160.01 real, 4 MB, 3.06 load
[runlim] sample:		1165.85 time, 1170.01 real, 4 MB, 3.05 load
[runlim] sample:		1175.81 time, 1180.01 real, 4 MB, 3.12 load
[runlim] sample:		1185.78 time, 1190.01 real, 4 MB, 3.10 load
[runlim] sample:		1195.75 time, 1200.01 real, 4 MB, 3.09 load
[runlim] sample:		1205.72 time, 1210.01 real, 4 MB, 3.07 load
[runlim] sample:		1215.68 time, 1220.01 real, 4 MB, 3.06 load
[runlim] sample:		1225.65 time, 1230.01 real, 4 MB, 3.05 load
[runlim] sample:		1235.62 time, 1240.01 real, 4 MB, 3.04 load
[runlim] sample:		1245.59 time, 1250.01 real, 4 MB, 3.04 load
[runlim] sample:		1255.55 time, 1260.01 real, 4 MB, 3.03 load
[runlim] sample:		1265.52 time, 1270.01 real, 4 MB, 3.02 load
[runlim] sample:		1275.49 time, 1280.01 real, 4 MB, 3.02 load
[runlim] sample:		1285.46 time, 1290.01 real, 4 MB, 3.02 load
[runlim] sample:		1295.42 time, 1300.01 real, 4 MB, 3.01 load
[runlim] sample:		1305.39 time, 1310.01 real, 4 MB, 3.01 load
[runlim] sample:		1315.36 time, 1320.01 real, 4 MB, 3.01 load
[runlim] sample:		1325.33 time, 1330.01 real, 4 MB, 3.01 load
[runlim] sample:		1335.29 time, 1340.01 real, 4 MB, 3.01 load
[runlim] sample:		1345.26 time, 1350.01 real, 4 MB, 3.00 load
[runlim] sample:		1355.23 time, 1360.01 real, 4 MB, 3.00 load
[runlim] sample:		1365.19 time, 1370.01 real, 4 MB, 3.00 load
[runlim] sample:		1375.16 time, 1380.01 real, 4 MB, 3.00 load
[runlim] sample:		1385.13 time, 1390.01 real, 4 MB, 3.00 load
[runlim] sample:		1395.10 time, 1400.01 real, 4 MB, 3.00 load
[runlim] sample:		1405.06 time, 1410.01 real, 4 MB, 3.00 load
[runlim] sample:		1415.03 time, 1420.01 real, 4 MB, 3.00 load
[runlim] sample:		1425.00 time, 1430.01 real, 4 MB, 3.00 load
[runlim] sample:		1434.97 time, 1440.01 real, 4 MB, 3.00 load
[runlim] sample:		1444.93 time, 1450.01 real, 4 MB, 3.00 load
[runlim] sample:		1454.90 time, 1460.01 real, 4 MB, 3.00 load
[runlim] sample:		1464.87 time, 1470.01 real, 4 MB, 3.00 load
[runlim] sample:		1474.84 time, 1480.01 real, 4 MB, 3.00 load
[runlim] sample:		1484.80 time, 1490.01 real, 4 MB, 3.00 load
[runlim] sample:		1494.77 time, 1500.01 real, 4 MB, 3.00 load
[runlim] sample:		1504.74 time, 1510.01 real, 4 MB, 3.00 load
[runlim] sample:		1514.71 time, 1520.01 real, 4 MB, 3.00 load
[runlim] sample:		1524.67 time, 1530.01 real, 4 MB, 3.00 load
[runlim] sample:		1534.64 time, 1540.01 real, 4 MB, 3.00 load
[runlim] sample:		1544.61 time, 1550.01 real, 4 MB, 3.00 load
[runlim] sample:		1554.57 time, 1560.01 real, 4 MB, 3.00 load
[runlim] sample:		1564.54 time, 1570.01 real, 4 MB, 3.00 load
[runlim] sample:		1574.51 time, 1580.01 real, 4 MB, 3.00 load
[runlim] sample:		1584.48 time, 1590.01 real, 4 MB, 3.00 load
[runlim] sample:		1594.44 time, 1600.01 real, 4 MB, 3.00 load
[runlim] sample:		1604.41 time, 1610.01 real, 4 MB, 3.00 load
[runlim] sample:		1614.38 time, 1620.01 real, 4 MB, 3.00 load
[runlim] sample:		1624.35 time, 1630.01 real, 4 MB, 3.00 load
[runlim] sample:		1634.31 time, 1640.01 real, 4 MB, 3.00 load
[runlim] sample:		1644.28 time, 1650.01 real, 4 MB, 3.00 load
[runlim] sample:		1654.25 time, 1660.01 real, 4 MB, 3.00 load
[runlim] sample:		1664.22 time, 1670.01 real, 4 MB, 3.00 load
[runlim] sample:		1674.18 time, 1680.01 real, 4 MB, 3.00 load
[runlim] sample:		1684.15 time, 1690.01 real, 4 MB, 3.00 load
[runlim] sample:		1694.11 time, 1700.01 real, 4 MB, 3.08 load
[runlim] sample:		1704.08 time, 1710.01 real, 4 MB, 3.07 load
[runlim] sample:		1714.05 time, 1720.01 real, 4 MB, 3.06 load
[runlim] sample:		1724.02 time, 1730.01 real, 4 MB, 3.05 load
[runlim] sample:		1733.98 time, 1740.01 real, 4 MB, 3.04 load
[runlim] sample:		1743.95 time, 1750.01 real, 4 MB, 3.03 load
[runlim] sample:		1753.92 time, 1760.01 real, 4 MB, 3.11 load
[runlim] sample:		1763.89 time, 1770.01 real, 4 MB, 3.09 load
[runlim] sample:		1773.85 time, 1780.01 real, 4 MB, 3.08 load
[runlim] sample:		1783.82 time, 1790.01 real, 4 MB, 3.06 load
[runlim] sample:		1793.79 time, 1800.01 real, 4 MB, 3.05 load
[runlim] sample:		1803.76 time, 1810.01 real, 4 MB, 3.05 load
[runlim] sample:		1813.73 time, 1820.01 real, 4 MB, 3.04 load
[runlim] sample:		1823.69 time, 1830.01 real, 4 MB, 3.03 load
[runlim] sample:		1833.66 time, 1840.01 real, 4 MB, 3.03 load
[runlim] sample:		1843.63 time, 1850.01 real, 4 MB, 3.02 load
[runlim] sample:		1853.60 time, 1860.01 real, 4 MB, 3.02 load
[runlim] sample:		1863.56 time, 1870.01 real, 4 MB, 3.02 load
[runlim] sample:		1873.53 time, 1880.01 real, 4 MB, 3.01 load
[runlim] sample:		1883.50 time, 1890.01 real, 4 MB, 3.01 load
[runlim] sample:		1893.47 time, 1900.01 real, 4 MB, 3.01 load
[runlim] sample:		1903.43 time, 1910.01 real, 4 MB, 3.01 load
[runlim] sample:		1913.40 time, 1920.01 real, 4 MB, 3.00 load
[runlim] sample:		1923.37 time, 1930.01 real, 4 MB, 3.00 load
[runlim] sample:		1933.34 time, 1940.01 real, 4 MB, 3.08 load
[runlim] sample:		1943.30 time, 1950.01 real, 4 MB, 3.14 load
[runlim] sample:		1953.27 time, 1960.01 real, 4 MB, 3.12 load
[runlim] sample:		1963.23 time, 1970.01 real, 4 MB, 3.10 load
[runlim] sample:		1973.20 time, 1980.01 real, 4 MB, 3.16 load
[runlim] sample:		1983.17 time, 1990.01 real, 4 MB, 3.14 load
[runlim] sample:		1993.14 time, 2000.01 real, 4 MB, 3.11 load
[runlim] sample:		2003.10 time, 2010.01 real, 4 MB, 3.10 load
[runlim] sample:		2013.07 time, 2020.01 real, 4 MB, 3.08 load
[runlim] sample:		2023.04 time, 2030.01 real, 4 MB, 3.07 load
[runlim] sample:		2033.00 time, 2040.01 real, 4 MB, 3.13 load
[runlim] sample:		2042.97 time, 2050.01 real, 4 MB, 3.11 load
[runlim] sample:		2052.94 time, 2060.01 real, 4 MB, 3.09 load
[runlim] sample:		2062.91 time, 2070.01 real, 4 MB, 3.08 load
[runlim] sample:		2072.87 time, 2080.01 real, 4 MB, 3.15 load
[runlim] sample:		2082.84 time, 2090.01 real, 4 MB, 3.12 load
[runlim] sample:		2092.81 time, 2100.01 real, 4 MB, 3.10 load
[runlim] sample:		2102.77 time, 2110.01 real, 4 MB, 3.09 load
[runlim] sample:		2112.74 time, 2120.01 real, 4 MB, 3.15 load
[runlim] sample:		2122.71 time, 2130.01 real, 4 MB, 3.13 load
[runlim] sample:		2132.68 time, 2140.01 real, 4 MB, 3.11 load
[runlim] sample:		2142.64 time, 2150.01 real, 4 MB, 3.09 load
[runlim] sample:		2152.61 time, 2160.01 real, 4 MB, 3.08 load
[runlim] sample:		2162.58 time, 2170.01 real, 4 MB, 3.06 load
[runlim] sample:		2172.55 time, 2180.01 real, 4 MB, 3.05 load
[runlim] sample:		2182.51 time, 2190.01 real, 4 MB, 3.05 load
[runlim] sample:		2192.48 time, 2200.01 real, 4 MB, 3.11 load
[runlim] sample:		2202.45 time, 2210.01 real, 4 MB, 3.09 load
[runlim] sample:		2212.42 time, 2220.01 real, 4 MB, 3.08 load
[runlim] sample:		2222.38 time, 2230.01 real, 4 MB, 3.07 load
[runlim] sample:		2232.35 time, 2240.01 real, 4 MB, 3.06 load
[runlim] sample:		2242.32 time, 2250.01 real, 4 MB, 3.05 load
[runlim] sample:		2252.29 time, 2260.01 real, 4 MB, 3.04 load
[runlim] sample:		2262.25 time, 2270.01 real, 4 MB, 3.03 load
[runlim] sample:		2272.22 time, 2280.01 real, 4 MB, 3.03 load
[runlim] sample:		2282.19 time, 2290.01 real, 4 MB, 3.10 load
[runlim] sample:		2292.15 time, 2300.01 real, 4 MB, 3.08 load
[runlim] sample:		2302.12 time, 2310.01 real, 4 MB, 3.07 load
[runlim] sample:		2312.09 time, 2320.01 real, 4 MB, 3.06 load
[runlim] sample:		2322.06 time, 2330.01 real, 4 MB, 3.05 load
[runlim] sample:		2332.02 time, 2340.01 real, 4 MB, 3.04 load
[runlim] sample:		2341.99 time, 2350.01 real, 4 MB, 3.11 load
[runlim] sample:		2351.96 time, 2360.01 real, 4 MB, 3.09 load
[runlim] sample:		2361.92 time, 2370.01 real, 4 MB, 3.08 load
[runlim] sample:		2371.89 time, 2380.01 real, 4 MB, 3.06 load
[runlim] sample:		2381.86 time, 2390.01 real, 4 MB, 3.05 load
[runlim] sample:		2391.83 time, 2400.01 real, 4 MB, 3.04 load
[runlim] sample:		2401.80 time, 2410.01 real, 4 MB, 3.11 load
[runlim] sample:		2411.76 time, 2420.01 real, 4 MB, 3.09 load
[runlim] sample:		2421.73 time, 2430.01 real, 4 MB, 3.08 load
[runlim] sample:		2431.70 time, 2440.01 real, 4 MB, 3.07 load
[runlim] sample:		2441.67 time, 2450.01 real, 4 MB, 3.06 load
[runlim] sample:		2451.64 time, 2460.01 real, 4 MB, 3.20 load
[runlim] sample:		2461.60 time, 2470.01 real, 4 MB, 3.24 load
[runlim] sample:		2471.57 time, 2480.01 real, 4 MB, 3.21 load
[runlim] sample:		2481.54 time, 2490.01 real, 4 MB, 3.17 load
[runlim] sample:		2491.51 time, 2500.01 real, 4 MB, 3.15 load
[runlim] sample:		2501.47 time, 2510.01 real, 4 MB, 3.12 load
[runlim] sample:		2511.44 time, 2520.01 real, 4 MB, 3.18 load
[runlim] sample:		2521.41 time, 2530.01 real, 4 MB, 3.15 load
[runlim] sample:		2531.37 time, 2540.01 real, 4 MB, 3.13 load
[runlim] sample:		2541.34 time, 2550.01 real, 4 MB, 3.11 load
[runlim] sample:		2551.31 time, 2560.01 real, 4 MB, 3.09 load
[runlim] sample:		2561.28 time, 2570.01 real, 4 MB, 3.08 load
[runlim] sample:		2571.24 time, 2580.01 real, 4 MB, 3.06 load
[runlim] sample:		2581.21 time, 2590.01 real, 4 MB, 3.05 load
[runlim] sample:		2591.18 time, 2600.01 real, 4 MB, 3.04 load
[runlim] sample:		2601.14 time, 2610.01 real, 4 MB, 3.04 load
[runlim] sample:		2611.11 time, 2620.01 real, 4 MB, 3.03 load
[runlim] sample:		2621.08 time, 2630.01 real, 4 MB, 3.03 load
[runlim] sample:		2631.05 time, 2640.01 real, 4 MB, 3.02 load
[runlim] sample:		2641.01 time, 2650.01 real, 4 MB, 3.02 load
[runlim] sample:		2650.98 time, 2660.01 real, 4 MB, 3.01 load
[runlim] sample:		2660.95 time, 2670.01 real, 4 MB, 3.01 load
[runlim] sample:		2670.92 time, 2680.01 real, 4 MB, 3.01 load
[runlim] sample:		2680.88 time, 2690.01 real, 4 MB, 3.01 load
[runlim] sample:		2690.85 time, 2700.01 real, 4 MB, 3.01 load
[runlim] sample:		2700.82 time, 2710.01 real, 4 MB, 3.00 load
[runlim] sample:		2710.79 time, 2720.01 real, 4 MB, 3.00 load
[runlim] sample:		2720.75 time, 2730.01 real, 4 MB, 3.08 load
[runlim] sample:		2730.72 time, 2740.01 real, 4 MB, 3.06 load
[runlim] sample:		2740.69 time, 2750.01 real, 4 MB, 3.05 load
[runlim] sample:		2750.65 time, 2760.01 real, 4 MB, 3.05 load
[runlim] sample:		2760.62 time, 2770.01 real, 4 MB, 3.04 load
[runlim] sample:		2770.59 time, 2780.01 real, 4 MB, 3.03 load
[runlim] sample:		2780.55 time, 2790.01 real, 4 MB, 3.03 load
[runlim] sample:		2790.52 time, 2800.01 real, 4 MB, 3.02 load
[runlim] sample:		2800.49 time, 2810.01 real, 4 MB, 3.02 load
[runlim] sample:		2810.45 time, 2820.01 real, 4 MB, 3.02 load
[runlim] sample:		2820.42 time, 2830.01 real, 4 MB, 3.01 load
[runlim] sample:		2830.39 time, 2840.01 real, 4 MB, 3.01 load
[runlim] sample:		2840.35 time, 2850.01 real, 4 MB, 3.01 load
[runlim] sample:		2850.32 time, 2860.01 real, 4 MB, 3.01 load
[runlim] sample:		2860.29 time, 2870.01 real, 4 MB, 3.00 load
[runlim] sample:		2870.26 time, 2880.01 real, 4 MB, 3.00 load
[runlim] sample:		2880.22 time, 2890.01 real, 4 MB, 3.00 load
[runlim] sample:		2890.19 time, 2900.01 real, 4 MB, 3.00 load
[runlim] sample:		2900.16 time, 2910.01 real, 4 MB, 3.00 load
[runlim] sample:		2910.13 time, 2920.01 real, 4 MB, 3.00 load
[runlim] sample:		2920.09 time, 2930.01 real, 4 MB, 3.00 load
[runlim] sample:		2930.06 time, 2940.01 real, 4 MB, 3.00 load
[runlim] sample:		2940.03 time, 2950.01 real, 4 MB, 3.00 load
[runlim] sample:		2949.99 time, 2960.01 real, 4 MB, 3.00 load
[runlim] sample:		2959.96 time, 2970.01 real, 4 MB, 3.00 load
[runlim] sample:		2969.93 time, 2980.01 real, 4 MB, 3.00 load
[runlim] sample:		2979.90 time, 2990.01 real, 4 MB, 3.00 load
[runlim] sample:		2989.86 time, 3000.01 real, 4 MB, 3.07 load
[runlim] sample:		2999.83 time, 3010.01 real, 4 MB, 3.06 load
[runlim] sample:		3009.80 time, 3020.01 real, 4 MB, 3.05 load
[runlim] sample:		3019.76 time, 3030.01 real, 4 MB, 3.04 load
[runlim] sample:		3029.73 time, 3040.01 real, 4 MB, 3.04 load
[runlim] sample:		3039.70 time, 3050.01 real, 4 MB, 3.03 load
[runlim] sample:		3049.67 time, 3060.01 real, 4 MB, 3.10 load
[runlim] sample:		3059.63 time, 3070.01 real, 4 MB, 3.08 load
[runlim] sample:		3069.60 time, 3080.01 real, 4 MB, 3.07 load
[runlim] sample:		3079.57 time, 3090.01 real, 4 MB, 3.13 load
[runlim] sample:		3089.54 time, 3100.01 real, 4 MB, 3.11 load
[runlim] sample:		3099.51 time, 3110.01 real, 4 MB, 3.09 load
[runlim] sample:		3109.47 time, 3120.01 real, 4 MB, 3.08 load
[runlim] sample:		3119.44 time, 3130.01 real, 4 MB, 3.07 load
[runlim] sample:		3129.41 time, 3140.01 real, 4 MB, 3.06 load
[runlim] sample:		3139.37 time, 3150.01 real, 4 MB, 3.05 load
[runlim] sample:		3149.34 time, 3160.01 real, 4 MB, 3.04 load
[runlim] sample:		3159.31 time, 3170.01 real, 4 MB, 3.03 load
[runlim] sample:		3169.28 time, 3180.01 real, 4 MB, 3.03 load
[runlim] sample:		3179.24 time, 3190.01 real, 4 MB, 3.02 load
[runlim] sample:		3189.21 time, 3200.01 real, 4 MB, 3.02 load
[runlim] sample:		3199.17 time, 3210.01 real, 4 MB, 3.02 load
[runlim] sample:		3209.14 time, 3220.01 real, 4 MB, 3.09 load
[runlim] sample:		3219.11 time, 3230.01 real, 4 MB, 3.07 load
[runlim] sample:		3229.08 time, 3240.01 real, 4 MB, 3.06 load
[runlim] sample:		3239.04 time, 3250.01 real, 4 MB, 3.05 load
[runlim] sample:		3249.01 time, 3260.01 real, 4 MB, 3.12 load
[runlim] sample:		3258.98 time, 3270.01 real, 4 MB, 3.10 load
[runlim] sample:		3268.94 time, 3280.01 real, 4 MB, 3.08 load
[runlim] sample:		3278.91 time, 3290.01 real, 4 MB, 3.07 load
[runlim] sample:		3288.88 time, 3300.01 real, 4 MB, 3.06 load
[runlim] sample:		3298.85 time, 3310.01 real, 4 MB, 3.05 load
[runlim] sample:		3308.81 time, 3320.01 real, 4 MB, 3.04 load
[runlim] sample:		3318.78 time, 3330.01 real, 4 MB, 3.03 load
[runlim] sample:		3328.75 time, 3340.01 real, 4 MB, 3.03 load
[runlim] sample:		3338.71 time, 3350.01 real, 4 MB, 3.02 load
[runlim] sample:		3348.68 time, 3360.01 real, 4 MB, 3.02 load
[runlim] sample:		3358.65 time, 3370.01 real, 4 MB, 3.02 load
[runlim] sample:		3368.62 time, 3380.01 real, 4 MB, 3.01 load
[runlim] sample:		3378.58 time, 3390.01 real, 4 MB, 3.01 load
[runlim] sample:		3388.55 time, 3400.01 real, 4 MB, 3.08 load
[runlim] sample:		3398.51 time, 3410.01 real, 4 MB, 3.07 load
[runlim] sample:		3408.48 time, 3420.01 real, 4 MB, 3.06 load
[runlim] sample:		3418.45 time, 3430.01 real, 4 MB, 3.05 load
[runlim] sample:		3428.42 time, 3440.01 real, 4 MB, 3.04 load
[runlim] sample:		3438.38 time, 3450.01 real, 4 MB, 3.03 load
[runlim] sample:		3448.35 time, 3460.01 real, 4 MB, 3.03 load
[runlim] sample:		3458.32 time, 3470.01 real, 4 MB, 3.02 load
[runlim] sample:		3468.28 time, 3480.01 real, 4 MB, 3.02 load
[runlim] sample:		3478.25 time, 3490.01 real, 4 MB, 3.02 load
[runlim] sample:		3488.22 time, 3500.01 real, 4 MB, 3.01 load
[runlim] sample:		3498.19 time, 3510.01 real, 4 MB, 3.01 load
[runlim] sample:		3508.15 time, 3520.01 real, 4 MB, 3.01 load
[runlim] sample:		3518.12 time, 3530.01 real, 4 MB, 3.09 load
[runlim] sample:		3528.09 time, 3540.01 real, 4 MB, 3.31 load
[runlim] sample:		3538.05 time, 3550.01 real, 4 MB, 3.41 load
[runlim] sample:		3548.02 time, 3560.01 real, 4 MB, 3.51 load
[runlim] sample:		3557.99 time, 3570.01 real, 4 MB, 3.73 load
[runlim] sample:		3567.95 time, 3580.01 real, 4 MB, 3.77 load
[runlim] sample:		3577.92 time, 3590.01 real, 4 MB, 3.88 load
[runlim] sample:		3587.89 time, 3600.01 real, 4 MB, 3.98 load
[runlim] sample:		3597.85 time, 3610.01 real, 4 MB, 3.98 load
[runlim] sample:		3607.82 time, 3620.01 real, 4 MB, 3.83 load
[runlim] sample:		3617.79 time, 3630.01 real, 4 MB, 3.70 load
[runlim] sample:		3627.76 time, 3640.01 real, 4 MB, 3.59 load
[runlim] sample:		3637.72 time, 3650.01 real, 4 MB, 3.50 load
[runlim] sample:		3647.69 time, 3660.01 real, 4 MB, 3.42 load
[runlim] sample:		3657.66 time, 3670.01 real, 4 MB, 3.36 load
[runlim] sample:		3667.62 time, 3680.01 real, 4 MB, 3.30 load
[runlim] sample:		3677.59 time, 3690.01 real, 4 MB, 3.26 load
[runlim] sample:		3687.56 time, 3700.01 real, 4 MB, 3.22 load
[runlim] sample:		3697.53 time, 3710.01 real, 4 MB, 3.26 load
[runlim] sample:		3707.49 time, 3720.01 real, 4 MB, 3.22 load
[runlim] sample:		3717.46 time, 3730.01 real, 4 MB, 3.26 load
[runlim] sample:		3727.43 time, 3740.01 real, 4 MB, 3.22 load
[runlim] sample:		3737.39 time, 3750.01 real, 4 MB, 3.26 load
[runlim] sample:		3747.36 time, 3760.01 real, 4 MB, 3.22 load
[runlim] sample:		3757.33 time, 3770.01 real, 4 MB, 3.18 load
[runlim] sample:		3767.29 time, 3780.01 real, 4 MB, 3.16 load
[runlim] sample:		3777.26 time, 3790.01 real, 4 MB, 3.13 load
[runlim] sample:		3787.23 time, 3800.01 real, 4 MB, 3.11 load
[runlim] sample:		3797.19 time, 3810.01 real, 4 MB, 3.09 load
[runlim] sample:		3807.16 time, 3820.01 real, 4 MB, 3.08 load
[runlim] sample:		3817.13 time, 3830.01 real, 4 MB, 3.07 load
[runlim] sample:		3827.10 time, 3840.01 real, 4 MB, 3.06 load
[runlim] sample:		3837.06 time, 3850.01 real, 4 MB, 3.05 load
[runlim] sample:		3847.03 time, 3860.01 real, 4 MB, 3.04 load
[runlim] sample:		3857.00 time, 3870.01 real, 4 MB, 3.03 load
[runlim] sample:		3866.96 time, 3880.01 real, 4 MB, 3.03 load
[runlim] sample:		3876.93 time, 3890.01 real, 4 MB, 3.02 load
[runlim] sample:		3886.90 time, 3900.01 real, 4 MB, 3.02 load
[runlim] sample:		3896.87 time, 3910.01 real, 4 MB, 3.02 load
[runlim] sample:		3906.83 time, 3920.01 real, 4 MB, 3.01 load
[runlim] sample:		3916.80 time, 3930.01 real, 4 MB, 3.01 load
[runlim] sample:		3926.77 time, 3940.01 real, 4 MB, 3.01 load
[runlim] sample:		3936.73 time, 3950.01 real, 4 MB, 3.01 load
[runlim] sample:		3946.70 time, 3960.01 real, 4 MB, 3.00 load
[runlim] sample:		3956.67 time, 3970.01 real, 4 MB, 3.08 load
[runlim] sample:		3966.64 time, 3980.01 real, 4 MB, 3.07 load
[runlim] sample:		3976.60 time, 3990.01 real, 4 MB, 3.06 load
[runlim] sample:		3986.57 time, 4000.01 real, 4 MB, 3.05 load
[runlim] sample:		3996.54 time, 4010.01 real, 4 MB, 3.04 load
[runlim] sample:		4006.50 time, 4020.01 real, 4 MB, 3.03 load
[runlim] sample:		4016.47 time, 4030.01 real, 4 MB, 3.03 load
[runlim] sample:		4026.44 time, 4040.01 real, 4 MB, 3.02 load
[runlim] sample:		4036.41 time, 4050.01 real, 4 MB, 3.02 load
[runlim] sample:		4046.37 time, 4060.01 real, 4 MB, 3.02 load
[runlim] sample:		4056.34 time, 4070.01 real, 4 MB, 3.01 load
[runlim] sample:		4066.31 time, 4080.01 real, 4 MB, 3.01 load
[runlim] sample:		4076.27 time, 4090.01 real, 4 MB, 3.01 load
[runlim] sample:		4086.24 time, 4100.01 real, 4 MB, 3.01 load
[runlim] sample:		4096.21 time, 4110.01 real, 4 MB, 3.00 load
[runlim] sample:		4106.17 time, 4120.01 real, 4 MB, 3.00 load
[runlim] sample:		4116.14 time, 4130.01 real, 4 MB, 3.00 load
[runlim] sample:		4126.11 time, 4140.01 real, 4 MB, 3.00 load
[runlim] sample:		4136.07 time, 4150.01 real, 4 MB, 3.00 load
[runlim] sample:		4146.04 time, 4160.01 real, 4 MB, 3.00 load
[runlim] sample:		4156.01 time, 4170.01 real, 4 MB, 3.00 load
[runlim] sample:		4165.98 time, 4180.01 real, 4 MB, 3.00 load
[runlim] sample:		4175.94 time, 4190.01 real, 4 MB, 3.07 load
[runlim] sample:		4185.91 time, 4200.01 real, 4 MB, 3.06 load
[runlim] sample:		4195.88 time, 4210.01 real, 4 MB, 3.05 load
[runlim] sample:		4205.84 time, 4220.01 real, 4 MB, 3.04 load
[runlim] sample:		4215.81 time, 4230.01 real, 4 MB, 3.04 load
[runlim] sample:		4225.78 time, 4240.01 real, 4 MB, 3.03 load
[runlim] sample:		4235.74 time, 4250.01 real, 4 MB, 3.02 load
[runlim] sample:		4245.71 time, 4260.01 real, 4 MB, 3.02 load
[runlim] sample:		4255.68 time, 4270.01 real, 4 MB, 3.02 load
[runlim] sample:		4265.65 time, 4280.01 real, 4 MB, 3.01 load
[runlim] sample:		4275.62 time, 4290.01 real, 4 MB, 3.01 load
[runlim] sample:		4285.58 time, 4300.01 real, 4 MB, 3.01 load
[runlim] sample:		4295.55 time, 4310.01 real, 4 MB, 3.01 load
[runlim] sample:		4305.52 time, 4320.01 real, 4 MB, 3.08 load
[runlim] sample:		4315.48 time, 4330.01 real, 4 MB, 3.07 load
[runlim] sample:		4325.45 time, 4340.01 real, 4 MB, 3.06 load
[runlim] sample:		4335.42 time, 4350.01 real, 4 MB, 3.05 load
[runlim] sample:		4345.39 time, 4360.01 real, 4 MB, 3.04 load
[runlim] sample:		4355.35 time, 4370.01 real, 4 MB, 3.03 load
[runlim] sample:		4365.32 time, 4380.01 real, 4 MB, 3.03 load
[runlim] sample:		4375.29 time, 4390.01 real, 4 MB, 3.02 load
[runlim] sample:		4385.25 time, 4400.01 real, 4 MB, 3.02 load
[runlim] sample:		4395.22 time, 4410.01 real, 4 MB, 3.02 load
[runlim] sample:		4405.19 time, 4420.01 real, 4 MB, 3.01 load
[runlim] sample:		4415.16 time, 4430.01 real, 4 MB, 3.01 load
[runlim] sample:		4425.12 time, 4440.01 real, 4 MB, 3.01 load
[runlim] sample:		4435.09 time, 4450.01 real, 4 MB, 3.01 load
[runlim] sample:		4445.06 time, 4460.01 real, 4 MB, 3.00 load
[runlim] sample:		4455.02 time, 4470.01 real, 4 MB, 3.00 load
[runlim] sample:		4464.99 time, 4480.01 real, 4 MB, 3.00 load
[runlim] sample:		4474.96 time, 4490.01 real, 4 MB, 3.00 load
[runlim] sample:		4484.93 time, 4500.01 real, 4 MB, 3.08 load
[runlim] sample:		4494.89 time, 4510.01 real, 4 MB, 3.06 load
[runlim] sample:		4504.86 time, 4520.01 real, 4 MB, 3.05 load
[runlim] end:			Sun Mar 15 01:43:35 2026
[runlim] status:		ok
[runlim] result:		0
[runlim] children:		1
[runlim] processes:		2
[runlim] real:			4527.65 seconds
[runlim] time:			4512.44 seconds
[runlim] space:			4 MB
[runlim] load:			7.24 maximum
[runlim] samples:		45276
