[runlim] version:		2.0.0rc1
[runlim] host:			p05n22
[runlim] time limit:		311040000 seconds
[runlim] real time limit:	5000 seconds
[runlim] space limit:		7000 MB
[runlim] argv[0]:		./binary
[runlim] argv[1]:		-c
[runlim] argv[2]:		-s
[runlim] argv[3]:		-f
[runlim] argv[4]:		/tmp/local-unzipped-12158367-3-173-BMS_k3_n100_m429_378.cnf
[runlim] start:			Sun Mar 15 00:07:10 2026
[runlim] child:			1613250
[runlim] sample:		9.95 time, 10.01 real, 3 MB, 4.33 load
[runlim] sample:		19.90 time, 20.01 real, 3 MB, 5.59 load
[runlim] sample:		29.85 time, 30.01 real, 4 MB, 6.34 load
[runlim] sample:		39.81 time, 40.01 real, 4 MB, 6.75 load
[runlim] sample:		49.76 time, 50.01 real, 4 MB, 7.17 load
[runlim] sample:		59.72 time, 60.01 real, 4 MB, 7.45 load
[runlim] sample:		69.68 time, 70.01 real, 4 MB, 7.69 load
[runlim] sample:		79.63 time, 80.01 real, 4 MB, 7.74 load
[runlim] sample:		89.59 time, 90.01 real, 4 MB, 7.78 load
[runlim] sample:		99.55 time, 100.01 real, 4 MB, 7.81 load
[runlim] sample:		109.51 time, 110.01 real, 4 MB, 7.84 load
[runlim] sample:		119.47 time, 120.01 real, 4 MB, 7.87 load
[runlim] sample:		129.43 time, 130.01 real, 4 MB, 7.89 load
[runlim] sample:		139.39 time, 140.01 real, 4 MB, 7.91 load
[runlim] sample:		149.35 time, 150.01 real, 4 MB, 7.92 load
[runlim] sample:		159.30 time, 160.01 real, 4 MB, 7.93 load
[runlim] sample:		169.26 time, 170.01 real, 4 MB, 8.34 load
[runlim] sample:		179.22 time, 180.01 real, 4 MB, 8.44 load
[runlim] sample:		189.18 time, 190.01 real, 4 MB, 8.60 load
[runlim] sample:		199.13 time, 200.01 real, 4 MB, 8.66 load
[runlim] sample:		209.09 time, 210.01 real, 4 MB, 8.71 load
[runlim] sample:		219.05 time, 220.01 real, 4 MB, 8.76 load
[runlim] sample:		229.01 time, 230.01 real, 4 MB, 8.80 load
[runlim] sample:		238.96 time, 240.01 real, 4 MB, 8.90 load
[runlim] sample:		248.92 time, 250.01 real, 4 MB, 8.92 load
[runlim] sample:		258.88 time, 260.01 real, 4 MB, 8.84 load
[runlim] sample:		268.84 time, 270.01 real, 4 MB, 8.56 load
[runlim] sample:		278.80 time, 280.01 real, 4 MB, 8.32 load
[runlim] sample:		288.76 time, 290.01 real, 4 MB, 8.12 load
[runlim] sample:		298.72 time, 300.01 real, 4 MB, 7.94 load
[runlim] sample:		308.68 time, 310.01 real, 4 MB, 7.80 load
[runlim] sample:		318.64 time, 320.01 real, 4 MB, 7.68 load
[runlim] sample:		328.60 time, 330.01 real, 4 MB, 7.57 load
[runlim] sample:		338.56 time, 340.01 real, 4 MB, 7.48 load
[runlim] sample:		348.51 time, 350.01 real, 4 MB, 7.41 load
[runlim] sample:		358.47 time, 360.01 real, 4 MB, 7.35 load
[runlim] sample:		368.44 time, 370.01 real, 4 MB, 7.29 load
[runlim] sample:		378.40 time, 380.01 real, 4 MB, 7.25 load
[runlim] sample:		388.36 time, 390.01 real, 4 MB, 7.21 load
[runlim] sample:		398.32 time, 400.01 real, 4 MB, 7.18 load
[runlim] sample:		408.28 time, 410.01 real, 4 MB, 7.15 load
[runlim] sample:		418.24 time, 420.01 real, 4 MB, 7.12 load
[runlim] sample:		428.20 time, 430.01 real, 4 MB, 7.10 load
[runlim] sample:		438.16 time, 440.01 real, 4 MB, 7.09 load
[runlim] sample:		448.12 time, 450.01 real, 4 MB, 7.07 load
[runlim] sample:		458.08 time, 460.01 real, 4 MB, 7.06 load
[runlim] sample:		468.05 time, 470.01 real, 4 MB, 6.90 load
[runlim] sample:		478.01 time, 480.01 real, 4 MB, 6.76 load
[runlim] sample:		487.98 time, 490.01 real, 4 MB, 6.64 load
[runlim] sample:		497.95 time, 500.01 real, 4 MB, 6.39 load
[runlim] sample:		507.92 time, 510.01 real, 4 MB, 6.18 load
[runlim] sample:		517.88 time, 520.01 real, 4 MB, 6.07 load
[runlim] sample:		527.85 time, 530.01 real, 4 MB, 5.90 load
[runlim] sample:		537.81 time, 540.01 real, 4 MB, 5.76 load
[runlim] sample:		547.78 time, 550.01 real, 4 MB, 5.64 load
[runlim] sample:		557.74 time, 560.01 real, 4 MB, 5.55 load
[runlim] sample:		567.71 time, 570.01 real, 4 MB, 5.46 load
[runlim] sample:		577.67 time, 580.01 real, 4 MB, 5.39 load
[runlim] sample:		587.64 time, 590.01 real, 4 MB, 5.33 load
[runlim] end:			Sun Mar 15 00:17:05 2026
[runlim] status:		ok
[runlim] result:		0
[runlim] children:		1
[runlim] processes:		2
[runlim] real:			594.84 seconds
[runlim] time:			592.42 seconds
[runlim] space:			4 MB
[runlim] load:			9.00 maximum
[runlim] samples:		5948
