[runlim] version:		2.0.0rc1
[runlim] host:			m05n09
[runlim] time limit:		311040000 seconds
[runlim] real time limit:	5000 seconds
[runlim] space limit:		7000 MB
[runlim] argv[0]:		./binary
[runlim] argv[1]:		-c
[runlim] argv[2]:		-s
[runlim] argv[3]:		-r
[runlim] argv[4]:		/tmp/local-unzipped-12273061-7-442-BMS_k3_n100_m429_205.cnf
[runlim] start:			Wed Mar 25 00:47:31 2026
[runlim] child:			1187843
[runlim] end:			Wed Mar 25 00:47:36 2026
[runlim] status:		ok
[runlim] result:		0
[runlim] children:		1
[runlim] processes:		2
[runlim] real:			4.65 seconds
[runlim] time:			4.58 seconds
[runlim] space:			4 MB
[runlim] load:			3.86 maximum
[runlim] samples:		46
