[runlim] version:		2.0.0rc1
[runlim] host:			o01n15
[runlim] time limit:		311040000 seconds
[runlim] real time limit:	5000 seconds
[runlim] space limit:		7000 MB
[runlim] argv[0]:		./binary
[runlim] argv[1]:		-c
[runlim] argv[2]:		-s
[runlim] argv[3]:		-r
[runlim] argv[4]:		/tmp/local-unzipped-12273061-1-21-BMS_k3_n100_m429_51.cnf
[runlim] start:			Wed Mar 25 00:39:42 2026
[runlim] child:			1413279
[runlim] sample:		9.97 time, 10.01 real, 4 MB, 1.42 load
[runlim] end:			Wed Mar 25 00:39:52 2026
[runlim] status:		ok
[runlim] result:		0
[runlim] children:		1
[runlim] processes:		2
[runlim] real:			10.30 seconds
[runlim] time:			10.17 seconds
[runlim] space:			4 MB
[runlim] load:			1.42 maximum
[runlim] samples:		102
