[runlim] version:		2.0.0rc1
[runlim] host:			m05n09
[runlim] time limit:		311040000 seconds
[runlim] real time limit:	5000 seconds
[runlim] space limit:		7000 MB
[runlim] argv[0]:		./binary
[runlim] argv[1]:		-c
[runlim] argv[2]:		-s
[runlim] argv[3]:		-r
[runlim] argv[4]:		/tmp/local-unzipped-12273061-4-254-BMS_k3_n100_m429_417.cnf
[runlim] start:			Wed Mar 25 00:42:47 2026
[runlim] child:			1180010
[runlim] end:			Wed Mar 25 00:42:47 2026
[runlim] status:		ok
[runlim] result:		0
[runlim] children:		0
[runlim] processes:		0
[runlim] real:			0.05 seconds
[runlim] time:			0.00 seconds
[runlim] space:			0 MB
[runlim] load:			0.00 maximum
[runlim] samples:		0
