[runlim] version:		2.0.0rc1
[runlim] host:			m05n09
[runlim] time limit:		311040000 seconds
[runlim] real time limit:	5000 seconds
[runlim] space limit:		7000 MB
[runlim] argv[0]:		./binary
[runlim] argv[1]:		-c
[runlim] argv[2]:		-s
[runlim] argv[3]:		-r
[runlim] argv[4]:		/tmp/local-unzipped-12181370-2-70-BMS_k3_n100_m429_213.cnf
[runlim] start:			Mon Mar 16 17:59:29 2026
[runlim] child:			2132554
[runlim] sample:		9.97 time, 10.01 real, 3 MB, 1.70 load
[runlim] sample:		19.93 time, 20.01 real, 3 MB, 2.37 load
[runlim] sample:		29.89 time, 30.01 real, 4 MB, 3.16 load
[runlim] sample:		39.83 time, 40.01 real, 4 MB, 3.75 load
[runlim] sample:		49.78 time, 50.01 real, 4 MB, 4.63 load
[runlim] sample:		59.72 time, 60.01 real, 4 MB, 5.31 load
[runlim] sample:		69.67 time, 70.01 real, 4 MB, 6.18 load
[runlim] sample:		79.62 time, 80.01 real, 4 MB, 6.85 load
[runlim] sample:		89.57 time, 90.01 real, 4 MB, 7.17 load
[runlim] sample:		99.52 time, 100.01 real, 4 MB, 7.38 load
[runlim] sample:		109.47 time, 110.01 real, 4 MB, 7.47 load
[runlim] end:			Mon Mar 16 18:01:22 2026
[runlim] status:		ok
[runlim] result:		0
[runlim] children:		1
[runlim] processes:		2
[runlim] real:			112.42 seconds
[runlim] time:			111.86 seconds
[runlim] space:			4 MB
[runlim] load:			7.60 maximum
[runlim] samples:		1124
