[runlim] version:		2.0.0rc1
[runlim] host:			p06n09
[runlim] time limit:		311040000 seconds
[runlim] real time limit:	5000 seconds
[runlim] space limit:		7000 MB
[runlim] argv[0]:		./binary
[runlim] argv[1]:		-c
[runlim] argv[2]:		-s
[runlim] argv[3]:		-r
[runlim] argv[4]:		/tmp/local-unzipped-12181370-4-227-BMS_k3_n100_m429_9.cnf
[runlim] start:			Mon Mar 16 17:59:59 2026
[runlim] child:			3176734
[runlim] end:			Mon Mar 16 18:00:04 2026
[runlim] status:		ok
[runlim] result:		0
[runlim] children:		1
[runlim] processes:		2
[runlim] real:			5.29 seconds
[runlim] time:			5.18 seconds
[runlim] space:			3 MB
[runlim] load:			1.33 maximum
[runlim] samples:		52
