[runlim] version:		2.0.0rc1
[runlim] host:			p09n02
[runlim] time limit:		311040000 seconds
[runlim] real time limit:	5000 seconds
[runlim] space limit:		7000 MB
[runlim] argv[0]:		./binary
[runlim] argv[1]:		-c
[runlim] argv[2]:		-s
[runlim] argv[3]:		-r
[runlim] argv[4]:		/tmp/local-unzipped-12181370-1-20-BMS_k3_n100_m429_175.cnf
[runlim] start:			Mon Mar 16 17:57:15 2026
[runlim] child:			2800964
[runlim] end:			Mon Mar 16 17:57:16 2026
[runlim] status:		ok
[runlim] result:		0
[runlim] children:		1
[runlim] processes:		2
[runlim] real:			1.10 seconds
[runlim] time:			1.00 seconds
[runlim] space:			3 MB
[runlim] load:			1.16 maximum
[runlim] samples:		10
