[runlim] version:		2.0.0rc1
[runlim] host:			p05n22
[runlim] time limit:		311040000 seconds
[runlim] real time limit:	5000 seconds
[runlim] space limit:		7000 MB
[runlim] argv[0]:		./binary
[runlim] argv[1]:		-c
[runlim] argv[2]:		-s
[runlim] argv[3]:		-r
[runlim] argv[4]:		/tmp/local-unzipped-12236055-6-360-BMS_k3_n100_m429_303.cnf
[runlim] start:			Fri Mar 20 18:28:46 2026
[runlim] child:			315625
[runlim] sample:		9.96 time, 10.01 real, 3 MB, 2.06 load
[runlim] sample:		19.91 time, 20.01 real, 3 MB, 2.75 load
[runlim] sample:		29.86 time, 30.01 real, 3 MB, 3.40 load
[runlim] sample:		39.81 time, 40.01 real, 3 MB, 3.80 load
[runlim] sample:		49.76 time, 50.01 real, 3 MB, 4.06 load
[runlim] sample:		59.71 time, 60.01 real, 3 MB, 3.97 load
[runlim] sample:		69.68 time, 70.01 real, 3 MB, 3.82 load
[runlim] sample:		79.64 time, 80.01 real, 3 MB, 3.69 load
[runlim] sample:		89.61 time, 90.01 real, 3 MB, 3.59 load
[runlim] sample:		99.57 time, 100.01 real, 3 MB, 3.50 load
[runlim] sample:		109.54 time, 110.01 real, 3 MB, 3.42 load
[runlim] sample:		119.51 time, 120.01 real, 3 MB, 3.35 load
[runlim] sample:		129.47 time, 130.01 real, 3 MB, 3.30 load
[runlim] sample:		139.44 time, 140.01 real, 3 MB, 3.33 load
[runlim] sample:		149.41 time, 150.01 real, 3 MB, 3.28 load
[runlim] sample:		159.37 time, 160.01 real, 3 MB, 3.24 load
[runlim] sample:		169.34 time, 170.01 real, 3 MB, 3.20 load
[runlim] sample:		179.31 time, 180.01 real, 3 MB, 3.24 load
[runlim] sample:		189.27 time, 190.01 real, 3 MB, 3.21 load
[runlim] sample:		199.24 time, 200.01 real, 3 MB, 3.17 load
[runlim] sample:		209.20 time, 210.01 real, 3 MB, 2.99 load
[runlim] sample:		219.16 time, 220.01 real, 3 MB, 2.84 load
[runlim] sample:		229.12 time, 230.01 real, 3 MB, 2.78 load
[runlim] sample:		239.07 time, 240.01 real, 3 MB, 2.66 load
[runlim] sample:		249.03 time, 250.01 real, 3 MB, 2.64 load
[runlim] sample:		258.99 time, 260.01 real, 3 MB, 2.54 load
[runlim] sample:		268.95 time, 270.01 real, 3 MB, 2.46 load
[runlim] sample:		278.91 time, 280.01 real, 3 MB, 2.39 load
[runlim] sample:		288.87 time, 290.01 real, 3 MB, 2.33 load
[runlim] sample:		298.83 time, 300.01 real, 3 MB, 2.28 load
[runlim] sample:		308.78 time, 310.01 real, 3 MB, 2.23 load
[runlim] sample:		318.74 time, 320.01 real, 3 MB, 2.27 load
[runlim] sample:		328.70 time, 330.01 real, 3 MB, 2.23 load
[runlim] sample:		338.66 time, 340.01 real, 3 MB, 2.19 load
[runlim] sample:		348.62 time, 350.01 real, 3 MB, 2.16 load
[runlim] sample:		358.58 time, 360.01 real, 3 MB, 2.14 load
[runlim] sample:		368.54 time, 370.01 real, 3 MB, 2.12 load
[runlim] sample:		378.49 time, 380.01 real, 3 MB, 2.10 load
[runlim] sample:		388.45 time, 390.01 real, 3 MB, 2.08 load
[runlim] sample:		398.41 time, 400.01 real, 3 MB, 2.07 load
[runlim] sample:		408.37 time, 410.01 real, 3 MB, 2.13 load
[runlim] sample:		418.33 time, 420.01 real, 3 MB, 2.11 load
[runlim] sample:		428.29 time, 430.01 real, 3 MB, 2.09 load
[runlim] sample:		438.25 time, 440.01 real, 3 MB, 2.08 load
[runlim] sample:		448.21 time, 450.01 real, 3 MB, 2.07 load
[runlim] sample:		458.17 time, 460.01 real, 3 MB, 2.06 load
[runlim] sample:		468.13 time, 470.01 real, 3 MB, 2.05 load
[runlim] sample:		478.09 time, 480.01 real, 3 MB, 2.04 load
[runlim] sample:		488.04 time, 490.01 real, 3 MB, 2.11 load
[runlim] sample:		498.00 time, 500.01 real, 3 MB, 2.09 load
[runlim] sample:		507.96 time, 510.01 real, 3 MB, 2.08 load
[runlim] sample:		517.93 time, 520.01 real, 3 MB, 1.91 load
[runlim] sample:		527.90 time, 530.01 real, 3 MB, 1.77 load
[runlim] sample:		537.88 time, 540.01 real, 3 MB, 1.65 load
[runlim] sample:		547.84 time, 550.01 real, 3 MB, 1.55 load
[runlim] sample:		557.81 time, 560.01 real, 3 MB, 1.46 load
[runlim] sample:		567.78 time, 570.01 real, 3 MB, 1.39 load
[runlim] sample:		577.76 time, 580.01 real, 3 MB, 1.33 load
[runlim] sample:		587.73 time, 590.01 real, 3 MB, 1.35 load
[runlim] sample:		597.70 time, 600.01 real, 3 MB, 1.30 load
[runlim] sample:		607.67 time, 610.01 real, 3 MB, 1.33 load
[runlim] sample:		617.63 time, 620.01 real, 3 MB, 1.28 load
[runlim] sample:		627.60 time, 630.01 real, 3 MB, 1.23 load
[runlim] sample:		637.57 time, 640.01 real, 3 MB, 1.20 load
[runlim] sample:		647.54 time, 650.01 real, 3 MB, 1.17 load
[runlim] sample:		657.51 time, 660.01 real, 3 MB, 1.14 load
[runlim] sample:		667.48 time, 670.01 real, 3 MB, 1.12 load
[runlim] sample:		677.45 time, 680.01 real, 3 MB, 1.17 load
[runlim] sample:		687.41 time, 690.01 real, 3 MB, 1.15 load
[runlim] sample:		697.39 time, 700.01 real, 3 MB, 1.12 load
[runlim] sample:		707.36 time, 710.01 real, 3 MB, 1.10 load
[runlim] sample:		717.33 time, 720.01 real, 3 MB, 1.09 load
[runlim] sample:		727.30 time, 730.01 real, 3 MB, 1.07 load
[runlim] sample:		737.27 time, 740.01 real, 3 MB, 1.14 load
[runlim] sample:		747.24 time, 750.01 real, 3 MB, 1.11 load
[runlim] sample:		757.21 time, 760.01 real, 3 MB, 1.10 load
[runlim] sample:		767.18 time, 770.01 real, 3 MB, 1.08 load
[runlim] sample:		777.15 time, 780.01 real, 3 MB, 1.07 load
[runlim] sample:		787.12 time, 790.01 real, 3 MB, 1.06 load
[runlim] sample:		797.08 time, 800.01 real, 3 MB, 1.12 load
[runlim] sample:		807.05 time, 810.01 real, 3 MB, 1.10 load
[runlim] sample:		817.03 time, 820.01 real, 3 MB, 1.09 load
[runlim] sample:		827.00 time, 830.01 real, 3 MB, 1.07 load
[runlim] sample:		836.97 time, 840.01 real, 3 MB, 1.06 load
[runlim] sample:		846.94 time, 850.01 real, 3 MB, 1.05 load
[runlim] sample:		856.91 time, 860.01 real, 3 MB, 1.34 load
[runlim] sample:		866.88 time, 870.01 real, 3 MB, 1.29 load
[runlim] sample:		876.85 time, 880.01 real, 3 MB, 1.31 load
[runlim] sample:		886.82 time, 890.01 real, 3 MB, 1.27 load
[runlim] sample:		896.79 time, 900.01 real, 3 MB, 1.22 load
[runlim] sample:		906.76 time, 910.01 real, 3 MB, 1.19 load
[runlim] sample:		916.73 time, 920.01 real, 3 MB, 1.24 load
[runlim] sample:		926.70 time, 930.01 real, 3 MB, 1.20 load
[runlim] sample:		936.67 time, 940.01 real, 3 MB, 1.25 load
[runlim] sample:		946.64 time, 950.01 real, 3 MB, 1.21 load
[runlim] sample:		956.61 time, 960.01 real, 3 MB, 1.18 load
[runlim] sample:		966.58 time, 970.01 real, 3 MB, 1.15 load
[runlim] sample:		976.55 time, 980.01 real, 3 MB, 1.13 load
[runlim] sample:		986.52 time, 990.01 real, 3 MB, 1.11 load
[runlim] sample:		996.49 time, 1000.01 real, 3 MB, 1.17 load
[runlim] sample:		1006.46 time, 1010.01 real, 3 MB, 1.14 load
[runlim] sample:		1016.42 time, 1020.01 real, 3 MB, 1.12 load
[runlim] sample:		1026.39 time, 1030.01 real, 3 MB, 1.10 load
[runlim] sample:		1036.36 time, 1040.01 real, 3 MB, 1.09 load
[runlim] sample:		1046.33 time, 1050.01 real, 3 MB, 1.07 load
[runlim] sample:		1056.30 time, 1060.01 real, 3 MB, 1.06 load
[runlim] sample:		1066.27 time, 1070.01 real, 3 MB, 1.05 load
[runlim] sample:		1076.25 time, 1080.01 real, 3 MB, 1.04 load
[runlim] sample:		1086.21 time, 1090.01 real, 3 MB, 1.04 load
[runlim] sample:		1096.18 time, 1100.01 real, 3 MB, 1.03 load
[runlim] sample:		1106.15 time, 1110.01 real, 3 MB, 1.02 load
[runlim] sample:		1116.12 time, 1120.01 real, 3 MB, 1.02 load
[runlim] sample:		1126.10 time, 1130.01 real, 3 MB, 1.02 load
[runlim] sample:		1136.07 time, 1140.01 real, 3 MB, 1.01 load
[runlim] sample:		1146.03 time, 1150.01 real, 3 MB, 1.01 load
[runlim] sample:		1156.00 time, 1160.01 real, 3 MB, 1.23 load
[runlim] sample:		1165.98 time, 1170.01 real, 3 MB, 1.19 load
[runlim] sample:		1175.95 time, 1180.01 real, 3 MB, 1.16 load
[runlim] sample:		1185.92 time, 1190.01 real, 3 MB, 1.14 load
[runlim] sample:		1195.89 time, 1200.01 real, 3 MB, 1.12 load
[runlim] sample:		1205.86 time, 1210.01 real, 3 MB, 1.10 load
[runlim] sample:		1215.83 time, 1220.01 real, 3 MB, 1.08 load
[runlim] sample:		1225.80 time, 1230.01 real, 3 MB, 1.07 load
[runlim] sample:		1235.77 time, 1240.01 real, 3 MB, 1.06 load
[runlim] sample:		1245.74 time, 1250.01 real, 3 MB, 1.05 load
[runlim] sample:		1255.71 time, 1260.01 real, 3 MB, 1.04 load
[runlim] sample:		1265.68 time, 1270.01 real, 3 MB, 1.03 load
[runlim] sample:		1275.65 time, 1280.01 real, 3 MB, 1.03 load
[runlim] sample:		1285.62 time, 1290.01 real, 3 MB, 1.02 load
[runlim] sample:		1295.59 time, 1300.01 real, 3 MB, 1.02 load
[runlim] sample:		1305.56 time, 1310.01 real, 3 MB, 1.02 load
[runlim] sample:		1315.53 time, 1320.01 real, 3 MB, 1.01 load
[runlim] sample:		1325.50 time, 1330.01 real, 3 MB, 1.01 load
[runlim] sample:		1335.47 time, 1340.01 real, 3 MB, 1.08 load
[runlim] sample:		1345.44 time, 1350.01 real, 3 MB, 1.07 load
[runlim] sample:		1355.41 time, 1360.01 real, 3 MB, 1.06 load
[runlim] sample:		1365.38 time, 1370.01 real, 3 MB, 1.20 load
[runlim] sample:		1375.35 time, 1380.01 real, 3 MB, 1.17 load
[runlim] sample:		1385.32 time, 1390.01 real, 3 MB, 1.14 load
[runlim] sample:		1395.29 time, 1400.01 real, 3 MB, 1.12 load
[runlim] sample:		1405.26 time, 1410.01 real, 3 MB, 1.10 load
[runlim] sample:		1415.23 time, 1420.01 real, 3 MB, 1.09 load
[runlim] sample:		1425.20 time, 1430.01 real, 3 MB, 1.07 load
[runlim] sample:		1435.17 time, 1440.01 real, 3 MB, 1.06 load
[runlim] sample:		1445.14 time, 1450.01 real, 3 MB, 1.05 load
[runlim] sample:		1455.11 time, 1460.01 real, 3 MB, 1.04 load
[runlim] sample:		1465.07 time, 1470.01 real, 3 MB, 1.04 load
[runlim] sample:		1475.04 time, 1480.01 real, 3 MB, 1.03 load
[runlim] sample:		1485.01 time, 1490.01 real, 3 MB, 1.02 load
[runlim] sample:		1494.98 time, 1500.01 real, 3 MB, 1.02 load
[runlim] sample:		1504.95 time, 1510.01 real, 3 MB, 1.02 load
[runlim] sample:		1514.92 time, 1520.01 real, 3 MB, 1.01 load
[runlim] sample:		1524.89 time, 1530.01 real, 3 MB, 1.01 load
[runlim] sample:		1534.85 time, 1540.01 real, 3 MB, 1.09 load
[runlim] sample:		1544.82 time, 1550.01 real, 3 MB, 1.08 load
[runlim] sample:		1554.80 time, 1560.01 real, 3 MB, 1.06 load
[runlim] sample:		1564.77 time, 1570.01 real, 3 MB, 1.05 load
[runlim] sample:		1574.73 time, 1580.01 real, 3 MB, 1.04 load
[runlim] sample:		1584.70 time, 1590.01 real, 3 MB, 1.04 load
[runlim] sample:		1594.67 time, 1600.01 real, 3 MB, 1.11 load
[runlim] sample:		1604.64 time, 1610.01 real, 3 MB, 1.09 load
[runlim] sample:		1614.61 time, 1620.01 real, 3 MB, 1.08 load
[runlim] sample:		1624.58 time, 1630.01 real, 3 MB, 1.07 load
[runlim] sample:		1634.55 time, 1640.01 real, 3 MB, 1.06 load
[runlim] sample:		1644.52 time, 1650.01 real, 3 MB, 1.05 load
[runlim] sample:		1654.49 time, 1660.01 real, 3 MB, 1.04 load
[runlim] sample:		1664.46 time, 1670.01 real, 3 MB, 1.03 load
[runlim] sample:		1674.43 time, 1680.01 real, 3 MB, 1.03 load
[runlim] sample:		1684.40 time, 1690.01 real, 3 MB, 1.02 load
[runlim] sample:		1694.37 time, 1700.01 real, 3 MB, 1.02 load
[runlim] sample:		1704.34 time, 1710.01 real, 3 MB, 1.02 load
[runlim] sample:		1714.31 time, 1720.01 real, 3 MB, 1.01 load
[runlim] sample:		1724.27 time, 1730.01 real, 3 MB, 1.01 load
[runlim] sample:		1734.24 time, 1740.01 real, 3 MB, 1.01 load
[runlim] sample:		1744.21 time, 1750.01 real, 3 MB, 1.01 load
[runlim] sample:		1754.18 time, 1760.01 real, 3 MB, 1.00 load
[runlim] sample:		1764.15 time, 1770.01 real, 3 MB, 1.00 load
[runlim] sample:		1774.12 time, 1780.01 real, 3 MB, 1.00 load
[runlim] sample:		1784.09 time, 1790.01 real, 3 MB, 1.00 load
[runlim] sample:		1794.06 time, 1800.01 real, 3 MB, 1.00 load
[runlim] sample:		1804.03 time, 1810.01 real, 3 MB, 1.00 load
[runlim] sample:		1814.00 time, 1820.01 real, 3 MB, 1.00 load
[runlim] sample:		1823.97 time, 1830.01 real, 3 MB, 1.07 load
[runlim] sample:		1833.94 time, 1840.01 real, 3 MB, 1.06 load
[runlim] sample:		1843.91 time, 1850.01 real, 3 MB, 1.13 load
[runlim] sample:		1853.88 time, 1860.01 real, 3 MB, 1.11 load
[runlim] sample:		1863.85 time, 1870.01 real, 3 MB, 1.09 load
[runlim] sample:		1873.82 time, 1880.01 real, 3 MB, 1.15 load
[runlim] sample:		1883.79 time, 1890.01 real, 3 MB, 1.13 load
[runlim] sample:		1893.76 time, 1900.01 real, 3 MB, 1.11 load
[runlim] sample:		1903.73 time, 1910.01 real, 3 MB, 1.09 load
[runlim] sample:		1913.69 time, 1920.01 real, 3 MB, 1.08 load
[runlim] sample:		1923.67 time, 1930.01 real, 3 MB, 1.06 load
[runlim] sample:		1933.63 time, 1940.01 real, 3 MB, 1.05 load
[runlim] sample:		1943.60 time, 1950.01 real, 3 MB, 1.04 load
[runlim] sample:		1953.57 time, 1960.01 real, 3 MB, 1.04 load
[runlim] sample:		1963.54 time, 1970.01 real, 3 MB, 1.03 load
[runlim] sample:		1973.51 time, 1980.01 real, 3 MB, 1.03 load
[runlim] sample:		1983.48 time, 1990.01 real, 3 MB, 1.02 load
[runlim] sample:		1993.45 time, 2000.01 real, 3 MB, 1.10 load
[runlim] sample:		2003.42 time, 2010.01 real, 3 MB, 1.08 load
[runlim] sample:		2013.39 time, 2020.01 real, 3 MB, 1.07 load
[runlim] sample:		2023.36 time, 2030.01 real, 3 MB, 1.13 load
[runlim] sample:		2033.33 time, 2040.01 real, 3 MB, 1.11 load
[runlim] sample:		2043.30 time, 2050.01 real, 3 MB, 1.09 load
[runlim] sample:		2053.27 time, 2060.01 real, 3 MB, 1.08 load
[runlim] sample:		2063.24 time, 2070.01 real, 3 MB, 1.07 load
[runlim] sample:		2073.20 time, 2080.01 real, 3 MB, 1.13 load
[runlim] sample:		2083.17 time, 2090.01 real, 3 MB, 1.11 load
[runlim] sample:		2093.14 time, 2100.01 real, 3 MB, 1.09 load
[runlim] sample:		2103.11 time, 2110.01 real, 3 MB, 1.08 load
[runlim] sample:		2113.08 time, 2120.01 real, 3 MB, 1.07 load
[runlim] sample:		2123.06 time, 2130.01 real, 3 MB, 1.06 load
[runlim] sample:		2133.02 time, 2140.01 real, 3 MB, 1.05 load
[runlim] sample:		2142.99 time, 2150.01 real, 3 MB, 1.04 load
[runlim] sample:		2152.97 time, 2160.01 real, 3 MB, 1.03 load
[runlim] sample:		2162.94 time, 2170.01 real, 3 MB, 1.18 load
[runlim] sample:		2172.91 time, 2180.01 real, 3 MB, 1.31 load
[runlim] sample:		2182.88 time, 2190.01 real, 3 MB, 1.41 load
[runlim] sample:		2192.85 time, 2200.01 real, 3 MB, 1.51 load
[runlim] sample:		2202.82 time, 2210.01 real, 3 MB, 1.58 load
[runlim] sample:		2212.79 time, 2220.01 real, 3 MB, 1.65 load
[runlim] sample:		2222.76 time, 2230.01 real, 3 MB, 1.78 load
[runlim] sample:		2232.73 time, 2240.01 real, 3 MB, 1.82 load
[runlim] sample:		2242.70 time, 2250.01 real, 3 MB, 2.00 load
[runlim] sample:		2252.67 time, 2260.01 real, 3 MB, 1.92 load
[runlim] sample:		2262.64 time, 2270.01 real, 3 MB, 1.78 load
[runlim] sample:		2272.61 time, 2280.01 real, 3 MB, 1.66 load
[runlim] sample:		2282.58 time, 2290.01 real, 3 MB, 1.56 load
[runlim] sample:		2292.55 time, 2300.01 real, 3 MB, 1.47 load
[runlim] sample:		2302.52 time, 2310.01 real, 3 MB, 1.40 load
[runlim] sample:		2312.49 time, 2320.01 real, 3 MB, 1.34 load
[runlim] sample:		2322.46 time, 2330.01 real, 3 MB, 1.28 load
[runlim] sample:		2332.43 time, 2340.01 real, 3 MB, 1.24 load
[runlim] sample:		2342.40 time, 2350.01 real, 3 MB, 1.20 load
[runlim] sample:		2352.37 time, 2360.01 real, 3 MB, 1.17 load
[runlim] sample:		2362.34 time, 2370.01 real, 3 MB, 1.14 load
[runlim] sample:		2372.31 time, 2380.01 real, 3 MB, 1.12 load
[runlim] sample:		2382.28 time, 2390.01 real, 3 MB, 1.10 load
[runlim] sample:		2392.25 time, 2400.01 real, 3 MB, 1.09 load
[runlim] sample:		2402.22 time, 2410.01 real, 3 MB, 1.07 load
[runlim] sample:		2412.19 time, 2420.01 real, 3 MB, 1.06 load
[runlim] sample:		2422.16 time, 2430.01 real, 3 MB, 1.05 load
[runlim] sample:		2432.13 time, 2440.01 real, 3 MB, 1.04 load
[runlim] sample:		2442.10 time, 2450.01 real, 3 MB, 1.04 load
[runlim] sample:		2452.07 time, 2460.01 real, 3 MB, 1.03 load
[runlim] sample:		2462.04 time, 2470.01 real, 3 MB, 1.02 load
[runlim] sample:		2472.00 time, 2480.01 real, 3 MB, 1.09 load
[runlim] sample:		2481.97 time, 2490.01 real, 3 MB, 1.08 load
[runlim] sample:		2491.94 time, 2500.01 real, 3 MB, 1.07 load
[runlim] sample:		2501.91 time, 2510.01 real, 3 MB, 1.06 load
[runlim] sample:		2511.88 time, 2520.01 real, 3 MB, 1.05 load
[runlim] sample:		2521.85 time, 2530.01 real, 3 MB, 1.04 load
[runlim] sample:		2531.82 time, 2540.01 real, 3 MB, 1.03 load
[runlim] sample:		2541.79 time, 2550.01 real, 3 MB, 1.03 load
[runlim] sample:		2551.76 time, 2560.01 real, 3 MB, 1.02 load
[runlim] sample:		2561.73 time, 2570.01 real, 3 MB, 1.02 load
[runlim] sample:		2571.70 time, 2580.01 real, 3 MB, 1.02 load
[runlim] sample:		2581.67 time, 2590.01 real, 3 MB, 1.01 load
[runlim] sample:		2591.63 time, 2600.01 real, 3 MB, 1.01 load
[runlim] sample:		2601.60 time, 2610.01 real, 3 MB, 1.01 load
[runlim] sample:		2611.58 time, 2620.01 real, 3 MB, 1.01 load
[runlim] sample:		2621.55 time, 2630.01 real, 3 MB, 1.00 load
[runlim] sample:		2631.52 time, 2640.01 real, 3 MB, 1.00 load
[runlim] sample:		2641.49 time, 2650.01 real, 3 MB, 1.00 load
[runlim] sample:		2651.45 time, 2660.01 real, 3 MB, 1.30 load
[runlim] sample:		2661.42 time, 2670.01 real, 3 MB, 1.25 load
[runlim] sample:		2671.39 time, 2680.01 real, 3 MB, 1.21 load
[runlim] sample:		2681.36 time, 2690.01 real, 3 MB, 1.18 load
[runlim] sample:		2691.33 time, 2700.01 real, 3 MB, 1.15 load
[runlim] sample:		2701.30 time, 2710.01 real, 3 MB, 1.13 load
[runlim] sample:		2711.27 time, 2720.01 real, 3 MB, 1.26 load
[runlim] sample:		2721.24 time, 2730.01 real, 3 MB, 1.29 load
[runlim] sample:		2731.21 time, 2740.01 real, 3 MB, 1.25 load
[runlim] sample:		2741.18 time, 2750.01 real, 3 MB, 1.21 load
[runlim] sample:		2751.15 time, 2760.01 real, 3 MB, 1.17 load
[runlim] sample:		2761.12 time, 2770.01 real, 3 MB, 1.30 load
[runlim] sample:		2771.09 time, 2780.01 real, 3 MB, 1.26 load
[runlim] sample:		2781.06 time, 2790.01 real, 3 MB, 1.22 load
[runlim] sample:		2791.03 time, 2800.01 real, 3 MB, 1.18 load
[runlim] sample:		2801.00 time, 2810.01 real, 3 MB, 1.23 load
[runlim] sample:		2810.96 time, 2820.01 real, 3 MB, 1.20 load
[runlim] sample:		2820.93 time, 2830.01 real, 3 MB, 1.17 load
[runlim] sample:		2830.90 time, 2840.01 real, 3 MB, 1.22 load
[runlim] sample:		2840.87 time, 2850.01 real, 3 MB, 1.19 load
[runlim] sample:		2850.84 time, 2860.01 real, 3 MB, 1.16 load
[runlim] sample:		2860.81 time, 2870.01 real, 3 MB, 1.13 load
[runlim] sample:		2870.78 time, 2880.01 real, 3 MB, 1.11 load
[runlim] sample:		2880.75 time, 2890.01 real, 3 MB, 1.09 load
[runlim] sample:		2890.72 time, 2900.01 real, 3 MB, 1.16 load
[runlim] sample:		2900.69 time, 2910.01 real, 3 MB, 1.13 load
[runlim] sample:		2910.66 time, 2920.01 real, 3 MB, 1.11 load
[runlim] sample:		2920.63 time, 2930.01 real, 3 MB, 1.10 load
[runlim] sample:		2930.60 time, 2940.01 real, 3 MB, 1.08 load
[runlim] sample:		2940.57 time, 2950.01 real, 3 MB, 1.07 load
[runlim] sample:		2950.54 time, 2960.01 real, 3 MB, 1.06 load
[runlim] sample:		2960.51 time, 2970.01 real, 3 MB, 1.05 load
[runlim] sample:		2970.47 time, 2980.01 real, 3 MB, 1.12 load
[runlim] sample:		2980.44 time, 2990.01 real, 3 MB, 1.10 load
[runlim] sample:		2990.42 time, 3000.01 real, 3 MB, 1.08 load
[runlim] sample:		3000.39 time, 3010.01 real, 3 MB, 1.07 load
[runlim] sample:		3010.36 time, 3020.01 real, 3 MB, 1.06 load
[runlim] sample:		3020.33 time, 3030.01 real, 3 MB, 1.05 load
[runlim] sample:		3030.30 time, 3040.01 real, 3 MB, 1.12 load
[runlim] sample:		3040.27 time, 3050.01 real, 3 MB, 1.10 load
[runlim] sample:		3050.24 time, 3060.01 real, 3 MB, 1.09 load
[runlim] sample:		3060.21 time, 3070.01 real, 3 MB, 1.07 load
[runlim] sample:		3070.18 time, 3080.01 real, 3 MB, 1.06 load
[runlim] sample:		3080.15 time, 3090.01 real, 3 MB, 1.05 load
[runlim] sample:		3090.12 time, 3100.01 real, 3 MB, 1.12 load
[runlim] sample:		3100.09 time, 3110.01 real, 3 MB, 1.10 load
[runlim] sample:		3110.06 time, 3120.01 real, 3 MB, 1.09 load
[runlim] sample:		3120.03 time, 3130.01 real, 3 MB, 1.07 load
[runlim] sample:		3130.00 time, 3140.01 real, 3 MB, 1.06 load
[runlim] sample:		3139.97 time, 3150.01 real, 3 MB, 1.05 load
[runlim] sample:		3149.95 time, 3160.01 real, 3 MB, 1.04 load
[runlim] sample:		3159.91 time, 3170.01 real, 3 MB, 1.04 load
[runlim] sample:		3169.88 time, 3180.01 real, 3 MB, 1.11 load
[runlim] sample:		3179.85 time, 3190.01 real, 3 MB, 1.09 load
[runlim] sample:		3189.82 time, 3200.01 real, 3 MB, 1.08 load
[runlim] sample:		3199.79 time, 3210.01 real, 3 MB, 1.07 load
[runlim] sample:		3209.76 time, 3220.01 real, 3 MB, 1.06 load
[runlim] sample:		3219.73 time, 3230.01 real, 3 MB, 1.12 load
[runlim] sample:		3229.70 time, 3240.01 real, 3 MB, 1.18 load
[runlim] sample:		3239.67 time, 3250.01 real, 3 MB, 1.15 load
[runlim] sample:		3249.64 time, 3260.01 real, 3 MB, 1.13 load
[runlim] sample:		3259.61 time, 3270.01 real, 3 MB, 1.11 load
[runlim] sample:		3269.58 time, 3280.01 real, 3 MB, 1.09 load
[runlim] sample:		3279.55 time, 3290.01 real, 3 MB, 1.08 load
[runlim] sample:		3289.52 time, 3300.01 real, 3 MB, 1.06 load
[runlim] sample:		3299.49 time, 3310.01 real, 3 MB, 1.05 load
[runlim] sample:		3309.46 time, 3320.01 real, 3 MB, 1.05 load
[runlim] sample:		3319.43 time, 3330.01 real, 3 MB, 1.04 load
[runlim] sample:		3329.40 time, 3340.01 real, 3 MB, 1.03 load
[runlim] sample:		3339.37 time, 3350.01 real, 3 MB, 1.03 load
[runlim] sample:		3349.34 time, 3360.01 real, 3 MB, 1.02 load
[runlim] sample:		3359.31 time, 3370.01 real, 3 MB, 1.02 load
[runlim] sample:		3369.28 time, 3380.01 real, 3 MB, 1.02 load
[runlim] sample:		3379.24 time, 3390.01 real, 3 MB, 1.01 load
[runlim] sample:		3389.21 time, 3400.01 real, 3 MB, 1.01 load
[runlim] sample:		3399.18 time, 3410.01 real, 3 MB, 1.01 load
[runlim] sample:		3409.15 time, 3420.01 real, 3 MB, 1.01 load
[runlim] sample:		3419.12 time, 3430.01 real, 3 MB, 1.00 load
[runlim] sample:		3429.09 time, 3440.01 real, 3 MB, 1.00 load
[runlim] sample:		3439.06 time, 3450.01 real, 3 MB, 1.08 load
[runlim] sample:		3449.03 time, 3460.01 real, 3 MB, 1.06 load
[runlim] sample:		3459.00 time, 3470.01 real, 3 MB, 1.05 load
[runlim] sample:		3468.97 time, 3480.01 real, 3 MB, 1.05 load
[runlim] sample:		3478.94 time, 3490.01 real, 3 MB, 1.04 load
[runlim] sample:		3488.91 time, 3500.01 real, 3 MB, 1.03 load
[runlim] sample:		3498.87 time, 3510.01 real, 3 MB, 1.10 load
[runlim] sample:		3508.84 time, 3520.01 real, 3 MB, 1.08 load
[runlim] sample:		3518.81 time, 3530.01 real, 3 MB, 1.07 load
[runlim] sample:		3528.79 time, 3540.01 real, 3 MB, 1.06 load
[runlim] sample:		3538.76 time, 3550.01 real, 3 MB, 1.05 load
[runlim] sample:		3548.73 time, 3560.01 real, 3 MB, 1.04 load
[runlim] sample:		3558.70 time, 3570.01 real, 3 MB, 1.04 load
[runlim] sample:		3568.66 time, 3580.01 real, 3 MB, 1.11 load
[runlim] sample:		3578.63 time, 3590.01 real, 3 MB, 1.09 load
[runlim] sample:		3588.60 time, 3600.01 real, 3 MB, 1.08 load
[runlim] sample:		3598.57 time, 3610.01 real, 3 MB, 1.07 load
[runlim] sample:		3608.54 time, 3620.01 real, 3 MB, 1.06 load
[runlim] sample:		3618.51 time, 3630.01 real, 3 MB, 1.05 load
[runlim] sample:		3628.48 time, 3640.01 real, 3 MB, 1.04 load
[runlim] sample:		3638.45 time, 3650.01 real, 3 MB, 1.03 load
[runlim] sample:		3648.42 time, 3660.01 real, 3 MB, 1.03 load
[runlim] sample:		3658.39 time, 3670.01 real, 3 MB, 1.02 load
[runlim] sample:		3668.36 time, 3680.01 real, 3 MB, 1.17 load
[runlim] sample:		3678.33 time, 3690.01 real, 3 MB, 1.14 load
[runlim] sample:		3688.29 time, 3700.01 real, 3 MB, 1.12 load
[runlim] sample:		3698.27 time, 3710.01 real, 3 MB, 1.10 load
[runlim] sample:		3708.23 time, 3720.01 real, 3 MB, 1.08 load
[runlim] sample:		3718.20 time, 3730.01 real, 3 MB, 1.07 load
[runlim] sample:		3728.17 time, 3740.01 real, 3 MB, 1.06 load
[runlim] sample:		3738.14 time, 3750.01 real, 3 MB, 1.05 load
[runlim] sample:		3748.11 time, 3760.01 real, 3 MB, 1.04 load
[runlim] sample:		3758.08 time, 3770.01 real, 3 MB, 1.04 load
[runlim] sample:		3768.04 time, 3780.01 real, 3 MB, 1.11 load
[runlim] sample:		3778.01 time, 3790.01 real, 3 MB, 1.09 load
[runlim] sample:		3787.98 time, 3800.01 real, 3 MB, 1.08 load
[runlim] sample:		3797.95 time, 3810.01 real, 3 MB, 1.07 load
[runlim] sample:		3807.92 time, 3820.01 real, 3 MB, 1.06 load
[runlim] sample:		3817.89 time, 3830.01 real, 3 MB, 1.05 load
[runlim] sample:		3827.86 time, 3840.01 real, 3 MB, 1.12 load
[runlim] sample:		3837.83 time, 3850.01 real, 3 MB, 1.10 load
[runlim] sample:		3847.80 time, 3860.01 real, 3 MB, 1.08 load
[runlim] sample:		3857.77 time, 3870.01 real, 3 MB, 1.07 load
[runlim] sample:		3867.74 time, 3880.01 real, 3 MB, 1.06 load
[runlim] sample:		3877.71 time, 3890.01 real, 3 MB, 1.05 load
[runlim] sample:		3887.67 time, 3900.01 real, 3 MB, 1.12 load
[runlim] sample:		3897.64 time, 3910.01 real, 3 MB, 1.10 load
[runlim] sample:		3907.61 time, 3920.01 real, 3 MB, 1.09 load
[runlim] sample:		3917.58 time, 3930.01 real, 3 MB, 1.07 load
[runlim] sample:		3927.55 time, 3940.01 real, 3 MB, 1.06 load
[runlim] sample:		3937.52 time, 3950.01 real, 3 MB, 1.05 load
[runlim] sample:		3947.49 time, 3960.01 real, 3 MB, 1.04 load
[runlim] sample:		3957.47 time, 3970.01 real, 3 MB, 1.04 load
[runlim] sample:		3967.43 time, 3980.01 real, 3 MB, 1.11 load
[runlim] sample:		3977.40 time, 3990.01 real, 3 MB, 1.09 load
[runlim] sample:		3987.37 time, 4000.01 real, 3 MB, 1.08 load
[runlim] sample:		3997.34 time, 4010.01 real, 3 MB, 1.07 load
[runlim] sample:		4007.31 time, 4020.01 real, 3 MB, 1.06 load
[runlim] sample:		4017.28 time, 4030.01 real, 3 MB, 1.05 load
[runlim] sample:		4027.25 time, 4040.01 real, 3 MB, 1.12 load
[runlim] sample:		4037.22 time, 4050.01 real, 3 MB, 1.10 load
[runlim] sample:		4047.19 time, 4060.01 real, 3 MB, 1.08 load
[runlim] sample:		4057.16 time, 4070.01 real, 3 MB, 1.07 load
[runlim] sample:		4067.13 time, 4080.01 real, 3 MB, 1.06 load
[runlim] sample:		4077.10 time, 4090.01 real, 3 MB, 1.05 load
[runlim] sample:		4087.06 time, 4100.01 real, 3 MB, 1.12 load
[runlim] sample:		4097.03 time, 4110.01 real, 3 MB, 1.10 load
[runlim] sample:		4107.00 time, 4120.01 real, 3 MB, 1.09 load
[runlim] sample:		4116.97 time, 4130.01 real, 3 MB, 1.07 load
[runlim] sample:		4126.94 time, 4140.01 real, 3 MB, 1.06 load
[runlim] sample:		4136.91 time, 4150.01 real, 3 MB, 1.05 load
[runlim] sample:		4146.88 time, 4160.01 real, 3 MB, 1.78 load
[runlim] sample:		4156.85 time, 4170.01 real, 3 MB, 1.66 load
[runlim] sample:		4166.82 time, 4180.01 real, 3 MB, 1.64 load
[runlim] sample:		4176.79 time, 4190.01 real, 3 MB, 1.54 load
[runlim] sample:		4186.76 time, 4200.01 real, 3 MB, 1.46 load
[runlim] sample:		4196.73 time, 4210.01 real, 3 MB, 1.39 load
[runlim] sample:		4206.69 time, 4220.01 real, 3 MB, 1.33 load
[runlim] sample:		4216.67 time, 4230.01 real, 3 MB, 1.27 load
[runlim] sample:		4226.63 time, 4240.01 real, 3 MB, 1.31 load
[runlim] sample:		4236.60 time, 4250.01 real, 3 MB, 1.26 load
[runlim] sample:		4246.58 time, 4260.01 real, 3 MB, 1.22 load
[runlim] sample:		4256.55 time, 4270.01 real, 3 MB, 1.19 load
[runlim] sample:		4266.52 time, 4280.01 real, 3 MB, 1.16 load
[runlim] sample:		4276.49 time, 4290.01 real, 3 MB, 1.13 load
[runlim] sample:		4286.46 time, 4300.01 real, 3 MB, 1.11 load
[runlim] sample:		4296.42 time, 4310.01 real, 3 MB, 1.10 load
[runlim] sample:		4306.39 time, 4320.01 real, 3 MB, 1.08 load
[runlim] sample:		4316.36 time, 4330.01 real, 3 MB, 1.07 load
[runlim] sample:		4326.33 time, 4340.01 real, 3 MB, 1.06 load
[runlim] sample:		4336.30 time, 4350.01 real, 3 MB, 1.05 load
[runlim] sample:		4346.28 time, 4360.01 real, 3 MB, 1.04 load
[runlim] sample:		4356.24 time, 4370.01 real, 3 MB, 1.03 load
[runlim] sample:		4366.21 time, 4380.01 real, 3 MB, 1.03 load
[runlim] sample:		4376.18 time, 4390.01 real, 3 MB, 1.02 load
[runlim] sample:		4386.15 time, 4400.01 real, 3 MB, 1.02 load
[runlim] sample:		4396.13 time, 4410.01 real, 3 MB, 1.02 load
[runlim] sample:		4406.10 time, 4420.01 real, 3 MB, 1.01 load
[runlim] sample:		4416.06 time, 4430.01 real, 3 MB, 1.09 load
[runlim] sample:		4426.03 time, 4440.01 real, 3 MB, 1.08 load
[runlim] sample:		4436.00 time, 4450.01 real, 3 MB, 1.06 load
[runlim] sample:		4445.97 time, 4460.01 real, 3 MB, 1.05 load
[runlim] sample:		4455.94 time, 4470.01 real, 3 MB, 1.04 load
[runlim] sample:		4465.91 time, 4480.01 real, 3 MB, 1.04 load
[runlim] sample:		4475.88 time, 4490.01 real, 3 MB, 1.03 load
[runlim] sample:		4485.85 time, 4500.01 real, 3 MB, 1.03 load
[runlim] sample:		4495.82 time, 4510.01 real, 3 MB, 1.02 load
[runlim] sample:		4505.79 time, 4520.01 real, 3 MB, 1.02 load
[runlim] sample:		4515.76 time, 4530.01 real, 3 MB, 1.01 load
[runlim] sample:		4525.74 time, 4540.01 real, 3 MB, 1.01 load
[runlim] sample:		4535.70 time, 4550.01 real, 3 MB, 1.09 load
[runlim] sample:		4545.67 time, 4560.01 real, 3 MB, 1.08 load
[runlim] sample:		4555.64 time, 4570.01 real, 3 MB, 1.06 load
[runlim] sample:		4565.61 time, 4580.01 real, 3 MB, 1.05 load
[runlim] sample:		4575.58 time, 4590.01 real, 3 MB, 1.04 load
[runlim] sample:		4585.55 time, 4600.01 real, 3 MB, 1.04 load
[runlim] sample:		4595.52 time, 4610.01 real, 3 MB, 1.11 load
[runlim] sample:		4605.48 time, 4620.01 real, 3 MB, 1.09 load
[runlim] sample:		4615.45 time, 4630.01 real, 3 MB, 1.08 load
[runlim] sample:		4625.42 time, 4640.01 real, 3 MB, 1.07 load
[runlim] sample:		4635.39 time, 4650.01 real, 3 MB, 1.06 load
[runlim] sample:		4645.37 time, 4660.01 real, 3 MB, 1.05 load
[runlim] sample:		4655.34 time, 4670.01 real, 3 MB, 1.04 load
[runlim] sample:		4665.30 time, 4680.01 real, 3 MB, 1.11 load
[runlim] sample:		4675.27 time, 4690.01 real, 3 MB, 1.10 load
[runlim] sample:		4685.24 time, 4700.01 real, 3 MB, 1.08 load
[runlim] sample:		4695.21 time, 4710.01 real, 3 MB, 1.07 load
[runlim] sample:		4705.18 time, 4720.01 real, 3 MB, 1.06 load
[runlim] sample:		4715.15 time, 4730.01 real, 3 MB, 1.05 load
[runlim] sample:		4725.12 time, 4740.01 real, 3 MB, 1.04 load
[runlim] sample:		4735.09 time, 4750.01 real, 3 MB, 1.03 load
[runlim] sample:		4745.06 time, 4760.01 real, 3 MB, 1.03 load
[runlim] sample:		4755.03 time, 4770.01 real, 3 MB, 1.02 load
[runlim] sample:		4765.01 time, 4780.01 real, 3 MB, 1.02 load
[runlim] sample:		4774.98 time, 4790.01 real, 3 MB, 1.02 load
[runlim] sample:		4784.94 time, 4800.01 real, 3 MB, 1.09 load
[runlim] sample:		4794.92 time, 4810.01 real, 3 MB, 1.08 load
[runlim] sample:		4804.89 time, 4820.01 real, 3 MB, 1.07 load
[runlim] sample:		4814.85 time, 4830.01 real, 3 MB, 1.06 load
[runlim] sample:		4824.82 time, 4840.01 real, 3 MB, 1.05 load
[runlim] sample:		4834.79 time, 4850.01 real, 3 MB, 1.04 load
[runlim] sample:		4844.76 time, 4860.01 real, 3 MB, 1.03 load
[runlim] sample:		4854.74 time, 4870.01 real, 3 MB, 1.03 load
[runlim] sample:		4864.70 time, 4880.01 real, 3 MB, 1.02 load
[runlim] sample:		4874.67 time, 4890.01 real, 3 MB, 1.02 load
[runlim] sample:		4884.64 time, 4900.01 real, 3 MB, 1.02 load
[runlim] sample:		4894.61 time, 4910.01 real, 3 MB, 1.01 load
[runlim] sample:		4904.58 time, 4920.01 real, 3 MB, 1.01 load
[runlim] sample:		4914.55 time, 4930.01 real, 3 MB, 1.01 load
[runlim] sample:		4924.52 time, 4940.01 real, 3 MB, 1.01 load
[runlim] sample:		4934.49 time, 4950.01 real, 3 MB, 1.00 load
[runlim] sample:		4944.46 time, 4960.01 real, 3 MB, 1.00 load
[runlim] sample:		4954.43 time, 4970.01 real, 3 MB, 1.00 load
[runlim] sample:		4964.40 time, 4980.01 real, 3 MB, 1.00 load
[runlim] sample:		4974.37 time, 4990.01 real, 3 MB, 1.00 load
[runlim] sample:		4984.34 time, 5000.01 real, 3 MB, 1.00 load
[runlim] end:			Fri Mar 20 19:52:06 2026
[runlim] status:		out of time
[runlim] result:		2
[runlim] children:		1
[runlim] processes:		2
[runlim] real:			5000.05 seconds
[runlim] time:			4984.34 seconds
[runlim] space:			3 MB
[runlim] load:			4.06 maximum
[runlim] samples:		50000
