[runlim] version:		2.0.0rc1
[runlim] host:			m05n09
[runlim] time limit:		311040000 seconds
[runlim] real time limit:	5000 seconds
[runlim] space limit:		7000 MB
[runlim] argv[0]:		./binary
[runlim] argv[1]:		-c
[runlim] argv[2]:		-s
[runlim] argv[3]:		-r
[runlim] argv[4]:		/tmp/local-unzipped-12236055-5-276-BMS_k3_n100_m429_471.cnf
[runlim] start:			Fri Mar 20 18:28:26 2026
[runlim] child:			1343554
[runlim] sample:		9.96 time, 10.01 real, 3 MB, 1.16 load
[runlim] end:			Fri Mar 20 18:28:42 2026
[runlim] status:		ok
[runlim] result:		0
[runlim] children:		1
[runlim] processes:		2
[runlim] real:			15.65 seconds
[runlim] time:			15.54 seconds
[runlim] space:			3 MB
[runlim] load:			1.31 maximum
[runlim] samples:		156
