[runlim] version:		2.0.0rc1
[runlim] host:			o03n05
[runlim] time limit:		311040000 seconds
[runlim] real time limit:	5000 seconds
[runlim] space limit:		7000 MB
[runlim] argv[0]:		./binary
[runlim] argv[1]:		-c
[runlim] argv[2]:		-s
[runlim] argv[3]:		-r
[runlim] argv[4]:		/tmp/local-unzipped-12236055-3-152-BMS_k3_n100_m429_313.cnf
[runlim] start:			Fri Mar 20 18:15:12 2026
[runlim] child:			3876040
[runlim] sample:		9.97 time, 10.01 real, 3 MB, 0.90 load
[runlim] sample:		19.93 time, 20.01 real, 3 MB, 1.14 load
[runlim] sample:		29.87 time, 30.01 real, 3 MB, 1.90 load
[runlim] sample:		39.82 time, 40.01 real, 3 MB, 2.37 load
[runlim] sample:		49.78 time, 50.01 real, 3 MB, 2.93 load
[runlim] sample:		59.74 time, 60.01 real, 3 MB, 3.10 load
[runlim] sample:		69.70 time, 70.01 real, 3 MB, 3.08 load
[runlim] sample:		79.67 time, 80.01 real, 3 MB, 3.07 load
[runlim] sample:		89.64 time, 90.01 real, 3 MB, 3.06 load
[runlim] sample:		99.60 time, 100.01 real, 3 MB, 2.97 load
[runlim] sample:		109.57 time, 110.01 real, 3 MB, 2.90 load
[runlim] sample:		119.53 time, 120.01 real, 3 MB, 2.76 load
[runlim] sample:		129.50 time, 130.01 real, 3 MB, 2.64 load
[runlim] sample:		139.47 time, 140.01 real, 3 MB, 2.46 load
[runlim] sample:		149.44 time, 150.01 real, 3 MB, 2.24 load
[runlim] sample:		159.40 time, 160.01 real, 3 MB, 2.05 load
[runlim] sample:		169.37 time, 170.01 real, 3 MB, 1.89 load
[runlim] sample:		179.34 time, 180.01 real, 3 MB, 1.75 load
[runlim] sample:		189.30 time, 190.01 real, 3 MB, 1.63 load
[runlim] sample:		199.27 time, 200.01 real, 3 MB, 1.54 load
[runlim] sample:		209.23 time, 210.01 real, 3 MB, 1.45 load
[runlim] sample:		219.20 time, 220.01 real, 3 MB, 1.38 load
[runlim] sample:		229.17 time, 230.01 real, 3 MB, 1.32 load
[runlim] sample:		239.14 time, 240.01 real, 3 MB, 1.27 load
[runlim] sample:		249.10 time, 250.01 real, 3 MB, 1.31 load
[runlim] sample:		259.07 time, 260.01 real, 3 MB, 1.26 load
[runlim] sample:		269.04 time, 270.01 real, 3 MB, 1.22 load
[runlim] sample:		279.00 time, 280.01 real, 3 MB, 1.19 load
[runlim] sample:		288.97 time, 290.01 real, 3 MB, 1.16 load
[runlim] sample:		298.94 time, 300.01 real, 3 MB, 1.13 load
[runlim] sample:		308.90 time, 310.01 real, 3 MB, 1.11 load
[runlim] sample:		318.87 time, 320.01 real, 3 MB, 1.10 load
[runlim] sample:		328.84 time, 330.01 real, 3 MB, 1.08 load
[runlim] sample:		338.81 time, 340.01 real, 3 MB, 1.07 load
[runlim] sample:		348.77 time, 350.01 real, 3 MB, 1.06 load
[runlim] sample:		358.74 time, 360.01 real, 3 MB, 1.05 load
[runlim] sample:		368.71 time, 370.01 real, 3 MB, 1.04 load
[runlim] sample:		378.68 time, 380.01 real, 3 MB, 1.11 load
[runlim] sample:		388.64 time, 390.01 real, 3 MB, 1.10 load
[runlim] sample:		398.61 time, 400.01 real, 3 MB, 1.08 load
[runlim] sample:		408.57 time, 410.01 real, 3 MB, 1.07 load
[runlim] sample:		418.54 time, 420.01 real, 3 MB, 1.06 load
[runlim] sample:		428.51 time, 430.01 real, 3 MB, 1.05 load
[runlim] sample:		438.48 time, 440.01 real, 3 MB, 1.04 load
[runlim] sample:		448.44 time, 450.01 real, 3 MB, 1.03 load
[runlim] sample:		458.41 time, 460.01 real, 3 MB, 1.03 load
[runlim] sample:		468.38 time, 470.01 real, 3 MB, 1.02 load
[runlim] sample:		478.34 time, 480.01 real, 3 MB, 1.02 load
[runlim] sample:		488.31 time, 490.01 real, 3 MB, 1.02 load
[runlim] sample:		498.28 time, 500.01 real, 3 MB, 1.01 load
[runlim] sample:		508.25 time, 510.01 real, 3 MB, 1.01 load
[runlim] sample:		518.21 time, 520.01 real, 3 MB, 1.01 load
[runlim] sample:		528.18 time, 530.01 real, 3 MB, 1.01 load
[runlim] sample:		538.15 time, 540.01 real, 3 MB, 1.00 load
[runlim] sample:		548.12 time, 550.01 real, 3 MB, 1.00 load
[runlim] sample:		558.08 time, 560.01 real, 3 MB, 1.00 load
[runlim] sample:		568.05 time, 570.01 real, 3 MB, 1.00 load
[runlim] sample:		578.02 time, 580.01 real, 3 MB, 1.00 load
[runlim] sample:		587.98 time, 590.01 real, 3 MB, 1.00 load
[runlim] sample:		597.95 time, 600.01 real, 3 MB, 1.00 load
[runlim] sample:		607.92 time, 610.01 real, 3 MB, 1.00 load
[runlim] sample:		617.89 time, 620.01 real, 3 MB, 1.00 load
[runlim] sample:		627.86 time, 630.01 real, 3 MB, 1.00 load
[runlim] sample:		637.82 time, 640.01 real, 3 MB, 1.00 load
[runlim] sample:		647.79 time, 650.01 real, 3 MB, 1.00 load
[runlim] sample:		657.76 time, 660.01 real, 3 MB, 1.00 load
[runlim] sample:		667.72 time, 670.01 real, 3 MB, 1.00 load
[runlim] sample:		677.69 time, 680.01 real, 3 MB, 1.00 load
[runlim] sample:		687.66 time, 690.01 real, 3 MB, 1.00 load
[runlim] sample:		697.63 time, 700.01 real, 3 MB, 1.00 load
[runlim] sample:		707.59 time, 710.01 real, 3 MB, 1.07 load
[runlim] sample:		717.56 time, 720.01 real, 3 MB, 1.06 load
[runlim] sample:		727.53 time, 730.01 real, 3 MB, 1.05 load
[runlim] sample:		737.49 time, 740.01 real, 3 MB, 1.04 load
[runlim] sample:		747.46 time, 750.01 real, 3 MB, 1.04 load
[runlim] sample:		757.43 time, 760.01 real, 3 MB, 1.03 load
[runlim] sample:		767.40 time, 770.01 real, 3 MB, 1.02 load
[runlim] sample:		777.36 time, 780.01 real, 3 MB, 1.02 load
[runlim] sample:		787.33 time, 790.01 real, 3 MB, 1.10 load
[runlim] sample:		797.30 time, 800.01 real, 3 MB, 1.08 load
[runlim] sample:		807.26 time, 810.01 real, 3 MB, 1.07 load
[runlim] sample:		817.23 time, 820.01 real, 3 MB, 1.06 load
[runlim] sample:		827.20 time, 830.01 real, 3 MB, 1.05 load
[runlim] sample:		837.17 time, 840.01 real, 3 MB, 1.04 load
[runlim] sample:		847.13 time, 850.01 real, 3 MB, 1.04 load
[runlim] sample:		857.10 time, 860.01 real, 3 MB, 1.10 load
[runlim] sample:		867.07 time, 870.01 real, 3 MB, 1.09 load
[runlim] sample:		877.04 time, 880.01 real, 3 MB, 1.07 load
[runlim] sample:		887.01 time, 890.01 real, 3 MB, 1.14 load
[runlim] sample:		896.97 time, 900.01 real, 3 MB, 1.11 load
[runlim] sample:		906.94 time, 910.01 real, 3 MB, 1.10 load
[runlim] sample:		916.90 time, 920.01 real, 3 MB, 1.16 load
[runlim] sample:		926.87 time, 930.01 real, 3 MB, 1.21 load
[runlim] sample:		936.83 time, 940.01 real, 3 MB, 1.18 load
[runlim] sample:		946.80 time, 950.01 real, 3 MB, 1.23 load
[runlim] sample:		956.77 time, 960.01 real, 3 MB, 1.20 load
[runlim] sample:		966.73 time, 970.01 real, 3 MB, 1.16 load
[runlim] sample:		976.70 time, 980.01 real, 3 MB, 1.14 load
[runlim] sample:		986.67 time, 990.01 real, 3 MB, 1.12 load
[runlim] sample:		996.63 time, 1000.01 real, 3 MB, 1.10 load
[runlim] sample:		1006.60 time, 1010.01 real, 3 MB, 1.08 load
[runlim] sample:		1016.57 time, 1020.01 real, 3 MB, 1.07 load
[runlim] sample:		1026.53 time, 1030.01 real, 3 MB, 1.13 load
[runlim] sample:		1036.50 time, 1040.01 real, 3 MB, 1.11 load
[runlim] sample:		1046.47 time, 1050.01 real, 3 MB, 1.18 load
[runlim] sample:		1056.43 time, 1060.01 real, 3 MB, 1.15 load
[runlim] sample:		1066.40 time, 1070.01 real, 3 MB, 1.12 load
[runlim] sample:		1076.36 time, 1080.01 real, 3 MB, 1.10 load
[runlim] sample:		1086.33 time, 1090.01 real, 3 MB, 1.09 load
[runlim] sample:		1096.30 time, 1100.01 real, 3 MB, 1.07 load
[runlim] sample:		1106.26 time, 1110.01 real, 4 MB, 1.14 load
[runlim] end:			Fri Mar 20 18:33:46 2026
[runlim] status:		ok
[runlim] result:		0
[runlim] children:		1
[runlim] processes:		2
[runlim] real:			1113.83 seconds
[runlim] time:			1110.05 seconds
[runlim] space:			4 MB
[runlim] load:			3.10 maximum
[runlim] samples:		11138
