[runlim] version:		2.0.0rc1
[runlim] host:			m05n09
[runlim] time limit:		311040000 seconds
[runlim] real time limit:	5000 seconds
[runlim] space limit:		7000 MB
[runlim] argv[0]:		./binary
[runlim] argv[1]:		-c
[runlim] argv[2]:		-s
[runlim] argv[3]:		-r
[runlim] argv[4]:		/tmp/local-unzipped-12236055-5-318-BMS_k3_n100_m429_22.cnf
[runlim] start:			Fri Mar 20 18:29:08 2026
[runlim] child:			1345151
[runlim] sample:		9.97 time, 10.01 real, 4 MB, 2.18 load
[runlim] end:			Fri Mar 20 18:29:21 2026
[runlim] status:		ok
[runlim] result:		0
[runlim] children:		1
[runlim] processes:		2
[runlim] real:			13.10 seconds
[runlim] time:			12.95 seconds
[runlim] space:			4 MB
[runlim] load:			2.40 maximum
[runlim] samples:		130
