[runlim] version:		2.0.0rc1
[runlim] host:			o01n16
[runlim] time limit:		311040000 seconds
[runlim] real time limit:	5000 seconds
[runlim] space limit:		7000 MB
[runlim] argv[0]:		./binary
[runlim] argv[1]:		-c
[runlim] argv[2]:		/tmp/local-unzipped-12459986-1-10-mc2025_track1_191.cnf
[runlim] start:			Thu Apr  9 18:01:30 2026
[runlim] child:			3047874
[runlim] sample:		9.95 time, 10.01 real, 32 MB, 9.64 load
[runlim] end:			Thu Apr  9 18:01:47 2026
[runlim] status:		ok
[runlim] result:		0
[runlim] children:		1
[runlim] processes:		2
[runlim] real:			16.21 seconds
[runlim] time:			16.12 seconds
[runlim] space:			36 MB
[runlim] load:			10.79 maximum
[runlim] samples:		162
