[runlim] version:		2.0.0rc1
[runlim] host:			o01n16
[runlim] time limit:		311040000 seconds
[runlim] real time limit:	5000 seconds
[runlim] space limit:		7000 MB
[runlim] argv[0]:		./binary
[runlim] argv[1]:		-c
[runlim] argv[2]:		/tmp/local-unzipped-12459986-1-29-mc2025_track1_131.cnf
[runlim] start:			Thu Apr  9 18:01:49 2026
[runlim] child:			3048664
[runlim] sample:		9.95 time, 10.01 real, 7 MB, 13.91 load
[runlim] sample:		19.90 time, 20.01 real, 7 MB, 18.02 load
[runlim] sample:		29.84 time, 30.01 real, 7 MB, 23.02 load
[runlim] sample:		39.77 time, 40.01 real, 7 MB, 29.02 load
[runlim] sample:		49.71 time, 50.01 real, 7 MB, 33.78 load
[runlim] sample:		59.65 time, 60.01 real, 7 MB, 37.66 load
[runlim] sample:		69.59 time, 70.01 real, 7 MB, 41.08 load
[runlim] sample:		79.53 time, 80.01 real, 7 MB, 43.68 load
[runlim] sample:		89.48 time, 90.01 real, 7 MB, 45.96 load
[runlim] sample:		99.42 time, 100.01 real, 7 MB, 48.04 load
[runlim] sample:		109.36 time, 110.01 real, 7 MB, 49.57 load
[runlim] sample:		119.30 time, 120.01 real, 7 MB, 50.87 load
[runlim] sample:		129.25 time, 130.01 real, 7 MB, 51.89 load
[runlim] sample:		139.19 time, 140.01 real, 7 MB, 52.67 load
[runlim] sample:		149.13 time, 150.01 real, 7 MB, 53.34 load
[runlim] sample:		159.08 time, 160.01 real, 7 MB, 54.04 load
[runlim] sample:		169.00 time, 170.01 real, 7 MB, 54.50 load
[runlim] sample:		178.94 time, 180.01 real, 7 MB, 54.73 load
[runlim] sample:		188.88 time, 190.01 real, 7 MB, 55.00 load
[runlim] sample:		198.83 time, 200.01 real, 7 MB, 55.15 load
[runlim] sample:		208.78 time, 210.01 real, 7 MB, 55.44 load
[runlim] sample:		218.72 time, 220.01 real, 7 MB, 55.60 load
[runlim] sample:		228.66 time, 230.01 real, 7 MB, 55.66 load
[runlim] sample:		238.61 time, 240.01 real, 7 MB, 55.71 load
[runlim] sample:		248.55 time, 250.01 real, 7 MB, 55.76 load
[runlim] sample:		258.50 time, 260.01 real, 7 MB, 55.80 load
[runlim] sample:		268.44 time, 270.01 real, 7 MB, 56.22 load
[runlim] sample:		278.39 time, 280.01 real, 7 MB, 56.26 load
[runlim] sample:		288.34 time, 290.01 real, 7 MB, 56.22 load
[runlim] sample:		298.28 time, 300.01 real, 7 MB, 56.19 load
[runlim] sample:		308.23 time, 310.01 real, 7 MB, 56.16 load
[runlim] sample:		318.17 time, 320.01 real, 7 MB, 56.13 load
[runlim] sample:		328.12 time, 330.01 real, 7 MB, 56.19 load
[runlim] sample:		338.07 time, 340.01 real, 7 MB, 56.38 load
[runlim] sample:		348.01 time, 350.01 real, 7 MB, 56.32 load
[runlim] sample:		357.96 time, 360.01 real, 7 MB, 56.27 load
[runlim] sample:		367.90 time, 370.01 real, 7 MB, 56.31 load
[runlim] sample:		377.85 time, 380.01 real, 7 MB, 56.26 load
[runlim] sample:		387.81 time, 390.01 real, 7 MB, 56.22 load
[runlim] sample:		397.76 time, 400.01 real, 7 MB, 56.33 load
[runlim] sample:		407.71 time, 410.01 real, 7 MB, 56.28 load
[runlim] sample:		417.67 time, 420.01 real, 7 MB, 56.24 load
[runlim] sample:		427.62 time, 430.01 real, 7 MB, 56.20 load
[runlim] sample:		437.57 time, 440.01 real, 7 MB, 56.39 load
[runlim] sample:		447.52 time, 450.01 real, 7 MB, 56.33 load
[runlim] sample:		457.47 time, 460.01 real, 7 MB, 56.58 load
[runlim] sample:		467.43 time, 470.01 real, 7 MB, 56.34 load
[runlim] sample:		477.38 time, 480.01 real, 7 MB, 56.13 load
[runlim] sample:		487.33 time, 490.01 real, 7 MB, 55.96 load
[runlim] sample:		497.28 time, 500.01 real, 7 MB, 55.81 load
[runlim] sample:		507.23 time, 510.01 real, 7 MB, 55.68 load
[runlim] sample:		517.18 time, 520.01 real, 7 MB, 56.03 load
[runlim] sample:		527.14 time, 530.01 real, 7 MB, 55.94 load
[runlim] sample:		537.09 time, 540.01 real, 7 MB, 55.80 load
[runlim] sample:		547.04 time, 550.01 real, 7 MB, 55.67 load
[runlim] sample:		556.99 time, 560.01 real, 7 MB, 55.57 load
[runlim] sample:		566.94 time, 570.01 real, 7 MB, 55.56 load
[runlim] sample:		576.89 time, 580.01 real, 7 MB, 55.69 load
[runlim] sample:		586.84 time, 590.01 real, 7 MB, 55.58 load
[runlim] sample:		596.79 time, 600.01 real, 7 MB, 55.49 load
[runlim] sample:		606.74 time, 610.01 real, 7 MB, 55.42 load
[runlim] sample:		616.69 time, 620.01 real, 7 MB, 55.43 load
[runlim] sample:		626.65 time, 630.01 real, 7 MB, 55.36 load
[runlim] sample:		636.60 time, 640.01 real, 7 MB, 55.45 load
[runlim] sample:		646.55 time, 650.01 real, 7 MB, 55.22 load
[runlim] sample:		656.50 time, 660.01 real, 7 MB, 55.03 load
[runlim] sample:		666.46 time, 670.01 real, 7 MB, 54.95 load
[runlim] sample:		676.41 time, 680.01 real, 7 MB, 54.80 load
[runlim] sample:		686.36 time, 690.01 real, 7 MB, 54.68 load
[runlim] sample:		696.32 time, 700.01 real, 7 MB, 54.73 load
[runlim] sample:		706.27 time, 710.01 real, 7 MB, 54.62 load
[runlim] sample:		716.22 time, 720.01 real, 7 MB, 54.52 load
[runlim] sample:		726.18 time, 730.01 real, 7 MB, 54.44 load
[runlim] sample:		736.13 time, 740.01 real, 7 MB, 54.37 load
[runlim] sample:		746.09 time, 750.01 real, 7 MB, 54.31 load
[runlim] sample:		756.04 time, 760.01 real, 7 MB, 54.57 load
[runlim] sample:		765.99 time, 770.01 real, 7 MB, 54.48 load
[runlim] sample:		775.94 time, 780.01 real, 7 MB, 54.41 load
[runlim] sample:		785.90 time, 790.01 real, 7 MB, 54.34 load
[runlim] sample:		795.85 time, 800.01 real, 7 MB, 54.29 load
[runlim] sample:		805.80 time, 810.01 real, 7 MB, 54.24 load
[runlim] sample:		815.75 time, 820.01 real, 7 MB, 54.44 load
[runlim] sample:		825.70 time, 830.01 real, 7 MB, 54.37 load
[runlim] sample:		835.64 time, 840.01 real, 7 MB, 54.31 load
[runlim] sample:		845.60 time, 850.01 real, 7 MB, 54.27 load
[runlim] sample:		855.55 time, 860.01 real, 7 MB, 54.22 load
[runlim] sample:		865.50 time, 870.01 real, 7 MB, 54.19 load
[runlim] sample:		875.45 time, 880.01 real, 7 MB, 54.39 load
[runlim] sample:		885.40 time, 890.01 real, 7 MB, 54.41 load
[runlim] sample:		895.36 time, 900.01 real, 7 MB, 54.35 load
[runlim] sample:		905.31 time, 910.01 real, 7 MB, 54.29 load
[runlim] sample:		915.26 time, 920.01 real, 7 MB, 54.25 load
[runlim] sample:		925.22 time, 930.01 real, 7 MB, 54.21 load
[runlim] sample:		935.17 time, 940.01 real, 7 MB, 54.40 load
[runlim] sample:		945.12 time, 950.01 real, 7 MB, 54.34 load
[runlim] sample:		955.07 time, 960.01 real, 7 MB, 54.29 load
[runlim] sample:		965.03 time, 970.01 real, 7 MB, 54.32 load
[runlim] sample:		974.98 time, 980.01 real, 7 MB, 54.34 load
[runlim] sample:		984.94 time, 990.01 real, 7 MB, 54.21 load
[runlim] sample:		994.89 time, 1000.01 real, 7 MB, 54.10 load
[runlim] sample:		1004.85 time, 1010.01 real, 7 MB, 53.93 load
[runlim] sample:		1014.80 time, 1020.01 real, 7 MB, 53.87 load
[runlim] sample:		1024.75 time, 1030.01 real, 7 MB, 53.81 load
[runlim] sample:		1034.71 time, 1040.01 real, 7 MB, 53.68 load
[runlim] sample:		1044.66 time, 1050.01 real, 7 MB, 53.65 load
[runlim] sample:		1054.61 time, 1060.01 real, 7 MB, 53.78 load
[runlim] sample:		1064.57 time, 1070.01 real, 7 MB, 53.66 load
[runlim] sample:		1074.52 time, 1080.01 real, 7 MB, 53.56 load
[runlim] sample:		1084.48 time, 1090.01 real, 7 MB, 53.55 load
[runlim] sample:		1094.43 time, 1100.01 real, 7 MB, 53.47 load
[runlim] sample:		1104.38 time, 1110.01 real, 7 MB, 53.47 load
[runlim] sample:		1114.34 time, 1120.01 real, 7 MB, 53.55 load
[runlim] sample:		1124.29 time, 1130.01 real, 7 MB, 53.47 load
[runlim] sample:		1134.24 time, 1140.01 real, 7 MB, 53.39 load
[runlim] sample:		1144.20 time, 1150.01 real, 7 MB, 53.33 load
[runlim] sample:		1154.15 time, 1160.01 real, 7 MB, 53.28 load
[runlim] sample:		1164.11 time, 1170.01 real, 7 MB, 53.31 load
[runlim] sample:		1174.06 time, 1180.01 real, 7 MB, 53.34 load
[runlim] sample:		1184.02 time, 1190.01 real, 7 MB, 53.28 load
[runlim] sample:		1193.97 time, 1200.01 real, 7 MB, 53.39 load
[runlim] sample:		1203.93 time, 1210.01 real, 7 MB, 53.33 load
[runlim] sample:		1213.88 time, 1220.01 real, 7 MB, 53.28 load
[runlim] sample:		1223.83 time, 1230.01 real, 7 MB, 53.24 load
[runlim] sample:		1233.79 time, 1240.01 real, 7 MB, 53.42 load
[runlim] sample:		1243.74 time, 1250.01 real, 7 MB, 53.44 load
[runlim] sample:		1253.70 time, 1260.01 real, 7 MB, 53.52 load
[runlim] sample:		1263.65 time, 1270.01 real, 7 MB, 53.52 load
[runlim] sample:		1273.60 time, 1280.01 real, 7 MB, 53.44 load
[runlim] sample:		1283.56 time, 1290.01 real, 7 MB, 53.53 load
[runlim] sample:		1293.51 time, 1300.01 real, 7 MB, 53.52 load
[runlim] sample:		1303.47 time, 1310.01 real, 7 MB, 53.44 load
[runlim] sample:		1313.42 time, 1320.01 real, 7 MB, 53.45 load
[runlim] sample:		1323.38 time, 1330.01 real, 7 MB, 53.38 load
[runlim] sample:		1333.33 time, 1340.01 real, 7 MB, 53.32 load
[runlim] sample:		1343.29 time, 1350.01 real, 7 MB, 53.27 load
[runlim] sample:		1353.24 time, 1360.01 real, 7 MB, 53.31 load
[runlim] sample:		1363.20 time, 1370.01 real, 7 MB, 53.26 load
[runlim] sample:		1373.15 time, 1380.01 real, 7 MB, 53.29 load
[runlim] sample:		1383.11 time, 1390.01 real, 7 MB, 53.33 load
[runlim] sample:		1393.06 time, 1400.01 real, 7 MB, 53.35 load
[runlim] sample:		1403.01 time, 1410.01 real, 7 MB, 53.30 load
[runlim] sample:		1412.97 time, 1420.01 real, 7 MB, 53.32 load
[runlim] sample:		1422.92 time, 1430.01 real, 7 MB, 53.27 load
[runlim] sample:		1432.88 time, 1440.01 real, 7 MB, 53.39 load
[runlim] sample:		1442.83 time, 1450.01 real, 7 MB, 53.41 load
[runlim] sample:		1452.78 time, 1460.01 real, 7 MB, 53.57 load
[runlim] sample:		1462.74 time, 1470.01 real, 7 MB, 53.56 load
[runlim] sample:		1472.69 time, 1480.01 real, 7 MB, 53.54 load
[runlim] sample:		1482.64 time, 1490.01 real, 7 MB, 53.46 load
[runlim] sample:		1492.60 time, 1500.01 real, 7 MB, 53.39 load
[runlim] sample:		1502.55 time, 1510.01 real, 7 MB, 53.33 load
[runlim] sample:		1512.51 time, 1520.01 real, 7 MB, 53.43 load
[runlim] sample:		1522.46 time, 1530.01 real, 7 MB, 53.37 load
[runlim] sample:		1532.42 time, 1540.01 real, 7 MB, 53.46 load
[runlim] sample:		1542.37 time, 1550.01 real, 7 MB, 53.46 load
[runlim] sample:		1552.33 time, 1560.01 real, 7 MB, 53.39 load
[runlim] sample:		1562.28 time, 1570.01 real, 7 MB, 53.33 load
[runlim] sample:		1572.24 time, 1580.01 real, 7 MB, 53.28 load
[runlim] sample:		1582.19 time, 1590.01 real, 7 MB, 53.24 load
[runlim] sample:		1592.14 time, 1600.01 real, 7 MB, 53.28 load
[runlim] sample:		1602.10 time, 1610.01 real, 7 MB, 53.24 load
[runlim] sample:		1612.06 time, 1620.01 real, 7 MB, 53.20 load
[runlim] sample:		1622.01 time, 1630.01 real, 7 MB, 53.24 load
[runlim] sample:		1631.97 time, 1640.01 real, 7 MB, 53.20 load
[runlim] sample:		1641.92 time, 1650.01 real, 7 MB, 53.17 load
[runlim] sample:		1651.88 time, 1660.01 real, 7 MB, 53.23 load
[runlim] sample:		1661.83 time, 1670.01 real, 7 MB, 53.26 load
[runlim] sample:		1671.79 time, 1680.01 real, 7 MB, 53.22 load
[runlim] sample:		1681.75 time, 1690.01 real, 7 MB, 53.27 load
[runlim] sample:		1691.70 time, 1700.01 real, 7 MB, 53.23 load
[runlim] sample:		1701.66 time, 1710.01 real, 7 MB, 53.19 load
[runlim] sample:		1711.61 time, 1720.01 real, 7 MB, 53.39 load
[runlim] sample:		1721.57 time, 1730.01 real, 7 MB, 53.33 load
[runlim] sample:		1731.52 time, 1740.01 real, 7 MB, 53.35 load
[runlim] sample:		1741.47 time, 1750.01 real, 7 MB, 53.30 load
[runlim] sample:		1751.43 time, 1760.01 real, 7 MB, 53.25 load
[runlim] sample:		1761.38 time, 1770.01 real, 7 MB, 53.29 load
[runlim] sample:		1771.34 time, 1780.01 real, 7 MB, 53.32 load
[runlim] sample:		1781.29 time, 1790.01 real, 7 MB, 53.27 load
[runlim] sample:		1791.25 time, 1800.01 real, 7 MB, 53.23 load
[runlim] sample:		1801.20 time, 1810.01 real, 7 MB, 53.27 load
[runlim] sample:		1811.16 time, 1820.01 real, 7 MB, 53.23 load
[runlim] sample:		1821.11 time, 1830.01 real, 7 MB, 53.19 load
[runlim] sample:		1831.07 time, 1840.01 real, 7 MB, 53.32 load
[runlim] sample:		1841.02 time, 1850.01 real, 7 MB, 53.27 load
[runlim] sample:		1850.98 time, 1860.01 real, 7 MB, 53.23 load
[runlim] sample:		1860.93 time, 1870.01 real, 7 MB, 53.19 load
[runlim] sample:		1870.89 time, 1880.01 real, 7 MB, 53.16 load
[runlim] sample:		1880.84 time, 1890.01 real, 7 MB, 53.22 load
[runlim] sample:		1890.79 time, 1900.01 real, 7 MB, 53.26 load
[runlim] sample:		1900.75 time, 1910.01 real, 7 MB, 53.30 load
[runlim] sample:		1910.71 time, 1920.01 real, 7 MB, 53.25 load
[runlim] sample:		1920.66 time, 1930.01 real, 7 MB, 53.21 load
[runlim] sample:		1930.61 time, 1940.01 real, 7 MB, 53.33 load
[runlim] sample:		1940.57 time, 1950.01 real, 7 MB, 53.28 load
[runlim] sample:		1950.52 time, 1960.01 real, 7 MB, 53.31 load
[runlim] sample:		1960.48 time, 1970.01 real, 7 MB, 53.26 load
[runlim] sample:		1970.43 time, 1980.01 real, 7 MB, 53.22 load
[runlim] sample:		1980.39 time, 1990.01 real, 7 MB, 53.34 load
[runlim] sample:		1990.34 time, 2000.01 real, 7 MB, 53.36 load
[runlim] sample:		2000.29 time, 2010.01 real, 7 MB, 53.30 load
[runlim] sample:		2010.24 time, 2020.01 real, 7 MB, 53.42 load
[runlim] sample:		2020.20 time, 2030.01 real, 7 MB, 53.35 load
[runlim] sample:		2030.15 time, 2040.01 real, 7 MB, 53.30 load
[runlim] sample:		2040.11 time, 2050.01 real, 7 MB, 53.25 load
[runlim] sample:		2050.06 time, 2060.01 real, 7 MB, 53.21 load
[runlim] sample:		2060.01 time, 2070.01 real, 7 MB, 53.18 load
[runlim] sample:		2069.97 time, 2080.01 real, 7 MB, 53.23 load
[runlim] sample:		2079.92 time, 2090.01 real, 7 MB, 53.20 load
[runlim] sample:		2089.87 time, 2100.01 real, 7 MB, 53.24 load
[runlim] sample:		2099.83 time, 2110.01 real, 7 MB, 53.20 load
[runlim] sample:		2109.78 time, 2120.01 real, 7 MB, 53.17 load
[runlim] sample:		2119.74 time, 2130.01 real, 7 MB, 53.14 load
[runlim] sample:		2129.69 time, 2140.01 real, 7 MB, 53.28 load
[runlim] sample:		2139.65 time, 2150.01 real, 7 MB, 53.23 load
[runlim] sample:		2149.60 time, 2160.01 real, 7 MB, 53.20 load
[runlim] sample:		2159.56 time, 2170.01 real, 7 MB, 53.17 load
[runlim] sample:		2169.51 time, 2180.01 real, 7 MB, 53.37 load
[runlim] sample:		2179.47 time, 2190.01 real, 7 MB, 53.31 load
[runlim] sample:		2189.42 time, 2200.01 real, 7 MB, 53.34 load
[runlim] sample:		2199.37 time, 2210.01 real, 7 MB, 53.29 load
[runlim] sample:		2209.33 time, 2220.01 real, 7 MB, 53.25 load
[runlim] sample:		2219.28 time, 2230.01 real, 7 MB, 53.21 load
[runlim] sample:		2229.24 time, 2240.01 real, 7 MB, 53.26 load
[runlim] sample:		2239.19 time, 2250.01 real, 7 MB, 53.22 load
[runlim] sample:		2249.14 time, 2260.01 real, 7 MB, 53.26 load
[runlim] sample:		2259.10 time, 2270.01 real, 7 MB, 53.30 load
[runlim] sample:		2269.05 time, 2280.01 real, 7 MB, 53.25 load
[runlim] sample:		2279.01 time, 2290.01 real, 7 MB, 53.21 load
[runlim] sample:		2288.96 time, 2300.01 real, 7 MB, 53.18 load
[runlim] sample:		2298.91 time, 2310.01 real, 7 MB, 53.15 load
[runlim] sample:		2308.87 time, 2320.01 real, 7 MB, 53.21 load
[runlim] sample:		2318.82 time, 2330.01 real, 7 MB, 53.26 load
[runlim] sample:		2328.77 time, 2340.01 real, 7 MB, 53.29 load
[runlim] sample:		2338.73 time, 2350.01 real, 7 MB, 53.25 load
[runlim] sample:		2348.68 time, 2360.01 real, 7 MB, 53.21 load
[runlim] sample:		2358.63 time, 2370.01 real, 7 MB, 53.17 load
[runlim] sample:		2368.59 time, 2380.01 real, 7 MB, 53.23 load
[runlim] sample:		2378.54 time, 2390.01 real, 7 MB, 53.27 load
[runlim] sample:		2388.50 time, 2400.01 real, 7 MB, 53.23 load
[runlim] sample:		2398.45 time, 2410.01 real, 7 MB, 53.19 load
[runlim] sample:		2408.40 time, 2420.01 real, 7 MB, 53.16 load
[runlim] sample:		2418.35 time, 2430.01 real, 7 MB, 53.14 load
[runlim] sample:		2428.31 time, 2440.01 real, 7 MB, 53.27 load
[runlim] sample:		2438.26 time, 2450.01 real, 7 MB, 53.23 load
[runlim] sample:		2448.22 time, 2460.01 real, 7 MB, 53.19 load
[runlim] sample:		2458.17 time, 2470.01 real, 7 MB, 53.24 load
[runlim] sample:		2468.13 time, 2480.01 real, 7 MB, 53.35 load
[runlim] sample:		2478.08 time, 2490.01 real, 7 MB, 53.29 load
[runlim] sample:		2488.04 time, 2500.01 real, 7 MB, 53.25 load
[runlim] sample:		2497.99 time, 2510.01 real, 7 MB, 53.28 load
[runlim] sample:		2507.94 time, 2520.01 real, 7 MB, 53.32 load
[runlim] sample:		2517.90 time, 2530.01 real, 7 MB, 53.35 load
[runlim] sample:		2527.85 time, 2540.01 real, 7 MB, 53.29 load
[runlim] sample:		2537.81 time, 2550.01 real, 7 MB, 53.25 load
[runlim] sample:		2547.76 time, 2560.01 real, 7 MB, 53.21 load
[runlim] sample:		2557.71 time, 2570.01 real, 7 MB, 53.18 load
[runlim] sample:		2567.67 time, 2580.01 real, 7 MB, 53.22 load
[runlim] sample:		2577.62 time, 2590.01 real, 7 MB, 53.19 load
[runlim] sample:		2587.57 time, 2600.01 real, 7 MB, 53.16 load
[runlim] sample:		2597.53 time, 2610.01 real, 7 MB, 53.13 load
[runlim] sample:		2607.48 time, 2620.01 real, 7 MB, 53.11 load
[runlim] sample:		2617.44 time, 2630.01 real, 7 MB, 53.10 load
[runlim] sample:		2627.39 time, 2640.01 real, 7 MB, 53.15 load
[runlim] sample:		2637.34 time, 2650.01 real, 7 MB, 53.13 load
[runlim] sample:		2647.30 time, 2660.01 real, 7 MB, 53.11 load
[runlim] sample:		2657.25 time, 2670.01 real, 7 MB, 53.17 load
[runlim] sample:		2667.21 time, 2680.01 real, 7 MB, 53.14 load
[runlim] sample:		2677.16 time, 2690.01 real, 7 MB, 53.20 load
[runlim] sample:		2687.11 time, 2700.01 real, 7 MB, 53.17 load
[runlim] sample:		2697.07 time, 2710.01 real, 7 MB, 53.14 load
[runlim] sample:		2707.02 time, 2720.01 real, 7 MB, 53.12 load
[runlim] sample:		2716.98 time, 2730.01 real, 7 MB, 53.10 load
[runlim] sample:		2726.93 time, 2740.01 real, 7 MB, 53.16 load
[runlim] sample:		2736.89 time, 2750.01 real, 7 MB, 53.13 load
[runlim] sample:		2746.84 time, 2760.01 real, 7 MB, 53.11 load
[runlim] sample:		2756.80 time, 2770.01 real, 7 MB, 53.17 load
[runlim] sample:		2766.75 time, 2780.01 real, 7 MB, 53.14 load
[runlim] sample:		2776.71 time, 2790.01 real, 7 MB, 53.12 load
[runlim] sample:		2786.66 time, 2800.01 real, 7 MB, 53.18 load
[runlim] sample:		2796.61 time, 2810.01 real, 7 MB, 53.15 load
[runlim] sample:		2806.57 time, 2820.01 real, 7 MB, 53.12 load
[runlim] sample:		2816.52 time, 2830.01 real, 7 MB, 53.10 load
[runlim] sample:		2826.48 time, 2840.01 real, 7 MB, 53.09 load
[runlim] sample:		2836.43 time, 2850.01 real, 7 MB, 53.07 load
[runlim] sample:		2846.39 time, 2860.01 real, 7 MB, 53.14 load
[runlim] sample:		2856.34 time, 2870.01 real, 7 MB, 53.11 load
[runlim] sample:		2866.30 time, 2880.01 real, 7 MB, 53.10 load
[runlim] sample:		2876.25 time, 2890.01 real, 7 MB, 53.16 load
[runlim] sample:		2886.21 time, 2900.01 real, 7 MB, 53.21 load
[runlim] sample:		2896.16 time, 2910.01 real, 7 MB, 53.25 load
[runlim] sample:		2906.12 time, 2920.01 real, 7 MB, 53.36 load
[runlim] sample:		2916.07 time, 2930.01 real, 7 MB, 53.30 load
[runlim] sample:		2926.03 time, 2940.01 real, 7 MB, 53.26 load
[runlim] sample:		2935.98 time, 2950.01 real, 7 MB, 53.22 load
[runlim] sample:		2945.94 time, 2960.01 real, 7 MB, 53.48 load
[runlim] sample:		2955.89 time, 2970.01 real, 7 MB, 53.48 load
[runlim] sample:		2965.85 time, 2980.01 real, 7 MB, 53.48 load
[runlim] sample:		2975.80 time, 2990.01 real, 7 MB, 53.40 load
[runlim] sample:		2985.76 time, 3000.01 real, 7 MB, 53.34 load
[runlim] sample:		2995.71 time, 3010.01 real, 7 MB, 53.37 load
[runlim] sample:		3005.67 time, 3020.01 real, 7 MB, 53.39 load
[runlim] sample:		3015.62 time, 3030.01 real, 7 MB, 53.48 load
[runlim] sample:		3025.57 time, 3040.01 real, 7 MB, 53.41 load
[runlim] sample:		3035.53 time, 3050.01 real, 7 MB, 53.34 load
[runlim] sample:		3045.48 time, 3060.01 real, 7 MB, 53.29 load
[runlim] sample:		3055.44 time, 3070.01 real, 7 MB, 53.32 load
[runlim] sample:		3065.39 time, 3080.01 real, 7 MB, 53.27 load
[runlim] sample:		3075.35 time, 3090.01 real, 7 MB, 53.23 load
[runlim] sample:		3085.30 time, 3100.01 real, 7 MB, 53.27 load
[runlim] sample:		3095.26 time, 3110.01 real, 7 MB, 53.23 load
[runlim] sample:		3105.21 time, 3120.01 real, 7 MB, 53.19 load
[runlim] sample:		3115.17 time, 3130.01 real, 7 MB, 53.16 load
[runlim] sample:		3125.12 time, 3140.01 real, 7 MB, 53.14 load
[runlim] sample:		3135.08 time, 3150.01 real, 7 MB, 53.20 load
[runlim] sample:		3145.03 time, 3160.01 real, 7 MB, 53.40 load
[runlim] sample:		3154.98 time, 3170.01 real, 7 MB, 53.41 load
[runlim] sample:		3164.94 time, 3180.01 real, 7 MB, 53.35 load
[runlim] sample:		3174.90 time, 3190.01 real, 7 MB, 53.38 load
[runlim] sample:		3184.85 time, 3200.01 real, 7 MB, 53.32 load
[runlim] sample:		3194.81 time, 3210.01 real, 7 MB, 53.27 load
[runlim] sample:		3204.76 time, 3220.01 real, 7 MB, 53.23 load
[runlim] sample:		3214.72 time, 3230.01 real, 7 MB, 53.19 load
[runlim] sample:		3224.67 time, 3240.01 real, 7 MB, 53.24 load
[runlim] sample:		3234.63 time, 3250.01 real, 7 MB, 53.43 load
[runlim] sample:		3244.59 time, 3260.01 real, 7 MB, 53.52 load
[runlim] sample:		3254.54 time, 3270.01 real, 7 MB, 53.67 load
[runlim] sample:		3264.50 time, 3280.01 real, 7 MB, 53.72 load
[runlim] sample:		3274.46 time, 3290.01 real, 7 MB, 53.76 load
[runlim] sample:		3284.41 time, 3300.01 real, 7 MB, 53.80 load
[runlim] sample:		3294.37 time, 3310.01 real, 7 MB, 53.83 load
[runlim] sample:		3304.32 time, 3320.01 real, 7 MB, 53.94 load
[runlim] sample:		3314.28 time, 3330.01 real, 7 MB, 53.87 load
[runlim] sample:		3324.23 time, 3340.01 real, 7 MB, 53.88 load
[runlim] sample:		3334.19 time, 3350.01 real, 7 MB, 53.75 load
[runlim] sample:		3344.14 time, 3360.01 real, 7 MB, 53.71 load
[runlim] sample:		3354.09 time, 3370.01 real, 7 MB, 53.60 load
[runlim] sample:		3364.05 time, 3380.01 real, 7 MB, 53.51 load
[runlim] sample:		3374.00 time, 3390.01 real, 7 MB, 53.51 load
[runlim] sample:		3383.96 time, 3400.01 real, 7 MB, 53.43 load
[runlim] sample:		3393.91 time, 3410.01 real, 7 MB, 53.36 load
[runlim] sample:		3403.86 time, 3420.01 real, 7 MB, 53.39 load
[runlim] sample:		3413.82 time, 3430.01 real, 7 MB, 53.40 load
[runlim] sample:		3423.77 time, 3440.01 real, 7 MB, 53.64 load
[runlim] sample:		3433.73 time, 3450.01 real, 7 MB, 53.54 load
[runlim] sample:		3443.68 time, 3460.01 real, 7 MB, 53.53 load
[runlim] sample:		3453.63 time, 3470.01 real, 7 MB, 53.45 load
[runlim] sample:		3463.59 time, 3480.01 real, 7 MB, 53.46 load
[runlim] sample:		3473.54 time, 3490.01 real, 7 MB, 53.39 load
[runlim] sample:		3483.50 time, 3500.01 real, 7 MB, 53.33 load
[runlim] sample:		3493.45 time, 3510.01 real, 7 MB, 53.36 load
[runlim] sample:		3503.41 time, 3520.01 real, 7 MB, 53.53 load
[runlim] sample:		3513.36 time, 3530.01 real, 7 MB, 53.52 load
[runlim] sample:		3523.30 time, 3540.01 real, 7 MB, 53.60 load
[runlim] sample:		3533.26 time, 3550.01 real, 7 MB, 53.50 load
[runlim] sample:		3543.21 time, 3560.01 real, 7 MB, 53.43 load
[runlim] sample:		3553.17 time, 3570.01 real, 7 MB, 53.36 load
[runlim] sample:		3563.12 time, 3580.01 real, 7 MB, 53.30 load
[runlim] sample:		3573.07 time, 3590.01 real, 7 MB, 53.26 load
[runlim] sample:		3583.03 time, 3600.01 real, 7 MB, 53.22 load
[runlim] sample:		3592.98 time, 3610.01 real, 7 MB, 53.18 load
[runlim] sample:		3602.94 time, 3620.01 real, 7 MB, 53.16 load
[runlim] sample:		3612.89 time, 3630.01 real, 7 MB, 53.13 load
[runlim] sample:		3622.84 time, 3640.01 real, 7 MB, 53.26 load
[runlim] sample:		3632.80 time, 3650.01 real, 7 MB, 53.22 load
[runlim] sample:		3642.75 time, 3660.01 real, 7 MB, 53.18 load
[runlim] sample:		3652.71 time, 3670.01 real, 7 MB, 53.23 load
[runlim] sample:		3662.66 time, 3680.01 real, 7 MB, 53.19 load
[runlim] sample:		3672.62 time, 3690.01 real, 7 MB, 53.16 load
[runlim] sample:		3682.57 time, 3700.01 real, 7 MB, 53.14 load
[runlim] sample:		3692.53 time, 3710.01 real, 7 MB, 53.12 load
[runlim] sample:		3702.48 time, 3720.01 real, 7 MB, 53.10 load
[runlim] sample:		3712.43 time, 3730.01 real, 7 MB, 53.16 load
[runlim] sample:		3722.39 time, 3740.01 real, 7 MB, 53.13 load
[runlim] sample:		3732.34 time, 3750.01 real, 7 MB, 53.11 load
[runlim] sample:		3742.30 time, 3760.01 real, 7 MB, 53.09 load
[runlim] sample:		3752.25 time, 3770.01 real, 7 MB, 53.15 load
[runlim] sample:		3762.20 time, 3780.01 real, 7 MB, 53.20 load
[runlim] sample:		3772.15 time, 3790.01 real, 7 MB, 53.17 load
[runlim] sample:		3782.10 time, 3800.01 real, 7 MB, 53.14 load
[runlim] sample:		3792.05 time, 3810.01 real, 7 MB, 53.12 load
[runlim] sample:		3802.00 time, 3820.01 real, 7 MB, 52.94 load
[runlim] sample:		3811.95 time, 3830.01 real, 7 MB, 52.80 load
[runlim] sample:		3821.91 time, 3840.01 real, 7 MB, 52.68 load
[runlim] sample:		3831.86 time, 3850.01 real, 7 MB, 52.57 load
[runlim] sample:		3841.81 time, 3860.01 real, 7 MB, 52.48 load
[runlim] sample:		3851.76 time, 3870.01 real, 7 MB, 52.41 load
[runlim] sample:		3861.71 time, 3880.01 real, 7 MB, 52.35 load
[runlim] sample:		3871.66 time, 3890.01 real, 7 MB, 52.29 load
[runlim] sample:		3881.61 time, 3900.01 real, 7 MB, 52.25 load
[runlim] sample:		3891.56 time, 3910.01 real, 7 MB, 52.21 load
[runlim] sample:		3901.51 time, 3920.01 real, 7 MB, 52.18 load
[runlim] sample:		3911.46 time, 3930.01 real, 7 MB, 52.22 load
[runlim] sample:		3921.41 time, 3940.01 real, 7 MB, 52.26 load
[runlim] sample:		3931.37 time, 3950.01 real, 7 MB, 52.30 load
[runlim] sample:		3941.32 time, 3960.01 real, 7 MB, 52.25 load
[runlim] sample:		3951.27 time, 3970.01 real, 7 MB, 52.29 load
[runlim] sample:		3961.22 time, 3980.01 real, 7 MB, 52.31 load
[runlim] sample:		3971.17 time, 3990.01 real, 7 MB, 52.34 load
[runlim] sample:		3981.13 time, 4000.02 real, 7 MB, 52.37 load
[runlim] sample:		3991.07 time, 4010.01 real, 7 MB, 52.46 load
[runlim] sample:		4001.03 time, 4020.01 real, 7 MB, 52.46 load
[runlim] sample:		4010.98 time, 4030.01 real, 7 MB, 52.55 load
[runlim] sample:		4020.93 time, 4040.01 real, 7 MB, 52.46 load
[runlim] sample:		4030.88 time, 4050.01 real, 7 MB, 52.47 load
[runlim] sample:		4040.83 time, 4060.01 real, 7 MB, 52.40 load
[runlim] sample:		4050.78 time, 4070.01 real, 7 MB, 52.34 load
[runlim] sample:		4060.73 time, 4080.01 real, 7 MB, 52.28 load
[runlim] sample:		4070.68 time, 4090.01 real, 7 MB, 52.39 load
[runlim] sample:		4080.63 time, 4100.01 real, 7 MB, 52.33 load
[runlim] sample:		4090.59 time, 4110.01 real, 7 MB, 52.35 load
[runlim] sample:		4100.54 time, 4120.01 real, 7 MB, 52.37 load
[runlim] sample:		4110.49 time, 4130.01 real, 7 MB, 52.39 load
[runlim] sample:		4120.44 time, 4140.01 real, 7 MB, 52.33 load
[runlim] sample:		4130.39 time, 4150.01 real, 7 MB, 52.35 load
[runlim] sample:		4140.34 time, 4160.01 real, 7 MB, 52.38 load
[runlim] sample:		4150.29 time, 4170.01 real, 7 MB, 52.47 load
[runlim] sample:		4160.24 time, 4180.01 real, 7 MB, 52.47 load
[runlim] sample:		4170.19 time, 4190.01 real, 7 MB, 52.47 load
[runlim] sample:		4180.14 time, 4200.01 real, 7 MB, 52.40 load
[runlim] sample:		4190.09 time, 4210.01 real, 7 MB, 52.41 load
[runlim] sample:		4200.04 time, 4220.01 real, 7 MB, 52.35 load
[runlim] sample:		4209.99 time, 4230.01 real, 7 MB, 52.30 load
[runlim] sample:		4219.95 time, 4240.01 real, 7 MB, 52.32 load
[runlim] sample:		4229.90 time, 4250.01 real, 7 MB, 52.27 load
[runlim] sample:		4239.85 time, 4260.01 real, 7 MB, 52.31 load
[runlim] sample:		4249.80 time, 4270.01 real, 7 MB, 52.33 load
[runlim] sample:		4259.75 time, 4280.01 real, 7 MB, 52.28 load
[runlim] sample:		4269.70 time, 4290.01 real, 7 MB, 52.24 load
[runlim] sample:		4279.65 time, 4300.01 real, 7 MB, 52.20 load
[runlim] sample:		4289.60 time, 4310.01 real, 7 MB, 52.32 load
[runlim] sample:		4299.55 time, 4320.01 real, 7 MB, 52.35 load
[runlim] sample:		4309.50 time, 4330.01 real, 7 MB, 52.44 load
[runlim] sample:		4319.45 time, 4340.01 real, 7 MB, 52.37 load
[runlim] sample:		4329.40 time, 4350.01 real, 7 MB, 52.39 load
[runlim] sample:		4339.35 time, 4360.01 real, 7 MB, 52.33 load
[runlim] sample:		4349.31 time, 4370.01 real, 7 MB, 52.35 load
[runlim] sample:		4359.26 time, 4380.01 real, 7 MB, 52.30 load
[runlim] sample:		4369.21 time, 4390.01 real, 7 MB, 52.41 load
[runlim] sample:		4379.16 time, 4400.01 real, 7 MB, 52.35 load
[runlim] sample:		4389.11 time, 4410.01 real, 7 MB, 52.29 load
[runlim] sample:		4399.06 time, 4420.01 real, 7 MB, 52.32 load
[runlim] sample:		4409.01 time, 4430.01 real, 7 MB, 52.27 load
[runlim] sample:		4418.95 time, 4440.01 real, 7 MB, 52.31 load
[runlim] sample:		4428.90 time, 4450.01 real, 7 MB, 52.34 load
[runlim] sample:		4438.85 time, 4460.01 real, 7 MB, 52.59 load
[runlim] sample:		4448.80 time, 4470.01 real, 7 MB, 52.50 load
[runlim] sample:		4458.75 time, 4480.01 real, 7 MB, 52.42 load
[runlim] sample:		4468.71 time, 4490.01 real, 7 MB, 52.35 load
[runlim] sample:		4478.66 time, 4500.01 real, 7 MB, 52.30 load
[runlim] sample:		4488.61 time, 4510.01 real, 7 MB, 52.25 load
[runlim] sample:		4498.55 time, 4520.01 real, 7 MB, 52.29 load
[runlim] sample:		4508.50 time, 4530.01 real, 7 MB, 52.32 load
[runlim] sample:		4518.45 time, 4540.01 real, 7 MB, 52.35 load
[runlim] sample:		4528.40 time, 4550.01 real, 7 MB, 52.37 load
[runlim] sample:		4538.35 time, 4560.01 real, 7 MB, 52.31 load
[runlim] sample:		4548.30 time, 4570.01 real, 7 MB, 52.42 load
[runlim] sample:		4558.25 time, 4580.01 real, 7 MB, 52.35 load
[runlim] sample:		4568.20 time, 4590.01 real, 7 MB, 52.37 load
[runlim] sample:		4578.16 time, 4600.01 real, 7 MB, 52.39 load
[runlim] sample:		4588.11 time, 4610.01 real, 7 MB, 52.40 load
[runlim] sample:		4598.06 time, 4620.01 real, 7 MB, 52.34 load
[runlim] sample:		4608.01 time, 4630.01 real, 7 MB, 52.36 load
[runlim] sample:		4617.96 time, 4640.01 real, 7 MB, 52.38 load
[runlim] sample:		4627.92 time, 4650.01 real, 7 MB, 52.32 load
[runlim] sample:		4637.87 time, 4660.01 real, 7 MB, 52.35 load
[runlim] sample:		4647.82 time, 4670.01 real, 7 MB, 52.44 load
[runlim] sample:		4657.77 time, 4680.01 real, 7 MB, 52.37 load
[runlim] sample:		4667.72 time, 4690.01 real, 7 MB, 52.39 load
[runlim] sample:		4677.68 time, 4700.01 real, 7 MB, 52.33 load
[runlim] sample:		4687.63 time, 4710.01 real, 7 MB, 52.28 load
[runlim] sample:		4697.58 time, 4720.01 real, 7 MB, 52.23 load
[runlim] sample:		4707.53 time, 4730.01 real, 7 MB, 52.20 load
[runlim] sample:		4717.48 time, 4740.01 real, 7 MB, 52.17 load
[runlim] sample:		4727.44 time, 4750.01 real, 7 MB, 52.14 load
[runlim] sample:		4737.39 time, 4760.01 real, 7 MB, 52.12 load
[runlim] sample:		4747.34 time, 4770.01 real, 7 MB, 52.17 load
[runlim] sample:		4757.29 time, 4780.01 real, 7 MB, 52.22 load
[runlim] sample:		4767.24 time, 4790.01 real, 7 MB, 52.19 load
[runlim] sample:		4777.20 time, 4800.01 real, 7 MB, 52.16 load
[runlim] sample:		4787.15 time, 4810.01 real, 7 MB, 52.13 load
[runlim] sample:		4797.10 time, 4820.01 real, 7 MB, 52.11 load
[runlim] sample:		4807.05 time, 4830.01 real, 7 MB, 52.09 load
[runlim] sample:		4817.01 time, 4840.01 real, 7 MB, 52.08 load
[runlim] sample:		4826.96 time, 4850.01 real, 7 MB, 52.14 load
[runlim] sample:		4836.91 time, 4860.01 real, 7 MB, 52.20 load
[runlim] sample:		4846.86 time, 4870.01 real, 7 MB, 52.17 load
[runlim] sample:		4856.82 time, 4880.01 real, 7 MB, 52.14 load
[runlim] sample:		4866.77 time, 4890.01 real, 7 MB, 52.12 load
[runlim] sample:		4876.72 time, 4900.01 real, 7 MB, 52.18 load
[runlim] sample:		4886.67 time, 4910.01 real, 7 MB, 52.23 load
[runlim] sample:		4896.62 time, 4920.01 real, 7 MB, 52.19 load
[runlim] sample:		4906.58 time, 4930.01 real, 7 MB, 52.16 load
[runlim] sample:		4916.53 time, 4940.01 real, 7 MB, 52.51 load
[runlim] sample:		4926.48 time, 4950.01 real, 7 MB, 52.43 load
[runlim] sample:		4936.43 time, 4960.01 real, 7 MB, 52.44 load
[runlim] sample:		4946.39 time, 4970.01 real, 7 MB, 52.45 load
[runlim] sample:		4956.34 time, 4980.01 real, 7 MB, 52.13 load
[runlim] sample:		4966.30 time, 4990.01 real, 7 MB, 50.56 load
[runlim] sample:		4976.26 time, 5000.01 real, 7 MB, 48.23 load
[runlim] end:			Thu Apr  9 19:25:09 2026
[runlim] status:		out of time
[runlim] result:		2
[runlim] children:		1
[runlim] processes:		2
[runlim] real:			5000.05 seconds
[runlim] time:			4976.26 seconds
[runlim] space:			7 MB
[runlim] load:			56.58 maximum
[runlim] samples:		50000
