[runlim] version:		2.0.0rc1
[runlim] host:			o01n16
[runlim] time limit:		311040000 seconds
[runlim] real time limit:	5000 seconds
[runlim] space limit:		7000 MB
[runlim] argv[0]:		./binary
[runlim] argv[1]:		-c
[runlim] argv[2]:		/tmp/local-unzipped-12459986-1-45-mc2025_track1_199.cnf
[runlim] start:			Thu Apr  9 18:02:06 2026
[runlim] child:			3049250
[runlim] sample:		9.94 time, 10.01 real, 297 MB, 23.02 load
[runlim] sample:		19.87 time, 20.01 real, 297 MB, 29.02 load
[runlim] sample:		29.81 time, 30.01 real, 297 MB, 33.78 load
[runlim] sample:		39.76 time, 40.01 real, 297 MB, 37.66 load
[runlim] sample:		49.70 time, 50.01 real, 297 MB, 41.08 load
[runlim] sample:		59.64 time, 60.01 real, 297 MB, 43.68 load
[runlim] sample:		69.59 time, 70.01 real, 297 MB, 45.96 load
[runlim] sample:		79.53 time, 80.01 real, 297 MB, 48.04 load
[runlim] sample:		89.48 time, 90.01 real, 297 MB, 49.57 load
[runlim] sample:		99.42 time, 100.01 real, 297 MB, 50.87 load
[runlim] sample:		109.37 time, 110.01 real, 297 MB, 51.89 load
[runlim] sample:		119.31 time, 120.01 real, 297 MB, 52.67 load
[runlim] sample:		129.26 time, 130.01 real, 297 MB, 53.34 load
[runlim] sample:		139.21 time, 140.01 real, 297 MB, 54.04 load
[runlim] sample:		149.16 time, 150.01 real, 297 MB, 54.50 load
[runlim] sample:		159.11 time, 160.01 real, 297 MB, 54.73 load
[runlim] sample:		169.05 time, 170.01 real, 297 MB, 55.00 load
[runlim] sample:		179.00 time, 180.01 real, 297 MB, 55.15 load
[runlim] sample:		188.95 time, 190.01 real, 297 MB, 55.44 load
[runlim] sample:		198.90 time, 200.01 real, 297 MB, 55.60 load
[runlim] sample:		208.85 time, 210.01 real, 297 MB, 55.66 load
[runlim] sample:		218.80 time, 220.01 real, 297 MB, 55.71 load
[runlim] sample:		228.75 time, 230.01 real, 297 MB, 55.76 load
[runlim] sample:		238.70 time, 240.01 real, 297 MB, 55.80 load
[runlim] sample:		248.65 time, 250.01 real, 297 MB, 56.22 load
[runlim] sample:		258.61 time, 260.01 real, 297 MB, 56.26 load
[runlim] sample:		268.56 time, 270.01 real, 297 MB, 56.22 load
[runlim] sample:		278.51 time, 280.01 real, 297 MB, 56.19 load
[runlim] sample:		288.46 time, 290.01 real, 297 MB, 56.16 load
[runlim] sample:		298.41 time, 300.01 real, 297 MB, 56.13 load
[runlim] sample:		308.37 time, 310.01 real, 297 MB, 56.19 load
[runlim] sample:		318.32 time, 320.01 real, 297 MB, 56.38 load
[runlim] sample:		328.27 time, 330.01 real, 297 MB, 56.32 load
[runlim] sample:		338.22 time, 340.01 real, 297 MB, 56.27 load
[runlim] sample:		348.17 time, 350.01 real, 297 MB, 56.31 load
[runlim] sample:		358.12 time, 360.01 real, 297 MB, 56.26 load
[runlim] sample:		368.08 time, 370.01 real, 297 MB, 56.22 load
[runlim] sample:		378.02 time, 380.01 real, 297 MB, 56.33 load
[runlim] sample:		387.98 time, 390.01 real, 297 MB, 56.28 load
[runlim] sample:		397.93 time, 400.01 real, 297 MB, 56.24 load
[runlim] sample:		407.88 time, 410.01 real, 297 MB, 56.20 load
[runlim] sample:		417.83 time, 420.01 real, 297 MB, 56.39 load
[runlim] sample:		427.78 time, 430.01 real, 297 MB, 56.33 load
[runlim] sample:		437.73 time, 440.01 real, 297 MB, 56.58 load
[runlim] sample:		447.68 time, 450.01 real, 297 MB, 56.34 load
[runlim] sample:		457.63 time, 460.01 real, 297 MB, 56.13 load
[runlim] sample:		467.58 time, 470.01 real, 297 MB, 55.96 load
[runlim] sample:		477.52 time, 480.01 real, 297 MB, 55.81 load
[runlim] sample:		487.47 time, 490.01 real, 297 MB, 55.68 load
[runlim] sample:		497.42 time, 500.01 real, 297 MB, 56.03 load
[runlim] sample:		507.37 time, 510.01 real, 297 MB, 55.94 load
[runlim] sample:		517.32 time, 520.01 real, 297 MB, 55.80 load
[runlim] sample:		527.27 time, 530.01 real, 297 MB, 55.67 load
[runlim] sample:		537.22 time, 540.01 real, 297 MB, 55.57 load
[runlim] sample:		547.17 time, 550.01 real, 297 MB, 55.56 load
[runlim] sample:		557.11 time, 560.01 real, 297 MB, 55.69 load
[runlim] sample:		567.06 time, 570.01 real, 297 MB, 55.58 load
[runlim] sample:		577.01 time, 580.01 real, 297 MB, 55.49 load
[runlim] sample:		586.96 time, 590.01 real, 297 MB, 55.42 load
[runlim] sample:		596.91 time, 600.01 real, 297 MB, 55.43 load
[runlim] sample:		606.86 time, 610.01 real, 297 MB, 55.36 load
[runlim] sample:		616.81 time, 620.01 real, 297 MB, 55.45 load
[runlim] sample:		626.76 time, 630.01 real, 297 MB, 55.22 load
[runlim] sample:		636.71 time, 640.01 real, 297 MB, 55.03 load
[runlim] sample:		646.66 time, 650.01 real, 297 MB, 54.95 load
[runlim] sample:		656.61 time, 660.01 real, 297 MB, 54.80 load
[runlim] sample:		666.56 time, 670.01 real, 297 MB, 54.68 load
[runlim] sample:		676.51 time, 680.01 real, 297 MB, 54.73 load
[runlim] sample:		686.46 time, 690.01 real, 297 MB, 54.62 load
[runlim] sample:		696.41 time, 700.01 real, 297 MB, 54.52 load
[runlim] sample:		706.36 time, 710.01 real, 297 MB, 54.44 load
[runlim] sample:		716.31 time, 720.01 real, 297 MB, 54.37 load
[runlim] sample:		726.26 time, 730.01 real, 297 MB, 54.31 load
[runlim] sample:		736.21 time, 740.01 real, 297 MB, 54.57 load
[runlim] sample:		746.16 time, 750.01 real, 297 MB, 54.48 load
[runlim] sample:		756.11 time, 760.01 real, 297 MB, 54.41 load
[runlim] sample:		766.06 time, 770.01 real, 297 MB, 54.34 load
[runlim] sample:		776.01 time, 780.01 real, 297 MB, 54.29 load
[runlim] sample:		785.96 time, 790.01 real, 297 MB, 54.24 load
[runlim] sample:		795.91 time, 800.01 real, 297 MB, 54.44 load
[runlim] sample:		805.86 time, 810.01 real, 297 MB, 54.37 load
[runlim] sample:		815.80 time, 820.01 real, 297 MB, 54.31 load
[runlim] sample:		825.75 time, 830.01 real, 297 MB, 54.27 load
[runlim] sample:		835.70 time, 840.01 real, 297 MB, 54.22 load
[runlim] sample:		845.65 time, 850.01 real, 297 MB, 54.19 load
[runlim] sample:		855.60 time, 860.01 real, 297 MB, 54.39 load
[runlim] sample:		865.55 time, 870.01 real, 297 MB, 54.41 load
[runlim] sample:		875.50 time, 880.01 real, 297 MB, 54.35 load
[runlim] sample:		885.45 time, 890.01 real, 297 MB, 54.29 load
[runlim] sample:		895.40 time, 900.01 real, 297 MB, 54.25 load
[runlim] sample:		905.35 time, 910.01 real, 297 MB, 54.21 load
[runlim] sample:		915.30 time, 920.01 real, 297 MB, 54.40 load
[runlim] sample:		925.25 time, 930.01 real, 297 MB, 54.34 load
[runlim] sample:		935.20 time, 940.01 real, 297 MB, 54.29 load
[runlim] sample:		945.15 time, 950.01 real, 297 MB, 54.32 load
[runlim] sample:		955.10 time, 960.01 real, 297 MB, 54.34 load
[runlim] sample:		965.05 time, 970.01 real, 297 MB, 54.21 load
[runlim] sample:		975.00 time, 980.01 real, 297 MB, 54.10 load
[runlim] sample:		984.95 time, 990.01 real, 297 MB, 53.93 load
[runlim] sample:		994.91 time, 1000.01 real, 297 MB, 53.87 load
[runlim] sample:		1004.86 time, 1010.01 real, 297 MB, 53.81 load
[runlim] sample:		1014.81 time, 1020.01 real, 297 MB, 53.68 load
[runlim] sample:		1024.76 time, 1030.01 real, 297 MB, 53.65 load
[runlim] sample:		1034.71 time, 1040.01 real, 297 MB, 53.78 load
[runlim] sample:		1044.66 time, 1050.01 real, 297 MB, 53.66 load
[runlim] sample:		1054.61 time, 1060.01 real, 297 MB, 53.56 load
[runlim] sample:		1064.56 time, 1070.01 real, 297 MB, 53.55 load
[runlim] sample:		1074.51 time, 1080.01 real, 297 MB, 53.47 load
[runlim] sample:		1084.46 time, 1090.01 real, 297 MB, 53.47 load
[runlim] sample:		1094.42 time, 1100.01 real, 297 MB, 53.55 load
[runlim] sample:		1104.37 time, 1110.01 real, 297 MB, 53.47 load
[runlim] sample:		1114.33 time, 1120.01 real, 297 MB, 53.39 load
[runlim] sample:		1124.27 time, 1130.01 real, 297 MB, 53.33 load
[runlim] sample:		1134.22 time, 1140.01 real, 297 MB, 53.28 load
[runlim] sample:		1144.18 time, 1150.01 real, 297 MB, 53.31 load
[runlim] sample:		1154.13 time, 1160.01 real, 297 MB, 53.34 load
[runlim] sample:		1164.08 time, 1170.01 real, 297 MB, 53.28 load
[runlim] sample:		1174.03 time, 1180.01 real, 297 MB, 53.39 load
[runlim] sample:		1183.98 time, 1190.01 real, 297 MB, 53.33 load
[runlim] sample:		1193.94 time, 1200.01 real, 297 MB, 53.28 load
[runlim] sample:		1203.89 time, 1210.01 real, 297 MB, 53.24 load
[runlim] sample:		1213.84 time, 1220.01 real, 297 MB, 53.42 load
[runlim] sample:		1223.79 time, 1230.01 real, 297 MB, 53.44 load
[runlim] sample:		1233.74 time, 1240.01 real, 297 MB, 53.52 load
[runlim] sample:		1243.69 time, 1250.01 real, 297 MB, 53.52 load
[runlim] sample:		1253.64 time, 1260.01 real, 297 MB, 53.44 load
[runlim] sample:		1263.59 time, 1270.01 real, 297 MB, 53.53 load
[runlim] sample:		1273.54 time, 1280.01 real, 297 MB, 53.52 load
[runlim] sample:		1283.49 time, 1290.01 real, 297 MB, 53.44 load
[runlim] sample:		1293.45 time, 1300.01 real, 297 MB, 53.45 load
[runlim] sample:		1303.40 time, 1310.01 real, 297 MB, 53.38 load
[runlim] sample:		1313.35 time, 1320.01 real, 297 MB, 53.32 load
[runlim] sample:		1323.30 time, 1330.01 real, 297 MB, 53.27 load
[runlim] sample:		1333.25 time, 1340.01 real, 297 MB, 53.31 load
[runlim] sample:		1343.20 time, 1350.01 real, 297 MB, 53.26 load
[runlim] sample:		1353.15 time, 1360.01 real, 297 MB, 53.29 load
[runlim] sample:		1363.11 time, 1370.01 real, 297 MB, 53.33 load
[runlim] sample:		1373.06 time, 1380.01 real, 297 MB, 53.35 load
[runlim] sample:		1383.01 time, 1390.01 real, 297 MB, 53.30 load
[runlim] sample:		1392.96 time, 1400.01 real, 297 MB, 53.32 load
[runlim] sample:		1402.90 time, 1410.01 real, 297 MB, 53.27 load
[runlim] sample:		1412.85 time, 1420.01 real, 297 MB, 53.39 load
[runlim] sample:		1422.80 time, 1430.01 real, 297 MB, 53.41 load
[runlim] sample:		1432.75 time, 1440.01 real, 297 MB, 53.57 load
[runlim] sample:		1442.70 time, 1450.01 real, 297 MB, 53.56 load
[runlim] sample:		1452.65 time, 1460.01 real, 297 MB, 53.54 load
[runlim] sample:		1462.60 time, 1470.01 real, 297 MB, 53.46 load
[runlim] sample:		1472.56 time, 1480.01 real, 297 MB, 53.39 load
[runlim] sample:		1482.51 time, 1490.01 real, 297 MB, 53.33 load
[runlim] sample:		1492.46 time, 1500.01 real, 297 MB, 53.43 load
[runlim] sample:		1502.41 time, 1510.01 real, 297 MB, 53.37 load
[runlim] sample:		1512.36 time, 1520.01 real, 297 MB, 53.46 load
[runlim] sample:		1522.31 time, 1530.01 real, 297 MB, 53.46 load
[runlim] sample:		1532.26 time, 1540.01 real, 297 MB, 53.39 load
[runlim] sample:		1542.21 time, 1550.01 real, 297 MB, 53.33 load
[runlim] sample:		1552.16 time, 1560.01 real, 297 MB, 53.28 load
[runlim] sample:		1562.11 time, 1570.01 real, 297 MB, 53.24 load
[runlim] sample:		1572.07 time, 1580.01 real, 297 MB, 53.28 load
[runlim] sample:		1582.02 time, 1590.01 real, 297 MB, 53.24 load
[runlim] sample:		1591.97 time, 1600.01 real, 297 MB, 53.20 load
[runlim] sample:		1601.92 time, 1610.01 real, 297 MB, 53.24 load
[runlim] sample:		1611.87 time, 1620.01 real, 297 MB, 53.20 load
[runlim] sample:		1621.83 time, 1630.01 real, 297 MB, 53.17 load
[runlim] sample:		1631.78 time, 1640.01 real, 297 MB, 53.23 load
[runlim] sample:		1641.73 time, 1650.01 real, 297 MB, 53.26 load
[runlim] sample:		1651.68 time, 1660.01 real, 297 MB, 53.22 load
[runlim] sample:		1661.63 time, 1670.01 real, 297 MB, 53.27 load
[runlim] sample:		1671.59 time, 1680.01 real, 297 MB, 53.23 load
[runlim] sample:		1681.54 time, 1690.01 real, 297 MB, 53.19 load
[runlim] sample:		1691.49 time, 1700.01 real, 297 MB, 53.39 load
[runlim] sample:		1701.44 time, 1710.01 real, 297 MB, 53.33 load
[runlim] sample:		1711.39 time, 1720.01 real, 297 MB, 53.35 load
[runlim] sample:		1721.34 time, 1730.01 real, 297 MB, 53.30 load
[runlim] sample:		1731.29 time, 1740.01 real, 297 MB, 53.25 load
[runlim] sample:		1741.24 time, 1750.01 real, 297 MB, 53.29 load
[runlim] sample:		1751.19 time, 1760.01 real, 297 MB, 53.32 load
[runlim] sample:		1761.15 time, 1770.01 real, 297 MB, 53.27 load
[runlim] sample:		1771.10 time, 1780.01 real, 297 MB, 53.23 load
[runlim] sample:		1781.05 time, 1790.01 real, 297 MB, 53.27 load
[runlim] sample:		1791.00 time, 1800.01 real, 297 MB, 53.23 load
[runlim] sample:		1800.95 time, 1810.01 real, 297 MB, 53.19 load
[runlim] sample:		1810.90 time, 1820.01 real, 297 MB, 53.32 load
[runlim] sample:		1820.86 time, 1830.01 real, 297 MB, 53.27 load
[runlim] sample:		1830.81 time, 1840.01 real, 297 MB, 53.23 load
[runlim] sample:		1840.77 time, 1850.01 real, 297 MB, 53.19 load
[runlim] sample:		1850.72 time, 1860.01 real, 297 MB, 53.16 load
[runlim] sample:		1860.67 time, 1870.01 real, 297 MB, 53.22 load
[runlim] sample:		1870.62 time, 1880.01 real, 297 MB, 53.26 load
[runlim] sample:		1880.57 time, 1890.01 real, 297 MB, 53.30 load
[runlim] sample:		1890.52 time, 1900.01 real, 297 MB, 53.25 load
[runlim] sample:		1900.47 time, 1910.01 real, 297 MB, 53.21 load
[runlim] sample:		1910.42 time, 1920.01 real, 297 MB, 53.33 load
[runlim] sample:		1920.37 time, 1930.01 real, 297 MB, 53.28 load
[runlim] sample:		1930.32 time, 1940.01 real, 297 MB, 53.31 load
[runlim] sample:		1940.27 time, 1950.01 real, 297 MB, 53.26 load
[runlim] sample:		1950.22 time, 1960.01 real, 297 MB, 53.22 load
[runlim] sample:		1960.17 time, 1970.01 real, 297 MB, 53.34 load
[runlim] sample:		1970.12 time, 1980.01 real, 297 MB, 53.36 load
[runlim] sample:		1980.07 time, 1990.01 real, 297 MB, 53.30 load
[runlim] sample:		1990.02 time, 2000.01 real, 297 MB, 53.42 load
[runlim] sample:		1999.97 time, 2010.01 real, 297 MB, 53.35 load
[runlim] sample:		2009.92 time, 2020.01 real, 297 MB, 53.30 load
[runlim] sample:		2019.87 time, 2030.01 real, 297 MB, 53.25 load
[runlim] sample:		2029.82 time, 2040.01 real, 297 MB, 53.21 load
[runlim] sample:		2039.77 time, 2050.01 real, 297 MB, 53.18 load
[runlim] sample:		2049.72 time, 2060.01 real, 297 MB, 53.23 load
[runlim] sample:		2059.67 time, 2070.01 real, 297 MB, 53.20 load
[runlim] sample:		2069.62 time, 2080.01 real, 297 MB, 53.24 load
[runlim] sample:		2079.57 time, 2090.01 real, 297 MB, 53.20 load
[runlim] sample:		2089.51 time, 2100.01 real, 297 MB, 53.17 load
[runlim] sample:		2099.46 time, 2110.01 real, 297 MB, 53.14 load
[runlim] sample:		2109.41 time, 2120.01 real, 297 MB, 53.28 load
[runlim] sample:		2119.37 time, 2130.01 real, 297 MB, 53.23 load
[runlim] sample:		2129.32 time, 2140.01 real, 297 MB, 53.20 load
[runlim] sample:		2139.27 time, 2150.01 real, 297 MB, 53.17 load
[runlim] sample:		2149.22 time, 2160.01 real, 297 MB, 53.37 load
[runlim] sample:		2159.17 time, 2170.01 real, 297 MB, 53.31 load
[runlim] sample:		2169.12 time, 2180.01 real, 297 MB, 53.34 load
[runlim] sample:		2179.07 time, 2190.01 real, 297 MB, 53.29 load
[runlim] sample:		2189.02 time, 2200.01 real, 297 MB, 53.25 load
[runlim] sample:		2198.97 time, 2210.01 real, 297 MB, 53.21 load
[runlim] sample:		2208.92 time, 2220.01 real, 297 MB, 53.26 load
[runlim] sample:		2218.87 time, 2230.01 real, 297 MB, 53.22 load
[runlim] sample:		2228.82 time, 2240.01 real, 297 MB, 53.26 load
[runlim] sample:		2238.77 time, 2250.01 real, 297 MB, 53.30 load
[runlim] sample:		2248.72 time, 2260.01 real, 297 MB, 53.25 load
[runlim] sample:		2258.67 time, 2270.01 real, 297 MB, 53.21 load
[runlim] sample:		2268.62 time, 2280.01 real, 297 MB, 53.18 load
[runlim] sample:		2278.57 time, 2290.01 real, 297 MB, 53.15 load
[runlim] sample:		2288.52 time, 2300.01 real, 297 MB, 53.21 load
[runlim] sample:		2298.48 time, 2310.01 real, 297 MB, 53.26 load
[runlim] sample:		2308.43 time, 2320.01 real, 297 MB, 53.29 load
[runlim] sample:		2318.38 time, 2330.01 real, 297 MB, 53.25 load
[runlim] sample:		2328.33 time, 2340.01 real, 297 MB, 53.21 load
[runlim] sample:		2338.28 time, 2350.01 real, 297 MB, 53.17 load
[runlim] sample:		2348.23 time, 2360.01 real, 297 MB, 53.23 load
[runlim] sample:		2358.17 time, 2370.01 real, 297 MB, 53.27 load
[runlim] sample:		2368.13 time, 2380.01 real, 297 MB, 53.23 load
[runlim] sample:		2378.08 time, 2390.01 real, 297 MB, 53.19 load
[runlim] sample:		2388.03 time, 2400.01 real, 297 MB, 53.16 load
[runlim] sample:		2397.98 time, 2410.01 real, 297 MB, 53.14 load
[runlim] sample:		2407.93 time, 2420.01 real, 297 MB, 53.27 load
[runlim] sample:		2417.88 time, 2430.01 real, 297 MB, 53.23 load
[runlim] sample:		2427.83 time, 2440.01 real, 297 MB, 53.19 load
[runlim] sample:		2437.78 time, 2450.01 real, 297 MB, 53.24 load
[runlim] sample:		2447.73 time, 2460.01 real, 297 MB, 53.35 load
[runlim] sample:		2457.68 time, 2470.01 real, 297 MB, 53.29 load
[runlim] sample:		2467.63 time, 2480.01 real, 297 MB, 53.25 load
[runlim] sample:		2477.58 time, 2490.01 real, 297 MB, 53.28 load
[runlim] sample:		2487.53 time, 2500.01 real, 297 MB, 53.32 load
[runlim] sample:		2497.48 time, 2510.01 real, 297 MB, 53.35 load
[runlim] sample:		2507.43 time, 2520.01 real, 297 MB, 53.29 load
[runlim] sample:		2517.38 time, 2530.01 real, 297 MB, 53.25 load
[runlim] sample:		2527.33 time, 2540.01 real, 297 MB, 53.21 load
[runlim] sample:		2537.29 time, 2550.01 real, 297 MB, 53.18 load
[runlim] sample:		2547.24 time, 2560.01 real, 297 MB, 53.22 load
[runlim] sample:		2557.19 time, 2570.01 real, 297 MB, 53.19 load
[runlim] sample:		2567.13 time, 2580.01 real, 297 MB, 53.16 load
[runlim] sample:		2577.08 time, 2590.01 real, 297 MB, 53.13 load
[runlim] sample:		2587.03 time, 2600.01 real, 297 MB, 53.11 load
[runlim] sample:		2596.99 time, 2610.01 real, 297 MB, 53.10 load
[runlim] sample:		2606.93 time, 2620.01 real, 297 MB, 53.15 load
[runlim] sample:		2616.89 time, 2630.01 real, 297 MB, 53.13 load
[runlim] sample:		2626.83 time, 2640.01 real, 297 MB, 53.11 load
[runlim] sample:		2636.79 time, 2650.01 real, 297 MB, 53.17 load
[runlim] sample:		2646.74 time, 2660.01 real, 297 MB, 53.14 load
[runlim] sample:		2656.69 time, 2670.01 real, 297 MB, 53.20 load
[runlim] sample:		2666.64 time, 2680.01 real, 297 MB, 53.17 load
[runlim] sample:		2676.59 time, 2690.01 real, 297 MB, 53.14 load
[runlim] sample:		2686.54 time, 2700.01 real, 297 MB, 53.12 load
[runlim] sample:		2696.49 time, 2710.01 real, 297 MB, 53.10 load
[runlim] sample:		2706.44 time, 2720.01 real, 297 MB, 53.16 load
[runlim] sample:		2716.40 time, 2730.01 real, 297 MB, 53.13 load
[runlim] sample:		2726.35 time, 2740.01 real, 297 MB, 53.11 load
[runlim] sample:		2736.30 time, 2750.01 real, 297 MB, 53.17 load
[runlim] sample:		2746.25 time, 2760.01 real, 297 MB, 53.14 load
[runlim] sample:		2756.20 time, 2770.01 real, 297 MB, 53.12 load
[runlim] sample:		2766.15 time, 2780.01 real, 297 MB, 53.18 load
[runlim] sample:		2776.10 time, 2790.01 real, 297 MB, 53.15 load
[runlim] sample:		2786.06 time, 2800.01 real, 297 MB, 53.12 load
[runlim] sample:		2796.01 time, 2810.01 real, 297 MB, 53.10 load
[runlim] sample:		2805.96 time, 2820.01 real, 297 MB, 53.09 load
[runlim] sample:		2815.91 time, 2830.01 real, 297 MB, 53.07 load
[runlim] sample:		2825.86 time, 2840.01 real, 297 MB, 53.14 load
[runlim] sample:		2835.81 time, 2850.01 real, 297 MB, 53.11 load
[runlim] sample:		2845.77 time, 2860.01 real, 297 MB, 53.10 load
[runlim] sample:		2855.72 time, 2870.01 real, 297 MB, 53.16 load
[runlim] sample:		2865.67 time, 2880.01 real, 297 MB, 53.21 load
[runlim] sample:		2875.62 time, 2890.01 real, 297 MB, 53.25 load
[runlim] sample:		2885.57 time, 2900.01 real, 297 MB, 53.36 load
[runlim] sample:		2895.52 time, 2910.01 real, 297 MB, 53.30 load
[runlim] sample:		2905.48 time, 2920.01 real, 297 MB, 53.26 load
[runlim] sample:		2915.43 time, 2930.01 real, 297 MB, 53.22 load
[runlim] sample:		2925.38 time, 2940.01 real, 297 MB, 53.48 load
[runlim] sample:		2935.33 time, 2950.01 real, 297 MB, 53.48 load
[runlim] sample:		2945.28 time, 2960.01 real, 297 MB, 53.52 load
[runlim] sample:		2955.23 time, 2970.01 real, 297 MB, 53.44 load
[runlim] sample:		2965.19 time, 2980.01 real, 297 MB, 53.37 load
[runlim] sample:		2975.14 time, 2990.01 real, 297 MB, 53.31 load
[runlim] sample:		2985.09 time, 3000.01 real, 297 MB, 53.34 load
[runlim] sample:		2995.04 time, 3010.01 real, 297 MB, 53.52 load
[runlim] sample:		3004.99 time, 3020.01 real, 297 MB, 53.44 load
[runlim] sample:		3014.94 time, 3030.01 real, 297 MB, 53.37 load
[runlim] sample:		3024.89 time, 3040.01 real, 297 MB, 53.31 load
[runlim] sample:		3034.84 time, 3050.01 real, 297 MB, 53.35 load
[runlim] sample:		3044.80 time, 3060.01 real, 297 MB, 53.29 load
[runlim] sample:		3054.75 time, 3070.01 real, 297 MB, 53.25 load
[runlim] sample:		3064.70 time, 3080.01 real, 297 MB, 53.21 load
[runlim] sample:		3074.65 time, 3090.01 real, 297 MB, 53.25 load
[runlim] sample:		3084.60 time, 3100.01 real, 297 MB, 53.21 load
[runlim] sample:		3094.55 time, 3110.01 real, 297 MB, 53.18 load
[runlim] sample:		3104.50 time, 3120.01 real, 297 MB, 53.15 load
[runlim] sample:		3114.45 time, 3130.01 real, 297 MB, 53.13 load
[runlim] sample:		3124.41 time, 3140.01 real, 297 MB, 53.26 load
[runlim] sample:		3134.36 time, 3150.01 real, 297 MB, 53.45 load
[runlim] sample:		3144.31 time, 3160.01 real, 297 MB, 53.38 load
[runlim] sample:		3154.26 time, 3170.01 real, 297 MB, 53.32 load
[runlim] sample:		3164.21 time, 3180.01 real, 297 MB, 53.35 load
[runlim] sample:		3174.16 time, 3190.01 real, 297 MB, 53.29 load
[runlim] sample:		3184.12 time, 3200.01 real, 297 MB, 53.25 load
[runlim] sample:		3194.07 time, 3210.01 real, 297 MB, 53.21 load
[runlim] sample:		3204.02 time, 3220.01 real, 297 MB, 53.18 load
[runlim] sample:		3213.98 time, 3230.01 real, 297 MB, 53.38 load
[runlim] sample:		3223.93 time, 3240.01 real, 297 MB, 53.48 load
[runlim] sample:		3233.88 time, 3250.01 real, 297 MB, 53.64 load
[runlim] sample:		3243.83 time, 3260.01 real, 297 MB, 53.70 load
[runlim] sample:		3253.79 time, 3270.01 real, 297 MB, 53.74 load
[runlim] sample:		3263.75 time, 3280.01 real, 297 MB, 53.78 load
[runlim] sample:		3273.70 time, 3290.01 real, 297 MB, 53.82 load
[runlim] sample:		3283.65 time, 3300.01 real, 297 MB, 53.84 load
[runlim] sample:		3293.60 time, 3310.01 real, 297 MB, 53.94 load
[runlim] sample:		3303.55 time, 3320.01 real, 297 MB, 53.96 load
[runlim] sample:		3313.50 time, 3330.01 real, 297 MB, 53.81 load
[runlim] sample:		3323.45 time, 3340.01 real, 297 MB, 53.68 load
[runlim] sample:		3333.40 time, 3350.01 real, 297 MB, 53.65 load
[runlim] sample:		3343.35 time, 3360.01 real, 297 MB, 53.55 load
[runlim] sample:		3353.31 time, 3370.01 real, 297 MB, 53.47 load
[runlim] sample:		3363.26 time, 3380.01 real, 297 MB, 53.47 load
[runlim] sample:		3373.21 time, 3390.01 real, 297 MB, 53.40 load
[runlim] sample:		3383.16 time, 3400.01 real, 297 MB, 53.33 load
[runlim] sample:		3393.11 time, 3410.01 real, 297 MB, 53.44 load
[runlim] sample:		3403.06 time, 3420.01 real, 297 MB, 53.61 load
[runlim] sample:		3413.00 time, 3430.01 real, 297 MB, 53.59 load
[runlim] sample:		3422.95 time, 3440.01 real, 297 MB, 53.58 load
[runlim] sample:		3432.90 time, 3450.01 real, 297 MB, 53.49 load
[runlim] sample:		3442.86 time, 3460.01 real, 297 MB, 53.41 load
[runlim] sample:		3452.81 time, 3470.01 real, 297 MB, 53.42 load
[runlim] sample:		3462.76 time, 3480.01 real, 297 MB, 53.36 load
[runlim] sample:		3472.71 time, 3490.01 real, 297 MB, 53.30 load
[runlim] sample:		3482.66 time, 3500.01 real, 297 MB, 53.49 load
[runlim] sample:		3492.61 time, 3510.01 real, 297 MB, 53.57 load
[runlim] sample:		3502.56 time, 3520.01 real, 297 MB, 53.56 load
[runlim] sample:		3512.51 time, 3530.01 real, 297 MB, 53.55 load
[runlim] sample:		3522.46 time, 3540.01 real, 297 MB, 53.46 load
[runlim] sample:		3532.41 time, 3550.01 real, 297 MB, 53.39 load
[runlim] sample:		3542.36 time, 3560.01 real, 297 MB, 53.33 load
[runlim] sample:		3552.31 time, 3570.01 real, 297 MB, 53.28 load
[runlim] sample:		3562.26 time, 3580.01 real, 297 MB, 53.24 load
[runlim] sample:		3572.21 time, 3590.01 real, 297 MB, 53.20 load
[runlim] sample:		3582.16 time, 3600.01 real, 297 MB, 53.17 load
[runlim] sample:		3592.11 time, 3610.01 real, 297 MB, 53.14 load
[runlim] sample:		3602.06 time, 3620.01 real, 297 MB, 53.28 load
[runlim] sample:		3612.01 time, 3630.01 real, 297 MB, 53.24 load
[runlim] sample:		3621.97 time, 3640.01 real, 297 MB, 53.20 load
[runlim] sample:		3631.93 time, 3650.01 real, 297 MB, 53.25 load
[runlim] sample:		3641.88 time, 3660.01 real, 297 MB, 53.21 load
[runlim] sample:		3651.83 time, 3670.01 real, 297 MB, 53.18 load
[runlim] sample:		3661.78 time, 3680.01 real, 297 MB, 53.15 load
[runlim] sample:		3671.74 time, 3690.01 real, 297 MB, 53.13 load
[runlim] sample:		3681.69 time, 3700.01 real, 297 MB, 53.11 load
[runlim] sample:		3691.64 time, 3710.01 real, 297 MB, 53.17 load
[runlim] sample:		3701.59 time, 3720.01 real, 297 MB, 53.14 load
[runlim] sample:		3711.54 time, 3730.01 real, 297 MB, 53.12 load
[runlim] sample:		3721.49 time, 3740.01 real, 297 MB, 53.10 load
[runlim] sample:		3731.44 time, 3750.01 real, 297 MB, 53.17 load
[runlim] sample:		3741.38 time, 3760.01 real, 297 MB, 53.22 load
[runlim] sample:		3751.33 time, 3770.01 real, 297 MB, 53.19 load
[runlim] sample:		3761.28 time, 3780.01 real, 297 MB, 53.16 load
[runlim] sample:		3771.23 time, 3790.01 real, 297 MB, 53.21 load
[runlim] sample:		3781.17 time, 3800.01 real, 297 MB, 53.03 load
[runlim] sample:		3791.12 time, 3810.01 real, 297 MB, 52.87 load
[runlim] sample:		3801.07 time, 3820.01 real, 297 MB, 52.73 load
[runlim] sample:		3811.02 time, 3830.01 real, 297 MB, 52.62 load
[runlim] sample:		3820.96 time, 3840.01 real, 297 MB, 52.53 load
[runlim] sample:		3830.91 time, 3850.01 real, 297 MB, 52.44 load
[runlim] sample:		3840.86 time, 3860.01 real, 297 MB, 52.38 load
[runlim] sample:		3850.81 time, 3870.01 real, 297 MB, 52.32 load
[runlim] sample:		3860.75 time, 3880.01 real, 297 MB, 52.27 load
[runlim] sample:		3870.70 time, 3890.01 real, 297 MB, 52.23 load
[runlim] sample:		3880.65 time, 3900.01 real, 297 MB, 52.19 load
[runlim] sample:		3890.61 time, 3910.01 real, 297 MB, 52.24 load
[runlim] sample:		3900.55 time, 3920.01 real, 297 MB, 52.28 load
[runlim] sample:		3910.50 time, 3930.01 real, 297 MB, 52.32 load
[runlim] sample:		3920.45 time, 3940.01 real, 297 MB, 52.27 load
[runlim] sample:		3930.40 time, 3950.01 real, 297 MB, 52.31 load
[runlim] sample:		3940.34 time, 3960.01 real, 297 MB, 52.34 load
[runlim] sample:		3950.29 time, 3970.01 real, 297 MB, 52.37 load
[runlim] sample:		3960.24 time, 3980.01 real, 297 MB, 52.31 load
[runlim] sample:		3970.19 time, 3990.01 real, 297 MB, 52.50 load
[runlim] sample:		3980.14 time, 4000.01 real, 297 MB, 52.50 load
[runlim] sample:		3990.08 time, 4010.01 real, 297 MB, 52.51 load
[runlim] sample:		4000.03 time, 4020.01 real, 297 MB, 52.50 load
[runlim] sample:		4009.98 time, 4030.01 real, 297 MB, 52.42 load
[runlim] sample:		4019.93 time, 4040.01 real, 297 MB, 52.43 load
[runlim] sample:		4029.88 time, 4050.01 real, 297 MB, 52.37 load
[runlim] sample:		4039.83 time, 4060.01 real, 297 MB, 52.31 load
[runlim] sample:		4049.78 time, 4070.01 real, 297 MB, 52.42 load
[runlim] sample:		4059.73 time, 4080.01 real, 297 MB, 52.36 load
[runlim] sample:		4069.67 time, 4090.01 real, 297 MB, 52.38 load
[runlim] sample:		4079.62 time, 4100.01 real, 297 MB, 52.40 load
[runlim] sample:		4089.57 time, 4110.01 real, 297 MB, 52.42 load
[runlim] sample:		4099.52 time, 4120.01 real, 297 MB, 52.36 load
[runlim] sample:		4109.47 time, 4130.01 real, 297 MB, 52.38 load
[runlim] sample:		4119.42 time, 4140.01 real, 297 MB, 52.32 load
[runlim] sample:		4129.36 time, 4150.01 real, 297 MB, 52.51 load
[runlim] sample:		4139.31 time, 4160.01 real, 297 MB, 52.43 load
[runlim] sample:		4149.26 time, 4170.01 real, 297 MB, 52.52 load
[runlim] sample:		4159.21 time, 4180.01 real, 297 MB, 52.44 load
[runlim] sample:		4169.16 time, 4190.01 real, 297 MB, 52.45 load
[runlim] sample:		4179.10 time, 4200.01 real, 297 MB, 52.38 load
[runlim] sample:		4189.05 time, 4210.01 real, 297 MB, 52.32 load
[runlim] sample:		4199.00 time, 4220.01 real, 297 MB, 52.35 load
[runlim] sample:		4208.95 time, 4230.01 real, 297 MB, 52.30 load
[runlim] sample:		4218.91 time, 4240.01 real, 297 MB, 52.33 load
[runlim] sample:		4228.86 time, 4250.01 real, 297 MB, 52.36 load
[runlim] sample:		4238.81 time, 4260.01 real, 297 MB, 52.31 load
[runlim] sample:		4248.75 time, 4270.01 real, 297 MB, 52.26 load
[runlim] sample:		4258.70 time, 4280.01 real, 297 MB, 52.22 load
[runlim] sample:		4268.65 time, 4290.01 real, 297 MB, 52.34 load
[runlim] sample:		4278.60 time, 4300.01 real, 297 MB, 52.29 load
[runlim] sample:		4288.55 time, 4310.01 real, 297 MB, 52.48 load
[runlim] sample:		4298.50 time, 4320.01 real, 297 MB, 52.41 load
[runlim] sample:		4308.45 time, 4330.01 real, 297 MB, 52.42 load
[runlim] sample:		4318.39 time, 4340.01 real, 297 MB, 52.36 load
[runlim] sample:		4328.34 time, 4350.01 real, 297 MB, 52.38 load
[runlim] sample:		4338.29 time, 4360.01 real, 297 MB, 52.32 load
[runlim] sample:		4348.24 time, 4370.01 real, 297 MB, 52.27 load
[runlim] sample:		4358.19 time, 4380.01 real, 298 MB, 52.38 load
[runlim] sample:		4368.14 time, 4390.01 real, 298 MB, 52.32 load
[runlim] sample:		4378.08 time, 4400.01 real, 298 MB, 52.35 load
[runlim] sample:		4388.03 time, 4410.01 real, 298 MB, 52.30 load
[runlim] sample:		4397.97 time, 4420.01 real, 299 MB, 52.25 load
[runlim] sample:		4407.92 time, 4430.01 real, 301 MB, 52.37 load
[runlim] sample:		4417.87 time, 4440.01 real, 301 MB, 52.55 load
[runlim] sample:		4427.82 time, 4450.01 real, 303 MB, 52.54 load
[runlim] sample:		4437.77 time, 4460.01 real, 303 MB, 52.45 load
[runlim] sample:		4447.72 time, 4470.01 real, 303 MB, 52.38 load
[runlim] sample:		4457.66 time, 4480.01 real, 303 MB, 52.33 load
[runlim] sample:		4467.61 time, 4490.01 real, 303 MB, 52.27 load
[runlim] sample:		4477.56 time, 4500.01 real, 303 MB, 52.23 load
[runlim] sample:		4487.51 time, 4510.01 real, 303 MB, 52.35 load
[runlim] sample:		4497.46 time, 4520.01 real, 303 MB, 52.30 load
[runlim] sample:		4507.41 time, 4530.01 real, 303 MB, 52.40 load
[runlim] sample:		4517.35 time, 4540.01 real, 303 MB, 52.34 load
[runlim] sample:		4527.30 time, 4550.01 real, 303 MB, 52.37 load
[runlim] sample:		4537.25 time, 4560.01 real, 303 MB, 52.39 load
[runlim] sample:		4547.20 time, 4570.01 real, 303 MB, 52.41 load
[runlim] sample:		4557.15 time, 4580.01 real, 303 MB, 52.42 load
[runlim] sample:		4567.09 time, 4590.01 real, 303 MB, 52.44 load
[runlim] sample:		4577.04 time, 4600.01 real, 303 MB, 52.37 load
[runlim] sample:		4586.99 time, 4610.01 real, 303 MB, 52.39 load
[runlim] sample:		4596.94 time, 4620.01 real, 303 MB, 52.41 load
[runlim] sample:		4606.89 time, 4630.01 real, 303 MB, 52.35 load
[runlim] sample:		4616.84 time, 4640.01 real, 303 MB, 52.38 load
[runlim] sample:		4626.79 time, 4650.01 real, 303 MB, 52.48 load
[runlim] sample:		4636.74 time, 4660.01 real, 303 MB, 52.40 load
[runlim] sample:		4646.69 time, 4670.01 real, 303 MB, 52.42 load
[runlim] sample:		4656.64 time, 4680.01 real, 303 MB, 52.36 load
[runlim] sample:		4666.59 time, 4690.01 real, 303 MB, 52.30 load
[runlim] sample:		4676.54 time, 4700.01 real, 303 MB, 52.25 load
[runlim] sample:		4686.49 time, 4710.01 real, 303 MB, 52.22 load
[runlim] sample:		4696.43 time, 4720.01 real, 303 MB, 52.18 load
[runlim] sample:		4706.38 time, 4730.01 real, 303 MB, 52.15 load
[runlim] sample:		4716.33 time, 4740.01 real, 303 MB, 52.13 load
[runlim] sample:		4726.28 time, 4750.01 real, 303 MB, 52.19 load
[runlim] sample:		4736.23 time, 4760.01 real, 303 MB, 52.24 load
[runlim] sample:		4746.18 time, 4770.01 real, 303 MB, 52.20 load
[runlim] sample:		4756.13 time, 4780.01 real, 303 MB, 52.17 load
[runlim] sample:		4766.08 time, 4790.01 real, 303 MB, 52.14 load
[runlim] sample:		4776.03 time, 4800.01 real, 303 MB, 52.12 load
[runlim] sample:		4785.98 time, 4810.01 real, 303 MB, 52.10 load
[runlim] sample:		4795.93 time, 4820.01 real, 303 MB, 52.09 load
[runlim] sample:		4805.88 time, 4830.01 real, 303 MB, 52.15 load
[runlim] sample:		4815.83 time, 4840.01 real, 303 MB, 52.13 load
[runlim] sample:		4825.78 time, 4850.01 real, 303 MB, 52.18 load
[runlim] sample:		4835.73 time, 4860.01 real, 303 MB, 52.15 load
[runlim] sample:		4845.68 time, 4870.01 real, 303 MB, 52.13 load
[runlim] sample:		4855.63 time, 4880.01 real, 303 MB, 52.11 load
[runlim] sample:		4865.58 time, 4890.01 real, 303 MB, 52.25 load
[runlim] sample:		4875.53 time, 4900.01 real, 303 MB, 52.21 load
[runlim] sample:		4885.48 time, 4910.01 real, 303 MB, 52.18 load
[runlim] sample:		4895.43 time, 4920.01 real, 303 MB, 52.47 load
[runlim] sample:		4905.38 time, 4930.01 real, 303 MB, 52.47 load
[runlim] sample:		4915.33 time, 4940.01 real, 303 MB, 52.48 load
[runlim] sample:		4925.28 time, 4950.01 real, 303 MB, 52.48 load
[runlim] sample:		4935.23 time, 4960.01 real, 303 MB, 52.49 load
[runlim] sample:		4945.18 time, 4970.01 real, 303 MB, 51.48 load
[runlim] sample:		4955.13 time, 4980.01 real, 303 MB, 49.55 load
[runlim] sample:		4965.09 time, 4990.01 real, 303 MB, 46.69 load
[runlim] sample:		4975.05 time, 5000.01 real, 303 MB, 43.19 load
[runlim] end:			Thu Apr  9 19:25:26 2026
[runlim] status:		out of time
[runlim] result:		2
[runlim] children:		1
[runlim] processes:		2
[runlim] real:			5000.05 seconds
[runlim] time:			4975.05 seconds
[runlim] space:			303 MB
[runlim] load:			56.58 maximum
[runlim] samples:		50000
