[runlim] version:		2.0.0rc1
[runlim] host:			o02n01
[runlim] time limit:		311040000 seconds
[runlim] real time limit:	5000 seconds
[runlim] space limit:		7000 MB
[runlim] argv[0]:		./binary
[runlim] argv[1]:		-c
[runlim] argv[2]:		/tmp/local-unzipped-12459986-2-80-mc2025_track1_019.cnf
[runlim] start:			Thu Apr  9 18:01:36 2026
[runlim] child:			2204911
[runlim] sample:		9.95 time, 10.01 real, 4 MB, 10.51 load
[runlim] sample:		19.91 time, 20.01 real, 4 MB, 13.37 load
[runlim] sample:		29.86 time, 30.01 real, 4 MB, 16.31 load
[runlim] sample:		39.81 time, 40.01 real, 4 MB, 18.57 load
[runlim] sample:		49.76 time, 50.01 real, 4 MB, 20.48 load
[runlim] sample:		59.72 time, 60.01 real, 4 MB, 22.10 load
[runlim] sample:		69.67 time, 70.01 real, 4 MB, 23.47 load
[runlim] sample:		79.63 time, 80.01 real, 4 MB, 24.62 load
[runlim] sample:		89.58 time, 90.01 real, 4 MB, 25.60 load
[runlim] sample:		99.53 time, 100.01 real, 4 MB, 26.43 load
[runlim] sample:		109.49 time, 110.01 real, 4 MB, 27.14 load
[runlim] sample:		119.44 time, 120.01 real, 4 MB, 27.73 load
[runlim] sample:		129.39 time, 130.01 real, 4 MB, 28.23 load
[runlim] sample:		139.34 time, 140.01 real, 4 MB, 28.74 load
[runlim] sample:		149.29 time, 150.01 real, 4 MB, 29.09 load
[runlim] sample:		159.25 time, 160.01 real, 4 MB, 29.46 load
[runlim] sample:		169.20 time, 170.01 real, 4 MB, 29.62 load
[runlim] sample:		179.16 time, 180.01 real, 4 MB, 29.68 load
[runlim] sample:		189.11 time, 190.01 real, 4 MB, 29.73 load
[runlim] sample:		199.07 time, 200.01 real, 4 MB, 29.77 load
[runlim] sample:		209.02 time, 210.01 real, 4 MB, 29.81 load
[runlim] sample:		218.98 time, 220.01 real, 4 MB, 29.92 load
[runlim] sample:		228.93 time, 230.01 real, 4 MB, 29.93 load
[runlim] sample:		238.89 time, 240.01 real, 4 MB, 29.94 load
[runlim] sample:		248.84 time, 250.01 real, 4 MB, 29.95 load
[runlim] sample:		258.80 time, 260.01 real, 4 MB, 29.96 load
[runlim] sample:		268.75 time, 270.01 real, 4 MB, 29.96 load
[runlim] sample:		278.71 time, 280.01 real, 4 MB, 29.97 load
[runlim] sample:		288.66 time, 290.01 real, 4 MB, 29.98 load
[runlim] sample:		298.62 time, 300.01 real, 4 MB, 29.98 load
[runlim] sample:		308.57 time, 310.01 real, 4 MB, 29.98 load
[runlim] sample:		318.53 time, 320.01 real, 4 MB, 29.99 load
[runlim] sample:		328.48 time, 330.01 real, 4 MB, 29.99 load
[runlim] sample:		338.44 time, 340.01 real, 4 MB, 29.99 load
[runlim] sample:		348.39 time, 350.01 real, 4 MB, 29.99 load
[runlim] sample:		358.35 time, 360.01 real, 4 MB, 29.99 load
[runlim] sample:		368.30 time, 370.01 real, 4 MB, 30.00 load
[runlim] sample:		378.26 time, 380.01 real, 4 MB, 30.00 load
[runlim] sample:		388.21 time, 390.01 real, 4 MB, 30.00 load
[runlim] sample:		398.17 time, 400.01 real, 4 MB, 30.00 load
[runlim] sample:		408.12 time, 410.01 real, 4 MB, 30.00 load
[runlim] sample:		418.08 time, 420.01 real, 4 MB, 30.08 load
[runlim] sample:		428.03 time, 430.01 real, 4 MB, 30.07 load
[runlim] sample:		437.99 time, 440.01 real, 4 MB, 30.06 load
[runlim] sample:		447.94 time, 450.01 real, 4 MB, 30.05 load
[runlim] sample:		457.90 time, 460.01 real, 4 MB, 30.04 load
[runlim] sample:		467.85 time, 470.01 real, 4 MB, 30.03 load
[runlim] sample:		477.81 time, 480.01 real, 4 MB, 30.03 load
[runlim] sample:		487.76 time, 490.01 real, 4 MB, 30.10 load
[runlim] sample:		497.72 time, 500.01 real, 4 MB, 30.08 load
[runlim] sample:		507.68 time, 510.01 real, 4 MB, 30.07 load
[runlim] sample:		517.63 time, 520.01 real, 4 MB, 30.14 load
[runlim] sample:		527.59 time, 530.01 real, 4 MB, 30.20 load
[runlim] sample:		537.54 time, 540.01 real, 4 MB, 30.17 load
[runlim] sample:		547.50 time, 550.01 real, 4 MB, 30.21 load
[runlim] sample:		557.45 time, 560.01 real, 4 MB, 30.18 load
[runlim] sample:		567.41 time, 570.01 real, 4 MB, 30.15 load
[runlim] sample:		577.36 time, 580.01 real, 4 MB, 30.13 load
[runlim] sample:		587.32 time, 590.01 real, 4 MB, 30.11 load
[runlim] sample:		597.27 time, 600.01 real, 4 MB, 30.09 load
[runlim] sample:		607.23 time, 610.01 real, 4 MB, 30.16 load
[runlim] sample:		617.18 time, 620.01 real, 4 MB, 30.13 load
[runlim] sample:		627.14 time, 630.01 real, 4 MB, 30.11 load
[runlim] sample:		637.09 time, 640.01 real, 4 MB, 30.09 load
[runlim] sample:		647.05 time, 650.01 real, 4 MB, 30.08 load
[runlim] sample:		657.01 time, 660.01 real, 4 MB, 30.07 load
[runlim] sample:		666.96 time, 670.01 real, 4 MB, 30.06 load
[runlim] sample:		676.92 time, 680.01 real, 4 MB, 30.05 load
[runlim] sample:		686.87 time, 690.01 real, 4 MB, 30.04 load
[runlim] sample:		696.83 time, 700.01 real, 4 MB, 29.95 load
[runlim] sample:		706.78 time, 710.01 real, 4 MB, 29.89 load
[runlim] sample:		716.74 time, 720.01 real, 4 MB, 29.75 load
[runlim] sample:		726.70 time, 730.01 real, 4 MB, 29.63 load
[runlim] sample:		736.65 time, 740.01 real, 4 MB, 29.54 load
[runlim] sample:		746.61 time, 750.01 real, 4 MB, 29.45 load
[runlim] sample:		756.56 time, 760.01 real, 4 MB, 29.38 load
[runlim] sample:		766.52 time, 770.01 real, 4 MB, 29.40 load
[runlim] sample:		776.47 time, 780.01 real, 4 MB, 29.34 load
[runlim] sample:		786.43 time, 790.01 real, 4 MB, 29.29 load
[runlim] sample:		796.39 time, 800.01 real, 4 MB, 29.24 load
[runlim] sample:		806.34 time, 810.01 real, 4 MB, 29.21 load
[runlim] sample:		816.30 time, 820.01 real, 4 MB, 29.17 load
[runlim] sample:		826.25 time, 830.01 real, 4 MB, 29.23 load
[runlim] sample:		836.21 time, 840.01 real, 4 MB, 29.19 load
[runlim] sample:		846.16 time, 850.01 real, 4 MB, 29.16 load
[runlim] sample:		856.12 time, 860.01 real, 4 MB, 29.22 load
[runlim] sample:		866.08 time, 870.01 real, 4 MB, 29.41 load
[runlim] sample:		876.03 time, 880.01 real, 4 MB, 29.35 load
[runlim] sample:		885.99 time, 890.01 real, 4 MB, 29.37 load
[runlim] sample:		895.95 time, 900.01 real, 4 MB, 29.48 load
[runlim] sample:		905.90 time, 910.01 real, 4 MB, 29.40 load
[runlim] sample:		915.86 time, 920.01 real, 4 MB, 29.34 load
[runlim] sample:		925.82 time, 930.01 real, 4 MB, 29.29 load
[runlim] sample:		935.77 time, 940.01 real, 4 MB, 29.24 load
[runlim] sample:		945.74 time, 950.01 real, 4 MB, 29.29 load
[runlim] sample:		955.69 time, 960.01 real, 4 MB, 29.24 load
[runlim] sample:		965.65 time, 970.01 real, 4 MB, 29.28 load
[runlim] sample:		975.60 time, 980.01 real, 4 MB, 29.24 load
[runlim] sample:		985.56 time, 990.01 real, 4 MB, 29.28 load
[runlim] sample:		995.51 time, 1000.01 real, 4 MB, 29.23 load
[runlim] sample:		1005.47 time, 1010.01 real, 4 MB, 29.20 load
[runlim] sample:		1015.42 time, 1020.01 real, 4 MB, 29.17 load
[runlim] sample:		1025.38 time, 1030.01 real, 4 MB, 29.14 load
[runlim] sample:		1035.33 time, 1040.01 real, 4 MB, 29.12 load
[runlim] sample:		1045.29 time, 1050.01 real, 4 MB, 29.10 load
[runlim] sample:		1055.24 time, 1060.01 real, 4 MB, 29.08 load
[runlim] sample:		1065.20 time, 1070.01 real, 4 MB, 29.07 load
[runlim] sample:		1075.15 time, 1080.01 real, 4 MB, 29.06 load
[runlim] sample:		1085.11 time, 1090.01 real, 4 MB, 29.05 load
[runlim] sample:		1095.07 time, 1100.01 real, 4 MB, 29.04 load
[runlim] sample:		1105.02 time, 1110.01 real, 4 MB, 29.04 load
[runlim] sample:		1114.98 time, 1120.01 real, 4 MB, 29.03 load
[runlim] sample:		1124.93 time, 1130.01 real, 4 MB, 29.02 load
[runlim] sample:		1134.89 time, 1140.01 real, 4 MB, 29.02 load
[runlim] sample:		1144.84 time, 1150.01 real, 4 MB, 29.02 load
[runlim] sample:		1154.80 time, 1160.01 real, 4 MB, 29.01 load
[runlim] sample:		1164.75 time, 1170.01 real, 4 MB, 29.01 load
[runlim] sample:		1174.71 time, 1180.01 real, 4 MB, 29.01 load
[runlim] sample:		1184.66 time, 1190.01 real, 4 MB, 29.08 load
[runlim] sample:		1194.62 time, 1200.01 real, 4 MB, 29.07 load
[runlim] sample:		1204.57 time, 1210.01 real, 4 MB, 29.06 load
[runlim] sample:		1214.53 time, 1220.01 real, 4 MB, 29.05 load
[runlim] sample:		1224.49 time, 1230.01 real, 4 MB, 29.27 load
[runlim] sample:		1234.44 time, 1240.01 real, 4 MB, 29.38 load
[runlim] sample:		1244.40 time, 1250.01 real, 4 MB, 29.48 load
[runlim] sample:		1254.36 time, 1260.01 real, 4 MB, 29.56 load
[runlim] sample:		1264.31 time, 1270.01 real, 4 MB, 29.71 load
[runlim] sample:		1274.26 time, 1280.01 real, 4 MB, 29.75 load
[runlim] sample:		1284.22 time, 1290.01 real, 4 MB, 29.87 load
[runlim] sample:		1294.18 time, 1300.01 real, 4 MB, 30.04 load
[runlim] sample:		1304.13 time, 1310.01 real, 4 MB, 30.04 load
[runlim] sample:		1314.09 time, 1320.01 real, 4 MB, 29.95 load
[runlim] sample:		1324.04 time, 1330.01 real, 4 MB, 29.80 load
[runlim] sample:		1334.00 time, 1340.01 real, 4 MB, 29.68 load
[runlim] sample:		1343.95 time, 1350.01 real, 4 MB, 29.58 load
[runlim] sample:		1353.91 time, 1360.01 real, 4 MB, 29.49 load
[runlim] sample:		1363.87 time, 1370.01 real, 4 MB, 29.41 load
[runlim] sample:		1373.82 time, 1380.01 real, 4 MB, 29.35 load
[runlim] sample:		1383.78 time, 1390.01 real, 4 MB, 29.29 load
[runlim] sample:		1393.73 time, 1400.01 real, 4 MB, 29.25 load
[runlim] sample:		1403.69 time, 1410.01 real, 4 MB, 29.28 load
[runlim] sample:		1413.64 time, 1420.01 real, 4 MB, 29.09 load
[runlim] sample:		1423.60 time, 1430.01 real, 4 MB, 28.92 load
[runlim] sample:		1433.56 time, 1440.01 real, 4 MB, 28.78 load
[runlim] sample:		1443.51 time, 1450.01 real, 4 MB, 28.66 load
[runlim] sample:		1453.47 time, 1460.01 real, 4 MB, 28.56 load
[runlim] sample:		1463.42 time, 1470.01 real, 4 MB, 28.47 load
[runlim] sample:		1473.38 time, 1480.01 real, 4 MB, 28.47 load
[runlim] sample:		1483.33 time, 1490.01 real, 4 MB, 28.47 load
[runlim] sample:		1493.29 time, 1500.01 real, 4 MB, 28.40 load
[runlim] sample:		1503.24 time, 1510.01 real, 4 MB, 28.48 load
[runlim] sample:		1513.20 time, 1520.01 real, 4 MB, 28.41 load
[runlim] sample:		1523.15 time, 1530.01 real, 4 MB, 28.35 load
[runlim] sample:		1533.11 time, 1540.01 real, 4 MB, 28.29 load
[runlim] sample:		1543.06 time, 1550.01 real, 4 MB, 28.32 load
[runlim] sample:		1553.01 time, 1560.01 real, 4 MB, 28.27 load
[runlim] sample:		1562.97 time, 1570.01 real, 4 MB, 28.23 load
[runlim] sample:		1572.92 time, 1580.01 real, 4 MB, 28.19 load
[runlim] sample:		1582.88 time, 1590.01 real, 4 MB, 28.24 load
[runlim] sample:		1592.83 time, 1600.01 real, 4 MB, 28.20 load
[runlim] sample:		1602.79 time, 1610.01 real, 4 MB, 28.25 load
[runlim] sample:		1612.74 time, 1620.01 real, 4 MB, 28.21 load
[runlim] sample:		1622.70 time, 1630.01 real, 4 MB, 28.18 load
[runlim] sample:		1632.65 time, 1640.01 real, 4 MB, 28.15 load
[runlim] sample:		1642.61 time, 1650.01 real, 4 MB, 28.13 load
[runlim] sample:		1652.56 time, 1660.01 real, 4 MB, 28.11 load
[runlim] sample:		1662.52 time, 1670.01 real, 4 MB, 28.17 load
[runlim] sample:		1672.47 time, 1680.01 real, 4 MB, 28.14 load
[runlim] sample:		1682.43 time, 1690.01 real, 4 MB, 28.12 load
[runlim] sample:		1692.38 time, 1700.01 real, 4 MB, 28.10 load
[runlim] sample:		1702.34 time, 1710.01 real, 4 MB, 28.09 load
[runlim] sample:		1712.29 time, 1720.01 real, 4 MB, 28.07 load
[runlim] sample:		1722.24 time, 1730.01 real, 4 MB, 28.14 load
[runlim] sample:		1732.20 time, 1740.01 real, 4 MB, 28.12 load
[runlim] sample:		1742.15 time, 1750.01 real, 4 MB, 28.10 load
[runlim] sample:		1752.10 time, 1760.01 real, 4 MB, 28.08 load
[runlim] sample:		1762.06 time, 1770.01 real, 4 MB, 28.07 load
[runlim] sample:		1772.01 time, 1780.01 real, 4 MB, 28.06 load
[runlim] sample:		1781.97 time, 1790.01 real, 4 MB, 28.13 load
[runlim] sample:		1791.92 time, 1800.01 real, 4 MB, 28.11 load
[runlim] sample:		1801.88 time, 1810.01 real, 4 MB, 28.09 load
[runlim] sample:		1811.83 time, 1820.01 real, 4 MB, 28.08 load
[runlim] sample:		1821.79 time, 1830.01 real, 4 MB, 28.07 load
[runlim] sample:		1831.74 time, 1840.01 real, 4 MB, 28.14 load
[runlim] sample:		1841.70 time, 1850.01 real, 4 MB, 28.20 load
[runlim] sample:		1851.65 time, 1860.01 real, 4 MB, 28.16 load
[runlim] sample:		1861.61 time, 1870.01 real, 4 MB, 28.14 load
[runlim] sample:		1871.56 time, 1880.01 real, 4 MB, 28.12 load
[runlim] sample:		1881.52 time, 1890.01 real, 4 MB, 28.10 load
[runlim] sample:		1891.47 time, 1900.01 real, 4 MB, 28.08 load
[runlim] sample:		1901.43 time, 1910.01 real, 4 MB, 28.15 load
[runlim] sample:		1911.38 time, 1920.01 real, 4 MB, 28.13 load
[runlim] sample:		1921.34 time, 1930.01 real, 4 MB, 28.11 load
[runlim] sample:		1931.29 time, 1940.01 real, 4 MB, 28.09 load
[runlim] sample:		1941.25 time, 1950.01 real, 4 MB, 28.08 load
[runlim] sample:		1951.20 time, 1960.01 real, 4 MB, 28.06 load
[runlim] sample:		1961.15 time, 1970.01 real, 4 MB, 28.13 load
[runlim] sample:		1971.11 time, 1980.01 real, 4 MB, 28.11 load
[runlim] sample:		1981.06 time, 1990.01 real, 4 MB, 28.17 load
[runlim] sample:		1991.02 time, 2000.01 real, 4 MB, 28.14 load
[runlim] sample:		2000.97 time, 2010.01 real, 4 MB, 28.12 load
[runlim] sample:		2010.93 time, 2020.01 real, 4 MB, 28.10 load
[runlim] sample:		2020.88 time, 2030.01 real, 4 MB, 28.17 load
[runlim] sample:		2030.83 time, 2040.01 real, 4 MB, 28.14 load
[runlim] sample:		2040.79 time, 2050.01 real, 4 MB, 28.12 load
[runlim] sample:		2050.74 time, 2060.01 real, 4 MB, 28.10 load
[runlim] sample:		2060.70 time, 2070.01 real, 4 MB, 28.08 load
[runlim] sample:		2070.65 time, 2080.01 real, 4 MB, 28.07 load
[runlim] sample:		2080.61 time, 2090.01 real, 4 MB, 28.14 load
[runlim] sample:		2090.56 time, 2100.01 real, 4 MB, 28.12 load
[runlim] sample:		2100.51 time, 2110.01 real, 4 MB, 28.10 load
[runlim] sample:		2110.47 time, 2120.01 real, 4 MB, 28.16 load
[runlim] sample:		2120.42 time, 2130.01 real, 4 MB, 28.14 load
[runlim] sample:		2130.37 time, 2140.01 real, 4 MB, 28.12 load
[runlim] sample:		2140.33 time, 2150.01 real, 4 MB, 28.18 load
[runlim] sample:		2150.28 time, 2160.01 real, 4 MB, 28.15 load
[runlim] sample:		2160.24 time, 2170.01 real, 4 MB, 28.13 load
[runlim] sample:		2170.19 time, 2180.01 real, 4 MB, 28.11 load
[runlim] sample:		2180.14 time, 2190.01 real, 4 MB, 28.09 load
[runlim] sample:		2190.10 time, 2200.01 real, 4 MB, 28.08 load
[runlim] sample:		2200.05 time, 2210.01 real, 4 MB, 28.06 load
[runlim] sample:		2210.01 time, 2220.01 real, 4 MB, 28.05 load
[runlim] sample:		2219.96 time, 2230.01 real, 4 MB, 28.05 load
[runlim] sample:		2229.92 time, 2240.01 real, 4 MB, 28.04 load
[runlim] sample:		2239.87 time, 2250.01 real, 4 MB, 28.03 load
[runlim] sample:		2249.83 time, 2260.01 real, 4 MB, 28.03 load
[runlim] sample:		2259.78 time, 2270.01 real, 4 MB, 28.02 load
[runlim] sample:		2269.74 time, 2280.01 real, 4 MB, 28.02 load
[runlim] sample:		2279.69 time, 2290.01 real, 4 MB, 28.02 load
[runlim] sample:		2289.65 time, 2300.01 real, 4 MB, 28.01 load
[runlim] sample:		2299.60 time, 2310.01 real, 4 MB, 28.01 load
[runlim] sample:		2309.55 time, 2320.01 real, 4 MB, 28.01 load
[runlim] sample:		2319.51 time, 2330.01 real, 4 MB, 28.01 load
[runlim] sample:		2329.46 time, 2340.01 real, 4 MB, 28.00 load
[runlim] sample:		2339.42 time, 2350.01 real, 4 MB, 28.00 load
[runlim] sample:		2349.37 time, 2360.01 real, 4 MB, 28.00 load
[runlim] sample:		2359.33 time, 2370.01 real, 4 MB, 28.15 load
[runlim] sample:		2369.28 time, 2380.01 real, 4 MB, 28.13 load
[runlim] sample:		2379.23 time, 2390.01 real, 4 MB, 28.19 load
[runlim] sample:		2389.19 time, 2400.01 real, 4 MB, 28.16 load
[runlim] sample:		2399.14 time, 2410.01 real, 4 MB, 28.13 load
[runlim] sample:		2409.10 time, 2420.01 real, 4 MB, 28.11 load
[runlim] sample:		2419.05 time, 2430.01 real, 4 MB, 28.09 load
[runlim] sample:		2429.01 time, 2440.01 real, 4 MB, 28.08 load
[runlim] sample:		2438.96 time, 2450.01 real, 4 MB, 28.07 load
[runlim] sample:		2448.92 time, 2460.01 real, 4 MB, 28.06 load
[runlim] sample:		2458.87 time, 2470.01 real, 4 MB, 28.05 load
[runlim] sample:		2468.83 time, 2480.01 real, 4 MB, 28.04 load
[runlim] sample:		2478.78 time, 2490.01 real, 4 MB, 28.18 load
[runlim] sample:		2488.74 time, 2500.01 real, 4 MB, 28.15 load
[runlim] sample:		2498.69 time, 2510.01 real, 4 MB, 28.13 load
[runlim] sample:		2508.65 time, 2520.01 real, 4 MB, 28.18 load
[runlim] sample:		2518.60 time, 2530.01 real, 4 MB, 28.15 load
[runlim] sample:		2528.56 time, 2540.01 real, 4 MB, 28.13 load
[runlim] sample:		2538.51 time, 2550.01 real, 4 MB, 28.11 load
[runlim] sample:		2548.46 time, 2560.01 real, 4 MB, 28.09 load
[runlim] sample:		2558.42 time, 2570.01 real, 4 MB, 28.08 load
[runlim] sample:		2568.37 time, 2580.01 real, 4 MB, 28.14 load
[runlim] sample:		2578.33 time, 2590.01 real, 4 MB, 28.12 load
[runlim] sample:		2588.28 time, 2600.01 real, 4 MB, 28.10 load
[runlim] sample:		2598.23 time, 2610.01 real, 4 MB, 28.08 load
[runlim] sample:		2608.19 time, 2620.01 real, 4 MB, 28.07 load
[runlim] sample:		2618.14 time, 2630.01 real, 4 MB, 28.13 load
[runlim] sample:		2628.10 time, 2640.01 real, 4 MB, 28.19 load
[runlim] sample:		2638.05 time, 2650.01 real, 4 MB, 28.23 load
[runlim] sample:		2648.00 time, 2660.01 real, 4 MB, 28.20 load
[runlim] sample:		2657.96 time, 2670.01 real, 4 MB, 28.16 load
[runlim] sample:		2667.91 time, 2680.01 real, 4 MB, 28.14 load
[runlim] sample:		2677.87 time, 2690.01 real, 4 MB, 28.12 load
[runlim] sample:		2687.82 time, 2700.01 real, 4 MB, 28.10 load
[runlim] sample:		2697.77 time, 2710.01 real, 4 MB, 28.08 load
[runlim] sample:		2707.73 time, 2720.01 real, 4 MB, 28.14 load
[runlim] sample:		2717.68 time, 2730.01 real, 4 MB, 28.12 load
[runlim] sample:		2727.63 time, 2740.01 real, 4 MB, 28.10 load
[runlim] sample:		2737.59 time, 2750.01 real, 4 MB, 28.09 load
[runlim] sample:		2747.54 time, 2760.01 real, 4 MB, 28.07 load
[runlim] sample:		2757.50 time, 2770.01 real, 4 MB, 28.06 load
[runlim] sample:		2767.45 time, 2780.01 real, 4 MB, 28.13 load
[runlim] sample:		2777.41 time, 2790.01 real, 4 MB, 28.11 load
[runlim] sample:		2787.36 time, 2800.01 real, 4 MB, 28.09 load
[runlim] sample:		2797.31 time, 2810.01 real, 4 MB, 28.08 load
[runlim] sample:		2807.27 time, 2820.01 real, 4 MB, 28.06 load
[runlim] sample:		2817.22 time, 2830.01 real, 4 MB, 28.05 load
[runlim] sample:		2827.17 time, 2840.01 real, 4 MB, 28.12 load
[runlim] sample:		2837.13 time, 2850.01 real, 4 MB, 28.10 load
[runlim] sample:		2847.08 time, 2860.01 real, 4 MB, 28.08 load
[runlim] sample:		2857.04 time, 2870.01 real, 4 MB, 28.07 load
[runlim] sample:		2866.99 time, 2880.01 real, 4 MB, 28.06 load
[runlim] sample:		2876.94 time, 2890.01 real, 4 MB, 28.05 load
[runlim] sample:		2886.90 time, 2900.01 real, 4 MB, 28.04 load
[runlim] sample:		2896.85 time, 2910.01 real, 4 MB, 28.11 load
[runlim] sample:		2906.80 time, 2920.01 real, 4 MB, 28.17 load
[runlim] sample:		2916.76 time, 2930.01 real, 4 MB, 28.15 load
[runlim] sample:		2926.71 time, 2940.01 real, 4 MB, 28.12 load
[runlim] sample:		2936.67 time, 2950.01 real, 4 MB, 28.10 load
[runlim] sample:		2946.62 time, 2960.01 real, 4 MB, 28.09 load
[runlim] sample:		2956.57 time, 2970.01 real, 4 MB, 28.07 load
[runlim] sample:		2966.53 time, 2980.01 real, 4 MB, 28.14 load
[runlim] sample:		2976.48 time, 2990.01 real, 4 MB, 28.19 load
[runlim] sample:		2986.43 time, 3000.01 real, 4 MB, 28.16 load
[runlim] sample:		2996.39 time, 3010.01 real, 4 MB, 28.13 load
[runlim] sample:		3006.34 time, 3020.01 real, 4 MB, 28.11 load
[runlim] sample:		3016.29 time, 3030.01 real, 4 MB, 28.10 load
[runlim] sample:		3026.25 time, 3040.01 real, 4 MB, 28.15 load
[runlim] sample:		3036.20 time, 3050.01 real, 4 MB, 28.13 load
[runlim] sample:		3046.15 time, 3060.01 real, 4 MB, 28.11 load
[runlim] sample:		3056.11 time, 3070.01 real, 4 MB, 28.09 load
[runlim] sample:		3066.06 time, 3080.01 real, 4 MB, 28.08 load
[runlim] sample:		3076.02 time, 3090.01 real, 4 MB, 28.07 load
[runlim] sample:		3085.97 time, 3100.01 real, 4 MB, 28.06 load
[runlim] sample:		3095.93 time, 3110.01 real, 4 MB, 28.05 load
[runlim] sample:		3105.88 time, 3120.01 real, 4 MB, 28.04 load
[runlim] sample:		3115.84 time, 3130.01 real, 4 MB, 28.11 load
[runlim] sample:		3125.79 time, 3140.01 real, 4 MB, 28.10 load
[runlim] sample:		3135.74 time, 3150.01 real, 4 MB, 28.08 load
[runlim] sample:		3145.70 time, 3160.01 real, 4 MB, 28.07 load
[runlim] sample:		3155.65 time, 3170.01 real, 4 MB, 28.06 load
[runlim] sample:		3165.61 time, 3180.01 real, 4 MB, 28.05 load
[runlim] sample:		3175.56 time, 3190.01 real, 4 MB, 28.04 load
[runlim] sample:		3185.52 time, 3200.01 real, 4 MB, 28.03 load
[runlim] sample:		3195.48 time, 3210.01 real, 4 MB, 28.03 load
[runlim] sample:		3205.43 time, 3220.01 real, 4 MB, 28.02 load
[runlim] sample:		3215.39 time, 3230.01 real, 4 MB, 28.02 load
[runlim] sample:		3225.34 time, 3240.01 real, 4 MB, 28.02 load
[runlim] sample:		3235.30 time, 3250.01 real, 4 MB, 28.01 load
[runlim] sample:		3245.26 time, 3260.01 real, 4 MB, 28.01 load
[runlim] sample:		3255.21 time, 3270.01 real, 4 MB, 28.01 load
[runlim] sample:		3265.17 time, 3280.01 real, 4 MB, 28.01 load
[runlim] sample:		3275.13 time, 3290.01 real, 4 MB, 28.00 load
[runlim] sample:		3285.08 time, 3300.01 real, 4 MB, 28.00 load
[runlim] sample:		3295.04 time, 3310.01 real, 4 MB, 27.92 load
[runlim] sample:		3304.99 time, 3320.01 real, 4 MB, 27.85 load
[runlim] sample:		3314.95 time, 3330.01 real, 4 MB, 27.72 load
[runlim] sample:		3324.90 time, 3340.01 real, 4 MB, 27.61 load
[runlim] sample:		3334.85 time, 3350.01 real, 4 MB, 27.52 load
[runlim] sample:		3344.81 time, 3360.01 real, 4 MB, 27.44 load
[runlim] sample:		3354.76 time, 3370.01 real, 4 MB, 27.37 load
[runlim] sample:		3364.72 time, 3380.01 real, 4 MB, 27.31 load
[runlim] sample:		3374.67 time, 3390.01 real, 4 MB, 27.26 load
[runlim] sample:		3384.62 time, 3400.01 real, 4 MB, 27.22 load
[runlim] sample:		3394.58 time, 3410.01 real, 4 MB, 27.19 load
[runlim] sample:		3404.53 time, 3420.01 real, 4 MB, 27.24 load
[runlim] sample:		3414.49 time, 3430.01 real, 4 MB, 27.20 load
[runlim] sample:		3424.44 time, 3440.01 real, 4 MB, 27.17 load
[runlim] sample:		3434.40 time, 3450.01 real, 4 MB, 27.29 load
[runlim] sample:		3444.35 time, 3460.01 real, 4 MB, 27.25 load
[runlim] sample:		3454.31 time, 3470.01 real, 4 MB, 27.21 load
[runlim] sample:		3464.26 time, 3480.01 real, 4 MB, 27.18 load
[runlim] sample:		3474.22 time, 3490.01 real, 4 MB, 27.22 load
[runlim] sample:		3484.17 time, 3500.01 real, 4 MB, 27.19 load
[runlim] sample:		3494.13 time, 3510.01 real, 4 MB, 27.16 load
[runlim] sample:		3504.08 time, 3520.01 real, 4 MB, 27.13 load
[runlim] sample:		3514.04 time, 3530.01 real, 4 MB, 27.11 load
[runlim] sample:		3523.99 time, 3540.01 real, 4 MB, 27.10 load
[runlim] sample:		3533.95 time, 3550.01 real, 4 MB, 27.15 load
[runlim] sample:		3543.90 time, 3560.01 real, 4 MB, 27.13 load
[runlim] sample:		3553.86 time, 3570.01 real, 4 MB, 27.11 load
[runlim] sample:		3563.81 time, 3580.01 real, 4 MB, 27.09 load
[runlim] sample:		3573.77 time, 3590.01 real, 4 MB, 27.08 load
[runlim] sample:		3583.73 time, 3600.01 real, 4 MB, 27.07 load
[runlim] sample:		3593.68 time, 3610.01 real, 4 MB, 27.06 load
[runlim] sample:		3603.64 time, 3620.01 real, 4 MB, 27.12 load
[runlim] sample:		3613.60 time, 3630.01 real, 4 MB, 27.10 load
[runlim] sample:		3623.56 time, 3640.01 real, 4 MB, 27.08 load
[runlim] sample:		3633.51 time, 3650.01 real, 4 MB, 27.07 load
[runlim] sample:		3643.47 time, 3660.01 real, 4 MB, 27.06 load
[runlim] sample:		3653.43 time, 3670.01 real, 4 MB, 27.05 load
[runlim] sample:		3663.39 time, 3680.01 real, 4 MB, 27.04 load
[runlim] sample:		3673.34 time, 3690.01 real, 4 MB, 27.04 load
[runlim] sample:		3683.30 time, 3700.01 real, 4 MB, 27.03 load
[runlim] sample:		3693.26 time, 3710.01 real, 4 MB, 27.02 load
[runlim] sample:		3703.21 time, 3720.01 real, 4 MB, 27.02 load
[runlim] sample:		3713.17 time, 3730.01 real, 4 MB, 27.02 load
[runlim] sample:		3723.12 time, 3740.01 real, 4 MB, 27.09 load
[runlim] sample:		3733.08 time, 3750.01 real, 4 MB, 27.07 load
[runlim] sample:		3743.04 time, 3760.01 real, 4 MB, 27.06 load
[runlim] sample:		3752.99 time, 3770.01 real, 4 MB, 27.05 load
[runlim] sample:		3762.95 time, 3780.01 real, 4 MB, 27.04 load
[runlim] sample:		3772.90 time, 3790.01 real, 4 MB, 27.04 load
[runlim] sample:		3782.86 time, 3800.01 real, 4 MB, 27.03 load
[runlim] sample:		3792.81 time, 3810.01 real, 4 MB, 27.02 load
[runlim] sample:		3802.77 time, 3820.01 real, 4 MB, 27.02 load
[runlim] sample:		3812.72 time, 3830.01 real, 4 MB, 27.02 load
[runlim] sample:		3822.68 time, 3840.01 real, 4 MB, 27.09 load
[runlim] sample:		3832.63 time, 3850.01 real, 4 MB, 27.08 load
[runlim] sample:		3842.59 time, 3860.01 real, 4 MB, 27.14 load
[runlim] sample:		3852.54 time, 3870.01 real, 4 MB, 27.19 load
[runlim] sample:		3862.50 time, 3880.01 real, 4 MB, 27.16 load
[runlim] sample:		3872.45 time, 3890.01 real, 4 MB, 27.14 load
[runlim] sample:		3882.41 time, 3900.01 real, 4 MB, 27.12 load
[runlim] sample:		3892.37 time, 3910.01 real, 4 MB, 27.10 load
[runlim] sample:		3902.32 time, 3920.01 real, 4 MB, 27.24 load
[runlim] sample:		3912.28 time, 3930.01 real, 4 MB, 27.20 load
[runlim] sample:		3922.24 time, 3940.01 real, 4 MB, 27.24 load
[runlim] sample:		3932.19 time, 3950.01 real, 4 MB, 27.21 load
[runlim] sample:		3942.15 time, 3960.01 real, 4 MB, 27.17 load
[runlim] sample:		3952.11 time, 3970.01 real, 4 MB, 27.15 load
[runlim] sample:		3962.06 time, 3980.01 real, 4 MB, 27.12 load
[runlim] sample:		3972.02 time, 3990.01 real, 4 MB, 27.18 load
[runlim] sample:		3981.98 time, 4000.01 real, 4 MB, 27.22 load
[runlim] sample:		3991.93 time, 4010.01 real, 4 MB, 27.19 load
[runlim] sample:		4001.89 time, 4020.01 real, 4 MB, 27.31 load
[runlim] sample:		4011.85 time, 4030.01 real, 4 MB, 27.26 load
[runlim] sample:		4021.80 time, 4040.01 real, 4 MB, 27.22 load
[runlim] sample:		4031.76 time, 4050.01 real, 4 MB, 27.18 load
[runlim] sample:		4041.72 time, 4060.01 real, 4 MB, 27.16 load
[runlim] sample:		4051.67 time, 4070.01 real, 4 MB, 27.13 load
[runlim] sample:		4061.63 time, 4080.01 real, 4 MB, 27.18 load
[runlim] sample:		4071.58 time, 4090.01 real, 4 MB, 27.16 load
[runlim] sample:		4081.54 time, 4100.01 real, 4 MB, 27.13 load
[runlim] sample:		4091.49 time, 4110.01 real, 4 MB, 27.11 load
[runlim] sample:		4101.45 time, 4120.01 real, 4 MB, 27.09 load
[runlim] sample:		4111.41 time, 4130.01 real, 4 MB, 27.08 load
[runlim] sample:		4121.36 time, 4140.01 real, 4 MB, 27.14 load
[runlim] sample:		4131.32 time, 4150.01 real, 4 MB, 27.12 load
[runlim] sample:		4141.28 time, 4160.01 real, 4 MB, 27.10 load
[runlim] sample:		4151.23 time, 4170.01 real, 4 MB, 27.08 load
[runlim] sample:		4161.19 time, 4180.01 real, 4 MB, 27.07 load
[runlim] sample:		4171.15 time, 4190.01 real, 4 MB, 27.06 load
[runlim] sample:		4181.10 time, 4200.01 real, 4 MB, 27.05 load
[runlim] sample:		4191.06 time, 4210.01 real, 4 MB, 27.04 load
[runlim] sample:		4201.02 time, 4220.01 real, 4 MB, 27.04 load
[runlim] sample:		4210.97 time, 4230.01 real, 4 MB, 27.03 load
[runlim] sample:		4220.93 time, 4240.01 real, 4 MB, 27.02 load
[runlim] sample:		4230.88 time, 4250.01 real, 4 MB, 27.02 load
[runlim] sample:		4240.84 time, 4260.01 real, 4 MB, 27.09 load
[runlim] sample:		4250.80 time, 4270.01 real, 4 MB, 27.08 load
[runlim] sample:		4260.75 time, 4280.01 real, 4 MB, 27.14 load
[runlim] sample:		4270.71 time, 4290.01 real, 4 MB, 27.12 load
[runlim] sample:		4280.67 time, 4300.01 real, 4 MB, 27.17 load
[runlim] sample:		4290.62 time, 4310.01 real, 4 MB, 27.15 load
[runlim] sample:		4300.58 time, 4320.01 real, 4 MB, 27.12 load
[runlim] sample:		4310.54 time, 4330.01 real, 4 MB, 27.10 load
[runlim] sample:		4320.49 time, 4340.01 real, 4 MB, 27.24 load
[runlim] sample:		4330.45 time, 4350.01 real, 4 MB, 27.20 load
[runlim] sample:		4340.41 time, 4360.01 real, 4 MB, 27.17 load
[runlim] sample:		4350.36 time, 4370.01 real, 4 MB, 27.14 load
[runlim] sample:		4360.32 time, 4380.01 real, 4 MB, 27.19 load
[runlim] sample:		4370.28 time, 4390.01 real, 4 MB, 27.16 load
[runlim] sample:		4380.23 time, 4400.01 real, 4 MB, 27.14 load
[runlim] sample:		4390.19 time, 4410.01 real, 4 MB, 27.12 load
[runlim] sample:		4400.15 time, 4420.01 real, 4 MB, 27.18 load
[runlim] sample:		4410.10 time, 4430.01 real, 4 MB, 27.15 load
[runlim] sample:		4420.06 time, 4440.01 real, 4 MB, 27.13 load
[runlim] sample:		4430.01 time, 4450.01 real, 4 MB, 27.18 load
[runlim] sample:		4439.97 time, 4460.01 real, 4 MB, 27.15 load
[runlim] sample:		4449.92 time, 4470.01 real, 4 MB, 27.13 load
[runlim] sample:		4459.88 time, 4480.01 real, 4 MB, 27.11 load
[runlim] sample:		4469.83 time, 4490.01 real, 4 MB, 27.17 load
[runlim] sample:		4479.79 time, 4500.01 real, 4 MB, 27.21 load
[runlim] sample:		4489.74 time, 4510.01 real, 4 MB, 27.18 load
[runlim] sample:		4499.70 time, 4520.01 real, 4 MB, 27.15 load
[runlim] sample:		4509.65 time, 4530.01 real, 4 MB, 27.13 load
[runlim] sample:		4519.60 time, 4540.01 real, 4 MB, 27.18 load
[runlim] sample:		4529.56 time, 4550.01 real, 4 MB, 27.15 load
[runlim] sample:		4539.51 time, 4560.01 real, 4 MB, 27.20 load
[runlim] sample:		4549.47 time, 4570.01 real, 4 MB, 27.17 load
[runlim] sample:		4559.42 time, 4580.01 real, 4 MB, 27.14 load
[runlim] sample:		4569.38 time, 4590.01 real, 4 MB, 27.12 load
[runlim] sample:		4579.34 time, 4600.01 real, 4 MB, 27.10 load
[runlim] sample:		4589.29 time, 4610.01 real, 4 MB, 27.09 load
[runlim] sample:		4599.25 time, 4620.01 real, 4 MB, 27.07 load
[runlim] sample:		4609.20 time, 4630.01 real, 4 MB, 27.06 load
[runlim] sample:		4619.16 time, 4640.01 real, 4 MB, 27.05 load
[runlim] sample:		4629.11 time, 4650.01 real, 4 MB, 27.04 load
[runlim] sample:		4639.07 time, 4660.01 real, 4 MB, 27.04 load
[runlim] sample:		4649.03 time, 4670.01 real, 4 MB, 27.03 load
[runlim] sample:		4658.98 time, 4680.01 real, 4 MB, 27.02 load
[runlim] sample:		4668.94 time, 4690.01 real, 4 MB, 27.02 load
[runlim] sample:		4678.90 time, 4700.01 real, 4 MB, 27.02 load
[runlim] sample:		4688.85 time, 4710.01 real, 4 MB, 27.01 load
[runlim] sample:		4698.81 time, 4720.01 real, 4 MB, 27.01 load
[runlim] sample:		4708.77 time, 4730.01 real, 4 MB, 27.01 load
[runlim] sample:		4718.73 time, 4740.01 real, 4 MB, 27.01 load
[runlim] sample:		4728.69 time, 4750.01 real, 4 MB, 27.01 load
[runlim] sample:		4738.64 time, 4760.01 real, 4 MB, 27.00 load
[runlim] sample:		4748.60 time, 4770.01 real, 4 MB, 27.00 load
[runlim] sample:		4758.56 time, 4780.01 real, 4 MB, 27.00 load
[runlim] sample:		4768.51 time, 4790.01 real, 4 MB, 27.00 load
[runlim] sample:		4778.47 time, 4800.01 real, 4 MB, 27.00 load
[runlim] sample:		4788.43 time, 4810.01 real, 4 MB, 27.00 load
[runlim] sample:		4798.38 time, 4820.01 real, 4 MB, 27.00 load
[runlim] sample:		4808.34 time, 4830.01 real, 4 MB, 27.00 load
[runlim] sample:		4818.30 time, 4840.01 real, 4 MB, 27.00 load
[runlim] sample:		4828.25 time, 4850.01 real, 4 MB, 27.00 load
[runlim] sample:		4838.21 time, 4860.01 real, 4 MB, 27.00 load
[runlim] sample:		4848.17 time, 4870.01 real, 4 MB, 27.00 load
[runlim] sample:		4858.13 time, 4880.01 real, 4 MB, 27.00 load
[runlim] sample:		4868.08 time, 4890.01 real, 4 MB, 27.15 load
[runlim] sample:		4878.04 time, 4900.01 real, 4 MB, 27.12 load
[runlim] sample:		4888.00 time, 4910.01 real, 4 MB, 27.10 load
[runlim] sample:		4897.95 time, 4920.01 real, 4 MB, 27.24 load
[runlim] sample:		4907.91 time, 4930.01 real, 4 MB, 27.20 load
[runlim] sample:		4917.87 time, 4940.01 real, 4 MB, 27.17 load
[runlim] sample:		4927.82 time, 4950.01 real, 4 MB, 27.15 load
[runlim] sample:		4937.77 time, 4960.01 real, 4 MB, 27.12 load
[runlim] sample:		4947.73 time, 4970.01 real, 4 MB, 27.10 load
[runlim] sample:		4957.68 time, 4980.01 real, 4 MB, 27.24 load
[runlim] sample:		4967.64 time, 4990.01 real, 4 MB, 26.95 load
[runlim] sample:		4977.59 time, 5000.01 real, 4 MB, 25.56 load
[runlim] end:			Thu Apr  9 19:24:56 2026
[runlim] status:		out of time
[runlim] result:		2
[runlim] children:		1
[runlim] processes:		2
[runlim] real:			5000.05 seconds
[runlim] time:			4977.59 seconds
[runlim] space:			4 MB
[runlim] load:			30.23 maximum
[runlim] samples:		50000
