[runlim] version:		2.0.0rc1
[runlim] host:			o01n16
[runlim] time limit:		311040000 seconds
[runlim] real time limit:	5000 seconds
[runlim] space limit:		7000 MB
[runlim] argv[0]:		./binary
[runlim] argv[1]:		-c
[runlim] argv[2]:		/tmp/local-unzipped-12459986-1-12-mc2025_track1_111.cnf
[runlim] start:			Thu Apr  9 18:01:32 2026
[runlim] child:			3047940
[runlim] sample:		9.95 time, 10.01 real, 66 MB, 9.64 load
[runlim] sample:		19.89 time, 20.01 real, 66 MB, 12.25 load
[runlim] sample:		29.83 time, 30.01 real, 66 MB, 15.84 load
[runlim] sample:		39.77 time, 40.01 real, 66 MB, 20.50 load
[runlim] sample:		49.71 time, 50.01 real, 66 MB, 26.06 load
[runlim] sample:		59.64 time, 60.01 real, 66 MB, 31.50 load
[runlim] sample:		69.57 time, 70.01 real, 66 MB, 35.80 load
[runlim] sample:		79.51 time, 80.01 real, 66 MB, 39.61 load
[runlim] sample:		89.45 time, 90.01 real, 66 MB, 42.44 load
[runlim] sample:		99.38 time, 100.01 real, 66 MB, 44.83 load
[runlim] sample:		109.32 time, 110.01 real, 66 MB, 47.09 load
[runlim] sample:		119.26 time, 120.01 real, 66 MB, 48.84 load
[runlim] sample:		129.20 time, 130.01 real, 66 MB, 50.25 load
[runlim] sample:		139.13 time, 140.01 real, 66 MB, 51.44 load
[runlim] sample:		149.07 time, 150.01 real, 66 MB, 52.30 load
[runlim] sample:		159.01 time, 160.01 real, 66 MB, 53.02 load
[runlim] sample:		168.95 time, 170.01 real, 66 MB, 53.87 load
[runlim] sample:		178.88 time, 180.01 real, 66 MB, 54.28 load
[runlim] sample:		188.82 time, 190.01 real, 66 MB, 54.62 load
[runlim] sample:		198.75 time, 200.01 real, 66 MB, 54.91 load
[runlim] sample:		208.69 time, 210.01 real, 66 MB, 55.08 load
[runlim] sample:		218.63 time, 220.01 real, 66 MB, 55.30 load
[runlim] sample:		228.57 time, 230.01 real, 66 MB, 55.56 load
[runlim] sample:		238.51 time, 240.01 real, 66 MB, 55.63 load
[runlim] sample:		248.45 time, 250.01 real, 66 MB, 55.69 load
[runlim] sample:		258.38 time, 260.01 real, 66 MB, 55.74 load
[runlim] sample:		268.32 time, 270.01 real, 66 MB, 55.78 load
[runlim] sample:		278.26 time, 280.01 real, 66 MB, 55.89 load
[runlim] sample:		288.20 time, 290.01 real, 66 MB, 56.28 load
[runlim] sample:		298.13 time, 300.01 real, 66 MB, 56.24 load
[runlim] sample:		308.07 time, 310.01 real, 66 MB, 56.20 load
[runlim] sample:		318.01 time, 320.01 real, 66 MB, 56.17 load
[runlim] sample:		327.95 time, 330.01 real, 66 MB, 56.14 load
[runlim] sample:		337.88 time, 340.01 real, 66 MB, 56.12 load
[runlim] sample:		347.82 time, 350.01 real, 66 MB, 56.42 load
[runlim] sample:		357.76 time, 360.01 real, 66 MB, 56.35 load
[runlim] sample:		367.70 time, 370.01 real, 66 MB, 56.30 load
[runlim] sample:		377.64 time, 380.01 real, 66 MB, 56.33 load
[runlim] sample:		387.58 time, 390.01 real, 66 MB, 56.28 load
[runlim] sample:		397.51 time, 400.01 real, 66 MB, 56.24 load
[runlim] sample:		407.45 time, 410.01 real, 66 MB, 56.36 load
[runlim] sample:		417.38 time, 420.01 real, 66 MB, 56.30 load
[runlim] sample:		427.32 time, 430.01 real, 66 MB, 56.26 load
[runlim] sample:		437.26 time, 440.01 real, 66 MB, 56.22 load
[runlim] sample:		447.19 time, 450.01 real, 66 MB, 56.42 load
[runlim] sample:		457.13 time, 460.01 real, 66 MB, 56.36 load
[runlim] sample:		467.07 time, 470.01 real, 66 MB, 56.54 load
[runlim] sample:		477.01 time, 480.01 real, 66 MB, 56.45 load
[runlim] sample:		486.95 time, 490.01 real, 66 MB, 56.23 load
[runlim] sample:		496.89 time, 500.01 real, 66 MB, 56.04 load
[runlim] sample:		506.82 time, 510.01 real, 66 MB, 55.88 load
[runlim] sample:		516.76 time, 520.01 real, 66 MB, 55.74 load
[runlim] sample:		526.70 time, 530.01 real, 66 MB, 56.03 load
[runlim] sample:		536.64 time, 540.01 real, 66 MB, 56.02 load
[runlim] sample:		546.58 time, 550.01 real, 66 MB, 55.87 load
[runlim] sample:		556.52 time, 560.01 real, 66 MB, 55.73 load
[runlim] sample:		566.45 time, 570.01 real, 66 MB, 55.62 load
[runlim] sample:		576.39 time, 580.01 real, 66 MB, 55.60 load
[runlim] sample:		586.33 time, 590.01 real, 66 MB, 55.75 load
[runlim] sample:		596.27 time, 600.01 real, 66 MB, 55.64 load
[runlim] sample:		606.21 time, 610.01 real, 66 MB, 55.54 load
[runlim] sample:		616.15 time, 620.01 real, 66 MB, 55.45 load
[runlim] sample:		626.08 time, 630.01 real, 66 MB, 55.46 load
[runlim] sample:		636.02 time, 640.01 real, 66 MB, 55.39 load
[runlim] sample:		645.96 time, 650.01 real, 66 MB, 55.57 load
[runlim] sample:		655.90 time, 660.01 real, 66 MB, 55.33 load
[runlim] sample:		665.84 time, 670.01 real, 66 MB, 55.12 load
[runlim] sample:		675.78 time, 680.01 real, 66 MB, 55.03 load
[runlim] sample:		685.72 time, 690.01 real, 66 MB, 54.87 load
[runlim] sample:		695.66 time, 700.01 real, 66 MB, 54.74 load
[runlim] sample:		705.60 time, 710.01 real, 66 MB, 54.70 load
[runlim] sample:		715.54 time, 720.01 real, 66 MB, 54.67 load
[runlim] sample:		725.48 time, 730.01 real, 66 MB, 54.57 load
[runlim] sample:		735.42 time, 740.01 real, 66 MB, 54.48 load
[runlim] sample:		745.36 time, 750.01 real, 66 MB, 54.40 load
[runlim] sample:		755.30 time, 760.01 real, 66 MB, 54.34 load
[runlim] sample:		765.24 time, 770.01 real, 66 MB, 54.53 load
[runlim] sample:		775.18 time, 780.01 real, 66 MB, 54.52 load
[runlim] sample:		785.12 time, 790.01 real, 66 MB, 54.44 load
[runlim] sample:		795.06 time, 800.01 real, 66 MB, 54.37 load
[runlim] sample:		805.00 time, 810.01 real, 66 MB, 54.31 load
[runlim] sample:		814.94 time, 820.01 real, 66 MB, 54.27 load
[runlim] sample:		824.88 time, 830.01 real, 66 MB, 54.30 load
[runlim] sample:		834.82 time, 840.01 real, 66 MB, 54.41 load
[runlim] sample:		844.75 time, 850.01 real, 66 MB, 54.34 load
[runlim] sample:		854.69 time, 860.01 real, 66 MB, 54.29 load
[runlim] sample:		864.63 time, 870.01 real, 66 MB, 54.24 load
[runlim] sample:		874.57 time, 880.01 real, 66 MB, 54.21 load
[runlim] sample:		884.50 time, 890.01 real, 66 MB, 54.33 load
[runlim] sample:		894.44 time, 900.01 real, 66 MB, 54.36 load
[runlim] sample:		904.38 time, 910.01 real, 66 MB, 54.38 load
[runlim] sample:		914.32 time, 920.01 real, 66 MB, 54.32 load
[runlim] sample:		924.25 time, 930.01 real, 66 MB, 54.27 load
[runlim] sample:		934.19 time, 940.01 real, 66 MB, 54.23 load
[runlim] sample:		944.13 time, 950.01 real, 66 MB, 54.35 load
[runlim] sample:		954.07 time, 960.01 real, 66 MB, 54.37 load
[runlim] sample:		964.01 time, 970.01 real, 66 MB, 54.31 load
[runlim] sample:		973.94 time, 980.01 real, 66 MB, 54.27 load
[runlim] sample:		983.88 time, 990.01 real, 66 MB, 54.46 load
[runlim] sample:		993.82 time, 1000.01 real, 66 MB, 54.23 load
[runlim] sample:		1003.77 time, 1010.01 real, 66 MB, 54.20 load
[runlim] sample:		1013.71 time, 1020.01 real, 66 MB, 54.01 load
[runlim] sample:		1023.65 time, 1030.01 real, 66 MB, 53.86 load
[runlim] sample:		1033.59 time, 1040.01 real, 66 MB, 53.88 load
[runlim] sample:		1043.52 time, 1050.01 real, 66 MB, 53.74 load
[runlim] sample:		1053.47 time, 1060.01 real, 66 MB, 53.71 load
[runlim] sample:		1063.41 time, 1070.01 real, 66 MB, 53.76 load
[runlim] sample:		1073.35 time, 1080.01 real, 66 MB, 53.72 load
[runlim] sample:		1083.29 time, 1090.01 real, 66 MB, 53.61 load
[runlim] sample:		1093.23 time, 1100.01 real, 66 MB, 53.51 load
[runlim] sample:		1103.17 time, 1110.01 real, 66 MB, 53.51 load
[runlim] sample:		1113.11 time, 1120.01 real, 66 MB, 53.51 load
[runlim] sample:		1123.05 time, 1130.01 real, 66 MB, 53.51 load
[runlim] sample:		1132.99 time, 1140.01 real, 66 MB, 53.51 load
[runlim] sample:		1142.93 time, 1150.01 real, 66 MB, 53.43 load
[runlim] sample:		1152.87 time, 1160.01 real, 66 MB, 53.36 load
[runlim] sample:		1162.81 time, 1170.01 real, 66 MB, 53.31 load
[runlim] sample:		1172.75 time, 1180.01 real, 66 MB, 53.34 load
[runlim] sample:		1182.69 time, 1190.01 real, 66 MB, 53.37 load
[runlim] sample:		1192.63 time, 1200.01 real, 66 MB, 53.31 load
[runlim] sample:		1202.57 time, 1210.01 real, 66 MB, 53.34 load
[runlim] sample:		1212.51 time, 1220.01 real, 66 MB, 53.36 load
[runlim] sample:		1222.45 time, 1230.01 real, 66 MB, 53.31 load
[runlim] sample:		1232.39 time, 1240.01 real, 66 MB, 53.26 load
[runlim] sample:		1242.33 time, 1250.01 real, 66 MB, 53.46 load
[runlim] sample:		1252.27 time, 1260.01 real, 66 MB, 53.39 load
[runlim] sample:		1262.21 time, 1270.01 real, 66 MB, 53.48 load
[runlim] sample:		1272.15 time, 1280.01 real, 66 MB, 53.56 load
[runlim] sample:		1282.09 time, 1290.01 real, 66 MB, 53.48 load
[runlim] sample:		1292.02 time, 1300.01 real, 66 MB, 53.40 load
[runlim] sample:		1301.96 time, 1310.01 real, 66 MB, 53.57 load
[runlim] sample:		1311.90 time, 1320.01 real, 66 MB, 53.48 load
[runlim] sample:		1321.84 time, 1330.01 real, 66 MB, 53.41 load
[runlim] sample:		1331.78 time, 1340.01 real, 66 MB, 53.42 load
[runlim] sample:		1341.72 time, 1350.01 real, 66 MB, 53.35 load
[runlim] sample:		1351.66 time, 1360.01 real, 66 MB, 53.30 load
[runlim] sample:		1361.60 time, 1370.01 real, 66 MB, 53.33 load
[runlim] sample:		1371.54 time, 1380.01 real, 66 MB, 53.28 load
[runlim] sample:		1381.48 time, 1390.01 real, 66 MB, 53.32 load
[runlim] sample:		1391.42 time, 1400.01 real, 66 MB, 53.27 load
[runlim] sample:		1401.36 time, 1410.01 real, 66 MB, 53.38 load
[runlim] sample:		1411.30 time, 1420.01 real, 66 MB, 53.32 load
[runlim] sample:		1421.24 time, 1430.01 real, 66 MB, 53.35 load
[runlim] sample:		1431.18 time, 1440.01 real, 66 MB, 53.30 load
[runlim] sample:		1441.11 time, 1450.01 real, 66 MB, 53.25 load
[runlim] sample:		1451.05 time, 1460.01 real, 66 MB, 53.44 load
[runlim] sample:		1460.98 time, 1470.01 real, 66 MB, 53.53 load
[runlim] sample:		1470.92 time, 1480.01 real, 66 MB, 53.61 load
[runlim] sample:		1480.86 time, 1490.01 real, 66 MB, 53.59 load
[runlim] sample:		1490.80 time, 1500.01 real, 66 MB, 53.50 load
[runlim] sample:		1500.74 time, 1510.01 real, 66 MB, 53.42 load
[runlim] sample:		1510.68 time, 1520.01 real, 66 MB, 53.36 load
[runlim] sample:		1520.62 time, 1530.01 real, 66 MB, 53.38 load
[runlim] sample:		1530.56 time, 1540.01 real, 66 MB, 53.40 load
[runlim] sample:		1540.49 time, 1550.01 real, 66 MB, 53.50 load
[runlim] sample:		1550.43 time, 1560.01 real, 66 MB, 53.50 load
[runlim] sample:		1560.37 time, 1570.01 real, 66 MB, 53.42 load
[runlim] sample:		1570.31 time, 1580.01 real, 66 MB, 53.36 load
[runlim] sample:		1580.25 time, 1590.01 real, 66 MB, 53.30 load
[runlim] sample:		1590.19 time, 1600.01 real, 66 MB, 53.26 load
[runlim] sample:		1600.13 time, 1610.01 real, 66 MB, 53.22 load
[runlim] sample:		1610.07 time, 1620.01 real, 66 MB, 53.26 load
[runlim] sample:		1620.02 time, 1630.01 real, 66 MB, 53.22 load
[runlim] sample:		1629.96 time, 1640.01 real, 66 MB, 53.26 load
[runlim] sample:		1639.90 time, 1650.01 real, 66 MB, 53.22 load
[runlim] sample:		1649.85 time, 1660.01 real, 66 MB, 53.19 load
[runlim] sample:		1659.79 time, 1670.01 real, 66 MB, 53.16 load
[runlim] sample:		1669.73 time, 1680.01 real, 66 MB, 53.29 load
[runlim] sample:		1679.68 time, 1690.01 real, 66 MB, 53.24 load
[runlim] sample:		1689.62 time, 1700.01 real, 66 MB, 53.21 load
[runlim] sample:		1699.56 time, 1710.01 real, 66 MB, 53.25 load
[runlim] sample:		1709.50 time, 1720.01 real, 66 MB, 53.21 load
[runlim] sample:		1719.44 time, 1730.01 real, 66 MB, 53.34 load
[runlim] sample:		1729.38 time, 1740.01 real, 66 MB, 53.36 load
[runlim] sample:		1739.32 time, 1750.01 real, 66 MB, 53.38 load
[runlim] sample:		1749.26 time, 1760.01 real, 66 MB, 53.32 load
[runlim] sample:		1759.20 time, 1770.01 real, 66 MB, 53.27 load
[runlim] sample:		1769.13 time, 1780.01 real, 66 MB, 53.31 load
[runlim] sample:		1779.07 time, 1790.01 real, 66 MB, 53.26 load
[runlim] sample:		1789.01 time, 1800.01 real, 66 MB, 53.30 load
[runlim] sample:		1798.95 time, 1810.01 real, 66 MB, 53.25 load
[runlim] sample:		1808.89 time, 1820.01 real, 66 MB, 53.29 load
[runlim] sample:		1818.83 time, 1830.01 real, 66 MB, 53.25 load
[runlim] sample:		1828.77 time, 1840.01 real, 66 MB, 53.21 load
[runlim] sample:		1838.71 time, 1850.01 real, 66 MB, 53.26 load
[runlim] sample:		1848.65 time, 1860.01 real, 66 MB, 53.29 load
[runlim] sample:		1858.58 time, 1870.01 real, 66 MB, 53.25 load
[runlim] sample:		1868.52 time, 1880.01 real, 66 MB, 53.21 load
[runlim] sample:		1878.46 time, 1890.01 real, 66 MB, 53.17 load
[runlim] sample:		1888.39 time, 1900.01 real, 66 MB, 53.15 load
[runlim] sample:		1898.33 time, 1910.01 real, 66 MB, 53.20 load
[runlim] sample:		1908.27 time, 1920.01 real, 66 MB, 53.32 load
[runlim] sample:		1918.20 time, 1930.01 real, 66 MB, 53.27 load
[runlim] sample:		1928.14 time, 1940.01 real, 66 MB, 53.23 load
[runlim] sample:		1938.08 time, 1950.01 real, 66 MB, 53.35 load
[runlim] sample:		1948.01 time, 1960.01 real, 66 MB, 53.30 load
[runlim] sample:		1957.95 time, 1970.01 real, 66 MB, 53.25 load
[runlim] sample:		1967.89 time, 1980.01 real, 66 MB, 53.29 load
[runlim] sample:		1977.82 time, 1990.01 real, 66 MB, 53.24 load
[runlim] sample:		1987.76 time, 2000.01 real, 66 MB, 53.37 load
[runlim] sample:		1997.70 time, 2010.01 real, 66 MB, 53.39 load
[runlim] sample:		2007.63 time, 2020.01 real, 66 MB, 53.33 load
[runlim] sample:		2017.57 time, 2030.01 real, 66 MB, 53.28 load
[runlim] sample:		2027.50 time, 2040.01 real, 66 MB, 53.38 load
[runlim] sample:		2037.43 time, 2050.01 real, 66 MB, 53.32 load
[runlim] sample:		2047.37 time, 2060.01 real, 66 MB, 53.27 load
[runlim] sample:		2057.31 time, 2070.01 real, 66 MB, 53.23 load
[runlim] sample:		2067.24 time, 2080.01 real, 66 MB, 53.20 load
[runlim] sample:		2077.18 time, 2090.01 real, 66 MB, 53.16 load
[runlim] sample:		2087.11 time, 2100.01 real, 66 MB, 53.21 load
[runlim] sample:		2097.05 time, 2110.01 real, 66 MB, 53.26 load
[runlim] sample:		2106.98 time, 2120.01 real, 66 MB, 53.22 load
[runlim] sample:		2116.92 time, 2130.01 real, 66 MB, 53.18 load
[runlim] sample:		2126.85 time, 2140.01 real, 66 MB, 53.16 load
[runlim] sample:		2136.79 time, 2150.01 real, 66 MB, 53.21 load
[runlim] sample:		2146.73 time, 2160.01 real, 66 MB, 53.25 load
[runlim] sample:		2156.67 time, 2170.01 real, 66 MB, 53.21 load
[runlim] sample:		2166.60 time, 2180.01 real, 66 MB, 53.18 load
[runlim] sample:		2176.54 time, 2190.01 real, 66 MB, 53.31 load
[runlim] sample:		2186.48 time, 2200.01 real, 66 MB, 53.34 load
[runlim] sample:		2196.42 time, 2210.01 real, 66 MB, 53.29 load
[runlim] sample:		2206.35 time, 2220.01 real, 66 MB, 53.32 load
[runlim] sample:		2216.29 time, 2230.01 real, 66 MB, 53.27 load
[runlim] sample:		2226.22 time, 2240.01 real, 66 MB, 53.22 load
[runlim] sample:		2236.16 time, 2250.01 real, 66 MB, 53.19 load
[runlim] sample:		2246.09 time, 2260.01 real, 66 MB, 53.23 load
[runlim] sample:		2256.03 time, 2270.01 real, 66 MB, 53.20 load
[runlim] sample:		2265.97 time, 2280.01 real, 66 MB, 53.32 load
[runlim] sample:		2275.91 time, 2290.01 real, 66 MB, 53.27 load
[runlim] sample:		2285.84 time, 2300.01 real, 66 MB, 53.23 load
[runlim] sample:		2295.78 time, 2310.01 real, 66 MB, 53.19 load
[runlim] sample:		2305.71 time, 2320.01 real, 66 MB, 53.16 load
[runlim] sample:		2315.65 time, 2330.01 real, 66 MB, 53.14 load
[runlim] sample:		2325.58 time, 2340.01 real, 66 MB, 53.19 load
[runlim] sample:		2335.52 time, 2350.01 real, 66 MB, 53.32 load
[runlim] sample:		2345.45 time, 2360.01 real, 66 MB, 53.27 load
[runlim] sample:		2355.39 time, 2370.01 real, 66 MB, 53.23 load
[runlim] sample:		2365.32 time, 2380.01 real, 66 MB, 53.19 load
[runlim] sample:		2375.26 time, 2390.01 real, 66 MB, 53.16 load
[runlim] sample:		2385.20 time, 2400.01 real, 66 MB, 53.21 load
[runlim] sample:		2395.13 time, 2410.01 real, 66 MB, 53.25 load
[runlim] sample:		2405.07 time, 2420.01 real, 66 MB, 53.21 load
[runlim] sample:		2415.00 time, 2430.01 real, 66 MB, 53.18 load
[runlim] sample:		2424.93 time, 2440.01 real, 66 MB, 53.15 load
[runlim] sample:		2434.87 time, 2450.01 real, 66 MB, 53.21 load
[runlim] sample:		2444.81 time, 2460.01 real, 66 MB, 53.25 load
[runlim] sample:		2454.75 time, 2470.01 real, 66 MB, 53.21 load
[runlim] sample:		2464.69 time, 2480.01 real, 66 MB, 53.26 load
[runlim] sample:		2474.62 time, 2490.01 real, 66 MB, 53.38 load
[runlim] sample:		2484.56 time, 2500.01 real, 66 MB, 53.32 load
[runlim] sample:		2494.50 time, 2510.01 real, 66 MB, 53.27 load
[runlim] sample:		2504.44 time, 2520.01 real, 66 MB, 53.31 load
[runlim] sample:		2514.38 time, 2530.01 real, 66 MB, 53.26 load
[runlim] sample:		2524.32 time, 2540.01 real, 66 MB, 53.38 load
[runlim] sample:		2534.25 time, 2550.01 real, 66 MB, 53.32 load
[runlim] sample:		2544.19 time, 2560.01 real, 66 MB, 53.27 load
[runlim] sample:		2554.13 time, 2570.01 real, 66 MB, 53.23 load
[runlim] sample:		2564.06 time, 2580.01 real, 66 MB, 53.19 load
[runlim] sample:		2574.00 time, 2590.01 real, 66 MB, 53.24 load
[runlim] sample:		2583.94 time, 2600.01 real, 66 MB, 53.20 load
[runlim] sample:		2593.88 time, 2610.01 real, 66 MB, 53.17 load
[runlim] sample:		2603.81 time, 2620.01 real, 66 MB, 53.15 load
[runlim] sample:		2613.75 time, 2630.01 real, 66 MB, 53.12 load
[runlim] sample:		2623.68 time, 2640.01 real, 66 MB, 53.10 load
[runlim] sample:		2633.62 time, 2650.01 real, 66 MB, 53.17 load
[runlim] sample:		2643.55 time, 2660.01 real, 66 MB, 53.14 load
[runlim] sample:		2653.49 time, 2670.01 real, 66 MB, 53.12 load
[runlim] sample:		2663.43 time, 2680.01 real, 66 MB, 53.18 load
[runlim] sample:		2673.37 time, 2690.01 real, 66 MB, 53.15 load
[runlim] sample:		2683.30 time, 2700.01 real, 66 MB, 53.13 load
[runlim] sample:		2693.24 time, 2710.01 real, 66 MB, 53.18 load
[runlim] sample:		2703.18 time, 2720.01 real, 66 MB, 53.15 load
[runlim] sample:		2713.11 time, 2730.01 real, 66 MB, 53.13 load
[runlim] sample:		2723.05 time, 2740.01 real, 66 MB, 53.11 load
[runlim] sample:		2732.99 time, 2750.01 real, 66 MB, 53.17 load
[runlim] sample:		2742.93 time, 2760.01 real, 66 MB, 53.15 load
[runlim] sample:		2752.86 time, 2770.01 real, 66 MB, 53.12 load
[runlim] sample:		2762.80 time, 2780.01 real, 66 MB, 53.18 load
[runlim] sample:		2772.74 time, 2790.01 real, 66 MB, 53.16 load
[runlim] sample:		2782.67 time, 2800.01 real, 66 MB, 53.13 load
[runlim] sample:		2792.61 time, 2810.01 real, 66 MB, 53.19 load
[runlim] sample:		2802.55 time, 2820.01 real, 66 MB, 53.16 load
[runlim] sample:		2812.49 time, 2830.01 real, 66 MB, 53.14 load
[runlim] sample:		2822.42 time, 2840.01 real, 66 MB, 53.11 load
[runlim] sample:		2832.36 time, 2850.01 real, 66 MB, 53.10 load
[runlim] sample:		2842.30 time, 2860.01 real, 66 MB, 53.08 load
[runlim] sample:		2852.24 time, 2870.01 real, 66 MB, 53.15 load
[runlim] sample:		2862.18 time, 2880.01 real, 66 MB, 53.12 load
[runlim] sample:		2872.12 time, 2890.01 real, 66 MB, 53.11 load
[runlim] sample:		2882.06 time, 2900.01 real, 66 MB, 53.09 load
[runlim] sample:		2891.99 time, 2910.01 real, 66 MB, 53.23 load
[runlim] sample:		2901.93 time, 2920.01 real, 66 MB, 53.27 load
[runlim] sample:		2911.87 time, 2930.01 real, 66 MB, 53.39 load
[runlim] sample:		2921.81 time, 2940.01 real, 66 MB, 53.33 load
[runlim] sample:		2931.75 time, 2950.01 real, 66 MB, 53.28 load
[runlim] sample:		2941.69 time, 2960.01 real, 66 MB, 53.24 load
[runlim] sample:		2951.62 time, 2970.01 real, 66 MB, 53.52 load
[runlim] sample:		2961.56 time, 2980.01 real, 66 MB, 53.52 load
[runlim] sample:		2971.50 time, 2990.01 real, 66 MB, 53.52 load
[runlim] sample:		2981.44 time, 3000.01 real, 66 MB, 53.44 load
[runlim] sample:		2991.38 time, 3010.01 real, 66 MB, 53.37 load
[runlim] sample:		3001.32 time, 3020.01 real, 66 MB, 53.31 load
[runlim] sample:		3011.25 time, 3030.01 real, 66 MB, 53.34 load
[runlim] sample:		3021.19 time, 3040.01 real, 66 MB, 53.52 load
[runlim] sample:		3031.13 time, 3050.01 real, 66 MB, 53.44 load
[runlim] sample:		3041.07 time, 3060.01 real, 66 MB, 53.37 load
[runlim] sample:		3051.01 time, 3070.01 real, 66 MB, 53.31 load
[runlim] sample:		3060.95 time, 3080.01 real, 66 MB, 53.35 load
[runlim] sample:		3070.88 time, 3090.01 real, 66 MB, 53.29 load
[runlim] sample:		3080.82 time, 3100.01 real, 66 MB, 53.25 load
[runlim] sample:		3090.76 time, 3110.01 real, 66 MB, 53.21 load
[runlim] sample:		3100.70 time, 3120.01 real, 66 MB, 53.25 load
[runlim] sample:		3110.64 time, 3130.01 real, 66 MB, 53.21 load
[runlim] sample:		3120.58 time, 3140.01 real, 66 MB, 53.18 load
[runlim] sample:		3130.51 time, 3150.01 real, 66 MB, 53.15 load
[runlim] sample:		3140.45 time, 3160.01 real, 66 MB, 53.13 load
[runlim] sample:		3150.39 time, 3170.01 real, 66 MB, 53.26 load
[runlim] sample:		3160.33 time, 3180.01 real, 66 MB, 53.45 load
[runlim] sample:		3170.26 time, 3190.01 real, 66 MB, 53.38 load
[runlim] sample:		3180.20 time, 3200.01 real, 66 MB, 53.32 load
[runlim] sample:		3190.14 time, 3210.01 real, 66 MB, 53.35 load
[runlim] sample:		3200.08 time, 3220.01 real, 66 MB, 53.29 load
[runlim] sample:		3210.02 time, 3230.01 real, 66 MB, 53.25 load
[runlim] sample:		3219.96 time, 3240.01 real, 66 MB, 53.21 load
[runlim] sample:		3229.90 time, 3250.01 real, 66 MB, 53.18 load
[runlim] sample:		3239.84 time, 3260.01 real, 66 MB, 53.38 load
[runlim] sample:		3249.78 time, 3270.01 real, 66 MB, 53.48 load
[runlim] sample:		3259.72 time, 3280.01 real, 66 MB, 53.64 load
[runlim] sample:		3269.66 time, 3290.01 real, 66 MB, 53.70 load
[runlim] sample:		3279.60 time, 3300.01 real, 66 MB, 53.74 load
[runlim] sample:		3289.54 time, 3310.01 real, 66 MB, 53.78 load
[runlim] sample:		3299.48 time, 3320.01 real, 66 MB, 53.82 load
[runlim] sample:		3309.42 time, 3330.01 real, 66 MB, 53.84 load
[runlim] sample:		3319.35 time, 3340.01 real, 66 MB, 53.94 load
[runlim] sample:		3329.29 time, 3350.01 real, 66 MB, 53.96 load
[runlim] sample:		3339.23 time, 3360.01 real, 66 MB, 53.81 load
[runlim] sample:		3349.17 time, 3370.01 real, 66 MB, 53.68 load
[runlim] sample:		3359.10 time, 3380.01 real, 66 MB, 53.65 load
[runlim] sample:		3369.04 time, 3390.01 real, 66 MB, 53.55 load
[runlim] sample:		3378.98 time, 3400.01 real, 66 MB, 53.47 load
[runlim] sample:		3388.91 time, 3410.01 real, 66 MB, 53.47 load
[runlim] sample:		3398.85 time, 3420.01 real, 66 MB, 53.40 load
[runlim] sample:		3408.79 time, 3430.01 real, 66 MB, 53.33 load
[runlim] sample:		3418.73 time, 3440.01 real, 66 MB, 53.44 load
[runlim] sample:		3428.66 time, 3450.01 real, 66 MB, 53.61 load
[runlim] sample:		3438.60 time, 3460.01 real, 66 MB, 53.59 load
[runlim] sample:		3448.53 time, 3470.01 real, 66 MB, 53.58 load
[runlim] sample:		3458.47 time, 3480.01 real, 66 MB, 53.49 load
[runlim] sample:		3468.41 time, 3490.01 real, 66 MB, 53.41 load
[runlim] sample:		3478.34 time, 3500.01 real, 66 MB, 53.42 load
[runlim] sample:		3488.28 time, 3510.01 real, 66 MB, 53.36 load
[runlim] sample:		3498.22 time, 3520.01 real, 66 MB, 53.30 load
[runlim] sample:		3508.16 time, 3530.01 real, 66 MB, 53.49 load
[runlim] sample:		3518.10 time, 3540.01 real, 66 MB, 53.57 load
[runlim] sample:		3528.04 time, 3550.01 real, 66 MB, 53.56 load
[runlim] sample:		3537.97 time, 3560.01 real, 66 MB, 53.55 load
[runlim] sample:		3547.91 time, 3570.01 real, 66 MB, 53.46 load
[runlim] sample:		3557.85 time, 3580.01 real, 66 MB, 53.39 load
[runlim] sample:		3567.78 time, 3590.01 real, 66 MB, 53.33 load
[runlim] sample:		3577.72 time, 3600.01 real, 66 MB, 53.28 load
[runlim] sample:		3587.66 time, 3610.01 real, 66 MB, 53.24 load
[runlim] sample:		3597.60 time, 3620.01 real, 66 MB, 53.20 load
[runlim] sample:		3607.54 time, 3630.01 real, 66 MB, 53.17 load
[runlim] sample:		3617.47 time, 3640.01 real, 66 MB, 53.14 load
[runlim] sample:		3627.41 time, 3650.01 real, 66 MB, 53.28 load
[runlim] sample:		3637.35 time, 3660.01 real, 66 MB, 53.24 load
[runlim] sample:		3647.28 time, 3670.01 real, 66 MB, 53.20 load
[runlim] sample:		3657.22 time, 3680.01 real, 66 MB, 53.25 load
[runlim] sample:		3667.16 time, 3690.01 real, 66 MB, 53.21 load
[runlim] sample:		3677.10 time, 3700.01 real, 66 MB, 53.18 load
[runlim] sample:		3687.04 time, 3710.01 real, 66 MB, 53.15 load
[runlim] sample:		3696.98 time, 3720.01 real, 66 MB, 53.13 load
[runlim] sample:		3706.92 time, 3730.01 real, 66 MB, 53.11 load
[runlim] sample:		3716.86 time, 3740.01 real, 66 MB, 53.17 load
[runlim] sample:		3726.79 time, 3750.01 real, 66 MB, 53.14 load
[runlim] sample:		3736.73 time, 3760.01 real, 66 MB, 53.12 load
[runlim] sample:		3746.67 time, 3770.01 real, 66 MB, 53.10 load
[runlim] sample:		3756.60 time, 3780.01 real, 66 MB, 53.17 load
[runlim] sample:		3766.54 time, 3790.01 real, 66 MB, 53.22 load
[runlim] sample:		3776.47 time, 3800.01 real, 67 MB, 53.19 load
[runlim] sample:		3786.41 time, 3810.01 real, 67 MB, 53.16 load
[runlim] sample:		3796.35 time, 3820.01 real, 67 MB, 53.21 load
[runlim] sample:		3806.29 time, 3830.01 real, 69 MB, 53.03 load
[runlim] sample:		3816.23 time, 3840.01 real, 69 MB, 52.87 load
[runlim] sample:		3826.17 time, 3850.01 real, 69 MB, 52.73 load
[runlim] sample:		3836.11 time, 3860.01 real, 69 MB, 52.62 load
[runlim] sample:		3846.05 time, 3870.01 real, 69 MB, 52.53 load
[runlim] sample:		3855.99 time, 3880.01 real, 69 MB, 52.44 load
[runlim] sample:		3865.93 time, 3890.01 real, 69 MB, 52.38 load
[runlim] sample:		3875.88 time, 3900.01 real, 69 MB, 52.32 load
[runlim] sample:		3885.82 time, 3910.01 real, 69 MB, 52.27 load
[runlim] sample:		3895.76 time, 3920.01 real, 69 MB, 52.23 load
[runlim] sample:		3905.71 time, 3930.01 real, 69 MB, 52.19 load
[runlim] sample:		3915.65 time, 3940.01 real, 69 MB, 52.24 load
[runlim] sample:		3925.59 time, 3950.01 real, 69 MB, 52.28 load
[runlim] sample:		3935.53 time, 3960.01 real, 69 MB, 52.32 load
[runlim] sample:		3945.48 time, 3970.01 real, 69 MB, 52.27 load
[runlim] sample:		3955.42 time, 3980.01 real, 69 MB, 52.31 load
[runlim] sample:		3965.36 time, 3990.01 real, 69 MB, 52.34 load
[runlim] sample:		3975.31 time, 4000.01 real, 69 MB, 52.37 load
[runlim] sample:		3985.25 time, 4010.01 real, 69 MB, 52.31 load
[runlim] sample:		3995.19 time, 4020.01 real, 69 MB, 52.50 load
[runlim] sample:		4005.14 time, 4030.01 real, 69 MB, 52.50 load
[runlim] sample:		4015.08 time, 4040.01 real, 69 MB, 52.51 load
[runlim] sample:		4025.02 time, 4050.01 real, 69 MB, 52.50 load
[runlim] sample:		4034.97 time, 4060.01 real, 69 MB, 52.42 load
[runlim] sample:		4044.91 time, 4070.01 real, 69 MB, 52.43 load
[runlim] sample:		4054.85 time, 4080.01 real, 69 MB, 52.37 load
[runlim] sample:		4064.80 time, 4090.01 real, 69 MB, 52.31 load
[runlim] sample:		4074.74 time, 4100.01 real, 69 MB, 52.42 load
[runlim] sample:		4084.68 time, 4110.01 real, 69 MB, 52.36 load
[runlim] sample:		4094.62 time, 4120.01 real, 69 MB, 52.38 load
[runlim] sample:		4104.57 time, 4130.01 real, 69 MB, 52.40 load
[runlim] sample:		4114.51 time, 4140.01 real, 69 MB, 52.42 load
[runlim] sample:		4124.45 time, 4150.01 real, 69 MB, 52.36 load
[runlim] sample:		4134.40 time, 4160.01 real, 69 MB, 52.38 load
[runlim] sample:		4144.34 time, 4170.01 real, 69 MB, 52.32 load
[runlim] sample:		4154.28 time, 4180.01 real, 69 MB, 52.51 load
[runlim] sample:		4164.22 time, 4190.01 real, 69 MB, 52.43 load
[runlim] sample:		4174.17 time, 4200.01 real, 69 MB, 52.52 load
[runlim] sample:		4184.11 time, 4210.01 real, 69 MB, 52.44 load
[runlim] sample:		4194.05 time, 4220.01 real, 69 MB, 52.45 load
[runlim] sample:		4203.99 time, 4230.01 real, 69 MB, 52.38 load
[runlim] sample:		4213.94 time, 4240.01 real, 69 MB, 52.32 load
[runlim] sample:		4223.88 time, 4250.01 real, 69 MB, 52.35 load
[runlim] sample:		4233.82 time, 4260.01 real, 69 MB, 52.30 load
[runlim] sample:		4243.77 time, 4270.01 real, 69 MB, 52.33 load
[runlim] sample:		4253.71 time, 4280.01 real, 69 MB, 52.36 load
[runlim] sample:		4263.65 time, 4290.01 real, 69 MB, 52.31 load
[runlim] sample:		4273.59 time, 4300.01 real, 69 MB, 52.26 load
[runlim] sample:		4283.53 time, 4310.01 real, 69 MB, 52.22 load
[runlim] sample:		4293.48 time, 4320.01 real, 69 MB, 52.34 load
[runlim] sample:		4303.42 time, 4330.01 real, 69 MB, 52.29 load
[runlim] sample:		4313.36 time, 4340.01 real, 69 MB, 52.48 load
[runlim] sample:		4323.30 time, 4350.01 real, 69 MB, 52.41 load
[runlim] sample:		4333.24 time, 4360.01 real, 69 MB, 52.42 load
[runlim] sample:		4343.18 time, 4370.01 real, 69 MB, 52.36 load
[runlim] sample:		4353.12 time, 4380.01 real, 69 MB, 52.38 load
[runlim] sample:		4363.06 time, 4390.01 real, 69 MB, 52.32 load
[runlim] sample:		4373.00 time, 4400.01 real, 69 MB, 52.27 load
[runlim] sample:		4382.94 time, 4410.01 real, 69 MB, 52.38 load
[runlim] sample:		4392.89 time, 4420.01 real, 69 MB, 52.32 load
[runlim] sample:		4402.83 time, 4430.01 real, 69 MB, 52.35 load
[runlim] sample:		4412.77 time, 4440.01 real, 69 MB, 52.30 load
[runlim] sample:		4422.71 time, 4450.01 real, 69 MB, 52.25 load
[runlim] sample:		4432.65 time, 4460.01 real, 69 MB, 52.37 load
[runlim] sample:		4442.59 time, 4470.01 real, 69 MB, 52.55 load
[runlim] sample:		4452.53 time, 4480.01 real, 69 MB, 52.54 load
[runlim] sample:		4462.47 time, 4490.01 real, 69 MB, 52.45 load
[runlim] sample:		4472.41 time, 4500.01 real, 69 MB, 52.38 load
[runlim] sample:		4482.35 time, 4510.01 real, 69 MB, 52.33 load
[runlim] sample:		4492.29 time, 4520.01 real, 69 MB, 52.27 load
[runlim] sample:		4502.23 time, 4530.01 real, 69 MB, 52.23 load
[runlim] sample:		4512.17 time, 4540.01 real, 69 MB, 52.35 load
[runlim] sample:		4522.11 time, 4550.01 real, 69 MB, 52.30 load
[runlim] sample:		4532.06 time, 4560.01 real, 69 MB, 52.40 load
[runlim] sample:		4542.00 time, 4570.01 real, 69 MB, 52.34 load
[runlim] sample:		4551.94 time, 4580.01 real, 69 MB, 52.37 load
[runlim] sample:		4561.88 time, 4590.01 real, 69 MB, 52.39 load
[runlim] sample:		4571.82 time, 4600.01 real, 69 MB, 52.41 load
[runlim] sample:		4581.76 time, 4610.01 real, 69 MB, 52.42 load
[runlim] sample:		4591.71 time, 4620.01 real, 69 MB, 52.44 load
[runlim] sample:		4601.65 time, 4630.01 real, 69 MB, 52.37 load
[runlim] sample:		4611.59 time, 4640.01 real, 69 MB, 52.39 load
[runlim] sample:		4621.53 time, 4650.01 real, 69 MB, 52.41 load
[runlim] sample:		4631.48 time, 4660.01 real, 69 MB, 52.35 load
[runlim] sample:		4641.42 time, 4670.01 real, 69 MB, 52.38 load
[runlim] sample:		4651.36 time, 4680.01 real, 69 MB, 52.48 load
[runlim] sample:		4661.31 time, 4690.01 real, 69 MB, 52.40 load
[runlim] sample:		4671.25 time, 4700.01 real, 69 MB, 52.42 load
[runlim] sample:		4681.19 time, 4710.01 real, 69 MB, 52.36 load
[runlim] sample:		4691.14 time, 4720.01 real, 69 MB, 52.30 load
[runlim] sample:		4701.08 time, 4730.01 real, 69 MB, 52.25 load
[runlim] sample:		4711.02 time, 4740.01 real, 69 MB, 52.22 load
[runlim] sample:		4720.97 time, 4750.01 real, 69 MB, 52.18 load
[runlim] sample:		4730.91 time, 4760.01 real, 69 MB, 52.15 load
[runlim] sample:		4740.86 time, 4770.01 real, 69 MB, 52.13 load
[runlim] sample:		4750.80 time, 4780.01 real, 69 MB, 52.19 load
[runlim] sample:		4760.74 time, 4790.01 real, 69 MB, 52.24 load
[runlim] sample:		4770.68 time, 4800.01 real, 69 MB, 52.20 load
[runlim] sample:		4780.63 time, 4810.01 real, 69 MB, 52.17 load
[runlim] sample:		4790.57 time, 4820.01 real, 69 MB, 52.14 load
[runlim] sample:		4800.51 time, 4830.01 real, 69 MB, 52.12 load
[runlim] sample:		4810.46 time, 4840.01 real, 69 MB, 52.10 load
[runlim] sample:		4820.40 time, 4850.01 real, 69 MB, 52.09 load
[runlim] sample:		4830.34 time, 4860.01 real, 69 MB, 52.15 load
[runlim] sample:		4840.28 time, 4870.01 real, 69 MB, 52.13 load
[runlim] sample:		4850.23 time, 4880.01 real, 69 MB, 52.18 load
[runlim] sample:		4860.17 time, 4890.01 real, 69 MB, 52.15 load
[runlim] sample:		4870.11 time, 4900.01 real, 69 MB, 52.13 load
[runlim] sample:		4880.06 time, 4910.01 real, 69 MB, 52.11 load
[runlim] sample:		4890.00 time, 4920.01 real, 69 MB, 52.25 load
[runlim] sample:		4899.94 time, 4930.01 real, 69 MB, 52.21 load
[runlim] sample:		4909.88 time, 4940.01 real, 69 MB, 52.18 load
[runlim] sample:		4919.83 time, 4950.01 real, 69 MB, 52.47 load
[runlim] sample:		4929.77 time, 4960.01 real, 69 MB, 52.47 load
[runlim] sample:		4939.71 time, 4970.01 real, 69 MB, 52.48 load
[runlim] sample:		4949.65 time, 4980.01 real, 69 MB, 52.48 load
[runlim] sample:		4959.59 time, 4990.01 real, 69 MB, 52.49 load
[runlim] sample:		4969.54 time, 5000.01 real, 69 MB, 51.48 load
[runlim] end:			Thu Apr  9 19:24:52 2026
[runlim] status:		out of time
[runlim] result:		2
[runlim] children:		1
[runlim] processes:		2
[runlim] real:			5000.05 seconds
[runlim] time:			4969.54 seconds
[runlim] space:			77 MB
[runlim] load:			56.58 maximum
[runlim] samples:		50000
