[runlim] version:		2.0.0rc1
[runlim] host:			o02n01
[runlim] time limit:		311040000 seconds
[runlim] real time limit:	5000 seconds
[runlim] space limit:		7000 MB
[runlim] argv[0]:		./binary
[runlim] argv[1]:		-c
[runlim] argv[2]:		/tmp/local-unzipped-12459986-2-69-mc2025_track1_167.cnf
[runlim] start:			Thu Apr  9 18:01:25 2026
[runlim] child:			2204400
[runlim] sample:		9.96 time, 10.01 real, 5 MB, 8.86 load
[runlim] sample:		19.92 time, 20.01 real, 5 MB, 10.51 load
[runlim] sample:		29.87 time, 30.01 real, 5 MB, 13.37 load
[runlim] sample:		39.82 time, 40.01 real, 5 MB, 16.31 load
[runlim] sample:		49.77 time, 50.01 real, 5 MB, 18.57 load
[runlim] sample:		59.73 time, 60.01 real, 5 MB, 20.48 load
[runlim] sample:		69.68 time, 70.01 real, 5 MB, 22.10 load
[runlim] sample:		79.64 time, 80.01 real, 5 MB, 23.47 load
[runlim] sample:		89.60 time, 90.01 real, 5 MB, 24.62 load
[runlim] sample:		99.55 time, 100.01 real, 5 MB, 25.60 load
[runlim] sample:		109.51 time, 110.01 real, 5 MB, 26.43 load
[runlim] sample:		119.46 time, 120.01 real, 5 MB, 27.14 load
[runlim] sample:		129.41 time, 130.01 real, 5 MB, 27.73 load
[runlim] sample:		139.37 time, 140.01 real, 5 MB, 28.23 load
[runlim] sample:		149.33 time, 150.01 real, 5 MB, 28.74 load
[runlim] sample:		159.28 time, 160.01 real, 5 MB, 29.09 load
[runlim] sample:		169.24 time, 170.01 real, 5 MB, 29.46 load
[runlim] sample:		179.19 time, 180.01 real, 5 MB, 29.62 load
[runlim] sample:		189.15 time, 190.01 real, 5 MB, 29.68 load
[runlim] sample:		199.10 time, 200.01 real, 5 MB, 29.73 load
[runlim] sample:		209.06 time, 210.01 real, 5 MB, 29.77 load
[runlim] sample:		219.01 time, 220.01 real, 5 MB, 29.81 load
[runlim] sample:		228.97 time, 230.01 real, 5 MB, 29.92 load
[runlim] sample:		238.92 time, 240.01 real, 5 MB, 29.93 load
[runlim] sample:		248.88 time, 250.01 real, 5 MB, 29.94 load
[runlim] sample:		258.84 time, 260.01 real, 5 MB, 29.95 load
[runlim] sample:		268.79 time, 270.01 real, 5 MB, 29.96 load
[runlim] sample:		278.75 time, 280.01 real, 5 MB, 29.96 load
[runlim] sample:		288.71 time, 290.01 real, 5 MB, 29.97 load
[runlim] sample:		298.66 time, 300.01 real, 5 MB, 29.98 load
[runlim] sample:		308.62 time, 310.01 real, 5 MB, 29.98 load
[runlim] sample:		318.57 time, 320.01 real, 5 MB, 29.98 load
[runlim] sample:		328.53 time, 330.01 real, 5 MB, 29.99 load
[runlim] sample:		338.49 time, 340.01 real, 5 MB, 29.99 load
[runlim] sample:		348.44 time, 350.01 real, 5 MB, 29.99 load
[runlim] sample:		358.40 time, 360.01 real, 5 MB, 29.99 load
[runlim] sample:		368.35 time, 370.01 real, 5 MB, 29.99 load
[runlim] sample:		378.31 time, 380.01 real, 5 MB, 30.00 load
[runlim] sample:		388.26 time, 390.01 real, 5 MB, 30.00 load
[runlim] sample:		398.22 time, 400.01 real, 5 MB, 30.00 load
[runlim] sample:		408.18 time, 410.01 real, 5 MB, 30.00 load
[runlim] sample:		418.13 time, 420.01 real, 5 MB, 30.00 load
[runlim] sample:		428.09 time, 430.01 real, 5 MB, 30.08 load
[runlim] sample:		438.04 time, 440.01 real, 5 MB, 30.07 load
[runlim] sample:		448.00 time, 450.01 real, 5 MB, 30.06 load
[runlim] sample:		457.95 time, 460.01 real, 5 MB, 30.05 load
[runlim] sample:		467.91 time, 470.01 real, 5 MB, 30.04 load
[runlim] sample:		477.87 time, 480.01 real, 5 MB, 30.03 load
[runlim] sample:		487.83 time, 490.01 real, 5 MB, 30.03 load
[runlim] sample:		497.78 time, 500.01 real, 5 MB, 30.10 load
[runlim] sample:		507.74 time, 510.01 real, 5 MB, 30.08 load
[runlim] sample:		517.70 time, 520.01 real, 5 MB, 30.07 load
[runlim] sample:		527.65 time, 530.01 real, 5 MB, 30.14 load
[runlim] sample:		537.61 time, 540.01 real, 5 MB, 30.20 load
[runlim] sample:		547.56 time, 550.01 real, 5 MB, 30.17 load
[runlim] sample:		557.52 time, 560.01 real, 5 MB, 30.21 load
[runlim] sample:		567.48 time, 570.01 real, 5 MB, 30.18 load
[runlim] sample:		577.43 time, 580.01 real, 5 MB, 30.15 load
[runlim] sample:		587.39 time, 590.01 real, 5 MB, 30.13 load
[runlim] sample:		597.34 time, 600.01 real, 5 MB, 30.11 load
[runlim] sample:		607.30 time, 610.01 real, 5 MB, 30.09 load
[runlim] sample:		617.25 time, 620.01 real, 5 MB, 30.16 load
[runlim] sample:		627.21 time, 630.01 real, 5 MB, 30.13 load
[runlim] sample:		637.17 time, 640.01 real, 5 MB, 30.11 load
[runlim] sample:		647.12 time, 650.01 real, 5 MB, 30.09 load
[runlim] sample:		657.08 time, 660.01 real, 5 MB, 30.08 load
[runlim] sample:		667.03 time, 670.01 real, 5 MB, 30.07 load
[runlim] sample:		676.99 time, 680.01 real, 5 MB, 30.06 load
[runlim] sample:		686.95 time, 690.01 real, 5 MB, 30.05 load
[runlim] sample:		696.90 time, 700.01 real, 5 MB, 30.04 load
[runlim] end:			Thu Apr  9 18:13:11 2026
[runlim] status:		ok
[runlim] result:		0
[runlim] children:		1
[runlim] processes:		2
[runlim] real:			705.99 seconds
[runlim] time:			702.78 seconds
[runlim] space:			5 MB
[runlim] load:			30.23 maximum
[runlim] samples:		7059
