[runlim] version:		2.0.0rc1
[runlim] host:			o02n01
[runlim] time limit:		311040000 seconds
[runlim] real time limit:	5000 seconds
[runlim] space limit:		7000 MB
[runlim] argv[0]:		./binary
[runlim] argv[1]:		-c
[runlim] argv[2]:		/tmp/local-unzipped-12459986-2-82-mc2025_track1_073.cnf
[runlim] start:			Thu Apr  9 18:01:38 2026
[runlim] child:			2204977
[runlim] sample:		9.96 time, 10.01 real, 4 MB, 10.51 load
[runlim] sample:		19.91 time, 20.01 real, 4 MB, 13.37 load
[runlim] sample:		29.86 time, 30.01 real, 4 MB, 16.31 load
[runlim] sample:		39.82 time, 40.01 real, 4 MB, 18.57 load
[runlim] sample:		49.77 time, 50.01 real, 4 MB, 20.48 load
[runlim] sample:		59.73 time, 60.01 real, 4 MB, 22.10 load
[runlim] sample:		69.68 time, 70.01 real, 4 MB, 23.47 load
[runlim] sample:		79.64 time, 80.01 real, 4 MB, 24.62 load
[runlim] sample:		89.59 time, 90.01 real, 4 MB, 25.60 load
[runlim] sample:		99.55 time, 100.01 real, 4 MB, 26.43 load
[runlim] sample:		109.50 time, 110.01 real, 4 MB, 27.14 load
[runlim] sample:		119.46 time, 120.01 real, 4 MB, 27.73 load
[runlim] sample:		129.41 time, 130.01 real, 4 MB, 28.23 load
[runlim] sample:		139.37 time, 140.01 real, 4 MB, 28.74 load
[runlim] sample:		149.32 time, 150.01 real, 4 MB, 29.09 load
[runlim] sample:		159.27 time, 160.01 real, 4 MB, 29.46 load
[runlim] sample:		169.23 time, 170.01 real, 4 MB, 29.62 load
[runlim] sample:		179.18 time, 180.01 real, 4 MB, 29.68 load
[runlim] sample:		189.14 time, 190.01 real, 4 MB, 29.73 load
[runlim] sample:		199.10 time, 200.01 real, 4 MB, 29.77 load
[runlim] sample:		209.05 time, 210.01 real, 4 MB, 29.81 load
[runlim] sample:		219.00 time, 220.01 real, 4 MB, 29.92 load
[runlim] sample:		228.96 time, 230.01 real, 4 MB, 29.93 load
[runlim] sample:		238.91 time, 240.01 real, 4 MB, 29.94 load
[runlim] sample:		248.86 time, 250.01 real, 4 MB, 29.95 load
[runlim] sample:		258.83 time, 260.01 real, 4 MB, 29.96 load
[runlim] sample:		268.78 time, 270.01 real, 4 MB, 29.96 load
[runlim] sample:		278.74 time, 280.01 real, 4 MB, 29.97 load
[runlim] sample:		288.69 time, 290.01 real, 4 MB, 29.98 load
[runlim] sample:		298.65 time, 300.01 real, 4 MB, 29.98 load
[runlim] sample:		308.60 time, 310.01 real, 4 MB, 29.98 load
[runlim] sample:		318.56 time, 320.01 real, 4 MB, 29.99 load
[runlim] sample:		328.51 time, 330.01 real, 4 MB, 29.99 load
[runlim] sample:		338.46 time, 340.01 real, 4 MB, 29.99 load
[runlim] sample:		348.42 time, 350.01 real, 4 MB, 29.99 load
[runlim] sample:		358.37 time, 360.01 real, 4 MB, 29.99 load
[runlim] sample:		368.33 time, 370.01 real, 4 MB, 30.00 load
[runlim] sample:		378.28 time, 380.01 real, 4 MB, 30.00 load
[runlim] sample:		388.24 time, 390.01 real, 4 MB, 30.00 load
[runlim] sample:		398.19 time, 400.01 real, 4 MB, 30.00 load
[runlim] sample:		408.15 time, 410.01 real, 4 MB, 30.00 load
[runlim] sample:		418.10 time, 420.01 real, 4 MB, 30.08 load
[runlim] sample:		428.06 time, 430.01 real, 4 MB, 30.07 load
[runlim] sample:		438.01 time, 440.01 real, 4 MB, 30.06 load
[runlim] sample:		447.96 time, 450.01 real, 4 MB, 30.05 load
[runlim] sample:		457.92 time, 460.01 real, 4 MB, 30.04 load
[runlim] sample:		467.87 time, 470.01 real, 4 MB, 30.03 load
[runlim] sample:		477.83 time, 480.01 real, 4 MB, 30.03 load
[runlim] sample:		487.78 time, 490.01 real, 4 MB, 30.10 load
[runlim] sample:		497.74 time, 500.01 real, 4 MB, 30.08 load
[runlim] sample:		507.69 time, 510.01 real, 4 MB, 30.07 load
[runlim] sample:		517.65 time, 520.01 real, 4 MB, 30.14 load
[runlim] sample:		527.60 time, 530.01 real, 4 MB, 30.20 load
[runlim] sample:		537.55 time, 540.01 real, 4 MB, 30.17 load
[runlim] sample:		547.51 time, 550.01 real, 4 MB, 30.21 load
[runlim] sample:		557.46 time, 560.01 real, 4 MB, 30.18 load
[runlim] sample:		567.41 time, 570.01 real, 4 MB, 30.15 load
[runlim] sample:		577.36 time, 580.01 real, 4 MB, 30.13 load
[runlim] sample:		587.30 time, 590.01 real, 4 MB, 30.11 load
[runlim] sample:		597.25 time, 600.01 real, 4 MB, 30.09 load
[runlim] sample:		607.20 time, 610.01 real, 4 MB, 30.16 load
[runlim] sample:		617.15 time, 620.01 real, 4 MB, 30.13 load
[runlim] sample:		627.10 time, 630.01 real, 4 MB, 30.11 load
[runlim] sample:		637.05 time, 640.01 real, 4 MB, 30.09 load
[runlim] sample:		647.00 time, 650.01 real, 4 MB, 30.08 load
[runlim] sample:		656.95 time, 660.01 real, 4 MB, 30.07 load
[runlim] sample:		666.90 time, 670.01 real, 4 MB, 30.06 load
[runlim] sample:		676.84 time, 680.01 real, 4 MB, 30.05 load
[runlim] sample:		686.79 time, 690.01 real, 4 MB, 30.04 load
[runlim] sample:		696.74 time, 700.01 real, 4 MB, 29.95 load
[runlim] sample:		706.69 time, 710.01 real, 4 MB, 29.89 load
[runlim] sample:		716.64 time, 720.01 real, 4 MB, 29.75 load
[runlim] sample:		726.58 time, 730.01 real, 4 MB, 29.63 load
[runlim] sample:		736.53 time, 740.01 real, 4 MB, 29.54 load
[runlim] sample:		746.48 time, 750.01 real, 4 MB, 29.45 load
[runlim] sample:		756.43 time, 760.01 real, 4 MB, 29.38 load
[runlim] sample:		766.38 time, 770.01 real, 4 MB, 29.40 load
[runlim] sample:		776.32 time, 780.01 real, 4 MB, 29.34 load
[runlim] sample:		786.27 time, 790.01 real, 4 MB, 29.29 load
[runlim] sample:		796.22 time, 800.01 real, 4 MB, 29.24 load
[runlim] sample:		806.17 time, 810.01 real, 4 MB, 29.21 load
[runlim] sample:		816.12 time, 820.01 real, 4 MB, 29.17 load
[runlim] sample:		826.06 time, 830.01 real, 4 MB, 29.23 load
[runlim] sample:		836.01 time, 840.01 real, 4 MB, 29.19 load
[runlim] sample:		845.96 time, 850.01 real, 4 MB, 29.16 load
[runlim] sample:		855.91 time, 860.01 real, 4 MB, 29.22 load
[runlim] sample:		865.86 time, 870.01 real, 4 MB, 29.41 load
[runlim] sample:		875.80 time, 880.01 real, 4 MB, 29.35 load
[runlim] sample:		885.75 time, 890.01 real, 4 MB, 29.37 load
[runlim] sample:		895.70 time, 900.01 real, 4 MB, 29.48 load
[runlim] sample:		905.65 time, 910.01 real, 4 MB, 29.40 load
[runlim] sample:		915.60 time, 920.01 real, 4 MB, 29.34 load
[runlim] sample:		925.55 time, 930.01 real, 4 MB, 29.29 load
[runlim] sample:		935.49 time, 940.01 real, 4 MB, 29.24 load
[runlim] sample:		945.44 time, 950.01 real, 4 MB, 29.29 load
[runlim] sample:		955.39 time, 960.01 real, 4 MB, 29.24 load
[runlim] sample:		965.34 time, 970.01 real, 4 MB, 29.28 load
[runlim] sample:		975.29 time, 980.01 real, 4 MB, 29.24 load
[runlim] sample:		985.24 time, 990.01 real, 4 MB, 29.28 load
[runlim] sample:		995.19 time, 1000.01 real, 4 MB, 29.23 load
[runlim] sample:		1005.13 time, 1010.01 real, 4 MB, 29.20 load
[runlim] sample:		1015.08 time, 1020.01 real, 4 MB, 29.17 load
[runlim] sample:		1025.03 time, 1030.01 real, 4 MB, 29.14 load
[runlim] sample:		1034.98 time, 1040.01 real, 4 MB, 29.12 load
[runlim] sample:		1044.93 time, 1050.01 real, 4 MB, 29.10 load
[runlim] sample:		1054.88 time, 1060.01 real, 4 MB, 29.08 load
[runlim] sample:		1064.82 time, 1070.01 real, 4 MB, 29.07 load
[runlim] sample:		1074.77 time, 1080.01 real, 4 MB, 29.06 load
[runlim] sample:		1084.72 time, 1090.01 real, 4 MB, 29.05 load
[runlim] sample:		1094.67 time, 1100.01 real, 4 MB, 29.04 load
[runlim] sample:		1104.62 time, 1110.01 real, 4 MB, 29.04 load
[runlim] sample:		1114.57 time, 1120.01 real, 4 MB, 29.03 load
[runlim] sample:		1124.51 time, 1130.01 real, 4 MB, 29.02 load
[runlim] sample:		1134.46 time, 1140.01 real, 4 MB, 29.02 load
[runlim] sample:		1144.41 time, 1150.01 real, 4 MB, 29.02 load
[runlim] sample:		1154.36 time, 1160.01 real, 4 MB, 29.01 load
[runlim] sample:		1164.31 time, 1170.01 real, 4 MB, 29.01 load
[runlim] sample:		1174.26 time, 1180.01 real, 4 MB, 29.01 load
[runlim] sample:		1184.21 time, 1190.01 real, 4 MB, 29.08 load
[runlim] sample:		1194.15 time, 1200.01 real, 4 MB, 29.07 load
[runlim] sample:		1204.10 time, 1210.01 real, 4 MB, 29.06 load
[runlim] sample:		1214.05 time, 1220.01 real, 4 MB, 29.05 load
[runlim] sample:		1224.00 time, 1230.01 real, 4 MB, 29.27 load
[runlim] sample:		1233.95 time, 1240.01 real, 4 MB, 29.38 load
[runlim] sample:		1243.90 time, 1250.01 real, 4 MB, 29.48 load
[runlim] sample:		1253.84 time, 1260.01 real, 4 MB, 29.56 load
[runlim] sample:		1263.79 time, 1270.01 real, 4 MB, 29.71 load
[runlim] sample:		1273.74 time, 1280.01 real, 4 MB, 29.75 load
[runlim] sample:		1283.69 time, 1290.01 real, 4 MB, 29.87 load
[runlim] sample:		1293.64 time, 1300.01 real, 4 MB, 30.04 load
[runlim] sample:		1303.59 time, 1310.01 real, 4 MB, 30.04 load
[runlim] sample:		1313.53 time, 1320.01 real, 4 MB, 29.95 load
[runlim] sample:		1323.48 time, 1330.01 real, 4 MB, 29.80 load
[runlim] sample:		1333.43 time, 1340.01 real, 4 MB, 29.68 load
[runlim] sample:		1343.38 time, 1350.01 real, 4 MB, 29.58 load
[runlim] sample:		1353.33 time, 1360.01 real, 4 MB, 29.49 load
[runlim] sample:		1363.28 time, 1370.01 real, 4 MB, 29.41 load
[runlim] sample:		1373.23 time, 1380.01 real, 4 MB, 29.35 load
[runlim] sample:		1383.17 time, 1390.01 real, 4 MB, 29.29 load
[runlim] sample:		1393.12 time, 1400.01 real, 4 MB, 29.25 load
[runlim] sample:		1403.07 time, 1410.01 real, 4 MB, 29.28 load
[runlim] sample:		1413.02 time, 1420.01 real, 4 MB, 29.09 load
[runlim] sample:		1422.97 time, 1430.01 real, 4 MB, 28.92 load
[runlim] sample:		1432.92 time, 1440.01 real, 4 MB, 28.78 load
[runlim] sample:		1442.86 time, 1450.01 real, 4 MB, 28.66 load
[runlim] sample:		1452.81 time, 1460.01 real, 4 MB, 28.56 load
[runlim] sample:		1462.76 time, 1470.01 real, 4 MB, 28.47 load
[runlim] sample:		1472.71 time, 1480.01 real, 4 MB, 28.47 load
[runlim] sample:		1482.66 time, 1490.01 real, 4 MB, 28.47 load
[runlim] sample:		1492.60 time, 1500.01 real, 4 MB, 28.40 load
[runlim] sample:		1502.55 time, 1510.01 real, 4 MB, 28.48 load
[runlim] sample:		1512.50 time, 1520.01 real, 4 MB, 28.41 load
[runlim] sample:		1522.45 time, 1530.01 real, 4 MB, 28.35 load
[runlim] sample:		1532.40 time, 1540.01 real, 4 MB, 28.29 load
[runlim] sample:		1542.34 time, 1550.01 real, 4 MB, 28.32 load
[runlim] sample:		1552.29 time, 1560.01 real, 4 MB, 28.27 load
[runlim] sample:		1562.24 time, 1570.01 real, 4 MB, 28.23 load
[runlim] sample:		1572.19 time, 1580.01 real, 4 MB, 28.19 load
[runlim] sample:		1582.13 time, 1590.01 real, 4 MB, 28.24 load
[runlim] sample:		1592.08 time, 1600.01 real, 4 MB, 28.20 load
[runlim] sample:		1602.03 time, 1610.01 real, 4 MB, 28.25 load
[runlim] sample:		1611.98 time, 1620.01 real, 4 MB, 28.21 load
[runlim] sample:		1621.93 time, 1630.01 real, 4 MB, 28.18 load
[runlim] sample:		1631.88 time, 1640.01 real, 4 MB, 28.15 load
[runlim] sample:		1641.83 time, 1650.01 real, 4 MB, 28.13 load
[runlim] sample:		1651.78 time, 1660.01 real, 4 MB, 28.11 load
[runlim] sample:		1661.73 time, 1670.01 real, 4 MB, 28.17 load
[runlim] sample:		1671.68 time, 1680.01 real, 4 MB, 28.14 load
[runlim] sample:		1681.62 time, 1690.01 real, 4 MB, 28.12 load
[runlim] sample:		1691.57 time, 1700.01 real, 4 MB, 28.10 load
[runlim] sample:		1701.52 time, 1710.01 real, 4 MB, 28.09 load
[runlim] sample:		1711.47 time, 1720.01 real, 4 MB, 28.07 load
[runlim] sample:		1721.42 time, 1730.01 real, 4 MB, 28.14 load
[runlim] sample:		1731.37 time, 1740.01 real, 4 MB, 28.12 load
[runlim] sample:		1741.32 time, 1750.01 real, 4 MB, 28.10 load
[runlim] sample:		1751.27 time, 1760.01 real, 4 MB, 28.08 load
[runlim] sample:		1761.22 time, 1770.01 real, 4 MB, 28.07 load
[runlim] sample:		1771.17 time, 1780.01 real, 4 MB, 28.06 load
[runlim] sample:		1781.12 time, 1790.01 real, 4 MB, 28.13 load
[runlim] sample:		1791.07 time, 1800.01 real, 4 MB, 28.11 load
[runlim] sample:		1801.02 time, 1810.01 real, 4 MB, 28.09 load
[runlim] sample:		1810.97 time, 1820.01 real, 4 MB, 28.08 load
[runlim] sample:		1820.92 time, 1830.01 real, 4 MB, 28.07 load
[runlim] sample:		1830.87 time, 1840.01 real, 4 MB, 28.14 load
[runlim] sample:		1840.82 time, 1850.01 real, 4 MB, 28.20 load
[runlim] sample:		1850.76 time, 1860.01 real, 4 MB, 28.16 load
[runlim] sample:		1860.71 time, 1870.01 real, 4 MB, 28.14 load
[runlim] sample:		1870.66 time, 1880.01 real, 4 MB, 28.12 load
[runlim] sample:		1880.61 time, 1890.01 real, 4 MB, 28.10 load
[runlim] sample:		1890.56 time, 1900.01 real, 4 MB, 28.08 load
[runlim] sample:		1900.51 time, 1910.01 real, 4 MB, 28.15 load
[runlim] sample:		1910.46 time, 1920.01 real, 4 MB, 28.13 load
[runlim] sample:		1920.40 time, 1930.01 real, 4 MB, 28.11 load
[runlim] sample:		1930.35 time, 1940.01 real, 4 MB, 28.09 load
[runlim] sample:		1940.30 time, 1950.01 real, 4 MB, 28.08 load
[runlim] sample:		1950.25 time, 1960.01 real, 4 MB, 28.06 load
[runlim] sample:		1960.20 time, 1970.01 real, 4 MB, 28.13 load
[runlim] sample:		1970.14 time, 1980.01 real, 4 MB, 28.11 load
[runlim] sample:		1980.09 time, 1990.01 real, 4 MB, 28.17 load
[runlim] sample:		1990.04 time, 2000.01 real, 4 MB, 28.14 load
[runlim] sample:		1999.99 time, 2010.01 real, 4 MB, 28.12 load
[runlim] sample:		2009.94 time, 2020.01 real, 4 MB, 28.10 load
[runlim] sample:		2019.88 time, 2030.01 real, 4 MB, 28.17 load
[runlim] sample:		2029.83 time, 2040.01 real, 4 MB, 28.14 load
[runlim] sample:		2039.78 time, 2050.01 real, 4 MB, 28.12 load
[runlim] sample:		2049.73 time, 2060.01 real, 4 MB, 28.10 load
[runlim] sample:		2059.67 time, 2070.01 real, 4 MB, 28.08 load
[runlim] sample:		2069.62 time, 2080.01 real, 4 MB, 28.07 load
[runlim] sample:		2079.57 time, 2090.01 real, 4 MB, 28.14 load
[runlim] sample:		2089.52 time, 2100.01 real, 4 MB, 28.12 load
[runlim] sample:		2099.47 time, 2110.01 real, 4 MB, 28.10 load
[runlim] sample:		2109.41 time, 2120.01 real, 4 MB, 28.16 load
[runlim] sample:		2119.36 time, 2130.01 real, 4 MB, 28.14 load
[runlim] sample:		2129.31 time, 2140.01 real, 4 MB, 28.12 load
[runlim] sample:		2139.26 time, 2150.01 real, 4 MB, 28.18 load
[runlim] sample:		2149.21 time, 2160.01 real, 4 MB, 28.15 load
[runlim] sample:		2159.16 time, 2170.01 real, 4 MB, 28.13 load
[runlim] sample:		2169.10 time, 2180.01 real, 4 MB, 28.11 load
[runlim] sample:		2179.05 time, 2190.01 real, 4 MB, 28.09 load
[runlim] sample:		2189.00 time, 2200.01 real, 4 MB, 28.08 load
[runlim] sample:		2198.95 time, 2210.01 real, 4 MB, 28.06 load
[runlim] sample:		2208.90 time, 2220.01 real, 4 MB, 28.05 load
[runlim] sample:		2218.85 time, 2230.01 real, 4 MB, 28.05 load
[runlim] sample:		2228.79 time, 2240.01 real, 4 MB, 28.04 load
[runlim] sample:		2238.74 time, 2250.01 real, 4 MB, 28.03 load
[runlim] sample:		2248.69 time, 2260.01 real, 4 MB, 28.03 load
[runlim] sample:		2258.64 time, 2270.01 real, 4 MB, 28.02 load
[runlim] sample:		2268.59 time, 2280.01 real, 4 MB, 28.02 load
[runlim] sample:		2278.54 time, 2290.01 real, 4 MB, 28.02 load
[runlim] sample:		2288.49 time, 2300.01 real, 4 MB, 28.01 load
[runlim] sample:		2298.44 time, 2310.01 real, 4 MB, 28.01 load
[runlim] sample:		2308.39 time, 2320.01 real, 4 MB, 28.01 load
[runlim] sample:		2318.35 time, 2330.01 real, 4 MB, 28.01 load
[runlim] sample:		2328.30 time, 2340.01 real, 4 MB, 28.00 load
[runlim] sample:		2338.25 time, 2350.01 real, 4 MB, 28.00 load
[runlim] sample:		2348.20 time, 2360.01 real, 4 MB, 28.00 load
[runlim] sample:		2358.15 time, 2370.01 real, 4 MB, 28.15 load
[runlim] sample:		2368.10 time, 2380.01 real, 4 MB, 28.13 load
[runlim] sample:		2378.05 time, 2390.01 real, 4 MB, 28.19 load
[runlim] sample:		2388.00 time, 2400.01 real, 4 MB, 28.16 load
[runlim] sample:		2397.95 time, 2410.01 real, 4 MB, 28.13 load
[runlim] sample:		2407.90 time, 2420.01 real, 4 MB, 28.11 load
[runlim] sample:		2417.85 time, 2430.01 real, 4 MB, 28.09 load
[runlim] sample:		2427.80 time, 2440.01 real, 4 MB, 28.08 load
[runlim] sample:		2437.75 time, 2450.01 real, 4 MB, 28.07 load
[runlim] sample:		2447.70 time, 2460.01 real, 4 MB, 28.06 load
[runlim] sample:		2457.65 time, 2470.01 real, 4 MB, 28.05 load
[runlim] sample:		2467.60 time, 2480.01 real, 4 MB, 28.04 load
[runlim] sample:		2477.55 time, 2490.01 real, 4 MB, 28.18 load
[runlim] sample:		2487.50 time, 2500.01 real, 4 MB, 28.15 load
[runlim] sample:		2497.45 time, 2510.01 real, 4 MB, 28.13 load
[runlim] sample:		2507.40 time, 2520.01 real, 4 MB, 28.18 load
[runlim] sample:		2517.35 time, 2530.01 real, 4 MB, 28.15 load
[runlim] sample:		2527.30 time, 2540.01 real, 4 MB, 28.13 load
[runlim] sample:		2537.25 time, 2550.01 real, 4 MB, 28.11 load
[runlim] sample:		2547.20 time, 2560.01 real, 4 MB, 28.09 load
[runlim] sample:		2557.15 time, 2570.01 real, 4 MB, 28.08 load
[runlim] sample:		2567.10 time, 2580.01 real, 4 MB, 28.14 load
[runlim] sample:		2577.05 time, 2590.01 real, 4 MB, 28.12 load
[runlim] sample:		2587.00 time, 2600.01 real, 4 MB, 28.10 load
[runlim] sample:		2596.96 time, 2610.01 real, 4 MB, 28.08 load
[runlim] sample:		2606.91 time, 2620.01 real, 4 MB, 28.07 load
[runlim] sample:		2616.86 time, 2630.01 real, 4 MB, 28.13 load
[runlim] sample:		2626.81 time, 2640.01 real, 4 MB, 28.19 load
[runlim] sample:		2636.76 time, 2650.01 real, 4 MB, 28.23 load
[runlim] sample:		2646.71 time, 2660.01 real, 4 MB, 28.20 load
[runlim] sample:		2656.66 time, 2670.01 real, 4 MB, 28.16 load
[runlim] sample:		2666.61 time, 2680.01 real, 4 MB, 28.14 load
[runlim] sample:		2676.56 time, 2690.01 real, 4 MB, 28.12 load
[runlim] sample:		2686.51 time, 2700.01 real, 4 MB, 28.10 load
[runlim] sample:		2696.46 time, 2710.01 real, 4 MB, 28.08 load
[runlim] sample:		2706.41 time, 2720.01 real, 4 MB, 28.14 load
[runlim] sample:		2716.36 time, 2730.01 real, 4 MB, 28.12 load
[runlim] sample:		2726.31 time, 2740.01 real, 4 MB, 28.10 load
[runlim] sample:		2736.26 time, 2750.01 real, 4 MB, 28.09 load
[runlim] sample:		2746.21 time, 2760.01 real, 4 MB, 28.07 load
[runlim] sample:		2756.16 time, 2770.01 real, 4 MB, 28.06 load
[runlim] sample:		2766.11 time, 2780.01 real, 4 MB, 28.13 load
[runlim] sample:		2776.06 time, 2790.01 real, 4 MB, 28.11 load
[runlim] sample:		2786.01 time, 2800.01 real, 4 MB, 28.09 load
[runlim] sample:		2795.96 time, 2810.01 real, 4 MB, 28.08 load
[runlim] sample:		2805.91 time, 2820.01 real, 4 MB, 28.06 load
[runlim] sample:		2815.86 time, 2830.01 real, 4 MB, 28.05 load
[runlim] sample:		2825.81 time, 2840.01 real, 4 MB, 28.12 load
[runlim] sample:		2835.75 time, 2850.01 real, 4 MB, 28.10 load
[runlim] sample:		2845.70 time, 2860.01 real, 4 MB, 28.08 load
[runlim] sample:		2855.65 time, 2870.01 real, 4 MB, 28.07 load
[runlim] sample:		2865.60 time, 2880.01 real, 4 MB, 28.06 load
[runlim] sample:		2875.55 time, 2890.01 real, 4 MB, 28.05 load
[runlim] sample:		2885.50 time, 2900.01 real, 4 MB, 28.04 load
[runlim] sample:		2895.45 time, 2910.01 real, 4 MB, 28.11 load
[runlim] sample:		2905.40 time, 2920.01 real, 4 MB, 28.17 load
[runlim] sample:		2915.35 time, 2930.01 real, 4 MB, 28.15 load
[runlim] sample:		2925.30 time, 2940.01 real, 4 MB, 28.12 load
[runlim] sample:		2935.25 time, 2950.01 real, 4 MB, 28.10 load
[runlim] sample:		2945.20 time, 2960.01 real, 4 MB, 28.09 load
[runlim] sample:		2955.15 time, 2970.01 real, 4 MB, 28.07 load
[runlim] sample:		2965.10 time, 2980.01 real, 4 MB, 28.14 load
[runlim] sample:		2975.04 time, 2990.01 real, 4 MB, 28.19 load
[runlim] sample:		2984.99 time, 3000.01 real, 4 MB, 28.16 load
[runlim] sample:		2994.94 time, 3010.01 real, 4 MB, 28.13 load
[runlim] sample:		3004.89 time, 3020.01 real, 4 MB, 28.11 load
[runlim] sample:		3014.84 time, 3030.01 real, 4 MB, 28.10 load
[runlim] sample:		3024.79 time, 3040.01 real, 4 MB, 28.15 load
[runlim] sample:		3034.74 time, 3050.01 real, 4 MB, 28.13 load
[runlim] sample:		3044.69 time, 3060.01 real, 4 MB, 28.11 load
[runlim] sample:		3054.64 time, 3070.01 real, 4 MB, 28.09 load
[runlim] sample:		3064.59 time, 3080.01 real, 4 MB, 28.08 load
[runlim] sample:		3074.54 time, 3090.01 real, 4 MB, 28.07 load
[runlim] sample:		3084.49 time, 3100.01 real, 4 MB, 28.06 load
[runlim] sample:		3094.44 time, 3110.01 real, 4 MB, 28.05 load
[runlim] sample:		3104.39 time, 3120.01 real, 4 MB, 28.04 load
[runlim] sample:		3114.34 time, 3130.01 real, 4 MB, 28.11 load
[runlim] sample:		3124.29 time, 3140.01 real, 4 MB, 28.10 load
[runlim] sample:		3134.24 time, 3150.01 real, 4 MB, 28.08 load
[runlim] sample:		3144.19 time, 3160.01 real, 4 MB, 28.07 load
[runlim] sample:		3154.14 time, 3170.01 real, 4 MB, 28.06 load
[runlim] sample:		3164.09 time, 3180.01 real, 4 MB, 28.05 load
[runlim] sample:		3174.03 time, 3190.01 real, 4 MB, 28.04 load
[runlim] sample:		3183.98 time, 3200.01 real, 4 MB, 28.03 load
[runlim] sample:		3193.93 time, 3210.01 real, 4 MB, 28.03 load
[runlim] sample:		3203.88 time, 3220.01 real, 4 MB, 28.02 load
[runlim] sample:		3213.83 time, 3230.01 real, 4 MB, 28.02 load
[runlim] sample:		3223.78 time, 3240.01 real, 4 MB, 28.02 load
[runlim] sample:		3233.73 time, 3250.01 real, 4 MB, 28.01 load
[runlim] sample:		3243.68 time, 3260.01 real, 4 MB, 28.01 load
[runlim] sample:		3253.63 time, 3270.01 real, 4 MB, 28.01 load
[runlim] sample:		3263.58 time, 3280.01 real, 4 MB, 28.01 load
[runlim] sample:		3273.53 time, 3290.01 real, 4 MB, 28.00 load
[runlim] sample:		3283.48 time, 3300.01 real, 4 MB, 28.00 load
[runlim] sample:		3293.42 time, 3310.01 real, 4 MB, 27.92 load
[runlim] sample:		3303.37 time, 3320.01 real, 4 MB, 27.85 load
[runlim] sample:		3313.32 time, 3330.01 real, 4 MB, 27.72 load
[runlim] sample:		3323.28 time, 3340.01 real, 4 MB, 27.61 load
[runlim] sample:		3333.23 time, 3350.01 real, 4 MB, 27.52 load
[runlim] sample:		3343.18 time, 3360.01 real, 4 MB, 27.44 load
[runlim] sample:		3353.13 time, 3370.01 real, 4 MB, 27.37 load
[runlim] sample:		3363.08 time, 3380.01 real, 4 MB, 27.31 load
[runlim] sample:		3373.03 time, 3390.01 real, 4 MB, 27.26 load
[runlim] sample:		3382.98 time, 3400.01 real, 4 MB, 27.22 load
[runlim] sample:		3392.92 time, 3410.01 real, 4 MB, 27.19 load
[runlim] sample:		3402.87 time, 3420.01 real, 4 MB, 27.24 load
[runlim] sample:		3412.82 time, 3430.01 real, 4 MB, 27.20 load
[runlim] sample:		3422.77 time, 3440.01 real, 4 MB, 27.17 load
[runlim] sample:		3432.73 time, 3450.01 real, 4 MB, 27.29 load
[runlim] sample:		3442.68 time, 3460.01 real, 4 MB, 27.25 load
[runlim] sample:		3452.63 time, 3470.01 real, 4 MB, 27.21 load
[runlim] sample:		3462.58 time, 3480.01 real, 4 MB, 27.18 load
[runlim] sample:		3472.53 time, 3490.01 real, 4 MB, 27.22 load
[runlim] sample:		3482.48 time, 3500.01 real, 4 MB, 27.19 load
[runlim] sample:		3492.43 time, 3510.01 real, 4 MB, 27.16 load
[runlim] sample:		3502.38 time, 3520.01 real, 4 MB, 27.13 load
[runlim] sample:		3512.33 time, 3530.01 real, 4 MB, 27.11 load
[runlim] sample:		3522.28 time, 3540.01 real, 4 MB, 27.10 load
[runlim] sample:		3532.23 time, 3550.01 real, 4 MB, 27.15 load
[runlim] sample:		3542.18 time, 3560.01 real, 4 MB, 27.13 load
[runlim] sample:		3552.13 time, 3570.01 real, 4 MB, 27.11 load
[runlim] sample:		3562.08 time, 3580.01 real, 4 MB, 27.09 load
[runlim] sample:		3572.03 time, 3590.01 real, 4 MB, 27.08 load
[runlim] sample:		3581.98 time, 3600.01 real, 4 MB, 27.07 load
[runlim] sample:		3591.93 time, 3610.01 real, 4 MB, 27.06 load
[runlim] sample:		3601.88 time, 3620.01 real, 4 MB, 27.12 load
[runlim] sample:		3611.83 time, 3630.01 real, 4 MB, 27.10 load
[runlim] sample:		3621.78 time, 3640.01 real, 4 MB, 27.08 load
[runlim] sample:		3631.73 time, 3650.01 real, 4 MB, 27.07 load
[runlim] sample:		3641.68 time, 3660.01 real, 4 MB, 27.06 load
[runlim] sample:		3651.63 time, 3670.01 real, 4 MB, 27.05 load
[runlim] sample:		3661.58 time, 3680.01 real, 4 MB, 27.04 load
[runlim] sample:		3671.53 time, 3690.01 real, 4 MB, 27.04 load
[runlim] sample:		3681.48 time, 3700.01 real, 4 MB, 27.03 load
[runlim] sample:		3691.44 time, 3710.01 real, 4 MB, 27.02 load
[runlim] sample:		3701.38 time, 3720.01 real, 4 MB, 27.02 load
[runlim] sample:		3711.33 time, 3730.01 real, 4 MB, 27.02 load
[runlim] sample:		3721.28 time, 3740.01 real, 4 MB, 27.09 load
[runlim] sample:		3731.23 time, 3750.01 real, 4 MB, 27.07 load
[runlim] sample:		3741.17 time, 3760.01 real, 4 MB, 27.06 load
[runlim] sample:		3751.12 time, 3770.01 real, 4 MB, 27.05 load
[runlim] sample:		3761.07 time, 3780.01 real, 4 MB, 27.04 load
[runlim] sample:		3771.02 time, 3790.01 real, 4 MB, 27.04 load
[runlim] sample:		3780.96 time, 3800.01 real, 4 MB, 27.03 load
[runlim] sample:		3790.91 time, 3810.01 real, 4 MB, 27.02 load
[runlim] sample:		3800.86 time, 3820.01 real, 4 MB, 27.02 load
[runlim] sample:		3810.80 time, 3830.01 real, 4 MB, 27.02 load
[runlim] sample:		3820.75 time, 3840.01 real, 4 MB, 27.09 load
[runlim] sample:		3830.70 time, 3850.01 real, 4 MB, 27.08 load
[runlim] sample:		3840.65 time, 3860.01 real, 4 MB, 27.14 load
[runlim] sample:		3850.59 time, 3870.01 real, 4 MB, 27.19 load
[runlim] sample:		3860.54 time, 3880.01 real, 4 MB, 27.16 load
[runlim] sample:		3870.49 time, 3890.01 real, 4 MB, 27.14 load
[runlim] sample:		3880.44 time, 3900.01 real, 4 MB, 27.12 load
[runlim] sample:		3890.39 time, 3910.01 real, 4 MB, 27.10 load
[runlim] sample:		3900.34 time, 3920.01 real, 4 MB, 27.24 load
[runlim] sample:		3910.29 time, 3930.01 real, 4 MB, 27.20 load
[runlim] sample:		3920.24 time, 3940.01 real, 4 MB, 27.24 load
[runlim] sample:		3930.19 time, 3950.01 real, 4 MB, 27.21 load
[runlim] sample:		3940.14 time, 3960.01 real, 4 MB, 27.17 load
[runlim] sample:		3950.09 time, 3970.01 real, 4 MB, 27.15 load
[runlim] sample:		3960.04 time, 3980.01 real, 4 MB, 27.12 load
[runlim] sample:		3969.99 time, 3990.01 real, 4 MB, 27.18 load
[runlim] sample:		3979.94 time, 4000.01 real, 4 MB, 27.22 load
[runlim] sample:		3989.89 time, 4010.01 real, 4 MB, 27.19 load
[runlim] sample:		3999.84 time, 4020.01 real, 4 MB, 27.31 load
[runlim] sample:		4009.79 time, 4030.01 real, 4 MB, 27.26 load
[runlim] sample:		4019.74 time, 4040.01 real, 4 MB, 27.22 load
[runlim] sample:		4029.69 time, 4050.01 real, 4 MB, 27.18 load
[runlim] sample:		4039.64 time, 4060.01 real, 4 MB, 27.16 load
[runlim] sample:		4049.59 time, 4070.01 real, 4 MB, 27.13 load
[runlim] sample:		4059.54 time, 4080.01 real, 4 MB, 27.18 load
[runlim] sample:		4069.49 time, 4090.01 real, 4 MB, 27.16 load
[runlim] sample:		4079.43 time, 4100.01 real, 4 MB, 27.13 load
[runlim] sample:		4089.38 time, 4110.01 real, 4 MB, 27.11 load
[runlim] sample:		4099.33 time, 4120.01 real, 4 MB, 27.09 load
[runlim] sample:		4109.28 time, 4130.01 real, 4 MB, 27.08 load
[runlim] sample:		4119.23 time, 4140.01 real, 4 MB, 27.14 load
[runlim] sample:		4129.18 time, 4150.01 real, 4 MB, 27.12 load
[runlim] sample:		4139.13 time, 4160.01 real, 4 MB, 27.10 load
[runlim] sample:		4149.08 time, 4170.01 real, 4 MB, 27.08 load
[runlim] sample:		4159.03 time, 4180.01 real, 4 MB, 27.07 load
[runlim] sample:		4168.98 time, 4190.01 real, 4 MB, 27.06 load
[runlim] sample:		4178.93 time, 4200.01 real, 4 MB, 27.05 load
[runlim] sample:		4188.88 time, 4210.01 real, 4 MB, 27.04 load
[runlim] sample:		4198.83 time, 4220.01 real, 4 MB, 27.04 load
[runlim] sample:		4208.78 time, 4230.01 real, 4 MB, 27.03 load
[runlim] sample:		4218.73 time, 4240.01 real, 4 MB, 27.02 load
[runlim] sample:		4228.68 time, 4250.01 real, 4 MB, 27.02 load
[runlim] sample:		4238.63 time, 4260.01 real, 4 MB, 27.09 load
[runlim] sample:		4248.58 time, 4270.01 real, 4 MB, 27.08 load
[runlim] sample:		4258.53 time, 4280.01 real, 4 MB, 27.14 load
[runlim] sample:		4268.48 time, 4290.01 real, 4 MB, 27.12 load
[runlim] sample:		4278.43 time, 4300.01 real, 4 MB, 27.17 load
[runlim] sample:		4288.38 time, 4310.01 real, 4 MB, 27.15 load
[runlim] sample:		4298.33 time, 4320.01 real, 4 MB, 27.12 load
[runlim] sample:		4308.28 time, 4330.01 real, 4 MB, 27.10 load
[runlim] sample:		4318.23 time, 4340.01 real, 4 MB, 27.24 load
[runlim] sample:		4328.18 time, 4350.01 real, 4 MB, 27.20 load
[runlim] sample:		4338.13 time, 4360.01 real, 4 MB, 27.17 load
[runlim] sample:		4348.09 time, 4370.01 real, 4 MB, 27.14 load
[runlim] sample:		4358.04 time, 4380.01 real, 4 MB, 27.19 load
[runlim] sample:		4367.99 time, 4390.01 real, 4 MB, 27.16 load
[runlim] sample:		4377.94 time, 4400.01 real, 4 MB, 27.14 load
[runlim] sample:		4387.89 time, 4410.01 real, 4 MB, 27.12 load
[runlim] sample:		4397.84 time, 4420.01 real, 4 MB, 27.18 load
[runlim] sample:		4407.79 time, 4430.01 real, 4 MB, 27.15 load
[runlim] sample:		4417.73 time, 4440.01 real, 4 MB, 27.13 load
[runlim] sample:		4427.68 time, 4450.01 real, 4 MB, 27.18 load
[runlim] sample:		4437.63 time, 4460.01 real, 4 MB, 27.15 load
[runlim] sample:		4447.57 time, 4470.01 real, 4 MB, 27.13 load
[runlim] sample:		4457.52 time, 4480.01 real, 4 MB, 27.11 load
[runlim] sample:		4467.47 time, 4490.01 real, 4 MB, 27.17 load
[runlim] sample:		4477.42 time, 4500.01 real, 4 MB, 27.21 load
[runlim] sample:		4487.36 time, 4510.01 real, 4 MB, 27.18 load
[runlim] sample:		4497.31 time, 4520.01 real, 4 MB, 27.15 load
[runlim] sample:		4507.26 time, 4530.01 real, 4 MB, 27.13 load
[runlim] sample:		4517.21 time, 4540.01 real, 4 MB, 27.18 load
[runlim] sample:		4527.15 time, 4550.01 real, 4 MB, 27.15 load
[runlim] sample:		4537.10 time, 4560.01 real, 4 MB, 27.20 load
[runlim] sample:		4547.05 time, 4570.01 real, 4 MB, 27.17 load
[runlim] sample:		4557.00 time, 4580.01 real, 4 MB, 27.14 load
[runlim] sample:		4566.95 time, 4590.01 real, 4 MB, 27.12 load
[runlim] sample:		4576.89 time, 4600.01 real, 4 MB, 27.10 load
[runlim] sample:		4586.84 time, 4610.01 real, 4 MB, 27.09 load
[runlim] sample:		4596.79 time, 4620.01 real, 4 MB, 27.07 load
[runlim] sample:		4606.74 time, 4630.01 real, 4 MB, 27.06 load
[runlim] sample:		4616.69 time, 4640.01 real, 4 MB, 27.05 load
[runlim] sample:		4626.64 time, 4650.01 real, 4 MB, 27.04 load
[runlim] sample:		4636.59 time, 4660.01 real, 4 MB, 27.04 load
[runlim] sample:		4646.54 time, 4670.01 real, 4 MB, 27.03 load
[runlim] sample:		4656.49 time, 4680.01 real, 4 MB, 27.02 load
[runlim] sample:		4666.44 time, 4690.01 real, 4 MB, 27.02 load
[runlim] sample:		4676.39 time, 4700.01 real, 4 MB, 27.02 load
[runlim] sample:		4686.34 time, 4710.01 real, 4 MB, 27.01 load
[runlim] sample:		4696.29 time, 4720.01 real, 4 MB, 27.01 load
[runlim] sample:		4706.24 time, 4730.01 real, 4 MB, 27.01 load
[runlim] sample:		4716.19 time, 4740.01 real, 4 MB, 27.01 load
[runlim] sample:		4726.14 time, 4750.01 real, 4 MB, 27.01 load
[runlim] sample:		4736.09 time, 4760.01 real, 4 MB, 27.00 load
[runlim] sample:		4746.04 time, 4770.01 real, 4 MB, 27.00 load
[runlim] sample:		4755.99 time, 4780.01 real, 4 MB, 27.00 load
[runlim] sample:		4765.94 time, 4790.01 real, 4 MB, 27.00 load
[runlim] sample:		4775.89 time, 4800.01 real, 4 MB, 27.00 load
[runlim] sample:		4785.84 time, 4810.01 real, 4 MB, 27.00 load
[runlim] sample:		4795.79 time, 4820.01 real, 4 MB, 27.00 load
[runlim] sample:		4805.74 time, 4830.01 real, 4 MB, 27.00 load
[runlim] sample:		4815.69 time, 4840.01 real, 4 MB, 27.00 load
[runlim] sample:		4825.65 time, 4850.01 real, 4 MB, 27.00 load
[runlim] sample:		4835.60 time, 4860.01 real, 4 MB, 27.00 load
[runlim] sample:		4845.55 time, 4870.01 real, 4 MB, 27.00 load
[runlim] sample:		4855.50 time, 4880.01 real, 4 MB, 27.00 load
[runlim] sample:		4865.45 time, 4890.01 real, 4 MB, 27.15 load
[runlim] sample:		4875.40 time, 4900.01 real, 4 MB, 27.12 load
[runlim] sample:		4885.35 time, 4910.01 real, 4 MB, 27.10 load
[runlim] sample:		4895.30 time, 4920.01 real, 4 MB, 27.24 load
[runlim] sample:		4905.25 time, 4930.01 real, 4 MB, 27.20 load
[runlim] sample:		4915.20 time, 4940.01 real, 4 MB, 27.17 load
[runlim] sample:		4925.15 time, 4950.01 real, 4 MB, 27.15 load
[runlim] sample:		4935.09 time, 4960.01 real, 4 MB, 27.12 load
[runlim] sample:		4945.04 time, 4970.01 real, 4 MB, 27.10 load
[runlim] sample:		4954.98 time, 4980.01 real, 4 MB, 27.24 load
[runlim] sample:		4964.93 time, 4990.01 real, 4 MB, 26.95 load
[runlim] sample:		4974.88 time, 5000.01 real, 4 MB, 25.56 load
[runlim] end:			Thu Apr  9 19:24:58 2026
[runlim] status:		out of time
[runlim] result:		2
[runlim] children:		1
[runlim] processes:		2
[runlim] real:			5000.05 seconds
[runlim] time:			4974.88 seconds
[runlim] space:			4 MB
[runlim] load:			30.23 maximum
[runlim] samples:		50000
