[runlim] version:		2.0.0rc1
[runlim] host:			o02n01
[runlim] time limit:		311040000 seconds
[runlim] real time limit:	5000 seconds
[runlim] space limit:		7000 MB
[runlim] argv[0]:		./binary
[runlim] argv[1]:		-c
[runlim] argv[2]:		/tmp/local-unzipped-12459986-2-66-mc2025_track1_005.cnf
[runlim] start:			Thu Apr  9 18:01:22 2026
[runlim] child:			2204301
[runlim] sample:		9.97 time, 10.01 real, 3 MB, 8.59 load
[runlim] sample:		19.93 time, 20.01 real, 4 MB, 9.51 load
[runlim] sample:		29.88 time, 30.01 real, 4 MB, 11.83 load
[runlim] sample:		39.84 time, 40.01 real, 4 MB, 14.94 load
[runlim] sample:		49.79 time, 50.01 real, 4 MB, 17.48 load
[runlim] sample:		59.75 time, 60.01 real, 4 MB, 19.56 load
[runlim] sample:		69.71 time, 70.01 real, 4 MB, 21.32 load
[runlim] sample:		79.66 time, 80.01 real, 4 MB, 22.81 load
[runlim] sample:		89.62 time, 90.01 real, 4 MB, 24.07 load
[runlim] sample:		99.58 time, 100.01 real, 4 MB, 25.13 load
[runlim] sample:		109.53 time, 110.01 real, 4 MB, 26.04 load
[runlim] sample:		119.49 time, 120.01 real, 4 MB, 26.80 load
[runlim] sample:		129.44 time, 130.01 real, 4 MB, 27.45 load
[runlim] sample:		139.39 time, 140.01 real, 4 MB, 27.99 load
[runlim] sample:		149.35 time, 150.01 real, 4 MB, 28.46 load
[runlim] sample:		159.30 time, 160.01 real, 4 MB, 28.92 load
[runlim] sample:		169.26 time, 170.01 real, 4 MB, 29.24 load
[runlim] sample:		179.21 time, 180.01 real, 4 MB, 29.59 load
[runlim] sample:		189.17 time, 190.01 real, 4 MB, 29.65 load
[runlim] sample:		199.13 time, 200.01 real, 4 MB, 29.70 load
[runlim] sample:		209.08 time, 210.01 real, 4 MB, 29.75 load
[runlim] sample:		219.04 time, 220.01 real, 4 MB, 29.79 load
[runlim] sample:		229.00 time, 230.01 real, 4 MB, 29.82 load
[runlim] sample:		238.95 time, 240.01 real, 4 MB, 29.92 load
[runlim] sample:		248.91 time, 250.01 real, 4 MB, 29.93 load
[runlim] sample:		258.86 time, 260.01 real, 4 MB, 29.95 load
[runlim] sample:		268.82 time, 270.01 real, 4 MB, 29.95 load
[runlim] sample:		278.78 time, 280.01 real, 4 MB, 29.96 load
[runlim] sample:		288.73 time, 290.01 real, 4 MB, 29.97 load
[runlim] sample:		298.69 time, 300.01 real, 4 MB, 29.97 load
[runlim] sample:		308.64 time, 310.01 real, 4 MB, 29.98 load
[runlim] sample:		318.60 time, 320.01 real, 4 MB, 29.98 load
[runlim] sample:		328.56 time, 330.01 real, 4 MB, 29.98 load
[runlim] sample:		338.51 time, 340.01 real, 4 MB, 29.99 load
[runlim] sample:		348.47 time, 350.01 real, 4 MB, 29.99 load
[runlim] sample:		358.43 time, 360.01 real, 4 MB, 29.99 load
[runlim] sample:		368.38 time, 370.01 real, 4 MB, 29.99 load
[runlim] sample:		378.34 time, 380.01 real, 4 MB, 30.00 load
[runlim] sample:		388.30 time, 390.01 real, 4 MB, 30.00 load
[runlim] sample:		398.25 time, 400.01 real, 4 MB, 30.00 load
[runlim] sample:		408.21 time, 410.01 real, 4 MB, 30.00 load
[runlim] sample:		418.16 time, 420.01 real, 4 MB, 30.00 load
[runlim] sample:		428.12 time, 430.01 real, 4 MB, 30.00 load
[runlim] sample:		438.08 time, 440.01 real, 4 MB, 30.07 load
[runlim] sample:		448.03 time, 450.01 real, 4 MB, 30.06 load
[runlim] sample:		457.99 time, 460.01 real, 4 MB, 30.05 load
[runlim] sample:		467.95 time, 470.01 real, 4 MB, 30.04 load
[runlim] sample:		477.90 time, 480.01 real, 4 MB, 30.04 load
[runlim] sample:		487.86 time, 490.01 real, 4 MB, 30.03 load
[runlim] sample:		497.81 time, 500.01 real, 4 MB, 30.11 load
[runlim] sample:		507.77 time, 510.01 real, 4 MB, 30.09 load
[runlim] sample:		517.73 time, 520.01 real, 4 MB, 30.07 load
[runlim] sample:		527.68 time, 530.01 real, 4 MB, 30.06 load
[runlim] sample:		537.64 time, 540.01 real, 4 MB, 30.13 load
[runlim] sample:		547.60 time, 550.01 real, 4 MB, 30.18 load
[runlim] sample:		557.56 time, 560.01 real, 4 MB, 30.23 load
[runlim] sample:		567.51 time, 570.01 real, 4 MB, 30.20 load
[runlim] sample:		577.47 time, 580.01 real, 4 MB, 30.17 load
[runlim] sample:		587.43 time, 590.01 real, 4 MB, 30.14 load
[runlim] sample:		597.38 time, 600.01 real, 4 MB, 30.12 load
[runlim] sample:		607.34 time, 610.01 real, 4 MB, 30.10 load
[runlim] sample:		617.29 time, 620.01 real, 4 MB, 30.08 load
[runlim] sample:		627.25 time, 630.01 real, 4 MB, 30.14 load
[runlim] sample:		637.20 time, 640.01 real, 4 MB, 30.12 load
[runlim] sample:		647.16 time, 650.01 real, 4 MB, 30.10 load
[runlim] sample:		657.12 time, 660.01 real, 4 MB, 30.09 load
[runlim] sample:		667.07 time, 670.01 real, 4 MB, 30.07 load
[runlim] sample:		677.03 time, 680.01 real, 4 MB, 30.06 load
[runlim] sample:		686.99 time, 690.01 real, 4 MB, 30.05 load
[runlim] sample:		696.95 time, 700.01 real, 4 MB, 30.04 load
[runlim] sample:		706.90 time, 710.01 real, 4 MB, 30.04 load
[runlim] sample:		716.86 time, 720.01 real, 4 MB, 29.88 load
[runlim] sample:		726.82 time, 730.01 real, 4 MB, 29.81 load
[runlim] sample:		736.78 time, 740.01 real, 4 MB, 29.69 load
[runlim] sample:		746.73 time, 750.01 real, 4 MB, 29.58 load
[runlim] sample:		756.69 time, 760.01 real, 4 MB, 29.49 load
[runlim] sample:		766.65 time, 770.01 real, 4 MB, 29.42 load
[runlim] sample:		776.61 time, 780.01 real, 4 MB, 29.35 load
[runlim] sample:		786.57 time, 790.01 real, 4 MB, 29.37 load
[runlim] sample:		796.52 time, 800.01 real, 4 MB, 29.31 load
[runlim] sample:		806.48 time, 810.01 real, 4 MB, 29.27 load
[runlim] sample:		816.44 time, 820.01 real, 4 MB, 29.22 load
[runlim] sample:		826.40 time, 830.01 real, 4 MB, 29.19 load
[runlim] sample:		836.35 time, 840.01 real, 4 MB, 29.16 load
[runlim] sample:		846.31 time, 850.01 real, 4 MB, 29.21 load
[runlim] sample:		856.27 time, 860.01 real, 4 MB, 29.18 load
[runlim] sample:		866.23 time, 870.01 real, 4 MB, 29.15 load
[runlim] sample:		876.18 time, 880.01 real, 4 MB, 29.36 load
[runlim] sample:		886.14 time, 890.01 real, 4 MB, 29.38 load
[runlim] sample:		896.10 time, 900.01 real, 4 MB, 29.32 load
[runlim] sample:		906.06 time, 910.01 real, 4 MB, 29.34 load
[runlim] sample:		916.01 time, 920.01 real, 4 MB, 29.44 load
[runlim] sample:		925.97 time, 930.01 real, 4 MB, 29.37 load
[runlim] sample:		935.93 time, 940.01 real, 4 MB, 29.31 load
[runlim] sample:		945.88 time, 950.01 real, 4 MB, 29.26 load
[runlim] sample:		955.84 time, 960.01 real, 4 MB, 29.22 load
[runlim] sample:		965.80 time, 970.01 real, 4 MB, 29.26 load
[runlim] sample:		975.75 time, 980.01 real, 4 MB, 29.22 load
[runlim] sample:		985.71 time, 990.01 real, 4 MB, 29.26 load
[runlim] sample:		995.67 time, 1000.01 real, 4 MB, 29.30 load
[runlim] sample:		1005.62 time, 1010.01 real, 4 MB, 29.25 load
[runlim] sample:		1015.58 time, 1020.01 real, 4 MB, 29.21 load
[runlim] sample:		1025.53 time, 1030.01 real, 4 MB, 29.18 load
[runlim] sample:		1035.49 time, 1040.01 real, 4 MB, 29.15 load
[runlim] sample:		1045.45 time, 1050.01 real, 4 MB, 29.13 load
[runlim] sample:		1055.40 time, 1060.01 real, 4 MB, 29.11 load
[runlim] sample:		1065.36 time, 1070.01 real, 4 MB, 29.09 load
[runlim] sample:		1075.32 time, 1080.01 real, 4 MB, 29.08 load
[runlim] sample:		1085.27 time, 1090.01 real, 4 MB, 29.06 load
[runlim] sample:		1095.23 time, 1100.01 real, 4 MB, 29.05 load
[runlim] sample:		1105.19 time, 1110.01 real, 4 MB, 29.05 load
[runlim] sample:		1115.14 time, 1120.01 real, 4 MB, 29.04 load
[runlim] sample:		1125.10 time, 1130.01 real, 4 MB, 29.03 load
[runlim] sample:		1135.05 time, 1140.01 real, 4 MB, 29.03 load
[runlim] sample:		1145.01 time, 1150.01 real, 4 MB, 29.02 load
[runlim] sample:		1154.96 time, 1160.01 real, 4 MB, 29.02 load
[runlim] sample:		1164.92 time, 1170.01 real, 4 MB, 29.02 load
[runlim] sample:		1174.88 time, 1180.01 real, 4 MB, 29.01 load
[runlim] sample:		1184.83 time, 1190.01 real, 4 MB, 29.01 load
[runlim] sample:		1194.79 time, 1200.01 real, 4 MB, 29.09 load
[runlim] sample:		1204.75 time, 1210.01 real, 4 MB, 29.07 load
[runlim] sample:		1214.70 time, 1220.01 real, 4 MB, 29.06 load
[runlim] sample:		1224.66 time, 1230.01 real, 4 MB, 29.05 load
[runlim] sample:		1234.62 time, 1240.01 real, 4 MB, 29.20 load
[runlim] sample:		1244.57 time, 1250.01 real, 4 MB, 29.33 load
[runlim] sample:		1254.53 time, 1260.01 real, 4 MB, 29.43 load
[runlim] sample:		1264.49 time, 1270.01 real, 4 MB, 29.52 load
[runlim] sample:		1274.45 time, 1280.01 real, 4 MB, 29.59 load
[runlim] sample:		1284.40 time, 1290.01 real, 4 MB, 29.73 load
[runlim] sample:		1294.36 time, 1300.01 real, 4 MB, 29.77 load
[runlim] sample:		1304.32 time, 1310.01 real, 4 MB, 29.96 load
[runlim] sample:		1314.27 time, 1320.01 real, 4 MB, 30.04 load
[runlim] sample:		1324.23 time, 1330.01 real, 4 MB, 30.03 load
[runlim] sample:		1334.19 time, 1340.01 real, 4 MB, 29.87 load
[runlim] sample:		1344.14 time, 1350.01 real, 4 MB, 29.74 load
[runlim] sample:		1354.10 time, 1360.01 real, 4 MB, 29.63 load
[runlim] sample:		1364.06 time, 1370.01 real, 4 MB, 29.53 load
[runlim] sample:		1374.02 time, 1380.01 real, 4 MB, 29.45 load
[runlim] sample:		1383.97 time, 1390.01 real, 4 MB, 29.38 load
[runlim] sample:		1393.93 time, 1400.01 real, 4 MB, 29.32 load
[runlim] sample:		1403.89 time, 1410.01 real, 4 MB, 29.27 load
[runlim] sample:		1413.84 time, 1420.01 real, 4 MB, 29.31 load
[runlim] sample:		1423.80 time, 1430.01 real, 4 MB, 29.18 load
[runlim] sample:		1433.76 time, 1440.01 real, 4 MB, 29.00 load
[runlim] sample:		1443.71 time, 1450.01 real, 4 MB, 28.84 load
[runlim] sample:		1453.67 time, 1460.01 real, 4 MB, 28.71 load
[runlim] sample:		1463.62 time, 1470.01 real, 4 MB, 28.60 load
[runlim] sample:		1473.58 time, 1480.01 real, 4 MB, 28.51 load
[runlim] sample:		1483.53 time, 1490.01 real, 4 MB, 28.51 load
[runlim] sample:		1493.49 time, 1500.01 real, 4 MB, 28.51 load
[runlim] sample:		1503.45 time, 1510.01 real, 4 MB, 28.43 load
[runlim] sample:		1513.40 time, 1520.01 real, 4 MB, 28.53 load
[runlim] sample:		1523.36 time, 1530.01 real, 4 MB, 28.45 load
[runlim] sample:		1533.31 time, 1540.01 real, 4 MB, 28.38 load
[runlim] sample:		1543.27 time, 1550.01 real, 4 MB, 28.32 load
[runlim] sample:		1553.22 time, 1560.01 real, 4 MB, 28.35 load
[runlim] sample:		1563.18 time, 1570.01 real, 4 MB, 28.29 load
[runlim] sample:		1573.13 time, 1580.01 real, 4 MB, 28.25 load
[runlim] sample:		1583.09 time, 1590.01 real, 4 MB, 28.21 load
[runlim] sample:		1593.04 time, 1600.01 real, 4 MB, 28.26 load
[runlim] sample:		1603.00 time, 1610.01 real, 4 MB, 28.22 load
[runlim] sample:		1612.95 time, 1620.01 real, 4 MB, 28.18 load
[runlim] sample:		1622.91 time, 1630.01 real, 4 MB, 28.23 load
[runlim] sample:		1632.86 time, 1640.01 real, 4 MB, 28.19 load
[runlim] sample:		1642.82 time, 1650.01 real, 4 MB, 28.16 load
[runlim] sample:		1652.78 time, 1660.01 real, 4 MB, 28.14 load
[runlim] sample:		1662.73 time, 1670.01 real, 4 MB, 28.12 load
[runlim] sample:		1672.69 time, 1680.01 real, 4 MB, 28.10 load
[runlim] sample:		1682.65 time, 1690.01 real, 4 MB, 28.16 load
[runlim] sample:		1692.61 time, 1700.01 real, 4 MB, 28.13 load
[runlim] sample:		1702.56 time, 1710.01 real, 4 MB, 28.11 load
[runlim] sample:		1712.52 time, 1720.01 real, 4 MB, 28.09 load
[runlim] sample:		1722.47 time, 1730.01 real, 4 MB, 28.08 load
[runlim] sample:		1732.43 time, 1740.01 real, 4 MB, 28.07 load
[runlim] sample:		1742.38 time, 1750.01 real, 4 MB, 28.13 load
[runlim] sample:		1752.34 time, 1760.01 real, 4 MB, 28.11 load
[runlim] sample:		1762.29 time, 1770.01 real, 4 MB, 28.09 load
[runlim] sample:		1772.25 time, 1780.01 real, 4 MB, 28.08 load
[runlim] sample:		1782.21 time, 1790.01 real, 4 MB, 28.07 load
[runlim] sample:		1792.16 time, 1800.01 real, 4 MB, 28.06 load
[runlim] sample:		1802.12 time, 1810.01 real, 4 MB, 28.12 load
[runlim] sample:		1812.07 time, 1820.01 real, 4 MB, 28.10 load
[runlim] sample:		1822.03 time, 1830.01 real, 4 MB, 28.08 load
[runlim] sample:		1831.99 time, 1840.01 real, 4 MB, 28.07 load
[runlim] sample:		1841.94 time, 1850.01 real, 4 MB, 28.06 load
[runlim] sample:		1851.90 time, 1860.01 real, 4 MB, 28.12 load
[runlim] sample:		1861.85 time, 1870.01 real, 4 MB, 28.18 load
[runlim] sample:		1871.81 time, 1880.01 real, 4 MB, 28.15 load
[runlim] sample:		1881.77 time, 1890.01 real, 4 MB, 28.13 load
[runlim] sample:		1891.72 time, 1900.01 real, 4 MB, 28.11 load
[runlim] sample:		1901.68 time, 1910.01 real, 4 MB, 28.09 load
[runlim] sample:		1911.63 time, 1920.01 real, 4 MB, 28.08 load
[runlim] sample:		1921.59 time, 1930.01 real, 4 MB, 28.14 load
[runlim] sample:		1931.54 time, 1940.01 real, 4 MB, 28.12 load
[runlim] sample:		1941.50 time, 1950.01 real, 4 MB, 28.10 load
[runlim] sample:		1951.46 time, 1960.01 real, 4 MB, 28.08 load
[runlim] sample:		1961.41 time, 1970.01 real, 4 MB, 28.07 load
[runlim] sample:		1971.37 time, 1980.01 real, 4 MB, 28.06 load
[runlim] sample:		1981.32 time, 1990.01 real, 4 MB, 28.12 load
[runlim] sample:		1991.28 time, 2000.01 real, 4 MB, 28.18 load
[runlim] sample:		2001.23 time, 2010.01 real, 4 MB, 28.16 load
[runlim] sample:		2011.19 time, 2020.01 real, 4 MB, 28.13 load
[runlim] sample:		2021.15 time, 2030.01 real, 4 MB, 28.11 load
[runlim] sample:		2031.10 time, 2040.01 real, 4 MB, 28.09 load
[runlim] sample:		2041.06 time, 2050.01 real, 4 MB, 28.15 load
[runlim] sample:		2051.01 time, 2060.01 real, 4 MB, 28.13 load
[runlim] sample:		2060.97 time, 2070.01 real, 4 MB, 28.11 load
[runlim] sample:		2070.92 time, 2080.01 real, 4 MB, 28.09 load
[runlim] sample:		2080.88 time, 2090.01 real, 4 MB, 28.08 load
[runlim] sample:		2090.84 time, 2100.01 real, 4 MB, 28.06 load
[runlim] sample:		2100.79 time, 2110.01 real, 4 MB, 28.13 load
[runlim] sample:		2110.75 time, 2120.01 real, 4 MB, 28.11 load
[runlim] sample:		2120.70 time, 2130.01 real, 4 MB, 28.09 load
[runlim] sample:		2130.66 time, 2140.01 real, 4 MB, 28.15 load
[runlim] sample:		2140.61 time, 2150.01 real, 4 MB, 28.13 load
[runlim] sample:		2150.57 time, 2160.01 real, 4 MB, 28.11 load
[runlim] sample:		2160.53 time, 2170.01 real, 4 MB, 28.16 load
[runlim] sample:		2170.48 time, 2180.01 real, 4 MB, 28.14 load
[runlim] sample:		2180.44 time, 2190.01 real, 4 MB, 28.12 load
[runlim] sample:		2190.39 time, 2200.01 real, 4 MB, 28.10 load
[runlim] sample:		2200.35 time, 2210.01 real, 4 MB, 28.08 load
[runlim] sample:		2210.31 time, 2220.01 real, 4 MB, 28.07 load
[runlim] sample:		2220.26 time, 2230.01 real, 4 MB, 28.06 load
[runlim] sample:		2230.22 time, 2240.01 real, 4 MB, 28.05 load
[runlim] sample:		2240.17 time, 2250.01 real, 4 MB, 28.04 load
[runlim] sample:		2250.13 time, 2260.01 real, 4 MB, 28.03 load
[runlim] sample:		2260.09 time, 2270.01 real, 4 MB, 28.03 load
[runlim] sample:		2270.04 time, 2280.01 real, 4 MB, 28.02 load
[runlim] sample:		2280.00 time, 2290.01 real, 4 MB, 28.02 load
[runlim] sample:		2289.95 time, 2300.01 real, 4 MB, 28.02 load
[runlim] sample:		2299.91 time, 2310.01 real, 4 MB, 28.01 load
[runlim] sample:		2309.87 time, 2320.01 real, 4 MB, 28.01 load
[runlim] sample:		2319.82 time, 2330.01 real, 4 MB, 28.01 load
[runlim] sample:		2329.78 time, 2340.01 real, 4 MB, 28.01 load
[runlim] sample:		2339.73 time, 2350.01 real, 4 MB, 28.01 load
[runlim] sample:		2349.69 time, 2360.01 real, 4 MB, 28.00 load
[runlim] sample:		2359.64 time, 2370.01 real, 4 MB, 28.00 load
[runlim] sample:		2369.60 time, 2380.01 real, 4 MB, 28.16 load
[runlim] sample:		2379.55 time, 2390.01 real, 4 MB, 28.14 load
[runlim] sample:		2389.51 time, 2400.01 real, 4 MB, 28.12 load
[runlim] sample:		2399.46 time, 2410.01 real, 4 MB, 28.17 load
[runlim] sample:		2409.42 time, 2420.01 real, 4 MB, 28.14 load
[runlim] sample:		2419.37 time, 2430.01 real, 4 MB, 28.12 load
[runlim] sample:		2429.33 time, 2440.01 real, 4 MB, 28.10 load
[runlim] sample:		2439.29 time, 2450.01 real, 4 MB, 28.09 load
[runlim] sample:		2449.24 time, 2460.01 real, 4 MB, 28.07 load
[runlim] sample:		2459.20 time, 2470.01 real, 4 MB, 28.06 load
[runlim] sample:		2469.15 time, 2480.01 real, 4 MB, 28.05 load
[runlim] sample:		2479.11 time, 2490.01 real, 4 MB, 28.04 load
[runlim] sample:		2489.07 time, 2500.01 real, 4 MB, 28.20 load
[runlim] sample:		2499.02 time, 2510.01 real, 4 MB, 28.17 load
[runlim] sample:		2508.98 time, 2520.01 real, 4 MB, 28.14 load
[runlim] sample:		2518.93 time, 2530.01 real, 4 MB, 28.20 load
[runlim] sample:		2528.89 time, 2540.01 real, 4 MB, 28.17 load
[runlim] sample:		2538.84 time, 2550.01 real, 4 MB, 28.14 load
[runlim] sample:		2548.80 time, 2560.01 real, 4 MB, 28.12 load
[runlim] sample:		2558.75 time, 2570.01 real, 4 MB, 28.10 load
[runlim] sample:		2568.71 time, 2580.01 real, 4 MB, 28.08 load
[runlim] sample:		2578.66 time, 2590.01 real, 4 MB, 28.15 load
[runlim] sample:		2588.62 time, 2600.01 real, 4 MB, 28.13 load
[runlim] sample:		2598.57 time, 2610.01 real, 4 MB, 28.11 load
[runlim] sample:		2608.53 time, 2620.01 real, 4 MB, 28.09 load
[runlim] sample:		2618.49 time, 2630.01 real, 4 MB, 28.08 load
[runlim] sample:		2628.44 time, 2640.01 real, 4 MB, 28.14 load
[runlim] sample:		2638.40 time, 2650.01 real, 4 MB, 28.20 load
[runlim] sample:		2648.35 time, 2660.01 real, 4 MB, 28.25 load
[runlim] sample:		2658.31 time, 2670.01 real, 4 MB, 28.21 load
[runlim] sample:		2668.26 time, 2680.01 real, 4 MB, 28.18 load
[runlim] sample:		2678.22 time, 2690.01 real, 4 MB, 28.15 load
[runlim] sample:		2688.17 time, 2700.01 real, 4 MB, 28.13 load
[runlim] sample:		2698.13 time, 2710.01 real, 4 MB, 28.11 load
[runlim] sample:		2708.08 time, 2720.01 real, 4 MB, 28.09 load
[runlim] sample:		2718.04 time, 2730.01 real, 4 MB, 28.16 load
[runlim] sample:		2727.99 time, 2740.01 real, 4 MB, 28.13 load
[runlim] sample:		2737.95 time, 2750.01 real, 4 MB, 28.11 load
[runlim] sample:		2747.90 time, 2760.01 real, 4 MB, 28.09 load
[runlim] sample:		2757.86 time, 2770.01 real, 4 MB, 28.08 load
[runlim] sample:		2767.81 time, 2780.01 real, 4 MB, 28.07 load
[runlim] sample:		2777.77 time, 2790.01 real, 4 MB, 28.14 load
[runlim] sample:		2787.72 time, 2800.01 real, 4 MB, 28.12 load
[runlim] sample:		2797.68 time, 2810.01 real, 4 MB, 28.10 load
[runlim] sample:		2807.64 time, 2820.01 real, 4 MB, 28.08 load
[runlim] sample:		2817.59 time, 2830.01 real, 4 MB, 28.07 load
[runlim] sample:		2827.55 time, 2840.01 real, 4 MB, 28.06 load
[runlim] sample:		2837.50 time, 2850.01 real, 4 MB, 28.13 load
[runlim] sample:		2847.46 time, 2860.01 real, 4 MB, 28.11 load
[runlim] sample:		2857.41 time, 2870.01 real, 4 MB, 28.09 load
[runlim] sample:		2867.37 time, 2880.01 real, 4 MB, 28.08 load
[runlim] sample:		2877.32 time, 2890.01 real, 4 MB, 28.06 load
[runlim] sample:		2887.28 time, 2900.01 real, 4 MB, 28.05 load
[runlim] sample:		2897.23 time, 2910.01 real, 4 MB, 28.05 load
[runlim] sample:		2907.19 time, 2920.01 real, 4 MB, 28.12 load
[runlim] sample:		2917.14 time, 2930.01 real, 4 MB, 28.10 load
[runlim] sample:		2927.10 time, 2940.01 real, 4 MB, 28.16 load
[runlim] sample:		2937.05 time, 2950.01 real, 4 MB, 28.13 load
[runlim] sample:		2947.01 time, 2960.01 real, 4 MB, 28.11 load
[runlim] sample:		2956.96 time, 2970.01 real, 4 MB, 28.10 load
[runlim] sample:		2966.92 time, 2980.01 real, 4 MB, 28.08 load
[runlim] sample:		2976.87 time, 2990.01 real, 4 MB, 28.15 load
[runlim] sample:		2986.83 time, 3000.01 real, 4 MB, 28.20 load
[runlim] sample:		2996.79 time, 3010.01 real, 4 MB, 28.17 load
[runlim] sample:		3006.74 time, 3020.01 real, 4 MB, 28.15 load
[runlim] sample:		3016.70 time, 3030.01 real, 4 MB, 28.12 load
[runlim] sample:		3026.66 time, 3040.01 real, 4 MB, 28.10 load
[runlim] sample:		3036.61 time, 3050.01 real, 4 MB, 28.17 load
[runlim] sample:		3046.56 time, 3060.01 real, 4 MB, 28.14 load
[runlim] sample:		3056.52 time, 3070.01 real, 4 MB, 28.12 load
[runlim] sample:		3066.48 time, 3080.01 real, 4 MB, 28.10 load
[runlim] sample:		3076.43 time, 3090.01 real, 4 MB, 28.08 load
[runlim] sample:		3086.39 time, 3100.01 real, 4 MB, 28.07 load
[runlim] sample:		3096.34 time, 3110.01 real, 4 MB, 28.06 load
[runlim] sample:		3106.30 time, 3120.01 real, 4 MB, 28.05 load
[runlim] sample:		3116.25 time, 3130.01 real, 4 MB, 28.04 load
[runlim] sample:		3126.21 time, 3140.01 real, 4 MB, 28.04 load
[runlim] sample:		3136.16 time, 3150.01 real, 4 MB, 28.10 load
[runlim] sample:		3146.11 time, 3160.01 real, 4 MB, 28.09 load
[runlim] sample:		3156.07 time, 3170.01 real, 4 MB, 28.07 load
[runlim] sample:		3166.03 time, 3180.01 real, 4 MB, 28.06 load
[runlim] sample:		3175.98 time, 3190.01 real, 4 MB, 28.05 load
[runlim] sample:		3185.94 time, 3200.01 real, 4 MB, 28.04 load
[runlim] sample:		3195.90 time, 3210.01 real, 4 MB, 28.04 load
[runlim] sample:		3205.85 time, 3220.01 real, 4 MB, 28.03 load
[runlim] sample:		3215.81 time, 3230.01 real, 4 MB, 28.02 load
[runlim] sample:		3225.76 time, 3240.01 real, 4 MB, 28.02 load
[runlim] sample:		3235.72 time, 3250.01 real, 4 MB, 28.02 load
[runlim] sample:		3245.68 time, 3260.01 real, 4 MB, 28.01 load
[runlim] sample:		3255.63 time, 3270.01 real, 4 MB, 28.01 load
[runlim] sample:		3265.59 time, 3280.01 real, 4 MB, 28.01 load
[runlim] sample:		3275.54 time, 3290.01 real, 4 MB, 28.01 load
[runlim] sample:		3285.50 time, 3300.01 real, 4 MB, 28.01 load
[runlim] sample:		3295.46 time, 3310.01 real, 4 MB, 28.00 load
[runlim] sample:		3305.41 time, 3320.01 real, 4 MB, 28.00 load
[runlim] sample:		3315.37 time, 3330.01 real, 4 MB, 27.93 load
[runlim] sample:		3325.33 time, 3340.01 real, 4 MB, 27.79 load
[runlim] sample:		3335.28 time, 3350.01 real, 4 MB, 27.66 load
[runlim] sample:		3345.24 time, 3360.01 real, 4 MB, 27.56 load
[runlim] sample:		3355.20 time, 3370.01 real, 4 MB, 27.47 load
[runlim] sample:		3365.15 time, 3380.01 real, 4 MB, 27.40 load
[runlim] sample:		3375.11 time, 3390.01 real, 4 MB, 27.34 load
[runlim] sample:		3385.07 time, 3400.01 real, 4 MB, 27.29 load
[runlim] sample:		3395.02 time, 3410.01 real, 4 MB, 27.24 load
[runlim] sample:		3404.98 time, 3420.01 real, 4 MB, 27.20 load
[runlim] sample:		3414.93 time, 3430.01 real, 4 MB, 27.17 load
[runlim] sample:		3424.89 time, 3440.01 real, 4 MB, 27.22 load
[runlim] sample:		3434.85 time, 3450.01 real, 4 MB, 27.18 load
[runlim] sample:		3444.80 time, 3460.01 real, 4 MB, 27.32 load
[runlim] sample:		3454.76 time, 3470.01 real, 4 MB, 27.27 load
[runlim] sample:		3464.72 time, 3480.01 real, 4 MB, 27.23 load
[runlim] sample:		3474.67 time, 3490.01 real, 4 MB, 27.19 load
[runlim] sample:		3484.63 time, 3500.01 real, 4 MB, 27.24 load
[runlim] sample:		3494.59 time, 3510.01 real, 4 MB, 27.20 load
[runlim] sample:		3504.54 time, 3520.01 real, 4 MB, 27.17 load
[runlim] sample:		3514.50 time, 3530.01 real, 4 MB, 27.15 load
[runlim] sample:		3524.46 time, 3540.01 real, 4 MB, 27.12 load
[runlim] sample:		3534.41 time, 3550.01 real, 4 MB, 27.10 load
[runlim] sample:		3544.37 time, 3560.01 real, 4 MB, 27.17 load
[runlim] sample:		3554.33 time, 3570.01 real, 4 MB, 27.14 load
[runlim] sample:		3564.28 time, 3580.01 real, 4 MB, 27.12 load
[runlim] sample:		3574.24 time, 3590.01 real, 4 MB, 27.10 load
[runlim] sample:		3584.20 time, 3600.01 real, 4 MB, 27.08 load
[runlim] sample:		3594.16 time, 3610.01 real, 4 MB, 27.07 load
[runlim] sample:		3604.12 time, 3620.01 real, 4 MB, 27.06 load
[runlim] sample:		3614.08 time, 3630.01 real, 4 MB, 27.13 load
[runlim] sample:		3624.03 time, 3640.01 real, 4 MB, 27.11 load
[runlim] sample:		3633.99 time, 3650.01 real, 4 MB, 27.09 load
[runlim] sample:		3643.95 time, 3660.01 real, 4 MB, 27.08 load
[runlim] sample:		3653.91 time, 3670.01 real, 4 MB, 27.07 load
[runlim] sample:		3663.87 time, 3680.01 real, 4 MB, 27.06 load
[runlim] sample:		3673.83 time, 3690.01 real, 4 MB, 27.05 load
[runlim] sample:		3683.79 time, 3700.01 real, 4 MB, 27.04 load
[runlim] sample:		3693.75 time, 3710.01 real, 4 MB, 27.03 load
[runlim] sample:		3703.71 time, 3720.01 real, 4 MB, 27.03 load
[runlim] sample:		3713.67 time, 3730.01 real, 4 MB, 27.02 load
[runlim] sample:		3723.62 time, 3740.01 real, 4 MB, 27.02 load
[runlim] sample:		3733.58 time, 3750.01 real, 4 MB, 27.10 load
[runlim] sample:		3743.54 time, 3760.01 real, 4 MB, 27.08 load
[runlim] sample:		3753.50 time, 3770.01 real, 4 MB, 27.07 load
[runlim] sample:		3763.46 time, 3780.01 real, 4 MB, 27.06 load
[runlim] sample:		3773.41 time, 3790.01 real, 4 MB, 27.05 load
[runlim] sample:		3783.37 time, 3800.01 real, 4 MB, 27.04 load
[runlim] sample:		3793.33 time, 3810.01 real, 4 MB, 27.03 load
[runlim] sample:		3803.29 time, 3820.01 real, 4 MB, 27.03 load
[runlim] sample:		3813.24 time, 3830.01 real, 4 MB, 27.02 load
[runlim] sample:		3823.20 time, 3840.01 real, 4 MB, 27.02 load
[runlim] sample:		3833.16 time, 3850.01 real, 4 MB, 27.02 load
[runlim] sample:		3843.11 time, 3860.01 real, 4 MB, 27.09 load
[runlim] sample:		3853.07 time, 3870.01 real, 4 MB, 27.15 load
[runlim] sample:		3863.03 time, 3880.01 real, 4 MB, 27.21 load
[runlim] sample:		3872.98 time, 3890.01 real, 4 MB, 27.18 load
[runlim] sample:		3882.94 time, 3900.01 real, 4 MB, 27.15 load
[runlim] sample:		3892.90 time, 3910.01 real, 4 MB, 27.13 load
[runlim] sample:		3902.86 time, 3920.01 real, 4 MB, 27.11 load
[runlim] sample:		3912.82 time, 3930.01 real, 4 MB, 27.17 load
[runlim] sample:		3922.78 time, 3940.01 real, 4 MB, 27.22 load
[runlim] sample:		3932.74 time, 3950.01 real, 4 MB, 27.26 load
[runlim] sample:		3942.69 time, 3960.01 real, 4 MB, 27.22 load
[runlim] sample:		3952.65 time, 3970.01 real, 4 MB, 27.19 load
[runlim] sample:		3962.61 time, 3980.01 real, 4 MB, 27.16 load
[runlim] sample:		3972.57 time, 3990.01 real, 4 MB, 27.13 load
[runlim] sample:		3982.53 time, 4000.01 real, 4 MB, 27.19 load
[runlim] sample:		3992.49 time, 4010.01 real, 4 MB, 27.24 load
[runlim] sample:		4002.45 time, 4020.01 real, 4 MB, 27.21 load
[runlim] sample:		4012.40 time, 4030.01 real, 4 MB, 27.33 load
[runlim] sample:		4022.36 time, 4040.01 real, 4 MB, 27.28 load
[runlim] sample:		4032.32 time, 4050.01 real, 4 MB, 27.24 load
[runlim] sample:		4042.28 time, 4060.01 real, 4 MB, 27.20 load
[runlim] sample:		4052.24 time, 4070.01 real, 4 MB, 27.17 load
[runlim] sample:		4062.20 time, 4080.01 real, 4 MB, 27.14 load
[runlim] sample:		4072.15 time, 4090.01 real, 4 MB, 27.20 load
[runlim] sample:		4082.11 time, 4100.01 real, 4 MB, 27.17 load
[runlim] sample:		4092.07 time, 4110.01 real, 4 MB, 27.14 load
[runlim] sample:		4102.03 time, 4120.01 real, 4 MB, 27.12 load
[runlim] sample:		4111.98 time, 4130.01 real, 4 MB, 27.10 load
[runlim] sample:		4121.94 time, 4140.01 real, 4 MB, 27.09 load
[runlim] sample:		4131.90 time, 4150.01 real, 4 MB, 27.15 load
[runlim] sample:		4141.86 time, 4160.01 real, 4 MB, 27.13 load
[runlim] sample:		4151.82 time, 4170.01 real, 4 MB, 27.11 load
[runlim] sample:		4161.77 time, 4180.01 real, 4 MB, 27.09 load
[runlim] sample:		4171.73 time, 4190.01 real, 4 MB, 27.08 load
[runlim] sample:		4181.69 time, 4200.01 real, 4 MB, 27.06 load
[runlim] sample:		4191.65 time, 4210.01 real, 4 MB, 27.05 load
[runlim] sample:		4201.61 time, 4220.01 real, 4 MB, 27.05 load
[runlim] sample:		4211.57 time, 4230.01 real, 4 MB, 27.04 load
[runlim] sample:		4221.53 time, 4240.01 real, 4 MB, 27.03 load
[runlim] sample:		4231.48 time, 4250.01 real, 4 MB, 27.03 load
[runlim] sample:		4241.44 time, 4260.01 real, 4 MB, 27.02 load
[runlim] sample:		4251.40 time, 4270.01 real, 4 MB, 27.10 load
[runlim] sample:		4261.36 time, 4280.01 real, 4 MB, 27.08 load
[runlim] sample:		4271.32 time, 4290.01 real, 4 MB, 27.15 load
[runlim] sample:		4281.27 time, 4300.01 real, 4 MB, 27.13 load
[runlim] sample:		4291.23 time, 4310.01 real, 4 MB, 27.19 load
[runlim] sample:		4301.19 time, 4320.01 real, 4 MB, 27.16 load
[runlim] sample:		4311.15 time, 4330.01 real, 4 MB, 27.13 load
[runlim] sample:		4321.11 time, 4340.01 real, 4 MB, 27.11 load
[runlim] sample:		4331.07 time, 4350.01 real, 4 MB, 27.26 load
[runlim] sample:		4341.03 time, 4360.01 real, 4 MB, 27.22 load
[runlim] sample:		4350.99 time, 4370.01 real, 4 MB, 27.18 load
[runlim] sample:		4360.95 time, 4380.01 real, 4 MB, 27.15 load
[runlim] sample:		4370.90 time, 4390.01 real, 4 MB, 27.21 load
[runlim] sample:		4380.86 time, 4400.01 real, 4 MB, 27.18 load
[runlim] sample:		4390.82 time, 4410.01 real, 4 MB, 27.15 load
[runlim] sample:		4400.78 time, 4420.01 real, 4 MB, 27.13 load
[runlim] sample:		4410.74 time, 4430.01 real, 4 MB, 27.11 load
[runlim] sample:		4420.70 time, 4440.01 real, 4 MB, 27.16 load
[runlim] sample:		4430.65 time, 4450.01 real, 4 MB, 27.14 load
[runlim] sample:		4440.61 time, 4460.01 real, 4 MB, 27.20 load
[runlim] sample:		4450.57 time, 4470.01 real, 4 MB, 27.17 load
[runlim] sample:		4460.52 time, 4480.01 real, 4 MB, 27.14 load
[runlim] sample:		4470.48 time, 4490.01 real, 4 MB, 27.12 load
[runlim] sample:		4480.43 time, 4500.01 real, 4 MB, 27.18 load
[runlim] sample:		4490.39 time, 4510.01 real, 4 MB, 27.23 load
[runlim] sample:		4500.35 time, 4520.01 real, 4 MB, 27.20 load
[runlim] sample:		4510.31 time, 4530.01 real, 4 MB, 27.17 load
[runlim] sample:		4520.26 time, 4540.01 real, 4 MB, 27.14 load
[runlim] sample:		4530.22 time, 4550.01 real, 4 MB, 27.20 load
[runlim] sample:		4540.17 time, 4560.01 real, 4 MB, 27.17 load
[runlim] sample:		4550.13 time, 4570.01 real, 4 MB, 27.22 load
[runlim] sample:		4560.09 time, 4580.01 real, 4 MB, 27.19 load
[runlim] sample:		4570.04 time, 4590.01 real, 4 MB, 27.16 load
[runlim] sample:		4580.00 time, 4600.01 real, 4 MB, 27.13 load
[runlim] sample:		4589.96 time, 4610.01 real, 4 MB, 27.11 load
[runlim] sample:		4599.92 time, 4620.01 real, 4 MB, 27.09 load
[runlim] sample:		4609.88 time, 4630.01 real, 4 MB, 27.08 load
[runlim] sample:		4619.84 time, 4640.01 real, 4 MB, 27.07 load
[runlim] sample:		4629.79 time, 4650.01 real, 4 MB, 27.06 load
[runlim] sample:		4639.75 time, 4660.01 real, 4 MB, 27.05 load
[runlim] sample:		4649.71 time, 4670.01 real, 4 MB, 27.04 load
[runlim] sample:		4659.67 time, 4680.01 real, 4 MB, 27.03 load
[runlim] sample:		4669.63 time, 4690.01 real, 4 MB, 27.03 load
[runlim] sample:		4679.58 time, 4700.01 real, 4 MB, 27.02 load
[runlim] sample:		4689.54 time, 4710.01 real, 4 MB, 27.02 load
[runlim] sample:		4699.50 time, 4720.01 real, 4 MB, 27.02 load
[runlim] sample:		4709.46 time, 4730.01 real, 4 MB, 27.01 load
[runlim] sample:		4719.42 time, 4740.01 real, 4 MB, 27.01 load
[runlim] sample:		4729.38 time, 4750.01 real, 4 MB, 27.01 load
[runlim] sample:		4739.34 time, 4760.01 real, 4 MB, 27.01 load
[runlim] sample:		4749.30 time, 4770.01 real, 4 MB, 27.00 load
[runlim] sample:		4759.26 time, 4780.01 real, 4 MB, 27.00 load
[runlim] sample:		4769.21 time, 4790.01 real, 4 MB, 27.00 load
[runlim] sample:		4779.17 time, 4800.01 real, 4 MB, 27.00 load
[runlim] sample:		4789.13 time, 4810.01 real, 4 MB, 27.00 load
[runlim] sample:		4799.09 time, 4820.01 real, 4 MB, 27.00 load
[runlim] sample:		4809.05 time, 4830.01 real, 4 MB, 27.00 load
[runlim] sample:		4819.01 time, 4840.01 real, 4 MB, 27.00 load
[runlim] sample:		4828.96 time, 4850.01 real, 4 MB, 27.00 load
[runlim] sample:		4838.92 time, 4860.01 real, 4 MB, 27.00 load
[runlim] sample:		4848.88 time, 4870.01 real, 4 MB, 27.00 load
[runlim] sample:		4858.84 time, 4880.01 real, 4 MB, 27.00 load
[runlim] sample:		4868.80 time, 4890.01 real, 4 MB, 27.00 load
[runlim] sample:		4878.76 time, 4900.01 real, 4 MB, 27.16 load
[runlim] sample:		4888.72 time, 4910.01 real, 4 MB, 27.13 load
[runlim] sample:		4898.68 time, 4920.01 real, 4 MB, 27.11 load
[runlim] sample:		4908.63 time, 4930.01 real, 4 MB, 27.18 load
[runlim] sample:		4918.59 time, 4940.01 real, 4 MB, 27.22 load
[runlim] sample:		4928.55 time, 4950.01 real, 4 MB, 27.19 load
[runlim] sample:		4938.51 time, 4960.01 real, 4 MB, 27.16 load
[runlim] sample:		4948.46 time, 4970.01 real, 4 MB, 27.13 load
[runlim] sample:		4958.42 time, 4980.01 real, 4 MB, 27.11 load
[runlim] sample:		4968.38 time, 4990.01 real, 4 MB, 27.26 load
[runlim] sample:		4978.33 time, 5000.01 real, 4 MB, 27.30 load
[runlim] end:			Thu Apr  9 19:24:42 2026
[runlim] status:		out of time
[runlim] result:		2
[runlim] children:		1
[runlim] processes:		2
[runlim] real:			5000.05 seconds
[runlim] time:			4978.33 seconds
[runlim] space:			4 MB
[runlim] load:			30.23 maximum
[runlim] samples:		50000
