[runlim] version:		2.0.0rc1
[runlim] host:			m05n09
[runlim] time limit:		311040000 seconds
[runlim] real time limit:	5000 seconds
[runlim] space limit:		7000 MB
[runlim] argv[0]:		./binary
[runlim] argv[1]:		-c
[runlim] argv[2]:		-f
[runlim] argv[3]:		-s
[runlim] argv[4]:		/tmp/local-unzipped-12236015-4-232-BMS_k3_n100_m429_375.cnf
[runlim] start:			Fri Mar 20 15:30:03 2026
[runlim] child:			1106982
[runlim] end:			Fri Mar 20 15:30:03 2026
[runlim] status:		ok
[runlim] result:		0
[runlim] children:		1
[runlim] processes:		2
[runlim] real:			0.16 seconds
[runlim] time:			0.10 seconds
[runlim] space:			4 MB
[runlim] load:			1.59 maximum
[runlim] samples:		1
