[runlim] version:		2.0.0rc1
[runlim] host:			p05n24
[runlim] time limit:		311040000 seconds
[runlim] real time limit:	5000 seconds
[runlim] space limit:		7000 MB
[runlim] argv[0]:		./binary
[runlim] argv[1]:		-c
[runlim] argv[2]:		-f
[runlim] argv[3]:		-s
[runlim] argv[4]:		/tmp/local-unzipped-12236015-7-442-BMS_k3_n100_m429_205.cnf
[runlim] start:			Fri Mar 20 15:49:27 2026
[runlim] child:			3886256
[runlim] sample:		9.96 time, 10.01 real, 4 MB, 6.27 load
[runlim] sample:		19.92 time, 20.01 real, 4 MB, 6.46 load
[runlim] sample:		29.88 time, 30.01 real, 4 MB, 6.39 load
[runlim] sample:		39.84 time, 40.01 real, 4 MB, 6.33 load
[runlim] sample:		49.80 time, 50.01 real, 4 MB, 6.28 load
[runlim] sample:		59.76 time, 60.01 real, 4 MB, 6.23 load
[runlim] sample:		69.72 time, 70.01 real, 4 MB, 6.20 load
[runlim] sample:		79.68 time, 80.01 real, 4 MB, 6.17 load
[runlim] sample:		89.64 time, 90.01 real, 4 MB, 6.14 load
[runlim] sample:		99.60 time, 100.01 real, 4 MB, 6.12 load
[runlim] sample:		109.56 time, 110.01 real, 4 MB, 6.10 load
[runlim] sample:		119.53 time, 120.01 real, 4 MB, 6.08 load
[runlim] sample:		129.49 time, 130.01 real, 4 MB, 6.07 load
[runlim] sample:		139.45 time, 140.01 real, 4 MB, 6.06 load
[runlim] sample:		149.41 time, 150.01 real, 4 MB, 6.05 load
[runlim] sample:		159.37 time, 160.01 real, 4 MB, 6.04 load
[runlim] sample:		169.33 time, 170.01 real, 4 MB, 6.12 load
[runlim] sample:		179.29 time, 180.01 real, 4 MB, 6.10 load
[runlim] end:			Fri Mar 20 15:52:32 2026
[runlim] status:		ok
[runlim] result:		0
[runlim] children:		1
[runlim] processes:		2
[runlim] real:			185.01 seconds
[runlim] time:			184.27 seconds
[runlim] space:			4 MB
[runlim] load:			6.46 maximum
[runlim] samples:		1850
