[runlim] version:		2.0.0rc1
[runlim] host:			m05n09
[runlim] time limit:		311040000 seconds
[runlim] real time limit:	5000 seconds
[runlim] space limit:		7000 MB
[runlim] argv[0]:		./binary
[runlim] argv[1]:		-c
[runlim] argv[2]:		-f
[runlim] argv[3]:		-s
[runlim] argv[4]:		/tmp/local-unzipped-12236015-4-207-BMS_k3_n100_m429_38.cnf
[runlim] start:			Fri Mar 20 15:29:37 2026
[runlim] child:			1106007
[runlim] end:			Fri Mar 20 15:29:39 2026
[runlim] status:		ok
[runlim] result:		0
[runlim] children:		1
[runlim] processes:		2
[runlim] real:			1.55 seconds
[runlim] time:			1.50 seconds
[runlim] space:			5 MB
[runlim] load:			1.10 maximum
[runlim] samples:		15
