[runlim] version:		2.0.0rc1
[runlim] host:			o03n07
[runlim] time limit:		311040000 seconds
[runlim] real time limit:	5000 seconds
[runlim] space limit:		7000 MB
[runlim] argv[0]:		./binary
[runlim] argv[1]:		-c
[runlim] argv[2]:		-f
[runlim] argv[3]:		-s
[runlim] argv[4]:		/tmp/local-unzipped-12236015-8-486-BMS_k3_n100_m429_479.cnf
[runlim] start:			Fri Mar 20 15:51:31 2026
[runlim] child:			3969352
[runlim] sample:		9.96 time, 10.01 real, 5 MB, 2.85 load
[runlim] sample:		19.92 time, 20.01 real, 5 MB, 3.40 load
[runlim] sample:		29.88 time, 30.01 real, 5 MB, 3.65 load
[runlim] sample:		39.84 time, 40.01 real, 5 MB, 3.86 load
[runlim] sample:		49.80 time, 50.01 real, 5 MB, 4.11 load
[runlim] sample:		59.76 time, 60.01 real, 5 MB, 4.24 load
[runlim] sample:		69.72 time, 70.01 real, 5 MB, 4.36 load
[runlim] sample:		79.68 time, 80.01 real, 5 MB, 4.46 load
[runlim] sample:		89.64 time, 90.01 real, 5 MB, 4.39 load
[runlim] sample:		99.60 time, 100.01 real, 5 MB, 4.33 load
[runlim] sample:		109.57 time, 110.01 real, 5 MB, 4.27 load
[runlim] sample:		119.53 time, 120.01 real, 5 MB, 4.08 load
[runlim] sample:		129.50 time, 130.01 real, 5 MB, 3.83 load
[runlim] sample:		139.47 time, 140.01 real, 5 MB, 3.55 load
[runlim] sample:		149.44 time, 150.01 real, 5 MB, 3.31 load
[runlim] sample:		159.41 time, 160.01 real, 5 MB, 3.11 load
[runlim] sample:		169.38 time, 170.01 real, 5 MB, 3.01 load
[runlim] sample:		179.34 time, 180.01 real, 5 MB, 2.85 load
[runlim] sample:		189.31 time, 190.01 real, 5 MB, 2.72 load
[runlim] sample:		199.28 time, 200.01 real, 5 MB, 2.61 load
[runlim] sample:		209.25 time, 210.01 real, 5 MB, 2.52 load
[runlim] sample:		219.22 time, 220.01 real, 5 MB, 2.44 load
[runlim] sample:		229.19 time, 230.01 real, 5 MB, 2.37 load
[runlim] sample:		239.16 time, 240.01 real, 5 MB, 2.46 load
[runlim] sample:		249.13 time, 250.01 real, 5 MB, 2.39 load
[runlim] sample:		259.10 time, 260.01 real, 5 MB, 2.33 load
[runlim] sample:		269.07 time, 270.01 real, 5 MB, 2.28 load
[runlim] sample:		279.03 time, 280.01 real, 5 MB, 2.23 load
[runlim] sample:		289.00 time, 290.01 real, 5 MB, 2.20 load
[runlim] sample:		298.97 time, 300.01 real, 5 MB, 2.24 load
[runlim] sample:		308.94 time, 310.01 real, 5 MB, 2.20 load
[runlim] sample:		318.91 time, 320.01 real, 5 MB, 2.17 load
[runlim] sample:		328.88 time, 330.01 real, 5 MB, 2.14 load
[runlim] sample:		338.85 time, 340.01 real, 5 MB, 2.12 load
[runlim] sample:		348.82 time, 350.01 real, 5 MB, 2.10 load
[runlim] sample:		358.78 time, 360.01 real, 5 MB, 2.16 load
[runlim] sample:		368.75 time, 370.01 real, 5 MB, 2.14 load
[runlim] sample:		378.72 time, 380.01 real, 5 MB, 2.11 load
[runlim] sample:		388.69 time, 390.01 real, 5 MB, 2.10 load
[runlim] sample:		398.66 time, 400.01 real, 5 MB, 2.08 load
[runlim] sample:		408.63 time, 410.01 real, 5 MB, 2.07 load
[runlim] sample:		418.60 time, 420.01 real, 5 MB, 2.06 load
[runlim] sample:		428.57 time, 430.01 real, 6 MB, 2.05 load
[runlim] sample:		438.54 time, 440.01 real, 6 MB, 2.11 load
[runlim] sample:		448.50 time, 450.01 real, 6 MB, 2.10 load
[runlim] sample:		458.47 time, 460.01 real, 6 MB, 2.08 load
[runlim] sample:		468.44 time, 470.01 real, 6 MB, 2.07 load
[runlim] sample:		478.41 time, 480.01 real, 6 MB, 2.06 load
[runlim] sample:		488.38 time, 490.01 real, 6 MB, 2.13 load
[runlim] sample:		498.35 time, 500.01 real, 6 MB, 2.18 load
[runlim] sample:		508.32 time, 510.01 real, 6 MB, 2.15 load
[runlim] sample:		518.29 time, 520.01 real, 6 MB, 2.13 load
[runlim] sample:		528.26 time, 530.01 real, 6 MB, 2.11 load
[runlim] sample:		538.23 time, 540.01 real, 6 MB, 2.09 load
[runlim] sample:		548.19 time, 550.01 real, 6 MB, 2.08 load
[runlim] sample:		558.16 time, 560.01 real, 6 MB, 2.06 load
[runlim] sample:		568.13 time, 570.01 real, 6 MB, 2.05 load
[runlim] sample:		578.10 time, 580.01 real, 6 MB, 2.05 load
[runlim] sample:		588.07 time, 590.01 real, 6 MB, 2.04 load
[runlim] sample:		598.04 time, 600.01 real, 6 MB, 2.03 load
[runlim] sample:		608.01 time, 610.01 real, 6 MB, 2.03 load
[runlim] sample:		617.98 time, 620.01 real, 6 MB, 2.02 load
[runlim] sample:		627.95 time, 630.01 real, 6 MB, 2.02 load
[runlim] sample:		637.92 time, 640.01 real, 6 MB, 2.09 load
[runlim] sample:		647.89 time, 650.01 real, 6 MB, 2.08 load
[runlim] sample:		657.86 time, 660.01 real, 6 MB, 2.06 load
[runlim] sample:		667.83 time, 670.01 real, 6 MB, 2.05 load
[runlim] sample:		677.80 time, 680.01 real, 6 MB, 2.04 load
[runlim] sample:		687.77 time, 690.01 real, 6 MB, 2.04 load
[runlim] sample:		697.74 time, 700.01 real, 6 MB, 2.03 load
[runlim] sample:		707.71 time, 710.01 real, 6 MB, 2.03 load
[runlim] sample:		717.68 time, 720.01 real, 6 MB, 2.02 load
[runlim] sample:		727.65 time, 730.01 real, 6 MB, 1.86 load
[runlim] sample:		737.62 time, 740.01 real, 6 MB, 1.73 load
[runlim] sample:		747.59 time, 750.01 real, 6 MB, 1.62 load
[runlim] sample:		757.56 time, 760.01 real, 6 MB, 1.60 load
[runlim] sample:		767.53 time, 770.01 real, 6 MB, 1.50 load
[runlim] sample:		777.50 time, 780.01 real, 6 MB, 1.43 load
[runlim] sample:		787.47 time, 790.01 real, 6 MB, 1.36 load
[runlim] sample:		797.44 time, 800.01 real, 6 MB, 1.30 load
[runlim] sample:		807.41 time, 810.01 real, 6 MB, 1.26 load
[runlim] sample:		817.38 time, 820.01 real, 6 MB, 1.22 load
[runlim] sample:		827.35 time, 830.01 real, 6 MB, 1.18 load
[runlim] end:			Fri Mar 20 16:05:23 2026
[runlim] status:		ok
[runlim] result:		0
[runlim] children:		1
[runlim] processes:		2
[runlim] real:			832.06 seconds
[runlim] time:			829.34 seconds
[runlim] space:			6 MB
[runlim] load:			4.46 maximum
[runlim] samples:		8320
