[runlim] version:		2.0.0rc1
[runlim] host:			m03n09
[runlim] time limit:		311040000 seconds
[runlim] real time limit:	5000 seconds
[runlim] space limit:		7000 MB
[runlim] argv[0]:		./binary
[runlim] argv[1]:		-c
[runlim] argv[2]:		/tmp/local-unzipped-12519477-6-339-BMS_k3_n100_m429_161.cnf
[runlim] start:			Wed Apr 15 14:15:32 2026
[runlim] child:			2969068
[runlim] end:			Wed Apr 15 14:15:33 2026
[runlim] status:		ok
[runlim] result:		0
[runlim] children:		1
[runlim] processes:		2
[runlim] real:			1.15 seconds
[runlim] time:			1.10 seconds
[runlim] space:			2 MB
[runlim] load:			0.26 maximum
[runlim] samples:		11
