[runlim] version:		2.0.0rc1
[runlim] host:			p05n17
[runlim] time limit:		311040000 seconds
[runlim] real time limit:	5000 seconds
[runlim] space limit:		7000 MB
[runlim] argv[0]:		./binary
[runlim] argv[1]:		-c
[runlim] argv[2]:		/tmp/local-unzipped-12519477-2-70-BMS_k3_n100_m429_213.cnf
[runlim] start:			Wed Apr 15 14:13:03 2026
[runlim] child:			246007
[runlim] end:			Wed Apr 15 14:13:04 2026
[runlim] status:		ok
[runlim] result:		0
[runlim] children:		1
[runlim] processes:		2
[runlim] real:			0.83 seconds
[runlim] time:			0.80 seconds
[runlim] space:			2 MB
[runlim] load:			0.69 maximum
[runlim] samples:		8
