[runlim] version:		2.0.0rc1
[runlim] host:			p03n11
[runlim] time limit:		311040000 seconds
[runlim] real time limit:	5000 seconds
[runlim] space limit:		7000 MB
[runlim] argv[0]:		./binary
[runlim] argv[1]:		-c
[runlim] argv[2]:		/tmp/local-unzipped-12519477-8-483-BMS_k3_n100_m429_475.cnf
[runlim] start:			Wed Apr 15 14:17:59 2026
[runlim] child:			64843
[runlim] end:			Wed Apr 15 14:17:59 2026
[runlim] status:		ok
[runlim] result:		0
[runlim] children:		0
[runlim] processes:		0
[runlim] real:			0.03 seconds
[runlim] time:			0.00 seconds
[runlim] space:			0 MB
[runlim] load:			0.00 maximum
[runlim] samples:		0
