[runlim] version:		2.0.0rc1
[runlim] host:			p05n17
[runlim] time limit:		311040000 seconds
[runlim] real time limit:	5000 seconds
[runlim] space limit:		7000 MB
[runlim] argv[0]:		./binary
[runlim] argv[1]:		-c
[runlim] argv[2]:		/tmp/local-unzipped-12519477-7-441-BMS_k3_n100_m429_454.cnf
[runlim] start:			Wed Apr 15 14:18:21 2026
[runlim] child:			256591
[runlim] sample:		9.97 time, 10.01 real, 2 MB, 1.45 load
[runlim] sample:		19.94 time, 20.01 real, 2 MB, 1.77 load
[runlim] sample:		29.91 time, 30.01 real, 2 MB, 1.96 load
[runlim] sample:		39.88 time, 40.01 real, 2 MB, 2.12 load
[runlim] sample:		49.84 time, 50.01 real, 2 MB, 2.26 load
[runlim] end:			Wed Apr 15 14:19:14 2026
[runlim] status:		ok
[runlim] result:		0
[runlim] children:		1
[runlim] processes:		2
[runlim] real:			52.77 seconds
[runlim] time:			52.54 seconds
[runlim] space:			2 MB
[runlim] load:			2.32 maximum
[runlim] samples:		527
