[runlim] version:		2.0.0rc1
[runlim] host:			p05n17
[runlim] time limit:		311040000 seconds
[runlim] real time limit:	5000 seconds
[runlim] space limit:		7000 MB
[runlim] argv[0]:		./binary
[runlim] argv[1]:		-c
[runlim] argv[2]:		/tmp/local-unzipped-12519477-1-4-BMS_k3_n100_m429_385.cnf
[runlim] start:			Wed Apr 15 14:10:46 2026
[runlim] child:			241895
[runlim] end:			Wed Apr 15 14:10:49 2026
[runlim] status:		ok
[runlim] result:		0
[runlim] children:		1
[runlim] processes:		2
[runlim] real:			2.52 seconds
[runlim] time:			2.50 seconds
[runlim] space:			2 MB
[runlim] load:			3.31 maximum
[runlim] samples:		25
