[runlim] version:		2.0.0rc1
[runlim] host:			m08n14
[runlim] time limit:		311040000 seconds
[runlim] real time limit:	5000 seconds
[runlim] space limit:		7000 MB
[runlim] argv[0]:		./binary
[runlim] argv[1]:		-c
[runlim] argv[2]:		-r
[runlim] argv[3]:		/tmp/local-unzipped-12372156-1-35-qg7-13.cnf
[runlim] start:			Wed Apr  1 15:37:12 2026
[runlim] child:			4179460
[runlim] end:			Wed Apr  1 15:37:15 2026
[runlim] status:		ok
[runlim] result:		0
[runlim] children:		1
[runlim] processes:		2
[runlim] real:			3.11 seconds
[runlim] time:			3.09 seconds
[runlim] space:			14 MB
[runlim] load:			1.09 maximum
[runlim] samples:		31
