[runlim] version:		2.0.0rc1
[runlim] host:			o02n10
[runlim] time limit:		311040000 seconds
[runlim] real time limit:	5000 seconds
[runlim] space limit:		7000 MB
[runlim] argv[0]:		./binary
[runlim] argv[1]:		-c
[runlim] argv[2]:		-s
[runlim] argv[3]:		/tmp/local-unzipped-12273029-7-434-BMS_k3_n100_m429_280.cnf
[runlim] start:			Wed Mar 25 00:25:35 2026
[runlim] child:			3081716
[runlim] end:			Wed Mar 25 00:25:43 2026
[runlim] status:		ok
[runlim] result:		0
[runlim] children:		1
[runlim] processes:		2
[runlim] real:			7.51 seconds
[runlim] time:			7.37 seconds
[runlim] space:			3 MB
[runlim] load:			7.14 maximum
[runlim] samples:		74
