[runlim] version:		2.0.0rc1
[runlim] host:			o02n14
[runlim] time limit:		311040000 seconds
[runlim] real time limit:	5000 seconds
[runlim] space limit:		7000 MB
[runlim] argv[0]:		./binary
[runlim] argv[1]:		-c
[runlim] argv[2]:		-s
[runlim] argv[3]:		/tmp/local-unzipped-12273029-8-481-BMS_k3_n100_m429_343.cnf
[runlim] start:			Wed Mar 25 00:25:18 2026
[runlim] child:			2083585
[runlim] sample:		9.95 time, 10.01 real, 3 MB, 7.13 load
[runlim] sample:		19.90 time, 20.01 real, 3 MB, 6.88 load
[runlim] sample:		29.86 time, 30.01 real, 3 MB, 6.43 load
[runlim] sample:		39.80 time, 40.01 real, 4 MB, 5.91 load
[runlim] sample:		49.75 time, 50.01 real, 4 MB, 5.38 load
[runlim] sample:		59.70 time, 60.01 real, 4 MB, 4.86 load
[runlim] sample:		69.65 time, 70.01 real, 4 MB, 4.49 load
[runlim] end:			Wed Mar 25 00:26:35 2026
[runlim] status:		ok
[runlim] result:		0
[runlim] children:		1
[runlim] processes:		2
[runlim] real:			77.16 seconds
[runlim] time:			76.72 seconds
[runlim] space:			4 MB
[runlim] load:			7.61 maximum
[runlim] samples:		771
