[runlim] version:		2.0.0rc1
[runlim] host:			p06n20
[runlim] time limit:		311040000 seconds
[runlim] real time limit:	5000 seconds
[runlim] space limit:		7000 MB
[runlim] argv[0]:		./binary
[runlim] argv[1]:		-c
[runlim] argv[2]:		-r
[runlim] argv[3]:		/tmp/local-unzipped-12156038-7-433-BMS_k3_n100_m429_0.cnf
[runlim] start:			Sat Mar 14 10:40:01 2026
[runlim] child:			1595742
[runlim] end:			Sat Mar 14 10:40:02 2026
[runlim] status:		ok
[runlim] result:		0
[runlim] children:		1
[runlim] processes:		2
[runlim] real:			0.45 seconds
[runlim] time:			0.40 seconds
[runlim] space:			3 MB
[runlim] load:			3.84 maximum
[runlim] samples:		4
