[runlim] version:		2.0.0rc1
[runlim] host:			m08n11
[runlim] time limit:		311040000 seconds
[runlim] real time limit:	5000 seconds
[runlim] space limit:		7000 MB
[runlim] argv[0]:		./binary
[runlim] argv[1]:		-c
[runlim] argv[2]:		-r
[runlim] argv[3]:		/tmp/local-unzipped-12156038-5-276-BMS_k3_n100_m429_471.cnf
[runlim] start:			Sat Mar 14 10:22:38 2026
[runlim] child:			1684828
[runlim] sample:		9.97 time, 10.01 real, 3 MB, 1.39 load
[runlim] sample:		19.94 time, 20.01 real, 4 MB, 1.64 load
[runlim] sample:		29.89 time, 30.01 real, 4 MB, 2.16 load
[runlim] sample:		39.84 time, 40.01 real, 4 MB, 2.76 load
[runlim] sample:		49.79 time, 50.01 real, 4 MB, 3.41 load
[runlim] sample:		59.74 time, 60.01 real, 4 MB, 3.80 load
[runlim] sample:		69.70 time, 70.01 real, 4 MB, 3.99 load
[runlim] sample:		79.65 time, 80.01 real, 4 MB, 4.14 load
[runlim] sample:		89.61 time, 90.01 real, 4 MB, 4.42 load
[runlim] sample:		99.57 time, 100.01 real, 4 MB, 4.51 load
[runlim] end:			Sat Mar 14 10:24:25 2026
[runlim] status:		ok
[runlim] result:		0
[runlim] children:		1
[runlim] processes:		2
[runlim] real:			107.03 seconds
[runlim] time:			106.54 seconds
[runlim] space:			4 MB
[runlim] load:			4.51 maximum
[runlim] samples:		1070
