[runlim] version:		2.0.0rc1
[runlim] host:			o02n17
[runlim] time limit:		311040000 seconds
[runlim] real time limit:	5000 seconds
[runlim] space limit:		7000 MB
[runlim] argv[0]:		./binary
[runlim] argv[1]:		-c
[runlim] argv[2]:		-r
[runlim] argv[3]:		/tmp/local-unzipped-12156038-6-367-BMS_k3_n100_m429_484.cnf
[runlim] start:			Sat Mar 14 10:32:45 2026
[runlim] child:			3449840
[runlim] sample:		9.95 time, 10.01 real, 3 MB, 5.17 load
[runlim] sample:		19.90 time, 20.01 real, 3 MB, 6.07 load
[runlim] sample:		29.85 time, 30.01 real, 3 MB, 6.75 load
[runlim] sample:		39.80 time, 40.01 real, 3 MB, 7.33 load
[runlim] sample:		49.75 time, 50.01 real, 3 MB, 7.74 load
[runlim] sample:		59.71 time, 60.01 real, 3 MB, 8.09 load
[runlim] sample:		69.66 time, 70.01 real, 3 MB, 8.38 load
[runlim] sample:		79.61 time, 80.01 real, 3 MB, 8.70 load
[runlim] sample:		89.57 time, 90.01 real, 4 MB, 8.90 load
[runlim] sample:		99.52 time, 100.01 real, 4 MB, 9.07 load
[runlim] sample:		109.47 time, 110.01 real, 4 MB, 9.22 load
[runlim] sample:		119.43 time, 120.01 real, 4 MB, 9.18 load
[runlim] sample:		129.38 time, 130.01 real, 4 MB, 9.15 load
[runlim] sample:		139.33 time, 140.01 real, 4 MB, 9.05 load
[runlim] sample:		149.29 time, 150.01 real, 4 MB, 8.89 load
[runlim] end:			Sat Mar 14 10:35:22 2026
[runlim] status:		ok
[runlim] result:		0
[runlim] children:		1
[runlim] processes:		2
[runlim] real:			156.47 seconds
[runlim] time:			155.66 seconds
[runlim] space:			4 MB
[runlim] load:			9.22 maximum
[runlim] samples:		1564
