[runlim] version:		2.0.0rc1
[runlim] host:			o02n17
[runlim] time limit:		311040000 seconds
[runlim] real time limit:	5000 seconds
[runlim] space limit:		7000 MB
[runlim] argv[0]:		./binary
[runlim] argv[1]:		-c
[runlim] argv[2]:		-r
[runlim] argv[3]:		/tmp/local-unzipped-12156038-6-362-BMS_k3_n100_m429_260.cnf
[runlim] start:			Sat Mar 14 10:32:40 2026
[runlim] child:			3449671
[runlim] sample:		9.96 time, 10.01 real, 3 MB, 4.75 load
[runlim] sample:		19.91 time, 20.01 real, 3 MB, 5.64 load
[runlim] sample:		29.86 time, 30.01 real, 3 MB, 6.47 load
[runlim] sample:		39.81 time, 40.01 real, 3 MB, 7.01 load
[runlim] sample:		49.77 time, 50.01 real, 3 MB, 7.54 load
[runlim] sample:		59.72 time, 60.01 real, 3 MB, 7.92 load
[runlim] sample:		69.68 time, 70.01 real, 3 MB, 8.24 load
[runlim] sample:		79.63 time, 80.01 real, 4 MB, 8.59 load
[runlim] sample:		89.59 time, 90.01 real, 4 MB, 8.81 load
[runlim] sample:		99.54 time, 100.01 real, 4 MB, 8.99 load
[runlim] sample:		109.49 time, 110.01 real, 4 MB, 9.15 load
[runlim] sample:		119.45 time, 120.01 real, 4 MB, 9.20 load
[runlim] sample:		129.40 time, 130.01 real, 4 MB, 9.17 load
[runlim] sample:		139.36 time, 140.01 real, 4 MB, 9.14 load
[runlim] sample:		149.32 time, 150.01 real, 4 MB, 8.97 load
[runlim] sample:		159.27 time, 160.01 real, 4 MB, 8.82 load
[runlim] sample:		169.23 time, 170.01 real, 4 MB, 8.54 load
[runlim] sample:		179.18 time, 180.01 real, 4 MB, 8.30 load
[runlim] sample:		189.14 time, 190.01 real, 4 MB, 8.09 load
[runlim] sample:		199.10 time, 200.01 real, 4 MB, 7.77 load
[runlim] sample:		209.06 time, 210.01 real, 4 MB, 7.50 load
[runlim] sample:		219.02 time, 220.01 real, 4 MB, 7.27 load
[runlim] sample:		228.97 time, 230.01 real, 4 MB, 7.07 load
[runlim] sample:		238.93 time, 240.01 real, 4 MB, 6.91 load
[runlim] sample:		248.89 time, 250.01 real, 4 MB, 6.77 load
[runlim] sample:		258.85 time, 260.01 real, 4 MB, 6.65 load
[runlim] sample:		268.81 time, 270.01 real, 4 MB, 6.55 load
[runlim] sample:		278.78 time, 280.01 real, 4 MB, 6.46 load
[runlim] sample:		288.74 time, 290.01 real, 4 MB, 6.39 load
[runlim] sample:		298.70 time, 300.01 real, 4 MB, 6.33 load
[runlim] sample:		308.66 time, 310.01 real, 4 MB, 6.28 load
[runlim] sample:		318.62 time, 320.01 real, 4 MB, 6.24 load
[runlim] sample:		328.58 time, 330.01 real, 4 MB, 6.20 load
[runlim] sample:		338.54 time, 340.01 real, 4 MB, 6.17 load
[runlim] sample:		348.50 time, 350.01 real, 4 MB, 6.14 load
[runlim] sample:		358.46 time, 360.01 real, 4 MB, 6.12 load
[runlim] sample:		368.41 time, 370.01 real, 4 MB, 6.10 load
[runlim] sample:		378.37 time, 380.01 real, 4 MB, 6.16 load
[runlim] sample:		388.33 time, 390.01 real, 4 MB, 6.14 load
[runlim] sample:		398.29 time, 400.01 real, 4 MB, 6.12 load
[runlim] end:			Sat Mar 14 10:39:25 2026
[runlim] status:		ok
[runlim] result:		0
[runlim] children:		1
[runlim] processes:		2
[runlim] real:			404.71 seconds
[runlim] time:			402.87 seconds
[runlim] space:			4 MB
[runlim] load:			9.22 maximum
[runlim] samples:		4046
