[runlim] version:		2.0.0rc1
[runlim] host:			m07n02
[runlim] time limit:		311040000 seconds
[runlim] real time limit:	5000 seconds
[runlim] space limit:		7000 MB
[runlim] argv[0]:		./binary
[runlim] argv[1]:		-c
[runlim] argv[2]:		-r
[runlim] argv[3]:		/tmp/local-unzipped-12156038-3-166-BMS_k3_n100_m429_182.cnf
[runlim] start:			Sat Mar 14 10:22:53 2026
[runlim] child:			2645113
[runlim] sample:		9.97 time, 10.01 real, 3 MB, 2.37 load
[runlim] sample:		19.93 time, 20.01 real, 3 MB, 3.17 load
[runlim] sample:		29.90 time, 30.01 real, 3 MB, 4.15 load
[runlim] sample:		39.86 time, 40.01 real, 3 MB, 4.82 load
[runlim] sample:		49.83 time, 50.01 real, 3 MB, 5.31 load
[runlim] sample:		59.79 time, 60.01 real, 3 MB, 5.72 load
[runlim] sample:		69.76 time, 70.01 real, 3 MB, 6.07 load
[runlim] sample:		79.72 time, 80.01 real, 3 MB, 6.37 load
[runlim] sample:		89.69 time, 90.01 real, 3 MB, 6.62 load
[runlim] sample:		99.66 time, 100.01 real, 3 MB, 6.75 load
[runlim] sample:		109.63 time, 110.01 real, 3 MB, 6.79 load
[runlim] sample:		119.59 time, 120.01 real, 3 MB, 6.90 load
[runlim] sample:		129.56 time, 130.01 real, 3 MB, 6.92 load
[runlim] end:			Sat Mar 14 10:25:09 2026
[runlim] status:		ok
[runlim] result:		0
[runlim] children:		1
[runlim] processes:		2
[runlim] real:			136.24 seconds
[runlim] time:			135.73 seconds
[runlim] space:			3 MB
[runlim] load:			6.92 maximum
[runlim] samples:		1362
