[runlim] version:		2.0.0rc1
[runlim] host:			o02n17
[runlim] time limit:		311040000 seconds
[runlim] real time limit:	5000 seconds
[runlim] space limit:		7000 MB
[runlim] argv[0]:		./binary
[runlim] argv[1]:		-c
[runlim] argv[2]:		-r
[runlim] argv[3]:		/tmp/local-unzipped-12156038-6-376-BMS_k3_n100_m429_210.cnf
[runlim] start:			Sat Mar 14 10:32:54 2026
[runlim] child:			3450172
[runlim] sample:		9.96 time, 10.01 real, 3 MB, 5.64 load
[runlim] sample:		19.92 time, 20.01 real, 3 MB, 6.47 load
[runlim] sample:		29.88 time, 30.01 real, 3 MB, 7.01 load
[runlim] sample:		39.84 time, 40.01 real, 3 MB, 7.54 load
[runlim] sample:		49.80 time, 50.01 real, 3 MB, 7.92 load
[runlim] sample:		59.76 time, 60.01 real, 3 MB, 8.24 load
[runlim] sample:		69.72 time, 70.01 real, 3 MB, 8.59 load
[runlim] sample:		79.69 time, 80.01 real, 3 MB, 8.81 load
[runlim] sample:		89.65 time, 90.01 real, 3 MB, 8.99 load
[runlim] sample:		99.61 time, 100.01 real, 3 MB, 9.15 load
[runlim] sample:		109.57 time, 110.01 real, 3 MB, 9.20 load
[runlim] sample:		119.54 time, 120.01 real, 3 MB, 9.17 load
[runlim] sample:		129.49 time, 130.01 real, 3 MB, 9.14 load
[runlim] sample:		139.45 time, 140.01 real, 3 MB, 8.97 load
[runlim] sample:		149.41 time, 150.01 real, 3 MB, 8.82 load
[runlim] sample:		159.37 time, 160.01 real, 3 MB, 8.54 load
[runlim] sample:		169.33 time, 170.01 real, 3 MB, 8.30 load
[runlim] sample:		179.29 time, 180.01 real, 3 MB, 8.09 load
[runlim] sample:		189.26 time, 190.01 real, 3 MB, 7.77 load
[runlim] sample:		199.23 time, 200.01 real, 3 MB, 7.50 load
[runlim] sample:		209.19 time, 210.01 real, 3 MB, 7.27 load
[runlim] sample:		219.16 time, 220.01 real, 3 MB, 7.07 load
[runlim] sample:		229.13 time, 230.01 real, 3 MB, 6.91 load
[runlim] sample:		239.10 time, 240.01 real, 3 MB, 6.77 load
[runlim] sample:		249.06 time, 250.01 real, 3 MB, 6.65 load
[runlim] sample:		259.03 time, 260.01 real, 3 MB, 6.55 load
[runlim] sample:		269.00 time, 270.01 real, 3 MB, 6.46 load
[runlim] sample:		278.96 time, 280.01 real, 3 MB, 6.39 load
[runlim] sample:		288.93 time, 290.01 real, 3 MB, 6.33 load
[runlim] sample:		298.90 time, 300.01 real, 3 MB, 6.28 load
[runlim] sample:		308.86 time, 310.01 real, 3 MB, 6.24 load
[runlim] sample:		318.83 time, 320.01 real, 3 MB, 6.20 load
[runlim] sample:		328.80 time, 330.01 real, 3 MB, 6.17 load
[runlim] sample:		338.76 time, 340.01 real, 3 MB, 6.14 load
[runlim] sample:		348.73 time, 350.01 real, 3 MB, 6.12 load
[runlim] sample:		358.70 time, 360.01 real, 3 MB, 6.10 load
[runlim] sample:		368.66 time, 370.01 real, 3 MB, 6.16 load
[runlim] sample:		378.63 time, 380.01 real, 3 MB, 6.14 load
[runlim] sample:		388.60 time, 390.01 real, 3 MB, 6.12 load
[runlim] sample:		398.57 time, 400.01 real, 3 MB, 6.02 load
[runlim] sample:		408.53 time, 410.01 real, 3 MB, 5.86 load
[runlim] sample:		418.50 time, 420.01 real, 3 MB, 5.73 load
[runlim] sample:		428.47 time, 430.01 real, 3 MB, 5.62 load
[runlim] sample:		438.44 time, 440.01 real, 3 MB, 5.52 load
[runlim] sample:		448.41 time, 450.01 real, 3 MB, 5.44 load
[runlim] sample:		458.37 time, 460.01 real, 3 MB, 5.45 load
[runlim] sample:		468.34 time, 470.01 real, 3 MB, 5.38 load
[runlim] sample:		478.31 time, 480.01 real, 3 MB, 5.40 load
[runlim] sample:		488.28 time, 490.01 real, 3 MB, 5.34 load
[runlim] sample:		498.25 time, 500.01 real, 3 MB, 5.28 load
[runlim] sample:		508.22 time, 510.01 real, 3 MB, 5.24 load
[runlim] sample:		518.19 time, 520.01 real, 3 MB, 5.20 load
[runlim] sample:		528.15 time, 530.01 real, 3 MB, 5.17 load
[runlim] sample:		538.12 time, 540.01 real, 3 MB, 5.14 load
[runlim] sample:		548.09 time, 550.01 real, 3 MB, 5.12 load
[runlim] sample:		558.06 time, 560.01 real, 3 MB, 5.10 load
[runlim] sample:		568.03 time, 570.01 real, 3 MB, 5.09 load
[runlim] sample:		578.00 time, 580.01 real, 3 MB, 5.15 load
[runlim] sample:		587.97 time, 590.01 real, 3 MB, 5.13 load
[runlim] sample:		597.93 time, 600.01 real, 3 MB, 5.11 load
[runlim] sample:		607.90 time, 610.01 real, 3 MB, 4.94 load
[runlim] sample:		617.85 time, 620.01 real, 3 MB, 4.79 load
[runlim] sample:		627.81 time, 630.01 real, 3 MB, 4.67 load
[runlim] sample:		637.76 time, 640.01 real, 3 MB, 4.57 load
[runlim] sample:		647.72 time, 650.01 real, 3 MB, 4.48 load
[runlim] sample:		657.68 time, 660.01 real, 3 MB, 4.33 load
[runlim] sample:		667.63 time, 670.01 real, 3 MB, 4.12 load
[runlim] sample:		677.59 time, 680.01 real, 3 MB, 3.95 load
[runlim] sample:		687.55 time, 690.01 real, 3 MB, 3.80 load
[runlim] sample:		697.51 time, 700.01 real, 3 MB, 3.68 load
[runlim] sample:		707.47 time, 710.01 real, 3 MB, 3.57 load
[runlim] sample:		717.43 time, 720.01 real, 3 MB, 3.48 load
[runlim] sample:		727.38 time, 730.01 real, 3 MB, 3.41 load
[runlim] sample:		737.34 time, 740.01 real, 3 MB, 3.35 load
[runlim] sample:		747.30 time, 750.01 real, 3 MB, 3.29 load
[runlim] sample:		757.26 time, 760.01 real, 3 MB, 3.25 load
[runlim] sample:		767.22 time, 770.01 real, 3 MB, 3.21 load
[runlim] sample:		777.17 time, 780.01 real, 3 MB, 3.18 load
[runlim] sample:		787.13 time, 790.01 real, 3 MB, 3.15 load
[runlim] sample:		797.09 time, 800.01 real, 3 MB, 3.12 load
[runlim] sample:		807.05 time, 810.01 real, 3 MB, 3.10 load
[runlim] sample:		817.01 time, 820.01 real, 3 MB, 3.09 load
[runlim] sample:		826.97 time, 830.01 real, 3 MB, 3.07 load
[runlim] sample:		836.93 time, 840.01 real, 3 MB, 3.06 load
[runlim] sample:		846.89 time, 850.01 real, 3 MB, 3.13 load
[runlim] sample:		856.85 time, 860.01 real, 3 MB, 3.11 load
[runlim] sample:		866.80 time, 870.01 real, 3 MB, 3.09 load
[runlim] sample:		876.76 time, 880.01 real, 3 MB, 3.08 load
[runlim] sample:		886.72 time, 890.01 real, 3 MB, 3.07 load
[runlim] sample:		896.68 time, 900.01 real, 3 MB, 3.06 load
[runlim] sample:		906.64 time, 910.01 real, 3 MB, 3.05 load
[runlim] sample:		916.60 time, 920.01 real, 3 MB, 3.04 load
[runlim] sample:		926.56 time, 930.01 real, 3 MB, 3.03 load
[runlim] sample:		936.52 time, 940.01 real, 3 MB, 3.03 load
[runlim] sample:		946.47 time, 950.01 real, 3 MB, 3.02 load
[runlim] sample:		956.43 time, 960.01 real, 3 MB, 3.02 load
[runlim] sample:		966.39 time, 970.01 real, 3 MB, 3.02 load
[runlim] sample:		976.35 time, 980.01 real, 3 MB, 3.09 load
[runlim] sample:		986.31 time, 990.01 real, 3 MB, 3.07 load
[runlim] sample:		996.27 time, 1000.01 real, 3 MB, 3.06 load
[runlim] sample:		1006.23 time, 1010.01 real, 3 MB, 3.05 load
[runlim] sample:		1016.19 time, 1020.01 real, 3 MB, 3.04 load
[runlim] sample:		1026.15 time, 1030.01 real, 3 MB, 3.04 load
[runlim] sample:		1036.11 time, 1040.01 real, 3 MB, 3.03 load
[runlim] sample:		1046.08 time, 1050.01 real, 3 MB, 3.02 load
[runlim] sample:		1056.04 time, 1060.01 real, 3 MB, 3.02 load
[runlim] sample:		1066.00 time, 1070.01 real, 3 MB, 3.02 load
[runlim] sample:		1075.96 time, 1080.01 real, 3 MB, 3.01 load
[runlim] sample:		1085.93 time, 1090.01 real, 3 MB, 3.01 load
[runlim] sample:		1095.89 time, 1100.01 real, 3 MB, 3.01 load
[runlim] sample:		1105.85 time, 1110.01 real, 3 MB, 3.01 load
[runlim] sample:		1115.82 time, 1120.01 real, 3 MB, 3.01 load
[runlim] sample:		1125.78 time, 1130.01 real, 3 MB, 3.00 load
[runlim] sample:		1135.74 time, 1140.01 real, 3 MB, 3.00 load
[runlim] sample:		1145.71 time, 1150.01 real, 3 MB, 3.00 load
[runlim] sample:		1155.67 time, 1160.01 real, 3 MB, 3.00 load
[runlim] sample:		1165.63 time, 1170.01 real, 3 MB, 3.00 load
[runlim] sample:		1175.60 time, 1180.01 real, 3 MB, 3.00 load
[runlim] sample:		1185.56 time, 1190.01 real, 3 MB, 3.00 load
[runlim] sample:		1195.52 time, 1200.01 real, 3 MB, 3.00 load
[runlim] end:			Sat Mar 14 10:52:58 2026
[runlim] status:		ok
[runlim] result:		0
[runlim] children:		1
[runlim] processes:		2
[runlim] real:			1204.22 seconds
[runlim] time:			1199.71 seconds
[runlim] space:			4 MB
[runlim] load:			9.22 maximum
[runlim] samples:		12042
