[runlim] version:		2.0.0rc1
[runlim] host:			p06n23
[runlim] time limit:		311040000 seconds
[runlim] real time limit:	5000 seconds
[runlim] space limit:		7000 MB
[runlim] argv[0]:		./binary
[runlim] argv[1]:		-c
[runlim] argv[2]:		-r
[runlim] argv[3]:		/tmp/local-unzipped-12181362-7-423-BMS_k3_n100_m429_21.cnf
[runlim] start:			Mon Mar 16 17:55:07 2026
[runlim] child:			1280002
[runlim] sample:		9.96 time, 10.01 real, 3 MB, 3.21 load
[runlim] sample:		19.92 time, 20.01 real, 3 MB, 4.34 load
[runlim] sample:		29.88 time, 30.01 real, 3 MB, 5.13 load
[runlim] sample:		39.84 time, 40.01 real, 3 MB, 5.72 load
[runlim] end:			Mon Mar 16 17:55:52 2026
[runlim] status:		ok
[runlim] result:		0
[runlim] children:		1
[runlim] processes:		2
[runlim] real:			45.54 seconds
[runlim] time:			45.32 seconds
[runlim] space:			3 MB
[runlim] load:			5.99 maximum
[runlim] samples:		455
