[runlim] version:		2.0.0rc1
[runlim] host:			m03n05
[runlim] time limit:		311040000 seconds
[runlim] real time limit:	5000 seconds
[runlim] space limit:		7000 MB
[runlim] argv[0]:		./binary
[runlim] argv[1]:		-c
[runlim] argv[2]:		-r
[runlim] argv[3]:		/tmp/local-unzipped-12181362-1-58-BMS_k3_n100_m429_480.cnf
[runlim] start:			Mon Mar 16 17:40:47 2026
[runlim] child:			4182685
[runlim] sample:		9.97 time, 10.01 real, 3 MB, 4.68 load
[runlim] sample:		19.93 time, 20.01 real, 3 MB, 5.04 load
[runlim] sample:		29.90 time, 30.01 real, 3 MB, 5.19 load
[runlim] sample:		39.87 time, 40.01 real, 3 MB, 5.31 load
[runlim] sample:		49.84 time, 50.01 real, 3 MB, 5.42 load
[runlim] sample:		59.80 time, 60.01 real, 3 MB, 5.51 load
[runlim] sample:		69.77 time, 70.01 real, 3 MB, 5.43 load
[runlim] sample:		79.72 time, 80.01 real, 3 MB, 5.21 load
[runlim] sample:		89.68 time, 90.01 real, 3 MB, 5.02 load
[runlim] sample:		99.64 time, 100.01 real, 3 MB, 4.71 load
[runlim] sample:		109.60 time, 110.01 real, 3 MB, 4.45 load
[runlim] sample:		119.57 time, 120.01 real, 3 MB, 4.22 load
[runlim] sample:		129.53 time, 130.01 real, 3 MB, 4.12 load
[runlim] sample:		139.49 time, 140.01 real, 3 MB, 3.94 load
[runlim] sample:		149.45 time, 150.01 real, 3 MB, 3.80 load
[runlim] sample:		159.41 time, 160.01 real, 3 MB, 3.67 load
[runlim] sample:		169.37 time, 170.01 real, 3 MB, 3.57 load
[runlim] sample:		179.33 time, 180.01 real, 3 MB, 3.48 load
[runlim] sample:		189.29 time, 190.01 real, 3 MB, 3.49 load
[runlim] sample:		199.26 time, 200.01 real, 3 MB, 3.41 load
[runlim] sample:		209.22 time, 210.01 real, 3 MB, 3.35 load
[runlim] sample:		219.18 time, 220.01 real, 3 MB, 3.29 load
[runlim] sample:		229.14 time, 230.01 real, 4 MB, 3.25 load
[runlim] sample:		239.10 time, 240.01 real, 4 MB, 3.21 load
[runlim] sample:		249.06 time, 250.01 real, 4 MB, 3.18 load
[runlim] sample:		259.02 time, 260.01 real, 4 MB, 3.30 load
[runlim] sample:		268.98 time, 270.01 real, 4 MB, 3.33 load
[runlim] sample:		278.94 time, 280.01 real, 4 MB, 3.28 load
[runlim] sample:		288.90 time, 290.01 real, 4 MB, 3.24 load
[runlim] sample:		298.86 time, 300.01 real, 4 MB, 3.20 load
[runlim] sample:		308.82 time, 310.01 real, 4 MB, 3.17 load
[runlim] sample:		318.79 time, 320.01 real, 4 MB, 3.14 load
[runlim] sample:		328.74 time, 330.01 real, 4 MB, 3.20 load
[runlim] sample:		338.71 time, 340.01 real, 4 MB, 3.17 load
[runlim] sample:		348.67 time, 350.01 real, 4 MB, 3.14 load
[runlim] sample:		358.63 time, 360.01 real, 4 MB, 2.97 load
[runlim] sample:		368.59 time, 370.01 real, 4 MB, 2.82 load
[runlim] sample:		378.55 time, 380.01 real, 4 MB, 2.77 load
[runlim] sample:		388.51 time, 390.01 real, 4 MB, 2.73 load
[runlim] sample:		398.47 time, 400.01 real, 4 MB, 2.62 load
[runlim] sample:		408.44 time, 410.01 real, 4 MB, 2.52 load
[runlim] sample:		418.40 time, 420.01 real, 4 MB, 2.44 load
[runlim] sample:		428.36 time, 430.01 real, 4 MB, 2.37 load
[runlim] sample:		438.32 time, 440.01 real, 4 MB, 2.23 load
[runlim] sample:		448.29 time, 450.01 real, 4 MB, 2.04 load
[runlim] sample:		458.26 time, 460.01 real, 4 MB, 1.88 load
[runlim] sample:		468.23 time, 470.01 real, 4 MB, 1.83 load
[runlim] sample:		478.20 time, 480.01 real, 4 MB, 1.70 load
[runlim] sample:		488.17 time, 490.01 real, 4 MB, 1.59 load
[runlim] sample:		498.14 time, 500.01 real, 4 MB, 1.50 load
[runlim] sample:		508.11 time, 510.01 real, 4 MB, 1.42 load
[runlim] sample:		518.08 time, 520.01 real, 4 MB, 1.36 load
[runlim] sample:		528.05 time, 530.01 real, 4 MB, 1.38 load
[runlim] sample:		538.02 time, 540.01 real, 4 MB, 1.32 load
[runlim] sample:		548.00 time, 550.01 real, 4 MB, 1.27 load
[runlim] sample:		557.96 time, 560.01 real, 4 MB, 1.23 load
[runlim] sample:		567.93 time, 570.01 real, 4 MB, 1.20 load
[runlim] sample:		577.90 time, 580.01 real, 4 MB, 1.16 load
[runlim] sample:		587.87 time, 590.01 real, 4 MB, 1.22 load
[runlim] sample:		597.84 time, 600.01 real, 4 MB, 1.18 load
[runlim] sample:		607.81 time, 610.01 real, 4 MB, 1.16 load
[runlim] sample:		617.78 time, 620.01 real, 4 MB, 1.13 load
[runlim] sample:		627.75 time, 630.01 real, 4 MB, 1.11 load
[runlim] sample:		637.72 time, 640.01 real, 4 MB, 1.09 load
[runlim] sample:		647.69 time, 650.01 real, 4 MB, 1.08 load
[runlim] sample:		657.66 time, 660.01 real, 4 MB, 1.07 load
[runlim] sample:		667.63 time, 670.01 real, 4 MB, 1.14 load
[runlim] sample:		677.60 time, 680.01 real, 4 MB, 1.11 load
[runlim] sample:		687.57 time, 690.01 real, 4 MB, 1.10 load
[runlim] sample:		697.54 time, 700.01 real, 4 MB, 1.08 load
[runlim] sample:		707.51 time, 710.01 real, 4 MB, 1.07 load
[runlim] sample:		717.49 time, 720.01 real, 4 MB, 1.06 load
[runlim] sample:		727.45 time, 730.01 real, 4 MB, 1.05 load
[runlim] sample:		737.42 time, 740.01 real, 4 MB, 1.04 load
[runlim] sample:		747.39 time, 750.01 real, 4 MB, 1.03 load
[runlim] sample:		757.37 time, 760.01 real, 4 MB, 1.03 load
[runlim] sample:		767.34 time, 770.01 real, 4 MB, 1.02 load
[runlim] sample:		777.31 time, 780.01 real, 4 MB, 1.02 load
[runlim] sample:		787.28 time, 790.01 real, 4 MB, 1.18 load
[runlim] sample:		797.25 time, 800.01 real, 4 MB, 1.15 load
[runlim] sample:		807.22 time, 810.01 real, 4 MB, 1.13 load
[runlim] sample:		817.19 time, 820.01 real, 4 MB, 1.11 load
[runlim] sample:		827.16 time, 830.01 real, 4 MB, 1.09 load
[runlim] sample:		837.13 time, 840.01 real, 4 MB, 1.08 load
[runlim] sample:		847.10 time, 850.01 real, 4 MB, 1.06 load
[runlim] sample:		857.06 time, 860.01 real, 4 MB, 1.05 load
[runlim] sample:		867.03 time, 870.01 real, 4 MB, 1.04 load
[runlim] sample:		877.00 time, 880.01 real, 4 MB, 1.04 load
[runlim] sample:		886.97 time, 890.01 real, 4 MB, 1.03 load
[runlim] sample:		896.95 time, 900.01 real, 4 MB, 1.03 load
[runlim] sample:		906.92 time, 910.01 real, 4 MB, 1.02 load
[runlim] sample:		916.88 time, 920.01 real, 4 MB, 1.24 load
[runlim] sample:		926.85 time, 930.01 real, 4 MB, 1.20 load
[runlim] sample:		936.82 time, 940.01 real, 4 MB, 1.17 load
[runlim] sample:		946.79 time, 950.01 real, 4 MB, 1.14 load
[runlim] sample:		956.76 time, 960.01 real, 4 MB, 1.12 load
[runlim] sample:		966.74 time, 970.01 real, 4 MB, 1.10 load
[runlim] sample:		976.70 time, 980.01 real, 4 MB, 1.17 load
[runlim] sample:		986.67 time, 990.01 real, 4 MB, 1.14 load
[runlim] sample:		996.64 time, 1000.01 real, 4 MB, 1.12 load
[runlim] sample:		1006.61 time, 1010.01 real, 4 MB, 1.10 load
[runlim] sample:		1016.59 time, 1020.01 real, 4 MB, 1.08 load
[runlim] sample:		1026.56 time, 1030.01 real, 4 MB, 1.07 load
[runlim] sample:		1036.52 time, 1040.01 real, 4 MB, 1.06 load
[runlim] sample:		1046.50 time, 1050.01 real, 4 MB, 1.05 load
[runlim] sample:		1056.47 time, 1060.01 real, 4 MB, 1.04 load
[runlim] sample:		1066.44 time, 1070.01 real, 4 MB, 1.04 load
[runlim] sample:		1076.41 time, 1080.01 real, 4 MB, 1.03 load
[runlim] sample:		1086.38 time, 1090.01 real, 4 MB, 1.02 load
[runlim] sample:		1096.35 time, 1100.01 real, 4 MB, 1.10 load
[runlim] sample:		1106.32 time, 1110.01 real, 4 MB, 1.08 load
[runlim] sample:		1116.29 time, 1120.01 real, 4 MB, 1.07 load
[runlim] sample:		1126.26 time, 1130.01 real, 4 MB, 1.06 load
[runlim] sample:		1136.23 time, 1140.01 real, 4 MB, 1.13 load
[runlim] sample:		1146.20 time, 1150.01 real, 4 MB, 1.11 load
[runlim] sample:		1156.17 time, 1160.01 real, 4 MB, 1.09 load
[runlim] sample:		1166.14 time, 1170.01 real, 4 MB, 1.16 load
[runlim] sample:		1176.10 time, 1180.01 real, 4 MB, 1.21 load
[runlim] sample:		1186.07 time, 1190.01 real, 4 MB, 1.17 load
[runlim] sample:		1196.04 time, 1200.01 real, 4 MB, 1.15 load
[runlim] sample:		1206.01 time, 1210.01 real, 4 MB, 1.12 load
[runlim] sample:		1215.98 time, 1220.01 real, 4 MB, 1.10 load
[runlim] sample:		1225.95 time, 1230.01 real, 4 MB, 1.09 load
[runlim] sample:		1235.92 time, 1240.01 real, 4 MB, 1.07 load
[runlim] sample:		1245.89 time, 1250.01 real, 4 MB, 1.06 load
[runlim] sample:		1255.86 time, 1260.01 real, 4 MB, 1.05 load
[runlim] sample:		1265.83 time, 1270.01 real, 4 MB, 1.04 load
[runlim] sample:		1275.80 time, 1280.01 real, 4 MB, 1.04 load
[runlim] sample:		1285.77 time, 1290.01 real, 4 MB, 1.10 load
[runlim] sample:		1295.74 time, 1300.01 real, 4 MB, 1.09 load
[runlim] sample:		1305.71 time, 1310.01 real, 4 MB, 1.07 load
[runlim] sample:		1315.68 time, 1320.01 real, 4 MB, 1.06 load
[runlim] sample:		1325.65 time, 1330.01 real, 4 MB, 1.05 load
[runlim] sample:		1335.62 time, 1340.01 real, 4 MB, 1.04 load
[runlim] sample:		1345.59 time, 1350.01 real, 4 MB, 1.04 load
[runlim] sample:		1355.55 time, 1360.01 real, 4 MB, 1.03 load
[runlim] sample:		1365.52 time, 1370.01 real, 4 MB, 1.11 load
[runlim] sample:		1375.49 time, 1380.01 real, 4 MB, 1.09 load
[runlim] sample:		1385.46 time, 1390.01 real, 4 MB, 1.07 load
[runlim] sample:		1395.43 time, 1400.01 real, 4 MB, 1.06 load
[runlim] sample:		1405.40 time, 1410.01 real, 4 MB, 1.05 load
[runlim] sample:		1415.37 time, 1420.01 real, 4 MB, 1.04 load
[runlim] sample:		1425.34 time, 1430.01 real, 4 MB, 1.04 load
[runlim] sample:		1435.31 time, 1440.01 real, 4 MB, 1.03 load
[runlim] sample:		1445.28 time, 1450.01 real, 4 MB, 1.03 load
[runlim] sample:		1455.25 time, 1460.01 real, 4 MB, 1.10 load
[runlim] sample:		1465.23 time, 1470.01 real, 4 MB, 1.08 load
[runlim] sample:		1475.20 time, 1480.01 real, 4 MB, 1.07 load
[runlim] sample:		1485.16 time, 1490.01 real, 4 MB, 1.06 load
[runlim] sample:		1495.14 time, 1500.01 real, 4 MB, 1.05 load
[runlim] sample:		1505.11 time, 1510.01 real, 4 MB, 1.04 load
[runlim] sample:		1515.08 time, 1520.01 real, 4 MB, 1.03 load
[runlim] sample:		1525.05 time, 1530.01 real, 4 MB, 1.03 load
[runlim] sample:		1535.02 time, 1540.01 real, 4 MB, 1.02 load
[runlim] sample:		1544.99 time, 1550.01 real, 4 MB, 1.02 load
[runlim] sample:		1554.96 time, 1560.01 real, 4 MB, 1.02 load
[runlim] sample:		1564.93 time, 1570.01 real, 4 MB, 1.01 load
[runlim] sample:		1574.89 time, 1580.01 real, 4 MB, 1.08 load
[runlim] sample:		1584.86 time, 1590.01 real, 4 MB, 1.07 load
[runlim] sample:		1594.83 time, 1600.01 real, 4 MB, 1.06 load
[runlim] sample:		1604.80 time, 1610.01 real, 4 MB, 1.13 load
[runlim] sample:		1614.77 time, 1620.01 real, 4 MB, 1.11 load
[runlim] sample:		1624.74 time, 1630.01 real, 4 MB, 1.09 load
[runlim] sample:		1634.71 time, 1640.01 real, 4 MB, 1.15 load
[runlim] sample:		1644.68 time, 1650.01 real, 4 MB, 1.13 load
[runlim] sample:		1654.65 time, 1660.01 real, 4 MB, 1.11 load
[runlim] sample:		1664.62 time, 1670.01 real, 4 MB, 1.09 load
[runlim] sample:		1674.59 time, 1680.01 real, 4 MB, 1.08 load
[runlim] sample:		1684.56 time, 1690.01 real, 4 MB, 1.06 load
[runlim] sample:		1694.53 time, 1700.01 real, 4 MB, 1.13 load
[runlim] sample:		1704.50 time, 1710.01 real, 4 MB, 1.11 load
[runlim] sample:		1714.47 time, 1720.01 real, 4 MB, 1.09 load
[runlim] sample:		1724.44 time, 1730.01 real, 4 MB, 1.08 load
[runlim] sample:		1734.41 time, 1740.01 real, 4 MB, 1.06 load
[runlim] sample:		1744.38 time, 1750.01 real, 4 MB, 1.05 load
[runlim] sample:		1754.35 time, 1760.01 real, 4 MB, 1.05 load
[runlim] sample:		1764.32 time, 1770.01 real, 4 MB, 1.04 load
[runlim] sample:		1774.28 time, 1780.01 real, 4 MB, 1.11 load
[runlim] sample:		1784.25 time, 1790.01 real, 4 MB, 1.09 load
[runlim] sample:		1794.23 time, 1800.01 real, 4 MB, 1.08 load
[runlim] sample:		1804.19 time, 1810.01 real, 4 MB, 1.06 load
[runlim] sample:		1814.16 time, 1820.01 real, 4 MB, 1.05 load
[runlim] sample:		1824.13 time, 1830.01 real, 4 MB, 1.04 load
[runlim] sample:		1834.10 time, 1840.01 real, 4 MB, 1.11 load
[runlim] sample:		1844.07 time, 1850.01 real, 4 MB, 1.09 load
[runlim] sample:		1854.04 time, 1860.01 real, 4 MB, 1.08 load
[runlim] sample:		1864.01 time, 1870.01 real, 4 MB, 1.07 load
[runlim] sample:		1873.98 time, 1880.01 real, 4 MB, 1.14 load
[runlim] sample:		1883.95 time, 1890.01 real, 4 MB, 1.11 load
[runlim] sample:		1893.91 time, 1900.01 real, 4 MB, 1.17 load
[runlim] sample:		1903.88 time, 1910.01 real, 4 MB, 1.14 load
[runlim] sample:		1913.85 time, 1920.01 real, 4 MB, 1.12 load
[runlim] sample:		1923.82 time, 1930.01 real, 4 MB, 1.10 load
[runlim] sample:		1933.79 time, 1940.01 real, 4 MB, 1.09 load
[runlim] sample:		1943.76 time, 1950.01 real, 4 MB, 1.07 load
[runlim] sample:		1953.73 time, 1960.01 real, 4 MB, 1.06 load
[runlim] sample:		1963.70 time, 1970.01 real, 4 MB, 1.05 load
[runlim] sample:		1973.67 time, 1980.01 real, 4 MB, 1.12 load
[runlim] sample:		1983.64 time, 1990.01 real, 4 MB, 1.10 load
[runlim] sample:		1993.61 time, 2000.01 real, 4 MB, 1.08 load
[runlim] sample:		2003.58 time, 2010.01 real, 4 MB, 1.07 load
[runlim] sample:		2013.55 time, 2020.01 real, 4 MB, 1.06 load
[runlim] sample:		2023.52 time, 2030.01 real, 4 MB, 1.12 load
[runlim] sample:		2033.49 time, 2040.01 real, 4 MB, 1.18 load
[runlim] sample:		2043.46 time, 2050.01 real, 4 MB, 1.15 load
[runlim] sample:		2053.42 time, 2060.01 real, 4 MB, 1.13 load
[runlim] sample:		2063.39 time, 2070.01 real, 4 MB, 1.11 load
[runlim] sample:		2073.36 time, 2080.01 real, 4 MB, 1.09 load
[runlim] sample:		2083.33 time, 2090.01 real, 4 MB, 1.08 load
[runlim] sample:		2093.29 time, 2100.01 real, 4 MB, 1.21 load
[runlim] sample:		2103.26 time, 2110.01 real, 4 MB, 1.18 load
[runlim] sample:		2113.23 time, 2120.01 real, 4 MB, 1.15 load
[runlim] sample:		2123.20 time, 2130.01 real, 4 MB, 1.13 load
[runlim] sample:		2133.17 time, 2140.01 real, 4 MB, 1.11 load
[runlim] sample:		2143.14 time, 2150.01 real, 4 MB, 1.09 load
[runlim] sample:		2153.11 time, 2160.01 real, 4 MB, 1.08 load
[runlim] sample:		2163.08 time, 2170.01 real, 4 MB, 1.06 load
[runlim] sample:		2173.05 time, 2180.01 real, 4 MB, 1.13 load
[runlim] sample:		2183.02 time, 2190.01 real, 4 MB, 1.11 load
[runlim] sample:		2192.99 time, 2200.01 real, 4 MB, 1.09 load
[runlim] sample:		2202.96 time, 2210.01 real, 4 MB, 1.08 load
[runlim] sample:		2212.93 time, 2220.01 real, 4 MB, 1.06 load
[runlim] sample:		2222.90 time, 2230.01 real, 4 MB, 1.05 load
[runlim] sample:		2232.87 time, 2240.01 real, 4 MB, 1.12 load
[runlim] sample:		2242.84 time, 2250.01 real, 4 MB, 1.10 load
[runlim] sample:		2252.81 time, 2260.01 real, 4 MB, 1.08 load
[runlim] sample:		2262.78 time, 2270.01 real, 4 MB, 1.07 load
[runlim] sample:		2272.75 time, 2280.01 real, 4 MB, 1.06 load
[runlim] sample:		2282.72 time, 2290.01 real, 4 MB, 1.05 load
[runlim] sample:		2292.68 time, 2300.01 real, 4 MB, 1.12 load
[runlim] sample:		2302.66 time, 2310.01 real, 4 MB, 1.10 load
[runlim] sample:		2312.63 time, 2320.01 real, 4 MB, 1.16 load
[runlim] sample:		2322.60 time, 2330.01 real, 4 MB, 1.13 load
[runlim] sample:		2332.57 time, 2340.01 real, 4 MB, 1.11 load
[runlim] sample:		2342.54 time, 2350.01 real, 4 MB, 1.09 load
[runlim] sample:		2352.51 time, 2360.01 real, 4 MB, 1.08 load
[runlim] sample:		2362.48 time, 2370.01 real, 4 MB, 1.07 load
[runlim] sample:		2372.45 time, 2380.01 real, 4 MB, 1.13 load
[runlim] sample:		2382.42 time, 2390.01 real, 4 MB, 1.11 load
[runlim] sample:		2392.39 time, 2400.01 real, 4 MB, 1.09 load
[runlim] sample:		2402.36 time, 2410.01 real, 4 MB, 1.08 load
[runlim] sample:		2412.33 time, 2420.01 real, 4 MB, 1.21 load
[runlim] sample:		2422.30 time, 2430.01 real, 4 MB, 1.18 load
[runlim] sample:		2432.27 time, 2440.01 real, 4 MB, 1.23 load
[runlim] sample:		2442.24 time, 2450.01 real, 4 MB, 1.19 load
[runlim] sample:		2452.21 time, 2460.01 real, 4 MB, 1.16 load
[runlim] sample:		2462.18 time, 2470.01 real, 4 MB, 1.21 load
[runlim] sample:		2472.15 time, 2480.01 real, 4 MB, 1.18 load
[runlim] sample:		2482.12 time, 2490.01 real, 4 MB, 1.15 load
[runlim] sample:		2492.09 time, 2500.01 real, 4 MB, 1.13 load
[runlim] sample:		2502.06 time, 2510.01 real, 4 MB, 1.11 load
[runlim] sample:		2512.03 time, 2520.01 real, 4 MB, 1.09 load
[runlim] sample:		2522.00 time, 2530.01 real, 4 MB, 1.08 load
[runlim] sample:		2531.97 time, 2540.01 real, 4 MB, 1.06 load
[runlim] sample:		2541.94 time, 2550.01 real, 4 MB, 1.05 load
[runlim] sample:		2551.91 time, 2560.01 real, 4 MB, 1.04 load
[runlim] sample:		2561.88 time, 2570.01 real, 4 MB, 1.04 load
[runlim] sample:		2571.85 time, 2580.01 real, 4 MB, 1.03 load
[runlim] sample:		2581.82 time, 2590.01 real, 4 MB, 1.03 load
[runlim] sample:		2591.79 time, 2600.01 real, 4 MB, 1.02 load
[runlim] sample:		2601.76 time, 2610.01 real, 4 MB, 1.02 load
[runlim] sample:		2611.73 time, 2620.01 real, 4 MB, 1.01 load
[runlim] sample:		2621.70 time, 2630.01 real, 4 MB, 1.01 load
[runlim] sample:		2631.67 time, 2640.01 real, 4 MB, 1.08 load
[runlim] sample:		2641.64 time, 2650.01 real, 4 MB, 1.07 load
[runlim] sample:		2651.61 time, 2660.01 real, 4 MB, 1.06 load
[runlim] sample:		2661.58 time, 2670.01 real, 4 MB, 1.05 load
[runlim] sample:		2671.55 time, 2680.01 real, 4 MB, 1.04 load
[runlim] sample:		2681.52 time, 2690.01 real, 4 MB, 1.03 load
[runlim] sample:		2691.49 time, 2700.01 real, 4 MB, 1.10 load
[runlim] sample:		2701.46 time, 2710.01 real, 4 MB, 1.09 load
[runlim] sample:		2711.43 time, 2720.01 real, 4 MB, 1.07 load
[runlim] sample:		2721.40 time, 2730.01 real, 4 MB, 1.06 load
[runlim] sample:		2731.37 time, 2740.01 real, 4 MB, 1.05 load
[runlim] sample:		2741.34 time, 2750.01 real, 4 MB, 1.04 load
[runlim] sample:		2751.31 time, 2760.01 real, 4 MB, 1.04 load
[runlim] sample:		2761.28 time, 2770.01 real, 4 MB, 1.03 load
[runlim] sample:		2771.25 time, 2780.01 real, 4 MB, 1.10 load
[runlim] sample:		2781.22 time, 2790.01 real, 4 MB, 1.08 load
[runlim] sample:		2791.19 time, 2800.01 real, 4 MB, 1.07 load
[runlim] sample:		2801.16 time, 2810.01 real, 4 MB, 1.06 load
[runlim] sample:		2811.13 time, 2820.01 real, 4 MB, 1.05 load
[runlim] sample:		2821.10 time, 2830.01 real, 4 MB, 1.04 load
[runlim] sample:		2831.07 time, 2840.01 real, 4 MB, 1.11 load
[runlim] sample:		2841.04 time, 2850.01 real, 4 MB, 1.09 load
[runlim] sample:		2851.01 time, 2860.01 real, 4 MB, 1.08 load
[runlim] sample:		2860.98 time, 2870.01 real, 4 MB, 1.06 load
[runlim] sample:		2870.95 time, 2880.01 real, 4 MB, 1.05 load
[runlim] sample:		2880.92 time, 2890.01 real, 4 MB, 1.05 load
[runlim] sample:		2890.89 time, 2900.01 real, 4 MB, 1.19 load
[runlim] sample:		2900.86 time, 2910.01 real, 4 MB, 1.16 load
[runlim] sample:		2910.83 time, 2920.01 real, 4 MB, 1.13 load
[runlim] sample:		2920.80 time, 2930.01 real, 4 MB, 1.11 load
[runlim] sample:		2930.77 time, 2940.01 real, 4 MB, 1.09 load
[runlim] sample:		2940.74 time, 2950.01 real, 4 MB, 1.08 load
[runlim] sample:		2950.71 time, 2960.01 real, 4 MB, 1.07 load
[runlim] sample:		2960.68 time, 2970.01 real, 4 MB, 1.06 load
[runlim] sample:		2970.64 time, 2980.01 real, 4 MB, 1.13 load
[runlim] sample:		2980.61 time, 2990.01 real, 4 MB, 1.11 load
[runlim] sample:		2990.58 time, 3000.01 real, 4 MB, 1.09 load
[runlim] sample:		3000.55 time, 3010.01 real, 4 MB, 1.24 load
[runlim] sample:		3010.52 time, 3020.01 real, 4 MB, 1.20 load
[runlim] sample:		3020.49 time, 3030.01 real, 4 MB, 1.25 load
[runlim] sample:		3030.46 time, 3040.01 real, 4 MB, 1.21 load
[runlim] sample:		3040.43 time, 3050.01 real, 4 MB, 1.18 load
[runlim] sample:		3050.40 time, 3060.01 real, 4 MB, 1.15 load
[runlim] sample:		3060.37 time, 3070.01 real, 4 MB, 1.13 load
[runlim] sample:		3070.34 time, 3080.01 real, 4 MB, 1.11 load
[runlim] sample:		3080.31 time, 3090.01 real, 4 MB, 1.17 load
[runlim] sample:		3090.28 time, 3100.01 real, 4 MB, 1.14 load
[runlim] sample:		3100.25 time, 3110.01 real, 4 MB, 1.12 load
[runlim] sample:		3110.22 time, 3120.01 real, 4 MB, 1.10 load
[runlim] sample:		3120.19 time, 3130.01 real, 4 MB, 1.09 load
[runlim] sample:		3130.16 time, 3140.01 real, 4 MB, 1.07 load
[runlim] sample:		3140.12 time, 3150.01 real, 4 MB, 1.14 load
[runlim] sample:		3150.09 time, 3160.01 real, 4 MB, 1.12 load
[runlim] sample:		3160.06 time, 3170.01 real, 4 MB, 1.17 load
[runlim] sample:		3170.03 time, 3180.01 real, 4 MB, 1.15 load
[runlim] sample:		3180.00 time, 3190.01 real, 4 MB, 1.12 load
[runlim] sample:		3189.97 time, 3200.01 real, 4 MB, 1.10 load
[runlim] sample:		3199.94 time, 3210.01 real, 4 MB, 1.17 load
[runlim] sample:		3209.91 time, 3220.01 real, 4 MB, 1.14 load
[runlim] sample:		3219.88 time, 3230.01 real, 4 MB, 1.12 load
[runlim] sample:		3229.86 time, 3240.01 real, 4 MB, 1.10 load
[runlim] sample:		3239.83 time, 3250.01 real, 4 MB, 1.08 load
[runlim] sample:		3249.80 time, 3260.01 real, 4 MB, 1.07 load
[runlim] sample:		3259.77 time, 3270.01 real, 4 MB, 1.06 load
[runlim] sample:		3269.73 time, 3280.01 real, 4 MB, 1.05 load
[runlim] sample:		3279.70 time, 3290.01 real, 4 MB, 1.04 load
[runlim] sample:		3289.67 time, 3300.01 real, 4 MB, 1.04 load
[runlim] sample:		3299.64 time, 3310.01 real, 4 MB, 1.03 load
[runlim] sample:		3309.61 time, 3320.01 real, 4 MB, 1.02 load
[runlim] sample:		3319.58 time, 3330.01 real, 4 MB, 1.02 load
[runlim] sample:		3329.55 time, 3340.01 real, 4 MB, 1.09 load
[runlim] sample:		3339.52 time, 3350.01 real, 4 MB, 1.15 load
[runlim] sample:		3349.49 time, 3360.01 real, 4 MB, 1.13 load
[runlim] sample:		3359.46 time, 3370.01 real, 4 MB, 1.11 load
[runlim] sample:		3369.43 time, 3380.01 real, 4 MB, 1.09 load
[runlim] sample:		3379.40 time, 3390.01 real, 4 MB, 1.08 load
[runlim] sample:		3389.37 time, 3400.01 real, 4 MB, 1.14 load
[runlim] sample:		3399.34 time, 3410.01 real, 4 MB, 1.12 load
[runlim] sample:		3409.31 time, 3420.01 real, 4 MB, 1.10 load
[runlim] sample:		3419.28 time, 3430.01 real, 4 MB, 1.08 load
[runlim] sample:		3429.25 time, 3440.01 real, 4 MB, 1.07 load
[runlim] sample:		3439.22 time, 3450.01 real, 4 MB, 1.06 load
[runlim] sample:		3449.19 time, 3460.01 real, 4 MB, 1.12 load
[runlim] sample:		3459.16 time, 3470.01 real, 4 MB, 1.10 load
[runlim] sample:		3469.13 time, 3480.01 real, 4 MB, 1.09 load
[runlim] sample:		3479.10 time, 3490.01 real, 4 MB, 1.07 load
[runlim] sample:		3489.07 time, 3500.01 real, 4 MB, 1.06 load
[runlim] sample:		3499.04 time, 3510.01 real, 4 MB, 1.05 load
[runlim] sample:		3509.01 time, 3520.01 real, 4 MB, 1.04 load
[runlim] sample:		3518.98 time, 3530.01 real, 4 MB, 1.04 load
[runlim] sample:		3528.95 time, 3540.01 real, 4 MB, 1.03 load
[runlim] sample:		3538.92 time, 3550.01 real, 4 MB, 1.02 load
[runlim] sample:		3548.89 time, 3560.01 real, 4 MB, 1.02 load
[runlim] sample:		3558.86 time, 3570.01 real, 4 MB, 1.02 load
[runlim] sample:		3568.83 time, 3580.01 real, 4 MB, 1.01 load
[runlim] sample:		3578.80 time, 3590.01 real, 4 MB, 1.01 load
[runlim] sample:		3588.77 time, 3600.01 real, 4 MB, 1.01 load
[runlim] sample:		3598.74 time, 3610.01 real, 4 MB, 1.25 load
[runlim] sample:		3608.71 time, 3620.01 real, 4 MB, 1.21 load
[runlim] sample:		3618.68 time, 3630.01 real, 4 MB, 1.18 load
[runlim] sample:		3628.65 time, 3640.01 real, 4 MB, 1.15 load
[runlim] sample:		3638.62 time, 3650.01 real, 4 MB, 1.13 load
[runlim] sample:		3648.59 time, 3660.01 real, 4 MB, 1.11 load
[runlim] sample:		3658.56 time, 3670.01 real, 4 MB, 1.09 load
[runlim] sample:		3668.53 time, 3680.01 real, 4 MB, 1.08 load
[runlim] sample:		3678.50 time, 3690.01 real, 4 MB, 1.06 load
[runlim] sample:		3688.47 time, 3700.01 real, 4 MB, 1.05 load
[runlim] sample:		3698.44 time, 3710.01 real, 4 MB, 1.04 load
[runlim] sample:		3708.41 time, 3720.01 real, 4 MB, 1.04 load
[runlim] sample:		3718.38 time, 3730.01 real, 4 MB, 1.03 load
[runlim] sample:		3728.35 time, 3740.01 real, 4 MB, 1.03 load
[runlim] sample:		3738.32 time, 3750.01 real, 4 MB, 1.02 load
[runlim] sample:		3748.29 time, 3760.01 real, 4 MB, 1.02 load
[runlim] sample:		3758.26 time, 3770.01 real, 4 MB, 1.01 load
[runlim] sample:		3768.23 time, 3780.01 real, 4 MB, 1.01 load
[runlim] sample:		3778.21 time, 3790.01 real, 4 MB, 1.01 load
[runlim] sample:		3788.17 time, 3800.01 real, 4 MB, 1.01 load
[runlim] sample:		3798.14 time, 3810.01 real, 4 MB, 1.01 load
[runlim] sample:		3808.11 time, 3820.01 real, 4 MB, 1.00 load
[runlim] sample:		3818.09 time, 3830.01 real, 4 MB, 1.00 load
[runlim] sample:		3828.06 time, 3840.01 real, 4 MB, 1.00 load
[runlim] sample:		3838.03 time, 3850.01 real, 4 MB, 1.00 load
[runlim] sample:		3848.00 time, 3860.01 real, 4 MB, 1.00 load
[runlim] sample:		3857.97 time, 3870.01 real, 4 MB, 1.00 load
[runlim] sample:		3867.93 time, 3880.01 real, 4 MB, 1.16 load
[runlim] sample:		3877.91 time, 3890.01 real, 4 MB, 1.13 load
[runlim] sample:		3887.88 time, 3900.01 real, 4 MB, 1.11 load
[runlim] sample:		3897.85 time, 3910.01 real, 4 MB, 1.10 load
[runlim] sample:		3907.82 time, 3920.01 real, 4 MB, 1.08 load
[runlim] sample:		3917.79 time, 3930.01 real, 4 MB, 1.07 load
[runlim] sample:		3927.76 time, 3940.01 real, 4 MB, 1.06 load
[runlim] sample:		3937.73 time, 3950.01 real, 4 MB, 1.05 load
[runlim] sample:		3947.70 time, 3960.01 real, 4 MB, 1.04 load
[runlim] sample:		3957.67 time, 3970.01 real, 4 MB, 1.03 load
[runlim] sample:		3967.64 time, 3980.01 real, 4 MB, 1.03 load
[runlim] sample:		3977.62 time, 3990.01 real, 4 MB, 1.02 load
[runlim] sample:		3987.58 time, 4000.01 real, 4 MB, 1.02 load
[runlim] sample:		3997.56 time, 4010.01 real, 4 MB, 1.02 load
[runlim] sample:		4007.53 time, 4020.01 real, 4 MB, 1.01 load
[runlim] sample:		4017.50 time, 4030.01 real, 4 MB, 1.01 load
[runlim] sample:		4027.47 time, 4040.01 real, 4 MB, 1.01 load
[runlim] sample:		4037.44 time, 4050.01 real, 4 MB, 1.01 load
[runlim] sample:		4047.41 time, 4060.01 real, 4 MB, 1.00 load
[runlim] sample:		4057.38 time, 4070.01 real, 4 MB, 1.00 load
[runlim] sample:		4067.35 time, 4080.01 real, 4 MB, 1.00 load
[runlim] sample:		4077.32 time, 4090.01 real, 4 MB, 1.00 load
[runlim] sample:		4087.29 time, 4100.01 real, 4 MB, 1.00 load
[runlim] sample:		4097.27 time, 4110.01 real, 4 MB, 1.00 load
[runlim] sample:		4107.24 time, 4120.01 real, 4 MB, 1.00 load
[runlim] sample:		4117.21 time, 4130.01 real, 4 MB, 1.00 load
[runlim] sample:		4127.18 time, 4140.01 real, 4 MB, 1.07 load
[runlim] sample:		4137.15 time, 4150.01 real, 4 MB, 1.06 load
[runlim] sample:		4147.12 time, 4160.01 real, 4 MB, 1.05 load
[runlim] sample:		4157.09 time, 4170.01 real, 4 MB, 1.04 load
[runlim] sample:		4167.06 time, 4180.01 real, 4 MB, 1.04 load
[runlim] sample:		4177.04 time, 4190.01 real, 4 MB, 1.03 load
[runlim] sample:		4187.00 time, 4200.01 real, 4 MB, 1.10 load
[runlim] sample:		4196.97 time, 4210.01 real, 4 MB, 1.16 load
[runlim] sample:		4206.94 time, 4220.01 real, 4 MB, 1.14 load
[runlim] sample:		4216.92 time, 4230.01 real, 4 MB, 1.12 load
[runlim] sample:		4226.89 time, 4240.01 real, 4 MB, 1.10 load
[runlim] sample:		4236.86 time, 4250.01 real, 4 MB, 1.08 load
[runlim] sample:		4246.83 time, 4260.01 real, 4 MB, 1.07 load
[runlim] sample:		4256.80 time, 4270.01 real, 4 MB, 1.06 load
[runlim] sample:		4266.77 time, 4280.01 real, 4 MB, 1.05 load
[runlim] sample:		4276.74 time, 4290.01 real, 4 MB, 1.04 load
[runlim] sample:		4286.71 time, 4300.01 real, 4 MB, 1.03 load
[runlim] sample:		4296.69 time, 4310.01 real, 4 MB, 1.03 load
[runlim] sample:		4306.66 time, 4320.01 real, 4 MB, 1.02 load
[runlim] sample:		4316.63 time, 4330.01 real, 4 MB, 1.02 load
[runlim] sample:		4326.60 time, 4340.01 real, 4 MB, 1.09 load
[runlim] sample:		4336.57 time, 4350.01 real, 4 MB, 1.08 load
[runlim] sample:		4346.54 time, 4360.01 real, 4 MB, 1.06 load
[runlim] sample:		4356.51 time, 4370.01 real, 4 MB, 1.05 load
[runlim] sample:		4366.49 time, 4380.01 real, 4 MB, 1.12 load
[runlim] end:			Mon Mar 16 18:53:48 2026
[runlim] status:		ok
[runlim] result:		0
[runlim] children:		1
[runlim] processes:		2
[runlim] real:			4380.77 seconds
[runlim] time:			4367.18 seconds
[runlim] space:			4 MB
[runlim] load:			5.51 maximum
[runlim] samples:		43807
