[runlim] version:		2.0.0rc1
[runlim] host:			m10n06
[runlim] time limit:		311040000 seconds
[runlim] real time limit:	5000 seconds
[runlim] space limit:		7000 MB
[runlim] argv[0]:		./binary
[runlim] argv[1]:		-c
[runlim] argv[2]:		-r
[runlim] argv[3]:		/tmp/local-unzipped-12181362-4-204-BMS_k3_n100_m429_220.cnf
[runlim] start:			Mon Mar 16 17:49:46 2026
[runlim] child:			1403426
[runlim] end:			Mon Mar 16 17:49:47 2026
[runlim] status:		ok
[runlim] result:		0
[runlim] children:		1
[runlim] processes:		2
[runlim] real:			1.03 seconds
[runlim] time:			1.00 seconds
[runlim] space:			4 MB
[runlim] load:			0.47 maximum
[runlim] samples:		10
