[runlim] version:		2.0.0rc1
[runlim] host:			m03n05
[runlim] time limit:		311040000 seconds
[runlim] real time limit:	5000 seconds
[runlim] space limit:		7000 MB
[runlim] argv[0]:		./binary
[runlim] argv[1]:		-c
[runlim] argv[2]:		-r
[runlim] argv[3]:		/tmp/local-unzipped-12181362-1-21-BMS_k3_n100_m429_51.cnf
[runlim] start:			Mon Mar 16 17:40:10 2026
[runlim] child:			4181259
[runlim] sample:		9.97 time, 10.01 real, 4 MB, 4.48 load
[runlim] sample:		19.93 time, 20.01 real, 4 MB, 4.33 load
[runlim] end:			Mon Mar 16 17:40:38 2026
[runlim] status:		ok
[runlim] result:		0
[runlim] children:		1
[runlim] processes:		2
[runlim] real:			27.75 seconds
[runlim] time:			27.61 seconds
[runlim] space:			4 MB
[runlim] load:			4.52 maximum
[runlim] samples:		277
