[runlim] version:		2.0.0rc1
[runlim] host:			p07n19
[runlim] time limit:		311040000 seconds
[runlim] real time limit:	5000 seconds
[runlim] space limit:		7000 MB
[runlim] argv[0]:		./binary
[runlim] argv[1]:		-c
[runlim] argv[2]:		-r
[runlim] argv[3]:		/tmp/local-unzipped-12181362-3-180-BMS_k3_n100_m429_28.cnf
[runlim] start:			Mon Mar 16 17:43:09 2026
[runlim] child:			642354
[runlim] sample:		9.96 time, 10.01 real, 3 MB, 2.86 load
[runlim] sample:		19.92 time, 20.01 real, 3 MB, 3.65 load
[runlim] sample:		29.88 time, 30.01 real, 3 MB, 4.32 load
[runlim] sample:		39.84 time, 40.01 real, 3 MB, 4.97 load
[runlim] sample:		49.80 time, 50.01 real, 3 MB, 5.43 load
[runlim] sample:		59.76 time, 60.01 real, 3 MB, 5.52 load
[runlim] sample:		69.73 time, 70.01 real, 3 MB, 5.52 load
[runlim] sample:		79.69 time, 80.01 real, 3 MB, 5.44 load
[runlim] sample:		89.66 time, 90.01 real, 3 MB, 5.37 load
[runlim] sample:		99.62 time, 100.01 real, 3 MB, 5.31 load
[runlim] sample:		109.59 time, 110.01 real, 3 MB, 5.26 load
[runlim] sample:		119.55 time, 120.01 real, 3 MB, 5.22 load
[runlim] sample:		129.52 time, 130.01 real, 3 MB, 5.19 load
[runlim] sample:		139.48 time, 140.01 real, 3 MB, 5.16 load
[runlim] sample:		149.45 time, 150.01 real, 3 MB, 5.05 load
[runlim] sample:		159.42 time, 160.01 real, 4 MB, 4.89 load
[runlim] sample:		169.38 time, 170.01 real, 4 MB, 4.90 load
[runlim] sample:		179.35 time, 180.01 real, 4 MB, 4.76 load
[runlim] sample:		189.31 time, 190.01 real, 4 MB, 4.64 load
[runlim] sample:		199.28 time, 200.01 real, 4 MB, 4.55 load
[runlim] sample:		209.25 time, 210.01 real, 4 MB, 4.46 load
[runlim] sample:		219.21 time, 220.01 real, 4 MB, 4.39 load
[runlim] sample:		229.18 time, 230.01 real, 4 MB, 4.33 load
[runlim] sample:		239.15 time, 240.01 real, 4 MB, 4.28 load
[runlim] sample:		249.11 time, 250.01 real, 4 MB, 4.24 load
[runlim] sample:		259.08 time, 260.01 real, 4 MB, 4.20 load
[runlim] sample:		269.05 time, 270.01 real, 4 MB, 4.17 load
[runlim] sample:		279.01 time, 280.01 real, 4 MB, 4.06 load
[runlim] sample:		288.98 time, 290.01 real, 4 MB, 3.90 load
[runlim] sample:		298.95 time, 300.01 real, 4 MB, 3.76 load
[runlim] sample:		308.92 time, 310.01 real, 4 MB, 3.64 load
[runlim] sample:		318.89 time, 320.01 real, 4 MB, 3.54 load
[runlim] sample:		328.86 time, 330.01 real, 4 MB, 3.46 load
[runlim] sample:		338.83 time, 340.01 real, 4 MB, 3.39 load
[runlim] sample:		348.80 time, 350.01 real, 4 MB, 3.33 load
[runlim] sample:		358.77 time, 360.01 real, 4 MB, 3.28 load
[runlim] sample:		368.73 time, 370.01 real, 4 MB, 3.23 load
[runlim] sample:		378.70 time, 380.01 real, 4 MB, 3.27 load
[runlim] sample:		388.67 time, 390.01 real, 4 MB, 3.23 load
[runlim] end:			Mon Mar 16 17:49:42 2026
[runlim] status:		ok
[runlim] result:		0
[runlim] children:		1
[runlim] processes:		2
[runlim] real:			392.74 seconds
[runlim] time:			391.36 seconds
[runlim] space:			4 MB
[runlim] load:			5.56 maximum
[runlim] samples:		3927
