[runlim] version:		2.0.0rc1
[runlim] host:			o02n04
[runlim] time limit:		311040000 seconds
[runlim] real time limit:	5000 seconds
[runlim] space limit:		7000 MB
[runlim] argv[0]:		./binary
[runlim] argv[1]:		-c
[runlim] argv[2]:		-r
[runlim] argv[3]:		/tmp/local-unzipped-12459990-1-43-mc2025_track1_177.cnf
[runlim] start:			Thu Apr  9 18:02:04 2026
[runlim] child:			3937512
[runlim] sample:		9.94 time, 10.01 real, 35 MB, 21.42 load
[runlim] sample:		19.88 time, 20.01 real, 35 MB, 26.90 load
[runlim] sample:		29.82 time, 30.01 real, 35 MB, 32.29 load
[runlim] sample:		39.75 time, 40.01 real, 35 MB, 36.55 load
[runlim] sample:		49.70 time, 50.01 real, 35 MB, 40.00 load
[runlim] sample:		59.64 time, 60.01 real, 35 MB, 42.77 load
[runlim] sample:		69.58 time, 70.01 real, 35 MB, 45.11 load
[runlim] sample:		79.53 time, 80.01 real, 35 MB, 47.09 load
[runlim] sample:		89.48 time, 90.01 real, 35 MB, 48.69 load
[runlim] sample:		99.43 time, 100.01 real, 35 MB, 49.97 load
[runlim] sample:		109.38 time, 110.01 real, 35 MB, 51.05 load
[runlim] sample:		119.33 time, 120.01 real, 35 MB, 51.81 load
[runlim] sample:		129.28 time, 130.01 real, 35 MB, 52.45 load
[runlim] sample:		139.23 time, 140.01 real, 35 MB, 53.00 load
[runlim] sample:		149.17 time, 150.01 real, 35 MB, 53.46 load
[runlim] sample:		159.12 time, 160.01 real, 35 MB, 53.93 load
[runlim] sample:		169.07 time, 170.01 real, 35 MB, 54.25 load
[runlim] sample:		179.02 time, 180.01 real, 35 MB, 54.52 load
[runlim] sample:		188.97 time, 190.01 real, 35 MB, 54.75 load
[runlim] sample:		198.92 time, 200.01 real, 35 MB, 54.94 load
[runlim] sample:		208.87 time, 210.01 real, 35 MB, 55.18 load
[runlim] sample:		218.82 time, 220.01 real, 35 MB, 55.30 load
[runlim] sample:		228.77 time, 230.01 real, 35 MB, 55.49 load
[runlim] sample:		238.72 time, 240.01 real, 35 MB, 55.65 load
[runlim] sample:		248.67 time, 250.01 real, 35 MB, 55.70 load
[runlim] sample:		258.61 time, 260.01 real, 35 MB, 55.82 load
[runlim] sample:		268.56 time, 270.01 real, 35 MB, 55.85 load
[runlim] sample:		278.51 time, 280.01 real, 35 MB, 55.87 load
[runlim] sample:		288.45 time, 290.01 real, 35 MB, 55.89 load
[runlim] sample:		298.40 time, 300.01 real, 35 MB, 55.91 load
[runlim] sample:		308.35 time, 310.01 real, 35 MB, 55.92 load
[runlim] sample:		318.30 time, 320.01 real, 35 MB, 55.94 load
[runlim] sample:		328.24 time, 330.01 real, 35 MB, 55.95 load
[runlim] sample:		338.19 time, 340.01 real, 35 MB, 55.95 load
[runlim] sample:		348.14 time, 350.01 real, 35 MB, 56.04 load
[runlim] sample:		358.08 time, 360.01 real, 35 MB, 56.04 load
[runlim] sample:		368.03 time, 370.01 real, 35 MB, 56.03 load
[runlim] sample:		377.98 time, 380.01 real, 35 MB, 56.18 load
[runlim] sample:		387.93 time, 390.01 real, 35 MB, 56.16 load
[runlim] sample:		397.87 time, 400.01 real, 35 MB, 56.21 load
[runlim] sample:		407.82 time, 410.01 real, 35 MB, 56.17 load
[runlim] sample:		417.76 time, 420.01 real, 35 MB, 56.23 load
[runlim] sample:		427.71 time, 430.01 real, 35 MB, 56.19 load
[runlim] sample:		437.65 time, 440.01 real, 35 MB, 56.32 load
[runlim] sample:		447.60 time, 450.01 real, 35 MB, 56.27 load
[runlim] sample:		457.54 time, 460.01 real, 35 MB, 56.31 load
[runlim] sample:		467.48 time, 470.01 real, 35 MB, 56.34 load
[runlim] sample:		477.41 time, 480.01 real, 35 MB, 56.28 load
[runlim] sample:		487.34 time, 490.01 real, 35 MB, 56.24 load
[runlim] sample:		497.27 time, 500.01 real, 35 MB, 56.28 load
[runlim] sample:		507.21 time, 510.01 real, 35 MB, 56.24 load
[runlim] sample:		517.14 time, 520.01 real, 35 MB, 56.35 load
[runlim] sample:		527.07 time, 530.01 real, 35 MB, 56.14 load
[runlim] sample:		537.01 time, 540.01 real, 35 MB, 55.97 load
[runlim] sample:		546.95 time, 550.01 real, 35 MB, 55.74 load
[runlim] sample:		556.88 time, 560.01 real, 35 MB, 55.55 load
[runlim] sample:		566.82 time, 570.01 real, 35 MB, 55.31 load
[runlim] sample:		576.75 time, 580.01 real, 35 MB, 55.11 load
[runlim] sample:		586.69 time, 590.01 real, 35 MB, 54.94 load
[runlim] sample:		596.63 time, 600.01 real, 35 MB, 54.79 load
[runlim] sample:		606.56 time, 610.01 real, 35 MB, 54.67 load
[runlim] sample:		616.50 time, 620.01 real, 35 MB, 54.81 load
[runlim] sample:		626.44 time, 630.01 real, 35 MB, 54.68 load
[runlim] sample:		636.37 time, 640.01 real, 35 MB, 54.58 load
[runlim] sample:		646.31 time, 650.01 real, 35 MB, 54.49 load
[runlim] sample:		656.25 time, 660.01 real, 35 MB, 54.41 load
[runlim] sample:		666.18 time, 670.01 real, 35 MB, 54.35 load
[runlim] sample:		676.12 time, 680.01 real, 35 MB, 54.37 load
[runlim] sample:		686.06 time, 690.01 real, 35 MB, 54.32 load
[runlim] sample:		695.99 time, 700.01 real, 35 MB, 54.34 load
[runlim] sample:		705.93 time, 710.01 real, 35 MB, 54.29 load
[runlim] sample:		715.87 time, 720.01 real, 35 MB, 54.24 load
[runlim] sample:		725.80 time, 730.01 real, 35 MB, 54.21 load
[runlim] sample:		735.74 time, 740.01 real, 35 MB, 54.17 load
[runlim] sample:		745.68 time, 750.01 real, 35 MB, 54.15 load
[runlim] sample:		755.61 time, 760.01 real, 35 MB, 54.12 load
[runlim] sample:		765.55 time, 770.01 real, 35 MB, 54.02 load
[runlim] sample:		775.48 time, 780.01 real, 35 MB, 53.87 load
[runlim] sample:		785.42 time, 790.01 real, 35 MB, 53.73 load
[runlim] sample:		795.36 time, 800.01 real, 35 MB, 53.62 load
[runlim] sample:		805.29 time, 810.01 real, 35 MB, 53.52 load
[runlim] sample:		815.23 time, 820.01 real, 35 MB, 53.60 load
[runlim] sample:		825.16 time, 830.01 real, 35 MB, 53.58 load
[runlim] sample:		835.10 time, 840.01 real, 35 MB, 53.49 load
[runlim] sample:		845.03 time, 850.01 real, 35 MB, 53.50 load
[runlim] sample:		854.96 time, 860.01 real, 35 MB, 53.42 load
[runlim] sample:		864.90 time, 870.01 real, 35 MB, 53.36 load
[runlim] sample:		874.83 time, 880.01 real, 35 MB, 53.30 load
[runlim] sample:		884.77 time, 890.01 real, 35 MB, 53.25 load
[runlim] sample:		894.70 time, 900.01 real, 35 MB, 53.21 load
[runlim] sample:		904.64 time, 910.01 real, 35 MB, 53.18 load
[runlim] sample:		914.57 time, 920.01 real, 35 MB, 53.31 load
[runlim] sample:		924.50 time, 930.01 real, 35 MB, 53.26 load
[runlim] sample:		934.44 time, 940.01 real, 35 MB, 53.22 load
[runlim] sample:		944.38 time, 950.01 real, 35 MB, 53.18 load
[runlim] sample:		954.31 time, 960.01 real, 35 MB, 53.24 load
[runlim] sample:		964.25 time, 970.01 real, 35 MB, 53.20 load
[runlim] sample:		974.18 time, 980.01 real, 35 MB, 53.17 load
[runlim] sample:		984.12 time, 990.01 real, 35 MB, 53.22 load
[runlim] sample:		994.05 time, 1000.01 real, 35 MB, 53.18 load
[runlim] sample:		1003.99 time, 1010.01 real, 35 MB, 53.15 load
[runlim] sample:		1013.92 time, 1020.01 real, 35 MB, 53.20 load
[runlim] sample:		1023.86 time, 1030.01 real, 35 MB, 53.17 load
[runlim] sample:		1033.79 time, 1040.01 real, 35 MB, 53.15 load
[runlim] sample:		1043.73 time, 1050.01 real, 35 MB, 53.28 load
[runlim] sample:		1053.66 time, 1060.01 real, 35 MB, 53.31 load
[runlim] sample:		1063.60 time, 1070.01 real, 35 MB, 53.26 load
[runlim] sample:		1073.53 time, 1080.01 real, 35 MB, 53.30 load
[runlim] sample:		1083.47 time, 1090.01 real, 35 MB, 53.25 load
[runlim] sample:		1093.40 time, 1100.01 real, 35 MB, 53.21 load
[runlim] sample:		1103.33 time, 1110.01 real, 35 MB, 53.18 load
[runlim] sample:		1113.27 time, 1120.01 real, 35 MB, 53.23 load
[runlim] sample:		1123.21 time, 1130.01 real, 35 MB, 53.20 load
[runlim] sample:		1133.14 time, 1140.01 real, 35 MB, 53.17 load
[runlim] sample:		1143.08 time, 1150.01 real, 35 MB, 53.14 load
[runlim] sample:		1153.01 time, 1160.01 real, 35 MB, 53.12 load
[runlim] sample:		1162.95 time, 1170.01 real, 35 MB, 53.10 load
[runlim] sample:		1172.88 time, 1180.01 real, 35 MB, 53.16 load
[runlim] sample:		1182.81 time, 1190.01 real, 35 MB, 53.21 load
[runlim] sample:		1192.75 time, 1200.01 real, 35 MB, 53.25 load
[runlim] sample:		1202.68 time, 1210.01 real, 35 MB, 53.21 load
[runlim] sample:		1212.62 time, 1220.01 real, 35 MB, 53.26 load
[runlim] sample:		1222.56 time, 1230.01 real, 35 MB, 53.22 load
[runlim] sample:		1232.49 time, 1240.01 real, 35 MB, 53.27 load
[runlim] sample:		1242.43 time, 1250.01 real, 35 MB, 53.22 load
[runlim] sample:		1252.37 time, 1260.01 real, 35 MB, 53.19 load
[runlim] sample:		1262.30 time, 1270.01 real, 35 MB, 53.16 load
[runlim] sample:		1272.24 time, 1280.01 real, 35 MB, 53.13 load
[runlim] sample:		1282.17 time, 1290.01 real, 35 MB, 53.11 load
[runlim] sample:		1292.11 time, 1300.01 real, 35 MB, 53.10 load
[runlim] sample:		1302.05 time, 1310.01 real, 35 MB, 53.15 load
[runlim] sample:		1311.98 time, 1320.01 real, 35 MB, 53.13 load
[runlim] sample:		1321.92 time, 1330.01 real, 35 MB, 53.11 load
[runlim] sample:		1331.86 time, 1340.01 real, 35 MB, 53.09 load
[runlim] sample:		1341.79 time, 1350.01 real, 35 MB, 53.08 load
[runlim] sample:		1351.73 time, 1360.01 real, 35 MB, 53.07 load
[runlim] sample:		1361.67 time, 1370.01 real, 35 MB, 53.06 load
[runlim] sample:		1371.61 time, 1380.01 real, 35 MB, 53.05 load
[runlim] sample:		1381.54 time, 1390.01 real, 35 MB, 53.11 load
[runlim] sample:		1391.48 time, 1400.01 real, 35 MB, 53.09 load
[runlim] sample:		1401.41 time, 1410.01 real, 35 MB, 53.08 load
[runlim] sample:		1411.35 time, 1420.01 real, 35 MB, 53.15 load
[runlim] sample:		1421.29 time, 1430.01 real, 35 MB, 53.12 load
[runlim] sample:		1431.22 time, 1440.01 real, 35 MB, 53.10 load
[runlim] sample:		1441.16 time, 1450.01 real, 35 MB, 53.09 load
[runlim] sample:		1451.09 time, 1460.01 real, 35 MB, 53.23 load
[runlim] sample:		1461.03 time, 1470.01 real, 35 MB, 53.27 load
[runlim] sample:		1470.97 time, 1480.01 real, 35 MB, 53.23 load
[runlim] sample:		1480.90 time, 1490.01 real, 35 MB, 53.19 load
[runlim] sample:		1490.84 time, 1500.01 real, 35 MB, 53.16 load
[runlim] sample:		1500.77 time, 1510.01 real, 35 MB, 53.21 load
[runlim] sample:		1510.71 time, 1520.01 real, 35 MB, 53.18 load
[runlim] sample:		1520.65 time, 1530.01 real, 35 MB, 53.15 load
[runlim] sample:		1530.58 time, 1540.01 real, 35 MB, 53.13 load
[runlim] sample:		1540.52 time, 1550.01 real, 35 MB, 53.11 load
[runlim] sample:		1550.45 time, 1560.01 real, 35 MB, 53.16 load
[runlim] sample:		1560.39 time, 1570.01 real, 35 MB, 53.14 load
[runlim] sample:		1570.33 time, 1580.01 real, 35 MB, 53.12 load
[runlim] sample:		1580.26 time, 1590.01 real, 35 MB, 53.17 load
[runlim] sample:		1590.20 time, 1600.01 real, 35 MB, 53.15 load
[runlim] sample:		1600.14 time, 1610.01 real, 35 MB, 53.12 load
[runlim] sample:		1610.07 time, 1620.01 real, 35 MB, 53.18 load
[runlim] sample:		1620.01 time, 1630.01 real, 35 MB, 53.16 load
[runlim] sample:		1629.95 time, 1640.01 real, 35 MB, 53.13 load
[runlim] sample:		1639.89 time, 1650.01 real, 35 MB, 53.11 load
[runlim] sample:		1649.82 time, 1660.01 real, 35 MB, 53.09 load
[runlim] sample:		1659.76 time, 1670.01 real, 35 MB, 53.08 load
[runlim] sample:		1669.70 time, 1680.01 real, 35 MB, 53.07 load
[runlim] sample:		1679.63 time, 1690.01 real, 35 MB, 53.06 load
[runlim] sample:		1689.57 time, 1700.01 real, 35 MB, 53.05 load
[runlim] sample:		1699.51 time, 1710.01 real, 35 MB, 53.04 load
[runlim] sample:		1709.44 time, 1720.01 real, 35 MB, 53.11 load
[runlim] sample:		1719.38 time, 1730.01 real, 35 MB, 53.10 load
[runlim] sample:		1729.31 time, 1740.01 real, 35 MB, 53.08 load
[runlim] sample:		1739.25 time, 1750.01 real, 35 MB, 53.07 load
[runlim] sample:		1749.19 time, 1760.01 real, 35 MB, 53.06 load
[runlim] sample:		1759.12 time, 1770.01 real, 35 MB, 53.05 load
[runlim] sample:		1769.06 time, 1780.01 real, 35 MB, 53.04 load
[runlim] sample:		1779.00 time, 1790.01 real, 35 MB, 53.03 load
[runlim] sample:		1788.93 time, 1800.01 real, 35 MB, 53.03 load
[runlim] sample:		1798.87 time, 1810.01 real, 35 MB, 53.02 load
[runlim] sample:		1808.81 time, 1820.01 real, 35 MB, 53.02 load
[runlim] sample:		1818.74 time, 1830.01 real, 35 MB, 53.02 load
[runlim] sample:		1828.68 time, 1840.01 real, 35 MB, 53.01 load
[runlim] sample:		1838.62 time, 1850.01 real, 35 MB, 53.01 load
[runlim] sample:		1848.55 time, 1860.01 real, 35 MB, 53.01 load
[runlim] sample:		1858.49 time, 1870.01 real, 35 MB, 53.01 load
[runlim] sample:		1868.43 time, 1880.01 real, 35 MB, 53.00 load
[runlim] sample:		1878.36 time, 1890.01 real, 35 MB, 53.08 load
[runlim] sample:		1888.30 time, 1900.01 real, 35 MB, 53.07 load
[runlim] sample:		1898.24 time, 1910.01 real, 35 MB, 53.13 load
[runlim] sample:		1908.17 time, 1920.01 real, 35 MB, 53.18 load
[runlim] sample:		1918.11 time, 1930.01 real, 35 MB, 53.15 load
[runlim] sample:		1928.05 time, 1940.01 real, 35 MB, 53.13 load
[runlim] sample:		1937.98 time, 1950.01 real, 35 MB, 53.11 load
[runlim] sample:		1947.92 time, 1960.01 real, 35 MB, 53.25 load
[runlim] sample:		1957.86 time, 1970.01 real, 35 MB, 53.21 load
[runlim] sample:		1967.79 time, 1980.01 real, 35 MB, 53.18 load
[runlim] sample:		1977.73 time, 1990.01 real, 35 MB, 53.23 load
[runlim] sample:		1987.67 time, 2000.01 real, 35 MB, 53.35 load
[runlim] sample:		1997.60 time, 2010.01 real, 35 MB, 53.29 load
[runlim] sample:		2007.54 time, 2020.01 real, 35 MB, 53.25 load
[runlim] sample:		2017.48 time, 2030.01 real, 35 MB, 53.21 load
[runlim] sample:		2027.41 time, 2040.01 real, 35 MB, 53.18 load
[runlim] sample:		2037.35 time, 2050.01 real, 35 MB, 53.15 load
[runlim] sample:		2047.29 time, 2060.01 real, 35 MB, 53.20 load
[runlim] sample:		2057.22 time, 2070.01 real, 35 MB, 53.17 load
[runlim] sample:		2067.16 time, 2080.01 real, 35 MB, 53.14 load
[runlim] sample:		2077.10 time, 2090.01 real, 35 MB, 53.12 load
[runlim] sample:		2087.03 time, 2100.01 real, 35 MB, 53.18 load
[runlim] sample:		2096.97 time, 2110.01 real, 35 MB, 53.15 load
[runlim] sample:		2106.91 time, 2120.01 real, 35 MB, 53.13 load
[runlim] sample:		2116.85 time, 2130.01 real, 35 MB, 53.11 load
[runlim] sample:		2126.78 time, 2140.01 real, 35 MB, 53.09 load
[runlim] sample:		2136.72 time, 2150.01 real, 35 MB, 53.08 load
[runlim] sample:		2146.66 time, 2160.01 real, 35 MB, 53.06 load
[runlim] sample:		2156.60 time, 2170.01 real, 35 MB, 53.05 load
[runlim] sample:		2166.53 time, 2180.01 real, 35 MB, 53.05 load
[runlim] sample:		2176.47 time, 2190.01 real, 35 MB, 53.11 load
[runlim] sample:		2186.41 time, 2200.01 real, 35 MB, 53.09 load
[runlim] sample:		2196.35 time, 2210.01 real, 35 MB, 53.08 load
[runlim] sample:		2206.28 time, 2220.01 real, 35 MB, 53.07 load
[runlim] sample:		2216.22 time, 2230.01 real, 35 MB, 53.13 load
[runlim] sample:		2226.16 time, 2240.01 real, 35 MB, 53.11 load
[runlim] sample:		2236.09 time, 2250.01 real, 35 MB, 53.17 load
[runlim] sample:		2246.03 time, 2260.01 real, 35 MB, 53.14 load
[runlim] sample:		2255.97 time, 2270.01 real, 35 MB, 53.12 load
[runlim] sample:		2265.90 time, 2280.01 real, 35 MB, 53.10 load
[runlim] sample:		2275.84 time, 2290.01 real, 35 MB, 53.16 load
[runlim] sample:		2285.78 time, 2300.01 real, 35 MB, 53.22 load
[runlim] sample:		2295.71 time, 2310.01 real, 35 MB, 53.26 load
[runlim] sample:		2305.65 time, 2320.01 real, 35 MB, 53.22 load
[runlim] sample:		2315.59 time, 2330.01 real, 35 MB, 53.18 load
[runlim] sample:		2325.52 time, 2340.01 real, 35 MB, 53.16 load
[runlim] sample:		2335.46 time, 2350.01 real, 35 MB, 53.21 load
[runlim] sample:		2345.40 time, 2360.01 real, 35 MB, 53.18 load
[runlim] sample:		2355.33 time, 2370.01 real, 35 MB, 53.22 load
[runlim] sample:		2365.27 time, 2380.01 real, 35 MB, 53.19 load
[runlim] sample:		2375.21 time, 2390.01 real, 35 MB, 53.16 load
[runlim] sample:		2385.14 time, 2400.01 real, 35 MB, 53.14 load
[runlim] sample:		2395.08 time, 2410.01 real, 35 MB, 53.11 load
[runlim] sample:		2405.02 time, 2420.01 real, 35 MB, 53.10 load
[runlim] sample:		2414.95 time, 2430.01 real, 35 MB, 53.15 load
[runlim] sample:		2424.89 time, 2440.01 real, 35 MB, 53.13 load
[runlim] sample:		2434.83 time, 2450.01 real, 35 MB, 53.11 load
[runlim] sample:		2444.76 time, 2460.01 real, 35 MB, 53.17 load
[runlim] sample:		2454.70 time, 2470.01 real, 35 MB, 53.22 load
[runlim] sample:		2464.64 time, 2480.01 real, 35 MB, 53.18 load
[runlim] sample:		2474.57 time, 2490.01 real, 35 MB, 53.16 load
[runlim] sample:		2484.51 time, 2500.01 real, 35 MB, 53.21 load
[runlim] sample:		2494.45 time, 2510.01 real, 35 MB, 53.18 load
[runlim] sample:		2504.39 time, 2520.01 real, 35 MB, 53.15 load
[runlim] sample:		2514.32 time, 2530.01 real, 35 MB, 53.20 load
[runlim] sample:		2524.26 time, 2540.01 real, 35 MB, 53.17 load
[runlim] sample:		2534.20 time, 2550.01 real, 35 MB, 53.22 load
[runlim] sample:		2544.14 time, 2560.01 real, 35 MB, 53.26 load
[runlim] sample:		2554.07 time, 2570.01 real, 35 MB, 53.22 load
[runlim] sample:		2564.01 time, 2580.01 real, 35 MB, 53.18 load
[runlim] sample:		2573.95 time, 2590.01 real, 35 MB, 53.16 load
[runlim] sample:		2583.88 time, 2600.01 real, 35 MB, 53.13 load
[runlim] sample:		2593.82 time, 2610.01 real, 35 MB, 53.18 load
[runlim] sample:		2603.76 time, 2620.01 real, 35 MB, 53.16 load
[runlim] sample:		2613.70 time, 2630.01 real, 35 MB, 53.21 load
[runlim] sample:		2623.63 time, 2640.01 real, 35 MB, 53.17 load
[runlim] sample:		2633.57 time, 2650.01 real, 35 MB, 53.15 load
[runlim] sample:		2643.51 time, 2660.01 real, 35 MB, 53.20 load
[runlim] sample:		2653.45 time, 2670.01 real, 35 MB, 53.17 load
[runlim] sample:		2663.38 time, 2680.01 real, 35 MB, 53.14 load
[runlim] sample:		2673.32 time, 2690.01 real, 35 MB, 53.20 load
[runlim] sample:		2683.26 time, 2700.01 real, 35 MB, 53.17 load
[runlim] sample:		2693.19 time, 2710.01 real, 35 MB, 53.14 load
[runlim] sample:		2703.13 time, 2720.01 real, 35 MB, 53.12 load
[runlim] sample:		2713.07 time, 2730.01 real, 35 MB, 53.10 load
[runlim] sample:		2723.01 time, 2740.01 real, 35 MB, 53.08 load
[runlim] sample:		2732.94 time, 2750.01 real, 35 MB, 53.14 load
[runlim] sample:		2742.88 time, 2760.01 real, 35 MB, 53.12 load
[runlim] sample:		2752.82 time, 2770.01 real, 35 MB, 53.10 load
[runlim] sample:		2762.76 time, 2780.01 real, 35 MB, 53.09 load
[runlim] sample:		2772.69 time, 2790.01 real, 35 MB, 53.07 load
[runlim] sample:		2782.63 time, 2800.01 real, 35 MB, 53.06 load
[runlim] sample:		2792.57 time, 2810.01 real, 35 MB, 53.13 load
[runlim] sample:		2802.50 time, 2820.01 real, 35 MB, 53.11 load
[runlim] sample:		2812.44 time, 2830.01 real, 35 MB, 53.09 load
[runlim] sample:		2822.38 time, 2840.01 real, 35 MB, 53.22 load
[runlim] sample:		2832.32 time, 2850.01 real, 35 MB, 53.26 load
[runlim] sample:		2842.25 time, 2860.01 real, 35 MB, 53.22 load
[runlim] sample:		2852.19 time, 2870.01 real, 35 MB, 53.19 load
[runlim] sample:		2862.13 time, 2880.01 real, 35 MB, 53.16 load
[runlim] sample:		2872.06 time, 2890.01 real, 35 MB, 53.21 load
[runlim] sample:		2882.00 time, 2900.01 real, 35 MB, 53.18 load
[runlim] sample:		2891.94 time, 2910.01 real, 35 MB, 53.15 load
[runlim] sample:		2901.88 time, 2920.01 real, 35 MB, 53.13 load
[runlim] sample:		2911.82 time, 2930.01 real, 35 MB, 53.11 load
[runlim] sample:		2921.75 time, 2940.01 real, 35 MB, 53.17 load
[runlim] sample:		2931.69 time, 2950.01 real, 35 MB, 53.22 load
[runlim] sample:		2941.63 time, 2960.01 real, 35 MB, 53.27 load
[runlim] sample:		2951.56 time, 2970.01 real, 35 MB, 53.23 load
[runlim] sample:		2961.50 time, 2980.01 real, 35 MB, 53.19 load
[runlim] sample:		2971.43 time, 2990.01 real, 35 MB, 53.16 load
[runlim] sample:		2981.37 time, 3000.01 real, 35 MB, 53.14 load
[runlim] sample:		2991.30 time, 3010.01 real, 35 MB, 53.12 load
[runlim] sample:		3001.24 time, 3020.01 real, 35 MB, 53.17 load
[runlim] sample:		3011.18 time, 3030.01 real, 35 MB, 53.14 load
[runlim] sample:		3021.12 time, 3040.01 real, 35 MB, 53.20 load
[runlim] sample:		3031.05 time, 3050.01 real, 35 MB, 53.17 load
[runlim] sample:		3040.99 time, 3060.01 real, 35 MB, 53.21 load
[runlim] sample:		3050.93 time, 3070.01 real, 35 MB, 53.18 load
[runlim] sample:		3060.87 time, 3080.01 real, 35 MB, 53.15 load
[runlim] sample:		3070.80 time, 3090.01 real, 35 MB, 53.20 load
[runlim] sample:		3080.74 time, 3100.01 real, 35 MB, 53.17 load
[runlim] sample:		3090.68 time, 3110.01 real, 35 MB, 53.14 load
[runlim] sample:		3100.62 time, 3120.01 real, 35 MB, 53.12 load
[runlim] sample:		3110.55 time, 3130.01 real, 35 MB, 53.10 load
[runlim] sample:		3120.49 time, 3140.01 real, 35 MB, 53.09 load
[runlim] sample:		3130.43 time, 3150.01 real, 35 MB, 53.15 load
[runlim] sample:		3140.37 time, 3160.01 real, 35 MB, 53.20 load
[runlim] sample:		3150.30 time, 3170.01 real, 35 MB, 53.17 load
[runlim] sample:		3160.24 time, 3180.01 real, 35 MB, 53.14 load
[runlim] sample:		3170.18 time, 3190.01 real, 35 MB, 53.12 load
[runlim] sample:		3180.11 time, 3200.01 real, 35 MB, 53.10 load
[runlim] sample:		3190.05 time, 3210.01 real, 35 MB, 53.16 load
[runlim] sample:		3199.99 time, 3220.01 real, 35 MB, 53.14 load
[runlim] sample:		3209.92 time, 3230.01 real, 35 MB, 53.11 load
[runlim] sample:		3219.86 time, 3240.01 real, 35 MB, 53.10 load
[runlim] sample:		3229.79 time, 3250.01 real, 35 MB, 53.08 load
[runlim] sample:		3239.73 time, 3260.01 real, 35 MB, 53.07 load
[runlim] sample:		3249.67 time, 3270.01 real, 35 MB, 53.14 load
[runlim] sample:		3259.60 time, 3280.01 real, 35 MB, 53.12 load
[runlim] sample:		3269.54 time, 3290.01 real, 35 MB, 53.17 load
[runlim] sample:		3279.48 time, 3300.01 real, 35 MB, 53.14 load
[runlim] sample:		3289.41 time, 3310.01 real, 35 MB, 53.12 load
[runlim] sample:		3299.35 time, 3320.01 real, 35 MB, 53.10 load
[runlim] sample:		3309.28 time, 3330.01 real, 35 MB, 53.09 load
[runlim] sample:		3319.22 time, 3340.01 real, 35 MB, 53.07 load
[runlim] sample:		3329.16 time, 3350.01 real, 35 MB, 53.14 load
[runlim] sample:		3339.09 time, 3360.01 real, 35 MB, 53.11 load
[runlim] sample:		3349.03 time, 3370.01 real, 35 MB, 53.10 load
[runlim] sample:		3358.96 time, 3380.01 real, 35 MB, 53.16 load
[runlim] sample:		3368.90 time, 3390.01 real, 35 MB, 53.14 load
[runlim] sample:		3378.84 time, 3400.01 real, 35 MB, 53.11 load
[runlim] sample:		3388.77 time, 3410.01 real, 35 MB, 53.17 load
[runlim] sample:		3398.71 time, 3420.01 real, 35 MB, 53.22 load
[runlim] sample:		3408.65 time, 3430.01 real, 35 MB, 53.19 load
[runlim] sample:		3418.58 time, 3440.01 real, 35 MB, 53.16 load
[runlim] sample:		3428.52 time, 3450.01 real, 35 MB, 53.13 load
[runlim] sample:		3438.46 time, 3460.01 real, 35 MB, 53.19 load
[runlim] sample:		3448.39 time, 3470.01 real, 35 MB, 53.32 load
[runlim] sample:		3458.33 time, 3480.01 real, 35 MB, 53.35 load
[runlim] sample:		3468.27 time, 3490.01 real, 35 MB, 53.30 load
[runlim] sample:		3478.21 time, 3500.01 real, 35 MB, 53.25 load
[runlim] sample:		3488.14 time, 3510.01 real, 35 MB, 53.21 load
[runlim] sample:		3498.08 time, 3520.01 real, 35 MB, 53.25 load
[runlim] sample:		3508.01 time, 3530.01 real, 35 MB, 53.37 load
[runlim] sample:		3517.95 time, 3540.01 real, 35 MB, 53.38 load
[runlim] sample:		3527.88 time, 3550.01 real, 35 MB, 53.32 load
[runlim] sample:		3537.82 time, 3560.01 real, 35 MB, 53.35 load
[runlim] sample:		3547.76 time, 3570.01 real, 35 MB, 53.29 load
[runlim] sample:		3557.70 time, 3580.01 real, 35 MB, 53.33 load
[runlim] sample:		3567.63 time, 3590.01 real, 35 MB, 53.35 load
[runlim] sample:		3577.57 time, 3600.01 real, 35 MB, 53.30 load
[runlim] sample:		3587.51 time, 3610.01 real, 35 MB, 53.25 load
[runlim] sample:		3597.45 time, 3620.01 real, 35 MB, 53.21 load
[runlim] sample:		3607.38 time, 3630.01 real, 35 MB, 53.18 load
[runlim] sample:		3617.32 time, 3640.01 real, 35 MB, 53.15 load
[runlim] sample:		3627.26 time, 3650.01 real, 35 MB, 53.28 load
[runlim] sample:		3637.19 time, 3660.01 real, 35 MB, 53.23 load
[runlim] sample:		3647.13 time, 3670.01 real, 35 MB, 53.28 load
[runlim] sample:		3657.06 time, 3680.01 real, 35 MB, 53.23 load
[runlim] sample:		3667.00 time, 3690.01 real, 35 MB, 53.20 load
[runlim] sample:		3676.93 time, 3700.01 real, 35 MB, 53.17 load
[runlim] sample:		3686.87 time, 3710.01 real, 35 MB, 53.14 load
[runlim] sample:		3696.80 time, 3720.01 real, 35 MB, 53.12 load
[runlim] sample:		3706.74 time, 3730.01 real, 35 MB, 53.10 load
[runlim] sample:		3716.67 time, 3740.01 real, 35 MB, 53.08 load
[runlim] sample:		3726.61 time, 3750.01 real, 35 MB, 53.07 load
[runlim] sample:		3736.54 time, 3760.01 real, 35 MB, 53.06 load
[runlim] sample:		3746.48 time, 3770.01 real, 35 MB, 53.05 load
[runlim] sample:		3756.41 time, 3780.01 real, 35 MB, 53.04 load
[runlim] sample:		3766.34 time, 3790.01 real, 35 MB, 53.11 load
[runlim] sample:		3776.28 time, 3800.01 real, 35 MB, 53.17 load
[runlim] sample:		3786.21 time, 3810.01 real, 35 MB, 53.14 load
[runlim] sample:		3796.15 time, 3820.01 real, 35 MB, 53.12 load
[runlim] sample:		3806.08 time, 3830.01 real, 35 MB, 53.10 load
[runlim] sample:		3816.02 time, 3840.01 real, 35 MB, 53.08 load
[runlim] sample:		3825.95 time, 3850.01 real, 35 MB, 53.14 load
[runlim] sample:		3835.88 time, 3860.01 real, 35 MB, 53.12 load
[runlim] sample:		3845.82 time, 3870.01 real, 35 MB, 53.10 load
[runlim] sample:		3855.75 time, 3880.01 real, 35 MB, 53.09 load
[runlim] sample:		3865.69 time, 3890.01 real, 35 MB, 53.07 load
[runlim] sample:		3875.62 time, 3900.01 real, 35 MB, 53.06 load
[runlim] sample:		3885.55 time, 3910.01 real, 35 MB, 53.13 load
[runlim] sample:		3895.49 time, 3920.01 real, 35 MB, 53.19 load
[runlim] sample:		3905.42 time, 3930.01 real, 35 MB, 53.24 load
[runlim] sample:		3915.36 time, 3940.01 real, 35 MB, 53.20 load
[runlim] sample:		3925.29 time, 3950.01 real, 35 MB, 53.17 load
[runlim] sample:		3935.23 time, 3960.01 real, 35 MB, 53.22 load
[runlim] sample:		3945.16 time, 3970.01 real, 35 MB, 53.27 load
[runlim] sample:		3955.09 time, 3980.01 real, 35 MB, 53.31 load
[runlim] sample:		3965.03 time, 3990.01 real, 35 MB, 53.33 load
[runlim] sample:		3974.96 time, 4000.01 real, 35 MB, 53.28 load
[runlim] sample:		3984.90 time, 4010.01 real, 35 MB, 53.32 load
[runlim] sample:		3994.83 time, 4020.01 real, 35 MB, 53.34 load
[runlim] sample:		4004.76 time, 4030.01 real, 35 MB, 53.37 load
[runlim] sample:		4014.70 time, 4040.01 real, 35 MB, 53.31 load
[runlim] sample:		4024.63 time, 4050.01 real, 35 MB, 53.34 load
[runlim] sample:		4034.56 time, 4060.01 real, 35 MB, 53.36 load
[runlim] sample:		4044.50 time, 4070.01 real, 35 MB, 53.39 load
[runlim] sample:		4054.43 time, 4080.01 real, 35 MB, 53.41 load
[runlim] sample:		4064.36 time, 4090.01 real, 35 MB, 53.34 load
[runlim] sample:		4074.30 time, 4100.01 real, 35 MB, 53.29 load
[runlim] sample:		4084.23 time, 4110.01 real, 35 MB, 53.33 load
[runlim] sample:		4094.17 time, 4120.01 real, 35 MB, 53.27 load
[runlim] sample:		4104.10 time, 4130.01 real, 35 MB, 53.31 load
[runlim] sample:		4114.04 time, 4140.01 real, 35 MB, 53.34 load
[runlim] sample:		4123.97 time, 4150.01 real, 35 MB, 53.37 load
[runlim] sample:		4133.91 time, 4160.01 real, 35 MB, 53.31 load
[runlim] sample:		4143.85 time, 4170.01 real, 35 MB, 53.34 load
[runlim] sample:		4153.78 time, 4180.01 real, 35 MB, 53.29 load
[runlim] sample:		4163.72 time, 4190.01 real, 35 MB, 53.39 load
[runlim] sample:		4173.65 time, 4200.01 real, 35 MB, 53.41 load
[runlim] sample:		4183.59 time, 4210.01 real, 35 MB, 53.35 load
[runlim] sample:		4193.53 time, 4220.01 real, 35 MB, 53.29 load
[runlim] sample:		4203.46 time, 4230.01 real, 35 MB, 53.25 load
[runlim] sample:		4213.40 time, 4240.01 real, 35 MB, 53.21 load
[runlim] sample:		4223.33 time, 4250.01 real, 35 MB, 53.18 load
[runlim] sample:		4233.27 time, 4260.01 real, 35 MB, 53.15 load
[runlim] sample:		4243.21 time, 4270.01 real, 35 MB, 53.13 load
[runlim] sample:		4253.15 time, 4280.01 real, 35 MB, 53.11 load
[runlim] sample:		4263.09 time, 4290.01 real, 36 MB, 53.17 load
[runlim] sample:		4273.04 time, 4300.01 real, 36 MB, 53.14 load
[runlim] sample:		4282.99 time, 4310.01 real, 36 MB, 53.12 load
[runlim] sample:		4292.94 time, 4320.01 real, 36 MB, 53.18 load
[runlim] sample:		4302.88 time, 4330.01 real, 36 MB, 53.22 load
[runlim] sample:		4312.83 time, 4340.01 real, 36 MB, 53.41 load
[runlim] sample:		4322.78 time, 4350.01 real, 36 MB, 53.88 load
[runlim] sample:		4332.73 time, 4360.01 real, 36 MB, 53.96 load
[runlim] sample:		4342.68 time, 4370.01 real, 36 MB, 54.11 load
[runlim] sample:		4352.63 time, 4380.01 real, 36 MB, 54.16 load
[runlim] sample:		4362.58 time, 4390.01 real, 36 MB, 54.12 load
[runlim] sample:		4372.52 time, 4400.01 real, 36 MB, 53.87 load
[runlim] sample:		4382.47 time, 4410.01 real, 36 MB, 54.26 load
[runlim] sample:		4392.41 time, 4420.01 real, 36 MB, 54.22 load
[runlim] sample:		4402.36 time, 4430.01 real, 36 MB, 54.33 load
[runlim] sample:		4412.31 time, 4440.01 real, 36 MB, 54.35 load
[runlim] sample:		4422.25 time, 4450.01 real, 36 MB, 54.30 load
[runlim] sample:		4432.20 time, 4460.01 real, 36 MB, 54.10 load
[runlim] sample:		4442.15 time, 4470.01 real, 36 MB, 54.30 load
[runlim] sample:		4452.09 time, 4480.01 real, 36 MB, 54.18 load
[runlim] sample:		4462.04 time, 4490.01 real, 36 MB, 54.07 load
[runlim] sample:		4471.99 time, 4500.01 real, 36 MB, 54.05 load
[runlim] sample:		4481.93 time, 4510.01 real, 36 MB, 53.96 load
[runlim] sample:		4491.88 time, 4520.01 real, 36 MB, 53.73 load
[runlim] sample:		4501.83 time, 4530.01 real, 36 MB, 53.47 load
[runlim] sample:		4511.78 time, 4540.01 real, 36 MB, 53.56 load
[runlim] sample:		4521.73 time, 4550.01 real, 36 MB, 53.40 load
[runlim] sample:		4531.67 time, 4560.01 real, 36 MB, 53.18 load
[runlim] sample:		4541.62 time, 4570.01 real, 36 MB, 53.39 load
[runlim] sample:		4551.57 time, 4580.01 real, 36 MB, 53.18 load
[runlim] sample:		4561.52 time, 4590.01 real, 36 MB, 53.08 load
[runlim] sample:		4571.47 time, 4600.01 real, 36 MB, 52.99 load
[runlim] sample:		4581.41 time, 4610.01 real, 36 MB, 52.92 load
[runlim] sample:		4591.36 time, 4620.01 real, 36 MB, 52.78 load
[runlim] sample:		4601.31 time, 4630.01 real, 36 MB, 52.81 load
[runlim] sample:		4611.26 time, 4640.01 real, 36 MB, 52.76 load
[runlim] sample:		4621.21 time, 4650.01 real, 36 MB, 52.64 load
[runlim] sample:		4631.16 time, 4660.01 real, 36 MB, 52.70 load
[runlim] sample:		4641.10 time, 4670.01 real, 36 MB, 52.68 load
[runlim] sample:		4651.05 time, 4680.01 real, 36 MB, 52.65 load
[runlim] sample:		4661.00 time, 4690.01 real, 36 MB, 52.79 load
[runlim] sample:		4670.95 time, 4700.01 real, 36 MB, 52.83 load
[runlim] sample:		4680.89 time, 4710.01 real, 36 MB, 52.78 load
[runlim] sample:		4690.84 time, 4720.01 real, 36 MB, 52.74 load
[runlim] sample:		4700.79 time, 4730.01 real, 36 MB, 52.63 load
[runlim] sample:		4710.74 time, 4740.01 real, 36 MB, 52.61 load
[runlim] sample:		4720.68 time, 4750.01 real, 36 MB, 52.67 load
[runlim] sample:		4730.63 time, 4760.01 real, 36 MB, 52.57 load
[runlim] sample:		4740.58 time, 4770.01 real, 36 MB, 52.48 load
[runlim] sample:		4750.53 time, 4780.01 real, 36 MB, 52.57 load
[runlim] sample:		4760.47 time, 4790.01 real, 36 MB, 52.48 load
[runlim] sample:		4770.42 time, 4800.01 real, 36 MB, 52.41 load
[runlim] sample:		4780.37 time, 4810.01 real, 36 MB, 52.82 load
[runlim] sample:		4790.31 time, 4820.01 real, 36 MB, 52.70 load
[runlim] sample:		4800.26 time, 4830.01 real, 36 MB, 52.59 load
[runlim] sample:		4810.21 time, 4840.01 real, 36 MB, 52.58 load
[runlim] sample:		4820.16 time, 4850.01 real, 36 MB, 52.57 load
[runlim] sample:		4830.11 time, 4860.01 real, 36 MB, 52.48 load
[runlim] sample:		4840.05 time, 4870.01 real, 36 MB, 52.49 load
[runlim] sample:		4850.00 time, 4880.01 real, 36 MB, 52.41 load
[runlim] sample:		4859.95 time, 4890.01 real, 36 MB, 52.35 load
[runlim] sample:		4869.90 time, 4900.01 real, 36 MB, 52.37 load
[runlim] sample:		4879.85 time, 4910.01 real, 36 MB, 52.32 load
[runlim] sample:		4889.79 time, 4920.01 real, 36 MB, 52.35 load
[runlim] sample:		4899.74 time, 4930.01 real, 36 MB, 52.37 load
[runlim] sample:		4909.69 time, 4940.01 real, 36 MB, 52.32 load
[runlim] sample:		4919.64 time, 4950.01 real, 36 MB, 52.27 load
[runlim] sample:		4929.59 time, 4960.01 real, 36 MB, 52.23 load
[runlim] sample:		4939.54 time, 4970.01 real, 36 MB, 51.02 load
[runlim] sample:		4949.50 time, 4980.01 real, 36 MB, 48.93 load
[runlim] sample:		4959.45 time, 4990.01 real, 36 MB, 46.02 load
[runlim] sample:		4969.40 time, 5000.01 real, 36 MB, 42.39 load
[runlim] end:			Thu Apr  9 19:25:24 2026
[runlim] status:		out of time
[runlim] result:		2
[runlim] children:		1
[runlim] processes:		2
[runlim] real:			5000.05 seconds
[runlim] time:			4969.40 seconds
[runlim] space:			39 MB
[runlim] load:			56.38 maximum
[runlim] samples:		50000
