[runlim] version:		2.0.0rc1
[runlim] host:			o02n04
[runlim] time limit:		311040000 seconds
[runlim] real time limit:	5000 seconds
[runlim] space limit:		7000 MB
[runlim] argv[0]:		./binary
[runlim] argv[1]:		-c
[runlim] argv[2]:		-r
[runlim] argv[3]:		/tmp/local-unzipped-12459990-1-46-mc2025_track1_165.cnf
[runlim] start:			Thu Apr  9 18:02:07 2026
[runlim] child:			3937613
[runlim] sample:		9.95 time, 10.01 real, 3 MB, 21.42 load
[runlim] sample:		19.89 time, 20.01 real, 3 MB, 26.90 load
[runlim] sample:		29.84 time, 30.01 real, 3 MB, 32.29 load
[runlim] sample:		39.78 time, 40.01 real, 3 MB, 36.55 load
[runlim] sample:		49.73 time, 50.01 real, 3 MB, 40.00 load
[runlim] sample:		59.67 time, 60.01 real, 3 MB, 42.77 load
[runlim] sample:		69.62 time, 70.01 real, 3 MB, 45.11 load
[runlim] sample:		79.57 time, 80.01 real, 3 MB, 47.09 load
[runlim] sample:		89.52 time, 90.01 real, 3 MB, 48.69 load
[runlim] sample:		99.48 time, 100.01 real, 3 MB, 49.97 load
[runlim] sample:		109.43 time, 110.01 real, 3 MB, 51.05 load
[runlim] sample:		119.39 time, 120.01 real, 3 MB, 51.81 load
[runlim] sample:		129.34 time, 130.01 real, 3 MB, 52.45 load
[runlim] sample:		139.29 time, 140.01 real, 3 MB, 53.00 load
[runlim] sample:		149.24 time, 150.01 real, 3 MB, 53.46 load
[runlim] sample:		159.17 time, 160.01 real, 3 MB, 53.93 load
[runlim] sample:		169.12 time, 170.01 real, 3 MB, 54.25 load
[runlim] sample:		179.07 time, 180.01 real, 3 MB, 54.52 load
[runlim] sample:		189.02 time, 190.01 real, 3 MB, 54.75 load
[runlim] sample:		198.96 time, 200.01 real, 3 MB, 54.94 load
[runlim] sample:		208.91 time, 210.01 real, 3 MB, 55.18 load
[runlim] sample:		218.86 time, 220.01 real, 3 MB, 55.30 load
[runlim] sample:		228.81 time, 230.01 real, 3 MB, 55.49 load
[runlim] sample:		238.76 time, 240.01 real, 3 MB, 55.65 load
[runlim] sample:		248.70 time, 250.01 real, 3 MB, 55.70 load
[runlim] sample:		258.65 time, 260.01 real, 3 MB, 55.82 load
[runlim] sample:		268.60 time, 270.01 real, 3 MB, 55.85 load
[runlim] sample:		278.54 time, 280.01 real, 3 MB, 55.87 load
[runlim] sample:		288.50 time, 290.01 real, 3 MB, 55.89 load
[runlim] sample:		298.44 time, 300.01 real, 3 MB, 55.91 load
[runlim] sample:		308.38 time, 310.01 real, 3 MB, 55.92 load
[runlim] sample:		318.32 time, 320.01 real, 3 MB, 55.94 load
[runlim] sample:		328.26 time, 330.01 real, 3 MB, 55.95 load
[runlim] sample:		338.20 time, 340.01 real, 3 MB, 55.95 load
[runlim] sample:		348.15 time, 350.01 real, 3 MB, 56.04 load
[runlim] sample:		358.10 time, 360.01 real, 3 MB, 56.04 load
[runlim] sample:		368.04 time, 370.01 real, 3 MB, 56.03 load
[runlim] sample:		377.99 time, 380.01 real, 3 MB, 56.18 load
[runlim] sample:		387.94 time, 390.01 real, 3 MB, 56.16 load
[runlim] sample:		397.88 time, 400.01 real, 3 MB, 56.21 load
[runlim] sample:		407.83 time, 410.01 real, 3 MB, 56.17 load
[runlim] sample:		417.77 time, 420.01 real, 3 MB, 56.23 load
[runlim] sample:		427.72 time, 430.01 real, 3 MB, 56.19 load
[runlim] sample:		437.66 time, 440.01 real, 3 MB, 56.32 load
[runlim] sample:		447.61 time, 450.01 real, 3 MB, 56.27 load
[runlim] sample:		457.55 time, 460.01 real, 3 MB, 56.31 load
[runlim] sample:		467.49 time, 470.01 real, 3 MB, 56.34 load
[runlim] sample:		477.44 time, 480.01 real, 3 MB, 56.28 load
[runlim] sample:		487.38 time, 490.01 real, 3 MB, 56.24 load
[runlim] sample:		497.33 time, 500.01 real, 3 MB, 56.28 load
[runlim] sample:		507.27 time, 510.01 real, 3 MB, 56.24 load
[runlim] sample:		517.22 time, 520.01 real, 3 MB, 56.35 load
[runlim] sample:		527.17 time, 530.01 real, 3 MB, 56.14 load
[runlim] sample:		537.11 time, 540.01 real, 3 MB, 55.97 load
[runlim] sample:		547.06 time, 550.01 real, 3 MB, 55.74 load
[runlim] sample:		557.01 time, 560.01 real, 3 MB, 55.55 load
[runlim] sample:		566.96 time, 570.01 real, 3 MB, 55.31 load
[runlim] sample:		576.91 time, 580.01 real, 3 MB, 55.11 load
[runlim] sample:		586.86 time, 590.01 real, 3 MB, 54.94 load
[runlim] sample:		596.81 time, 600.01 real, 3 MB, 54.79 load
[runlim] sample:		606.75 time, 610.01 real, 3 MB, 54.67 load
[runlim] sample:		616.70 time, 620.01 real, 3 MB, 54.81 load
[runlim] sample:		626.64 time, 630.01 real, 3 MB, 54.68 load
[runlim] sample:		636.59 time, 640.01 real, 3 MB, 54.58 load
[runlim] sample:		646.54 time, 650.01 real, 3 MB, 54.49 load
[runlim] sample:		656.49 time, 660.01 real, 3 MB, 54.41 load
[runlim] sample:		666.44 time, 670.01 real, 3 MB, 54.35 load
[runlim] sample:		676.38 time, 680.01 real, 3 MB, 54.37 load
[runlim] sample:		686.33 time, 690.01 real, 3 MB, 54.32 load
[runlim] sample:		696.28 time, 700.01 real, 3 MB, 54.34 load
[runlim] sample:		706.22 time, 710.01 real, 3 MB, 54.29 load
[runlim] sample:		716.17 time, 720.01 real, 3 MB, 54.24 load
[runlim] sample:		726.12 time, 730.01 real, 3 MB, 54.21 load
[runlim] sample:		736.06 time, 740.01 real, 3 MB, 54.17 load
[runlim] sample:		746.01 time, 750.01 real, 3 MB, 54.15 load
[runlim] sample:		755.96 time, 760.01 real, 3 MB, 54.12 load
[runlim] sample:		765.91 time, 770.01 real, 3 MB, 54.02 load
[runlim] sample:		775.86 time, 780.01 real, 3 MB, 53.87 load
[runlim] sample:		785.81 time, 790.01 real, 3 MB, 53.73 load
[runlim] sample:		795.76 time, 800.01 real, 3 MB, 53.62 load
[runlim] sample:		805.71 time, 810.01 real, 3 MB, 53.52 load
[runlim] sample:		815.66 time, 820.01 real, 3 MB, 53.60 load
[runlim] sample:		825.61 time, 830.01 real, 3 MB, 53.58 load
[runlim] sample:		835.55 time, 840.01 real, 3 MB, 53.49 load
[runlim] sample:		845.50 time, 850.01 real, 3 MB, 53.50 load
[runlim] sample:		855.45 time, 860.01 real, 3 MB, 53.42 load
[runlim] sample:		865.39 time, 870.01 real, 3 MB, 53.36 load
[runlim] sample:		875.34 time, 880.01 real, 3 MB, 53.30 load
[runlim] sample:		885.29 time, 890.01 real, 3 MB, 53.25 load
[runlim] sample:		895.23 time, 900.01 real, 3 MB, 53.21 load
[runlim] sample:		905.16 time, 910.01 real, 3 MB, 53.18 load
[runlim] sample:		915.11 time, 920.01 real, 3 MB, 53.31 load
[runlim] sample:		925.05 time, 930.01 real, 3 MB, 53.26 load
[runlim] sample:		935.00 time, 940.01 real, 3 MB, 53.22 load
[runlim] sample:		944.95 time, 950.01 real, 3 MB, 53.18 load
[runlim] sample:		954.89 time, 960.01 real, 3 MB, 53.24 load
[runlim] sample:		964.84 time, 970.01 real, 3 MB, 53.20 load
[runlim] sample:		974.78 time, 980.01 real, 3 MB, 53.17 load
[runlim] sample:		984.73 time, 990.01 real, 3 MB, 53.22 load
[runlim] sample:		994.68 time, 1000.01 real, 3 MB, 53.18 load
[runlim] sample:		1004.62 time, 1010.01 real, 3 MB, 53.15 load
[runlim] sample:		1014.57 time, 1020.01 real, 3 MB, 53.20 load
[runlim] sample:		1024.51 time, 1030.01 real, 3 MB, 53.17 load
[runlim] sample:		1034.46 time, 1040.01 real, 3 MB, 53.15 load
[runlim] sample:		1044.40 time, 1050.01 real, 3 MB, 53.28 load
[runlim] sample:		1054.35 time, 1060.01 real, 3 MB, 53.31 load
[runlim] sample:		1064.29 time, 1070.01 real, 3 MB, 53.26 load
[runlim] sample:		1074.24 time, 1080.01 real, 3 MB, 53.30 load
[runlim] sample:		1084.18 time, 1090.01 real, 3 MB, 53.25 load
[runlim] sample:		1094.13 time, 1100.01 real, 3 MB, 53.21 load
[runlim] sample:		1104.07 time, 1110.01 real, 3 MB, 53.18 load
[runlim] sample:		1114.02 time, 1120.01 real, 3 MB, 53.23 load
[runlim] sample:		1123.97 time, 1130.01 real, 3 MB, 53.20 load
[runlim] sample:		1133.91 time, 1140.01 real, 3 MB, 53.17 load
[runlim] sample:		1143.86 time, 1150.01 real, 3 MB, 53.14 load
[runlim] sample:		1153.80 time, 1160.01 real, 3 MB, 53.12 load
[runlim] sample:		1163.75 time, 1170.01 real, 3 MB, 53.10 load
[runlim] sample:		1173.69 time, 1180.01 real, 3 MB, 53.16 load
[runlim] sample:		1183.64 time, 1190.01 real, 3 MB, 53.21 load
[runlim] sample:		1193.59 time, 1200.01 real, 3 MB, 53.25 load
[runlim] sample:		1203.52 time, 1210.01 real, 3 MB, 53.21 load
[runlim] sample:		1213.47 time, 1220.01 real, 3 MB, 53.26 load
[runlim] sample:		1223.41 time, 1230.01 real, 3 MB, 53.22 load
[runlim] sample:		1233.36 time, 1240.01 real, 3 MB, 53.27 load
[runlim] sample:		1243.31 time, 1250.01 real, 3 MB, 53.22 load
[runlim] sample:		1253.26 time, 1260.01 real, 3 MB, 53.19 load
[runlim] sample:		1263.20 time, 1270.01 real, 3 MB, 53.16 load
[runlim] sample:		1273.15 time, 1280.01 real, 3 MB, 53.13 load
[runlim] sample:		1283.09 time, 1290.01 real, 3 MB, 53.11 load
[runlim] sample:		1293.04 time, 1300.01 real, 3 MB, 53.10 load
[runlim] sample:		1302.99 time, 1310.01 real, 3 MB, 53.15 load
[runlim] sample:		1312.94 time, 1320.01 real, 3 MB, 53.13 load
[runlim] sample:		1322.88 time, 1330.01 real, 3 MB, 53.11 load
[runlim] sample:		1332.83 time, 1340.01 real, 3 MB, 53.09 load
[runlim] sample:		1342.78 time, 1350.01 real, 3 MB, 53.08 load
[runlim] sample:		1352.73 time, 1360.01 real, 3 MB, 53.07 load
[runlim] sample:		1362.68 time, 1370.01 real, 3 MB, 53.06 load
[runlim] sample:		1372.63 time, 1380.01 real, 3 MB, 53.05 load
[runlim] sample:		1382.57 time, 1390.01 real, 3 MB, 53.11 load
[runlim] sample:		1392.52 time, 1400.01 real, 3 MB, 53.09 load
[runlim] sample:		1402.47 time, 1410.01 real, 3 MB, 53.08 load
[runlim] sample:		1412.42 time, 1420.01 real, 3 MB, 53.15 load
[runlim] sample:		1422.37 time, 1430.01 real, 3 MB, 53.12 load
[runlim] sample:		1432.31 time, 1440.01 real, 3 MB, 53.10 load
[runlim] sample:		1442.26 time, 1450.01 real, 3 MB, 53.09 load
[runlim] sample:		1452.21 time, 1460.01 real, 3 MB, 53.23 load
[runlim] sample:		1462.16 time, 1470.01 real, 3 MB, 53.27 load
[runlim] sample:		1472.10 time, 1480.01 real, 3 MB, 53.23 load
[runlim] sample:		1482.05 time, 1490.01 real, 3 MB, 53.19 load
[runlim] sample:		1492.00 time, 1500.01 real, 3 MB, 53.16 load
[runlim] sample:		1501.94 time, 1510.01 real, 3 MB, 53.21 load
[runlim] sample:		1511.88 time, 1520.01 real, 3 MB, 53.18 load
[runlim] sample:		1521.83 time, 1530.01 real, 3 MB, 53.15 load
[runlim] sample:		1531.78 time, 1540.01 real, 3 MB, 53.13 load
[runlim] sample:		1541.73 time, 1550.01 real, 3 MB, 53.11 load
[runlim] sample:		1551.68 time, 1560.01 real, 3 MB, 53.16 load
[runlim] sample:		1561.62 time, 1570.01 real, 3 MB, 53.14 load
[runlim] sample:		1571.57 time, 1580.01 real, 3 MB, 53.12 load
[runlim] sample:		1581.52 time, 1590.01 real, 3 MB, 53.17 load
[runlim] sample:		1591.47 time, 1600.01 real, 3 MB, 53.15 load
[runlim] sample:		1601.42 time, 1610.01 real, 3 MB, 53.12 load
[runlim] sample:		1611.37 time, 1620.01 real, 3 MB, 53.18 load
[runlim] sample:		1621.32 time, 1630.01 real, 3 MB, 53.16 load
[runlim] sample:		1631.27 time, 1640.01 real, 3 MB, 53.13 load
[runlim] sample:		1641.21 time, 1650.01 real, 3 MB, 53.11 load
[runlim] sample:		1651.16 time, 1660.01 real, 3 MB, 53.09 load
[runlim] sample:		1661.11 time, 1670.01 real, 3 MB, 53.08 load
[runlim] sample:		1671.06 time, 1680.01 real, 3 MB, 53.07 load
[runlim] sample:		1681.01 time, 1690.01 real, 3 MB, 53.06 load
[runlim] sample:		1690.96 time, 1700.01 real, 3 MB, 53.05 load
[runlim] sample:		1700.91 time, 1710.01 real, 3 MB, 53.04 load
[runlim] sample:		1710.85 time, 1720.01 real, 3 MB, 53.11 load
[runlim] sample:		1720.80 time, 1730.01 real, 3 MB, 53.10 load
[runlim] sample:		1730.75 time, 1740.01 real, 3 MB, 53.08 load
[runlim] sample:		1740.70 time, 1750.01 real, 3 MB, 53.07 load
[runlim] sample:		1750.64 time, 1760.01 real, 3 MB, 53.06 load
[runlim] sample:		1760.59 time, 1770.01 real, 3 MB, 53.05 load
[runlim] sample:		1770.54 time, 1780.01 real, 3 MB, 53.04 load
[runlim] sample:		1780.49 time, 1790.01 real, 3 MB, 53.03 load
[runlim] sample:		1790.44 time, 1800.01 real, 3 MB, 53.03 load
[runlim] sample:		1800.37 time, 1810.01 real, 3 MB, 53.02 load
[runlim] sample:		1810.32 time, 1820.01 real, 3 MB, 53.02 load
[runlim] sample:		1820.27 time, 1830.01 real, 3 MB, 53.02 load
[runlim] sample:		1830.22 time, 1840.01 real, 3 MB, 53.01 load
[runlim] sample:		1840.17 time, 1850.01 real, 3 MB, 53.01 load
[runlim] sample:		1850.12 time, 1860.01 real, 3 MB, 53.01 load
[runlim] sample:		1860.07 time, 1870.01 real, 3 MB, 53.01 load
[runlim] sample:		1870.02 time, 1880.01 real, 3 MB, 53.00 load
[runlim] sample:		1879.97 time, 1890.01 real, 3 MB, 53.08 load
[runlim] sample:		1889.91 time, 1900.01 real, 3 MB, 53.07 load
[runlim] sample:		1899.86 time, 1910.01 real, 3 MB, 53.13 load
[runlim] sample:		1909.81 time, 1920.01 real, 3 MB, 53.18 load
[runlim] sample:		1919.76 time, 1930.01 real, 3 MB, 53.15 load
[runlim] sample:		1929.71 time, 1940.01 real, 3 MB, 53.13 load
[runlim] sample:		1939.66 time, 1950.01 real, 3 MB, 53.11 load
[runlim] sample:		1949.61 time, 1960.01 real, 3 MB, 53.25 load
[runlim] sample:		1959.56 time, 1970.01 real, 3 MB, 53.21 load
[runlim] sample:		1969.50 time, 1980.01 real, 3 MB, 53.18 load
[runlim] sample:		1979.45 time, 1990.01 real, 3 MB, 53.23 load
[runlim] sample:		1989.40 time, 2000.01 real, 3 MB, 53.35 load
[runlim] sample:		1999.35 time, 2010.01 real, 3 MB, 53.29 load
[runlim] sample:		2009.30 time, 2020.01 real, 3 MB, 53.25 load
[runlim] sample:		2019.25 time, 2030.01 real, 3 MB, 53.21 load
[runlim] sample:		2029.20 time, 2040.01 real, 3 MB, 53.18 load
[runlim] sample:		2039.15 time, 2050.01 real, 3 MB, 53.15 load
[runlim] sample:		2049.10 time, 2060.01 real, 3 MB, 53.20 load
[runlim] sample:		2059.05 time, 2070.01 real, 3 MB, 53.17 load
[runlim] sample:		2069.00 time, 2080.01 real, 3 MB, 53.14 load
[runlim] sample:		2078.94 time, 2090.01 real, 3 MB, 53.12 load
[runlim] sample:		2088.89 time, 2100.01 real, 3 MB, 53.18 load
[runlim] sample:		2098.83 time, 2110.01 real, 3 MB, 53.15 load
[runlim] sample:		2108.78 time, 2120.01 real, 3 MB, 53.13 load
[runlim] sample:		2118.72 time, 2130.01 real, 3 MB, 53.11 load
[runlim] sample:		2128.67 time, 2140.01 real, 3 MB, 53.09 load
[runlim] sample:		2138.62 time, 2150.01 real, 3 MB, 53.08 load
[runlim] sample:		2148.57 time, 2160.01 real, 3 MB, 53.06 load
[runlim] sample:		2158.52 time, 2170.01 real, 3 MB, 53.05 load
[runlim] sample:		2168.47 time, 2180.01 real, 3 MB, 53.05 load
[runlim] sample:		2178.41 time, 2190.01 real, 3 MB, 53.11 load
[runlim] sample:		2188.36 time, 2200.01 real, 3 MB, 53.09 load
[runlim] sample:		2198.31 time, 2210.01 real, 3 MB, 53.08 load
[runlim] sample:		2208.26 time, 2220.01 real, 3 MB, 53.07 load
[runlim] sample:		2218.21 time, 2230.01 real, 3 MB, 53.13 load
[runlim] sample:		2228.16 time, 2240.01 real, 3 MB, 53.11 load
[runlim] sample:		2238.11 time, 2250.01 real, 3 MB, 53.17 load
[runlim] sample:		2248.06 time, 2260.01 real, 3 MB, 53.14 load
[runlim] sample:		2258.01 time, 2270.01 real, 3 MB, 53.12 load
[runlim] sample:		2267.95 time, 2280.01 real, 3 MB, 53.10 load
[runlim] sample:		2277.90 time, 2290.01 real, 3 MB, 53.16 load
[runlim] sample:		2287.85 time, 2300.01 real, 3 MB, 53.22 load
[runlim] sample:		2297.80 time, 2310.01 real, 3 MB, 53.26 load
[runlim] sample:		2307.74 time, 2320.01 real, 3 MB, 53.22 load
[runlim] sample:		2317.69 time, 2330.01 real, 3 MB, 53.18 load
[runlim] sample:		2327.64 time, 2340.01 real, 3 MB, 53.16 load
[runlim] sample:		2337.59 time, 2350.01 real, 3 MB, 53.21 load
[runlim] sample:		2347.54 time, 2360.01 real, 3 MB, 53.18 load
[runlim] sample:		2357.48 time, 2370.01 real, 3 MB, 53.22 load
[runlim] sample:		2367.43 time, 2380.01 real, 3 MB, 53.19 load
[runlim] sample:		2377.38 time, 2390.01 real, 3 MB, 53.16 load
[runlim] sample:		2387.33 time, 2400.01 real, 3 MB, 53.14 load
[runlim] sample:		2397.26 time, 2410.01 real, 3 MB, 53.11 load
[runlim] sample:		2407.21 time, 2420.01 real, 3 MB, 53.10 load
[runlim] sample:		2417.16 time, 2430.01 real, 3 MB, 53.15 load
[runlim] sample:		2427.11 time, 2440.01 real, 3 MB, 53.13 load
[runlim] sample:		2437.06 time, 2450.01 real, 3 MB, 53.11 load
[runlim] sample:		2447.01 time, 2460.01 real, 3 MB, 53.17 load
[runlim] sample:		2456.96 time, 2470.01 real, 3 MB, 53.22 load
[runlim] sample:		2466.91 time, 2480.01 real, 3 MB, 53.18 load
[runlim] sample:		2476.86 time, 2490.01 real, 3 MB, 53.16 load
[runlim] sample:		2486.81 time, 2500.01 real, 3 MB, 53.21 load
[runlim] sample:		2496.76 time, 2510.01 real, 3 MB, 53.18 load
[runlim] sample:		2506.71 time, 2520.01 real, 3 MB, 53.15 load
[runlim] sample:		2516.65 time, 2530.01 real, 3 MB, 53.20 load
[runlim] sample:		2526.60 time, 2540.01 real, 3 MB, 53.17 load
[runlim] sample:		2536.55 time, 2550.01 real, 3 MB, 53.22 load
[runlim] sample:		2546.50 time, 2560.01 real, 3 MB, 53.26 load
[runlim] sample:		2556.45 time, 2570.01 real, 3 MB, 53.22 load
[runlim] sample:		2566.40 time, 2580.01 real, 3 MB, 53.18 load
[runlim] sample:		2576.35 time, 2590.01 real, 3 MB, 53.16 load
[runlim] sample:		2586.30 time, 2600.01 real, 3 MB, 53.13 load
[runlim] sample:		2596.25 time, 2610.01 real, 3 MB, 53.18 load
[runlim] sample:		2606.20 time, 2620.01 real, 3 MB, 53.16 load
[runlim] sample:		2616.15 time, 2630.01 real, 3 MB, 53.21 load
[runlim] sample:		2626.09 time, 2640.01 real, 3 MB, 53.17 load
[runlim] sample:		2636.04 time, 2650.01 real, 3 MB, 53.15 load
[runlim] sample:		2645.99 time, 2660.01 real, 3 MB, 53.20 load
[runlim] sample:		2655.94 time, 2670.01 real, 3 MB, 53.17 load
[runlim] sample:		2665.89 time, 2680.01 real, 3 MB, 53.14 load
[runlim] sample:		2675.84 time, 2690.01 real, 3 MB, 53.20 load
[runlim] sample:		2685.79 time, 2700.01 real, 3 MB, 53.17 load
[runlim] sample:		2695.73 time, 2710.01 real, 3 MB, 53.14 load
[runlim] sample:		2705.68 time, 2720.01 real, 3 MB, 53.12 load
[runlim] sample:		2715.63 time, 2730.01 real, 3 MB, 53.10 load
[runlim] sample:		2725.58 time, 2740.01 real, 3 MB, 53.08 load
[runlim] sample:		2735.53 time, 2750.01 real, 3 MB, 53.14 load
[runlim] sample:		2745.48 time, 2760.01 real, 3 MB, 53.12 load
[runlim] sample:		2755.42 time, 2770.01 real, 3 MB, 53.10 load
[runlim] sample:		2765.37 time, 2780.01 real, 3 MB, 53.09 load
[runlim] sample:		2775.32 time, 2790.01 real, 3 MB, 53.07 load
[runlim] sample:		2785.27 time, 2800.01 real, 3 MB, 53.06 load
[runlim] sample:		2795.22 time, 2810.01 real, 3 MB, 53.13 load
[runlim] sample:		2805.17 time, 2820.01 real, 3 MB, 53.11 load
[runlim] sample:		2815.12 time, 2830.01 real, 3 MB, 53.09 load
[runlim] sample:		2825.06 time, 2840.01 real, 3 MB, 53.22 load
[runlim] sample:		2835.01 time, 2850.01 real, 3 MB, 53.26 load
[runlim] sample:		2844.96 time, 2860.01 real, 3 MB, 53.22 load
[runlim] sample:		2854.91 time, 2870.01 real, 3 MB, 53.19 load
[runlim] sample:		2864.86 time, 2880.01 real, 3 MB, 53.16 load
[runlim] sample:		2874.81 time, 2890.01 real, 3 MB, 53.21 load
[runlim] sample:		2884.76 time, 2900.01 real, 3 MB, 53.18 load
[runlim] sample:		2894.71 time, 2910.01 real, 3 MB, 53.15 load
[runlim] sample:		2904.66 time, 2920.01 real, 3 MB, 53.13 load
[runlim] sample:		2914.61 time, 2930.01 real, 3 MB, 53.11 load
[runlim] sample:		2924.56 time, 2940.01 real, 3 MB, 53.17 load
[runlim] sample:		2934.51 time, 2950.01 real, 3 MB, 53.22 load
[runlim] sample:		2944.46 time, 2960.01 real, 3 MB, 53.27 load
[runlim] sample:		2954.40 time, 2970.01 real, 3 MB, 53.23 load
[runlim] sample:		2964.35 time, 2980.01 real, 3 MB, 53.19 load
[runlim] sample:		2974.30 time, 2990.01 real, 3 MB, 53.16 load
[runlim] sample:		2984.25 time, 3000.01 real, 3 MB, 53.14 load
[runlim] sample:		2994.18 time, 3010.01 real, 3 MB, 53.12 load
[runlim] sample:		3004.13 time, 3020.01 real, 3 MB, 53.17 load
[runlim] sample:		3014.08 time, 3030.01 real, 3 MB, 53.14 load
[runlim] sample:		3024.03 time, 3040.01 real, 3 MB, 53.20 load
[runlim] sample:		3033.98 time, 3050.01 real, 3 MB, 53.17 load
[runlim] sample:		3043.93 time, 3060.01 real, 3 MB, 53.21 load
[runlim] sample:		3053.88 time, 3070.01 real, 3 MB, 53.18 load
[runlim] sample:		3063.83 time, 3080.01 real, 3 MB, 53.15 load
[runlim] sample:		3073.78 time, 3090.01 real, 3 MB, 53.20 load
[runlim] sample:		3083.73 time, 3100.01 real, 3 MB, 53.17 load
[runlim] sample:		3093.68 time, 3110.01 real, 3 MB, 53.14 load
[runlim] sample:		3103.63 time, 3120.01 real, 3 MB, 53.12 load
[runlim] sample:		3113.58 time, 3130.01 real, 3 MB, 53.10 load
[runlim] sample:		3123.53 time, 3140.01 real, 3 MB, 53.09 load
[runlim] sample:		3133.48 time, 3150.01 real, 3 MB, 53.15 load
[runlim] sample:		3143.43 time, 3160.01 real, 3 MB, 53.20 load
[runlim] sample:		3153.38 time, 3170.01 real, 3 MB, 53.17 load
[runlim] sample:		3163.33 time, 3180.01 real, 3 MB, 53.14 load
[runlim] sample:		3173.28 time, 3190.01 real, 3 MB, 53.12 load
[runlim] sample:		3183.23 time, 3200.01 real, 3 MB, 53.10 load
[runlim] sample:		3193.17 time, 3210.01 real, 3 MB, 53.16 load
[runlim] sample:		3203.12 time, 3220.01 real, 3 MB, 53.14 load
[runlim] sample:		3213.07 time, 3230.01 real, 3 MB, 53.11 load
[runlim] sample:		3223.02 time, 3240.01 real, 3 MB, 53.10 load
[runlim] sample:		3232.97 time, 3250.01 real, 3 MB, 53.08 load
[runlim] sample:		3242.92 time, 3260.01 real, 3 MB, 53.07 load
[runlim] sample:		3252.87 time, 3270.01 real, 3 MB, 53.14 load
[runlim] sample:		3262.81 time, 3280.01 real, 3 MB, 53.12 load
[runlim] sample:		3272.76 time, 3290.01 real, 3 MB, 53.17 load
[runlim] sample:		3282.71 time, 3300.01 real, 3 MB, 53.14 load
[runlim] sample:		3292.64 time, 3310.01 real, 3 MB, 53.12 load
[runlim] sample:		3302.59 time, 3320.01 real, 3 MB, 53.10 load
[runlim] sample:		3312.54 time, 3330.01 real, 3 MB, 53.09 load
[runlim] sample:		3322.49 time, 3340.01 real, 3 MB, 53.07 load
[runlim] sample:		3332.44 time, 3350.01 real, 3 MB, 53.14 load
[runlim] sample:		3342.39 time, 3360.01 real, 3 MB, 53.11 load
[runlim] sample:		3352.33 time, 3370.01 real, 3 MB, 53.10 load
[runlim] sample:		3362.28 time, 3380.01 real, 3 MB, 53.16 load
[runlim] sample:		3372.23 time, 3390.01 real, 3 MB, 53.14 load
[runlim] sample:		3382.18 time, 3400.01 real, 3 MB, 53.11 load
[runlim] sample:		3392.13 time, 3410.01 real, 3 MB, 53.17 load
[runlim] sample:		3402.08 time, 3420.01 real, 3 MB, 53.22 load
[runlim] sample:		3412.02 time, 3430.01 real, 3 MB, 53.19 load
[runlim] sample:		3421.97 time, 3440.01 real, 3 MB, 53.16 load
[runlim] sample:		3431.92 time, 3450.01 real, 3 MB, 53.13 load
[runlim] sample:		3441.87 time, 3460.01 real, 3 MB, 53.19 load
[runlim] sample:		3451.82 time, 3470.01 real, 3 MB, 53.32 load
[runlim] sample:		3461.77 time, 3480.01 real, 3 MB, 53.35 load
[runlim] sample:		3471.71 time, 3490.01 real, 3 MB, 53.30 load
[runlim] sample:		3481.66 time, 3500.01 real, 3 MB, 53.25 load
[runlim] sample:		3491.61 time, 3510.01 real, 3 MB, 53.21 load
[runlim] sample:		3501.56 time, 3520.01 real, 3 MB, 53.25 load
[runlim] sample:		3511.50 time, 3530.01 real, 3 MB, 53.37 load
[runlim] sample:		3521.45 time, 3540.01 real, 3 MB, 53.38 load
[runlim] sample:		3531.40 time, 3550.01 real, 3 MB, 53.32 load
[runlim] sample:		3541.35 time, 3560.01 real, 3 MB, 53.35 load
[runlim] sample:		3551.30 time, 3570.01 real, 3 MB, 53.29 load
[runlim] sample:		3561.25 time, 3580.01 real, 3 MB, 53.33 load
[runlim] sample:		3571.20 time, 3590.01 real, 3 MB, 53.35 load
[runlim] sample:		3581.15 time, 3600.01 real, 3 MB, 53.30 load
[runlim] sample:		3591.08 time, 3610.01 real, 3 MB, 53.25 load
[runlim] sample:		3601.03 time, 3620.01 real, 3 MB, 53.21 load
[runlim] sample:		3610.98 time, 3630.01 real, 3 MB, 53.18 load
[runlim] sample:		3620.93 time, 3640.01 real, 3 MB, 53.15 load
[runlim] sample:		3630.88 time, 3650.01 real, 3 MB, 53.28 load
[runlim] sample:		3640.82 time, 3660.01 real, 3 MB, 53.23 load
[runlim] sample:		3650.77 time, 3670.01 real, 3 MB, 53.28 load
[runlim] sample:		3660.72 time, 3680.01 real, 3 MB, 53.23 load
[runlim] sample:		3670.66 time, 3690.01 real, 3 MB, 53.20 load
[runlim] sample:		3680.61 time, 3700.01 real, 3 MB, 53.17 load
[runlim] sample:		3690.56 time, 3710.01 real, 3 MB, 53.14 load
[runlim] sample:		3700.50 time, 3720.01 real, 3 MB, 53.12 load
[runlim] sample:		3710.45 time, 3730.01 real, 3 MB, 53.10 load
[runlim] sample:		3720.40 time, 3740.01 real, 3 MB, 53.08 load
[runlim] sample:		3730.34 time, 3750.01 real, 3 MB, 53.07 load
[runlim] sample:		3740.29 time, 3760.01 real, 3 MB, 53.06 load
[runlim] sample:		3750.24 time, 3770.01 real, 3 MB, 53.05 load
[runlim] sample:		3760.19 time, 3780.01 real, 3 MB, 53.04 load
[runlim] sample:		3770.13 time, 3790.01 real, 3 MB, 53.11 load
[runlim] sample:		3780.08 time, 3800.01 real, 3 MB, 53.17 load
[runlim] sample:		3790.03 time, 3810.01 real, 3 MB, 53.14 load
[runlim] sample:		3799.98 time, 3820.01 real, 3 MB, 53.12 load
[runlim] sample:		3809.93 time, 3830.01 real, 3 MB, 53.10 load
[runlim] sample:		3819.87 time, 3840.01 real, 3 MB, 53.08 load
[runlim] sample:		3829.82 time, 3850.01 real, 3 MB, 53.14 load
[runlim] sample:		3839.77 time, 3860.01 real, 3 MB, 53.12 load
[runlim] sample:		3849.71 time, 3870.01 real, 3 MB, 53.10 load
[runlim] sample:		3859.66 time, 3880.01 real, 3 MB, 53.09 load
[runlim] sample:		3869.61 time, 3890.01 real, 3 MB, 53.07 load
[runlim] sample:		3879.55 time, 3900.01 real, 3 MB, 53.06 load
[runlim] sample:		3889.48 time, 3910.01 real, 3 MB, 53.13 load
[runlim] sample:		3899.43 time, 3920.01 real, 3 MB, 53.19 load
[runlim] sample:		3909.38 time, 3930.01 real, 3 MB, 53.24 load
[runlim] sample:		3919.33 time, 3940.01 real, 3 MB, 53.20 load
[runlim] sample:		3929.27 time, 3950.01 real, 3 MB, 53.17 load
[runlim] sample:		3939.22 time, 3960.01 real, 3 MB, 53.22 load
[runlim] sample:		3949.17 time, 3970.01 real, 3 MB, 53.27 load
[runlim] sample:		3959.11 time, 3980.01 real, 3 MB, 53.31 load
[runlim] sample:		3969.06 time, 3990.01 real, 3 MB, 53.33 load
[runlim] sample:		3979.01 time, 4000.01 real, 3 MB, 53.28 load
[runlim] sample:		3988.95 time, 4010.01 real, 3 MB, 53.32 load
[runlim] sample:		3998.90 time, 4020.01 real, 3 MB, 53.34 load
[runlim] sample:		4008.85 time, 4030.01 real, 3 MB, 53.37 load
[runlim] sample:		4018.79 time, 4040.01 real, 3 MB, 53.31 load
[runlim] sample:		4028.74 time, 4050.01 real, 3 MB, 53.34 load
[runlim] sample:		4038.68 time, 4060.01 real, 3 MB, 53.36 load
[runlim] sample:		4048.63 time, 4070.01 real, 3 MB, 53.39 load
[runlim] sample:		4058.58 time, 4080.01 real, 3 MB, 53.41 load
[runlim] sample:		4068.52 time, 4090.01 real, 3 MB, 53.34 load
[runlim] sample:		4078.47 time, 4100.01 real, 3 MB, 53.29 load
[runlim] sample:		4088.42 time, 4110.01 real, 3 MB, 53.33 load
[runlim] sample:		4098.37 time, 4120.01 real, 3 MB, 53.27 load
[runlim] sample:		4108.32 time, 4130.01 real, 3 MB, 53.31 load
[runlim] sample:		4118.26 time, 4140.01 real, 3 MB, 53.34 load
[runlim] sample:		4128.21 time, 4150.01 real, 3 MB, 53.37 load
[runlim] sample:		4138.16 time, 4160.01 real, 3 MB, 53.31 load
[runlim] sample:		4148.11 time, 4170.01 real, 3 MB, 53.34 load
[runlim] sample:		4158.06 time, 4180.01 real, 3 MB, 53.29 load
[runlim] sample:		4168.01 time, 4190.01 real, 3 MB, 53.39 load
[runlim] sample:		4177.96 time, 4200.01 real, 3 MB, 53.41 load
[runlim] sample:		4187.89 time, 4210.01 real, 3 MB, 53.35 load
[runlim] sample:		4197.84 time, 4220.01 real, 3 MB, 53.29 load
[runlim] sample:		4207.79 time, 4230.01 real, 3 MB, 53.25 load
[runlim] sample:		4217.74 time, 4240.01 real, 3 MB, 53.21 load
[runlim] sample:		4227.68 time, 4250.01 real, 3 MB, 53.18 load
[runlim] sample:		4237.63 time, 4260.01 real, 3 MB, 53.15 load
[runlim] sample:		4247.58 time, 4270.01 real, 3 MB, 53.13 load
[runlim] sample:		4257.52 time, 4280.01 real, 3 MB, 53.11 load
[runlim] sample:		4267.47 time, 4290.01 real, 3 MB, 53.17 load
[runlim] sample:		4277.42 time, 4300.01 real, 3 MB, 53.14 load
[runlim] sample:		4287.37 time, 4310.01 real, 3 MB, 53.12 load
[runlim] sample:		4297.31 time, 4320.01 real, 3 MB, 53.18 load
[runlim] sample:		4307.26 time, 4330.01 real, 3 MB, 53.22 load
[runlim] sample:		4317.21 time, 4340.01 real, 3 MB, 53.41 load
[runlim] sample:		4327.16 time, 4350.01 real, 3 MB, 53.88 load
[runlim] sample:		4337.10 time, 4360.01 real, 3 MB, 53.96 load
[runlim] sample:		4347.05 time, 4370.01 real, 3 MB, 54.11 load
[runlim] sample:		4357.00 time, 4380.01 real, 3 MB, 54.16 load
[runlim] sample:		4366.95 time, 4390.01 real, 3 MB, 54.12 load
[runlim] sample:		4376.90 time, 4400.01 real, 3 MB, 53.87 load
[runlim] sample:		4386.84 time, 4410.01 real, 3 MB, 54.26 load
[runlim] sample:		4396.79 time, 4420.01 real, 3 MB, 54.22 load
[runlim] sample:		4406.74 time, 4430.01 real, 3 MB, 54.33 load
[runlim] sample:		4416.69 time, 4440.01 real, 3 MB, 54.35 load
[runlim] sample:		4426.64 time, 4450.01 real, 3 MB, 54.30 load
[runlim] sample:		4436.59 time, 4460.01 real, 3 MB, 54.10 load
[runlim] sample:		4446.53 time, 4470.01 real, 3 MB, 54.30 load
[runlim] sample:		4456.48 time, 4480.01 real, 3 MB, 54.18 load
[runlim] sample:		4466.43 time, 4490.01 real, 3 MB, 54.07 load
[runlim] sample:		4476.38 time, 4500.01 real, 3 MB, 54.05 load
[runlim] sample:		4486.32 time, 4510.01 real, 3 MB, 53.96 load
[runlim] sample:		4496.27 time, 4520.01 real, 3 MB, 53.73 load
[runlim] sample:		4506.22 time, 4530.01 real, 3 MB, 53.47 load
[runlim] sample:		4516.17 time, 4540.01 real, 3 MB, 53.56 load
[runlim] sample:		4526.12 time, 4550.01 real, 3 MB, 53.40 load
[runlim] sample:		4536.06 time, 4560.01 real, 3 MB, 53.18 load
[runlim] sample:		4546.01 time, 4570.01 real, 3 MB, 53.39 load
[runlim] sample:		4555.96 time, 4580.01 real, 3 MB, 53.18 load
[runlim] sample:		4565.91 time, 4590.01 real, 3 MB, 53.08 load
[runlim] sample:		4575.86 time, 4600.01 real, 3 MB, 52.99 load
[runlim] sample:		4585.81 time, 4610.01 real, 3 MB, 52.92 load
[runlim] sample:		4595.76 time, 4620.01 real, 3 MB, 52.78 load
[runlim] sample:		4605.71 time, 4630.01 real, 3 MB, 52.81 load
[runlim] sample:		4615.66 time, 4640.01 real, 3 MB, 52.76 load
[runlim] sample:		4625.61 time, 4650.01 real, 3 MB, 52.64 load
[runlim] sample:		4635.56 time, 4660.01 real, 3 MB, 52.70 load
[runlim] sample:		4645.51 time, 4670.01 real, 3 MB, 52.68 load
[runlim] sample:		4655.45 time, 4680.01 real, 3 MB, 52.65 load
[runlim] sample:		4665.40 time, 4690.01 real, 3 MB, 52.79 load
[runlim] sample:		4675.35 time, 4700.01 real, 3 MB, 52.83 load
[runlim] sample:		4685.30 time, 4710.01 real, 3 MB, 52.78 load
[runlim] sample:		4695.25 time, 4720.01 real, 3 MB, 52.74 load
[runlim] sample:		4705.20 time, 4730.01 real, 3 MB, 52.63 load
[runlim] sample:		4715.14 time, 4740.01 real, 3 MB, 52.61 load
[runlim] sample:		4725.09 time, 4750.01 real, 3 MB, 52.67 load
[runlim] sample:		4735.04 time, 4760.01 real, 3 MB, 52.57 load
[runlim] sample:		4744.99 time, 4770.01 real, 3 MB, 52.48 load
[runlim] sample:		4754.93 time, 4780.01 real, 3 MB, 52.57 load
[runlim] sample:		4764.88 time, 4790.01 real, 3 MB, 52.48 load
[runlim] sample:		4774.83 time, 4800.01 real, 3 MB, 52.41 load
[runlim] sample:		4784.77 time, 4810.01 real, 3 MB, 52.82 load
[runlim] sample:		4794.72 time, 4820.01 real, 3 MB, 52.70 load
[runlim] sample:		4804.66 time, 4830.01 real, 3 MB, 52.59 load
[runlim] sample:		4814.61 time, 4840.01 real, 3 MB, 52.58 load
[runlim] sample:		4824.56 time, 4850.01 real, 3 MB, 52.57 load
[runlim] sample:		4834.51 time, 4860.01 real, 3 MB, 52.48 load
[runlim] sample:		4844.46 time, 4870.01 real, 3 MB, 52.49 load
[runlim] sample:		4854.41 time, 4880.01 real, 3 MB, 52.41 load
[runlim] sample:		4864.36 time, 4890.01 real, 3 MB, 52.35 load
[runlim] sample:		4874.31 time, 4900.01 real, 3 MB, 52.37 load
[runlim] sample:		4884.26 time, 4910.01 real, 3 MB, 52.32 load
[runlim] sample:		4894.20 time, 4920.01 real, 3 MB, 52.35 load
[runlim] sample:		4904.15 time, 4930.01 real, 3 MB, 52.37 load
[runlim] sample:		4914.10 time, 4940.01 real, 3 MB, 52.32 load
[runlim] sample:		4924.05 time, 4950.01 real, 3 MB, 52.27 load
[runlim] sample:		4934.00 time, 4960.01 real, 3 MB, 52.23 load
[runlim] sample:		4943.95 time, 4970.01 real, 3 MB, 51.02 load
[runlim] sample:		4953.90 time, 4980.01 real, 3 MB, 48.93 load
[runlim] sample:		4963.85 time, 4990.01 real, 3 MB, 46.02 load
[runlim] sample:		4973.81 time, 5000.01 real, 3 MB, 42.39 load
[runlim] end:			Thu Apr  9 19:25:27 2026
[runlim] status:		out of time
[runlim] result:		2
[runlim] children:		1
[runlim] processes:		2
[runlim] real:			5000.05 seconds
[runlim] time:			4973.81 seconds
[runlim] space:			3 MB
[runlim] load:			56.38 maximum
[runlim] samples:		50000
