[runlim] version:		2.0.0rc1
[runlim] host:			o02n06
[runlim] time limit:		311040000 seconds
[runlim] real time limit:	5000 seconds
[runlim] space limit:		7000 MB
[runlim] argv[0]:		./binary
[runlim] argv[1]:		-c
[runlim] argv[2]:		-r
[runlim] argv[3]:		/tmp/local-unzipped-12459990-2-93-mc2025_track1_079.cnf
[runlim] start:			Thu Apr  9 18:01:50 2026
[runlim] child:			1638992
[runlim] sample:		9.95 time, 10.01 real, 13 MB, 14.46 load
[runlim] sample:		19.90 time, 20.01 real, 15 MB, 17.00 load
[runlim] sample:		29.85 time, 30.01 real, 18 MB, 19.24 load
[runlim] sample:		39.80 time, 40.01 real, 17 MB, 21.05 load
[runlim] sample:		49.75 time, 50.01 real, 20 MB, 22.65 load
[runlim] sample:		59.70 time, 60.01 real, 18 MB, 23.93 load
[runlim] sample:		69.66 time, 70.01 real, 24 MB, 25.02 load
[runlim] sample:		79.61 time, 80.01 real, 25 MB, 25.94 load
[runlim] sample:		89.56 time, 90.01 real, 22 MB, 26.80 load
[runlim] sample:		99.51 time, 100.01 real, 22 MB, 27.44 load
[runlim] sample:		109.47 time, 110.01 real, 23 MB, 27.99 load
[runlim] sample:		119.42 time, 120.01 real, 26 MB, 28.45 load
[runlim] sample:		129.37 time, 130.01 real, 26 MB, 28.85 load
[runlim] sample:		139.32 time, 140.01 real, 30 MB, 29.10 load
[runlim] sample:		149.27 time, 150.01 real, 31 MB, 29.24 load
[runlim] sample:		159.22 time, 160.01 real, 26 MB, 29.35 load
[runlim] sample:		169.18 time, 170.01 real, 26 MB, 29.53 load
[runlim] sample:		179.13 time, 180.01 real, 26 MB, 29.60 load
[runlim] sample:		189.08 time, 190.01 real, 26 MB, 29.66 load
[runlim] sample:		199.03 time, 200.01 real, 30 MB, 29.79 load
[runlim] sample:		208.98 time, 210.01 real, 31 MB, 29.82 load
[runlim] sample:		218.94 time, 220.01 real, 31 MB, 29.85 load
[runlim] sample:		228.90 time, 230.01 real, 26 MB, 29.87 load
[runlim] sample:		238.85 time, 240.01 real, 31 MB, 29.89 load
[runlim] sample:		248.80 time, 250.01 real, 32 MB, 29.91 load
[runlim] sample:		258.74 time, 260.01 real, 27 MB, 30.08 load
[runlim] sample:		268.69 time, 270.01 real, 33 MB, 30.15 load
[runlim] sample:		278.65 time, 280.01 real, 27 MB, 30.13 load
[runlim] sample:		288.59 time, 290.01 real, 32 MB, 30.11 load
[runlim] sample:		298.54 time, 300.01 real, 33 MB, 30.09 load
[runlim] sample:		308.49 time, 310.01 real, 33 MB, 30.08 load
[runlim] sample:		318.44 time, 320.01 real, 38 MB, 30.06 load
[runlim] sample:		328.39 time, 330.01 real, 38 MB, 30.14 load
[runlim] sample:		338.34 time, 340.01 real, 38 MB, 30.11 load
[runlim] sample:		348.29 time, 350.01 real, 38 MB, 30.10 load
[runlim] sample:		358.24 time, 360.01 real, 45 MB, 30.24 load
[runlim] sample:		368.19 time, 370.01 real, 38 MB, 30.35 load
[runlim] sample:		378.14 time, 380.01 real, 38 MB, 30.45 load
[runlim] sample:		388.09 time, 390.01 real, 38 MB, 30.54 load
[runlim] sample:		398.04 time, 400.01 real, 38 MB, 30.68 load
[runlim] sample:		408.00 time, 410.01 real, 38 MB, 30.73 load
[runlim] sample:		417.95 time, 420.01 real, 42 MB, 30.85 load
[runlim] sample:		427.90 time, 430.01 real, 42 MB, 30.87 load
[runlim] sample:		437.85 time, 440.01 real, 36 MB, 30.73 load
[runlim] sample:		447.80 time, 450.01 real, 36 MB, 30.46 load
[runlim] sample:		457.76 time, 460.01 real, 36 MB, 30.31 load
[runlim] sample:		467.70 time, 470.01 real, 43 MB, 30.11 load
[runlim] sample:		477.65 time, 480.01 real, 50 MB, 29.94 load
[runlim] sample:		487.61 time, 490.01 real, 50 MB, 29.79 load
[runlim] sample:		497.56 time, 500.01 real, 50 MB, 29.67 load
[runlim] sample:		507.51 time, 510.01 real, 51 MB, 29.57 load
[runlim] sample:		517.46 time, 520.01 real, 51 MB, 29.55 load
[runlim] sample:		527.41 time, 530.01 real, 51 MB, 29.47 load
[runlim] sample:		537.36 time, 540.01 real, 38 MB, 29.40 load
[runlim] sample:		547.30 time, 550.01 real, 38 MB, 29.41 load
[runlim] sample:		557.26 time, 560.01 real, 37 MB, 29.35 load
[runlim] sample:		567.21 time, 570.01 real, 45 MB, 29.29 load
[runlim] sample:		577.16 time, 580.01 real, 54 MB, 29.32 load
[runlim] sample:		587.11 time, 590.01 real, 45 MB, 29.27 load
[runlim] sample:		597.05 time, 600.01 real, 46 MB, 29.23 load
[runlim] sample:		607.00 time, 610.01 real, 55 MB, 29.19 load
[runlim] sample:		616.95 time, 620.01 real, 55 MB, 29.16 load
[runlim] sample:		626.90 time, 630.01 real, 55 MB, 29.14 load
[runlim] sample:		636.85 time, 640.01 real, 55 MB, 29.19 load
[runlim] sample:		646.79 time, 650.01 real, 55 MB, 29.16 load
[runlim] sample:		656.74 time, 660.01 real, 55 MB, 28.98 load
[runlim] sample:		666.69 time, 670.01 real, 55 MB, 28.83 load
[runlim] sample:		676.64 time, 680.01 real, 55 MB, 28.70 load
[runlim] sample:		686.59 time, 690.01 real, 55 MB, 28.59 load
[runlim] sample:		696.53 time, 700.01 real, 55 MB, 28.50 load
[runlim] sample:		706.48 time, 710.01 real, 55 MB, 28.42 load
[runlim] sample:		716.43 time, 720.01 real, 55 MB, 28.36 load
[runlim] sample:		726.38 time, 730.01 real, 55 MB, 28.30 load
[runlim] sample:		736.33 time, 740.01 real, 55 MB, 28.26 load
[runlim] sample:		746.28 time, 750.01 real, 55 MB, 28.22 load
[runlim] sample:		756.22 time, 760.01 real, 55 MB, 28.18 load
[runlim] sample:		766.17 time, 770.01 real, 55 MB, 28.15 load
[runlim] sample:		776.12 time, 780.01 real, 55 MB, 28.13 load
[runlim] sample:		786.07 time, 790.01 real, 55 MB, 28.11 load
[runlim] sample:		796.02 time, 800.01 real, 55 MB, 28.09 load
[runlim] sample:		805.97 time, 810.01 real, 55 MB, 28.08 load
[runlim] sample:		815.92 time, 820.01 real, 55 MB, 28.07 load
[runlim] sample:		825.87 time, 830.01 real, 55 MB, 28.14 load
[runlim] sample:		835.81 time, 840.01 real, 55 MB, 28.26 load
[runlim] sample:		845.76 time, 850.01 real, 55 MB, 28.22 load
[runlim] sample:		855.71 time, 860.01 real, 55 MB, 28.19 load
[runlim] sample:		865.67 time, 870.01 real, 39 MB, 28.16 load
[runlim] sample:		875.61 time, 880.01 real, 40 MB, 28.13 load
[runlim] sample:		885.56 time, 890.01 real, 40 MB, 28.11 load
[runlim] sample:		895.50 time, 900.01 real, 40 MB, 28.09 load
[runlim] sample:		905.45 time, 910.01 real, 49 MB, 28.08 load
[runlim] sample:		915.40 time, 920.01 real, 49 MB, 28.15 load
[runlim] sample:		925.35 time, 930.01 real, 49 MB, 28.12 load
[runlim] sample:		935.31 time, 940.01 real, 49 MB, 28.10 load
[runlim] sample:		945.26 time, 950.01 real, 49 MB, 28.09 load
[runlim] sample:		955.21 time, 960.01 real, 49 MB, 28.07 load
[runlim] sample:		965.16 time, 970.01 real, 49 MB, 28.06 load
[runlim] sample:		975.11 time, 980.01 real, 52 MB, 28.05 load
[runlim] sample:		985.07 time, 990.01 real, 52 MB, 28.04 load
[runlim] sample:		995.02 time, 1000.01 real, 52 MB, 28.12 load
[runlim] sample:		1004.97 time, 1010.01 real, 52 MB, 28.10 load
[runlim] sample:		1014.93 time, 1020.01 real, 58 MB, 28.08 load
[runlim] sample:		1024.88 time, 1030.01 real, 58 MB, 28.07 load
[runlim] sample:		1034.83 time, 1040.01 real, 37 MB, 28.06 load
[runlim] end:			Thu Apr  9 18:19:12 2026
[runlim] status:		ok
[runlim] result:		0
[runlim] children:		1
[runlim] processes:		2
[runlim] real:			1042.77 seconds
[runlim] time:			1037.52 seconds
[runlim] space:			58 MB
[runlim] load:			30.88 maximum
[runlim] samples:		10427
