[runlim] version:		2.0.0rc1
[runlim] host:			o02n06
[runlim] time limit:		311040000 seconds
[runlim] real time limit:	5000 seconds
[runlim] space limit:		7000 MB
[runlim] argv[0]:		./binary
[runlim] argv[1]:		-c
[runlim] argv[2]:		-r
[runlim] argv[3]:		/tmp/local-unzipped-12459990-2-72-mc2025_track1_049.cnf
[runlim] start:			Thu Apr  9 18:01:28 2026
[runlim] child:			1638125
[runlim] sample:		9.96 time, 10.01 real, 3 MB, 8.97 load
[runlim] sample:		19.92 time, 20.01 real, 3 MB, 11.07 load
[runlim] sample:		29.87 time, 30.01 real, 3 MB, 14.46 load
[runlim] sample:		39.83 time, 40.01 real, 3 MB, 17.00 load
[runlim] sample:		49.79 time, 50.01 real, 3 MB, 19.24 load
[runlim] sample:		59.74 time, 60.01 real, 3 MB, 21.05 load
[runlim] sample:		69.69 time, 70.01 real, 3 MB, 22.65 load
[runlim] sample:		79.65 time, 80.01 real, 3 MB, 23.93 load
[runlim] sample:		89.61 time, 90.01 real, 3 MB, 25.02 load
[runlim] sample:		99.56 time, 100.01 real, 3 MB, 25.94 load
[runlim] sample:		109.52 time, 110.01 real, 3 MB, 26.80 load
[runlim] sample:		119.47 time, 120.01 real, 3 MB, 27.44 load
[runlim] sample:		129.44 time, 130.01 real, 3 MB, 27.99 load
[runlim] sample:		139.39 time, 140.01 real, 3 MB, 28.45 load
[runlim] sample:		149.35 time, 150.01 real, 3 MB, 28.85 load
[runlim] sample:		159.30 time, 160.01 real, 3 MB, 29.10 load
[runlim] sample:		169.26 time, 170.01 real, 3 MB, 29.24 load
[runlim] sample:		179.22 time, 180.01 real, 3 MB, 29.35 load
[runlim] sample:		189.17 time, 190.01 real, 3 MB, 29.53 load
[runlim] sample:		199.13 time, 200.01 real, 3 MB, 29.60 load
[runlim] sample:		209.09 time, 210.01 real, 3 MB, 29.66 load
[runlim] sample:		219.04 time, 220.01 real, 3 MB, 29.79 load
[runlim] sample:		229.00 time, 230.01 real, 3 MB, 29.82 load
[runlim] sample:		238.96 time, 240.01 real, 3 MB, 29.85 load
[runlim] sample:		248.91 time, 250.01 real, 3 MB, 29.87 load
[runlim] sample:		258.87 time, 260.01 real, 3 MB, 29.89 load
[runlim] sample:		268.83 time, 270.01 real, 3 MB, 29.91 load
[runlim] sample:		278.78 time, 280.01 real, 3 MB, 30.08 load
[runlim] sample:		288.72 time, 290.01 real, 3 MB, 30.15 load
[runlim] sample:		298.67 time, 300.01 real, 3 MB, 30.13 load
[runlim] sample:		308.62 time, 310.01 real, 3 MB, 30.11 load
[runlim] sample:		318.57 time, 320.01 real, 3 MB, 30.09 load
[runlim] sample:		328.52 time, 330.01 real, 3 MB, 30.08 load
[runlim] sample:		338.47 time, 340.01 real, 3 MB, 30.06 load
[runlim] sample:		348.42 time, 350.01 real, 3 MB, 30.14 load
[runlim] sample:		358.37 time, 360.01 real, 3 MB, 30.11 load
[runlim] sample:		368.32 time, 370.01 real, 3 MB, 30.10 load
[runlim] sample:		378.27 time, 380.01 real, 3 MB, 30.24 load
[runlim] sample:		388.22 time, 390.01 real, 3 MB, 30.35 load
[runlim] sample:		398.17 time, 400.01 real, 3 MB, 30.45 load
[runlim] sample:		408.13 time, 410.01 real, 3 MB, 30.54 load
[runlim] sample:		418.08 time, 420.01 real, 3 MB, 30.68 load
[runlim] sample:		428.03 time, 430.01 real, 3 MB, 30.73 load
[runlim] sample:		437.98 time, 440.01 real, 3 MB, 30.85 load
[runlim] sample:		447.93 time, 450.01 real, 3 MB, 30.87 load
[runlim] sample:		457.88 time, 460.01 real, 3 MB, 30.73 load
[runlim] sample:		467.83 time, 470.01 real, 3 MB, 30.46 load
[runlim] sample:		477.78 time, 480.01 real, 3 MB, 30.31 load
[runlim] sample:		487.73 time, 490.01 real, 3 MB, 30.11 load
[runlim] sample:		497.68 time, 500.01 real, 3 MB, 29.94 load
[runlim] sample:		507.63 time, 510.01 real, 3 MB, 29.79 load
[runlim] sample:		517.58 time, 520.01 real, 3 MB, 29.67 load
[runlim] sample:		527.53 time, 530.01 real, 3 MB, 29.57 load
[runlim] sample:		537.48 time, 540.01 real, 3 MB, 29.55 load
[runlim] sample:		547.43 time, 550.01 real, 3 MB, 29.47 load
[runlim] sample:		557.38 time, 560.01 real, 3 MB, 29.40 load
[runlim] sample:		567.33 time, 570.01 real, 3 MB, 29.41 load
[runlim] sample:		577.29 time, 580.01 real, 3 MB, 29.35 load
[runlim] sample:		587.24 time, 590.01 real, 3 MB, 29.29 load
[runlim] sample:		597.19 time, 600.01 real, 3 MB, 29.32 load
[runlim] sample:		607.14 time, 610.01 real, 3 MB, 29.27 load
[runlim] sample:		617.09 time, 620.01 real, 3 MB, 29.23 load
[runlim] sample:		627.04 time, 630.01 real, 3 MB, 29.19 load
[runlim] sample:		636.99 time, 640.01 real, 3 MB, 29.16 load
[runlim] sample:		646.94 time, 650.01 real, 3 MB, 29.14 load
[runlim] sample:		656.89 time, 660.01 real, 3 MB, 29.19 load
[runlim] sample:		666.84 time, 670.01 real, 3 MB, 29.16 load
[runlim] sample:		676.79 time, 680.01 real, 3 MB, 28.98 load
[runlim] sample:		686.74 time, 690.01 real, 3 MB, 28.83 load
[runlim] sample:		696.69 time, 700.01 real, 3 MB, 28.70 load
[runlim] sample:		706.64 time, 710.01 real, 3 MB, 28.59 load
[runlim] sample:		716.59 time, 720.01 real, 3 MB, 28.50 load
[runlim] sample:		726.54 time, 730.01 real, 3 MB, 28.42 load
[runlim] sample:		736.49 time, 740.01 real, 3 MB, 28.36 load
[runlim] sample:		746.44 time, 750.01 real, 3 MB, 28.30 load
[runlim] sample:		756.39 time, 760.01 real, 3 MB, 28.26 load
[runlim] sample:		766.34 time, 770.01 real, 3 MB, 28.22 load
[runlim] sample:		776.29 time, 780.01 real, 3 MB, 28.18 load
[runlim] sample:		786.24 time, 790.01 real, 3 MB, 28.15 load
[runlim] sample:		796.19 time, 800.01 real, 3 MB, 28.13 load
[runlim] sample:		806.14 time, 810.01 real, 3 MB, 28.11 load
[runlim] sample:		816.09 time, 820.01 real, 3 MB, 28.09 load
[runlim] sample:		826.04 time, 830.01 real, 3 MB, 28.08 load
[runlim] sample:		835.99 time, 840.01 real, 3 MB, 28.07 load
[runlim] sample:		845.95 time, 850.01 real, 3 MB, 28.14 load
[runlim] sample:		855.90 time, 860.01 real, 3 MB, 28.26 load
[runlim] sample:		865.85 time, 870.01 real, 3 MB, 28.22 load
[runlim] sample:		875.80 time, 880.01 real, 3 MB, 28.19 load
[runlim] sample:		885.75 time, 890.01 real, 3 MB, 28.16 load
[runlim] sample:		895.70 time, 900.01 real, 3 MB, 28.13 load
[runlim] sample:		905.65 time, 910.01 real, 3 MB, 28.11 load
[runlim] sample:		915.60 time, 920.01 real, 3 MB, 28.09 load
[runlim] sample:		925.55 time, 930.01 real, 3 MB, 28.08 load
[runlim] sample:		935.50 time, 940.01 real, 3 MB, 28.15 load
[runlim] sample:		945.46 time, 950.01 real, 3 MB, 28.12 load
[runlim] sample:		955.41 time, 960.01 real, 3 MB, 28.10 load
[runlim] sample:		965.36 time, 970.01 real, 3 MB, 28.09 load
[runlim] sample:		975.31 time, 980.01 real, 3 MB, 28.07 load
[runlim] sample:		985.27 time, 990.01 real, 3 MB, 28.06 load
[runlim] sample:		995.22 time, 1000.01 real, 3 MB, 28.05 load
[runlim] sample:		1005.17 time, 1010.01 real, 3 MB, 28.04 load
[runlim] sample:		1015.13 time, 1020.01 real, 3 MB, 28.12 load
[runlim] sample:		1025.08 time, 1030.01 real, 3 MB, 28.10 load
[runlim] sample:		1035.03 time, 1040.01 real, 3 MB, 28.08 load
[runlim] sample:		1044.98 time, 1050.01 real, 3 MB, 28.07 load
[runlim] sample:		1054.94 time, 1060.01 real, 3 MB, 28.06 load
[runlim] sample:		1064.89 time, 1070.01 real, 3 MB, 28.04 load
[runlim] sample:		1074.84 time, 1080.01 real, 3 MB, 27.96 load
[runlim] sample:		1084.79 time, 1090.01 real, 3 MB, 27.81 load
[runlim] sample:		1094.74 time, 1100.01 real, 3 MB, 27.69 load
[runlim] sample:		1104.69 time, 1110.01 real, 3 MB, 27.58 load
[runlim] sample:		1114.64 time, 1120.01 real, 3 MB, 27.49 load
[runlim] sample:		1124.60 time, 1130.01 real, 3 MB, 27.42 load
[runlim] sample:		1134.55 time, 1140.01 real, 3 MB, 27.43 load
[runlim] sample:		1144.50 time, 1150.01 real, 3 MB, 27.37 load
[runlim] sample:		1154.45 time, 1160.01 real, 3 MB, 27.31 load
[runlim] sample:		1164.40 time, 1170.01 real, 3 MB, 27.26 load
[runlim] sample:		1174.35 time, 1180.01 real, 3 MB, 27.22 load
[runlim] sample:		1184.30 time, 1190.01 real, 3 MB, 27.26 load
[runlim] sample:		1194.25 time, 1200.01 real, 3 MB, 27.22 load
[runlim] sample:		1204.20 time, 1210.01 real, 3 MB, 27.18 load
[runlim] sample:		1214.14 time, 1220.01 real, 3 MB, 27.24 load
[runlim] sample:		1224.09 time, 1230.01 real, 3 MB, 27.20 load
[runlim] sample:		1234.04 time, 1240.01 real, 3 MB, 27.17 load
[runlim] sample:		1243.99 time, 1250.01 real, 3 MB, 27.14 load
[runlim] sample:		1253.94 time, 1260.01 real, 3 MB, 27.12 load
[runlim] sample:		1263.88 time, 1270.01 real, 3 MB, 27.10 load
[runlim] sample:		1273.83 time, 1280.01 real, 3 MB, 27.08 load
[runlim] sample:		1283.78 time, 1290.01 real, 3 MB, 27.07 load
[runlim] sample:		1293.73 time, 1300.01 real, 3 MB, 27.06 load
[runlim] sample:		1303.68 time, 1310.01 real, 3 MB, 27.12 load
[runlim] sample:		1313.63 time, 1320.01 real, 3 MB, 27.11 load
[runlim] sample:		1323.58 time, 1330.01 real, 3 MB, 27.09 load
[runlim] sample:		1333.52 time, 1340.01 real, 3 MB, 27.16 load
[runlim] sample:		1343.47 time, 1350.01 real, 3 MB, 27.13 load
[runlim] sample:		1353.42 time, 1360.01 real, 3 MB, 27.11 load
[runlim] sample:		1363.37 time, 1370.01 real, 3 MB, 27.09 load
[runlim] sample:		1373.32 time, 1380.01 real, 3 MB, 27.08 load
[runlim] sample:		1383.27 time, 1390.01 real, 3 MB, 27.07 load
[runlim] sample:		1393.22 time, 1400.01 real, 3 MB, 27.06 load
[runlim] sample:		1403.17 time, 1410.01 real, 3 MB, 27.05 load
[runlim] sample:		1413.12 time, 1420.01 real, 3 MB, 27.12 load
[runlim] sample:		1423.07 time, 1430.01 real, 3 MB, 27.10 load
[runlim] sample:		1433.02 time, 1440.01 real, 3 MB, 27.08 load
[runlim] sample:		1442.97 time, 1450.01 real, 3 MB, 27.07 load
[runlim] sample:		1452.92 time, 1460.01 real, 3 MB, 27.13 load
[runlim] sample:		1462.87 time, 1470.01 real, 3 MB, 27.11 load
[runlim] sample:		1472.82 time, 1480.01 real, 3 MB, 27.10 load
[runlim] sample:		1482.77 time, 1490.01 real, 3 MB, 27.08 load
[runlim] sample:		1492.72 time, 1500.01 real, 3 MB, 27.07 load
[runlim] sample:		1502.67 time, 1510.01 real, 3 MB, 27.06 load
[runlim] sample:		1512.62 time, 1520.01 real, 3 MB, 27.05 load
[runlim] sample:		1522.57 time, 1530.01 real, 3 MB, 27.04 load
[runlim] sample:		1532.52 time, 1540.01 real, 3 MB, 27.11 load
[runlim] sample:		1542.47 time, 1550.01 real, 3 MB, 27.18 load
[runlim] sample:		1552.42 time, 1560.01 real, 3 MB, 27.15 load
[runlim] sample:		1562.37 time, 1570.01 real, 3 MB, 27.20 load
[runlim] sample:		1572.32 time, 1580.01 real, 3 MB, 27.17 load
[runlim] sample:		1582.27 time, 1590.01 real, 3 MB, 27.14 load
[runlim] sample:		1592.22 time, 1600.01 real, 3 MB, 27.12 load
[runlim] sample:		1602.17 time, 1610.01 real, 3 MB, 27.10 load
[runlim] sample:		1612.12 time, 1620.01 real, 3 MB, 27.16 load
[runlim] sample:		1622.07 time, 1630.01 real, 3 MB, 27.14 load
[runlim] sample:		1632.02 time, 1640.01 real, 3 MB, 27.12 load
[runlim] sample:		1641.97 time, 1650.01 real, 3 MB, 27.10 load
[runlim] sample:		1651.92 time, 1660.01 real, 3 MB, 27.08 load
[runlim] sample:		1661.87 time, 1670.01 real, 3 MB, 27.15 load
[runlim] sample:		1671.82 time, 1680.01 real, 3 MB, 27.13 load
[runlim] sample:		1681.77 time, 1690.01 real, 3 MB, 27.18 load
[runlim] sample:		1691.72 time, 1700.01 real, 3 MB, 27.15 load
[runlim] sample:		1701.67 time, 1710.01 real, 3 MB, 27.13 load
[runlim] sample:		1711.62 time, 1720.01 real, 3 MB, 27.11 load
[runlim] sample:		1721.57 time, 1730.01 real, 3 MB, 27.09 load
[runlim] sample:		1731.52 time, 1740.01 real, 3 MB, 27.08 load
[runlim] sample:		1741.47 time, 1750.01 real, 3 MB, 27.06 load
[runlim] sample:		1751.42 time, 1760.01 real, 3 MB, 27.13 load
[runlim] sample:		1761.37 time, 1770.01 real, 3 MB, 27.11 load
[runlim] sample:		1771.32 time, 1780.01 real, 3 MB, 27.09 load
[runlim] sample:		1781.27 time, 1790.01 real, 3 MB, 27.08 load
[runlim] sample:		1791.22 time, 1800.01 real, 3 MB, 27.06 load
[runlim] sample:		1801.17 time, 1810.01 real, 3 MB, 27.05 load
[runlim] sample:		1811.12 time, 1820.01 real, 3 MB, 27.05 load
[runlim] sample:		1821.07 time, 1830.01 real, 3 MB, 27.04 load
[runlim] sample:		1831.02 time, 1840.01 real, 3 MB, 27.03 load
[runlim] sample:		1840.98 time, 1850.01 real, 3 MB, 27.03 load
[runlim] sample:		1850.92 time, 1860.01 real, 3 MB, 27.02 load
[runlim] sample:		1860.88 time, 1870.01 real, 3 MB, 27.02 load
[runlim] sample:		1870.83 time, 1880.01 real, 3 MB, 27.02 load
[runlim] sample:		1880.78 time, 1890.01 real, 3 MB, 27.01 load
[runlim] sample:		1890.73 time, 1900.01 real, 3 MB, 27.01 load
[runlim] sample:		1900.68 time, 1910.01 real, 3 MB, 27.01 load
[runlim] sample:		1910.63 time, 1920.01 real, 3 MB, 27.01 load
[runlim] sample:		1920.58 time, 1930.01 real, 3 MB, 27.00 load
[runlim] sample:		1930.53 time, 1940.01 real, 3 MB, 27.00 load
[runlim] sample:		1940.48 time, 1950.01 real, 3 MB, 27.00 load
[runlim] sample:		1950.44 time, 1960.01 real, 3 MB, 27.00 load
[runlim] sample:		1960.39 time, 1970.01 real, 3 MB, 27.00 load
[runlim] sample:		1970.34 time, 1980.01 real, 3 MB, 27.00 load
[runlim] sample:		1980.30 time, 1990.01 real, 3 MB, 27.00 load
[runlim] sample:		1990.25 time, 2000.01 real, 3 MB, 27.00 load
[runlim] sample:		2000.20 time, 2010.01 real, 3 MB, 27.00 load
[runlim] sample:		2010.15 time, 2020.01 real, 3 MB, 27.00 load
[runlim] sample:		2020.10 time, 2030.01 real, 3 MB, 27.00 load
[runlim] sample:		2030.05 time, 2040.01 real, 3 MB, 27.00 load
[runlim] sample:		2040.00 time, 2050.01 real, 3 MB, 27.08 load
[runlim] sample:		2049.95 time, 2060.01 real, 3 MB, 27.07 load
[runlim] sample:		2059.90 time, 2070.01 real, 3 MB, 27.13 load
[runlim] sample:		2069.85 time, 2080.01 real, 3 MB, 27.11 load
[runlim] sample:		2079.80 time, 2090.01 real, 3 MB, 27.17 load
[runlim] sample:		2089.75 time, 2100.01 real, 3 MB, 27.14 load
[runlim] sample:		2099.70 time, 2110.01 real, 3 MB, 27.12 load
[runlim] sample:		2109.65 time, 2120.01 real, 3 MB, 27.25 load
[runlim] sample:		2119.60 time, 2130.01 real, 3 MB, 27.21 load
[runlim] sample:		2129.55 time, 2140.01 real, 3 MB, 27.18 load
[runlim] sample:		2139.50 time, 2150.01 real, 3 MB, 27.15 load
[runlim] sample:		2149.45 time, 2160.01 real, 3 MB, 27.12 load
[runlim] sample:		2159.40 time, 2170.01 real, 3 MB, 27.11 load
[runlim] sample:		2169.35 time, 2180.01 real, 3 MB, 27.09 load
[runlim] sample:		2179.30 time, 2190.01 real, 3 MB, 27.15 load
[runlim] sample:		2189.25 time, 2200.01 real, 3 MB, 27.13 load
[runlim] sample:		2199.20 time, 2210.01 real, 3 MB, 27.11 load
[runlim] sample:		2209.15 time, 2220.01 real, 3 MB, 27.17 load
[runlim] sample:		2219.10 time, 2230.01 real, 3 MB, 27.14 load
[runlim] sample:		2229.05 time, 2240.01 real, 3 MB, 27.12 load
[runlim] sample:		2239.00 time, 2250.01 real, 3 MB, 27.10 load
[runlim] sample:		2248.95 time, 2260.01 real, 3 MB, 27.09 load
[runlim] sample:		2258.90 time, 2270.01 real, 3 MB, 27.07 load
[runlim] sample:		2268.85 time, 2280.01 real, 3 MB, 27.14 load
[runlim] sample:		2278.80 time, 2290.01 real, 3 MB, 27.12 load
[runlim] sample:		2288.75 time, 2300.01 real, 3 MB, 27.10 load
[runlim] sample:		2298.70 time, 2310.01 real, 3 MB, 27.08 load
[runlim] sample:		2308.65 time, 2320.01 real, 3 MB, 27.15 load
[runlim] sample:		2318.60 time, 2330.01 real, 3 MB, 27.13 load
[runlim] sample:		2328.55 time, 2340.01 real, 3 MB, 27.19 load
[runlim] sample:		2338.50 time, 2350.01 real, 3 MB, 27.16 load
[runlim] sample:		2348.44 time, 2360.01 real, 3 MB, 27.13 load
[runlim] sample:		2358.39 time, 2370.01 real, 3 MB, 27.11 load
[runlim] sample:		2368.34 time, 2380.01 real, 3 MB, 27.10 load
[runlim] sample:		2378.29 time, 2390.01 real, 3 MB, 27.08 load
[runlim] sample:		2388.24 time, 2400.01 real, 3 MB, 27.15 load
[runlim] sample:		2398.19 time, 2410.01 real, 3 MB, 27.12 load
[runlim] sample:		2408.14 time, 2420.01 real, 3 MB, 27.18 load
[runlim] sample:		2418.09 time, 2430.01 real, 3 MB, 27.15 load
[runlim] sample:		2428.04 time, 2440.01 real, 3 MB, 27.13 load
[runlim] sample:		2437.99 time, 2450.01 real, 3 MB, 27.11 load
[runlim] sample:		2447.94 time, 2460.01 real, 3 MB, 27.17 load
[runlim] sample:		2457.89 time, 2470.01 real, 3 MB, 27.14 load
[runlim] sample:		2467.84 time, 2480.01 real, 3 MB, 27.12 load
[runlim] sample:		2477.79 time, 2490.01 real, 3 MB, 27.10 load
[runlim] sample:		2487.74 time, 2500.01 real, 3 MB, 27.09 load
[runlim] sample:		2497.69 time, 2510.01 real, 3 MB, 27.07 load
[runlim] sample:		2507.64 time, 2520.01 real, 3 MB, 27.06 load
[runlim] sample:		2517.58 time, 2530.01 real, 3 MB, 27.05 load
[runlim] sample:		2527.53 time, 2540.01 real, 3 MB, 27.04 load
[runlim] sample:		2537.48 time, 2550.01 real, 3 MB, 27.12 load
[runlim] sample:		2547.43 time, 2560.01 real, 3 MB, 27.10 load
[runlim] sample:		2557.38 time, 2570.01 real, 3 MB, 27.16 load
[runlim] sample:		2567.33 time, 2580.01 real, 3 MB, 27.21 load
[runlim] sample:		2577.28 time, 2590.01 real, 3 MB, 27.18 load
[runlim] sample:		2587.23 time, 2600.01 real, 3 MB, 27.15 load
[runlim] sample:		2597.18 time, 2610.01 real, 3 MB, 27.13 load
[runlim] sample:		2607.12 time, 2620.01 real, 3 MB, 27.11 load
[runlim] sample:		2617.07 time, 2630.01 real, 3 MB, 27.09 load
[runlim] sample:		2627.02 time, 2640.01 real, 3 MB, 27.16 load
[runlim] sample:		2636.97 time, 2650.01 real, 3 MB, 27.13 load
[runlim] sample:		2646.92 time, 2660.01 real, 3 MB, 27.19 load
[runlim] sample:		2656.87 time, 2670.01 real, 3 MB, 27.16 load
[runlim] sample:		2666.82 time, 2680.01 real, 3 MB, 27.13 load
[runlim] sample:		2676.77 time, 2690.01 real, 3 MB, 27.19 load
[runlim] sample:		2686.72 time, 2700.01 real, 3 MB, 27.16 load
[runlim] sample:		2696.67 time, 2710.01 real, 3 MB, 27.13 load
[runlim] sample:		2706.62 time, 2720.01 real, 3 MB, 27.19 load
[runlim] sample:		2716.56 time, 2730.01 real, 3 MB, 27.16 load
[runlim] sample:		2726.51 time, 2740.01 real, 3 MB, 27.14 load
[runlim] sample:		2736.46 time, 2750.01 real, 3 MB, 27.12 load
[runlim] sample:		2746.41 time, 2760.01 real, 3 MB, 27.10 load
[runlim] sample:		2756.36 time, 2770.01 real, 3 MB, 27.08 load
[runlim] sample:		2766.31 time, 2780.01 real, 3 MB, 27.15 load
[runlim] sample:		2776.26 time, 2790.01 real, 3 MB, 27.13 load
[runlim] sample:		2786.20 time, 2800.01 real, 3 MB, 27.11 load
[runlim] sample:		2796.15 time, 2810.01 real, 3 MB, 27.09 load
[runlim] sample:		2806.10 time, 2820.01 real, 3 MB, 27.08 load
[runlim] sample:		2816.05 time, 2830.01 real, 3 MB, 27.06 load
[runlim] sample:		2826.00 time, 2840.01 real, 3 MB, 27.13 load
[runlim] sample:		2835.95 time, 2850.01 real, 3 MB, 27.11 load
[runlim] sample:		2845.90 time, 2860.01 real, 3 MB, 27.09 load
[runlim] sample:		2855.85 time, 2870.01 real, 3 MB, 27.15 load
[runlim] sample:		2865.80 time, 2880.01 real, 3 MB, 27.13 load
[runlim] sample:		2875.75 time, 2890.01 real, 3 MB, 27.11 load
[runlim] sample:		2885.70 time, 2900.01 real, 3 MB, 27.09 load
[runlim] sample:		2895.65 time, 2910.01 real, 3 MB, 27.08 load
[runlim] sample:		2905.60 time, 2920.01 real, 3 MB, 27.06 load
[runlim] sample:		2915.55 time, 2930.01 real, 3 MB, 27.05 load
[runlim] sample:		2925.50 time, 2940.01 real, 3 MB, 27.05 load
[runlim] sample:		2935.45 time, 2950.01 real, 3 MB, 27.04 load
[runlim] sample:		2945.40 time, 2960.01 real, 3 MB, 27.03 load
[runlim] sample:		2955.35 time, 2970.01 real, 3 MB, 27.03 load
[runlim] sample:		2965.30 time, 2980.01 real, 3 MB, 27.02 load
[runlim] sample:		2975.25 time, 2990.01 real, 3 MB, 27.02 load
[runlim] sample:		2985.20 time, 3000.01 real, 3 MB, 27.02 load
[runlim] sample:		2995.15 time, 3010.01 real, 3 MB, 27.01 load
[runlim] sample:		3005.10 time, 3020.01 real, 3 MB, 27.01 load
[runlim] sample:		3015.05 time, 3030.01 real, 3 MB, 27.01 load
[runlim] sample:		3025.00 time, 3040.01 real, 3 MB, 27.01 load
[runlim] sample:		3034.95 time, 3050.01 real, 3 MB, 27.09 load
[runlim] sample:		3044.90 time, 3060.01 real, 3 MB, 27.07 load
[runlim] sample:		3054.85 time, 3070.01 real, 3 MB, 27.13 load
[runlim] sample:		3064.80 time, 3080.01 real, 3 MB, 27.11 load
[runlim] sample:		3074.75 time, 3090.01 real, 3 MB, 27.10 load
[runlim] sample:		3084.70 time, 3100.01 real, 3 MB, 27.08 load
[runlim] sample:		3094.65 time, 3110.01 real, 3 MB, 27.07 load
[runlim] sample:		3104.60 time, 3120.01 real, 3 MB, 27.29 load
[runlim] sample:		3114.55 time, 3130.01 real, 3 MB, 27.25 load
[runlim] sample:		3124.50 time, 3140.01 real, 3 MB, 27.21 load
[runlim] sample:		3134.45 time, 3150.01 real, 3 MB, 27.17 load
[runlim] sample:		3144.40 time, 3160.01 real, 3 MB, 27.07 load
[runlim] sample:		3154.35 time, 3170.01 real, 3 MB, 26.90 load
[runlim] sample:		3164.30 time, 3180.01 real, 3 MB, 26.84 load
[runlim] sample:		3174.25 time, 3190.01 real, 3 MB, 26.79 load
[runlim] sample:		3184.20 time, 3200.01 real, 3 MB, 26.67 load
[runlim] sample:		3194.15 time, 3210.01 real, 3 MB, 26.56 load
[runlim] sample:		3204.10 time, 3220.01 real, 3 MB, 26.48 load
[runlim] sample:		3214.05 time, 3230.01 real, 3 MB, 26.40 load
[runlim] sample:		3224.00 time, 3240.01 real, 3 MB, 26.42 load
[runlim] sample:		3233.95 time, 3250.01 real, 3 MB, 26.36 load
[runlim] sample:		3243.90 time, 3260.01 real, 3 MB, 26.30 load
[runlim] sample:		3253.85 time, 3270.01 real, 3 MB, 26.25 load
[runlim] sample:		3263.80 time, 3280.01 real, 3 MB, 26.21 load
[runlim] sample:		3273.75 time, 3290.01 real, 3 MB, 26.18 load
[runlim] sample:		3283.70 time, 3300.01 real, 3 MB, 26.15 load
[runlim] sample:		3293.66 time, 3310.01 real, 3 MB, 26.13 load
[runlim] sample:		3303.61 time, 3320.01 real, 3 MB, 26.19 load
[runlim] sample:		3313.56 time, 3330.01 real, 3 MB, 26.16 load
[runlim] sample:		3323.51 time, 3340.01 real, 3 MB, 26.13 load
[runlim] sample:		3333.46 time, 3350.01 real, 3 MB, 26.11 load
[runlim] sample:		3343.41 time, 3360.01 real, 3 MB, 26.10 load
[runlim] sample:		3353.36 time, 3370.01 real, 3 MB, 26.08 load
[runlim] sample:		3363.31 time, 3380.01 real, 3 MB, 26.15 load
[runlim] sample:		3373.26 time, 3390.01 real, 3 MB, 26.12 load
[runlim] sample:		3383.21 time, 3400.01 real, 3 MB, 26.10 load
[runlim] sample:		3393.16 time, 3410.01 real, 3 MB, 26.09 load
[runlim] sample:		3403.11 time, 3420.01 real, 3 MB, 26.07 load
[runlim] sample:		3413.06 time, 3430.01 real, 3 MB, 26.06 load
[runlim] sample:		3423.01 time, 3440.01 real, 3 MB, 26.13 load
[runlim] sample:		3432.96 time, 3450.01 real, 3 MB, 26.11 load
[runlim] sample:		3442.92 time, 3460.01 real, 3 MB, 26.09 load
[runlim] sample:		3452.87 time, 3470.01 real, 3 MB, 26.08 load
[runlim] sample:		3462.82 time, 3480.01 real, 3 MB, 26.07 load
[runlim] sample:		3472.77 time, 3490.01 real, 3 MB, 26.06 load
[runlim] sample:		3482.72 time, 3500.01 real, 3 MB, 26.13 load
[runlim] sample:		3492.67 time, 3510.01 real, 3 MB, 26.11 load
[runlim] sample:		3502.62 time, 3520.01 real, 3 MB, 26.09 load
[runlim] sample:		3512.57 time, 3530.01 real, 3 MB, 26.08 load
[runlim] sample:		3522.52 time, 3540.01 real, 3 MB, 26.06 load
[runlim] sample:		3532.47 time, 3550.01 real, 3 MB, 26.13 load
[runlim] sample:		3542.42 time, 3560.01 real, 3 MB, 26.19 load
[runlim] sample:		3552.37 time, 3570.01 real, 3 MB, 26.24 load
[runlim] sample:		3562.32 time, 3580.01 real, 3 MB, 26.20 load
[runlim] sample:		3572.27 time, 3590.01 real, 3 MB, 26.17 load
[runlim] sample:		3582.22 time, 3600.01 real, 3 MB, 26.14 load
[runlim] sample:		3592.17 time, 3610.01 real, 3 MB, 26.12 load
[runlim] sample:		3602.13 time, 3620.01 real, 3 MB, 26.18 load
[runlim] sample:		3612.08 time, 3630.01 real, 3 MB, 26.15 load
[runlim] sample:		3622.03 time, 3640.01 real, 3 MB, 26.13 load
[runlim] sample:		3631.98 time, 3650.01 real, 3 MB, 26.11 load
[runlim] sample:		3641.93 time, 3660.01 real, 3 MB, 26.09 load
[runlim] sample:		3651.88 time, 3670.01 real, 3 MB, 26.08 load
[runlim] sample:		3661.84 time, 3680.01 real, 3 MB, 26.15 load
[runlim] sample:		3671.79 time, 3690.01 real, 3 MB, 26.12 load
[runlim] sample:		3681.74 time, 3700.01 real, 3 MB, 26.10 load
[runlim] sample:		3691.69 time, 3710.01 real, 3 MB, 26.09 load
[runlim] sample:		3701.64 time, 3720.01 real, 3 MB, 26.07 load
[runlim] sample:		3711.59 time, 3730.01 real, 3 MB, 26.06 load
[runlim] sample:		3721.55 time, 3740.01 real, 3 MB, 26.05 load
[runlim] sample:		3731.50 time, 3750.01 real, 3 MB, 26.04 load
[runlim] sample:		3741.45 time, 3760.01 real, 3 MB, 26.04 load
[runlim] sample:		3751.40 time, 3770.01 real, 3 MB, 26.03 load
[runlim] sample:		3761.35 time, 3780.01 real, 3 MB, 26.02 load
[runlim] sample:		3771.31 time, 3790.01 real, 3 MB, 26.02 load
[runlim] sample:		3781.26 time, 3800.01 real, 3 MB, 26.02 load
[runlim] sample:		3791.21 time, 3810.01 real, 3 MB, 26.01 load
[runlim] sample:		3801.17 time, 3820.01 real, 3 MB, 26.17 load
[runlim] sample:		3811.12 time, 3830.01 real, 3 MB, 26.14 load
[runlim] sample:		3821.08 time, 3840.01 real, 3 MB, 26.12 load
[runlim] sample:		3831.03 time, 3850.01 real, 3 MB, 26.10 load
[runlim] sample:		3840.98 time, 3860.01 real, 3 MB, 26.09 load
[runlim] sample:		3850.94 time, 3870.01 real, 3 MB, 26.07 load
[runlim] sample:		3860.89 time, 3880.01 real, 3 MB, 26.14 load
[runlim] sample:		3870.85 time, 3890.01 real, 3 MB, 26.12 load
[runlim] sample:		3880.80 time, 3900.01 real, 3 MB, 26.10 load
[runlim] sample:		3890.76 time, 3910.01 real, 3 MB, 26.16 load
[runlim] sample:		3900.72 time, 3920.01 real, 3 MB, 26.13 load
[runlim] sample:		3910.67 time, 3930.01 real, 3 MB, 26.11 load
[runlim] sample:		3920.63 time, 3940.01 real, 3 MB, 26.18 load
[runlim] sample:		3930.58 time, 3950.01 real, 3 MB, 26.15 load
[runlim] sample:		3940.54 time, 3960.01 real, 3 MB, 26.12 load
[runlim] sample:		3950.49 time, 3970.01 real, 3 MB, 26.11 load
[runlim] sample:		3960.44 time, 3980.01 real, 3 MB, 26.09 load
[runlim] sample:		3970.40 time, 3990.01 real, 3 MB, 26.07 load
[runlim] sample:		3980.35 time, 4000.01 real, 3 MB, 26.06 load
[runlim] sample:		3990.31 time, 4010.01 real, 3 MB, 26.05 load
[runlim] sample:		4000.26 time, 4020.01 real, 3 MB, 26.12 load
[runlim] sample:		4010.22 time, 4030.01 real, 3 MB, 26.10 load
[runlim] sample:		4020.17 time, 4040.01 real, 3 MB, 26.09 load
[runlim] sample:		4030.13 time, 4050.01 real, 3 MB, 26.15 load
[runlim] sample:		4040.08 time, 4060.01 real, 3 MB, 26.13 load
[runlim] sample:		4050.04 time, 4070.01 real, 3 MB, 26.26 load
[runlim] sample:		4059.99 time, 4080.01 real, 3 MB, 26.30 load
[runlim] sample:		4069.95 time, 4090.01 real, 3 MB, 26.25 load
[runlim] sample:		4079.90 time, 4100.01 real, 3 MB, 26.21 load
[runlim] sample:		4089.86 time, 4110.01 real, 3 MB, 26.18 load
[runlim] sample:		4099.81 time, 4120.01 real, 3 MB, 26.15 load
[runlim] sample:		4109.77 time, 4130.01 real, 3 MB, 26.13 load
[runlim] sample:		4119.72 time, 4140.01 real, 3 MB, 26.11 load
[runlim] sample:		4129.68 time, 4150.01 real, 3 MB, 26.09 load
[runlim] sample:		4139.63 time, 4160.01 real, 3 MB, 26.08 load
[runlim] sample:		4149.59 time, 4170.01 real, 3 MB, 26.14 load
[runlim] sample:		4159.54 time, 4180.01 real, 3 MB, 26.12 load
[runlim] sample:		4169.49 time, 4190.01 real, 3 MB, 26.10 load
[runlim] sample:		4179.45 time, 4200.01 real, 3 MB, 26.09 load
[runlim] sample:		4189.40 time, 4210.01 real, 3 MB, 26.07 load
[runlim] sample:		4199.35 time, 4220.01 real, 3 MB, 26.14 load
[runlim] sample:		4209.31 time, 4230.01 real, 3 MB, 26.12 load
[runlim] sample:		4219.26 time, 4240.01 real, 3 MB, 26.10 load
[runlim] sample:		4229.21 time, 4250.01 real, 3 MB, 26.16 load
[runlim] sample:		4239.17 time, 4260.01 real, 3 MB, 26.13 load
[runlim] sample:		4249.12 time, 4270.01 real, 3 MB, 26.11 load
[runlim] sample:		4259.07 time, 4280.01 real, 3 MB, 26.10 load
[runlim] sample:		4269.03 time, 4290.01 real, 3 MB, 26.15 load
[runlim] sample:		4278.98 time, 4300.01 real, 3 MB, 26.13 load
[runlim] sample:		4288.94 time, 4310.01 real, 3 MB, 26.18 load
[runlim] sample:		4298.89 time, 4320.01 real, 3 MB, 26.23 load
[runlim] sample:		4308.84 time, 4330.01 real, 3 MB, 26.19 load
[runlim] sample:		4318.80 time, 4340.01 real, 3 MB, 26.16 load
[runlim] sample:		4328.75 time, 4350.01 real, 3 MB, 26.14 load
[runlim] sample:		4338.70 time, 4360.01 real, 3 MB, 26.12 load
[runlim] sample:		4348.66 time, 4370.01 real, 3 MB, 26.10 load
[runlim] sample:		4358.61 time, 4380.01 real, 3 MB, 26.08 load
[runlim] sample:		4368.57 time, 4390.01 real, 3 MB, 26.07 load
[runlim] sample:		4378.52 time, 4400.01 real, 3 MB, 26.06 load
[runlim] sample:		4388.48 time, 4410.01 real, 3 MB, 26.05 load
[runlim] sample:		4398.43 time, 4420.01 real, 3 MB, 26.12 load
[runlim] sample:		4408.38 time, 4430.01 real, 3 MB, 26.18 load
[runlim] sample:		4418.33 time, 4440.01 real, 3 MB, 26.15 load
[runlim] sample:		4428.29 time, 4450.01 real, 3 MB, 26.20 load
[runlim] sample:		4438.24 time, 4460.01 real, 3 MB, 26.17 load
[runlim] sample:		4448.19 time, 4470.01 real, 3 MB, 26.29 load
[runlim] sample:		4458.15 time, 4480.01 real, 3 MB, 26.25 load
[runlim] sample:		4468.10 time, 4490.01 real, 3 MB, 26.21 load
[runlim] sample:		4478.06 time, 4500.01 real, 3 MB, 26.17 load
[runlim] sample:		4488.01 time, 4510.01 real, 3 MB, 26.15 load
[runlim] sample:		4497.97 time, 4520.01 real, 3 MB, 26.12 load
[runlim] sample:		4507.92 time, 4530.01 real, 3 MB, 26.10 load
[runlim] sample:		4517.87 time, 4540.01 real, 3 MB, 26.17 load
[runlim] sample:		4527.83 time, 4550.01 real, 3 MB, 26.22 load
[runlim] sample:		4537.78 time, 4560.01 real, 3 MB, 26.19 load
[runlim] sample:		4547.74 time, 4570.01 real, 3 MB, 26.23 load
[runlim] sample:		4557.69 time, 4580.01 real, 3 MB, 26.20 load
[runlim] sample:		4567.64 time, 4590.01 real, 3 MB, 26.17 load
[runlim] sample:		4577.60 time, 4600.01 real, 3 MB, 26.22 load
[runlim] sample:		4587.55 time, 4610.01 real, 3 MB, 26.19 load
[runlim] sample:		4597.50 time, 4620.01 real, 3 MB, 26.16 load
[runlim] sample:		4607.46 time, 4630.01 real, 3 MB, 26.13 load
[runlim] sample:		4617.41 time, 4640.01 real, 3 MB, 26.11 load
[runlim] sample:		4627.36 time, 4650.01 real, 3 MB, 26.09 load
[runlim] sample:		4637.32 time, 4660.01 real, 3 MB, 26.16 load
[runlim] sample:		4647.27 time, 4670.01 real, 3 MB, 26.13 load
[runlim] sample:		4657.22 time, 4680.01 real, 3 MB, 26.11 load
[runlim] sample:		4667.18 time, 4690.01 real, 3 MB, 26.10 load
[runlim] sample:		4677.13 time, 4700.01 real, 3 MB, 26.08 load
[runlim] sample:		4687.09 time, 4710.01 real, 3 MB, 26.07 load
[runlim] sample:		4697.04 time, 4720.01 real, 3 MB, 26.06 load
[runlim] sample:		4706.99 time, 4730.01 real, 3 MB, 26.12 load
[runlim] sample:		4716.95 time, 4740.01 real, 3 MB, 26.10 load
[runlim] sample:		4726.90 time, 4750.01 real, 3 MB, 26.09 load
[runlim] sample:		4736.85 time, 4760.01 real, 3 MB, 26.07 load
[runlim] sample:		4746.81 time, 4770.01 real, 3 MB, 26.30 load
[runlim] sample:		4756.76 time, 4780.01 real, 3 MB, 26.25 load
[runlim] sample:		4766.72 time, 4790.01 real, 3 MB, 26.29 load
[runlim] sample:		4776.67 time, 4800.01 real, 3 MB, 26.24 load
[runlim] sample:		4786.62 time, 4810.01 real, 3 MB, 26.21 load
[runlim] sample:		4796.58 time, 4820.01 real, 3 MB, 26.17 load
[runlim] sample:		4806.53 time, 4830.01 real, 3 MB, 26.15 load
[runlim] sample:		4816.49 time, 4840.01 real, 3 MB, 26.12 load
[runlim] sample:		4826.44 time, 4850.01 real, 3 MB, 26.18 load
[runlim] sample:		4836.39 time, 4860.01 real, 3 MB, 26.15 load
[runlim] sample:		4846.35 time, 4870.01 real, 3 MB, 26.13 load
[runlim] sample:		4856.30 time, 4880.01 real, 3 MB, 26.11 load
[runlim] sample:		4866.26 time, 4890.01 real, 3 MB, 26.09 load
[runlim] sample:		4876.21 time, 4900.01 real, 3 MB, 26.08 load
[runlim] sample:		4886.17 time, 4910.01 real, 3 MB, 26.06 load
[runlim] sample:		4896.12 time, 4920.01 real, 3 MB, 26.05 load
[runlim] sample:		4906.07 time, 4930.01 real, 3 MB, 26.04 load
[runlim] sample:		4916.02 time, 4940.01 real, 3 MB, 26.12 load
[runlim] sample:		4925.98 time, 4950.01 real, 3 MB, 26.10 load
[runlim] sample:		4935.93 time, 4960.01 real, 3 MB, 26.08 load
[runlim] sample:		4945.88 time, 4970.01 real, 3 MB, 26.07 load
[runlim] sample:		4955.84 time, 4980.01 real, 3 MB, 26.06 load
[runlim] sample:		4965.79 time, 4990.01 real, 3 MB, 26.05 load
[runlim] sample:		4975.74 time, 5000.01 real, 3 MB, 25.49 load
[runlim] end:			Thu Apr  9 19:24:48 2026
[runlim] status:		out of time
[runlim] result:		2
[runlim] children:		1
[runlim] processes:		2
[runlim] real:			5000.05 seconds
[runlim] time:			4975.74 seconds
[runlim] space:			3 MB
[runlim] load:			30.88 maximum
[runlim] samples:		50000
