[runlim] version:		2.0.0rc1
[runlim] host:			o02n06
[runlim] time limit:		311040000 seconds
[runlim] real time limit:	5000 seconds
[runlim] space limit:		7000 MB
[runlim] argv[0]:		./binary
[runlim] argv[1]:		-c
[runlim] argv[2]:		-r
[runlim] argv[3]:		/tmp/local-unzipped-12459990-2-69-mc2025_track1_167.cnf
[runlim] start:			Thu Apr  9 18:01:25 2026
[runlim] child:			1638026
[runlim] sample:		9.96 time, 10.01 real, 5 MB, 8.45 load
[runlim] sample:		19.92 time, 20.01 real, 5 MB, 9.86 load
[runlim] sample:		29.87 time, 30.01 real, 5 MB, 12.59 load
[runlim] sample:		39.82 time, 40.01 real, 5 MB, 15.79 load
[runlim] sample:		49.78 time, 50.01 real, 5 MB, 18.12 load
[runlim] sample:		59.73 time, 60.01 real, 5 MB, 20.18 load
[runlim] sample:		69.69 time, 70.01 real, 5 MB, 21.92 load
[runlim] sample:		79.64 time, 80.01 real, 5 MB, 23.32 load
[runlim] sample:		89.60 time, 90.01 real, 5 MB, 24.50 load
[runlim] sample:		99.55 time, 100.01 real, 5 MB, 25.50 load
[runlim] sample:		109.50 time, 110.01 real, 5 MB, 26.35 load
[runlim] sample:		119.46 time, 120.01 real, 5 MB, 27.14 load
[runlim] sample:		129.41 time, 130.01 real, 5 MB, 27.73 load
[runlim] sample:		139.37 time, 140.01 real, 5 MB, 28.23 load
[runlim] sample:		149.32 time, 150.01 real, 5 MB, 28.66 load
[runlim] sample:		159.28 time, 160.01 real, 5 MB, 29.02 load
[runlim] sample:		169.23 time, 170.01 real, 5 MB, 29.17 load
[runlim] sample:		179.18 time, 180.01 real, 5 MB, 29.30 load
[runlim] sample:		189.14 time, 190.01 real, 5 MB, 29.49 load
[runlim] sample:		199.10 time, 200.01 real, 5 MB, 29.57 load
[runlim] sample:		209.05 time, 210.01 real, 5 MB, 29.63 load
[runlim] sample:		219.00 time, 220.01 real, 5 MB, 29.77 load
[runlim] sample:		228.96 time, 230.01 real, 5 MB, 29.81 load
[runlim] sample:		238.91 time, 240.01 real, 5 MB, 29.84 load
[runlim] sample:		248.87 time, 250.01 real, 5 MB, 29.86 load
[runlim] sample:		258.82 time, 260.01 real, 5 MB, 29.88 load
[runlim] sample:		268.78 time, 270.01 real, 5 MB, 29.90 load
[runlim] sample:		278.73 time, 280.01 real, 5 MB, 29.92 load
[runlim] sample:		288.69 time, 290.01 real, 5 MB, 30.08 load
[runlim] sample:		298.64 time, 300.01 real, 5 MB, 30.14 load
[runlim] sample:		308.60 time, 310.01 real, 5 MB, 30.12 load
[runlim] sample:		318.55 time, 320.01 real, 5 MB, 30.10 load
[runlim] sample:		328.50 time, 330.01 real, 5 MB, 30.08 load
[runlim] sample:		338.46 time, 340.01 real, 5 MB, 30.07 load
[runlim] sample:		348.41 time, 350.01 real, 5 MB, 30.06 load
[runlim] sample:		358.36 time, 360.01 real, 5 MB, 30.12 load
[runlim] sample:		368.32 time, 370.01 real, 5 MB, 30.10 load
[runlim] sample:		378.27 time, 380.01 real, 5 MB, 30.17 load
[runlim] sample:		388.23 time, 390.01 real, 5 MB, 30.30 load
[runlim] sample:		398.18 time, 400.01 real, 5 MB, 30.41 load
[runlim] sample:		408.13 time, 410.01 real, 5 MB, 30.50 load
[runlim] sample:		418.09 time, 420.01 real, 5 MB, 30.66 load
[runlim] sample:		428.04 time, 430.01 real, 5 MB, 30.71 load
[runlim] sample:		438.00 time, 440.01 real, 5 MB, 30.83 load
[runlim] sample:		447.95 time, 450.01 real, 5 MB, 30.86 load
[runlim] sample:		457.90 time, 460.01 real, 5 MB, 30.88 load
[runlim] sample:		467.86 time, 470.01 real, 5 MB, 30.59 load
[runlim] sample:		477.81 time, 480.01 real, 5 MB, 30.43 load
[runlim] sample:		487.77 time, 490.01 real, 5 MB, 30.21 load
[runlim] sample:		497.72 time, 500.01 real, 5 MB, 30.02 load
[runlim] sample:		507.68 time, 510.01 real, 5 MB, 29.86 load
[runlim] sample:		517.64 time, 520.01 real, 5 MB, 29.73 load
[runlim] sample:		527.59 time, 530.01 real, 5 MB, 29.62 load
[runlim] sample:		537.55 time, 540.01 real, 5 MB, 29.60 load
[runlim] sample:		547.50 time, 550.01 real, 5 MB, 29.51 load
[runlim] sample:		557.46 time, 560.01 real, 5 MB, 29.43 load
[runlim] sample:		567.42 time, 570.01 real, 5 MB, 29.44 load
[runlim] sample:		577.37 time, 580.01 real, 5 MB, 29.38 load
[runlim] sample:		587.33 time, 590.01 real, 5 MB, 29.32 load
[runlim] sample:		597.28 time, 600.01 real, 5 MB, 29.35 load
[runlim] sample:		607.24 time, 610.01 real, 5 MB, 29.29 load
[runlim] sample:		617.20 time, 620.01 real, 5 MB, 29.25 load
[runlim] sample:		627.15 time, 630.01 real, 5 MB, 29.21 load
[runlim] sample:		637.11 time, 640.01 real, 5 MB, 29.18 load
[runlim] sample:		647.07 time, 650.01 real, 5 MB, 29.15 load
[runlim] sample:		657.02 time, 660.01 real, 5 MB, 29.21 load
[runlim] sample:		666.98 time, 670.01 real, 5 MB, 29.17 load
[runlim] end:			Thu Apr  9 18:12:38 2026
[runlim] status:		ok
[runlim] result:		0
[runlim] children:		1
[runlim] processes:		2
[runlim] real:			673.05 seconds
[runlim] time:			669.96 seconds
[runlim] space:			5 MB
[runlim] load:			30.88 maximum
[runlim] samples:		6730
