[runlim] version:		2.0.0rc1
[runlim] host:			o02n06
[runlim] time limit:		311040000 seconds
[runlim] real time limit:	5000 seconds
[runlim] space limit:		7000 MB
[runlim] argv[0]:		./binary
[runlim] argv[1]:		-c
[runlim] argv[2]:		-r
[runlim] argv[3]:		/tmp/local-unzipped-12459990-2-83-mc2025_track1_175.cnf
[runlim] start:			Thu Apr  9 18:01:39 2026
[runlim] child:			1638636
[runlim] sample:		9.95 time, 10.01 real, 5 MB, 11.07 load
[runlim] sample:		19.90 time, 20.01 real, 5 MB, 14.46 load
[runlim] sample:		29.85 time, 30.01 real, 5 MB, 17.00 load
[runlim] sample:		39.80 time, 40.01 real, 5 MB, 19.24 load
[runlim] sample:		49.75 time, 50.01 real, 5 MB, 21.05 load
[runlim] sample:		59.70 time, 60.01 real, 5 MB, 22.65 load
[runlim] sample:		69.66 time, 70.01 real, 5 MB, 23.93 load
[runlim] sample:		79.61 time, 80.01 real, 5 MB, 25.02 load
[runlim] sample:		89.56 time, 90.01 real, 5 MB, 25.94 load
[runlim] sample:		99.51 time, 100.01 real, 5 MB, 26.80 load
[runlim] sample:		109.46 time, 110.01 real, 5 MB, 27.44 load
[runlim] sample:		119.41 time, 120.01 real, 5 MB, 27.99 load
[runlim] sample:		129.36 time, 130.01 real, 5 MB, 28.45 load
[runlim] sample:		139.32 time, 140.01 real, 5 MB, 28.85 load
[runlim] sample:		149.27 time, 150.01 real, 5 MB, 29.10 load
[runlim] sample:		159.22 time, 160.01 real, 5 MB, 29.24 load
[runlim] sample:		169.17 time, 170.01 real, 5 MB, 29.35 load
[runlim] sample:		179.12 time, 180.01 real, 5 MB, 29.53 load
[runlim] sample:		189.07 time, 190.01 real, 5 MB, 29.60 load
[runlim] sample:		199.03 time, 200.01 real, 5 MB, 29.66 load
[runlim] sample:		208.98 time, 210.01 real, 5 MB, 29.79 load
[runlim] sample:		218.93 time, 220.01 real, 5 MB, 29.82 load
[runlim] sample:		228.88 time, 230.01 real, 5 MB, 29.85 load
[runlim] sample:		238.83 time, 240.01 real, 5 MB, 29.87 load
[runlim] sample:		248.78 time, 250.01 real, 5 MB, 29.89 load
[runlim] sample:		258.73 time, 260.01 real, 5 MB, 29.91 load
[runlim] sample:		268.68 time, 270.01 real, 5 MB, 30.08 load
[runlim] sample:		278.63 time, 280.01 real, 5 MB, 30.15 load
[runlim] sample:		288.58 time, 290.01 real, 5 MB, 30.13 load
[runlim] sample:		298.53 time, 300.01 real, 5 MB, 30.11 load
[runlim] sample:		308.48 time, 310.01 real, 5 MB, 30.09 load
[runlim] sample:		318.43 time, 320.01 real, 5 MB, 30.08 load
[runlim] sample:		328.37 time, 330.01 real, 5 MB, 30.06 load
[runlim] sample:		338.32 time, 340.01 real, 5 MB, 30.14 load
[runlim] sample:		348.27 time, 350.01 real, 5 MB, 30.11 load
[runlim] sample:		358.22 time, 360.01 real, 5 MB, 30.10 load
[runlim] sample:		368.17 time, 370.01 real, 5 MB, 30.24 load
[runlim] sample:		378.12 time, 380.01 real, 5 MB, 30.35 load
[runlim] sample:		388.07 time, 390.01 real, 5 MB, 30.45 load
[runlim] sample:		398.02 time, 400.01 real, 5 MB, 30.54 load
[runlim] sample:		407.97 time, 410.01 real, 5 MB, 30.68 load
[runlim] sample:		417.93 time, 420.01 real, 5 MB, 30.73 load
[runlim] sample:		427.88 time, 430.01 real, 5 MB, 30.85 load
[runlim] sample:		437.83 time, 440.01 real, 5 MB, 30.87 load
[runlim] sample:		447.78 time, 450.01 real, 5 MB, 30.73 load
[runlim] sample:		457.73 time, 460.01 real, 5 MB, 30.46 load
[runlim] sample:		467.68 time, 470.01 real, 5 MB, 30.31 load
[runlim] sample:		477.63 time, 480.01 real, 5 MB, 30.11 load
[runlim] sample:		487.58 time, 490.01 real, 5 MB, 29.94 load
[runlim] sample:		497.53 time, 500.01 real, 5 MB, 29.79 load
[runlim] sample:		507.48 time, 510.01 real, 5 MB, 29.67 load
[runlim] sample:		517.43 time, 520.01 real, 5 MB, 29.57 load
[runlim] sample:		527.38 time, 530.01 real, 5 MB, 29.55 load
[runlim] sample:		537.33 time, 540.01 real, 5 MB, 29.47 load
[runlim] sample:		547.28 time, 550.01 real, 6 MB, 29.40 load
[runlim] sample:		557.23 time, 560.01 real, 6 MB, 29.41 load
[runlim] sample:		567.18 time, 570.01 real, 6 MB, 29.35 load
[runlim] sample:		577.13 time, 580.01 real, 6 MB, 29.29 load
[runlim] sample:		587.07 time, 590.01 real, 6 MB, 29.32 load
[runlim] sample:		597.02 time, 600.01 real, 6 MB, 29.27 load
[runlim] sample:		606.97 time, 610.01 real, 6 MB, 29.23 load
[runlim] sample:		616.92 time, 620.01 real, 6 MB, 29.19 load
[runlim] sample:		626.86 time, 630.01 real, 6 MB, 29.16 load
[runlim] sample:		636.81 time, 640.01 real, 6 MB, 29.14 load
[runlim] sample:		646.76 time, 650.01 real, 6 MB, 29.19 load
[runlim] sample:		656.71 time, 660.01 real, 6 MB, 29.16 load
[runlim] sample:		666.65 time, 670.01 real, 6 MB, 28.98 load
[runlim] sample:		676.60 time, 680.01 real, 6 MB, 28.83 load
[runlim] sample:		686.55 time, 690.01 real, 6 MB, 28.70 load
[runlim] sample:		696.50 time, 700.01 real, 6 MB, 28.59 load
[runlim] sample:		706.44 time, 710.01 real, 6 MB, 28.50 load
[runlim] sample:		716.39 time, 720.01 real, 6 MB, 28.42 load
[runlim] sample:		726.34 time, 730.01 real, 6 MB, 28.36 load
[runlim] sample:		736.29 time, 740.01 real, 6 MB, 28.30 load
[runlim] sample:		746.23 time, 750.01 real, 6 MB, 28.26 load
[runlim] sample:		756.18 time, 760.01 real, 6 MB, 28.22 load
[runlim] sample:		766.13 time, 770.01 real, 6 MB, 28.18 load
[runlim] sample:		776.08 time, 780.01 real, 6 MB, 28.15 load
[runlim] sample:		786.03 time, 790.01 real, 6 MB, 28.13 load
[runlim] sample:		795.97 time, 800.01 real, 6 MB, 28.11 load
[runlim] sample:		805.92 time, 810.01 real, 6 MB, 28.09 load
[runlim] sample:		815.87 time, 820.01 real, 6 MB, 28.08 load
[runlim] sample:		825.82 time, 830.01 real, 6 MB, 28.07 load
[runlim] sample:		835.77 time, 840.01 real, 6 MB, 28.14 load
[runlim] sample:		845.72 time, 850.01 real, 6 MB, 28.26 load
[runlim] sample:		855.66 time, 860.01 real, 6 MB, 28.22 load
[runlim] sample:		865.61 time, 870.01 real, 6 MB, 28.19 load
[runlim] sample:		875.56 time, 880.01 real, 6 MB, 28.16 load
[runlim] sample:		885.51 time, 890.01 real, 6 MB, 28.13 load
[runlim] sample:		895.45 time, 900.01 real, 6 MB, 28.11 load
[runlim] sample:		905.40 time, 910.01 real, 6 MB, 28.09 load
[runlim] sample:		915.35 time, 920.01 real, 6 MB, 28.08 load
[runlim] sample:		925.30 time, 930.01 real, 6 MB, 28.15 load
[runlim] sample:		935.25 time, 940.01 real, 6 MB, 28.12 load
[runlim] sample:		945.20 time, 950.01 real, 6 MB, 28.10 load
[runlim] sample:		955.15 time, 960.01 real, 6 MB, 28.09 load
[runlim] sample:		965.10 time, 970.01 real, 6 MB, 28.07 load
[runlim] sample:		975.05 time, 980.01 real, 6 MB, 28.06 load
[runlim] sample:		985.00 time, 990.01 real, 6 MB, 28.05 load
[runlim] sample:		994.95 time, 1000.01 real, 6 MB, 28.04 load
[runlim] sample:		1004.90 time, 1010.01 real, 6 MB, 28.12 load
[runlim] sample:		1014.85 time, 1020.01 real, 6 MB, 28.10 load
[runlim] sample:		1024.80 time, 1030.01 real, 6 MB, 28.08 load
[runlim] sample:		1034.75 time, 1040.01 real, 6 MB, 28.07 load
[runlim] sample:		1044.70 time, 1050.01 real, 6 MB, 28.06 load
[runlim] sample:		1054.65 time, 1060.01 real, 6 MB, 28.04 load
[runlim] sample:		1064.60 time, 1070.01 real, 6 MB, 27.96 load
[runlim] sample:		1074.55 time, 1080.01 real, 6 MB, 27.81 load
[runlim] sample:		1084.50 time, 1090.01 real, 6 MB, 27.69 load
[runlim] sample:		1094.45 time, 1100.01 real, 6 MB, 27.58 load
[runlim] sample:		1104.40 time, 1110.01 real, 6 MB, 27.49 load
[runlim] sample:		1114.35 time, 1120.01 real, 6 MB, 27.42 load
[runlim] sample:		1124.30 time, 1130.01 real, 6 MB, 27.43 load
[runlim] sample:		1134.26 time, 1140.01 real, 6 MB, 27.37 load
[runlim] sample:		1144.21 time, 1150.01 real, 6 MB, 27.31 load
[runlim] sample:		1154.16 time, 1160.01 real, 6 MB, 27.26 load
[runlim] sample:		1164.11 time, 1170.01 real, 6 MB, 27.22 load
[runlim] sample:		1174.06 time, 1180.01 real, 6 MB, 27.26 load
[runlim] sample:		1184.01 time, 1190.01 real, 6 MB, 27.22 load
[runlim] sample:		1193.96 time, 1200.01 real, 6 MB, 27.18 load
[runlim] sample:		1203.91 time, 1210.01 real, 6 MB, 27.24 load
[runlim] sample:		1213.86 time, 1220.01 real, 6 MB, 27.20 load
[runlim] sample:		1223.81 time, 1230.01 real, 6 MB, 27.17 load
[runlim] sample:		1233.75 time, 1240.01 real, 6 MB, 27.14 load
[runlim] sample:		1243.70 time, 1250.01 real, 6 MB, 27.12 load
[runlim] sample:		1253.65 time, 1260.01 real, 6 MB, 27.10 load
[runlim] sample:		1263.60 time, 1270.01 real, 6 MB, 27.08 load
[runlim] sample:		1273.55 time, 1280.01 real, 6 MB, 27.07 load
[runlim] sample:		1283.49 time, 1290.01 real, 6 MB, 27.06 load
[runlim] sample:		1293.44 time, 1300.01 real, 6 MB, 27.12 load
[runlim] sample:		1303.39 time, 1310.01 real, 6 MB, 27.11 load
[runlim] sample:		1313.34 time, 1320.01 real, 6 MB, 27.09 load
[runlim] sample:		1323.28 time, 1330.01 real, 6 MB, 27.16 load
[runlim] sample:		1333.23 time, 1340.01 real, 6 MB, 27.13 load
[runlim] sample:		1343.18 time, 1350.01 real, 6 MB, 27.11 load
[runlim] sample:		1353.13 time, 1360.01 real, 6 MB, 27.09 load
[runlim] sample:		1363.07 time, 1370.01 real, 6 MB, 27.08 load
[runlim] sample:		1373.02 time, 1380.01 real, 6 MB, 27.07 load
[runlim] sample:		1382.97 time, 1390.01 real, 6 MB, 27.06 load
[runlim] sample:		1392.92 time, 1400.01 real, 6 MB, 27.05 load
[runlim] sample:		1402.86 time, 1410.01 real, 6 MB, 27.12 load
[runlim] sample:		1412.81 time, 1420.01 real, 6 MB, 27.10 load
[runlim] sample:		1422.76 time, 1430.01 real, 6 MB, 27.08 load
[runlim] sample:		1432.71 time, 1440.01 real, 6 MB, 27.07 load
[runlim] sample:		1442.66 time, 1450.01 real, 6 MB, 27.13 load
[runlim] sample:		1452.60 time, 1460.01 real, 6 MB, 27.11 load
[runlim] sample:		1462.55 time, 1470.01 real, 6 MB, 27.10 load
[runlim] sample:		1472.50 time, 1480.01 real, 6 MB, 27.08 load
[runlim] sample:		1482.45 time, 1490.01 real, 6 MB, 27.07 load
[runlim] sample:		1492.39 time, 1500.01 real, 6 MB, 27.06 load
[runlim] sample:		1502.34 time, 1510.01 real, 6 MB, 27.05 load
[runlim] sample:		1512.29 time, 1520.01 real, 6 MB, 27.04 load
[runlim] sample:		1522.24 time, 1530.01 real, 6 MB, 27.11 load
[runlim] sample:		1532.19 time, 1540.01 real, 6 MB, 27.18 load
[runlim] sample:		1542.13 time, 1550.01 real, 6 MB, 27.15 load
[runlim] sample:		1552.08 time, 1560.01 real, 6 MB, 27.20 load
[runlim] sample:		1562.03 time, 1570.01 real, 6 MB, 27.17 load
[runlim] sample:		1571.98 time, 1580.01 real, 6 MB, 27.14 load
[runlim] sample:		1581.93 time, 1590.01 real, 6 MB, 27.12 load
[runlim] sample:		1591.87 time, 1600.01 real, 6 MB, 27.10 load
[runlim] sample:		1601.82 time, 1610.01 real, 6 MB, 27.16 load
[runlim] sample:		1611.77 time, 1620.01 real, 6 MB, 27.14 load
[runlim] sample:		1621.72 time, 1630.01 real, 6 MB, 27.12 load
[runlim] sample:		1631.67 time, 1640.01 real, 6 MB, 27.10 load
[runlim] sample:		1641.61 time, 1650.01 real, 6 MB, 27.08 load
[runlim] sample:		1651.56 time, 1660.01 real, 6 MB, 27.15 load
[runlim] sample:		1661.51 time, 1670.01 real, 6 MB, 27.13 load
[runlim] sample:		1671.46 time, 1680.01 real, 6 MB, 27.18 load
[runlim] sample:		1681.41 time, 1690.01 real, 6 MB, 27.15 load
[runlim] sample:		1691.35 time, 1700.01 real, 6 MB, 27.13 load
[runlim] sample:		1701.30 time, 1710.01 real, 6 MB, 27.11 load
[runlim] sample:		1711.25 time, 1720.01 real, 6 MB, 27.09 load
[runlim] sample:		1721.20 time, 1730.01 real, 6 MB, 27.08 load
[runlim] sample:		1731.15 time, 1740.01 real, 6 MB, 27.06 load
[runlim] sample:		1741.09 time, 1750.01 real, 6 MB, 27.13 load
[runlim] sample:		1751.04 time, 1760.01 real, 6 MB, 27.11 load
[runlim] sample:		1760.99 time, 1770.01 real, 6 MB, 27.09 load
[runlim] sample:		1770.94 time, 1780.01 real, 6 MB, 27.08 load
[runlim] sample:		1780.88 time, 1790.01 real, 6 MB, 27.06 load
[runlim] sample:		1790.83 time, 1800.01 real, 6 MB, 27.05 load
[runlim] sample:		1800.78 time, 1810.01 real, 6 MB, 27.05 load
[runlim] sample:		1810.73 time, 1820.01 real, 6 MB, 27.04 load
[runlim] sample:		1820.68 time, 1830.01 real, 6 MB, 27.03 load
[runlim] sample:		1830.63 time, 1840.01 real, 6 MB, 27.03 load
[runlim] sample:		1840.57 time, 1850.01 real, 6 MB, 27.02 load
[runlim] sample:		1850.52 time, 1860.01 real, 6 MB, 27.02 load
[runlim] sample:		1860.47 time, 1870.01 real, 6 MB, 27.02 load
[runlim] sample:		1870.42 time, 1880.01 real, 6 MB, 27.01 load
[runlim] sample:		1880.36 time, 1890.01 real, 6 MB, 27.01 load
[runlim] sample:		1890.31 time, 1900.01 real, 6 MB, 27.01 load
[runlim] sample:		1900.26 time, 1910.01 real, 6 MB, 27.01 load
[runlim] sample:		1910.21 time, 1920.01 real, 6 MB, 27.00 load
[runlim] sample:		1920.15 time, 1930.01 real, 6 MB, 27.00 load
[runlim] sample:		1930.10 time, 1940.01 real, 6 MB, 27.00 load
[runlim] sample:		1940.05 time, 1950.01 real, 6 MB, 27.00 load
[runlim] sample:		1950.00 time, 1960.01 real, 6 MB, 27.00 load
[runlim] sample:		1959.95 time, 1970.01 real, 6 MB, 27.00 load
[runlim] sample:		1969.90 time, 1980.01 real, 6 MB, 27.00 load
[runlim] sample:		1979.85 time, 1990.01 real, 6 MB, 27.00 load
[runlim] sample:		1989.80 time, 2000.01 real, 6 MB, 27.00 load
[runlim] sample:		1999.75 time, 2010.01 real, 6 MB, 27.00 load
[runlim] sample:		2009.69 time, 2020.01 real, 6 MB, 27.00 load
[runlim] sample:		2019.64 time, 2030.01 real, 6 MB, 27.00 load
[runlim] sample:		2029.59 time, 2040.01 real, 6 MB, 27.08 load
[runlim] sample:		2039.54 time, 2050.01 real, 6 MB, 27.07 load
[runlim] sample:		2049.48 time, 2060.01 real, 6 MB, 27.13 load
[runlim] sample:		2059.43 time, 2070.01 real, 6 MB, 27.11 load
[runlim] sample:		2069.38 time, 2080.01 real, 6 MB, 27.17 load
[runlim] sample:		2079.33 time, 2090.01 real, 6 MB, 27.14 load
[runlim] sample:		2089.28 time, 2100.01 real, 6 MB, 27.12 load
[runlim] sample:		2099.22 time, 2110.01 real, 6 MB, 27.25 load
[runlim] sample:		2109.17 time, 2120.01 real, 6 MB, 27.21 load
[runlim] sample:		2119.12 time, 2130.01 real, 6 MB, 27.18 load
[runlim] sample:		2129.07 time, 2140.01 real, 6 MB, 27.15 load
[runlim] sample:		2139.02 time, 2150.01 real, 6 MB, 27.12 load
[runlim] sample:		2148.96 time, 2160.01 real, 6 MB, 27.11 load
[runlim] sample:		2158.91 time, 2170.01 real, 6 MB, 27.09 load
[runlim] sample:		2168.86 time, 2180.01 real, 6 MB, 27.15 load
[runlim] sample:		2178.81 time, 2190.01 real, 6 MB, 27.13 load
[runlim] sample:		2188.76 time, 2200.01 real, 6 MB, 27.11 load
[runlim] sample:		2198.70 time, 2210.01 real, 6 MB, 27.17 load
[runlim] sample:		2208.65 time, 2220.01 real, 6 MB, 27.14 load
[runlim] sample:		2218.60 time, 2230.01 real, 6 MB, 27.12 load
[runlim] sample:		2228.55 time, 2240.01 real, 6 MB, 27.10 load
[runlim] sample:		2238.49 time, 2250.01 real, 6 MB, 27.09 load
[runlim] sample:		2248.44 time, 2260.01 real, 6 MB, 27.07 load
[runlim] sample:		2258.39 time, 2270.01 real, 6 MB, 27.14 load
[runlim] sample:		2268.34 time, 2280.01 real, 6 MB, 27.12 load
[runlim] sample:		2278.29 time, 2290.01 real, 6 MB, 27.10 load
[runlim] sample:		2288.23 time, 2300.01 real, 6 MB, 27.08 load
[runlim] sample:		2298.18 time, 2310.01 real, 6 MB, 27.15 load
[runlim] sample:		2308.13 time, 2320.01 real, 6 MB, 27.13 load
[runlim] sample:		2318.07 time, 2330.01 real, 6 MB, 27.19 load
[runlim] sample:		2328.02 time, 2340.01 real, 6 MB, 27.16 load
[runlim] sample:		2337.97 time, 2350.01 real, 6 MB, 27.13 load
[runlim] sample:		2347.92 time, 2360.01 real, 6 MB, 27.11 load
[runlim] sample:		2357.86 time, 2370.01 real, 6 MB, 27.10 load
[runlim] sample:		2367.81 time, 2380.01 real, 6 MB, 27.08 load
[runlim] sample:		2377.76 time, 2390.01 real, 6 MB, 27.15 load
[runlim] sample:		2387.71 time, 2400.01 real, 6 MB, 27.12 load
[runlim] sample:		2397.65 time, 2410.01 real, 6 MB, 27.18 load
[runlim] sample:		2407.60 time, 2420.01 real, 6 MB, 27.15 load
[runlim] sample:		2417.55 time, 2430.01 real, 6 MB, 27.13 load
[runlim] sample:		2427.49 time, 2440.01 real, 6 MB, 27.11 load
[runlim] sample:		2437.44 time, 2450.01 real, 6 MB, 27.17 load
[runlim] sample:		2447.39 time, 2460.01 real, 6 MB, 27.14 load
[runlim] sample:		2457.34 time, 2470.01 real, 6 MB, 27.12 load
[runlim] sample:		2467.28 time, 2480.01 real, 6 MB, 27.10 load
[runlim] sample:		2477.23 time, 2490.01 real, 6 MB, 27.09 load
[runlim] sample:		2487.18 time, 2500.01 real, 6 MB, 27.07 load
[runlim] sample:		2497.12 time, 2510.01 real, 6 MB, 27.06 load
[runlim] sample:		2507.07 time, 2520.01 real, 6 MB, 27.05 load
[runlim] sample:		2517.02 time, 2530.01 real, 6 MB, 27.04 load
[runlim] sample:		2526.97 time, 2540.01 real, 6 MB, 27.12 load
[runlim] sample:		2536.91 time, 2550.01 real, 6 MB, 27.10 load
[runlim] sample:		2546.86 time, 2560.01 real, 6 MB, 27.16 load
[runlim] sample:		2556.81 time, 2570.01 real, 6 MB, 27.21 load
[runlim] sample:		2566.75 time, 2580.01 real, 6 MB, 27.18 load
[runlim] sample:		2576.70 time, 2590.01 real, 6 MB, 27.15 load
[runlim] sample:		2586.65 time, 2600.01 real, 6 MB, 27.13 load
[runlim] sample:		2596.60 time, 2610.01 real, 6 MB, 27.11 load
[runlim] sample:		2606.54 time, 2620.01 real, 6 MB, 27.09 load
[runlim] sample:		2616.49 time, 2630.01 real, 6 MB, 27.16 load
[runlim] sample:		2626.44 time, 2640.01 real, 6 MB, 27.13 load
[runlim] sample:		2636.39 time, 2650.01 real, 6 MB, 27.19 load
[runlim] sample:		2646.33 time, 2660.01 real, 6 MB, 27.16 load
[runlim] sample:		2656.28 time, 2670.01 real, 6 MB, 27.13 load
[runlim] sample:		2666.23 time, 2680.01 real, 6 MB, 27.19 load
[runlim] sample:		2676.18 time, 2690.01 real, 6 MB, 27.16 load
[runlim] sample:		2686.13 time, 2700.01 real, 6 MB, 27.13 load
[runlim] sample:		2696.07 time, 2710.01 real, 6 MB, 27.19 load
[runlim] sample:		2706.02 time, 2720.01 real, 6 MB, 27.16 load
[runlim] sample:		2715.97 time, 2730.01 real, 6 MB, 27.14 load
[runlim] sample:		2725.92 time, 2740.01 real, 6 MB, 27.12 load
[runlim] sample:		2735.86 time, 2750.01 real, 6 MB, 27.10 load
[runlim] sample:		2745.81 time, 2760.01 real, 6 MB, 27.08 load
[runlim] sample:		2755.76 time, 2770.01 real, 6 MB, 27.15 load
[runlim] sample:		2765.71 time, 2780.01 real, 6 MB, 27.13 load
[runlim] sample:		2775.65 time, 2790.01 real, 6 MB, 27.11 load
[runlim] sample:		2785.60 time, 2800.01 real, 6 MB, 27.09 load
[runlim] sample:		2795.55 time, 2810.01 real, 6 MB, 27.08 load
[runlim] sample:		2805.50 time, 2820.01 real, 6 MB, 27.06 load
[runlim] sample:		2815.45 time, 2830.01 real, 6 MB, 27.13 load
[runlim] sample:		2825.39 time, 2840.01 real, 6 MB, 27.11 load
[runlim] sample:		2835.34 time, 2850.01 real, 6 MB, 27.09 load
[runlim] sample:		2845.29 time, 2860.01 real, 6 MB, 27.15 load
[runlim] sample:		2855.24 time, 2870.01 real, 6 MB, 27.13 load
[runlim] sample:		2865.19 time, 2880.01 real, 6 MB, 27.11 load
[runlim] sample:		2875.13 time, 2890.01 real, 6 MB, 27.09 load
[runlim] sample:		2885.08 time, 2900.01 real, 6 MB, 27.08 load
[runlim] sample:		2895.03 time, 2910.01 real, 6 MB, 27.06 load
[runlim] sample:		2904.98 time, 2920.01 real, 6 MB, 27.05 load
[runlim] sample:		2914.92 time, 2930.01 real, 6 MB, 27.05 load
[runlim] sample:		2924.87 time, 2940.01 real, 6 MB, 27.04 load
[runlim] sample:		2934.82 time, 2950.01 real, 6 MB, 27.03 load
[runlim] sample:		2944.77 time, 2960.01 real, 6 MB, 27.03 load
[runlim] sample:		2954.71 time, 2970.01 real, 6 MB, 27.02 load
[runlim] sample:		2964.66 time, 2980.01 real, 6 MB, 27.02 load
[runlim] sample:		2974.61 time, 2990.01 real, 6 MB, 27.02 load
[runlim] sample:		2984.56 time, 3000.01 real, 6 MB, 27.01 load
[runlim] sample:		2994.50 time, 3010.01 real, 6 MB, 27.01 load
[runlim] sample:		3004.45 time, 3020.01 real, 6 MB, 27.01 load
[runlim] sample:		3014.40 time, 3030.01 real, 6 MB, 27.01 load
[runlim] sample:		3024.35 time, 3040.01 real, 6 MB, 27.09 load
[runlim] sample:		3034.29 time, 3050.01 real, 6 MB, 27.07 load
[runlim] sample:		3044.24 time, 3060.01 real, 6 MB, 27.13 load
[runlim] sample:		3054.19 time, 3070.01 real, 6 MB, 27.11 load
[runlim] sample:		3064.14 time, 3080.01 real, 6 MB, 27.10 load
[runlim] sample:		3074.08 time, 3090.01 real, 6 MB, 27.08 load
[runlim] sample:		3084.03 time, 3100.01 real, 6 MB, 27.07 load
[runlim] sample:		3093.98 time, 3110.01 real, 6 MB, 27.29 load
[runlim] sample:		3103.93 time, 3120.01 real, 6 MB, 27.25 load
[runlim] sample:		3113.87 time, 3130.01 real, 6 MB, 27.21 load
[runlim] sample:		3123.82 time, 3140.01 real, 6 MB, 27.17 load
[runlim] end:			Thu Apr  9 18:54:03 2026
[runlim] status:		ok
[runlim] result:		0
[runlim] children:		1
[runlim] processes:		2
[runlim] real:			3143.41 seconds
[runlim] time:			3127.20 seconds
[runlim] space:			6 MB
[runlim] load:			30.88 maximum
[runlim] samples:		31434
