[runlim] version:		2.0.0rc1
[runlim] host:			o02n04
[runlim] time limit:		311040000 seconds
[runlim] real time limit:	5000 seconds
[runlim] space limit:		7000 MB
[runlim] argv[0]:		./binary
[runlim] argv[1]:		-c
[runlim] argv[2]:		-r
[runlim] argv[3]:		/tmp/local-unzipped-12459990-1-61-mc2025_track1_015.cnf
[runlim] start:			Thu Apr  9 18:02:22 2026
[runlim] child:			3938154
[runlim] sample:		9.94 time, 10.01 real, 6 MB, 29.79 load
[runlim] sample:		19.87 time, 20.01 real, 7 MB, 34.59 load
[runlim] sample:		29.82 time, 30.01 real, 7 MB, 38.34 load
[runlim] sample:		39.77 time, 40.01 real, 7 MB, 41.44 load
[runlim] sample:		49.72 time, 50.01 real, 7 MB, 43.99 load
[runlim] sample:		59.66 time, 60.01 real, 7 MB, 46.14 load
[runlim] sample:		69.61 time, 70.01 real, 7 MB, 47.97 load
[runlim] sample:		79.57 time, 80.01 real, 7 MB, 49.35 load
[runlim] sample:		89.52 time, 90.01 real, 7 MB, 50.53 load
[runlim] sample:		99.47 time, 100.01 real, 7 MB, 51.45 load
[runlim] sample:		109.43 time, 110.01 real, 7 MB, 52.15 load
[runlim] sample:		119.38 time, 120.01 real, 7 MB, 52.74 load
[runlim] sample:		129.33 time, 130.01 real, 7 MB, 53.24 load
[runlim] sample:		139.29 time, 140.01 real, 7 MB, 53.67 load
[runlim] sample:		149.24 time, 150.01 real, 7 MB, 54.10 load
[runlim] sample:		159.19 time, 160.01 real, 7 MB, 54.39 load
[runlim] sample:		169.15 time, 170.01 real, 7 MB, 54.64 load
[runlim] sample:		179.10 time, 180.01 real, 7 MB, 54.85 load
[runlim] sample:		189.06 time, 190.01 real, 7 MB, 55.11 load
[runlim] sample:		199.01 time, 200.01 real, 7 MB, 55.24 load
[runlim] sample:		208.96 time, 210.01 real, 7 MB, 55.44 load
[runlim] sample:		218.91 time, 220.01 real, 7 MB, 55.53 load
[runlim] sample:		228.86 time, 230.01 real, 7 MB, 55.67 load
[runlim] sample:		238.80 time, 240.01 real, 7 MB, 55.81 load
[runlim] sample:		248.75 time, 250.01 real, 7 MB, 55.84 load
[runlim] sample:		258.70 time, 260.01 real, 7 MB, 55.86 load
[runlim] sample:		268.65 time, 270.01 real, 7 MB, 55.88 load
[runlim] sample:		278.60 time, 280.01 real, 7 MB, 55.90 load
[runlim] sample:		288.55 time, 290.01 real, 7 MB, 55.92 load
[runlim] sample:		298.50 time, 300.01 real, 7 MB, 55.93 load
[runlim] sample:		308.45 time, 310.01 real, 7 MB, 55.94 load
[runlim] sample:		318.40 time, 320.01 real, 7 MB, 55.95 load
[runlim] sample:		328.35 time, 330.01 real, 7 MB, 55.96 load
[runlim] sample:		338.30 time, 340.01 real, 7 MB, 56.04 load
[runlim] sample:		348.25 time, 350.01 real, 7 MB, 56.03 load
[runlim] sample:		358.20 time, 360.01 real, 7 MB, 56.03 load
[runlim] sample:		368.15 time, 370.01 real, 7 MB, 56.17 load
[runlim] sample:		378.10 time, 380.01 real, 7 MB, 56.22 load
[runlim] sample:		388.04 time, 390.01 real, 7 MB, 56.19 load
[runlim] sample:		397.99 time, 400.01 real, 7 MB, 56.16 load
[runlim] sample:		407.94 time, 410.01 real, 7 MB, 56.21 load
[runlim] sample:		417.89 time, 420.01 real, 7 MB, 56.18 load
[runlim] sample:		427.83 time, 430.01 real, 7 MB, 56.30 load
[runlim] sample:		437.78 time, 440.01 real, 7 MB, 56.25 load
[runlim] sample:		447.73 time, 450.01 real, 7 MB, 56.37 load
[runlim] sample:		457.68 time, 460.01 real, 7 MB, 56.31 load
[runlim] sample:		467.63 time, 470.01 real, 7 MB, 56.26 load
[runlim] sample:		477.57 time, 480.01 real, 7 MB, 56.22 load
[runlim] sample:		487.52 time, 490.01 real, 7 MB, 56.26 load
[runlim] sample:		497.47 time, 500.01 real, 7 MB, 56.38 load
[runlim] sample:		507.41 time, 510.01 real, 7 MB, 56.24 load
[runlim] sample:		517.36 time, 520.01 real, 7 MB, 56.05 load
[runlim] sample:		527.32 time, 530.01 real, 7 MB, 55.89 load
[runlim] sample:		537.27 time, 540.01 real, 7 MB, 55.60 load
[runlim] sample:		547.22 time, 550.01 real, 7 MB, 55.42 load
[runlim] sample:		557.17 time, 560.01 real, 7 MB, 55.21 load
[runlim] sample:		567.12 time, 570.01 real, 7 MB, 55.02 load
[runlim] sample:		577.08 time, 580.01 real, 7 MB, 54.86 load
[runlim] sample:		587.03 time, 590.01 real, 7 MB, 54.73 load
[runlim] sample:		596.98 time, 600.01 real, 7 MB, 54.62 load
[runlim] sample:		606.93 time, 610.01 real, 7 MB, 54.74 load
[runlim] sample:		616.88 time, 620.01 real, 7 MB, 54.63 load
[runlim] sample:		626.84 time, 630.01 real, 7 MB, 54.53 load
[runlim] sample:		636.79 time, 640.01 real, 7 MB, 54.45 load
[runlim] sample:		646.74 time, 650.01 real, 7 MB, 54.38 load
[runlim] sample:		656.69 time, 660.01 real, 7 MB, 54.32 load
[runlim] sample:		666.64 time, 670.01 real, 7 MB, 54.34 load
[runlim] sample:		676.59 time, 680.01 real, 7 MB, 54.37 load
[runlim] sample:		686.54 time, 690.01 real, 7 MB, 54.31 load
[runlim] sample:		696.49 time, 700.01 real, 7 MB, 54.27 load
[runlim] sample:		706.44 time, 710.01 real, 7 MB, 54.22 load
[runlim] sample:		716.39 time, 720.01 real, 7 MB, 54.19 load
[runlim] sample:		726.35 time, 730.01 real, 7 MB, 54.16 load
[runlim] sample:		736.30 time, 740.01 real, 7 MB, 54.13 load
[runlim] sample:		746.25 time, 750.01 real, 7 MB, 54.11 load
[runlim] sample:		756.20 time, 760.01 real, 7 MB, 53.94 load
[runlim] sample:		766.15 time, 770.01 real, 7 MB, 53.80 load
[runlim] sample:		776.11 time, 780.01 real, 7 MB, 53.67 load
[runlim] sample:		786.06 time, 790.01 real, 7 MB, 53.57 load
[runlim] sample:		796.01 time, 800.01 real, 7 MB, 53.48 load
[runlim] sample:		805.95 time, 810.01 real, 7 MB, 53.64 load
[runlim] sample:		815.91 time, 820.01 real, 7 MB, 53.54 load
[runlim] sample:		825.86 time, 830.01 real, 7 MB, 53.45 load
[runlim] sample:		835.81 time, 840.01 real, 7 MB, 53.46 load
[runlim] sample:		845.76 time, 850.01 real, 7 MB, 53.39 load
[runlim] sample:		855.71 time, 860.01 real, 7 MB, 53.33 load
[runlim] sample:		865.66 time, 870.01 real, 7 MB, 53.28 load
[runlim] sample:		875.61 time, 880.01 real, 7 MB, 53.23 load
[runlim] sample:		885.56 time, 890.01 real, 7 MB, 53.20 load
[runlim] sample:		895.52 time, 900.01 real, 7 MB, 53.25 load
[runlim] sample:		905.47 time, 910.01 real, 7 MB, 53.28 load
[runlim] sample:		915.42 time, 920.01 real, 7 MB, 53.24 load
[runlim] sample:		925.37 time, 930.01 real, 7 MB, 53.20 load
[runlim] sample:		935.32 time, 940.01 real, 7 MB, 53.17 load
[runlim] sample:		945.27 time, 950.01 real, 7 MB, 53.22 load
[runlim] sample:		955.22 time, 960.01 real, 7 MB, 53.18 load
[runlim] sample:		965.17 time, 970.01 real, 7 MB, 53.24 load
[runlim] sample:		975.12 time, 980.01 real, 7 MB, 53.20 load
[runlim] sample:		985.07 time, 990.01 real, 7 MB, 53.17 load
[runlim] sample:		995.02 time, 1000.01 real, 7 MB, 53.22 load
[runlim] sample:		1004.97 time, 1010.01 real, 7 MB, 53.19 load
[runlim] sample:		1014.92 time, 1020.01 real, 7 MB, 53.16 load
[runlim] sample:		1024.87 time, 1030.01 real, 7 MB, 53.21 load
[runlim] sample:		1034.82 time, 1040.01 real, 7 MB, 53.34 load
[runlim] sample:		1044.77 time, 1050.01 real, 7 MB, 53.28 load
[runlim] sample:		1054.72 time, 1060.01 real, 7 MB, 53.24 load
[runlim] sample:		1064.67 time, 1070.01 real, 7 MB, 53.28 load
[runlim] sample:		1074.62 time, 1080.01 real, 7 MB, 53.23 load
[runlim] sample:		1084.57 time, 1090.01 real, 7 MB, 53.20 load
[runlim] sample:		1094.52 time, 1100.01 real, 7 MB, 53.17 load
[runlim] sample:		1104.47 time, 1110.01 real, 7 MB, 53.21 load
[runlim] sample:		1114.42 time, 1120.01 real, 7 MB, 53.18 load
[runlim] sample:		1124.37 time, 1130.01 real, 7 MB, 53.15 load
[runlim] sample:		1134.32 time, 1140.01 real, 7 MB, 53.13 load
[runlim] sample:		1144.27 time, 1150.01 real, 7 MB, 53.11 load
[runlim] sample:		1154.22 time, 1160.01 real, 7 MB, 53.17 load
[runlim] sample:		1164.17 time, 1170.01 real, 7 MB, 53.22 load
[runlim] sample:		1174.12 time, 1180.01 real, 7 MB, 53.27 load
[runlim] sample:		1184.06 time, 1190.01 real, 7 MB, 53.23 load
[runlim] sample:		1194.01 time, 1200.01 real, 7 MB, 53.19 load
[runlim] sample:		1203.95 time, 1210.01 real, 7 MB, 53.24 load
[runlim] sample:		1213.90 time, 1220.01 real, 7 MB, 53.20 load
[runlim] sample:		1223.84 time, 1230.01 real, 7 MB, 53.24 load
[runlim] sample:		1233.78 time, 1240.01 real, 7 MB, 53.21 load
[runlim] sample:		1243.73 time, 1250.01 real, 7 MB, 53.17 load
[runlim] sample:		1253.67 time, 1260.01 real, 7 MB, 53.15 load
[runlim] sample:		1263.62 time, 1270.01 real, 7 MB, 53.12 load
[runlim] sample:		1273.56 time, 1280.01 real, 7 MB, 53.10 load
[runlim] sample:		1283.50 time, 1290.01 real, 7 MB, 53.17 load
[runlim] sample:		1293.45 time, 1300.01 real, 7 MB, 53.14 load
[runlim] sample:		1303.39 time, 1310.01 real, 7 MB, 53.12 load
[runlim] sample:		1313.34 time, 1320.01 real, 7 MB, 53.10 load
[runlim] sample:		1323.28 time, 1330.01 real, 7 MB, 53.08 load
[runlim] sample:		1333.22 time, 1340.01 real, 7 MB, 53.07 load
[runlim] sample:		1343.17 time, 1350.01 real, 7 MB, 53.06 load
[runlim] sample:		1353.11 time, 1360.01 real, 7 MB, 53.05 load
[runlim] sample:		1363.06 time, 1370.01 real, 7 MB, 53.12 load
[runlim] sample:		1373.00 time, 1380.01 real, 7 MB, 53.10 load
[runlim] sample:		1382.95 time, 1390.01 real, 7 MB, 53.09 load
[runlim] sample:		1392.89 time, 1400.01 real, 7 MB, 53.07 load
[runlim] sample:		1402.83 time, 1410.01 real, 7 MB, 53.14 load
[runlim] sample:		1412.78 time, 1420.01 real, 7 MB, 53.11 load
[runlim] sample:		1422.72 time, 1430.01 real, 7 MB, 53.10 load
[runlim] sample:		1432.66 time, 1440.01 real, 7 MB, 53.08 load
[runlim] sample:		1442.61 time, 1450.01 real, 7 MB, 53.30 load
[runlim] sample:		1452.55 time, 1460.01 real, 7 MB, 53.25 load
[runlim] sample:		1462.50 time, 1470.01 real, 7 MB, 53.21 load
[runlim] sample:		1472.44 time, 1480.01 real, 7 MB, 53.18 load
[runlim] sample:		1482.39 time, 1490.01 real, 7 MB, 53.23 load
[runlim] sample:		1492.33 time, 1500.01 real, 7 MB, 53.20 load
[runlim] sample:		1502.28 time, 1510.01 real, 7 MB, 53.16 load
[runlim] sample:		1512.22 time, 1520.01 real, 7 MB, 53.14 load
[runlim] sample:		1522.17 time, 1530.01 real, 7 MB, 53.12 load
[runlim] sample:		1532.11 time, 1540.01 real, 7 MB, 53.18 load
[runlim] sample:		1542.05 time, 1550.01 real, 7 MB, 53.15 load
[runlim] sample:		1551.99 time, 1560.01 real, 7 MB, 53.13 load
[runlim] sample:		1561.94 time, 1570.01 real, 7 MB, 53.19 load
[runlim] sample:		1571.88 time, 1580.01 real, 7 MB, 53.16 load
[runlim] sample:		1581.83 time, 1590.01 real, 7 MB, 53.13 load
[runlim] sample:		1591.77 time, 1600.01 real, 7 MB, 53.11 load
[runlim] sample:		1601.72 time, 1610.01 real, 7 MB, 53.17 load
[runlim] sample:		1611.66 time, 1620.01 real, 7 MB, 53.14 load
[runlim] sample:		1621.61 time, 1630.01 real, 7 MB, 53.12 load
[runlim] sample:		1631.55 time, 1640.01 real, 7 MB, 53.10 load
[runlim] sample:		1641.50 time, 1650.01 real, 7 MB, 53.08 load
[runlim] sample:		1651.44 time, 1660.01 real, 7 MB, 53.07 load
[runlim] sample:		1661.38 time, 1670.01 real, 7 MB, 53.06 load
[runlim] sample:		1671.33 time, 1680.01 real, 7 MB, 53.05 load
[runlim] sample:		1681.27 time, 1690.01 real, 7 MB, 53.04 load
[runlim] sample:		1691.22 time, 1700.01 real, 7 MB, 53.04 load
[runlim] sample:		1701.16 time, 1710.01 real, 7 MB, 53.10 load
[runlim] sample:		1711.10 time, 1720.01 real, 7 MB, 53.09 load
[runlim] sample:		1721.05 time, 1730.01 real, 7 MB, 53.07 load
[runlim] sample:		1730.99 time, 1740.01 real, 7 MB, 53.06 load
[runlim] sample:		1740.94 time, 1750.01 real, 7 MB, 53.05 load
[runlim] sample:		1750.88 time, 1760.01 real, 7 MB, 53.04 load
[runlim] sample:		1760.82 time, 1770.01 real, 7 MB, 53.04 load
[runlim] sample:		1770.77 time, 1780.01 real, 7 MB, 53.03 load
[runlim] sample:		1780.71 time, 1790.01 real, 7 MB, 53.02 load
[runlim] sample:		1790.66 time, 1800.01 real, 7 MB, 53.02 load
[runlim] sample:		1800.61 time, 1810.01 real, 7 MB, 53.02 load
[runlim] sample:		1810.55 time, 1820.01 real, 7 MB, 53.01 load
[runlim] sample:		1820.50 time, 1830.01 real, 7 MB, 53.01 load
[runlim] sample:		1830.44 time, 1840.01 real, 7 MB, 53.01 load
[runlim] sample:		1840.39 time, 1850.01 real, 7 MB, 53.01 load
[runlim] sample:		1850.33 time, 1860.01 real, 7 MB, 53.01 load
[runlim] sample:		1860.28 time, 1870.01 real, 7 MB, 53.08 load
[runlim] sample:		1870.22 time, 1880.01 real, 7 MB, 53.07 load
[runlim] sample:		1880.17 time, 1890.01 real, 7 MB, 53.14 load
[runlim] sample:		1890.11 time, 1900.01 real, 7 MB, 53.20 load
[runlim] sample:		1900.06 time, 1910.01 real, 7 MB, 53.17 load
[runlim] sample:		1910.00 time, 1920.01 real, 7 MB, 53.14 load
[runlim] sample:		1919.95 time, 1930.01 real, 7 MB, 53.12 load
[runlim] sample:		1929.89 time, 1940.01 real, 7 MB, 53.18 load
[runlim] sample:		1939.84 time, 1950.01 real, 7 MB, 53.23 load
[runlim] sample:		1949.79 time, 1960.01 real, 7 MB, 53.19 load
[runlim] sample:		1959.73 time, 1970.01 real, 7 MB, 53.16 load
[runlim] sample:		1969.68 time, 1980.01 real, 7 MB, 53.29 load
[runlim] sample:		1979.62 time, 1990.01 real, 7 MB, 53.32 load
[runlim] sample:		1989.57 time, 2000.01 real, 7 MB, 53.27 load
[runlim] sample:		1999.51 time, 2010.01 real, 7 MB, 53.23 load
[runlim] sample:		2009.46 time, 2020.01 real, 7 MB, 53.19 load
[runlim] sample:		2019.40 time, 2030.01 real, 7 MB, 53.16 load
[runlim] sample:		2029.35 time, 2040.01 real, 7 MB, 53.22 load
[runlim] sample:		2039.29 time, 2050.01 real, 7 MB, 53.18 load
[runlim] sample:		2049.23 time, 2060.01 real, 7 MB, 53.16 load
[runlim] sample:		2059.17 time, 2070.01 real, 7 MB, 53.13 load
[runlim] sample:		2069.11 time, 2080.01 real, 7 MB, 53.11 load
[runlim] sample:		2079.06 time, 2090.01 real, 7 MB, 53.17 load
[runlim] sample:		2089.00 time, 2100.01 real, 7 MB, 53.14 load
[runlim] sample:		2098.94 time, 2110.01 real, 7 MB, 53.12 load
[runlim] sample:		2108.88 time, 2120.01 real, 7 MB, 53.10 load
[runlim] sample:		2118.83 time, 2130.01 real, 7 MB, 53.08 load
[runlim] sample:		2128.77 time, 2140.01 real, 7 MB, 53.07 load
[runlim] sample:		2138.71 time, 2150.01 real, 7 MB, 53.06 load
[runlim] sample:		2148.66 time, 2160.01 real, 7 MB, 53.05 load
[runlim] sample:		2158.60 time, 2170.01 real, 7 MB, 53.12 load
[runlim] sample:		2168.54 time, 2180.01 real, 7 MB, 53.10 load
[runlim] sample:		2178.49 time, 2190.01 real, 7 MB, 53.09 load
[runlim] sample:		2188.43 time, 2200.01 real, 7 MB, 53.07 load
[runlim] sample:		2198.37 time, 2210.01 real, 7 MB, 53.14 load
[runlim] sample:		2208.32 time, 2220.01 real, 7 MB, 53.12 load
[runlim] sample:		2218.26 time, 2230.01 real, 7 MB, 53.18 load
[runlim] sample:		2228.21 time, 2240.01 real, 7 MB, 53.15 load
[runlim] sample:		2238.15 time, 2250.01 real, 7 MB, 53.13 load
[runlim] sample:		2248.10 time, 2260.01 real, 7 MB, 53.11 load
[runlim] sample:		2258.04 time, 2270.01 real, 7 MB, 53.09 load
[runlim] sample:		2267.99 time, 2280.01 real, 7 MB, 53.15 load
[runlim] sample:		2277.93 time, 2290.01 real, 7 MB, 53.28 load
[runlim] sample:		2287.88 time, 2300.01 real, 7 MB, 53.24 load
[runlim] sample:		2297.82 time, 2310.01 real, 7 MB, 53.20 load
[runlim] sample:		2307.77 time, 2320.01 real, 7 MB, 53.17 load
[runlim] sample:		2317.71 time, 2330.01 real, 7 MB, 53.14 load
[runlim] sample:		2327.66 time, 2340.01 real, 7 MB, 53.20 load
[runlim] sample:		2337.60 time, 2350.01 real, 7 MB, 53.25 load
[runlim] sample:		2347.55 time, 2360.01 real, 7 MB, 53.21 load
[runlim] sample:		2357.49 time, 2370.01 real, 7 MB, 53.17 load
[runlim] sample:		2367.44 time, 2380.01 real, 7 MB, 53.15 load
[runlim] sample:		2377.38 time, 2390.01 real, 7 MB, 53.12 load
[runlim] sample:		2387.32 time, 2400.01 real, 7 MB, 53.10 load
[runlim] sample:		2397.27 time, 2410.01 real, 7 MB, 53.17 load
[runlim] sample:		2407.21 time, 2420.01 real, 7 MB, 53.14 load
[runlim] sample:		2417.16 time, 2430.01 real, 7 MB, 53.12 load
[runlim] sample:		2427.10 time, 2440.01 real, 7 MB, 53.10 load
[runlim] sample:		2437.05 time, 2450.01 real, 7 MB, 53.24 load
[runlim] sample:		2447.00 time, 2460.01 real, 7 MB, 53.20 load
[runlim] sample:		2456.94 time, 2470.01 real, 7 MB, 53.17 load
[runlim] sample:		2466.88 time, 2480.01 real, 7 MB, 53.14 load
[runlim] sample:		2476.83 time, 2490.01 real, 7 MB, 53.20 load
[runlim] sample:		2486.77 time, 2500.01 real, 7 MB, 53.16 load
[runlim] sample:		2496.72 time, 2510.01 real, 7 MB, 53.22 load
[runlim] sample:		2506.67 time, 2520.01 real, 7 MB, 53.18 load
[runlim] sample:		2516.61 time, 2530.01 real, 7 MB, 53.24 load
[runlim] sample:		2526.56 time, 2540.01 real, 7 MB, 53.28 load
[runlim] sample:		2536.50 time, 2550.01 real, 7 MB, 53.24 load
[runlim] sample:		2546.45 time, 2560.01 real, 7 MB, 53.20 load
[runlim] sample:		2556.39 time, 2570.01 real, 7 MB, 53.17 load
[runlim] sample:		2566.33 time, 2580.01 real, 7 MB, 53.14 load
[runlim] sample:		2576.28 time, 2590.01 real, 7 MB, 53.20 load
[runlim] sample:		2586.22 time, 2600.01 real, 7 MB, 53.17 load
[runlim] sample:		2596.17 time, 2610.01 real, 7 MB, 53.22 load
[runlim] sample:		2606.11 time, 2620.01 real, 7 MB, 53.19 load
[runlim] sample:		2616.06 time, 2630.01 real, 7 MB, 53.16 load
[runlim] sample:		2626.00 time, 2640.01 real, 7 MB, 53.13 load
[runlim] sample:		2635.94 time, 2650.01 real, 7 MB, 53.19 load
[runlim] sample:		2645.89 time, 2660.01 real, 7 MB, 53.16 load
[runlim] sample:		2655.83 time, 2670.01 real, 7 MB, 53.21 load
[runlim] sample:		2665.78 time, 2680.01 real, 7 MB, 53.18 load
[runlim] sample:		2675.72 time, 2690.01 real, 7 MB, 53.15 load
[runlim] sample:		2685.67 time, 2700.01 real, 7 MB, 53.13 load
[runlim] sample:		2695.62 time, 2710.01 real, 7 MB, 53.11 load
[runlim] sample:		2705.56 time, 2720.01 real, 7 MB, 53.09 load
[runlim] sample:		2715.51 time, 2730.01 real, 7 MB, 53.16 load
[runlim] sample:		2725.45 time, 2740.01 real, 7 MB, 53.13 load
[runlim] sample:		2735.40 time, 2750.01 real, 7 MB, 53.11 load
[runlim] sample:		2745.35 time, 2760.01 real, 7 MB, 53.09 load
[runlim] sample:		2755.29 time, 2770.01 real, 7 MB, 53.08 load
[runlim] sample:		2765.24 time, 2780.01 real, 7 MB, 53.07 load
[runlim] sample:		2775.18 time, 2790.01 real, 7 MB, 53.14 load
[runlim] sample:		2785.13 time, 2800.01 real, 7 MB, 53.12 load
[runlim] sample:		2795.07 time, 2810.01 real, 7 MB, 53.10 load
[runlim] sample:		2805.02 time, 2820.01 real, 7 MB, 53.24 load
[runlim] sample:		2814.96 time, 2830.01 real, 7 MB, 53.29 load
[runlim] sample:		2824.91 time, 2840.01 real, 7 MB, 53.24 load
[runlim] sample:		2834.86 time, 2850.01 real, 7 MB, 53.20 load
[runlim] sample:		2844.80 time, 2860.01 real, 7 MB, 53.17 load
[runlim] sample:		2854.75 time, 2870.01 real, 7 MB, 53.14 load
[runlim] sample:		2864.70 time, 2880.01 real, 7 MB, 53.20 load
[runlim] sample:		2874.64 time, 2890.01 real, 7 MB, 53.17 load
[runlim] sample:		2884.59 time, 2900.01 real, 7 MB, 53.14 load
[runlim] sample:		2894.54 time, 2910.01 real, 7 MB, 53.12 load
[runlim] sample:		2904.48 time, 2920.01 real, 7 MB, 53.10 load
[runlim] sample:		2914.43 time, 2930.01 real, 7 MB, 53.16 load
[runlim] sample:		2924.37 time, 2940.01 real, 7 MB, 53.21 load
[runlim] sample:		2934.32 time, 2950.01 real, 7 MB, 53.25 load
[runlim] sample:		2944.26 time, 2960.01 real, 7 MB, 53.21 load
[runlim] sample:		2954.21 time, 2970.01 real, 7 MB, 53.18 load
[runlim] sample:		2964.15 time, 2980.01 real, 7 MB, 53.15 load
[runlim] sample:		2974.10 time, 2990.01 real, 7 MB, 53.13 load
[runlim] sample:		2984.04 time, 3000.01 real, 7 MB, 53.19 load
[runlim] sample:		2993.99 time, 3010.01 real, 7 MB, 53.16 load
[runlim] sample:		3003.94 time, 3020.01 real, 7 MB, 53.21 load
[runlim] sample:		3013.88 time, 3030.01 real, 7 MB, 53.18 load
[runlim] sample:		3023.83 time, 3040.01 real, 7 MB, 53.23 load
[runlim] sample:		3033.78 time, 3050.01 real, 7 MB, 53.20 load
[runlim] sample:		3043.72 time, 3060.01 real, 7 MB, 53.17 load
[runlim] sample:		3053.67 time, 3070.01 real, 7 MB, 53.22 load
[runlim] sample:		3063.61 time, 3080.01 real, 7 MB, 53.19 load
[runlim] sample:		3073.56 time, 3090.01 real, 7 MB, 53.16 load
[runlim] sample:		3083.50 time, 3100.01 real, 7 MB, 53.13 load
[runlim] sample:		3093.45 time, 3110.01 real, 7 MB, 53.11 load
[runlim] sample:		3103.40 time, 3120.01 real, 7 MB, 53.09 load
[runlim] sample:		3113.34 time, 3130.01 real, 7 MB, 53.16 load
[runlim] sample:		3123.29 time, 3140.01 real, 7 MB, 53.13 load
[runlim] sample:		3133.24 time, 3150.01 real, 7 MB, 53.19 load
[runlim] sample:		3143.18 time, 3160.01 real, 7 MB, 53.16 load
[runlim] sample:		3153.13 time, 3170.01 real, 7 MB, 53.13 load
[runlim] sample:		3163.07 time, 3180.01 real, 7 MB, 53.11 load
[runlim] sample:		3173.02 time, 3190.01 real, 7 MB, 53.18 load
[runlim] sample:		3182.96 time, 3200.01 real, 7 MB, 53.15 load
[runlim] sample:		3192.91 time, 3210.01 real, 7 MB, 53.12 load
[runlim] sample:		3202.85 time, 3220.01 real, 7 MB, 53.10 load
[runlim] sample:		3212.80 time, 3230.01 real, 7 MB, 53.09 load
[runlim] sample:		3222.74 time, 3240.01 real, 7 MB, 53.07 load
[runlim] sample:		3232.69 time, 3250.01 real, 7 MB, 53.06 load
[runlim] sample:		3242.64 time, 3260.01 real, 7 MB, 53.13 load
[runlim] sample:		3252.58 time, 3270.01 real, 7 MB, 53.19 load
[runlim] sample:		3262.53 time, 3280.01 real, 7 MB, 53.16 load
[runlim] sample:		3272.47 time, 3290.01 real, 7 MB, 53.13 load
[runlim] sample:		3282.42 time, 3300.01 real, 7 MB, 53.11 load
[runlim] sample:		3292.36 time, 3310.01 real, 7 MB, 53.09 load
[runlim] sample:		3302.31 time, 3320.01 real, 7 MB, 53.08 load
[runlim] sample:		3312.25 time, 3330.01 real, 7 MB, 53.15 load
[runlim] sample:		3322.20 time, 3340.01 real, 7 MB, 53.12 load
[runlim] sample:		3332.14 time, 3350.01 real, 7 MB, 53.10 load
[runlim] sample:		3342.08 time, 3360.01 real, 7 MB, 53.09 load
[runlim] sample:		3352.03 time, 3370.01 real, 7 MB, 53.15 load
[runlim] sample:		3361.97 time, 3380.01 real, 7 MB, 53.12 load
[runlim] sample:		3371.92 time, 3390.01 real, 7 MB, 53.19 load
[runlim] sample:		3381.86 time, 3400.01 real, 7 MB, 53.16 load
[runlim] sample:		3391.81 time, 3410.01 real, 7 MB, 53.21 load
[runlim] sample:		3401.75 time, 3420.01 real, 7 MB, 53.17 load
[runlim] sample:		3411.69 time, 3430.01 real, 7 MB, 53.15 load
[runlim] sample:		3421.64 time, 3440.01 real, 7 MB, 53.12 load
[runlim] sample:		3431.58 time, 3450.01 real, 7 MB, 53.26 load
[runlim] sample:		3441.52 time, 3460.01 real, 7 MB, 53.29 load
[runlim] sample:		3451.46 time, 3470.01 real, 7 MB, 53.32 load
[runlim] sample:		3461.40 time, 3480.01 real, 7 MB, 53.27 load
[runlim] sample:		3471.35 time, 3490.01 real, 7 MB, 53.23 load
[runlim] sample:		3481.29 time, 3500.01 real, 7 MB, 53.27 load
[runlim] sample:		3491.23 time, 3510.01 real, 7 MB, 53.31 load
[runlim] sample:		3501.17 time, 3520.01 real, 7 MB, 53.42 load
[runlim] sample:		3511.11 time, 3530.01 real, 7 MB, 53.35 load
[runlim] sample:		3521.06 time, 3540.01 real, 7 MB, 53.38 load
[runlim] sample:		3531.00 time, 3550.01 real, 7 MB, 53.32 load
[runlim] sample:		3540.94 time, 3560.01 real, 7 MB, 53.27 load
[runlim] sample:		3550.89 time, 3570.01 real, 7 MB, 53.38 load
[runlim] sample:		3560.83 time, 3580.01 real, 7 MB, 53.32 load
[runlim] sample:		3570.78 time, 3590.01 real, 7 MB, 53.27 load
[runlim] sample:		3580.73 time, 3600.01 real, 7 MB, 53.23 load
[runlim] sample:		3590.67 time, 3610.01 real, 7 MB, 53.20 load
[runlim] sample:		3600.62 time, 3620.01 real, 7 MB, 53.16 load
[runlim] sample:		3610.56 time, 3630.01 real, 7 MB, 53.30 load
[runlim] sample:		3620.50 time, 3640.01 real, 7 MB, 53.25 load
[runlim] sample:		3630.44 time, 3650.01 real, 7 MB, 53.21 load
[runlim] sample:		3640.39 time, 3660.01 real, 7 MB, 53.25 load
[runlim] sample:		3650.33 time, 3670.01 real, 7 MB, 53.21 load
[runlim] sample:		3660.28 time, 3680.01 real, 7 MB, 53.18 load
[runlim] sample:		3670.22 time, 3690.01 real, 7 MB, 53.15 load
[runlim] sample:		3680.17 time, 3700.01 real, 7 MB, 53.13 load
[runlim] sample:		3690.11 time, 3710.01 real, 7 MB, 53.11 load
[runlim] sample:		3700.06 time, 3720.01 real, 7 MB, 53.09 load
[runlim] sample:		3710.00 time, 3730.01 real, 7 MB, 53.08 load
[runlim] sample:		3719.95 time, 3740.01 real, 7 MB, 53.06 load
[runlim] sample:		3729.89 time, 3750.01 real, 7 MB, 53.05 load
[runlim] sample:		3739.84 time, 3760.01 real, 7 MB, 53.05 load
[runlim] sample:		3749.79 time, 3770.01 real, 7 MB, 53.12 load
[runlim] sample:		3759.73 time, 3780.01 real, 7 MB, 53.18 load
[runlim] sample:		3769.68 time, 3790.01 real, 7 MB, 53.15 load
[runlim] sample:		3779.63 time, 3800.01 real, 7 MB, 53.13 load
[runlim] sample:		3789.57 time, 3810.01 real, 7 MB, 53.11 load
[runlim] sample:		3799.52 time, 3820.01 real, 7 MB, 53.09 load
[runlim] sample:		3809.47 time, 3830.01 real, 7 MB, 53.16 load
[runlim] sample:		3819.41 time, 3840.01 real, 7 MB, 53.13 load
[runlim] sample:		3829.36 time, 3850.01 real, 7 MB, 53.11 load
[runlim] sample:		3839.31 time, 3860.01 real, 7 MB, 53.09 load
[runlim] sample:		3849.25 time, 3870.01 real, 7 MB, 53.08 load
[runlim] sample:		3859.20 time, 3880.01 real, 7 MB, 53.07 load
[runlim] sample:		3869.15 time, 3890.01 real, 7 MB, 53.14 load
[runlim] sample:		3879.09 time, 3900.01 real, 7 MB, 53.12 load
[runlim] sample:		3889.04 time, 3910.01 real, 7 MB, 53.17 load
[runlim] sample:		3898.99 time, 3920.01 real, 7 MB, 53.22 load
[runlim] sample:		3908.93 time, 3930.01 real, 7 MB, 53.18 load
[runlim] sample:		3918.88 time, 3940.01 real, 7 MB, 53.16 load
[runlim] sample:		3928.83 time, 3950.01 real, 7 MB, 53.21 load
[runlim] sample:		3938.77 time, 3960.01 real, 7 MB, 53.25 load
[runlim] sample:		3948.72 time, 3970.01 real, 7 MB, 53.36 load
[runlim] sample:		3958.67 time, 3980.01 real, 7 MB, 53.31 load
[runlim] sample:		3968.61 time, 3990.01 real, 7 MB, 53.26 load
[runlim] sample:		3978.56 time, 4000.01 real, 7 MB, 53.37 load
[runlim] sample:		3988.50 time, 4010.01 real, 7 MB, 53.32 load
[runlim] sample:		3998.45 time, 4020.01 real, 7 MB, 53.34 load
[runlim] sample:		4008.40 time, 4030.01 real, 7 MB, 53.37 load
[runlim] sample:		4018.34 time, 4040.01 real, 7 MB, 53.39 load
[runlim] sample:		4028.29 time, 4050.01 real, 7 MB, 53.33 load
[runlim] sample:		4038.23 time, 4060.01 real, 7 MB, 53.35 load
[runlim] sample:		4048.18 time, 4070.01 real, 7 MB, 53.37 load
[runlim] sample:		4058.11 time, 4080.01 real, 7 MB, 53.31 load
[runlim] sample:		4068.05 time, 4090.01 real, 7 MB, 53.27 load
[runlim] sample:		4077.99 time, 4100.01 real, 7 MB, 53.30 load
[runlim] sample:		4087.94 time, 4110.01 real, 7 MB, 53.25 load
[runlim] sample:		4097.88 time, 4120.01 real, 7 MB, 53.37 load
[runlim] sample:		4107.83 time, 4130.01 real, 7 MB, 53.31 load
[runlim] sample:		4117.77 time, 4140.01 real, 7 MB, 53.34 load
[runlim] sample:		4127.72 time, 4150.01 real, 7 MB, 53.28 load
[runlim] sample:		4137.66 time, 4160.01 real, 7 MB, 53.31 load
[runlim] sample:		4147.61 time, 4170.01 real, 7 MB, 53.43 load
[runlim] sample:		4157.55 time, 4180.01 real, 7 MB, 53.36 load
[runlim] sample:		4167.49 time, 4190.01 real, 7 MB, 53.38 load
[runlim] sample:		4177.44 time, 4200.01 real, 7 MB, 53.32 load
[runlim] sample:		4187.38 time, 4210.01 real, 7 MB, 53.27 load
[runlim] sample:		4197.33 time, 4220.01 real, 7 MB, 53.23 load
[runlim] sample:		4207.27 time, 4230.01 real, 7 MB, 53.19 load
[runlim] sample:		4217.21 time, 4240.01 real, 7 MB, 53.16 load
[runlim] sample:		4227.16 time, 4250.01 real, 7 MB, 53.14 load
[runlim] sample:		4237.10 time, 4260.01 real, 7 MB, 53.12 load
[runlim] sample:		4247.05 time, 4270.01 real, 7 MB, 53.10 load
[runlim] sample:		4256.99 time, 4280.01 real, 7 MB, 53.16 load
[runlim] sample:		4266.93 time, 4290.01 real, 7 MB, 53.13 load
[runlim] sample:		4276.88 time, 4300.01 real, 7 MB, 53.19 load
[runlim] sample:		4286.82 time, 4310.01 real, 7 MB, 53.24 load
[runlim] sample:		4296.77 time, 4320.01 real, 7 MB, 53.45 load
[runlim] sample:		4306.71 time, 4330.01 real, 7 MB, 53.78 load
[runlim] sample:		4316.66 time, 4340.01 real, 7 MB, 54.05 load
[runlim] sample:		4326.60 time, 4350.01 real, 7 MB, 54.21 load
[runlim] sample:		4336.55 time, 4360.01 real, 7 MB, 54.26 load
[runlim] sample:		4346.49 time, 4370.01 real, 7 MB, 54.31 load
[runlim] sample:		4356.44 time, 4380.01 real, 7 MB, 54.03 load
[runlim] sample:		4366.38 time, 4390.01 real, 7 MB, 54.28 load
[runlim] sample:		4376.32 time, 4400.01 real, 7 MB, 54.24 load
[runlim] sample:		4386.27 time, 4410.01 real, 7 MB, 54.36 load
[runlim] sample:		4396.21 time, 4420.01 real, 7 MB, 54.38 load
[runlim] sample:		4406.16 time, 4430.01 real, 7 MB, 54.33 load
[runlim] sample:		4416.10 time, 4440.01 real, 7 MB, 54.19 load
[runlim] sample:		4426.05 time, 4450.01 real, 7 MB, 54.33 load
[runlim] sample:		4435.99 time, 4460.01 real, 7 MB, 54.28 load
[runlim] sample:		4445.94 time, 4470.01 real, 7 MB, 54.16 load
[runlim] sample:		4455.88 time, 4480.01 real, 7 MB, 54.14 load
[runlim] sample:		4465.83 time, 4490.01 real, 7 MB, 54.05 load
[runlim] sample:		4475.77 time, 4500.01 real, 7 MB, 53.89 load
[runlim] sample:		4485.72 time, 4510.01 real, 7 MB, 53.60 load
[runlim] sample:		4495.66 time, 4520.01 real, 7 MB, 53.43 load
[runlim] sample:		4505.61 time, 4530.01 real, 7 MB, 53.43 load
[runlim] sample:		4515.55 time, 4540.01 real, 7 MB, 53.28 load
[runlim] sample:		4525.50 time, 4550.01 real, 7 MB, 53.17 load
[runlim] sample:		4535.44 time, 4560.01 real, 7 MB, 53.28 load
[runlim] sample:		4545.39 time, 4570.01 real, 7 MB, 53.08 load
[runlim] sample:		4555.33 time, 4580.01 real, 7 MB, 52.99 load
[runlim] sample:		4565.28 time, 4590.01 real, 7 MB, 52.91 load
[runlim] sample:		4575.22 time, 4600.01 real, 7 MB, 52.85 load
[runlim] sample:		4585.17 time, 4610.01 real, 7 MB, 52.80 load
[runlim] sample:		4595.12 time, 4620.01 real, 7 MB, 52.83 load
[runlim] sample:		4605.06 time, 4630.01 real, 7 MB, 52.70 load
[runlim] sample:		4615.01 time, 4640.01 real, 7 MB, 52.59 load
[runlim] sample:		4624.95 time, 4650.01 real, 7 MB, 52.65 load
[runlim] sample:		4634.90 time, 4660.01 real, 7 MB, 52.62 load
[runlim] sample:		4644.84 time, 4670.01 real, 7 MB, 52.60 load
[runlim] sample:		4654.79 time, 4680.01 real, 7 MB, 52.73 load
[runlim] sample:		4664.73 time, 4690.01 real, 7 MB, 52.76 load
[runlim] sample:		4674.68 time, 4700.01 real, 7 MB, 52.72 load
[runlim] sample:		4684.62 time, 4710.01 real, 7 MB, 52.68 load
[runlim] sample:		4694.56 time, 4720.01 real, 7 MB, 52.66 load
[runlim] sample:		4704.51 time, 4730.01 real, 7 MB, 52.56 load
[runlim] sample:		4714.45 time, 4740.01 real, 7 MB, 52.62 load
[runlim] sample:		4724.40 time, 4750.01 real, 7 MB, 52.52 load
[runlim] sample:		4734.34 time, 4760.01 real, 7 MB, 52.44 load
[runlim] sample:		4744.28 time, 4770.01 real, 7 MB, 52.52 load
[runlim] sample:		4754.23 time, 4780.01 real, 7 MB, 52.44 load
[runlim] sample:		4764.17 time, 4790.01 real, 7 MB, 52.37 load
[runlim] sample:		4774.11 time, 4800.01 real, 7 MB, 52.76 load
[runlim] sample:		4784.06 time, 4810.01 real, 7 MB, 52.64 load
[runlim] sample:		4794.00 time, 4820.01 real, 7 MB, 52.54 load
[runlim] sample:		4803.95 time, 4830.01 real, 7 MB, 52.53 load
[runlim] sample:		4813.89 time, 4840.01 real, 7 MB, 52.52 load
[runlim] sample:		4823.84 time, 4850.01 real, 7 MB, 52.44 load
[runlim] sample:		4833.78 time, 4860.01 real, 7 MB, 52.45 load
[runlim] sample:		4843.72 time, 4870.01 real, 7 MB, 52.38 load
[runlim] sample:		4853.67 time, 4880.01 real, 7 MB, 52.32 load
[runlim] sample:		4863.61 time, 4890.01 real, 7 MB, 52.34 load
[runlim] sample:		4873.56 time, 4900.01 real, 7 MB, 52.29 load
[runlim] sample:		4883.50 time, 4910.01 real, 7 MB, 52.32 load
[runlim] sample:		4893.45 time, 4920.01 real, 7 MB, 52.34 load
[runlim] sample:		4903.39 time, 4930.01 real, 7 MB, 52.29 load
[runlim] sample:		4913.33 time, 4940.01 real, 7 MB, 52.25 load
[runlim] sample:		4923.28 time, 4950.01 real, 7 MB, 51.81 load
[runlim] sample:		4933.23 time, 4960.01 real, 7 MB, 50.06 load
[runlim] sample:		4943.17 time, 4970.01 real, 7 MB, 47.50 load
[runlim] sample:		4953.12 time, 4980.01 real, 7 MB, 44.25 load
[runlim] sample:		4963.07 time, 4990.01 real, 7 MB, 40.28 load
[runlim] sample:		4973.02 time, 5000.01 real, 7 MB, 35.37 load
[runlim] end:			Thu Apr  9 19:25:42 2026
[runlim] status:		out of time
[runlim] result:		2
[runlim] children:		1
[runlim] processes:		2
[runlim] real:			5000.05 seconds
[runlim] time:			4973.02 seconds
[runlim] space:			7 MB
[runlim] load:			56.38 maximum
[runlim] samples:		50000
