[runlim] version:		2.0.0rc1
[runlim] host:			o02n06
[runlim] time limit:		311040000 seconds
[runlim] real time limit:	5000 seconds
[runlim] space limit:		7000 MB
[runlim] argv[0]:		./binary
[runlim] argv[1]:		-c
[runlim] argv[2]:		-r
[runlim] argv[3]:		/tmp/local-unzipped-12459990-2-94-mc2025_track1_169.cnf
[runlim] start:			Thu Apr  9 18:01:51 2026
[runlim] child:			1639025
[runlim] end:			Thu Apr  9 18:01:58 2026
[runlim] status:		ok
[runlim] result:		0
[runlim] children:		1
[runlim] processes:		2
[runlim] real:			6.94 seconds
[runlim] time:			6.87 seconds
[runlim] space:			27 MB
[runlim] load:			14.46 maximum
[runlim] samples:		69
