[runlim] version:		2.0.0rc1
[runlim] host:			o02n04
[runlim] time limit:		311040000 seconds
[runlim] real time limit:	5000 seconds
[runlim] space limit:		7000 MB
[runlim] argv[0]:		./binary
[runlim] argv[1]:		-c
[runlim] argv[2]:		-r
[runlim] argv[3]:		/tmp/local-unzipped-12459990-1-41-mc2025_track1_125.cnf
[runlim] start:			Thu Apr  9 18:02:02 2026
[runlim] child:			3937446
[runlim] sample:		9.95 time, 10.01 real, 14 MB, 18.93 load
[runlim] sample:		19.88 time, 20.01 real, 18 MB, 24.11 load
[runlim] sample:		29.82 time, 30.01 real, 21 MB, 29.79 load
[runlim] end:			Thu Apr  9 18:02:39 2026
[runlim] status:		ok
[runlim] result:		0
[runlim] children:		1
[runlim] processes:		2
[runlim] real:			37.52 seconds
[runlim] time:			37.27 seconds
[runlim] space:			21 MB
[runlim] load:			34.59 maximum
[runlim] samples:		375
