[runlim] version:		2.0.0rc1
[runlim] host:			o02n04
[runlim] time limit:		311040000 seconds
[runlim] real time limit:	5000 seconds
[runlim] space limit:		7000 MB
[runlim] argv[0]:		./binary
[runlim] argv[1]:		-c
[runlim] argv[2]:		-r
[runlim] argv[3]:		/tmp/local-unzipped-12459990-1-19-mc2025_track1_041.cnf
[runlim] start:			Thu Apr  9 18:01:39 2026
[runlim] child:			3936658
[runlim] sample:		9.95 time, 10.01 real, 4 MB, 11.27 load
[runlim] sample:		19.90 time, 20.01 real, 4 MB, 14.63 load
[runlim] sample:		29.84 time, 30.01 real, 4 MB, 18.93 load
[runlim] sample:		39.78 time, 40.01 real, 4 MB, 24.11 load
[runlim] sample:		49.72 time, 50.01 real, 4 MB, 29.79 load
[runlim] sample:		59.66 time, 60.01 real, 4 MB, 34.59 load
[runlim] sample:		69.59 time, 70.01 real, 4 MB, 38.34 load
[runlim] sample:		79.53 time, 80.01 real, 4 MB, 41.44 load
[runlim] sample:		89.47 time, 90.01 real, 4 MB, 43.99 load
[runlim] sample:		99.41 time, 100.01 real, 4 MB, 46.14 load
[runlim] sample:		109.36 time, 110.01 real, 4 MB, 47.97 load
[runlim] sample:		119.30 time, 120.01 real, 4 MB, 49.35 load
[runlim] sample:		129.25 time, 130.01 real, 4 MB, 50.53 load
[runlim] sample:		139.19 time, 140.01 real, 4 MB, 51.45 load
[runlim] sample:		149.13 time, 150.01 real, 4 MB, 52.15 load
[runlim] sample:		159.07 time, 160.01 real, 4 MB, 52.74 load
[runlim] sample:		169.02 time, 170.01 real, 4 MB, 53.24 load
[runlim] sample:		178.96 time, 180.01 real, 4 MB, 53.67 load
[runlim] sample:		188.91 time, 190.01 real, 4 MB, 54.10 load
[runlim] sample:		198.85 time, 200.01 real, 4 MB, 54.39 load
[runlim] sample:		208.79 time, 210.01 real, 4 MB, 54.64 load
[runlim] sample:		218.74 time, 220.01 real, 4 MB, 54.85 load
[runlim] sample:		228.68 time, 230.01 real, 4 MB, 55.11 load
[runlim] sample:		238.63 time, 240.01 real, 4 MB, 55.24 load
[runlim] sample:		248.57 time, 250.01 real, 4 MB, 55.44 load
[runlim] sample:		258.52 time, 260.01 real, 4 MB, 55.53 load
[runlim] sample:		268.46 time, 270.01 real, 4 MB, 55.67 load
[runlim] sample:		278.40 time, 280.01 real, 4 MB, 55.81 load
[runlim] sample:		288.35 time, 290.01 real, 4 MB, 55.84 load
[runlim] sample:		298.29 time, 300.01 real, 4 MB, 55.86 load
[runlim] sample:		308.23 time, 310.01 real, 4 MB, 55.88 load
[runlim] sample:		318.18 time, 320.01 real, 4 MB, 55.90 load
[runlim] sample:		328.12 time, 330.01 real, 4 MB, 55.92 load
[runlim] sample:		338.07 time, 340.01 real, 4 MB, 55.93 load
[runlim] sample:		348.01 time, 350.01 real, 4 MB, 55.94 load
[runlim] sample:		357.95 time, 360.01 real, 4 MB, 55.95 load
[runlim] sample:		367.90 time, 370.01 real, 4 MB, 55.96 load
[runlim] sample:		377.84 time, 380.01 real, 4 MB, 56.04 load
[runlim] sample:		387.78 time, 390.01 real, 4 MB, 56.03 load
[runlim] sample:		397.73 time, 400.01 real, 4 MB, 56.03 load
[runlim] sample:		407.68 time, 410.01 real, 4 MB, 56.17 load
[runlim] sample:		417.63 time, 420.01 real, 4 MB, 56.22 load
[runlim] sample:		427.58 time, 430.01 real, 4 MB, 56.19 load
[runlim] sample:		437.53 time, 440.01 real, 4 MB, 56.16 load
[runlim] sample:		447.48 time, 450.01 real, 4 MB, 56.21 load
[runlim] sample:		457.43 time, 460.01 real, 4 MB, 56.18 load
[runlim] sample:		467.38 time, 470.01 real, 4 MB, 56.30 load
[runlim] sample:		477.33 time, 480.01 real, 4 MB, 56.25 load
[runlim] sample:		487.28 time, 490.01 real, 4 MB, 56.37 load
[runlim] sample:		497.22 time, 500.01 real, 4 MB, 56.31 load
[runlim] sample:		507.17 time, 510.01 real, 4 MB, 56.26 load
[runlim] sample:		517.12 time, 520.01 real, 4 MB, 56.22 load
[runlim] sample:		527.07 time, 530.01 real, 4 MB, 56.26 load
[runlim] sample:		537.02 time, 540.01 real, 4 MB, 56.38 load
[runlim] sample:		546.97 time, 550.01 real, 4 MB, 56.24 load
[runlim] sample:		556.93 time, 560.01 real, 4 MB, 56.05 load
[runlim] sample:		566.88 time, 570.01 real, 4 MB, 55.89 load
[runlim] sample:		576.83 time, 580.01 real, 4 MB, 55.60 load
[runlim] sample:		586.78 time, 590.01 real, 4 MB, 55.42 load
[runlim] sample:		596.73 time, 600.01 real, 4 MB, 55.21 load
[runlim] sample:		606.68 time, 610.01 real, 4 MB, 55.02 load
[runlim] sample:		616.64 time, 620.01 real, 4 MB, 54.86 load
[runlim] sample:		626.59 time, 630.01 real, 4 MB, 54.73 load
[runlim] sample:		636.54 time, 640.01 real, 4 MB, 54.62 load
[runlim] sample:		646.49 time, 650.01 real, 4 MB, 54.74 load
[runlim] sample:		656.44 time, 660.01 real, 4 MB, 54.63 load
[runlim] sample:		666.39 time, 670.01 real, 4 MB, 54.53 load
[runlim] sample:		676.34 time, 680.01 real, 4 MB, 54.45 load
[runlim] sample:		686.30 time, 690.01 real, 4 MB, 54.38 load
[runlim] sample:		696.25 time, 700.01 real, 4 MB, 54.32 load
[runlim] sample:		706.20 time, 710.01 real, 4 MB, 54.34 load
[runlim] sample:		716.15 time, 720.01 real, 4 MB, 54.37 load
[runlim] sample:		726.10 time, 730.01 real, 4 MB, 54.31 load
[runlim] sample:		736.05 time, 740.01 real, 4 MB, 54.27 load
[runlim] sample:		746.00 time, 750.01 real, 4 MB, 54.22 load
[runlim] sample:		755.95 time, 760.01 real, 4 MB, 54.19 load
[runlim] sample:		765.90 time, 770.01 real, 4 MB, 54.16 load
[runlim] sample:		775.86 time, 780.01 real, 4 MB, 54.13 load
[runlim] sample:		785.81 time, 790.01 real, 4 MB, 54.11 load
[runlim] sample:		795.76 time, 800.01 real, 4 MB, 53.94 load
[runlim] sample:		805.71 time, 810.01 real, 4 MB, 53.80 load
[runlim] sample:		815.66 time, 820.01 real, 4 MB, 53.67 load
[runlim] sample:		825.62 time, 830.01 real, 4 MB, 53.57 load
[runlim] sample:		835.57 time, 840.01 real, 4 MB, 53.48 load
[runlim] sample:		845.52 time, 850.01 real, 4 MB, 53.64 load
[runlim] sample:		855.47 time, 860.01 real, 4 MB, 53.54 load
[runlim] sample:		865.42 time, 870.01 real, 4 MB, 53.45 load
[runlim] sample:		875.37 time, 880.01 real, 4 MB, 53.46 load
[runlim] sample:		885.32 time, 890.01 real, 4 MB, 53.39 load
[runlim] sample:		895.27 time, 900.01 real, 4 MB, 53.33 load
[runlim] sample:		905.23 time, 910.01 real, 4 MB, 53.28 load
[runlim] sample:		915.18 time, 920.01 real, 4 MB, 53.23 load
[runlim] sample:		925.13 time, 930.01 real, 4 MB, 53.20 load
[runlim] sample:		935.08 time, 940.01 real, 4 MB, 53.25 load
[runlim] sample:		945.03 time, 950.01 real, 4 MB, 53.28 load
[runlim] sample:		954.98 time, 960.01 real, 4 MB, 53.24 load
[runlim] sample:		964.93 time, 970.01 real, 4 MB, 53.20 load
[runlim] sample:		974.88 time, 980.01 real, 4 MB, 53.17 load
[runlim] sample:		984.83 time, 990.01 real, 4 MB, 53.22 load
[runlim] sample:		994.78 time, 1000.01 real, 4 MB, 53.18 load
[runlim] sample:		1004.73 time, 1010.01 real, 4 MB, 53.24 load
[runlim] sample:		1014.68 time, 1020.01 real, 4 MB, 53.20 load
[runlim] sample:		1024.64 time, 1030.01 real, 4 MB, 53.17 load
[runlim] sample:		1034.59 time, 1040.01 real, 4 MB, 53.22 load
[runlim] sample:		1044.54 time, 1050.01 real, 4 MB, 53.19 load
[runlim] sample:		1054.49 time, 1060.01 real, 4 MB, 53.16 load
[runlim] sample:		1064.44 time, 1070.01 real, 4 MB, 53.21 load
[runlim] sample:		1074.39 time, 1080.01 real, 4 MB, 53.34 load
[runlim] sample:		1084.34 time, 1090.01 real, 4 MB, 53.28 load
[runlim] sample:		1094.29 time, 1100.01 real, 4 MB, 53.24 load
[runlim] sample:		1104.24 time, 1110.01 real, 4 MB, 53.28 load
[runlim] sample:		1114.19 time, 1120.01 real, 4 MB, 53.23 load
[runlim] sample:		1124.14 time, 1130.01 real, 4 MB, 53.20 load
[runlim] sample:		1134.09 time, 1140.01 real, 4 MB, 53.17 load
[runlim] sample:		1144.04 time, 1150.01 real, 4 MB, 53.21 load
[runlim] sample:		1153.99 time, 1160.01 real, 4 MB, 53.18 load
[runlim] sample:		1163.94 time, 1170.01 real, 4 MB, 53.15 load
[runlim] sample:		1173.90 time, 1180.01 real, 4 MB, 53.13 load
[runlim] sample:		1183.85 time, 1190.01 real, 4 MB, 53.11 load
[runlim] sample:		1193.80 time, 1200.01 real, 4 MB, 53.17 load
[runlim] sample:		1203.75 time, 1210.01 real, 4 MB, 53.22 load
[runlim] sample:		1213.70 time, 1220.01 real, 4 MB, 53.27 load
[runlim] sample:		1223.65 time, 1230.01 real, 4 MB, 53.23 load
[runlim] sample:		1233.60 time, 1240.01 real, 4 MB, 53.19 load
[runlim] sample:		1243.55 time, 1250.01 real, 4 MB, 53.24 load
[runlim] sample:		1253.50 time, 1260.01 real, 4 MB, 53.20 load
[runlim] sample:		1263.45 time, 1270.01 real, 4 MB, 53.24 load
[runlim] sample:		1273.41 time, 1280.01 real, 4 MB, 53.21 load
[runlim] sample:		1283.36 time, 1290.01 real, 4 MB, 53.17 load
[runlim] sample:		1293.31 time, 1300.01 real, 4 MB, 53.15 load
[runlim] sample:		1303.26 time, 1310.01 real, 4 MB, 53.12 load
[runlim] sample:		1313.21 time, 1320.01 real, 4 MB, 53.10 load
[runlim] sample:		1323.16 time, 1330.01 real, 4 MB, 53.17 load
[runlim] sample:		1333.11 time, 1340.01 real, 4 MB, 53.14 load
[runlim] sample:		1343.07 time, 1350.01 real, 4 MB, 53.12 load
[runlim] sample:		1353.02 time, 1360.01 real, 4 MB, 53.10 load
[runlim] sample:		1362.97 time, 1370.01 real, 4 MB, 53.08 load
[runlim] sample:		1372.92 time, 1380.01 real, 4 MB, 53.07 load
[runlim] sample:		1382.88 time, 1390.01 real, 4 MB, 53.06 load
[runlim] sample:		1392.83 time, 1400.01 real, 4 MB, 53.05 load
[runlim] sample:		1402.78 time, 1410.01 real, 4 MB, 53.12 load
[runlim] sample:		1412.73 time, 1420.01 real, 4 MB, 53.10 load
[runlim] sample:		1422.68 time, 1430.01 real, 4 MB, 53.09 load
[runlim] sample:		1432.64 time, 1440.01 real, 4 MB, 53.07 load
[runlim] sample:		1442.59 time, 1450.01 real, 4 MB, 53.14 load
[runlim] sample:		1452.54 time, 1460.01 real, 4 MB, 53.11 load
[runlim] sample:		1462.49 time, 1470.01 real, 4 MB, 53.10 load
[runlim] sample:		1472.44 time, 1480.01 real, 4 MB, 53.08 load
[runlim] sample:		1482.40 time, 1490.01 real, 4 MB, 53.30 load
[runlim] sample:		1492.35 time, 1500.01 real, 4 MB, 53.25 load
[runlim] sample:		1502.30 time, 1510.01 real, 4 MB, 53.21 load
[runlim] sample:		1512.25 time, 1520.01 real, 4 MB, 53.18 load
[runlim] sample:		1522.20 time, 1530.01 real, 4 MB, 53.23 load
[runlim] sample:		1532.15 time, 1540.01 real, 4 MB, 53.20 load
[runlim] sample:		1542.11 time, 1550.01 real, 4 MB, 53.16 load
[runlim] sample:		1552.06 time, 1560.01 real, 4 MB, 53.14 load
[runlim] sample:		1562.01 time, 1570.01 real, 4 MB, 53.12 load
[runlim] sample:		1571.96 time, 1580.01 real, 4 MB, 53.18 load
[runlim] sample:		1581.91 time, 1590.01 real, 4 MB, 53.15 load
[runlim] sample:		1591.86 time, 1600.01 real, 4 MB, 53.13 load
[runlim] sample:		1601.82 time, 1610.01 real, 4 MB, 53.19 load
[runlim] sample:		1611.77 time, 1620.01 real, 4 MB, 53.16 load
[runlim] sample:		1621.72 time, 1630.01 real, 4 MB, 53.13 load
[runlim] sample:		1631.67 time, 1640.01 real, 4 MB, 53.11 load
[runlim] sample:		1641.62 time, 1650.01 real, 4 MB, 53.17 load
[runlim] sample:		1651.58 time, 1660.01 real, 4 MB, 53.14 load
[runlim] sample:		1661.53 time, 1670.01 real, 4 MB, 53.12 load
[runlim] sample:		1671.48 time, 1680.01 real, 4 MB, 53.10 load
[runlim] sample:		1681.43 time, 1690.01 real, 4 MB, 53.08 load
[runlim] sample:		1691.39 time, 1700.01 real, 4 MB, 53.07 load
[runlim] sample:		1701.34 time, 1710.01 real, 4 MB, 53.06 load
[runlim] sample:		1711.29 time, 1720.01 real, 4 MB, 53.05 load
[runlim] sample:		1721.25 time, 1730.01 real, 4 MB, 53.04 load
[runlim] sample:		1731.20 time, 1740.01 real, 4 MB, 53.04 load
[runlim] sample:		1741.15 time, 1750.01 real, 4 MB, 53.10 load
[runlim] sample:		1751.10 time, 1760.01 real, 4 MB, 53.09 load
[runlim] sample:		1761.05 time, 1770.01 real, 4 MB, 53.07 load
[runlim] sample:		1771.01 time, 1780.01 real, 4 MB, 53.06 load
[runlim] sample:		1780.96 time, 1790.01 real, 4 MB, 53.05 load
[runlim] sample:		1790.91 time, 1800.01 real, 4 MB, 53.04 load
[runlim] sample:		1800.86 time, 1810.01 real, 4 MB, 53.04 load
[runlim] sample:		1810.81 time, 1820.01 real, 4 MB, 53.03 load
[runlim] sample:		1820.77 time, 1830.01 real, 4 MB, 53.02 load
[runlim] sample:		1830.72 time, 1840.01 real, 4 MB, 53.02 load
[runlim] sample:		1840.67 time, 1850.01 real, 4 MB, 53.02 load
[runlim] sample:		1850.62 time, 1860.01 real, 4 MB, 53.01 load
[runlim] sample:		1860.57 time, 1870.01 real, 4 MB, 53.01 load
[runlim] sample:		1870.53 time, 1880.01 real, 4 MB, 53.01 load
[runlim] sample:		1880.48 time, 1890.01 real, 4 MB, 53.01 load
[runlim] sample:		1890.43 time, 1900.01 real, 4 MB, 53.01 load
[runlim] sample:		1900.38 time, 1910.01 real, 4 MB, 53.08 load
[runlim] sample:		1910.34 time, 1920.01 real, 4 MB, 53.07 load
[runlim] sample:		1920.29 time, 1930.01 real, 4 MB, 53.14 load
[runlim] sample:		1930.24 time, 1940.01 real, 4 MB, 53.20 load
[runlim] sample:		1940.19 time, 1950.01 real, 4 MB, 53.17 load
[runlim] sample:		1950.14 time, 1960.01 real, 4 MB, 53.14 load
[runlim] sample:		1960.09 time, 1970.01 real, 4 MB, 53.12 load
[runlim] sample:		1970.05 time, 1980.01 real, 4 MB, 53.18 load
[runlim] sample:		1980.00 time, 1990.01 real, 4 MB, 53.23 load
[runlim] sample:		1989.95 time, 2000.01 real, 4 MB, 53.19 load
[runlim] sample:		1999.90 time, 2010.01 real, 4 MB, 53.16 load
[runlim] sample:		2009.85 time, 2020.01 real, 4 MB, 53.29 load
[runlim] sample:		2019.81 time, 2030.01 real, 4 MB, 53.32 load
[runlim] sample:		2029.76 time, 2040.01 real, 4 MB, 53.27 load
[runlim] sample:		2039.71 time, 2050.01 real, 4 MB, 53.23 load
[runlim] sample:		2049.66 time, 2060.01 real, 4 MB, 53.19 load
[runlim] sample:		2059.61 time, 2070.01 real, 4 MB, 53.16 load
[runlim] sample:		2069.56 time, 2080.01 real, 4 MB, 53.22 load
[runlim] sample:		2079.52 time, 2090.01 real, 4 MB, 53.18 load
[runlim] sample:		2089.47 time, 2100.01 real, 4 MB, 53.16 load
[runlim] sample:		2099.42 time, 2110.01 real, 4 MB, 53.13 load
[runlim] sample:		2109.37 time, 2120.01 real, 4 MB, 53.11 load
[runlim] sample:		2119.32 time, 2130.01 real, 4 MB, 53.17 load
[runlim] sample:		2129.28 time, 2140.01 real, 4 MB, 53.14 load
[runlim] sample:		2139.23 time, 2150.01 real, 4 MB, 53.12 load
[runlim] sample:		2149.18 time, 2160.01 real, 4 MB, 53.10 load
[runlim] sample:		2159.13 time, 2170.01 real, 4 MB, 53.08 load
[runlim] sample:		2169.08 time, 2180.01 real, 4 MB, 53.07 load
[runlim] sample:		2179.04 time, 2190.01 real, 4 MB, 53.06 load
[runlim] sample:		2188.99 time, 2200.01 real, 4 MB, 53.05 load
[runlim] sample:		2198.94 time, 2210.01 real, 4 MB, 53.12 load
[runlim] sample:		2208.89 time, 2220.01 real, 4 MB, 53.10 load
[runlim] sample:		2218.85 time, 2230.01 real, 4 MB, 53.09 load
[runlim] sample:		2228.80 time, 2240.01 real, 4 MB, 53.07 load
[runlim] sample:		2238.75 time, 2250.01 real, 4 MB, 53.14 load
[runlim] sample:		2248.70 time, 2260.01 real, 4 MB, 53.12 load
[runlim] sample:		2258.66 time, 2270.01 real, 4 MB, 53.18 load
[runlim] sample:		2268.61 time, 2280.01 real, 4 MB, 53.15 load
[runlim] sample:		2278.56 time, 2290.01 real, 4 MB, 53.13 load
[runlim] sample:		2288.51 time, 2300.01 real, 4 MB, 53.11 load
[runlim] sample:		2298.47 time, 2310.01 real, 4 MB, 53.09 load
[runlim] sample:		2308.42 time, 2320.01 real, 4 MB, 53.15 load
[runlim] sample:		2318.37 time, 2330.01 real, 4 MB, 53.28 load
[runlim] sample:		2328.32 time, 2340.01 real, 4 MB, 53.24 load
[runlim] sample:		2338.27 time, 2350.01 real, 4 MB, 53.20 load
[runlim] sample:		2348.22 time, 2360.01 real, 4 MB, 53.17 load
[runlim] sample:		2358.18 time, 2370.01 real, 4 MB, 53.14 load
[runlim] sample:		2368.13 time, 2380.01 real, 4 MB, 53.20 load
[runlim] sample:		2378.08 time, 2390.01 real, 4 MB, 53.25 load
[runlim] sample:		2388.03 time, 2400.01 real, 4 MB, 53.21 load
[runlim] sample:		2397.98 time, 2410.01 real, 4 MB, 53.17 load
[runlim] sample:		2407.94 time, 2420.01 real, 4 MB, 53.15 load
[runlim] sample:		2417.89 time, 2430.01 real, 4 MB, 53.12 load
[runlim] sample:		2427.84 time, 2440.01 real, 4 MB, 53.10 load
[runlim] sample:		2437.79 time, 2450.01 real, 4 MB, 53.17 load
[runlim] sample:		2447.74 time, 2460.01 real, 4 MB, 53.14 load
[runlim] sample:		2457.70 time, 2470.01 real, 4 MB, 53.12 load
[runlim] sample:		2467.65 time, 2480.01 real, 4 MB, 53.10 load
[runlim] sample:		2477.60 time, 2490.01 real, 4 MB, 53.24 load
[runlim] sample:		2487.55 time, 2500.01 real, 4 MB, 53.20 load
[runlim] sample:		2497.51 time, 2510.01 real, 4 MB, 53.17 load
[runlim] sample:		2507.46 time, 2520.01 real, 4 MB, 53.14 load
[runlim] sample:		2517.41 time, 2530.01 real, 4 MB, 53.20 load
[runlim] sample:		2527.37 time, 2540.01 real, 4 MB, 53.16 load
[runlim] sample:		2537.32 time, 2550.01 real, 4 MB, 53.22 load
[runlim] sample:		2547.27 time, 2560.01 real, 4 MB, 53.18 load
[runlim] sample:		2557.22 time, 2570.01 real, 4 MB, 53.24 load
[runlim] sample:		2567.18 time, 2580.01 real, 4 MB, 53.28 load
[runlim] sample:		2577.13 time, 2590.01 real, 4 MB, 53.24 load
[runlim] sample:		2587.08 time, 2600.01 real, 4 MB, 53.20 load
[runlim] sample:		2597.03 time, 2610.01 real, 4 MB, 53.17 load
[runlim] sample:		2606.99 time, 2620.01 real, 4 MB, 53.14 load
[runlim] sample:		2616.94 time, 2630.01 real, 4 MB, 53.20 load
[runlim] sample:		2626.89 time, 2640.01 real, 4 MB, 53.17 load
[runlim] sample:		2636.85 time, 2650.01 real, 4 MB, 53.22 load
[runlim] sample:		2646.80 time, 2660.01 real, 4 MB, 53.19 load
[runlim] sample:		2656.75 time, 2670.01 real, 4 MB, 53.16 load
[runlim] sample:		2666.70 time, 2680.01 real, 4 MB, 53.13 load
[runlim] sample:		2676.66 time, 2690.01 real, 4 MB, 53.19 load
[runlim] sample:		2686.61 time, 2700.01 real, 4 MB, 53.16 load
[runlim] sample:		2696.56 time, 2710.01 real, 4 MB, 53.21 load
[runlim] sample:		2706.52 time, 2720.01 real, 4 MB, 53.18 load
[runlim] sample:		2716.47 time, 2730.01 real, 4 MB, 53.15 load
[runlim] sample:		2726.42 time, 2740.01 real, 4 MB, 53.13 load
[runlim] sample:		2736.37 time, 2750.01 real, 4 MB, 53.11 load
[runlim] sample:		2746.33 time, 2760.01 real, 4 MB, 53.09 load
[runlim] sample:		2756.28 time, 2770.01 real, 4 MB, 53.16 load
[runlim] sample:		2766.23 time, 2780.01 real, 4 MB, 53.13 load
[runlim] sample:		2776.18 time, 2790.01 real, 4 MB, 53.11 load
[runlim] sample:		2786.14 time, 2800.01 real, 4 MB, 53.09 load
[runlim] sample:		2796.09 time, 2810.01 real, 4 MB, 53.08 load
[runlim] sample:		2806.04 time, 2820.01 real, 4 MB, 53.07 load
[runlim] sample:		2815.99 time, 2830.01 real, 4 MB, 53.14 load
[runlim] sample:		2825.95 time, 2840.01 real, 4 MB, 53.12 load
[runlim] sample:		2835.90 time, 2850.01 real, 4 MB, 53.10 load
[runlim] sample:		2845.85 time, 2860.01 real, 4 MB, 53.24 load
[runlim] sample:		2855.80 time, 2870.01 real, 4 MB, 53.29 load
[runlim] sample:		2865.76 time, 2880.01 real, 4 MB, 53.24 load
[runlim] sample:		2875.71 time, 2890.01 real, 4 MB, 53.20 load
[runlim] sample:		2885.66 time, 2900.01 real, 4 MB, 53.17 load
[runlim] sample:		2895.61 time, 2910.01 real, 4 MB, 53.14 load
[runlim] sample:		2905.57 time, 2920.01 real, 4 MB, 53.20 load
[runlim] sample:		2915.52 time, 2930.01 real, 4 MB, 53.17 load
[runlim] sample:		2925.47 time, 2940.01 real, 4 MB, 53.14 load
[runlim] sample:		2935.42 time, 2950.01 real, 4 MB, 53.12 load
[runlim] sample:		2945.38 time, 2960.01 real, 4 MB, 53.10 load
[runlim] sample:		2955.33 time, 2970.01 real, 4 MB, 53.16 load
[runlim] sample:		2965.28 time, 2980.01 real, 4 MB, 53.21 load
[runlim] sample:		2975.23 time, 2990.01 real, 4 MB, 53.25 load
[runlim] sample:		2985.18 time, 3000.01 real, 4 MB, 53.21 load
[runlim] sample:		2995.13 time, 3010.01 real, 4 MB, 53.18 load
[runlim] sample:		3005.08 time, 3020.01 real, 4 MB, 53.15 load
[runlim] sample:		3015.03 time, 3030.01 real, 4 MB, 53.13 load
[runlim] sample:		3024.99 time, 3040.01 real, 4 MB, 53.19 load
[runlim] sample:		3034.94 time, 3050.01 real, 4 MB, 53.16 load
[runlim] sample:		3044.89 time, 3060.01 real, 4 MB, 53.21 load
[runlim] sample:		3054.85 time, 3070.01 real, 4 MB, 53.18 load
[runlim] sample:		3064.80 time, 3080.01 real, 4 MB, 53.23 load
[runlim] sample:		3074.75 time, 3090.01 real, 4 MB, 53.20 load
[runlim] sample:		3084.71 time, 3100.01 real, 4 MB, 53.17 load
[runlim] sample:		3094.66 time, 3110.01 real, 4 MB, 53.22 load
[runlim] sample:		3104.61 time, 3120.01 real, 4 MB, 53.19 load
[runlim] sample:		3114.56 time, 3130.01 real, 4 MB, 53.16 load
[runlim] sample:		3124.52 time, 3140.01 real, 4 MB, 53.13 load
[runlim] sample:		3134.47 time, 3150.01 real, 4 MB, 53.11 load
[runlim] sample:		3144.42 time, 3160.01 real, 4 MB, 53.09 load
[runlim] sample:		3154.37 time, 3170.01 real, 4 MB, 53.16 load
[runlim] sample:		3164.33 time, 3180.01 real, 4 MB, 53.13 load
[runlim] sample:		3174.28 time, 3190.01 real, 4 MB, 53.19 load
[runlim] sample:		3184.23 time, 3200.01 real, 4 MB, 53.16 load
[runlim] sample:		3194.18 time, 3210.01 real, 4 MB, 53.13 load
[runlim] sample:		3204.14 time, 3220.01 real, 4 MB, 53.11 load
[runlim] sample:		3214.09 time, 3230.01 real, 4 MB, 53.18 load
[runlim] sample:		3224.04 time, 3240.01 real, 4 MB, 53.15 load
[runlim] sample:		3233.99 time, 3250.01 real, 4 MB, 53.12 load
[runlim] sample:		3243.94 time, 3260.01 real, 4 MB, 53.10 load
[runlim] sample:		3253.89 time, 3270.01 real, 4 MB, 53.09 load
[runlim] sample:		3263.85 time, 3280.01 real, 4 MB, 53.07 load
[runlim] sample:		3273.80 time, 3290.01 real, 4 MB, 53.06 load
[runlim] sample:		3283.75 time, 3300.01 real, 4 MB, 53.13 load
[runlim] sample:		3293.70 time, 3310.01 real, 4 MB, 53.19 load
[runlim] sample:		3303.65 time, 3320.01 real, 4 MB, 53.16 load
[runlim] sample:		3313.60 time, 3330.01 real, 4 MB, 53.13 load
[runlim] sample:		3323.55 time, 3340.01 real, 4 MB, 53.11 load
[runlim] sample:		3333.51 time, 3350.01 real, 4 MB, 53.09 load
[runlim] sample:		3343.46 time, 3360.01 real, 4 MB, 53.08 load
[runlim] sample:		3353.41 time, 3370.01 real, 4 MB, 53.15 load
[runlim] sample:		3363.36 time, 3380.01 real, 4 MB, 53.12 load
[runlim] sample:		3373.31 time, 3390.01 real, 4 MB, 53.10 load
[runlim] sample:		3383.26 time, 3400.01 real, 4 MB, 53.09 load
[runlim] sample:		3393.22 time, 3410.01 real, 4 MB, 53.15 load
[runlim] sample:		3403.17 time, 3420.01 real, 4 MB, 53.12 load
[runlim] sample:		3413.12 time, 3430.01 real, 4 MB, 53.19 load
[runlim] sample:		3423.07 time, 3440.01 real, 4 MB, 53.16 load
[runlim] sample:		3433.02 time, 3450.01 real, 4 MB, 53.21 load
[runlim] sample:		3442.98 time, 3460.01 real, 4 MB, 53.17 load
[runlim] sample:		3452.93 time, 3470.01 real, 4 MB, 53.15 load
[runlim] sample:		3462.88 time, 3480.01 real, 4 MB, 53.12 load
[runlim] sample:		3472.84 time, 3490.01 real, 4 MB, 53.26 load
[runlim] sample:		3482.79 time, 3500.01 real, 4 MB, 53.29 load
[runlim] sample:		3492.74 time, 3510.01 real, 4 MB, 53.32 load
[runlim] sample:		3502.69 time, 3520.01 real, 4 MB, 53.27 load
[runlim] sample:		3512.65 time, 3530.01 real, 4 MB, 53.23 load
[runlim] sample:		3522.60 time, 3540.01 real, 4 MB, 53.27 load
[runlim] sample:		3532.55 time, 3550.01 real, 4 MB, 53.31 load
[runlim] sample:		3542.50 time, 3560.01 real, 4 MB, 53.42 load
[runlim] sample:		3552.45 time, 3570.01 real, 4 MB, 53.35 load
[runlim] sample:		3562.40 time, 3580.01 real, 4 MB, 53.38 load
[runlim] sample:		3572.36 time, 3590.01 real, 4 MB, 53.32 load
[runlim] sample:		3582.31 time, 3600.01 real, 4 MB, 53.27 load
[runlim] sample:		3592.27 time, 3610.02 real, 4 MB, 53.38 load
[runlim] sample:		3602.22 time, 3620.01 real, 4 MB, 53.32 load
[runlim] sample:		3612.17 time, 3630.01 real, 4 MB, 53.27 load
[runlim] sample:		3622.12 time, 3640.01 real, 4 MB, 53.23 load
[runlim] sample:		3632.08 time, 3650.01 real, 4 MB, 53.20 load
[runlim] sample:		3642.03 time, 3660.01 real, 4 MB, 53.16 load
[runlim] sample:		3651.98 time, 3670.01 real, 4 MB, 53.30 load
[runlim] sample:		3661.93 time, 3680.01 real, 4 MB, 53.25 load
[runlim] sample:		3671.89 time, 3690.01 real, 4 MB, 53.21 load
[runlim] sample:		3681.84 time, 3700.01 real, 4 MB, 53.25 load
[runlim] sample:		3691.79 time, 3710.01 real, 4 MB, 53.21 load
[runlim] sample:		3701.74 time, 3720.01 real, 4 MB, 53.18 load
[runlim] sample:		3711.69 time, 3730.01 real, 4 MB, 53.15 load
[runlim] sample:		3721.64 time, 3740.01 real, 4 MB, 53.13 load
[runlim] sample:		3731.59 time, 3750.01 real, 4 MB, 53.11 load
[runlim] sample:		3741.54 time, 3760.01 real, 4 MB, 53.09 load
[runlim] sample:		3751.49 time, 3770.01 real, 4 MB, 53.08 load
[runlim] sample:		3761.44 time, 3780.01 real, 4 MB, 53.06 load
[runlim] sample:		3771.40 time, 3790.01 real, 4 MB, 53.05 load
[runlim] sample:		3781.35 time, 3800.01 real, 4 MB, 53.05 load
[runlim] sample:		3791.30 time, 3810.01 real, 4 MB, 53.12 load
[runlim] sample:		3801.25 time, 3820.01 real, 4 MB, 53.18 load
[runlim] sample:		3811.20 time, 3830.01 real, 4 MB, 53.15 load
[runlim] sample:		3821.15 time, 3840.01 real, 4 MB, 53.13 load
[runlim] sample:		3831.10 time, 3850.01 real, 4 MB, 53.11 load
[runlim] sample:		3841.05 time, 3860.01 real, 4 MB, 53.09 load
[runlim] sample:		3851.00 time, 3870.01 real, 4 MB, 53.16 load
[runlim] sample:		3860.95 time, 3880.01 real, 4 MB, 53.13 load
[runlim] sample:		3870.91 time, 3890.01 real, 4 MB, 53.11 load
[runlim] sample:		3880.86 time, 3900.01 real, 4 MB, 53.09 load
[runlim] sample:		3890.81 time, 3910.01 real, 4 MB, 53.08 load
[runlim] sample:		3900.76 time, 3920.01 real, 4 MB, 53.07 load
[runlim] sample:		3910.71 time, 3930.01 real, 4 MB, 53.14 load
[runlim] sample:		3920.66 time, 3940.01 real, 4 MB, 53.12 load
[runlim] sample:		3930.61 time, 3950.01 real, 4 MB, 53.17 load
[runlim] sample:		3940.56 time, 3960.01 real, 4 MB, 53.22 load
[runlim] sample:		3950.51 time, 3970.01 real, 4 MB, 53.18 load
[runlim] sample:		3960.46 time, 3980.01 real, 4 MB, 53.16 load
[runlim] sample:		3970.41 time, 3990.01 real, 4 MB, 53.21 load
[runlim] sample:		3980.36 time, 4000.01 real, 4 MB, 53.25 load
[runlim] sample:		3990.31 time, 4010.01 real, 4 MB, 53.36 load
[runlim] sample:		4000.26 time, 4020.01 real, 4 MB, 53.31 load
[runlim] sample:		4010.21 time, 4030.01 real, 4 MB, 53.26 load
[runlim] sample:		4020.16 time, 4040.01 real, 4 MB, 53.37 load
[runlim] sample:		4030.11 time, 4050.01 real, 4 MB, 53.32 load
[runlim] sample:		4040.06 time, 4060.01 real, 4 MB, 53.34 load
[runlim] sample:		4050.01 time, 4070.01 real, 4 MB, 53.37 load
[runlim] sample:		4059.96 time, 4080.01 real, 4 MB, 53.39 load
[runlim] sample:		4069.91 time, 4090.01 real, 4 MB, 53.33 load
[runlim] sample:		4079.86 time, 4100.01 real, 4 MB, 53.35 load
[runlim] sample:		4089.81 time, 4110.01 real, 4 MB, 53.37 load
[runlim] sample:		4099.76 time, 4120.01 real, 4 MB, 53.31 load
[runlim] sample:		4109.72 time, 4130.01 real, 4 MB, 53.27 load
[runlim] sample:		4119.67 time, 4140.01 real, 4 MB, 53.30 load
[runlim] sample:		4129.62 time, 4150.01 real, 4 MB, 53.25 load
[runlim] sample:		4139.57 time, 4160.01 real, 4 MB, 53.37 load
[runlim] sample:		4149.52 time, 4170.01 real, 4 MB, 53.31 load
[runlim] sample:		4159.48 time, 4180.01 real, 4 MB, 53.34 load
[runlim] sample:		4169.43 time, 4190.01 real, 4 MB, 53.28 load
[runlim] sample:		4179.38 time, 4200.01 real, 4 MB, 53.31 load
[runlim] sample:		4189.33 time, 4210.01 real, 4 MB, 53.43 load
[runlim] sample:		4199.28 time, 4220.01 real, 4 MB, 53.36 load
[runlim] sample:		4209.24 time, 4230.01 real, 4 MB, 53.38 load
[runlim] sample:		4219.19 time, 4240.01 real, 4 MB, 53.32 load
[runlim] sample:		4229.14 time, 4250.01 real, 4 MB, 53.27 load
[runlim] sample:		4239.09 time, 4260.01 real, 4 MB, 53.23 load
[runlim] sample:		4249.05 time, 4270.01 real, 4 MB, 53.19 load
[runlim] sample:		4259.00 time, 4280.01 real, 4 MB, 53.16 load
[runlim] sample:		4268.95 time, 4290.01 real, 4 MB, 53.14 load
[runlim] sample:		4278.90 time, 4300.01 real, 4 MB, 53.12 load
[runlim] sample:		4288.86 time, 4310.01 real, 4 MB, 53.10 load
[runlim] sample:		4298.81 time, 4320.01 real, 4 MB, 53.16 load
[runlim] sample:		4308.76 time, 4330.01 real, 4 MB, 53.13 load
[runlim] sample:		4318.72 time, 4340.01 real, 4 MB, 53.19 load
[runlim] sample:		4328.67 time, 4350.01 real, 4 MB, 53.24 load
[runlim] sample:		4338.62 time, 4360.01 real, 4 MB, 53.45 load
[runlim] sample:		4348.58 time, 4370.01 real, 4 MB, 53.78 load
[runlim] sample:		4358.53 time, 4380.01 real, 4 MB, 54.05 load
[runlim] sample:		4368.49 time, 4390.01 real, 4 MB, 54.21 load
[runlim] sample:		4378.44 time, 4400.01 real, 4 MB, 54.26 load
[runlim] sample:		4388.39 time, 4410.01 real, 4 MB, 54.31 load
[runlim] sample:		4398.34 time, 4420.01 real, 4 MB, 54.03 load
[runlim] sample:		4408.30 time, 4430.01 real, 4 MB, 54.28 load
[runlim] sample:		4418.25 time, 4440.01 real, 4 MB, 54.24 load
[runlim] sample:		4428.20 time, 4450.01 real, 4 MB, 54.36 load
[runlim] sample:		4438.15 time, 4460.01 real, 4 MB, 54.38 load
[runlim] sample:		4448.10 time, 4470.01 real, 4 MB, 54.33 load
[runlim] sample:		4458.06 time, 4480.01 real, 4 MB, 54.19 load
[runlim] sample:		4468.01 time, 4490.01 real, 4 MB, 54.33 load
[runlim] sample:		4477.96 time, 4500.01 real, 4 MB, 54.28 load
[runlim] sample:		4487.91 time, 4510.01 real, 4 MB, 54.16 load
[runlim] sample:		4497.86 time, 4520.01 real, 4 MB, 54.14 load
[runlim] sample:		4507.81 time, 4530.01 real, 4 MB, 54.05 load
[runlim] sample:		4517.76 time, 4540.01 real, 4 MB, 53.89 load
[runlim] sample:		4527.72 time, 4550.01 real, 4 MB, 53.60 load
[runlim] sample:		4537.67 time, 4560.01 real, 4 MB, 53.43 load
[runlim] sample:		4547.62 time, 4570.01 real, 4 MB, 53.43 load
[runlim] sample:		4557.57 time, 4580.01 real, 4 MB, 53.28 load
[runlim] sample:		4567.52 time, 4590.01 real, 4 MB, 53.17 load
[runlim] sample:		4577.47 time, 4600.01 real, 4 MB, 53.28 load
[runlim] sample:		4587.42 time, 4610.01 real, 4 MB, 53.08 load
[runlim] sample:		4597.37 time, 4620.01 real, 4 MB, 52.99 load
[runlim] sample:		4607.33 time, 4630.01 real, 4 MB, 52.91 load
[runlim] sample:		4617.28 time, 4640.01 real, 4 MB, 52.85 load
[runlim] sample:		4627.23 time, 4650.01 real, 4 MB, 52.80 load
[runlim] sample:		4637.18 time, 4660.01 real, 4 MB, 52.83 load
[runlim] sample:		4647.13 time, 4670.01 real, 4 MB, 52.70 load
[runlim] sample:		4657.08 time, 4680.01 real, 4 MB, 52.59 load
[runlim] sample:		4667.04 time, 4690.01 real, 4 MB, 52.65 load
[runlim] sample:		4676.99 time, 4700.01 real, 4 MB, 52.62 load
[runlim] sample:		4686.94 time, 4710.01 real, 4 MB, 52.60 load
[runlim] sample:		4696.89 time, 4720.01 real, 4 MB, 52.73 load
[runlim] sample:		4706.84 time, 4730.01 real, 4 MB, 52.76 load
[runlim] sample:		4716.79 time, 4740.01 real, 4 MB, 52.72 load
[runlim] sample:		4726.74 time, 4750.01 real, 4 MB, 52.68 load
[runlim] sample:		4736.69 time, 4760.01 real, 4 MB, 52.66 load
[runlim] sample:		4746.64 time, 4770.01 real, 4 MB, 52.56 load
[runlim] sample:		4756.59 time, 4780.01 real, 4 MB, 52.62 load
[runlim] sample:		4766.54 time, 4790.01 real, 4 MB, 52.52 load
[runlim] sample:		4776.49 time, 4800.01 real, 4 MB, 52.44 load
[runlim] sample:		4786.44 time, 4810.01 real, 4 MB, 52.52 load
[runlim] sample:		4796.39 time, 4820.01 real, 4 MB, 52.44 load
[runlim] sample:		4806.34 time, 4830.01 real, 4 MB, 52.37 load
[runlim] sample:		4816.29 time, 4840.01 real, 4 MB, 52.76 load
[runlim] sample:		4826.24 time, 4850.01 real, 4 MB, 52.64 load
[runlim] sample:		4836.19 time, 4860.01 real, 4 MB, 52.54 load
[runlim] sample:		4846.14 time, 4870.01 real, 4 MB, 52.53 load
[runlim] sample:		4856.09 time, 4880.01 real, 4 MB, 52.52 load
[runlim] sample:		4866.04 time, 4890.01 real, 4 MB, 52.44 load
[runlim] sample:		4875.99 time, 4900.01 real, 4 MB, 52.45 load
[runlim] sample:		4885.94 time, 4910.01 real, 4 MB, 52.38 load
[runlim] sample:		4895.89 time, 4920.01 real, 4 MB, 52.32 load
[runlim] sample:		4905.84 time, 4930.01 real, 4 MB, 52.34 load
[runlim] sample:		4915.79 time, 4940.01 real, 4 MB, 52.29 load
[runlim] sample:		4925.74 time, 4950.01 real, 4 MB, 52.32 load
[runlim] sample:		4935.69 time, 4960.01 real, 4 MB, 52.34 load
[runlim] sample:		4945.64 time, 4970.01 real, 4 MB, 52.29 load
[runlim] sample:		4955.59 time, 4980.01 real, 4 MB, 52.25 load
[runlim] sample:		4965.54 time, 4990.01 real, 4 MB, 51.81 load
[runlim] sample:		4975.50 time, 5000.02 real, 4 MB, 50.06 load
[runlim] end:			Thu Apr  9 19:24:59 2026
[runlim] status:		out of time
[runlim] result:		2
[runlim] children:		1
[runlim] processes:		2
[runlim] real:			5000.05 seconds
[runlim] time:			4975.50 seconds
[runlim] space:			4 MB
[runlim] load:			56.38 maximum
[runlim] samples:		50000
