[runlim] version:		2.0.0rc1
[runlim] host:			o02n04
[runlim] time limit:		311040000 seconds
[runlim] real time limit:	5000 seconds
[runlim] space limit:		7000 MB
[runlim] argv[0]:		./binary
[runlim] argv[1]:		-c
[runlim] argv[2]:		-r
[runlim] argv[3]:		/tmp/local-unzipped-12459990-1-45-mc2025_track1_199.cnf
[runlim] start:			Thu Apr  9 18:02:06 2026
[runlim] child:			3937578
[runlim] sample:		9.92 time, 10.01 real, 497 MB, 21.42 load
[runlim] sample:		19.85 time, 20.01 real, 525 MB, 26.90 load
[runlim] sample:		29.79 time, 30.01 real, 525 MB, 32.29 load
[runlim] sample:		39.72 time, 40.01 real, 525 MB, 36.55 load
[runlim] sample:		49.66 time, 50.01 real, 525 MB, 40.00 load
[runlim] sample:		59.60 time, 60.01 real, 525 MB, 42.77 load
[runlim] sample:		69.53 time, 70.01 real, 525 MB, 45.11 load
[runlim] sample:		79.48 time, 80.01 real, 525 MB, 47.09 load
[runlim] sample:		89.42 time, 90.01 real, 525 MB, 48.69 load
[runlim] sample:		99.37 time, 100.01 real, 525 MB, 49.97 load
[runlim] sample:		109.31 time, 110.01 real, 525 MB, 51.05 load
[runlim] sample:		119.26 time, 120.02 real, 525 MB, 51.81 load
[runlim] sample:		129.19 time, 130.01 real, 525 MB, 52.45 load
[runlim] sample:		139.11 time, 140.01 real, 525 MB, 53.00 load
[runlim] sample:		149.05 time, 150.01 real, 525 MB, 53.46 load
[runlim] sample:		158.99 time, 160.01 real, 525 MB, 53.93 load
[runlim] sample:		168.94 time, 170.01 real, 525 MB, 54.25 load
[runlim] sample:		178.88 time, 180.01 real, 525 MB, 54.52 load
[runlim] sample:		188.82 time, 190.01 real, 525 MB, 54.75 load
[runlim] sample:		198.77 time, 200.01 real, 525 MB, 54.94 load
[runlim] sample:		208.71 time, 210.01 real, 525 MB, 55.18 load
[runlim] sample:		218.66 time, 220.01 real, 525 MB, 55.30 load
[runlim] sample:		228.60 time, 230.01 real, 525 MB, 55.49 load
[runlim] sample:		238.55 time, 240.01 real, 525 MB, 55.65 load
[runlim] sample:		248.49 time, 250.01 real, 525 MB, 55.70 load
[runlim] sample:		258.43 time, 260.01 real, 525 MB, 55.82 load
[runlim] sample:		268.37 time, 270.01 real, 525 MB, 55.85 load
[runlim] sample:		278.31 time, 280.01 real, 525 MB, 55.87 load
[runlim] sample:		288.26 time, 290.01 real, 525 MB, 55.89 load
[runlim] sample:		298.20 time, 300.01 real, 525 MB, 55.91 load
[runlim] sample:		308.13 time, 310.01 real, 525 MB, 55.92 load
[runlim] sample:		318.07 time, 320.01 real, 525 MB, 55.94 load
[runlim] sample:		328.01 time, 330.01 real, 525 MB, 55.95 load
[runlim] sample:		337.95 time, 340.01 real, 525 MB, 55.95 load
[runlim] sample:		347.89 time, 350.01 real, 525 MB, 56.04 load
[runlim] sample:		357.83 time, 360.01 real, 525 MB, 56.04 load
[runlim] sample:		367.78 time, 370.01 real, 525 MB, 56.03 load
[runlim] sample:		377.72 time, 380.01 real, 525 MB, 56.18 load
[runlim] sample:		387.66 time, 390.01 real, 525 MB, 56.16 load
[runlim] sample:		397.60 time, 400.01 real, 525 MB, 56.21 load
[runlim] sample:		407.53 time, 410.01 real, 525 MB, 56.17 load
[runlim] sample:		417.47 time, 420.01 real, 525 MB, 56.23 load
[runlim] sample:		427.42 time, 430.01 real, 525 MB, 56.19 load
[runlim] sample:		437.36 time, 440.01 real, 525 MB, 56.32 load
[runlim] sample:		447.29 time, 450.01 real, 525 MB, 56.27 load
[runlim] sample:		457.23 time, 460.01 real, 525 MB, 56.31 load
[runlim] sample:		467.16 time, 470.01 real, 525 MB, 56.34 load
[runlim] sample:		477.10 time, 480.01 real, 525 MB, 56.28 load
[runlim] sample:		487.04 time, 490.01 real, 525 MB, 56.24 load
[runlim] sample:		496.98 time, 500.01 real, 525 MB, 56.28 load
[runlim] sample:		506.92 time, 510.01 real, 525 MB, 56.24 load
[runlim] sample:		516.85 time, 520.01 real, 525 MB, 56.35 load
[runlim] sample:		526.80 time, 530.01 real, 525 MB, 56.14 load
[runlim] sample:		536.74 time, 540.01 real, 525 MB, 55.97 load
[runlim] sample:		546.68 time, 550.01 real, 525 MB, 55.74 load
[runlim] sample:		556.63 time, 560.01 real, 525 MB, 55.55 load
[runlim] sample:		566.57 time, 570.01 real, 525 MB, 55.31 load
[runlim] sample:		576.52 time, 580.01 real, 525 MB, 55.11 load
[runlim] sample:		586.47 time, 590.01 real, 525 MB, 54.94 load
[runlim] sample:		596.42 time, 600.01 real, 525 MB, 54.79 load
[runlim] sample:		606.37 time, 610.01 real, 525 MB, 54.67 load
[runlim] sample:		616.31 time, 620.01 real, 525 MB, 54.81 load
[runlim] sample:		626.26 time, 630.01 real, 525 MB, 54.68 load
[runlim] sample:		636.20 time, 640.01 real, 525 MB, 54.58 load
[runlim] sample:		646.15 time, 650.01 real, 525 MB, 54.49 load
[runlim] sample:		656.10 time, 660.01 real, 525 MB, 54.41 load
[runlim] sample:		666.04 time, 670.01 real, 525 MB, 54.35 load
[runlim] sample:		675.99 time, 680.01 real, 525 MB, 54.37 load
[runlim] sample:		685.93 time, 690.01 real, 525 MB, 54.32 load
[runlim] sample:		695.88 time, 700.01 real, 525 MB, 54.34 load
[runlim] sample:		705.82 time, 710.01 real, 525 MB, 54.29 load
[runlim] sample:		715.77 time, 720.01 real, 525 MB, 54.24 load
[runlim] sample:		725.71 time, 730.01 real, 525 MB, 54.21 load
[runlim] sample:		735.66 time, 740.01 real, 525 MB, 54.17 load
[runlim] sample:		745.60 time, 750.01 real, 525 MB, 54.15 load
[runlim] sample:		755.56 time, 760.01 real, 525 MB, 54.12 load
[runlim] sample:		765.51 time, 770.01 real, 525 MB, 54.02 load
[runlim] sample:		775.46 time, 780.01 real, 525 MB, 53.87 load
[runlim] sample:		785.40 time, 790.01 real, 525 MB, 53.73 load
[runlim] sample:		795.35 time, 800.01 real, 525 MB, 53.62 load
[runlim] sample:		805.30 time, 810.01 real, 525 MB, 53.52 load
[runlim] sample:		815.24 time, 820.01 real, 525 MB, 53.60 load
[runlim] sample:		825.19 time, 830.01 real, 525 MB, 53.58 load
[runlim] sample:		835.14 time, 840.01 real, 525 MB, 53.49 load
[runlim] sample:		845.08 time, 850.01 real, 525 MB, 53.50 load
[runlim] sample:		855.03 time, 860.01 real, 525 MB, 53.42 load
[runlim] sample:		864.98 time, 870.01 real, 525 MB, 53.36 load
[runlim] sample:		874.92 time, 880.01 real, 525 MB, 53.30 load
[runlim] sample:		884.87 time, 890.01 real, 525 MB, 53.25 load
[runlim] sample:		894.81 time, 900.01 real, 525 MB, 53.21 load
[runlim] sample:		904.76 time, 910.01 real, 525 MB, 53.18 load
[runlim] sample:		914.70 time, 920.01 real, 525 MB, 53.31 load
[runlim] sample:		924.64 time, 930.01 real, 525 MB, 53.26 load
[runlim] sample:		934.60 time, 940.01 real, 525 MB, 53.22 load
[runlim] sample:		944.54 time, 950.01 real, 525 MB, 53.18 load
[runlim] sample:		954.49 time, 960.01 real, 525 MB, 53.24 load
[runlim] sample:		964.43 time, 970.01 real, 525 MB, 53.20 load
[runlim] sample:		974.38 time, 980.01 real, 525 MB, 53.17 load
[runlim] sample:		984.32 time, 990.01 real, 525 MB, 53.22 load
[runlim] sample:		994.27 time, 1000.01 real, 525 MB, 53.18 load
[runlim] sample:		1004.21 time, 1010.01 real, 525 MB, 53.15 load
[runlim] sample:		1014.16 time, 1020.01 real, 525 MB, 53.20 load
[runlim] sample:		1024.10 time, 1030.01 real, 525 MB, 53.17 load
[runlim] sample:		1034.05 time, 1040.01 real, 525 MB, 53.15 load
[runlim] sample:		1043.99 time, 1050.01 real, 525 MB, 53.28 load
[runlim] sample:		1053.93 time, 1060.01 real, 525 MB, 53.31 load
[runlim] sample:		1063.88 time, 1070.01 real, 525 MB, 53.26 load
[runlim] sample:		1073.82 time, 1080.01 real, 525 MB, 53.30 load
[runlim] sample:		1083.76 time, 1090.01 real, 525 MB, 53.25 load
[runlim] sample:		1093.71 time, 1100.01 real, 525 MB, 53.21 load
[runlim] sample:		1103.65 time, 1110.01 real, 525 MB, 53.18 load
[runlim] sample:		1113.60 time, 1120.01 real, 525 MB, 53.23 load
[runlim] sample:		1123.55 time, 1130.01 real, 525 MB, 53.20 load
[runlim] sample:		1133.49 time, 1140.01 real, 525 MB, 53.17 load
[runlim] sample:		1143.44 time, 1150.01 real, 525 MB, 53.14 load
[runlim] sample:		1153.38 time, 1160.01 real, 525 MB, 53.12 load
[runlim] sample:		1163.33 time, 1170.01 real, 525 MB, 53.10 load
[runlim] sample:		1173.27 time, 1180.01 real, 525 MB, 53.16 load
[runlim] sample:		1183.22 time, 1190.01 real, 525 MB, 53.21 load
[runlim] sample:		1193.16 time, 1200.01 real, 525 MB, 53.25 load
[runlim] sample:		1203.11 time, 1210.01 real, 525 MB, 53.21 load
[runlim] sample:		1213.05 time, 1220.01 real, 525 MB, 53.26 load
[runlim] sample:		1223.00 time, 1230.01 real, 525 MB, 53.22 load
[runlim] sample:		1232.94 time, 1240.01 real, 525 MB, 53.27 load
[runlim] sample:		1242.89 time, 1250.01 real, 525 MB, 53.22 load
[runlim] sample:		1252.83 time, 1260.01 real, 525 MB, 53.19 load
[runlim] sample:		1262.78 time, 1270.01 real, 525 MB, 53.16 load
[runlim] sample:		1272.72 time, 1280.01 real, 525 MB, 53.13 load
[runlim] sample:		1282.67 time, 1290.01 real, 525 MB, 53.11 load
[runlim] sample:		1292.62 time, 1300.01 real, 525 MB, 53.10 load
[runlim] sample:		1302.56 time, 1310.01 real, 525 MB, 53.15 load
[runlim] sample:		1312.51 time, 1320.01 real, 525 MB, 53.13 load
[runlim] sample:		1322.46 time, 1330.01 real, 525 MB, 53.11 load
[runlim] sample:		1332.41 time, 1340.01 real, 525 MB, 53.09 load
[runlim] sample:		1342.35 time, 1350.01 real, 525 MB, 53.08 load
[runlim] sample:		1352.30 time, 1360.01 real, 525 MB, 53.07 load
[runlim] sample:		1362.25 time, 1370.01 real, 525 MB, 53.06 load
[runlim] sample:		1372.19 time, 1380.01 real, 525 MB, 53.05 load
[runlim] sample:		1382.14 time, 1390.01 real, 525 MB, 53.11 load
[runlim] sample:		1392.08 time, 1400.01 real, 525 MB, 53.09 load
[runlim] sample:		1402.03 time, 1410.01 real, 525 MB, 53.08 load
[runlim] sample:		1411.98 time, 1420.01 real, 525 MB, 53.15 load
[runlim] sample:		1421.92 time, 1430.01 real, 525 MB, 53.12 load
[runlim] sample:		1431.87 time, 1440.01 real, 525 MB, 53.10 load
[runlim] sample:		1441.81 time, 1450.01 real, 525 MB, 53.09 load
[runlim] sample:		1451.76 time, 1460.01 real, 525 MB, 53.23 load
[runlim] sample:		1461.71 time, 1470.01 real, 525 MB, 53.27 load
[runlim] sample:		1471.65 time, 1480.01 real, 525 MB, 53.23 load
[runlim] sample:		1481.60 time, 1490.01 real, 525 MB, 53.19 load
[runlim] sample:		1491.54 time, 1500.01 real, 525 MB, 53.16 load
[runlim] sample:		1501.49 time, 1510.01 real, 525 MB, 53.21 load
[runlim] sample:		1511.44 time, 1520.01 real, 525 MB, 53.18 load
[runlim] sample:		1521.39 time, 1530.01 real, 525 MB, 53.15 load
[runlim] sample:		1531.34 time, 1540.01 real, 525 MB, 53.13 load
[runlim] sample:		1541.28 time, 1550.01 real, 525 MB, 53.11 load
[runlim] sample:		1551.23 time, 1560.01 real, 525 MB, 53.16 load
[runlim] sample:		1561.18 time, 1570.01 real, 525 MB, 53.14 load
[runlim] sample:		1571.12 time, 1580.01 real, 525 MB, 53.12 load
[runlim] sample:		1581.07 time, 1590.01 real, 525 MB, 53.17 load
[runlim] sample:		1591.01 time, 1600.01 real, 525 MB, 53.15 load
[runlim] sample:		1600.96 time, 1610.01 real, 525 MB, 53.12 load
[runlim] sample:		1610.90 time, 1620.01 real, 525 MB, 53.18 load
[runlim] sample:		1620.85 time, 1630.01 real, 525 MB, 53.16 load
[runlim] sample:		1630.79 time, 1640.01 real, 525 MB, 53.13 load
[runlim] sample:		1640.74 time, 1650.01 real, 525 MB, 53.11 load
[runlim] sample:		1650.69 time, 1660.01 real, 525 MB, 53.09 load
[runlim] sample:		1660.63 time, 1670.01 real, 525 MB, 53.08 load
[runlim] sample:		1670.58 time, 1680.01 real, 525 MB, 53.07 load
[runlim] sample:		1680.53 time, 1690.01 real, 525 MB, 53.06 load
[runlim] sample:		1690.48 time, 1700.01 real, 525 MB, 53.05 load
[runlim] sample:		1700.42 time, 1710.01 real, 525 MB, 53.04 load
[runlim] sample:		1710.37 time, 1720.01 real, 525 MB, 53.11 load
[runlim] sample:		1720.32 time, 1730.01 real, 525 MB, 53.10 load
[runlim] sample:		1730.26 time, 1740.01 real, 525 MB, 53.08 load
[runlim] sample:		1740.21 time, 1750.01 real, 525 MB, 53.07 load
[runlim] sample:		1750.15 time, 1760.01 real, 525 MB, 53.06 load
[runlim] sample:		1760.10 time, 1770.01 real, 525 MB, 53.05 load
[runlim] sample:		1770.04 time, 1780.01 real, 525 MB, 53.04 load
[runlim] sample:		1779.99 time, 1790.01 real, 525 MB, 53.03 load
[runlim] sample:		1789.93 time, 1800.01 real, 525 MB, 53.03 load
[runlim] sample:		1799.89 time, 1810.01 real, 525 MB, 53.02 load
[runlim] sample:		1809.84 time, 1820.01 real, 525 MB, 53.02 load
[runlim] sample:		1819.78 time, 1830.01 real, 525 MB, 53.02 load
[runlim] sample:		1829.73 time, 1840.01 real, 525 MB, 53.01 load
[runlim] sample:		1839.67 time, 1850.01 real, 525 MB, 53.01 load
[runlim] sample:		1849.62 time, 1860.01 real, 525 MB, 53.01 load
[runlim] sample:		1859.57 time, 1870.01 real, 525 MB, 53.01 load
[runlim] sample:		1869.52 time, 1880.01 real, 525 MB, 53.00 load
[runlim] sample:		1879.46 time, 1890.01 real, 525 MB, 53.08 load
[runlim] sample:		1889.41 time, 1900.01 real, 525 MB, 53.07 load
[runlim] sample:		1899.36 time, 1910.01 real, 525 MB, 53.13 load
[runlim] sample:		1909.30 time, 1920.01 real, 525 MB, 53.18 load
[runlim] sample:		1919.25 time, 1930.01 real, 525 MB, 53.15 load
[runlim] sample:		1929.19 time, 1940.01 real, 525 MB, 53.13 load
[runlim] sample:		1939.14 time, 1950.01 real, 525 MB, 53.11 load
[runlim] sample:		1949.09 time, 1960.01 real, 525 MB, 53.25 load
[runlim] sample:		1959.03 time, 1970.01 real, 525 MB, 53.21 load
[runlim] sample:		1968.98 time, 1980.01 real, 525 MB, 53.18 load
[runlim] sample:		1978.94 time, 1990.01 real, 525 MB, 53.23 load
[runlim] sample:		1988.88 time, 2000.01 real, 525 MB, 53.35 load
[runlim] sample:		1998.83 time, 2010.01 real, 525 MB, 53.29 load
[runlim] sample:		2008.78 time, 2020.01 real, 525 MB, 53.25 load
[runlim] sample:		2018.72 time, 2030.01 real, 525 MB, 53.21 load
[runlim] sample:		2028.67 time, 2040.01 real, 525 MB, 53.18 load
[runlim] sample:		2038.62 time, 2050.01 real, 525 MB, 53.15 load
[runlim] sample:		2048.56 time, 2060.01 real, 525 MB, 53.20 load
[runlim] sample:		2058.51 time, 2070.01 real, 525 MB, 53.17 load
[runlim] sample:		2068.46 time, 2080.01 real, 525 MB, 53.14 load
[runlim] sample:		2078.40 time, 2090.01 real, 525 MB, 53.12 load
[runlim] sample:		2088.35 time, 2100.01 real, 525 MB, 53.18 load
[runlim] sample:		2098.29 time, 2110.01 real, 525 MB, 53.15 load
[runlim] sample:		2108.24 time, 2120.01 real, 525 MB, 53.13 load
[runlim] sample:		2118.18 time, 2130.01 real, 525 MB, 53.11 load
[runlim] sample:		2128.13 time, 2140.01 real, 525 MB, 53.09 load
[runlim] sample:		2138.08 time, 2150.01 real, 525 MB, 53.08 load
[runlim] sample:		2148.02 time, 2160.01 real, 525 MB, 53.06 load
[runlim] sample:		2157.97 time, 2170.01 real, 525 MB, 53.05 load
[runlim] sample:		2167.91 time, 2180.01 real, 525 MB, 53.05 load
[runlim] sample:		2177.87 time, 2190.01 real, 525 MB, 53.11 load
[runlim] sample:		2187.82 time, 2200.01 real, 525 MB, 53.09 load
[runlim] sample:		2197.76 time, 2210.01 real, 525 MB, 53.08 load
[runlim] sample:		2207.71 time, 2220.01 real, 525 MB, 53.07 load
[runlim] sample:		2217.66 time, 2230.01 real, 525 MB, 53.13 load
[runlim] sample:		2227.60 time, 2240.01 real, 525 MB, 53.11 load
[runlim] sample:		2237.55 time, 2250.01 real, 525 MB, 53.17 load
[runlim] sample:		2247.50 time, 2260.01 real, 525 MB, 53.14 load
[runlim] sample:		2257.44 time, 2270.01 real, 525 MB, 53.12 load
[runlim] sample:		2267.39 time, 2280.01 real, 525 MB, 53.10 load
[runlim] sample:		2277.33 time, 2290.01 real, 525 MB, 53.16 load
[runlim] sample:		2287.28 time, 2300.01 real, 525 MB, 53.22 load
[runlim] sample:		2297.22 time, 2310.01 real, 525 MB, 53.26 load
[runlim] sample:		2307.17 time, 2320.01 real, 525 MB, 53.22 load
[runlim] sample:		2317.12 time, 2330.01 real, 525 MB, 53.18 load
[runlim] sample:		2327.06 time, 2340.01 real, 525 MB, 53.16 load
[runlim] sample:		2337.02 time, 2350.01 real, 525 MB, 53.21 load
[runlim] sample:		2346.96 time, 2360.01 real, 525 MB, 53.18 load
[runlim] sample:		2356.91 time, 2370.01 real, 525 MB, 53.22 load
[runlim] sample:		2366.86 time, 2380.01 real, 525 MB, 53.19 load
[runlim] sample:		2376.80 time, 2390.01 real, 525 MB, 53.16 load
[runlim] sample:		2386.75 time, 2400.01 real, 525 MB, 53.14 load
[runlim] sample:		2396.69 time, 2410.01 real, 525 MB, 53.11 load
[runlim] sample:		2406.64 time, 2420.01 real, 525 MB, 53.10 load
[runlim] sample:		2416.59 time, 2430.01 real, 525 MB, 53.15 load
[runlim] sample:		2426.53 time, 2440.01 real, 525 MB, 53.13 load
[runlim] sample:		2436.48 time, 2450.01 real, 525 MB, 53.11 load
[runlim] sample:		2446.43 time, 2460.01 real, 525 MB, 53.17 load
[runlim] sample:		2456.37 time, 2470.01 real, 525 MB, 53.22 load
[runlim] sample:		2466.32 time, 2480.01 real, 525 MB, 53.18 load
[runlim] sample:		2476.26 time, 2490.01 real, 525 MB, 53.16 load
[runlim] sample:		2486.21 time, 2500.01 real, 525 MB, 53.21 load
[runlim] sample:		2496.16 time, 2510.01 real, 525 MB, 53.18 load
[runlim] sample:		2506.11 time, 2520.01 real, 525 MB, 53.15 load
[runlim] sample:		2516.05 time, 2530.01 real, 525 MB, 53.20 load
[runlim] sample:		2526.01 time, 2540.01 real, 525 MB, 53.17 load
[runlim] sample:		2535.96 time, 2550.01 real, 525 MB, 53.22 load
[runlim] sample:		2545.90 time, 2560.01 real, 525 MB, 53.26 load
[runlim] sample:		2555.85 time, 2570.01 real, 525 MB, 53.22 load
[runlim] sample:		2565.80 time, 2580.01 real, 525 MB, 53.18 load
[runlim] sample:		2575.74 time, 2590.01 real, 525 MB, 53.16 load
[runlim] sample:		2585.69 time, 2600.01 real, 525 MB, 53.13 load
[runlim] sample:		2595.63 time, 2610.01 real, 525 MB, 53.18 load
[runlim] sample:		2605.58 time, 2620.01 real, 525 MB, 53.16 load
[runlim] sample:		2615.53 time, 2630.01 real, 525 MB, 53.21 load
[runlim] sample:		2625.47 time, 2640.01 real, 525 MB, 53.17 load
[runlim] sample:		2635.43 time, 2650.01 real, 525 MB, 53.15 load
[runlim] sample:		2645.37 time, 2660.01 real, 525 MB, 53.20 load
[runlim] sample:		2655.32 time, 2670.01 real, 525 MB, 53.17 load
[runlim] sample:		2665.27 time, 2680.01 real, 525 MB, 53.14 load
[runlim] sample:		2675.21 time, 2690.01 real, 525 MB, 53.20 load
[runlim] sample:		2685.16 time, 2700.01 real, 525 MB, 53.17 load
[runlim] sample:		2695.11 time, 2710.01 real, 525 MB, 53.14 load
[runlim] sample:		2705.05 time, 2720.01 real, 525 MB, 53.12 load
[runlim] sample:		2715.00 time, 2730.01 real, 525 MB, 53.10 load
[runlim] sample:		2724.95 time, 2740.01 real, 525 MB, 53.08 load
[runlim] sample:		2734.90 time, 2750.01 real, 525 MB, 53.14 load
[runlim] sample:		2744.84 time, 2760.01 real, 525 MB, 53.12 load
[runlim] sample:		2754.79 time, 2770.01 real, 525 MB, 53.10 load
[runlim] sample:		2764.73 time, 2780.01 real, 525 MB, 53.09 load
[runlim] sample:		2774.68 time, 2790.01 real, 525 MB, 53.07 load
[runlim] sample:		2784.63 time, 2800.01 real, 525 MB, 53.06 load
[runlim] sample:		2794.57 time, 2810.01 real, 525 MB, 53.13 load
[runlim] sample:		2804.53 time, 2820.01 real, 525 MB, 53.11 load
[runlim] sample:		2814.48 time, 2830.01 real, 525 MB, 53.09 load
[runlim] sample:		2824.42 time, 2840.01 real, 525 MB, 53.22 load
[runlim] sample:		2834.37 time, 2850.01 real, 525 MB, 53.26 load
[runlim] sample:		2844.32 time, 2860.01 real, 525 MB, 53.22 load
[runlim] sample:		2854.27 time, 2870.01 real, 525 MB, 53.19 load
[runlim] sample:		2864.21 time, 2880.01 real, 525 MB, 53.16 load
[runlim] sample:		2874.16 time, 2890.01 real, 525 MB, 53.21 load
[runlim] sample:		2884.11 time, 2900.01 real, 525 MB, 53.18 load
[runlim] sample:		2894.06 time, 2910.01 real, 525 MB, 53.15 load
[runlim] sample:		2904.00 time, 2920.01 real, 525 MB, 53.13 load
[runlim] sample:		2913.95 time, 2930.01 real, 525 MB, 53.11 load
[runlim] sample:		2923.90 time, 2940.01 real, 525 MB, 53.17 load
[runlim] sample:		2933.84 time, 2950.01 real, 525 MB, 53.22 load
[runlim] sample:		2943.79 time, 2960.01 real, 525 MB, 53.27 load
[runlim] sample:		2953.74 time, 2970.01 real, 525 MB, 53.23 load
[runlim] sample:		2963.68 time, 2980.01 real, 525 MB, 53.19 load
[runlim] sample:		2973.63 time, 2990.01 real, 525 MB, 53.16 load
[runlim] sample:		2983.58 time, 3000.01 real, 525 MB, 53.14 load
[runlim] sample:		2993.52 time, 3010.01 real, 525 MB, 53.12 load
[runlim] sample:		3003.47 time, 3020.01 real, 525 MB, 53.17 load
[runlim] sample:		3013.42 time, 3030.01 real, 525 MB, 53.14 load
[runlim] sample:		3023.38 time, 3040.01 real, 525 MB, 53.20 load
[runlim] sample:		3033.32 time, 3050.01 real, 525 MB, 53.17 load
[runlim] sample:		3043.27 time, 3060.01 real, 525 MB, 53.21 load
[runlim] sample:		3053.22 time, 3070.01 real, 525 MB, 53.18 load
[runlim] sample:		3063.17 time, 3080.01 real, 525 MB, 53.15 load
[runlim] sample:		3073.11 time, 3090.01 real, 525 MB, 53.20 load
[runlim] sample:		3083.06 time, 3100.01 real, 525 MB, 53.17 load
[runlim] sample:		3093.01 time, 3110.01 real, 525 MB, 53.14 load
[runlim] sample:		3102.95 time, 3120.01 real, 525 MB, 53.12 load
[runlim] sample:		3112.90 time, 3130.01 real, 525 MB, 53.10 load
[runlim] sample:		3122.85 time, 3140.01 real, 525 MB, 53.09 load
[runlim] sample:		3132.79 time, 3150.01 real, 525 MB, 53.15 load
[runlim] sample:		3142.74 time, 3160.01 real, 525 MB, 53.20 load
[runlim] sample:		3152.69 time, 3170.01 real, 525 MB, 53.17 load
[runlim] sample:		3162.63 time, 3180.01 real, 525 MB, 53.14 load
[runlim] sample:		3172.58 time, 3190.01 real, 525 MB, 53.12 load
[runlim] sample:		3182.54 time, 3200.01 real, 525 MB, 53.10 load
[runlim] sample:		3192.49 time, 3210.01 real, 525 MB, 53.16 load
[runlim] sample:		3202.43 time, 3220.01 real, 525 MB, 53.14 load
[runlim] sample:		3212.38 time, 3230.01 real, 525 MB, 53.11 load
[runlim] sample:		3222.32 time, 3240.01 real, 525 MB, 53.10 load
[runlim] sample:		3232.27 time, 3250.01 real, 525 MB, 53.08 load
[runlim] sample:		3242.22 time, 3260.01 real, 525 MB, 53.07 load
[runlim] sample:		3252.16 time, 3270.01 real, 525 MB, 53.14 load
[runlim] sample:		3262.11 time, 3280.01 real, 525 MB, 53.12 load
[runlim] sample:		3272.06 time, 3290.01 real, 525 MB, 53.17 load
[runlim] sample:		3282.00 time, 3300.01 real, 525 MB, 53.14 load
[runlim] sample:		3291.95 time, 3310.01 real, 525 MB, 53.12 load
[runlim] sample:		3301.89 time, 3320.01 real, 525 MB, 53.10 load
[runlim] sample:		3311.84 time, 3330.01 real, 525 MB, 53.09 load
[runlim] sample:		3321.80 time, 3340.01 real, 525 MB, 53.07 load
[runlim] sample:		3331.74 time, 3350.01 real, 525 MB, 53.14 load
[runlim] sample:		3341.69 time, 3360.01 real, 525 MB, 53.11 load
[runlim] sample:		3351.64 time, 3370.01 real, 525 MB, 53.10 load
[runlim] sample:		3361.58 time, 3380.01 real, 525 MB, 53.16 load
[runlim] sample:		3371.53 time, 3390.01 real, 525 MB, 53.14 load
[runlim] sample:		3381.47 time, 3400.01 real, 525 MB, 53.11 load
[runlim] sample:		3391.42 time, 3410.01 real, 525 MB, 53.17 load
[runlim] sample:		3401.37 time, 3420.01 real, 525 MB, 53.22 load
[runlim] sample:		3411.31 time, 3430.01 real, 525 MB, 53.19 load
[runlim] sample:		3421.26 time, 3440.01 real, 525 MB, 53.16 load
[runlim] sample:		3431.21 time, 3450.01 real, 525 MB, 53.13 load
[runlim] sample:		3441.16 time, 3460.01 real, 525 MB, 53.19 load
[runlim] sample:		3451.11 time, 3470.01 real, 525 MB, 53.32 load
[runlim] sample:		3461.05 time, 3480.01 real, 525 MB, 53.35 load
[runlim] sample:		3471.00 time, 3490.01 real, 525 MB, 53.30 load
[runlim] sample:		3480.94 time, 3500.01 real, 525 MB, 53.25 load
[runlim] sample:		3490.89 time, 3510.01 real, 525 MB, 53.21 load
[runlim] sample:		3500.83 time, 3520.01 real, 525 MB, 53.25 load
[runlim] sample:		3510.78 time, 3530.01 real, 525 MB, 53.37 load
[runlim] sample:		3520.72 time, 3540.01 real, 525 MB, 53.38 load
[runlim] sample:		3530.67 time, 3550.01 real, 525 MB, 53.32 load
[runlim] sample:		3540.62 time, 3560.01 real, 525 MB, 53.35 load
[runlim] sample:		3550.56 time, 3570.01 real, 525 MB, 53.29 load
[runlim] sample:		3560.51 time, 3580.01 real, 525 MB, 53.33 load
[runlim] sample:		3570.46 time, 3590.01 real, 525 MB, 53.35 load
[runlim] sample:		3580.40 time, 3600.01 real, 525 MB, 53.30 load
[runlim] sample:		3590.35 time, 3610.01 real, 525 MB, 53.25 load
[runlim] sample:		3600.31 time, 3620.01 real, 525 MB, 53.21 load
[runlim] sample:		3610.26 time, 3630.01 real, 525 MB, 53.18 load
[runlim] sample:		3620.20 time, 3640.01 real, 525 MB, 53.15 load
[runlim] sample:		3630.15 time, 3650.01 real, 525 MB, 53.28 load
[runlim] sample:		3640.09 time, 3660.01 real, 525 MB, 53.23 load
[runlim] sample:		3650.03 time, 3670.01 real, 525 MB, 53.28 load
[runlim] sample:		3659.98 time, 3680.01 real, 525 MB, 53.23 load
[runlim] sample:		3669.92 time, 3690.01 real, 525 MB, 53.20 load
[runlim] sample:		3679.87 time, 3700.01 real, 525 MB, 53.17 load
[runlim] sample:		3689.81 time, 3710.01 real, 525 MB, 53.14 load
[runlim] sample:		3699.76 time, 3720.01 real, 525 MB, 53.12 load
[runlim] sample:		3709.71 time, 3730.01 real, 525 MB, 53.10 load
[runlim] sample:		3719.65 time, 3740.01 real, 525 MB, 53.08 load
[runlim] sample:		3729.59 time, 3750.01 real, 525 MB, 53.07 load
[runlim] sample:		3739.54 time, 3760.01 real, 525 MB, 53.06 load
[runlim] sample:		3749.48 time, 3770.01 real, 525 MB, 53.05 load
[runlim] sample:		3759.43 time, 3780.01 real, 525 MB, 53.04 load
[runlim] sample:		3769.37 time, 3790.01 real, 525 MB, 53.11 load
[runlim] sample:		3779.33 time, 3800.01 real, 525 MB, 53.17 load
[runlim] sample:		3789.27 time, 3810.01 real, 525 MB, 53.14 load
[runlim] sample:		3799.22 time, 3820.01 real, 525 MB, 53.12 load
[runlim] sample:		3809.17 time, 3830.01 real, 525 MB, 53.10 load
[runlim] sample:		3819.11 time, 3840.01 real, 525 MB, 53.08 load
[runlim] sample:		3829.05 time, 3850.01 real, 525 MB, 53.14 load
[runlim] sample:		3839.00 time, 3860.01 real, 525 MB, 53.12 load
[runlim] sample:		3848.94 time, 3870.01 real, 525 MB, 53.10 load
[runlim] sample:		3858.89 time, 3880.01 real, 525 MB, 53.09 load
[runlim] sample:		3868.84 time, 3890.01 real, 525 MB, 53.07 load
[runlim] sample:		3878.78 time, 3900.01 real, 525 MB, 53.06 load
[runlim] sample:		3888.72 time, 3910.01 real, 525 MB, 53.13 load
[runlim] sample:		3898.67 time, 3920.01 real, 525 MB, 53.19 load
[runlim] sample:		3908.61 time, 3930.01 real, 525 MB, 53.24 load
[runlim] sample:		3918.56 time, 3940.01 real, 525 MB, 53.20 load
[runlim] sample:		3928.51 time, 3950.01 real, 525 MB, 53.17 load
[runlim] sample:		3938.45 time, 3960.01 real, 525 MB, 53.22 load
[runlim] sample:		3948.40 time, 3970.01 real, 525 MB, 53.27 load
[runlim] sample:		3958.34 time, 3980.01 real, 525 MB, 53.31 load
[runlim] sample:		3968.29 time, 3990.01 real, 525 MB, 53.33 load
[runlim] sample:		3978.24 time, 4000.01 real, 525 MB, 53.28 load
[runlim] sample:		3988.19 time, 4010.01 real, 525 MB, 53.32 load
[runlim] sample:		3998.13 time, 4020.01 real, 525 MB, 53.34 load
[runlim] sample:		4008.07 time, 4030.01 real, 525 MB, 53.37 load
[runlim] sample:		4018.02 time, 4040.01 real, 525 MB, 53.31 load
[runlim] sample:		4027.96 time, 4050.01 real, 525 MB, 53.34 load
[runlim] sample:		4037.91 time, 4060.01 real, 525 MB, 53.36 load
[runlim] sample:		4047.85 time, 4070.01 real, 525 MB, 53.39 load
[runlim] sample:		4057.80 time, 4080.01 real, 525 MB, 53.41 load
[runlim] sample:		4067.74 time, 4090.01 real, 525 MB, 53.34 load
[runlim] sample:		4077.69 time, 4100.01 real, 525 MB, 53.29 load
[runlim] sample:		4087.64 time, 4110.01 real, 525 MB, 53.33 load
[runlim] sample:		4097.58 time, 4120.01 real, 525 MB, 53.27 load
[runlim] sample:		4107.53 time, 4130.01 real, 525 MB, 53.31 load
[runlim] sample:		4117.47 time, 4140.01 real, 525 MB, 53.34 load
[runlim] sample:		4127.42 time, 4150.01 real, 525 MB, 53.37 load
[runlim] sample:		4137.37 time, 4160.01 real, 525 MB, 53.31 load
[runlim] sample:		4147.31 time, 4170.01 real, 525 MB, 53.34 load
[runlim] sample:		4157.26 time, 4180.01 real, 525 MB, 53.29 load
[runlim] sample:		4167.20 time, 4190.01 real, 525 MB, 53.39 load
[runlim] sample:		4177.15 time, 4200.01 real, 525 MB, 53.41 load
[runlim] sample:		4187.10 time, 4210.01 real, 525 MB, 53.35 load
[runlim] sample:		4197.05 time, 4220.01 real, 525 MB, 53.29 load
[runlim] sample:		4207.00 time, 4230.01 real, 525 MB, 53.25 load
[runlim] sample:		4216.94 time, 4240.01 real, 525 MB, 53.21 load
[runlim] sample:		4226.89 time, 4250.01 real, 525 MB, 53.18 load
[runlim] sample:		4236.83 time, 4260.01 real, 525 MB, 53.15 load
[runlim] sample:		4246.78 time, 4270.01 real, 525 MB, 53.13 load
[runlim] sample:		4256.72 time, 4280.01 real, 525 MB, 53.11 load
[runlim] sample:		4266.67 time, 4290.01 real, 525 MB, 53.17 load
[runlim] sample:		4276.61 time, 4300.01 real, 525 MB, 53.14 load
[runlim] sample:		4286.55 time, 4310.01 real, 525 MB, 53.12 load
[runlim] sample:		4296.50 time, 4320.01 real, 525 MB, 53.18 load
[runlim] sample:		4306.44 time, 4330.01 real, 525 MB, 53.22 load
[runlim] sample:		4316.39 time, 4340.01 real, 525 MB, 53.41 load
[runlim] sample:		4326.33 time, 4350.01 real, 525 MB, 53.88 load
[runlim] sample:		4336.28 time, 4360.01 real, 525 MB, 53.96 load
[runlim] sample:		4346.22 time, 4370.01 real, 526 MB, 54.11 load
[runlim] sample:		4356.17 time, 4380.01 real, 527 MB, 54.16 load
[runlim] sample:		4366.12 time, 4390.01 real, 528 MB, 54.12 load
[runlim] sample:		4376.07 time, 4400.01 real, 528 MB, 53.87 load
[runlim] sample:		4386.01 time, 4410.01 real, 528 MB, 54.26 load
[runlim] sample:		4395.96 time, 4420.01 real, 528 MB, 54.22 load
[runlim] sample:		4405.90 time, 4430.01 real, 528 MB, 54.33 load
[runlim] sample:		4415.85 time, 4440.01 real, 528 MB, 54.35 load
[runlim] sample:		4425.79 time, 4450.01 real, 528 MB, 54.30 load
[runlim] sample:		4435.74 time, 4460.01 real, 528 MB, 54.10 load
[runlim] sample:		4445.69 time, 4470.01 real, 528 MB, 54.30 load
[runlim] sample:		4455.63 time, 4480.01 real, 528 MB, 54.18 load
[runlim] sample:		4465.58 time, 4490.01 real, 528 MB, 54.07 load
[runlim] sample:		4475.53 time, 4500.01 real, 528 MB, 54.05 load
[runlim] sample:		4485.47 time, 4510.01 real, 528 MB, 53.96 load
[runlim] sample:		4495.42 time, 4520.01 real, 528 MB, 53.73 load
[runlim] sample:		4505.37 time, 4530.01 real, 530 MB, 53.47 load
[runlim] sample:		4515.32 time, 4540.01 real, 530 MB, 53.56 load
[runlim] sample:		4525.26 time, 4550.01 real, 532 MB, 53.40 load
[runlim] sample:		4535.21 time, 4560.01 real, 532 MB, 53.18 load
[runlim] sample:		4545.16 time, 4570.01 real, 532 MB, 53.39 load
[runlim] sample:		4555.10 time, 4580.01 real, 532 MB, 53.18 load
[runlim] sample:		4565.05 time, 4590.01 real, 532 MB, 53.08 load
[runlim] sample:		4575.00 time, 4600.01 real, 532 MB, 52.99 load
[runlim] sample:		4584.95 time, 4610.01 real, 532 MB, 52.92 load
[runlim] sample:		4594.89 time, 4620.01 real, 532 MB, 52.78 load
[runlim] sample:		4604.84 time, 4630.01 real, 532 MB, 52.81 load
[runlim] sample:		4614.79 time, 4640.01 real, 532 MB, 52.76 load
[runlim] sample:		4624.74 time, 4650.01 real, 532 MB, 52.64 load
[runlim] sample:		4634.68 time, 4660.01 real, 532 MB, 52.70 load
[runlim] sample:		4644.63 time, 4670.01 real, 532 MB, 52.68 load
[runlim] sample:		4654.58 time, 4680.01 real, 532 MB, 52.65 load
[runlim] sample:		4664.52 time, 4690.01 real, 532 MB, 52.79 load
[runlim] sample:		4674.47 time, 4700.01 real, 532 MB, 52.83 load
[runlim] sample:		4684.42 time, 4710.01 real, 532 MB, 52.78 load
[runlim] sample:		4694.36 time, 4720.01 real, 532 MB, 52.74 load
[runlim] sample:		4704.31 time, 4730.01 real, 532 MB, 52.63 load
[runlim] sample:		4714.26 time, 4740.01 real, 532 MB, 52.61 load
[runlim] sample:		4724.20 time, 4750.01 real, 532 MB, 52.67 load
[runlim] sample:		4734.15 time, 4760.01 real, 532 MB, 52.57 load
[runlim] sample:		4744.10 time, 4770.01 real, 532 MB, 52.48 load
[runlim] sample:		4754.04 time, 4780.01 real, 532 MB, 52.57 load
[runlim] sample:		4763.99 time, 4790.01 real, 532 MB, 52.48 load
[runlim] sample:		4773.94 time, 4800.01 real, 532 MB, 52.41 load
[runlim] sample:		4783.88 time, 4810.01 real, 532 MB, 52.82 load
[runlim] sample:		4793.83 time, 4820.01 real, 532 MB, 52.70 load
[runlim] sample:		4803.78 time, 4830.01 real, 532 MB, 52.59 load
[runlim] sample:		4813.73 time, 4840.01 real, 532 MB, 52.58 load
[runlim] sample:		4823.68 time, 4850.01 real, 532 MB, 52.57 load
[runlim] sample:		4833.62 time, 4860.01 real, 532 MB, 52.48 load
[runlim] sample:		4843.57 time, 4870.01 real, 532 MB, 52.49 load
[runlim] sample:		4853.52 time, 4880.01 real, 532 MB, 52.41 load
[runlim] sample:		4863.46 time, 4890.01 real, 532 MB, 52.35 load
[runlim] sample:		4873.41 time, 4900.01 real, 532 MB, 52.37 load
[runlim] sample:		4883.36 time, 4910.01 real, 532 MB, 52.32 load
[runlim] sample:		4893.30 time, 4920.01 real, 532 MB, 52.35 load
[runlim] sample:		4903.25 time, 4930.01 real, 532 MB, 52.37 load
[runlim] sample:		4913.20 time, 4940.01 real, 532 MB, 52.32 load
[runlim] sample:		4923.14 time, 4950.01 real, 532 MB, 52.27 load
[runlim] sample:		4933.09 time, 4960.01 real, 532 MB, 52.23 load
[runlim] sample:		4943.04 time, 4970.01 real, 532 MB, 51.02 load
[runlim] sample:		4952.99 time, 4980.01 real, 532 MB, 48.93 load
[runlim] sample:		4962.95 time, 4990.01 real, 532 MB, 46.02 load
[runlim] sample:		4972.90 time, 5000.01 real, 532 MB, 42.39 load
[runlim] end:			Thu Apr  9 19:25:26 2026
[runlim] status:		out of time
[runlim] result:		2
[runlim] children:		1
[runlim] processes:		2
[runlim] real:			5000.05 seconds
[runlim] time:			4972.90 seconds
[runlim] space:			534 MB
[runlim] load:			56.38 maximum
[runlim] samples:		50000
