[runlim] version:		2.0.0rc1
[runlim] host:			o02n04
[runlim] time limit:		311040000 seconds
[runlim] real time limit:	5000 seconds
[runlim] space limit:		7000 MB
[runlim] argv[0]:		./binary
[runlim] argv[1]:		-c
[runlim] argv[2]:		-r
[runlim] argv[3]:		/tmp/local-unzipped-12459990-1-10-mc2025_track1_191.cnf
[runlim] start:			Thu Apr  9 18:01:30 2026
[runlim] child:			3936213
[runlim] end:			Thu Apr  9 18:01:37 2026
[runlim] status:		ok
[runlim] result:		0
[runlim] children:		1
[runlim] processes:		2
[runlim] real:			6.77 seconds
[runlim] time:			6.66 seconds
[runlim] space:			34 MB
[runlim] load:			8.61 maximum
[runlim] samples:		67
