[runlim] version:		2.0.0rc1
[runlim] host:			o02n17
[runlim] time limit:		311040000 seconds
[runlim] real time limit:	5000 seconds
[runlim] space limit:		7000 MB
[runlim] argv[0]:		./binary
[runlim] argv[1]:		-c
[runlim] argv[2]:		-r
[runlim] argv[3]:		/tmp/local-unzipped-12156038-6-338-BMS_k3_n100_m429_99.cnf
[runlim] start:			Sat Mar 14 10:32:16 2026
[runlim] child:			3448779
[runlim] end:			Sat Mar 14 10:32:21 2026
[runlim] status:		ok
[runlim] result:		0
[runlim] children:		1
[runlim] processes:		2
[runlim] real:			5.08 seconds
[runlim] time:			4.98 seconds
[runlim] space:			4 MB
[runlim] load:			2.22 maximum
[runlim] samples:		50
