[runlim] version:		2.0.0rc1
[runlim] host:			m07n02
[runlim] time limit:		311040000 seconds
[runlim] real time limit:	5000 seconds
[runlim] space limit:		7000 MB
[runlim] argv[0]:		./binary
[runlim] argv[1]:		-c
[runlim] argv[2]:		-r
[runlim] argv[3]:		/tmp/local-unzipped-12156038-3-150-BMS_k3_n100_m429_43.cnf
[runlim] start:			Sat Mar 14 10:22:37 2026
[runlim] child:			2644535
[runlim] sample:		9.96 time, 10.01 real, 3 MB, 1.44 load
[runlim] sample:		19.92 time, 20.01 real, 3 MB, 2.14 load
[runlim] sample:		29.87 time, 30.01 real, 3 MB, 2.66 load
[runlim] sample:		39.82 time, 40.01 real, 3 MB, 3.55 load
[runlim] sample:		49.77 time, 50.01 real, 3 MB, 4.54 load
[runlim] sample:		59.72 time, 60.01 real, 3 MB, 5.07 load
[runlim] sample:		69.67 time, 70.01 real, 3 MB, 5.52 load
[runlim] sample:		79.62 time, 80.01 real, 3 MB, 5.90 load
[runlim] sample:		89.57 time, 90.01 real, 3 MB, 6.23 load
[runlim] sample:		99.52 time, 100.01 real, 3 MB, 6.50 load
[runlim] sample:		109.47 time, 110.01 real, 3 MB, 6.73 load
[runlim] sample:		119.43 time, 120.01 real, 3 MB, 6.77 load
[runlim] sample:		129.38 time, 130.01 real, 3 MB, 6.81 load
[runlim] sample:		139.34 time, 140.01 real, 3 MB, 6.91 load
[runlim] end:			Sat Mar 14 10:25:00 2026
[runlim] status:		ok
[runlim] result:		0
[runlim] children:		1
[runlim] processes:		2
[runlim] real:			143.48 seconds
[runlim] time:			142.72 seconds
[runlim] space:			3 MB
[runlim] load:			6.92 maximum
[runlim] samples:		1434
