[runlim] version:		2.0.0rc1
[runlim] host:			p06n02
[runlim] time limit:		311040000 seconds
[runlim] real time limit:	5000 seconds
[runlim] space limit:		7000 MB
[runlim] argv[0]:		./binary
[runlim] argv[1]:		-c
[runlim] argv[2]:		-r
[runlim] argv[3]:		/tmp/local-unzipped-12156038-2-127-BMS_k3_n100_m429_207.cnf
[runlim] start:			Sat Mar 14 10:23:12 2026
[runlim] child:			138776
[runlim] sample:		9.96 time, 10.01 real, 3 MB, 9.28 load
[runlim] end:			Sat Mar 14 10:23:23 2026
[runlim] status:		ok
[runlim] result:		0
[runlim] children:		1
[runlim] processes:		2
[runlim] real:			10.29 seconds
[runlim] time:			10.16 seconds
[runlim] space:			3 MB
[runlim] load:			9.28 maximum
[runlim] samples:		102
