[runlim] version:		2.0.0rc1
[runlim] host:			p06n02
[runlim] time limit:		311040000 seconds
[runlim] real time limit:	5000 seconds
[runlim] space limit:		7000 MB
[runlim] argv[0]:		./binary
[runlim] argv[1]:		-c
[runlim] argv[2]:		-r
[runlim] argv[3]:		/tmp/local-unzipped-12156038-2-76-BMS_k3_n100_m429_221.cnf
[runlim] start:			Sat Mar 14 10:22:21 2026
[runlim] child:			136842
[runlim] sample:		9.97 time, 10.01 real, 3 MB, 11.18 load
[runlim] sample:		19.92 time, 20.01 real, 3 MB, 10.77 load
[runlim] sample:		29.89 time, 30.01 real, 4 MB, 10.11 load
[runlim] sample:		39.85 time, 40.01 real, 4 MB, 9.56 load
[runlim] sample:		49.81 time, 50.01 real, 4 MB, 9.16 load
[runlim] sample:		59.77 time, 60.01 real, 4 MB, 9.22 load
[runlim] sample:		69.73 time, 70.01 real, 4 MB, 9.18 load
[runlim] sample:		79.68 time, 80.01 real, 4 MB, 9.00 load
[runlim] sample:		89.63 time, 90.01 real, 4 MB, 8.84 load
[runlim] sample:		99.58 time, 100.01 real, 4 MB, 8.56 load
[runlim] sample:		109.53 time, 110.01 real, 4 MB, 8.47 load
[runlim] sample:		119.49 time, 120.01 real, 4 MB, 8.24 load
[runlim] sample:		129.44 time, 130.01 real, 4 MB, 8.05 load
[runlim] sample:		139.39 time, 140.01 real, 4 MB, 7.89 load
[runlim] sample:		149.35 time, 150.01 real, 4 MB, 7.75 load
[runlim] sample:		159.30 time, 160.01 real, 4 MB, 7.55 load
[runlim] sample:		169.25 time, 170.01 real, 4 MB, 7.31 load
[runlim] sample:		179.20 time, 180.01 real, 4 MB, 7.11 load
[runlim] sample:		189.15 time, 190.01 real, 4 MB, 6.94 load
[runlim] sample:		199.10 time, 200.01 real, 4 MB, 6.80 load
[runlim] sample:		209.04 time, 210.01 real, 4 MB, 6.67 load
[runlim] sample:		218.99 time, 220.01 real, 4 MB, 6.57 load
[runlim] sample:		228.94 time, 230.01 real, 4 MB, 6.40 load
[runlim] sample:		238.89 time, 240.01 real, 4 MB, 6.18 load
[runlim] sample:		248.84 time, 250.01 real, 4 MB, 6.00 load
[runlim] sample:		258.79 time, 260.01 real, 4 MB, 5.85 load
[runlim] sample:		268.74 time, 270.01 real, 4 MB, 5.72 load
[runlim] sample:		278.69 time, 280.01 real, 4 MB, 5.61 load
[runlim] sample:		288.64 time, 290.01 real, 4 MB, 5.51 load
[runlim] sample:		298.59 time, 300.01 real, 4 MB, 5.43 load
[runlim] sample:		308.54 time, 310.01 real, 4 MB, 5.29 load
[runlim] sample:		318.49 time, 320.01 real, 4 MB, 5.09 load
[runlim] sample:		328.44 time, 330.01 real, 4 MB, 4.92 load
[runlim] sample:		338.39 time, 340.01 real, 4 MB, 4.86 load
[runlim] sample:		348.34 time, 350.01 real, 4 MB, 4.80 load
[runlim] sample:		358.30 time, 360.01 real, 4 MB, 4.68 load
[runlim] sample:		368.25 time, 370.01 real, 4 MB, 4.57 load
[runlim] sample:		378.20 time, 380.01 real, 4 MB, 4.48 load
[runlim] sample:		388.15 time, 390.01 real, 4 MB, 4.41 load
[runlim] sample:		398.10 time, 400.01 real, 4 MB, 4.35 load
[runlim] sample:		408.06 time, 410.01 real, 4 MB, 4.21 load
[runlim] sample:		418.02 time, 420.01 real, 4 MB, 4.03 load
[runlim] sample:		427.98 time, 430.01 real, 4 MB, 3.87 load
[runlim] sample:		437.94 time, 440.01 real, 4 MB, 3.73 load
[runlim] sample:		447.90 time, 450.01 real, 4 MB, 3.62 load
[runlim] sample:		457.86 time, 460.01 real, 4 MB, 3.52 load
[runlim] sample:		467.82 time, 470.01 real, 4 MB, 3.44 load
[runlim] sample:		477.78 time, 480.01 real, 4 MB, 3.37 load
[runlim] sample:		487.74 time, 490.01 real, 4 MB, 3.32 load
[runlim] sample:		497.70 time, 500.01 real, 4 MB, 3.27 load
[runlim] sample:		507.66 time, 510.01 real, 4 MB, 3.23 load
[runlim] sample:		517.62 time, 520.01 real, 4 MB, 3.19 load
[runlim] sample:		527.58 time, 530.01 real, 4 MB, 3.16 load
[runlim] sample:		537.54 time, 540.01 real, 4 MB, 3.14 load
[runlim] sample:		547.50 time, 550.01 real, 4 MB, 3.11 load
[runlim] sample:		557.46 time, 560.01 real, 4 MB, 3.10 load
[runlim] sample:		567.42 time, 570.01 real, 4 MB, 3.08 load
[runlim] sample:		577.38 time, 580.01 real, 4 MB, 3.07 load
[runlim] sample:		587.34 time, 590.01 real, 4 MB, 3.06 load
[runlim] sample:		597.30 time, 600.01 real, 4 MB, 3.05 load
[runlim] sample:		607.26 time, 610.01 real, 4 MB, 3.04 load
[runlim] sample:		617.22 time, 620.01 real, 4 MB, 3.03 load
[runlim] sample:		627.18 time, 630.01 real, 4 MB, 3.03 load
[runlim] sample:		637.14 time, 640.01 real, 4 MB, 3.02 load
[runlim] sample:		647.10 time, 650.01 real, 4 MB, 2.94 load
[runlim] sample:		657.06 time, 660.01 real, 4 MB, 2.79 load
[runlim] sample:		667.03 time, 670.01 real, 4 MB, 2.75 load
[runlim] sample:		676.99 time, 680.01 real, 4 MB, 2.64 load
[runlim] sample:		686.95 time, 690.01 real, 4 MB, 2.54 load
[runlim] sample:		696.91 time, 700.01 real, 4 MB, 2.45 load
[runlim] sample:		706.87 time, 710.01 real, 4 MB, 2.46 load
[runlim] sample:		716.84 time, 720.01 real, 4 MB, 2.39 load
[runlim] sample:		726.80 time, 730.01 real, 4 MB, 2.33 load
[runlim] sample:		736.76 time, 740.01 real, 4 MB, 2.28 load
[runlim] sample:		746.72 time, 750.01 real, 4 MB, 2.23 load
[runlim] sample:		756.68 time, 760.01 real, 4 MB, 2.20 load
[runlim] sample:		766.64 time, 770.01 real, 4 MB, 2.17 load
[runlim] sample:		776.61 time, 780.01 real, 4 MB, 2.14 load
[runlim] sample:		786.57 time, 790.01 real, 4 MB, 2.19 load
[runlim] sample:		796.53 time, 800.01 real, 4 MB, 2.16 load
[runlim] sample:		806.49 time, 810.01 real, 4 MB, 2.14 load
[runlim] sample:		816.46 time, 820.01 real, 4 MB, 2.12 load
[runlim] sample:		826.42 time, 830.01 real, 4 MB, 2.10 load
[runlim] sample:		836.38 time, 840.01 real, 4 MB, 2.08 load
[runlim] sample:		846.34 time, 850.01 real, 4 MB, 2.14 load
[runlim] sample:		856.31 time, 860.01 real, 4 MB, 2.12 load
[runlim] sample:		866.27 time, 870.01 real, 4 MB, 2.10 load
[runlim] sample:		876.23 time, 880.01 real, 4 MB, 2.09 load
[runlim] sample:		886.19 time, 890.01 real, 4 MB, 2.07 load
[runlim] sample:		896.16 time, 900.01 real, 4 MB, 2.13 load
[runlim] sample:		906.12 time, 910.01 real, 4 MB, 2.19 load
[runlim] sample:		916.08 time, 920.01 real, 4 MB, 2.16 load
[runlim] sample:		926.04 time, 930.01 real, 4 MB, 2.13 load
[runlim] sample:		936.00 time, 940.01 real, 4 MB, 2.11 load
[runlim] sample:		945.97 time, 950.01 real, 4 MB, 2.09 load
[runlim] sample:		955.93 time, 960.01 real, 4 MB, 2.08 load
[runlim] sample:		965.89 time, 970.01 real, 4 MB, 2.07 load
[runlim] sample:		975.85 time, 980.01 real, 4 MB, 2.13 load
[runlim] sample:		985.82 time, 990.01 real, 4 MB, 2.11 load
[runlim] sample:		995.79 time, 1000.01 real, 4 MB, 1.94 load
[runlim] sample:		1005.76 time, 1010.01 real, 4 MB, 1.79 load
[runlim] sample:		1015.73 time, 1020.01 real, 4 MB, 1.67 load
[runlim] sample:		1025.70 time, 1030.01 real, 4 MB, 1.57 load
[runlim] sample:		1035.67 time, 1040.01 real, 4 MB, 1.55 load
[runlim] sample:		1045.64 time, 1050.01 real, 4 MB, 1.47 load
[runlim] sample:		1055.61 time, 1060.01 real, 4 MB, 1.40 load
[runlim] sample:		1065.57 time, 1070.01 real, 4 MB, 1.33 load
[runlim] sample:		1075.54 time, 1080.01 real, 4 MB, 1.28 load
[runlim] sample:		1085.51 time, 1090.01 real, 4 MB, 1.24 load
[runlim] sample:		1095.48 time, 1100.01 real, 4 MB, 1.28 load
[runlim] sample:		1105.45 time, 1110.01 real, 4 MB, 1.23 load
[runlim] sample:		1115.42 time, 1120.01 real, 4 MB, 1.20 load
[runlim] sample:		1125.39 time, 1130.01 real, 4 MB, 1.17 load
[runlim] sample:		1135.36 time, 1140.01 real, 4 MB, 1.14 load
[runlim] sample:		1145.33 time, 1150.01 real, 4 MB, 1.12 load
[runlim] sample:		1155.30 time, 1160.01 real, 4 MB, 1.17 load
[runlim] sample:		1165.27 time, 1170.01 real, 4 MB, 1.15 load
[runlim] sample:		1175.24 time, 1180.01 real, 4 MB, 1.12 load
[runlim] sample:		1185.21 time, 1190.01 real, 4 MB, 1.10 load
[runlim] sample:		1195.18 time, 1200.01 real, 4 MB, 1.09 load
[runlim] sample:		1205.15 time, 1210.01 real, 4 MB, 1.07 load
[runlim] sample:		1215.12 time, 1220.01 real, 4 MB, 1.14 load
[runlim] sample:		1225.09 time, 1230.01 real, 4 MB, 1.11 load
[runlim] sample:		1235.06 time, 1240.01 real, 4 MB, 1.10 load
[runlim] sample:		1245.03 time, 1250.01 real, 4 MB, 1.08 load
[runlim] sample:		1255.00 time, 1260.01 real, 4 MB, 1.07 load
[runlim] sample:		1264.97 time, 1270.01 real, 4 MB, 1.06 load
[runlim] sample:		1274.94 time, 1280.01 real, 4 MB, 1.05 load
[runlim] sample:		1284.90 time, 1290.01 real, 4 MB, 1.04 load
[runlim] sample:		1294.88 time, 1300.01 real, 4 MB, 1.03 load
[runlim] sample:		1304.85 time, 1310.01 real, 4 MB, 1.03 load
[runlim] sample:		1314.82 time, 1320.01 real, 4 MB, 1.02 load
[runlim] sample:		1324.79 time, 1330.01 real, 4 MB, 1.02 load
[runlim] end:			Sat Mar 14 10:44:31 2026
[runlim] status:		ok
[runlim] result:		0
[runlim] children:		1
[runlim] processes:		2
[runlim] real:			1330.42 seconds
[runlim] time:			1325.19 seconds
[runlim] space:			4 MB
[runlim] load:			12.12 maximum
[runlim] samples:		13304
