[runlim] version:		2.0.0rc1
[runlim] host:			m07n08
[runlim] time limit:		311040000 seconds
[runlim] real time limit:	5000 seconds
[runlim] space limit:		7000 MB
[runlim] argv[0]:		./binary
[runlim] argv[1]:		-c
[runlim] argv[2]:		-r
[runlim] argv[3]:		/tmp/local-unzipped-12156038-8-472-BMS_k3_n100_m429_241.cnf
[runlim] start:			Sat Mar 14 10:40:31 2026
[runlim] child:			1041717
[runlim] end:			Sat Mar 14 10:40:33 2026
[runlim] status:		ok
[runlim] result:		0
[runlim] children:		1
[runlim] processes:		2
[runlim] real:			1.98 seconds
[runlim] time:			1.90 seconds
[runlim] space:			3 MB
[runlim] load:			2.29 maximum
[runlim] samples:		19
