[runlim] version:		2.0.0rc1
[runlim] host:			p06n02
[runlim] time limit:		311040000 seconds
[runlim] real time limit:	5000 seconds
[runlim] space limit:		7000 MB
[runlim] argv[0]:		./binary
[runlim] argv[1]:		-c
[runlim] argv[2]:		-r
[runlim] argv[3]:		/tmp/local-unzipped-12156038-2-67-BMS_k3_n100_m429_132.cnf
[runlim] start:			Sat Mar 14 10:22:12 2026
[runlim] child:			136525
[runlim] sample:		9.96 time, 10.01 real, 3 MB, 11.63 load
[runlim] sample:		19.91 time, 20.01 real, 3 MB, 10.92 load
[runlim] sample:		29.86 time, 30.01 real, 3 MB, 10.47 load
[runlim] sample:		39.81 time, 40.01 real, 3 MB, 9.78 load
[runlim] sample:		49.76 time, 50.01 real, 3 MB, 9.35 load
[runlim] sample:		59.70 time, 60.01 real, 3 MB, 9.15 load
[runlim] sample:		69.65 time, 70.01 real, 3 MB, 9.28 load
[runlim] sample:		79.60 time, 80.01 real, 3 MB, 9.08 load
[runlim] sample:		89.56 time, 90.01 real, 3 MB, 8.92 load
[runlim] sample:		99.52 time, 100.01 real, 3 MB, 8.69 load
[runlim] sample:		109.49 time, 110.01 real, 3 MB, 8.59 load
[runlim] sample:		119.45 time, 120.01 real, 3 MB, 8.35 load
[runlim] sample:		129.42 time, 130.01 real, 3 MB, 8.14 load
[runlim] sample:		139.39 time, 140.01 real, 3 MB, 7.96 load
[runlim] sample:		149.35 time, 150.01 real, 4 MB, 7.82 load
[runlim] sample:		159.31 time, 160.01 real, 4 MB, 7.69 load
[runlim] end:			Sat Mar 14 10:24:52 2026
[runlim] status:		ok
[runlim] result:		0
[runlim] children:		1
[runlim] processes:		2
[runlim] real:			160.66 seconds
[runlim] time:			159.91 seconds
[runlim] space:			4 MB
[runlim] load:			12.91 maximum
[runlim] samples:		1606
