[runlim] version:		2.0.0rc1
[runlim] host:			p05n22
[runlim] time limit:		311040000 seconds
[runlim] real time limit:	5000 seconds
[runlim] space limit:		7000 MB
[runlim] argv[0]:		./binary
[runlim] argv[1]:		-c
[runlim] argv[2]:		-f
[runlim] argv[3]:		-r
[runlim] argv[4]:		/tmp/local-unzipped-12236014-4-229-BMS_k3_n100_m429_72.cnf
[runlim] start:			Fri Mar 20 15:10:34 2026
[runlim] child:			66484
[runlim] sample:		9.97 time, 10.01 real, 4 MB, 2.13 load
[runlim] sample:		19.93 time, 20.01 real, 4 MB, 3.49 load
[runlim] sample:		29.89 time, 30.01 real, 4 MB, 4.02 load
[runlim] end:			Fri Mar 20 15:11:11 2026
[runlim] status:		ok
[runlim] result:		0
[runlim] children:		1
[runlim] processes:		2
[runlim] real:			37.63 seconds
[runlim] time:			37.46 seconds
[runlim] space:			5 MB
[runlim] load:			4.10 maximum
[runlim] samples:		376
