[runlim] version:		2.0.0rc1
[runlim] host:			p05n22
[runlim] time limit:		311040000 seconds
[runlim] real time limit:	5000 seconds
[runlim] space limit:		7000 MB
[runlim] argv[0]:		./binary
[runlim] argv[1]:		-c
[runlim] argv[2]:		-f
[runlim] argv[3]:		-r
[runlim] argv[4]:		/tmp/local-unzipped-12236014-4-198-BMS_k3_n100_m429_359.cnf
[runlim] start:			Fri Mar 20 15:10:02 2026
[runlim] child:			65352
[runlim] sample:		9.96 time, 10.01 real, 4 MB, 0.68 load
[runlim] sample:		19.92 time, 20.01 real, 4 MB, 1.03 load
[runlim] sample:		29.87 time, 30.01 real, 4 MB, 1.42 load
[runlim] end:			Fri Mar 20 15:10:42 2026
[runlim] status:		ok
[runlim] result:		0
[runlim] children:		1
[runlim] processes:		2
[runlim] real:			39.31 seconds
[runlim] time:			39.12 seconds
[runlim] space:			5 MB
[runlim] load:			1.70 maximum
[runlim] samples:		393
