[runlim] version:		2.0.0rc1
[runlim] host:			m05n12
[runlim] time limit:		311040000 seconds
[runlim] real time limit:	5000 seconds
[runlim] space limit:		7000 MB
[runlim] argv[0]:		./binary
[runlim] argv[1]:		-c
[runlim] argv[2]:		-f
[runlim] argv[3]:		-r
[runlim] argv[4]:		/tmp/local-unzipped-12236014-1-4-BMS_k3_n100_m429_385.cnf
[runlim] start:			Fri Mar 20 14:50:49 2026
[runlim] child:			1253251
[runlim] sample:		9.96 time, 10.01 real, 4 MB, 0.56 load
[runlim] sample:		19.91 time, 20.01 real, 5 MB, 1.10 load
[runlim] sample:		29.86 time, 30.01 real, 5 MB, 1.77 load
[runlim] sample:		39.81 time, 40.01 real, 5 MB, 2.12 load
[runlim] sample:		49.77 time, 50.01 real, 5 MB, 2.50 load
[runlim] sample:		59.71 time, 60.01 real, 5 MB, 3.04 load
[runlim] sample:		69.66 time, 70.01 real, 5 MB, 3.73 load
[runlim] sample:		79.61 time, 80.01 real, 5 MB, 4.23 load
[runlim] sample:		89.56 time, 90.01 real, 5 MB, 4.51 load
[runlim] sample:		99.52 time, 100.01 real, 5 MB, 4.74 load
[runlim] sample:		109.48 time, 110.01 real, 5 MB, 4.93 load
[runlim] sample:		119.44 time, 120.01 real, 5 MB, 5.10 load
[runlim] sample:		129.40 time, 130.01 real, 5 MB, 5.16 load
[runlim] sample:		139.36 time, 140.01 real, 5 MB, 5.14 load
[runlim] sample:		149.33 time, 150.01 real, 5 MB, 5.12 load
[runlim] sample:		159.29 time, 160.01 real, 5 MB, 4.94 load
[runlim] sample:		169.26 time, 170.01 real, 5 MB, 4.80 load
[runlim] sample:		179.23 time, 180.01 real, 5 MB, 4.67 load
[runlim] sample:		189.19 time, 190.01 real, 5 MB, 4.50 load
[runlim] sample:		199.16 time, 200.01 real, 5 MB, 4.27 load
[runlim] sample:		209.12 time, 210.01 real, 5 MB, 4.07 load
[runlim] sample:		219.09 time, 220.01 real, 5 MB, 3.91 load
[runlim] sample:		229.06 time, 230.01 real, 5 MB, 3.77 load
[runlim] sample:		239.02 time, 240.01 real, 5 MB, 3.65 load
[runlim] sample:		248.99 time, 250.01 real, 5 MB, 3.55 load
[runlim] sample:		258.96 time, 260.01 real, 5 MB, 3.46 load
[runlim] sample:		268.92 time, 270.01 real, 5 MB, 3.47 load
[runlim] sample:		278.89 time, 280.01 real, 5 MB, 3.40 load
[runlim] sample:		288.86 time, 290.01 real, 5 MB, 3.34 load
[runlim] sample:		298.82 time, 300.01 real, 5 MB, 3.29 load
[runlim] sample:		308.79 time, 310.01 real, 5 MB, 3.24 load
[runlim] sample:		318.76 time, 320.01 real, 5 MB, 3.20 load
[runlim] sample:		328.72 time, 330.01 real, 5 MB, 3.25 load
[runlim] sample:		338.69 time, 340.01 real, 5 MB, 3.21 load
[runlim] sample:		348.66 time, 350.01 real, 5 MB, 3.18 load
[runlim] sample:		358.62 time, 360.01 real, 5 MB, 3.15 load
[runlim] sample:		368.59 time, 370.01 real, 5 MB, 3.13 load
[runlim] sample:		378.56 time, 380.01 real, 5 MB, 3.11 load
[runlim] sample:		388.52 time, 390.01 real, 5 MB, 3.17 load
[runlim] sample:		398.49 time, 400.01 real, 5 MB, 3.14 load
[runlim] sample:		408.46 time, 410.01 real, 5 MB, 3.12 load
[runlim] sample:		418.42 time, 420.01 real, 5 MB, 3.10 load
[runlim] sample:		428.39 time, 430.01 real, 5 MB, 3.09 load
[runlim] sample:		438.36 time, 440.01 real, 5 MB, 3.07 load
[runlim] sample:		448.32 time, 450.01 real, 5 MB, 3.06 load
[runlim] sample:		458.29 time, 460.01 real, 5 MB, 3.05 load
[runlim] sample:		468.26 time, 470.01 real, 5 MB, 3.12 load
[runlim] sample:		478.22 time, 480.01 real, 5 MB, 3.10 load
[runlim] sample:		488.19 time, 490.01 real, 5 MB, 3.09 load
[runlim] sample:		498.16 time, 500.01 real, 5 MB, 3.07 load
[runlim] sample:		508.12 time, 510.01 real, 5 MB, 3.06 load
[runlim] sample:		518.09 time, 520.01 real, 5 MB, 3.05 load
[runlim] end:			Fri Mar 20 14:59:30 2026
[runlim] status:		ok
[runlim] result:		0
[runlim] children:		1
[runlim] processes:		2
[runlim] real:			520.71 seconds
[runlim] time:			518.79 seconds
[runlim] space:			5 MB
[runlim] load:			5.16 maximum
[runlim] samples:		5207
