[runlim] version:		2.0.0rc1
[runlim] host:			p05n22
[runlim] time limit:		311040000 seconds
[runlim] real time limit:	5000 seconds
[runlim] space limit:		7000 MB
[runlim] argv[0]:		./binary
[runlim] argv[1]:		-c
[runlim] argv[2]:		-f
[runlim] argv[3]:		-r
[runlim] argv[4]:		/tmp/local-unzipped-12236014-4-241-BMS_k3_n100_m429_407.cnf
[runlim] start:			Fri Mar 20 15:10:46 2026
[runlim] child:			66949
[runlim] sample:		9.96 time, 10.01 real, 4 MB, 3.49 load
[runlim] end:			Fri Mar 20 15:10:58 2026
[runlim] status:		ok
[runlim] result:		0
[runlim] children:		1
[runlim] processes:		2
[runlim] real:			12.20 seconds
[runlim] time:			12.05 seconds
[runlim] space:			4 MB
[runlim] load:			3.85 maximum
[runlim] samples:		121
