[runlim] version:		2.0.0rc1
[runlim] host:			p09n05
[runlim] time limit:		311040000 seconds
[runlim] real time limit:	5000 seconds
[runlim] space limit:		7000 MB
[runlim] argv[0]:		./binary
[runlim] argv[1]:		-c
[runlim] argv[2]:		-s
[runlim] argv[3]:		-r
[runlim] argv[4]:		/tmp/local-unzipped-12181370-5-302-BMS_k3_n100_m429_467.cnf
[runlim] start:			Mon Mar 16 18:00:10 2026
[runlim] child:			1523157
[runlim] sample:		9.97 time, 10.01 real, 3 MB, 2.30 load
[runlim] sample:		19.93 time, 20.01 real, 3 MB, 2.79 load
[runlim] end:			Mon Mar 16 18:00:30 2026
[runlim] status:		ok
[runlim] result:		0
[runlim] children:		1
[runlim] processes:		2
[runlim] real:			20.61 seconds
[runlim] time:			20.53 seconds
[runlim] space:			4 MB
[runlim] load:			2.79 maximum
[runlim] samples:		206
