[runlim] version:		2.0.0rc1
[runlim] host:			p09n02
[runlim] time limit:		311040000 seconds
[runlim] real time limit:	5000 seconds
[runlim] space limit:		7000 MB
[runlim] argv[0]:		./binary
[runlim] argv[1]:		-c
[runlim] argv[2]:		-s
[runlim] argv[3]:		-r
[runlim] argv[4]:		/tmp/local-unzipped-12181370-1-49-BMS_k3_n100_m429_170.cnf
[runlim] start:			Mon Mar 16 17:57:44 2026
[runlim] child:			2802028
[runlim] sample:		9.97 time, 10.01 real, 4 MB, 2.48 load
[runlim] sample:		19.93 time, 20.01 real, 4 MB, 3.57 load
[runlim] sample:		29.89 time, 30.01 real, 4 MB, 4.32 load
[runlim] end:			Mon Mar 16 17:58:19 2026
[runlim] status:		ok
[runlim] result:		0
[runlim] children:		1
[runlim] processes:		2
[runlim] real:			35.73 seconds
[runlim] time:			35.57 seconds
[runlim] space:			4 MB
[runlim] load:			4.89 maximum
[runlim] samples:		357
