[runlim] version:		2.0.0rc1
[runlim] host:			p09n02
[runlim] time limit:		311040000 seconds
[runlim] real time limit:	5000 seconds
[runlim] space limit:		7000 MB
[runlim] argv[0]:		./binary
[runlim] argv[1]:		-c
[runlim] argv[2]:		-s
[runlim] argv[3]:		-r
[runlim] argv[4]:		/tmp/local-unzipped-12181370-1-57-BMS_k3_n100_m429_138.cnf
[runlim] start:			Mon Mar 16 17:57:52 2026
[runlim] child:			2802324
[runlim] sample:		9.97 time, 10.01 real, 3 MB, 3.57 load
[runlim] sample:		19.93 time, 20.01 real, 4 MB, 4.32 load
[runlim] sample:		29.90 time, 30.01 real, 4 MB, 4.89 load
[runlim] sample:		39.86 time, 40.01 real, 4 MB, 5.13 load
[runlim] sample:		49.83 time, 50.01 real, 4 MB, 5.27 load
[runlim] sample:		59.79 time, 60.01 real, 4 MB, 5.38 load
[runlim] sample:		69.76 time, 70.01 real, 4 MB, 5.48 load
[runlim] sample:		79.71 time, 80.01 real, 4 MB, 5.63 load
[runlim] sample:		89.67 time, 90.01 real, 4 MB, 5.53 load
[runlim] sample:		99.63 time, 100.01 real, 4 MB, 5.45 load
[runlim] sample:		109.59 time, 110.01 real, 4 MB, 5.38 load
[runlim] sample:		119.55 time, 120.01 real, 4 MB, 5.32 load
[runlim] end:			Mon Mar 16 17:59:52 2026
[runlim] status:		ok
[runlim] result:		0
[runlim] children:		1
[runlim] processes:		2
[runlim] real:			120.67 seconds
[runlim] time:			120.14 seconds
[runlim] space:			4 MB
[runlim] load:			5.63 maximum
[runlim] samples:		1206
