[runlim] version:		2.0.0rc1
[runlim] host:			p09n02
[runlim] time limit:		311040000 seconds
[runlim] real time limit:	5000 seconds
[runlim] space limit:		7000 MB
[runlim] argv[0]:		./binary
[runlim] argv[1]:		-c
[runlim] argv[2]:		-s
[runlim] argv[3]:		-r
[runlim] argv[4]:		/tmp/local-unzipped-12181370-1-63-BMS_k3_n100_m429_436.cnf
[runlim] start:			Mon Mar 16 17:57:58 2026
[runlim] child:			2802534
[runlim] sample:		9.95 time, 10.01 real, 3 MB, 4.00 load
[runlim] sample:		19.90 time, 20.01 real, 3 MB, 4.62 load
[runlim] sample:		29.85 time, 30.01 real, 3 MB, 5.06 load
[runlim] sample:		39.81 time, 40.01 real, 3 MB, 5.20 load
[runlim] sample:		49.76 time, 50.01 real, 4 MB, 5.33 load
[runlim] sample:		59.72 time, 60.01 real, 4 MB, 5.43 load
[runlim] sample:		69.68 time, 70.01 real, 4 MB, 5.60 load
[runlim] end:			Mon Mar 16 17:59:12 2026
[runlim] status:		ok
[runlim] result:		0
[runlim] children:		1
[runlim] processes:		2
[runlim] real:			74.31 seconds
[runlim] time:			73.86 seconds
[runlim] space:			4 MB
[runlim] load:			5.63 maximum
[runlim] samples:		743
