[runlim] version:		2.0.0rc1
[runlim] host:			m09n03
[runlim] time limit:		311040000 seconds
[runlim] real time limit:	5000 seconds
[runlim] space limit:		7000 MB
[runlim] argv[0]:		./binary
[runlim] argv[1]:		-c
[runlim] argv[2]:		-s
[runlim] argv[3]:		-r
[runlim] argv[4]:		/tmp/local-unzipped-12181370-7-399-BMS_k3_n100_m429_69.cnf
[runlim] start:			Mon Mar 16 18:02:06 2026
[runlim] child:			3216160
[runlim] end:			Mon Mar 16 18:02:06 2026
[runlim] status:		ok
[runlim] result:		0
[runlim] children:		1
[runlim] processes:		2
[runlim] real:			0.74 seconds
[runlim] time:			0.70 seconds
[runlim] space:			4 MB
[runlim] load:			1.27 maximum
[runlim] samples:		7
