[runlim] version:		2.0.0rc1
[runlim] host:			p06n09
[runlim] time limit:		311040000 seconds
[runlim] real time limit:	5000 seconds
[runlim] space limit:		7000 MB
[runlim] argv[0]:		./binary
[runlim] argv[1]:		-c
[runlim] argv[2]:		-s
[runlim] argv[3]:		-r
[runlim] argv[4]:		/tmp/local-unzipped-12181370-4-205-BMS_k3_n100_m429_88.cnf
[runlim] start:			Mon Mar 16 17:59:36 2026
[runlim] child:			3175946
[runlim] sample:		9.97 time, 10.01 real, 4 MB, 0.74 load
[runlim] sample:		19.94 time, 20.01 real, 4 MB, 1.01 load
[runlim] sample:		29.90 time, 30.01 real, 4 MB, 1.63 load
[runlim] sample:		39.86 time, 40.01 real, 4 MB, 2.85 load
[runlim] end:			Mon Mar 16 18:00:18 2026
[runlim] status:		ok
[runlim] result:		0
[runlim] children:		1
[runlim] processes:		2
[runlim] real:			41.13 seconds
[runlim] time:			40.95 seconds
[runlim] space:			4 MB
[runlim] load:			2.85 maximum
[runlim] samples:		411
