[runlim] version:		2.0.0rc1
[runlim] host:			m09n03
[runlim] time limit:		311040000 seconds
[runlim] real time limit:	5000 seconds
[runlim] space limit:		7000 MB
[runlim] argv[0]:		./binary
[runlim] argv[1]:		-c
[runlim] argv[2]:		-s
[runlim] argv[3]:		-r
[runlim] argv[4]:		/tmp/local-unzipped-12181370-7-387-BMS_k3_n100_m429_258.cnf
[runlim] start:			Mon Mar 16 18:01:54 2026
[runlim] child:			3215721
[runlim] sample:		9.96 time, 10.01 real, 4 MB, 1.27 load
[runlim] sample:		19.91 time, 20.01 real, 4 MB, 2.00 load
[runlim] end:			Mon Mar 16 18:02:21 2026
[runlim] status:		ok
[runlim] result:		0
[runlim] children:		1
[runlim] processes:		2
[runlim] real:			27.82 seconds
[runlim] time:			27.66 seconds
[runlim] space:			4 MB
[runlim] load:			2.48 maximum
[runlim] samples:		278
