[runlim] version:		2.0.0rc1
[runlim] host:			p03n16
[runlim] time limit:		311040000 seconds
[runlim] real time limit:	5000 seconds
[runlim] space limit:		7000 MB
[runlim] argv[0]:		./binary
[runlim] argv[1]:		-c
[runlim] argv[2]:		-s
[runlim] argv[3]:		-r
[runlim] argv[4]:		/tmp/local-unzipped-12181370-3-152-BMS_k3_n100_m429_313.cnf
[runlim] start:			Mon Mar 16 17:59:48 2026
[runlim] child:			1136757
[runlim] sample:		9.96 time, 10.01 real, 3 MB, 0.99 load
[runlim] sample:		19.90 time, 20.01 real, 3 MB, 1.68 load
[runlim] sample:		29.84 time, 30.01 real, 3 MB, 2.26 load
[runlim] sample:		39.79 time, 40.01 real, 3 MB, 3.14 load
[runlim] sample:		49.73 time, 50.01 real, 3 MB, 4.04 load
[runlim] sample:		59.66 time, 60.01 real, 3 MB, 4.73 load
[runlim] sample:		69.60 time, 70.01 real, 3 MB, 5.23 load
[runlim] sample:		79.56 time, 80.01 real, 4 MB, 5.66 load
[runlim] sample:		89.51 time, 90.01 real, 4 MB, 6.02 load
[runlim] sample:		99.47 time, 100.01 real, 4 MB, 6.17 load
[runlim] sample:		109.43 time, 110.01 real, 4 MB, 6.30 load
[runlim] sample:		119.39 time, 120.01 real, 4 MB, 6.41 load
[runlim] sample:		129.35 time, 130.01 real, 4 MB, 6.50 load
[runlim] sample:		139.31 time, 140.01 real, 4 MB, 6.58 load
[runlim] sample:		149.27 time, 150.01 real, 4 MB, 6.56 load
[runlim] sample:		159.24 time, 160.01 real, 4 MB, 6.55 load
[runlim] sample:		169.20 time, 170.01 real, 4 MB, 6.46 load
[runlim] sample:		179.17 time, 180.01 real, 4 MB, 6.39 load
[runlim] sample:		189.13 time, 190.01 real, 4 MB, 6.33 load
[runlim] sample:		199.10 time, 200.01 real, 4 MB, 6.28 load
[runlim] sample:		209.07 time, 210.01 real, 4 MB, 6.08 load
[runlim] sample:		219.04 time, 220.01 real, 4 MB, 5.92 load
[runlim] sample:		229.00 time, 230.01 real, 4 MB, 5.77 load
[runlim] sample:		238.97 time, 240.01 real, 4 MB, 5.73 load
[runlim] sample:		248.94 time, 250.01 real, 4 MB, 5.54 load
[runlim] sample:		258.91 time, 260.01 real, 4 MB, 5.30 load
[runlim] sample:		268.88 time, 270.01 real, 4 MB, 5.17 load
[runlim] sample:		278.85 time, 280.01 real, 4 MB, 4.84 load
[runlim] sample:		288.82 time, 290.01 real, 4 MB, 4.56 load
[runlim] sample:		298.79 time, 300.01 real, 4 MB, 4.39 load
[runlim] sample:		308.76 time, 310.01 real, 4 MB, 4.18 load
[runlim] sample:		318.73 time, 320.01 real, 4 MB, 3.99 load
[runlim] sample:		328.71 time, 330.01 real, 4 MB, 3.84 load
[runlim] sample:		338.68 time, 340.01 real, 4 MB, 3.71 load
[runlim] sample:		348.65 time, 350.01 real, 4 MB, 3.60 load
[runlim] sample:		358.62 time, 360.01 real, 4 MB, 3.51 load
[runlim] sample:		368.59 time, 370.01 real, 4 MB, 3.43 load
[runlim] sample:		378.56 time, 380.01 real, 4 MB, 3.36 load
[runlim] sample:		388.53 time, 390.01 real, 4 MB, 3.31 load
[runlim] sample:		398.50 time, 400.01 real, 4 MB, 3.26 load
[runlim] sample:		408.47 time, 410.01 real, 4 MB, 3.22 load
[runlim] sample:		418.44 time, 420.01 real, 4 MB, 3.18 load
[runlim] sample:		428.41 time, 430.01 real, 4 MB, 3.16 load
[runlim] sample:		438.38 time, 440.01 real, 4 MB, 3.13 load
[runlim] sample:		448.35 time, 450.01 real, 4 MB, 3.11 load
[runlim] sample:		458.33 time, 460.01 real, 4 MB, 3.09 load
[runlim] sample:		468.30 time, 470.01 real, 4 MB, 3.08 load
[runlim] sample:		478.26 time, 480.01 real, 4 MB, 2.91 load
[runlim] sample:		488.23 time, 490.01 real, 4 MB, 2.77 load
[runlim] sample:		498.20 time, 500.01 real, 4 MB, 2.73 load
[runlim] sample:		508.16 time, 510.01 real, 4 MB, 2.61 load
[runlim] sample:		518.13 time, 520.01 real, 4 MB, 2.52 load
[runlim] sample:		528.10 time, 530.01 real, 4 MB, 2.44 load
[runlim] sample:		538.06 time, 540.01 real, 4 MB, 2.37 load
[runlim] sample:		548.02 time, 550.01 real, 4 MB, 2.31 load
[runlim] sample:		557.98 time, 560.01 real, 4 MB, 2.34 load
[runlim] sample:		567.95 time, 570.01 real, 4 MB, 2.29 load
[runlim] sample:		577.92 time, 580.01 real, 4 MB, 2.24 load
[runlim] sample:		587.88 time, 590.01 real, 4 MB, 2.20 load
[runlim] sample:		597.85 time, 600.01 real, 4 MB, 2.17 load
[runlim] sample:		607.82 time, 610.01 real, 4 MB, 2.15 load
[runlim] sample:		617.78 time, 620.01 real, 4 MB, 2.12 load
[runlim] sample:		627.75 time, 630.01 real, 4 MB, 2.10 load
[runlim] sample:		637.71 time, 640.01 real, 4 MB, 2.09 load
[runlim] sample:		647.68 time, 650.01 real, 4 MB, 2.07 load
[runlim] sample:		657.65 time, 660.01 real, 4 MB, 2.06 load
[runlim] sample:		667.62 time, 670.01 real, 4 MB, 2.05 load
[runlim] sample:		677.58 time, 680.01 real, 4 MB, 2.04 load
[runlim] sample:		687.55 time, 690.01 real, 4 MB, 2.04 load
[runlim] sample:		697.52 time, 700.01 real, 4 MB, 2.03 load
[runlim] sample:		707.49 time, 710.01 real, 4 MB, 2.02 load
[runlim] sample:		717.45 time, 720.01 real, 4 MB, 2.02 load
[runlim] sample:		727.42 time, 730.01 real, 4 MB, 2.02 load
[runlim] sample:		737.39 time, 740.01 real, 4 MB, 2.01 load
[runlim] sample:		747.36 time, 750.01 real, 4 MB, 2.01 load
[runlim] sample:		757.33 time, 760.01 real, 4 MB, 2.01 load
[runlim] sample:		767.29 time, 770.01 real, 4 MB, 2.01 load
[runlim] sample:		777.26 time, 780.01 real, 4 MB, 2.01 load
[runlim] sample:		787.23 time, 790.01 real, 4 MB, 2.00 load
[runlim] sample:		797.20 time, 800.01 real, 4 MB, 2.00 load
[runlim] sample:		807.17 time, 810.01 real, 4 MB, 2.00 load
[runlim] sample:		817.14 time, 820.01 real, 4 MB, 2.00 load
[runlim] sample:		827.11 time, 830.01 real, 4 MB, 2.00 load
[runlim] sample:		837.07 time, 840.01 real, 4 MB, 2.00 load
[runlim] sample:		847.04 time, 850.01 real, 4 MB, 2.00 load
[runlim] sample:		857.01 time, 860.01 real, 4 MB, 2.00 load
[runlim] sample:		866.98 time, 870.01 real, 4 MB, 2.00 load
[runlim] sample:		876.95 time, 880.01 real, 4 MB, 2.00 load
[runlim] sample:		886.92 time, 890.01 real, 4 MB, 2.00 load
[runlim] sample:		896.88 time, 900.01 real, 4 MB, 2.00 load
[runlim] sample:		906.85 time, 910.01 real, 4 MB, 2.00 load
[runlim] sample:		916.81 time, 920.01 real, 4 MB, 2.00 load
[runlim] sample:		926.78 time, 930.01 real, 4 MB, 2.00 load
[runlim] sample:		936.75 time, 940.01 real, 4 MB, 2.00 load
[runlim] sample:		946.72 time, 950.01 real, 4 MB, 2.00 load
[runlim] sample:		956.68 time, 960.01 real, 4 MB, 2.08 load
[runlim] sample:		966.65 time, 970.01 real, 4 MB, 1.91 load
[runlim] sample:		976.62 time, 980.01 real, 4 MB, 1.77 load
[runlim] sample:		986.59 time, 990.01 real, 4 MB, 1.65 load
[runlim] sample:		996.57 time, 1000.01 real, 4 MB, 1.55 load
[runlim] sample:		1006.54 time, 1010.01 real, 4 MB, 1.47 load
[runlim] sample:		1016.51 time, 1020.01 real, 4 MB, 1.39 load
[runlim] sample:		1026.48 time, 1030.01 real, 4 MB, 1.33 load
[runlim] sample:		1036.45 time, 1040.01 real, 4 MB, 1.36 load
[runlim] sample:		1046.42 time, 1050.01 real, 4 MB, 1.31 load
[runlim] sample:		1056.39 time, 1060.01 real, 4 MB, 1.26 load
[runlim] sample:		1066.37 time, 1070.01 real, 4 MB, 1.22 load
[runlim] sample:		1076.34 time, 1080.01 real, 4 MB, 1.18 load
[runlim] sample:		1086.31 time, 1090.01 real, 4 MB, 1.16 load
[runlim] sample:		1096.28 time, 1100.01 real, 4 MB, 1.13 load
[runlim] sample:		1106.25 time, 1110.01 real, 4 MB, 1.11 load
[runlim] sample:		1116.22 time, 1120.01 real, 4 MB, 1.09 load
[runlim] sample:		1126.19 time, 1130.01 real, 4 MB, 1.08 load
[runlim] sample:		1136.17 time, 1140.01 real, 4 MB, 1.07 load
[runlim] sample:		1146.14 time, 1150.01 real, 4 MB, 1.06 load
[runlim] sample:		1156.10 time, 1160.01 real, 4 MB, 1.05 load
[runlim] sample:		1166.08 time, 1170.01 real, 4 MB, 1.04 load
[runlim] sample:		1176.05 time, 1180.01 real, 4 MB, 1.03 load
[runlim] sample:		1186.02 time, 1190.01 real, 4 MB, 1.03 load
[runlim] sample:		1195.99 time, 1200.01 real, 4 MB, 1.02 load
[runlim] sample:		1205.97 time, 1210.01 real, 4 MB, 1.02 load
[runlim] sample:		1215.94 time, 1220.01 real, 4 MB, 1.02 load
[runlim] sample:		1225.91 time, 1230.01 real, 4 MB, 1.01 load
[runlim] sample:		1235.88 time, 1240.01 real, 4 MB, 1.01 load
[runlim] sample:		1245.85 time, 1250.01 real, 4 MB, 1.01 load
[runlim] sample:		1255.82 time, 1260.01 real, 4 MB, 1.01 load
[runlim] sample:		1265.79 time, 1270.01 real, 4 MB, 1.09 load
[runlim] sample:		1275.76 time, 1280.01 real, 4 MB, 1.07 load
[runlim] sample:		1285.73 time, 1290.01 real, 4 MB, 1.06 load
[runlim] sample:		1295.70 time, 1300.01 real, 4 MB, 1.13 load
[runlim] sample:		1305.67 time, 1310.01 real, 4 MB, 1.35 load
[runlim] sample:		1315.64 time, 1320.01 real, 4 MB, 1.54 load
[runlim] sample:		1325.62 time, 1330.01 real, 4 MB, 1.61 load
[runlim] sample:		1335.59 time, 1340.01 real, 4 MB, 1.76 load
[runlim] sample:		1345.56 time, 1350.01 real, 4 MB, 1.80 load
[runlim] sample:		1355.53 time, 1360.01 real, 4 MB, 1.92 load
[runlim] sample:		1365.50 time, 1370.01 real, 4 MB, 1.86 load
[runlim] sample:		1375.47 time, 1380.01 real, 4 MB, 1.81 load
[runlim] sample:		1385.44 time, 1390.01 real, 4 MB, 2.08 load
[runlim] sample:		1395.41 time, 1400.01 real, 4 MB, 2.07 load
[runlim] sample:		1405.39 time, 1410.01 real, 4 MB, 2.14 load
[runlim] sample:		1415.36 time, 1420.01 real, 4 MB, 2.11 load
[runlim] sample:		1425.33 time, 1430.01 real, 4 MB, 2.18 load
[runlim] sample:		1435.30 time, 1440.01 real, 4 MB, 2.23 load
[runlim] sample:		1445.27 time, 1450.01 real, 4 MB, 2.19 load
[runlim] sample:		1455.24 time, 1460.01 real, 4 MB, 2.16 load
[runlim] sample:		1465.22 time, 1470.01 real, 4 MB, 2.22 load
[runlim] sample:		1475.19 time, 1480.01 real, 4 MB, 2.10 load
[runlim] sample:		1485.16 time, 1490.01 real, 4 MB, 1.93 load
[runlim] sample:		1495.13 time, 1500.01 real, 4 MB, 1.79 load
[runlim] sample:		1505.10 time, 1510.01 real, 4 MB, 1.67 load
[runlim] sample:		1515.07 time, 1520.01 real, 4 MB, 1.57 load
[runlim] sample:		1525.04 time, 1530.01 real, 4 MB, 1.48 load
[runlim] sample:		1535.01 time, 1540.01 real, 4 MB, 1.48 load
[runlim] sample:		1544.98 time, 1550.01 real, 4 MB, 1.41 load
[runlim] sample:		1554.95 time, 1560.01 real, 4 MB, 1.35 load
[runlim] sample:		1564.92 time, 1570.01 real, 4 MB, 1.29 load
[runlim] sample:		1574.89 time, 1580.01 real, 4 MB, 1.25 load
[runlim] sample:		1584.87 time, 1590.01 real, 4 MB, 1.21 load
[runlim] sample:		1594.84 time, 1600.01 real, 4 MB, 1.18 load
[runlim] sample:		1604.81 time, 1610.01 real, 4 MB, 1.15 load
[runlim] sample:		1614.78 time, 1620.01 real, 4 MB, 1.12 load
[runlim] sample:		1624.75 time, 1630.01 real, 4 MB, 1.10 load
[runlim] sample:		1634.72 time, 1640.01 real, 4 MB, 1.09 load
[runlim] sample:		1644.69 time, 1650.01 real, 4 MB, 1.07 load
[runlim] sample:		1654.67 time, 1660.01 real, 4 MB, 1.06 load
[runlim] sample:		1664.64 time, 1670.01 real, 4 MB, 1.05 load
[runlim] sample:		1674.61 time, 1680.01 real, 4 MB, 1.04 load
[runlim] sample:		1684.58 time, 1690.01 real, 4 MB, 1.04 load
[runlim] sample:		1694.55 time, 1700.01 real, 4 MB, 1.03 load
[runlim] sample:		1704.52 time, 1710.01 real, 4 MB, 1.03 load
[runlim] sample:		1714.49 time, 1720.01 real, 4 MB, 1.02 load
[runlim] sample:		1724.46 time, 1730.01 real, 4 MB, 1.02 load
[runlim] sample:		1734.44 time, 1740.01 real, 4 MB, 1.01 load
[runlim] sample:		1744.41 time, 1750.01 real, 4 MB, 1.01 load
[runlim] sample:		1754.37 time, 1760.01 real, 4 MB, 1.01 load
[runlim] sample:		1764.35 time, 1770.01 real, 4 MB, 1.09 load
[runlim] sample:		1774.32 time, 1780.01 real, 4 MB, 1.07 load
[runlim] sample:		1784.29 time, 1790.01 real, 4 MB, 1.06 load
[runlim] sample:		1794.26 time, 1800.01 real, 4 MB, 1.05 load
[runlim] sample:		1804.23 time, 1810.01 real, 4 MB, 1.04 load
[runlim] sample:		1814.20 time, 1820.01 real, 4 MB, 1.04 load
[runlim] sample:		1824.17 time, 1830.01 real, 4 MB, 1.11 load
[runlim] sample:		1834.14 time, 1840.01 real, 4 MB, 1.09 load
[runlim] sample:		1844.11 time, 1850.01 real, 4 MB, 1.08 load
[runlim] sample:		1854.08 time, 1860.01 real, 4 MB, 1.07 load
[runlim] sample:		1864.05 time, 1870.01 real, 4 MB, 1.06 load
[runlim] sample:		1874.02 time, 1880.01 real, 4 MB, 1.12 load
[runlim] sample:		1883.99 time, 1890.01 real, 4 MB, 1.18 load
[runlim] sample:		1893.96 time, 1900.01 real, 4 MB, 1.15 load
[runlim] sample:		1903.93 time, 1910.01 real, 4 MB, 1.13 load
[runlim] sample:		1913.90 time, 1920.01 real, 4 MB, 1.11 load
[runlim] sample:		1923.88 time, 1930.01 real, 4 MB, 1.09 load
[runlim] sample:		1933.85 time, 1940.01 real, 4 MB, 1.08 load
[runlim] sample:		1943.82 time, 1950.01 real, 4 MB, 1.15 load
[runlim] sample:		1953.79 time, 1960.01 real, 4 MB, 1.12 load
[runlim] sample:		1963.76 time, 1970.01 real, 4 MB, 1.10 load
[runlim] sample:		1973.73 time, 1980.01 real, 4 MB, 1.09 load
[runlim] sample:		1983.70 time, 1990.01 real, 4 MB, 1.07 load
[runlim] sample:		1993.67 time, 2000.01 real, 4 MB, 1.06 load
[runlim] sample:		2003.64 time, 2010.01 real, 4 MB, 1.13 load
[runlim] sample:		2013.62 time, 2020.01 real, 4 MB, 1.11 load
[runlim] sample:		2023.59 time, 2030.01 real, 4 MB, 1.09 load
[runlim] sample:		2033.56 time, 2040.01 real, 4 MB, 1.08 load
[runlim] sample:		2043.53 time, 2050.01 real, 4 MB, 1.07 load
[runlim] sample:		2053.50 time, 2060.01 real, 4 MB, 1.13 load
[runlim] sample:		2063.47 time, 2070.01 real, 4 MB, 1.19 load
[runlim] sample:		2073.44 time, 2080.01 real, 4 MB, 1.16 load
[runlim] sample:		2083.41 time, 2090.01 real, 4 MB, 1.13 load
[runlim] sample:		2093.38 time, 2100.01 real, 4 MB, 1.11 load
[runlim] sample:		2103.36 time, 2110.01 real, 4 MB, 1.10 load
[runlim] sample:		2113.32 time, 2120.01 real, 4 MB, 1.08 load
[runlim] sample:		2123.30 time, 2130.01 real, 4 MB, 1.07 load
[runlim] sample:		2133.27 time, 2140.01 real, 4 MB, 1.14 load
[runlim] sample:		2143.24 time, 2150.01 real, 4 MB, 1.12 load
[runlim] sample:		2153.21 time, 2160.01 real, 4 MB, 1.10 load
[runlim] sample:		2163.18 time, 2170.01 real, 4 MB, 1.16 load
[runlim] sample:		2173.15 time, 2180.01 real, 4 MB, 1.13 load
[runlim] sample:		2183.13 time, 2190.01 real, 4 MB, 1.11 load
[runlim] sample:		2193.09 time, 2200.01 real, 4 MB, 1.09 load
[runlim] sample:		2203.06 time, 2210.01 real, 4 MB, 1.08 load
[runlim] sample:		2213.04 time, 2220.01 real, 4 MB, 1.07 load
[runlim] sample:		2223.01 time, 2230.01 real, 4 MB, 1.06 load
[runlim] sample:		2232.98 time, 2240.01 real, 4 MB, 1.05 load
[runlim] sample:		2242.95 time, 2250.01 real, 4 MB, 1.04 load
[runlim] sample:		2252.92 time, 2260.01 real, 4 MB, 1.03 load
[runlim] sample:		2262.89 time, 2270.01 real, 4 MB, 1.03 load
[runlim] sample:		2272.86 time, 2280.01 real, 4 MB, 1.10 load
[runlim] sample:		2282.83 time, 2290.01 real, 4 MB, 1.09 load
[runlim] sample:		2292.80 time, 2300.01 real, 4 MB, 1.07 load
[runlim] sample:		2302.77 time, 2310.01 real, 4 MB, 1.06 load
[runlim] sample:		2312.74 time, 2320.01 real, 4 MB, 1.05 load
[runlim] sample:		2322.71 time, 2330.01 real, 4 MB, 1.04 load
[runlim] sample:		2332.68 time, 2340.01 real, 4 MB, 1.12 load
[runlim] sample:		2342.65 time, 2350.01 real, 4 MB, 1.10 load
[runlim] sample:		2352.62 time, 2360.01 real, 4 MB, 1.08 load
[runlim] sample:		2362.59 time, 2370.01 real, 4 MB, 1.07 load
[runlim] sample:		2372.56 time, 2380.01 real, 4 MB, 1.06 load
[runlim] sample:		2382.53 time, 2390.01 real, 4 MB, 1.05 load
[runlim] sample:		2392.50 time, 2400.01 real, 4 MB, 1.12 load
[runlim] sample:		2402.47 time, 2410.01 real, 4 MB, 1.10 load
[runlim] sample:		2412.44 time, 2420.01 real, 4 MB, 1.09 load
[runlim] sample:		2422.41 time, 2430.01 real, 4 MB, 1.07 load
[runlim] sample:		2432.38 time, 2440.01 real, 4 MB, 1.06 load
[runlim] sample:		2442.35 time, 2450.01 real, 4 MB, 1.05 load
[runlim] sample:		2452.32 time, 2460.01 real, 4 MB, 1.12 load
[runlim] sample:		2462.29 time, 2470.01 real, 4 MB, 1.10 load
[runlim] sample:		2472.26 time, 2480.01 real, 4 MB, 1.09 load
[runlim] sample:		2482.23 time, 2490.01 real, 4 MB, 1.23 load
[runlim] sample:		2492.20 time, 2500.01 real, 4 MB, 1.19 load
[runlim] sample:		2502.17 time, 2510.01 real, 4 MB, 1.16 load
[runlim] sample:		2512.14 time, 2520.01 real, 4 MB, 1.14 load
[runlim] sample:		2522.12 time, 2530.01 real, 4 MB, 1.12 load
[runlim] sample:		2532.08 time, 2540.01 real, 4 MB, 1.18 load
[runlim] sample:		2542.05 time, 2550.01 real, 4 MB, 1.15 load
[runlim] sample:		2552.02 time, 2560.01 real, 4 MB, 1.13 load
[runlim] sample:		2562.00 time, 2570.01 real, 4 MB, 1.11 load
[runlim] sample:		2571.97 time, 2580.01 real, 4 MB, 1.09 load
[runlim] sample:		2581.94 time, 2590.01 real, 4 MB, 1.08 load
[runlim] sample:		2591.91 time, 2600.01 real, 4 MB, 1.14 load
[runlim] sample:		2601.88 time, 2610.01 real, 4 MB, 1.12 load
[runlim] sample:		2611.85 time, 2620.01 real, 4 MB, 1.10 load
[runlim] sample:		2621.82 time, 2630.01 real, 4 MB, 1.09 load
[runlim] sample:		2631.80 time, 2640.01 real, 4 MB, 1.07 load
[runlim] sample:		2641.77 time, 2650.01 real, 4 MB, 1.06 load
[runlim] sample:		2651.73 time, 2660.01 real, 4 MB, 1.13 load
[runlim] sample:		2661.71 time, 2670.01 real, 4 MB, 1.11 load
[runlim] sample:		2671.68 time, 2680.01 real, 4 MB, 1.09 load
[runlim] sample:		2681.65 time, 2690.01 real, 4 MB, 1.08 load
[runlim] sample:		2691.62 time, 2700.01 real, 4 MB, 1.07 load
[runlim] sample:		2701.59 time, 2710.01 real, 4 MB, 1.06 load
[runlim] sample:		2711.56 time, 2720.01 real, 4 MB, 1.05 load
[runlim] sample:		2721.53 time, 2730.01 real, 4 MB, 1.04 load
[runlim] sample:		2731.50 time, 2740.01 real, 4 MB, 1.03 load
[runlim] sample:		2741.47 time, 2750.01 real, 4 MB, 1.03 load
[runlim] sample:		2751.44 time, 2760.01 real, 4 MB, 1.18 load
[runlim] sample:		2761.41 time, 2770.01 real, 4 MB, 1.15 load
[runlim] sample:		2771.38 time, 2780.01 real, 4 MB, 1.13 load
[runlim] sample:		2781.35 time, 2790.01 real, 4 MB, 1.11 load
[runlim] sample:		2791.32 time, 2800.01 real, 4 MB, 1.17 load
[runlim] sample:		2801.29 time, 2810.01 real, 4 MB, 1.15 load
[runlim] sample:		2811.26 time, 2820.01 real, 4 MB, 1.12 load
[runlim] sample:		2821.23 time, 2830.01 real, 4 MB, 1.10 load
[runlim] sample:		2831.20 time, 2840.01 real, 4 MB, 1.09 load
[runlim] sample:		2841.18 time, 2850.01 real, 4 MB, 1.07 load
[runlim] sample:		2851.14 time, 2860.01 real, 4 MB, 1.14 load
[runlim] sample:		2861.11 time, 2870.01 real, 4 MB, 1.12 load
[runlim] sample:		2871.09 time, 2880.01 real, 4 MB, 1.10 load
[runlim] sample:		2881.06 time, 2890.01 real, 4 MB, 1.08 load
[runlim] sample:		2891.03 time, 2900.01 real, 4 MB, 1.07 load
[runlim] sample:		2901.00 time, 2910.01 real, 4 MB, 1.06 load
[runlim] sample:		2910.97 time, 2920.01 real, 4 MB, 1.05 load
[runlim] sample:		2920.94 time, 2930.01 real, 4 MB, 1.04 load
[runlim] sample:		2930.91 time, 2940.01 real, 4 MB, 1.12 load
[runlim] sample:		2940.88 time, 2950.01 real, 4 MB, 1.10 load
[runlim] sample:		2950.85 time, 2960.01 real, 4 MB, 1.08 load
[runlim] sample:		2960.82 time, 2970.01 real, 4 MB, 1.07 load
[runlim] sample:		2970.80 time, 2980.01 real, 4 MB, 1.06 load
[runlim] sample:		2980.77 time, 2990.01 real, 4 MB, 1.05 load
[runlim] sample:		2990.74 time, 3000.01 real, 4 MB, 1.04 load
[runlim] sample:		3000.71 time, 3010.01 real, 4 MB, 1.03 load
[runlim] sample:		3010.68 time, 3020.01 real, 4 MB, 1.03 load
[runlim] sample:		3020.65 time, 3030.01 real, 4 MB, 1.02 load
[runlim] sample:		3030.62 time, 3040.01 real, 4 MB, 1.02 load
[runlim] sample:		3040.59 time, 3050.01 real, 4 MB, 1.02 load
[runlim] sample:		3050.56 time, 3060.01 real, 4 MB, 1.01 load
[runlim] sample:		3060.53 time, 3070.01 real, 4 MB, 1.01 load
[runlim] sample:		3070.50 time, 3080.01 real, 4 MB, 1.08 load
[runlim] sample:		3080.47 time, 3090.01 real, 4 MB, 1.07 load
[runlim] sample:		3090.45 time, 3100.01 real, 4 MB, 1.06 load
[runlim] sample:		3100.42 time, 3110.01 real, 4 MB, 1.05 load
[runlim] sample:		3110.39 time, 3120.01 real, 4 MB, 1.04 load
[runlim] sample:		3120.36 time, 3130.01 real, 4 MB, 1.03 load
[runlim] sample:		3130.33 time, 3140.01 real, 4 MB, 1.11 load
[runlim] sample:		3140.30 time, 3150.01 real, 4 MB, 1.09 load
[runlim] sample:		3150.27 time, 3160.01 real, 4 MB, 1.08 load
[runlim] sample:		3160.25 time, 3170.01 real, 4 MB, 1.06 load
[runlim] sample:		3170.22 time, 3180.01 real, 4 MB, 1.05 load
[runlim] sample:		3180.19 time, 3190.01 real, 4 MB, 1.05 load
[runlim] sample:		3190.16 time, 3200.01 real, 4 MB, 1.04 load
[runlim] sample:		3200.13 time, 3210.01 real, 4 MB, 1.03 load
[runlim] sample:		3210.10 time, 3220.01 real, 4 MB, 1.03 load
[runlim] sample:		3220.07 time, 3230.01 real, 4 MB, 1.02 load
[runlim] sample:		3230.05 time, 3240.01 real, 4 MB, 1.02 load
[runlim] sample:		3240.02 time, 3250.01 real, 4 MB, 1.02 load
[runlim] sample:		3249.99 time, 3260.01 real, 4 MB, 1.01 load
[runlim] sample:		3259.96 time, 3270.01 real, 4 MB, 1.01 load
[runlim] sample:		3269.93 time, 3280.01 real, 4 MB, 1.01 load
[runlim] sample:		3279.90 time, 3290.01 real, 4 MB, 1.09 load
[runlim] sample:		3289.87 time, 3300.01 real, 4 MB, 1.07 load
[runlim] sample:		3299.85 time, 3310.01 real, 4 MB, 1.06 load
[runlim] sample:		3309.82 time, 3320.01 real, 4 MB, 1.05 load
[runlim] sample:		3319.79 time, 3330.01 real, 4 MB, 1.04 load
[runlim] sample:		3329.76 time, 3340.01 real, 4 MB, 1.12 load
[runlim] sample:		3339.73 time, 3350.01 real, 4 MB, 1.10 load
[runlim] sample:		3349.70 time, 3360.01 real, 4 MB, 1.08 load
[runlim] sample:		3359.67 time, 3370.01 real, 4 MB, 1.07 load
[runlim] sample:		3369.64 time, 3380.01 real, 4 MB, 1.06 load
[runlim] sample:		3379.61 time, 3390.01 real, 4 MB, 1.05 load
[runlim] sample:		3389.58 time, 3400.01 real, 4 MB, 1.12 load
[runlim] sample:		3399.55 time, 3410.01 real, 4 MB, 1.10 load
[runlim] sample:		3409.52 time, 3420.01 real, 4 MB, 1.09 load
[runlim] sample:		3419.50 time, 3430.01 real, 4 MB, 1.07 load
[runlim] sample:		3429.46 time, 3440.01 real, 4 MB, 1.06 load
[runlim] sample:		3439.44 time, 3450.01 real, 4 MB, 1.12 load
[runlim] sample:		3449.40 time, 3460.01 real, 4 MB, 1.19 load
[runlim] sample:		3459.37 time, 3470.01 real, 4 MB, 1.16 load
[runlim] sample:		3469.34 time, 3480.01 real, 4 MB, 1.13 load
[runlim] sample:		3479.31 time, 3490.01 real, 4 MB, 1.11 load
[runlim] sample:		3489.28 time, 3500.01 real, 4 MB, 1.09 load
[runlim] sample:		3499.26 time, 3510.01 real, 4 MB, 1.08 load
[runlim] sample:		3509.23 time, 3520.01 real, 4 MB, 1.07 load
[runlim] sample:		3519.20 time, 3530.01 real, 4 MB, 1.06 load
[runlim] sample:		3529.17 time, 3540.01 real, 4 MB, 1.05 load
[runlim] sample:		3539.14 time, 3550.01 real, 4 MB, 1.04 load
[runlim] sample:		3549.11 time, 3560.01 real, 4 MB, 1.03 load
[runlim] sample:		3559.08 time, 3570.01 real, 4 MB, 1.03 load
[runlim] sample:		3569.05 time, 3580.01 real, 4 MB, 1.02 load
[runlim] sample:		3579.02 time, 3590.01 real, 4 MB, 1.02 load
[runlim] sample:		3588.99 time, 3600.01 real, 4 MB, 1.02 load
[runlim] sample:		3598.96 time, 3610.01 real, 4 MB, 1.01 load
[runlim] sample:		3608.93 time, 3620.01 real, 4 MB, 1.01 load
[runlim] sample:		3618.90 time, 3630.01 real, 4 MB, 1.01 load
[runlim] sample:		3628.87 time, 3640.01 real, 4 MB, 1.01 load
[runlim] sample:		3638.84 time, 3650.01 real, 4 MB, 1.00 load
[runlim] sample:		3648.80 time, 3660.01 real, 4 MB, 1.00 load
[runlim] sample:		3658.77 time, 3670.01 real, 4 MB, 1.00 load
[runlim] sample:		3668.74 time, 3680.01 real, 4 MB, 1.00 load
[runlim] sample:		3678.71 time, 3690.01 real, 4 MB, 1.00 load
[runlim] sample:		3688.68 time, 3700.01 real, 4 MB, 1.00 load
[runlim] sample:		3698.65 time, 3710.01 real, 4 MB, 1.00 load
[runlim] sample:		3708.62 time, 3720.01 real, 4 MB, 1.00 load
[runlim] sample:		3718.59 time, 3730.01 real, 4 MB, 1.00 load
[runlim] sample:		3728.57 time, 3740.01 real, 4 MB, 1.00 load
[runlim] sample:		3738.54 time, 3750.01 real, 4 MB, 1.00 load
[runlim] sample:		3748.51 time, 3760.01 real, 4 MB, 1.00 load
[runlim] sample:		3758.48 time, 3770.01 real, 4 MB, 1.00 load
[runlim] sample:		3768.44 time, 3780.01 real, 4 MB, 1.08 load
[runlim] sample:		3778.41 time, 3790.01 real, 4 MB, 1.07 load
[runlim] sample:		3788.38 time, 3800.01 real, 4 MB, 1.06 load
[runlim] sample:		3798.35 time, 3810.01 real, 4 MB, 1.05 load
[runlim] sample:		3808.32 time, 3820.01 real, 4 MB, 1.04 load
[runlim] sample:		3818.29 time, 3830.01 real, 4 MB, 1.03 load
[runlim] sample:		3828.26 time, 3840.01 real, 4 MB, 1.11 load
[runlim] sample:		3838.23 time, 3850.01 real, 4 MB, 1.09 load
[runlim] sample:		3848.20 time, 3860.01 real, 4 MB, 1.08 load
[runlim] sample:		3858.17 time, 3870.01 real, 4 MB, 1.14 load
[runlim] sample:		3868.14 time, 3880.01 real, 4 MB, 1.12 load
[runlim] sample:		3878.11 time, 3890.01 real, 4 MB, 1.10 load
[runlim] sample:		3888.08 time, 3900.01 real, 4 MB, 1.17 load
[runlim] sample:		3898.05 time, 3910.01 real, 4 MB, 1.14 load
[runlim] sample:		3908.02 time, 3920.01 real, 4 MB, 1.12 load
[runlim] sample:		3917.99 time, 3930.01 real, 4 MB, 1.10 load
[runlim] sample:		3927.96 time, 3940.01 real, 4 MB, 1.08 load
[runlim] sample:		3937.93 time, 3950.01 real, 4 MB, 1.07 load
[runlim] sample:		3947.90 time, 3960.01 real, 4 MB, 1.14 load
[runlim] sample:		3957.87 time, 3970.01 real, 4 MB, 1.12 load
[runlim] sample:		3967.84 time, 3980.01 real, 4 MB, 1.10 load
[runlim] sample:		3977.81 time, 3990.01 real, 4 MB, 1.08 load
[runlim] sample:		3987.78 time, 4000.01 real, 4 MB, 1.07 load
[runlim] sample:		3997.75 time, 4010.01 real, 4 MB, 1.06 load
[runlim] sample:		4007.72 time, 4020.01 real, 4 MB, 1.05 load
[runlim] sample:		4017.69 time, 4030.01 real, 4 MB, 1.04 load
[runlim] sample:		4027.66 time, 4040.01 real, 4 MB, 1.04 load
[runlim] sample:		4037.63 time, 4050.01 real, 4 MB, 1.03 load
[runlim] sample:		4047.60 time, 4060.01 real, 4 MB, 1.02 load
[runlim] sample:		4057.57 time, 4070.01 real, 4 MB, 1.02 load
[runlim] sample:		4067.54 time, 4080.01 real, 4 MB, 1.02 load
[runlim] sample:		4077.51 time, 4090.01 real, 4 MB, 1.01 load
[runlim] sample:		4087.48 time, 4100.01 real, 4 MB, 1.09 load
[runlim] sample:		4097.45 time, 4110.01 real, 4 MB, 1.08 load
[runlim] sample:		4107.42 time, 4120.01 real, 4 MB, 1.06 load
[runlim] sample:		4117.39 time, 4130.01 real, 4 MB, 1.05 load
[runlim] sample:		4127.36 time, 4140.01 real, 4 MB, 1.05 load
[runlim] sample:		4137.33 time, 4150.01 real, 4 MB, 1.04 load
[runlim] sample:		4147.29 time, 4160.01 real, 4 MB, 1.11 load
[runlim] sample:		4157.26 time, 4170.01 real, 4 MB, 1.10 load
[runlim] sample:		4167.24 time, 4180.01 real, 4 MB, 1.08 load
[runlim] sample:		4177.21 time, 4190.01 real, 4 MB, 1.07 load
[runlim] sample:		4187.18 time, 4200.01 real, 4 MB, 1.06 load
[runlim] sample:		4197.15 time, 4210.01 real, 4 MB, 1.05 load
[runlim] sample:		4207.12 time, 4220.01 real, 4 MB, 1.04 load
[runlim] sample:		4217.09 time, 4230.01 real, 4 MB, 1.03 load
[runlim] sample:		4227.06 time, 4240.01 real, 4 MB, 1.03 load
[runlim] sample:		4237.03 time, 4250.01 real, 4 MB, 1.02 load
[runlim] sample:		4247.00 time, 4260.01 real, 4 MB, 1.02 load
[runlim] sample:		4256.97 time, 4270.01 real, 4 MB, 1.02 load
[runlim] sample:		4266.94 time, 4280.01 real, 4 MB, 1.01 load
[runlim] sample:		4276.91 time, 4290.01 real, 4 MB, 1.01 load
[runlim] sample:		4286.87 time, 4300.01 real, 4 MB, 1.16 load
[runlim] sample:		4296.85 time, 4310.01 real, 4 MB, 1.13 load
[runlim] sample:		4306.82 time, 4320.01 real, 4 MB, 1.11 load
[runlim] sample:		4316.79 time, 4330.01 real, 4 MB, 1.09 load
[runlim] sample:		4326.76 time, 4340.01 real, 4 MB, 1.08 load
[runlim] sample:		4336.73 time, 4350.01 real, 4 MB, 1.07 load
[runlim] sample:		4346.69 time, 4360.01 real, 4 MB, 1.06 load
[runlim] sample:		4356.66 time, 4370.01 real, 4 MB, 1.05 load
[runlim] sample:		4366.63 time, 4380.01 real, 4 MB, 1.04 load
[runlim] sample:		4376.60 time, 4390.01 real, 4 MB, 1.03 load
[runlim] sample:		4386.57 time, 4400.01 real, 4 MB, 1.03 load
[runlim] sample:		4396.54 time, 4410.01 real, 4 MB, 1.02 load
[runlim] sample:		4406.51 time, 4420.01 real, 4 MB, 1.02 load
[runlim] sample:		4416.48 time, 4430.01 real, 4 MB, 1.02 load
[runlim] sample:		4426.45 time, 4440.01 real, 4 MB, 1.01 load
[runlim] sample:		4436.42 time, 4450.01 real, 4 MB, 1.01 load
[runlim] sample:		4446.38 time, 4460.01 real, 4 MB, 1.01 load
[runlim] sample:		4456.35 time, 4470.01 real, 4 MB, 1.01 load
[runlim] sample:		4466.32 time, 4480.01 real, 4 MB, 1.00 load
[runlim] sample:		4476.29 time, 4490.01 real, 4 MB, 1.00 load
[runlim] sample:		4486.26 time, 4500.01 real, 4 MB, 1.00 load
[runlim] sample:		4496.23 time, 4510.01 real, 4 MB, 1.08 load
[runlim] sample:		4506.20 time, 4520.01 real, 4 MB, 1.06 load
[runlim] sample:		4516.16 time, 4530.01 real, 4 MB, 1.05 load
[runlim] sample:		4526.13 time, 4540.01 real, 4 MB, 1.04 load
[runlim] sample:		4536.10 time, 4550.01 real, 4 MB, 1.04 load
[runlim] sample:		4546.06 time, 4560.01 real, 4 MB, 1.03 load
[runlim] sample:		4556.04 time, 4570.01 real, 4 MB, 1.03 load
[runlim] sample:		4566.01 time, 4580.01 real, 4 MB, 1.02 load
[runlim] sample:		4575.98 time, 4590.01 real, 4 MB, 1.10 load
[runlim] sample:		4585.95 time, 4600.01 real, 4 MB, 1.08 load
[runlim] sample:		4595.92 time, 4610.01 real, 4 MB, 1.07 load
[runlim] sample:		4605.89 time, 4620.01 real, 4 MB, 1.06 load
[runlim] sample:		4615.86 time, 4630.01 real, 4 MB, 1.05 load
[runlim] sample:		4625.82 time, 4640.01 real, 4 MB, 1.04 load
[runlim] sample:		4635.79 time, 4650.01 real, 4 MB, 1.03 load
[runlim] sample:		4645.76 time, 4660.01 real, 4 MB, 1.03 load
[runlim] sample:		4655.73 time, 4670.01 real, 4 MB, 1.02 load
[runlim] sample:		4665.70 time, 4680.01 real, 4 MB, 1.02 load
[runlim] sample:		4675.67 time, 4690.01 real, 4 MB, 1.02 load
[runlim] sample:		4685.63 time, 4700.01 real, 4 MB, 1.01 load
[runlim] sample:		4695.60 time, 4710.01 real, 4 MB, 1.01 load
[runlim] sample:		4705.58 time, 4720.01 real, 4 MB, 1.01 load
[runlim] sample:		4715.54 time, 4730.01 real, 4 MB, 1.08 load
[runlim] sample:		4725.51 time, 4740.01 real, 4 MB, 1.07 load
[runlim] sample:		4735.48 time, 4750.01 real, 4 MB, 1.06 load
[runlim] sample:		4745.45 time, 4760.01 real, 4 MB, 1.05 load
[runlim] sample:		4755.42 time, 4770.01 real, 4 MB, 1.04 load
[runlim] sample:		4765.39 time, 4780.01 real, 4 MB, 1.19 load
[runlim] sample:		4775.36 time, 4790.01 real, 4 MB, 1.16 load
[runlim] sample:		4785.33 time, 4800.01 real, 4 MB, 1.14 load
[runlim] sample:		4795.30 time, 4810.01 real, 4 MB, 1.12 load
[runlim] sample:		4805.27 time, 4820.01 real, 4 MB, 1.10 load
[runlim] sample:		4815.23 time, 4830.01 real, 4 MB, 1.08 load
[runlim] sample:		4825.20 time, 4840.01 real, 4 MB, 1.07 load
[runlim] sample:		4835.17 time, 4850.01 real, 4 MB, 1.13 load
[runlim] sample:		4845.14 time, 4860.01 real, 4 MB, 1.11 load
[runlim] sample:		4855.11 time, 4870.01 real, 4 MB, 1.09 load
[runlim] sample:		4865.08 time, 4880.01 real, 4 MB, 1.08 load
[runlim] sample:		4875.05 time, 4890.01 real, 4 MB, 1.07 load
[runlim] sample:		4885.02 time, 4900.01 real, 4 MB, 1.06 load
[runlim] sample:		4894.98 time, 4910.01 real, 4 MB, 1.12 load
[runlim] sample:		4904.95 time, 4920.01 real, 4 MB, 1.10 load
[runlim] sample:		4914.92 time, 4930.01 real, 4 MB, 1.09 load
[runlim] sample:		4924.89 time, 4940.01 real, 4 MB, 1.07 load
[runlim] sample:		4934.86 time, 4950.01 real, 4 MB, 1.06 load
[runlim] sample:		4944.83 time, 4960.01 real, 4 MB, 1.05 load
[runlim] sample:		4954.80 time, 4970.01 real, 4 MB, 1.20 load
[runlim] sample:		4964.77 time, 4980.01 real, 4 MB, 1.17 load
[runlim] sample:		4974.74 time, 4990.01 real, 4 MB, 1.14 load
[runlim] sample:		4984.71 time, 5000.01 real, 4 MB, 1.12 load
[runlim] end:			Mon Mar 16 19:23:08 2026
[runlim] status:		out of time
[runlim] result:		2
[runlim] children:		1
[runlim] processes:		2
[runlim] real:			5000.05 seconds
[runlim] time:			4984.71 seconds
[runlim] space:			4 MB
[runlim] load:			6.61 maximum
[runlim] samples:		50000
