[runlim] version:		2.0.0rc1
[runlim] host:			p01n12
[runlim] time limit:		311040000 seconds
[runlim] real time limit:	5000 seconds
[runlim] space limit:		7000 MB
[runlim] argv[0]:		./binary
[runlim] argv[1]:		-c
[runlim] argv[2]:		-s
[runlim] argv[3]:		-f
[runlim] argv[4]:		/tmp/local-unzipped-12158367-7-414-BMS_k3_n100_m429_440.cnf
[runlim] start:			Sun Mar 15 00:28:08 2026
[runlim] child:			2650177
[runlim] sample:		9.96 time, 10.01 real, 4 MB, 5.54 load
[runlim] sample:		19.90 time, 20.01 real, 4 MB, 6.77 load
[runlim] sample:		29.86 time, 30.01 real, 4 MB, 8.42 load
[runlim] sample:		39.81 time, 40.01 real, 4 MB, 9.66 load
[runlim] sample:		49.77 time, 50.01 real, 4 MB, 10.48 load
[runlim] sample:		59.72 time, 60.01 real, 4 MB, 11.32 load
[runlim] sample:		69.68 time, 70.01 real, 4 MB, 11.81 load
[runlim] end:			Sun Mar 15 00:29:24 2026
[runlim] status:		ok
[runlim] result:		0
[runlim] children:		1
[runlim] processes:		2
[runlim] real:			75.46 seconds
[runlim] time:			75.05 seconds
[runlim] space:			4 MB
[runlim] load:			11.98 maximum
[runlim] samples:		754
