[runlim] version:		2.0.0rc1
[runlim] host:			p05n22
[runlim] time limit:		311040000 seconds
[runlim] real time limit:	5000 seconds
[runlim] space limit:		7000 MB
[runlim] argv[0]:		./binary
[runlim] argv[1]:		-c
[runlim] argv[2]:		-s
[runlim] argv[3]:		-f
[runlim] argv[4]:		/tmp/local-unzipped-12158367-3-180-BMS_k3_n100_m429_28.cnf
[runlim] start:			Sun Mar 15 00:07:17 2026
[runlim] child:			1613495
[runlim] sample:		9.96 time, 10.01 real, 3 MB, 4.95 load
[runlim] sample:		19.91 time, 20.01 real, 3 MB, 6.10 load
[runlim] sample:		29.87 time, 30.01 real, 3 MB, 6.55 load
[runlim] sample:		39.83 time, 40.01 real, 3 MB, 6.93 load
[runlim] sample:		49.79 time, 50.01 real, 3 MB, 7.32 load
[runlim] sample:		59.74 time, 60.01 real, 3 MB, 7.58 load
[runlim] sample:		69.70 time, 70.01 real, 3 MB, 7.72 load
[runlim] sample:		79.66 time, 80.01 real, 3 MB, 7.76 load
[runlim] sample:		89.61 time, 90.01 real, 3 MB, 7.80 load
[runlim] sample:		99.57 time, 100.01 real, 3 MB, 7.83 load
[runlim] sample:		109.53 time, 110.01 real, 3 MB, 7.86 load
[runlim] sample:		119.48 time, 120.01 real, 3 MB, 7.88 load
[runlim] sample:		129.44 time, 130.01 real, 3 MB, 7.90 load
[runlim] sample:		139.40 time, 140.01 real, 3 MB, 7.91 load
[runlim] sample:		149.35 time, 150.01 real, 3 MB, 7.93 load
[runlim] sample:		159.31 time, 160.01 real, 3 MB, 8.02 load
[runlim] sample:		169.26 time, 170.01 real, 3 MB, 8.39 load
[runlim] sample:		179.22 time, 180.01 real, 3 MB, 8.56 load
[runlim] sample:		189.18 time, 190.01 real, 3 MB, 8.63 load
[runlim] sample:		199.13 time, 200.01 real, 3 MB, 8.69 load
[runlim] sample:		209.09 time, 210.01 real, 3 MB, 8.74 load
[runlim] sample:		219.04 time, 220.01 real, 3 MB, 8.78 load
[runlim] sample:		229.00 time, 230.01 real, 3 MB, 8.89 load
[runlim] sample:		238.96 time, 240.01 real, 3 MB, 8.91 load
[runlim] sample:		248.91 time, 250.01 real, 3 MB, 9.00 load
[runlim] sample:		258.87 time, 260.01 real, 3 MB, 8.70 load
[runlim] sample:		268.82 time, 270.01 real, 3 MB, 8.43 load
[runlim] sample:		278.78 time, 280.01 real, 3 MB, 8.21 load
[runlim] sample:		288.74 time, 290.01 real, 3 MB, 8.03 load
[runlim] sample:		298.70 time, 300.01 real, 3 MB, 7.87 load
[runlim] sample:		308.66 time, 310.01 real, 3 MB, 7.73 load
[runlim] sample:		318.62 time, 320.01 real, 3 MB, 7.62 load
[runlim] sample:		328.58 time, 330.01 real, 3 MB, 7.53 load
[runlim] sample:		338.53 time, 340.01 real, 3 MB, 7.44 load
[runlim] sample:		348.49 time, 350.01 real, 3 MB, 7.38 load
[runlim] sample:		358.46 time, 360.01 real, 3 MB, 7.32 load
[runlim] sample:		368.41 time, 370.01 real, 3 MB, 7.27 load
[runlim] sample:		378.37 time, 380.01 real, 3 MB, 7.23 load
[runlim] sample:		388.33 time, 390.01 real, 3 MB, 7.19 load
[runlim] sample:		398.29 time, 400.01 real, 3 MB, 7.16 load
[runlim] sample:		408.25 time, 410.01 real, 3 MB, 7.14 load
[runlim] sample:		418.21 time, 420.01 real, 3 MB, 7.11 load
[runlim] sample:		428.17 time, 430.01 real, 3 MB, 7.10 load
[runlim] sample:		438.13 time, 440.01 real, 3 MB, 7.08 load
[runlim] sample:		448.09 time, 450.01 real, 3 MB, 7.07 load
[runlim] sample:		458.06 time, 460.01 real, 3 MB, 6.98 load
[runlim] sample:		468.02 time, 470.01 real, 3 MB, 6.83 load
[runlim] sample:		477.99 time, 480.01 real, 3 MB, 6.70 load
[runlim] sample:		487.95 time, 490.01 real, 3 MB, 6.51 load
[runlim] sample:		497.92 time, 500.01 real, 3 MB, 6.28 load
[runlim] sample:		507.88 time, 510.01 real, 3 MB, 6.16 load
[runlim] sample:		517.85 time, 520.01 real, 3 MB, 5.98 load
[runlim] sample:		527.81 time, 530.01 real, 3 MB, 5.83 load
[runlim] sample:		537.78 time, 540.01 real, 3 MB, 5.70 load
[runlim] sample:		547.74 time, 550.01 real, 3 MB, 5.59 load
[runlim] sample:		557.70 time, 560.01 real, 3 MB, 5.50 load
[runlim] sample:		567.66 time, 570.01 real, 3 MB, 5.42 load
[runlim] sample:		577.62 time, 580.01 real, 3 MB, 5.36 load
[runlim] sample:		587.58 time, 590.01 real, 3 MB, 5.38 load
[runlim] sample:		597.54 time, 600.01 real, 3 MB, 5.17 load
[runlim] sample:		607.49 time, 610.01 real, 3 MB, 4.99 load
[runlim] sample:		617.45 time, 620.01 real, 3 MB, 4.84 load
[runlim] sample:		627.40 time, 630.01 real, 3 MB, 4.71 load
[runlim] sample:		637.36 time, 640.01 real, 3 MB, 4.60 load
[runlim] sample:		647.31 time, 650.01 real, 3 MB, 4.73 load
[runlim] sample:		657.27 time, 660.01 real, 3 MB, 4.62 load
[runlim] sample:		667.22 time, 670.01 real, 3 MB, 4.52 load
[runlim] sample:		677.18 time, 680.01 real, 3 MB, 4.44 load
[runlim] sample:		687.14 time, 690.01 real, 3 MB, 4.37 load
[runlim] sample:		697.09 time, 700.01 real, 3 MB, 4.31 load
[runlim] sample:		707.05 time, 710.01 real, 3 MB, 4.27 load
[runlim] sample:		717.00 time, 720.01 real, 3 MB, 4.22 load
[runlim] sample:		726.96 time, 730.01 real, 3 MB, 4.19 load
[runlim] sample:		736.91 time, 740.01 real, 3 MB, 4.16 load
[runlim] sample:		746.87 time, 750.01 real, 3 MB, 4.13 load
[runlim] sample:		756.84 time, 760.01 real, 4 MB, 4.11 load
[runlim] sample:		766.80 time, 770.01 real, 4 MB, 4.10 load
[runlim] sample:		776.77 time, 780.01 real, 4 MB, 4.08 load
[runlim] sample:		786.73 time, 790.01 real, 4 MB, 4.15 load
[runlim] sample:		796.69 time, 800.01 real, 4 MB, 4.12 load
[runlim] sample:		806.66 time, 810.01 real, 4 MB, 4.10 load
[runlim] sample:		816.62 time, 820.01 real, 4 MB, 4.09 load
[runlim] sample:		826.59 time, 830.01 real, 4 MB, 4.07 load
[runlim] sample:		836.55 time, 840.01 real, 4 MB, 4.06 load
[runlim] sample:		846.51 time, 850.01 real, 4 MB, 4.05 load
[runlim] sample:		856.48 time, 860.01 real, 4 MB, 4.04 load
[runlim] sample:		866.44 time, 870.01 real, 4 MB, 4.04 load
[runlim] sample:		876.41 time, 880.01 real, 4 MB, 4.03 load
[runlim] sample:		886.37 time, 890.01 real, 4 MB, 4.02 load
[runlim] sample:		896.34 time, 900.01 real, 4 MB, 4.02 load
[runlim] sample:		906.30 time, 910.01 real, 4 MB, 4.02 load
[runlim] sample:		916.27 time, 920.01 real, 4 MB, 4.01 load
[runlim] sample:		926.23 time, 930.01 real, 4 MB, 4.01 load
[runlim] sample:		936.18 time, 940.01 real, 4 MB, 4.01 load
[runlim] sample:		946.14 time, 950.01 real, 4 MB, 4.01 load
[runlim] sample:		956.11 time, 960.01 real, 4 MB, 4.01 load
[runlim] sample:		966.07 time, 970.01 real, 4 MB, 4.00 load
[runlim] sample:		976.03 time, 980.01 real, 4 MB, 4.00 load
[runlim] sample:		986.00 time, 990.01 real, 4 MB, 4.00 load
[runlim] sample:		995.96 time, 1000.01 real, 4 MB, 4.00 load
[runlim] sample:		1005.93 time, 1010.01 real, 4 MB, 4.00 load
[runlim] sample:		1015.89 time, 1020.01 real, 4 MB, 4.00 load
[runlim] sample:		1025.85 time, 1030.01 real, 4 MB, 4.00 load
[runlim] sample:		1035.82 time, 1040.01 real, 4 MB, 4.00 load
[runlim] sample:		1045.78 time, 1050.01 real, 4 MB, 4.00 load
[runlim] sample:		1055.75 time, 1060.01 real, 4 MB, 4.00 load
[runlim] sample:		1065.71 time, 1070.01 real, 4 MB, 4.00 load
[runlim] sample:		1075.68 time, 1080.01 real, 4 MB, 4.00 load
[runlim] sample:		1085.64 time, 1090.01 real, 4 MB, 4.00 load
[runlim] sample:		1095.60 time, 1100.01 real, 4 MB, 4.00 load
[runlim] sample:		1105.56 time, 1110.01 real, 4 MB, 4.00 load
[runlim] sample:		1115.53 time, 1120.01 real, 4 MB, 4.00 load
[runlim] sample:		1125.49 time, 1130.01 real, 4 MB, 4.00 load
[runlim] sample:		1135.46 time, 1140.01 real, 4 MB, 4.00 load
[runlim] sample:		1145.42 time, 1150.01 real, 4 MB, 4.07 load
[runlim] sample:		1155.38 time, 1160.01 real, 4 MB, 4.06 load
[runlim] sample:		1165.35 time, 1170.01 real, 4 MB, 4.05 load
[runlim] sample:		1175.31 time, 1180.01 real, 4 MB, 4.04 load
[runlim] sample:		1185.27 time, 1190.01 real, 4 MB, 4.04 load
[runlim] sample:		1195.24 time, 1200.01 real, 4 MB, 4.03 load
[runlim] sample:		1205.20 time, 1210.01 real, 4 MB, 4.02 load
[runlim] sample:		1215.16 time, 1220.01 real, 4 MB, 4.02 load
[runlim] sample:		1225.13 time, 1230.01 real, 4 MB, 4.02 load
[runlim] sample:		1235.07 time, 1240.01 real, 4 MB, 4.01 load
[runlim] sample:		1245.03 time, 1250.01 real, 4 MB, 4.01 load
[runlim] sample:		1255.00 time, 1260.01 real, 4 MB, 4.01 load
[runlim] sample:		1264.96 time, 1270.01 real, 4 MB, 4.01 load
[runlim] sample:		1274.92 time, 1280.01 real, 4 MB, 4.01 load
[runlim] sample:		1284.89 time, 1290.01 real, 4 MB, 4.00 load
[runlim] sample:		1294.85 time, 1300.01 real, 4 MB, 4.00 load
[runlim] sample:		1304.82 time, 1310.01 real, 4 MB, 4.00 load
[runlim] sample:		1314.78 time, 1320.01 real, 4 MB, 4.00 load
[runlim] sample:		1324.74 time, 1330.01 real, 4 MB, 4.00 load
[runlim] sample:		1334.71 time, 1340.01 real, 4 MB, 4.00 load
[runlim] sample:		1344.67 time, 1350.01 real, 4 MB, 4.00 load
[runlim] sample:		1354.64 time, 1360.01 real, 4 MB, 4.00 load
[runlim] sample:		1364.60 time, 1370.01 real, 4 MB, 4.00 load
[runlim] sample:		1374.56 time, 1380.01 real, 4 MB, 4.00 load
[runlim] sample:		1384.52 time, 1390.01 real, 4 MB, 4.00 load
[runlim] sample:		1394.49 time, 1400.01 real, 4 MB, 4.00 load
[runlim] sample:		1404.45 time, 1410.01 real, 4 MB, 4.08 load
[runlim] sample:		1414.42 time, 1420.01 real, 4 MB, 4.07 load
[runlim] sample:		1424.38 time, 1430.01 real, 4 MB, 4.06 load
[runlim] sample:		1434.34 time, 1440.01 real, 4 MB, 4.27 load
[runlim] sample:		1444.31 time, 1450.01 real, 4 MB, 4.23 load
[runlim] sample:		1454.27 time, 1460.01 real, 4 MB, 4.19 load
[runlim] sample:		1464.24 time, 1470.01 real, 4 MB, 4.16 load
[runlim] sample:		1474.20 time, 1480.01 real, 4 MB, 4.14 load
[runlim] sample:		1484.17 time, 1490.01 real, 4 MB, 4.11 load
[runlim] sample:		1494.13 time, 1500.01 real, 4 MB, 4.17 load
[runlim] sample:		1504.09 time, 1510.01 real, 4 MB, 4.14 load
[runlim] sample:		1514.06 time, 1520.01 real, 4 MB, 4.12 load
[runlim] sample:		1524.02 time, 1530.01 real, 4 MB, 4.10 load
[runlim] sample:		1533.97 time, 1540.01 real, 4 MB, 4.09 load
[runlim] sample:		1543.93 time, 1550.01 real, 4 MB, 4.07 load
[runlim] sample:		1553.90 time, 1560.01 real, 4 MB, 4.14 load
[runlim] sample:		1563.86 time, 1570.01 real, 4 MB, 4.11 load
[runlim] sample:		1573.82 time, 1580.01 real, 4 MB, 4.10 load
[runlim] sample:		1583.79 time, 1590.01 real, 4 MB, 4.08 load
[runlim] sample:		1593.75 time, 1600.01 real, 4 MB, 4.07 load
[runlim] sample:		1603.72 time, 1610.01 real, 4 MB, 4.06 load
[runlim] sample:		1613.68 time, 1620.01 real, 4 MB, 4.05 load
[runlim] sample:		1623.65 time, 1630.01 real, 4 MB, 4.04 load
[runlim] sample:		1633.61 time, 1640.01 real, 4 MB, 4.03 load
[runlim] sample:		1643.58 time, 1650.01 real, 4 MB, 4.03 load
[runlim] sample:		1653.54 time, 1660.01 real, 4 MB, 4.02 load
[runlim] sample:		1663.50 time, 1670.01 real, 4 MB, 4.17 load
[runlim] sample:		1673.47 time, 1680.01 real, 4 MB, 4.14 load
[runlim] sample:		1683.43 time, 1690.01 real, 4 MB, 4.20 load
[runlim] sample:		1693.39 time, 1700.01 real, 4 MB, 4.17 load
[runlim] sample:		1703.36 time, 1710.01 real, 4 MB, 4.14 load
[runlim] sample:		1713.32 time, 1720.01 real, 4 MB, 4.12 load
[runlim] sample:		1723.29 time, 1730.01 real, 4 MB, 4.10 load
[runlim] sample:		1733.25 time, 1740.01 real, 4 MB, 4.08 load
[runlim] sample:		1743.21 time, 1750.01 real, 4 MB, 4.15 load
[runlim] sample:		1753.18 time, 1760.01 real, 4 MB, 4.13 load
[runlim] sample:		1763.14 time, 1770.01 real, 4 MB, 4.11 load
[runlim] sample:		1773.10 time, 1780.01 real, 4 MB, 4.09 load
[runlim] sample:		1783.07 time, 1790.01 real, 4 MB, 4.08 load
[runlim] sample:		1793.03 time, 1800.01 real, 4 MB, 4.06 load
[runlim] sample:		1802.99 time, 1810.01 real, 4 MB, 4.05 load
[runlim] sample:		1812.96 time, 1820.01 real, 4 MB, 4.05 load
[runlim] sample:		1822.92 time, 1830.01 real, 4 MB, 4.04 load
[runlim] sample:		1832.87 time, 1840.01 real, 4 MB, 4.03 load
[runlim] sample:		1842.83 time, 1850.01 real, 4 MB, 4.03 load
[runlim] sample:		1852.80 time, 1860.01 real, 4 MB, 4.02 load
[runlim] sample:		1862.76 time, 1870.01 real, 4 MB, 4.02 load
[runlim] sample:		1872.72 time, 1880.01 real, 4 MB, 4.02 load
[runlim] sample:		1882.69 time, 1890.01 real, 4 MB, 3.94 load
[runlim] sample:		1892.66 time, 1900.01 real, 4 MB, 3.79 load
[runlim] sample:		1902.62 time, 1910.01 real, 4 MB, 3.67 load
[runlim] sample:		1912.59 time, 1920.01 real, 4 MB, 3.57 load
[runlim] sample:		1922.55 time, 1930.01 real, 4 MB, 3.48 load
[runlim] sample:		1932.52 time, 1940.01 real, 4 MB, 3.41 load
[runlim] sample:		1942.48 time, 1950.01 real, 4 MB, 3.34 load
[runlim] sample:		1952.45 time, 1960.01 real, 4 MB, 3.29 load
[runlim] sample:		1962.42 time, 1970.01 real, 4 MB, 3.24 load
[runlim] sample:		1972.38 time, 1980.01 real, 4 MB, 3.21 load
[runlim] sample:		1982.35 time, 1990.01 real, 4 MB, 3.17 load
[runlim] sample:		1992.31 time, 2000.01 real, 4 MB, 3.15 load
[runlim] sample:		2002.28 time, 2010.01 real, 4 MB, 3.12 load
[runlim] sample:		2012.24 time, 2020.01 real, 4 MB, 3.10 load
[runlim] sample:		2022.21 time, 2030.01 real, 4 MB, 3.09 load
[runlim] sample:		2032.18 time, 2040.01 real, 4 MB, 3.07 load
[runlim] sample:		2042.14 time, 2050.01 real, 4 MB, 3.06 load
[runlim] sample:		2052.11 time, 2060.01 real, 4 MB, 3.05 load
[runlim] sample:		2062.07 time, 2070.01 real, 4 MB, 3.04 load
[runlim] sample:		2072.04 time, 2080.01 real, 4 MB, 3.04 load
[runlim] sample:		2082.00 time, 2090.01 real, 4 MB, 3.11 load
[runlim] sample:		2091.97 time, 2100.01 real, 4 MB, 3.09 load
[runlim] sample:		2101.93 time, 2110.01 real, 4 MB, 3.08 load
[runlim] sample:		2111.90 time, 2120.01 real, 4 MB, 3.07 load
[runlim] sample:		2121.87 time, 2130.01 real, 4 MB, 3.06 load
[runlim] sample:		2131.81 time, 2140.01 real, 4 MB, 3.05 load
[runlim] sample:		2141.78 time, 2150.01 real, 4 MB, 3.12 load
[runlim] sample:		2151.74 time, 2160.01 real, 4 MB, 3.10 load
[runlim] sample:		2161.71 time, 2170.01 real, 4 MB, 3.08 load
[runlim] sample:		2171.67 time, 2180.01 real, 4 MB, 3.07 load
[runlim] sample:		2181.64 time, 2190.01 real, 4 MB, 3.06 load
[runlim] sample:		2191.61 time, 2200.01 real, 4 MB, 3.05 load
[runlim] sample:		2201.57 time, 2210.01 real, 4 MB, 3.12 load
[runlim] sample:		2211.54 time, 2220.01 real, 4 MB, 3.10 load
[runlim] sample:		2221.50 time, 2230.01 real, 4 MB, 3.09 load
[runlim] sample:		2231.47 time, 2240.01 real, 4 MB, 3.07 load
[runlim] sample:		2241.44 time, 2250.01 real, 4 MB, 3.06 load
[runlim] sample:		2251.40 time, 2260.01 real, 4 MB, 3.05 load
[runlim] sample:		2261.37 time, 2270.01 real, 4 MB, 3.04 load
[runlim] sample:		2271.34 time, 2280.01 real, 4 MB, 3.04 load
[runlim] sample:		2281.30 time, 2290.01 real, 4 MB, 3.11 load
[runlim] sample:		2291.26 time, 2300.01 real, 4 MB, 3.09 load
[runlim] sample:		2301.23 time, 2310.01 real, 4 MB, 3.08 load
[runlim] sample:		2311.19 time, 2320.01 real, 4 MB, 3.07 load
[runlim] sample:		2321.16 time, 2330.01 real, 4 MB, 3.06 load
[runlim] sample:		2331.13 time, 2340.01 real, 4 MB, 3.05 load
[runlim] sample:		2341.09 time, 2350.01 real, 4 MB, 3.04 load
[runlim] sample:		2351.06 time, 2360.01 real, 4 MB, 3.03 load
[runlim] sample:		2361.02 time, 2370.01 real, 4 MB, 3.03 load
[runlim] sample:		2370.99 time, 2380.01 real, 4 MB, 3.02 load
[runlim] sample:		2380.96 time, 2390.01 real, 4 MB, 3.02 load
[runlim] sample:		2390.92 time, 2400.01 real, 4 MB, 3.02 load
[runlim] sample:		2400.88 time, 2410.01 real, 4 MB, 3.01 load
[runlim] sample:		2410.85 time, 2420.01 real, 4 MB, 3.01 load
[runlim] sample:		2420.82 time, 2430.01 real, 4 MB, 3.01 load
[runlim] sample:		2430.77 time, 2440.01 real, 4 MB, 3.01 load
[runlim] sample:		2440.73 time, 2450.01 real, 4 MB, 3.00 load
[runlim] sample:		2450.70 time, 2460.01 real, 4 MB, 3.00 load
[runlim] sample:		2460.66 time, 2470.01 real, 4 MB, 3.00 load
[runlim] sample:		2470.63 time, 2480.01 real, 4 MB, 3.00 load
[runlim] sample:		2480.59 time, 2490.01 real, 4 MB, 3.00 load
[runlim] sample:		2490.56 time, 2500.01 real, 4 MB, 3.00 load
[runlim] sample:		2500.53 time, 2510.01 real, 4 MB, 3.00 load
[runlim] sample:		2510.49 time, 2520.01 real, 4 MB, 3.00 load
[runlim] sample:		2520.46 time, 2530.01 real, 4 MB, 3.00 load
[runlim] sample:		2530.42 time, 2540.01 real, 4 MB, 3.07 load
[runlim] sample:		2540.39 time, 2550.01 real, 4 MB, 3.06 load
[runlim] sample:		2550.35 time, 2560.01 real, 4 MB, 3.05 load
[runlim] sample:		2560.32 time, 2570.01 real, 4 MB, 3.04 load
[runlim] sample:		2570.28 time, 2580.01 real, 4 MB, 3.04 load
[runlim] sample:		2580.25 time, 2590.01 real, 4 MB, 3.03 load
[runlim] sample:		2590.21 time, 2600.01 real, 4 MB, 3.02 load
[runlim] sample:		2600.18 time, 2610.01 real, 4 MB, 3.09 load
[runlim] sample:		2610.14 time, 2620.01 real, 4 MB, 3.08 load
[runlim] sample:		2620.11 time, 2630.01 real, 4 MB, 3.07 load
[runlim] end:			Sun Mar 15 00:51:09 2026
[runlim] status:		ok
[runlim] result:		0
[runlim] children:		1
[runlim] processes:		2
[runlim] real:			2631.85 seconds
[runlim] time:			2621.90 seconds
[runlim] space:			4 MB
[runlim] load:			9.00 maximum
[runlim] samples:		26318
