[runlim] version:		2.0.0rc1
[runlim] host:			p01n14
[runlim] time limit:		311040000 seconds
[runlim] real time limit:	5000 seconds
[runlim] space limit:		7000 MB
[runlim] argv[0]:		./binary
[runlim] argv[1]:		-c
[runlim] argv[2]:		-s
[runlim] argv[3]:		-f
[runlim] argv[4]:		/tmp/local-unzipped-12158367-1-49-BMS_k3_n100_m429_170.cnf
[runlim] start:			Sat Mar 14 23:50:21 2026
[runlim] child:			700880
[runlim] sample:		9.96 time, 10.01 real, 3 MB, 13.68 load
[runlim] sample:		19.91 time, 20.01 real, 3 MB, 13.35 load
[runlim] sample:		29.86 time, 30.01 real, 4 MB, 12.99 load
[runlim] sample:		39.81 time, 40.01 real, 4 MB, 12.76 load
[runlim] sample:		49.76 time, 50.01 real, 4 MB, 12.34 load
[runlim] sample:		59.72 time, 60.01 real, 4 MB, 11.98 load
[runlim] sample:		69.67 time, 70.01 real, 4 MB, 11.67 load
[runlim] sample:		79.62 time, 80.01 real, 4 MB, 11.49 load
[runlim] end:			Sat Mar 14 23:51:48 2026
[runlim] status:		ok
[runlim] result:		0
[runlim] children:		1
[runlim] processes:		2
[runlim] real:			86.38 seconds
[runlim] time:			85.89 seconds
[runlim] space:			4 MB
[runlim] load:			14.17 maximum
[runlim] samples:		863
