[runlim] version:		2.0.0rc1
[runlim] host:			p01n12
[runlim] time limit:		311040000 seconds
[runlim] real time limit:	5000 seconds
[runlim] space limit:		7000 MB
[runlim] argv[0]:		./binary
[runlim] argv[1]:		-c
[runlim] argv[2]:		-s
[runlim] argv[3]:		-f
[runlim] argv[4]:		/tmp/local-unzipped-12158367-7-415-BMS_k3_n100_m429_349.cnf
[runlim] start:			Sun Mar 15 00:28:09 2026
[runlim] child:			2650216
[runlim] sample:		9.96 time, 10.01 real, 3 MB, 5.54 load
[runlim] sample:		19.91 time, 20.01 real, 3 MB, 6.77 load
[runlim] sample:		29.85 time, 30.01 real, 3 MB, 8.42 load
[runlim] sample:		39.79 time, 40.01 real, 3 MB, 9.66 load
[runlim] sample:		49.74 time, 50.01 real, 3 MB, 10.48 load
[runlim] sample:		59.69 time, 60.01 real, 4 MB, 11.32 load
[runlim] sample:		69.65 time, 70.01 real, 4 MB, 11.81 load
[runlim] sample:		79.62 time, 80.01 real, 4 MB, 12.06 load
[runlim] sample:		89.58 time, 90.01 real, 4 MB, 12.21 load
[runlim] sample:		99.54 time, 100.01 real, 4 MB, 12.10 load
[runlim] sample:		109.50 time, 110.01 real, 4 MB, 11.77 load
[runlim] sample:		119.47 time, 120.01 real, 4 MB, 11.50 load
[runlim] sample:		129.43 time, 130.01 real, 4 MB, 11.42 load
[runlim] sample:		139.39 time, 140.01 real, 4 MB, 11.20 load
[runlim] sample:		149.36 time, 150.01 real, 4 MB, 11.01 load
[runlim] sample:		159.32 time, 160.01 real, 4 MB, 10.86 load
[runlim] sample:		169.28 time, 170.01 real, 4 MB, 10.80 load
[runlim] sample:		179.24 time, 180.01 real, 4 MB, 10.52 load
[runlim] sample:		189.21 time, 190.01 real, 4 MB, 10.36 load
[runlim] sample:		199.17 time, 200.01 real, 4 MB, 10.15 load
[runlim] sample:		209.13 time, 210.01 real, 4 MB, 9.97 load
[runlim] sample:		219.10 time, 220.01 real, 4 MB, 9.82 load
[runlim] sample:		229.06 time, 230.01 real, 4 MB, 9.70 load
[runlim] sample:		239.02 time, 240.01 real, 4 MB, 9.59 load
[runlim] sample:		248.98 time, 250.01 real, 4 MB, 9.57 load
[runlim] sample:		258.95 time, 260.01 real, 4 MB, 9.48 load
[runlim] sample:		268.91 time, 270.01 real, 4 MB, 9.25 load
[runlim] sample:		278.88 time, 280.01 real, 4 MB, 9.06 load
[runlim] sample:		288.85 time, 290.01 real, 4 MB, 8.90 load
[runlim] sample:		298.81 time, 300.01 real, 4 MB, 8.76 load
[runlim] sample:		308.78 time, 310.01 real, 4 MB, 8.72 load
[runlim] sample:		318.74 time, 320.01 real, 4 MB, 8.61 load
[runlim] sample:		328.71 time, 330.01 real, 4 MB, 8.51 load
[runlim] sample:		338.68 time, 340.01 real, 4 MB, 8.35 load
[runlim] sample:		348.64 time, 350.01 real, 4 MB, 8.14 load
[runlim] sample:		358.61 time, 360.01 real, 4 MB, 7.97 load
[runlim] sample:		368.58 time, 370.01 real, 4 MB, 7.89 load
[runlim] sample:		378.54 time, 380.01 real, 4 MB, 7.75 load
[runlim] sample:		388.51 time, 390.01 real, 4 MB, 7.64 load
[runlim] sample:		398.48 time, 400.01 real, 4 MB, 7.54 load
[runlim] sample:		408.44 time, 410.01 real, 4 MB, 7.46 load
[runlim] sample:		418.41 time, 420.01 real, 4 MB, 7.39 load
[runlim] sample:		428.37 time, 430.01 real, 4 MB, 7.33 load
[runlim] sample:		438.34 time, 440.01 real, 4 MB, 7.28 load
[runlim] sample:		448.31 time, 450.01 real, 4 MB, 7.23 load
[runlim] sample:		458.28 time, 460.01 real, 4 MB, 7.20 load
[runlim] sample:		468.24 time, 470.01 real, 4 MB, 7.17 load
[runlim] sample:		478.21 time, 480.01 real, 4 MB, 7.14 load
[runlim] sample:		488.18 time, 490.01 real, 4 MB, 6.96 load
[runlim] sample:		498.15 time, 500.01 real, 4 MB, 6.82 load
[runlim] sample:		508.11 time, 510.01 real, 4 MB, 6.69 load
[runlim] sample:		518.08 time, 520.01 real, 4 MB, 6.58 load
[runlim] sample:		528.05 time, 530.01 real, 4 MB, 6.49 load
[runlim] sample:		538.02 time, 540.01 real, 4 MB, 6.42 load
[runlim] sample:		547.98 time, 550.01 real, 4 MB, 6.35 load
[runlim] sample:		557.95 time, 560.01 real, 4 MB, 6.37 load
[runlim] sample:		567.92 time, 570.01 real, 4 MB, 6.31 load
[runlim] sample:		577.89 time, 580.01 real, 4 MB, 6.27 load
[runlim] sample:		587.86 time, 590.01 real, 4 MB, 6.22 load
[runlim] sample:		597.82 time, 600.01 real, 4 MB, 6.19 load
[runlim] sample:		607.79 time, 610.01 real, 4 MB, 6.16 load
[runlim] sample:		617.76 time, 620.01 real, 4 MB, 6.13 load
[runlim] sample:		627.73 time, 630.01 real, 4 MB, 6.11 load
[runlim] sample:		637.69 time, 640.01 real, 4 MB, 6.10 load
[runlim] sample:		647.66 time, 650.01 real, 4 MB, 6.08 load
[runlim] sample:		657.63 time, 660.01 real, 4 MB, 6.07 load
[runlim] sample:		667.60 time, 670.01 real, 4 MB, 6.06 load
[runlim] sample:		677.56 time, 680.01 real, 4 MB, 6.05 load
[runlim] sample:		687.53 time, 690.01 real, 4 MB, 6.04 load
[runlim] sample:		697.50 time, 700.01 real, 4 MB, 6.11 load
[runlim] sample:		707.47 time, 710.01 real, 4 MB, 6.09 load
[runlim] sample:		717.43 time, 720.01 real, 4 MB, 6.08 load
[runlim] sample:		727.40 time, 730.01 real, 4 MB, 6.06 load
[runlim] sample:		737.37 time, 740.01 real, 4 MB, 6.05 load
[runlim] sample:		747.34 time, 750.01 real, 4 MB, 6.04 load
[runlim] sample:		757.31 time, 760.01 real, 4 MB, 6.11 load
[runlim] sample:		767.27 time, 770.01 real, 4 MB, 6.09 load
[runlim] sample:		777.24 time, 780.01 real, 4 MB, 6.08 load
[runlim] sample:		787.21 time, 790.01 real, 4 MB, 6.07 load
[runlim] sample:		797.18 time, 800.01 real, 4 MB, 6.06 load
[runlim] sample:		807.14 time, 810.01 real, 4 MB, 6.05 load
[runlim] sample:		817.11 time, 820.01 real, 4 MB, 6.04 load
[runlim] sample:		827.08 time, 830.01 real, 4 MB, 6.03 load
[runlim] sample:		837.05 time, 840.01 real, 4 MB, 6.11 load
[runlim] sample:		847.01 time, 850.01 real, 4 MB, 6.09 load
[runlim] sample:		856.98 time, 860.01 real, 4 MB, 6.08 load
[runlim] sample:		866.95 time, 870.01 real, 4 MB, 6.06 load
[runlim] sample:		876.92 time, 880.01 real, 4 MB, 6.05 load
[runlim] sample:		886.88 time, 890.01 real, 4 MB, 6.05 load
[runlim] sample:		896.85 time, 900.01 real, 4 MB, 6.04 load
[runlim] sample:		906.82 time, 910.01 real, 4 MB, 6.03 load
[runlim] sample:		916.79 time, 920.01 real, 4 MB, 6.03 load
[runlim] sample:		926.76 time, 930.01 real, 4 MB, 6.02 load
[runlim] sample:		936.72 time, 940.01 real, 4 MB, 6.02 load
[runlim] sample:		946.69 time, 950.01 real, 4 MB, 6.02 load
[runlim] sample:		956.66 time, 960.01 real, 4 MB, 6.01 load
[runlim] sample:		966.62 time, 970.01 real, 4 MB, 6.01 load
[runlim] sample:		976.59 time, 980.01 real, 4 MB, 6.01 load
[runlim] sample:		986.56 time, 990.01 real, 4 MB, 6.01 load
[runlim] sample:		996.53 time, 1000.01 real, 4 MB, 6.00 load
[runlim] sample:		1006.50 time, 1010.01 real, 4 MB, 6.00 load
[runlim] sample:		1016.46 time, 1020.01 real, 4 MB, 6.00 load
[runlim] sample:		1026.43 time, 1030.01 real, 4 MB, 6.00 load
[runlim] sample:		1036.40 time, 1040.01 real, 4 MB, 6.00 load
[runlim] sample:		1046.37 time, 1050.01 real, 4 MB, 6.00 load
[runlim] sample:		1056.33 time, 1060.01 real, 4 MB, 6.00 load
[runlim] sample:		1066.30 time, 1070.01 real, 4 MB, 6.00 load
[runlim] sample:		1076.27 time, 1080.01 real, 4 MB, 6.00 load
[runlim] sample:		1086.23 time, 1090.01 real, 4 MB, 6.00 load
[runlim] sample:		1096.20 time, 1100.01 real, 4 MB, 6.07 load
[runlim] sample:		1106.17 time, 1110.01 real, 4 MB, 6.06 load
[runlim] sample:		1116.14 time, 1120.01 real, 4 MB, 6.05 load
[runlim] sample:		1126.10 time, 1130.01 real, 4 MB, 6.04 load
[runlim] sample:		1136.07 time, 1140.01 real, 4 MB, 6.04 load
[runlim] sample:		1146.04 time, 1150.01 real, 4 MB, 6.03 load
[runlim] sample:		1156.01 time, 1160.01 real, 4 MB, 6.10 load
[runlim] sample:		1165.97 time, 1170.01 real, 4 MB, 6.08 load
[runlim] sample:		1175.94 time, 1180.01 real, 4 MB, 6.07 load
[runlim] sample:		1185.91 time, 1190.01 real, 4 MB, 6.06 load
[runlim] sample:		1195.88 time, 1200.01 real, 4 MB, 6.05 load
[runlim] sample:		1205.84 time, 1210.01 real, 4 MB, 5.89 load
[runlim] sample:		1215.81 time, 1220.01 real, 4 MB, 5.75 load
[runlim] sample:		1225.78 time, 1230.01 real, 4 MB, 5.63 load
[runlim] sample:		1235.75 time, 1240.01 real, 4 MB, 5.61 load
[runlim] sample:		1245.72 time, 1250.01 real, 4 MB, 5.52 load
[runlim] sample:		1255.69 time, 1260.01 real, 4 MB, 5.44 load
[runlim] sample:		1265.66 time, 1270.01 real, 4 MB, 5.37 load
[runlim] sample:		1275.63 time, 1280.01 real, 4 MB, 5.31 load
[runlim] sample:		1285.59 time, 1290.01 real, 4 MB, 5.26 load
[runlim] sample:		1295.56 time, 1300.01 real, 4 MB, 5.30 load
[runlim] sample:		1305.53 time, 1310.01 real, 4 MB, 5.25 load
[runlim] sample:		1315.50 time, 1320.01 real, 4 MB, 5.21 load
[runlim] sample:		1325.47 time, 1330.01 real, 4 MB, 5.18 load
[runlim] sample:		1335.44 time, 1340.01 real, 4 MB, 5.15 load
[runlim] sample:		1345.41 time, 1350.01 real, 4 MB, 5.13 load
[runlim] sample:		1355.37 time, 1360.01 real, 4 MB, 5.18 load
[runlim] sample:		1365.34 time, 1370.01 real, 4 MB, 5.15 load
[runlim] sample:		1375.31 time, 1380.01 real, 4 MB, 5.13 load
[runlim] sample:		1385.28 time, 1390.01 real, 4 MB, 5.11 load
[runlim] sample:		1395.25 time, 1400.01 real, 4 MB, 5.09 load
[runlim] sample:		1405.22 time, 1410.01 real, 4 MB, 5.08 load
[runlim] sample:		1415.19 time, 1420.01 real, 4 MB, 5.06 load
[runlim] sample:		1425.16 time, 1430.01 real, 4 MB, 5.05 load
[runlim] sample:		1435.12 time, 1440.01 real, 4 MB, 5.12 load
[runlim] sample:		1445.09 time, 1450.01 real, 4 MB, 5.10 load
[runlim] sample:		1455.06 time, 1460.01 real, 4 MB, 5.08 load
[runlim] sample:		1465.03 time, 1470.01 real, 4 MB, 5.07 load
[runlim] sample:		1475.00 time, 1480.01 real, 4 MB, 5.06 load
[runlim] sample:		1484.97 time, 1490.01 real, 4 MB, 5.05 load
[runlim] sample:		1494.94 time, 1500.01 real, 4 MB, 5.12 load
[runlim] sample:		1504.91 time, 1510.01 real, 4 MB, 5.10 load
[runlim] sample:		1514.87 time, 1520.01 real, 4 MB, 5.08 load
[runlim] sample:		1524.84 time, 1530.01 real, 4 MB, 5.07 load
[runlim] sample:		1534.81 time, 1540.01 real, 4 MB, 5.06 load
[runlim] sample:		1544.78 time, 1550.01 real, 4 MB, 5.12 load
[runlim] sample:		1554.75 time, 1560.01 real, 4 MB, 5.18 load
[runlim] sample:		1564.72 time, 1570.01 real, 4 MB, 5.15 load
[runlim] sample:		1574.69 time, 1580.01 real, 4 MB, 5.13 load
[runlim] sample:		1584.66 time, 1590.01 real, 4 MB, 5.11 load
[runlim] sample:		1594.63 time, 1600.01 real, 4 MB, 5.09 load
[runlim] sample:		1604.60 time, 1610.01 real, 4 MB, 5.08 load
[runlim] sample:		1614.57 time, 1620.01 real, 4 MB, 5.06 load
[runlim] sample:		1624.53 time, 1630.01 real, 4 MB, 5.05 load
[runlim] sample:		1634.50 time, 1640.01 real, 4 MB, 5.04 load
[runlim] sample:		1644.47 time, 1650.01 real, 4 MB, 5.04 load
[runlim] sample:		1654.44 time, 1660.01 real, 4 MB, 5.03 load
[runlim] sample:		1664.40 time, 1670.01 real, 4 MB, 5.03 load
[runlim] sample:		1674.37 time, 1680.01 real, 4 MB, 5.02 load
[runlim] sample:		1684.34 time, 1690.01 real, 4 MB, 5.02 load
[runlim] sample:		1694.31 time, 1700.01 real, 4 MB, 5.09 load
[runlim] sample:		1704.27 time, 1710.01 real, 4 MB, 5.08 load
[runlim] sample:		1714.24 time, 1720.01 real, 4 MB, 5.07 load
[runlim] sample:		1724.21 time, 1730.01 real, 4 MB, 5.14 load
[runlim] sample:		1734.18 time, 1740.01 real, 4 MB, 5.12 load
[runlim] sample:		1744.15 time, 1750.01 real, 4 MB, 5.10 load
[runlim] sample:		1754.11 time, 1760.01 real, 4 MB, 5.16 load
[runlim] sample:		1764.08 time, 1770.01 real, 4 MB, 5.13 load
[runlim] sample:		1774.05 time, 1780.01 real, 4 MB, 5.11 load
[runlim] sample:		1784.02 time, 1790.01 real, 4 MB, 5.09 load
[runlim] sample:		1793.99 time, 1800.01 real, 4 MB, 5.08 load
[runlim] sample:		1803.95 time, 1810.01 real, 4 MB, 5.07 load
[runlim] sample:		1813.92 time, 1820.01 real, 4 MB, 5.06 load
[runlim] sample:		1823.89 time, 1830.01 real, 4 MB, 5.05 load
[runlim] sample:		1833.86 time, 1840.01 real, 4 MB, 5.04 load
[runlim] sample:		1843.83 time, 1850.01 real, 4 MB, 5.03 load
[runlim] sample:		1853.79 time, 1860.01 real, 4 MB, 5.03 load
[runlim] sample:		1863.76 time, 1870.01 real, 4 MB, 5.02 load
[runlim] sample:		1873.73 time, 1880.01 real, 4 MB, 5.02 load
[runlim] sample:		1883.70 time, 1890.01 real, 4 MB, 5.02 load
[runlim] sample:		1893.67 time, 1900.01 real, 4 MB, 5.01 load
[runlim] sample:		1903.63 time, 1910.01 real, 4 MB, 5.01 load
[runlim] sample:		1913.60 time, 1920.01 real, 4 MB, 5.01 load
[runlim] sample:		1923.57 time, 1930.01 real, 4 MB, 5.01 load
[runlim] sample:		1933.54 time, 1940.01 real, 4 MB, 5.00 load
[runlim] sample:		1943.50 time, 1950.01 real, 4 MB, 5.15 load
[runlim] sample:		1953.47 time, 1960.01 real, 4 MB, 5.20 load
[runlim] sample:		1963.44 time, 1970.01 real, 4 MB, 5.17 load
[runlim] sample:		1973.41 time, 1980.01 real, 4 MB, 5.14 load
[runlim] sample:		1983.37 time, 1990.01 real, 4 MB, 5.12 load
[runlim] sample:		1993.34 time, 2000.01 real, 4 MB, 5.10 load
[runlim] sample:		2003.31 time, 2010.01 real, 4 MB, 5.09 load
[runlim] sample:		2013.28 time, 2020.01 real, 4 MB, 5.07 load
[runlim] sample:		2023.25 time, 2030.01 real, 4 MB, 5.06 load
[runlim] sample:		2033.22 time, 2040.01 real, 4 MB, 5.05 load
[runlim] sample:		2043.18 time, 2050.01 real, 4 MB, 5.04 load
[runlim] sample:		2053.15 time, 2060.01 real, 4 MB, 5.04 load
[runlim] sample:		2063.12 time, 2070.01 real, 4 MB, 5.03 load
[runlim] sample:		2073.09 time, 2080.01 real, 4 MB, 5.11 load
[runlim] sample:		2083.06 time, 2090.01 real, 4 MB, 5.32 load
[runlim] sample:		2093.02 time, 2100.01 real, 4 MB, 5.58 load
[runlim] sample:		2102.99 time, 2110.01 real, 4 MB, 5.65 load
[runlim] sample:		2112.96 time, 2120.01 real, 4 MB, 5.78 load
[runlim] sample:		2122.93 time, 2130.01 real, 4 MB, 5.81 load
[runlim] sample:		2132.89 time, 2140.01 real, 4 MB, 5.92 load
[runlim] sample:		2142.86 time, 2150.01 real, 4 MB, 5.93 load
[runlim] sample:		2152.83 time, 2160.01 real, 4 MB, 6.02 load
[runlim] sample:		2162.80 time, 2170.01 real, 4 MB, 5.86 load
[runlim] sample:		2172.77 time, 2180.01 real, 4 MB, 5.73 load
[runlim] sample:		2182.73 time, 2190.01 real, 4 MB, 5.61 load
[runlim] sample:		2192.70 time, 2200.01 real, 4 MB, 5.52 load
[runlim] sample:		2202.67 time, 2210.01 real, 4 MB, 5.44 load
[runlim] sample:		2212.64 time, 2220.01 real, 4 MB, 5.37 load
[runlim] sample:		2222.60 time, 2230.01 real, 4 MB, 5.39 load
[runlim] sample:		2232.57 time, 2240.01 real, 4 MB, 5.33 load
[runlim] sample:		2242.54 time, 2250.01 real, 4 MB, 5.28 load
[runlim] sample:		2252.51 time, 2260.01 real, 4 MB, 5.23 load
[runlim] sample:		2262.48 time, 2270.01 real, 4 MB, 5.27 load
[runlim] sample:		2272.44 time, 2280.01 real, 4 MB, 5.23 load
[runlim] sample:		2282.41 time, 2290.01 real, 4 MB, 5.34 load
[runlim] sample:		2292.38 time, 2300.01 real, 4 MB, 5.29 load
[runlim] sample:		2302.35 time, 2310.01 real, 4 MB, 5.24 load
[runlim] sample:		2312.31 time, 2320.01 real, 4 MB, 5.21 load
[runlim] sample:		2322.28 time, 2330.01 real, 4 MB, 5.17 load
[runlim] sample:		2332.25 time, 2340.01 real, 4 MB, 5.15 load
[runlim] sample:		2342.22 time, 2350.01 real, 4 MB, 5.20 load
[runlim] sample:		2352.18 time, 2360.01 real, 4 MB, 5.17 load
[runlim] sample:		2362.15 time, 2370.01 real, 4 MB, 5.14 load
[runlim] sample:		2372.12 time, 2380.01 real, 4 MB, 5.12 load
[runlim] sample:		2382.09 time, 2390.01 real, 4 MB, 5.10 load
[runlim] sample:		2392.06 time, 2400.01 real, 4 MB, 5.08 load
[runlim] sample:		2402.02 time, 2410.01 real, 4 MB, 5.14 load
[runlim] sample:		2411.99 time, 2420.01 real, 4 MB, 5.12 load
[runlim] sample:		2421.96 time, 2430.01 real, 4 MB, 5.10 load
[runlim] sample:		2431.93 time, 2440.01 real, 4 MB, 5.09 load
[runlim] sample:		2441.90 time, 2450.01 real, 4 MB, 5.07 load
[runlim] sample:		2451.86 time, 2460.01 real, 4 MB, 5.14 load
[runlim] sample:		2461.83 time, 2470.01 real, 4 MB, 5.27 load
[runlim] sample:		2471.80 time, 2480.01 real, 4 MB, 5.23 load
[runlim] sample:		2481.77 time, 2490.01 real, 4 MB, 5.19 load
[runlim] sample:		2491.73 time, 2500.01 real, 4 MB, 5.16 load
[runlim] sample:		2501.70 time, 2510.01 real, 4 MB, 5.14 load
[runlim] sample:		2511.67 time, 2520.01 real, 4 MB, 5.11 load
[runlim] sample:		2521.63 time, 2530.01 real, 4 MB, 5.10 load
[runlim] sample:		2531.60 time, 2540.01 real, 4 MB, 5.15 load
[runlim] sample:		2541.57 time, 2550.01 real, 4 MB, 5.13 load
[runlim] sample:		2551.54 time, 2560.01 real, 4 MB, 5.11 load
[runlim] sample:		2561.50 time, 2570.01 real, 4 MB, 5.09 load
[runlim] sample:		2571.47 time, 2580.01 real, 4 MB, 5.08 load
[runlim] sample:		2581.44 time, 2590.01 real, 4 MB, 5.07 load
[runlim] sample:		2591.40 time, 2600.01 real, 4 MB, 5.13 load
[runlim] sample:		2601.37 time, 2610.01 real, 4 MB, 5.11 load
[runlim] sample:		2611.34 time, 2620.01 real, 4 MB, 5.09 load
[runlim] sample:		2621.31 time, 2630.01 real, 4 MB, 5.08 load
[runlim] sample:		2631.28 time, 2640.01 real, 4 MB, 5.06 load
[runlim] sample:		2641.24 time, 2650.01 real, 4 MB, 5.05 load
[runlim] sample:		2651.21 time, 2660.01 real, 4 MB, 5.12 load
[runlim] sample:		2661.18 time, 2670.01 real, 4 MB, 5.10 load
[runlim] sample:		2671.14 time, 2680.01 real, 4 MB, 5.08 load
[runlim] sample:		2681.11 time, 2690.01 real, 4 MB, 5.07 load
[runlim] sample:		2691.08 time, 2700.01 real, 4 MB, 5.14 load
[runlim] sample:		2701.05 time, 2710.01 real, 4 MB, 5.12 load
[runlim] sample:		2711.01 time, 2720.01 real, 4 MB, 5.10 load
[runlim] sample:		2720.98 time, 2730.01 real, 4 MB, 5.08 load
[runlim] sample:		2730.95 time, 2740.01 real, 4 MB, 5.07 load
[runlim] sample:		2740.91 time, 2750.01 real, 4 MB, 5.06 load
[runlim] sample:		2750.88 time, 2760.01 real, 4 MB, 5.05 load
[runlim] sample:		2760.85 time, 2770.01 real, 4 MB, 5.04 load
[runlim] sample:		2770.82 time, 2780.01 real, 4 MB, 5.04 load
[runlim] sample:		2780.78 time, 2790.01 real, 4 MB, 5.03 load
[runlim] sample:		2790.75 time, 2800.01 real, 4 MB, 5.02 load
[runlim] sample:		2800.72 time, 2810.01 real, 4 MB, 5.02 load
[runlim] sample:		2810.69 time, 2820.01 real, 4 MB, 5.02 load
[runlim] sample:		2820.65 time, 2830.01 real, 4 MB, 5.01 load
[runlim] sample:		2830.62 time, 2840.01 real, 4 MB, 5.01 load
[runlim] sample:		2840.59 time, 2850.01 real, 4 MB, 5.01 load
[runlim] sample:		2850.55 time, 2860.01 real, 4 MB, 5.15 load
[runlim] sample:		2860.52 time, 2870.01 real, 4 MB, 5.13 load
[runlim] sample:		2870.48 time, 2880.01 real, 4 MB, 5.11 load
[runlim] sample:		2880.45 time, 2890.01 real, 4 MB, 5.09 load
[runlim] sample:		2890.42 time, 2900.01 real, 4 MB, 5.08 load
[runlim] sample:		2900.38 time, 2910.01 real, 4 MB, 5.07 load
[runlim] sample:		2910.35 time, 2920.01 real, 4 MB, 5.06 load
[runlim] sample:		2920.32 time, 2930.01 real, 4 MB, 5.05 load
[runlim] sample:		2930.28 time, 2940.01 real, 4 MB, 5.11 load
[runlim] sample:		2940.25 time, 2950.01 real, 4 MB, 5.09 load
[runlim] sample:		2950.22 time, 2960.01 real, 4 MB, 5.08 load
[runlim] sample:		2960.19 time, 2970.01 real, 4 MB, 5.07 load
[runlim] sample:		2970.15 time, 2980.01 real, 4 MB, 5.06 load
[runlim] sample:		2980.12 time, 2990.01 real, 4 MB, 5.05 load
[runlim] sample:		2990.08 time, 3000.01 real, 4 MB, 5.11 load
[runlim] sample:		3000.05 time, 3010.01 real, 4 MB, 5.10 load
[runlim] sample:		3010.02 time, 3020.01 real, 4 MB, 5.08 load
[runlim] sample:		3019.99 time, 3030.01 real, 4 MB, 5.07 load
[runlim] sample:		3029.95 time, 3040.01 real, 4 MB, 5.06 load
[runlim] sample:		3039.92 time, 3050.01 real, 4 MB, 5.05 load
[runlim] sample:		3049.88 time, 3060.01 real, 4 MB, 5.11 load
[runlim] sample:		3059.85 time, 3070.01 real, 4 MB, 5.10 load
[runlim] sample:		3069.82 time, 3080.01 real, 4 MB, 5.08 load
[runlim] sample:		3079.79 time, 3090.01 real, 4 MB, 5.07 load
[runlim] sample:		3089.75 time, 3100.01 real, 4 MB, 5.06 load
[runlim] sample:		3099.72 time, 3110.01 real, 4 MB, 5.05 load
[runlim] sample:		3109.69 time, 3120.01 real, 4 MB, 5.04 load
[runlim] sample:		3119.65 time, 3130.01 real, 4 MB, 5.03 load
[runlim] sample:		3129.62 time, 3140.01 real, 4 MB, 5.10 load
[runlim] sample:		3139.58 time, 3150.01 real, 4 MB, 5.08 load
[runlim] sample:		3149.55 time, 3160.01 real, 4 MB, 5.07 load
[runlim] sample:		3159.52 time, 3170.01 real, 4 MB, 5.06 load
[runlim] sample:		3169.48 time, 3180.01 real, 4 MB, 5.05 load
[runlim] sample:		3179.45 time, 3190.01 real, 4 MB, 5.04 load
[runlim] sample:		3189.42 time, 3200.01 real, 4 MB, 5.11 load
[runlim] sample:		3199.38 time, 3210.01 real, 4 MB, 5.09 load
[runlim] sample:		3209.35 time, 3220.01 real, 4 MB, 5.08 load
[runlim] sample:		3219.31 time, 3230.01 real, 4 MB, 5.07 load
[runlim] sample:		3229.28 time, 3240.01 real, 4 MB, 5.06 load
[runlim] sample:		3239.25 time, 3250.01 real, 4 MB, 5.05 load
[runlim] sample:		3249.21 time, 3260.01 real, 4 MB, 5.11 load
[runlim] sample:		3259.18 time, 3270.01 real, 4 MB, 5.09 load
[runlim] sample:		3269.14 time, 3280.01 real, 4 MB, 5.08 load
[runlim] sample:		3279.11 time, 3290.01 real, 4 MB, 5.07 load
[runlim] sample:		3289.08 time, 3300.01 real, 4 MB, 5.06 load
[runlim] sample:		3299.05 time, 3310.01 real, 4 MB, 5.05 load
[runlim] sample:		3309.01 time, 3320.01 real, 4 MB, 5.04 load
[runlim] sample:		3318.98 time, 3330.01 real, 4 MB, 5.03 load
[runlim] sample:		3328.95 time, 3340.01 real, 4 MB, 5.10 load
[runlim] sample:		3338.91 time, 3350.01 real, 4 MB, 5.08 load
[runlim] sample:		3348.88 time, 3360.01 real, 4 MB, 5.07 load
[runlim] sample:		3358.85 time, 3370.01 real, 4 MB, 5.06 load
[runlim] sample:		3368.81 time, 3380.01 real, 4 MB, 5.05 load
[runlim] sample:		3378.78 time, 3390.01 real, 4 MB, 5.04 load
[runlim] sample:		3388.75 time, 3400.01 real, 4 MB, 5.11 load
[runlim] sample:		3398.71 time, 3410.01 real, 4 MB, 5.09 load
[runlim] sample:		3408.68 time, 3420.01 real, 4 MB, 5.08 load
[runlim] sample:		3418.64 time, 3430.01 real, 4 MB, 5.07 load
[runlim] sample:		3428.61 time, 3440.01 real, 4 MB, 5.06 load
[runlim] sample:		3438.58 time, 3450.01 real, 4 MB, 5.05 load
[runlim] sample:		3448.54 time, 3460.01 real, 4 MB, 5.11 load
[runlim] sample:		3458.51 time, 3470.01 real, 4 MB, 5.09 load
[runlim] sample:		3468.48 time, 3480.01 real, 4 MB, 5.08 load
[runlim] sample:		3478.44 time, 3490.01 real, 4 MB, 5.07 load
[runlim] sample:		3488.41 time, 3500.01 real, 4 MB, 5.06 load
[runlim] sample:		3498.38 time, 3510.01 real, 4 MB, 5.05 load
[runlim] sample:		3508.34 time, 3520.01 real, 4 MB, 5.04 load
[runlim] sample:		3518.31 time, 3530.01 real, 4 MB, 5.03 load
[runlim] sample:		3528.28 time, 3540.01 real, 4 MB, 5.03 load
[runlim] sample:		3538.24 time, 3550.01 real, 4 MB, 5.02 load
[runlim] sample:		3548.21 time, 3560.01 real, 4 MB, 5.10 load
[runlim] sample:		3558.18 time, 3570.01 real, 4 MB, 5.08 load
[runlim] sample:		3568.14 time, 3580.01 real, 4 MB, 5.07 load
[runlim] sample:		3578.11 time, 3590.01 real, 4 MB, 5.06 load
[runlim] sample:		3588.07 time, 3600.01 real, 4 MB, 5.05 load
[runlim] sample:		3598.04 time, 3610.01 real, 4 MB, 5.04 load
[runlim] sample:		3608.01 time, 3620.01 real, 4 MB, 5.03 load
[runlim] sample:		3617.97 time, 3630.01 real, 4 MB, 5.03 load
[runlim] sample:		3627.94 time, 3640.01 real, 4 MB, 5.02 load
[runlim] sample:		3637.91 time, 3650.01 real, 4 MB, 5.02 load
[runlim] sample:		3647.87 time, 3660.01 real, 4 MB, 5.02 load
[runlim] sample:		3657.84 time, 3670.01 real, 4 MB, 5.01 load
[runlim] sample:		3667.81 time, 3680.01 real, 4 MB, 5.01 load
[runlim] sample:		3677.77 time, 3690.01 real, 4 MB, 5.01 load
[runlim] sample:		3687.74 time, 3700.01 real, 4 MB, 5.01 load
[runlim] sample:		3697.71 time, 3710.01 real, 4 MB, 5.01 load
[runlim] sample:		3707.67 time, 3720.01 real, 4 MB, 5.00 load
[runlim] sample:		3717.64 time, 3730.01 real, 4 MB, 5.00 load
[runlim] sample:		3727.60 time, 3740.01 real, 5 MB, 5.00 load
[runlim] sample:		3737.57 time, 3750.01 real, 5 MB, 5.00 load
[runlim] sample:		3747.53 time, 3760.01 real, 5 MB, 5.00 load
[runlim] sample:		3757.50 time, 3770.01 real, 5 MB, 5.15 load
[runlim] sample:		3767.47 time, 3780.01 real, 5 MB, 5.13 load
[runlim] sample:		3777.43 time, 3790.01 real, 5 MB, 5.11 load
[runlim] sample:		3787.40 time, 3800.01 real, 5 MB, 5.17 load
[runlim] sample:		3797.36 time, 3810.01 real, 5 MB, 5.14 load
[runlim] sample:		3807.33 time, 3820.01 real, 5 MB, 5.12 load
[runlim] sample:		3817.30 time, 3830.01 real, 5 MB, 5.10 load
[runlim] sample:		3827.26 time, 3840.01 real, 5 MB, 5.08 load
[runlim] sample:		3837.23 time, 3850.01 real, 5 MB, 5.07 load
[runlim] sample:		3847.20 time, 3860.01 real, 5 MB, 5.13 load
[runlim] sample:		3857.16 time, 3870.01 real, 5 MB, 5.11 load
[runlim] sample:		3867.13 time, 3880.01 real, 5 MB, 5.10 load
[runlim] sample:		3877.10 time, 3890.01 real, 5 MB, 5.08 load
[runlim] sample:		3887.06 time, 3900.01 real, 5 MB, 5.07 load
[runlim] sample:		3897.03 time, 3910.01 real, 5 MB, 5.06 load
[runlim] sample:		3907.00 time, 3920.01 real, 5 MB, 5.05 load
[runlim] sample:		3916.96 time, 3930.01 real, 5 MB, 5.04 load
[runlim] sample:		3926.93 time, 3940.01 real, 5 MB, 5.03 load
[runlim] sample:		3936.89 time, 3950.01 real, 5 MB, 5.03 load
[runlim] sample:		3946.86 time, 3960.01 real, 5 MB, 5.02 load
[runlim] sample:		3956.83 time, 3970.01 real, 5 MB, 5.02 load
[runlim] sample:		3966.79 time, 3980.01 real, 5 MB, 5.02 load
[runlim] sample:		3976.76 time, 3990.01 real, 5 MB, 5.01 load
[runlim] sample:		3986.73 time, 4000.01 real, 5 MB, 5.01 load
[runlim] sample:		3996.69 time, 4010.01 real, 5 MB, 5.01 load
[runlim] sample:		4006.66 time, 4020.01 real, 5 MB, 5.01 load
[runlim] sample:		4016.63 time, 4030.01 real, 5 MB, 5.00 load
[runlim] sample:		4026.59 time, 4040.01 real, 5 MB, 5.00 load
[runlim] sample:		4036.56 time, 4050.01 real, 5 MB, 5.00 load
[runlim] sample:		4046.52 time, 4060.01 real, 5 MB, 5.00 load
[runlim] sample:		4056.49 time, 4070.01 real, 5 MB, 5.00 load
[runlim] sample:		4066.46 time, 4080.01 real, 5 MB, 5.00 load
[runlim] sample:		4076.42 time, 4090.01 real, 5 MB, 5.00 load
[runlim] sample:		4086.39 time, 4100.01 real, 5 MB, 5.00 load
[runlim] sample:		4096.36 time, 4110.01 real, 5 MB, 5.00 load
[runlim] sample:		4106.32 time, 4120.01 real, 5 MB, 5.00 load
[runlim] sample:		4116.29 time, 4130.01 real, 5 MB, 5.00 load
[runlim] sample:		4126.25 time, 4140.01 real, 5 MB, 5.00 load
[runlim] sample:		4136.22 time, 4150.01 real, 5 MB, 5.00 load
[runlim] sample:		4146.19 time, 4160.01 real, 5 MB, 5.00 load
[runlim] sample:		4156.15 time, 4170.01 real, 5 MB, 5.00 load
[runlim] sample:		4166.12 time, 4180.01 real, 5 MB, 5.00 load
[runlim] sample:		4176.09 time, 4190.01 real, 5 MB, 5.07 load
[runlim] sample:		4186.05 time, 4200.01 real, 5 MB, 5.06 load
[runlim] sample:		4196.02 time, 4210.01 real, 5 MB, 5.05 load
[runlim] sample:		4205.99 time, 4220.01 real, 5 MB, 5.04 load
[runlim] sample:		4215.95 time, 4230.01 real, 5 MB, 5.04 load
[runlim] sample:		4225.92 time, 4240.01 real, 5 MB, 5.03 load
[runlim] sample:		4235.88 time, 4250.01 real, 5 MB, 5.02 load
[runlim] sample:		4245.85 time, 4260.01 real, 5 MB, 5.02 load
[runlim] sample:		4255.82 time, 4270.01 real, 5 MB, 5.02 load
[runlim] sample:		4265.78 time, 4280.01 real, 5 MB, 5.01 load
[runlim] sample:		4275.75 time, 4290.01 real, 5 MB, 5.01 load
[runlim] sample:		4285.72 time, 4300.01 real, 5 MB, 5.01 load
[runlim] sample:		4295.68 time, 4310.01 real, 5 MB, 5.01 load
[runlim] sample:		4305.65 time, 4320.01 real, 5 MB, 5.01 load
[runlim] sample:		4315.62 time, 4330.01 real, 5 MB, 5.00 load
[runlim] sample:		4325.58 time, 4340.01 real, 5 MB, 5.00 load
[runlim] sample:		4335.55 time, 4350.01 real, 5 MB, 5.00 load
[runlim] sample:		4345.52 time, 4360.01 real, 5 MB, 5.00 load
[runlim] sample:		4355.48 time, 4370.01 real, 5 MB, 5.00 load
[runlim] sample:		4365.45 time, 4380.01 real, 5 MB, 5.00 load
[runlim] sample:		4375.41 time, 4390.01 real, 5 MB, 5.00 load
[runlim] sample:		4385.38 time, 4400.01 real, 5 MB, 5.00 load
[runlim] sample:		4395.35 time, 4410.01 real, 5 MB, 5.00 load
[runlim] sample:		4405.31 time, 4420.01 real, 5 MB, 5.00 load
[runlim] sample:		4415.28 time, 4430.01 real, 5 MB, 5.00 load
[runlim] sample:		4425.25 time, 4440.01 real, 5 MB, 5.00 load
[runlim] sample:		4435.21 time, 4450.01 real, 5 MB, 5.00 load
[runlim] sample:		4445.18 time, 4460.01 real, 5 MB, 5.00 load
[runlim] sample:		4455.15 time, 4470.01 real, 5 MB, 5.00 load
[runlim] sample:		4465.11 time, 4480.01 real, 5 MB, 5.00 load
[runlim] sample:		4475.08 time, 4490.01 real, 5 MB, 5.00 load
[runlim] sample:		4485.05 time, 4500.01 real, 5 MB, 5.15 load
[runlim] sample:		4495.01 time, 4510.01 real, 5 MB, 5.13 load
[runlim] sample:		4504.98 time, 4520.01 real, 5 MB, 5.11 load
[runlim] sample:		4514.95 time, 4530.01 real, 5 MB, 5.09 load
[runlim] sample:		4524.92 time, 4540.01 real, 5 MB, 5.08 load
[runlim] sample:		4534.88 time, 4550.01 real, 5 MB, 5.06 load
[runlim] sample:		4544.85 time, 4560.01 real, 5 MB, 5.13 load
[runlim] sample:		4554.81 time, 4570.01 real, 5 MB, 5.11 load
[runlim] sample:		4564.78 time, 4580.01 real, 5 MB, 5.09 load
[runlim] sample:		4574.75 time, 4590.01 real, 5 MB, 5.08 load
[runlim] sample:		4584.72 time, 4600.01 real, 5 MB, 5.06 load
[runlim] sample:		4594.68 time, 4610.01 real, 5 MB, 5.05 load
[runlim] sample:		4604.65 time, 4620.01 real, 5 MB, 5.05 load
[runlim] sample:		4614.61 time, 4630.01 real, 5 MB, 5.04 load
[runlim] sample:		4624.58 time, 4640.01 real, 5 MB, 5.03 load
[runlim] sample:		4634.55 time, 4650.01 real, 5 MB, 5.03 load
[runlim] sample:		4644.51 time, 4660.01 real, 5 MB, 5.02 load
[runlim] sample:		4654.48 time, 4670.01 real, 5 MB, 5.02 load
[runlim] sample:		4664.44 time, 4680.01 real, 5 MB, 5.02 load
[runlim] sample:		4674.41 time, 4690.01 real, 5 MB, 5.01 load
[runlim] sample:		4684.38 time, 4700.01 real, 5 MB, 5.01 load
[runlim] sample:		4694.34 time, 4710.01 real, 5 MB, 5.01 load
[runlim] sample:		4704.31 time, 4720.01 real, 5 MB, 5.01 load
[runlim] sample:		4714.27 time, 4730.01 real, 5 MB, 5.00 load
[runlim] sample:		4724.24 time, 4740.01 real, 5 MB, 5.00 load
[runlim] sample:		4734.21 time, 4750.01 real, 5 MB, 5.00 load
[runlim] sample:		4744.17 time, 4760.01 real, 5 MB, 5.08 load
[runlim] sample:		4754.14 time, 4770.01 real, 5 MB, 5.06 load
[runlim] sample:		4764.11 time, 4780.01 real, 5 MB, 5.05 load
[runlim] sample:		4774.07 time, 4790.01 real, 5 MB, 5.04 load
[runlim] sample:		4784.04 time, 4800.01 real, 5 MB, 5.04 load
[runlim] sample:		4794.01 time, 4810.01 real, 5 MB, 5.03 load
[runlim] sample:		4803.97 time, 4820.01 real, 5 MB, 5.03 load
[runlim] sample:		4813.94 time, 4830.01 real, 5 MB, 5.02 load
[runlim] sample:		4823.90 time, 4840.01 real, 5 MB, 5.02 load
[runlim] sample:		4833.87 time, 4850.01 real, 5 MB, 5.01 load
[runlim] sample:		4843.84 time, 4860.01 real, 5 MB, 5.01 load
[runlim] sample:		4853.80 time, 4870.01 real, 5 MB, 5.01 load
[runlim] sample:		4863.77 time, 4880.01 real, 5 MB, 5.01 load
[runlim] sample:		4873.74 time, 4890.01 real, 5 MB, 5.01 load
[runlim] sample:		4883.70 time, 4900.01 real, 5 MB, 5.08 load
[runlim] sample:		4893.67 time, 4910.01 real, 5 MB, 5.07 load
[runlim] sample:		4903.64 time, 4920.01 real, 5 MB, 5.06 load
[runlim] sample:		4913.60 time, 4930.01 real, 5 MB, 5.05 load
[runlim] sample:		4923.57 time, 4940.01 real, 5 MB, 5.04 load
[runlim] sample:		4933.53 time, 4950.01 real, 5 MB, 5.03 load
[runlim] sample:		4943.50 time, 4960.01 real, 5 MB, 5.10 load
[runlim] sample:		4953.46 time, 4970.01 real, 5 MB, 5.17 load
[runlim] sample:		4963.43 time, 4980.01 real, 5 MB, 5.14 load
[runlim] sample:		4973.40 time, 4990.01 real, 5 MB, 4.96 load
[runlim] sample:		4983.37 time, 5000.01 real, 5 MB, 4.74 load
[runlim] end:			Sun Mar 15 01:51:29 2026
[runlim] status:		out of time
[runlim] result:		2
[runlim] children:		1
[runlim] processes:		2
[runlim] real:			5000.05 seconds
[runlim] time:			4983.37 seconds
[runlim] space:			5 MB
[runlim] load:			12.21 maximum
[runlim] samples:		50000
