[runlim] version:		2.0.0rc1
[runlim] host:			p01n12
[runlim] time limit:		311040000 seconds
[runlim] real time limit:	5000 seconds
[runlim] space limit:		7000 MB
[runlim] argv[0]:		./binary
[runlim] argv[1]:		-c
[runlim] argv[2]:		-s
[runlim] argv[3]:		-f
[runlim] argv[4]:		/tmp/local-unzipped-12158367-7-420-BMS_k3_n100_m429_93.cnf
[runlim] start:			Sun Mar 15 00:28:14 2026
[runlim] child:			2650387
[runlim] sample:		9.95 time, 10.01 real, 4 MB, 6.05 load
[runlim] sample:		19.90 time, 20.01 real, 4 MB, 7.59 load
[runlim] sample:		29.85 time, 30.01 real, 4 MB, 9.19 load
[runlim] sample:		39.81 time, 40.01 real, 4 MB, 10.08 load
[runlim] sample:		49.76 time, 50.01 real, 4 MB, 11.00 load
[runlim] sample:		59.71 time, 60.01 real, 4 MB, 11.62 load
[runlim] sample:		69.67 time, 70.01 real, 4 MB, 11.98 load
[runlim] sample:		79.62 time, 80.01 real, 4 MB, 12.14 load
[runlim] sample:		89.58 time, 90.01 real, 4 MB, 12.19 load
[runlim] sample:		99.53 time, 100.01 real, 4 MB, 11.93 load
[runlim] sample:		109.49 time, 110.01 real, 4 MB, 11.63 load
[runlim] sample:		119.45 time, 120.01 real, 4 MB, 11.54 load
[runlim] sample:		129.40 time, 130.01 real, 4 MB, 11.30 load
[runlim] sample:		139.36 time, 140.01 real, 4 MB, 11.10 load
[runlim] sample:		149.32 time, 150.01 real, 4 MB, 10.93 load
[runlim] sample:		159.27 time, 160.01 real, 4 MB, 10.87 load
[runlim] sample:		169.23 time, 170.01 real, 4 MB, 10.66 load
[runlim] sample:		179.19 time, 180.01 real, 4 MB, 10.48 load
[runlim] sample:		189.14 time, 190.01 real, 4 MB, 10.25 load
[runlim] sample:		199.10 time, 200.01 real, 4 MB, 10.06 load
[runlim] sample:		209.05 time, 210.01 real, 4 MB, 9.90 load
[runlim] sample:		219.01 time, 220.01 real, 4 MB, 9.76 load
[runlim] sample:		228.96 time, 230.01 real, 4 MB, 9.64 load
[runlim] sample:		238.92 time, 240.01 real, 4 MB, 9.62 load
[runlim] sample:		248.87 time, 250.01 real, 4 MB, 9.53 load
[runlim] sample:		258.83 time, 260.01 real, 4 MB, 9.36 load
[runlim] sample:		268.78 time, 270.01 real, 4 MB, 9.15 load
[runlim] sample:		278.73 time, 280.01 real, 4 MB, 8.98 load
[runlim] sample:		288.69 time, 290.01 real, 4 MB, 8.83 load
[runlim] sample:		298.64 time, 300.01 real, 4 MB, 8.78 load
[runlim] sample:		308.59 time, 310.01 real, 4 MB, 8.66 load
[runlim] sample:		318.54 time, 320.01 real, 4 MB, 8.56 load
[runlim] sample:		328.49 time, 330.01 real, 4 MB, 8.47 load
[runlim] sample:		338.45 time, 340.01 real, 4 MB, 8.24 load
[runlim] sample:		348.40 time, 350.01 real, 4 MB, 8.05 load
[runlim] sample:		358.35 time, 360.01 real, 4 MB, 7.97 load
[runlim] sample:		368.31 time, 370.01 real, 4 MB, 7.82 load
[runlim] sample:		378.26 time, 380.01 real, 4 MB, 7.69 load
[runlim] sample:		388.21 time, 390.01 real, 4 MB, 7.59 load
[runlim] sample:		398.17 time, 400.01 real, 4 MB, 7.50 load
[runlim] sample:		408.12 time, 410.01 real, 4 MB, 7.42 load
[runlim] sample:		418.07 time, 420.01 real, 4 MB, 7.35 load
[runlim] sample:		428.02 time, 430.01 real, 4 MB, 7.30 load
[runlim] sample:		437.98 time, 440.01 real, 4 MB, 7.25 load
[runlim] sample:		447.93 time, 450.01 real, 4 MB, 7.21 load
[runlim] sample:		457.88 time, 460.01 real, 4 MB, 7.18 load
[runlim] sample:		467.84 time, 470.01 real, 4 MB, 7.15 load
[runlim] sample:		477.79 time, 480.01 real, 4 MB, 7.05 load
[runlim] sample:		487.74 time, 490.01 real, 4 MB, 6.89 load
[runlim] sample:		497.70 time, 500.01 real, 4 MB, 6.75 load
[runlim] sample:		507.65 time, 510.01 real, 4 MB, 6.63 load
[runlim] sample:		517.60 time, 520.01 real, 4 MB, 6.54 load
[runlim] sample:		527.56 time, 530.01 real, 4 MB, 6.45 load
[runlim] sample:		537.51 time, 540.01 real, 4 MB, 6.38 load
[runlim] sample:		547.46 time, 550.01 real, 4 MB, 6.40 load
[runlim] sample:		557.42 time, 560.01 real, 4 MB, 6.34 load
[runlim] sample:		567.37 time, 570.01 real, 4 MB, 6.29 load
[runlim] sample:		577.32 time, 580.01 real, 4 MB, 6.24 load
[runlim] sample:		587.28 time, 590.01 real, 4 MB, 6.21 load
[runlim] sample:		597.23 time, 600.01 real, 4 MB, 6.17 load
[runlim] sample:		607.18 time, 610.01 real, 4 MB, 6.15 load
[runlim] sample:		617.14 time, 620.01 real, 4 MB, 6.12 load
[runlim] sample:		627.09 time, 630.01 real, 4 MB, 6.10 load
[runlim] sample:		637.04 time, 640.01 real, 4 MB, 6.09 load
[runlim] sample:		647.00 time, 650.01 real, 4 MB, 6.07 load
[runlim] sample:		656.95 time, 660.01 real, 4 MB, 6.06 load
[runlim] sample:		666.90 time, 670.01 real, 4 MB, 6.05 load
[runlim] sample:		676.86 time, 680.01 real, 4 MB, 6.04 load
[runlim] sample:		686.81 time, 690.01 real, 4 MB, 6.12 load
[runlim] sample:		696.76 time, 700.01 real, 4 MB, 6.10 load
[runlim] sample:		706.71 time, 710.01 real, 4 MB, 6.08 load
[runlim] sample:		716.67 time, 720.01 real, 4 MB, 6.07 load
[runlim] sample:		726.62 time, 730.01 real, 4 MB, 6.06 load
[runlim] sample:		736.58 time, 740.01 real, 4 MB, 6.05 load
[runlim] sample:		746.53 time, 750.01 real, 4 MB, 6.12 load
[runlim] sample:		756.48 time, 760.01 real, 4 MB, 6.10 load
[runlim] sample:		766.44 time, 770.01 real, 4 MB, 6.09 load
[runlim] sample:		776.39 time, 780.01 real, 4 MB, 6.07 load
[runlim] sample:		786.34 time, 790.01 real, 4 MB, 6.06 load
[runlim] sample:		796.30 time, 800.01 real, 4 MB, 6.05 load
[runlim] sample:		806.25 time, 810.01 real, 4 MB, 6.04 load
[runlim] sample:		816.21 time, 820.01 real, 4 MB, 6.04 load
[runlim] sample:		826.16 time, 830.01 real, 4 MB, 6.03 load
[runlim] sample:		836.11 time, 840.01 real, 4 MB, 6.10 load
[runlim] sample:		846.07 time, 850.01 real, 4 MB, 6.08 load
[runlim] sample:		856.02 time, 860.01 real, 4 MB, 6.07 load
[runlim] sample:		865.97 time, 870.01 real, 4 MB, 6.06 load
[runlim] sample:		875.93 time, 880.01 real, 4 MB, 6.05 load
[runlim] sample:		885.88 time, 890.01 real, 4 MB, 6.04 load
[runlim] sample:		895.83 time, 900.01 real, 4 MB, 6.03 load
[runlim] sample:		905.78 time, 910.01 real, 4 MB, 6.03 load
[runlim] sample:		915.74 time, 920.01 real, 4 MB, 6.02 load
[runlim] sample:		925.69 time, 930.01 real, 4 MB, 6.02 load
[runlim] sample:		935.65 time, 940.01 real, 4 MB, 6.02 load
[runlim] sample:		945.60 time, 950.01 real, 4 MB, 6.01 load
[runlim] sample:		955.55 time, 960.01 real, 4 MB, 6.01 load
[runlim] sample:		965.50 time, 970.01 real, 4 MB, 6.01 load
[runlim] sample:		975.46 time, 980.01 real, 4 MB, 6.01 load
[runlim] sample:		985.41 time, 990.01 real, 4 MB, 6.01 load
[runlim] sample:		995.37 time, 1000.01 real, 4 MB, 6.00 load
[runlim] sample:		1005.32 time, 1010.01 real, 4 MB, 6.00 load
[runlim] sample:		1015.28 time, 1020.01 real, 4 MB, 6.00 load
[runlim] sample:		1025.23 time, 1030.01 real, 4 MB, 6.00 load
[runlim] sample:		1035.19 time, 1040.01 real, 4 MB, 6.00 load
[runlim] sample:		1045.14 time, 1050.01 real, 4 MB, 6.00 load
[runlim] sample:		1055.09 time, 1060.01 real, 4 MB, 6.00 load
[runlim] sample:		1065.04 time, 1070.01 real, 4 MB, 6.00 load
[runlim] sample:		1075.00 time, 1080.01 real, 4 MB, 6.00 load
[runlim] sample:		1084.95 time, 1090.01 real, 4 MB, 6.08 load
[runlim] sample:		1094.91 time, 1100.01 real, 4 MB, 6.07 load
[runlim] sample:		1104.86 time, 1110.01 real, 4 MB, 6.06 load
[runlim] sample:		1114.82 time, 1120.01 real, 4 MB, 6.05 load
[runlim] sample:		1124.77 time, 1130.01 real, 4 MB, 6.04 load
[runlim] sample:		1134.72 time, 1140.01 real, 4 MB, 6.03 load
[runlim] sample:		1144.68 time, 1150.01 real, 4 MB, 6.11 load
[runlim] sample:		1154.63 time, 1160.01 real, 4 MB, 6.09 load
[runlim] sample:		1164.58 time, 1170.01 real, 4 MB, 6.08 load
[runlim] sample:		1174.54 time, 1180.01 real, 4 MB, 6.06 load
[runlim] sample:		1184.49 time, 1190.01 real, 4 MB, 6.05 load
[runlim] sample:		1194.44 time, 1200.01 real, 4 MB, 5.97 load
[runlim] sample:		1204.40 time, 1210.01 real, 4 MB, 5.82 load
[runlim] sample:		1214.35 time, 1220.01 real, 4 MB, 5.69 load
[runlim] sample:		1224.31 time, 1230.01 real, 4 MB, 5.66 load
[runlim] sample:		1234.26 time, 1240.01 real, 4 MB, 5.56 load
[runlim] sample:		1244.22 time, 1250.01 real, 4 MB, 5.47 load
[runlim] sample:		1254.17 time, 1260.01 real, 4 MB, 5.40 load
[runlim] sample:		1264.13 time, 1270.01 real, 4 MB, 5.34 load
[runlim] sample:		1274.08 time, 1280.01 real, 4 MB, 5.29 load
[runlim] sample:		1284.04 time, 1290.01 real, 4 MB, 5.32 load
[runlim] sample:		1293.99 time, 1300.01 real, 4 MB, 5.27 load
[runlim] sample:		1303.95 time, 1310.01 real, 4 MB, 5.23 load
[runlim] sample:		1313.90 time, 1320.01 real, 4 MB, 5.19 load
[runlim] sample:		1323.86 time, 1330.01 real, 4 MB, 5.16 load
[runlim] sample:		1333.81 time, 1340.01 real, 4 MB, 5.14 load
[runlim] sample:		1343.77 time, 1350.01 real, 4 MB, 5.20 load
[runlim] sample:		1353.72 time, 1360.01 real, 4 MB, 5.17 load
[runlim] sample:		1363.68 time, 1370.01 real, 4 MB, 5.14 load
[runlim] sample:		1373.63 time, 1380.01 real, 4 MB, 5.12 load
[runlim] sample:		1383.59 time, 1390.01 real, 4 MB, 5.10 load
[runlim] sample:		1393.54 time, 1400.01 real, 4 MB, 5.08 load
[runlim] sample:		1403.50 time, 1410.01 real, 4 MB, 5.07 load
[runlim] sample:		1413.45 time, 1420.01 real, 4 MB, 5.06 load
[runlim] sample:		1423.41 time, 1430.01 real, 4 MB, 5.13 load
[runlim] sample:		1433.36 time, 1440.01 real, 4 MB, 5.11 load
[runlim] sample:		1443.32 time, 1450.01 real, 4 MB, 5.09 load
[runlim] sample:		1453.27 time, 1460.01 real, 4 MB, 5.08 load
[runlim] sample:		1463.23 time, 1470.01 real, 4 MB, 5.07 load
[runlim] sample:		1473.18 time, 1480.01 real, 4 MB, 5.06 load
[runlim] sample:		1483.14 time, 1490.01 real, 4 MB, 5.13 load
[runlim] sample:		1493.09 time, 1500.01 real, 4 MB, 5.11 load
[runlim] sample:		1503.05 time, 1510.01 real, 4 MB, 5.09 load
[runlim] sample:		1513.00 time, 1520.01 real, 4 MB, 5.08 load
[runlim] sample:		1522.96 time, 1530.01 real, 4 MB, 5.06 load
[runlim] sample:		1532.91 time, 1540.01 real, 4 MB, 5.13 load
[runlim] sample:		1542.86 time, 1550.01 real, 4 MB, 5.19 load
[runlim] sample:		1552.82 time, 1560.01 real, 4 MB, 5.16 load
[runlim] sample:		1562.78 time, 1570.01 real, 4 MB, 5.14 load
[runlim] sample:		1572.73 time, 1580.01 real, 4 MB, 5.12 load
[runlim] sample:		1582.69 time, 1590.01 real, 4 MB, 5.10 load
[runlim] sample:		1592.64 time, 1600.01 real, 4 MB, 5.08 load
[runlim] sample:		1602.60 time, 1610.01 real, 4 MB, 5.07 load
[runlim] sample:		1612.55 time, 1620.01 real, 4 MB, 5.06 load
[runlim] sample:		1622.51 time, 1630.01 real, 4 MB, 5.05 load
[runlim] sample:		1632.46 time, 1640.01 real, 4 MB, 5.04 load
[runlim] sample:		1642.41 time, 1650.01 real, 4 MB, 5.03 load
[runlim] sample:		1652.37 time, 1660.01 real, 4 MB, 5.03 load
[runlim] sample:		1662.32 time, 1670.01 real, 4 MB, 5.02 load
[runlim] sample:		1672.28 time, 1680.01 real, 4 MB, 5.02 load
[runlim] sample:		1682.23 time, 1690.01 real, 4 MB, 5.02 load
[runlim] sample:		1692.18 time, 1700.01 real, 4 MB, 5.09 load
[runlim] sample:		1702.14 time, 1710.01 real, 4 MB, 5.07 load
[runlim] sample:		1712.09 time, 1720.01 real, 4 MB, 5.06 load
[runlim] sample:		1722.05 time, 1730.01 real, 4 MB, 5.13 load
[runlim] sample:		1732.00 time, 1740.01 real, 4 MB, 5.11 load
[runlim] sample:		1741.95 time, 1750.01 real, 4 MB, 5.17 load
[runlim] sample:		1751.91 time, 1760.01 real, 4 MB, 5.14 load
[runlim] sample:		1761.86 time, 1770.01 real, 4 MB, 5.12 load
[runlim] sample:		1771.82 time, 1780.01 real, 4 MB, 5.10 load
[runlim] sample:		1781.77 time, 1790.01 real, 4 MB, 5.09 load
[runlim] sample:		1791.73 time, 1800.01 real, 4 MB, 5.07 load
[runlim] sample:		1801.68 time, 1810.01 real, 4 MB, 5.06 load
[runlim] sample:		1811.64 time, 1820.01 real, 4 MB, 5.05 load
[runlim] sample:		1821.59 time, 1830.01 real, 4 MB, 5.04 load
[runlim] sample:		1831.55 time, 1840.01 real, 4 MB, 5.04 load
[runlim] sample:		1841.50 time, 1850.01 real, 4 MB, 5.03 load
[runlim] sample:		1851.45 time, 1860.01 real, 4 MB, 5.02 load
[runlim] sample:		1861.41 time, 1870.01 real, 4 MB, 5.02 load
[runlim] sample:		1871.36 time, 1880.01 real, 4 MB, 5.02 load
[runlim] sample:		1881.32 time, 1890.01 real, 4 MB, 5.01 load
[runlim] sample:		1891.27 time, 1900.01 real, 4 MB, 5.01 load
[runlim] sample:		1901.22 time, 1910.01 real, 4 MB, 5.01 load
[runlim] sample:		1911.18 time, 1920.01 real, 4 MB, 5.01 load
[runlim] sample:		1921.13 time, 1930.01 real, 4 MB, 5.01 load
[runlim] sample:		1931.09 time, 1940.01 real, 4 MB, 5.16 load
[runlim] sample:		1941.04 time, 1950.01 real, 4 MB, 5.22 load
[runlim] sample:		1950.99 time, 1960.01 real, 4 MB, 5.18 load
[runlim] sample:		1960.95 time, 1970.01 real, 4 MB, 5.16 load
[runlim] sample:		1970.90 time, 1980.01 real, 4 MB, 5.13 load
[runlim] sample:		1980.86 time, 1990.01 real, 4 MB, 5.11 load
[runlim] sample:		1990.81 time, 2000.01 real, 4 MB, 5.09 load
[runlim] sample:		2000.77 time, 2010.01 real, 4 MB, 5.08 load
[runlim] sample:		2010.72 time, 2020.01 real, 4 MB, 5.07 load
[runlim] sample:		2020.67 time, 2030.01 real, 4 MB, 5.06 load
[runlim] sample:		2030.63 time, 2040.01 real, 4 MB, 5.05 load
[runlim] sample:		2040.58 time, 2050.01 real, 4 MB, 5.04 load
[runlim] sample:		2050.54 time, 2060.01 real, 4 MB, 5.03 load
[runlim] sample:		2060.49 time, 2070.01 real, 4 MB, 5.03 load
[runlim] sample:		2070.45 time, 2080.01 real, 4 MB, 5.18 load
[runlim] sample:		2080.40 time, 2090.01 real, 4 MB, 5.46 load
[runlim] sample:		2090.36 time, 2100.01 real, 4 MB, 5.61 load
[runlim] sample:		2100.31 time, 2110.01 real, 4 MB, 5.67 load
[runlim] sample:		2110.26 time, 2120.01 real, 4 MB, 5.80 load
[runlim] sample:		2120.22 time, 2130.01 real, 4 MB, 5.91 load
[runlim] sample:		2130.17 time, 2140.01 real, 4 MB, 5.92 load
[runlim] sample:		2140.13 time, 2150.01 real, 4 MB, 6.02 load
[runlim] sample:		2150.08 time, 2160.01 real, 4 MB, 5.93 load
[runlim] sample:		2160.03 time, 2170.01 real, 4 MB, 5.79 load
[runlim] sample:		2169.99 time, 2180.01 real, 4 MB, 5.67 load
[runlim] sample:		2179.94 time, 2190.01 real, 4 MB, 5.56 load
[runlim] sample:		2189.90 time, 2200.01 real, 4 MB, 5.48 load
[runlim] sample:		2199.85 time, 2210.01 real, 4 MB, 5.40 load
[runlim] sample:		2209.81 time, 2220.01 real, 4 MB, 5.42 load
[runlim] sample:		2219.76 time, 2230.01 real, 4 MB, 5.36 load
[runlim] sample:		2229.71 time, 2240.01 real, 4 MB, 5.30 load
[runlim] sample:		2239.67 time, 2250.01 real, 4 MB, 5.25 load
[runlim] sample:		2249.62 time, 2260.01 real, 4 MB, 5.29 load
[runlim] sample:		2259.58 time, 2270.01 real, 4 MB, 5.25 load
[runlim] sample:		2269.53 time, 2280.01 real, 4 MB, 5.37 load
[runlim] sample:		2279.48 time, 2290.01 real, 4 MB, 5.31 load
[runlim] sample:		2289.44 time, 2300.01 real, 4 MB, 5.27 load
[runlim] sample:		2299.39 time, 2310.01 real, 4 MB, 5.22 load
[runlim] sample:		2309.35 time, 2320.01 real, 4 MB, 5.19 load
[runlim] sample:		2319.30 time, 2330.01 real, 4 MB, 5.16 load
[runlim] sample:		2329.25 time, 2340.01 real, 4 MB, 5.21 load
[runlim] sample:		2339.21 time, 2350.01 real, 4 MB, 5.18 load
[runlim] sample:		2349.16 time, 2360.01 real, 4 MB, 5.15 load
[runlim] sample:		2359.12 time, 2370.01 real, 4 MB, 5.13 load
[runlim] sample:		2369.07 time, 2380.01 real, 4 MB, 5.11 load
[runlim] sample:		2379.03 time, 2390.01 real, 4 MB, 5.09 load
[runlim] sample:		2388.98 time, 2400.01 real, 4 MB, 5.16 load
[runlim] sample:		2398.93 time, 2410.01 real, 4 MB, 5.13 load
[runlim] sample:		2408.89 time, 2420.01 real, 4 MB, 5.11 load
[runlim] sample:		2418.84 time, 2430.01 real, 4 MB, 5.09 load
[runlim] sample:		2428.79 time, 2440.01 real, 4 MB, 5.08 load
[runlim] sample:		2438.75 time, 2450.01 real, 4 MB, 5.07 load
[runlim] sample:		2448.70 time, 2460.01 real, 4 MB, 5.29 load
[runlim] sample:		2458.65 time, 2470.01 real, 4 MB, 5.25 load
[runlim] sample:		2468.60 time, 2480.01 real, 4 MB, 5.21 load
[runlim] sample:		2478.56 time, 2490.01 real, 4 MB, 5.17 load
[runlim] sample:		2488.51 time, 2500.01 real, 4 MB, 5.15 load
[runlim] sample:		2498.47 time, 2510.01 real, 4 MB, 5.12 load
[runlim] sample:		2508.42 time, 2520.01 real, 4 MB, 5.10 load
[runlim] sample:		2518.37 time, 2530.01 real, 4 MB, 5.17 load
[runlim] sample:		2528.33 time, 2540.01 real, 4 MB, 5.14 load
[runlim] sample:		2538.28 time, 2550.01 real, 4 MB, 5.12 load
[runlim] sample:		2548.23 time, 2560.01 real, 4 MB, 5.10 load
[runlim] sample:		2558.19 time, 2570.01 real, 4 MB, 5.08 load
[runlim] sample:		2568.14 time, 2580.01 real, 4 MB, 5.07 load
[runlim] sample:		2578.09 time, 2590.01 real, 4 MB, 5.14 load
[runlim] sample:		2588.05 time, 2600.01 real, 4 MB, 5.12 load
[runlim] sample:		2598.00 time, 2610.01 real, 4 MB, 5.10 load
[runlim] sample:		2607.95 time, 2620.01 real, 4 MB, 5.08 load
[runlim] sample:		2617.91 time, 2630.01 real, 4 MB, 5.07 load
[runlim] sample:		2627.86 time, 2640.01 real, 4 MB, 5.06 load
[runlim] sample:		2637.81 time, 2650.01 real, 4 MB, 5.13 load
[runlim] sample:		2647.77 time, 2660.01 real, 4 MB, 5.11 load
[runlim] sample:		2657.72 time, 2670.01 real, 4 MB, 5.09 load
[runlim] sample:		2667.67 time, 2680.01 real, 4 MB, 5.08 load
[runlim] sample:		2677.63 time, 2690.01 real, 4 MB, 5.07 load
[runlim] sample:		2687.58 time, 2700.01 real, 4 MB, 5.13 load
[runlim] sample:		2697.54 time, 2710.01 real, 4 MB, 5.11 load
[runlim] sample:		2707.49 time, 2720.01 real, 4 MB, 5.09 load
[runlim] sample:		2717.45 time, 2730.01 real, 4 MB, 5.08 load
[runlim] sample:		2727.40 time, 2740.01 real, 4 MB, 5.06 load
[runlim] sample:		2737.35 time, 2750.01 real, 4 MB, 5.05 load
[runlim] sample:		2747.31 time, 2760.01 real, 4 MB, 5.05 load
[runlim] sample:		2757.26 time, 2770.01 real, 4 MB, 5.04 load
[runlim] sample:		2767.22 time, 2780.01 real, 4 MB, 5.03 load
[runlim] sample:		2777.17 time, 2790.01 real, 4 MB, 5.03 load
[runlim] sample:		2787.13 time, 2800.01 real, 4 MB, 5.02 load
[runlim] sample:		2797.08 time, 2810.01 real, 4 MB, 5.02 load
[runlim] sample:		2807.04 time, 2820.01 real, 4 MB, 5.02 load
[runlim] sample:		2816.99 time, 2830.01 real, 4 MB, 5.01 load
[runlim] sample:		2826.94 time, 2840.01 real, 4 MB, 5.01 load
[runlim] sample:		2836.89 time, 2850.01 real, 4 MB, 5.17 load
[runlim] sample:		2846.84 time, 2860.01 real, 4 MB, 5.14 load
[runlim] sample:		2856.80 time, 2870.01 real, 4 MB, 5.12 load
[runlim] sample:		2866.75 time, 2880.01 real, 4 MB, 5.10 load
[runlim] sample:		2876.70 time, 2890.01 real, 4 MB, 5.08 load
[runlim] sample:		2886.66 time, 2900.01 real, 4 MB, 5.07 load
[runlim] sample:		2896.61 time, 2910.01 real, 4 MB, 5.06 load
[runlim] sample:		2906.57 time, 2920.01 real, 4 MB, 5.05 load
[runlim] sample:		2916.52 time, 2930.01 real, 4 MB, 5.12 load
[runlim] sample:		2926.48 time, 2940.01 real, 4 MB, 5.10 load
[runlim] sample:		2936.43 time, 2950.01 real, 4 MB, 5.09 load
[runlim] sample:		2946.39 time, 2960.01 real, 4 MB, 5.07 load
[runlim] sample:		2956.34 time, 2970.01 real, 4 MB, 5.06 load
[runlim] sample:		2966.29 time, 2980.01 real, 4 MB, 5.05 load
[runlim] sample:		2976.25 time, 2990.01 real, 4 MB, 5.12 load
[runlim] sample:		2986.20 time, 3000.01 real, 4 MB, 5.10 load
[runlim] sample:		2996.15 time, 3010.01 real, 4 MB, 5.09 load
[runlim] sample:		3006.11 time, 3020.01 real, 4 MB, 5.07 load
[runlim] sample:		3016.07 time, 3030.01 real, 4 MB, 5.06 load
[runlim] sample:		3026.02 time, 3040.01 real, 4 MB, 5.05 load
[runlim] sample:		3035.97 time, 3050.01 real, 4 MB, 5.12 load
[runlim] sample:		3045.93 time, 3060.01 real, 4 MB, 5.10 load
[runlim] sample:		3055.88 time, 3070.01 real, 4 MB, 5.09 load
[runlim] sample:		3065.84 time, 3080.01 real, 4 MB, 5.07 load
[runlim] sample:		3075.79 time, 3090.01 real, 4 MB, 5.06 load
[runlim] sample:		3085.75 time, 3100.01 real, 4 MB, 5.05 load
[runlim] sample:		3095.70 time, 3110.01 real, 4 MB, 5.04 load
[runlim] sample:		3105.66 time, 3120.01 real, 4 MB, 5.04 load
[runlim] sample:		3115.61 time, 3130.01 real, 4 MB, 5.11 load
[runlim] sample:		3125.56 time, 3140.01 real, 4 MB, 5.09 load
[runlim] sample:		3135.52 time, 3150.01 real, 4 MB, 5.08 load
[runlim] sample:		3145.47 time, 3160.01 real, 4 MB, 5.07 load
[runlim] sample:		3155.42 time, 3170.01 real, 4 MB, 5.06 load
[runlim] sample:		3165.38 time, 3180.01 real, 4 MB, 5.05 load
[runlim] sample:		3175.33 time, 3190.01 real, 4 MB, 5.12 load
[runlim] sample:		3185.28 time, 3200.01 real, 4 MB, 5.10 load
[runlim] sample:		3195.24 time, 3210.01 real, 4 MB, 5.08 load
[runlim] sample:		3205.19 time, 3220.01 real, 4 MB, 5.07 load
[runlim] sample:		3215.15 time, 3230.01 real, 4 MB, 5.06 load
[runlim] sample:		3225.10 time, 3240.01 real, 4 MB, 5.05 load
[runlim] sample:		3235.05 time, 3250.01 real, 4 MB, 5.12 load
[runlim] sample:		3245.01 time, 3260.01 real, 4 MB, 5.10 load
[runlim] sample:		3254.96 time, 3270.01 real, 4 MB, 5.09 load
[runlim] sample:		3264.92 time, 3280.01 real, 4 MB, 5.07 load
[runlim] sample:		3274.87 time, 3290.01 real, 4 MB, 5.06 load
[runlim] sample:		3284.83 time, 3300.01 real, 4 MB, 5.05 load
[runlim] sample:		3294.78 time, 3310.01 real, 4 MB, 5.04 load
[runlim] sample:		3304.74 time, 3320.01 real, 4 MB, 5.04 load
[runlim] sample:		3314.69 time, 3330.01 real, 4 MB, 5.11 load
[runlim] sample:		3324.64 time, 3340.01 real, 4 MB, 5.09 load
[runlim] sample:		3334.60 time, 3350.01 real, 4 MB, 5.08 load
[runlim] sample:		3344.55 time, 3360.01 real, 4 MB, 5.07 load
[runlim] sample:		3354.51 time, 3370.01 real, 4 MB, 5.06 load
[runlim] sample:		3364.46 time, 3380.01 real, 4 MB, 5.05 load
[runlim] sample:		3374.41 time, 3390.01 real, 4 MB, 5.12 load
[runlim] sample:		3384.37 time, 3400.01 real, 4 MB, 5.10 load
[runlim] sample:		3394.32 time, 3410.01 real, 4 MB, 5.08 load
[runlim] sample:		3404.28 time, 3420.01 real, 4 MB, 5.07 load
[runlim] sample:		3414.23 time, 3430.01 real, 4 MB, 5.06 load
[runlim] sample:		3424.19 time, 3440.01 real, 4 MB, 5.05 load
[runlim] sample:		3434.14 time, 3450.01 real, 4 MB, 5.12 load
[runlim] sample:		3444.10 time, 3460.01 real, 4 MB, 5.10 load
[runlim] sample:		3454.05 time, 3470.01 real, 4 MB, 5.09 load
[runlim] sample:		3464.01 time, 3480.01 real, 4 MB, 5.07 load
[runlim] sample:		3473.96 time, 3490.01 real, 4 MB, 5.06 load
[runlim] sample:		3483.92 time, 3500.01 real, 4 MB, 5.05 load
[runlim] sample:		3493.87 time, 3510.01 real, 4 MB, 5.04 load
[runlim] sample:		3503.83 time, 3520.01 real, 4 MB, 5.04 load
[runlim] sample:		3513.78 time, 3530.01 real, 4 MB, 5.03 load
[runlim] sample:		3523.74 time, 3540.01 real, 4 MB, 5.02 load
[runlim] sample:		3533.69 time, 3550.01 real, 4 MB, 5.02 load
[runlim] sample:		3543.65 time, 3560.01 real, 4 MB, 5.09 load
[runlim] sample:		3553.60 time, 3570.01 real, 4 MB, 5.08 load
[runlim] sample:		3563.56 time, 3580.01 real, 4 MB, 5.06 load
[runlim] sample:		3573.51 time, 3590.01 real, 4 MB, 5.05 load
[runlim] sample:		3583.47 time, 3600.01 real, 4 MB, 5.05 load
[runlim] sample:		3593.42 time, 3610.01 real, 4 MB, 5.04 load
[runlim] sample:		3603.38 time, 3620.01 real, 4 MB, 5.03 load
[runlim] sample:		3613.33 time, 3630.01 real, 4 MB, 5.03 load
[runlim] sample:		3623.29 time, 3640.01 real, 4 MB, 5.02 load
[runlim] sample:		3633.24 time, 3650.01 real, 4 MB, 5.02 load
[runlim] sample:		3643.19 time, 3660.01 real, 4 MB, 5.02 load
[runlim] sample:		3653.15 time, 3670.01 real, 4 MB, 5.01 load
[runlim] sample:		3663.10 time, 3680.01 real, 4 MB, 5.01 load
[runlim] sample:		3673.06 time, 3690.01 real, 4 MB, 5.01 load
[runlim] sample:		3683.01 time, 3700.01 real, 4 MB, 5.01 load
[runlim] sample:		3692.97 time, 3710.01 real, 4 MB, 5.00 load
[runlim] sample:		3702.92 time, 3720.01 real, 4 MB, 5.00 load
[runlim] sample:		3712.87 time, 3730.01 real, 4 MB, 5.00 load
[runlim] sample:		3722.83 time, 3740.01 real, 4 MB, 5.00 load
[runlim] sample:		3732.78 time, 3750.01 real, 4 MB, 5.00 load
[runlim] sample:		3742.74 time, 3760.01 real, 4 MB, 5.08 load
[runlim] sample:		3752.69 time, 3770.01 real, 4 MB, 5.14 load
[runlim] sample:		3762.64 time, 3780.01 real, 4 MB, 5.12 load
[runlim] sample:		3772.60 time, 3790.01 real, 4 MB, 5.18 load
[runlim] sample:		3782.55 time, 3800.01 real, 4 MB, 5.15 load
[runlim] sample:		3792.51 time, 3810.01 real, 4 MB, 5.13 load
[runlim] sample:		3802.46 time, 3820.01 real, 4 MB, 5.11 load
[runlim] sample:		3812.42 time, 3830.01 real, 4 MB, 5.09 load
[runlim] sample:		3822.37 time, 3840.01 real, 4 MB, 5.08 load
[runlim] sample:		3832.32 time, 3850.01 real, 4 MB, 5.15 load
[runlim] sample:		3842.28 time, 3860.01 real, 4 MB, 5.12 load
[runlim] sample:		3852.23 time, 3870.01 real, 4 MB, 5.10 load
[runlim] sample:		3862.19 time, 3880.01 real, 4 MB, 5.09 load
[runlim] sample:		3872.14 time, 3890.01 real, 4 MB, 5.07 load
[runlim] sample:		3882.10 time, 3900.01 real, 4 MB, 5.06 load
[runlim] sample:		3892.05 time, 3910.01 real, 4 MB, 5.05 load
[runlim] sample:		3902.01 time, 3920.01 real, 4 MB, 5.04 load
[runlim] sample:		3911.96 time, 3930.01 real, 4 MB, 5.04 load
[runlim] sample:		3921.92 time, 3940.01 real, 4 MB, 5.03 load
[runlim] sample:		3931.87 time, 3950.01 real, 4 MB, 5.02 load
[runlim] sample:		3941.82 time, 3960.01 real, 4 MB, 5.02 load
[runlim] sample:		3951.78 time, 3970.01 real, 4 MB, 5.02 load
[runlim] sample:		3961.73 time, 3980.01 real, 4 MB, 5.01 load
[runlim] sample:		3971.69 time, 3990.01 real, 4 MB, 5.01 load
[runlim] sample:		3981.64 time, 4000.01 real, 4 MB, 5.01 load
[runlim] sample:		3991.60 time, 4010.01 real, 4 MB, 5.01 load
[runlim] sample:		4001.55 time, 4020.01 real, 4 MB, 5.01 load
[runlim] sample:		4011.51 time, 4030.01 real, 4 MB, 5.00 load
[runlim] sample:		4021.46 time, 4040.01 real, 4 MB, 5.00 load
[runlim] sample:		4031.41 time, 4050.01 real, 4 MB, 5.00 load
[runlim] sample:		4041.37 time, 4060.01 real, 4 MB, 5.00 load
[runlim] sample:		4051.32 time, 4070.01 real, 4 MB, 5.00 load
[runlim] sample:		4061.28 time, 4080.01 real, 4 MB, 5.00 load
[runlim] sample:		4071.23 time, 4090.01 real, 4 MB, 5.00 load
[runlim] sample:		4081.19 time, 4100.01 real, 4 MB, 5.00 load
[runlim] sample:		4091.14 time, 4110.01 real, 4 MB, 5.00 load
[runlim] sample:		4101.09 time, 4120.01 real, 4 MB, 5.00 load
[runlim] sample:		4111.05 time, 4130.01 real, 4 MB, 5.00 load
[runlim] sample:		4121.00 time, 4140.01 real, 4 MB, 5.00 load
[runlim] sample:		4130.96 time, 4150.01 real, 4 MB, 5.00 load
[runlim] sample:		4140.91 time, 4160.01 real, 4 MB, 5.00 load
[runlim] sample:		4150.87 time, 4170.01 real, 4 MB, 5.00 load
[runlim] sample:		4160.82 time, 4180.01 real, 4 MB, 5.08 load
[runlim] sample:		4170.77 time, 4190.01 real, 4 MB, 5.07 load
[runlim] sample:		4180.73 time, 4200.01 real, 4 MB, 5.06 load
[runlim] sample:		4190.68 time, 4210.01 real, 4 MB, 5.05 load
[runlim] sample:		4200.64 time, 4220.01 real, 4 MB, 5.04 load
[runlim] sample:		4210.60 time, 4230.01 real, 4 MB, 5.03 load
[runlim] sample:		4220.55 time, 4240.01 real, 4 MB, 5.03 load
[runlim] sample:		4230.50 time, 4250.01 real, 4 MB, 5.02 load
[runlim] sample:		4240.46 time, 4260.01 real, 4 MB, 5.02 load
[runlim] sample:		4250.42 time, 4270.01 real, 4 MB, 5.02 load
[runlim] sample:		4260.37 time, 4280.01 real, 4 MB, 5.01 load
[runlim] sample:		4270.33 time, 4290.01 real, 4 MB, 5.01 load
[runlim] sample:		4280.28 time, 4300.01 real, 4 MB, 5.01 load
[runlim] sample:		4290.24 time, 4310.01 real, 4 MB, 5.01 load
[runlim] sample:		4300.19 time, 4320.01 real, 4 MB, 5.00 load
[runlim] sample:		4310.15 time, 4330.01 real, 4 MB, 5.00 load
[runlim] sample:		4320.10 time, 4340.01 real, 4 MB, 5.00 load
[runlim] sample:		4330.06 time, 4350.01 real, 4 MB, 5.00 load
[runlim] sample:		4340.01 time, 4360.01 real, 4 MB, 5.00 load
[runlim] sample:		4349.97 time, 4370.01 real, 4 MB, 5.00 load
[runlim] sample:		4359.92 time, 4380.01 real, 4 MB, 5.00 load
[runlim] sample:		4369.88 time, 4390.01 real, 4 MB, 5.00 load
[runlim] sample:		4379.83 time, 4400.01 real, 4 MB, 5.00 load
[runlim] sample:		4389.79 time, 4410.01 real, 4 MB, 5.00 load
[runlim] sample:		4399.74 time, 4420.01 real, 4 MB, 5.00 load
[runlim] sample:		4409.69 time, 4430.01 real, 4 MB, 5.00 load
[runlim] sample:		4419.65 time, 4440.01 real, 4 MB, 5.00 load
[runlim] sample:		4429.61 time, 4450.01 real, 4 MB, 5.00 load
[runlim] sample:		4439.56 time, 4460.01 real, 4 MB, 5.00 load
[runlim] sample:		4449.52 time, 4470.01 real, 4 MB, 5.00 load
[runlim] sample:		4459.47 time, 4480.01 real, 4 MB, 5.00 load
[runlim] sample:		4469.42 time, 4490.01 real, 4 MB, 5.08 load
[runlim] sample:		4479.38 time, 4500.01 real, 4 MB, 5.14 load
[runlim] sample:		4489.33 time, 4510.01 real, 4 MB, 5.12 load
[runlim] sample:		4499.29 time, 4520.01 real, 4 MB, 5.10 load
[runlim] sample:		4509.24 time, 4530.01 real, 4 MB, 5.08 load
[runlim] sample:		4519.20 time, 4540.01 real, 4 MB, 5.07 load
[runlim] sample:		4529.15 time, 4550.01 real, 4 MB, 5.14 load
[runlim] sample:		4539.11 time, 4560.01 real, 4 MB, 5.12 load
[runlim] sample:		4549.06 time, 4570.01 real, 4 MB, 5.10 load
[runlim] sample:		4559.02 time, 4580.01 real, 4 MB, 5.08 load
[runlim] sample:		4568.97 time, 4590.01 real, 4 MB, 5.07 load
[runlim] sample:		4578.93 time, 4600.01 real, 4 MB, 5.06 load
[runlim] sample:		4588.88 time, 4610.01 real, 4 MB, 5.05 load
[runlim] sample:		4598.83 time, 4620.01 real, 4 MB, 5.04 load
[runlim] sample:		4608.79 time, 4630.01 real, 4 MB, 5.04 load
[runlim] sample:		4618.74 time, 4640.01 real, 4 MB, 5.03 load
[runlim] sample:		4628.69 time, 4650.01 real, 4 MB, 5.02 load
[runlim] sample:		4638.65 time, 4660.01 real, 4 MB, 5.02 load
[runlim] sample:		4648.60 time, 4670.01 real, 4 MB, 5.02 load
[runlim] sample:		4658.56 time, 4680.01 real, 4 MB, 5.01 load
[runlim] sample:		4668.51 time, 4690.01 real, 4 MB, 5.01 load
[runlim] sample:		4678.47 time, 4700.01 real, 4 MB, 5.01 load
[runlim] sample:		4688.42 time, 4710.01 real, 4 MB, 5.01 load
[runlim] sample:		4698.37 time, 4720.01 real, 4 MB, 5.01 load
[runlim] sample:		4708.33 time, 4730.01 real, 4 MB, 5.00 load
[runlim] sample:		4718.28 time, 4740.01 real, 4 MB, 5.00 load
[runlim] sample:		4728.24 time, 4750.01 real, 4 MB, 5.08 load
[runlim] sample:		4738.19 time, 4760.01 real, 4 MB, 5.07 load
[runlim] sample:		4748.15 time, 4770.01 real, 4 MB, 5.06 load
[runlim] sample:		4758.10 time, 4780.01 real, 4 MB, 5.05 load
[runlim] sample:		4768.06 time, 4790.01 real, 4 MB, 5.04 load
[runlim] sample:		4778.01 time, 4800.01 real, 4 MB, 5.03 load
[runlim] sample:		4787.96 time, 4810.01 real, 4 MB, 5.03 load
[runlim] sample:		4797.92 time, 4820.01 real, 4 MB, 5.02 load
[runlim] sample:		4807.87 time, 4830.01 real, 4 MB, 5.02 load
[runlim] sample:		4817.83 time, 4840.01 real, 4 MB, 5.02 load
[runlim] sample:		4827.78 time, 4850.01 real, 4 MB, 5.01 load
[runlim] sample:		4837.74 time, 4860.01 real, 4 MB, 5.01 load
[runlim] sample:		4847.69 time, 4870.01 real, 4 MB, 5.01 load
[runlim] sample:		4857.64 time, 4880.01 real, 4 MB, 5.01 load
[runlim] sample:		4867.60 time, 4890.01 real, 4 MB, 5.09 load
[runlim] sample:		4877.55 time, 4900.01 real, 4 MB, 5.07 load
[runlim] sample:		4887.51 time, 4910.01 real, 4 MB, 5.06 load
[runlim] sample:		4897.46 time, 4920.01 real, 4 MB, 5.05 load
[runlim] sample:		4907.41 time, 4930.01 real, 4 MB, 5.04 load
[runlim] sample:		4917.37 time, 4940.01 real, 4 MB, 5.04 load
[runlim] sample:		4927.32 time, 4950.01 real, 4 MB, 5.11 load
[runlim] sample:		4937.27 time, 4960.01 real, 4 MB, 5.09 load
[runlim] sample:		4947.23 time, 4970.01 real, 4 MB, 5.15 load
[runlim] sample:		4957.18 time, 4980.01 real, 4 MB, 5.05 load
[runlim] sample:		4967.14 time, 4990.01 real, 4 MB, 4.89 load
[runlim] sample:		4977.10 time, 5000.01 real, 4 MB, 4.52 load
[runlim] end:			Sun Mar 15 01:51:34 2026
[runlim] status:		out of time
[runlim] result:		2
[runlim] children:		1
[runlim] processes:		2
[runlim] real:			5000.05 seconds
[runlim] time:			4977.10 seconds
[runlim] space:			4 MB
[runlim] load:			12.21 maximum
[runlim] samples:		50000
