[runlim] version:		2.0.0rc1
[runlim] host:			p01n14
[runlim] time limit:		311040000 seconds
[runlim] real time limit:	5000 seconds
[runlim] space limit:		7000 MB
[runlim] argv[0]:		./binary
[runlim] argv[1]:		-c
[runlim] argv[2]:		-s
[runlim] argv[3]:		-f
[runlim] argv[4]:		/tmp/local-unzipped-12158367-1-63-BMS_k3_n100_m429_436.cnf
[runlim] start:			Sat Mar 14 23:50:35 2026
[runlim] child:			701399
[runlim] sample:		9.95 time, 10.01 real, 4 MB, 13.35 load
[runlim] sample:		19.91 time, 20.01 real, 4 MB, 12.99 load
[runlim] sample:		29.86 time, 30.01 real, 4 MB, 12.76 load
[runlim] sample:		39.81 time, 40.01 real, 4 MB, 12.34 load
[runlim] sample:		49.76 time, 50.01 real, 4 MB, 11.98 load
[runlim] sample:		59.72 time, 60.01 real, 4 MB, 11.67 load
[runlim] sample:		69.67 time, 70.01 real, 4 MB, 11.49 load
[runlim] sample:		79.62 time, 80.01 real, 4 MB, 11.18 load
[runlim] sample:		89.58 time, 90.01 real, 4 MB, 10.69 load
[runlim] sample:		99.53 time, 100.01 real, 4 MB, 10.28 load
[runlim] sample:		109.49 time, 110.01 real, 4 MB, 9.93 load
[runlim] sample:		119.44 time, 120.01 real, 4 MB, 9.63 load
[runlim] sample:		129.40 time, 130.01 real, 4 MB, 9.38 load
[runlim] sample:		139.35 time, 140.01 real, 4 MB, 9.09 load
[runlim] sample:		149.30 time, 150.01 real, 4 MB, 8.84 load
[runlim] sample:		159.26 time, 160.01 real, 4 MB, 8.41 load
[runlim] sample:		169.23 time, 170.01 real, 4 MB, 8.04 load
[runlim] sample:		179.19 time, 180.01 real, 4 MB, 7.72 load
[runlim] sample:		189.15 time, 190.01 real, 4 MB, 7.46 load
[runlim] sample:		199.11 time, 200.01 real, 4 MB, 7.23 load
[runlim] sample:		209.07 time, 210.01 real, 4 MB, 7.12 load
[runlim] sample:		219.03 time, 220.01 real, 4 MB, 6.95 load
[runlim] sample:		228.99 time, 230.01 real, 4 MB, 6.80 load
[runlim] sample:		238.96 time, 240.01 real, 4 MB, 6.68 load
[runlim] sample:		248.92 time, 250.01 real, 4 MB, 6.57 load
[runlim] sample:		258.88 time, 260.01 real, 4 MB, 6.49 load
[runlim] sample:		268.84 time, 270.01 real, 4 MB, 6.41 load
[runlim] sample:		278.80 time, 280.01 real, 4 MB, 6.42 load
[runlim] sample:		288.76 time, 290.01 real, 4 MB, 6.50 load
[runlim] sample:		298.72 time, 300.01 real, 4 MB, 6.43 load
[runlim] sample:		308.68 time, 310.01 real, 4 MB, 6.36 load
[runlim] sample:		318.64 time, 320.01 real, 4 MB, 6.46 load
[runlim] sample:		328.61 time, 330.01 real, 4 MB, 6.39 load
[runlim] end:			Sat Mar 14 23:56:07 2026
[runlim] status:		ok
[runlim] result:		0
[runlim] children:		1
[runlim] processes:		2
[runlim] real:			331.81 seconds
[runlim] time:			330.40 seconds
[runlim] space:			4 MB
[runlim] load:			13.47 maximum
[runlim] samples:		3318
