[runlim] version:		2.0.0rc1
[runlim] host:			m09n12
[runlim] time limit:		311040000 seconds
[runlim] real time limit:	5000 seconds
[runlim] space limit:		7000 MB
[runlim] argv[0]:		./binary
[runlim] argv[1]:		-c
[runlim] argv[2]:		-s
[runlim] argv[3]:		-f
[runlim] argv[4]:		/tmp/local-unzipped-12158367-5-269-BMS_k3_n100_m429_137.cnf
[runlim] start:			Sun Mar 15 00:27:51 2026
[runlim] child:			886911
[runlim] sample:		9.97 time, 10.01 real, 4 MB, 3.70 load
[runlim] sample:		19.93 time, 20.01 real, 5 MB, 4.13 load
[runlim] sample:		29.89 time, 30.01 real, 5 MB, 4.58 load
[runlim] sample:		39.85 time, 40.01 real, 5 MB, 5.11 load
[runlim] sample:		49.80 time, 50.01 real, 5 MB, 5.94 load
[runlim] sample:		59.76 time, 60.01 real, 5 MB, 6.56 load
[runlim] sample:		69.72 time, 70.01 real, 5 MB, 6.94 load
[runlim] end:			Sun Mar 15 00:29:07 2026
[runlim] status:		ok
[runlim] result:		0
[runlim] children:		1
[runlim] processes:		2
[runlim] real:			76.25 seconds
[runlim] time:			75.89 seconds
[runlim] space:			5 MB
[runlim] load:			7.10 maximum
[runlim] samples:		762
