[runlim] version:		2.0.0rc1
[runlim] host:			o03n07
[runlim] time limit:		311040000 seconds
[runlim] real time limit:	5000 seconds
[runlim] space limit:		7000 MB
[runlim] argv[0]:		./binary
[runlim] argv[1]:		-c
[runlim] argv[2]:		-s
[runlim] argv[3]:		-f
[runlim] argv[4]:		/tmp/local-unzipped-12158367-6-343-BMS_k3_n100_m429_276.cnf
[runlim] start:			Sun Mar 15 00:28:01 2026
[runlim] child:			1613214
[runlim] end:			Sun Mar 15 00:28:02 2026
[runlim] status:		ok
[runlim] result:		0
[runlim] children:		1
[runlim] processes:		2
[runlim] real:			1.03 seconds
[runlim] time:			0.99 seconds
[runlim] space:			5 MB
[runlim] load:			4.41 maximum
[runlim] samples:		10
