[runlim] version:		2.0.0rc1
[runlim] host:			m03n13
[runlim] time limit:		311040000 seconds
[runlim] real time limit:	5000 seconds
[runlim] space limit:		7000 MB
[runlim] argv[0]:		./binary
[runlim] argv[1]:		-c
[runlim] argv[2]:		-s
[runlim] argv[3]:		-f
[runlim] argv[4]:		-r
[runlim] argv[5]:		/tmp/local-unzipped-12158359-2-83-BMS_k3_n100_m429_463.cnf
[runlim] start:			Sat Mar 14 23:44:39 2026
[runlim] child:			876302
[runlim] sample:		9.96 time, 10.01 real, 4 MB, 18.49 load
[runlim] sample:		19.91 time, 20.01 real, 4 MB, 17.03 load
[runlim] sample:		29.86 time, 30.01 real, 4 MB, 15.71 load
[runlim] sample:		39.82 time, 40.01 real, 4 MB, 14.76 load
[runlim] sample:		49.77 time, 50.01 real, 4 MB, 14.40 load
[runlim] end:			Sat Mar 14 23:45:32 2026
[runlim] status:		ok
[runlim] result:		0
[runlim] children:		1
[runlim] processes:		2
[runlim] real:			53.52 seconds
[runlim] time:			53.25 seconds
[runlim] space:			4 MB
[runlim] load:			20.31 maximum
[runlim] samples:		535
