[runlim] version:		2.0.0rc1
[runlim] host:			m09n09
[runlim] time limit:		311040000 seconds
[runlim] real time limit:	5000 seconds
[runlim] space limit:		7000 MB
[runlim] argv[0]:		./binary
[runlim] argv[1]:		-c
[runlim] argv[2]:		-s
[runlim] argv[3]:		-f
[runlim] argv[4]:		-r
[runlim] argv[5]:		/tmp/local-unzipped-12158359-6-378-BMS_k3_n100_m429_102.cnf
[runlim] start:			Sat Mar 14 23:49:38 2026
[runlim] child:			2626334
[runlim] sample:		9.96 time, 10.01 real, 3 MB, 16.91 load
[runlim] sample:		19.91 time, 20.01 real, 4 MB, 16.31 load
[runlim] sample:		29.86 time, 30.01 real, 4 MB, 15.80 load
[runlim] sample:		39.82 time, 40.01 real, 4 MB, 15.21 load
[runlim] sample:		49.77 time, 50.01 real, 4 MB, 14.64 load
[runlim] sample:		59.73 time, 60.01 real, 4 MB, 14.15 load
[runlim] sample:		69.68 time, 70.01 real, 4 MB, 13.67 load
[runlim] sample:		79.63 time, 80.01 real, 4 MB, 13.26 load
[runlim] sample:		89.59 time, 90.01 real, 4 MB, 12.91 load
[runlim] sample:		99.55 time, 100.01 real, 4 MB, 12.62 load
[runlim] sample:		109.51 time, 110.01 real, 4 MB, 12.37 load
[runlim] sample:		119.46 time, 120.01 real, 4 MB, 12.16 load
[runlim] sample:		129.42 time, 130.01 real, 4 MB, 11.82 load
[runlim] sample:		139.38 time, 140.01 real, 4 MB, 11.54 load
[runlim] sample:		149.33 time, 150.01 real, 4 MB, 11.45 load
[runlim] sample:		159.29 time, 160.01 real, 4 MB, 11.23 load
[runlim] sample:		169.25 time, 170.01 real, 4 MB, 11.04 load
[runlim] sample:		179.21 time, 180.01 real, 4 MB, 10.96 load
[runlim] sample:		189.17 time, 190.01 real, 4 MB, 10.81 load
[runlim] sample:		199.13 time, 200.01 real, 4 MB, 10.68 load
[runlim] sample:		209.08 time, 210.01 real, 4 MB, 10.58 load
[runlim] sample:		219.04 time, 220.01 real, 4 MB, 10.49 load
[runlim] sample:		229.00 time, 230.01 real, 4 MB, 10.41 load
[runlim] sample:		238.96 time, 240.01 real, 4 MB, 10.35 load
[runlim] sample:		248.92 time, 250.01 real, 4 MB, 10.29 load
[runlim] sample:		258.88 time, 260.01 real, 4 MB, 10.25 load
[runlim] sample:		268.84 time, 270.01 real, 4 MB, 10.21 load
[runlim] sample:		278.79 time, 280.01 real, 4 MB, 10.18 load
[runlim] sample:		288.75 time, 290.01 real, 4 MB, 10.15 load
[runlim] sample:		298.71 time, 300.01 real, 4 MB, 10.13 load
[runlim] sample:		308.67 time, 310.01 real, 4 MB, 10.11 load
[runlim] sample:		318.63 time, 320.01 real, 4 MB, 10.09 load
[runlim] sample:		328.59 time, 330.01 real, 4 MB, 10.08 load
[runlim] sample:		338.54 time, 340.01 real, 4 MB, 10.06 load
[runlim] sample:		348.50 time, 350.01 real, 4 MB, 10.13 load
[runlim] sample:		358.46 time, 360.01 real, 4 MB, 10.03 load
[runlim] sample:		368.42 time, 370.01 real, 4 MB, 9.72 load
[runlim] sample:		378.37 time, 380.01 real, 4 MB, 9.45 load
[runlim] sample:		388.33 time, 390.01 real, 4 MB, 9.23 load
[runlim] sample:		398.28 time, 400.01 real, 4 MB, 9.04 load
[runlim] sample:		408.24 time, 410.01 real, 4 MB, 8.88 load
[runlim] sample:		418.19 time, 420.01 real, 4 MB, 8.74 load
[runlim] sample:		428.15 time, 430.01 real, 4 MB, 8.63 load
[runlim] sample:		438.11 time, 440.01 real, 4 MB, 8.38 load
[runlim] sample:		448.07 time, 450.01 real, 4 MB, 8.17 load
[runlim] sample:		458.03 time, 460.01 real, 4 MB, 7.99 load
[runlim] sample:		467.99 time, 470.01 real, 4 MB, 7.83 load
[runlim] sample:		477.96 time, 480.01 real, 4 MB, 7.71 load
[runlim] sample:		487.92 time, 490.01 real, 4 MB, 7.68 load
[runlim] sample:		497.88 time, 500.01 real, 4 MB, 7.57 load
[runlim] sample:		507.84 time, 510.01 real, 4 MB, 7.48 load
[runlim] sample:		517.80 time, 520.01 real, 4 MB, 7.41 load
[runlim] sample:		527.76 time, 530.01 real, 4 MB, 7.35 load
[runlim] sample:		537.72 time, 540.01 real, 4 MB, 7.29 load
[runlim] end:			Sat Mar 14 23:58:45 2026
[runlim] status:		ok
[runlim] result:		0
[runlim] children:		1
[runlim] processes:		2
[runlim] real:			546.81 seconds
[runlim] time:			544.50 seconds
[runlim] space:			5 MB
[runlim] load:			17.08 maximum
[runlim] samples:		5468
