[runlim] version:		2.0.0rc1
[runlim] host:			p09n02
[runlim] time limit:		311040000 seconds
[runlim] real time limit:	5000 seconds
[runlim] space limit:		7000 MB
[runlim] argv[0]:		./binary
[runlim] argv[1]:		-c
[runlim] argv[2]:		-s
[runlim] argv[3]:		-f
[runlim] argv[4]:		-r
[runlim] argv[5]:		/tmp/local-unzipped-12158359-7-432-BMS_k3_n100_m429_426.cnf
[runlim] start:			Sat Mar 14 23:49:49 2026
[runlim] child:			3063779
[runlim] sample:		9.95 time, 10.01 real, 4 MB, 15.14 load
[runlim] sample:		19.90 time, 20.01 real, 4 MB, 15.27 load
[runlim] sample:		29.85 time, 30.01 real, 4 MB, 15.46 load
[runlim] end:			Sat Mar 14 23:50:25 2026
[runlim] status:		ok
[runlim] result:		0
[runlim] children:		1
[runlim] processes:		2
[runlim] real:			35.34 seconds
[runlim] time:			35.13 seconds
[runlim] space:			4 MB
[runlim] load:			15.50 maximum
[runlim] samples:		353
