[runlim] version:		2.0.0rc1
[runlim] host:			p09n02
[runlim] time limit:		311040000 seconds
[runlim] real time limit:	5000 seconds
[runlim] space limit:		7000 MB
[runlim] argv[0]:		./binary
[runlim] argv[1]:		-c
[runlim] argv[2]:		-s
[runlim] argv[3]:		-f
[runlim] argv[4]:		-r
[runlim] argv[5]:		/tmp/local-unzipped-12158359-7-397-BMS_k3_n100_m429_493.cnf
[runlim] start:			Sat Mar 14 23:49:14 2026
[runlim] child:			3062427
[runlim] sample:		9.97 time, 10.01 real, 4 MB, 16.59 load
[runlim] sample:		19.93 time, 20.01 real, 4 MB, 15.35 load
[runlim] sample:		29.88 time, 30.01 real, 4 MB, 14.76 load
[runlim] sample:		39.84 time, 40.01 real, 4 MB, 14.80 load
[runlim] sample:		49.79 time, 50.01 real, 4 MB, 15.14 load
[runlim] sample:		59.74 time, 60.01 real, 4 MB, 15.27 load
[runlim] sample:		69.70 time, 70.01 real, 4 MB, 15.46 load
[runlim] sample:		79.65 time, 80.01 real, 4 MB, 15.46 load
[runlim] end:			Sat Mar 14 23:50:40 2026
[runlim] status:		ok
[runlim] result:		0
[runlim] children:		1
[runlim] processes:		2
[runlim] real:			86.08 seconds
[runlim] time:			85.62 seconds
[runlim] space:			4 MB
[runlim] load:			18.33 maximum
[runlim] samples:		860
