[runlim] version:		2.0.0rc1
[runlim] host:			p09n11
[runlim] time limit:		311040000 seconds
[runlim] real time limit:	5000 seconds
[runlim] space limit:		7000 MB
[runlim] argv[0]:		./binary
[runlim] argv[1]:		-c
[runlim] argv[2]:		-s
[runlim] argv[3]:		/tmp/local-unzipped-12158343-2-125-BMS_k3_n100_m429_87.cnf
[runlim] start:			Sat Mar 14 14:53:08 2026
[runlim] child:			3743576
[runlim] sample:		9.96 time, 10.01 real, 3 MB, 5.52 load
[runlim] sample:		19.92 time, 20.01 real, 3 MB, 6.21 load
[runlim] sample:		29.88 time, 30.01 real, 3 MB, 6.64 load
[runlim] end:			Sat Mar 14 14:53:41 2026
[runlim] status:		ok
[runlim] result:		0
[runlim] children:		1
[runlim] processes:		2
[runlim] real:			32.51 seconds
[runlim] time:			32.37 seconds
[runlim] space:			4 MB
[runlim] load:			6.64 maximum
[runlim] samples:		325
