[runlim] version:		2.0.0rc1
[runlim] host:			p09n11
[runlim] time limit:		311040000 seconds
[runlim] real time limit:	5000 seconds
[runlim] space limit:		7000 MB
[runlim] argv[0]:		./binary
[runlim] argv[1]:		-c
[runlim] argv[2]:		-s
[runlim] argv[3]:		/tmp/local-unzipped-12158343-7-429-BMS_k3_n100_m429_152.cnf
[runlim] start:			Sat Mar 14 15:29:29 2026
[runlim] child:			3789151
[runlim] end:			Sat Mar 14 15:29:35 2026
[runlim] status:		ok
[runlim] result:		0
[runlim] children:		1
[runlim] processes:		2
[runlim] real:			6.44 seconds
[runlim] time:			6.37 seconds
[runlim] space:			4 MB
[runlim] load:			4.51 maximum
[runlim] samples:		64
