[runlim] version:		2.0.0rc1
[runlim] host:			m01n14
[runlim] time limit:		311040000 seconds
[runlim] real time limit:	5000 seconds
[runlim] space limit:		7000 MB
[runlim] argv[0]:		./binary
[runlim] argv[1]:		-c
[runlim] argv[2]:		-s
[runlim] argv[3]:		/tmp/local-unzipped-12158343-4-207-BMS_k3_n100_m429_38.cnf
[runlim] start:			Sat Mar 14 14:56:56 2026
[runlim] child:			490955
[runlim] end:			Sat Mar 14 14:56:57 2026
[runlim] status:		ok
[runlim] result:		0
[runlim] children:		1
[runlim] processes:		2
[runlim] real:			1.21 seconds
[runlim] time:			1.20 seconds
[runlim] space:			4 MB
[runlim] load:			0.98 maximum
[runlim] samples:		12
