[runlim] version:		2.0.0rc1
[runlim] host:			o03n05
[runlim] time limit:		311040000 seconds
[runlim] real time limit:	5000 seconds
[runlim] space limit:		7000 MB
[runlim] argv[0]:		./binary
[runlim] argv[1]:		-c
[runlim] argv[2]:		-f
[runlim] argv[3]:		-s
[runlim] argv[4]:		-r
[runlim] argv[5]:		/tmp/local-unzipped-12236030-7-415-BMS_k3_n100_m429_349.cnf
[runlim] start:			Fri Mar 20 16:22:13 2026
[runlim] child:			3732370
[runlim] sample:		9.96 time, 10.01 real, 3 MB, 2.59 load
[runlim] sample:		19.91 time, 20.01 real, 4 MB, 3.57 load
[runlim] sample:		29.86 time, 30.01 real, 4 MB, 4.56 load
[runlim] sample:		39.82 time, 40.01 real, 4 MB, 5.31 load
[runlim] sample:		49.77 time, 50.01 real, 4 MB, 5.73 load
[runlim] sample:		59.73 time, 60.01 real, 4 MB, 5.77 load
[runlim] sample:		69.69 time, 70.01 real, 4 MB, 5.81 load
[runlim] sample:		79.65 time, 80.01 real, 4 MB, 5.84 load
[runlim] sample:		89.61 time, 90.01 real, 4 MB, 5.86 load
[runlim] sample:		99.56 time, 100.01 real, 4 MB, 5.88 load
[runlim] sample:		109.52 time, 110.01 real, 4 MB, 5.90 load
[runlim] sample:		119.47 time, 120.01 real, 4 MB, 5.92 load
[runlim] sample:		129.43 time, 130.01 real, 4 MB, 5.93 load
[runlim] sample:		139.38 time, 140.01 real, 4 MB, 5.94 load
[runlim] sample:		149.34 time, 150.01 real, 4 MB, 5.95 load
[runlim] sample:		159.29 time, 160.01 real, 4 MB, 5.96 load
[runlim] sample:		169.25 time, 170.01 real, 4 MB, 5.97 load
[runlim] sample:		179.20 time, 180.01 real, 4 MB, 5.97 load
[runlim] sample:		189.16 time, 190.01 real, 4 MB, 5.98 load
[runlim] sample:		199.11 time, 200.01 real, 4 MB, 5.98 load
[runlim] sample:		209.07 time, 210.01 real, 4 MB, 5.98 load
[runlim] sample:		219.02 time, 220.01 real, 4 MB, 5.99 load
[runlim] sample:		228.97 time, 230.01 real, 4 MB, 5.99 load
[runlim] sample:		238.93 time, 240.01 real, 4 MB, 5.92 load
[runlim] sample:		248.89 time, 250.01 real, 4 MB, 5.78 load
[runlim] sample:		258.85 time, 260.01 real, 4 MB, 5.66 load
[runlim] sample:		268.81 time, 270.01 real, 4 MB, 5.55 load
[runlim] sample:		278.76 time, 280.01 real, 4 MB, 5.47 load
[runlim] sample:		288.72 time, 290.01 real, 4 MB, 5.40 load
[runlim] sample:		298.68 time, 300.01 real, 4 MB, 5.34 load
[runlim] sample:		308.63 time, 310.01 real, 4 MB, 5.28 load
[runlim] sample:		318.59 time, 320.01 real, 4 MB, 5.24 load
[runlim] sample:		328.55 time, 330.01 real, 4 MB, 5.20 load
[runlim] sample:		338.51 time, 340.01 real, 4 MB, 5.17 load
[runlim] sample:		348.47 time, 350.01 real, 4 MB, 5.14 load
[runlim] sample:		358.42 time, 360.01 real, 4 MB, 5.12 load
[runlim] sample:		368.38 time, 370.01 real, 4 MB, 5.10 load
[runlim] sample:		378.34 time, 380.01 real, 4 MB, 5.09 load
[runlim] sample:		388.30 time, 390.01 real, 4 MB, 5.15 load
[runlim] sample:		398.26 time, 400.01 real, 4 MB, 5.12 load
[runlim] sample:		408.22 time, 410.01 real, 4 MB, 5.10 load
[runlim] sample:		418.18 time, 420.01 real, 4 MB, 5.09 load
[runlim] sample:		428.14 time, 430.01 real, 4 MB, 5.07 load
[runlim] sample:		438.10 time, 440.01 real, 4 MB, 5.06 load
[runlim] sample:		448.06 time, 450.01 real, 4 MB, 5.05 load
[runlim] sample:		458.02 time, 460.01 real, 4 MB, 5.04 load
[runlim] sample:		467.98 time, 470.01 real, 4 MB, 5.04 load
[runlim] sample:		477.94 time, 480.01 real, 4 MB, 5.03 load
[runlim] sample:		487.90 time, 490.01 real, 4 MB, 5.02 load
[runlim] sample:		497.86 time, 500.01 real, 4 MB, 5.02 load
[runlim] sample:		507.81 time, 510.01 real, 4 MB, 5.09 load
[runlim] sample:		517.77 time, 520.01 real, 4 MB, 5.08 load
[runlim] sample:		527.73 time, 530.01 real, 4 MB, 5.14 load
[runlim] sample:		537.69 time, 540.01 real, 5 MB, 5.12 load
[runlim] sample:		547.65 time, 550.01 real, 5 MB, 5.10 load
[runlim] sample:		557.61 time, 560.01 real, 5 MB, 5.09 load
[runlim] sample:		567.57 time, 570.01 real, 5 MB, 5.07 load
[runlim] sample:		577.53 time, 580.01 real, 5 MB, 5.06 load
[runlim] sample:		587.49 time, 590.01 real, 5 MB, 5.05 load
[runlim] sample:		597.45 time, 600.01 real, 5 MB, 5.04 load
[runlim] sample:		607.41 time, 610.01 real, 5 MB, 5.04 load
[runlim] sample:		617.37 time, 620.01 real, 5 MB, 5.03 load
[runlim] sample:		627.32 time, 630.01 real, 5 MB, 5.02 load
[runlim] sample:		637.28 time, 640.01 real, 5 MB, 5.02 load
[runlim] sample:		647.24 time, 650.01 real, 5 MB, 5.02 load
[runlim] sample:		657.20 time, 660.01 real, 5 MB, 5.01 load
[runlim] sample:		667.16 time, 670.01 real, 5 MB, 5.01 load
[runlim] sample:		677.12 time, 680.01 real, 5 MB, 5.01 load
[runlim] sample:		687.08 time, 690.01 real, 5 MB, 5.01 load
[runlim] sample:		697.03 time, 700.01 real, 5 MB, 5.08 load
[runlim] sample:		706.99 time, 710.01 real, 5 MB, 5.07 load
[runlim] sample:		716.95 time, 720.01 real, 5 MB, 5.06 load
[runlim] sample:		726.91 time, 730.01 real, 5 MB, 5.20 load
[runlim] sample:		736.87 time, 740.01 real, 5 MB, 5.17 load
[runlim] sample:		746.83 time, 750.01 real, 5 MB, 5.14 load
[runlim] sample:		756.79 time, 760.01 real, 5 MB, 5.20 load
[runlim] sample:		766.74 time, 770.01 real, 5 MB, 5.16 load
[runlim] sample:		776.70 time, 780.01 real, 5 MB, 5.14 load
[runlim] sample:		786.66 time, 790.01 real, 5 MB, 5.12 load
[runlim] sample:		796.62 time, 800.01 real, 5 MB, 5.10 load
[runlim] sample:		806.58 time, 810.01 real, 5 MB, 5.08 load
[runlim] sample:		816.53 time, 820.01 real, 5 MB, 5.14 load
[runlim] sample:		826.49 time, 830.01 real, 5 MB, 5.12 load
[runlim] sample:		836.45 time, 840.01 real, 5 MB, 5.10 load
[runlim] sample:		846.41 time, 850.01 real, 5 MB, 5.09 load
[runlim] sample:		856.37 time, 860.01 real, 5 MB, 5.07 load
[runlim] sample:		866.33 time, 870.01 real, 5 MB, 5.06 load
[runlim] sample:		876.29 time, 880.01 real, 5 MB, 5.05 load
[runlim] sample:		886.24 time, 890.01 real, 5 MB, 5.04 load
[runlim] sample:		896.20 time, 900.01 real, 5 MB, 5.11 load
[runlim] sample:		906.16 time, 910.01 real, 5 MB, 5.09 load
[runlim] sample:		916.12 time, 920.01 real, 5 MB, 5.08 load
[runlim] sample:		926.08 time, 930.01 real, 5 MB, 5.07 load
[runlim] sample:		936.03 time, 940.01 real, 5 MB, 5.13 load
[runlim] sample:		945.99 time, 950.01 real, 5 MB, 5.11 load
[runlim] sample:		955.95 time, 960.01 real, 5 MB, 5.17 load
[runlim] sample:		965.91 time, 970.01 real, 5 MB, 5.14 load
[runlim] sample:		975.87 time, 980.01 real, 5 MB, 5.12 load
[runlim] sample:		985.82 time, 990.01 real, 5 MB, 5.10 load
[runlim] sample:		995.78 time, 1000.01 real, 5 MB, 5.16 load
[runlim] sample:		1005.74 time, 1010.01 real, 5 MB, 5.14 load
[runlim] sample:		1015.70 time, 1020.01 real, 5 MB, 5.19 load
[runlim] sample:		1025.65 time, 1030.01 real, 5 MB, 5.16 load
[runlim] sample:		1035.61 time, 1040.01 real, 5 MB, 5.14 load
[runlim] sample:		1045.57 time, 1050.01 real, 5 MB, 5.11 load
[runlim] sample:		1055.53 time, 1060.01 real, 5 MB, 5.10 load
[runlim] sample:		1065.49 time, 1070.01 real, 5 MB, 5.08 load
[runlim] sample:		1075.44 time, 1080.01 real, 5 MB, 5.07 load
[runlim] sample:		1085.40 time, 1090.01 real, 5 MB, 5.06 load
[runlim] sample:		1095.36 time, 1100.01 real, 5 MB, 5.05 load
[runlim] sample:		1105.32 time, 1110.01 real, 5 MB, 5.04 load
[runlim] sample:		1115.27 time, 1120.01 real, 5 MB, 5.03 load
[runlim] sample:		1125.23 time, 1130.01 real, 5 MB, 5.03 load
[runlim] sample:		1135.19 time, 1140.01 real, 5 MB, 5.02 load
[runlim] sample:		1145.15 time, 1150.01 real, 5 MB, 5.02 load
[runlim] sample:		1155.10 time, 1160.01 real, 5 MB, 5.02 load
[runlim] sample:		1165.06 time, 1170.01 real, 5 MB, 5.01 load
[runlim] sample:		1175.02 time, 1180.01 real, 5 MB, 5.01 load
[runlim] sample:		1184.97 time, 1190.01 real, 5 MB, 5.01 load
[runlim] sample:		1194.93 time, 1200.01 real, 5 MB, 5.01 load
[runlim] sample:		1204.89 time, 1210.01 real, 5 MB, 5.00 load
[runlim] sample:		1214.85 time, 1220.01 real, 5 MB, 5.00 load
[runlim] sample:		1224.81 time, 1230.01 real, 5 MB, 5.00 load
[runlim] sample:		1234.76 time, 1240.01 real, 5 MB, 5.00 load
[runlim] sample:		1244.72 time, 1250.01 real, 5 MB, 5.00 load
[runlim] sample:		1254.68 time, 1260.01 real, 5 MB, 5.00 load
[runlim] sample:		1264.64 time, 1270.01 real, 5 MB, 5.00 load
[runlim] sample:		1274.59 time, 1280.01 real, 5 MB, 5.00 load
[runlim] sample:		1284.55 time, 1290.01 real, 5 MB, 5.00 load
[runlim] sample:		1294.51 time, 1300.01 real, 5 MB, 5.15 load
[runlim] sample:		1304.46 time, 1310.01 real, 5 MB, 5.12 load
[runlim] sample:		1314.42 time, 1320.01 real, 5 MB, 5.10 load
[runlim] sample:		1324.38 time, 1330.01 real, 5 MB, 5.09 load
[runlim] sample:		1334.34 time, 1340.01 real, 5 MB, 5.07 load
[runlim] sample:		1344.30 time, 1350.01 real, 5 MB, 5.06 load
[runlim] sample:		1354.25 time, 1360.01 real, 5 MB, 5.13 load
[runlim] sample:		1364.21 time, 1370.01 real, 5 MB, 5.11 load
[runlim] sample:		1374.17 time, 1380.01 real, 5 MB, 5.17 load
[runlim] sample:		1384.13 time, 1390.01 real, 5 MB, 5.14 load
[runlim] sample:		1394.08 time, 1400.01 real, 5 MB, 5.12 load
[runlim] sample:		1404.04 time, 1410.01 real, 5 MB, 5.10 load
[runlim] sample:		1413.99 time, 1420.01 real, 5 MB, 5.16 load
[runlim] sample:		1423.95 time, 1430.01 real, 5 MB, 5.13 load
[runlim] sample:		1433.91 time, 1440.01 real, 5 MB, 5.11 load
[runlim] sample:		1443.87 time, 1450.01 real, 5 MB, 5.10 load
[runlim] sample:		1453.83 time, 1460.01 real, 5 MB, 5.15 load
[runlim] sample:		1463.78 time, 1470.01 real, 5 MB, 5.13 load
[runlim] sample:		1473.74 time, 1480.01 real, 5 MB, 5.11 load
[runlim] sample:		1483.70 time, 1490.01 real, 5 MB, 5.09 load
[runlim] sample:		1493.66 time, 1500.01 real, 5 MB, 5.15 load
[runlim] sample:		1503.62 time, 1510.01 real, 5 MB, 5.13 load
[runlim] sample:		1513.58 time, 1520.01 real, 5 MB, 5.11 load
[runlim] sample:		1523.53 time, 1530.01 real, 5 MB, 5.09 load
[runlim] sample:		1533.49 time, 1540.01 real, 5 MB, 5.08 load
[runlim] sample:		1543.45 time, 1550.01 real, 5 MB, 5.06 load
[runlim] sample:		1553.41 time, 1560.01 real, 5 MB, 5.13 load
[runlim] sample:		1563.37 time, 1570.01 real, 5 MB, 5.11 load
[runlim] sample:		1573.32 time, 1580.01 real, 5 MB, 5.09 load
[runlim] sample:		1583.28 time, 1590.01 real, 5 MB, 5.08 load
[runlim] sample:		1593.24 time, 1600.01 real, 5 MB, 5.06 load
[runlim] sample:		1603.20 time, 1610.01 real, 5 MB, 5.05 load
[runlim] sample:		1613.16 time, 1620.01 real, 5 MB, 5.12 load
[runlim] sample:		1623.11 time, 1630.01 real, 5 MB, 5.10 load
[runlim] sample:		1633.07 time, 1640.01 real, 5 MB, 5.08 load
[runlim] sample:		1643.03 time, 1650.01 real, 5 MB, 5.07 load
[runlim] sample:		1652.99 time, 1660.01 real, 5 MB, 5.06 load
[runlim] sample:		1662.94 time, 1670.01 real, 5 MB, 5.05 load
[runlim] sample:		1672.90 time, 1680.01 real, 5 MB, 5.04 load
[runlim] sample:		1682.86 time, 1690.01 real, 5 MB, 5.04 load
[runlim] sample:		1692.82 time, 1700.01 real, 5 MB, 5.03 load
[runlim] sample:		1702.77 time, 1710.01 real, 5 MB, 5.02 load
[runlim] sample:		1712.73 time, 1720.01 real, 5 MB, 5.02 load
[runlim] sample:		1722.69 time, 1730.01 real, 5 MB, 5.02 load
[runlim] sample:		1732.65 time, 1740.01 real, 5 MB, 5.01 load
[runlim] sample:		1742.61 time, 1750.01 real, 5 MB, 5.01 load
[runlim] sample:		1752.56 time, 1760.01 real, 5 MB, 5.01 load
[runlim] sample:		1762.52 time, 1770.01 real, 5 MB, 5.01 load
[runlim] sample:		1772.48 time, 1780.01 real, 5 MB, 5.01 load
[runlim] sample:		1782.44 time, 1790.01 real, 5 MB, 5.00 load
[runlim] sample:		1792.40 time, 1800.01 real, 5 MB, 5.00 load
[runlim] sample:		1802.36 time, 1810.01 real, 5 MB, 5.00 load
[runlim] sample:		1812.31 time, 1820.01 real, 5 MB, 5.00 load
[runlim] sample:		1822.27 time, 1830.01 real, 5 MB, 5.00 load
[runlim] sample:		1832.23 time, 1840.01 real, 5 MB, 5.00 load
[runlim] sample:		1842.19 time, 1850.01 real, 5 MB, 5.00 load
[runlim] sample:		1852.15 time, 1860.01 real, 5 MB, 5.00 load
[runlim] sample:		1862.11 time, 1870.01 real, 5 MB, 5.00 load
[runlim] sample:		1872.06 time, 1880.01 real, 5 MB, 5.00 load
[runlim] sample:		1882.02 time, 1890.01 real, 5 MB, 5.00 load
[runlim] sample:		1891.98 time, 1900.01 real, 5 MB, 5.00 load
[runlim] sample:		1901.94 time, 1910.01 real, 5 MB, 5.00 load
[runlim] sample:		1911.90 time, 1920.01 real, 5 MB, 5.00 load
[runlim] sample:		1921.85 time, 1930.01 real, 5 MB, 5.00 load
[runlim] sample:		1931.81 time, 1940.01 real, 5 MB, 5.00 load
[runlim] sample:		1941.77 time, 1950.01 real, 5 MB, 5.00 load
[runlim] sample:		1951.73 time, 1960.01 real, 5 MB, 5.00 load
[runlim] sample:		1961.69 time, 1970.01 real, 5 MB, 5.00 load
[runlim] sample:		1971.64 time, 1980.01 real, 5 MB, 5.00 load
[runlim] sample:		1981.60 time, 1990.01 real, 5 MB, 5.00 load
[runlim] sample:		1991.56 time, 2000.01 real, 5 MB, 5.00 load
[runlim] sample:		2001.52 time, 2010.01 real, 5 MB, 5.00 load
[runlim] sample:		2011.47 time, 2020.01 real, 5 MB, 5.00 load
[runlim] sample:		2021.43 time, 2030.01 real, 5 MB, 5.16 load
[runlim] sample:		2031.39 time, 2040.01 real, 5 MB, 5.13 load
[runlim] sample:		2041.35 time, 2050.01 real, 5 MB, 5.11 load
[runlim] sample:		2051.31 time, 2060.01 real, 5 MB, 5.10 load
[runlim] sample:		2061.26 time, 2070.01 real, 5 MB, 5.08 load
[runlim] sample:		2071.22 time, 2080.01 real, 5 MB, 5.07 load
[runlim] sample:		2081.18 time, 2090.01 real, 5 MB, 5.14 load
[runlim] sample:		2091.14 time, 2100.01 real, 5 MB, 5.12 load
[runlim] sample:		2101.09 time, 2110.01 real, 5 MB, 5.10 load
[runlim] sample:		2111.05 time, 2120.01 real, 5 MB, 5.08 load
[runlim] sample:		2121.01 time, 2130.01 real, 5 MB, 5.07 load
[runlim] sample:		2130.97 time, 2140.01 real, 5 MB, 5.06 load
[runlim] sample:		2140.92 time, 2150.01 real, 5 MB, 5.05 load
[runlim] sample:		2150.88 time, 2160.01 real, 5 MB, 5.04 load
[runlim] sample:		2160.84 time, 2170.01 real, 5 MB, 5.03 load
[runlim] sample:		2170.80 time, 2180.01 real, 5 MB, 5.03 load
[runlim] sample:		2180.76 time, 2190.01 real, 5 MB, 5.02 load
[runlim] sample:		2190.71 time, 2200.01 real, 5 MB, 5.17 load
[runlim] sample:		2200.67 time, 2210.01 real, 5 MB, 5.22 load
[runlim] sample:		2210.63 time, 2220.01 real, 5 MB, 5.19 load
[runlim] sample:		2220.59 time, 2230.01 real, 5 MB, 5.16 load
[runlim] sample:		2230.54 time, 2240.01 real, 5 MB, 5.13 load
[runlim] sample:		2240.50 time, 2250.01 real, 5 MB, 5.11 load
[runlim] sample:		2250.46 time, 2260.01 real, 5 MB, 5.09 load
[runlim] sample:		2260.42 time, 2270.01 real, 5 MB, 5.16 load
[runlim] sample:		2270.38 time, 2280.01 real, 5 MB, 5.13 load
[runlim] sample:		2280.34 time, 2290.01 real, 5 MB, 5.11 load
[runlim] sample:		2290.30 time, 2300.01 real, 5 MB, 5.10 load
[runlim] sample:		2300.26 time, 2310.01 real, 5 MB, 5.08 load
[runlim] sample:		2310.22 time, 2320.01 real, 5 MB, 5.07 load
[runlim] sample:		2320.18 time, 2330.01 real, 5 MB, 5.14 load
[runlim] sample:		2330.14 time, 2340.01 real, 5 MB, 5.12 load
[runlim] sample:		2340.10 time, 2350.01 real, 5 MB, 5.10 load
[runlim] sample:		2350.06 time, 2360.01 real, 5 MB, 5.08 load
[runlim] sample:		2360.02 time, 2370.01 real, 5 MB, 5.07 load
[runlim] sample:		2369.99 time, 2380.01 real, 5 MB, 5.06 load
[runlim] sample:		2379.95 time, 2390.01 real, 5 MB, 5.05 load
[runlim] sample:		2389.91 time, 2400.01 real, 5 MB, 5.12 load
[runlim] sample:		2399.87 time, 2410.01 real, 5 MB, 5.10 load
[runlim] sample:		2409.83 time, 2420.01 real, 5 MB, 5.09 load
[runlim] sample:		2419.79 time, 2430.01 real, 5 MB, 5.07 load
[runlim] sample:		2429.76 time, 2440.01 real, 5 MB, 5.06 load
[runlim] sample:		2439.72 time, 2450.01 real, 5 MB, 5.05 load
[runlim] end:			Fri Mar 20 17:03:12 2026
[runlim] status:		ok
[runlim] result:		0
[runlim] children:		1
[runlim] processes:		2
[runlim] real:			2458.47 seconds
[runlim] time:			2448.08 seconds
[runlim] space:			5 MB
[runlim] load:			5.99 maximum
[runlim] samples:		24584
