[runlim] version:		2.0.0rc1
[runlim] host:			m06n07
[runlim] time limit:		311040000 seconds
[runlim] real time limit:	5000 seconds
[runlim] space limit:		7000 MB
[runlim] argv[0]:		./binary
[runlim] argv[1]:		-c
[runlim] argv[2]:		-f
[runlim] argv[3]:		-s
[runlim] argv[4]:		-r
[runlim] argv[5]:		/tmp/local-unzipped-12236030-6-362-BMS_k3_n100_m429_260.cnf
[runlim] start:			Fri Mar 20 16:22:24 2026
[runlim] child:			992855
[runlim] sample:		9.96 time, 10.01 real, 4 MB, 29.72 load
[runlim] sample:		19.92 time, 20.01 real, 4 MB, 26.46 load
[runlim] sample:		29.89 time, 30.01 real, 4 MB, 23.62 load
[runlim] sample:		39.85 time, 40.01 real, 4 MB, 21.29 load
[runlim] sample:		49.82 time, 50.01 real, 4 MB, 19.25 load
[runlim] sample:		59.78 time, 60.01 real, 4 MB, 17.52 load
[runlim] sample:		69.75 time, 70.01 real, 4 MB, 15.97 load
[runlim] sample:		79.71 time, 80.01 real, 4 MB, 14.59 load
[runlim] sample:		89.68 time, 90.01 real, 4 MB, 13.43 load
[runlim] sample:		99.64 time, 100.01 real, 4 MB, 12.59 load
[runlim] sample:		109.60 time, 110.01 real, 4 MB, 11.73 load
[runlim] sample:		119.57 time, 120.01 real, 4 MB, 10.85 load
[runlim] sample:		129.53 time, 130.01 real, 4 MB, 10.10 load
[runlim] sample:		139.50 time, 140.01 real, 4 MB, 9.47 load
[runlim] sample:		149.46 time, 150.01 real, 4 MB, 8.94 load
[runlim] sample:		159.42 time, 160.01 real, 4 MB, 8.56 load
[runlim] sample:		169.39 time, 170.01 real, 4 MB, 8.16 load
[runlim] sample:		179.35 time, 180.01 real, 4 MB, 7.83 load
[runlim] end:			Fri Mar 20 16:25:29 2026
[runlim] status:		ok
[runlim] result:		0
[runlim] children:		1
[runlim] processes:		2
[runlim] real:			184.32 seconds
[runlim] time:			183.64 seconds
[runlim] space:			5 MB
[runlim] load:			33.48 maximum
[runlim] samples:		1843
