[runlim] version:		2.0.0rc1
[runlim] host:			p02n05
[runlim] time limit:		311040000 seconds
[runlim] real time limit:	5000 seconds
[runlim] space limit:		7000 MB
[runlim] argv[0]:		./binary
[runlim] argv[1]:		-c
[runlim] argv[2]:		-f
[runlim] argv[3]:		-s
[runlim] argv[4]:		-r
[runlim] argv[5]:		/tmp/local-unzipped-12236030-3-150-BMS_k3_n100_m429_43.cnf
[runlim] start:			Fri Mar 20 16:15:02 2026
[runlim] child:			1433095
[runlim] sample:		9.96 time, 10.01 real, 3 MB, 1.16 load
[runlim] sample:		19.91 time, 20.01 real, 3 MB, 1.75 load
[runlim] sample:		29.86 time, 30.01 real, 3 MB, 2.26 load
[runlim] sample:		39.81 time, 40.01 real, 3 MB, 3.06 load
[runlim] sample:		49.76 time, 50.01 real, 3 MB, 3.89 load
[runlim] sample:		59.71 time, 60.01 real, 3 MB, 4.52 load
[runlim] sample:		69.67 time, 70.01 real, 3 MB, 5.06 load
[runlim] sample:		79.63 time, 80.01 real, 3 MB, 5.51 load
[runlim] sample:		89.58 time, 90.01 real, 3 MB, 5.81 load
[runlim] sample:		99.54 time, 100.01 real, 3 MB, 6.00 load
[runlim] sample:		109.50 time, 110.01 real, 3 MB, 6.15 load
[runlim] sample:		119.46 time, 120.01 real, 3 MB, 6.28 load
[runlim] sample:		129.42 time, 130.01 real, 3 MB, 6.39 load
[runlim] sample:		139.37 time, 140.01 real, 3 MB, 6.49 load
[runlim] sample:		149.33 time, 150.01 real, 3 MB, 6.41 load
[runlim] sample:		159.29 time, 160.01 real, 3 MB, 6.27 load
[runlim] sample:		169.25 time, 170.01 real, 3 MB, 6.07 load
[runlim] sample:		179.21 time, 180.01 real, 3 MB, 5.91 load
[runlim] end:			Fri Mar 20 16:18:06 2026
[runlim] status:		ok
[runlim] result:		0
[runlim] children:		1
[runlim] processes:		2
[runlim] real:			183.27 seconds
[runlim] time:			182.40 seconds
[runlim] space:			4 MB
[runlim] load:			6.49 maximum
[runlim] samples:		1832
