[runlim] version:		2.0.0rc1
[runlim] host:			o03n05
[runlim] time limit:		311040000 seconds
[runlim] real time limit:	5000 seconds
[runlim] space limit:		7000 MB
[runlim] argv[0]:		./binary
[runlim] argv[1]:		-c
[runlim] argv[2]:		-f
[runlim] argv[3]:		-s
[runlim] argv[4]:		-r
[runlim] argv[5]:		/tmp/local-unzipped-12236030-1-63-BMS_k3_n100_m429_436.cnf
[runlim] start:			Fri Mar 20 15:54:18 2026
[runlim] child:			3696959
[runlim] sample:		9.97 time, 10.01 real, 4 MB, 3.68 load
[runlim] sample:		19.93 time, 20.01 real, 4 MB, 4.11 load
[runlim] sample:		29.89 time, 30.01 real, 4 MB, 4.48 load
[runlim] end:			Fri Mar 20 15:54:57 2026
[runlim] status:		ok
[runlim] result:		0
[runlim] children:		1
[runlim] processes:		2
[runlim] real:			39.32 seconds
[runlim] time:			39.15 seconds
[runlim] space:			4 MB
[runlim] load:			4.79 maximum
[runlim] samples:		393
