[runlim] version:		2.0.0rc1
[runlim] host:			o03n05
[runlim] time limit:		311040000 seconds
[runlim] real time limit:	5000 seconds
[runlim] space limit:		7000 MB
[runlim] argv[0]:		./binary
[runlim] argv[1]:		-c
[runlim] argv[2]:		-f
[runlim] argv[3]:		-s
[runlim] argv[4]:		-r
[runlim] argv[5]:		/tmp/local-unzipped-12236030-1-4-BMS_k3_n100_m429_385.cnf
[runlim] start:			Fri Mar 20 15:53:19 2026
[runlim] child:			3694751
[runlim] sample:		9.96 time, 10.01 real, 4 MB, 0.54 load
[runlim] sample:		19.92 time, 20.01 real, 4 MB, 1.07 load
[runlim] sample:		29.87 time, 30.01 real, 5 MB, 1.44 load
[runlim] sample:		39.82 time, 40.01 real, 5 MB, 1.76 load
[runlim] sample:		49.77 time, 50.01 real, 5 MB, 2.26 load
[runlim] sample:		59.71 time, 60.01 real, 5 MB, 2.99 load
[runlim] sample:		69.66 time, 70.01 real, 5 MB, 3.68 load
[runlim] sample:		79.61 time, 80.01 real, 5 MB, 4.11 load
[runlim] sample:		89.56 time, 90.01 real, 5 MB, 4.48 load
[runlim] sample:		99.50 time, 100.01 real, 5 MB, 4.79 load
[runlim] sample:		109.45 time, 110.01 real, 5 MB, 4.90 load
[runlim] sample:		119.41 time, 120.01 real, 5 MB, 4.91 load
[runlim] sample:		129.35 time, 130.01 real, 5 MB, 5.00 load
[runlim] sample:		139.30 time, 140.01 real, 5 MB, 5.00 load
[runlim] sample:		149.26 time, 150.01 real, 5 MB, 5.00 load
[runlim] sample:		159.21 time, 160.01 real, 5 MB, 5.00 load
[runlim] sample:		169.16 time, 170.01 real, 5 MB, 5.07 load
[runlim] sample:		179.11 time, 180.01 real, 5 MB, 5.06 load
[runlim] sample:		189.05 time, 190.01 real, 5 MB, 5.05 load
[runlim] sample:		199.00 time, 200.01 real, 5 MB, 4.89 load
[runlim] sample:		208.95 time, 210.01 real, 5 MB, 4.75 load
[runlim] sample:		218.91 time, 220.01 real, 5 MB, 4.64 load
[runlim] sample:		228.86 time, 230.01 real, 5 MB, 4.54 load
[runlim] sample:		238.81 time, 240.01 real, 5 MB, 4.45 load
[runlim] sample:		248.76 time, 250.01 real, 5 MB, 4.38 load
[runlim] sample:		258.71 time, 260.01 real, 5 MB, 4.32 load
[runlim] sample:		268.66 time, 270.01 real, 5 MB, 4.27 load
[runlim] sample:		278.61 time, 280.01 real, 5 MB, 4.23 load
[runlim] sample:		288.56 time, 290.01 real, 5 MB, 4.42 load
[runlim] sample:		298.51 time, 300.01 real, 5 MB, 4.20 load
[runlim] sample:		308.46 time, 310.01 real, 5 MB, 4.01 load
[runlim] sample:		318.42 time, 320.01 real, 5 MB, 3.86 load
[runlim] sample:		328.36 time, 330.01 real, 5 MB, 3.73 load
[runlim] sample:		338.32 time, 340.01 real, 5 MB, 3.61 load
[runlim] sample:		348.27 time, 350.01 real, 5 MB, 3.52 load
[runlim] sample:		358.23 time, 360.01 real, 5 MB, 3.69 load
[runlim] sample:		368.19 time, 370.01 real, 5 MB, 3.43 load
[runlim] sample:		378.14 time, 380.01 real, 5 MB, 3.21 load
[runlim] sample:		388.10 time, 390.01 real, 5 MB, 3.09 load
[runlim] sample:		398.06 time, 400.01 real, 5 MB, 2.93 load
[runlim] sample:		408.02 time, 410.01 real, 5 MB, 2.78 load
[runlim] sample:		417.98 time, 420.01 real, 5 MB, 2.66 load
[runlim] sample:		427.93 time, 430.01 real, 5 MB, 2.56 load
[runlim] sample:		437.89 time, 440.01 real, 5 MB, 2.47 load
[runlim] sample:		447.84 time, 450.01 real, 5 MB, 2.47 load
[runlim] sample:		457.80 time, 460.01 real, 5 MB, 2.40 load
[runlim] sample:		467.76 time, 470.01 real, 5 MB, 2.34 load
[runlim] sample:		477.72 time, 480.01 real, 5 MB, 2.37 load
[runlim] end:			Fri Mar 20 16:01:27 2026
[runlim] status:		ok
[runlim] result:		0
[runlim] children:		1
[runlim] processes:		2
[runlim] real:			488.75 seconds
[runlim] time:			486.38 seconds
[runlim] space:			5 MB
[runlim] load:			5.08 maximum
[runlim] samples:		4887
