[runlim] version:		2.0.0rc1
[runlim] host:			p02n05
[runlim] time limit:		311040000 seconds
[runlim] real time limit:	5000 seconds
[runlim] space limit:		7000 MB
[runlim] argv[0]:		./binary
[runlim] argv[1]:		-c
[runlim] argv[2]:		-f
[runlim] argv[3]:		-s
[runlim] argv[4]:		-r
[runlim] argv[5]:		/tmp/local-unzipped-12236030-3-192-BMS_k3_n100_m429_323.cnf
[runlim] start:			Fri Mar 20 16:15:45 2026
[runlim] child:			1435785
[runlim] sample:		9.97 time, 10.01 real, 4 MB, 3.89 load
[runlim] sample:		19.93 time, 20.01 real, 4 MB, 4.52 load
[runlim] sample:		29.89 time, 30.01 real, 4 MB, 5.06 load
[runlim] sample:		39.86 time, 40.01 real, 4 MB, 5.51 load
[runlim] end:			Fri Mar 20 16:16:28 2026
[runlim] status:		ok
[runlim] result:		0
[runlim] children:		1
[runlim] processes:		2
[runlim] real:			43.07 seconds
[runlim] time:			42.84 seconds
[runlim] space:			4 MB
[runlim] load:			5.71 maximum
[runlim] samples:		430
