[runlim] version:		2.0.0rc1
[runlim] host:			m06n07
[runlim] time limit:		311040000 seconds
[runlim] real time limit:	5000 seconds
[runlim] space limit:		7000 MB
[runlim] argv[0]:		./binary
[runlim] argv[1]:		-c
[runlim] argv[2]:		-f
[runlim] argv[3]:		-s
[runlim] argv[4]:		-r
[runlim] argv[5]:		/tmp/local-unzipped-12236030-6-342-BMS_k3_n100_m429_233.cnf
[runlim] start:			Fri Mar 20 16:22:04 2026
[runlim] child:			992113
[runlim] end:			Fri Mar 20 16:22:05 2026
[runlim] status:		ok
[runlim] result:		0
[runlim] children:		1
[runlim] processes:		2
[runlim] real:			0.96 seconds
[runlim] time:			0.90 seconds
[runlim] space:			6 MB
[runlim] load:			43.67 maximum
[runlim] samples:		9
