[runlim] version:		2.0.0rc1
[runlim] host:			m09n14
[runlim] time limit:		311040000 seconds
[runlim] real time limit:	5000 seconds
[runlim] space limit:		7000 MB
[runlim] argv[0]:		./binary
[runlim] argv[1]:		-c
[runlim] argv[2]:		-s
[runlim] argv[3]:		-r
[runlim] argv[4]:		/tmp/local-unzipped-12459996-1-15-mc2025_track1_035.cnf
[runlim] start:			Thu Apr  9 20:31:51 2026
[runlim] child:			3844112
[runlim] sample:		9.95 time, 10.01 real, 9 MB, 9.66 load
[runlim] sample:		19.90 time, 20.01 real, 11 MB, 12.65 load
[runlim] sample:		29.84 time, 30.01 real, 13 MB, 16.64 load
[runlim] sample:		39.78 time, 40.01 real, 13 MB, 21.71 load
[runlim] sample:		49.71 time, 50.01 real, 14 MB, 27.53 load
[runlim] sample:		59.65 time, 60.01 real, 15 MB, 33.29 load
[runlim] sample:		69.58 time, 70.01 real, 15 MB, 37.77 load
[runlim] sample:		79.52 time, 80.01 real, 17 MB, 41.26 load
[runlim] sample:		89.46 time, 90.01 real, 17 MB, 44.14 load
[runlim] sample:		99.40 time, 100.01 real, 17 MB, 46.81 load
[runlim] sample:		109.34 time, 110.01 real, 17 MB, 48.91 load
[runlim] sample:		119.28 time, 120.01 real, 18 MB, 50.70 load
[runlim] sample:		129.23 time, 130.01 real, 19 MB, 52.20 load
[runlim] sample:		139.16 time, 140.01 real, 23 MB, 53.17 load
[runlim] sample:		149.10 time, 150.01 real, 27 MB, 53.90 load
[runlim] sample:		159.04 time, 160.01 real, 27 MB, 54.38 load
[runlim] sample:		168.98 time, 170.01 real, 24 MB, 54.70 load
[runlim] sample:		178.92 time, 180.01 real, 29 MB, 55.06 load
[runlim] sample:		188.86 time, 190.01 real, 29 MB, 55.20 load
[runlim] sample:		198.79 time, 200.01 real, 26 MB, 55.33 load
[runlim] sample:		208.73 time, 210.01 real, 22 MB, 55.43 load
[runlim] sample:		218.67 time, 220.01 real, 22 MB, 55.68 load
[runlim] sample:		228.61 time, 230.01 real, 24 MB, 55.73 load
[runlim] sample:		238.54 time, 240.01 real, 24 MB, 55.77 load
[runlim] sample:		248.48 time, 250.01 real, 24 MB, 55.81 load
[runlim] sample:		258.42 time, 260.01 real, 25 MB, 55.92 load
[runlim] sample:		268.36 time, 270.01 real, 29 MB, 55.93 load
[runlim] sample:		278.30 time, 280.01 real, 34 MB, 56.09 load
[runlim] sample:		288.23 time, 290.01 real, 34 MB, 56.15 load
[runlim] sample:		298.16 time, 300.01 real, 34 MB, 56.13 load
[runlim] sample:		308.10 time, 310.01 real, 34 MB, 56.18 load
[runlim] sample:		318.04 time, 320.01 real, 34 MB, 56.15 load
[runlim] sample:		327.98 time, 330.01 real, 34 MB, 56.13 load
[runlim] sample:		337.91 time, 340.01 real, 34 MB, 56.11 load
[runlim] sample:		347.85 time, 350.01 real, 34 MB, 56.09 load
[runlim] sample:		357.79 time, 360.01 real, 34 MB, 56.08 load
[runlim] sample:		367.72 time, 370.01 real, 34 MB, 56.07 load
[runlim] sample:		377.66 time, 380.01 real, 34 MB, 56.14 load
[runlim] sample:		387.60 time, 390.01 real, 34 MB, 56.11 load
[runlim] sample:		397.54 time, 400.01 real, 34 MB, 56.18 load
[runlim] sample:		407.48 time, 410.01 real, 40 MB, 56.15 load
[runlim] sample:		417.41 time, 420.01 real, 40 MB, 56.21 load
[runlim] sample:		427.35 time, 430.01 real, 34 MB, 56.17 load
[runlim] sample:		437.29 time, 440.01 real, 40 MB, 56.23 load
[runlim] sample:		447.22 time, 450.01 real, 34 MB, 56.19 load
[runlim] sample:		457.17 time, 460.01 real, 40 MB, 56.32 load
[runlim] sample:		467.11 time, 470.01 real, 40 MB, 56.27 load
[runlim] sample:		477.04 time, 480.01 real, 34 MB, 56.23 load
[runlim] sample:		486.98 time, 490.01 real, 38 MB, 56.19 load
[runlim] sample:		496.92 time, 500.01 real, 32 MB, 56.24 load
[runlim] sample:		506.85 time, 510.01 real, 32 MB, 56.28 load
[runlim] sample:		516.79 time, 520.01 real, 33 MB, 56.24 load
[runlim] sample:		526.73 time, 530.01 real, 33 MB, 56.20 load
[runlim] sample:		536.67 time, 540.01 real, 33 MB, 56.09 load
[runlim] sample:		546.61 time, 550.01 real, 32 MB, 55.92 load
[runlim] sample:		556.54 time, 560.01 real, 32 MB, 55.71 load
[runlim] sample:		566.48 time, 570.01 real, 33 MB, 55.44 load
[runlim] sample:		576.42 time, 580.01 real, 33 MB, 55.30 load
[runlim] sample:		586.36 time, 590.01 real, 33 MB, 55.17 load
[runlim] sample:		596.29 time, 600.01 real, 33 MB, 55.15 load
[runlim] sample:		606.23 time, 610.01 real, 33 MB, 54.97 load
[runlim] sample:		616.17 time, 620.01 real, 33 MB, 54.90 load
[runlim] sample:		626.12 time, 630.01 real, 32 MB, 54.76 load
[runlim] sample:		636.05 time, 640.01 real, 40 MB, 54.64 load
[runlim] sample:		645.99 time, 650.01 real, 40 MB, 54.62 load
[runlim] sample:		655.93 time, 660.01 real, 41 MB, 54.60 load
[runlim] sample:		665.86 time, 670.01 real, 34 MB, 54.59 load
[runlim] sample:		675.80 time, 680.01 real, 34 MB, 54.50 load
[runlim] sample:		685.74 time, 690.01 real, 34 MB, 54.42 load
[runlim] sample:		695.68 time, 700.01 real, 34 MB, 54.44 load
[runlim] sample:		705.62 time, 710.01 real, 34 MB, 54.37 load
[runlim] sample:		715.56 time, 720.01 real, 34 MB, 54.31 load
[runlim] sample:		725.50 time, 730.01 real, 34 MB, 54.26 load
[runlim] sample:		735.43 time, 740.01 real, 35 MB, 54.30 load
[runlim] sample:		745.37 time, 750.01 real, 35 MB, 54.26 load
[runlim] sample:		755.31 time, 760.01 real, 36 MB, 54.22 load
[runlim] sample:		765.24 time, 770.01 real, 36 MB, 54.26 load
[runlim] sample:		775.18 time, 780.01 real, 36 MB, 54.22 load
[runlim] sample:		785.12 time, 790.01 real, 36 MB, 54.18 load
[runlim] sample:		795.05 time, 800.01 real, 36 MB, 54.15 load
[runlim] sample:		804.99 time, 810.01 real, 36 MB, 54.13 load
[runlim] sample:		814.93 time, 820.01 real, 36 MB, 54.11 load
[runlim] sample:		824.87 time, 830.01 real, 37 MB, 54.31 load
[runlim] sample:		834.81 time, 840.01 real, 37 MB, 54.11 load
[runlim] sample:		844.74 time, 850.01 real, 36 MB, 53.94 load
[runlim] sample:		854.68 time, 860.01 real, 36 MB, 53.87 load
[runlim] sample:		864.61 time, 870.01 real, 35 MB, 53.73 load
[runlim] sample:		874.55 time, 880.01 real, 35 MB, 53.62 load
[runlim] sample:		884.49 time, 890.01 real, 44 MB, 53.53 load
[runlim] sample:		894.42 time, 900.01 real, 44 MB, 53.52 load
[runlim] sample:		904.36 time, 910.01 real, 44 MB, 53.44 load
[runlim] sample:		914.30 time, 920.01 real, 44 MB, 53.37 load
[runlim] sample:		924.24 time, 930.01 real, 45 MB, 53.40 load
[runlim] sample:		934.17 time, 940.01 real, 45 MB, 53.34 load
[runlim] sample:		944.12 time, 950.01 real, 44 MB, 53.50 load
[runlim] sample:		954.05 time, 960.01 real, 44 MB, 53.51 load
[runlim] sample:		963.99 time, 970.01 real, 44 MB, 53.43 load
[runlim] sample:		973.93 time, 980.01 real, 44 MB, 53.36 load
[runlim] sample:		983.86 time, 990.01 real, 52 MB, 53.31 load
[runlim] sample:		993.80 time, 1000.01 real, 52 MB, 53.26 load
[runlim] sample:		1003.73 time, 1010.01 real, 52 MB, 53.30 load
[runlim] sample:		1013.67 time, 1020.01 real, 52 MB, 53.25 load
[runlim] sample:		1023.60 time, 1030.01 real, 52 MB, 53.21 load
[runlim] sample:		1033.54 time, 1040.01 real, 52 MB, 53.41 load
[runlim] sample:		1043.47 time, 1050.01 real, 52 MB, 53.35 load
[runlim] sample:		1053.41 time, 1060.01 real, 52 MB, 53.29 load
[runlim] sample:		1063.35 time, 1070.01 real, 52 MB, 53.25 load
[runlim] sample:		1073.28 time, 1080.01 real, 52 MB, 53.29 load
[runlim] sample:		1083.22 time, 1090.01 real, 52 MB, 53.24 load
[runlim] sample:		1093.15 time, 1100.01 real, 52 MB, 53.28 load
[runlim] sample:		1103.09 time, 1110.01 real, 52 MB, 53.24 load
[runlim] sample:		1113.02 time, 1120.01 real, 52 MB, 53.20 load
[runlim] sample:		1122.95 time, 1130.01 real, 52 MB, 53.17 load
[runlim] sample:		1132.89 time, 1140.01 real, 52 MB, 53.22 load
[runlim] sample:		1142.82 time, 1150.01 real, 52 MB, 53.26 load
[runlim] sample:		1152.76 time, 1160.01 real, 52 MB, 53.22 load
[runlim] sample:		1162.70 time, 1170.01 real, 52 MB, 53.18 load
[runlim] sample:		1172.63 time, 1180.01 real, 52 MB, 53.15 load
[runlim] sample:		1182.56 time, 1190.01 real, 52 MB, 53.13 load
[runlim] sample:		1192.50 time, 1200.01 real, 52 MB, 53.11 load
[runlim] sample:		1202.43 time, 1210.01 real, 52 MB, 53.09 load
[runlim] sample:		1212.36 time, 1220.01 real, 61 MB, 53.08 load
[runlim] sample:		1222.30 time, 1230.01 real, 61 MB, 53.07 load
[runlim] sample:		1232.24 time, 1240.01 real, 61 MB, 53.06 load
[runlim] sample:		1242.17 time, 1250.01 real, 52 MB, 53.05 load
[runlim] sample:		1252.11 time, 1260.01 real, 52 MB, 53.04 load
[runlim] sample:		1262.04 time, 1270.01 real, 52 MB, 53.03 load
[runlim] sample:		1271.99 time, 1280.01 real, 61 MB, 53.10 load
[runlim] sample:		1281.92 time, 1290.01 real, 52 MB, 53.08 load
[runlim] sample:		1291.86 time, 1300.01 real, 52 MB, 53.07 load
[runlim] sample:		1301.80 time, 1310.01 real, 52 MB, 53.06 load
[runlim] sample:		1311.73 time, 1320.01 real, 52 MB, 53.12 load
[runlim] sample:		1321.67 time, 1330.01 real, 52 MB, 53.10 load
[runlim] sample:		1331.61 time, 1340.01 real, 52 MB, 53.09 load
[runlim] sample:		1341.54 time, 1350.01 real, 52 MB, 53.07 load
[runlim] sample:		1351.48 time, 1360.01 real, 52 MB, 53.06 load
[runlim] sample:		1361.42 time, 1370.01 real, 52 MB, 53.05 load
[runlim] sample:		1371.36 time, 1380.01 real, 52 MB, 53.04 load
[runlim] sample:		1381.30 time, 1390.01 real, 52 MB, 53.04 load
[runlim] sample:		1391.23 time, 1400.01 real, 62 MB, 53.03 load
[runlim] sample:		1401.17 time, 1410.01 real, 62 MB, 53.03 load
[runlim] sample:		1411.10 time, 1420.01 real, 52 MB, 53.02 load
[runlim] sample:		1421.04 time, 1430.01 real, 52 MB, 53.02 load
[runlim] sample:		1430.97 time, 1440.01 real, 52 MB, 53.01 load
[runlim] sample:		1440.91 time, 1450.01 real, 52 MB, 53.01 load
[runlim] sample:		1450.84 time, 1460.01 real, 62 MB, 53.01 load
[runlim] sample:		1460.78 time, 1470.01 real, 62 MB, 53.01 load
[runlim] sample:		1470.72 time, 1480.01 real, 62 MB, 53.08 load
[runlim] sample:		1480.65 time, 1490.01 real, 52 MB, 53.14 load
[runlim] sample:		1490.58 time, 1500.01 real, 52 MB, 53.20 load
[runlim] sample:		1500.52 time, 1510.01 real, 52 MB, 53.17 load
[runlim] sample:		1510.45 time, 1520.01 real, 62 MB, 53.14 load
[runlim] sample:		1520.39 time, 1530.01 real, 62 MB, 53.12 load
[runlim] sample:		1530.33 time, 1540.01 real, 52 MB, 53.10 load
[runlim] sample:		1540.27 time, 1550.01 real, 52 MB, 53.23 load
[runlim] sample:		1550.21 time, 1560.01 real, 59 MB, 53.27 load
[runlim] sample:		1560.14 time, 1570.01 real, 59 MB, 53.23 load
[runlim] sample:		1570.08 time, 1580.01 real, 59 MB, 53.19 load
[runlim] sample:		1580.01 time, 1590.01 real, 69 MB, 53.16 load
[runlim] sample:		1589.95 time, 1600.01 real, 59 MB, 53.22 load
[runlim] sample:		1599.89 time, 1610.01 real, 59 MB, 53.26 load
[runlim] sample:		1609.82 time, 1620.01 real, 59 MB, 53.22 load
[runlim] sample:		1619.76 time, 1630.01 real, 59 MB, 53.18 load
[runlim] sample:		1629.71 time, 1640.01 real, 69 MB, 53.16 load
[runlim] sample:		1639.65 time, 1650.01 real, 69 MB, 53.29 load
[runlim] sample:		1649.59 time, 1660.01 real, 69 MB, 53.24 load
[runlim] sample:		1659.53 time, 1670.01 real, 59 MB, 53.20 load
[runlim] sample:		1669.48 time, 1680.01 real, 59 MB, 53.17 load
[runlim] sample:		1679.42 time, 1690.01 real, 60 MB, 53.14 load
[runlim] sample:		1689.36 time, 1700.01 real, 60 MB, 53.20 load
[runlim] sample:		1699.30 time, 1710.01 real, 60 MB, 53.25 load
[runlim] sample:		1709.24 time, 1720.01 real, 50 MB, 53.36 load
[runlim] sample:		1719.18 time, 1730.01 real, 50 MB, 53.30 load
[runlim] sample:		1729.12 time, 1740.01 real, 50 MB, 53.25 load
[runlim] sample:		1739.06 time, 1750.01 real, 50 MB, 53.29 load
[runlim] sample:		1749.00 time, 1760.01 real, 60 MB, 53.25 load
[runlim] sample:		1758.94 time, 1770.01 real, 60 MB, 53.28 load
[runlim] sample:		1768.89 time, 1780.01 real, 60 MB, 53.24 load
[runlim] sample:		1778.83 time, 1790.01 real, 70 MB, 53.20 load
[runlim] sample:		1788.77 time, 1800.01 real, 70 MB, 53.33 load
[runlim] sample:		1798.72 time, 1810.01 real, 70 MB, 53.27 load
[runlim] sample:		1808.66 time, 1820.01 real, 70 MB, 53.23 load
[runlim] sample:		1818.60 time, 1830.01 real, 70 MB, 53.20 load
[runlim] sample:		1828.55 time, 1840.01 real, 70 MB, 53.16 load
[runlim] sample:		1838.49 time, 1850.01 real, 70 MB, 53.14 load
[runlim] sample:		1848.43 time, 1860.01 real, 70 MB, 53.12 load
[runlim] sample:		1858.38 time, 1870.01 real, 70 MB, 53.10 load
[runlim] sample:		1868.32 time, 1880.01 real, 70 MB, 53.30 load
[runlim] sample:		1878.26 time, 1890.01 real, 70 MB, 53.26 load
[runlim] sample:		1888.19 time, 1900.01 real, 51 MB, 53.22 load
[runlim] sample:		1898.13 time, 1910.01 real, 51 MB, 53.26 load
[runlim] sample:		1908.07 time, 1920.01 real, 51 MB, 53.22 load
[runlim] sample:		1918.01 time, 1930.01 real, 51 MB, 53.19 load
[runlim] sample:		1927.95 time, 1940.01 real, 51 MB, 53.24 load
[runlim] sample:		1937.89 time, 1950.01 real, 51 MB, 53.20 load
[runlim] sample:		1947.84 time, 1960.01 real, 51 MB, 53.17 load
[runlim] sample:		1957.78 time, 1970.01 real, 51 MB, 53.14 load
[runlim] sample:		1967.72 time, 1980.01 real, 51 MB, 53.12 load
[runlim] sample:		1977.66 time, 1990.01 real, 51 MB, 53.18 load
[runlim] sample:		1987.60 time, 2000.01 real, 51 MB, 53.15 load
[runlim] sample:		1997.54 time, 2010.01 real, 52 MB, 53.21 load
[runlim] sample:		2007.49 time, 2020.01 real, 52 MB, 53.17 load
[runlim] sample:		2017.43 time, 2030.01 real, 52 MB, 53.15 load
[runlim] sample:		2027.37 time, 2040.01 real, 52 MB, 53.12 load
[runlim] sample:		2037.31 time, 2050.01 real, 52 MB, 53.18 load
[runlim] sample:		2047.25 time, 2060.01 real, 52 MB, 53.15 load
[runlim] sample:		2057.20 time, 2070.01 real, 52 MB, 53.13 load
[runlim] sample:		2067.14 time, 2080.01 real, 52 MB, 53.11 load
[runlim] sample:		2077.08 time, 2090.01 real, 52 MB, 53.09 load
[runlim] sample:		2087.02 time, 2100.01 real, 52 MB, 53.08 load
[runlim] sample:		2096.97 time, 2110.01 real, 52 MB, 53.06 load
[runlim] sample:		2106.91 time, 2120.01 real, 52 MB, 53.05 load
[runlim] sample:		2116.85 time, 2130.01 real, 52 MB, 53.19 load
[runlim] sample:		2126.79 time, 2140.01 real, 52 MB, 53.16 load
[runlim] sample:		2136.74 time, 2150.01 real, 52 MB, 53.21 load
[runlim] sample:		2146.69 time, 2160.01 real, 52 MB, 53.18 load
[runlim] sample:		2156.63 time, 2170.01 real, 52 MB, 53.15 load
[runlim] sample:		2166.57 time, 2180.01 real, 52 MB, 53.13 load
[runlim] sample:		2176.51 time, 2190.01 real, 52 MB, 53.11 load
[runlim] sample:		2186.46 time, 2200.01 real, 52 MB, 53.16 load
[runlim] sample:		2196.40 time, 2210.01 real, 52 MB, 53.21 load
[runlim] sample:		2206.34 time, 2220.01 real, 53 MB, 53.25 load
[runlim] sample:		2216.28 time, 2230.01 real, 53 MB, 53.29 load
[runlim] sample:		2226.22 time, 2240.01 real, 53 MB, 53.25 load
[runlim] sample:		2236.16 time, 2250.01 real, 53 MB, 53.21 load
[runlim] sample:		2246.10 time, 2260.01 real, 53 MB, 53.18 load
[runlim] sample:		2256.04 time, 2270.01 real, 53 MB, 53.23 load
[runlim] sample:		2265.99 time, 2280.01 real, 53 MB, 53.27 load
[runlim] sample:		2275.93 time, 2290.01 real, 53 MB, 53.23 load
[runlim] sample:		2285.87 time, 2300.01 real, 53 MB, 53.19 load
[runlim] sample:		2295.81 time, 2310.01 real, 53 MB, 53.16 load
[runlim] sample:		2305.75 time, 2320.01 real, 53 MB, 53.14 load
[runlim] sample:		2315.70 time, 2330.01 real, 53 MB, 53.11 load
[runlim] sample:		2325.64 time, 2340.01 real, 54 MB, 53.10 load
[runlim] sample:		2335.58 time, 2350.01 real, 54 MB, 53.08 load
[runlim] sample:		2345.52 time, 2360.01 real, 54 MB, 53.07 load
[runlim] sample:		2355.46 time, 2370.01 real, 54 MB, 53.21 load
[runlim] sample:		2365.41 time, 2380.01 real, 53 MB, 53.41 load
[runlim] sample:		2375.35 time, 2390.01 real, 53 MB, 53.49 load
[runlim] sample:		2385.29 time, 2400.01 real, 53 MB, 53.42 load
[runlim] sample:		2395.23 time, 2410.01 real, 53 MB, 53.35 load
[runlim] sample:		2405.17 time, 2420.01 real, 53 MB, 53.30 load
[runlim] sample:		2415.12 time, 2430.01 real, 53 MB, 53.40 load
[runlim] sample:		2425.06 time, 2440.01 real, 53 MB, 53.42 load
[runlim] sample:		2435.00 time, 2450.01 real, 53 MB, 53.35 load
[runlim] sample:		2444.94 time, 2460.01 real, 65 MB, 53.38 load
[runlim] sample:		2454.88 time, 2470.01 real, 65 MB, 53.32 load
[runlim] sample:		2464.82 time, 2480.01 real, 65 MB, 53.42 load
[runlim] sample:		2474.77 time, 2490.01 real, 65 MB, 53.43 load
[runlim] sample:		2484.71 time, 2500.01 real, 65 MB, 53.37 load
[runlim] sample:		2494.66 time, 2510.01 real, 65 MB, 53.47 load
[runlim] sample:		2504.60 time, 2520.01 real, 54 MB, 53.54 load
[runlim] sample:		2514.54 time, 2530.01 real, 54 MB, 53.46 load
[runlim] sample:		2524.48 time, 2540.01 real, 54 MB, 53.39 load
[runlim] sample:		2534.43 time, 2550.01 real, 54 MB, 53.40 load
[runlim] sample:		2544.37 time, 2560.01 real, 65 MB, 53.34 load
[runlim] sample:		2554.31 time, 2570.01 real, 65 MB, 53.29 load
[runlim] sample:		2564.25 time, 2580.01 real, 65 MB, 53.24 load
[runlim] sample:		2574.19 time, 2590.01 real, 65 MB, 53.20 load
[runlim] sample:		2584.13 time, 2600.01 real, 65 MB, 53.17 load
[runlim] sample:		2594.08 time, 2610.01 real, 54 MB, 53.22 load
[runlim] sample:		2604.02 time, 2620.01 real, 54 MB, 53.19 load
[runlim] sample:		2613.96 time, 2630.01 real, 54 MB, 53.16 load
[runlim] sample:		2623.90 time, 2640.01 real, 54 MB, 53.13 load
[runlim] sample:		2633.85 time, 2650.01 real, 54 MB, 53.19 load
[runlim] sample:		2643.79 time, 2660.01 real, 54 MB, 53.16 load
[runlim] sample:		2653.74 time, 2670.01 real, 67 MB, 53.21 load
[runlim] sample:		2663.68 time, 2680.01 real, 67 MB, 53.17 load
[runlim] sample:		2673.62 time, 2690.01 real, 67 MB, 53.15 load
[runlim] sample:		2683.56 time, 2700.01 real, 67 MB, 53.12 load
[runlim] sample:		2693.51 time, 2710.01 real, 67 MB, 53.18 load
[runlim] sample:		2703.45 time, 2720.01 real, 67 MB, 53.16 load
[runlim] sample:		2713.39 time, 2730.01 real, 67 MB, 53.13 load
[runlim] sample:		2723.33 time, 2740.01 real, 55 MB, 53.11 load
[runlim] sample:		2733.28 time, 2750.01 real, 55 MB, 53.09 load
[runlim] sample:		2743.22 time, 2760.01 real, 55 MB, 53.08 load
[runlim] sample:		2753.16 time, 2770.01 real, 55 MB, 53.07 load
[runlim] sample:		2763.10 time, 2780.01 real, 55 MB, 53.06 load
[runlim] sample:		2773.05 time, 2790.01 real, 55 MB, 53.12 load
[runlim] sample:		2782.99 time, 2800.01 real, 55 MB, 53.10 load
[runlim] sample:		2792.93 time, 2810.01 real, 55 MB, 53.09 load
[runlim] sample:		2802.87 time, 2820.01 real, 68 MB, 53.07 load
[runlim] sample:		2812.82 time, 2830.01 real, 68 MB, 53.06 load
[runlim] sample:		2822.76 time, 2840.01 real, 68 MB, 53.05 load
[runlim] sample:		2832.70 time, 2850.01 real, 68 MB, 53.12 load
[runlim] sample:		2842.65 time, 2860.01 real, 68 MB, 53.10 load
[runlim] sample:		2852.59 time, 2870.01 real, 68 MB, 53.08 load
[runlim] sample:		2862.53 time, 2880.01 real, 68 MB, 53.07 load
[runlim] sample:		2872.47 time, 2890.01 real, 68 MB, 53.46 load
[runlim] sample:		2882.42 time, 2900.01 real, 68 MB, 53.39 load
[runlim] sample:		2892.36 time, 2910.01 real, 56 MB, 53.48 load
[runlim] sample:		2902.30 time, 2920.01 real, 56 MB, 53.41 load
[runlim] sample:		2912.24 time, 2930.01 real, 56 MB, 53.34 load
[runlim] sample:		2922.19 time, 2940.01 real, 56 MB, 53.29 load
[runlim] sample:		2932.14 time, 2950.01 real, 66 MB, 53.41 load
[runlim] sample:		2942.08 time, 2960.01 real, 66 MB, 53.34 load
[runlim] sample:		2952.02 time, 2970.01 real, 66 MB, 53.36 load
[runlim] sample:		2961.96 time, 2980.01 real, 66 MB, 53.38 load
[runlim] sample:		2971.90 time, 2990.01 real, 66 MB, 53.32 load
[runlim] sample:		2981.84 time, 3000.01 real, 66 MB, 53.35 load
[runlim] sample:		2991.78 time, 3010.01 real, 66 MB, 53.37 load
[runlim] sample:		3001.72 time, 3020.01 real, 66 MB, 53.32 load
[runlim] sample:		3011.67 time, 3030.01 real, 66 MB, 53.35 load
[runlim] sample:		3021.61 time, 3040.01 real, 66 MB, 53.29 load
[runlim] sample:		3031.55 time, 3050.01 real, 79 MB, 53.25 load
[runlim] sample:		3041.49 time, 3060.01 real, 79 MB, 53.21 load
[runlim] sample:		3051.43 time, 3070.01 real, 79 MB, 53.18 load
[runlim] sample:		3061.38 time, 3080.01 real, 79 MB, 53.15 load
[runlim] sample:		3071.32 time, 3090.01 real, 79 MB, 53.13 load
[runlim] sample:		3081.26 time, 3100.01 real, 79 MB, 53.11 load
[runlim] sample:		3091.20 time, 3110.01 real, 79 MB, 53.24 load
[runlim] sample:		3101.14 time, 3120.01 real, 79 MB, 53.21 load
[runlim] sample:		3111.08 time, 3130.01 real, 79 MB, 53.17 load
[runlim] sample:		3121.02 time, 3140.01 real, 79 MB, 53.15 load
[runlim] sample:		3130.97 time, 3150.01 real, 79 MB, 53.20 load
[runlim] sample:		3140.91 time, 3160.01 real, 79 MB, 53.17 load
[runlim] sample:		3150.85 time, 3170.01 real, 79 MB, 53.14 load
[runlim] sample:		3160.79 time, 3180.01 real, 79 MB, 53.20 load
[runlim] sample:		3170.74 time, 3190.01 real, 79 MB, 53.17 load
[runlim] sample:		3180.68 time, 3200.01 real, 79 MB, 53.14 load
[runlim] sample:		3190.62 time, 3210.01 real, 79 MB, 53.12 load
[runlim] sample:		3200.56 time, 3220.01 real, 79 MB, 53.10 load
[runlim] sample:		3210.50 time, 3230.01 real, 79 MB, 53.16 load
[runlim] sample:		3220.45 time, 3240.01 real, 79 MB, 53.13 load
[runlim] sample:		3230.39 time, 3250.01 real, 79 MB, 53.11 load
[runlim] sample:		3240.33 time, 3260.01 real, 79 MB, 53.10 load
[runlim] sample:		3250.27 time, 3270.01 real, 79 MB, 53.08 load
[runlim] sample:		3260.21 time, 3280.01 real, 79 MB, 53.07 load
[runlim] sample:		3270.15 time, 3290.01 real, 79 MB, 53.13 load
[runlim] sample:		3280.10 time, 3300.01 real, 79 MB, 53.11 load
[runlim] sample:		3290.04 time, 3310.01 real, 79 MB, 53.09 load
[runlim] sample:		3299.98 time, 3320.01 real, 79 MB, 53.08 load
[runlim] sample:		3309.93 time, 3330.01 real, 79 MB, 53.07 load
[runlim] sample:		3319.87 time, 3340.01 real, 79 MB, 53.14 load
[runlim] sample:		3329.81 time, 3350.01 real, 79 MB, 53.19 load
[runlim] sample:		3339.75 time, 3360.01 real, 79 MB, 53.16 load
[runlim] sample:		3349.70 time, 3370.01 real, 79 MB, 53.13 load
[runlim] sample:		3359.64 time, 3380.01 real, 79 MB, 53.27 load
[runlim] sample:		3369.59 time, 3390.01 real, 79 MB, 53.23 load
[runlim] sample:		3379.53 time, 3400.01 real, 79 MB, 53.27 load
[runlim] sample:		3389.48 time, 3410.01 real, 79 MB, 53.23 load
[runlim] sample:		3399.42 time, 3420.01 real, 79 MB, 53.19 load
[runlim] sample:		3409.36 time, 3430.01 real, 79 MB, 53.16 load
[runlim] sample:		3419.30 time, 3440.01 real, 79 MB, 53.14 load
[runlim] sample:		3429.25 time, 3450.01 real, 79 MB, 53.11 load
[runlim] sample:		3439.19 time, 3460.01 real, 79 MB, 53.10 load
[runlim] sample:		3449.13 time, 3470.01 real, 79 MB, 53.24 load
[runlim] sample:		3459.07 time, 3480.01 real, 79 MB, 53.28 load
[runlim] sample:		3469.01 time, 3490.01 real, 79 MB, 53.32 load
[runlim] sample:		3478.96 time, 3500.01 real, 79 MB, 53.27 load
[runlim] sample:		3488.90 time, 3510.01 real, 79 MB, 53.31 load
[runlim] sample:		3498.84 time, 3520.01 real, 79 MB, 53.26 load
[runlim] sample:		3508.78 time, 3530.01 real, 79 MB, 53.60 load
[runlim] sample:		3518.72 time, 3540.01 real, 79 MB, 53.51 load
[runlim] sample:		3528.67 time, 3550.01 real, 79 MB, 53.43 load
[runlim] sample:		3538.61 time, 3560.01 real, 79 MB, 53.36 load
[runlim] sample:		3548.55 time, 3570.01 real, 79 MB, 53.31 load
[runlim] sample:		3558.50 time, 3580.01 real, 79 MB, 53.34 load
[runlim] sample:		3568.44 time, 3590.01 real, 79 MB, 53.37 load
[runlim] sample:		3578.38 time, 3600.01 real, 79 MB, 53.31 load
[runlim] sample:		3588.32 time, 3610.01 real, 80 MB, 53.26 load
[runlim] sample:		3598.26 time, 3620.01 real, 80 MB, 53.22 load
[runlim] sample:		3608.22 time, 3630.01 real, 80 MB, 53.19 load
[runlim] sample:		3618.18 time, 3640.01 real, 80 MB, 53.23 load
[runlim] sample:		3628.12 time, 3650.01 real, 80 MB, 53.28 load
[runlim] sample:		3638.07 time, 3660.01 real, 80 MB, 53.23 load
[runlim] sample:		3648.01 time, 3670.01 real, 80 MB, 53.20 load
[runlim] sample:		3657.95 time, 3680.01 real, 80 MB, 53.17 load
[runlim] sample:		3667.90 time, 3690.01 real, 80 MB, 53.14 load
[runlim] sample:		3677.84 time, 3700.01 real, 80 MB, 53.12 load
[runlim] sample:		3687.78 time, 3710.01 real, 80 MB, 53.10 load
[runlim] sample:		3697.73 time, 3720.01 real, 80 MB, 53.08 load
[runlim] sample:		3707.67 time, 3730.01 real, 80 MB, 53.15 load
[runlim] sample:		3717.61 time, 3740.01 real, 80 MB, 53.13 load
[runlim] sample:		3727.56 time, 3750.01 real, 80 MB, 53.11 load
[runlim] sample:		3737.50 time, 3760.01 real, 80 MB, 53.09 load
[runlim] sample:		3747.44 time, 3770.01 real, 80 MB, 53.08 load
[runlim] sample:		3757.39 time, 3780.01 real, 68 MB, 53.06 load
[runlim] sample:		3767.33 time, 3790.01 real, 68 MB, 53.21 load
[runlim] sample:		3777.27 time, 3800.01 real, 68 MB, 53.18 load
[runlim] sample:		3787.21 time, 3810.01 real, 68 MB, 53.15 load
[runlim] sample:		3797.16 time, 3820.01 real, 68 MB, 53.13 load
[runlim] sample:		3807.10 time, 3830.01 real, 68 MB, 53.11 load
[runlim] sample:		3817.04 time, 3840.01 real, 68 MB, 53.17 load
[runlim] sample:		3826.98 time, 3850.01 real, 68 MB, 53.22 load
[runlim] sample:		3836.92 time, 3860.01 real, 81 MB, 53.19 load
[runlim] sample:		3846.87 time, 3870.01 real, 81 MB, 53.16 load
[runlim] sample:		3856.81 time, 3880.01 real, 81 MB, 53.13 load
[runlim] sample:		3866.75 time, 3890.01 real, 81 MB, 53.11 load
[runlim] sample:		3876.69 time, 3900.01 real, 81 MB, 53.09 load
[runlim] sample:		3886.62 time, 3910.01 real, 81 MB, 53.08 load
[runlim] sample:		3896.57 time, 3920.01 real, 81 MB, 53.07 load
[runlim] sample:		3906.51 time, 3930.01 real, 81 MB, 53.21 load
[runlim] sample:		3916.45 time, 3940.01 real, 81 MB, 53.18 load
[runlim] sample:		3926.39 time, 3950.01 real, 81 MB, 53.15 load
[runlim] sample:		3936.33 time, 3960.01 real, 81 MB, 53.13 load
[runlim] sample:		3946.27 time, 3970.01 real, 81 MB, 53.42 load
[runlim] sample:		3956.21 time, 3980.01 real, 68 MB, 53.43 load
[runlim] sample:		3966.14 time, 3990.01 real, 68 MB, 53.36 load
[runlim] sample:		3976.09 time, 4000.01 real, 68 MB, 53.38 load
[runlim] sample:		3986.03 time, 4010.01 real, 68 MB, 53.40 load
[runlim] sample:		3995.97 time, 4020.01 real, 68 MB, 53.34 load
[runlim] sample:		4005.91 time, 4030.01 real, 81 MB, 53.29 load
[runlim] sample:		4015.84 time, 4040.01 real, 81 MB, 53.24 load
[runlim] sample:		4025.78 time, 4050.01 real, 81 MB, 53.21 load
[runlim] sample:		4035.72 time, 4060.01 real, 81 MB, 53.17 load
[runlim] sample:		4045.66 time, 4070.01 real, 95 MB, 53.15 load
[runlim] sample:		4055.60 time, 4080.01 real, 95 MB, 53.28 load
[runlim] sample:		4065.54 time, 4090.01 real, 95 MB, 53.24 load
[runlim] sample:		4075.48 time, 4100.01 real, 95 MB, 53.20 load
[runlim] sample:		4085.42 time, 4110.01 real, 95 MB, 53.25 load
[runlim] sample:		4095.36 time, 4120.01 real, 95 MB, 53.21 load
[runlim] sample:		4105.30 time, 4130.01 real, 81 MB, 53.18 load
[runlim] sample:		4115.24 time, 4140.01 real, 81 MB, 53.15 load
[runlim] sample:		4125.18 time, 4150.01 real, 81 MB, 53.20 load
[runlim] sample:		4135.12 time, 4160.01 real, 95 MB, 53.17 load
[runlim] sample:		4145.06 time, 4170.01 real, 95 MB, 53.22 load
[runlim] sample:		4155.00 time, 4180.01 real, 95 MB, 53.19 load
[runlim] sample:		4164.94 time, 4190.01 real, 95 MB, 53.16 load
[runlim] sample:		4174.88 time, 4200.01 real, 95 MB, 53.13 load
[runlim] sample:		4184.81 time, 4210.01 real, 81 MB, 53.11 load
[runlim] sample:		4194.75 time, 4220.01 real, 81 MB, 53.10 load
[runlim] sample:		4204.69 time, 4230.01 real, 81 MB, 53.08 load
[runlim] sample:		4214.64 time, 4240.01 real, 81 MB, 53.14 load
[runlim] sample:		4224.58 time, 4250.01 real, 81 MB, 53.12 load
[runlim] sample:		4234.52 time, 4260.01 real, 64 MB, 53.10 load
[runlim] sample:		4244.46 time, 4270.01 real, 64 MB, 53.08 load
[runlim] sample:		4254.40 time, 4280.01 real, 64 MB, 53.07 load
[runlim] sample:		4264.34 time, 4290.01 real, 64 MB, 53.06 load
[runlim] sample:		4274.28 time, 4300.01 real, 64 MB, 53.20 load
[runlim] sample:		4284.22 time, 4310.01 real, 64 MB, 53.17 load
[runlim] sample:		4294.16 time, 4320.01 real, 64 MB, 53.14 load
[runlim] sample:		4304.10 time, 4330.01 real, 64 MB, 53.12 load
[runlim] sample:		4314.04 time, 4340.01 real, 64 MB, 53.10 load
[runlim] sample:		4323.98 time, 4350.01 real, 64 MB, 53.08 load
[runlim] sample:		4333.93 time, 4360.01 real, 64 MB, 53.14 load
[runlim] sample:		4343.87 time, 4370.01 real, 64 MB, 53.12 load
[runlim] sample:		4353.81 time, 4380.01 real, 64 MB, 53.10 load
[runlim] sample:		4363.75 time, 4390.01 real, 65 MB, 53.09 load
[runlim] sample:		4373.69 time, 4400.01 real, 65 MB, 53.07 load
[runlim] sample:		4383.64 time, 4410.01 real, 65 MB, 53.06 load
[runlim] sample:		4393.58 time, 4420.01 real, 65 MB, 53.13 load
[runlim] sample:		4403.52 time, 4430.01 real, 65 MB, 53.11 load
[runlim] sample:		4413.46 time, 4440.01 real, 65 MB, 53.16 load
[runlim] sample:		4423.40 time, 4450.01 real, 65 MB, 53.14 load
[runlim] sample:		4433.34 time, 4460.01 real, 65 MB, 53.12 load
[runlim] sample:		4443.29 time, 4470.01 real, 66 MB, 53.10 load
[runlim] sample:		4453.23 time, 4480.01 real, 66 MB, 53.24 load
[runlim] sample:		4463.16 time, 4490.01 real, 66 MB, 53.20 load
[runlim] sample:		4473.10 time, 4500.01 real, 66 MB, 53.25 load
[runlim] sample:		4483.03 time, 4510.01 real, 66 MB, 53.45 load
[runlim] sample:		4492.97 time, 4520.01 real, 66 MB, 53.38 load
[runlim] sample:		4502.92 time, 4530.01 real, 66 MB, 53.32 load
[runlim] sample:		4512.86 time, 4540.01 real, 66 MB, 53.27 load
[runlim] sample:		4522.79 time, 4550.01 real, 66 MB, 53.23 load
[runlim] sample:		4532.74 time, 4560.01 real, 66 MB, 53.27 load
[runlim] sample:		4542.68 time, 4570.01 real, 66 MB, 53.23 load
[runlim] sample:		4552.62 time, 4580.01 real, 66 MB, 53.28 load
[runlim] sample:		4562.56 time, 4590.01 real, 66 MB, 53.23 load
[runlim] sample:		4572.50 time, 4600.01 real, 66 MB, 53.20 load
[runlim] sample:		4582.45 time, 4610.01 real, 66 MB, 53.17 load
[runlim] sample:		4592.39 time, 4620.01 real, 66 MB, 53.14 load
[runlim] sample:		4602.33 time, 4630.01 real, 66 MB, 53.12 load
[runlim] sample:		4612.28 time, 4640.01 real, 66 MB, 53.26 load
[runlim] sample:		4622.20 time, 4650.01 real, 67 MB, 53.37 load
[runlim] sample:		4632.13 time, 4660.01 real, 67 MB, 53.38 load
[runlim] sample:		4642.06 time, 4670.01 real, 67 MB, 53.33 load
[runlim] sample:		4651.98 time, 4680.01 real, 67 MB, 53.27 load
[runlim] sample:		4661.91 time, 4690.01 real, 67 MB, 53.23 load
[runlim] sample:		4671.84 time, 4700.01 real, 67 MB, 53.20 load
[runlim] sample:		4681.76 time, 4710.01 real, 67 MB, 53.16 load
[runlim] sample:		4691.69 time, 4720.01 real, 67 MB, 53.14 load
[runlim] sample:		4701.62 time, 4730.01 real, 67 MB, 53.12 load
[runlim] sample:		4711.56 time, 4740.01 real, 67 MB, 53.17 load
[runlim] sample:		4721.50 time, 4750.01 real, 67 MB, 53.15 load
[runlim] sample:		4731.43 time, 4760.01 real, 67 MB, 53.12 load
[runlim] sample:		4741.37 time, 4770.01 real, 67 MB, 53.26 load
[runlim] sample:		4751.31 time, 4780.01 real, 67 MB, 53.22 load
[runlim] sample:		4761.25 time, 4790.01 real, 67 MB, 53.18 load
[runlim] sample:		4771.19 time, 4800.01 real, 67 MB, 53.23 load
[runlim] sample:		4781.13 time, 4810.01 real, 67 MB, 53.27 load
[runlim] sample:		4791.07 time, 4820.01 real, 67 MB, 53.23 load
[runlim] sample:		4801.00 time, 4830.01 real, 67 MB, 53.19 load
[runlim] sample:		4810.94 time, 4840.01 real, 67 MB, 53.24 load
[runlim] sample:		4820.87 time, 4850.01 real, 67 MB, 53.20 load
[runlim] sample:		4830.81 time, 4860.01 real, 67 MB, 53.24 load
[runlim] sample:		4840.74 time, 4870.01 real, 67 MB, 53.20 load
[runlim] sample:		4850.68 time, 4880.01 real, 67 MB, 53.25 load
[runlim] sample:		4860.61 time, 4890.01 real, 67 MB, 53.21 load
[runlim] sample:		4870.56 time, 4900.01 real, 67 MB, 53.18 load
[runlim] sample:		4880.49 time, 4910.01 real, 67 MB, 53.15 load
[runlim] sample:		4890.43 time, 4920.01 real, 67 MB, 53.20 load
[runlim] sample:		4900.36 time, 4930.01 real, 67 MB, 53.17 load
[runlim] sample:		4910.30 time, 4940.01 real, 67 MB, 53.14 load
[runlim] sample:		4920.24 time, 4950.01 real, 67 MB, 53.27 load
[runlim] sample:		4930.17 time, 4960.01 real, 67 MB, 53.23 load
[runlim] sample:		4940.11 time, 4970.01 real, 67 MB, 53.19 load
[runlim] sample:		4950.05 time, 4980.01 real, 67 MB, 53.24 load
[runlim] sample:		4959.98 time, 4990.01 real, 67 MB, 53.12 load
[runlim] sample:		4969.92 time, 5000.01 real, 67 MB, 51.70 load
[runlim] end:			Thu Apr  9 21:55:11 2026
[runlim] status:		out of time
[runlim] result:		2
[runlim] children:		1
[runlim] processes:		2
[runlim] real:			5000.05 seconds
[runlim] time:			4969.92 seconds
[runlim] space:			95 MB
[runlim] load:			56.32 maximum
[runlim] samples:		50000
