[runlim] version:		2.0.0rc1
[runlim] host:			m09n14
[runlim] time limit:		311040000 seconds
[runlim] real time limit:	5000 seconds
[runlim] space limit:		7000 MB
[runlim] argv[0]:		./binary
[runlim] argv[1]:		-c
[runlim] argv[2]:		-s
[runlim] argv[3]:		-r
[runlim] argv[4]:		/tmp/local-unzipped-12459996-1-51-mc2025_track1_009.cnf
[runlim] start:			Thu Apr  9 20:32:27 2026
[runlim] child:			3845376
[runlim] sample:		9.94 time, 10.01 real, 6 MB, 24.53 load
[runlim] sample:		19.88 time, 20.01 real, 6 MB, 30.61 load
[runlim] sample:		29.81 time, 30.01 real, 6 MB, 35.75 load
[runlim] sample:		39.76 time, 40.01 real, 6 MB, 39.63 load
[runlim] sample:		49.70 time, 50.01 real, 6 MB, 42.76 load
[runlim] sample:		59.64 time, 60.01 real, 6 MB, 45.57 load
[runlim] sample:		69.59 time, 70.01 real, 6 MB, 47.95 load
[runlim] sample:		79.54 time, 80.01 real, 6 MB, 49.80 load
[runlim] sample:		89.48 time, 90.01 real, 6 MB, 51.52 load
[runlim] sample:		99.43 time, 100.01 real, 6 MB, 52.75 load
[runlim] sample:		109.37 time, 110.01 real, 6 MB, 53.63 load
[runlim] sample:		119.30 time, 120.01 real, 6 MB, 54.15 load
[runlim] sample:		129.24 time, 130.01 real, 6 MB, 54.59 load
[runlim] sample:		139.18 time, 140.01 real, 6 MB, 54.89 load
[runlim] sample:		149.12 time, 150.01 real, 6 MB, 55.13 load
[runlim] sample:		159.05 time, 160.01 real, 6 MB, 55.27 load
[runlim] sample:		168.97 time, 170.01 real, 6 MB, 55.38 load
[runlim] sample:		178.92 time, 180.01 real, 6 MB, 55.47 load
[runlim] sample:		188.86 time, 190.01 real, 6 MB, 55.70 load
[runlim] sample:		198.80 time, 200.01 real, 6 MB, 55.75 load
[runlim] sample:		208.74 time, 210.01 real, 6 MB, 55.79 load
[runlim] sample:		218.68 time, 220.01 real, 6 MB, 55.82 load
[runlim] sample:		228.62 time, 230.01 real, 6 MB, 55.92 load
[runlim] sample:		238.56 time, 240.01 real, 6 MB, 56.02 load
[runlim] sample:		248.50 time, 250.01 real, 6 MB, 56.17 load
[runlim] sample:		258.45 time, 260.01 real, 6 MB, 56.14 load
[runlim] sample:		268.39 time, 270.01 real, 6 MB, 56.20 load
[runlim] sample:		278.33 time, 280.01 real, 6 MB, 56.17 load
[runlim] sample:		288.27 time, 290.01 real, 6 MB, 56.14 load
[runlim] sample:		298.21 time, 300.01 real, 6 MB, 56.12 load
[runlim] sample:		308.15 time, 310.01 real, 6 MB, 56.10 load
[runlim] sample:		318.09 time, 320.01 real, 6 MB, 56.08 load
[runlim] sample:		328.03 time, 330.01 real, 6 MB, 56.07 load
[runlim] sample:		337.97 time, 340.01 real, 6 MB, 56.06 load
[runlim] sample:		347.91 time, 350.01 real, 6 MB, 56.12 load
[runlim] sample:		357.85 time, 360.01 real, 6 MB, 56.10 load
[runlim] sample:		367.79 time, 370.01 real, 6 MB, 56.16 load
[runlim] sample:		377.74 time, 380.01 real, 6 MB, 56.14 load
[runlim] sample:		387.68 time, 390.01 real, 6 MB, 56.19 load
[runlim] sample:		397.62 time, 400.01 real, 6 MB, 56.16 load
[runlim] sample:		407.56 time, 410.01 real, 6 MB, 56.21 load
[runlim] sample:		417.50 time, 420.01 real, 6 MB, 56.26 load
[runlim] sample:		427.44 time, 430.01 real, 6 MB, 56.29 load
[runlim] sample:		437.38 time, 440.01 real, 6 MB, 56.25 load
[runlim] sample:		447.32 time, 450.01 real, 6 MB, 56.21 load
[runlim] sample:		457.26 time, 460.01 real, 6 MB, 56.17 load
[runlim] sample:		467.20 time, 470.01 real, 6 MB, 56.22 load
[runlim] sample:		477.14 time, 480.01 real, 6 MB, 56.26 load
[runlim] sample:		487.08 time, 490.01 real, 6 MB, 56.22 load
[runlim] sample:		497.03 time, 500.01 real, 6 MB, 56.19 load
[runlim] sample:		506.97 time, 510.01 real, 6 MB, 56.00 load
[runlim] sample:		516.91 time, 520.01 real, 6 MB, 55.77 load
[runlim] sample:		526.85 time, 530.01 real, 6 MB, 55.57 load
[runlim] sample:		536.79 time, 540.01 real, 6 MB, 55.33 load
[runlim] sample:		546.73 time, 550.01 real, 6 MB, 55.28 load
[runlim] sample:		556.68 time, 560.01 real, 6 MB, 55.16 load
[runlim] sample:		566.62 time, 570.01 real, 6 MB, 55.06 load
[runlim] sample:		576.56 time, 580.01 real, 6 MB, 54.89 load
[runlim] sample:		586.51 time, 590.01 real, 6 MB, 54.83 load
[runlim] sample:		596.45 time, 600.01 real, 6 MB, 54.70 load
[runlim] sample:		606.39 time, 610.01 real, 6 MB, 54.67 load
[runlim] sample:		616.33 time, 620.01 real, 6 MB, 54.57 load
[runlim] sample:		626.28 time, 630.01 real, 6 MB, 54.56 load
[runlim] sample:		636.22 time, 640.01 real, 6 MB, 54.54 load
[runlim] sample:		646.16 time, 650.01 real, 6 MB, 54.46 load
[runlim] sample:		656.10 time, 660.01 real, 6 MB, 54.39 load
[runlim] sample:		666.05 time, 670.01 real, 6 MB, 54.40 load
[runlim] sample:		675.99 time, 680.01 real, 6 MB, 54.34 load
[runlim] sample:		685.93 time, 690.01 real, 6 MB, 54.29 load
[runlim] sample:		695.87 time, 700.01 real, 6 MB, 54.24 load
[runlim] sample:		705.81 time, 710.01 real, 6 MB, 54.28 load
[runlim] sample:		715.76 time, 720.01 real, 6 MB, 54.24 load
[runlim] sample:		725.70 time, 730.01 real, 6 MB, 54.28 load
[runlim] sample:		735.64 time, 740.01 real, 6 MB, 54.24 load
[runlim] sample:		745.58 time, 750.01 real, 6 MB, 54.20 load
[runlim] sample:		755.52 time, 760.01 real, 6 MB, 54.17 load
[runlim] sample:		765.46 time, 770.01 real, 6 MB, 54.14 load
[runlim] sample:		775.40 time, 780.01 real, 6 MB, 54.12 load
[runlim] sample:		785.34 time, 790.01 real, 6 MB, 54.34 load
[runlim] sample:		795.29 time, 800.01 real, 6 MB, 54.21 load
[runlim] sample:		805.23 time, 810.01 real, 6 MB, 54.02 load
[runlim] sample:		815.17 time, 820.01 real, 6 MB, 53.94 load
[runlim] sample:		825.11 time, 830.01 real, 6 MB, 53.80 load
[runlim] sample:		835.05 time, 840.01 real, 6 MB, 53.68 load
[runlim] sample:		844.99 time, 850.01 real, 6 MB, 53.57 load
[runlim] sample:		854.93 time, 860.01 real, 6 MB, 53.48 load
[runlim] sample:		864.87 time, 870.01 real, 6 MB, 53.48 load
[runlim] sample:		874.81 time, 880.01 real, 6 MB, 53.41 load
[runlim] sample:		884.75 time, 890.01 real, 6 MB, 53.34 load
[runlim] sample:		894.69 time, 900.01 real, 6 MB, 53.37 load
[runlim] sample:		904.63 time, 910.01 real, 6 MB, 53.55 load
[runlim] sample:		914.57 time, 920.01 real, 6 MB, 53.46 load
[runlim] sample:		924.51 time, 930.01 real, 6 MB, 53.47 load
[runlim] sample:		934.44 time, 940.01 real, 6 MB, 53.39 load
[runlim] sample:		944.38 time, 950.01 real, 6 MB, 53.33 load
[runlim] sample:		954.32 time, 960.01 real, 6 MB, 53.28 load
[runlim] sample:		964.26 time, 970.01 real, 6 MB, 53.24 load
[runlim] sample:		974.20 time, 980.01 real, 6 MB, 53.27 load
[runlim] sample:		984.14 time, 990.01 real, 6 MB, 53.23 load
[runlim] sample:		994.07 time, 1000.01 real, 6 MB, 53.36 load
[runlim] sample:		1004.01 time, 1010.01 real, 6 MB, 53.38 load
[runlim] sample:		1013.95 time, 1020.01 real, 6 MB, 53.32 load
[runlim] sample:		1023.89 time, 1030.01 real, 6 MB, 53.27 load
[runlim] sample:		1033.83 time, 1040.01 real, 6 MB, 53.23 load
[runlim] sample:		1043.77 time, 1050.01 real, 6 MB, 53.27 load
[runlim] sample:		1053.71 time, 1060.01 real, 6 MB, 53.30 load
[runlim] sample:		1063.65 time, 1070.01 real, 6 MB, 53.26 load
[runlim] sample:		1073.59 time, 1080.01 real, 6 MB, 53.22 load
[runlim] sample:		1083.52 time, 1090.01 real, 6 MB, 53.18 load
[runlim] sample:		1093.46 time, 1100.01 real, 6 MB, 53.24 load
[runlim] sample:		1103.40 time, 1110.01 real, 6 MB, 53.28 load
[runlim] sample:		1113.34 time, 1120.01 real, 6 MB, 53.24 load
[runlim] sample:		1123.28 time, 1130.01 real, 6 MB, 53.20 load
[runlim] sample:		1133.22 time, 1140.01 real, 6 MB, 53.17 load
[runlim] sample:		1143.16 time, 1150.01 real, 6 MB, 53.14 load
[runlim] sample:		1153.10 time, 1160.01 real, 6 MB, 53.12 load
[runlim] sample:		1163.04 time, 1170.01 real, 6 MB, 53.10 load
[runlim] sample:		1172.98 time, 1180.01 real, 6 MB, 53.08 load
[runlim] sample:		1182.92 time, 1190.01 real, 6 MB, 53.07 load
[runlim] sample:		1192.86 time, 1200.01 real, 6 MB, 53.06 load
[runlim] sample:		1202.80 time, 1210.01 real, 6 MB, 53.05 load
[runlim] sample:		1212.73 time, 1220.01 real, 6 MB, 53.04 load
[runlim] sample:		1222.68 time, 1230.01 real, 6 MB, 53.04 load
[runlim] sample:		1232.62 time, 1240.01 real, 6 MB, 53.11 load
[runlim] sample:		1242.56 time, 1250.01 real, 6 MB, 53.09 load
[runlim] sample:		1252.50 time, 1260.01 real, 6 MB, 53.08 load
[runlim] sample:		1262.44 time, 1270.01 real, 6 MB, 53.07 load
[runlim] sample:		1272.38 time, 1280.01 real, 6 MB, 53.14 load
[runlim] sample:		1282.33 time, 1290.01 real, 6 MB, 53.11 load
[runlim] sample:		1292.27 time, 1300.01 real, 6 MB, 53.10 load
[runlim] sample:		1302.21 time, 1310.01 real, 6 MB, 53.08 load
[runlim] sample:		1312.15 time, 1320.01 real, 6 MB, 53.07 load
[runlim] sample:		1322.09 time, 1330.01 real, 6 MB, 53.06 load
[runlim] sample:		1332.03 time, 1340.01 real, 6 MB, 53.05 load
[runlim] sample:		1341.97 time, 1350.01 real, 6 MB, 53.04 load
[runlim] sample:		1351.91 time, 1360.01 real, 6 MB, 53.03 load
[runlim] sample:		1361.85 time, 1370.01 real, 6 MB, 53.03 load
[runlim] sample:		1371.79 time, 1380.01 real, 6 MB, 53.02 load
[runlim] sample:		1381.73 time, 1390.01 real, 6 MB, 53.02 load
[runlim] sample:		1391.67 time, 1400.01 real, 6 MB, 53.02 load
[runlim] sample:		1401.61 time, 1410.01 real, 6 MB, 53.01 load
[runlim] sample:		1411.55 time, 1420.01 real, 6 MB, 53.01 load
[runlim] sample:		1421.48 time, 1430.01 real, 6 MB, 53.01 load
[runlim] sample:		1431.42 time, 1440.01 real, 6 MB, 53.09 load
[runlim] sample:		1441.36 time, 1450.01 real, 6 MB, 53.15 load
[runlim] sample:		1451.30 time, 1460.01 real, 6 MB, 53.13 load
[runlim] sample:		1461.24 time, 1470.01 real, 6 MB, 53.18 load
[runlim] sample:		1471.18 time, 1480.01 real, 6 MB, 53.15 load
[runlim] sample:		1481.12 time, 1490.01 real, 6 MB, 53.13 load
[runlim] sample:		1491.06 time, 1500.01 real, 6 MB, 53.11 load
[runlim] sample:		1501.00 time, 1510.01 real, 6 MB, 53.25 load
[runlim] sample:		1510.94 time, 1520.01 real, 6 MB, 53.29 load
[runlim] sample:		1520.88 time, 1530.01 real, 6 MB, 53.25 load
[runlim] sample:		1530.82 time, 1540.01 real, 6 MB, 53.21 load
[runlim] sample:		1540.76 time, 1550.01 real, 6 MB, 53.18 load
[runlim] sample:		1550.70 time, 1560.01 real, 6 MB, 53.15 load
[runlim] sample:		1560.64 time, 1570.01 real, 6 MB, 53.28 load
[runlim] sample:		1570.58 time, 1580.01 real, 6 MB, 53.24 load
[runlim] sample:		1580.51 time, 1590.01 real, 6 MB, 53.20 load
[runlim] sample:		1590.45 time, 1600.01 real, 6 MB, 53.17 load
[runlim] sample:		1600.40 time, 1610.01 real, 6 MB, 53.22 load
[runlim] sample:		1610.34 time, 1620.01 real, 6 MB, 53.26 load
[runlim] sample:		1620.28 time, 1630.01 real, 6 MB, 53.22 load
[runlim] sample:		1630.23 time, 1640.01 real, 6 MB, 53.19 load
[runlim] sample:		1640.17 time, 1650.01 real, 6 MB, 53.16 load
[runlim] sample:		1650.12 time, 1660.01 real, 6 MB, 53.21 load
[runlim] sample:		1660.06 time, 1670.01 real, 6 MB, 53.18 load
[runlim] sample:		1670.00 time, 1680.01 real, 6 MB, 53.39 load
[runlim] sample:		1679.94 time, 1690.01 real, 6 MB, 53.33 load
[runlim] sample:		1689.89 time, 1700.01 real, 6 MB, 53.28 load
[runlim] sample:		1699.83 time, 1710.01 real, 6 MB, 53.23 load
[runlim] sample:		1709.77 time, 1720.01 real, 6 MB, 53.27 load
[runlim] sample:		1719.72 time, 1730.01 real, 6 MB, 53.31 load
[runlim] sample:		1729.66 time, 1740.01 real, 6 MB, 53.26 load
[runlim] sample:		1739.60 time, 1750.01 real, 6 MB, 53.22 load
[runlim] sample:		1749.55 time, 1760.01 real, 6 MB, 53.27 load
[runlim] sample:		1759.49 time, 1770.01 real, 6 MB, 53.30 load
[runlim] sample:		1769.43 time, 1780.01 real, 6 MB, 53.25 load
[runlim] sample:		1779.38 time, 1790.01 real, 6 MB, 53.21 load
[runlim] sample:		1789.32 time, 1800.01 real, 6 MB, 53.18 load
[runlim] sample:		1799.27 time, 1810.01 real, 6 MB, 53.15 load
[runlim] sample:		1809.21 time, 1820.01 real, 6 MB, 53.13 load
[runlim] sample:		1819.16 time, 1830.01 real, 6 MB, 53.11 load
[runlim] sample:		1829.10 time, 1840.01 real, 6 MB, 53.33 load
[runlim] sample:		1839.04 time, 1850.01 real, 6 MB, 53.28 load
[runlim] sample:		1848.98 time, 1860.01 real, 6 MB, 53.24 load
[runlim] sample:		1858.92 time, 1870.01 real, 6 MB, 53.20 load
[runlim] sample:		1868.85 time, 1880.01 real, 6 MB, 53.24 load
[runlim] sample:		1878.80 time, 1890.02 real, 6 MB, 53.21 load
[runlim] sample:		1888.73 time, 1900.01 real, 6 MB, 53.17 load
[runlim] sample:		1898.67 time, 1910.01 real, 6 MB, 53.22 load
[runlim] sample:		1908.61 time, 1920.01 real, 6 MB, 53.19 load
[runlim] sample:		1918.55 time, 1930.01 real, 6 MB, 53.16 load
[runlim] sample:		1928.49 time, 1940.01 real, 6 MB, 53.13 load
[runlim] sample:		1938.43 time, 1950.01 real, 6 MB, 53.19 load
[runlim] sample:		1948.36 time, 1960.01 real, 6 MB, 53.16 load
[runlim] sample:		1958.30 time, 1970.01 real, 6 MB, 53.14 load
[runlim] sample:		1968.24 time, 1980.01 real, 6 MB, 53.19 load
[runlim] sample:		1978.18 time, 1990.01 real, 6 MB, 53.16 load
[runlim] sample:		1988.12 time, 2000.01 real, 6 MB, 53.13 load
[runlim] sample:		1998.06 time, 2010.01 real, 6 MB, 53.19 load
[runlim] sample:		2008.00 time, 2020.01 real, 6 MB, 53.16 load
[runlim] sample:		2017.94 time, 2030.01 real, 6 MB, 53.14 load
[runlim] sample:		2027.88 time, 2040.01 real, 6 MB, 53.12 load
[runlim] sample:		2037.82 time, 2050.01 real, 6 MB, 53.10 load
[runlim] sample:		2047.76 time, 2060.01 real, 6 MB, 53.08 load
[runlim] sample:		2057.70 time, 2070.01 real, 6 MB, 53.07 load
[runlim] sample:		2067.64 time, 2080.01 real, 6 MB, 53.06 load
[runlim] sample:		2077.58 time, 2090.01 real, 6 MB, 53.21 load
[runlim] sample:		2087.52 time, 2100.01 real, 6 MB, 53.18 load
[runlim] sample:		2097.46 time, 2110.01 real, 6 MB, 53.23 load
[runlim] sample:		2107.40 time, 2120.01 real, 6 MB, 53.19 load
[runlim] sample:		2117.34 time, 2130.01 real, 6 MB, 53.16 load
[runlim] sample:		2127.28 time, 2140.01 real, 6 MB, 53.14 load
[runlim] sample:		2137.22 time, 2150.01 real, 6 MB, 53.12 load
[runlim] sample:		2147.16 time, 2160.01 real, 6 MB, 53.18 load
[runlim] sample:		2157.10 time, 2170.01 real, 6 MB, 53.23 load
[runlim] sample:		2167.04 time, 2180.01 real, 6 MB, 53.28 load
[runlim] sample:		2176.98 time, 2190.01 real, 6 MB, 53.23 load
[runlim] sample:		2186.91 time, 2200.01 real, 6 MB, 53.27 load
[runlim] sample:		2196.85 time, 2210.01 real, 6 MB, 53.23 load
[runlim] sample:		2206.79 time, 2220.01 real, 6 MB, 53.19 load
[runlim] sample:		2216.73 time, 2230.01 real, 6 MB, 53.16 load
[runlim] sample:		2226.67 time, 2240.01 real, 6 MB, 53.29 load
[runlim] sample:		2236.61 time, 2250.01 real, 6 MB, 53.25 load
[runlim] sample:		2246.55 time, 2260.01 real, 6 MB, 53.21 load
[runlim] sample:		2256.49 time, 2270.01 real, 6 MB, 53.18 load
[runlim] sample:		2266.43 time, 2280.01 real, 6 MB, 53.15 load
[runlim] sample:		2276.37 time, 2290.01 real, 6 MB, 53.12 load
[runlim] sample:		2286.31 time, 2300.01 real, 6 MB, 53.11 load
[runlim] sample:		2296.25 time, 2310.01 real, 6 MB, 53.09 load
[runlim] sample:		2306.18 time, 2320.01 real, 6 MB, 53.07 load
[runlim] sample:		2316.12 time, 2330.01 real, 6 MB, 53.14 load
[runlim] sample:		2326.06 time, 2340.01 real, 6 MB, 53.36 load
[runlim] sample:		2336.00 time, 2350.01 real, 6 MB, 53.54 load
[runlim] sample:		2345.93 time, 2360.01 real, 6 MB, 53.45 load
[runlim] sample:		2355.87 time, 2370.01 real, 6 MB, 53.38 load
[runlim] sample:		2365.81 time, 2380.01 real, 6 MB, 53.32 load
[runlim] sample:		2375.74 time, 2390.01 real, 6 MB, 53.43 load
[runlim] sample:		2385.68 time, 2400.01 real, 6 MB, 53.37 load
[runlim] sample:		2395.62 time, 2410.01 real, 6 MB, 53.38 load
[runlim] sample:		2405.56 time, 2420.01 real, 6 MB, 53.32 load
[runlim] sample:		2415.50 time, 2430.01 real, 6 MB, 53.35 load
[runlim] sample:		2425.43 time, 2440.01 real, 6 MB, 53.37 load
[runlim] sample:		2435.37 time, 2450.01 real, 6 MB, 53.47 load
[runlim] sample:		2445.31 time, 2460.01 real, 6 MB, 53.40 load
[runlim] sample:		2455.24 time, 2470.01 real, 6 MB, 53.34 load
[runlim] sample:		2465.18 time, 2480.01 real, 6 MB, 53.59 load
[runlim] sample:		2475.12 time, 2490.01 real, 6 MB, 53.50 load
[runlim] sample:		2485.06 time, 2500.01 real, 6 MB, 53.42 load
[runlim] sample:		2495.00 time, 2510.01 real, 6 MB, 53.44 load
[runlim] sample:		2504.94 time, 2520.01 real, 6 MB, 53.37 load
[runlim] sample:		2514.87 time, 2530.01 real, 6 MB, 53.31 load
[runlim] sample:		2524.81 time, 2540.01 real, 6 MB, 53.26 load
[runlim] sample:		2534.74 time, 2550.01 real, 6 MB, 53.22 load
[runlim] sample:		2544.67 time, 2560.01 real, 6 MB, 53.19 load
[runlim] sample:		2554.61 time, 2570.01 real, 6 MB, 53.24 load
[runlim] sample:		2564.54 time, 2580.01 real, 6 MB, 53.20 load
[runlim] sample:		2574.48 time, 2590.01 real, 6 MB, 53.17 load
[runlim] sample:		2584.41 time, 2600.01 real, 6 MB, 53.14 load
[runlim] sample:		2594.35 time, 2610.01 real, 6 MB, 53.20 load
[runlim] sample:		2604.28 time, 2620.01 real, 6 MB, 53.17 load
[runlim] sample:		2614.22 time, 2630.01 real, 6 MB, 53.22 load
[runlim] sample:		2624.15 time, 2640.01 real, 6 MB, 53.19 load
[runlim] sample:		2634.09 time, 2650.01 real, 6 MB, 53.16 load
[runlim] sample:		2644.03 time, 2660.01 real, 6 MB, 53.13 load
[runlim] sample:		2653.97 time, 2670.01 real, 6 MB, 53.11 load
[runlim] sample:		2663.90 time, 2680.01 real, 6 MB, 53.17 load
[runlim] sample:		2673.83 time, 2690.01 real, 6 MB, 53.14 load
[runlim] sample:		2683.77 time, 2700.01 real, 6 MB, 53.12 load
[runlim] sample:		2693.71 time, 2710.01 real, 6 MB, 53.10 load
[runlim] sample:		2703.65 time, 2720.01 real, 6 MB, 53.09 load
[runlim] sample:		2713.58 time, 2730.01 real, 6 MB, 53.07 load
[runlim] sample:		2723.52 time, 2740.01 real, 6 MB, 53.06 load
[runlim] sample:		2733.45 time, 2750.01 real, 6 MB, 53.13 load
[runlim] sample:		2743.39 time, 2760.01 real, 6 MB, 53.11 load
[runlim] sample:		2753.32 time, 2770.01 real, 6 MB, 53.09 load
[runlim] sample:		2763.26 time, 2780.01 real, 6 MB, 53.08 load
[runlim] sample:		2773.19 time, 2790.01 real, 6 MB, 53.07 load
[runlim] sample:		2783.13 time, 2800.01 real, 6 MB, 53.06 load
[runlim] sample:		2793.07 time, 2810.01 real, 6 MB, 53.13 load
[runlim] sample:		2803.00 time, 2820.01 real, 6 MB, 53.11 load
[runlim] sample:		2812.94 time, 2830.01 real, 6 MB, 53.09 load
[runlim] sample:		2822.88 time, 2840.01 real, 6 MB, 53.08 load
[runlim] sample:		2832.82 time, 2850.01 real, 6 MB, 53.06 load
[runlim] sample:		2842.75 time, 2860.01 real, 6 MB, 53.42 load
[runlim] sample:		2852.69 time, 2870.01 real, 6 MB, 53.44 load
[runlim] sample:		2862.63 time, 2880.01 real, 6 MB, 53.44 load
[runlim] sample:		2872.57 time, 2890.01 real, 6 MB, 53.37 load
[runlim] sample:		2882.50 time, 2900.01 real, 6 MB, 53.32 load
[runlim] sample:		2892.44 time, 2910.01 real, 6 MB, 53.27 load
[runlim] sample:		2902.37 time, 2920.01 real, 6 MB, 53.37 load
[runlim] sample:		2912.30 time, 2930.01 real, 6 MB, 53.40 load
[runlim] sample:		2922.24 time, 2940.01 real, 6 MB, 53.42 load
[runlim] sample:		2932.18 time, 2950.01 real, 6 MB, 53.35 load
[runlim] sample:		2942.11 time, 2960.01 real, 6 MB, 53.38 load
[runlim] sample:		2952.05 time, 2970.01 real, 6 MB, 53.32 load
[runlim] sample:		2961.98 time, 2980.01 real, 6 MB, 53.34 load
[runlim] sample:		2971.91 time, 2990.01 real, 6 MB, 53.29 load
[runlim] sample:		2981.85 time, 3000.01 real, 6 MB, 53.32 load
[runlim] sample:		2991.78 time, 3010.01 real, 6 MB, 53.27 load
[runlim] sample:		3001.72 time, 3020.01 real, 6 MB, 53.23 load
[runlim] sample:		3011.66 time, 3030.01 real, 6 MB, 53.19 load
[runlim] sample:		3021.60 time, 3040.01 real, 6 MB, 53.16 load
[runlim] sample:		3031.54 time, 3050.01 real, 6 MB, 53.14 load
[runlim] sample:		3041.47 time, 3060.01 real, 6 MB, 53.12 load
[runlim] sample:		3051.41 time, 3070.01 real, 6 MB, 53.18 load
[runlim] sample:		3061.35 time, 3080.01 real, 6 MB, 53.22 load
[runlim] sample:		3071.29 time, 3090.01 real, 6 MB, 53.19 load
[runlim] sample:		3081.22 time, 3100.01 real, 6 MB, 53.16 load
[runlim] sample:		3091.16 time, 3110.01 real, 6 MB, 53.21 load
[runlim] sample:		3101.10 time, 3120.01 real, 6 MB, 53.18 load
[runlim] sample:		3111.04 time, 3130.01 real, 6 MB, 53.15 load
[runlim] sample:		3120.97 time, 3140.01 real, 6 MB, 53.13 load
[runlim] sample:		3130.91 time, 3150.01 real, 6 MB, 53.18 load
[runlim] sample:		3140.84 time, 3160.01 real, 6 MB, 53.15 load
[runlim] sample:		3150.78 time, 3170.01 real, 6 MB, 53.13 load
[runlim] sample:		3160.72 time, 3180.01 real, 6 MB, 53.11 load
[runlim] sample:		3170.66 time, 3190.01 real, 6 MB, 53.17 load
[runlim] sample:		3180.60 time, 3200.01 real, 6 MB, 53.15 load
[runlim] sample:		3190.54 time, 3210.01 real, 6 MB, 53.12 load
[runlim] sample:		3200.47 time, 3220.01 real, 6 MB, 53.10 load
[runlim] sample:		3210.41 time, 3230.01 real, 6 MB, 53.09 load
[runlim] sample:		3220.34 time, 3240.01 real, 6 MB, 53.07 load
[runlim] sample:		3230.28 time, 3250.01 real, 6 MB, 53.14 load
[runlim] sample:		3240.22 time, 3260.01 real, 6 MB, 53.12 load
[runlim] sample:		3250.16 time, 3270.01 real, 6 MB, 53.10 load
[runlim] sample:		3260.10 time, 3280.01 real, 6 MB, 53.08 load
[runlim] sample:		3270.04 time, 3290.01 real, 6 MB, 53.07 load
[runlim] sample:		3279.98 time, 3300.01 real, 6 MB, 53.06 load
[runlim] sample:		3289.91 time, 3310.01 real, 6 MB, 53.20 load
[runlim] sample:		3299.85 time, 3320.01 real, 6 MB, 53.17 load
[runlim] sample:		3309.78 time, 3330.01 real, 6 MB, 53.15 load
[runlim] sample:		3319.72 time, 3340.01 real, 6 MB, 53.12 load
[runlim] sample:		3329.66 time, 3350.01 real, 6 MB, 53.25 load
[runlim] sample:		3339.60 time, 3360.01 real, 6 MB, 53.29 load
[runlim] sample:		3349.55 time, 3370.01 real, 6 MB, 53.25 load
[runlim] sample:		3359.49 time, 3380.01 real, 6 MB, 53.21 load
[runlim] sample:		3369.43 time, 3390.01 real, 6 MB, 53.18 load
[runlim] sample:		3379.37 time, 3400.01 real, 6 MB, 53.15 load
[runlim] sample:		3389.31 time, 3410.01 real, 6 MB, 53.12 load
[runlim] sample:		3399.25 time, 3420.01 real, 6 MB, 53.11 load
[runlim] sample:		3409.20 time, 3430.01 real, 6 MB, 53.09 load
[runlim] sample:		3419.14 time, 3440.01 real, 6 MB, 53.30 load
[runlim] sample:		3429.08 time, 3450.01 real, 6 MB, 53.26 load
[runlim] sample:		3439.02 time, 3460.01 real, 6 MB, 53.29 load
[runlim] sample:		3448.97 time, 3470.01 real, 6 MB, 53.25 load
[runlim] sample:		3458.91 time, 3480.01 real, 6 MB, 53.28 load
[runlim] sample:		3468.85 time, 3490.01 real, 6 MB, 53.48 load
[runlim] sample:		3478.80 time, 3500.01 real, 6 MB, 53.55 load
[runlim] sample:		3488.75 time, 3510.01 real, 6 MB, 53.47 load
[runlim] sample:		3498.69 time, 3520.01 real, 6 MB, 53.39 load
[runlim] sample:		3508.64 time, 3530.01 real, 6 MB, 53.33 load
[runlim] sample:		3518.58 time, 3540.01 real, 6 MB, 53.28 load
[runlim] sample:		3528.53 time, 3550.01 real, 6 MB, 53.31 load
[runlim] sample:		3538.48 time, 3560.01 real, 6 MB, 53.34 load
[runlim] sample:		3548.42 time, 3570.01 real, 6 MB, 53.28 load
[runlim] sample:		3558.34 time, 3580.01 real, 6 MB, 53.24 load
[runlim] sample:		3568.27 time, 3590.01 real, 6 MB, 53.20 load
[runlim] sample:		3578.20 time, 3600.01 real, 6 MB, 53.25 load
[runlim] sample:		3588.14 time, 3610.01 real, 6 MB, 53.21 load
[runlim] sample:		3598.05 time, 3620.01 real, 6 MB, 53.25 load
[runlim] sample:		3607.97 time, 3630.01 real, 6 MB, 53.21 load
[runlim] sample:		3617.89 time, 3640.01 real, 6 MB, 53.18 load
[runlim] sample:		3627.81 time, 3650.01 real, 6 MB, 53.15 load
[runlim] sample:		3637.73 time, 3660.01 real, 6 MB, 53.13 load
[runlim] sample:		3647.65 time, 3670.01 real, 6 MB, 53.11 load
[runlim] sample:		3657.58 time, 3680.01 real, 6 MB, 53.09 load
[runlim] sample:		3667.50 time, 3690.01 real, 6 MB, 53.08 load
[runlim] sample:		3677.42 time, 3700.01 real, 6 MB, 53.14 load
[runlim] sample:		3687.34 time, 3710.01 real, 6 MB, 53.12 load
[runlim] sample:		3697.26 time, 3720.01 real, 6 MB, 53.10 load
[runlim] sample:		3707.18 time, 3730.01 real, 6 MB, 53.08 load
[runlim] sample:		3717.10 time, 3740.01 real, 6 MB, 53.07 load
[runlim] sample:		3727.02 time, 3750.01 real, 6 MB, 53.06 load
[runlim] sample:		3736.94 time, 3760.01 real, 6 MB, 53.20 load
[runlim] sample:		3746.85 time, 3770.01 real, 6 MB, 53.17 load
[runlim] sample:		3756.77 time, 3780.01 real, 6 MB, 53.14 load
[runlim] sample:		3766.69 time, 3790.01 real, 6 MB, 53.12 load
[runlim] sample:		3776.61 time, 3800.01 real, 6 MB, 53.18 load
[runlim] sample:		3786.52 time, 3810.01 real, 6 MB, 53.15 load
[runlim] sample:		3796.44 time, 3820.01 real, 6 MB, 53.20 load
[runlim] sample:		3806.36 time, 3830.01 real, 6 MB, 53.17 load
[runlim] sample:		3816.28 time, 3840.01 real, 6 MB, 53.14 load
[runlim] sample:		3826.20 time, 3850.01 real, 6 MB, 53.12 load
[runlim] sample:		3836.12 time, 3860.01 real, 6 MB, 53.10 load
[runlim] sample:		3846.04 time, 3870.01 real, 6 MB, 53.09 load
[runlim] sample:		3855.95 time, 3880.01 real, 6 MB, 53.07 load
[runlim] sample:		3865.87 time, 3890.01 real, 6 MB, 53.14 load
[runlim] sample:		3875.79 time, 3900.01 real, 6 MB, 53.19 load
[runlim] sample:		3885.71 time, 3910.01 real, 6 MB, 53.16 load
[runlim] sample:		3895.63 time, 3920.01 real, 6 MB, 53.14 load
[runlim] sample:		3905.55 time, 3930.01 real, 6 MB, 53.20 load
[runlim] sample:		3915.47 time, 3940.01 real, 6 MB, 53.47 load
[runlim] sample:		3925.38 time, 3950.01 real, 6 MB, 53.40 load
[runlim] sample:		3935.30 time, 3960.01 real, 6 MB, 53.42 load
[runlim] sample:		3945.22 time, 3970.01 real, 6 MB, 53.35 load
[runlim] sample:		3955.14 time, 3980.01 real, 6 MB, 53.37 load
[runlim] sample:		3965.06 time, 3990.01 real, 6 MB, 53.31 load
[runlim] sample:		3974.98 time, 4000.01 real, 6 MB, 53.26 load
[runlim] sample:		3984.90 time, 4010.01 real, 6 MB, 53.22 load
[runlim] sample:		3994.81 time, 4020.01 real, 6 MB, 53.19 load
[runlim] sample:		4004.73 time, 4030.01 real, 6 MB, 53.16 load
[runlim] sample:		4014.65 time, 4040.01 real, 6 MB, 53.13 load
[runlim] sample:		4024.57 time, 4050.01 real, 6 MB, 53.26 load
[runlim] sample:		4034.48 time, 4060.01 real, 6 MB, 53.22 load
[runlim] sample:		4044.40 time, 4070.01 real, 6 MB, 53.19 load
[runlim] sample:		4054.32 time, 4080.01 real, 6 MB, 53.23 load
[runlim] sample:		4064.24 time, 4090.01 real, 6 MB, 53.19 load
[runlim] sample:		4074.16 time, 4100.01 real, 6 MB, 53.16 load
[runlim] sample:		4084.09 time, 4110.01 real, 6 MB, 53.22 load
[runlim] sample:		4094.00 time, 4120.01 real, 6 MB, 53.18 load
[runlim] sample:		4103.92 time, 4130.01 real, 6 MB, 53.16 load
[runlim] sample:		4113.84 time, 4140.01 real, 6 MB, 53.21 load
[runlim] sample:		4123.75 time, 4150.01 real, 6 MB, 53.17 load
[runlim] sample:		4133.67 time, 4160.01 real, 6 MB, 53.15 load
[runlim] sample:		4143.59 time, 4170.01 real, 6 MB, 53.12 load
[runlim] sample:		4153.51 time, 4180.01 real, 6 MB, 53.10 load
[runlim] sample:		4163.43 time, 4190.01 real, 6 MB, 53.09 load
[runlim] sample:		4173.34 time, 4200.01 real, 6 MB, 53.15 load
[runlim] sample:		4183.26 time, 4210.01 real, 6 MB, 53.13 load
[runlim] sample:		4193.18 time, 4220.01 real, 6 MB, 53.11 load
[runlim] sample:		4203.09 time, 4230.01 real, 6 MB, 53.09 load
[runlim] sample:		4213.01 time, 4240.01 real, 6 MB, 53.08 load
[runlim] sample:		4222.93 time, 4250.01 real, 6 MB, 53.06 load
[runlim] sample:		4232.85 time, 4260.01 real, 6 MB, 53.22 load
[runlim] sample:		4242.76 time, 4270.01 real, 6 MB, 53.18 load
[runlim] sample:		4252.68 time, 4280.01 real, 6 MB, 53.15 load
[runlim] sample:		4262.60 time, 4290.01 real, 6 MB, 53.13 load
[runlim] sample:		4272.51 time, 4300.01 real, 6 MB, 53.11 load
[runlim] sample:		4282.43 time, 4310.01 real, 6 MB, 53.09 load
[runlim] sample:		4292.35 time, 4320.01 real, 6 MB, 53.16 load
[runlim] sample:		4302.27 time, 4330.01 real, 6 MB, 53.13 load
[runlim] sample:		4312.18 time, 4340.01 real, 6 MB, 53.11 load
[runlim] sample:		4322.10 time, 4350.01 real, 6 MB, 53.09 load
[runlim] sample:		4332.02 time, 4360.01 real, 6 MB, 53.08 load
[runlim] sample:		4341.95 time, 4370.01 real, 6 MB, 53.07 load
[runlim] sample:		4351.87 time, 4380.01 real, 6 MB, 53.14 load
[runlim] sample:		4361.79 time, 4390.01 real, 6 MB, 53.12 load
[runlim] sample:		4371.72 time, 4400.01 real, 6 MB, 53.18 load
[runlim] sample:		4381.64 time, 4410.01 real, 6 MB, 53.15 load
[runlim] sample:		4391.56 time, 4420.01 real, 6 MB, 53.13 load
[runlim] sample:		4401.48 time, 4430.01 real, 6 MB, 53.11 load
[runlim] sample:		4411.39 time, 4440.01 real, 6 MB, 53.17 load
[runlim] sample:		4421.31 time, 4450.01 real, 6 MB, 53.22 load
[runlim] sample:		4431.23 time, 4460.01 real, 6 MB, 53.18 load
[runlim] sample:		4441.14 time, 4470.01 real, 6 MB, 53.23 load
[runlim] sample:		4451.06 time, 4480.01 real, 6 MB, 53.41 load
[runlim] sample:		4460.98 time, 4490.01 real, 6 MB, 53.35 load
[runlim] sample:		4470.90 time, 4500.01 real, 6 MB, 53.30 load
[runlim] sample:		4480.82 time, 4510.01 real, 6 MB, 53.25 load
[runlim] sample:		4490.74 time, 4520.01 real, 6 MB, 53.21 load
[runlim] sample:		4500.65 time, 4530.01 real, 6 MB, 53.25 load
[runlim] sample:		4510.57 time, 4540.01 real, 6 MB, 53.21 load
[runlim] sample:		4520.49 time, 4550.01 real, 6 MB, 53.25 load
[runlim] sample:		4530.41 time, 4560.01 real, 6 MB, 53.21 load
[runlim] sample:		4540.32 time, 4570.01 real, 6 MB, 53.18 load
[runlim] sample:		4550.24 time, 4580.01 real, 6 MB, 53.15 load
[runlim] sample:		4560.16 time, 4590.01 real, 6 MB, 53.13 load
[runlim] sample:		4570.08 time, 4600.01 real, 6 MB, 53.11 load
[runlim] sample:		4580.00 time, 4610.01 real, 6 MB, 53.40 load
[runlim] sample:		4589.93 time, 4620.01 real, 6 MB, 53.42 load
[runlim] sample:		4599.86 time, 4630.01 real, 6 MB, 53.35 load
[runlim] sample:		4609.79 time, 4640.01 real, 6 MB, 53.30 load
[runlim] sample:		4619.72 time, 4650.01 real, 6 MB, 53.25 load
[runlim] sample:		4629.65 time, 4660.01 real, 6 MB, 53.21 load
[runlim] sample:		4639.58 time, 4670.01 real, 6 MB, 53.18 load
[runlim] sample:		4649.51 time, 4680.01 real, 6 MB, 53.15 load
[runlim] sample:		4659.44 time, 4690.01 real, 6 MB, 53.13 load
[runlim] sample:		4669.37 time, 4700.01 real, 6 MB, 53.19 load
[runlim] sample:		4679.30 time, 4710.01 real, 6 MB, 53.16 load
[runlim] sample:		4689.23 time, 4720.01 real, 6 MB, 53.13 load
[runlim] sample:		4699.16 time, 4730.01 real, 6 MB, 53.19 load
[runlim] sample:		4709.09 time, 4740.01 real, 6 MB, 53.24 load
[runlim] sample:		4719.02 time, 4750.01 real, 6 MB, 53.20 load
[runlim] sample:		4728.94 time, 4760.01 real, 6 MB, 53.25 load
[runlim] sample:		4738.88 time, 4770.01 real, 6 MB, 53.29 load
[runlim] sample:		4748.80 time, 4780.01 real, 6 MB, 53.25 load
[runlim] sample:		4758.73 time, 4790.01 real, 6 MB, 53.21 load
[runlim] sample:		4768.66 time, 4800.01 real, 6 MB, 53.26 load
[runlim] sample:		4778.59 time, 4810.01 real, 6 MB, 53.22 load
[runlim] sample:		4788.52 time, 4820.01 real, 6 MB, 53.26 load
[runlim] sample:		4798.44 time, 4830.01 real, 6 MB, 53.22 load
[runlim] sample:		4808.37 time, 4840.01 real, 6 MB, 53.19 load
[runlim] sample:		4818.30 time, 4850.01 real, 6 MB, 53.23 load
[runlim] sample:		4828.23 time, 4860.01 real, 6 MB, 53.20 load
[runlim] sample:		4838.17 time, 4870.01 real, 6 MB, 53.17 load
[runlim] sample:		4848.11 time, 4880.01 real, 6 MB, 53.22 load
[runlim] sample:		4858.05 time, 4890.01 real, 6 MB, 53.19 load
[runlim] sample:		4868.00 time, 4900.01 real, 6 MB, 53.16 load
[runlim] sample:		4877.94 time, 4910.01 real, 6 MB, 53.29 load
[runlim] sample:		4887.88 time, 4920.01 real, 6 MB, 53.25 load
[runlim] sample:		4897.83 time, 4930.01 real, 6 MB, 53.21 load
[runlim] sample:		4907.77 time, 4940.01 real, 6 MB, 53.26 load
[runlim] sample:		4917.71 time, 4950.01 real, 6 MB, 53.22 load
[runlim] sample:		4927.66 time, 4960.01 real, 6 MB, 52.55 load
[runlim] sample:		4937.60 time, 4970.01 real, 6 MB, 50.85 load
[runlim] sample:		4947.55 time, 4980.01 real, 6 MB, 48.32 load
[runlim] sample:		4957.50 time, 4990.01 real, 6 MB, 44.87 load
[runlim] sample:		4967.45 time, 5000.01 real, 6 MB, 40.64 load
[runlim] end:			Thu Apr  9 21:55:47 2026
[runlim] status:		out of time
[runlim] result:		2
[runlim] children:		1
[runlim] processes:		2
[runlim] real:			5000.05 seconds
[runlim] time:			4967.45 seconds
[runlim] space:			6 MB
[runlim] load:			56.32 maximum
[runlim] samples:		50000
