[runlim] version:		2.0.0rc1
[runlim] host:			m09n14
[runlim] time limit:		311040000 seconds
[runlim] real time limit:	5000 seconds
[runlim] space limit:		7000 MB
[runlim] argv[0]:		./binary
[runlim] argv[1]:		-c
[runlim] argv[2]:		-s
[runlim] argv[3]:		-r
[runlim] argv[4]:		/tmp/local-unzipped-12459996-1-4-mc2025_track1_007.cnf
[runlim] start:			Thu Apr  9 20:31:40 2026
[runlim] child:			3843741
[runlim] sample:		9.96 time, 10.01 real, 4 MB, 7.85 load
[runlim] sample:		19.91 time, 20.01 real, 4 MB, 9.66 load
[runlim] sample:		29.86 time, 30.01 real, 4 MB, 12.65 load
[runlim] sample:		39.81 time, 40.01 real, 4 MB, 16.64 load
[runlim] sample:		49.75 time, 50.01 real, 4 MB, 21.71 load
[runlim] sample:		59.70 time, 60.01 real, 4 MB, 27.53 load
[runlim] sample:		69.63 time, 70.01 real, 4 MB, 33.29 load
[runlim] sample:		79.57 time, 80.01 real, 4 MB, 37.77 load
[runlim] sample:		89.50 time, 90.01 real, 4 MB, 41.26 load
[runlim] sample:		99.44 time, 100.01 real, 4 MB, 44.14 load
[runlim] sample:		109.38 time, 110.01 real, 4 MB, 46.81 load
[runlim] sample:		119.32 time, 120.01 real, 4 MB, 48.91 load
[runlim] sample:		129.26 time, 130.01 real, 4 MB, 50.70 load
[runlim] sample:		139.19 time, 140.01 real, 4 MB, 52.20 load
[runlim] sample:		149.12 time, 150.01 real, 4 MB, 53.17 load
[runlim] sample:		159.05 time, 160.01 real, 4 MB, 53.90 load
[runlim] sample:		168.97 time, 170.01 real, 4 MB, 54.38 load
[runlim] sample:		178.90 time, 180.01 real, 4 MB, 54.70 load
[runlim] sample:		188.83 time, 190.01 real, 4 MB, 55.06 load
[runlim] sample:		198.77 time, 200.01 real, 4 MB, 55.20 load
[runlim] sample:		208.69 time, 210.01 real, 4 MB, 55.33 load
[runlim] sample:		218.62 time, 220.01 real, 4 MB, 55.43 load
[runlim] sample:		228.55 time, 230.01 real, 4 MB, 55.68 load
[runlim] sample:		238.47 time, 240.01 real, 4 MB, 55.73 load
[runlim] sample:		248.40 time, 250.01 real, 4 MB, 55.77 load
[runlim] sample:		258.33 time, 260.01 real, 4 MB, 55.81 load
[runlim] sample:		268.25 time, 270.01 real, 4 MB, 55.92 load
[runlim] sample:		278.18 time, 280.01 real, 4 MB, 55.93 load
[runlim] sample:		288.11 time, 290.01 real, 4 MB, 56.09 load
[runlim] sample:		298.04 time, 300.01 real, 4 MB, 56.15 load
[runlim] sample:		307.97 time, 310.01 real, 4 MB, 56.13 load
[runlim] sample:		317.89 time, 320.01 real, 4 MB, 56.18 load
[runlim] sample:		327.82 time, 330.01 real, 4 MB, 56.15 load
[runlim] sample:		337.74 time, 340.01 real, 4 MB, 56.13 load
[runlim] sample:		347.67 time, 350.01 real, 4 MB, 56.11 load
[runlim] sample:		357.60 time, 360.01 real, 4 MB, 56.09 load
[runlim] sample:		367.53 time, 370.01 real, 4 MB, 56.08 load
[runlim] sample:		377.45 time, 380.01 real, 4 MB, 56.07 load
[runlim] sample:		387.38 time, 390.01 real, 4 MB, 56.14 load
[runlim] sample:		397.31 time, 400.01 real, 4 MB, 56.11 load
[runlim] sample:		407.24 time, 410.01 real, 4 MB, 56.18 load
[runlim] sample:		417.16 time, 420.01 real, 4 MB, 56.15 load
[runlim] sample:		427.09 time, 430.01 real, 4 MB, 56.21 load
[runlim] sample:		437.01 time, 440.01 real, 4 MB, 56.17 load
[runlim] sample:		446.94 time, 450.01 real, 4 MB, 56.23 load
[runlim] sample:		456.87 time, 460.01 real, 4 MB, 56.19 load
[runlim] sample:		466.80 time, 470.01 real, 4 MB, 56.32 load
[runlim] sample:		476.72 time, 480.01 real, 4 MB, 56.27 load
[runlim] sample:		486.65 time, 490.01 real, 4 MB, 56.23 load
[runlim] sample:		496.57 time, 500.01 real, 4 MB, 56.19 load
[runlim] sample:		506.50 time, 510.01 real, 4 MB, 56.24 load
[runlim] sample:		516.43 time, 520.01 real, 4 MB, 56.28 load
[runlim] sample:		526.35 time, 530.01 real, 4 MB, 56.24 load
[runlim] sample:		536.28 time, 540.01 real, 4 MB, 56.20 load
[runlim] sample:		546.21 time, 550.01 real, 4 MB, 56.09 load
[runlim] sample:		556.14 time, 560.01 real, 4 MB, 55.92 load
[runlim] sample:		566.06 time, 570.01 real, 4 MB, 55.71 load
[runlim] sample:		575.99 time, 580.01 real, 4 MB, 55.44 load
[runlim] sample:		585.92 time, 590.01 real, 4 MB, 55.30 load
[runlim] sample:		595.85 time, 600.01 real, 4 MB, 55.17 load
[runlim] sample:		605.78 time, 610.01 real, 4 MB, 55.15 load
[runlim] sample:		615.71 time, 620.01 real, 4 MB, 54.97 load
[runlim] sample:		625.63 time, 630.01 real, 4 MB, 54.90 load
[runlim] sample:		635.56 time, 640.01 real, 4 MB, 54.76 load
[runlim] sample:		645.49 time, 650.01 real, 4 MB, 54.64 load
[runlim] sample:		655.42 time, 660.01 real, 4 MB, 54.62 load
[runlim] sample:		665.35 time, 670.01 real, 4 MB, 54.60 load
[runlim] sample:		675.28 time, 680.01 real, 4 MB, 54.59 load
[runlim] sample:		685.21 time, 690.01 real, 4 MB, 54.50 load
[runlim] sample:		695.14 time, 700.01 real, 4 MB, 54.42 load
[runlim] sample:		705.07 time, 710.01 real, 4 MB, 54.44 load
[runlim] sample:		715.00 time, 720.01 real, 4 MB, 54.37 load
[runlim] sample:		724.93 time, 730.01 real, 4 MB, 54.31 load
[runlim] sample:		734.86 time, 740.01 real, 4 MB, 54.26 load
[runlim] sample:		744.78 time, 750.01 real, 4 MB, 54.30 load
[runlim] sample:		754.71 time, 760.01 real, 4 MB, 54.26 load
[runlim] sample:		764.64 time, 770.01 real, 4 MB, 54.22 load
[runlim] sample:		774.56 time, 780.01 real, 4 MB, 54.26 load
[runlim] sample:		784.49 time, 790.01 real, 4 MB, 54.22 load
[runlim] sample:		794.41 time, 800.01 real, 4 MB, 54.18 load
[runlim] sample:		804.34 time, 810.01 real, 4 MB, 54.15 load
[runlim] sample:		814.27 time, 820.01 real, 4 MB, 54.13 load
[runlim] sample:		824.19 time, 830.01 real, 4 MB, 54.11 load
[runlim] sample:		834.12 time, 840.01 real, 4 MB, 54.31 load
[runlim] sample:		844.04 time, 850.01 real, 4 MB, 54.11 load
[runlim] sample:		853.97 time, 860.01 real, 4 MB, 53.94 load
[runlim] sample:		863.89 time, 870.01 real, 4 MB, 53.87 load
[runlim] sample:		873.82 time, 880.01 real, 4 MB, 53.73 load
[runlim] sample:		883.75 time, 890.01 real, 4 MB, 53.62 load
[runlim] sample:		893.67 time, 900.01 real, 4 MB, 53.53 load
[runlim] sample:		903.60 time, 910.01 real, 4 MB, 53.52 load
[runlim] sample:		913.52 time, 920.01 real, 4 MB, 53.44 load
[runlim] sample:		923.45 time, 930.01 real, 4 MB, 53.37 load
[runlim] sample:		933.37 time, 940.01 real, 4 MB, 53.40 load
[runlim] sample:		943.30 time, 950.01 real, 4 MB, 53.34 load
[runlim] sample:		953.22 time, 960.01 real, 4 MB, 53.50 load
[runlim] sample:		963.14 time, 970.01 real, 4 MB, 53.51 load
[runlim] sample:		973.07 time, 980.01 real, 4 MB, 53.43 load
[runlim] sample:		982.99 time, 990.01 real, 4 MB, 53.36 load
[runlim] sample:		992.91 time, 1000.01 real, 4 MB, 53.31 load
[runlim] sample:		1002.83 time, 1010.01 real, 4 MB, 53.26 load
[runlim] sample:		1012.75 time, 1020.01 real, 4 MB, 53.30 load
[runlim] sample:		1022.68 time, 1030.01 real, 4 MB, 53.25 load
[runlim] sample:		1032.60 time, 1040.01 real, 4 MB, 53.21 load
[runlim] sample:		1042.52 time, 1050.01 real, 4 MB, 53.41 load
[runlim] sample:		1052.44 time, 1060.01 real, 4 MB, 53.35 load
[runlim] sample:		1062.37 time, 1070.01 real, 4 MB, 53.29 load
[runlim] sample:		1072.29 time, 1080.01 real, 4 MB, 53.25 load
[runlim] sample:		1082.22 time, 1090.01 real, 4 MB, 53.29 load
[runlim] sample:		1092.14 time, 1100.01 real, 4 MB, 53.24 load
[runlim] sample:		1102.06 time, 1110.01 real, 4 MB, 53.28 load
[runlim] sample:		1111.98 time, 1120.01 real, 4 MB, 53.24 load
[runlim] sample:		1121.90 time, 1130.01 real, 4 MB, 53.20 load
[runlim] sample:		1131.82 time, 1140.01 real, 4 MB, 53.17 load
[runlim] sample:		1141.75 time, 1150.01 real, 4 MB, 53.22 load
[runlim] sample:		1151.67 time, 1160.01 real, 4 MB, 53.26 load
[runlim] sample:		1161.59 time, 1170.01 real, 4 MB, 53.22 load
[runlim] sample:		1171.52 time, 1180.01 real, 4 MB, 53.18 load
[runlim] sample:		1181.44 time, 1190.01 real, 4 MB, 53.15 load
[runlim] sample:		1191.36 time, 1200.01 real, 4 MB, 53.13 load
[runlim] sample:		1201.28 time, 1210.01 real, 4 MB, 53.11 load
[runlim] sample:		1211.20 time, 1220.01 real, 4 MB, 53.09 load
[runlim] sample:		1221.12 time, 1230.01 real, 4 MB, 53.08 load
[runlim] sample:		1231.04 time, 1240.01 real, 4 MB, 53.07 load
[runlim] sample:		1240.97 time, 1250.01 real, 4 MB, 53.06 load
[runlim] sample:		1250.89 time, 1260.01 real, 4 MB, 53.05 load
[runlim] sample:		1260.81 time, 1270.01 real, 4 MB, 53.04 load
[runlim] sample:		1270.74 time, 1280.01 real, 4 MB, 53.03 load
[runlim] sample:		1280.66 time, 1290.01 real, 4 MB, 53.10 load
[runlim] sample:		1290.59 time, 1300.01 real, 4 MB, 53.08 load
[runlim] sample:		1300.51 time, 1310.01 real, 4 MB, 53.07 load
[runlim] sample:		1310.44 time, 1320.01 real, 4 MB, 53.06 load
[runlim] sample:		1320.36 time, 1330.01 real, 4 MB, 53.12 load
[runlim] sample:		1330.29 time, 1340.01 real, 4 MB, 53.10 load
[runlim] sample:		1340.21 time, 1350.01 real, 4 MB, 53.09 load
[runlim] sample:		1350.14 time, 1360.01 real, 4 MB, 53.07 load
[runlim] sample:		1360.06 time, 1370.01 real, 4 MB, 53.06 load
[runlim] sample:		1369.99 time, 1380.01 real, 4 MB, 53.05 load
[runlim] sample:		1379.91 time, 1390.01 real, 4 MB, 53.04 load
[runlim] sample:		1389.84 time, 1400.01 real, 4 MB, 53.04 load
[runlim] sample:		1399.76 time, 1410.01 real, 4 MB, 53.03 load
[runlim] sample:		1409.68 time, 1420.01 real, 4 MB, 53.03 load
[runlim] sample:		1419.61 time, 1430.01 real, 4 MB, 53.02 load
[runlim] sample:		1429.53 time, 1440.01 real, 4 MB, 53.02 load
[runlim] sample:		1439.45 time, 1450.01 real, 4 MB, 53.01 load
[runlim] sample:		1449.37 time, 1460.01 real, 4 MB, 53.01 load
[runlim] sample:		1459.29 time, 1470.01 real, 4 MB, 53.01 load
[runlim] sample:		1469.22 time, 1480.01 real, 4 MB, 53.01 load
[runlim] sample:		1479.14 time, 1490.01 real, 4 MB, 53.08 load
[runlim] sample:		1489.06 time, 1500.01 real, 4 MB, 53.14 load
[runlim] sample:		1498.98 time, 1510.01 real, 4 MB, 53.20 load
[runlim] sample:		1508.90 time, 1520.01 real, 4 MB, 53.17 load
[runlim] sample:		1518.82 time, 1530.01 real, 4 MB, 53.14 load
[runlim] sample:		1528.75 time, 1540.01 real, 4 MB, 53.12 load
[runlim] sample:		1538.68 time, 1550.01 real, 4 MB, 53.10 load
[runlim] sample:		1548.60 time, 1560.01 real, 4 MB, 53.23 load
[runlim] sample:		1558.53 time, 1570.01 real, 4 MB, 53.27 load
[runlim] sample:		1568.45 time, 1580.01 real, 4 MB, 53.23 load
[runlim] sample:		1578.37 time, 1590.01 real, 4 MB, 53.19 load
[runlim] sample:		1588.30 time, 1600.01 real, 4 MB, 53.16 load
[runlim] sample:		1598.22 time, 1610.01 real, 4 MB, 53.22 load
[runlim] sample:		1608.14 time, 1620.01 real, 4 MB, 53.26 load
[runlim] sample:		1618.07 time, 1630.01 real, 4 MB, 53.22 load
[runlim] sample:		1627.99 time, 1640.01 real, 4 MB, 53.18 load
[runlim] sample:		1637.92 time, 1650.01 real, 4 MB, 53.16 load
[runlim] sample:		1647.87 time, 1660.01 real, 4 MB, 53.29 load
[runlim] sample:		1657.82 time, 1670.01 real, 4 MB, 53.24 load
[runlim] sample:		1667.76 time, 1680.01 real, 4 MB, 53.20 load
[runlim] sample:		1677.71 time, 1690.01 real, 4 MB, 53.17 load
[runlim] sample:		1687.66 time, 1700.01 real, 4 MB, 53.14 load
[runlim] sample:		1697.61 time, 1710.01 real, 4 MB, 53.20 load
[runlim] sample:		1707.55 time, 1720.01 real, 4 MB, 53.25 load
[runlim] sample:		1717.50 time, 1730.01 real, 4 MB, 53.36 load
[runlim] sample:		1727.45 time, 1740.01 real, 4 MB, 53.30 load
[runlim] sample:		1737.39 time, 1750.01 real, 4 MB, 53.25 load
[runlim] sample:		1747.34 time, 1760.01 real, 4 MB, 53.29 load
[runlim] sample:		1757.29 time, 1770.01 real, 4 MB, 53.25 load
[runlim] sample:		1767.23 time, 1780.01 real, 4 MB, 53.28 load
[runlim] sample:		1777.18 time, 1790.01 real, 4 MB, 53.24 load
[runlim] sample:		1787.13 time, 1800.01 real, 4 MB, 53.20 load
[runlim] sample:		1797.07 time, 1810.01 real, 4 MB, 53.33 load
[runlim] sample:		1807.02 time, 1820.01 real, 4 MB, 53.27 load
[runlim] sample:		1816.96 time, 1830.01 real, 4 MB, 53.23 load
[runlim] sample:		1826.91 time, 1840.01 real, 4 MB, 53.20 load
[runlim] sample:		1836.85 time, 1850.01 real, 4 MB, 53.16 load
[runlim] sample:		1846.80 time, 1860.01 real, 4 MB, 53.14 load
[runlim] sample:		1856.74 time, 1870.01 real, 4 MB, 53.12 load
[runlim] sample:		1866.69 time, 1880.01 real, 4 MB, 53.10 load
[runlim] sample:		1876.63 time, 1890.01 real, 4 MB, 53.30 load
[runlim] sample:		1886.58 time, 1900.01 real, 4 MB, 53.26 load
[runlim] sample:		1896.52 time, 1910.01 real, 4 MB, 53.22 load
[runlim] sample:		1906.47 time, 1920.01 real, 4 MB, 53.26 load
[runlim] sample:		1916.41 time, 1930.01 real, 4 MB, 53.22 load
[runlim] sample:		1926.35 time, 1940.01 real, 4 MB, 53.19 load
[runlim] sample:		1936.30 time, 1950.01 real, 4 MB, 53.24 load
[runlim] sample:		1946.24 time, 1960.01 real, 4 MB, 53.20 load
[runlim] sample:		1956.19 time, 1970.01 real, 4 MB, 53.17 load
[runlim] sample:		1966.14 time, 1980.01 real, 4 MB, 53.14 load
[runlim] sample:		1976.08 time, 1990.01 real, 4 MB, 53.12 load
[runlim] sample:		1986.03 time, 2000.01 real, 4 MB, 53.18 load
[runlim] sample:		1995.97 time, 2010.01 real, 4 MB, 53.15 load
[runlim] sample:		2005.92 time, 2020.01 real, 4 MB, 53.21 load
[runlim] sample:		2015.86 time, 2030.01 real, 4 MB, 53.17 load
[runlim] sample:		2025.81 time, 2040.01 real, 4 MB, 53.15 load
[runlim] sample:		2035.76 time, 2050.01 real, 4 MB, 53.12 load
[runlim] sample:		2045.71 time, 2060.01 real, 4 MB, 53.18 load
[runlim] sample:		2055.65 time, 2070.01 real, 4 MB, 53.15 load
[runlim] sample:		2065.60 time, 2080.01 real, 4 MB, 53.13 load
[runlim] sample:		2075.55 time, 2090.01 real, 4 MB, 53.11 load
[runlim] sample:		2085.49 time, 2100.01 real, 4 MB, 53.09 load
[runlim] sample:		2095.44 time, 2110.01 real, 4 MB, 53.08 load
[runlim] sample:		2105.39 time, 2120.01 real, 4 MB, 53.06 load
[runlim] sample:		2115.33 time, 2130.01 real, 4 MB, 53.05 load
[runlim] sample:		2125.28 time, 2140.01 real, 4 MB, 53.19 load
[runlim] sample:		2135.23 time, 2150.01 real, 4 MB, 53.16 load
[runlim] sample:		2145.18 time, 2160.01 real, 4 MB, 53.21 load
[runlim] sample:		2155.12 time, 2170.01 real, 4 MB, 53.18 load
[runlim] sample:		2165.07 time, 2180.01 real, 4 MB, 53.15 load
[runlim] sample:		2175.02 time, 2190.01 real, 4 MB, 53.13 load
[runlim] sample:		2184.97 time, 2200.01 real, 4 MB, 53.11 load
[runlim] sample:		2194.91 time, 2210.01 real, 4 MB, 53.16 load
[runlim] sample:		2204.86 time, 2220.01 real, 4 MB, 53.21 load
[runlim] sample:		2214.81 time, 2230.01 real, 4 MB, 53.25 load
[runlim] sample:		2224.75 time, 2240.01 real, 4 MB, 53.29 load
[runlim] sample:		2234.70 time, 2250.01 real, 4 MB, 53.25 load
[runlim] sample:		2244.64 time, 2260.01 real, 4 MB, 53.21 load
[runlim] sample:		2254.59 time, 2270.01 real, 4 MB, 53.18 load
[runlim] sample:		2264.54 time, 2280.01 real, 4 MB, 53.23 load
[runlim] sample:		2274.49 time, 2290.01 real, 4 MB, 53.27 load
[runlim] sample:		2284.43 time, 2300.01 real, 4 MB, 53.23 load
[runlim] sample:		2294.38 time, 2310.01 real, 4 MB, 53.19 load
[runlim] sample:		2304.33 time, 2320.01 real, 4 MB, 53.16 load
[runlim] sample:		2314.28 time, 2330.01 real, 4 MB, 53.14 load
[runlim] sample:		2324.22 time, 2340.01 real, 4 MB, 53.11 load
[runlim] sample:		2334.17 time, 2350.01 real, 4 MB, 53.10 load
[runlim] sample:		2344.12 time, 2360.01 real, 4 MB, 53.08 load
[runlim] sample:		2354.06 time, 2370.01 real, 4 MB, 53.07 load
[runlim] sample:		2364.01 time, 2380.01 real, 4 MB, 53.21 load
[runlim] sample:		2373.96 time, 2390.01 real, 4 MB, 53.41 load
[runlim] sample:		2383.91 time, 2400.01 real, 4 MB, 53.49 load
[runlim] sample:		2393.85 time, 2410.01 real, 4 MB, 53.42 load
[runlim] sample:		2403.80 time, 2420.01 real, 4 MB, 53.35 load
[runlim] sample:		2413.75 time, 2430.01 real, 4 MB, 53.30 load
[runlim] sample:		2423.69 time, 2440.01 real, 4 MB, 53.40 load
[runlim] sample:		2433.64 time, 2450.01 real, 4 MB, 53.42 load
[runlim] sample:		2443.59 time, 2460.01 real, 4 MB, 53.35 load
[runlim] sample:		2453.53 time, 2470.01 real, 4 MB, 53.38 load
[runlim] sample:		2463.48 time, 2480.01 real, 4 MB, 53.32 load
[runlim] sample:		2473.42 time, 2490.01 real, 4 MB, 53.42 load
[runlim] sample:		2483.37 time, 2500.01 real, 4 MB, 53.43 load
[runlim] sample:		2493.31 time, 2510.01 real, 4 MB, 53.37 load
[runlim] sample:		2503.25 time, 2520.01 real, 4 MB, 53.47 load
[runlim] sample:		2513.20 time, 2530.01 real, 4 MB, 53.54 load
[runlim] sample:		2523.14 time, 2540.01 real, 4 MB, 53.46 load
[runlim] sample:		2533.09 time, 2550.01 real, 4 MB, 53.39 load
[runlim] sample:		2543.03 time, 2560.01 real, 4 MB, 53.40 load
[runlim] sample:		2552.98 time, 2570.01 real, 4 MB, 53.34 load
[runlim] sample:		2562.92 time, 2580.01 real, 4 MB, 53.29 load
[runlim] sample:		2572.86 time, 2590.01 real, 4 MB, 53.24 load
[runlim] sample:		2582.81 time, 2600.01 real, 4 MB, 53.20 load
[runlim] sample:		2592.75 time, 2610.01 real, 4 MB, 53.17 load
[runlim] sample:		2602.69 time, 2620.01 real, 4 MB, 53.22 load
[runlim] sample:		2612.64 time, 2630.01 real, 4 MB, 53.19 load
[runlim] sample:		2622.58 time, 2640.01 real, 4 MB, 53.16 load
[runlim] sample:		2632.52 time, 2650.01 real, 4 MB, 53.13 load
[runlim] sample:		2642.46 time, 2660.01 real, 4 MB, 53.19 load
[runlim] sample:		2652.41 time, 2670.01 real, 4 MB, 53.16 load
[runlim] sample:		2662.35 time, 2680.01 real, 4 MB, 53.21 load
[runlim] sample:		2672.30 time, 2690.01 real, 4 MB, 53.17 load
[runlim] sample:		2682.24 time, 2700.01 real, 4 MB, 53.15 load
[runlim] sample:		2692.18 time, 2710.01 real, 4 MB, 53.12 load
[runlim] sample:		2702.13 time, 2720.01 real, 4 MB, 53.18 load
[runlim] sample:		2712.07 time, 2730.01 real, 4 MB, 53.16 load
[runlim] sample:		2722.01 time, 2740.01 real, 4 MB, 53.13 load
[runlim] sample:		2731.96 time, 2750.01 real, 4 MB, 53.11 load
[runlim] sample:		2741.91 time, 2760.01 real, 4 MB, 53.09 load
[runlim] sample:		2751.85 time, 2770.01 real, 4 MB, 53.08 load
[runlim] sample:		2761.80 time, 2780.01 real, 4 MB, 53.07 load
[runlim] sample:		2771.74 time, 2790.01 real, 4 MB, 53.06 load
[runlim] sample:		2781.69 time, 2800.01 real, 4 MB, 53.12 load
[runlim] sample:		2791.64 time, 2810.01 real, 4 MB, 53.10 load
[runlim] sample:		2801.58 time, 2820.01 real, 4 MB, 53.09 load
[runlim] sample:		2811.53 time, 2830.01 real, 4 MB, 53.07 load
[runlim] sample:		2821.47 time, 2840.01 real, 4 MB, 53.06 load
[runlim] sample:		2831.41 time, 2850.01 real, 4 MB, 53.05 load
[runlim] sample:		2841.36 time, 2860.01 real, 4 MB, 53.12 load
[runlim] sample:		2851.30 time, 2870.01 real, 4 MB, 53.10 load
[runlim] sample:		2861.25 time, 2880.01 real, 4 MB, 53.08 load
[runlim] sample:		2871.19 time, 2890.01 real, 4 MB, 53.07 load
[runlim] sample:		2881.14 time, 2900.01 real, 4 MB, 53.46 load
[runlim] sample:		2891.08 time, 2910.01 real, 4 MB, 53.39 load
[runlim] sample:		2901.03 time, 2920.01 real, 4 MB, 53.48 load
[runlim] sample:		2910.98 time, 2930.01 real, 4 MB, 53.41 load
[runlim] sample:		2920.92 time, 2940.01 real, 4 MB, 53.34 load
[runlim] sample:		2930.87 time, 2950.01 real, 4 MB, 53.29 load
[runlim] sample:		2940.81 time, 2960.01 real, 4 MB, 53.41 load
[runlim] sample:		2950.75 time, 2970.01 real, 4 MB, 53.34 load
[runlim] sample:		2960.70 time, 2980.01 real, 4 MB, 53.36 load
[runlim] sample:		2970.65 time, 2990.01 real, 4 MB, 53.38 load
[runlim] sample:		2980.59 time, 3000.01 real, 4 MB, 53.32 load
[runlim] sample:		2990.54 time, 3010.01 real, 4 MB, 53.35 load
[runlim] sample:		3000.49 time, 3020.01 real, 4 MB, 53.37 load
[runlim] sample:		3010.43 time, 3030.01 real, 4 MB, 53.32 load
[runlim] sample:		3020.38 time, 3040.01 real, 4 MB, 53.35 load
[runlim] sample:		3030.33 time, 3050.01 real, 4 MB, 53.29 load
[runlim] sample:		3040.28 time, 3060.01 real, 4 MB, 53.25 load
[runlim] sample:		3050.23 time, 3070.01 real, 4 MB, 53.21 load
[runlim] sample:		3060.18 time, 3080.01 real, 4 MB, 53.18 load
[runlim] sample:		3070.13 time, 3090.01 real, 4 MB, 53.15 load
[runlim] sample:		3080.08 time, 3100.01 real, 4 MB, 53.13 load
[runlim] sample:		3090.02 time, 3110.01 real, 4 MB, 53.11 load
[runlim] sample:		3099.97 time, 3120.01 real, 4 MB, 53.24 load
[runlim] sample:		3109.92 time, 3130.01 real, 4 MB, 53.21 load
[runlim] sample:		3119.87 time, 3140.01 real, 4 MB, 53.17 load
[runlim] sample:		3129.82 time, 3150.01 real, 4 MB, 53.15 load
[runlim] sample:		3139.77 time, 3160.01 real, 4 MB, 53.20 load
[runlim] sample:		3149.72 time, 3170.01 real, 4 MB, 53.17 load
[runlim] sample:		3159.67 time, 3180.01 real, 4 MB, 53.14 load
[runlim] sample:		3169.61 time, 3190.01 real, 4 MB, 53.20 load
[runlim] sample:		3179.56 time, 3200.01 real, 4 MB, 53.17 load
[runlim] sample:		3189.51 time, 3210.01 real, 4 MB, 53.14 load
[runlim] sample:		3199.46 time, 3220.01 real, 4 MB, 53.12 load
[runlim] sample:		3209.41 time, 3230.01 real, 4 MB, 53.10 load
[runlim] sample:		3219.36 time, 3240.01 real, 4 MB, 53.16 load
[runlim] sample:		3229.31 time, 3250.01 real, 4 MB, 53.13 load
[runlim] sample:		3239.26 time, 3260.01 real, 4 MB, 53.11 load
[runlim] sample:		3249.21 time, 3270.01 real, 4 MB, 53.10 load
[runlim] sample:		3259.16 time, 3280.01 real, 4 MB, 53.08 load
[runlim] sample:		3269.11 time, 3290.01 real, 4 MB, 53.07 load
[runlim] sample:		3279.06 time, 3300.01 real, 4 MB, 53.13 load
[runlim] sample:		3289.01 time, 3310.01 real, 4 MB, 53.11 load
[runlim] sample:		3298.96 time, 3320.01 real, 4 MB, 53.09 load
[runlim] sample:		3308.91 time, 3330.01 real, 4 MB, 53.08 load
[runlim] sample:		3318.86 time, 3340.01 real, 4 MB, 53.07 load
[runlim] sample:		3328.81 time, 3350.01 real, 4 MB, 53.14 load
[runlim] sample:		3338.76 time, 3360.01 real, 4 MB, 53.19 load
[runlim] sample:		3348.71 time, 3370.01 real, 4 MB, 53.16 load
[runlim] sample:		3358.66 time, 3380.01 real, 4 MB, 53.13 load
[runlim] sample:		3368.61 time, 3390.01 real, 4 MB, 53.27 load
[runlim] sample:		3378.56 time, 3400.01 real, 4 MB, 53.23 load
[runlim] sample:		3388.51 time, 3410.01 real, 4 MB, 53.27 load
[runlim] sample:		3398.46 time, 3420.01 real, 4 MB, 53.23 load
[runlim] sample:		3408.41 time, 3430.01 real, 4 MB, 53.19 load
[runlim] sample:		3418.36 time, 3440.01 real, 4 MB, 53.16 load
[runlim] sample:		3428.31 time, 3450.01 real, 4 MB, 53.14 load
[runlim] sample:		3438.26 time, 3460.01 real, 4 MB, 53.11 load
[runlim] sample:		3448.21 time, 3470.01 real, 4 MB, 53.10 load
[runlim] sample:		3458.15 time, 3480.01 real, 4 MB, 53.24 load
[runlim] sample:		3468.10 time, 3490.01 real, 4 MB, 53.28 load
[runlim] sample:		3478.05 time, 3500.01 real, 4 MB, 53.32 load
[runlim] sample:		3488.00 time, 3510.01 real, 4 MB, 53.27 load
[runlim] sample:		3497.95 time, 3520.01 real, 4 MB, 53.31 load
[runlim] sample:		3507.90 time, 3530.01 real, 4 MB, 53.26 load
[runlim] sample:		3517.85 time, 3540.01 real, 4 MB, 53.60 load
[runlim] sample:		3527.79 time, 3550.01 real, 4 MB, 53.51 load
[runlim] sample:		3537.74 time, 3560.01 real, 4 MB, 53.43 load
[runlim] sample:		3547.69 time, 3570.01 real, 4 MB, 53.36 load
[runlim] sample:		3557.64 time, 3580.01 real, 4 MB, 53.31 load
[runlim] sample:		3567.59 time, 3590.01 real, 4 MB, 53.34 load
[runlim] sample:		3577.54 time, 3600.01 real, 4 MB, 53.37 load
[runlim] sample:		3587.49 time, 3610.01 real, 4 MB, 53.31 load
[runlim] sample:		3597.43 time, 3620.01 real, 4 MB, 53.26 load
[runlim] sample:		3607.38 time, 3630.01 real, 4 MB, 53.22 load
[runlim] sample:		3617.34 time, 3640.01 real, 4 MB, 53.19 load
[runlim] sample:		3627.30 time, 3650.01 real, 4 MB, 53.23 load
[runlim] sample:		3637.26 time, 3660.01 real, 4 MB, 53.28 load
[runlim] sample:		3647.21 time, 3670.01 real, 4 MB, 53.23 load
[runlim] sample:		3657.16 time, 3680.01 real, 4 MB, 53.20 load
[runlim] sample:		3667.11 time, 3690.01 real, 4 MB, 53.17 load
[runlim] sample:		3677.06 time, 3700.01 real, 4 MB, 53.14 load
[runlim] sample:		3687.01 time, 3710.01 real, 4 MB, 53.12 load
[runlim] sample:		3696.96 time, 3720.01 real, 4 MB, 53.10 load
[runlim] sample:		3706.91 time, 3730.01 real, 4 MB, 53.08 load
[runlim] sample:		3716.86 time, 3740.01 real, 4 MB, 53.15 load
[runlim] sample:		3726.80 time, 3750.01 real, 4 MB, 53.13 load
[runlim] sample:		3736.75 time, 3760.01 real, 4 MB, 53.11 load
[runlim] sample:		3746.70 time, 3770.01 real, 4 MB, 53.09 load
[runlim] sample:		3756.65 time, 3780.01 real, 4 MB, 53.08 load
[runlim] sample:		3766.60 time, 3790.01 real, 4 MB, 53.06 load
[runlim] sample:		3776.55 time, 3800.01 real, 4 MB, 53.21 load
[runlim] sample:		3786.50 time, 3810.01 real, 4 MB, 53.18 load
[runlim] sample:		3796.45 time, 3820.01 real, 4 MB, 53.15 load
[runlim] sample:		3806.40 time, 3830.01 real, 4 MB, 53.13 load
[runlim] sample:		3816.34 time, 3840.01 real, 4 MB, 53.11 load
[runlim] sample:		3826.29 time, 3850.01 real, 4 MB, 53.17 load
[runlim] sample:		3836.24 time, 3860.01 real, 4 MB, 53.22 load
[runlim] sample:		3846.19 time, 3870.01 real, 4 MB, 53.19 load
[runlim] sample:		3856.14 time, 3880.01 real, 4 MB, 53.16 load
[runlim] sample:		3866.08 time, 3890.01 real, 4 MB, 53.13 load
[runlim] sample:		3876.03 time, 3900.01 real, 4 MB, 53.11 load
[runlim] sample:		3885.98 time, 3910.01 real, 4 MB, 53.09 load
[runlim] sample:		3895.93 time, 3920.01 real, 4 MB, 53.08 load
[runlim] sample:		3905.88 time, 3930.01 real, 4 MB, 53.07 load
[runlim] sample:		3915.83 time, 3940.01 real, 4 MB, 53.21 load
[runlim] sample:		3925.78 time, 3950.01 real, 4 MB, 53.18 load
[runlim] sample:		3935.73 time, 3960.01 real, 4 MB, 53.15 load
[runlim] sample:		3945.67 time, 3970.01 real, 4 MB, 53.13 load
[runlim] sample:		3955.62 time, 3980.01 real, 4 MB, 53.42 load
[runlim] sample:		3965.57 time, 3990.01 real, 4 MB, 53.43 load
[runlim] sample:		3975.52 time, 4000.01 real, 4 MB, 53.36 load
[runlim] sample:		3985.47 time, 4010.01 real, 4 MB, 53.38 load
[runlim] sample:		3995.42 time, 4020.01 real, 4 MB, 53.40 load
[runlim] sample:		4005.38 time, 4030.01 real, 4 MB, 53.34 load
[runlim] sample:		4015.33 time, 4040.01 real, 4 MB, 53.29 load
[runlim] sample:		4025.28 time, 4050.01 real, 4 MB, 53.24 load
[runlim] sample:		4035.23 time, 4060.01 real, 4 MB, 53.21 load
[runlim] sample:		4045.17 time, 4070.01 real, 4 MB, 53.17 load
[runlim] sample:		4055.12 time, 4080.01 real, 4 MB, 53.15 load
[runlim] sample:		4065.07 time, 4090.01 real, 4 MB, 53.28 load
[runlim] sample:		4075.02 time, 4100.01 real, 4 MB, 53.24 load
[runlim] sample:		4084.97 time, 4110.01 real, 4 MB, 53.20 load
[runlim] sample:		4094.92 time, 4120.01 real, 4 MB, 53.25 load
[runlim] sample:		4104.87 time, 4130.01 real, 4 MB, 53.21 load
[runlim] sample:		4114.82 time, 4140.01 real, 4 MB, 53.18 load
[runlim] sample:		4124.77 time, 4150.01 real, 4 MB, 53.15 load
[runlim] sample:		4134.72 time, 4160.01 real, 4 MB, 53.20 load
[runlim] sample:		4144.67 time, 4170.01 real, 4 MB, 53.17 load
[runlim] sample:		4154.62 time, 4180.01 real, 4 MB, 53.16 load
[runlim] sample:		4164.57 time, 4190.01 real, 4 MB, 53.21 load
[runlim] sample:		4174.52 time, 4200.01 real, 4 MB, 53.17 load
[runlim] sample:		4184.46 time, 4210.01 real, 4 MB, 53.15 load
[runlim] sample:		4194.41 time, 4220.01 real, 4 MB, 53.12 load
[runlim] sample:		4204.36 time, 4230.01 real, 4 MB, 53.10 load
[runlim] sample:		4214.31 time, 4240.01 real, 4 MB, 53.09 load
[runlim] sample:		4224.26 time, 4250.01 real, 4 MB, 53.15 load
[runlim] sample:		4234.21 time, 4260.01 real, 4 MB, 53.13 load
[runlim] sample:		4244.16 time, 4270.01 real, 4 MB, 53.11 load
[runlim] sample:		4254.11 time, 4280.01 real, 4 MB, 53.09 load
[runlim] sample:		4264.05 time, 4290.01 real, 4 MB, 53.08 load
[runlim] sample:		4274.00 time, 4300.01 real, 4 MB, 53.06 load
[runlim] sample:		4283.95 time, 4310.01 real, 4 MB, 53.22 load
[runlim] sample:		4293.90 time, 4320.01 real, 4 MB, 53.18 load
[runlim] sample:		4303.84 time, 4330.01 real, 4 MB, 53.15 load
[runlim] sample:		4313.79 time, 4340.01 real, 4 MB, 53.13 load
[runlim] sample:		4323.74 time, 4350.01 real, 4 MB, 53.11 load
[runlim] sample:		4333.69 time, 4360.01 real, 4 MB, 53.09 load
[runlim] sample:		4343.63 time, 4370.01 real, 4 MB, 53.16 load
[runlim] sample:		4353.58 time, 4380.01 real, 4 MB, 53.13 load
[runlim] sample:		4363.53 time, 4390.01 real, 4 MB, 53.11 load
[runlim] sample:		4373.48 time, 4400.01 real, 4 MB, 53.09 load
[runlim] sample:		4383.43 time, 4410.01 real, 4 MB, 53.08 load
[runlim] sample:		4393.38 time, 4420.01 real, 4 MB, 53.07 load
[runlim] sample:		4403.33 time, 4430.01 real, 4 MB, 53.14 load
[runlim] sample:		4413.28 time, 4440.01 real, 4 MB, 53.12 load
[runlim] sample:		4423.23 time, 4450.01 real, 4 MB, 53.18 load
[runlim] sample:		4433.18 time, 4460.01 real, 4 MB, 53.15 load
[runlim] sample:		4443.12 time, 4470.01 real, 4 MB, 53.13 load
[runlim] sample:		4453.07 time, 4480.01 real, 4 MB, 53.11 load
[runlim] sample:		4463.02 time, 4490.01 real, 4 MB, 53.17 load
[runlim] sample:		4472.97 time, 4500.01 real, 4 MB, 53.22 load
[runlim] sample:		4482.92 time, 4510.01 real, 4 MB, 53.18 load
[runlim] sample:		4492.87 time, 4520.01 real, 4 MB, 53.23 load
[runlim] sample:		4502.81 time, 4530.01 real, 4 MB, 53.41 load
[runlim] sample:		4512.76 time, 4540.01 real, 4 MB, 53.35 load
[runlim] sample:		4522.71 time, 4550.01 real, 4 MB, 53.30 load
[runlim] sample:		4532.66 time, 4560.01 real, 4 MB, 53.25 load
[runlim] sample:		4542.61 time, 4570.01 real, 4 MB, 53.21 load
[runlim] sample:		4552.56 time, 4580.01 real, 4 MB, 53.25 load
[runlim] sample:		4562.50 time, 4590.01 real, 4 MB, 53.21 load
[runlim] sample:		4572.45 time, 4600.01 real, 4 MB, 53.25 load
[runlim] sample:		4582.40 time, 4610.01 real, 4 MB, 53.21 load
[runlim] sample:		4592.35 time, 4620.01 real, 4 MB, 53.18 load
[runlim] sample:		4602.31 time, 4630.01 real, 4 MB, 53.15 load
[runlim] sample:		4612.26 time, 4640.01 real, 4 MB, 53.13 load
[runlim] sample:		4622.20 time, 4650.01 real, 4 MB, 53.11 load
[runlim] sample:		4632.15 time, 4660.01 real, 4 MB, 53.40 load
[runlim] sample:		4642.10 time, 4670.01 real, 4 MB, 53.42 load
[runlim] sample:		4652.05 time, 4680.01 real, 4 MB, 53.35 load
[runlim] sample:		4662.00 time, 4690.01 real, 4 MB, 53.30 load
[runlim] sample:		4671.94 time, 4700.01 real, 4 MB, 53.25 load
[runlim] sample:		4681.89 time, 4710.01 real, 4 MB, 53.21 load
[runlim] sample:		4691.84 time, 4720.01 real, 4 MB, 53.18 load
[runlim] sample:		4701.79 time, 4730.01 real, 4 MB, 53.15 load
[runlim] sample:		4711.73 time, 4740.01 real, 4 MB, 53.13 load
[runlim] sample:		4721.68 time, 4750.01 real, 4 MB, 53.19 load
[runlim] sample:		4731.63 time, 4760.01 real, 4 MB, 53.16 load
[runlim] sample:		4741.57 time, 4770.01 real, 4 MB, 53.13 load
[runlim] sample:		4751.52 time, 4780.01 real, 4 MB, 53.19 load
[runlim] sample:		4761.47 time, 4790.01 real, 4 MB, 53.24 load
[runlim] sample:		4771.42 time, 4800.01 real, 4 MB, 53.20 load
[runlim] sample:		4781.36 time, 4810.01 real, 4 MB, 53.25 load
[runlim] sample:		4791.31 time, 4820.01 real, 4 MB, 53.29 load
[runlim] sample:		4801.26 time, 4830.01 real, 4 MB, 53.25 load
[runlim] sample:		4811.20 time, 4840.01 real, 4 MB, 53.21 load
[runlim] sample:		4821.15 time, 4850.01 real, 4 MB, 53.26 load
[runlim] sample:		4831.09 time, 4860.01 real, 4 MB, 53.22 load
[runlim] sample:		4841.04 time, 4870.01 real, 4 MB, 53.26 load
[runlim] sample:		4850.99 time, 4880.01 real, 4 MB, 53.22 load
[runlim] sample:		4860.93 time, 4890.01 real, 4 MB, 53.19 load
[runlim] sample:		4870.88 time, 4900.01 real, 4 MB, 53.23 load
[runlim] sample:		4880.82 time, 4910.01 real, 4 MB, 53.20 load
[runlim] sample:		4890.77 time, 4920.01 real, 4 MB, 53.17 load
[runlim] sample:		4900.72 time, 4930.01 real, 4 MB, 53.22 load
[runlim] sample:		4910.66 time, 4940.01 real, 4 MB, 53.19 load
[runlim] sample:		4920.61 time, 4950.01 real, 4 MB, 53.16 load
[runlim] sample:		4930.56 time, 4960.01 real, 4 MB, 53.29 load
[runlim] sample:		4940.50 time, 4970.01 real, 4 MB, 53.25 load
[runlim] sample:		4950.45 time, 4980.01 real, 4 MB, 53.21 load
[runlim] sample:		4960.40 time, 4990.01 real, 4 MB, 53.26 load
[runlim] sample:		4970.34 time, 5000.01 real, 4 MB, 53.22 load
[runlim] end:			Thu Apr  9 21:55:00 2026
[runlim] status:		out of time
[runlim] result:		2
[runlim] children:		1
[runlim] processes:		2
[runlim] real:			5000.05 seconds
[runlim] time:			4970.34 seconds
[runlim] space:			4 MB
[runlim] load:			56.32 maximum
[runlim] samples:		50000
