[runlim] version:		2.0.0rc1
[runlim] host:			m09n14
[runlim] time limit:		311040000 seconds
[runlim] real time limit:	5000 seconds
[runlim] space limit:		7000 MB
[runlim] argv[0]:		./binary
[runlim] argv[1]:		-c
[runlim] argv[2]:		-s
[runlim] argv[3]:		-r
[runlim] argv[4]:		/tmp/local-unzipped-12459996-1-57-mc2025_track1_195.cnf
[runlim] start:			Thu Apr  9 20:32:33 2026
[runlim] child:			3845574
[runlim] sample:		9.91 time, 10.01 real, 357 MB, 27.53 load
[runlim] sample:		19.84 time, 20.01 real, 357 MB, 33.29 load
[runlim] sample:		29.77 time, 30.01 real, 357 MB, 37.77 load
[runlim] sample:		39.71 time, 40.01 real, 357 MB, 41.26 load
[runlim] sample:		49.65 time, 50.01 real, 357 MB, 44.14 load
[runlim] sample:		59.59 time, 60.01 real, 357 MB, 46.81 load
[runlim] sample:		69.54 time, 70.01 real, 357 MB, 48.91 load
[runlim] sample:		79.48 time, 80.01 real, 357 MB, 50.70 load
[runlim] sample:		89.42 time, 90.01 real, 357 MB, 52.20 load
[runlim] sample:		99.36 time, 100.01 real, 357 MB, 53.17 load
[runlim] sample:		109.30 time, 110.01 real, 357 MB, 53.90 load
[runlim] sample:		119.24 time, 120.01 real, 357 MB, 54.38 load
[runlim] sample:		129.18 time, 130.01 real, 357 MB, 54.70 load
[runlim] sample:		139.12 time, 140.01 real, 357 MB, 55.06 load
[runlim] sample:		149.05 time, 150.01 real, 357 MB, 55.20 load
[runlim] sample:		158.99 time, 160.01 real, 357 MB, 55.33 load
[runlim] sample:		168.92 time, 170.01 real, 357 MB, 55.43 load
[runlim] sample:		178.86 time, 180.01 real, 357 MB, 55.68 load
[runlim] sample:		188.80 time, 190.01 real, 357 MB, 55.73 load
[runlim] sample:		198.73 time, 200.01 real, 357 MB, 55.77 load
[runlim] sample:		208.67 time, 210.01 real, 357 MB, 55.81 load
[runlim] sample:		218.61 time, 220.01 real, 357 MB, 55.92 load
[runlim] sample:		228.55 time, 230.01 real, 357 MB, 55.93 load
[runlim] sample:		238.49 time, 240.01 real, 357 MB, 56.09 load
[runlim] sample:		248.42 time, 250.01 real, 357 MB, 56.15 load
[runlim] sample:		258.36 time, 260.01 real, 357 MB, 56.13 load
[runlim] sample:		268.30 time, 270.01 real, 357 MB, 56.18 load
[runlim] sample:		278.24 time, 280.01 real, 357 MB, 56.15 load
[runlim] sample:		288.18 time, 290.01 real, 357 MB, 56.13 load
[runlim] sample:		298.11 time, 300.01 real, 357 MB, 56.11 load
[runlim] sample:		308.05 time, 310.01 real, 357 MB, 56.09 load
[runlim] sample:		317.99 time, 320.01 real, 357 MB, 56.08 load
[runlim] sample:		327.93 time, 330.01 real, 357 MB, 56.07 load
[runlim] sample:		337.87 time, 340.01 real, 357 MB, 56.14 load
[runlim] sample:		347.81 time, 350.01 real, 357 MB, 56.11 load
[runlim] sample:		357.74 time, 360.01 real, 357 MB, 56.18 load
[runlim] sample:		367.68 time, 370.01 real, 357 MB, 56.15 load
[runlim] sample:		377.62 time, 380.01 real, 357 MB, 56.21 load
[runlim] sample:		387.56 time, 390.01 real, 357 MB, 56.17 load
[runlim] sample:		397.50 time, 400.01 real, 357 MB, 56.23 load
[runlim] sample:		407.44 time, 410.01 real, 357 MB, 56.19 load
[runlim] sample:		417.37 time, 420.01 real, 357 MB, 56.32 load
[runlim] sample:		427.31 time, 430.01 real, 357 MB, 56.27 load
[runlim] sample:		437.25 time, 440.01 real, 357 MB, 56.23 load
[runlim] sample:		447.19 time, 450.01 real, 357 MB, 56.19 load
[runlim] sample:		457.12 time, 460.01 real, 357 MB, 56.24 load
[runlim] sample:		467.06 time, 470.01 real, 357 MB, 56.28 load
[runlim] sample:		477.00 time, 480.01 real, 357 MB, 56.24 load
[runlim] sample:		486.94 time, 490.01 real, 357 MB, 56.20 load
[runlim] sample:		496.88 time, 500.01 real, 357 MB, 56.09 load
[runlim] sample:		506.82 time, 510.01 real, 357 MB, 55.92 load
[runlim] sample:		516.75 time, 520.01 real, 357 MB, 55.71 load
[runlim] sample:		526.69 time, 530.01 real, 357 MB, 55.44 load
[runlim] sample:		536.63 time, 540.01 real, 357 MB, 55.30 load
[runlim] sample:		546.57 time, 550.01 real, 357 MB, 55.17 load
[runlim] sample:		556.51 time, 560.01 real, 357 MB, 55.15 load
[runlim] sample:		566.45 time, 570.01 real, 357 MB, 54.97 load
[runlim] sample:		576.39 time, 580.01 real, 357 MB, 54.90 load
[runlim] sample:		586.33 time, 590.01 real, 357 MB, 54.76 load
[runlim] sample:		596.27 time, 600.01 real, 357 MB, 54.64 load
[runlim] sample:		606.21 time, 610.01 real, 357 MB, 54.62 load
[runlim] sample:		616.15 time, 620.01 real, 357 MB, 54.60 load
[runlim] sample:		626.09 time, 630.01 real, 357 MB, 54.59 load
[runlim] sample:		636.03 time, 640.01 real, 357 MB, 54.50 load
[runlim] sample:		645.97 time, 650.01 real, 357 MB, 54.42 load
[runlim] sample:		655.91 time, 660.01 real, 357 MB, 54.44 load
[runlim] sample:		665.84 time, 670.01 real, 357 MB, 54.37 load
[runlim] sample:		675.78 time, 680.01 real, 357 MB, 54.31 load
[runlim] sample:		685.72 time, 690.01 real, 357 MB, 54.26 load
[runlim] sample:		695.66 time, 700.01 real, 357 MB, 54.30 load
[runlim] sample:		705.59 time, 710.01 real, 357 MB, 54.26 load
[runlim] sample:		715.53 time, 720.01 real, 357 MB, 54.22 load
[runlim] sample:		725.47 time, 730.01 real, 357 MB, 54.26 load
[runlim] sample:		735.41 time, 740.01 real, 357 MB, 54.22 load
[runlim] sample:		745.34 time, 750.01 real, 357 MB, 54.18 load
[runlim] sample:		755.28 time, 760.01 real, 357 MB, 54.15 load
[runlim] sample:		765.22 time, 770.01 real, 357 MB, 54.13 load
[runlim] sample:		775.15 time, 780.01 real, 357 MB, 54.11 load
[runlim] sample:		785.09 time, 790.01 real, 357 MB, 54.31 load
[runlim] sample:		795.03 time, 800.01 real, 357 MB, 54.11 load
[runlim] sample:		804.97 time, 810.01 real, 357 MB, 53.94 load
[runlim] sample:		814.90 time, 820.01 real, 357 MB, 53.87 load
[runlim] sample:		824.84 time, 830.01 real, 357 MB, 53.73 load
[runlim] sample:		834.78 time, 840.01 real, 357 MB, 53.62 load
[runlim] sample:		844.72 time, 850.01 real, 357 MB, 53.53 load
[runlim] sample:		854.65 time, 860.01 real, 357 MB, 53.52 load
[runlim] sample:		864.59 time, 870.01 real, 357 MB, 53.44 load
[runlim] sample:		874.53 time, 880.01 real, 357 MB, 53.37 load
[runlim] sample:		884.47 time, 890.01 real, 357 MB, 53.40 load
[runlim] sample:		894.41 time, 900.01 real, 357 MB, 53.34 load
[runlim] sample:		904.34 time, 910.01 real, 357 MB, 53.50 load
[runlim] sample:		914.28 time, 920.01 real, 357 MB, 53.51 load
[runlim] sample:		924.22 time, 930.01 real, 357 MB, 53.43 load
[runlim] sample:		934.15 time, 940.01 real, 357 MB, 53.36 load
[runlim] sample:		944.09 time, 950.01 real, 357 MB, 53.31 load
[runlim] sample:		954.03 time, 960.01 real, 357 MB, 53.26 load
[runlim] sample:		963.96 time, 970.01 real, 357 MB, 53.30 load
[runlim] sample:		973.90 time, 980.01 real, 357 MB, 53.25 load
[runlim] sample:		983.83 time, 990.01 real, 357 MB, 53.21 load
[runlim] sample:		993.77 time, 1000.01 real, 357 MB, 53.41 load
[runlim] sample:		1003.71 time, 1010.01 real, 357 MB, 53.35 load
[runlim] sample:		1013.64 time, 1020.01 real, 357 MB, 53.29 load
[runlim] sample:		1023.58 time, 1030.01 real, 357 MB, 53.25 load
[runlim] sample:		1033.52 time, 1040.01 real, 357 MB, 53.29 load
[runlim] sample:		1043.45 time, 1050.01 real, 357 MB, 53.24 load
[runlim] sample:		1053.39 time, 1060.01 real, 357 MB, 53.28 load
[runlim] sample:		1063.32 time, 1070.01 real, 357 MB, 53.24 load
[runlim] sample:		1073.26 time, 1080.01 real, 357 MB, 53.20 load
[runlim] sample:		1083.19 time, 1090.01 real, 357 MB, 53.17 load
[runlim] sample:		1093.13 time, 1100.01 real, 357 MB, 53.22 load
[runlim] sample:		1103.06 time, 1110.01 real, 357 MB, 53.26 load
[runlim] sample:		1113.00 time, 1120.01 real, 357 MB, 53.22 load
[runlim] sample:		1122.93 time, 1130.01 real, 357 MB, 53.18 load
[runlim] sample:		1132.87 time, 1140.01 real, 357 MB, 53.15 load
[runlim] sample:		1142.80 time, 1150.01 real, 357 MB, 53.13 load
[runlim] sample:		1152.74 time, 1160.01 real, 357 MB, 53.11 load
[runlim] sample:		1162.67 time, 1170.01 real, 357 MB, 53.09 load
[runlim] sample:		1172.61 time, 1180.01 real, 357 MB, 53.08 load
[runlim] sample:		1182.55 time, 1190.01 real, 357 MB, 53.07 load
[runlim] sample:		1192.49 time, 1200.01 real, 357 MB, 53.06 load
[runlim] sample:		1202.43 time, 1210.01 real, 357 MB, 53.05 load
[runlim] sample:		1212.36 time, 1220.01 real, 357 MB, 53.04 load
[runlim] sample:		1222.30 time, 1230.01 real, 357 MB, 53.03 load
[runlim] sample:		1232.24 time, 1240.01 real, 357 MB, 53.10 load
[runlim] sample:		1242.17 time, 1250.01 real, 357 MB, 53.08 load
[runlim] sample:		1252.11 time, 1260.01 real, 357 MB, 53.07 load
[runlim] sample:		1262.05 time, 1270.01 real, 357 MB, 53.06 load
[runlim] sample:		1271.99 time, 1280.01 real, 357 MB, 53.12 load
[runlim] sample:		1281.92 time, 1290.01 real, 357 MB, 53.10 load
[runlim] sample:		1291.86 time, 1300.01 real, 357 MB, 53.09 load
[runlim] sample:		1301.80 time, 1310.01 real, 357 MB, 53.07 load
[runlim] sample:		1311.74 time, 1320.01 real, 357 MB, 53.06 load
[runlim] sample:		1321.68 time, 1330.01 real, 357 MB, 53.05 load
[runlim] sample:		1331.61 time, 1340.01 real, 357 MB, 53.04 load
[runlim] sample:		1341.55 time, 1350.01 real, 357 MB, 53.04 load
[runlim] sample:		1351.49 time, 1360.01 real, 357 MB, 53.03 load
[runlim] sample:		1361.43 time, 1370.01 real, 357 MB, 53.03 load
[runlim] sample:		1371.36 time, 1380.01 real, 357 MB, 53.02 load
[runlim] sample:		1381.30 time, 1390.01 real, 357 MB, 53.02 load
[runlim] sample:		1391.23 time, 1400.01 real, 357 MB, 53.01 load
[runlim] sample:		1401.17 time, 1410.01 real, 357 MB, 53.01 load
[runlim] sample:		1411.11 time, 1420.01 real, 357 MB, 53.01 load
[runlim] sample:		1421.04 time, 1430.01 real, 357 MB, 53.01 load
[runlim] sample:		1430.98 time, 1440.01 real, 357 MB, 53.08 load
[runlim] sample:		1440.91 time, 1450.01 real, 357 MB, 53.14 load
[runlim] sample:		1450.85 time, 1460.01 real, 357 MB, 53.20 load
[runlim] sample:		1460.79 time, 1470.01 real, 357 MB, 53.17 load
[runlim] sample:		1470.72 time, 1480.01 real, 357 MB, 53.14 load
[runlim] sample:		1480.66 time, 1490.01 real, 357 MB, 53.12 load
[runlim] sample:		1490.60 time, 1500.01 real, 357 MB, 53.10 load
[runlim] sample:		1500.54 time, 1510.01 real, 357 MB, 53.23 load
[runlim] sample:		1510.48 time, 1520.01 real, 357 MB, 53.27 load
[runlim] sample:		1520.41 time, 1530.01 real, 357 MB, 53.23 load
[runlim] sample:		1530.35 time, 1540.01 real, 357 MB, 53.19 load
[runlim] sample:		1540.29 time, 1550.01 real, 357 MB, 53.16 load
[runlim] sample:		1550.22 time, 1560.01 real, 357 MB, 53.22 load
[runlim] sample:		1560.16 time, 1570.01 real, 357 MB, 53.26 load
[runlim] sample:		1570.10 time, 1580.01 real, 357 MB, 53.22 load
[runlim] sample:		1580.03 time, 1590.01 real, 357 MB, 53.18 load
[runlim] sample:		1589.98 time, 1600.01 real, 357 MB, 53.16 load
[runlim] sample:		1599.92 time, 1610.01 real, 357 MB, 53.29 load
[runlim] sample:		1609.86 time, 1620.01 real, 357 MB, 53.24 load
[runlim] sample:		1619.80 time, 1630.01 real, 357 MB, 53.20 load
[runlim] sample:		1629.75 time, 1640.01 real, 357 MB, 53.17 load
[runlim] sample:		1639.69 time, 1650.01 real, 357 MB, 53.14 load
[runlim] sample:		1649.63 time, 1660.01 real, 357 MB, 53.20 load
[runlim] sample:		1659.57 time, 1670.01 real, 357 MB, 53.25 load
[runlim] sample:		1669.51 time, 1680.01 real, 357 MB, 53.36 load
[runlim] sample:		1679.45 time, 1690.01 real, 357 MB, 53.30 load
[runlim] sample:		1689.40 time, 1700.01 real, 357 MB, 53.25 load
[runlim] sample:		1699.34 time, 1710.01 real, 357 MB, 53.29 load
[runlim] sample:		1709.28 time, 1720.01 real, 357 MB, 53.25 load
[runlim] sample:		1719.22 time, 1730.01 real, 357 MB, 53.28 load
[runlim] sample:		1729.17 time, 1740.01 real, 357 MB, 53.24 load
[runlim] sample:		1739.11 time, 1750.01 real, 357 MB, 53.20 load
[runlim] sample:		1749.05 time, 1760.01 real, 357 MB, 53.33 load
[runlim] sample:		1759.00 time, 1770.01 real, 357 MB, 53.27 load
[runlim] sample:		1768.94 time, 1780.01 real, 357 MB, 53.23 load
[runlim] sample:		1778.88 time, 1790.01 real, 357 MB, 53.20 load
[runlim] sample:		1788.83 time, 1800.01 real, 357 MB, 53.16 load
[runlim] sample:		1798.77 time, 1810.01 real, 357 MB, 53.14 load
[runlim] sample:		1808.71 time, 1820.01 real, 357 MB, 53.12 load
[runlim] sample:		1818.65 time, 1830.01 real, 357 MB, 53.10 load
[runlim] sample:		1828.60 time, 1840.01 real, 357 MB, 53.30 load
[runlim] sample:		1838.54 time, 1850.01 real, 357 MB, 53.26 load
[runlim] sample:		1848.47 time, 1860.01 real, 357 MB, 53.22 load
[runlim] sample:		1858.42 time, 1870.01 real, 357 MB, 53.26 load
[runlim] sample:		1868.36 time, 1880.02 real, 357 MB, 53.22 load
[runlim] sample:		1878.29 time, 1890.01 real, 357 MB, 53.19 load
[runlim] sample:		1888.23 time, 1900.01 real, 357 MB, 53.24 load
[runlim] sample:		1898.18 time, 1910.01 real, 357 MB, 53.20 load
[runlim] sample:		1908.12 time, 1920.01 real, 357 MB, 53.17 load
[runlim] sample:		1918.06 time, 1930.01 real, 357 MB, 53.14 load
[runlim] sample:		1928.00 time, 1940.01 real, 357 MB, 53.12 load
[runlim] sample:		1937.94 time, 1950.01 real, 357 MB, 53.18 load
[runlim] sample:		1947.88 time, 1960.01 real, 357 MB, 53.15 load
[runlim] sample:		1957.82 time, 1970.01 real, 357 MB, 53.21 load
[runlim] sample:		1967.77 time, 1980.01 real, 357 MB, 53.17 load
[runlim] sample:		1977.71 time, 1990.01 real, 357 MB, 53.15 load
[runlim] sample:		1987.65 time, 2000.01 real, 357 MB, 53.12 load
[runlim] sample:		1997.59 time, 2010.01 real, 357 MB, 53.18 load
[runlim] sample:		2007.54 time, 2020.01 real, 357 MB, 53.15 load
[runlim] sample:		2017.48 time, 2030.01 real, 357 MB, 53.13 load
[runlim] sample:		2027.42 time, 2040.01 real, 357 MB, 53.11 load
[runlim] sample:		2037.37 time, 2050.01 real, 357 MB, 53.09 load
[runlim] sample:		2047.31 time, 2060.01 real, 357 MB, 53.08 load
[runlim] sample:		2057.25 time, 2070.01 real, 357 MB, 53.06 load
[runlim] sample:		2067.19 time, 2080.01 real, 357 MB, 53.05 load
[runlim] sample:		2077.14 time, 2090.01 real, 357 MB, 53.19 load
[runlim] sample:		2087.08 time, 2100.01 real, 357 MB, 53.16 load
[runlim] sample:		2097.02 time, 2110.01 real, 357 MB, 53.21 load
[runlim] sample:		2106.96 time, 2120.01 real, 357 MB, 53.18 load
[runlim] sample:		2116.91 time, 2130.01 real, 357 MB, 53.15 load
[runlim] sample:		2126.85 time, 2140.01 real, 357 MB, 53.13 load
[runlim] sample:		2136.79 time, 2150.01 real, 357 MB, 53.11 load
[runlim] sample:		2146.73 time, 2160.01 real, 357 MB, 53.16 load
[runlim] sample:		2156.67 time, 2170.01 real, 357 MB, 53.21 load
[runlim] sample:		2166.62 time, 2180.01 real, 357 MB, 53.25 load
[runlim] sample:		2176.56 time, 2190.01 real, 357 MB, 53.29 load
[runlim] sample:		2186.50 time, 2200.01 real, 357 MB, 53.25 load
[runlim] sample:		2196.44 time, 2210.01 real, 357 MB, 53.21 load
[runlim] sample:		2206.38 time, 2220.01 real, 357 MB, 53.18 load
[runlim] sample:		2216.33 time, 2230.01 real, 357 MB, 53.23 load
[runlim] sample:		2226.27 time, 2240.01 real, 357 MB, 53.27 load
[runlim] sample:		2236.21 time, 2250.01 real, 357 MB, 53.23 load
[runlim] sample:		2246.15 time, 2260.01 real, 357 MB, 53.19 load
[runlim] sample:		2256.10 time, 2270.01 real, 357 MB, 53.16 load
[runlim] sample:		2266.05 time, 2280.01 real, 357 MB, 53.14 load
[runlim] sample:		2275.99 time, 2290.01 real, 357 MB, 53.11 load
[runlim] sample:		2285.93 time, 2300.01 real, 357 MB, 53.10 load
[runlim] sample:		2295.87 time, 2310.01 real, 357 MB, 53.08 load
[runlim] sample:		2305.81 time, 2320.01 real, 357 MB, 53.07 load
[runlim] sample:		2315.76 time, 2330.01 real, 357 MB, 53.21 load
[runlim] sample:		2325.70 time, 2340.01 real, 357 MB, 53.41 load
[runlim] sample:		2335.64 time, 2350.01 real, 357 MB, 53.49 load
[runlim] sample:		2345.58 time, 2360.01 real, 357 MB, 53.42 load
[runlim] sample:		2355.52 time, 2370.01 real, 357 MB, 53.35 load
[runlim] sample:		2365.46 time, 2380.01 real, 357 MB, 53.30 load
[runlim] sample:		2375.40 time, 2390.01 real, 357 MB, 53.40 load
[runlim] sample:		2385.35 time, 2400.01 real, 357 MB, 53.42 load
[runlim] sample:		2395.29 time, 2410.01 real, 357 MB, 53.35 load
[runlim] sample:		2405.23 time, 2420.01 real, 357 MB, 53.38 load
[runlim] sample:		2415.17 time, 2430.01 real, 357 MB, 53.32 load
[runlim] sample:		2425.12 time, 2440.01 real, 357 MB, 53.42 load
[runlim] sample:		2435.06 time, 2450.01 real, 357 MB, 53.43 load
[runlim] sample:		2445.00 time, 2460.01 real, 357 MB, 53.37 load
[runlim] sample:		2454.95 time, 2470.01 real, 357 MB, 53.47 load
[runlim] sample:		2464.89 time, 2480.01 real, 357 MB, 53.54 load
[runlim] sample:		2474.83 time, 2490.01 real, 357 MB, 53.46 load
[runlim] sample:		2484.77 time, 2500.01 real, 357 MB, 53.39 load
[runlim] sample:		2494.72 time, 2510.01 real, 357 MB, 53.40 load
[runlim] sample:		2504.66 time, 2520.01 real, 357 MB, 53.34 load
[runlim] sample:		2514.60 time, 2530.01 real, 357 MB, 53.29 load
[runlim] sample:		2524.54 time, 2540.01 real, 357 MB, 53.24 load
[runlim] sample:		2534.48 time, 2550.01 real, 357 MB, 53.20 load
[runlim] sample:		2544.42 time, 2560.01 real, 357 MB, 53.17 load
[runlim] sample:		2554.37 time, 2570.01 real, 357 MB, 53.22 load
[runlim] sample:		2564.31 time, 2580.01 real, 357 MB, 53.19 load
[runlim] sample:		2574.25 time, 2590.01 real, 357 MB, 53.16 load
[runlim] sample:		2584.19 time, 2600.01 real, 357 MB, 53.13 load
[runlim] sample:		2594.13 time, 2610.01 real, 357 MB, 53.19 load
[runlim] sample:		2604.08 time, 2620.01 real, 357 MB, 53.16 load
[runlim] sample:		2614.02 time, 2630.01 real, 357 MB, 53.21 load
[runlim] sample:		2623.96 time, 2640.01 real, 357 MB, 53.17 load
[runlim] sample:		2633.90 time, 2650.01 real, 357 MB, 53.15 load
[runlim] sample:		2643.85 time, 2660.01 real, 357 MB, 53.12 load
[runlim] sample:		2653.79 time, 2670.01 real, 357 MB, 53.18 load
[runlim] sample:		2663.73 time, 2680.01 real, 357 MB, 53.16 load
[runlim] sample:		2673.68 time, 2690.01 real, 357 MB, 53.13 load
[runlim] sample:		2683.62 time, 2700.01 real, 357 MB, 53.11 load
[runlim] sample:		2693.56 time, 2710.01 real, 357 MB, 53.09 load
[runlim] sample:		2703.50 time, 2720.01 real, 357 MB, 53.08 load
[runlim] sample:		2713.44 time, 2730.01 real, 357 MB, 53.07 load
[runlim] sample:		2723.39 time, 2740.01 real, 357 MB, 53.06 load
[runlim] sample:		2733.33 time, 2750.01 real, 357 MB, 53.12 load
[runlim] sample:		2743.27 time, 2760.01 real, 357 MB, 53.10 load
[runlim] sample:		2753.21 time, 2770.01 real, 357 MB, 53.09 load
[runlim] sample:		2763.16 time, 2780.01 real, 357 MB, 53.07 load
[runlim] sample:		2773.10 time, 2790.01 real, 357 MB, 53.06 load
[runlim] sample:		2783.04 time, 2800.01 real, 357 MB, 53.05 load
[runlim] sample:		2792.99 time, 2810.01 real, 357 MB, 53.12 load
[runlim] sample:		2802.93 time, 2820.01 real, 357 MB, 53.10 load
[runlim] sample:		2812.87 time, 2830.01 real, 357 MB, 53.08 load
[runlim] sample:		2822.82 time, 2840.01 real, 357 MB, 53.07 load
[runlim] sample:		2832.76 time, 2850.01 real, 357 MB, 53.46 load
[runlim] sample:		2842.70 time, 2860.01 real, 357 MB, 53.39 load
[runlim] sample:		2852.64 time, 2870.01 real, 357 MB, 53.48 load
[runlim] sample:		2862.59 time, 2880.01 real, 357 MB, 53.41 load
[runlim] sample:		2872.54 time, 2890.01 real, 357 MB, 53.34 load
[runlim] sample:		2882.48 time, 2900.01 real, 357 MB, 53.29 load
[runlim] sample:		2892.42 time, 2910.01 real, 357 MB, 53.41 load
[runlim] sample:		2902.37 time, 2920.01 real, 357 MB, 53.34 load
[runlim] sample:		2912.31 time, 2930.01 real, 357 MB, 53.36 load
[runlim] sample:		2922.25 time, 2940.01 real, 357 MB, 53.38 load
[runlim] sample:		2932.19 time, 2950.01 real, 357 MB, 53.32 load
[runlim] sample:		2942.13 time, 2960.01 real, 357 MB, 53.35 load
[runlim] sample:		2952.07 time, 2970.01 real, 357 MB, 53.37 load
[runlim] sample:		2962.01 time, 2980.01 real, 357 MB, 53.32 load
[runlim] sample:		2971.95 time, 2990.01 real, 357 MB, 53.35 load
[runlim] sample:		2981.90 time, 3000.01 real, 357 MB, 53.29 load
[runlim] sample:		2991.84 time, 3010.01 real, 357 MB, 53.25 load
[runlim] sample:		3001.78 time, 3020.01 real, 357 MB, 53.21 load
[runlim] sample:		3011.72 time, 3030.01 real, 357 MB, 53.18 load
[runlim] sample:		3021.67 time, 3040.01 real, 357 MB, 53.15 load
[runlim] sample:		3031.61 time, 3050.01 real, 357 MB, 53.13 load
[runlim] sample:		3041.55 time, 3060.01 real, 357 MB, 53.11 load
[runlim] sample:		3051.49 time, 3070.01 real, 357 MB, 53.24 load
[runlim] sample:		3061.43 time, 3080.01 real, 357 MB, 53.21 load
[runlim] sample:		3071.37 time, 3090.01 real, 357 MB, 53.17 load
[runlim] sample:		3081.32 time, 3100.01 real, 357 MB, 53.15 load
[runlim] sample:		3091.26 time, 3110.01 real, 357 MB, 53.20 load
[runlim] sample:		3101.20 time, 3120.01 real, 357 MB, 53.17 load
[runlim] sample:		3111.14 time, 3130.01 real, 357 MB, 53.14 load
[runlim] sample:		3121.08 time, 3140.01 real, 357 MB, 53.20 load
[runlim] sample:		3131.03 time, 3150.01 real, 357 MB, 53.17 load
[runlim] sample:		3140.97 time, 3160.01 real, 357 MB, 53.14 load
[runlim] sample:		3150.91 time, 3170.01 real, 357 MB, 53.12 load
[runlim] sample:		3160.85 time, 3180.01 real, 357 MB, 53.10 load
[runlim] sample:		3170.80 time, 3190.01 real, 357 MB, 53.16 load
[runlim] sample:		3180.74 time, 3200.01 real, 357 MB, 53.13 load
[runlim] sample:		3190.68 time, 3210.01 real, 357 MB, 53.11 load
[runlim] sample:		3200.62 time, 3220.01 real, 357 MB, 53.10 load
[runlim] sample:		3210.56 time, 3230.01 real, 357 MB, 53.08 load
[runlim] sample:		3220.51 time, 3240.01 real, 357 MB, 53.07 load
[runlim] sample:		3230.45 time, 3250.01 real, 357 MB, 53.13 load
[runlim] sample:		3240.39 time, 3260.01 real, 357 MB, 53.11 load
[runlim] sample:		3250.33 time, 3270.01 real, 357 MB, 53.09 load
[runlim] sample:		3260.28 time, 3280.01 real, 357 MB, 53.08 load
[runlim] sample:		3270.22 time, 3290.01 real, 357 MB, 53.07 load
[runlim] sample:		3280.17 time, 3300.01 real, 357 MB, 53.14 load
[runlim] sample:		3290.11 time, 3310.01 real, 357 MB, 53.19 load
[runlim] sample:		3300.05 time, 3320.01 real, 357 MB, 53.16 load
[runlim] sample:		3309.99 time, 3330.01 real, 357 MB, 53.13 load
[runlim] sample:		3319.93 time, 3340.01 real, 357 MB, 53.27 load
[runlim] sample:		3329.88 time, 3350.01 real, 357 MB, 53.23 load
[runlim] sample:		3339.82 time, 3360.01 real, 357 MB, 53.27 load
[runlim] sample:		3349.76 time, 3370.01 real, 357 MB, 53.23 load
[runlim] sample:		3359.70 time, 3380.01 real, 357 MB, 53.19 load
[runlim] sample:		3369.65 time, 3390.01 real, 357 MB, 53.16 load
[runlim] sample:		3379.59 time, 3400.01 real, 357 MB, 53.14 load
[runlim] sample:		3389.53 time, 3410.01 real, 357 MB, 53.11 load
[runlim] sample:		3399.48 time, 3420.01 real, 357 MB, 53.10 load
[runlim] sample:		3409.42 time, 3430.01 real, 357 MB, 53.24 load
[runlim] sample:		3419.36 time, 3440.01 real, 357 MB, 53.28 load
[runlim] sample:		3429.30 time, 3450.01 real, 357 MB, 53.32 load
[runlim] sample:		3439.24 time, 3460.01 real, 357 MB, 53.27 load
[runlim] sample:		3449.19 time, 3470.01 real, 357 MB, 53.31 load
[runlim] sample:		3459.13 time, 3480.01 real, 357 MB, 53.26 load
[runlim] sample:		3469.08 time, 3490.01 real, 357 MB, 53.60 load
[runlim] sample:		3479.02 time, 3500.01 real, 357 MB, 53.51 load
[runlim] sample:		3488.96 time, 3510.01 real, 357 MB, 53.43 load
[runlim] sample:		3498.91 time, 3520.01 real, 357 MB, 53.36 load
[runlim] sample:		3508.85 time, 3530.01 real, 357 MB, 53.31 load
[runlim] sample:		3518.79 time, 3540.01 real, 357 MB, 53.34 load
[runlim] sample:		3528.73 time, 3550.01 real, 357 MB, 53.37 load
[runlim] sample:		3538.68 time, 3560.01 real, 357 MB, 53.31 load
[runlim] sample:		3548.62 time, 3570.01 real, 357 MB, 53.26 load
[runlim] sample:		3558.56 time, 3580.01 real, 357 MB, 53.22 load
[runlim] sample:		3568.52 time, 3590.01 real, 357 MB, 53.19 load
[runlim] sample:		3578.48 time, 3600.01 real, 357 MB, 53.23 load
[runlim] sample:		3588.42 time, 3610.01 real, 357 MB, 53.28 load
[runlim] sample:		3598.36 time, 3620.01 real, 357 MB, 53.23 load
[runlim] sample:		3608.30 time, 3630.01 real, 357 MB, 53.20 load
[runlim] sample:		3618.25 time, 3640.01 real, 357 MB, 53.17 load
[runlim] sample:		3628.19 time, 3650.01 real, 357 MB, 53.14 load
[runlim] sample:		3638.13 time, 3660.01 real, 357 MB, 53.12 load
[runlim] sample:		3648.08 time, 3670.01 real, 357 MB, 53.10 load
[runlim] sample:		3658.02 time, 3680.01 real, 357 MB, 53.08 load
[runlim] sample:		3667.96 time, 3690.01 real, 357 MB, 53.15 load
[runlim] sample:		3677.91 time, 3700.01 real, 357 MB, 53.13 load
[runlim] sample:		3687.85 time, 3710.01 real, 357 MB, 53.11 load
[runlim] sample:		3697.79 time, 3720.01 real, 357 MB, 53.09 load
[runlim] sample:		3707.73 time, 3730.01 real, 357 MB, 53.08 load
[runlim] sample:		3717.68 time, 3740.01 real, 357 MB, 53.06 load
[runlim] sample:		3727.62 time, 3750.01 real, 357 MB, 53.21 load
[runlim] sample:		3737.56 time, 3760.01 real, 357 MB, 53.18 load
[runlim] sample:		3747.50 time, 3770.01 real, 357 MB, 53.15 load
[runlim] sample:		3757.45 time, 3780.01 real, 357 MB, 53.13 load
[runlim] sample:		3767.39 time, 3790.01 real, 357 MB, 53.11 load
[runlim] sample:		3777.33 time, 3800.01 real, 357 MB, 53.17 load
[runlim] sample:		3787.27 time, 3810.01 real, 357 MB, 53.22 load
[runlim] sample:		3797.21 time, 3820.01 real, 357 MB, 53.19 load
[runlim] sample:		3807.16 time, 3830.01 real, 357 MB, 53.16 load
[runlim] sample:		3817.10 time, 3840.01 real, 357 MB, 53.13 load
[runlim] sample:		3827.04 time, 3850.01 real, 357 MB, 53.11 load
[runlim] sample:		3836.98 time, 3860.01 real, 357 MB, 53.09 load
[runlim] sample:		3846.92 time, 3870.01 real, 357 MB, 53.08 load
[runlim] sample:		3856.86 time, 3880.01 real, 357 MB, 53.07 load
[runlim] sample:		3866.80 time, 3890.01 real, 357 MB, 53.21 load
[runlim] sample:		3876.74 time, 3900.01 real, 357 MB, 53.18 load
[runlim] sample:		3886.68 time, 3910.01 real, 357 MB, 53.15 load
[runlim] sample:		3896.62 time, 3920.01 real, 357 MB, 53.13 load
[runlim] sample:		3906.56 time, 3930.01 real, 357 MB, 53.42 load
[runlim] sample:		3916.50 time, 3940.01 real, 357 MB, 53.43 load
[runlim] sample:		3926.44 time, 3950.01 real, 357 MB, 53.36 load
[runlim] sample:		3936.38 time, 3960.01 real, 357 MB, 53.38 load
[runlim] sample:		3946.31 time, 3970.01 real, 357 MB, 53.40 load
[runlim] sample:		3956.25 time, 3980.01 real, 357 MB, 53.34 load
[runlim] sample:		3966.19 time, 3990.01 real, 357 MB, 53.29 load
[runlim] sample:		3976.13 time, 4000.01 real, 357 MB, 53.24 load
[runlim] sample:		3986.07 time, 4010.01 real, 357 MB, 53.21 load
[runlim] sample:		3996.01 time, 4020.01 real, 357 MB, 53.17 load
[runlim] sample:		4005.95 time, 4030.01 real, 357 MB, 53.15 load
[runlim] sample:		4015.89 time, 4040.01 real, 357 MB, 53.28 load
[runlim] sample:		4025.83 time, 4050.01 real, 357 MB, 53.24 load
[runlim] sample:		4035.77 time, 4060.01 real, 357 MB, 53.20 load
[runlim] sample:		4045.70 time, 4070.01 real, 357 MB, 53.25 load
[runlim] sample:		4055.65 time, 4080.01 real, 357 MB, 53.21 load
[runlim] sample:		4065.59 time, 4090.01 real, 357 MB, 53.18 load
[runlim] sample:		4075.54 time, 4100.01 real, 357 MB, 53.15 load
[runlim] sample:		4085.47 time, 4110.01 real, 357 MB, 53.20 load
[runlim] sample:		4095.41 time, 4120.01 real, 357 MB, 53.17 load
[runlim] sample:		4105.35 time, 4130.01 real, 357 MB, 53.22 load
[runlim] sample:		4115.29 time, 4140.01 real, 357 MB, 53.19 load
[runlim] sample:		4125.23 time, 4150.01 real, 357 MB, 53.16 load
[runlim] sample:		4135.17 time, 4160.01 real, 357 MB, 53.13 load
[runlim] sample:		4145.11 time, 4170.01 real, 357 MB, 53.11 load
[runlim] sample:		4155.05 time, 4180.01 real, 357 MB, 53.10 load
[runlim] sample:		4164.99 time, 4190.01 real, 357 MB, 53.08 load
[runlim] sample:		4174.93 time, 4200.01 real, 357 MB, 53.14 load
[runlim] sample:		4184.87 time, 4210.01 real, 357 MB, 53.12 load
[runlim] sample:		4194.81 time, 4220.01 real, 357 MB, 53.10 load
[runlim] sample:		4204.76 time, 4230.01 real, 357 MB, 53.08 load
[runlim] sample:		4214.70 time, 4240.01 real, 357 MB, 53.07 load
[runlim] sample:		4224.64 time, 4250.01 real, 357 MB, 53.06 load
[runlim] sample:		4234.58 time, 4260.01 real, 357 MB, 53.20 load
[runlim] sample:		4244.52 time, 4270.01 real, 357 MB, 53.17 load
[runlim] sample:		4254.46 time, 4280.01 real, 357 MB, 53.14 load
[runlim] sample:		4264.40 time, 4290.01 real, 357 MB, 53.12 load
[runlim] sample:		4274.34 time, 4300.01 real, 357 MB, 53.10 load
[runlim] sample:		4284.28 time, 4310.01 real, 357 MB, 53.08 load
[runlim] sample:		4294.22 time, 4320.01 real, 357 MB, 53.14 load
[runlim] sample:		4304.16 time, 4330.01 real, 357 MB, 53.12 load
[runlim] sample:		4314.10 time, 4340.01 real, 357 MB, 53.10 load
[runlim] sample:		4324.04 time, 4350.01 real, 357 MB, 53.09 load
[runlim] sample:		4333.98 time, 4360.01 real, 357 MB, 53.07 load
[runlim] sample:		4343.93 time, 4370.01 real, 357 MB, 53.06 load
[runlim] sample:		4353.87 time, 4380.01 real, 357 MB, 53.13 load
[runlim] sample:		4363.81 time, 4390.01 real, 357 MB, 53.11 load
[runlim] sample:		4373.75 time, 4400.01 real, 357 MB, 53.16 load
[runlim] sample:		4383.69 time, 4410.01 real, 357 MB, 53.14 load
[runlim] sample:		4393.63 time, 4420.01 real, 357 MB, 53.12 load
[runlim] sample:		4403.57 time, 4430.01 real, 357 MB, 53.10 load
[runlim] sample:		4413.51 time, 4440.01 real, 357 MB, 53.24 load
[runlim] sample:		4423.45 time, 4450.01 real, 357 MB, 53.20 load
[runlim] sample:		4433.39 time, 4460.01 real, 357 MB, 53.25 load
[runlim] sample:		4443.33 time, 4470.01 real, 357 MB, 53.45 load
[runlim] sample:		4453.27 time, 4480.01 real, 357 MB, 53.38 load
[runlim] sample:		4463.22 time, 4490.01 real, 357 MB, 53.32 load
[runlim] sample:		4473.15 time, 4500.01 real, 357 MB, 53.27 load
[runlim] sample:		4483.09 time, 4510.01 real, 357 MB, 53.23 load
[runlim] sample:		4493.03 time, 4520.01 real, 357 MB, 53.27 load
[runlim] sample:		4502.97 time, 4530.01 real, 357 MB, 53.23 load
[runlim] sample:		4512.92 time, 4540.01 real, 357 MB, 53.28 load
[runlim] sample:		4522.86 time, 4550.01 real, 357 MB, 53.23 load
[runlim] sample:		4532.80 time, 4560.01 real, 357 MB, 53.20 load
[runlim] sample:		4542.75 time, 4570.01 real, 357 MB, 53.17 load
[runlim] sample:		4552.69 time, 4580.01 real, 357 MB, 53.14 load
[runlim] sample:		4562.63 time, 4590.01 real, 357 MB, 53.12 load
[runlim] sample:		4572.57 time, 4600.01 real, 357 MB, 53.26 load
[runlim] sample:		4582.51 time, 4610.01 real, 357 MB, 53.37 load
[runlim] sample:		4592.44 time, 4620.01 real, 357 MB, 53.38 load
[runlim] sample:		4602.38 time, 4630.01 real, 357 MB, 53.33 load
[runlim] sample:		4612.32 time, 4640.01 real, 357 MB, 53.27 load
[runlim] sample:		4622.25 time, 4650.01 real, 357 MB, 53.23 load
[runlim] sample:		4632.19 time, 4660.01 real, 357 MB, 53.20 load
[runlim] sample:		4642.12 time, 4670.01 real, 357 MB, 53.16 load
[runlim] sample:		4652.06 time, 4680.01 real, 357 MB, 53.14 load
[runlim] sample:		4662.00 time, 4690.01 real, 357 MB, 53.12 load
[runlim] sample:		4671.94 time, 4700.01 real, 357 MB, 53.17 load
[runlim] sample:		4681.87 time, 4710.01 real, 357 MB, 53.15 load
[runlim] sample:		4691.81 time, 4720.01 real, 357 MB, 53.12 load
[runlim] sample:		4701.75 time, 4730.01 real, 357 MB, 53.26 load
[runlim] sample:		4711.69 time, 4740.01 real, 357 MB, 53.22 load
[runlim] sample:		4721.62 time, 4750.01 real, 357 MB, 53.18 load
[runlim] sample:		4731.56 time, 4760.01 real, 357 MB, 53.23 load
[runlim] sample:		4741.49 time, 4770.01 real, 357 MB, 53.27 load
[runlim] sample:		4751.43 time, 4780.01 real, 357 MB, 53.23 load
[runlim] sample:		4761.36 time, 4790.01 real, 357 MB, 53.19 load
[runlim] sample:		4771.29 time, 4800.01 real, 357 MB, 53.24 load
[runlim] sample:		4781.22 time, 4810.01 real, 357 MB, 53.20 load
[runlim] sample:		4791.16 time, 4820.01 real, 357 MB, 53.24 load
[runlim] sample:		4801.09 time, 4830.01 real, 357 MB, 53.20 load
[runlim] sample:		4811.02 time, 4840.01 real, 357 MB, 53.25 load
[runlim] sample:		4820.96 time, 4850.01 real, 357 MB, 53.21 load
[runlim] sample:		4830.89 time, 4860.01 real, 357 MB, 53.18 load
[runlim] sample:		4840.83 time, 4870.01 real, 357 MB, 53.15 load
[runlim] sample:		4850.76 time, 4880.01 real, 357 MB, 53.20 load
[runlim] sample:		4860.69 time, 4890.01 real, 357 MB, 53.17 load
[runlim] sample:		4870.62 time, 4900.01 real, 357 MB, 53.14 load
[runlim] sample:		4880.56 time, 4910.01 real, 357 MB, 53.27 load
[runlim] sample:		4890.49 time, 4920.01 real, 357 MB, 53.23 load
[runlim] sample:		4900.42 time, 4930.01 real, 357 MB, 53.19 load
[runlim] sample:		4910.36 time, 4940.01 real, 357 MB, 53.24 load
[runlim] sample:		4920.29 time, 4950.01 real, 357 MB, 53.12 load
[runlim] sample:		4930.22 time, 4960.01 real, 357 MB, 51.70 load
[runlim] sample:		4940.16 time, 4970.01 real, 357 MB, 49.74 load
[runlim] sample:		4950.09 time, 4980.01 real, 357 MB, 46.77 load
[runlim] sample:		4960.03 time, 4990.01 real, 357 MB, 42.87 load
[runlim] sample:		4969.98 time, 5000.01 real, 357 MB, 38.27 load
[runlim] end:			Thu Apr  9 21:55:53 2026
[runlim] status:		out of time
[runlim] result:		2
[runlim] children:		1
[runlim] processes:		2
[runlim] real:			5000.05 seconds
[runlim] time:			4969.98 seconds
[runlim] space:			357 MB
[runlim] load:			56.32 maximum
[runlim] samples:		50000
