[runlim] version:		2.0.0rc1
[runlim] host:			m09n14
[runlim] time limit:		311040000 seconds
[runlim] real time limit:	5000 seconds
[runlim] space limit:		7000 MB
[runlim] argv[0]:		./binary
[runlim] argv[1]:		-c
[runlim] argv[2]:		-s
[runlim] argv[3]:		-r
[runlim] argv[4]:		/tmp/local-unzipped-12459996-1-59-mc2025_track1_047.cnf
[runlim] start:			Thu Apr  9 20:32:35 2026
[runlim] child:			3845660
[runlim] sample:		9.93 time, 10.01 real, 3 MB, 30.61 load
[runlim] sample:		19.86 time, 20.01 real, 3 MB, 35.75 load
[runlim] sample:		29.80 time, 30.01 real, 3 MB, 39.63 load
[runlim] sample:		39.74 time, 40.01 real, 3 MB, 42.76 load
[runlim] sample:		49.68 time, 50.01 real, 3 MB, 45.57 load
[runlim] sample:		59.62 time, 60.01 real, 3 MB, 47.95 load
[runlim] sample:		69.56 time, 70.01 real, 3 MB, 49.80 load
[runlim] sample:		79.50 time, 80.01 real, 3 MB, 51.52 load
[runlim] sample:		89.44 time, 90.01 real, 3 MB, 52.75 load
[runlim] sample:		99.38 time, 100.01 real, 3 MB, 53.63 load
[runlim] sample:		109.32 time, 110.01 real, 3 MB, 54.15 load
[runlim] sample:		119.26 time, 120.01 real, 3 MB, 54.59 load
[runlim] sample:		129.20 time, 130.01 real, 3 MB, 54.89 load
[runlim] sample:		139.15 time, 140.01 real, 3 MB, 55.13 load
[runlim] sample:		149.09 time, 150.01 real, 3 MB, 55.27 load
[runlim] sample:		159.03 time, 160.01 real, 3 MB, 55.38 load
[runlim] sample:		168.96 time, 170.01 real, 3 MB, 55.47 load
[runlim] sample:		178.90 time, 180.01 real, 3 MB, 55.70 load
[runlim] sample:		188.84 time, 190.01 real, 3 MB, 55.75 load
[runlim] sample:		198.78 time, 200.01 real, 3 MB, 55.79 load
[runlim] sample:		208.72 time, 210.01 real, 3 MB, 55.82 load
[runlim] sample:		218.66 time, 220.01 real, 3 MB, 55.92 load
[runlim] sample:		228.60 time, 230.01 real, 3 MB, 56.02 load
[runlim] sample:		238.54 time, 240.01 real, 3 MB, 56.17 load
[runlim] sample:		248.47 time, 250.01 real, 3 MB, 56.14 load
[runlim] sample:		258.41 time, 260.01 real, 3 MB, 56.20 load
[runlim] sample:		268.30 time, 270.01 real, 3 MB, 56.17 load
[runlim] sample:		278.24 time, 280.01 real, 3 MB, 56.14 load
[runlim] sample:		288.18 time, 290.01 real, 3 MB, 56.12 load
[runlim] sample:		298.12 time, 300.01 real, 3 MB, 56.10 load
[runlim] sample:		308.06 time, 310.01 real, 3 MB, 56.08 load
[runlim] sample:		318.00 time, 320.01 real, 3 MB, 56.07 load
[runlim] sample:		327.93 time, 330.01 real, 3 MB, 56.06 load
[runlim] sample:		337.87 time, 340.01 real, 3 MB, 56.12 load
[runlim] sample:		347.81 time, 350.01 real, 3 MB, 56.10 load
[runlim] sample:		357.75 time, 360.01 real, 3 MB, 56.16 load
[runlim] sample:		367.69 time, 370.01 real, 3 MB, 56.14 load
[runlim] sample:		377.63 time, 380.01 real, 3 MB, 56.19 load
[runlim] sample:		387.56 time, 390.01 real, 3 MB, 56.16 load
[runlim] sample:		397.50 time, 400.01 real, 3 MB, 56.21 load
[runlim] sample:		407.44 time, 410.01 real, 3 MB, 56.26 load
[runlim] sample:		417.38 time, 420.01 real, 3 MB, 56.29 load
[runlim] sample:		427.32 time, 430.01 real, 3 MB, 56.25 load
[runlim] sample:		437.25 time, 440.01 real, 3 MB, 56.21 load
[runlim] sample:		447.19 time, 450.01 real, 3 MB, 56.17 load
[runlim] sample:		457.13 time, 460.01 real, 3 MB, 56.22 load
[runlim] sample:		467.07 time, 470.01 real, 3 MB, 56.26 load
[runlim] sample:		477.01 time, 480.01 real, 3 MB, 56.22 load
[runlim] sample:		486.95 time, 490.01 real, 3 MB, 56.19 load
[runlim] sample:		496.89 time, 500.01 real, 3 MB, 56.00 load
[runlim] sample:		506.83 time, 510.01 real, 3 MB, 55.77 load
[runlim] sample:		516.77 time, 520.01 real, 3 MB, 55.57 load
[runlim] sample:		526.71 time, 530.01 real, 3 MB, 55.33 load
[runlim] sample:		536.65 time, 540.01 real, 3 MB, 55.28 load
[runlim] sample:		546.59 time, 550.01 real, 3 MB, 55.16 load
[runlim] sample:		556.53 time, 560.01 real, 3 MB, 55.06 load
[runlim] sample:		566.47 time, 570.01 real, 3 MB, 54.89 load
[runlim] sample:		576.41 time, 580.01 real, 3 MB, 54.83 load
[runlim] sample:		586.36 time, 590.01 real, 3 MB, 54.70 load
[runlim] sample:		596.30 time, 600.01 real, 3 MB, 54.67 load
[runlim] sample:		606.24 time, 610.01 real, 3 MB, 54.57 load
[runlim] sample:		616.18 time, 620.01 real, 3 MB, 54.56 load
[runlim] sample:		626.12 time, 630.01 real, 3 MB, 54.54 load
[runlim] sample:		636.07 time, 640.01 real, 3 MB, 54.46 load
[runlim] sample:		646.01 time, 650.01 real, 3 MB, 54.39 load
[runlim] sample:		655.95 time, 660.01 real, 3 MB, 54.40 load
[runlim] sample:		665.89 time, 670.01 real, 3 MB, 54.34 load
[runlim] sample:		675.83 time, 680.01 real, 3 MB, 54.29 load
[runlim] sample:		685.77 time, 690.01 real, 3 MB, 54.24 load
[runlim] sample:		695.71 time, 700.01 real, 3 MB, 54.28 load
[runlim] sample:		705.65 time, 710.01 real, 3 MB, 54.24 load
[runlim] sample:		715.59 time, 720.01 real, 3 MB, 54.28 load
[runlim] sample:		725.52 time, 730.01 real, 3 MB, 54.24 load
[runlim] sample:		735.47 time, 740.01 real, 3 MB, 54.20 load
[runlim] sample:		745.40 time, 750.01 real, 3 MB, 54.17 load
[runlim] sample:		755.34 time, 760.01 real, 3 MB, 54.14 load
[runlim] sample:		765.30 time, 770.02 real, 3 MB, 54.12 load
[runlim] sample:		775.22 time, 780.01 real, 3 MB, 54.34 load
[runlim] sample:		785.16 time, 790.01 real, 3 MB, 54.21 load
[runlim] sample:		795.09 time, 800.01 real, 3 MB, 54.02 load
[runlim] sample:		805.03 time, 810.01 real, 3 MB, 53.94 load
[runlim] sample:		814.97 time, 820.01 real, 3 MB, 53.80 load
[runlim] sample:		824.91 time, 830.01 real, 3 MB, 53.68 load
[runlim] sample:		834.85 time, 840.01 real, 3 MB, 53.57 load
[runlim] sample:		844.79 time, 850.01 real, 3 MB, 53.48 load
[runlim] sample:		854.73 time, 860.01 real, 3 MB, 53.48 load
[runlim] sample:		864.67 time, 870.01 real, 3 MB, 53.41 load
[runlim] sample:		874.61 time, 880.01 real, 3 MB, 53.34 load
[runlim] sample:		884.55 time, 890.01 real, 3 MB, 53.37 load
[runlim] sample:		894.49 time, 900.01 real, 3 MB, 53.55 load
[runlim] sample:		904.43 time, 910.01 real, 3 MB, 53.46 load
[runlim] sample:		914.37 time, 920.01 real, 3 MB, 53.47 load
[runlim] sample:		924.30 time, 930.01 real, 3 MB, 53.39 load
[runlim] sample:		934.23 time, 940.01 real, 3 MB, 53.33 load
[runlim] sample:		944.17 time, 950.01 real, 3 MB, 53.28 load
[runlim] sample:		954.10 time, 960.01 real, 3 MB, 53.24 load
[runlim] sample:		964.03 time, 970.01 real, 3 MB, 53.27 load
[runlim] sample:		973.97 time, 980.01 real, 3 MB, 53.23 load
[runlim] sample:		983.90 time, 990.01 real, 3 MB, 53.36 load
[runlim] sample:		993.83 time, 1000.01 real, 3 MB, 53.38 load
[runlim] sample:		1003.76 time, 1010.01 real, 3 MB, 53.32 load
[runlim] sample:		1013.70 time, 1020.01 real, 3 MB, 53.27 load
[runlim] sample:		1023.64 time, 1030.01 real, 3 MB, 53.23 load
[runlim] sample:		1033.58 time, 1040.01 real, 3 MB, 53.27 load
[runlim] sample:		1043.51 time, 1050.01 real, 3 MB, 53.30 load
[runlim] sample:		1053.45 time, 1060.01 real, 3 MB, 53.26 load
[runlim] sample:		1063.38 time, 1070.01 real, 3 MB, 53.22 load
[runlim] sample:		1073.32 time, 1080.01 real, 3 MB, 53.18 load
[runlim] sample:		1083.26 time, 1090.01 real, 3 MB, 53.24 load
[runlim] sample:		1093.19 time, 1100.01 real, 3 MB, 53.28 load
[runlim] sample:		1103.13 time, 1110.01 real, 3 MB, 53.24 load
[runlim] sample:		1113.07 time, 1120.01 real, 3 MB, 53.20 load
[runlim] sample:		1123.00 time, 1130.01 real, 3 MB, 53.17 load
[runlim] sample:		1132.94 time, 1140.01 real, 3 MB, 53.14 load
[runlim] sample:		1142.88 time, 1150.01 real, 3 MB, 53.12 load
[runlim] sample:		1152.81 time, 1160.01 real, 3 MB, 53.10 load
[runlim] sample:		1162.74 time, 1170.01 real, 3 MB, 53.08 load
[runlim] sample:		1172.66 time, 1180.01 real, 3 MB, 53.07 load
[runlim] sample:		1182.60 time, 1190.01 real, 3 MB, 53.06 load
[runlim] sample:		1192.53 time, 1200.01 real, 3 MB, 53.05 load
[runlim] sample:		1202.47 time, 1210.01 real, 3 MB, 53.04 load
[runlim] sample:		1212.40 time, 1220.01 real, 3 MB, 53.04 load
[runlim] sample:		1222.34 time, 1230.01 real, 3 MB, 53.11 load
[runlim] sample:		1232.28 time, 1240.01 real, 3 MB, 53.09 load
[runlim] sample:		1242.21 time, 1250.01 real, 3 MB, 53.08 load
[runlim] sample:		1252.15 time, 1260.01 real, 3 MB, 53.07 load
[runlim] sample:		1262.09 time, 1270.01 real, 3 MB, 53.14 load
[runlim] sample:		1272.03 time, 1280.01 real, 3 MB, 53.11 load
[runlim] sample:		1281.98 time, 1290.01 real, 3 MB, 53.10 load
[runlim] sample:		1291.92 time, 1300.01 real, 3 MB, 53.08 load
[runlim] sample:		1301.86 time, 1310.01 real, 3 MB, 53.07 load
[runlim] sample:		1311.79 time, 1320.01 real, 3 MB, 53.06 load
[runlim] sample:		1321.73 time, 1330.01 real, 3 MB, 53.05 load
[runlim] sample:		1331.67 time, 1340.01 real, 3 MB, 53.04 load
[runlim] sample:		1341.60 time, 1350.01 real, 3 MB, 53.03 load
[runlim] sample:		1351.54 time, 1360.01 real, 3 MB, 53.03 load
[runlim] sample:		1361.48 time, 1370.01 real, 3 MB, 53.02 load
[runlim] sample:		1371.42 time, 1380.01 real, 3 MB, 53.02 load
[runlim] sample:		1381.35 time, 1390.01 real, 3 MB, 53.02 load
[runlim] sample:		1391.29 time, 1400.01 real, 3 MB, 53.01 load
[runlim] sample:		1401.23 time, 1410.01 real, 3 MB, 53.01 load
[runlim] sample:		1411.16 time, 1420.01 real, 3 MB, 53.01 load
[runlim] sample:		1421.10 time, 1430.01 real, 3 MB, 53.09 load
[runlim] sample:		1431.04 time, 1440.01 real, 3 MB, 53.15 load
[runlim] sample:		1440.97 time, 1450.01 real, 3 MB, 53.13 load
[runlim] sample:		1450.91 time, 1460.01 real, 3 MB, 53.18 load
[runlim] sample:		1460.85 time, 1470.01 real, 3 MB, 53.15 load
[runlim] sample:		1470.79 time, 1480.01 real, 3 MB, 53.13 load
[runlim] sample:		1480.73 time, 1490.01 real, 3 MB, 53.11 load
[runlim] sample:		1490.67 time, 1500.01 real, 3 MB, 53.25 load
[runlim] sample:		1500.61 time, 1510.01 real, 3 MB, 53.29 load
[runlim] sample:		1510.55 time, 1520.01 real, 3 MB, 53.25 load
[runlim] sample:		1520.49 time, 1530.01 real, 3 MB, 53.21 load
[runlim] sample:		1530.43 time, 1540.01 real, 3 MB, 53.18 load
[runlim] sample:		1540.37 time, 1550.01 real, 3 MB, 53.15 load
[runlim] sample:		1550.31 time, 1560.01 real, 3 MB, 53.28 load
[runlim] sample:		1560.24 time, 1570.01 real, 3 MB, 53.24 load
[runlim] sample:		1570.18 time, 1580.01 real, 3 MB, 53.20 load
[runlim] sample:		1580.12 time, 1590.01 real, 3 MB, 53.17 load
[runlim] sample:		1590.07 time, 1600.01 real, 3 MB, 53.22 load
[runlim] sample:		1600.01 time, 1610.01 real, 3 MB, 53.26 load
[runlim] sample:		1609.95 time, 1620.01 real, 3 MB, 53.22 load
[runlim] sample:		1619.90 time, 1630.01 real, 3 MB, 53.19 load
[runlim] sample:		1629.85 time, 1640.01 real, 3 MB, 53.16 load
[runlim] sample:		1639.79 time, 1650.01 real, 3 MB, 53.21 load
[runlim] sample:		1649.73 time, 1660.01 real, 3 MB, 53.18 load
[runlim] sample:		1659.68 time, 1670.01 real, 3 MB, 53.39 load
[runlim] sample:		1669.62 time, 1680.01 real, 3 MB, 53.33 load
[runlim] sample:		1679.56 time, 1690.01 real, 3 MB, 53.28 load
[runlim] sample:		1689.50 time, 1700.01 real, 3 MB, 53.23 load
[runlim] sample:		1699.44 time, 1710.01 real, 3 MB, 53.27 load
[runlim] sample:		1709.39 time, 1720.01 real, 3 MB, 53.31 load
[runlim] sample:		1719.33 time, 1730.01 real, 3 MB, 53.26 load
[runlim] sample:		1729.28 time, 1740.01 real, 3 MB, 53.22 load
[runlim] sample:		1739.22 time, 1750.01 real, 3 MB, 53.27 load
[runlim] sample:		1749.17 time, 1760.01 real, 3 MB, 53.30 load
[runlim] sample:		1759.11 time, 1770.01 real, 3 MB, 53.25 load
[runlim] sample:		1769.05 time, 1780.01 real, 3 MB, 53.21 load
[runlim] sample:		1779.00 time, 1790.01 real, 3 MB, 53.18 load
[runlim] sample:		1788.94 time, 1800.01 real, 3 MB, 53.15 load
[runlim] sample:		1798.89 time, 1810.01 real, 3 MB, 53.13 load
[runlim] sample:		1808.83 time, 1820.01 real, 3 MB, 53.11 load
[runlim] sample:		1818.77 time, 1830.01 real, 3 MB, 53.33 load
[runlim] sample:		1828.72 time, 1840.01 real, 3 MB, 53.28 load
[runlim] sample:		1838.66 time, 1850.01 real, 3 MB, 53.24 load
[runlim] sample:		1848.60 time, 1860.01 real, 3 MB, 53.20 load
[runlim] sample:		1858.54 time, 1870.01 real, 3 MB, 53.24 load
[runlim] sample:		1868.48 time, 1880.01 real, 3 MB, 53.21 load
[runlim] sample:		1878.41 time, 1890.01 real, 3 MB, 53.17 load
[runlim] sample:		1888.36 time, 1900.01 real, 3 MB, 53.22 load
[runlim] sample:		1898.30 time, 1910.01 real, 3 MB, 53.19 load
[runlim] sample:		1908.24 time, 1920.01 real, 3 MB, 53.16 load
[runlim] sample:		1918.19 time, 1930.01 real, 3 MB, 53.13 load
[runlim] sample:		1928.13 time, 1940.01 real, 3 MB, 53.19 load
[runlim] sample:		1938.07 time, 1950.01 real, 3 MB, 53.16 load
[runlim] sample:		1948.01 time, 1960.01 real, 3 MB, 53.14 load
[runlim] sample:		1957.95 time, 1970.01 real, 3 MB, 53.19 load
[runlim] sample:		1967.90 time, 1980.01 real, 3 MB, 53.16 load
[runlim] sample:		1977.84 time, 1990.01 real, 3 MB, 53.13 load
[runlim] sample:		1987.79 time, 2000.01 real, 3 MB, 53.19 load
[runlim] sample:		1997.73 time, 2010.01 real, 3 MB, 53.16 load
[runlim] sample:		2007.67 time, 2020.01 real, 3 MB, 53.14 load
[runlim] sample:		2017.62 time, 2030.01 real, 3 MB, 53.12 load
[runlim] sample:		2027.56 time, 2040.01 real, 3 MB, 53.10 load
[runlim] sample:		2037.51 time, 2050.01 real, 3 MB, 53.08 load
[runlim] sample:		2047.45 time, 2060.01 real, 3 MB, 53.07 load
[runlim] sample:		2057.39 time, 2070.01 real, 3 MB, 53.06 load
[runlim] sample:		2067.34 time, 2080.01 real, 3 MB, 53.21 load
[runlim] sample:		2077.28 time, 2090.01 real, 3 MB, 53.18 load
[runlim] sample:		2087.23 time, 2100.01 real, 3 MB, 53.23 load
[runlim] sample:		2097.17 time, 2110.01 real, 3 MB, 53.19 load
[runlim] sample:		2107.12 time, 2120.01 real, 3 MB, 53.16 load
[runlim] sample:		2117.06 time, 2130.01 real, 3 MB, 53.14 load
[runlim] sample:		2127.00 time, 2140.01 real, 3 MB, 53.12 load
[runlim] sample:		2136.95 time, 2150.01 real, 3 MB, 53.18 load
[runlim] sample:		2146.89 time, 2160.01 real, 3 MB, 53.23 load
[runlim] sample:		2156.83 time, 2170.01 real, 3 MB, 53.28 load
[runlim] sample:		2166.78 time, 2180.01 real, 3 MB, 53.23 load
[runlim] sample:		2176.72 time, 2190.01 real, 3 MB, 53.27 load
[runlim] sample:		2186.66 time, 2200.01 real, 3 MB, 53.23 load
[runlim] sample:		2196.61 time, 2210.01 real, 3 MB, 53.19 load
[runlim] sample:		2206.55 time, 2220.01 real, 3 MB, 53.16 load
[runlim] sample:		2216.49 time, 2230.01 real, 3 MB, 53.29 load
[runlim] sample:		2226.44 time, 2240.01 real, 3 MB, 53.25 load
[runlim] sample:		2236.38 time, 2250.01 real, 3 MB, 53.21 load
[runlim] sample:		2246.32 time, 2260.01 real, 3 MB, 53.18 load
[runlim] sample:		2256.27 time, 2270.01 real, 3 MB, 53.15 load
[runlim] sample:		2266.21 time, 2280.01 real, 3 MB, 53.12 load
[runlim] sample:		2276.15 time, 2290.01 real, 3 MB, 53.11 load
[runlim] sample:		2286.10 time, 2300.01 real, 3 MB, 53.09 load
[runlim] sample:		2296.04 time, 2310.01 real, 3 MB, 53.07 load
[runlim] sample:		2305.98 time, 2320.01 real, 3 MB, 53.14 load
[runlim] sample:		2315.93 time, 2330.01 real, 3 MB, 53.36 load
[runlim] sample:		2325.87 time, 2340.01 real, 3 MB, 53.54 load
[runlim] sample:		2335.81 time, 2350.01 real, 3 MB, 53.45 load
[runlim] sample:		2345.75 time, 2360.01 real, 3 MB, 53.38 load
[runlim] sample:		2355.70 time, 2370.01 real, 3 MB, 53.32 load
[runlim] sample:		2365.64 time, 2380.01 real, 3 MB, 53.43 load
[runlim] sample:		2375.58 time, 2390.01 real, 3 MB, 53.37 load
[runlim] sample:		2385.53 time, 2400.01 real, 3 MB, 53.38 load
[runlim] sample:		2395.47 time, 2410.01 real, 3 MB, 53.32 load
[runlim] sample:		2405.42 time, 2420.01 real, 3 MB, 53.35 load
[runlim] sample:		2415.36 time, 2430.01 real, 3 MB, 53.37 load
[runlim] sample:		2425.31 time, 2440.01 real, 3 MB, 53.47 load
[runlim] sample:		2435.25 time, 2450.01 real, 3 MB, 53.40 load
[runlim] sample:		2445.19 time, 2460.01 real, 3 MB, 53.34 load
[runlim] sample:		2455.14 time, 2470.01 real, 3 MB, 53.59 load
[runlim] sample:		2465.08 time, 2480.01 real, 3 MB, 53.50 load
[runlim] sample:		2475.03 time, 2490.01 real, 3 MB, 53.42 load
[runlim] sample:		2484.97 time, 2500.01 real, 3 MB, 53.44 load
[runlim] sample:		2494.91 time, 2510.01 real, 3 MB, 53.37 load
[runlim] sample:		2504.86 time, 2520.01 real, 3 MB, 53.31 load
[runlim] sample:		2514.80 time, 2530.01 real, 3 MB, 53.26 load
[runlim] sample:		2524.74 time, 2540.01 real, 3 MB, 53.22 load
[runlim] sample:		2534.69 time, 2550.01 real, 3 MB, 53.19 load
[runlim] sample:		2544.63 time, 2560.01 real, 3 MB, 53.24 load
[runlim] sample:		2554.57 time, 2570.01 real, 3 MB, 53.20 load
[runlim] sample:		2564.51 time, 2580.01 real, 3 MB, 53.17 load
[runlim] sample:		2574.46 time, 2590.01 real, 3 MB, 53.14 load
[runlim] sample:		2584.40 time, 2600.01 real, 3 MB, 53.20 load
[runlim] sample:		2594.35 time, 2610.01 real, 3 MB, 53.17 load
[runlim] sample:		2604.29 time, 2620.01 real, 3 MB, 53.22 load
[runlim] sample:		2614.24 time, 2630.01 real, 3 MB, 53.19 load
[runlim] sample:		2624.18 time, 2640.01 real, 3 MB, 53.16 load
[runlim] sample:		2634.12 time, 2650.01 real, 3 MB, 53.13 load
[runlim] sample:		2644.07 time, 2660.01 real, 3 MB, 53.11 load
[runlim] sample:		2654.01 time, 2670.01 real, 3 MB, 53.17 load
[runlim] sample:		2663.95 time, 2680.01 real, 3 MB, 53.14 load
[runlim] sample:		2673.89 time, 2690.01 real, 3 MB, 53.12 load
[runlim] sample:		2683.84 time, 2700.01 real, 3 MB, 53.10 load
[runlim] sample:		2693.78 time, 2710.01 real, 3 MB, 53.09 load
[runlim] sample:		2703.73 time, 2720.01 real, 3 MB, 53.07 load
[runlim] sample:		2713.66 time, 2730.01 real, 3 MB, 53.06 load
[runlim] sample:		2723.61 time, 2740.01 real, 3 MB, 53.13 load
[runlim] sample:		2733.55 time, 2750.01 real, 3 MB, 53.11 load
[runlim] sample:		2743.49 time, 2760.01 real, 3 MB, 53.09 load
[runlim] sample:		2753.44 time, 2770.01 real, 3 MB, 53.08 load
[runlim] sample:		2763.39 time, 2780.01 real, 3 MB, 53.07 load
[runlim] sample:		2773.33 time, 2790.01 real, 3 MB, 53.06 load
[runlim] sample:		2783.28 time, 2800.01 real, 3 MB, 53.13 load
[runlim] sample:		2793.22 time, 2810.01 real, 3 MB, 53.11 load
[runlim] sample:		2803.17 time, 2820.01 real, 3 MB, 53.09 load
[runlim] sample:		2813.11 time, 2830.01 real, 3 MB, 53.08 load
[runlim] sample:		2823.06 time, 2840.01 real, 3 MB, 53.06 load
[runlim] sample:		2833.00 time, 2850.01 real, 3 MB, 53.42 load
[runlim] sample:		2842.95 time, 2860.01 real, 3 MB, 53.44 load
[runlim] sample:		2852.90 time, 2870.01 real, 3 MB, 53.44 load
[runlim] sample:		2862.84 time, 2880.01 real, 3 MB, 53.37 load
[runlim] sample:		2872.79 time, 2890.01 real, 3 MB, 53.32 load
[runlim] sample:		2882.74 time, 2900.01 real, 3 MB, 53.27 load
[runlim] sample:		2892.67 time, 2910.01 real, 3 MB, 53.37 load
[runlim] sample:		2902.60 time, 2920.01 real, 3 MB, 53.40 load
[runlim] sample:		2912.55 time, 2930.01 real, 3 MB, 53.42 load
[runlim] sample:		2922.49 time, 2940.01 real, 3 MB, 53.35 load
[runlim] sample:		2932.44 time, 2950.01 real, 3 MB, 53.38 load
[runlim] sample:		2942.39 time, 2960.01 real, 3 MB, 53.32 load
[runlim] sample:		2952.33 time, 2970.01 real, 3 MB, 53.34 load
[runlim] sample:		2962.27 time, 2980.01 real, 3 MB, 53.29 load
[runlim] sample:		2972.22 time, 2990.01 real, 3 MB, 53.32 load
[runlim] sample:		2982.16 time, 3000.01 real, 3 MB, 53.27 load
[runlim] sample:		2992.11 time, 3010.01 real, 3 MB, 53.23 load
[runlim] sample:		3002.06 time, 3020.01 real, 3 MB, 53.19 load
[runlim] sample:		3012.00 time, 3030.01 real, 3 MB, 53.16 load
[runlim] sample:		3021.94 time, 3040.01 real, 3 MB, 53.14 load
[runlim] sample:		3031.88 time, 3050.01 real, 3 MB, 53.12 load
[runlim] sample:		3041.82 time, 3060.01 real, 3 MB, 53.18 load
[runlim] sample:		3051.76 time, 3070.01 real, 3 MB, 53.22 load
[runlim] sample:		3061.71 time, 3080.01 real, 3 MB, 53.19 load
[runlim] sample:		3071.65 time, 3090.01 real, 3 MB, 53.16 load
[runlim] sample:		3081.59 time, 3100.01 real, 3 MB, 53.21 load
[runlim] sample:		3091.53 time, 3110.01 real, 3 MB, 53.18 load
[runlim] sample:		3101.47 time, 3120.01 real, 3 MB, 53.15 load
[runlim] sample:		3111.41 time, 3130.01 real, 3 MB, 53.13 load
[runlim] sample:		3121.36 time, 3140.01 real, 3 MB, 53.18 load
[runlim] sample:		3131.30 time, 3150.01 real, 3 MB, 53.15 load
[runlim] sample:		3141.24 time, 3160.01 real, 3 MB, 53.13 load
[runlim] sample:		3151.18 time, 3170.01 real, 3 MB, 53.11 load
[runlim] sample:		3161.13 time, 3180.01 real, 3 MB, 53.17 load
[runlim] sample:		3171.07 time, 3190.01 real, 3 MB, 53.15 load
[runlim] sample:		3181.01 time, 3200.01 real, 3 MB, 53.12 load
[runlim] sample:		3190.95 time, 3210.01 real, 3 MB, 53.10 load
[runlim] sample:		3200.89 time, 3220.01 real, 3 MB, 53.09 load
[runlim] sample:		3210.84 time, 3230.01 real, 3 MB, 53.07 load
[runlim] sample:		3220.78 time, 3240.01 real, 3 MB, 53.14 load
[runlim] sample:		3230.72 time, 3250.01 real, 3 MB, 53.12 load
[runlim] sample:		3240.66 time, 3260.01 real, 3 MB, 53.10 load
[runlim] sample:		3250.61 time, 3270.01 real, 3 MB, 53.08 load
[runlim] sample:		3260.55 time, 3280.01 real, 3 MB, 53.07 load
[runlim] sample:		3270.50 time, 3290.01 real, 3 MB, 53.06 load
[runlim] sample:		3280.44 time, 3300.01 real, 3 MB, 53.20 load
[runlim] sample:		3290.39 time, 3310.01 real, 3 MB, 53.17 load
[runlim] sample:		3300.33 time, 3320.01 real, 3 MB, 53.15 load
[runlim] sample:		3310.28 time, 3330.01 real, 3 MB, 53.12 load
[runlim] sample:		3320.22 time, 3340.01 real, 3 MB, 53.25 load
[runlim] sample:		3330.16 time, 3350.01 real, 3 MB, 53.29 load
[runlim] sample:		3340.11 time, 3360.01 real, 3 MB, 53.25 load
[runlim] sample:		3350.05 time, 3370.01 real, 3 MB, 53.21 load
[runlim] sample:		3360.00 time, 3380.01 real, 3 MB, 53.18 load
[runlim] sample:		3369.94 time, 3390.01 real, 3 MB, 53.15 load
[runlim] sample:		3379.89 time, 3400.01 real, 3 MB, 53.12 load
[runlim] sample:		3389.83 time, 3410.01 real, 3 MB, 53.11 load
[runlim] sample:		3399.78 time, 3420.01 real, 3 MB, 53.09 load
[runlim] sample:		3409.72 time, 3430.01 real, 3 MB, 53.30 load
[runlim] sample:		3419.66 time, 3440.01 real, 3 MB, 53.26 load
[runlim] sample:		3429.61 time, 3450.01 real, 3 MB, 53.29 load
[runlim] sample:		3439.55 time, 3460.01 real, 3 MB, 53.25 load
[runlim] sample:		3449.50 time, 3470.01 real, 3 MB, 53.28 load
[runlim] sample:		3459.44 time, 3480.01 real, 3 MB, 53.48 load
[runlim] sample:		3469.38 time, 3490.01 real, 3 MB, 53.55 load
[runlim] sample:		3479.33 time, 3500.01 real, 3 MB, 53.47 load
[runlim] sample:		3489.27 time, 3510.01 real, 3 MB, 53.39 load
[runlim] sample:		3499.21 time, 3520.01 real, 3 MB, 53.33 load
[runlim] sample:		3509.16 time, 3530.01 real, 3 MB, 53.28 load
[runlim] sample:		3519.10 time, 3540.01 real, 3 MB, 53.31 load
[runlim] sample:		3529.05 time, 3550.01 real, 3 MB, 53.34 load
[runlim] sample:		3538.99 time, 3560.01 real, 3 MB, 53.28 load
[runlim] sample:		3548.93 time, 3570.01 real, 3 MB, 53.24 load
[runlim] sample:		3558.88 time, 3580.01 real, 3 MB, 53.20 load
[runlim] sample:		3568.84 time, 3590.01 real, 3 MB, 53.25 load
[runlim] sample:		3578.80 time, 3600.01 real, 3 MB, 53.21 load
[runlim] sample:		3588.74 time, 3610.01 real, 3 MB, 53.25 load
[runlim] sample:		3598.69 time, 3620.01 real, 3 MB, 53.21 load
[runlim] sample:		3608.63 time, 3630.01 real, 3 MB, 53.18 load
[runlim] sample:		3618.57 time, 3640.01 real, 3 MB, 53.15 load
[runlim] sample:		3628.52 time, 3650.01 real, 3 MB, 53.13 load
[runlim] sample:		3638.46 time, 3660.01 real, 3 MB, 53.11 load
[runlim] sample:		3648.41 time, 3670.01 real, 3 MB, 53.09 load
[runlim] sample:		3658.36 time, 3680.01 real, 3 MB, 53.08 load
[runlim] sample:		3668.30 time, 3690.01 real, 3 MB, 53.14 load
[runlim] sample:		3678.24 time, 3700.01 real, 3 MB, 53.12 load
[runlim] sample:		3688.19 time, 3710.01 real, 3 MB, 53.10 load
[runlim] sample:		3698.13 time, 3720.01 real, 3 MB, 53.08 load
[runlim] sample:		3708.07 time, 3730.01 real, 3 MB, 53.07 load
[runlim] sample:		3718.02 time, 3740.01 real, 3 MB, 53.06 load
[runlim] sample:		3727.96 time, 3750.01 real, 3 MB, 53.20 load
[runlim] sample:		3737.91 time, 3760.01 real, 3 MB, 53.17 load
[runlim] sample:		3747.85 time, 3770.01 real, 3 MB, 53.14 load
[runlim] sample:		3757.80 time, 3780.01 real, 3 MB, 53.12 load
[runlim] sample:		3767.74 time, 3790.01 real, 3 MB, 53.18 load
[runlim] sample:		3777.69 time, 3800.01 real, 3 MB, 53.15 load
[runlim] sample:		3787.63 time, 3810.01 real, 3 MB, 53.20 load
[runlim] sample:		3797.58 time, 3820.01 real, 3 MB, 53.17 load
[runlim] sample:		3807.53 time, 3830.01 real, 3 MB, 53.14 load
[runlim] sample:		3817.47 time, 3840.01 real, 3 MB, 53.12 load
[runlim] sample:		3827.42 time, 3850.01 real, 3 MB, 53.10 load
[runlim] sample:		3837.36 time, 3860.01 real, 3 MB, 53.09 load
[runlim] sample:		3847.31 time, 3870.01 real, 3 MB, 53.07 load
[runlim] sample:		3857.25 time, 3880.01 real, 3 MB, 53.14 load
[runlim] sample:		3867.20 time, 3890.01 real, 3 MB, 53.19 load
[runlim] sample:		3877.14 time, 3900.01 real, 3 MB, 53.16 load
[runlim] sample:		3887.08 time, 3910.01 real, 3 MB, 53.14 load
[runlim] sample:		3897.03 time, 3920.01 real, 3 MB, 53.20 load
[runlim] sample:		3906.97 time, 3930.01 real, 3 MB, 53.47 load
[runlim] sample:		3916.92 time, 3940.01 real, 3 MB, 53.40 load
[runlim] sample:		3926.86 time, 3950.01 real, 3 MB, 53.42 load
[runlim] sample:		3936.81 time, 3960.01 real, 3 MB, 53.35 load
[runlim] sample:		3946.75 time, 3970.01 real, 3 MB, 53.37 load
[runlim] sample:		3956.70 time, 3980.01 real, 3 MB, 53.31 load
[runlim] sample:		3966.64 time, 3990.01 real, 3 MB, 53.26 load
[runlim] sample:		3976.59 time, 4000.01 real, 3 MB, 53.22 load
[runlim] sample:		3986.53 time, 4010.01 real, 3 MB, 53.19 load
[runlim] sample:		3996.47 time, 4020.01 real, 3 MB, 53.16 load
[runlim] sample:		4006.42 time, 4030.01 real, 3 MB, 53.13 load
[runlim] sample:		4016.36 time, 4040.01 real, 3 MB, 53.26 load
[runlim] sample:		4026.31 time, 4050.01 real, 3 MB, 53.22 load
[runlim] sample:		4036.25 time, 4060.01 real, 3 MB, 53.19 load
[runlim] sample:		4046.19 time, 4070.01 real, 3 MB, 53.23 load
[runlim] sample:		4056.14 time, 4080.01 real, 3 MB, 53.19 load
[runlim] sample:		4066.08 time, 4090.01 real, 3 MB, 53.16 load
[runlim] sample:		4076.03 time, 4100.01 real, 3 MB, 53.22 load
[runlim] sample:		4085.97 time, 4110.01 real, 3 MB, 53.18 load
[runlim] sample:		4095.92 time, 4120.01 real, 3 MB, 53.16 load
[runlim] sample:		4105.86 time, 4130.01 real, 3 MB, 53.21 load
[runlim] sample:		4115.80 time, 4140.01 real, 3 MB, 53.17 load
[runlim] sample:		4125.75 time, 4150.01 real, 3 MB, 53.15 load
[runlim] sample:		4135.69 time, 4160.01 real, 3 MB, 53.12 load
[runlim] sample:		4145.63 time, 4170.01 real, 3 MB, 53.10 load
[runlim] sample:		4155.58 time, 4180.01 real, 3 MB, 53.09 load
[runlim] sample:		4165.52 time, 4190.01 real, 3 MB, 53.15 load
[runlim] sample:		4175.47 time, 4200.01 real, 3 MB, 53.13 load
[runlim] sample:		4185.42 time, 4210.01 real, 3 MB, 53.11 load
[runlim] sample:		4195.36 time, 4220.01 real, 3 MB, 53.09 load
[runlim] sample:		4205.30 time, 4230.01 real, 3 MB, 53.08 load
[runlim] sample:		4215.25 time, 4240.01 real, 3 MB, 53.06 load
[runlim] sample:		4225.19 time, 4250.01 real, 3 MB, 53.22 load
[runlim] sample:		4235.13 time, 4260.01 real, 3 MB, 53.18 load
[runlim] sample:		4245.08 time, 4270.01 real, 3 MB, 53.15 load
[runlim] sample:		4255.02 time, 4280.01 real, 3 MB, 53.13 load
[runlim] sample:		4264.97 time, 4290.01 real, 3 MB, 53.11 load
[runlim] sample:		4274.91 time, 4300.01 real, 3 MB, 53.09 load
[runlim] sample:		4284.85 time, 4310.01 real, 3 MB, 53.16 load
[runlim] sample:		4294.80 time, 4320.01 real, 3 MB, 53.13 load
[runlim] sample:		4304.74 time, 4330.01 real, 3 MB, 53.11 load
[runlim] sample:		4314.69 time, 4340.01 real, 3 MB, 53.09 load
[runlim] sample:		4324.63 time, 4350.01 real, 3 MB, 53.08 load
[runlim] sample:		4334.58 time, 4360.01 real, 3 MB, 53.07 load
[runlim] sample:		4344.53 time, 4370.01 real, 3 MB, 53.14 load
[runlim] sample:		4354.47 time, 4380.01 real, 3 MB, 53.12 load
[runlim] sample:		4364.41 time, 4390.01 real, 3 MB, 53.18 load
[runlim] sample:		4374.35 time, 4400.01 real, 3 MB, 53.15 load
[runlim] sample:		4384.29 time, 4410.01 real, 3 MB, 53.13 load
[runlim] sample:		4394.24 time, 4420.01 real, 3 MB, 53.11 load
[runlim] sample:		4404.18 time, 4430.01 real, 3 MB, 53.17 load
[runlim] sample:		4414.12 time, 4440.01 real, 3 MB, 53.22 load
[runlim] sample:		4424.07 time, 4450.01 real, 3 MB, 53.18 load
[runlim] sample:		4434.01 time, 4460.01 real, 3 MB, 53.23 load
[runlim] sample:		4443.95 time, 4470.01 real, 3 MB, 53.41 load
[runlim] sample:		4453.90 time, 4480.01 real, 3 MB, 53.35 load
[runlim] sample:		4463.84 time, 4490.01 real, 3 MB, 53.30 load
[runlim] sample:		4473.78 time, 4500.01 real, 3 MB, 53.25 load
[runlim] sample:		4483.72 time, 4510.01 real, 3 MB, 53.21 load
[runlim] sample:		4493.67 time, 4520.01 real, 3 MB, 53.25 load
[runlim] sample:		4503.61 time, 4530.01 real, 3 MB, 53.21 load
[runlim] sample:		4513.55 time, 4540.01 real, 3 MB, 53.25 load
[runlim] sample:		4523.50 time, 4550.01 real, 3 MB, 53.21 load
[runlim] sample:		4533.44 time, 4560.01 real, 3 MB, 53.18 load
[runlim] sample:		4543.39 time, 4570.01 real, 3 MB, 53.15 load
[runlim] sample:		4553.33 time, 4580.01 real, 3 MB, 53.13 load
[runlim] sample:		4563.28 time, 4590.01 real, 3 MB, 53.11 load
[runlim] sample:		4573.22 time, 4600.01 real, 3 MB, 53.40 load
[runlim] sample:		4583.16 time, 4610.01 real, 3 MB, 53.42 load
[runlim] sample:		4593.11 time, 4620.01 real, 3 MB, 53.35 load
[runlim] sample:		4603.05 time, 4630.01 real, 3 MB, 53.30 load
[runlim] sample:		4612.99 time, 4640.01 real, 3 MB, 53.25 load
[runlim] sample:		4622.94 time, 4650.01 real, 3 MB, 53.21 load
[runlim] sample:		4632.88 time, 4660.01 real, 3 MB, 53.18 load
[runlim] sample:		4642.82 time, 4670.01 real, 3 MB, 53.15 load
[runlim] sample:		4652.76 time, 4680.01 real, 3 MB, 53.13 load
[runlim] sample:		4662.71 time, 4690.01 real, 3 MB, 53.19 load
[runlim] sample:		4672.65 time, 4700.01 real, 3 MB, 53.16 load
[runlim] sample:		4682.59 time, 4710.01 real, 3 MB, 53.13 load
[runlim] sample:		4692.53 time, 4720.01 real, 3 MB, 53.19 load
[runlim] sample:		4702.47 time, 4730.01 real, 3 MB, 53.24 load
[runlim] sample:		4712.41 time, 4740.01 real, 3 MB, 53.20 load
[runlim] sample:		4722.36 time, 4750.01 real, 3 MB, 53.25 load
[runlim] sample:		4732.30 time, 4760.01 real, 3 MB, 53.29 load
[runlim] sample:		4742.24 time, 4770.01 real, 3 MB, 53.25 load
[runlim] sample:		4752.18 time, 4780.01 real, 3 MB, 53.21 load
[runlim] sample:		4762.12 time, 4790.01 real, 3 MB, 53.26 load
[runlim] sample:		4772.06 time, 4800.01 real, 3 MB, 53.22 load
[runlim] sample:		4782.00 time, 4810.01 real, 3 MB, 53.26 load
[runlim] sample:		4791.94 time, 4820.01 real, 3 MB, 53.22 load
[runlim] sample:		4801.88 time, 4830.01 real, 3 MB, 53.19 load
[runlim] sample:		4811.82 time, 4840.01 real, 3 MB, 53.23 load
[runlim] sample:		4821.76 time, 4850.01 real, 3 MB, 53.20 load
[runlim] sample:		4831.70 time, 4860.01 real, 3 MB, 53.17 load
[runlim] sample:		4841.64 time, 4870.01 real, 3 MB, 53.22 load
[runlim] sample:		4851.58 time, 4880.01 real, 3 MB, 53.19 load
[runlim] sample:		4861.52 time, 4890.01 real, 3 MB, 53.16 load
[runlim] sample:		4871.46 time, 4900.01 real, 3 MB, 53.29 load
[runlim] sample:		4881.41 time, 4910.01 real, 3 MB, 53.25 load
[runlim] sample:		4891.35 time, 4920.01 real, 3 MB, 53.21 load
[runlim] sample:		4901.29 time, 4930.01 real, 3 MB, 53.26 load
[runlim] sample:		4911.23 time, 4940.01 real, 3 MB, 53.22 load
[runlim] sample:		4921.17 time, 4950.01 real, 3 MB, 52.55 load
[runlim] sample:		4931.11 time, 4960.01 real, 3 MB, 50.85 load
[runlim] sample:		4941.06 time, 4970.01 real, 3 MB, 48.32 load
[runlim] sample:		4951.01 time, 4980.01 real, 3 MB, 44.87 load
[runlim] sample:		4960.96 time, 4990.01 real, 3 MB, 40.64 load
[runlim] sample:		4970.91 time, 5000.01 real, 3 MB, 35.68 load
[runlim] end:			Thu Apr  9 21:55:55 2026
[runlim] status:		out of time
[runlim] result:		2
[runlim] children:		1
[runlim] processes:		2
[runlim] real:			5000.05 seconds
[runlim] time:			4970.91 seconds
[runlim] space:			3 MB
[runlim] load:			56.32 maximum
[runlim] samples:		50000
