[runlim] version:		2.0.0rc1
[runlim] host:			m10n04
[runlim] time limit:		311040000 seconds
[runlim] real time limit:	5000 seconds
[runlim] space limit:		7000 MB
[runlim] argv[0]:		./binary
[runlim] argv[1]:		-c
[runlim] argv[2]:		-s
[runlim] argv[3]:		-r
[runlim] argv[4]:		/tmp/local-unzipped-12459996-2-88-mc2025_track1_185.cnf
[runlim] start:			Thu Apr  9 20:32:00 2026
[runlim] child:			3864661
[runlim] sample:		9.95 time, 10.01 real, 5 MB, 11.67 load
[runlim] sample:		19.90 time, 20.01 real, 5 MB, 15.03 load
[runlim] sample:		29.84 time, 30.01 real, 5 MB, 17.79 load
[runlim] sample:		39.79 time, 40.01 real, 5 MB, 20.05 load
[runlim] sample:		49.74 time, 50.01 real, 5 MB, 21.89 load
[runlim] sample:		59.69 time, 60.01 real, 5 MB, 23.44 load
[runlim] sample:		69.64 time, 70.01 real, 5 MB, 24.76 load
[runlim] sample:		79.59 time, 80.01 real, 5 MB, 25.72 load
[runlim] sample:		89.54 time, 90.01 real, 5 MB, 26.53 load
[runlim] sample:		99.49 time, 100.01 real, 5 MB, 27.22 load
[runlim] sample:		109.43 time, 110.01 real, 5 MB, 27.80 load
[runlim] sample:		119.38 time, 120.01 real, 5 MB, 28.29 load
[runlim] sample:		129.33 time, 130.01 real, 5 MB, 28.71 load
[runlim] sample:		139.28 time, 140.01 real, 5 MB, 29.06 load
[runlim] sample:		149.23 time, 150.01 real, 5 MB, 29.36 load
[runlim] sample:		159.18 time, 160.01 real, 5 MB, 29.61 load
[runlim] sample:		169.13 time, 170.01 real, 5 MB, 29.75 load
[runlim] sample:		179.08 time, 180.01 real, 5 MB, 29.79 load
[runlim] sample:		189.01 time, 190.01 real, 5 MB, 29.82 load
[runlim] sample:		198.96 time, 200.01 real, 5 MB, 29.92 load
[runlim] sample:		208.91 time, 210.01 real, 5 MB, 29.93 load
[runlim] sample:		218.86 time, 220.01 real, 5 MB, 29.94 load
[runlim] sample:		228.81 time, 230.01 real, 5 MB, 30.03 load
[runlim] sample:		238.76 time, 240.01 real, 5 MB, 30.03 load
[runlim] sample:		248.71 time, 250.01 real, 5 MB, 30.02 load
[runlim] sample:		258.66 time, 260.01 real, 5 MB, 30.02 load
[runlim] sample:		268.61 time, 270.01 real, 5 MB, 30.02 load
[runlim] sample:		278.55 time, 280.01 real, 5 MB, 30.01 load
[runlim] sample:		288.50 time, 290.01 real, 5 MB, 30.01 load
[runlim] sample:		298.45 time, 300.01 real, 5 MB, 30.01 load
[runlim] sample:		308.40 time, 310.01 real, 5 MB, 30.01 load
[runlim] sample:		318.35 time, 320.01 real, 5 MB, 30.00 load
[runlim] sample:		328.30 time, 330.01 real, 5 MB, 30.08 load
[runlim] sample:		338.25 time, 340.01 real, 5 MB, 30.07 load
[runlim] sample:		348.20 time, 350.01 real, 5 MB, 30.06 load
[runlim] sample:		358.15 time, 360.01 real, 5 MB, 30.05 load
[runlim] sample:		368.09 time, 370.01 real, 5 MB, 30.04 load
[runlim] sample:		378.04 time, 380.01 real, 5 MB, 30.04 load
[runlim] sample:		387.99 time, 390.01 real, 5 MB, 30.11 load
[runlim] sample:		397.94 time, 400.01 real, 5 MB, 30.09 load
[runlim] sample:		407.89 time, 410.01 real, 5 MB, 30.08 load
[runlim] sample:		417.84 time, 420.01 real, 5 MB, 30.14 load
[runlim] sample:		427.80 time, 430.01 real, 5 MB, 30.19 load
[runlim] sample:		437.75 time, 440.01 real, 5 MB, 30.38 load
[runlim] sample:		447.69 time, 450.01 real, 5 MB, 30.24 load
[runlim] sample:		457.64 time, 460.01 real, 5 MB, 30.05 load
[runlim] sample:		467.59 time, 470.01 real, 5 MB, 29.89 load
[runlim] sample:		477.54 time, 480.01 real, 5 MB, 29.75 load
[runlim] sample:		487.49 time, 490.01 real, 5 MB, 29.64 load
[runlim] sample:		497.44 time, 500.01 real, 5 MB, 29.54 load
[runlim] sample:		507.38 time, 510.01 real, 5 MB, 29.45 load
[runlim] sample:		517.33 time, 520.01 real, 5 MB, 29.53 load
[runlim] sample:		527.28 time, 530.01 real, 5 MB, 29.45 load
[runlim] sample:		537.23 time, 540.01 real, 5 MB, 29.38 load
[runlim] sample:		547.18 time, 550.01 real, 5 MB, 29.40 load
[runlim] sample:		557.12 time, 560.01 real, 5 MB, 29.34 load
[runlim] sample:		567.07 time, 570.01 real, 5 MB, 29.29 load
[runlim] sample:		577.02 time, 580.01 real, 5 MB, 29.32 load
[runlim] sample:		586.97 time, 590.01 real, 5 MB, 29.27 load
[runlim] sample:		596.92 time, 600.01 real, 5 MB, 29.30 load
[runlim] sample:		606.86 time, 610.01 real, 5 MB, 29.25 load
[runlim] sample:		616.81 time, 620.01 real, 5 MB, 29.29 load
[runlim] sample:		626.76 time, 630.01 real, 5 MB, 29.24 load
[runlim] sample:		636.71 time, 640.01 real, 5 MB, 29.35 load
[runlim] sample:		646.66 time, 650.01 real, 5 MB, 29.30 load
[runlim] sample:		656.60 time, 660.01 real, 5 MB, 29.33 load
[runlim] sample:		666.55 time, 670.01 real, 5 MB, 29.28 load
[runlim] sample:		676.50 time, 680.01 real, 5 MB, 29.23 load
[runlim] sample:		686.45 time, 690.01 real, 5 MB, 29.20 load
[runlim] sample:		696.40 time, 700.01 real, 5 MB, 29.17 load
[runlim] sample:		706.34 time, 710.01 real, 5 MB, 29.14 load
[runlim] sample:		716.29 time, 720.01 real, 5 MB, 29.12 load
[runlim] sample:		726.24 time, 730.01 real, 5 MB, 29.10 load
[runlim] sample:		736.19 time, 740.01 real, 5 MB, 29.08 load
[runlim] sample:		746.14 time, 750.01 real, 5 MB, 29.07 load
[runlim] sample:		756.09 time, 760.01 real, 5 MB, 29.06 load
[runlim] sample:		766.04 time, 770.01 real, 5 MB, 29.05 load
[runlim] sample:		775.98 time, 780.01 real, 5 MB, 29.12 load
[runlim] sample:		785.93 time, 790.01 real, 5 MB, 29.10 load
[runlim] sample:		795.88 time, 800.01 real, 5 MB, 29.08 load
[runlim] sample:		805.83 time, 810.01 real, 5 MB, 29.07 load
[runlim] sample:		815.78 time, 820.01 real, 5 MB, 29.22 load
[runlim] sample:		825.73 time, 830.01 real, 5 MB, 29.27 load
[runlim] sample:		835.68 time, 840.01 real, 5 MB, 29.22 load
[runlim] sample:		845.63 time, 850.01 real, 5 MB, 29.19 load
[runlim] sample:		855.58 time, 860.01 real, 5 MB, 29.16 load
[runlim] sample:		865.53 time, 870.01 real, 5 MB, 29.13 load
[runlim] sample:		875.48 time, 880.01 real, 5 MB, 29.11 load
[runlim] sample:		885.42 time, 890.01 real, 5 MB, 29.10 load
[runlim] sample:		895.36 time, 900.01 real, 5 MB, 29.15 load
[runlim] sample:		905.31 time, 910.01 real, 5 MB, 29.21 load
[runlim] sample:		915.26 time, 920.01 real, 5 MB, 29.18 load
[runlim] sample:		925.20 time, 930.01 real, 5 MB, 29.15 load
[runlim] sample:		935.15 time, 940.01 real, 5 MB, 29.13 load
[runlim] sample:		945.10 time, 950.01 real, 5 MB, 29.11 load
[runlim] sample:		955.04 time, 960.01 real, 5 MB, 29.16 load
[runlim] sample:		964.99 time, 970.01 real, 5 MB, 29.14 load
[runlim] sample:		974.93 time, 980.01 real, 5 MB, 29.12 load
[runlim] sample:		984.88 time, 990.01 real, 5 MB, 29.10 load
[runlim] sample:		994.82 time, 1000.01 real, 5 MB, 29.08 load
[runlim] sample:		1004.77 time, 1010.01 real, 5 MB, 29.15 load
[runlim] sample:		1014.71 time, 1020.01 real, 5 MB, 29.20 load
[runlim] sample:		1024.66 time, 1030.01 real, 5 MB, 29.17 load
[runlim] sample:		1034.60 time, 1040.01 real, 5 MB, 28.99 load
[runlim] sample:		1044.55 time, 1050.01 real, 5 MB, 28.84 load
[runlim] sample:		1054.49 time, 1060.01 real, 5 MB, 28.71 load
[runlim] sample:		1064.44 time, 1070.01 real, 5 MB, 28.60 load
[runlim] sample:		1074.38 time, 1080.01 real, 5 MB, 28.58 load
[runlim] sample:		1084.32 time, 1090.01 real, 5 MB, 28.49 load
[runlim] sample:		1094.27 time, 1100.01 real, 5 MB, 28.41 load
[runlim] sample:		1104.21 time, 1110.01 real, 5 MB, 28.35 load
[runlim] sample:		1114.16 time, 1120.01 real, 5 MB, 28.30 load
[runlim] sample:		1124.10 time, 1130.01 real, 5 MB, 28.25 load
[runlim] sample:		1134.04 time, 1140.01 real, 5 MB, 28.29 load
[runlim] sample:		1143.99 time, 1150.01 real, 5 MB, 28.24 load
[runlim] sample:		1153.93 time, 1160.01 real, 5 MB, 28.20 load
[runlim] sample:		1163.87 time, 1170.01 real, 5 MB, 28.17 load
[runlim] sample:		1173.82 time, 1180.01 real, 5 MB, 28.14 load
[runlim] sample:		1183.76 time, 1190.01 real, 5 MB, 28.28 load
[runlim] sample:		1193.71 time, 1200.01 real, 5 MB, 28.24 load
[runlim] sample:		1203.65 time, 1210.01 real, 5 MB, 28.20 load
[runlim] sample:		1213.59 time, 1220.01 real, 5 MB, 28.24 load
[runlim] sample:		1223.53 time, 1230.01 real, 5 MB, 28.21 load
[runlim] sample:		1233.48 time, 1240.01 real, 5 MB, 28.17 load
[runlim] sample:		1243.42 time, 1250.01 real, 5 MB, 28.15 load
[runlim] sample:		1253.36 time, 1260.01 real, 5 MB, 28.04 load
[runlim] sample:		1263.30 time, 1270.01 real, 5 MB, 27.88 load
[runlim] sample:		1273.25 time, 1280.01 real, 5 MB, 27.82 load
[runlim] sample:		1283.19 time, 1290.01 real, 5 MB, 27.69 load
[runlim] sample:		1293.14 time, 1300.01 real, 5 MB, 27.59 load
[runlim] sample:		1303.08 time, 1310.01 real, 5 MB, 27.50 load
[runlim] sample:		1313.03 time, 1320.01 real, 5 MB, 27.42 load
[runlim] sample:		1322.97 time, 1330.01 real, 5 MB, 27.35 load
[runlim] sample:		1332.92 time, 1340.01 real, 5 MB, 27.37 load
[runlim] sample:		1342.86 time, 1350.01 real, 5 MB, 27.31 load
[runlim] sample:		1352.82 time, 1360.01 real, 5 MB, 27.27 load
[runlim] sample:		1362.76 time, 1370.01 real, 5 MB, 27.22 load
[runlim] sample:		1372.71 time, 1380.01 real, 5 MB, 27.19 load
[runlim] sample:		1382.65 time, 1390.01 real, 5 MB, 27.16 load
[runlim] sample:		1392.60 time, 1400.01 real, 5 MB, 27.13 load
[runlim] sample:		1402.54 time, 1410.01 real, 5 MB, 27.11 load
[runlim] sample:		1412.49 time, 1420.01 real, 5 MB, 27.17 load
[runlim] sample:		1422.43 time, 1430.01 real, 5 MB, 27.14 load
[runlim] sample:		1432.38 time, 1440.01 real, 5 MB, 27.12 load
[runlim] sample:		1442.32 time, 1450.01 real, 5 MB, 27.18 load
[runlim] sample:		1452.27 time, 1460.01 real, 5 MB, 27.15 load
[runlim] sample:		1462.22 time, 1470.01 real, 5 MB, 27.12 load
[runlim] sample:		1472.16 time, 1480.01 real, 5 MB, 27.18 load
[runlim] sample:		1482.11 time, 1490.01 real, 5 MB, 27.15 load
[runlim] sample:		1492.06 time, 1500.01 real, 5 MB, 27.13 load
[runlim] sample:		1502.01 time, 1510.01 real, 5 MB, 27.11 load
[runlim] sample:		1511.96 time, 1520.01 real, 5 MB, 27.09 load
[runlim] sample:		1521.91 time, 1530.01 real, 5 MB, 27.08 load
[runlim] sample:		1531.86 time, 1540.01 real, 5 MB, 27.06 load
[runlim] sample:		1541.80 time, 1550.01 real, 5 MB, 27.05 load
[runlim] sample:		1551.75 time, 1560.01 real, 5 MB, 27.12 load
[runlim] sample:		1561.70 time, 1570.01 real, 5 MB, 27.10 load
[runlim] sample:		1571.65 time, 1580.01 real, 5 MB, 27.08 load
[runlim] sample:		1581.60 time, 1590.01 real, 5 MB, 27.07 load
[runlim] sample:		1591.55 time, 1600.01 real, 5 MB, 27.13 load
[runlim] sample:		1601.50 time, 1610.01 real, 5 MB, 27.11 load
[runlim] sample:		1611.45 time, 1620.01 real, 5 MB, 27.17 load
[runlim] sample:		1621.40 time, 1630.01 real, 5 MB, 27.14 load
[runlim] sample:		1631.35 time, 1640.01 real, 5 MB, 27.12 load
[runlim] sample:		1641.29 time, 1650.01 real, 5 MB, 27.10 load
[runlim] sample:		1651.24 time, 1660.01 real, 5 MB, 27.08 load
[runlim] sample:		1661.19 time, 1670.01 real, 5 MB, 27.07 load
[runlim] sample:		1671.14 time, 1680.01 real, 5 MB, 27.13 load
[runlim] sample:		1681.09 time, 1690.01 real, 5 MB, 27.11 load
[runlim] sample:		1691.04 time, 1700.01 real, 5 MB, 27.10 load
[runlim] sample:		1700.98 time, 1710.01 real, 5 MB, 27.08 load
[runlim] sample:		1710.93 time, 1720.01 real, 5 MB, 27.07 load
[runlim] sample:		1720.88 time, 1730.01 real, 5 MB, 27.06 load
[runlim] sample:		1730.83 time, 1740.01 real, 5 MB, 27.12 load
[runlim] sample:		1740.78 time, 1750.01 real, 5 MB, 27.10 load
[runlim] sample:		1750.72 time, 1760.01 real, 5 MB, 27.09 load
[runlim] sample:		1760.67 time, 1770.01 real, 5 MB, 27.07 load
[runlim] sample:		1770.62 time, 1780.01 real, 5 MB, 27.06 load
[runlim] sample:		1780.57 time, 1790.01 real, 5 MB, 27.05 load
[runlim] sample:		1790.52 time, 1800.01 real, 5 MB, 27.12 load
[runlim] sample:		1800.46 time, 1810.01 real, 5 MB, 27.10 load
[runlim] sample:		1810.41 time, 1820.01 real, 5 MB, 27.08 load
[runlim] sample:		1820.36 time, 1830.01 real, 5 MB, 27.15 load
[runlim] sample:		1830.31 time, 1840.01 real, 5 MB, 27.13 load
[runlim] sample:		1840.26 time, 1850.01 real, 5 MB, 27.11 load
[runlim] sample:		1850.21 time, 1860.01 real, 5 MB, 27.16 load
[runlim] sample:		1860.16 time, 1870.01 real, 5 MB, 27.21 load
[runlim] sample:		1870.11 time, 1880.01 real, 5 MB, 27.18 load
[runlim] sample:		1880.05 time, 1890.01 real, 5 MB, 27.22 load
[runlim] sample:		1890.00 time, 1900.01 real, 5 MB, 27.19 load
[runlim] sample:		1899.95 time, 1910.01 real, 5 MB, 27.16 load
[runlim] sample:		1909.90 time, 1920.01 real, 5 MB, 27.22 load
[runlim] sample:		1919.84 time, 1930.01 real, 5 MB, 27.33 load
[runlim] sample:		1929.79 time, 1940.01 real, 5 MB, 27.28 load
[runlim] sample:		1939.74 time, 1950.01 real, 5 MB, 27.24 load
[runlim] sample:		1949.69 time, 1960.01 real, 5 MB, 27.20 load
[runlim] sample:		1959.64 time, 1970.01 real, 5 MB, 27.17 load
[runlim] sample:		1969.58 time, 1980.01 real, 5 MB, 27.22 load
[runlim] sample:		1979.53 time, 1990.01 real, 5 MB, 27.19 load
[runlim] sample:		1989.48 time, 2000.01 real, 5 MB, 27.16 load
[runlim] sample:		1999.43 time, 2010.01 real, 5 MB, 27.13 load
[runlim] sample:		2009.37 time, 2020.01 real, 5 MB, 27.11 load
[runlim] sample:		2019.32 time, 2030.01 real, 5 MB, 27.10 load
[runlim] sample:		2029.27 time, 2040.01 real, 5 MB, 27.16 load
[runlim] sample:		2039.21 time, 2050.01 real, 5 MB, 27.14 load
[runlim] sample:		2049.16 time, 2060.01 real, 5 MB, 27.11 load
[runlim] sample:		2059.11 time, 2070.01 real, 5 MB, 27.10 load
[runlim] sample:		2069.06 time, 2080.01 real, 5 MB, 27.08 load
[runlim] sample:		2079.00 time, 2090.01 real, 5 MB, 27.07 load
[runlim] sample:		2088.95 time, 2100.01 real, 5 MB, 27.06 load
[runlim] sample:		2098.90 time, 2110.01 real, 5 MB, 27.05 load
[runlim] sample:		2108.84 time, 2120.01 real, 5 MB, 27.04 load
[runlim] sample:		2118.79 time, 2130.01 real, 5 MB, 27.03 load
[runlim] sample:		2128.74 time, 2140.01 real, 5 MB, 27.03 load
[runlim] sample:		2138.69 time, 2150.01 real, 5 MB, 27.10 load
[runlim] sample:		2148.64 time, 2160.01 real, 5 MB, 27.09 load
[runlim] sample:		2158.58 time, 2170.01 real, 5 MB, 27.07 load
[runlim] sample:		2168.53 time, 2180.01 real, 5 MB, 27.14 load
[runlim] sample:		2178.48 time, 2190.01 real, 5 MB, 27.11 load
[runlim] sample:		2188.43 time, 2200.01 real, 5 MB, 27.10 load
[runlim] sample:		2198.37 time, 2210.01 real, 5 MB, 27.16 load
[runlim] sample:		2208.32 time, 2220.01 real, 5 MB, 27.14 load
[runlim] sample:		2218.27 time, 2230.01 real, 5 MB, 27.11 load
[runlim] sample:		2228.22 time, 2240.01 real, 5 MB, 27.17 load
[runlim] sample:		2238.17 time, 2250.01 real, 5 MB, 27.14 load
[runlim] sample:		2248.12 time, 2260.01 real, 5 MB, 27.20 load
[runlim] sample:		2258.06 time, 2270.01 real, 5 MB, 27.16 load
[runlim] sample:		2268.01 time, 2280.01 real, 5 MB, 27.14 load
[runlim] sample:		2277.96 time, 2290.01 real, 5 MB, 27.12 load
[runlim] sample:		2287.91 time, 2300.01 real, 5 MB, 27.25 load
[runlim] sample:		2297.85 time, 2310.01 real, 5 MB, 27.37 load
[runlim] sample:		2307.80 time, 2320.01 real, 5 MB, 27.47 load
[runlim] sample:		2317.75 time, 2330.01 real, 5 MB, 27.55 load
[runlim] sample:		2327.70 time, 2340.01 real, 5 MB, 27.62 load
[runlim] sample:		2337.64 time, 2350.01 real, 5 MB, 27.68 load
[runlim] sample:		2347.60 time, 2360.01 real, 5 MB, 27.80 load
[runlim] sample:		2357.55 time, 2370.01 real, 5 MB, 27.83 load
[runlim] sample:		2367.50 time, 2380.01 real, 5 MB, 27.86 load
[runlim] sample:		2377.44 time, 2390.01 real, 5 MB, 27.80 load
[runlim] sample:		2387.39 time, 2400.01 real, 5 MB, 27.68 load
[runlim] sample:		2397.34 time, 2410.01 real, 5 MB, 27.65 load
[runlim] sample:		2407.29 time, 2420.01 real, 5 MB, 27.55 load
[runlim] sample:		2417.23 time, 2430.01 real, 5 MB, 27.46 load
[runlim] sample:		2427.18 time, 2440.01 real, 5 MB, 27.39 load
[runlim] sample:		2437.13 time, 2450.01 real, 5 MB, 27.33 load
[runlim] sample:		2447.08 time, 2460.01 real, 5 MB, 27.28 load
[runlim] sample:		2457.02 time, 2470.01 real, 5 MB, 27.32 load
[runlim] sample:		2466.97 time, 2480.01 real, 5 MB, 27.27 load
[runlim] sample:		2476.92 time, 2490.01 real, 5 MB, 27.30 load
[runlim] sample:		2486.87 time, 2500.01 real, 5 MB, 27.25 load
[runlim] sample:		2496.82 time, 2510.01 real, 5 MB, 27.21 load
[runlim] sample:		2506.77 time, 2520.01 real, 5 MB, 27.18 load
[runlim] sample:		2516.72 time, 2530.01 real, 5 MB, 27.15 load
[runlim] sample:		2526.66 time, 2540.01 real, 5 MB, 27.13 load
[runlim] sample:		2536.61 time, 2550.01 real, 5 MB, 27.11 load
[runlim] sample:		2546.56 time, 2560.01 real, 5 MB, 27.09 load
[runlim] sample:		2556.51 time, 2570.01 real, 5 MB, 27.08 load
[runlim] sample:		2566.46 time, 2580.01 real, 5 MB, 27.06 load
[runlim] sample:		2576.40 time, 2590.01 real, 5 MB, 27.05 load
[runlim] sample:		2586.35 time, 2600.01 real, 5 MB, 27.05 load
[runlim] sample:		2596.30 time, 2610.01 real, 5 MB, 27.04 load
[runlim] sample:		2606.25 time, 2620.01 real, 5 MB, 27.03 load
[runlim] sample:		2616.20 time, 2630.01 real, 5 MB, 27.03 load
[runlim] sample:		2626.14 time, 2640.01 real, 5 MB, 27.02 load
[runlim] sample:		2636.09 time, 2650.01 real, 5 MB, 27.02 load
[runlim] sample:		2646.04 time, 2660.01 real, 5 MB, 27.02 load
[runlim] sample:		2655.99 time, 2670.01 real, 5 MB, 27.01 load
[runlim] sample:		2665.94 time, 2680.01 real, 5 MB, 27.01 load
[runlim] sample:		2675.89 time, 2690.01 real, 5 MB, 27.01 load
[runlim] sample:		2685.84 time, 2700.01 real, 5 MB, 27.01 load
[runlim] sample:		2695.79 time, 2710.01 real, 5 MB, 27.00 load
[runlim] sample:		2705.73 time, 2720.01 real, 5 MB, 27.08 load
[runlim] sample:		2715.68 time, 2730.01 real, 5 MB, 27.07 load
[runlim] sample:		2725.64 time, 2740.01 real, 5 MB, 27.06 load
[runlim] sample:		2735.59 time, 2750.01 real, 5 MB, 27.05 load
[runlim] sample:		2745.53 time, 2760.01 real, 5 MB, 27.04 load
[runlim] sample:		2755.48 time, 2770.01 real, 5 MB, 27.04 load
[runlim] sample:		2765.43 time, 2780.01 real, 5 MB, 27.03 load
[runlim] sample:		2775.38 time, 2790.01 real, 5 MB, 27.02 load
[runlim] sample:		2785.33 time, 2800.01 real, 5 MB, 27.02 load
[runlim] sample:		2795.28 time, 2810.01 real, 5 MB, 27.02 load
[runlim] sample:		2805.23 time, 2820.01 real, 5 MB, 27.09 load
[runlim] sample:		2815.18 time, 2830.01 real, 5 MB, 27.07 load
[runlim] sample:		2825.13 time, 2840.01 real, 5 MB, 27.06 load
[runlim] sample:		2835.08 time, 2850.01 real, 5 MB, 27.05 load
[runlim] sample:		2845.03 time, 2860.01 real, 5 MB, 27.04 load
[runlim] sample:		2854.97 time, 2870.01 real, 5 MB, 27.04 load
[runlim] sample:		2864.92 time, 2880.01 real, 5 MB, 27.03 load
[runlim] sample:		2874.87 time, 2890.01 real, 5 MB, 27.02 load
[runlim] sample:		2884.81 time, 2900.01 real, 5 MB, 27.02 load
[runlim] sample:		2894.76 time, 2910.01 real, 5 MB, 27.02 load
[runlim] sample:		2904.71 time, 2920.01 real, 5 MB, 27.01 load
[runlim] sample:		2914.66 time, 2930.01 real, 5 MB, 27.01 load
[runlim] sample:		2924.61 time, 2940.01 real, 5 MB, 27.01 load
[runlim] sample:		2934.56 time, 2950.01 real, 5 MB, 27.08 load
[runlim] sample:		2944.50 time, 2960.01 real, 5 MB, 27.07 load
[runlim] sample:		2954.45 time, 2970.01 real, 5 MB, 27.06 load
[runlim] sample:		2964.40 time, 2980.01 real, 5 MB, 27.05 load
[runlim] sample:		2974.35 time, 2990.01 real, 5 MB, 27.04 load
[runlim] sample:		2984.30 time, 3000.01 real, 5 MB, 27.03 load
[runlim] sample:		2994.25 time, 3010.01 real, 5 MB, 27.03 load
[runlim] sample:		3004.20 time, 3020.01 real, 5 MB, 27.10 load
[runlim] sample:		3014.15 time, 3030.01 real, 5 MB, 27.09 load
[runlim] sample:		3024.10 time, 3040.01 real, 5 MB, 27.07 load
[runlim] sample:		3034.05 time, 3050.01 real, 5 MB, 27.06 load
[runlim] sample:		3044.00 time, 3060.01 real, 5 MB, 27.05 load
[runlim] sample:		3053.95 time, 3070.01 real, 5 MB, 27.04 load
[runlim] sample:		3063.89 time, 3080.01 real, 5 MB, 27.12 load
[runlim] sample:		3073.84 time, 3090.01 real, 5 MB, 27.10 load
[runlim] sample:		3083.79 time, 3100.01 real, 5 MB, 27.08 load
[runlim] sample:		3093.74 time, 3110.01 real, 5 MB, 27.15 load
[runlim] sample:		3103.69 time, 3120.01 real, 5 MB, 27.20 load
[runlim] sample:		3113.64 time, 3130.01 real, 5 MB, 27.17 load
[runlim] sample:		3123.58 time, 3140.01 real, 5 MB, 27.22 load
[runlim] sample:		3133.53 time, 3150.01 real, 5 MB, 27.19 load
[runlim] sample:		3143.48 time, 3160.01 real, 5 MB, 27.16 load
[runlim] sample:		3153.43 time, 3170.01 real, 5 MB, 27.13 load
[runlim] sample:		3163.38 time, 3180.01 real, 5 MB, 27.11 load
[runlim] sample:		3173.32 time, 3190.01 real, 5 MB, 27.10 load
[runlim] sample:		3183.27 time, 3200.01 real, 5 MB, 27.08 load
[runlim] sample:		3193.22 time, 3210.01 real, 5 MB, 27.07 load
[runlim] sample:		3203.17 time, 3220.01 real, 5 MB, 27.14 load
[runlim] sample:		3213.11 time, 3230.01 real, 5 MB, 27.12 load
[runlim] sample:		3223.06 time, 3240.01 real, 5 MB, 27.10 load
[runlim] sample:		3233.00 time, 3250.01 real, 5 MB, 27.24 load
[runlim] sample:		3242.95 time, 3260.01 real, 5 MB, 27.20 load
[runlim] sample:		3252.90 time, 3270.01 real, 5 MB, 27.17 load
[runlim] sample:		3262.85 time, 3280.01 real, 5 MB, 27.31 load
[runlim] sample:		3272.79 time, 3290.01 real, 5 MB, 27.26 load
[runlim] sample:		3282.74 time, 3300.01 real, 5 MB, 27.22 load
[runlim] sample:		3292.68 time, 3310.01 real, 5 MB, 27.18 load
[runlim] sample:		3302.63 time, 3320.01 real, 5 MB, 27.16 load
[runlim] sample:		3312.58 time, 3330.01 real, 5 MB, 27.13 load
[runlim] sample:		3322.52 time, 3340.01 real, 5 MB, 27.11 load
[runlim] sample:		3332.47 time, 3350.01 real, 5 MB, 27.09 load
[runlim] sample:		3342.41 time, 3360.01 real, 5 MB, 27.08 load
[runlim] sample:		3352.36 time, 3370.01 real, 5 MB, 27.07 load
[runlim] sample:		3362.31 time, 3380.01 real, 5 MB, 27.06 load
[runlim] sample:		3372.26 time, 3390.01 real, 5 MB, 27.05 load
[runlim] sample:		3382.20 time, 3400.01 real, 5 MB, 27.12 load
[runlim] sample:		3392.15 time, 3410.01 real, 5 MB, 27.10 load
[runlim] sample:		3402.10 time, 3420.01 real, 5 MB, 27.08 load
[runlim] sample:		3412.04 time, 3430.01 real, 5 MB, 27.22 load
[runlim] sample:		3421.99 time, 3440.01 real, 5 MB, 27.18 load
[runlim] sample:		3431.94 time, 3450.01 real, 5 MB, 27.16 load
[runlim] sample:		3441.88 time, 3460.01 real, 5 MB, 27.21 load
[runlim] sample:		3451.83 time, 3470.01 real, 5 MB, 27.18 load
[runlim] sample:		3461.78 time, 3480.01 real, 5 MB, 27.15 load
[runlim] sample:		3471.72 time, 3490.01 real, 5 MB, 27.13 load
[runlim] sample:		3481.67 time, 3500.01 real, 5 MB, 27.11 load
[runlim] sample:		3491.62 time, 3510.01 real, 5 MB, 27.09 load
[runlim] sample:		3501.57 time, 3520.01 real, 5 MB, 27.08 load
[runlim] sample:		3511.52 time, 3530.01 real, 5 MB, 27.06 load
[runlim] sample:		3521.47 time, 3540.01 real, 5 MB, 27.05 load
[runlim] sample:		3531.41 time, 3550.01 real, 5 MB, 27.05 load
[runlim] sample:		3541.36 time, 3560.01 real, 5 MB, 27.04 load
[runlim] sample:		3551.31 time, 3570.01 real, 5 MB, 27.03 load
[runlim] sample:		3561.26 time, 3580.01 real, 5 MB, 27.11 load
[runlim] sample:		3571.21 time, 3590.01 real, 5 MB, 27.09 load
[runlim] sample:		3581.16 time, 3600.01 real, 5 MB, 27.08 load
[runlim] sample:		3591.11 time, 3610.01 real, 5 MB, 27.06 load
[runlim] sample:		3601.06 time, 3620.01 real, 5 MB, 27.05 load
[runlim] sample:		3611.00 time, 3630.01 real, 5 MB, 27.04 load
[runlim] sample:		3620.95 time, 3640.01 real, 5 MB, 27.12 load
[runlim] sample:		3630.90 time, 3650.01 real, 5 MB, 27.10 load
[runlim] sample:		3640.85 time, 3660.01 real, 5 MB, 27.08 load
[runlim] sample:		3650.80 time, 3670.01 real, 5 MB, 27.07 load
[runlim] sample:		3660.75 time, 3680.01 real, 5 MB, 27.06 load
[runlim] sample:		3670.70 time, 3690.01 real, 5 MB, 27.05 load
[runlim] sample:		3680.64 time, 3700.01 real, 5 MB, 27.04 load
[runlim] sample:		3690.59 time, 3710.01 real, 5 MB, 27.03 load
[runlim] sample:		3700.54 time, 3720.01 real, 5 MB, 27.11 load
[runlim] sample:		3710.49 time, 3730.01 real, 5 MB, 27.09 load
[runlim] sample:		3720.44 time, 3740.01 real, 5 MB, 27.08 load
[runlim] sample:		3730.39 time, 3750.01 real, 5 MB, 27.15 load
[runlim] sample:		3740.34 time, 3760.01 real, 5 MB, 27.12 load
[runlim] sample:		3750.29 time, 3770.01 real, 5 MB, 27.10 load
[runlim] sample:		3760.23 time, 3780.01 real, 5 MB, 27.17 load
[runlim] sample:		3770.18 time, 3790.01 real, 5 MB, 27.14 load
[runlim] sample:		3780.13 time, 3800.01 real, 5 MB, 27.12 load
[runlim] sample:		3790.08 time, 3810.01 real, 5 MB, 27.10 load
[runlim] sample:		3800.03 time, 3820.01 real, 5 MB, 27.08 load
[runlim] sample:		3809.98 time, 3830.01 real, 5 MB, 27.23 load
[runlim] sample:		3819.93 time, 3840.01 real, 5 MB, 27.19 load
[runlim] sample:		3829.87 time, 3850.01 real, 5 MB, 27.16 load
[runlim] sample:		3839.82 time, 3860.01 real, 5 MB, 27.14 load
[runlim] sample:		3849.77 time, 3870.01 real, 5 MB, 27.11 load
[runlim] sample:		3859.72 time, 3880.01 real, 5 MB, 27.10 load
[runlim] sample:		3869.67 time, 3890.01 real, 5 MB, 27.08 load
[runlim] sample:		3879.62 time, 3900.01 real, 5 MB, 27.07 load
[runlim] sample:		3889.57 time, 3910.01 real, 5 MB, 27.06 load
[runlim] sample:		3899.52 time, 3920.01 real, 5 MB, 27.13 load
[runlim] sample:		3909.46 time, 3930.01 real, 5 MB, 27.11 load
[runlim] sample:		3919.41 time, 3940.01 real, 5 MB, 27.09 load
[runlim] sample:		3929.36 time, 3950.01 real, 5 MB, 27.08 load
[runlim] sample:		3939.31 time, 3960.01 real, 5 MB, 27.06 load
[runlim] sample:		3949.25 time, 3970.01 real, 5 MB, 27.05 load
[runlim] sample:		3959.20 time, 3980.01 real, 5 MB, 27.13 load
[runlim] sample:		3969.15 time, 3990.01 real, 5 MB, 27.19 load
[runlim] sample:		3979.10 time, 4000.01 real, 5 MB, 27.16 load
[runlim] sample:		3989.05 time, 4010.01 real, 5 MB, 27.13 load
[runlim] sample:		3999.00 time, 4020.01 real, 5 MB, 27.11 load
[runlim] sample:		4008.94 time, 4030.01 real, 5 MB, 27.09 load
[runlim] sample:		4018.89 time, 4040.01 real, 5 MB, 27.16 load
[runlim] sample:		4028.84 time, 4050.01 real, 5 MB, 27.13 load
[runlim] sample:		4038.79 time, 4060.01 real, 5 MB, 27.11 load
[runlim] sample:		4048.74 time, 4070.01 real, 5 MB, 27.10 load
[runlim] sample:		4058.69 time, 4080.01 real, 5 MB, 27.08 load
[runlim] sample:		4068.64 time, 4090.01 real, 5 MB, 27.07 load
[runlim] sample:		4078.58 time, 4100.01 real, 5 MB, 27.06 load
[runlim] sample:		4088.53 time, 4110.01 real, 5 MB, 27.12 load
[runlim] sample:		4098.48 time, 4120.01 real, 5 MB, 27.10 load
[runlim] sample:		4108.43 time, 4130.01 real, 5 MB, 27.09 load
[runlim] sample:		4118.38 time, 4140.01 real, 5 MB, 27.07 load
[runlim] sample:		4128.33 time, 4150.01 real, 5 MB, 27.06 load
[runlim] sample:		4138.28 time, 4160.01 real, 5 MB, 27.05 load
[runlim] sample:		4148.23 time, 4170.01 real, 5 MB, 27.04 load
[runlim] sample:		4158.18 time, 4180.01 real, 5 MB, 27.04 load
[runlim] sample:		4168.13 time, 4190.01 real, 5 MB, 27.03 load
[runlim] sample:		4178.08 time, 4200.01 real, 5 MB, 27.02 load
[runlim] sample:		4188.03 time, 4210.01 real, 5 MB, 27.02 load
[runlim] sample:		4197.98 time, 4220.01 real, 5 MB, 27.02 load
[runlim] sample:		4207.93 time, 4230.01 real, 5 MB, 27.01 load
[runlim] sample:		4217.88 time, 4240.01 real, 5 MB, 27.01 load
[runlim] sample:		4227.83 time, 4250.01 real, 5 MB, 27.01 load
[runlim] sample:		4237.78 time, 4260.01 real, 5 MB, 27.01 load
[runlim] sample:		4247.73 time, 4270.01 real, 5 MB, 27.01 load
[runlim] sample:		4257.68 time, 4280.01 real, 5 MB, 27.00 load
[runlim] sample:		4267.63 time, 4290.01 real, 5 MB, 27.00 load
[runlim] sample:		4277.58 time, 4300.01 real, 5 MB, 27.00 load
[runlim] sample:		4287.53 time, 4310.01 real, 5 MB, 27.00 load
[runlim] sample:		4297.48 time, 4320.01 real, 5 MB, 27.00 load
[runlim] sample:		4307.43 time, 4330.01 real, 5 MB, 27.00 load
[runlim] sample:		4317.38 time, 4340.01 real, 5 MB, 27.00 load
[runlim] sample:		4327.33 time, 4350.01 real, 5 MB, 27.00 load
[runlim] sample:		4337.29 time, 4360.01 real, 5 MB, 27.00 load
[runlim] sample:		4347.24 time, 4370.01 real, 5 MB, 27.00 load
[runlim] sample:		4357.19 time, 4380.01 real, 5 MB, 27.00 load
[runlim] sample:		4367.14 time, 4390.01 real, 5 MB, 27.08 load
[runlim] sample:		4377.09 time, 4400.01 real, 5 MB, 27.07 load
[runlim] sample:		4387.04 time, 4410.01 real, 5 MB, 27.06 load
[runlim] sample:		4396.98 time, 4420.01 real, 5 MB, 27.13 load
[runlim] sample:		4406.93 time, 4430.01 real, 5 MB, 27.11 load
[runlim] sample:		4416.88 time, 4440.01 real, 5 MB, 27.09 load
[runlim] sample:		4426.83 time, 4450.01 real, 5 MB, 27.08 load
[runlim] sample:		4436.78 time, 4460.01 real, 5 MB, 27.06 load
[runlim] sample:		4446.73 time, 4470.01 real, 5 MB, 27.05 load
[runlim] sample:		4456.68 time, 4480.01 real, 5 MB, 27.04 load
[runlim] sample:		4466.63 time, 4490.01 real, 5 MB, 27.04 load
[runlim] sample:		4476.58 time, 4500.01 real, 5 MB, 27.03 load
[runlim] sample:		4486.52 time, 4510.01 real, 5 MB, 27.03 load
[runlim] sample:		4496.47 time, 4520.01 real, 5 MB, 27.02 load
[runlim] sample:		4506.42 time, 4530.01 real, 5 MB, 27.10 load
[runlim] sample:		4516.37 time, 4540.01 real, 5 MB, 27.08 load
[runlim] sample:		4526.32 time, 4550.01 real, 5 MB, 27.07 load
[runlim] sample:		4536.27 time, 4560.01 real, 5 MB, 27.21 load
[runlim] sample:		4546.22 time, 4570.01 real, 5 MB, 27.17 load
[runlim] sample:		4556.17 time, 4580.01 real, 5 MB, 27.15 load
[runlim] sample:		4566.11 time, 4590.01 real, 5 MB, 27.20 load
[runlim] sample:		4576.06 time, 4600.01 real, 5 MB, 27.17 load
[runlim] sample:		4586.01 time, 4610.01 real, 5 MB, 27.14 load
[runlim] sample:		4595.96 time, 4620.01 real, 5 MB, 27.12 load
[runlim] sample:		4605.91 time, 4630.01 real, 5 MB, 27.10 load
[runlim] sample:		4615.86 time, 4640.01 real, 5 MB, 27.09 load
[runlim] sample:		4625.80 time, 4650.01 real, 5 MB, 27.07 load
[runlim] sample:		4635.75 time, 4660.01 real, 5 MB, 27.06 load
[runlim] sample:		4645.70 time, 4670.01 real, 5 MB, 27.13 load
[runlim] sample:		4655.65 time, 4680.01 real, 5 MB, 27.11 load
[runlim] sample:		4665.60 time, 4690.01 real, 5 MB, 27.09 load
[runlim] sample:		4675.55 time, 4700.01 real, 5 MB, 27.08 load
[runlim] sample:		4685.50 time, 4710.01 real, 5 MB, 27.06 load
[runlim] sample:		4695.45 time, 4720.01 real, 5 MB, 27.05 load
[runlim] sample:		4705.39 time, 4730.01 real, 5 MB, 27.04 load
[runlim] sample:		4715.34 time, 4740.01 real, 5 MB, 27.04 load
[runlim] sample:		4725.29 time, 4750.01 real, 5 MB, 27.03 load
[runlim] sample:		4735.24 time, 4760.01 real, 5 MB, 27.03 load
[runlim] sample:		4745.19 time, 4770.01 real, 5 MB, 27.02 load
[runlim] sample:		4755.14 time, 4780.01 real, 5 MB, 27.02 load
[runlim] sample:		4765.08 time, 4790.01 real, 5 MB, 27.01 load
[runlim] sample:		4775.03 time, 4800.01 real, 5 MB, 27.01 load
[runlim] sample:		4784.98 time, 4810.01 real, 5 MB, 27.01 load
[runlim] sample:		4794.93 time, 4820.01 real, 5 MB, 27.01 load
[runlim] sample:		4804.88 time, 4830.01 real, 5 MB, 27.01 load
[runlim] sample:		4814.83 time, 4840.01 real, 5 MB, 27.00 load
[runlim] sample:		4824.78 time, 4850.01 real, 5 MB, 27.00 load
[runlim] sample:		4834.73 time, 4860.01 real, 5 MB, 27.00 load
[runlim] sample:		4844.68 time, 4870.01 real, 5 MB, 27.00 load
[runlim] sample:		4854.63 time, 4880.01 real, 5 MB, 27.00 load
[runlim] sample:		4864.58 time, 4890.01 real, 5 MB, 27.00 load
[runlim] sample:		4874.53 time, 4900.01 real, 5 MB, 27.00 load
[runlim] sample:		4884.48 time, 4910.01 real, 5 MB, 27.00 load
[runlim] sample:		4894.42 time, 4920.01 real, 5 MB, 27.00 load
[runlim] sample:		4904.37 time, 4930.01 real, 5 MB, 27.00 load
[runlim] sample:		4914.32 time, 4940.01 real, 5 MB, 27.00 load
[runlim] sample:		4924.27 time, 4950.01 real, 5 MB, 27.00 load
[runlim] sample:		4934.22 time, 4960.01 real, 5 MB, 27.00 load
[runlim] sample:		4944.17 time, 4970.01 real, 5 MB, 27.00 load
[runlim] sample:		4954.11 time, 4980.01 real, 5 MB, 26.92 load
[runlim] sample:		4964.06 time, 4990.01 real, 5 MB, 25.92 load
[runlim] sample:		4974.01 time, 5000.01 real, 5 MB, 23.84 load
[runlim] end:			Thu Apr  9 21:55:20 2026
[runlim] status:		out of time
[runlim] result:		2
[runlim] children:		1
[runlim] processes:		2
[runlim] real:			5000.05 seconds
[runlim] time:			4974.01 seconds
[runlim] space:			5 MB
[runlim] load:			30.42 maximum
[runlim] samples:		50000
