[runlim] version:		2.0.0rc1
[runlim] host:			m09n14
[runlim] time limit:		311040000 seconds
[runlim] real time limit:	5000 seconds
[runlim] space limit:		7000 MB
[runlim] argv[0]:		./binary
[runlim] argv[1]:		-c
[runlim] argv[2]:		-s
[runlim] argv[3]:		-r
[runlim] argv[4]:		/tmp/local-unzipped-12459996-1-50-mc2025_track1_193.cnf
[runlim] start:			Thu Apr  9 20:32:27 2026
[runlim] child:			3845343
[runlim] sample:		9.93 time, 10.01 real, 686 MB, 24.53 load
[runlim] sample:		19.83 time, 20.01 real, 686 MB, 30.61 load
[runlim] sample:		29.77 time, 30.01 real, 686 MB, 35.75 load
[runlim] sample:		39.70 time, 40.01 real, 686 MB, 39.63 load
[runlim] sample:		49.63 time, 50.01 real, 694 MB, 42.76 load
[runlim] sample:		59.56 time, 60.01 real, 694 MB, 45.57 load
[runlim] sample:		69.50 time, 70.01 real, 709 MB, 47.95 load
[runlim] sample:		79.43 time, 80.01 real, 709 MB, 49.80 load
[runlim] sample:		89.36 time, 90.01 real, 686 MB, 51.52 load
[runlim] sample:		99.30 time, 100.01 real, 686 MB, 52.75 load
[runlim] sample:		109.24 time, 110.01 real, 686 MB, 53.63 load
[runlim] sample:		119.16 time, 120.01 real, 686 MB, 54.15 load
[runlim] sample:		129.10 time, 130.01 real, 706 MB, 54.59 load
[runlim] sample:		139.03 time, 140.01 real, 686 MB, 54.89 load
[runlim] sample:		148.96 time, 150.01 real, 686 MB, 55.13 load
[runlim] sample:		158.89 time, 160.01 real, 704 MB, 55.27 load
[runlim] sample:		168.82 time, 170.01 real, 698 MB, 55.38 load
[runlim] sample:		178.76 time, 180.01 real, 686 MB, 55.47 load
[runlim] sample:		188.68 time, 190.01 real, 686 MB, 55.70 load
[runlim] sample:		198.61 time, 200.01 real, 686 MB, 55.75 load
[runlim] sample:		208.55 time, 210.01 real, 686 MB, 55.79 load
[runlim] sample:		218.47 time, 220.01 real, 686 MB, 55.82 load
[runlim] sample:		228.41 time, 230.01 real, 706 MB, 55.92 load
[runlim] sample:		238.34 time, 240.01 real, 686 MB, 56.02 load
[runlim] sample:		248.27 time, 250.01 real, 686 MB, 56.17 load
[runlim] sample:		258.21 time, 260.01 real, 686 MB, 56.14 load
[runlim] sample:		268.14 time, 270.01 real, 686 MB, 56.20 load
[runlim] sample:		278.06 time, 280.01 real, 686 MB, 56.17 load
[runlim] sample:		288.00 time, 290.01 real, 709 MB, 56.14 load
[runlim] sample:		297.93 time, 300.01 real, 686 MB, 56.12 load
[runlim] sample:		307.87 time, 310.01 real, 686 MB, 56.10 load
[runlim] sample:		317.80 time, 320.01 real, 686 MB, 56.08 load
[runlim] sample:		327.72 time, 330.01 real, 686 MB, 56.07 load
[runlim] sample:		337.66 time, 340.01 real, 686 MB, 56.06 load
[runlim] sample:		347.59 time, 350.01 real, 686 MB, 56.12 load
[runlim] sample:		357.52 time, 360.01 real, 686 MB, 56.10 load
[runlim] sample:		367.45 time, 370.01 real, 686 MB, 56.16 load
[runlim] sample:		377.39 time, 380.01 real, 718 MB, 56.14 load
[runlim] sample:		387.32 time, 390.01 real, 686 MB, 56.19 load
[runlim] sample:		397.25 time, 400.01 real, 702 MB, 56.16 load
[runlim] sample:		407.19 time, 410.01 real, 718 MB, 56.21 load
[runlim] sample:		417.12 time, 420.01 real, 694 MB, 56.26 load
[runlim] sample:		427.04 time, 430.01 real, 702 MB, 56.29 load
[runlim] sample:		436.98 time, 440.01 real, 686 MB, 56.25 load
[runlim] sample:		446.91 time, 450.01 real, 686 MB, 56.21 load
[runlim] sample:		456.84 time, 460.01 real, 686 MB, 56.17 load
[runlim] sample:		466.78 time, 470.01 real, 686 MB, 56.22 load
[runlim] sample:		476.71 time, 480.01 real, 702 MB, 56.26 load
[runlim] sample:		486.64 time, 490.01 real, 686 MB, 56.22 load
[runlim] sample:		496.57 time, 500.01 real, 704 MB, 56.19 load
[runlim] sample:		506.50 time, 510.01 real, 704 MB, 56.00 load
[runlim] sample:		516.43 time, 520.01 real, 702 MB, 55.77 load
[runlim] sample:		526.36 time, 530.01 real, 686 MB, 55.57 load
[runlim] sample:		536.29 time, 540.01 real, 688 MB, 55.33 load
[runlim] sample:		546.23 time, 550.01 real, 692 MB, 55.28 load
[runlim] sample:		556.15 time, 560.01 real, 686 MB, 55.16 load
[runlim] sample:		566.08 time, 570.01 real, 714 MB, 55.06 load
[runlim] sample:		576.02 time, 580.01 real, 686 MB, 54.89 load
[runlim] sample:		585.95 time, 590.01 real, 686 MB, 54.83 load
[runlim] sample:		595.89 time, 600.01 real, 686 MB, 54.70 load
[runlim] sample:		605.82 time, 610.01 real, 695 MB, 54.67 load
[runlim] sample:		615.75 time, 620.01 real, 686 MB, 54.57 load
[runlim] sample:		625.69 time, 630.01 real, 709 MB, 54.56 load
[runlim] sample:		635.61 time, 640.01 real, 686 MB, 54.54 load
[runlim] sample:		645.55 time, 650.01 real, 686 MB, 54.46 load
[runlim] sample:		655.48 time, 660.01 real, 701 MB, 54.39 load
[runlim] sample:		665.41 time, 670.01 real, 686 MB, 54.40 load
[runlim] sample:		675.34 time, 680.01 real, 693 MB, 54.34 load
[runlim] sample:		685.28 time, 690.01 real, 686 MB, 54.29 load
[runlim] sample:		695.21 time, 700.01 real, 710 MB, 54.24 load
[runlim] sample:		705.14 time, 710.01 real, 686 MB, 54.28 load
[runlim] sample:		715.07 time, 720.01 real, 701 MB, 54.24 load
[runlim] sample:		725.00 time, 730.01 real, 708 MB, 54.28 load
[runlim] sample:		734.93 time, 740.01 real, 686 MB, 54.24 load
[runlim] sample:		744.86 time, 750.01 real, 706 MB, 54.20 load
[runlim] sample:		754.80 time, 760.01 real, 686 MB, 54.17 load
[runlim] sample:		764.73 time, 770.01 real, 698 MB, 54.14 load
[runlim] sample:		774.66 time, 780.01 real, 686 MB, 54.12 load
[runlim] sample:		784.59 time, 790.01 real, 686 MB, 54.34 load
[runlim] sample:		794.52 time, 800.01 real, 686 MB, 54.21 load
[runlim] sample:		804.45 time, 810.01 real, 692 MB, 54.02 load
[runlim] sample:		814.38 time, 820.01 real, 686 MB, 53.94 load
[runlim] sample:		824.32 time, 830.01 real, 686 MB, 53.80 load
[runlim] sample:		834.25 time, 840.01 real, 686 MB, 53.68 load
[runlim] sample:		844.18 time, 850.01 real, 686 MB, 53.57 load
[runlim] sample:		854.11 time, 860.01 real, 686 MB, 53.48 load
[runlim] sample:		864.04 time, 870.01 real, 686 MB, 53.48 load
[runlim] sample:		873.97 time, 880.01 real, 709 MB, 53.41 load
[runlim] sample:		883.90 time, 890.01 real, 686 MB, 53.34 load
[runlim] sample:		893.84 time, 900.01 real, 686 MB, 53.37 load
[runlim] sample:		903.77 time, 910.01 real, 686 MB, 53.55 load
[runlim] sample:		913.70 time, 920.01 real, 706 MB, 53.46 load
[runlim] sample:		923.63 time, 930.01 real, 686 MB, 53.47 load
[runlim] sample:		933.56 time, 940.01 real, 686 MB, 53.39 load
[runlim] sample:		943.49 time, 950.01 real, 717 MB, 53.33 load
[runlim] sample:		953.42 time, 960.01 real, 686 MB, 53.28 load
[runlim] sample:		963.35 time, 970.01 real, 686 MB, 53.24 load
[runlim] sample:		973.28 time, 980.01 real, 700 MB, 53.27 load
[runlim] sample:		983.21 time, 990.01 real, 696 MB, 53.23 load
[runlim] sample:		993.14 time, 1000.01 real, 709 MB, 53.36 load
[runlim] sample:		1003.07 time, 1010.01 real, 686 MB, 53.38 load
[runlim] sample:		1013.00 time, 1020.01 real, 686 MB, 53.32 load
[runlim] sample:		1022.94 time, 1030.01 real, 704 MB, 53.27 load
[runlim] sample:		1032.87 time, 1040.01 real, 686 MB, 53.23 load
[runlim] sample:		1042.80 time, 1050.01 real, 700 MB, 53.27 load
[runlim] sample:		1052.72 time, 1060.01 real, 686 MB, 53.30 load
[runlim] sample:		1062.65 time, 1070.01 real, 702 MB, 53.26 load
[runlim] sample:		1072.58 time, 1080.01 real, 686 MB, 53.22 load
[runlim] sample:		1082.51 time, 1090.01 real, 694 MB, 53.18 load
[runlim] sample:		1092.44 time, 1100.01 real, 686 MB, 53.24 load
[runlim] sample:		1102.37 time, 1110.01 real, 686 MB, 53.28 load
[runlim] sample:		1112.30 time, 1120.01 real, 709 MB, 53.24 load
[runlim] sample:		1122.23 time, 1130.01 real, 717 MB, 53.20 load
[runlim] sample:		1132.16 time, 1140.01 real, 692 MB, 53.17 load
[runlim] sample:		1142.09 time, 1150.01 real, 686 MB, 53.14 load
[runlim] sample:		1152.02 time, 1160.01 real, 686 MB, 53.12 load
[runlim] sample:		1161.94 time, 1170.01 real, 701 MB, 53.10 load
[runlim] sample:		1171.87 time, 1180.01 real, 686 MB, 53.08 load
[runlim] sample:		1181.80 time, 1190.01 real, 704 MB, 53.07 load
[runlim] sample:		1191.73 time, 1200.01 real, 694 MB, 53.06 load
[runlim] sample:		1201.66 time, 1210.01 real, 710 MB, 53.05 load
[runlim] sample:		1211.59 time, 1220.01 real, 686 MB, 53.04 load
[runlim] sample:		1221.52 time, 1230.01 real, 686 MB, 53.04 load
[runlim] sample:		1231.45 time, 1240.01 real, 686 MB, 53.11 load
[runlim] sample:		1241.38 time, 1250.01 real, 686 MB, 53.09 load
[runlim] sample:		1251.31 time, 1260.01 real, 686 MB, 53.08 load
[runlim] sample:		1261.25 time, 1270.01 real, 709 MB, 53.07 load
[runlim] sample:		1271.18 time, 1280.01 real, 698 MB, 53.14 load
[runlim] sample:		1281.11 time, 1290.01 real, 686 MB, 53.11 load
[runlim] sample:		1291.04 time, 1300.01 real, 686 MB, 53.10 load
[runlim] sample:		1300.98 time, 1310.01 real, 712 MB, 53.08 load
[runlim] sample:		1310.90 time, 1320.01 real, 686 MB, 53.07 load
[runlim] sample:		1320.84 time, 1330.01 real, 700 MB, 53.06 load
[runlim] sample:		1330.77 time, 1340.01 real, 686 MB, 53.05 load
[runlim] sample:		1340.70 time, 1350.01 real, 717 MB, 53.04 load
[runlim] sample:		1350.63 time, 1360.01 real, 694 MB, 53.03 load
[runlim] sample:		1360.56 time, 1370.01 real, 686 MB, 53.03 load
[runlim] sample:		1370.50 time, 1380.01 real, 694 MB, 53.02 load
[runlim] sample:		1380.43 time, 1390.01 real, 686 MB, 53.02 load
[runlim] sample:		1390.35 time, 1400.01 real, 686 MB, 53.02 load
[runlim] sample:		1400.28 time, 1410.01 real, 710 MB, 53.01 load
[runlim] sample:		1410.22 time, 1420.01 real, 686 MB, 53.01 load
[runlim] sample:		1420.14 time, 1430.01 real, 686 MB, 53.01 load
[runlim] sample:		1430.08 time, 1440.01 real, 695 MB, 53.09 load
[runlim] sample:		1440.01 time, 1450.01 real, 712 MB, 53.15 load
[runlim] sample:		1449.93 time, 1460.01 real, 686 MB, 53.13 load
[runlim] sample:		1459.86 time, 1470.01 real, 686 MB, 53.18 load
[runlim] sample:		1469.80 time, 1480.01 real, 701 MB, 53.15 load
[runlim] sample:		1479.72 time, 1490.01 real, 717 MB, 53.13 load
[runlim] sample:		1489.66 time, 1500.01 real, 704 MB, 53.11 load
[runlim] sample:		1499.59 time, 1510.01 real, 714 MB, 53.25 load
[runlim] sample:		1509.53 time, 1520.01 real, 686 MB, 53.29 load
[runlim] sample:		1519.46 time, 1530.01 real, 686 MB, 53.25 load
[runlim] sample:		1529.38 time, 1540.01 real, 686 MB, 53.21 load
[runlim] sample:		1539.32 time, 1550.01 real, 686 MB, 53.18 load
[runlim] sample:		1549.25 time, 1560.01 real, 686 MB, 53.15 load
[runlim] sample:		1559.19 time, 1570.01 real, 686 MB, 53.28 load
[runlim] sample:		1569.11 time, 1580.01 real, 686 MB, 53.24 load
[runlim] sample:		1579.04 time, 1590.01 real, 696 MB, 53.20 load
[runlim] sample:		1588.98 time, 1600.01 real, 700 MB, 53.17 load
[runlim] sample:		1598.90 time, 1610.01 real, 714 MB, 53.22 load
[runlim] sample:		1608.84 time, 1620.01 real, 702 MB, 53.26 load
[runlim] sample:		1618.78 time, 1630.01 real, 694 MB, 53.22 load
[runlim] sample:		1628.72 time, 1640.01 real, 686 MB, 53.19 load
[runlim] sample:		1638.66 time, 1650.01 real, 711 MB, 53.16 load
[runlim] sample:		1648.59 time, 1660.01 real, 686 MB, 53.21 load
[runlim] sample:		1658.53 time, 1670.01 real, 702 MB, 53.18 load
[runlim] sample:		1668.46 time, 1680.01 real, 686 MB, 53.39 load
[runlim] sample:		1678.40 time, 1690.01 real, 708 MB, 53.33 load
[runlim] sample:		1688.33 time, 1700.01 real, 717 MB, 53.28 load
[runlim] sample:		1698.26 time, 1710.01 real, 686 MB, 53.23 load
[runlim] sample:		1708.20 time, 1720.01 real, 701 MB, 53.27 load
[runlim] sample:		1718.14 time, 1730.01 real, 686 MB, 53.31 load
[runlim] sample:		1728.07 time, 1740.01 real, 686 MB, 53.26 load
[runlim] sample:		1738.01 time, 1750.01 real, 686 MB, 53.22 load
[runlim] sample:		1747.94 time, 1760.01 real, 686 MB, 53.27 load
[runlim] sample:		1757.88 time, 1770.01 real, 694 MB, 53.30 load
[runlim] sample:		1767.81 time, 1780.01 real, 686 MB, 53.25 load
[runlim] sample:		1777.75 time, 1790.01 real, 686 MB, 53.21 load
[runlim] sample:		1787.69 time, 1800.01 real, 709 MB, 53.18 load
[runlim] sample:		1797.63 time, 1810.01 real, 693 MB, 53.15 load
[runlim] sample:		1807.56 time, 1820.01 real, 701 MB, 53.13 load
[runlim] sample:		1817.50 time, 1830.01 real, 686 MB, 53.11 load
[runlim] sample:		1827.43 time, 1840.01 real, 686 MB, 53.33 load
[runlim] sample:		1837.37 time, 1850.01 real, 714 MB, 53.28 load
[runlim] sample:		1847.29 time, 1860.01 real, 686 MB, 53.24 load
[runlim] sample:		1857.23 time, 1870.01 real, 686 MB, 53.20 load
[runlim] sample:		1867.17 time, 1880.01 real, 686 MB, 53.24 load
[runlim] sample:		1877.10 time, 1890.01 real, 698 MB, 53.21 load
[runlim] sample:		1887.02 time, 1900.01 real, 714 MB, 53.17 load
[runlim] sample:		1896.96 time, 1910.01 real, 686 MB, 53.22 load
[runlim] sample:		1906.90 time, 1920.01 real, 717 MB, 53.19 load
[runlim] sample:		1916.84 time, 1930.01 real, 686 MB, 53.16 load
[runlim] sample:		1926.77 time, 1940.01 real, 714 MB, 53.13 load
[runlim] sample:		1936.70 time, 1950.01 real, 717 MB, 53.19 load
[runlim] sample:		1946.64 time, 1960.01 real, 690 MB, 53.16 load
[runlim] sample:		1956.57 time, 1970.01 real, 686 MB, 53.14 load
[runlim] sample:		1966.50 time, 1980.01 real, 712 MB, 53.19 load
[runlim] sample:		1976.44 time, 1990.01 real, 692 MB, 53.16 load
[runlim] sample:		1986.38 time, 2000.01 real, 686 MB, 53.13 load
[runlim] sample:		1996.32 time, 2010.01 real, 686 MB, 53.19 load
[runlim] sample:		2006.26 time, 2020.01 real, 686 MB, 53.16 load
[runlim] sample:		2016.19 time, 2030.01 real, 686 MB, 53.14 load
[runlim] sample:		2026.12 time, 2040.01 real, 686 MB, 53.12 load
[runlim] sample:		2036.07 time, 2050.01 real, 686 MB, 53.10 load
[runlim] sample:		2046.00 time, 2060.01 real, 710 MB, 53.08 load
[runlim] sample:		2055.93 time, 2070.01 real, 686 MB, 53.07 load
[runlim] sample:		2065.87 time, 2080.01 real, 698 MB, 53.06 load
[runlim] sample:		2075.80 time, 2090.01 real, 686 MB, 53.21 load
[runlim] sample:		2085.74 time, 2100.01 real, 686 MB, 53.18 load
[runlim] sample:		2095.67 time, 2110.01 real, 714 MB, 53.23 load
[runlim] sample:		2105.61 time, 2120.01 real, 686 MB, 53.19 load
[runlim] sample:		2115.55 time, 2130.01 real, 706 MB, 53.16 load
[runlim] sample:		2125.49 time, 2140.01 real, 686 MB, 53.14 load
[runlim] sample:		2135.42 time, 2150.01 real, 709 MB, 53.12 load
[runlim] sample:		2145.36 time, 2160.01 real, 714 MB, 53.18 load
[runlim] sample:		2155.30 time, 2170.01 real, 698 MB, 53.23 load
[runlim] sample:		2165.23 time, 2180.01 real, 710 MB, 53.28 load
[runlim] sample:		2175.17 time, 2190.01 real, 686 MB, 53.23 load
[runlim] sample:		2185.10 time, 2200.01 real, 686 MB, 53.27 load
[runlim] sample:		2195.03 time, 2210.01 real, 686 MB, 53.23 load
[runlim] sample:		2204.97 time, 2220.01 real, 718 MB, 53.19 load
[runlim] sample:		2214.90 time, 2230.01 real, 690 MB, 53.16 load
[runlim] sample:		2224.84 time, 2240.01 real, 711 MB, 53.29 load
[runlim] sample:		2234.78 time, 2250.01 real, 686 MB, 53.25 load
[runlim] sample:		2244.72 time, 2260.01 real, 709 MB, 53.21 load
[runlim] sample:		2254.65 time, 2270.01 real, 708 MB, 53.18 load
[runlim] sample:		2264.58 time, 2280.01 real, 686 MB, 53.15 load
[runlim] sample:		2274.52 time, 2290.01 real, 708 MB, 53.12 load
[runlim] sample:		2284.46 time, 2300.01 real, 686 MB, 53.11 load
[runlim] sample:		2294.40 time, 2310.01 real, 686 MB, 53.09 load
[runlim] sample:		2304.33 time, 2320.01 real, 709 MB, 53.07 load
[runlim] sample:		2314.26 time, 2330.01 real, 686 MB, 53.14 load
[runlim] sample:		2324.19 time, 2340.01 real, 686 MB, 53.36 load
[runlim] sample:		2334.13 time, 2350.01 real, 686 MB, 53.54 load
[runlim] sample:		2344.07 time, 2360.01 real, 695 MB, 53.45 load
[runlim] sample:		2354.01 time, 2370.01 real, 686 MB, 53.38 load
[runlim] sample:		2363.94 time, 2380.01 real, 716 MB, 53.32 load
[runlim] sample:		2373.87 time, 2390.01 real, 709 MB, 53.43 load
[runlim] sample:		2383.80 time, 2400.01 real, 686 MB, 53.37 load
[runlim] sample:		2393.75 time, 2410.01 real, 709 MB, 53.38 load
[runlim] sample:		2403.68 time, 2420.01 real, 686 MB, 53.32 load
[runlim] sample:		2413.61 time, 2430.01 real, 702 MB, 53.35 load
[runlim] sample:		2423.55 time, 2440.01 real, 701 MB, 53.37 load
[runlim] sample:		2433.49 time, 2450.01 real, 686 MB, 53.47 load
[runlim] sample:		2443.42 time, 2460.01 real, 696 MB, 53.40 load
[runlim] sample:		2453.36 time, 2470.01 real, 686 MB, 53.34 load
[runlim] sample:		2463.30 time, 2480.01 real, 690 MB, 53.59 load
[runlim] sample:		2473.23 time, 2490.01 real, 688 MB, 53.50 load
[runlim] sample:		2483.17 time, 2500.01 real, 686 MB, 53.42 load
[runlim] sample:		2493.10 time, 2510.01 real, 688 MB, 53.44 load
[runlim] sample:		2503.04 time, 2520.01 real, 708 MB, 53.37 load
[runlim] sample:		2512.97 time, 2530.01 real, 702 MB, 53.31 load
[runlim] sample:		2522.91 time, 2540.01 real, 693 MB, 53.26 load
[runlim] sample:		2532.85 time, 2550.01 real, 694 MB, 53.22 load
[runlim] sample:		2542.78 time, 2560.01 real, 692 MB, 53.19 load
[runlim] sample:		2552.71 time, 2570.01 real, 686 MB, 53.24 load
[runlim] sample:		2562.65 time, 2580.01 real, 718 MB, 53.20 load
[runlim] sample:		2572.58 time, 2590.01 real, 714 MB, 53.17 load
[runlim] sample:		2582.52 time, 2600.01 real, 708 MB, 53.14 load
[runlim] sample:		2592.45 time, 2610.01 real, 686 MB, 53.20 load
[runlim] sample:		2602.39 time, 2620.01 real, 686 MB, 53.17 load
[runlim] sample:		2612.33 time, 2630.01 real, 686 MB, 53.22 load
[runlim] sample:		2622.26 time, 2640.01 real, 686 MB, 53.19 load
[runlim] sample:		2632.20 time, 2650.01 real, 686 MB, 53.16 load
[runlim] sample:		2642.13 time, 2660.01 real, 702 MB, 53.13 load
[runlim] sample:		2652.07 time, 2670.01 real, 692 MB, 53.11 load
[runlim] sample:		2662.00 time, 2680.01 real, 710 MB, 53.17 load
[runlim] sample:		2671.94 time, 2690.01 real, 686 MB, 53.14 load
[runlim] sample:		2681.88 time, 2700.01 real, 701 MB, 53.12 load
[runlim] sample:		2691.81 time, 2710.01 real, 714 MB, 53.10 load
[runlim] sample:		2701.74 time, 2720.01 real, 686 MB, 53.09 load
[runlim] sample:		2711.69 time, 2730.01 real, 686 MB, 53.07 load
[runlim] sample:		2721.62 time, 2740.01 real, 686 MB, 53.06 load
[runlim] sample:		2731.56 time, 2750.01 real, 718 MB, 53.13 load
[runlim] sample:		2741.49 time, 2760.01 real, 686 MB, 53.11 load
[runlim] sample:		2751.43 time, 2770.01 real, 686 MB, 53.09 load
[runlim] sample:		2761.37 time, 2780.01 real, 686 MB, 53.08 load
[runlim] sample:		2771.30 time, 2790.01 real, 708 MB, 53.07 load
[runlim] sample:		2781.24 time, 2800.01 real, 686 MB, 53.06 load
[runlim] sample:		2791.17 time, 2810.01 real, 686 MB, 53.13 load
[runlim] sample:		2801.11 time, 2820.01 real, 686 MB, 53.11 load
[runlim] sample:		2811.05 time, 2830.01 real, 686 MB, 53.09 load
[runlim] sample:		2820.98 time, 2840.01 real, 693 MB, 53.08 load
[runlim] sample:		2830.91 time, 2850.01 real, 695 MB, 53.06 load
[runlim] sample:		2840.86 time, 2860.01 real, 709 MB, 53.42 load
[runlim] sample:		2850.79 time, 2870.01 real, 686 MB, 53.44 load
[runlim] sample:		2860.72 time, 2880.01 real, 686 MB, 53.44 load
[runlim] sample:		2870.66 time, 2890.01 real, 701 MB, 53.37 load
[runlim] sample:		2880.60 time, 2900.01 real, 706 MB, 53.32 load
[runlim] sample:		2890.54 time, 2910.01 real, 688 MB, 53.27 load
[runlim] sample:		2900.47 time, 2920.01 real, 686 MB, 53.37 load
[runlim] sample:		2910.40 time, 2930.01 real, 692 MB, 53.40 load
[runlim] sample:		2920.34 time, 2940.01 real, 686 MB, 53.42 load
[runlim] sample:		2930.27 time, 2950.01 real, 694 MB, 53.35 load
[runlim] sample:		2940.22 time, 2960.01 real, 693 MB, 53.38 load
[runlim] sample:		2950.15 time, 2970.01 real, 686 MB, 53.32 load
[runlim] sample:		2960.08 time, 2980.01 real, 686 MB, 53.34 load
[runlim] sample:		2970.01 time, 2990.01 real, 694 MB, 53.29 load
[runlim] sample:		2979.94 time, 3000.01 real, 686 MB, 53.32 load
[runlim] sample:		2989.88 time, 3010.01 real, 686 MB, 53.27 load
[runlim] sample:		2999.82 time, 3020.01 real, 686 MB, 53.23 load
[runlim] sample:		3009.76 time, 3030.01 real, 706 MB, 53.19 load
[runlim] sample:		3019.70 time, 3040.01 real, 686 MB, 53.16 load
[runlim] sample:		3029.64 time, 3050.01 real, 690 MB, 53.14 load
[runlim] sample:		3039.56 time, 3060.01 real, 701 MB, 53.12 load
[runlim] sample:		3049.50 time, 3070.01 real, 708 MB, 53.18 load
[runlim] sample:		3059.44 time, 3080.01 real, 686 MB, 53.22 load
[runlim] sample:		3069.38 time, 3090.01 real, 686 MB, 53.19 load
[runlim] sample:		3079.31 time, 3100.01 real, 688 MB, 53.16 load
[runlim] sample:		3089.24 time, 3110.01 real, 700 MB, 53.21 load
[runlim] sample:		3099.18 time, 3120.01 real, 686 MB, 53.18 load
[runlim] sample:		3109.12 time, 3130.01 real, 686 MB, 53.15 load
[runlim] sample:		3119.05 time, 3140.01 real, 686 MB, 53.13 load
[runlim] sample:		3128.99 time, 3150.01 real, 686 MB, 53.18 load
[runlim] sample:		3138.93 time, 3160.01 real, 690 MB, 53.15 load
[runlim] sample:		3148.86 time, 3170.01 real, 693 MB, 53.13 load
[runlim] sample:		3158.80 time, 3180.01 real, 686 MB, 53.11 load
[runlim] sample:		3168.73 time, 3190.01 real, 686 MB, 53.17 load
[runlim] sample:		3178.67 time, 3200.01 real, 686 MB, 53.15 load
[runlim] sample:		3188.61 time, 3210.01 real, 710 MB, 53.12 load
[runlim] sample:		3198.55 time, 3220.01 real, 686 MB, 53.10 load
[runlim] sample:		3208.48 time, 3230.01 real, 702 MB, 53.09 load
[runlim] sample:		3218.42 time, 3240.01 real, 700 MB, 53.07 load
[runlim] sample:		3228.35 time, 3250.01 real, 686 MB, 53.14 load
[runlim] sample:		3238.29 time, 3260.01 real, 712 MB, 53.12 load
[runlim] sample:		3248.24 time, 3270.01 real, 686 MB, 53.10 load
[runlim] sample:		3258.18 time, 3280.01 real, 686 MB, 53.08 load
[runlim] sample:		3268.12 time, 3290.01 real, 709 MB, 53.07 load
[runlim] sample:		3278.06 time, 3300.01 real, 686 MB, 53.06 load
[runlim] sample:		3288.00 time, 3310.01 real, 701 MB, 53.20 load
[runlim] sample:		3297.94 time, 3320.01 real, 708 MB, 53.17 load
[runlim] sample:		3307.88 time, 3330.01 real, 710 MB, 53.15 load
[runlim] sample:		3317.82 time, 3340.01 real, 686 MB, 53.12 load
[runlim] sample:		3327.76 time, 3350.01 real, 686 MB, 53.25 load
[runlim] sample:		3337.70 time, 3360.01 real, 686 MB, 53.29 load
[runlim] sample:		3347.64 time, 3370.01 real, 686 MB, 53.25 load
[runlim] sample:		3357.59 time, 3380.01 real, 702 MB, 53.21 load
[runlim] sample:		3367.52 time, 3390.01 real, 686 MB, 53.18 load
[runlim] sample:		3377.46 time, 3400.01 real, 702 MB, 53.15 load
[runlim] sample:		3387.40 time, 3410.01 real, 688 MB, 53.12 load
[runlim] sample:		3397.35 time, 3420.01 real, 686 MB, 53.11 load
[runlim] sample:		3407.28 time, 3430.01 real, 712 MB, 53.09 load
[runlim] sample:		3417.22 time, 3440.01 real, 686 MB, 53.30 load
[runlim] sample:		3427.17 time, 3450.01 real, 698 MB, 53.26 load
[runlim] sample:		3437.11 time, 3460.01 real, 686 MB, 53.29 load
[runlim] sample:		3447.05 time, 3470.01 real, 686 MB, 53.25 load
[runlim] sample:		3456.98 time, 3480.01 real, 686 MB, 53.28 load
[runlim] sample:		3466.92 time, 3490.01 real, 716 MB, 53.48 load
[runlim] sample:		3476.85 time, 3500.01 real, 686 MB, 53.55 load
[runlim] sample:		3486.80 time, 3510.01 real, 686 MB, 53.47 load
[runlim] sample:		3496.74 time, 3520.01 real, 686 MB, 53.39 load
[runlim] sample:		3506.68 time, 3530.01 real, 694 MB, 53.33 load
[runlim] sample:		3516.61 time, 3540.01 real, 694 MB, 53.28 load
[runlim] sample:		3526.55 time, 3550.01 real, 686 MB, 53.31 load
[runlim] sample:		3536.49 time, 3560.01 real, 714 MB, 53.34 load
[runlim] sample:		3546.43 time, 3570.01 real, 686 MB, 53.28 load
[runlim] sample:		3556.37 time, 3580.01 real, 686 MB, 53.24 load
[runlim] sample:		3566.32 time, 3590.01 real, 714 MB, 53.20 load
[runlim] sample:		3576.28 time, 3600.01 real, 706 MB, 53.25 load
[runlim] sample:		3586.23 time, 3610.01 real, 686 MB, 53.21 load
[runlim] sample:		3596.17 time, 3620.01 real, 686 MB, 53.25 load
[runlim] sample:		3606.11 time, 3630.01 real, 686 MB, 53.21 load
[runlim] sample:		3616.04 time, 3640.01 real, 694 MB, 53.18 load
[runlim] sample:		3625.99 time, 3650.01 real, 690 MB, 53.15 load
[runlim] sample:		3635.92 time, 3660.01 real, 686 MB, 53.13 load
[runlim] sample:		3645.87 time, 3670.01 real, 693 MB, 53.11 load
[runlim] sample:		3655.80 time, 3680.01 real, 693 MB, 53.09 load
[runlim] sample:		3665.75 time, 3690.01 real, 686 MB, 53.08 load
[runlim] sample:		3675.69 time, 3700.01 real, 686 MB, 53.14 load
[runlim] sample:		3685.62 time, 3710.01 real, 709 MB, 53.12 load
[runlim] sample:		3695.57 time, 3720.01 real, 686 MB, 53.10 load
[runlim] sample:		3705.50 time, 3730.01 real, 686 MB, 53.08 load
[runlim] sample:		3715.45 time, 3740.01 real, 686 MB, 53.07 load
[runlim] sample:		3725.39 time, 3750.01 real, 688 MB, 53.06 load
[runlim] sample:		3735.32 time, 3760.01 real, 686 MB, 53.20 load
[runlim] sample:		3745.26 time, 3770.01 real, 686 MB, 53.17 load
[runlim] sample:		3755.21 time, 3780.01 real, 688 MB, 53.14 load
[runlim] sample:		3765.15 time, 3790.01 real, 716 MB, 53.12 load
[runlim] sample:		3775.09 time, 3800.01 real, 704 MB, 53.18 load
[runlim] sample:		3785.03 time, 3810.01 real, 686 MB, 53.15 load
[runlim] sample:		3794.96 time, 3820.01 real, 686 MB, 53.20 load
[runlim] sample:		3804.91 time, 3830.01 real, 694 MB, 53.17 load
[runlim] sample:		3814.85 time, 3840.01 real, 696 MB, 53.14 load
[runlim] sample:		3824.79 time, 3850.01 real, 692 MB, 53.12 load
[runlim] sample:		3834.73 time, 3860.01 real, 708 MB, 53.10 load
[runlim] sample:		3844.68 time, 3870.01 real, 686 MB, 53.09 load
[runlim] sample:		3854.61 time, 3880.01 real, 686 MB, 53.07 load
[runlim] sample:		3864.56 time, 3890.01 real, 686 MB, 53.14 load
[runlim] sample:		3874.50 time, 3900.01 real, 686 MB, 53.19 load
[runlim] sample:		3884.44 time, 3910.01 real, 686 MB, 53.16 load
[runlim] sample:		3894.37 time, 3920.01 real, 686 MB, 53.14 load
[runlim] sample:		3904.31 time, 3930.01 real, 686 MB, 53.20 load
[runlim] sample:		3914.26 time, 3940.01 real, 693 MB, 53.47 load
[runlim] sample:		3924.20 time, 3950.01 real, 710 MB, 53.40 load
[runlim] sample:		3934.13 time, 3960.01 real, 686 MB, 53.42 load
[runlim] sample:		3944.07 time, 3970.01 real, 686 MB, 53.35 load
[runlim] sample:		3954.02 time, 3980.01 real, 686 MB, 53.37 load
[runlim] sample:		3963.95 time, 3990.01 real, 686 MB, 53.31 load
[runlim] sample:		3973.90 time, 4000.01 real, 686 MB, 53.26 load
[runlim] sample:		3983.84 time, 4010.01 real, 686 MB, 53.22 load
[runlim] sample:		3993.77 time, 4020.01 real, 710 MB, 53.19 load
[runlim] sample:		4003.71 time, 4030.01 real, 712 MB, 53.16 load
[runlim] sample:		4013.65 time, 4040.01 real, 686 MB, 53.13 load
[runlim] sample:		4023.59 time, 4050.01 real, 693 MB, 53.26 load
[runlim] sample:		4033.53 time, 4060.01 real, 686 MB, 53.22 load
[runlim] sample:		4043.47 time, 4070.01 real, 686 MB, 53.19 load
[runlim] sample:		4053.41 time, 4080.01 real, 693 MB, 53.23 load
[runlim] sample:		4063.35 time, 4090.01 real, 686 MB, 53.19 load
[runlim] sample:		4073.29 time, 4100.01 real, 686 MB, 53.16 load
[runlim] sample:		4083.23 time, 4110.01 real, 688 MB, 53.22 load
[runlim] sample:		4093.17 time, 4120.01 real, 686 MB, 53.18 load
[runlim] sample:		4103.11 time, 4130.01 real, 686 MB, 53.16 load
[runlim] sample:		4113.05 time, 4140.01 real, 686 MB, 53.21 load
[runlim] sample:		4122.99 time, 4150.01 real, 686 MB, 53.17 load
[runlim] sample:		4132.93 time, 4160.01 real, 694 MB, 53.15 load
[runlim] sample:		4142.87 time, 4170.01 real, 708 MB, 53.12 load
[runlim] sample:		4152.81 time, 4180.01 real, 712 MB, 53.10 load
[runlim] sample:		4162.75 time, 4190.01 real, 686 MB, 53.09 load
[runlim] sample:		4172.69 time, 4200.01 real, 704 MB, 53.15 load
[runlim] sample:		4182.63 time, 4210.01 real, 706 MB, 53.13 load
[runlim] sample:		4192.57 time, 4220.01 real, 686 MB, 53.11 load
[runlim] sample:		4202.52 time, 4230.01 real, 708 MB, 53.09 load
[runlim] sample:		4212.46 time, 4240.01 real, 686 MB, 53.08 load
[runlim] sample:		4222.39 time, 4250.01 real, 717 MB, 53.06 load
[runlim] sample:		4232.33 time, 4260.01 real, 693 MB, 53.22 load
[runlim] sample:		4242.27 time, 4270.01 real, 686 MB, 53.18 load
[runlim] sample:		4252.21 time, 4280.01 real, 686 MB, 53.15 load
[runlim] sample:		4262.15 time, 4290.01 real, 701 MB, 53.13 load
[runlim] sample:		4272.09 time, 4300.01 real, 702 MB, 53.11 load
[runlim] sample:		4282.02 time, 4310.01 real, 686 MB, 53.09 load
[runlim] sample:		4291.96 time, 4320.01 real, 688 MB, 53.16 load
[runlim] sample:		4301.90 time, 4330.01 real, 686 MB, 53.13 load
[runlim] sample:		4311.85 time, 4340.01 real, 686 MB, 53.11 load
[runlim] sample:		4321.78 time, 4350.01 real, 701 MB, 53.09 load
[runlim] sample:		4331.72 time, 4360.01 real, 686 MB, 53.08 load
[runlim] sample:		4341.67 time, 4370.01 real, 686 MB, 53.07 load
[runlim] sample:		4351.61 time, 4380.01 real, 686 MB, 53.14 load
[runlim] sample:		4361.54 time, 4390.01 real, 708 MB, 53.12 load
[runlim] sample:		4371.47 time, 4400.01 real, 686 MB, 53.18 load
[runlim] sample:		4381.41 time, 4410.01 real, 714 MB, 53.15 load
[runlim] sample:		4391.34 time, 4420.01 real, 686 MB, 53.13 load
[runlim] sample:		4401.28 time, 4430.01 real, 686 MB, 53.11 load
[runlim] sample:		4411.22 time, 4440.01 real, 686 MB, 53.17 load
[runlim] sample:		4421.16 time, 4450.01 real, 698 MB, 53.22 load
[runlim] sample:		4431.10 time, 4460.01 real, 717 MB, 53.18 load
[runlim] sample:		4441.04 time, 4470.01 real, 696 MB, 53.23 load
[runlim] sample:		4450.98 time, 4480.01 real, 704 MB, 53.41 load
[runlim] sample:		4460.92 time, 4490.01 real, 686 MB, 53.35 load
[runlim] sample:		4470.86 time, 4500.01 real, 712 MB, 53.30 load
[runlim] sample:		4480.80 time, 4510.01 real, 717 MB, 53.25 load
[runlim] sample:		4490.73 time, 4520.01 real, 694 MB, 53.21 load
[runlim] sample:		4500.67 time, 4530.01 real, 686 MB, 53.25 load
[runlim] sample:		4510.61 time, 4540.01 real, 698 MB, 53.21 load
[runlim] sample:		4520.54 time, 4550.01 real, 686 MB, 53.25 load
[runlim] sample:		4530.48 time, 4560.01 real, 686 MB, 53.21 load
[runlim] sample:		4540.42 time, 4570.01 real, 686 MB, 53.18 load
[runlim] sample:		4550.36 time, 4580.01 real, 714 MB, 53.15 load
[runlim] sample:		4560.30 time, 4590.01 real, 686 MB, 53.13 load
[runlim] sample:		4570.24 time, 4600.01 real, 686 MB, 53.11 load
[runlim] sample:		4580.18 time, 4610.01 real, 686 MB, 53.40 load
[runlim] sample:		4590.12 time, 4620.01 real, 686 MB, 53.42 load
[runlim] sample:		4600.06 time, 4630.01 real, 686 MB, 53.35 load
[runlim] sample:		4610.00 time, 4640.01 real, 712 MB, 53.30 load
[runlim] sample:		4619.93 time, 4650.01 real, 694 MB, 53.25 load
[runlim] sample:		4629.87 time, 4660.01 real, 686 MB, 53.21 load
[runlim] sample:		4639.80 time, 4670.01 real, 686 MB, 53.18 load
[runlim] sample:		4649.74 time, 4680.01 real, 708 MB, 53.15 load
[runlim] sample:		4659.68 time, 4690.01 real, 686 MB, 53.13 load
[runlim] sample:		4669.62 time, 4700.01 real, 686 MB, 53.19 load
[runlim] sample:		4679.55 time, 4710.01 real, 692 MB, 53.16 load
[runlim] sample:		4689.49 time, 4720.01 real, 686 MB, 53.13 load
[runlim] sample:		4699.43 time, 4730.01 real, 686 MB, 53.19 load
[runlim] sample:		4709.37 time, 4740.01 real, 686 MB, 53.24 load
[runlim] sample:		4719.30 time, 4750.01 real, 686 MB, 53.20 load
[runlim] sample:		4729.24 time, 4760.01 real, 686 MB, 53.25 load
[runlim] sample:		4739.18 time, 4770.01 real, 686 MB, 53.29 load
[runlim] sample:		4749.11 time, 4780.01 real, 709 MB, 53.25 load
[runlim] sample:		4759.04 time, 4790.01 real, 702 MB, 53.21 load
[runlim] sample:		4768.98 time, 4800.01 real, 686 MB, 53.26 load
[runlim] sample:		4778.92 time, 4810.01 real, 686 MB, 53.22 load
[runlim] sample:		4788.85 time, 4820.01 real, 686 MB, 53.26 load
[runlim] sample:		4798.79 time, 4830.01 real, 686 MB, 53.22 load
[runlim] sample:		4808.73 time, 4840.01 real, 709 MB, 53.19 load
[runlim] sample:		4818.66 time, 4850.01 real, 686 MB, 53.23 load
[runlim] sample:		4828.59 time, 4860.01 real, 686 MB, 53.20 load
[runlim] sample:		4838.53 time, 4870.01 real, 686 MB, 53.17 load
[runlim] sample:		4848.47 time, 4880.01 real, 686 MB, 53.22 load
[runlim] sample:		4858.40 time, 4890.01 real, 709 MB, 53.19 load
[runlim] sample:		4868.34 time, 4900.01 real, 686 MB, 53.16 load
[runlim] sample:		4878.28 time, 4910.01 real, 686 MB, 53.29 load
[runlim] sample:		4888.22 time, 4920.01 real, 686 MB, 53.25 load
[runlim] sample:		4898.15 time, 4930.01 real, 713 MB, 53.21 load
[runlim] sample:		4908.09 time, 4940.01 real, 711 MB, 53.26 load
[runlim] sample:		4918.03 time, 4950.01 real, 687 MB, 53.22 load
[runlim] sample:		4927.96 time, 4960.01 real, 687 MB, 52.55 load
[runlim] sample:		4937.90 time, 4970.01 real, 687 MB, 50.85 load
[runlim] sample:		4947.84 time, 4980.01 real, 687 MB, 48.32 load
[runlim] sample:		4957.78 time, 4990.01 real, 687 MB, 44.87 load
[runlim] sample:		4967.73 time, 5000.01 real, 688 MB, 40.64 load
[runlim] end:			Thu Apr  9 21:55:47 2026
[runlim] status:		out of time
[runlim] result:		2
[runlim] children:		1
[runlim] processes:		2
[runlim] real:			5000.05 seconds
[runlim] time:			4967.73 seconds
[runlim] space:			719 MB
[runlim] load:			56.32 maximum
[runlim] samples:		50000
