[runlim] version:		2.0.0rc1
[runlim] host:			m09n14
[runlim] time limit:		311040000 seconds
[runlim] real time limit:	5000 seconds
[runlim] space limit:		7000 MB
[runlim] argv[0]:		./binary
[runlim] argv[1]:		-c
[runlim] argv[2]:		-s
[runlim] argv[3]:		-r
[runlim] argv[4]:		/tmp/local-unzipped-12459996-1-60-mc2025_track1_017.cnf
[runlim] start:			Thu Apr  9 20:32:36 2026
[runlim] child:			3845695
[runlim] sample:		9.92 time, 10.01 real, 5 MB, 30.61 load
[runlim] sample:		19.86 time, 20.01 real, 5 MB, 35.75 load
[runlim] sample:		29.80 time, 30.01 real, 5 MB, 39.63 load
[runlim] sample:		39.74 time, 40.01 real, 5 MB, 42.76 load
[runlim] sample:		49.68 time, 50.01 real, 5 MB, 45.57 load
[runlim] sample:		59.63 time, 60.01 real, 5 MB, 47.95 load
[runlim] sample:		69.57 time, 70.01 real, 5 MB, 49.80 load
[runlim] sample:		79.51 time, 80.01 real, 5 MB, 51.52 load
[runlim] sample:		89.45 time, 90.01 real, 5 MB, 52.75 load
[runlim] sample:		99.40 time, 100.01 real, 5 MB, 53.63 load
[runlim] sample:		109.34 time, 110.01 real, 5 MB, 54.15 load
[runlim] sample:		119.28 time, 120.01 real, 5 MB, 54.59 load
[runlim] sample:		129.23 time, 130.01 real, 5 MB, 54.89 load
[runlim] sample:		139.17 time, 140.01 real, 5 MB, 55.13 load
[runlim] sample:		149.12 time, 150.01 real, 5 MB, 55.27 load
[runlim] sample:		159.06 time, 160.01 real, 5 MB, 55.38 load
[runlim] sample:		169.00 time, 170.01 real, 5 MB, 55.47 load
[runlim] sample:		178.94 time, 180.01 real, 5 MB, 55.70 load
[runlim] sample:		188.88 time, 190.01 real, 5 MB, 55.75 load
[runlim] sample:		198.83 time, 200.01 real, 5 MB, 55.79 load
[runlim] sample:		208.77 time, 210.01 real, 5 MB, 55.82 load
[runlim] sample:		218.71 time, 220.01 real, 5 MB, 55.92 load
[runlim] sample:		228.65 time, 230.01 real, 5 MB, 56.02 load
[runlim] sample:		238.59 time, 240.01 real, 5 MB, 56.17 load
[runlim] sample:		248.54 time, 250.01 real, 5 MB, 56.14 load
[runlim] sample:		258.48 time, 260.01 real, 5 MB, 56.20 load
[runlim] sample:		268.42 time, 270.01 real, 5 MB, 56.17 load
[runlim] sample:		278.36 time, 280.01 real, 5 MB, 56.14 load
[runlim] sample:		288.31 time, 290.01 real, 5 MB, 56.12 load
[runlim] sample:		298.25 time, 300.01 real, 5 MB, 56.10 load
[runlim] sample:		308.19 time, 310.01 real, 5 MB, 56.08 load
[runlim] sample:		318.14 time, 320.01 real, 5 MB, 56.07 load
[runlim] sample:		328.08 time, 330.01 real, 5 MB, 56.06 load
[runlim] sample:		338.02 time, 340.01 real, 5 MB, 56.12 load
[runlim] sample:		347.96 time, 350.01 real, 5 MB, 56.10 load
[runlim] sample:		357.91 time, 360.01 real, 5 MB, 56.16 load
[runlim] sample:		367.85 time, 370.01 real, 5 MB, 56.14 load
[runlim] sample:		377.79 time, 380.01 real, 5 MB, 56.19 load
[runlim] sample:		387.73 time, 390.01 real, 5 MB, 56.16 load
[runlim] sample:		397.68 time, 400.01 real, 5 MB, 56.21 load
[runlim] sample:		407.62 time, 410.01 real, 5 MB, 56.26 load
[runlim] sample:		417.56 time, 420.01 real, 5 MB, 56.29 load
[runlim] sample:		427.50 time, 430.01 real, 5 MB, 56.25 load
[runlim] sample:		437.44 time, 440.01 real, 5 MB, 56.21 load
[runlim] sample:		447.39 time, 450.01 real, 5 MB, 56.17 load
[runlim] sample:		457.33 time, 460.01 real, 5 MB, 56.22 load
[runlim] sample:		467.27 time, 470.01 real, 5 MB, 56.26 load
[runlim] sample:		477.22 time, 480.01 real, 5 MB, 56.22 load
[runlim] sample:		487.16 time, 490.01 real, 5 MB, 56.19 load
[runlim] sample:		497.10 time, 500.01 real, 5 MB, 56.00 load
[runlim] sample:		507.04 time, 510.01 real, 5 MB, 55.77 load
[runlim] sample:		516.99 time, 520.01 real, 5 MB, 55.57 load
[runlim] sample:		526.93 time, 530.01 real, 5 MB, 55.33 load
[runlim] sample:		536.87 time, 540.01 real, 5 MB, 55.28 load
[runlim] sample:		546.82 time, 550.01 real, 5 MB, 55.16 load
[runlim] sample:		556.76 time, 560.01 real, 5 MB, 55.06 load
[runlim] sample:		566.70 time, 570.01 real, 5 MB, 54.89 load
[runlim] sample:		576.65 time, 580.01 real, 5 MB, 54.83 load
[runlim] sample:		586.59 time, 590.01 real, 5 MB, 54.70 load
[runlim] sample:		596.54 time, 600.01 real, 5 MB, 54.67 load
[runlim] sample:		606.48 time, 610.01 real, 5 MB, 54.57 load
[runlim] sample:		616.42 time, 620.01 real, 5 MB, 54.56 load
[runlim] sample:		626.37 time, 630.01 real, 5 MB, 54.54 load
[runlim] sample:		636.31 time, 640.01 real, 5 MB, 54.46 load
[runlim] sample:		646.25 time, 650.01 real, 5 MB, 54.39 load
[runlim] sample:		656.20 time, 660.01 real, 5 MB, 54.40 load
[runlim] sample:		666.14 time, 670.01 real, 5 MB, 54.34 load
[runlim] sample:		676.08 time, 680.01 real, 5 MB, 54.29 load
[runlim] sample:		686.03 time, 690.01 real, 5 MB, 54.24 load
[runlim] sample:		695.97 time, 700.01 real, 5 MB, 54.28 load
[runlim] sample:		705.91 time, 710.01 real, 5 MB, 54.24 load
[runlim] sample:		715.85 time, 720.01 real, 5 MB, 54.28 load
[runlim] sample:		725.80 time, 730.01 real, 5 MB, 54.24 load
[runlim] sample:		735.74 time, 740.01 real, 5 MB, 54.20 load
[runlim] sample:		745.68 time, 750.01 real, 5 MB, 54.17 load
[runlim] sample:		755.62 time, 760.01 real, 5 MB, 54.14 load
[runlim] sample:		765.57 time, 770.01 real, 5 MB, 54.12 load
[runlim] sample:		775.51 time, 780.01 real, 5 MB, 54.34 load
[runlim] sample:		785.45 time, 790.01 real, 5 MB, 54.21 load
[runlim] sample:		795.39 time, 800.01 real, 5 MB, 54.02 load
[runlim] sample:		805.33 time, 810.01 real, 5 MB, 53.94 load
[runlim] sample:		815.27 time, 820.01 real, 5 MB, 53.80 load
[runlim] sample:		825.21 time, 830.01 real, 5 MB, 53.68 load
[runlim] sample:		835.16 time, 840.01 real, 5 MB, 53.57 load
[runlim] sample:		845.10 time, 850.01 real, 5 MB, 53.48 load
[runlim] sample:		855.04 time, 860.01 real, 5 MB, 53.48 load
[runlim] sample:		864.98 time, 870.01 real, 5 MB, 53.41 load
[runlim] sample:		874.92 time, 880.01 real, 5 MB, 53.34 load
[runlim] sample:		884.86 time, 890.01 real, 5 MB, 53.37 load
[runlim] sample:		894.80 time, 900.01 real, 5 MB, 53.55 load
[runlim] sample:		904.74 time, 910.01 real, 5 MB, 53.46 load
[runlim] sample:		914.68 time, 920.01 real, 5 MB, 53.47 load
[runlim] sample:		924.62 time, 930.01 real, 5 MB, 53.39 load
[runlim] sample:		934.56 time, 940.01 real, 5 MB, 53.33 load
[runlim] sample:		944.50 time, 950.01 real, 5 MB, 53.28 load
[runlim] sample:		954.44 time, 960.01 real, 5 MB, 53.24 load
[runlim] sample:		964.38 time, 970.01 real, 5 MB, 53.27 load
[runlim] sample:		974.32 time, 980.01 real, 5 MB, 53.23 load
[runlim] sample:		984.26 time, 990.01 real, 5 MB, 53.36 load
[runlim] sample:		994.20 time, 1000.01 real, 5 MB, 53.38 load
[runlim] sample:		1004.14 time, 1010.01 real, 5 MB, 53.32 load
[runlim] sample:		1014.08 time, 1020.01 real, 5 MB, 53.27 load
[runlim] sample:		1024.02 time, 1030.01 real, 5 MB, 53.23 load
[runlim] sample:		1033.97 time, 1040.01 real, 5 MB, 53.27 load
[runlim] sample:		1043.90 time, 1050.01 real, 5 MB, 53.30 load
[runlim] sample:		1053.84 time, 1060.01 real, 5 MB, 53.26 load
[runlim] sample:		1063.78 time, 1070.01 real, 5 MB, 53.22 load
[runlim] sample:		1073.72 time, 1080.01 real, 5 MB, 53.18 load
[runlim] sample:		1083.66 time, 1090.01 real, 5 MB, 53.24 load
[runlim] sample:		1093.60 time, 1100.01 real, 5 MB, 53.28 load
[runlim] sample:		1103.54 time, 1110.01 real, 5 MB, 53.24 load
[runlim] sample:		1113.48 time, 1120.01 real, 5 MB, 53.20 load
[runlim] sample:		1123.42 time, 1130.01 real, 5 MB, 53.17 load
[runlim] sample:		1133.36 time, 1140.01 real, 5 MB, 53.14 load
[runlim] sample:		1143.30 time, 1150.01 real, 5 MB, 53.12 load
[runlim] sample:		1153.24 time, 1160.01 real, 5 MB, 53.10 load
[runlim] sample:		1163.18 time, 1170.01 real, 5 MB, 53.08 load
[runlim] sample:		1173.12 time, 1180.01 real, 5 MB, 53.07 load
[runlim] sample:		1183.06 time, 1190.01 real, 5 MB, 53.06 load
[runlim] sample:		1193.00 time, 1200.01 real, 5 MB, 53.05 load
[runlim] sample:		1202.94 time, 1210.01 real, 5 MB, 53.04 load
[runlim] sample:		1212.88 time, 1220.01 real, 5 MB, 53.04 load
[runlim] sample:		1222.82 time, 1230.01 real, 5 MB, 53.11 load
[runlim] sample:		1232.76 time, 1240.01 real, 5 MB, 53.09 load
[runlim] sample:		1242.70 time, 1250.01 real, 5 MB, 53.08 load
[runlim] sample:		1252.64 time, 1260.01 real, 5 MB, 53.07 load
[runlim] sample:		1262.58 time, 1270.01 real, 5 MB, 53.14 load
[runlim] sample:		1272.52 time, 1280.01 real, 5 MB, 53.11 load
[runlim] sample:		1282.45 time, 1290.01 real, 5 MB, 53.10 load
[runlim] sample:		1292.38 time, 1300.01 real, 5 MB, 53.08 load
[runlim] sample:		1302.31 time, 1310.01 real, 5 MB, 53.07 load
[runlim] sample:		1312.25 time, 1320.01 real, 5 MB, 53.06 load
[runlim] sample:		1322.18 time, 1330.01 real, 5 MB, 53.05 load
[runlim] sample:		1332.12 time, 1340.01 real, 5 MB, 53.04 load
[runlim] sample:		1342.06 time, 1350.01 real, 5 MB, 53.03 load
[runlim] sample:		1352.00 time, 1360.01 real, 5 MB, 53.03 load
[runlim] sample:		1361.94 time, 1370.01 real, 5 MB, 53.02 load
[runlim] sample:		1371.87 time, 1380.01 real, 5 MB, 53.02 load
[runlim] sample:		1381.81 time, 1390.01 real, 5 MB, 53.02 load
[runlim] sample:		1391.75 time, 1400.01 real, 5 MB, 53.01 load
[runlim] sample:		1401.69 time, 1410.01 real, 5 MB, 53.01 load
[runlim] sample:		1411.62 time, 1420.01 real, 5 MB, 53.01 load
[runlim] sample:		1421.56 time, 1430.01 real, 5 MB, 53.09 load
[runlim] sample:		1431.50 time, 1440.01 real, 5 MB, 53.15 load
[runlim] sample:		1441.44 time, 1450.01 real, 5 MB, 53.13 load
[runlim] sample:		1451.38 time, 1460.01 real, 5 MB, 53.18 load
[runlim] sample:		1461.32 time, 1470.01 real, 5 MB, 53.15 load
[runlim] sample:		1471.26 time, 1480.01 real, 5 MB, 53.13 load
[runlim] sample:		1481.20 time, 1490.01 real, 5 MB, 53.11 load
[runlim] sample:		1491.14 time, 1500.01 real, 5 MB, 53.25 load
[runlim] sample:		1501.08 time, 1510.01 real, 5 MB, 53.29 load
[runlim] sample:		1511.02 time, 1520.01 real, 5 MB, 53.25 load
[runlim] sample:		1520.96 time, 1530.01 real, 5 MB, 53.21 load
[runlim] sample:		1530.89 time, 1540.01 real, 5 MB, 53.18 load
[runlim] sample:		1540.83 time, 1550.01 real, 5 MB, 53.15 load
[runlim] sample:		1550.77 time, 1560.01 real, 5 MB, 53.28 load
[runlim] sample:		1560.71 time, 1570.01 real, 5 MB, 53.24 load
[runlim] sample:		1570.65 time, 1580.01 real, 5 MB, 53.20 load
[runlim] sample:		1580.59 time, 1590.01 real, 5 MB, 53.17 load
[runlim] sample:		1590.53 time, 1600.01 real, 5 MB, 53.22 load
[runlim] sample:		1600.47 time, 1610.01 real, 5 MB, 53.26 load
[runlim] sample:		1610.42 time, 1620.01 real, 5 MB, 53.22 load
[runlim] sample:		1620.36 time, 1630.01 real, 5 MB, 53.19 load
[runlim] sample:		1630.30 time, 1640.01 real, 5 MB, 53.16 load
[runlim] sample:		1640.24 time, 1650.01 real, 5 MB, 53.21 load
[runlim] sample:		1650.18 time, 1660.01 real, 5 MB, 53.18 load
[runlim] sample:		1660.13 time, 1670.01 real, 5 MB, 53.39 load
[runlim] sample:		1670.07 time, 1680.01 real, 5 MB, 53.33 load
[runlim] sample:		1680.01 time, 1690.01 real, 5 MB, 53.28 load
[runlim] sample:		1689.95 time, 1700.01 real, 5 MB, 53.23 load
[runlim] sample:		1699.90 time, 1710.01 real, 5 MB, 53.27 load
[runlim] sample:		1709.84 time, 1720.01 real, 5 MB, 53.31 load
[runlim] sample:		1719.78 time, 1730.01 real, 5 MB, 53.26 load
[runlim] sample:		1729.72 time, 1740.01 real, 5 MB, 53.22 load
[runlim] sample:		1739.65 time, 1750.01 real, 5 MB, 53.27 load
[runlim] sample:		1749.60 time, 1760.01 real, 5 MB, 53.30 load
[runlim] sample:		1759.52 time, 1770.01 real, 5 MB, 53.25 load
[runlim] sample:		1769.45 time, 1780.01 real, 5 MB, 53.21 load
[runlim] sample:		1779.38 time, 1790.01 real, 5 MB, 53.18 load
[runlim] sample:		1789.31 time, 1800.01 real, 5 MB, 53.15 load
[runlim] sample:		1799.24 time, 1810.01 real, 5 MB, 53.13 load
[runlim] sample:		1809.17 time, 1820.01 real, 5 MB, 53.11 load
[runlim] sample:		1819.09 time, 1830.01 real, 5 MB, 53.33 load
[runlim] sample:		1829.02 time, 1840.01 real, 5 MB, 53.28 load
[runlim] sample:		1838.96 time, 1850.01 real, 5 MB, 53.24 load
[runlim] sample:		1848.89 time, 1860.01 real, 5 MB, 53.20 load
[runlim] sample:		1858.83 time, 1870.01 real, 5 MB, 53.24 load
[runlim] sample:		1868.76 time, 1880.01 real, 5 MB, 53.21 load
[runlim] sample:		1878.71 time, 1890.01 real, 5 MB, 53.17 load
[runlim] sample:		1888.65 time, 1900.01 real, 5 MB, 53.22 load
[runlim] sample:		1898.60 time, 1910.01 real, 5 MB, 53.19 load
[runlim] sample:		1908.54 time, 1920.01 real, 5 MB, 53.16 load
[runlim] sample:		1918.48 time, 1930.01 real, 5 MB, 53.13 load
[runlim] sample:		1928.43 time, 1940.01 real, 5 MB, 53.19 load
[runlim] sample:		1938.36 time, 1950.01 real, 5 MB, 53.16 load
[runlim] sample:		1948.30 time, 1960.01 real, 5 MB, 53.14 load
[runlim] sample:		1958.24 time, 1970.01 real, 5 MB, 53.19 load
[runlim] sample:		1968.19 time, 1980.01 real, 5 MB, 53.16 load
[runlim] sample:		1978.13 time, 1990.01 real, 5 MB, 53.13 load
[runlim] sample:		1988.08 time, 2000.01 real, 5 MB, 53.19 load
[runlim] sample:		1998.02 time, 2010.01 real, 5 MB, 53.16 load
[runlim] sample:		2007.96 time, 2020.01 real, 5 MB, 53.14 load
[runlim] sample:		2017.91 time, 2030.01 real, 5 MB, 53.12 load
[runlim] sample:		2027.85 time, 2040.01 real, 5 MB, 53.10 load
[runlim] sample:		2037.80 time, 2050.01 real, 5 MB, 53.08 load
[runlim] sample:		2047.74 time, 2060.01 real, 5 MB, 53.07 load
[runlim] sample:		2057.68 time, 2070.01 real, 5 MB, 53.06 load
[runlim] sample:		2067.63 time, 2080.01 real, 5 MB, 53.21 load
[runlim] sample:		2077.57 time, 2090.01 real, 5 MB, 53.18 load
[runlim] sample:		2087.51 time, 2100.01 real, 5 MB, 53.23 load
[runlim] sample:		2097.46 time, 2110.01 real, 5 MB, 53.19 load
[runlim] sample:		2107.40 time, 2120.01 real, 5 MB, 53.16 load
[runlim] sample:		2117.34 time, 2130.01 real, 5 MB, 53.14 load
[runlim] sample:		2127.29 time, 2140.01 real, 5 MB, 53.12 load
[runlim] sample:		2137.23 time, 2150.01 real, 5 MB, 53.18 load
[runlim] sample:		2147.18 time, 2160.01 real, 5 MB, 53.23 load
[runlim] sample:		2157.12 time, 2170.01 real, 5 MB, 53.28 load
[runlim] sample:		2167.06 time, 2180.01 real, 5 MB, 53.23 load
[runlim] sample:		2177.00 time, 2190.01 real, 5 MB, 53.27 load
[runlim] sample:		2186.95 time, 2200.01 real, 5 MB, 53.23 load
[runlim] sample:		2196.89 time, 2210.01 real, 5 MB, 53.19 load
[runlim] sample:		2206.83 time, 2220.01 real, 5 MB, 53.16 load
[runlim] sample:		2216.78 time, 2230.01 real, 5 MB, 53.29 load
[runlim] sample:		2226.72 time, 2240.01 real, 5 MB, 53.25 load
[runlim] sample:		2236.66 time, 2250.01 real, 5 MB, 53.21 load
[runlim] sample:		2246.60 time, 2260.01 real, 5 MB, 53.18 load
[runlim] sample:		2256.55 time, 2270.01 real, 5 MB, 53.15 load
[runlim] sample:		2266.49 time, 2280.01 real, 5 MB, 53.12 load
[runlim] sample:		2276.43 time, 2290.01 real, 5 MB, 53.11 load
[runlim] sample:		2286.38 time, 2300.01 real, 5 MB, 53.09 load
[runlim] sample:		2296.32 time, 2310.01 real, 5 MB, 53.07 load
[runlim] sample:		2306.26 time, 2320.01 real, 5 MB, 53.14 load
[runlim] sample:		2316.21 time, 2330.01 real, 5 MB, 53.36 load
[runlim] sample:		2326.15 time, 2340.01 real, 5 MB, 53.54 load
[runlim] sample:		2336.09 time, 2350.01 real, 5 MB, 53.45 load
[runlim] sample:		2346.03 time, 2360.01 real, 5 MB, 53.38 load
[runlim] sample:		2355.98 time, 2370.01 real, 5 MB, 53.32 load
[runlim] sample:		2365.92 time, 2380.01 real, 5 MB, 53.43 load
[runlim] sample:		2375.86 time, 2390.01 real, 5 MB, 53.37 load
[runlim] sample:		2385.81 time, 2400.01 real, 5 MB, 53.38 load
[runlim] sample:		2395.75 time, 2410.01 real, 5 MB, 53.32 load
[runlim] sample:		2405.70 time, 2420.01 real, 5 MB, 53.35 load
[runlim] sample:		2415.64 time, 2430.01 real, 5 MB, 53.37 load
[runlim] sample:		2425.58 time, 2440.01 real, 5 MB, 53.47 load
[runlim] sample:		2435.53 time, 2450.01 real, 5 MB, 53.40 load
[runlim] sample:		2445.47 time, 2460.01 real, 5 MB, 53.34 load
[runlim] sample:		2455.42 time, 2470.01 real, 5 MB, 53.59 load
[runlim] sample:		2465.36 time, 2480.01 real, 5 MB, 53.50 load
[runlim] sample:		2475.31 time, 2490.01 real, 5 MB, 53.42 load
[runlim] sample:		2485.25 time, 2500.01 real, 5 MB, 53.44 load
[runlim] sample:		2495.20 time, 2510.01 real, 5 MB, 53.37 load
[runlim] sample:		2505.14 time, 2520.01 real, 5 MB, 53.31 load
[runlim] sample:		2515.08 time, 2530.01 real, 5 MB, 53.26 load
[runlim] sample:		2525.03 time, 2540.01 real, 5 MB, 53.22 load
[runlim] sample:		2534.97 time, 2550.01 real, 5 MB, 53.19 load
[runlim] sample:		2544.91 time, 2560.01 real, 5 MB, 53.24 load
[runlim] sample:		2554.86 time, 2570.01 real, 5 MB, 53.20 load
[runlim] sample:		2564.80 time, 2580.01 real, 5 MB, 53.17 load
[runlim] sample:		2574.74 time, 2590.01 real, 5 MB, 53.14 load
[runlim] sample:		2584.69 time, 2600.01 real, 5 MB, 53.20 load
[runlim] sample:		2594.63 time, 2610.01 real, 5 MB, 53.17 load
[runlim] sample:		2604.57 time, 2620.01 real, 5 MB, 53.22 load
[runlim] sample:		2614.52 time, 2630.01 real, 5 MB, 53.19 load
[runlim] sample:		2624.47 time, 2640.01 real, 5 MB, 53.16 load
[runlim] sample:		2634.41 time, 2650.01 real, 5 MB, 53.13 load
[runlim] sample:		2644.35 time, 2660.01 real, 5 MB, 53.11 load
[runlim] sample:		2654.30 time, 2670.01 real, 5 MB, 53.17 load
[runlim] sample:		2664.24 time, 2680.01 real, 5 MB, 53.14 load
[runlim] sample:		2674.19 time, 2690.01 real, 5 MB, 53.12 load
[runlim] sample:		2684.13 time, 2700.01 real, 5 MB, 53.10 load
[runlim] sample:		2694.08 time, 2710.01 real, 5 MB, 53.09 load
[runlim] sample:		2704.02 time, 2720.01 real, 5 MB, 53.07 load
[runlim] sample:		2713.96 time, 2730.01 real, 5 MB, 53.06 load
[runlim] sample:		2723.91 time, 2740.01 real, 5 MB, 53.13 load
[runlim] sample:		2733.85 time, 2750.01 real, 5 MB, 53.11 load
[runlim] sample:		2743.80 time, 2760.01 real, 5 MB, 53.09 load
[runlim] sample:		2753.74 time, 2770.01 real, 5 MB, 53.08 load
[runlim] sample:		2763.69 time, 2780.01 real, 5 MB, 53.07 load
[runlim] sample:		2773.63 time, 2790.01 real, 5 MB, 53.06 load
[runlim] sample:		2783.57 time, 2800.01 real, 5 MB, 53.13 load
[runlim] sample:		2793.52 time, 2810.01 real, 5 MB, 53.11 load
[runlim] sample:		2803.47 time, 2820.01 real, 5 MB, 53.09 load
[runlim] sample:		2813.41 time, 2830.01 real, 5 MB, 53.08 load
[runlim] sample:		2823.36 time, 2840.01 real, 5 MB, 53.06 load
[runlim] sample:		2833.30 time, 2850.01 real, 5 MB, 53.42 load
[runlim] sample:		2843.25 time, 2860.01 real, 5 MB, 53.44 load
[runlim] sample:		2853.19 time, 2870.01 real, 5 MB, 53.44 load
[runlim] sample:		2863.14 time, 2880.01 real, 5 MB, 53.37 load
[runlim] sample:		2873.08 time, 2890.01 real, 5 MB, 53.32 load
[runlim] sample:		2883.03 time, 2900.01 real, 5 MB, 53.27 load
[runlim] sample:		2892.97 time, 2910.01 real, 5 MB, 53.37 load
[runlim] sample:		2902.91 time, 2920.01 real, 5 MB, 53.40 load
[runlim] sample:		2912.86 time, 2930.01 real, 5 MB, 53.42 load
[runlim] sample:		2922.80 time, 2940.01 real, 5 MB, 53.35 load
[runlim] sample:		2932.75 time, 2950.01 real, 5 MB, 53.38 load
[runlim] sample:		2942.69 time, 2960.01 real, 5 MB, 53.32 load
[runlim] sample:		2952.63 time, 2970.01 real, 5 MB, 53.34 load
[runlim] sample:		2962.58 time, 2980.01 real, 5 MB, 53.29 load
[runlim] sample:		2972.52 time, 2990.01 real, 5 MB, 53.32 load
[runlim] sample:		2982.47 time, 3000.01 real, 5 MB, 53.27 load
[runlim] sample:		2992.41 time, 3010.01 real, 5 MB, 53.23 load
[runlim] sample:		3002.36 time, 3020.01 real, 5 MB, 53.19 load
[runlim] sample:		3012.30 time, 3030.01 real, 5 MB, 53.16 load
[runlim] sample:		3022.24 time, 3040.01 real, 5 MB, 53.14 load
[runlim] sample:		3032.19 time, 3050.01 real, 5 MB, 53.12 load
[runlim] sample:		3042.13 time, 3060.01 real, 5 MB, 53.18 load
[runlim] sample:		3052.08 time, 3070.01 real, 5 MB, 53.22 load
[runlim] sample:		3062.02 time, 3080.01 real, 5 MB, 53.19 load
[runlim] sample:		3071.97 time, 3090.01 real, 5 MB, 53.16 load
[runlim] sample:		3081.91 time, 3100.01 real, 5 MB, 53.21 load
[runlim] sample:		3091.86 time, 3110.01 real, 5 MB, 53.18 load
[runlim] sample:		3101.80 time, 3120.01 real, 5 MB, 53.15 load
[runlim] sample:		3111.75 time, 3130.01 real, 5 MB, 53.13 load
[runlim] sample:		3121.69 time, 3140.01 real, 5 MB, 53.18 load
[runlim] sample:		3131.63 time, 3150.01 real, 5 MB, 53.15 load
[runlim] sample:		3141.58 time, 3160.01 real, 5 MB, 53.13 load
[runlim] sample:		3151.52 time, 3170.01 real, 5 MB, 53.11 load
[runlim] sample:		3161.47 time, 3180.01 real, 5 MB, 53.17 load
[runlim] sample:		3171.41 time, 3190.01 real, 5 MB, 53.15 load
[runlim] sample:		3181.36 time, 3200.01 real, 5 MB, 53.12 load
[runlim] sample:		3191.30 time, 3210.01 real, 5 MB, 53.10 load
[runlim] sample:		3201.25 time, 3220.01 real, 5 MB, 53.09 load
[runlim] sample:		3211.19 time, 3230.01 real, 5 MB, 53.07 load
[runlim] sample:		3221.14 time, 3240.01 real, 5 MB, 53.14 load
[runlim] sample:		3231.08 time, 3250.01 real, 5 MB, 53.12 load
[runlim] sample:		3241.03 time, 3260.01 real, 5 MB, 53.10 load
[runlim] sample:		3250.98 time, 3270.01 real, 5 MB, 53.08 load
[runlim] sample:		3260.93 time, 3280.01 real, 5 MB, 53.07 load
[runlim] sample:		3270.88 time, 3290.01 real, 5 MB, 53.06 load
[runlim] sample:		3280.83 time, 3300.01 real, 5 MB, 53.20 load
[runlim] sample:		3290.78 time, 3310.01 real, 5 MB, 53.17 load
[runlim] sample:		3300.72 time, 3320.01 real, 5 MB, 53.15 load
[runlim] sample:		3310.67 time, 3330.01 real, 5 MB, 53.12 load
[runlim] sample:		3320.62 time, 3340.01 real, 5 MB, 53.25 load
[runlim] sample:		3330.56 time, 3350.01 real, 5 MB, 53.29 load
[runlim] sample:		3340.51 time, 3360.01 real, 5 MB, 53.25 load
[runlim] sample:		3350.46 time, 3370.01 real, 5 MB, 53.21 load
[runlim] sample:		3360.41 time, 3380.01 real, 5 MB, 53.18 load
[runlim] sample:		3370.35 time, 3390.01 real, 5 MB, 53.15 load
[runlim] sample:		3380.30 time, 3400.01 real, 5 MB, 53.12 load
[runlim] sample:		3390.25 time, 3410.01 real, 5 MB, 53.11 load
[runlim] sample:		3400.20 time, 3420.01 real, 5 MB, 53.09 load
[runlim] sample:		3410.14 time, 3430.01 real, 5 MB, 53.30 load
[runlim] sample:		3420.09 time, 3440.01 real, 5 MB, 53.26 load
[runlim] sample:		3430.04 time, 3450.01 real, 5 MB, 53.29 load
[runlim] sample:		3439.98 time, 3460.01 real, 5 MB, 53.25 load
[runlim] sample:		3449.93 time, 3470.01 real, 5 MB, 53.28 load
[runlim] sample:		3459.88 time, 3480.01 real, 5 MB, 53.48 load
[runlim] sample:		3469.83 time, 3490.01 real, 5 MB, 53.55 load
[runlim] sample:		3479.77 time, 3500.01 real, 5 MB, 53.47 load
[runlim] sample:		3489.72 time, 3510.01 real, 5 MB, 53.39 load
[runlim] sample:		3499.67 time, 3520.01 real, 5 MB, 53.33 load
[runlim] sample:		3509.62 time, 3530.01 real, 5 MB, 53.28 load
[runlim] sample:		3519.57 time, 3540.01 real, 5 MB, 53.31 load
[runlim] sample:		3529.52 time, 3550.01 real, 5 MB, 53.34 load
[runlim] sample:		3539.46 time, 3560.01 real, 5 MB, 53.28 load
[runlim] sample:		3549.41 time, 3570.01 real, 5 MB, 53.24 load
[runlim] sample:		3559.36 time, 3580.01 real, 5 MB, 53.20 load
[runlim] sample:		3569.32 time, 3590.01 real, 5 MB, 53.25 load
[runlim] sample:		3579.28 time, 3600.01 real, 5 MB, 53.21 load
[runlim] sample:		3589.23 time, 3610.01 real, 5 MB, 53.25 load
[runlim] sample:		3599.18 time, 3620.01 real, 5 MB, 53.21 load
[runlim] sample:		3609.13 time, 3630.01 real, 5 MB, 53.18 load
[runlim] sample:		3619.07 time, 3640.01 real, 5 MB, 53.15 load
[runlim] sample:		3629.02 time, 3650.01 real, 5 MB, 53.13 load
[runlim] sample:		3638.97 time, 3660.01 real, 5 MB, 53.11 load
[runlim] sample:		3648.92 time, 3670.01 real, 5 MB, 53.09 load
[runlim] sample:		3658.87 time, 3680.01 real, 5 MB, 53.08 load
[runlim] sample:		3668.81 time, 3690.01 real, 5 MB, 53.14 load
[runlim] sample:		3678.76 time, 3700.01 real, 5 MB, 53.12 load
[runlim] sample:		3688.71 time, 3710.01 real, 5 MB, 53.10 load
[runlim] sample:		3698.66 time, 3720.01 real, 5 MB, 53.08 load
[runlim] sample:		3708.61 time, 3730.01 real, 5 MB, 53.07 load
[runlim] sample:		3718.56 time, 3740.01 real, 5 MB, 53.06 load
[runlim] sample:		3728.50 time, 3750.01 real, 5 MB, 53.20 load
[runlim] sample:		3738.45 time, 3760.01 real, 5 MB, 53.17 load
[runlim] sample:		3748.39 time, 3770.01 real, 5 MB, 53.14 load
[runlim] sample:		3758.34 time, 3780.01 real, 5 MB, 53.12 load
[runlim] sample:		3768.29 time, 3790.01 real, 5 MB, 53.18 load
[runlim] sample:		3778.23 time, 3800.01 real, 5 MB, 53.15 load
[runlim] sample:		3788.18 time, 3810.01 real, 5 MB, 53.20 load
[runlim] sample:		3798.12 time, 3820.01 real, 5 MB, 53.17 load
[runlim] sample:		3808.07 time, 3830.01 real, 5 MB, 53.14 load
[runlim] sample:		3818.01 time, 3840.01 real, 5 MB, 53.12 load
[runlim] sample:		3827.96 time, 3850.01 real, 5 MB, 53.10 load
[runlim] sample:		3837.91 time, 3860.01 real, 5 MB, 53.09 load
[runlim] sample:		3847.85 time, 3870.01 real, 5 MB, 53.07 load
[runlim] sample:		3857.80 time, 3880.01 real, 5 MB, 53.14 load
[runlim] sample:		3867.74 time, 3890.01 real, 5 MB, 53.19 load
[runlim] sample:		3877.69 time, 3900.01 real, 5 MB, 53.16 load
[runlim] sample:		3887.64 time, 3910.01 real, 5 MB, 53.14 load
[runlim] sample:		3897.58 time, 3920.01 real, 5 MB, 53.20 load
[runlim] sample:		3907.53 time, 3930.01 real, 5 MB, 53.47 load
[runlim] sample:		3917.47 time, 3940.01 real, 5 MB, 53.40 load
[runlim] sample:		3927.42 time, 3950.01 real, 5 MB, 53.42 load
[runlim] sample:		3937.37 time, 3960.01 real, 5 MB, 53.35 load
[runlim] sample:		3947.31 time, 3970.01 real, 5 MB, 53.37 load
[runlim] sample:		3957.26 time, 3980.01 real, 5 MB, 53.31 load
[runlim] sample:		3967.21 time, 3990.01 real, 5 MB, 53.26 load
[runlim] sample:		3977.15 time, 4000.01 real, 5 MB, 53.22 load
[runlim] sample:		3987.10 time, 4010.01 real, 5 MB, 53.19 load
[runlim] sample:		3997.04 time, 4020.01 real, 5 MB, 53.16 load
[runlim] sample:		4006.99 time, 4030.01 real, 5 MB, 53.13 load
[runlim] sample:		4016.94 time, 4040.01 real, 5 MB, 53.26 load
[runlim] sample:		4026.88 time, 4050.01 real, 5 MB, 53.22 load
[runlim] sample:		4036.83 time, 4060.01 real, 5 MB, 53.19 load
[runlim] sample:		4046.77 time, 4070.01 real, 5 MB, 53.23 load
[runlim] sample:		4056.72 time, 4080.01 real, 5 MB, 53.19 load
[runlim] sample:		4066.67 time, 4090.01 real, 5 MB, 53.16 load
[runlim] sample:		4076.61 time, 4100.01 real, 5 MB, 53.22 load
[runlim] sample:		4086.56 time, 4110.01 real, 5 MB, 53.18 load
[runlim] sample:		4096.50 time, 4120.01 real, 5 MB, 53.16 load
[runlim] sample:		4106.45 time, 4130.01 real, 5 MB, 53.21 load
[runlim] sample:		4116.40 time, 4140.01 real, 5 MB, 53.17 load
[runlim] sample:		4126.34 time, 4150.01 real, 5 MB, 53.15 load
[runlim] sample:		4136.29 time, 4160.01 real, 5 MB, 53.12 load
[runlim] sample:		4146.23 time, 4170.01 real, 5 MB, 53.10 load
[runlim] sample:		4156.18 time, 4180.01 real, 5 MB, 53.09 load
[runlim] sample:		4166.12 time, 4190.01 real, 5 MB, 53.15 load
[runlim] sample:		4176.07 time, 4200.01 real, 5 MB, 53.13 load
[runlim] sample:		4186.02 time, 4210.01 real, 5 MB, 53.11 load
[runlim] sample:		4195.96 time, 4220.01 real, 5 MB, 53.09 load
[runlim] sample:		4205.91 time, 4230.01 real, 5 MB, 53.08 load
[runlim] sample:		4215.85 time, 4240.01 real, 5 MB, 53.06 load
[runlim] sample:		4225.80 time, 4250.01 real, 5 MB, 53.22 load
[runlim] sample:		4235.74 time, 4260.01 real, 5 MB, 53.18 load
[runlim] sample:		4245.69 time, 4270.01 real, 5 MB, 53.15 load
[runlim] sample:		4255.63 time, 4280.01 real, 5 MB, 53.13 load
[runlim] sample:		4265.57 time, 4290.01 real, 5 MB, 53.11 load
[runlim] sample:		4275.52 time, 4300.01 real, 5 MB, 53.09 load
[runlim] sample:		4285.46 time, 4310.01 real, 5 MB, 53.16 load
[runlim] sample:		4295.41 time, 4320.01 real, 5 MB, 53.13 load
[runlim] sample:		4305.35 time, 4330.01 real, 5 MB, 53.11 load
[runlim] sample:		4315.30 time, 4340.01 real, 5 MB, 53.09 load
[runlim] sample:		4325.25 time, 4350.01 real, 5 MB, 53.08 load
[runlim] sample:		4335.20 time, 4360.01 real, 5 MB, 53.07 load
[runlim] sample:		4345.15 time, 4370.01 real, 5 MB, 53.14 load
[runlim] sample:		4355.09 time, 4380.01 real, 5 MB, 53.12 load
[runlim] sample:		4365.04 time, 4390.01 real, 5 MB, 53.18 load
[runlim] sample:		4374.99 time, 4400.01 real, 5 MB, 53.15 load
[runlim] sample:		4384.93 time, 4410.01 real, 5 MB, 53.13 load
[runlim] sample:		4394.88 time, 4420.01 real, 5 MB, 53.11 load
[runlim] sample:		4404.82 time, 4430.01 real, 5 MB, 53.17 load
[runlim] sample:		4414.77 time, 4440.01 real, 5 MB, 53.22 load
[runlim] sample:		4424.71 time, 4450.01 real, 5 MB, 53.18 load
[runlim] sample:		4434.66 time, 4460.01 real, 5 MB, 53.23 load
[runlim] sample:		4444.60 time, 4470.01 real, 5 MB, 53.41 load
[runlim] sample:		4454.55 time, 4480.01 real, 5 MB, 53.35 load
[runlim] sample:		4464.49 time, 4490.01 real, 5 MB, 53.30 load
[runlim] sample:		4474.44 time, 4500.01 real, 5 MB, 53.25 load
[runlim] sample:		4484.38 time, 4510.01 real, 5 MB, 53.21 load
[runlim] sample:		4494.33 time, 4520.01 real, 5 MB, 53.25 load
[runlim] sample:		4504.27 time, 4530.01 real, 5 MB, 53.21 load
[runlim] sample:		4514.22 time, 4540.01 real, 5 MB, 53.25 load
[runlim] sample:		4524.17 time, 4550.01 real, 5 MB, 53.21 load
[runlim] sample:		4534.12 time, 4560.01 real, 5 MB, 53.18 load
[runlim] sample:		4544.06 time, 4570.01 real, 5 MB, 53.15 load
[runlim] sample:		4554.01 time, 4580.01 real, 5 MB, 53.13 load
[runlim] sample:		4563.96 time, 4590.01 real, 5 MB, 53.11 load
[runlim] sample:		4573.90 time, 4600.01 real, 5 MB, 53.40 load
[runlim] sample:		4583.85 time, 4610.01 real, 5 MB, 53.42 load
[runlim] sample:		4593.79 time, 4620.01 real, 5 MB, 53.35 load
[runlim] sample:		4603.74 time, 4630.01 real, 5 MB, 53.30 load
[runlim] sample:		4613.69 time, 4640.01 real, 5 MB, 53.25 load
[runlim] sample:		4623.63 time, 4650.01 real, 5 MB, 53.21 load
[runlim] sample:		4633.58 time, 4660.01 real, 5 MB, 53.18 load
[runlim] sample:		4643.53 time, 4670.01 real, 5 MB, 53.15 load
[runlim] sample:		4653.47 time, 4680.01 real, 5 MB, 53.13 load
[runlim] sample:		4663.42 time, 4690.01 real, 5 MB, 53.19 load
[runlim] sample:		4673.36 time, 4700.01 real, 5 MB, 53.16 load
[runlim] sample:		4683.30 time, 4710.01 real, 5 MB, 53.13 load
[runlim] sample:		4693.24 time, 4720.01 real, 5 MB, 53.19 load
[runlim] sample:		4703.19 time, 4730.01 real, 5 MB, 53.24 load
[runlim] sample:		4713.13 time, 4740.01 real, 5 MB, 53.20 load
[runlim] sample:		4723.08 time, 4750.01 real, 5 MB, 53.25 load
[runlim] sample:		4733.02 time, 4760.01 real, 5 MB, 53.29 load
[runlim] sample:		4742.97 time, 4770.01 real, 5 MB, 53.25 load
[runlim] sample:		4752.91 time, 4780.01 real, 5 MB, 53.21 load
[runlim] sample:		4762.85 time, 4790.01 real, 5 MB, 53.26 load
[runlim] sample:		4772.80 time, 4800.01 real, 5 MB, 53.22 load
[runlim] sample:		4782.74 time, 4810.01 real, 5 MB, 53.26 load
[runlim] sample:		4792.69 time, 4820.01 real, 5 MB, 53.22 load
[runlim] sample:		4802.63 time, 4830.01 real, 5 MB, 53.19 load
[runlim] sample:		4812.58 time, 4840.01 real, 5 MB, 53.23 load
[runlim] sample:		4822.52 time, 4850.01 real, 5 MB, 53.20 load
[runlim] sample:		4832.46 time, 4860.01 real, 5 MB, 53.17 load
[runlim] sample:		4842.41 time, 4870.01 real, 5 MB, 53.22 load
[runlim] sample:		4852.36 time, 4880.01 real, 5 MB, 53.19 load
[runlim] sample:		4862.30 time, 4890.01 real, 5 MB, 53.16 load
[runlim] sample:		4872.25 time, 4900.01 real, 5 MB, 53.29 load
[runlim] sample:		4882.19 time, 4910.01 real, 5 MB, 53.25 load
[runlim] sample:		4892.14 time, 4920.01 real, 5 MB, 53.21 load
[runlim] sample:		4902.08 time, 4930.01 real, 5 MB, 53.26 load
[runlim] sample:		4912.03 time, 4940.01 real, 5 MB, 53.22 load
[runlim] sample:		4921.97 time, 4950.01 real, 5 MB, 52.55 load
[runlim] sample:		4931.92 time, 4960.01 real, 5 MB, 50.85 load
[runlim] sample:		4941.87 time, 4970.01 real, 5 MB, 48.32 load
[runlim] sample:		4951.82 time, 4980.01 real, 5 MB, 44.87 load
[runlim] sample:		4961.77 time, 4990.01 real, 5 MB, 40.64 load
[runlim] sample:		4971.72 time, 5000.01 real, 5 MB, 35.68 load
[runlim] end:			Thu Apr  9 21:55:56 2026
[runlim] status:		out of time
[runlim] result:		2
[runlim] children:		1
[runlim] processes:		2
[runlim] real:			5000.05 seconds
[runlim] time:			4971.72 seconds
[runlim] space:			5 MB
[runlim] load:			56.32 maximum
[runlim] samples:		50000
