[runlim] version:		2.0.0rc1
[runlim] host:			m09n14
[runlim] time limit:		311040000 seconds
[runlim] real time limit:	5000 seconds
[runlim] space limit:		7000 MB
[runlim] argv[0]:		./binary
[runlim] argv[1]:		-c
[runlim] argv[2]:		-s
[runlim] argv[3]:		-r
[runlim] argv[4]:		/tmp/local-unzipped-12459996-1-19-mc2025_track1_041.cnf
[runlim] start:			Thu Apr  9 20:31:55 2026
[runlim] child:			3844247
[runlim] sample:		9.94 time, 10.01 real, 4 MB, 11.05 load
[runlim] sample:		19.88 time, 20.01 real, 4 MB, 14.52 load
[runlim] sample:		29.82 time, 30.01 real, 4 MB, 19.07 load
[runlim] sample:		39.75 time, 40.01 real, 4 MB, 24.53 load
[runlim] sample:		49.68 time, 50.01 real, 4 MB, 30.61 load
[runlim] sample:		59.60 time, 60.01 real, 4 MB, 35.75 load
[runlim] sample:		69.53 time, 70.01 real, 4 MB, 39.63 load
[runlim] sample:		79.46 time, 80.01 real, 4 MB, 42.76 load
[runlim] sample:		89.38 time, 90.01 real, 4 MB, 45.57 load
[runlim] sample:		99.31 time, 100.01 real, 4 MB, 47.95 load
[runlim] sample:		109.24 time, 110.01 real, 4 MB, 49.80 load
[runlim] sample:		119.17 time, 120.01 real, 4 MB, 51.52 load
[runlim] sample:		129.10 time, 130.01 real, 4 MB, 52.75 load
[runlim] sample:		139.03 time, 140.01 real, 4 MB, 53.63 load
[runlim] sample:		148.96 time, 150.01 real, 4 MB, 54.15 load
[runlim] sample:		158.89 time, 160.01 real, 4 MB, 54.59 load
[runlim] sample:		168.82 time, 170.01 real, 4 MB, 54.89 load
[runlim] sample:		178.75 time, 180.01 real, 4 MB, 55.13 load
[runlim] sample:		188.68 time, 190.01 real, 4 MB, 55.27 load
[runlim] sample:		198.61 time, 200.01 real, 4 MB, 55.38 load
[runlim] sample:		208.54 time, 210.01 real, 4 MB, 55.47 load
[runlim] sample:		218.47 time, 220.01 real, 4 MB, 55.70 load
[runlim] sample:		228.40 time, 230.01 real, 4 MB, 55.75 load
[runlim] sample:		238.34 time, 240.01 real, 4 MB, 55.79 load
[runlim] sample:		248.28 time, 250.01 real, 4 MB, 55.82 load
[runlim] sample:		258.22 time, 260.01 real, 4 MB, 55.92 load
[runlim] sample:		268.15 time, 270.01 real, 4 MB, 56.02 load
[runlim] sample:		278.09 time, 280.01 real, 4 MB, 56.17 load
[runlim] sample:		288.03 time, 290.01 real, 4 MB, 56.14 load
[runlim] sample:		297.97 time, 300.01 real, 4 MB, 56.20 load
[runlim] sample:		307.91 time, 310.01 real, 4 MB, 56.17 load
[runlim] sample:		317.85 time, 320.01 real, 4 MB, 56.14 load
[runlim] sample:		327.79 time, 330.01 real, 4 MB, 56.12 load
[runlim] sample:		337.73 time, 340.01 real, 4 MB, 56.10 load
[runlim] sample:		347.67 time, 350.01 real, 4 MB, 56.08 load
[runlim] sample:		357.61 time, 360.01 real, 4 MB, 56.07 load
[runlim] sample:		367.55 time, 370.01 real, 4 MB, 56.06 load
[runlim] sample:		377.49 time, 380.01 real, 4 MB, 56.12 load
[runlim] sample:		387.43 time, 390.01 real, 4 MB, 56.10 load
[runlim] sample:		397.37 time, 400.01 real, 4 MB, 56.16 load
[runlim] sample:		407.31 time, 410.01 real, 4 MB, 56.14 load
[runlim] sample:		417.25 time, 420.01 real, 4 MB, 56.19 load
[runlim] sample:		427.19 time, 430.01 real, 4 MB, 56.16 load
[runlim] sample:		437.13 time, 440.01 real, 4 MB, 56.21 load
[runlim] sample:		447.07 time, 450.01 real, 4 MB, 56.26 load
[runlim] sample:		457.01 time, 460.01 real, 4 MB, 56.29 load
[runlim] sample:		466.95 time, 470.01 real, 4 MB, 56.25 load
[runlim] sample:		476.90 time, 480.01 real, 4 MB, 56.21 load
[runlim] sample:		486.83 time, 490.01 real, 4 MB, 56.17 load
[runlim] sample:		496.77 time, 500.01 real, 4 MB, 56.22 load
[runlim] sample:		506.72 time, 510.01 real, 4 MB, 56.26 load
[runlim] sample:		516.66 time, 520.01 real, 4 MB, 56.22 load
[runlim] sample:		526.60 time, 530.01 real, 4 MB, 56.19 load
[runlim] sample:		536.54 time, 540.01 real, 4 MB, 56.00 load
[runlim] sample:		546.48 time, 550.01 real, 4 MB, 55.77 load
[runlim] sample:		556.42 time, 560.01 real, 4 MB, 55.57 load
[runlim] sample:		566.36 time, 570.01 real, 4 MB, 55.33 load
[runlim] sample:		576.31 time, 580.01 real, 4 MB, 55.28 load
[runlim] sample:		586.25 time, 590.01 real, 4 MB, 55.16 load
[runlim] sample:		596.19 time, 600.01 real, 4 MB, 55.06 load
[runlim] sample:		606.13 time, 610.01 real, 4 MB, 54.89 load
[runlim] sample:		616.08 time, 620.01 real, 4 MB, 54.83 load
[runlim] sample:		626.02 time, 630.01 real, 4 MB, 54.70 load
[runlim] sample:		635.96 time, 640.01 real, 4 MB, 54.67 load
[runlim] sample:		645.90 time, 650.01 real, 4 MB, 54.57 load
[runlim] sample:		655.85 time, 660.01 real, 4 MB, 54.56 load
[runlim] sample:		665.79 time, 670.01 real, 4 MB, 54.54 load
[runlim] sample:		675.73 time, 680.01 real, 4 MB, 54.46 load
[runlim] sample:		685.67 time, 690.01 real, 4 MB, 54.39 load
[runlim] sample:		695.62 time, 700.01 real, 4 MB, 54.40 load
[runlim] sample:		705.56 time, 710.01 real, 4 MB, 54.34 load
[runlim] sample:		715.50 time, 720.01 real, 4 MB, 54.29 load
[runlim] sample:		725.44 time, 730.01 real, 4 MB, 54.24 load
[runlim] sample:		735.38 time, 740.01 real, 4 MB, 54.28 load
[runlim] sample:		745.32 time, 750.01 real, 4 MB, 54.24 load
[runlim] sample:		755.27 time, 760.01 real, 4 MB, 54.28 load
[runlim] sample:		765.21 time, 770.01 real, 4 MB, 54.24 load
[runlim] sample:		775.15 time, 780.01 real, 4 MB, 54.20 load
[runlim] sample:		785.09 time, 790.01 real, 4 MB, 54.17 load
[runlim] sample:		795.03 time, 800.01 real, 4 MB, 54.14 load
[runlim] sample:		804.97 time, 810.01 real, 4 MB, 54.12 load
[runlim] sample:		814.91 time, 820.01 real, 4 MB, 54.34 load
[runlim] sample:		824.85 time, 830.01 real, 4 MB, 54.21 load
[runlim] sample:		834.79 time, 840.01 real, 4 MB, 54.02 load
[runlim] sample:		844.73 time, 850.01 real, 4 MB, 53.94 load
[runlim] sample:		854.67 time, 860.01 real, 4 MB, 53.80 load
[runlim] sample:		864.62 time, 870.01 real, 4 MB, 53.68 load
[runlim] sample:		874.56 time, 880.01 real, 4 MB, 53.57 load
[runlim] sample:		884.50 time, 890.01 real, 4 MB, 53.48 load
[runlim] sample:		894.44 time, 900.01 real, 4 MB, 53.48 load
[runlim] sample:		904.38 time, 910.01 real, 4 MB, 53.41 load
[runlim] sample:		914.32 time, 920.01 real, 4 MB, 53.34 load
[runlim] sample:		924.26 time, 930.01 real, 4 MB, 53.37 load
[runlim] sample:		934.20 time, 940.01 real, 4 MB, 53.55 load
[runlim] sample:		944.13 time, 950.01 real, 4 MB, 53.46 load
[runlim] sample:		954.07 time, 960.01 real, 4 MB, 53.47 load
[runlim] sample:		964.01 time, 970.01 real, 4 MB, 53.39 load
[runlim] sample:		973.95 time, 980.01 real, 4 MB, 53.33 load
[runlim] sample:		983.89 time, 990.01 real, 4 MB, 53.28 load
[runlim] sample:		993.83 time, 1000.01 real, 4 MB, 53.24 load
[runlim] sample:		1003.76 time, 1010.01 real, 4 MB, 53.27 load
[runlim] sample:		1013.70 time, 1020.01 real, 4 MB, 53.23 load
[runlim] sample:		1023.64 time, 1030.01 real, 4 MB, 53.36 load
[runlim] sample:		1033.58 time, 1040.01 real, 4 MB, 53.38 load
[runlim] sample:		1043.52 time, 1050.01 real, 4 MB, 53.32 load
[runlim] sample:		1053.46 time, 1060.01 real, 4 MB, 53.27 load
[runlim] sample:		1063.40 time, 1070.01 real, 4 MB, 53.23 load
[runlim] sample:		1073.34 time, 1080.01 real, 4 MB, 53.27 load
[runlim] sample:		1083.28 time, 1090.01 real, 4 MB, 53.30 load
[runlim] sample:		1093.21 time, 1100.01 real, 4 MB, 53.26 load
[runlim] sample:		1103.15 time, 1110.01 real, 4 MB, 53.22 load
[runlim] sample:		1113.09 time, 1120.01 real, 4 MB, 53.18 load
[runlim] sample:		1123.03 time, 1130.01 real, 4 MB, 53.24 load
[runlim] sample:		1132.97 time, 1140.01 real, 4 MB, 53.28 load
[runlim] sample:		1142.90 time, 1150.01 real, 4 MB, 53.24 load
[runlim] sample:		1152.84 time, 1160.01 real, 4 MB, 53.20 load
[runlim] sample:		1162.78 time, 1170.01 real, 4 MB, 53.17 load
[runlim] sample:		1172.72 time, 1180.01 real, 4 MB, 53.14 load
[runlim] sample:		1182.66 time, 1190.01 real, 4 MB, 53.12 load
[runlim] sample:		1192.60 time, 1200.01 real, 4 MB, 53.10 load
[runlim] sample:		1202.54 time, 1210.01 real, 4 MB, 53.08 load
[runlim] sample:		1212.48 time, 1220.01 real, 4 MB, 53.07 load
[runlim] sample:		1222.42 time, 1230.01 real, 4 MB, 53.06 load
[runlim] sample:		1232.36 time, 1240.01 real, 4 MB, 53.05 load
[runlim] sample:		1242.29 time, 1250.01 real, 4 MB, 53.04 load
[runlim] sample:		1252.23 time, 1260.01 real, 4 MB, 53.04 load
[runlim] sample:		1262.17 time, 1270.01 real, 4 MB, 53.11 load
[runlim] sample:		1272.12 time, 1280.01 real, 4 MB, 53.09 load
[runlim] sample:		1282.06 time, 1290.01 real, 4 MB, 53.08 load
[runlim] sample:		1292.00 time, 1300.01 real, 4 MB, 53.07 load
[runlim] sample:		1301.94 time, 1310.01 real, 4 MB, 53.14 load
[runlim] sample:		1311.88 time, 1320.01 real, 4 MB, 53.11 load
[runlim] sample:		1321.82 time, 1330.01 real, 4 MB, 53.10 load
[runlim] sample:		1331.76 time, 1340.01 real, 4 MB, 53.08 load
[runlim] sample:		1341.71 time, 1350.01 real, 4 MB, 53.07 load
[runlim] sample:		1351.65 time, 1360.01 real, 4 MB, 53.06 load
[runlim] sample:		1361.59 time, 1370.01 real, 4 MB, 53.05 load
[runlim] sample:		1371.53 time, 1380.01 real, 4 MB, 53.04 load
[runlim] sample:		1381.47 time, 1390.01 real, 4 MB, 53.03 load
[runlim] sample:		1391.41 time, 1400.01 real, 4 MB, 53.03 load
[runlim] sample:		1401.35 time, 1410.01 real, 4 MB, 53.02 load
[runlim] sample:		1411.29 time, 1420.01 real, 4 MB, 53.02 load
[runlim] sample:		1421.22 time, 1430.01 real, 4 MB, 53.02 load
[runlim] sample:		1431.16 time, 1440.01 real, 4 MB, 53.01 load
[runlim] sample:		1441.10 time, 1450.01 real, 4 MB, 53.01 load
[runlim] sample:		1451.04 time, 1460.01 real, 4 MB, 53.01 load
[runlim] sample:		1460.98 time, 1470.01 real, 4 MB, 53.09 load
[runlim] sample:		1470.92 time, 1480.01 real, 4 MB, 53.15 load
[runlim] sample:		1480.86 time, 1490.01 real, 4 MB, 53.13 load
[runlim] sample:		1490.79 time, 1500.01 real, 4 MB, 53.18 load
[runlim] sample:		1500.73 time, 1510.01 real, 4 MB, 53.15 load
[runlim] sample:		1510.67 time, 1520.01 real, 4 MB, 53.13 load
[runlim] sample:		1520.61 time, 1530.01 real, 4 MB, 53.11 load
[runlim] sample:		1530.55 time, 1540.01 real, 4 MB, 53.25 load
[runlim] sample:		1540.50 time, 1550.01 real, 4 MB, 53.29 load
[runlim] sample:		1550.44 time, 1560.01 real, 4 MB, 53.25 load
[runlim] sample:		1560.37 time, 1570.01 real, 4 MB, 53.21 load
[runlim] sample:		1570.31 time, 1580.01 real, 4 MB, 53.18 load
[runlim] sample:		1580.25 time, 1590.01 real, 4 MB, 53.15 load
[runlim] sample:		1590.19 time, 1600.01 real, 4 MB, 53.28 load
[runlim] sample:		1600.13 time, 1610.01 real, 4 MB, 53.24 load
[runlim] sample:		1610.07 time, 1620.01 real, 4 MB, 53.20 load
[runlim] sample:		1620.01 time, 1630.01 real, 4 MB, 53.17 load
[runlim] sample:		1629.95 time, 1640.01 real, 4 MB, 53.22 load
[runlim] sample:		1639.89 time, 1650.01 real, 4 MB, 53.26 load
[runlim] sample:		1649.83 time, 1660.01 real, 4 MB, 53.22 load
[runlim] sample:		1659.78 time, 1670.01 real, 4 MB, 53.19 load
[runlim] sample:		1669.72 time, 1680.01 real, 4 MB, 53.16 load
[runlim] sample:		1679.66 time, 1690.01 real, 4 MB, 53.21 load
[runlim] sample:		1689.61 time, 1700.01 real, 4 MB, 53.18 load
[runlim] sample:		1699.55 time, 1710.01 real, 4 MB, 53.39 load
[runlim] sample:		1709.49 time, 1720.01 real, 4 MB, 53.33 load
[runlim] sample:		1719.43 time, 1730.01 real, 4 MB, 53.28 load
[runlim] sample:		1729.37 time, 1740.01 real, 4 MB, 53.23 load
[runlim] sample:		1739.32 time, 1750.01 real, 4 MB, 53.27 load
[runlim] sample:		1749.26 time, 1760.01 real, 4 MB, 53.31 load
[runlim] sample:		1759.20 time, 1770.01 real, 4 MB, 53.26 load
[runlim] sample:		1769.15 time, 1780.01 real, 4 MB, 53.22 load
[runlim] sample:		1779.09 time, 1790.01 real, 4 MB, 53.27 load
[runlim] sample:		1789.03 time, 1800.01 real, 4 MB, 53.30 load
[runlim] sample:		1798.97 time, 1810.01 real, 4 MB, 53.25 load
[runlim] sample:		1808.92 time, 1820.01 real, 4 MB, 53.21 load
[runlim] sample:		1818.86 time, 1830.01 real, 4 MB, 53.18 load
[runlim] sample:		1828.80 time, 1840.01 real, 4 MB, 53.15 load
[runlim] sample:		1838.75 time, 1850.01 real, 4 MB, 53.13 load
[runlim] sample:		1848.69 time, 1860.01 real, 4 MB, 53.11 load
[runlim] sample:		1858.63 time, 1870.01 real, 4 MB, 53.33 load
[runlim] sample:		1868.58 time, 1880.01 real, 4 MB, 53.28 load
[runlim] sample:		1878.52 time, 1890.01 real, 4 MB, 53.24 load
[runlim] sample:		1888.46 time, 1900.01 real, 4 MB, 53.20 load
[runlim] sample:		1898.40 time, 1910.01 real, 4 MB, 53.24 load
[runlim] sample:		1908.34 time, 1920.01 real, 4 MB, 53.21 load
[runlim] sample:		1918.29 time, 1930.01 real, 4 MB, 53.17 load
[runlim] sample:		1928.23 time, 1940.01 real, 4 MB, 53.22 load
[runlim] sample:		1938.17 time, 1950.01 real, 4 MB, 53.19 load
[runlim] sample:		1948.12 time, 1960.01 real, 4 MB, 53.16 load
[runlim] sample:		1958.06 time, 1970.01 real, 4 MB, 53.13 load
[runlim] sample:		1968.00 time, 1980.01 real, 4 MB, 53.19 load
[runlim] sample:		1977.95 time, 1990.01 real, 4 MB, 53.16 load
[runlim] sample:		1987.89 time, 2000.01 real, 4 MB, 53.14 load
[runlim] sample:		1997.83 time, 2010.01 real, 4 MB, 53.19 load
[runlim] sample:		2007.78 time, 2020.01 real, 4 MB, 53.16 load
[runlim] sample:		2017.72 time, 2030.01 real, 4 MB, 53.13 load
[runlim] sample:		2027.67 time, 2040.01 real, 4 MB, 53.19 load
[runlim] sample:		2037.61 time, 2050.01 real, 4 MB, 53.16 load
[runlim] sample:		2047.55 time, 2060.01 real, 4 MB, 53.14 load
[runlim] sample:		2057.50 time, 2070.01 real, 4 MB, 53.12 load
[runlim] sample:		2067.44 time, 2080.01 real, 4 MB, 53.10 load
[runlim] sample:		2077.39 time, 2090.01 real, 4 MB, 53.08 load
[runlim] sample:		2087.33 time, 2100.01 real, 4 MB, 53.07 load
[runlim] sample:		2097.28 time, 2110.01 real, 4 MB, 53.06 load
[runlim] sample:		2107.22 time, 2120.01 real, 4 MB, 53.21 load
[runlim] sample:		2117.16 time, 2130.01 real, 4 MB, 53.18 load
[runlim] sample:		2127.11 time, 2140.01 real, 4 MB, 53.23 load
[runlim] sample:		2137.05 time, 2150.01 real, 4 MB, 53.19 load
[runlim] sample:		2146.99 time, 2160.01 real, 4 MB, 53.16 load
[runlim] sample:		2156.94 time, 2170.01 real, 4 MB, 53.14 load
[runlim] sample:		2166.88 time, 2180.01 real, 4 MB, 53.12 load
[runlim] sample:		2176.83 time, 2190.01 real, 4 MB, 53.18 load
[runlim] sample:		2186.77 time, 2200.01 real, 4 MB, 53.23 load
[runlim] sample:		2196.71 time, 2210.01 real, 4 MB, 53.28 load
[runlim] sample:		2206.66 time, 2220.01 real, 4 MB, 53.23 load
[runlim] sample:		2216.60 time, 2230.01 real, 4 MB, 53.27 load
[runlim] sample:		2226.54 time, 2240.01 real, 4 MB, 53.23 load
[runlim] sample:		2236.49 time, 2250.01 real, 4 MB, 53.19 load
[runlim] sample:		2246.43 time, 2260.01 real, 4 MB, 53.16 load
[runlim] sample:		2256.37 time, 2270.01 real, 4 MB, 53.29 load
[runlim] sample:		2266.32 time, 2280.01 real, 4 MB, 53.25 load
[runlim] sample:		2276.26 time, 2290.01 real, 4 MB, 53.21 load
[runlim] sample:		2286.20 time, 2300.01 real, 4 MB, 53.18 load
[runlim] sample:		2296.15 time, 2310.01 real, 4 MB, 53.15 load
[runlim] sample:		2306.09 time, 2320.01 real, 4 MB, 53.12 load
[runlim] sample:		2316.03 time, 2330.01 real, 4 MB, 53.11 load
[runlim] sample:		2325.98 time, 2340.01 real, 4 MB, 53.09 load
[runlim] sample:		2335.92 time, 2350.01 real, 4 MB, 53.07 load
[runlim] sample:		2345.86 time, 2360.01 real, 4 MB, 53.14 load
[runlim] sample:		2355.80 time, 2370.01 real, 4 MB, 53.36 load
[runlim] sample:		2365.75 time, 2380.01 real, 4 MB, 53.54 load
[runlim] sample:		2375.69 time, 2390.01 real, 4 MB, 53.45 load
[runlim] sample:		2385.63 time, 2400.01 real, 4 MB, 53.38 load
[runlim] sample:		2395.57 time, 2410.01 real, 4 MB, 53.32 load
[runlim] sample:		2405.52 time, 2420.01 real, 4 MB, 53.43 load
[runlim] sample:		2415.46 time, 2430.01 real, 4 MB, 53.37 load
[runlim] sample:		2425.41 time, 2440.01 real, 4 MB, 53.38 load
[runlim] sample:		2435.35 time, 2450.01 real, 4 MB, 53.32 load
[runlim] sample:		2445.29 time, 2460.01 real, 4 MB, 53.35 load
[runlim] sample:		2455.24 time, 2470.01 real, 4 MB, 53.37 load
[runlim] sample:		2465.18 time, 2480.01 real, 4 MB, 53.47 load
[runlim] sample:		2475.13 time, 2490.01 real, 4 MB, 53.40 load
[runlim] sample:		2485.07 time, 2500.01 real, 4 MB, 53.34 load
[runlim] sample:		2495.01 time, 2510.01 real, 4 MB, 53.59 load
[runlim] sample:		2504.96 time, 2520.01 real, 4 MB, 53.50 load
[runlim] sample:		2514.90 time, 2530.01 real, 4 MB, 53.42 load
[runlim] sample:		2524.84 time, 2540.01 real, 4 MB, 53.44 load
[runlim] sample:		2534.79 time, 2550.01 real, 4 MB, 53.37 load
[runlim] sample:		2544.73 time, 2560.01 real, 4 MB, 53.31 load
[runlim] sample:		2554.67 time, 2570.01 real, 4 MB, 53.26 load
[runlim] sample:		2564.62 time, 2580.01 real, 4 MB, 53.22 load
[runlim] sample:		2574.56 time, 2590.01 real, 4 MB, 53.19 load
[runlim] sample:		2584.50 time, 2600.01 real, 4 MB, 53.24 load
[runlim] sample:		2594.44 time, 2610.01 real, 4 MB, 53.20 load
[runlim] sample:		2604.39 time, 2620.01 real, 4 MB, 53.17 load
[runlim] sample:		2614.33 time, 2630.01 real, 4 MB, 53.14 load
[runlim] sample:		2624.27 time, 2640.01 real, 4 MB, 53.20 load
[runlim] sample:		2634.22 time, 2650.01 real, 4 MB, 53.17 load
[runlim] sample:		2644.16 time, 2660.01 real, 4 MB, 53.22 load
[runlim] sample:		2654.10 time, 2670.01 real, 4 MB, 53.19 load
[runlim] sample:		2664.05 time, 2680.01 real, 4 MB, 53.16 load
[runlim] sample:		2673.99 time, 2690.01 real, 4 MB, 53.13 load
[runlim] sample:		2683.94 time, 2700.01 real, 4 MB, 53.11 load
[runlim] sample:		2693.88 time, 2710.01 real, 4 MB, 53.17 load
[runlim] sample:		2703.82 time, 2720.01 real, 4 MB, 53.14 load
[runlim] sample:		2713.76 time, 2730.01 real, 4 MB, 53.12 load
[runlim] sample:		2723.71 time, 2740.01 real, 4 MB, 53.10 load
[runlim] sample:		2733.65 time, 2750.01 real, 4 MB, 53.09 load
[runlim] sample:		2743.60 time, 2760.01 real, 4 MB, 53.07 load
[runlim] sample:		2753.54 time, 2770.01 real, 4 MB, 53.06 load
[runlim] sample:		2763.48 time, 2780.01 real, 4 MB, 53.13 load
[runlim] sample:		2773.43 time, 2790.01 real, 4 MB, 53.11 load
[runlim] sample:		2783.37 time, 2800.01 real, 4 MB, 53.09 load
[runlim] sample:		2793.31 time, 2810.01 real, 4 MB, 53.08 load
[runlim] sample:		2803.26 time, 2820.01 real, 4 MB, 53.07 load
[runlim] sample:		2813.20 time, 2830.01 real, 4 MB, 53.06 load
[runlim] sample:		2823.14 time, 2840.01 real, 4 MB, 53.13 load
[runlim] sample:		2833.08 time, 2850.01 real, 4 MB, 53.11 load
[runlim] sample:		2843.03 time, 2860.01 real, 4 MB, 53.09 load
[runlim] sample:		2852.97 time, 2870.01 real, 4 MB, 53.08 load
[runlim] sample:		2862.92 time, 2880.01 real, 4 MB, 53.06 load
[runlim] sample:		2872.86 time, 2890.01 real, 4 MB, 53.42 load
[runlim] sample:		2882.80 time, 2900.01 real, 4 MB, 53.44 load
[runlim] sample:		2892.75 time, 2910.01 real, 4 MB, 53.44 load
[runlim] sample:		2902.69 time, 2920.01 real, 4 MB, 53.37 load
[runlim] sample:		2912.64 time, 2930.01 real, 4 MB, 53.32 load
[runlim] sample:		2922.58 time, 2940.01 real, 4 MB, 53.27 load
[runlim] sample:		2932.52 time, 2950.01 real, 4 MB, 53.37 load
[runlim] sample:		2942.46 time, 2960.01 real, 4 MB, 53.40 load
[runlim] sample:		2952.41 time, 2970.01 real, 4 MB, 53.42 load
[runlim] sample:		2962.35 time, 2980.01 real, 4 MB, 53.35 load
[runlim] sample:		2972.30 time, 2990.01 real, 4 MB, 53.38 load
[runlim] sample:		2982.24 time, 3000.01 real, 4 MB, 53.32 load
[runlim] sample:		2992.18 time, 3010.01 real, 4 MB, 53.34 load
[runlim] sample:		3002.12 time, 3020.01 real, 4 MB, 53.29 load
[runlim] sample:		3012.07 time, 3030.01 real, 4 MB, 53.32 load
[runlim] sample:		3022.01 time, 3040.01 real, 4 MB, 53.27 load
[runlim] sample:		3031.95 time, 3050.01 real, 4 MB, 53.23 load
[runlim] sample:		3041.90 time, 3060.01 real, 4 MB, 53.19 load
[runlim] sample:		3051.84 time, 3070.01 real, 4 MB, 53.16 load
[runlim] sample:		3061.79 time, 3080.01 real, 4 MB, 53.14 load
[runlim] sample:		3071.73 time, 3090.01 real, 4 MB, 53.12 load
[runlim] sample:		3081.67 time, 3100.01 real, 4 MB, 53.18 load
[runlim] sample:		3091.62 time, 3110.01 real, 4 MB, 53.22 load
[runlim] sample:		3101.56 time, 3120.01 real, 4 MB, 53.19 load
[runlim] sample:		3111.51 time, 3130.01 real, 4 MB, 53.16 load
[runlim] sample:		3121.45 time, 3140.01 real, 4 MB, 53.21 load
[runlim] sample:		3131.39 time, 3150.01 real, 4 MB, 53.18 load
[runlim] sample:		3141.34 time, 3160.01 real, 4 MB, 53.15 load
[runlim] sample:		3151.28 time, 3170.01 real, 4 MB, 53.13 load
[runlim] sample:		3161.23 time, 3180.01 real, 4 MB, 53.18 load
[runlim] sample:		3171.17 time, 3190.01 real, 4 MB, 53.15 load
[runlim] sample:		3181.11 time, 3200.01 real, 4 MB, 53.13 load
[runlim] sample:		3191.06 time, 3210.01 real, 4 MB, 53.11 load
[runlim] sample:		3201.00 time, 3220.01 real, 4 MB, 53.17 load
[runlim] sample:		3210.95 time, 3230.01 real, 4 MB, 53.15 load
[runlim] sample:		3220.89 time, 3240.01 real, 4 MB, 53.12 load
[runlim] sample:		3230.83 time, 3250.01 real, 4 MB, 53.10 load
[runlim] sample:		3240.78 time, 3260.01 real, 4 MB, 53.09 load
[runlim] sample:		3250.72 time, 3270.01 real, 4 MB, 53.07 load
[runlim] sample:		3260.67 time, 3280.01 real, 4 MB, 53.14 load
[runlim] sample:		3270.61 time, 3290.01 real, 4 MB, 53.12 load
[runlim] sample:		3280.56 time, 3300.01 real, 4 MB, 53.10 load
[runlim] sample:		3290.51 time, 3310.01 real, 4 MB, 53.08 load
[runlim] sample:		3300.46 time, 3320.01 real, 4 MB, 53.07 load
[runlim] sample:		3310.41 time, 3330.01 real, 4 MB, 53.06 load
[runlim] sample:		3320.36 time, 3340.01 real, 4 MB, 53.20 load
[runlim] sample:		3330.30 time, 3350.01 real, 4 MB, 53.17 load
[runlim] sample:		3340.25 time, 3360.01 real, 4 MB, 53.15 load
[runlim] sample:		3350.20 time, 3370.01 real, 4 MB, 53.12 load
[runlim] sample:		3360.14 time, 3380.01 real, 4 MB, 53.25 load
[runlim] sample:		3370.09 time, 3390.01 real, 4 MB, 53.29 load
[runlim] sample:		3380.04 time, 3400.01 real, 4 MB, 53.25 load
[runlim] sample:		3389.99 time, 3410.01 real, 4 MB, 53.21 load
[runlim] sample:		3399.94 time, 3420.01 real, 4 MB, 53.18 load
[runlim] sample:		3409.88 time, 3430.01 real, 4 MB, 53.15 load
[runlim] sample:		3419.83 time, 3440.01 real, 4 MB, 53.12 load
[runlim] sample:		3429.77 time, 3450.01 real, 4 MB, 53.11 load
[runlim] sample:		3439.72 time, 3460.01 real, 4 MB, 53.09 load
[runlim] sample:		3449.67 time, 3470.01 real, 4 MB, 53.30 load
[runlim] sample:		3459.61 time, 3480.01 real, 4 MB, 53.26 load
[runlim] sample:		3469.56 time, 3490.01 real, 4 MB, 53.29 load
[runlim] sample:		3479.51 time, 3500.01 real, 4 MB, 53.25 load
[runlim] sample:		3489.46 time, 3510.01 real, 4 MB, 53.28 load
[runlim] sample:		3499.40 time, 3520.01 real, 4 MB, 53.48 load
[runlim] sample:		3509.35 time, 3530.01 real, 4 MB, 53.55 load
[runlim] sample:		3519.29 time, 3540.01 real, 4 MB, 53.47 load
[runlim] sample:		3529.24 time, 3550.01 real, 4 MB, 53.39 load
[runlim] sample:		3539.19 time, 3560.01 real, 4 MB, 53.33 load
[runlim] sample:		3549.14 time, 3570.01 real, 4 MB, 53.28 load
[runlim] sample:		3559.09 time, 3580.01 real, 4 MB, 53.31 load
[runlim] sample:		3569.03 time, 3590.01 real, 4 MB, 53.34 load
[runlim] sample:		3578.98 time, 3600.01 real, 4 MB, 53.28 load
[runlim] sample:		3588.92 time, 3610.01 real, 4 MB, 53.24 load
[runlim] sample:		3598.88 time, 3620.01 real, 4 MB, 53.20 load
[runlim] sample:		3608.84 time, 3630.01 real, 4 MB, 53.25 load
[runlim] sample:		3618.80 time, 3640.01 real, 4 MB, 53.21 load
[runlim] sample:		3628.74 time, 3650.01 real, 4 MB, 53.25 load
[runlim] sample:		3638.69 time, 3660.01 real, 4 MB, 53.21 load
[runlim] sample:		3648.64 time, 3670.01 real, 4 MB, 53.18 load
[runlim] sample:		3658.59 time, 3680.01 real, 4 MB, 53.15 load
[runlim] sample:		3668.54 time, 3690.01 real, 4 MB, 53.13 load
[runlim] sample:		3678.49 time, 3700.01 real, 4 MB, 53.11 load
[runlim] sample:		3688.44 time, 3710.01 real, 4 MB, 53.09 load
[runlim] sample:		3698.39 time, 3720.01 real, 4 MB, 53.08 load
[runlim] sample:		3708.33 time, 3730.01 real, 4 MB, 53.14 load
[runlim] sample:		3718.28 time, 3740.01 real, 4 MB, 53.12 load
[runlim] sample:		3728.23 time, 3750.01 real, 4 MB, 53.10 load
[runlim] sample:		3738.18 time, 3760.01 real, 4 MB, 53.08 load
[runlim] sample:		3748.13 time, 3770.01 real, 4 MB, 53.07 load
[runlim] sample:		3758.08 time, 3780.01 real, 4 MB, 53.06 load
[runlim] sample:		3768.02 time, 3790.01 real, 4 MB, 53.20 load
[runlim] sample:		3777.97 time, 3800.01 real, 4 MB, 53.17 load
[runlim] sample:		3787.92 time, 3810.01 real, 4 MB, 53.14 load
[runlim] sample:		3797.87 time, 3820.01 real, 4 MB, 53.12 load
[runlim] sample:		3807.81 time, 3830.01 real, 4 MB, 53.18 load
[runlim] sample:		3817.76 time, 3840.01 real, 4 MB, 53.15 load
[runlim] sample:		3827.71 time, 3850.01 real, 4 MB, 53.20 load
[runlim] sample:		3837.65 time, 3860.01 real, 4 MB, 53.17 load
[runlim] sample:		3847.60 time, 3870.01 real, 4 MB, 53.14 load
[runlim] sample:		3857.54 time, 3880.01 real, 4 MB, 53.12 load
[runlim] sample:		3867.49 time, 3890.01 real, 4 MB, 53.10 load
[runlim] sample:		3877.44 time, 3900.01 real, 4 MB, 53.09 load
[runlim] sample:		3887.38 time, 3910.01 real, 4 MB, 53.07 load
[runlim] sample:		3897.33 time, 3920.01 real, 4 MB, 53.14 load
[runlim] sample:		3907.28 time, 3930.01 real, 4 MB, 53.19 load
[runlim] sample:		3917.22 time, 3940.01 real, 4 MB, 53.16 load
[runlim] sample:		3927.17 time, 3950.01 real, 4 MB, 53.14 load
[runlim] sample:		3937.12 time, 3960.01 real, 4 MB, 53.20 load
[runlim] sample:		3947.06 time, 3970.01 real, 4 MB, 53.47 load
[runlim] sample:		3957.01 time, 3980.01 real, 4 MB, 53.40 load
[runlim] sample:		3966.96 time, 3990.01 real, 4 MB, 53.42 load
[runlim] sample:		3976.90 time, 4000.01 real, 4 MB, 53.35 load
[runlim] sample:		3986.85 time, 4010.01 real, 4 MB, 53.37 load
[runlim] sample:		3996.80 time, 4020.01 real, 4 MB, 53.31 load
[runlim] sample:		4006.74 time, 4030.01 real, 4 MB, 53.26 load
[runlim] sample:		4016.69 time, 4040.01 real, 4 MB, 53.22 load
[runlim] sample:		4026.64 time, 4050.01 real, 4 MB, 53.19 load
[runlim] sample:		4036.58 time, 4060.01 real, 4 MB, 53.16 load
[runlim] sample:		4046.53 time, 4070.01 real, 4 MB, 53.13 load
[runlim] sample:		4056.47 time, 4080.01 real, 4 MB, 53.26 load
[runlim] sample:		4066.42 time, 4090.01 real, 4 MB, 53.22 load
[runlim] sample:		4076.36 time, 4100.01 real, 4 MB, 53.19 load
[runlim] sample:		4086.31 time, 4110.01 real, 4 MB, 53.23 load
[runlim] sample:		4096.26 time, 4120.01 real, 4 MB, 53.19 load
[runlim] sample:		4106.20 time, 4130.01 real, 4 MB, 53.16 load
[runlim] sample:		4116.15 time, 4140.01 real, 4 MB, 53.22 load
[runlim] sample:		4126.09 time, 4150.01 real, 4 MB, 53.18 load
[runlim] sample:		4136.04 time, 4160.01 real, 4 MB, 53.16 load
[runlim] sample:		4145.99 time, 4170.01 real, 4 MB, 53.21 load
[runlim] sample:		4155.93 time, 4180.01 real, 4 MB, 53.17 load
[runlim] sample:		4165.88 time, 4190.01 real, 4 MB, 53.15 load
[runlim] sample:		4175.83 time, 4200.01 real, 4 MB, 53.12 load
[runlim] sample:		4185.77 time, 4210.01 real, 4 MB, 53.10 load
[runlim] sample:		4195.72 time, 4220.01 real, 4 MB, 53.09 load
[runlim] sample:		4205.67 time, 4230.01 real, 4 MB, 53.15 load
[runlim] sample:		4215.61 time, 4240.01 real, 4 MB, 53.13 load
[runlim] sample:		4225.56 time, 4250.01 real, 4 MB, 53.11 load
[runlim] sample:		4235.51 time, 4260.01 real, 4 MB, 53.09 load
[runlim] sample:		4245.46 time, 4270.01 real, 4 MB, 53.08 load
[runlim] sample:		4255.41 time, 4280.01 real, 4 MB, 53.06 load
[runlim] sample:		4265.35 time, 4290.01 real, 4 MB, 53.22 load
[runlim] sample:		4275.30 time, 4300.01 real, 4 MB, 53.18 load
[runlim] sample:		4285.24 time, 4310.01 real, 4 MB, 53.15 load
[runlim] sample:		4295.19 time, 4320.01 real, 4 MB, 53.13 load
[runlim] sample:		4305.13 time, 4330.01 real, 4 MB, 53.11 load
[runlim] sample:		4315.08 time, 4340.01 real, 4 MB, 53.09 load
[runlim] sample:		4325.02 time, 4350.01 real, 4 MB, 53.16 load
[runlim] sample:		4334.97 time, 4360.01 real, 4 MB, 53.13 load
[runlim] sample:		4344.92 time, 4370.01 real, 4 MB, 53.11 load
[runlim] sample:		4354.86 time, 4380.01 real, 4 MB, 53.09 load
[runlim] sample:		4364.81 time, 4390.01 real, 4 MB, 53.08 load
[runlim] sample:		4374.76 time, 4400.01 real, 4 MB, 53.07 load
[runlim] sample:		4384.71 time, 4410.01 real, 4 MB, 53.14 load
[runlim] sample:		4394.66 time, 4420.01 real, 4 MB, 53.12 load
[runlim] sample:		4404.60 time, 4430.01 real, 4 MB, 53.18 load
[runlim] sample:		4414.55 time, 4440.01 real, 4 MB, 53.15 load
[runlim] sample:		4424.50 time, 4450.01 real, 4 MB, 53.13 load
[runlim] sample:		4434.45 time, 4460.01 real, 4 MB, 53.11 load
[runlim] sample:		4444.39 time, 4470.01 real, 4 MB, 53.17 load
[runlim] sample:		4454.34 time, 4480.01 real, 4 MB, 53.22 load
[runlim] sample:		4464.28 time, 4490.01 real, 4 MB, 53.18 load
[runlim] sample:		4474.23 time, 4500.01 real, 4 MB, 53.23 load
[runlim] sample:		4484.18 time, 4510.01 real, 4 MB, 53.41 load
[runlim] sample:		4494.12 time, 4520.01 real, 4 MB, 53.35 load
[runlim] sample:		4504.07 time, 4530.01 real, 4 MB, 53.30 load
[runlim] sample:		4514.01 time, 4540.01 real, 4 MB, 53.25 load
[runlim] sample:		4523.96 time, 4550.01 real, 4 MB, 53.21 load
[runlim] sample:		4533.91 time, 4560.01 real, 4 MB, 53.25 load
[runlim] sample:		4543.85 time, 4570.01 real, 4 MB, 53.21 load
[runlim] sample:		4553.80 time, 4580.01 real, 4 MB, 53.25 load
[runlim] sample:		4563.75 time, 4590.01 real, 4 MB, 53.21 load
[runlim] sample:		4573.70 time, 4600.01 real, 4 MB, 53.18 load
[runlim] sample:		4583.65 time, 4610.01 real, 4 MB, 53.15 load
[runlim] sample:		4593.60 time, 4620.01 real, 4 MB, 53.13 load
[runlim] sample:		4603.54 time, 4630.01 real, 4 MB, 53.11 load
[runlim] sample:		4613.49 time, 4640.01 real, 4 MB, 53.40 load
[runlim] sample:		4623.44 time, 4650.01 real, 4 MB, 53.42 load
[runlim] sample:		4633.38 time, 4660.01 real, 4 MB, 53.35 load
[runlim] sample:		4643.33 time, 4670.01 real, 4 MB, 53.30 load
[runlim] sample:		4653.28 time, 4680.01 real, 4 MB, 53.25 load
[runlim] sample:		4663.23 time, 4690.01 real, 4 MB, 53.21 load
[runlim] sample:		4673.17 time, 4700.01 real, 4 MB, 53.18 load
[runlim] sample:		4683.12 time, 4710.01 real, 4 MB, 53.15 load
[runlim] sample:		4693.07 time, 4720.01 real, 4 MB, 53.13 load
[runlim] sample:		4703.02 time, 4730.01 real, 4 MB, 53.19 load
[runlim] sample:		4712.96 time, 4740.01 real, 4 MB, 53.16 load
[runlim] sample:		4722.90 time, 4750.01 real, 4 MB, 53.13 load
[runlim] sample:		4732.85 time, 4760.01 real, 4 MB, 53.19 load
[runlim] sample:		4742.80 time, 4770.01 real, 4 MB, 53.26 load
[runlim] sample:		4752.74 time, 4780.01 real, 4 MB, 53.22 load
[runlim] sample:		4762.68 time, 4790.01 real, 4 MB, 53.18 load
[runlim] sample:		4772.63 time, 4800.01 real, 4 MB, 53.23 load
[runlim] sample:		4782.58 time, 4810.01 real, 4 MB, 53.27 load
[runlim] sample:		4792.52 time, 4820.01 real, 4 MB, 53.23 load
[runlim] sample:		4802.46 time, 4830.01 real, 4 MB, 53.19 load
[runlim] sample:		4812.40 time, 4840.01 real, 4 MB, 53.24 load
[runlim] sample:		4822.35 time, 4850.01 real, 4 MB, 53.20 load
[runlim] sample:		4832.29 time, 4860.01 real, 4 MB, 53.24 load
[runlim] sample:		4842.23 time, 4870.01 real, 4 MB, 53.20 load
[runlim] sample:		4852.18 time, 4880.01 real, 4 MB, 53.25 load
[runlim] sample:		4862.12 time, 4890.01 real, 4 MB, 53.21 load
[runlim] sample:		4872.06 time, 4900.01 real, 4 MB, 53.18 load
[runlim] sample:		4882.00 time, 4910.01 real, 4 MB, 53.15 load
[runlim] sample:		4891.95 time, 4920.01 real, 4 MB, 53.20 load
[runlim] sample:		4901.89 time, 4930.01 real, 4 MB, 53.17 load
[runlim] sample:		4911.83 time, 4940.01 real, 4 MB, 53.14 load
[runlim] sample:		4921.78 time, 4950.01 real, 4 MB, 53.27 load
[runlim] sample:		4931.72 time, 4960.01 real, 4 MB, 53.23 load
[runlim] sample:		4941.67 time, 4970.01 real, 4 MB, 53.19 load
[runlim] sample:		4951.61 time, 4980.01 real, 4 MB, 53.24 load
[runlim] sample:		4961.55 time, 4990.01 real, 4 MB, 53.12 load
[runlim] sample:		4971.50 time, 5000.01 real, 4 MB, 51.70 load
[runlim] end:			Thu Apr  9 21:55:15 2026
[runlim] status:		out of time
[runlim] result:		2
[runlim] children:		1
[runlim] processes:		2
[runlim] real:			5000.05 seconds
[runlim] time:			4971.50 seconds
[runlim] space:			4 MB
[runlim] load:			56.32 maximum
[runlim] samples:		50000
