[runlim] version:		2.0.0rc1
[runlim] host:			m09n14
[runlim] time limit:		311040000 seconds
[runlim] real time limit:	5000 seconds
[runlim] space limit:		7000 MB
[runlim] argv[0]:		./binary
[runlim] argv[1]:		-c
[runlim] argv[2]:		-s
[runlim] argv[3]:		-r
[runlim] argv[4]:		/tmp/local-unzipped-12459996-1-52-mc2025_track1_105.cnf
[runlim] start:			Thu Apr  9 20:32:28 2026
[runlim] child:			3845409
[runlim] sample:		9.91 time, 10.01 real, 13 MB, 24.53 load
[runlim] sample:		19.82 time, 20.01 real, 15 MB, 30.61 load
[runlim] sample:		29.74 time, 30.01 real, 15 MB, 35.75 load
[runlim] sample:		39.67 time, 40.01 real, 26 MB, 39.63 load
[runlim] sample:		49.60 time, 50.01 real, 23 MB, 42.76 load
[runlim] sample:		59.54 time, 60.01 real, 23 MB, 45.57 load
[runlim] sample:		69.48 time, 70.01 real, 23 MB, 47.95 load
[runlim] sample:		79.41 time, 80.01 real, 19 MB, 49.80 load
[runlim] sample:		89.36 time, 90.01 real, 20 MB, 51.52 load
[runlim] sample:		99.29 time, 100.01 real, 21 MB, 52.75 load
[runlim] sample:		109.24 time, 110.01 real, 23 MB, 53.63 load
[runlim] sample:		119.18 time, 120.01 real, 23 MB, 54.15 load
[runlim] sample:		129.12 time, 130.01 real, 23 MB, 54.59 load
[runlim] sample:		139.05 time, 140.01 real, 24 MB, 54.89 load
[runlim] sample:		148.99 time, 150.01 real, 24 MB, 55.13 load
[runlim] sample:		158.94 time, 160.01 real, 29 MB, 55.27 load
[runlim] sample:		168.87 time, 170.01 real, 35 MB, 55.38 load
[runlim] sample:		178.80 time, 180.01 real, 35 MB, 55.47 load
[runlim] sample:		188.74 time, 190.01 real, 35 MB, 55.70 load
[runlim] sample:		198.68 time, 200.01 real, 29 MB, 55.75 load
[runlim] sample:		208.61 time, 210.01 real, 35 MB, 55.79 load
[runlim] sample:		218.55 time, 220.01 real, 35 MB, 55.82 load
[runlim] sample:		228.50 time, 230.01 real, 42 MB, 55.92 load
[runlim] sample:		238.44 time, 240.01 real, 42 MB, 56.02 load
[runlim] sample:		248.37 time, 250.01 real, 35 MB, 56.17 load
[runlim] sample:		258.31 time, 260.01 real, 42 MB, 56.14 load
[runlim] sample:		268.25 time, 270.01 real, 35 MB, 56.20 load
[runlim] sample:		278.19 time, 280.01 real, 36 MB, 56.17 load
[runlim] sample:		288.13 time, 290.01 real, 36 MB, 56.14 load
[runlim] sample:		298.06 time, 300.01 real, 36 MB, 56.12 load
[runlim] sample:		308.00 time, 310.01 real, 43 MB, 56.10 load
[runlim] sample:		317.94 time, 320.01 real, 36 MB, 56.08 load
[runlim] sample:		327.88 time, 330.01 real, 36 MB, 56.07 load
[runlim] sample:		337.82 time, 340.01 real, 36 MB, 56.06 load
[runlim] sample:		347.75 time, 350.01 real, 41 MB, 56.12 load
[runlim] sample:		357.69 time, 360.01 real, 41 MB, 56.10 load
[runlim] sample:		367.63 time, 370.01 real, 41 MB, 56.16 load
[runlim] sample:		377.57 time, 380.01 real, 49 MB, 56.14 load
[runlim] sample:		387.50 time, 390.01 real, 49 MB, 56.19 load
[runlim] sample:		397.44 time, 400.01 real, 42 MB, 56.16 load
[runlim] sample:		407.38 time, 410.01 real, 50 MB, 56.21 load
[runlim] sample:		417.32 time, 420.01 real, 50 MB, 56.26 load
[runlim] sample:		427.25 time, 430.01 real, 42 MB, 56.29 load
[runlim] sample:		437.19 time, 440.01 real, 42 MB, 56.25 load
[runlim] sample:		447.13 time, 450.01 real, 50 MB, 56.21 load
[runlim] sample:		457.06 time, 460.01 real, 42 MB, 56.17 load
[runlim] sample:		467.00 time, 470.01 real, 42 MB, 56.22 load
[runlim] sample:		476.95 time, 480.01 real, 50 MB, 56.26 load
[runlim] sample:		486.89 time, 490.01 real, 50 MB, 56.22 load
[runlim] sample:		496.83 time, 500.01 real, 50 MB, 56.19 load
[runlim] sample:		506.77 time, 510.01 real, 42 MB, 56.00 load
[runlim] sample:		516.70 time, 520.01 real, 42 MB, 55.77 load
[runlim] sample:		526.64 time, 530.01 real, 50 MB, 55.57 load
[runlim] sample:		536.58 time, 540.01 real, 50 MB, 55.33 load
[runlim] sample:		546.51 time, 550.01 real, 42 MB, 55.28 load
[runlim] sample:		556.45 time, 560.01 real, 47 MB, 55.16 load
[runlim] sample:		566.39 time, 570.01 real, 38 MB, 55.06 load
[runlim] sample:		576.33 time, 580.01 real, 38 MB, 54.89 load
[runlim] sample:		586.27 time, 590.01 real, 39 MB, 54.83 load
[runlim] sample:		596.21 time, 600.01 real, 39 MB, 54.70 load
[runlim] sample:		606.14 time, 610.01 real, 39 MB, 54.67 load
[runlim] sample:		616.08 time, 620.01 real, 39 MB, 54.57 load
[runlim] sample:		626.02 time, 630.01 real, 40 MB, 54.56 load
[runlim] sample:		635.96 time, 640.01 real, 40 MB, 54.54 load
[runlim] sample:		645.90 time, 650.01 real, 50 MB, 54.46 load
[runlim] sample:		655.84 time, 660.01 real, 50 MB, 54.39 load
[runlim] sample:		665.78 time, 670.01 real, 50 MB, 54.40 load
[runlim] sample:		675.72 time, 680.01 real, 50 MB, 54.34 load
[runlim] sample:		685.65 time, 690.01 real, 50 MB, 54.29 load
[runlim] sample:		695.59 time, 700.01 real, 50 MB, 54.24 load
[runlim] sample:		705.53 time, 710.01 real, 59 MB, 54.28 load
[runlim] sample:		715.46 time, 720.01 real, 59 MB, 54.24 load
[runlim] sample:		725.40 time, 730.01 real, 59 MB, 54.28 load
[runlim] sample:		735.34 time, 740.01 real, 59 MB, 54.24 load
[runlim] sample:		745.28 time, 750.01 real, 59 MB, 54.20 load
[runlim] sample:		755.21 time, 760.01 real, 59 MB, 54.17 load
[runlim] sample:		765.15 time, 770.01 real, 59 MB, 54.14 load
[runlim] sample:		775.09 time, 780.01 real, 59 MB, 54.12 load
[runlim] sample:		785.02 time, 790.01 real, 41 MB, 54.34 load
[runlim] sample:		794.97 time, 800.01 real, 42 MB, 54.21 load
[runlim] sample:		804.90 time, 810.01 real, 42 MB, 54.02 load
[runlim] sample:		814.84 time, 820.01 real, 42 MB, 53.94 load
[runlim] sample:		824.78 time, 830.01 real, 43 MB, 53.80 load
[runlim] sample:		834.71 time, 840.01 real, 43 MB, 53.68 load
[runlim] sample:		844.65 time, 850.01 real, 43 MB, 53.57 load
[runlim] sample:		854.59 time, 860.01 real, 43 MB, 53.48 load
[runlim] sample:		864.52 time, 870.01 real, 43 MB, 53.48 load
[runlim] sample:		874.46 time, 880.01 real, 42 MB, 53.41 load
[runlim] sample:		884.39 time, 890.01 real, 42 MB, 53.34 load
[runlim] sample:		894.33 time, 900.01 real, 53 MB, 53.37 load
[runlim] sample:		904.26 time, 910.01 real, 53 MB, 53.55 load
[runlim] sample:		914.20 time, 920.01 real, 53 MB, 53.46 load
[runlim] sample:		924.14 time, 930.01 real, 53 MB, 53.47 load
[runlim] sample:		934.08 time, 940.01 real, 53 MB, 53.39 load
[runlim] sample:		944.01 time, 950.01 real, 53 MB, 53.33 load
[runlim] sample:		953.95 time, 960.01 real, 53 MB, 53.28 load
[runlim] sample:		963.88 time, 970.01 real, 53 MB, 53.24 load
[runlim] sample:		973.81 time, 980.01 real, 48 MB, 53.27 load
[runlim] sample:		983.75 time, 990.01 real, 48 MB, 53.23 load
[runlim] sample:		993.68 time, 1000.01 real, 48 MB, 53.36 load
[runlim] sample:		1003.62 time, 1010.01 real, 48 MB, 53.38 load
[runlim] sample:		1013.55 time, 1020.01 real, 59 MB, 53.32 load
[runlim] sample:		1023.49 time, 1030.01 real, 59 MB, 53.27 load
[runlim] sample:		1033.43 time, 1040.01 real, 59 MB, 53.23 load
[runlim] sample:		1043.37 time, 1050.01 real, 59 MB, 53.27 load
[runlim] sample:		1053.30 time, 1060.01 real, 59 MB, 53.30 load
[runlim] sample:		1063.23 time, 1070.01 real, 59 MB, 53.26 load
[runlim] sample:		1073.17 time, 1080.01 real, 59 MB, 53.22 load
[runlim] sample:		1083.10 time, 1090.01 real, 59 MB, 53.18 load
[runlim] sample:		1093.04 time, 1100.01 real, 59 MB, 53.24 load
[runlim] sample:		1102.98 time, 1110.01 real, 68 MB, 53.28 load
[runlim] sample:		1112.92 time, 1120.01 real, 68 MB, 53.24 load
[runlim] sample:		1122.85 time, 1130.01 real, 68 MB, 53.20 load
[runlim] sample:		1132.79 time, 1140.01 real, 68 MB, 53.17 load
[runlim] sample:		1142.72 time, 1150.01 real, 68 MB, 53.14 load
[runlim] sample:		1152.66 time, 1160.01 real, 68 MB, 53.12 load
[runlim] sample:		1162.59 time, 1170.01 real, 68 MB, 53.10 load
[runlim] sample:		1172.53 time, 1180.01 real, 68 MB, 53.08 load
[runlim] sample:		1182.46 time, 1190.01 real, 68 MB, 53.07 load
[runlim] sample:		1192.40 time, 1200.01 real, 68 MB, 53.06 load
[runlim] sample:		1202.34 time, 1210.01 real, 68 MB, 53.05 load
[runlim] sample:		1212.28 time, 1220.01 real, 68 MB, 53.04 load
[runlim] sample:		1222.21 time, 1230.01 real, 68 MB, 53.04 load
[runlim] sample:		1232.15 time, 1240.01 real, 68 MB, 53.11 load
[runlim] sample:		1242.09 time, 1250.01 real, 68 MB, 53.09 load
[runlim] sample:		1252.03 time, 1260.01 real, 68 MB, 53.08 load
[runlim] sample:		1261.97 time, 1270.01 real, 68 MB, 53.07 load
[runlim] sample:		1271.90 time, 1280.01 real, 68 MB, 53.14 load
[runlim] sample:		1281.84 time, 1290.01 real, 68 MB, 53.11 load
[runlim] sample:		1291.78 time, 1300.01 real, 68 MB, 53.10 load
[runlim] sample:		1301.72 time, 1310.01 real, 68 MB, 53.08 load
[runlim] sample:		1311.66 time, 1320.01 real, 68 MB, 53.07 load
[runlim] sample:		1321.60 time, 1330.01 real, 68 MB, 53.06 load
[runlim] sample:		1331.54 time, 1340.01 real, 68 MB, 53.05 load
[runlim] sample:		1341.48 time, 1350.01 real, 68 MB, 53.04 load
[runlim] sample:		1351.41 time, 1360.01 real, 68 MB, 53.03 load
[runlim] sample:		1361.34 time, 1370.01 real, 47 MB, 53.03 load
[runlim] sample:		1371.28 time, 1380.01 real, 47 MB, 53.02 load
[runlim] sample:		1381.21 time, 1390.01 real, 47 MB, 53.02 load
[runlim] sample:		1391.15 time, 1400.01 real, 47 MB, 53.02 load
[runlim] sample:		1401.08 time, 1410.01 real, 48 MB, 53.01 load
[runlim] sample:		1411.02 time, 1420.01 real, 48 MB, 53.01 load
[runlim] sample:		1420.95 time, 1430.01 real, 48 MB, 53.01 load
[runlim] sample:		1430.89 time, 1440.01 real, 48 MB, 53.09 load
[runlim] sample:		1440.82 time, 1450.01 real, 49 MB, 53.15 load
[runlim] sample:		1450.75 time, 1460.01 real, 49 MB, 53.13 load
[runlim] sample:		1460.69 time, 1470.01 real, 49 MB, 53.18 load
[runlim] sample:		1470.63 time, 1480.01 real, 49 MB, 53.15 load
[runlim] sample:		1480.57 time, 1490.01 real, 49 MB, 53.13 load
[runlim] sample:		1490.50 time, 1500.01 real, 49 MB, 53.11 load
[runlim] sample:		1500.44 time, 1510.01 real, 49 MB, 53.25 load
[runlim] sample:		1510.38 time, 1520.01 real, 49 MB, 53.29 load
[runlim] sample:		1520.32 time, 1530.01 real, 49 MB, 53.25 load
[runlim] sample:		1530.25 time, 1540.01 real, 49 MB, 53.21 load
[runlim] sample:		1540.19 time, 1550.01 real, 49 MB, 53.18 load
[runlim] sample:		1550.12 time, 1560.01 real, 49 MB, 53.15 load
[runlim] sample:		1560.05 time, 1570.01 real, 49 MB, 53.28 load
[runlim] sample:		1569.99 time, 1580.01 real, 49 MB, 53.24 load
[runlim] sample:		1579.92 time, 1590.01 real, 61 MB, 53.20 load
[runlim] sample:		1589.86 time, 1600.01 real, 61 MB, 53.17 load
[runlim] sample:		1599.81 time, 1610.01 real, 61 MB, 53.22 load
[runlim] sample:		1609.75 time, 1620.01 real, 61 MB, 53.26 load
[runlim] sample:		1619.70 time, 1630.01 real, 62 MB, 53.22 load
[runlim] sample:		1629.64 time, 1640.01 real, 62 MB, 53.19 load
[runlim] sample:		1639.59 time, 1650.01 real, 62 MB, 53.16 load
[runlim] sample:		1649.54 time, 1660.01 real, 62 MB, 53.21 load
[runlim] sample:		1659.48 time, 1670.01 real, 62 MB, 53.18 load
[runlim] sample:		1669.43 time, 1680.01 real, 62 MB, 53.39 load
[runlim] sample:		1679.37 time, 1690.01 real, 62 MB, 53.33 load
[runlim] sample:		1689.32 time, 1700.01 real, 62 MB, 53.28 load
[runlim] sample:		1699.26 time, 1710.01 real, 62 MB, 53.23 load
[runlim] sample:		1709.21 time, 1720.01 real, 75 MB, 53.27 load
[runlim] sample:		1719.16 time, 1730.01 real, 75 MB, 53.31 load
[runlim] sample:		1729.10 time, 1740.01 real, 75 MB, 53.26 load
[runlim] sample:		1739.05 time, 1750.01 real, 62 MB, 53.22 load
[runlim] sample:		1748.99 time, 1760.01 real, 62 MB, 53.27 load
[runlim] sample:		1758.93 time, 1770.01 real, 62 MB, 53.30 load
[runlim] sample:		1768.88 time, 1780.01 real, 62 MB, 53.25 load
[runlim] sample:		1778.82 time, 1790.01 real, 62 MB, 53.21 load
[runlim] sample:		1788.77 time, 1800.01 real, 64 MB, 53.18 load
[runlim] sample:		1798.71 time, 1810.01 real, 64 MB, 53.15 load
[runlim] sample:		1808.66 time, 1820.01 real, 64 MB, 53.13 load
[runlim] sample:		1818.60 time, 1830.01 real, 64 MB, 53.11 load
[runlim] sample:		1828.55 time, 1840.01 real, 64 MB, 53.33 load
[runlim] sample:		1838.49 time, 1850.01 real, 64 MB, 53.28 load
[runlim] sample:		1848.43 time, 1860.01 real, 64 MB, 53.24 load
[runlim] sample:		1858.38 time, 1870.01 real, 64 MB, 53.20 load
[runlim] sample:		1868.32 time, 1880.01 real, 64 MB, 53.24 load
[runlim] sample:		1878.26 time, 1890.01 real, 64 MB, 53.21 load
[runlim] sample:		1888.20 time, 1900.01 real, 64 MB, 53.17 load
[runlim] sample:		1898.15 time, 1910.01 real, 64 MB, 53.22 load
[runlim] sample:		1908.09 time, 1920.01 real, 64 MB, 53.19 load
[runlim] sample:		1918.04 time, 1930.01 real, 64 MB, 53.16 load
[runlim] sample:		1927.98 time, 1940.01 real, 64 MB, 53.13 load
[runlim] sample:		1937.93 time, 1950.01 real, 77 MB, 53.19 load
[runlim] sample:		1947.87 time, 1960.01 real, 77 MB, 53.16 load
[runlim] sample:		1957.81 time, 1970.01 real, 77 MB, 53.14 load
[runlim] sample:		1967.76 time, 1980.01 real, 77 MB, 53.19 load
[runlim] sample:		1977.71 time, 1990.01 real, 77 MB, 53.16 load
[runlim] sample:		1987.65 time, 2000.01 real, 64 MB, 53.13 load
[runlim] sample:		1997.60 time, 2010.01 real, 65 MB, 53.19 load
[runlim] sample:		2007.54 time, 2020.01 real, 65 MB, 53.16 load
[runlim] sample:		2017.49 time, 2030.01 real, 65 MB, 53.14 load
[runlim] sample:		2027.43 time, 2040.01 real, 65 MB, 53.12 load
[runlim] sample:		2037.38 time, 2050.01 real, 65 MB, 53.10 load
[runlim] sample:		2047.33 time, 2060.01 real, 65 MB, 53.08 load
[runlim] sample:		2057.27 time, 2070.01 real, 65 MB, 53.07 load
[runlim] sample:		2067.22 time, 2080.01 real, 65 MB, 53.06 load
[runlim] sample:		2077.16 time, 2090.01 real, 65 MB, 53.21 load
[runlim] sample:		2087.11 time, 2100.01 real, 65 MB, 53.18 load
[runlim] sample:		2097.06 time, 2110.01 real, 65 MB, 53.23 load
[runlim] sample:		2107.00 time, 2120.01 real, 79 MB, 53.19 load
[runlim] sample:		2116.94 time, 2130.01 real, 79 MB, 53.16 load
[runlim] sample:		2126.89 time, 2140.01 real, 79 MB, 53.14 load
[runlim] sample:		2136.83 time, 2150.01 real, 79 MB, 53.12 load
[runlim] sample:		2146.78 time, 2160.01 real, 79 MB, 53.18 load
[runlim] sample:		2156.73 time, 2170.01 real, 65 MB, 53.23 load
[runlim] sample:		2166.67 time, 2180.01 real, 65 MB, 53.28 load
[runlim] sample:		2176.62 time, 2190.01 real, 65 MB, 53.23 load
[runlim] sample:		2186.56 time, 2200.01 real, 79 MB, 53.27 load
[runlim] sample:		2196.50 time, 2210.01 real, 79 MB, 53.23 load
[runlim] sample:		2206.45 time, 2220.01 real, 79 MB, 53.19 load
[runlim] sample:		2216.40 time, 2230.01 real, 79 MB, 53.16 load
[runlim] sample:		2226.34 time, 2240.01 real, 79 MB, 53.29 load
[runlim] sample:		2236.29 time, 2250.01 real, 65 MB, 53.25 load
[runlim] sample:		2246.23 time, 2260.01 real, 65 MB, 53.21 load
[runlim] sample:		2256.18 time, 2270.01 real, 68 MB, 53.18 load
[runlim] sample:		2266.13 time, 2280.01 real, 68 MB, 53.15 load
[runlim] sample:		2276.07 time, 2290.01 real, 68 MB, 53.12 load
[runlim] sample:		2286.02 time, 2300.01 real, 68 MB, 53.11 load
[runlim] sample:		2295.97 time, 2310.01 real, 68 MB, 53.09 load
[runlim] sample:		2305.91 time, 2320.01 real, 68 MB, 53.07 load
[runlim] sample:		2315.86 time, 2330.01 real, 68 MB, 53.14 load
[runlim] sample:		2325.80 time, 2340.01 real, 68 MB, 53.36 load
[runlim] sample:		2335.75 time, 2350.01 real, 68 MB, 53.54 load
[runlim] sample:		2345.69 time, 2360.01 real, 68 MB, 53.45 load
[runlim] sample:		2355.64 time, 2370.01 real, 68 MB, 53.38 load
[runlim] sample:		2365.58 time, 2380.01 real, 69 MB, 53.32 load
[runlim] sample:		2375.53 time, 2390.01 real, 69 MB, 53.43 load
[runlim] sample:		2385.47 time, 2400.01 real, 69 MB, 53.37 load
[runlim] sample:		2395.42 time, 2410.01 real, 69 MB, 53.38 load
[runlim] sample:		2405.37 time, 2420.01 real, 69 MB, 53.32 load
[runlim] sample:		2415.31 time, 2430.01 real, 69 MB, 53.35 load
[runlim] sample:		2425.25 time, 2440.01 real, 69 MB, 53.37 load
[runlim] sample:		2435.21 time, 2450.01 real, 82 MB, 53.47 load
[runlim] sample:		2445.15 time, 2460.01 real, 82 MB, 53.40 load
[runlim] sample:		2455.09 time, 2470.01 real, 82 MB, 53.34 load
[runlim] sample:		2465.04 time, 2480.01 real, 82 MB, 53.59 load
[runlim] sample:		2474.98 time, 2490.01 real, 82 MB, 53.50 load
[runlim] sample:		2484.92 time, 2500.01 real, 82 MB, 53.42 load
[runlim] sample:		2494.87 time, 2510.01 real, 82 MB, 53.44 load
[runlim] sample:		2504.81 time, 2520.01 real, 82 MB, 53.37 load
[runlim] sample:		2514.76 time, 2530.01 real, 82 MB, 53.31 load
[runlim] sample:		2524.70 time, 2540.01 real, 96 MB, 53.26 load
[runlim] sample:		2534.64 time, 2550.01 real, 96 MB, 53.22 load
[runlim] sample:		2544.58 time, 2560.01 real, 96 MB, 53.19 load
[runlim] sample:		2554.52 time, 2570.01 real, 96 MB, 53.24 load
[runlim] sample:		2564.47 time, 2580.01 real, 96 MB, 53.20 load
[runlim] sample:		2574.41 time, 2590.01 real, 96 MB, 53.17 load
[runlim] sample:		2584.35 time, 2600.01 real, 96 MB, 53.14 load
[runlim] sample:		2594.30 time, 2610.01 real, 82 MB, 53.20 load
[runlim] sample:		2604.24 time, 2620.01 real, 82 MB, 53.17 load
[runlim] sample:		2614.18 time, 2630.01 real, 82 MB, 53.22 load
[runlim] sample:		2624.12 time, 2640.01 real, 82 MB, 53.19 load
[runlim] sample:		2634.07 time, 2650.01 real, 82 MB, 53.16 load
[runlim] sample:		2644.01 time, 2660.01 real, 82 MB, 53.13 load
[runlim] sample:		2653.96 time, 2670.01 real, 82 MB, 53.11 load
[runlim] sample:		2663.89 time, 2680.01 real, 97 MB, 53.17 load
[runlim] sample:		2673.84 time, 2690.01 real, 97 MB, 53.14 load
[runlim] sample:		2683.78 time, 2700.01 real, 97 MB, 53.12 load
[runlim] sample:		2693.73 time, 2710.01 real, 97 MB, 53.10 load
[runlim] sample:		2703.67 time, 2720.01 real, 97 MB, 53.09 load
[runlim] sample:		2713.62 time, 2730.01 real, 97 MB, 53.07 load
[runlim] sample:		2723.56 time, 2740.01 real, 97 MB, 53.06 load
[runlim] sample:		2733.51 time, 2750.01 real, 97 MB, 53.13 load
[runlim] sample:		2743.45 time, 2760.01 real, 97 MB, 53.11 load
[runlim] sample:		2753.40 time, 2770.01 real, 97 MB, 53.09 load
[runlim] sample:		2763.34 time, 2780.01 real, 97 MB, 53.08 load
[runlim] sample:		2773.29 time, 2790.01 real, 97 MB, 53.07 load
[runlim] sample:		2783.23 time, 2800.01 real, 97 MB, 53.06 load
[runlim] sample:		2793.17 time, 2810.01 real, 97 MB, 53.13 load
[runlim] sample:		2803.12 time, 2820.01 real, 97 MB, 53.11 load
[runlim] sample:		2813.06 time, 2830.01 real, 97 MB, 53.09 load
[runlim] sample:		2823.01 time, 2840.01 real, 97 MB, 53.08 load
[runlim] sample:		2832.95 time, 2850.01 real, 97 MB, 53.06 load
[runlim] sample:		2842.90 time, 2860.01 real, 97 MB, 53.42 load
[runlim] sample:		2852.84 time, 2870.01 real, 97 MB, 53.44 load
[runlim] sample:		2862.79 time, 2880.01 real, 97 MB, 53.44 load
[runlim] sample:		2872.73 time, 2890.01 real, 97 MB, 53.37 load
[runlim] sample:		2882.67 time, 2900.01 real, 97 MB, 53.32 load
[runlim] sample:		2892.62 time, 2910.01 real, 97 MB, 53.27 load
[runlim] sample:		2902.56 time, 2920.01 real, 97 MB, 53.37 load
[runlim] sample:		2912.50 time, 2930.01 real, 97 MB, 53.40 load
[runlim] sample:		2922.45 time, 2940.01 real, 97 MB, 53.42 load
[runlim] sample:		2932.40 time, 2950.01 real, 97 MB, 53.35 load
[runlim] sample:		2942.34 time, 2960.01 real, 97 MB, 53.38 load
[runlim] sample:		2952.29 time, 2970.01 real, 97 MB, 53.32 load
[runlim] sample:		2962.23 time, 2980.01 real, 97 MB, 53.34 load
[runlim] sample:		2972.18 time, 2990.01 real, 97 MB, 53.29 load
[runlim] sample:		2982.13 time, 3000.01 real, 97 MB, 53.32 load
[runlim] sample:		2992.07 time, 3010.01 real, 97 MB, 53.27 load
[runlim] sample:		3002.02 time, 3020.01 real, 97 MB, 53.23 load
[runlim] sample:		3011.97 time, 3030.01 real, 97 MB, 53.19 load
[runlim] sample:		3021.92 time, 3040.01 real, 97 MB, 53.16 load
[runlim] sample:		3031.86 time, 3050.01 real, 97 MB, 53.14 load
[runlim] sample:		3041.81 time, 3060.01 real, 97 MB, 53.12 load
[runlim] sample:		3051.75 time, 3070.01 real, 97 MB, 53.18 load
[runlim] sample:		3061.70 time, 3080.01 real, 97 MB, 53.22 load
[runlim] sample:		3071.65 time, 3090.01 real, 97 MB, 53.19 load
[runlim] sample:		3081.59 time, 3100.01 real, 97 MB, 53.16 load
[runlim] sample:		3091.54 time, 3110.01 real, 97 MB, 53.21 load
[runlim] sample:		3101.49 time, 3120.01 real, 97 MB, 53.18 load
[runlim] sample:		3111.44 time, 3130.01 real, 97 MB, 53.15 load
[runlim] sample:		3121.38 time, 3140.01 real, 97 MB, 53.13 load
[runlim] sample:		3131.33 time, 3150.01 real, 97 MB, 53.18 load
[runlim] sample:		3141.28 time, 3160.01 real, 97 MB, 53.15 load
[runlim] sample:		3151.23 time, 3170.01 real, 97 MB, 53.13 load
[runlim] sample:		3161.18 time, 3180.01 real, 97 MB, 53.11 load
[runlim] sample:		3171.12 time, 3190.01 real, 97 MB, 53.17 load
[runlim] sample:		3181.07 time, 3200.01 real, 97 MB, 53.15 load
[runlim] sample:		3191.02 time, 3210.01 real, 97 MB, 53.12 load
[runlim] sample:		3200.96 time, 3220.01 real, 57 MB, 53.10 load
[runlim] sample:		3210.92 time, 3230.01 real, 57 MB, 53.09 load
[runlim] sample:		3220.86 time, 3240.01 real, 57 MB, 53.07 load
[runlim] sample:		3230.81 time, 3250.01 real, 57 MB, 53.14 load
[runlim] sample:		3240.76 time, 3260.01 real, 58 MB, 53.12 load
[runlim] sample:		3250.71 time, 3270.01 real, 58 MB, 53.10 load
[runlim] sample:		3260.65 time, 3280.01 real, 58 MB, 53.08 load
[runlim] sample:		3270.60 time, 3290.01 real, 58 MB, 53.07 load
[runlim] sample:		3280.55 time, 3300.01 real, 58 MB, 53.06 load
[runlim] sample:		3290.50 time, 3310.01 real, 58 MB, 53.20 load
[runlim] sample:		3300.45 time, 3320.01 real, 58 MB, 53.17 load
[runlim] sample:		3310.40 time, 3330.01 real, 58 MB, 53.15 load
[runlim] sample:		3320.35 time, 3340.01 real, 62 MB, 53.12 load
[runlim] sample:		3330.29 time, 3350.01 real, 62 MB, 53.25 load
[runlim] sample:		3340.24 time, 3360.01 real, 62 MB, 53.29 load
[runlim] sample:		3350.19 time, 3370.01 real, 62 MB, 53.25 load
[runlim] sample:		3360.14 time, 3380.01 real, 62 MB, 53.21 load
[runlim] sample:		3370.09 time, 3390.01 real, 62 MB, 53.18 load
[runlim] sample:		3380.03 time, 3400.01 real, 62 MB, 53.15 load
[runlim] sample:		3389.98 time, 3410.01 real, 62 MB, 53.12 load
[runlim] sample:		3399.93 time, 3420.01 real, 62 MB, 53.11 load
[runlim] sample:		3409.87 time, 3430.01 real, 62 MB, 53.09 load
[runlim] sample:		3419.82 time, 3440.01 real, 62 MB, 53.30 load
[runlim] sample:		3429.77 time, 3450.01 real, 62 MB, 53.26 load
[runlim] sample:		3439.72 time, 3460.01 real, 62 MB, 53.29 load
[runlim] sample:		3449.66 time, 3470.01 real, 62 MB, 53.25 load
[runlim] sample:		3459.61 time, 3480.01 real, 61 MB, 53.28 load
[runlim] sample:		3469.55 time, 3490.01 real, 61 MB, 53.48 load
[runlim] sample:		3479.50 time, 3500.01 real, 61 MB, 53.55 load
[runlim] sample:		3489.44 time, 3510.01 real, 61 MB, 53.47 load
[runlim] sample:		3499.39 time, 3520.01 real, 61 MB, 53.39 load
[runlim] sample:		3509.34 time, 3530.01 real, 61 MB, 53.33 load
[runlim] sample:		3519.28 time, 3540.01 real, 61 MB, 53.28 load
[runlim] sample:		3529.23 time, 3550.01 real, 61 MB, 53.31 load
[runlim] sample:		3539.17 time, 3560.01 real, 76 MB, 53.34 load
[runlim] sample:		3549.12 time, 3570.01 real, 76 MB, 53.28 load
[runlim] sample:		3559.07 time, 3580.01 real, 76 MB, 53.24 load
[runlim] sample:		3569.02 time, 3590.01 real, 76 MB, 53.20 load
[runlim] sample:		3578.98 time, 3600.01 real, 76 MB, 53.25 load
[runlim] sample:		3588.94 time, 3610.01 real, 90 MB, 53.21 load
[runlim] sample:		3598.89 time, 3620.01 real, 90 MB, 53.25 load
[runlim] sample:		3608.84 time, 3630.01 real, 90 MB, 53.21 load
[runlim] sample:		3618.79 time, 3640.01 real, 90 MB, 53.18 load
[runlim] sample:		3628.73 time, 3650.01 real, 90 MB, 53.15 load
[runlim] sample:		3638.68 time, 3660.01 real, 90 MB, 53.13 load
[runlim] sample:		3648.63 time, 3670.01 real, 90 MB, 53.11 load
[runlim] sample:		3658.58 time, 3680.01 real, 90 MB, 53.09 load
[runlim] sample:		3668.53 time, 3690.01 real, 90 MB, 53.08 load
[runlim] sample:		3678.47 time, 3700.01 real, 90 MB, 53.14 load
[runlim] sample:		3688.42 time, 3710.01 real, 90 MB, 53.12 load
[runlim] sample:		3698.37 time, 3720.01 real, 90 MB, 53.10 load
[runlim] sample:		3708.32 time, 3730.01 real, 90 MB, 53.08 load
[runlim] sample:		3718.26 time, 3740.01 real, 90 MB, 53.07 load
[runlim] sample:		3728.21 time, 3750.01 real, 90 MB, 53.06 load
[runlim] sample:		3738.16 time, 3760.01 real, 90 MB, 53.20 load
[runlim] sample:		3748.10 time, 3770.01 real, 90 MB, 53.17 load
[runlim] sample:		3758.05 time, 3780.01 real, 90 MB, 53.14 load
[runlim] sample:		3768.00 time, 3790.01 real, 90 MB, 53.12 load
[runlim] sample:		3777.94 time, 3800.01 real, 90 MB, 53.18 load
[runlim] sample:		3787.89 time, 3810.01 real, 90 MB, 53.15 load
[runlim] sample:		3797.84 time, 3820.01 real, 90 MB, 53.20 load
[runlim] sample:		3807.78 time, 3830.01 real, 90 MB, 53.17 load
[runlim] sample:		3817.73 time, 3840.01 real, 90 MB, 53.14 load
[runlim] sample:		3827.68 time, 3850.01 real, 90 MB, 53.12 load
[runlim] sample:		3837.62 time, 3860.01 real, 90 MB, 53.10 load
[runlim] sample:		3847.57 time, 3870.01 real, 90 MB, 53.09 load
[runlim] sample:		3857.52 time, 3880.01 real, 90 MB, 53.07 load
[runlim] sample:		3867.47 time, 3890.01 real, 90 MB, 53.14 load
[runlim] sample:		3877.41 time, 3900.01 real, 90 MB, 53.19 load
[runlim] sample:		3887.36 time, 3910.01 real, 90 MB, 53.16 load
[runlim] sample:		3897.31 time, 3920.01 real, 90 MB, 53.14 load
[runlim] sample:		3907.26 time, 3930.01 real, 90 MB, 53.20 load
[runlim] sample:		3917.20 time, 3940.01 real, 90 MB, 53.47 load
[runlim] sample:		3927.15 time, 3950.01 real, 90 MB, 53.40 load
[runlim] sample:		3937.10 time, 3960.01 real, 107 MB, 53.42 load
[runlim] sample:		3947.05 time, 3970.01 real, 107 MB, 53.35 load
[runlim] sample:		3956.99 time, 3980.01 real, 107 MB, 53.37 load
[runlim] sample:		3966.94 time, 3990.01 real, 107 MB, 53.31 load
[runlim] sample:		3976.89 time, 4000.01 real, 107 MB, 53.26 load
[runlim] sample:		3986.84 time, 4010.01 real, 107 MB, 53.22 load
[runlim] sample:		3996.79 time, 4020.01 real, 107 MB, 53.19 load
[runlim] sample:		4006.73 time, 4030.01 real, 107 MB, 53.16 load
[runlim] sample:		4016.68 time, 4040.01 real, 90 MB, 53.13 load
[runlim] sample:		4026.63 time, 4050.01 real, 90 MB, 53.26 load
[runlim] sample:		4036.58 time, 4060.01 real, 90 MB, 53.22 load
[runlim] sample:		4046.52 time, 4070.01 real, 90 MB, 53.19 load
[runlim] sample:		4056.47 time, 4080.01 real, 90 MB, 53.23 load
[runlim] sample:		4066.42 time, 4090.01 real, 90 MB, 53.19 load
[runlim] sample:		4076.37 time, 4100.01 real, 90 MB, 53.16 load
[runlim] sample:		4086.32 time, 4110.01 real, 90 MB, 53.22 load
[runlim] sample:		4096.26 time, 4120.01 real, 107 MB, 53.18 load
[runlim] sample:		4106.21 time, 4130.01 real, 107 MB, 53.16 load
[runlim] sample:		4116.15 time, 4140.01 real, 107 MB, 53.21 load
[runlim] sample:		4126.10 time, 4150.01 real, 107 MB, 53.17 load
[runlim] sample:		4136.05 time, 4160.01 real, 107 MB, 53.15 load
[runlim] sample:		4145.99 time, 4170.01 real, 107 MB, 53.12 load
[runlim] sample:		4155.94 time, 4180.01 real, 107 MB, 53.10 load
[runlim] sample:		4165.89 time, 4190.01 real, 107 MB, 53.09 load
[runlim] sample:		4175.83 time, 4200.01 real, 107 MB, 53.15 load
[runlim] sample:		4185.78 time, 4210.01 real, 90 MB, 53.13 load
[runlim] sample:		4195.73 time, 4220.01 real, 90 MB, 53.11 load
[runlim] sample:		4205.68 time, 4230.01 real, 90 MB, 53.09 load
[runlim] sample:		4215.62 time, 4240.01 real, 90 MB, 53.08 load
[runlim] sample:		4225.57 time, 4250.01 real, 90 MB, 53.06 load
[runlim] sample:		4235.52 time, 4260.01 real, 90 MB, 53.22 load
[runlim] sample:		4245.46 time, 4270.01 real, 90 MB, 53.18 load
[runlim] sample:		4255.41 time, 4280.01 real, 90 MB, 53.15 load
[runlim] sample:		4265.35 time, 4290.01 real, 90 MB, 53.13 load
[runlim] sample:		4275.30 time, 4300.01 real, 108 MB, 53.11 load
[runlim] sample:		4285.24 time, 4310.01 real, 108 MB, 53.09 load
[runlim] sample:		4295.19 time, 4320.01 real, 108 MB, 53.16 load
[runlim] sample:		4305.14 time, 4330.01 real, 108 MB, 53.13 load
[runlim] sample:		4315.08 time, 4340.01 real, 108 MB, 53.11 load
[runlim] sample:		4325.03 time, 4350.01 real, 108 MB, 53.09 load
[runlim] sample:		4334.98 time, 4360.01 real, 108 MB, 53.08 load
[runlim] sample:		4344.93 time, 4370.01 real, 108 MB, 53.07 load
[runlim] sample:		4354.88 time, 4380.01 real, 108 MB, 53.14 load
[runlim] sample:		4364.82 time, 4390.01 real, 108 MB, 53.12 load
[runlim] sample:		4374.77 time, 4400.01 real, 108 MB, 53.18 load
[runlim] sample:		4384.72 time, 4410.01 real, 90 MB, 53.15 load
[runlim] sample:		4394.66 time, 4420.01 real, 90 MB, 53.13 load
[runlim] sample:		4404.61 time, 4430.01 real, 90 MB, 53.11 load
[runlim] sample:		4414.56 time, 4440.01 real, 90 MB, 53.17 load
[runlim] sample:		4424.50 time, 4450.01 real, 90 MB, 53.22 load
[runlim] sample:		4434.45 time, 4460.01 real, 90 MB, 53.18 load
[runlim] sample:		4444.40 time, 4470.01 real, 90 MB, 53.23 load
[runlim] sample:		4454.34 time, 4480.01 real, 90 MB, 53.41 load
[runlim] sample:		4464.29 time, 4490.01 real, 90 MB, 53.35 load
[runlim] sample:		4474.24 time, 4500.01 real, 90 MB, 53.30 load
[runlim] sample:		4484.18 time, 4510.01 real, 90 MB, 53.25 load
[runlim] sample:		4494.14 time, 4520.01 real, 109 MB, 53.21 load
[runlim] sample:		4504.09 time, 4530.01 real, 109 MB, 53.25 load
[runlim] sample:		4514.03 time, 4540.01 real, 109 MB, 53.21 load
[runlim] sample:		4523.98 time, 4550.01 real, 109 MB, 53.25 load
[runlim] sample:		4533.93 time, 4560.01 real, 109 MB, 53.21 load
[runlim] sample:		4543.88 time, 4570.01 real, 109 MB, 53.18 load
[runlim] sample:		4553.83 time, 4580.01 real, 109 MB, 53.15 load
[runlim] sample:		4563.78 time, 4590.01 real, 109 MB, 53.13 load
[runlim] sample:		4573.72 time, 4600.01 real, 109 MB, 53.11 load
[runlim] sample:		4583.67 time, 4610.01 real, 109 MB, 53.40 load
[runlim] sample:		4593.61 time, 4620.01 real, 109 MB, 53.42 load
[runlim] sample:		4603.56 time, 4630.01 real, 90 MB, 53.35 load
[runlim] sample:		4613.51 time, 4640.01 real, 90 MB, 53.30 load
[runlim] sample:		4623.45 time, 4650.01 real, 90 MB, 53.25 load
[runlim] sample:		4633.40 time, 4660.01 real, 90 MB, 53.21 load
[runlim] sample:		4643.35 time, 4670.01 real, 90 MB, 53.18 load
[runlim] sample:		4653.29 time, 4680.01 real, 90 MB, 53.15 load
[runlim] sample:		4663.24 time, 4690.01 real, 90 MB, 53.13 load
[runlim] sample:		4673.18 time, 4700.01 real, 90 MB, 53.19 load
[runlim] sample:		4683.13 time, 4710.01 real, 90 MB, 53.16 load
[runlim] sample:		4693.07 time, 4720.01 real, 90 MB, 53.13 load
[runlim] sample:		4703.02 time, 4730.01 real, 90 MB, 53.19 load
[runlim] sample:		4712.97 time, 4740.01 real, 90 MB, 53.24 load
[runlim] sample:		4722.91 time, 4750.01 real, 100 MB, 53.20 load
[runlim] sample:		4732.85 time, 4760.01 real, 100 MB, 53.25 load
[runlim] sample:		4742.80 time, 4770.01 real, 100 MB, 53.29 load
[runlim] sample:		4752.75 time, 4780.01 real, 100 MB, 53.25 load
[runlim] sample:		4762.69 time, 4790.01 real, 100 MB, 53.21 load
[runlim] sample:		4772.63 time, 4800.01 real, 100 MB, 53.26 load
[runlim] sample:		4782.57 time, 4810.01 real, 100 MB, 53.22 load
[runlim] sample:		4792.52 time, 4820.01 real, 119 MB, 53.26 load
[runlim] sample:		4802.46 time, 4830.01 real, 119 MB, 53.22 load
[runlim] sample:		4812.41 time, 4840.01 real, 119 MB, 53.19 load
[runlim] sample:		4822.35 time, 4850.01 real, 119 MB, 53.23 load
[runlim] sample:		4832.30 time, 4860.01 real, 119 MB, 53.20 load
[runlim] sample:		4842.24 time, 4870.01 real, 119 MB, 53.17 load
[runlim] sample:		4852.19 time, 4880.01 real, 119 MB, 53.22 load
[runlim] sample:		4862.13 time, 4890.01 real, 100 MB, 53.19 load
[runlim] sample:		4872.08 time, 4900.01 real, 100 MB, 53.16 load
[runlim] sample:		4882.02 time, 4910.01 real, 100 MB, 53.29 load
[runlim] sample:		4891.97 time, 4920.01 real, 100 MB, 53.25 load
[runlim] sample:		4901.91 time, 4930.01 real, 100 MB, 53.21 load
[runlim] sample:		4911.86 time, 4940.01 real, 100 MB, 53.26 load
[runlim] sample:		4921.80 time, 4950.01 real, 100 MB, 53.22 load
[runlim] sample:		4931.75 time, 4960.01 real, 100 MB, 52.55 load
[runlim] sample:		4941.70 time, 4970.01 real, 100 MB, 50.85 load
[runlim] sample:		4951.65 time, 4980.01 real, 100 MB, 48.32 load
[runlim] sample:		4961.60 time, 4990.01 real, 100 MB, 44.87 load
[runlim] sample:		4971.55 time, 5000.01 real, 100 MB, 40.64 load
[runlim] end:			Thu Apr  9 21:55:48 2026
[runlim] status:		out of time
[runlim] result:		2
[runlim] children:		1
[runlim] processes:		2
[runlim] real:			5000.05 seconds
[runlim] time:			4971.55 seconds
[runlim] space:			119 MB
[runlim] load:			56.32 maximum
[runlim] samples:		50000
