[runlim] version:		2.0.0rc1
[runlim] host:			m09n14
[runlim] time limit:		311040000 seconds
[runlim] real time limit:	5000 seconds
[runlim] space limit:		7000 MB
[runlim] argv[0]:		./binary
[runlim] argv[1]:		-c
[runlim] argv[2]:		-s
[runlim] argv[3]:		-r
[runlim] argv[4]:		/tmp/local-unzipped-12459996-1-21-mc2025_track1_061.cnf
[runlim] start:			Thu Apr  9 20:31:57 2026
[runlim] child:			3844330
[runlim] sample:		9.94 time, 10.01 real, 148 MB, 11.05 load
[runlim] sample:		19.88 time, 20.01 real, 148 MB, 14.52 load
[runlim] sample:		29.82 time, 30.01 real, 153 MB, 19.07 load
[runlim] sample:		39.76 time, 40.01 real, 153 MB, 24.53 load
[runlim] sample:		49.67 time, 50.01 real, 154 MB, 30.61 load
[runlim] sample:		59.57 time, 60.01 real, 154 MB, 35.75 load
[runlim] sample:		69.51 time, 70.01 real, 154 MB, 39.63 load
[runlim] sample:		79.45 time, 80.01 real, 155 MB, 42.76 load
[runlim] sample:		89.38 time, 90.01 real, 155 MB, 45.57 load
[runlim] sample:		99.32 time, 100.01 real, 156 MB, 47.95 load
[runlim] sample:		109.26 time, 110.01 real, 156 MB, 49.80 load
[runlim] sample:		119.20 time, 120.01 real, 156 MB, 51.52 load
[runlim] sample:		129.13 time, 130.01 real, 156 MB, 52.75 load
[runlim] sample:		139.07 time, 140.01 real, 158 MB, 53.63 load
[runlim] sample:		149.01 time, 150.01 real, 158 MB, 54.15 load
[runlim] sample:		158.95 time, 160.01 real, 157 MB, 54.59 load
[runlim] sample:		168.89 time, 170.01 real, 157 MB, 54.89 load
[runlim] sample:		178.83 time, 180.01 real, 158 MB, 55.13 load
[runlim] sample:		188.77 time, 190.01 real, 158 MB, 55.27 load
[runlim] sample:		198.70 time, 200.01 real, 159 MB, 55.38 load
[runlim] sample:		208.64 time, 210.01 real, 159 MB, 55.47 load
[runlim] sample:		218.58 time, 220.01 real, 161 MB, 55.70 load
[runlim] sample:		228.52 time, 230.01 real, 161 MB, 55.75 load
[runlim] sample:		238.46 time, 240.01 real, 161 MB, 55.79 load
[runlim] sample:		248.39 time, 250.01 real, 164 MB, 55.82 load
[runlim] sample:		258.33 time, 260.01 real, 164 MB, 55.92 load
[runlim] sample:		268.27 time, 270.01 real, 164 MB, 56.02 load
[runlim] sample:		278.20 time, 280.01 real, 161 MB, 56.17 load
[runlim] sample:		288.14 time, 290.01 real, 161 MB, 56.14 load
[runlim] sample:		298.08 time, 300.01 real, 161 MB, 56.20 load
[runlim] sample:		308.02 time, 310.01 real, 188 MB, 56.17 load
[runlim] sample:		317.96 time, 320.01 real, 188 MB, 56.14 load
[runlim] sample:		327.90 time, 330.01 real, 188 MB, 56.12 load
[runlim] sample:		337.84 time, 340.01 real, 211 MB, 56.10 load
[runlim] sample:		347.77 time, 350.01 real, 211 MB, 56.08 load
[runlim] sample:		357.71 time, 360.01 real, 211 MB, 56.07 load
[runlim] sample:		367.65 time, 370.01 real, 211 MB, 56.06 load
[runlim] sample:		377.59 time, 380.01 real, 211 MB, 56.12 load
[runlim] sample:		387.52 time, 390.01 real, 211 MB, 56.10 load
[runlim] sample:		397.46 time, 400.01 real, 211 MB, 56.16 load
[runlim] sample:		407.40 time, 410.01 real, 211 MB, 56.14 load
[runlim] sample:		417.33 time, 420.01 real, 211 MB, 56.19 load
[runlim] sample:		427.27 time, 430.01 real, 214 MB, 56.16 load
[runlim] sample:		437.21 time, 440.01 real, 214 MB, 56.21 load
[runlim] sample:		447.15 time, 450.01 real, 214 MB, 56.26 load
[runlim] sample:		457.08 time, 460.01 real, 214 MB, 56.29 load
[runlim] sample:		467.02 time, 470.01 real, 214 MB, 56.25 load
[runlim] sample:		476.96 time, 480.01 real, 214 MB, 56.21 load
[runlim] sample:		486.89 time, 490.01 real, 214 MB, 56.17 load
[runlim] sample:		496.83 time, 500.01 real, 214 MB, 56.22 load
[runlim] sample:		506.77 time, 510.01 real, 214 MB, 56.26 load
[runlim] sample:		516.70 time, 520.01 real, 214 MB, 56.22 load
[runlim] sample:		526.64 time, 530.01 real, 214 MB, 56.19 load
[runlim] sample:		536.58 time, 540.01 real, 214 MB, 56.00 load
[runlim] sample:		546.52 time, 550.01 real, 214 MB, 55.77 load
[runlim] sample:		556.46 time, 560.01 real, 214 MB, 55.57 load
[runlim] sample:		566.39 time, 570.01 real, 214 MB, 55.33 load
[runlim] sample:		576.33 time, 580.01 real, 214 MB, 55.28 load
[runlim] sample:		586.27 time, 590.01 real, 214 MB, 55.16 load
[runlim] sample:		596.21 time, 600.01 real, 214 MB, 55.06 load
[runlim] sample:		606.14 time, 610.01 real, 214 MB, 54.89 load
[runlim] sample:		616.08 time, 620.01 real, 214 MB, 54.83 load
[runlim] sample:		626.02 time, 630.01 real, 170 MB, 54.70 load
[runlim] sample:		635.96 time, 640.01 real, 170 MB, 54.67 load
[runlim] sample:		645.90 time, 650.01 real, 170 MB, 54.57 load
[runlim] sample:		655.84 time, 660.01 real, 170 MB, 54.56 load
[runlim] sample:		665.78 time, 670.01 real, 170 MB, 54.54 load
[runlim] sample:		675.71 time, 680.01 real, 175 MB, 54.46 load
[runlim] sample:		685.65 time, 690.01 real, 175 MB, 54.39 load
[runlim] sample:		695.59 time, 700.01 real, 175 MB, 54.40 load
[runlim] sample:		705.53 time, 710.01 real, 175 MB, 54.34 load
[runlim] sample:		715.46 time, 720.01 real, 175 MB, 54.29 load
[runlim] sample:		725.39 time, 730.01 real, 170 MB, 54.24 load
[runlim] sample:		735.33 time, 740.01 real, 170 MB, 54.28 load
[runlim] sample:		745.28 time, 750.01 real, 170 MB, 54.24 load
[runlim] sample:		755.21 time, 760.01 real, 170 MB, 54.28 load
[runlim] sample:		765.15 time, 770.01 real, 170 MB, 54.24 load
[runlim] sample:		775.08 time, 780.01 real, 170 MB, 54.20 load
[runlim] sample:		785.02 time, 790.01 real, 170 MB, 54.17 load
[runlim] sample:		794.96 time, 800.01 real, 170 MB, 54.14 load
[runlim] sample:		804.89 time, 810.01 real, 170 MB, 54.12 load
[runlim] sample:		814.82 time, 820.01 real, 173 MB, 54.34 load
[runlim] sample:		824.76 time, 830.01 real, 173 MB, 54.21 load
[runlim] sample:		834.70 time, 840.01 real, 173 MB, 54.02 load
[runlim] sample:		844.63 time, 850.01 real, 173 MB, 53.94 load
[runlim] sample:		854.57 time, 860.01 real, 173 MB, 53.80 load
[runlim] sample:		864.51 time, 870.01 real, 171 MB, 53.68 load
[runlim] sample:		874.45 time, 880.01 real, 171 MB, 53.57 load
[runlim] sample:		884.39 time, 890.01 real, 171 MB, 53.48 load
[runlim] sample:		894.32 time, 900.01 real, 171 MB, 53.48 load
[runlim] sample:		904.26 time, 910.01 real, 171 MB, 53.41 load
[runlim] sample:		914.20 time, 920.01 real, 171 MB, 53.34 load
[runlim] sample:		924.13 time, 930.01 real, 171 MB, 53.37 load
[runlim] sample:		934.07 time, 940.01 real, 171 MB, 53.55 load
[runlim] sample:		944.00 time, 950.01 real, 171 MB, 53.46 load
[runlim] sample:		953.94 time, 960.01 real, 171 MB, 53.47 load
[runlim] sample:		963.87 time, 970.01 real, 171 MB, 53.39 load
[runlim] sample:		973.80 time, 980.01 real, 173 MB, 53.33 load
[runlim] sample:		983.74 time, 990.01 real, 173 MB, 53.28 load
[runlim] sample:		993.67 time, 1000.01 real, 173 MB, 53.24 load
[runlim] sample:		1003.61 time, 1010.01 real, 173 MB, 53.27 load
[runlim] sample:		1013.54 time, 1020.01 real, 173 MB, 53.23 load
[runlim] sample:		1023.48 time, 1030.01 real, 173 MB, 53.36 load
[runlim] sample:		1033.42 time, 1040.01 real, 173 MB, 53.38 load
[runlim] sample:		1043.35 time, 1050.01 real, 173 MB, 53.32 load
[runlim] sample:		1053.29 time, 1060.01 real, 173 MB, 53.27 load
[runlim] sample:		1063.23 time, 1070.01 real, 173 MB, 53.23 load
[runlim] sample:		1073.16 time, 1080.01 real, 173 MB, 53.27 load
[runlim] sample:		1083.09 time, 1090.01 real, 173 MB, 53.30 load
[runlim] sample:		1093.03 time, 1100.01 real, 173 MB, 53.26 load
[runlim] sample:		1102.96 time, 1110.01 real, 173 MB, 53.22 load
[runlim] sample:		1112.89 time, 1120.01 real, 173 MB, 53.18 load
[runlim] sample:		1122.81 time, 1130.01 real, 173 MB, 53.24 load
[runlim] sample:		1132.73 time, 1140.01 real, 173 MB, 53.28 load
[runlim] sample:		1142.66 time, 1150.01 real, 171 MB, 53.24 load
[runlim] sample:		1152.60 time, 1160.01 real, 171 MB, 53.20 load
[runlim] sample:		1162.53 time, 1170.01 real, 171 MB, 53.17 load
[runlim] sample:		1172.47 time, 1180.01 real, 171 MB, 53.14 load
[runlim] sample:		1182.40 time, 1190.01 real, 171 MB, 53.12 load
[runlim] sample:		1192.34 time, 1200.01 real, 171 MB, 53.10 load
[runlim] sample:		1202.27 time, 1210.01 real, 176 MB, 53.08 load
[runlim] sample:		1212.20 time, 1220.01 real, 176 MB, 53.07 load
[runlim] sample:		1222.14 time, 1230.01 real, 176 MB, 53.06 load
[runlim] sample:		1232.07 time, 1240.01 real, 176 MB, 53.05 load
[runlim] sample:		1242.01 time, 1250.01 real, 176 MB, 53.04 load
[runlim] sample:		1251.95 time, 1260.01 real, 176 MB, 53.04 load
[runlim] sample:		1261.89 time, 1270.01 real, 172 MB, 53.11 load
[runlim] sample:		1271.82 time, 1280.01 real, 172 MB, 53.09 load
[runlim] sample:		1281.76 time, 1290.01 real, 172 MB, 53.08 load
[runlim] sample:		1291.70 time, 1300.01 real, 172 MB, 53.07 load
[runlim] sample:		1301.64 time, 1310.01 real, 172 MB, 53.14 load
[runlim] sample:		1311.58 time, 1320.01 real, 172 MB, 53.11 load
[runlim] sample:		1321.51 time, 1330.01 real, 172 MB, 53.10 load
[runlim] sample:		1331.45 time, 1340.01 real, 177 MB, 53.08 load
[runlim] sample:		1341.38 time, 1350.01 real, 177 MB, 53.07 load
[runlim] sample:		1351.32 time, 1360.01 real, 177 MB, 53.06 load
[runlim] sample:		1361.26 time, 1370.01 real, 177 MB, 53.05 load
[runlim] sample:		1371.20 time, 1380.01 real, 177 MB, 53.04 load
[runlim] sample:		1381.14 time, 1390.01 real, 177 MB, 53.03 load
[runlim] sample:		1391.07 time, 1400.01 real, 174 MB, 53.03 load
[runlim] sample:		1401.01 time, 1410.01 real, 174 MB, 53.02 load
[runlim] sample:		1410.94 time, 1420.01 real, 174 MB, 53.02 load
[runlim] sample:		1420.88 time, 1430.01 real, 174 MB, 53.02 load
[runlim] sample:		1430.81 time, 1440.01 real, 174 MB, 53.01 load
[runlim] sample:		1440.75 time, 1450.01 real, 174 MB, 53.01 load
[runlim] sample:		1450.68 time, 1460.01 real, 174 MB, 53.01 load
[runlim] sample:		1460.62 time, 1470.01 real, 179 MB, 53.09 load
[runlim] sample:		1470.55 time, 1480.01 real, 179 MB, 53.15 load
[runlim] sample:		1480.49 time, 1490.01 real, 179 MB, 53.13 load
[runlim] sample:		1490.42 time, 1500.01 real, 179 MB, 53.18 load
[runlim] sample:		1500.36 time, 1510.01 real, 179 MB, 53.15 load
[runlim] sample:		1510.29 time, 1520.01 real, 179 MB, 53.13 load
[runlim] sample:		1520.23 time, 1530.01 real, 179 MB, 53.11 load
[runlim] sample:		1530.16 time, 1540.01 real, 175 MB, 53.25 load
[runlim] sample:		1540.10 time, 1550.01 real, 175 MB, 53.29 load
[runlim] sample:		1550.03 time, 1560.01 real, 175 MB, 53.25 load
[runlim] sample:		1559.97 time, 1570.01 real, 175 MB, 53.21 load
[runlim] sample:		1569.90 time, 1580.01 real, 175 MB, 53.18 load
[runlim] sample:		1579.84 time, 1590.01 real, 175 MB, 53.15 load
[runlim] sample:		1589.77 time, 1600.01 real, 175 MB, 53.28 load
[runlim] sample:		1599.71 time, 1610.01 real, 176 MB, 53.24 load
[runlim] sample:		1609.65 time, 1620.01 real, 176 MB, 53.20 load
[runlim] sample:		1619.59 time, 1630.01 real, 176 MB, 53.17 load
[runlim] sample:		1629.53 time, 1640.01 real, 176 MB, 53.22 load
[runlim] sample:		1639.47 time, 1650.01 real, 176 MB, 53.26 load
[runlim] sample:		1649.42 time, 1660.01 real, 176 MB, 53.22 load
[runlim] sample:		1659.37 time, 1670.01 real, 176 MB, 53.19 load
[runlim] sample:		1669.31 time, 1680.01 real, 176 MB, 53.16 load
[runlim] sample:		1679.25 time, 1690.01 real, 176 MB, 53.21 load
[runlim] sample:		1689.19 time, 1700.01 real, 185 MB, 53.18 load
[runlim] sample:		1699.14 time, 1710.01 real, 185 MB, 53.39 load
[runlim] sample:		1709.08 time, 1720.01 real, 185 MB, 53.33 load
[runlim] sample:		1719.03 time, 1730.01 real, 185 MB, 53.28 load
[runlim] sample:		1728.97 time, 1740.01 real, 185 MB, 53.23 load
[runlim] sample:		1738.91 time, 1750.01 real, 185 MB, 53.27 load
[runlim] sample:		1748.86 time, 1760.01 real, 185 MB, 53.31 load
[runlim] sample:		1758.81 time, 1770.01 real, 185 MB, 53.26 load
[runlim] sample:		1768.75 time, 1780.01 real, 179 MB, 53.22 load
[runlim] sample:		1778.69 time, 1790.01 real, 179 MB, 53.27 load
[runlim] sample:		1788.64 time, 1800.01 real, 179 MB, 53.30 load
[runlim] sample:		1798.58 time, 1810.01 real, 179 MB, 53.25 load
[runlim] sample:		1808.52 time, 1820.01 real, 179 MB, 53.21 load
[runlim] sample:		1818.47 time, 1830.01 real, 179 MB, 53.18 load
[runlim] sample:		1828.41 time, 1840.01 real, 179 MB, 53.15 load
[runlim] sample:		1838.35 time, 1850.01 real, 179 MB, 53.13 load
[runlim] sample:		1848.31 time, 1860.01 real, 182 MB, 53.11 load
[runlim] sample:		1858.25 time, 1870.01 real, 182 MB, 53.33 load
[runlim] sample:		1868.19 time, 1880.01 real, 182 MB, 53.28 load
[runlim] sample:		1878.13 time, 1890.01 real, 182 MB, 53.24 load
[runlim] sample:		1888.07 time, 1900.01 real, 182 MB, 53.20 load
[runlim] sample:		1898.02 time, 1910.01 real, 182 MB, 53.24 load
[runlim] sample:		1907.96 time, 1920.01 real, 182 MB, 53.21 load
[runlim] sample:		1917.90 time, 1930.01 real, 182 MB, 53.17 load
[runlim] sample:		1927.84 time, 1940.01 real, 180 MB, 53.22 load
[runlim] sample:		1937.79 time, 1950.01 real, 180 MB, 53.19 load
[runlim] sample:		1947.73 time, 1960.01 real, 180 MB, 53.16 load
[runlim] sample:		1957.67 time, 1970.01 real, 180 MB, 53.13 load
[runlim] sample:		1967.62 time, 1980.01 real, 180 MB, 53.19 load
[runlim] sample:		1977.56 time, 1990.01 real, 180 MB, 53.16 load
[runlim] sample:		1987.50 time, 2000.01 real, 180 MB, 53.14 load
[runlim] sample:		1997.45 time, 2010.01 real, 180 MB, 53.19 load
[runlim] sample:		2007.39 time, 2020.01 real, 180 MB, 53.16 load
[runlim] sample:		2017.33 time, 2030.01 real, 180 MB, 53.13 load
[runlim] sample:		2027.28 time, 2040.01 real, 180 MB, 53.19 load
[runlim] sample:		2037.22 time, 2050.01 real, 180 MB, 53.16 load
[runlim] sample:		2047.17 time, 2060.01 real, 180 MB, 53.14 load
[runlim] sample:		2057.12 time, 2070.01 real, 180 MB, 53.12 load
[runlim] sample:		2067.07 time, 2080.01 real, 180 MB, 53.10 load
[runlim] sample:		2077.02 time, 2090.01 real, 180 MB, 53.08 load
[runlim] sample:		2086.96 time, 2100.01 real, 180 MB, 53.07 load
[runlim] sample:		2096.90 time, 2110.01 real, 184 MB, 53.06 load
[runlim] sample:		2106.84 time, 2120.01 real, 184 MB, 53.21 load
[runlim] sample:		2116.79 time, 2130.01 real, 184 MB, 53.18 load
[runlim] sample:		2126.74 time, 2140.01 real, 184 MB, 53.23 load
[runlim] sample:		2136.68 time, 2150.01 real, 184 MB, 53.19 load
[runlim] sample:		2146.63 time, 2160.01 real, 184 MB, 53.16 load
[runlim] sample:		2156.57 time, 2170.01 real, 184 MB, 53.14 load
[runlim] sample:		2166.52 time, 2180.01 real, 184 MB, 53.12 load
[runlim] sample:		2176.47 time, 2190.01 real, 185 MB, 53.18 load
[runlim] sample:		2186.41 time, 2200.01 real, 185 MB, 53.23 load
[runlim] sample:		2196.36 time, 2210.01 real, 185 MB, 53.28 load
[runlim] sample:		2206.30 time, 2220.01 real, 185 MB, 53.23 load
[runlim] sample:		2216.25 time, 2230.01 real, 185 MB, 53.27 load
[runlim] sample:		2226.19 time, 2240.01 real, 185 MB, 53.23 load
[runlim] sample:		2236.14 time, 2250.01 real, 185 MB, 53.19 load
[runlim] sample:		2246.08 time, 2260.01 real, 185 MB, 53.16 load
[runlim] sample:		2256.03 time, 2270.01 real, 185 MB, 53.29 load
[runlim] sample:		2265.97 time, 2280.01 real, 183 MB, 53.25 load
[runlim] sample:		2275.92 time, 2290.01 real, 183 MB, 53.21 load
[runlim] sample:		2285.86 time, 2300.01 real, 183 MB, 53.18 load
[runlim] sample:		2295.81 time, 2310.01 real, 183 MB, 53.15 load
[runlim] sample:		2305.76 time, 2320.01 real, 183 MB, 53.12 load
[runlim] sample:		2315.70 time, 2330.01 real, 183 MB, 53.11 load
[runlim] sample:		2325.65 time, 2340.01 real, 183 MB, 53.09 load
[runlim] sample:		2335.59 time, 2350.01 real, 183 MB, 53.07 load
[runlim] sample:		2345.54 time, 2360.01 real, 183 MB, 53.14 load
[runlim] sample:		2355.48 time, 2370.01 real, 183 MB, 53.36 load
[runlim] sample:		2365.42 time, 2380.01 real, 187 MB, 53.54 load
[runlim] sample:		2375.36 time, 2390.01 real, 187 MB, 53.45 load
[runlim] sample:		2385.31 time, 2400.01 real, 187 MB, 53.38 load
[runlim] sample:		2395.25 time, 2410.01 real, 187 MB, 53.32 load
[runlim] sample:		2405.20 time, 2420.01 real, 187 MB, 53.43 load
[runlim] sample:		2415.15 time, 2430.01 real, 187 MB, 53.37 load
[runlim] sample:		2425.09 time, 2440.01 real, 187 MB, 53.38 load
[runlim] sample:		2435.03 time, 2450.01 real, 187 MB, 53.32 load
[runlim] sample:		2444.98 time, 2460.01 real, 187 MB, 53.35 load
[runlim] sample:		2454.93 time, 2470.01 real, 186 MB, 53.37 load
[runlim] sample:		2464.87 time, 2480.01 real, 186 MB, 53.47 load
[runlim] sample:		2474.81 time, 2490.01 real, 186 MB, 53.40 load
[runlim] sample:		2484.75 time, 2500.01 real, 186 MB, 53.34 load
[runlim] sample:		2494.70 time, 2510.01 real, 186 MB, 53.59 load
[runlim] sample:		2504.64 time, 2520.01 real, 186 MB, 53.50 load
[runlim] sample:		2514.58 time, 2530.01 real, 186 MB, 53.42 load
[runlim] sample:		2524.53 time, 2540.01 real, 186 MB, 53.44 load
[runlim] sample:		2534.47 time, 2550.01 real, 186 MB, 53.37 load
[runlim] sample:		2544.42 time, 2560.01 real, 191 MB, 53.31 load
[runlim] sample:		2554.36 time, 2570.01 real, 191 MB, 53.26 load
[runlim] sample:		2564.30 time, 2580.01 real, 191 MB, 53.22 load
[runlim] sample:		2574.24 time, 2590.01 real, 191 MB, 53.19 load
[runlim] sample:		2584.18 time, 2600.01 real, 191 MB, 53.24 load
[runlim] sample:		2594.13 time, 2610.01 real, 191 MB, 53.20 load
[runlim] sample:		2604.06 time, 2620.01 real, 191 MB, 53.17 load
[runlim] sample:		2614.01 time, 2630.01 real, 191 MB, 53.14 load
[runlim] sample:		2623.95 time, 2640.01 real, 191 MB, 53.20 load
[runlim] sample:		2633.89 time, 2650.01 real, 191 MB, 53.17 load
[runlim] sample:		2643.83 time, 2660.01 real, 192 MB, 53.22 load
[runlim] sample:		2653.77 time, 2670.01 real, 192 MB, 53.19 load
[runlim] sample:		2663.71 time, 2680.01 real, 192 MB, 53.16 load
[runlim] sample:		2673.65 time, 2690.01 real, 192 MB, 53.13 load
[runlim] sample:		2683.60 time, 2700.01 real, 192 MB, 53.11 load
[runlim] sample:		2693.54 time, 2710.01 real, 192 MB, 53.17 load
[runlim] sample:		2703.48 time, 2720.01 real, 192 MB, 53.14 load
[runlim] sample:		2713.42 time, 2730.01 real, 192 MB, 53.12 load
[runlim] sample:		2723.38 time, 2740.01 real, 192 MB, 53.10 load
[runlim] sample:		2733.32 time, 2750.01 real, 192 MB, 53.09 load
[runlim] sample:		2743.26 time, 2760.01 real, 193 MB, 53.07 load
[runlim] sample:		2753.20 time, 2770.01 real, 193 MB, 53.06 load
[runlim] sample:		2763.15 time, 2780.01 real, 193 MB, 53.13 load
[runlim] sample:		2773.09 time, 2790.01 real, 193 MB, 53.11 load
[runlim] sample:		2783.03 time, 2800.01 real, 193 MB, 53.09 load
[runlim] sample:		2792.98 time, 2810.01 real, 193 MB, 53.08 load
[runlim] sample:		2802.92 time, 2820.01 real, 193 MB, 53.07 load
[runlim] sample:		2812.86 time, 2830.01 real, 193 MB, 53.06 load
[runlim] sample:		2822.81 time, 2840.01 real, 193 MB, 53.13 load
[runlim] sample:		2832.75 time, 2850.01 real, 193 MB, 53.11 load
[runlim] sample:		2842.70 time, 2860.01 real, 187 MB, 53.09 load
[runlim] sample:		2852.64 time, 2870.01 real, 187 MB, 53.08 load
[runlim] sample:		2862.59 time, 2880.01 real, 187 MB, 53.06 load
[runlim] sample:		2872.53 time, 2890.01 real, 187 MB, 53.42 load
[runlim] sample:		2882.47 time, 2900.01 real, 187 MB, 53.44 load
[runlim] sample:		2892.42 time, 2910.01 real, 187 MB, 53.44 load
[runlim] sample:		2902.36 time, 2920.01 real, 187 MB, 53.37 load
[runlim] sample:		2912.31 time, 2930.01 real, 187 MB, 53.32 load
[runlim] sample:		2922.25 time, 2940.01 real, 187 MB, 53.27 load
[runlim] sample:		2932.19 time, 2950.01 real, 187 MB, 53.37 load
[runlim] sample:		2942.14 time, 2960.01 real, 191 MB, 53.40 load
[runlim] sample:		2952.08 time, 2970.01 real, 191 MB, 53.42 load
[runlim] sample:		2962.03 time, 2980.01 real, 191 MB, 53.35 load
[runlim] sample:		2971.97 time, 2990.01 real, 191 MB, 53.38 load
[runlim] sample:		2981.92 time, 3000.01 real, 191 MB, 53.32 load
[runlim] sample:		2991.86 time, 3010.01 real, 191 MB, 53.34 load
[runlim] sample:		3001.81 time, 3020.01 real, 191 MB, 53.29 load
[runlim] sample:		3011.75 time, 3030.01 real, 191 MB, 53.32 load
[runlim] sample:		3021.70 time, 3040.01 real, 191 MB, 53.27 load
[runlim] sample:		3031.64 time, 3050.01 real, 191 MB, 53.23 load
[runlim] sample:		3041.59 time, 3060.01 real, 189 MB, 53.19 load
[runlim] sample:		3051.53 time, 3070.01 real, 189 MB, 53.16 load
[runlim] sample:		3061.48 time, 3080.01 real, 189 MB, 53.14 load
[runlim] sample:		3071.42 time, 3090.01 real, 189 MB, 53.12 load
[runlim] sample:		3081.38 time, 3100.01 real, 189 MB, 53.18 load
[runlim] sample:		3091.33 time, 3110.01 real, 189 MB, 53.22 load
[runlim] sample:		3101.27 time, 3120.01 real, 189 MB, 53.19 load
[runlim] sample:		3111.22 time, 3130.01 real, 189 MB, 53.16 load
[runlim] sample:		3121.17 time, 3140.01 real, 189 MB, 53.21 load
[runlim] sample:		3131.11 time, 3150.01 real, 189 MB, 53.18 load
[runlim] sample:		3141.06 time, 3160.01 real, 189 MB, 53.15 load
[runlim] sample:		3151.00 time, 3170.01 real, 189 MB, 53.13 load
[runlim] sample:		3160.95 time, 3180.01 real, 189 MB, 53.18 load
[runlim] sample:		3170.89 time, 3190.01 real, 189 MB, 53.15 load
[runlim] sample:		3180.84 time, 3200.01 real, 189 MB, 53.13 load
[runlim] sample:		3190.79 time, 3210.01 real, 189 MB, 53.11 load
[runlim] sample:		3200.73 time, 3220.01 real, 189 MB, 53.17 load
[runlim] sample:		3210.68 time, 3230.01 real, 189 MB, 53.15 load
[runlim] sample:		3220.63 time, 3240.01 real, 189 MB, 53.12 load
[runlim] sample:		3230.57 time, 3250.01 real, 189 MB, 53.10 load
[runlim] sample:		3240.52 time, 3260.01 real, 189 MB, 53.09 load
[runlim] sample:		3250.47 time, 3270.01 real, 189 MB, 53.07 load
[runlim] sample:		3260.42 time, 3280.01 real, 195 MB, 53.14 load
[runlim] sample:		3270.37 time, 3290.01 real, 195 MB, 53.12 load
[runlim] sample:		3280.32 time, 3300.01 real, 195 MB, 53.10 load
[runlim] sample:		3290.26 time, 3310.01 real, 195 MB, 53.08 load
[runlim] sample:		3300.21 time, 3320.01 real, 195 MB, 53.07 load
[runlim] sample:		3310.16 time, 3330.01 real, 195 MB, 53.06 load
[runlim] sample:		3320.11 time, 3340.01 real, 195 MB, 53.20 load
[runlim] sample:		3330.05 time, 3350.01 real, 195 MB, 53.17 load
[runlim] sample:		3340.00 time, 3360.01 real, 195 MB, 53.15 load
[runlim] sample:		3349.95 time, 3370.01 real, 195 MB, 53.12 load
[runlim] sample:		3359.90 time, 3380.01 real, 195 MB, 53.25 load
[runlim] sample:		3369.84 time, 3390.01 real, 195 MB, 53.29 load
[runlim] sample:		3379.79 time, 3400.01 real, 195 MB, 53.25 load
[runlim] sample:		3389.74 time, 3410.01 real, 195 MB, 53.21 load
[runlim] sample:		3399.68 time, 3420.01 real, 195 MB, 53.18 load
[runlim] sample:		3409.63 time, 3430.01 real, 195 MB, 53.15 load
[runlim] sample:		3419.58 time, 3440.01 real, 195 MB, 53.12 load
[runlim] sample:		3429.52 time, 3450.01 real, 195 MB, 53.11 load
[runlim] sample:		3439.47 time, 3460.01 real, 195 MB, 53.09 load
[runlim] sample:		3449.42 time, 3470.01 real, 195 MB, 53.30 load
[runlim] sample:		3459.36 time, 3480.01 real, 195 MB, 53.26 load
[runlim] sample:		3469.31 time, 3490.01 real, 195 MB, 53.29 load
[runlim] sample:		3479.26 time, 3500.01 real, 195 MB, 53.25 load
[runlim] sample:		3489.20 time, 3510.01 real, 195 MB, 53.28 load
[runlim] sample:		3499.14 time, 3520.01 real, 195 MB, 53.48 load
[runlim] sample:		3509.09 time, 3530.01 real, 195 MB, 53.55 load
[runlim] sample:		3519.03 time, 3540.01 real, 195 MB, 53.47 load
[runlim] sample:		3528.98 time, 3550.01 real, 195 MB, 53.39 load
[runlim] sample:		3538.93 time, 3560.01 real, 195 MB, 53.33 load
[runlim] sample:		3548.87 time, 3570.01 real, 195 MB, 53.28 load
[runlim] sample:		3558.82 time, 3580.01 real, 195 MB, 53.31 load
[runlim] sample:		3568.76 time, 3590.01 real, 195 MB, 53.34 load
[runlim] sample:		3578.71 time, 3600.01 real, 195 MB, 53.28 load
[runlim] sample:		3588.65 time, 3610.01 real, 195 MB, 53.24 load
[runlim] sample:		3598.61 time, 3620.01 real, 195 MB, 53.20 load
[runlim] sample:		3608.57 time, 3630.01 real, 195 MB, 53.25 load
[runlim] sample:		3618.53 time, 3640.01 real, 206 MB, 53.21 load
[runlim] sample:		3628.47 time, 3650.01 real, 206 MB, 53.25 load
[runlim] sample:		3638.42 time, 3660.01 real, 206 MB, 53.21 load
[runlim] sample:		3648.37 time, 3670.01 real, 206 MB, 53.18 load
[runlim] sample:		3658.31 time, 3680.01 real, 206 MB, 53.15 load
[runlim] sample:		3668.26 time, 3690.01 real, 206 MB, 53.13 load
[runlim] sample:		3678.21 time, 3700.01 real, 206 MB, 53.11 load
[runlim] sample:		3688.16 time, 3710.01 real, 206 MB, 53.09 load
[runlim] sample:		3698.10 time, 3720.01 real, 206 MB, 53.08 load
[runlim] sample:		3708.05 time, 3730.01 real, 206 MB, 53.14 load
[runlim] sample:		3718.00 time, 3740.01 real, 206 MB, 53.12 load
[runlim] sample:		3727.94 time, 3750.01 real, 206 MB, 53.10 load
[runlim] sample:		3737.89 time, 3760.01 real, 210 MB, 53.08 load
[runlim] sample:		3747.85 time, 3770.01 real, 210 MB, 53.07 load
[runlim] sample:		3757.79 time, 3780.01 real, 210 MB, 53.06 load
[runlim] sample:		3767.74 time, 3790.01 real, 210 MB, 53.20 load
[runlim] sample:		3777.68 time, 3800.01 real, 210 MB, 53.17 load
[runlim] sample:		3787.63 time, 3810.01 real, 210 MB, 53.14 load
[runlim] sample:		3797.58 time, 3820.01 real, 210 MB, 53.12 load
[runlim] sample:		3807.52 time, 3830.01 real, 210 MB, 53.18 load
[runlim] sample:		3817.47 time, 3840.01 real, 210 MB, 53.15 load
[runlim] sample:		3827.41 time, 3850.01 real, 210 MB, 53.20 load
[runlim] sample:		3837.36 time, 3860.01 real, 210 MB, 53.17 load
[runlim] sample:		3847.30 time, 3870.01 real, 210 MB, 53.14 load
[runlim] sample:		3857.24 time, 3880.01 real, 207 MB, 53.12 load
[runlim] sample:		3867.19 time, 3890.01 real, 207 MB, 53.10 load
[runlim] sample:		3877.14 time, 3900.01 real, 207 MB, 53.09 load
[runlim] sample:		3887.08 time, 3910.01 real, 207 MB, 53.07 load
[runlim] sample:		3897.03 time, 3920.01 real, 207 MB, 53.14 load
[runlim] sample:		3906.98 time, 3930.01 real, 207 MB, 53.19 load
[runlim] sample:		3916.92 time, 3940.01 real, 207 MB, 53.16 load
[runlim] sample:		3926.87 time, 3950.01 real, 207 MB, 53.14 load
[runlim] sample:		3936.81 time, 3960.01 real, 207 MB, 53.20 load
[runlim] sample:		3946.75 time, 3970.01 real, 207 MB, 53.47 load
[runlim] sample:		3956.70 time, 3980.01 real, 207 MB, 53.40 load
[runlim] sample:		3966.65 time, 3990.01 real, 207 MB, 53.42 load
[runlim] sample:		3976.60 time, 4000.01 real, 205 MB, 53.35 load
[runlim] sample:		3986.55 time, 4010.01 real, 207 MB, 53.37 load
[runlim] sample:		3996.50 time, 4020.01 real, 207 MB, 53.31 load
[runlim] sample:		4006.45 time, 4030.01 real, 207 MB, 53.26 load
[runlim] sample:		4016.39 time, 4040.01 real, 207 MB, 53.22 load
[runlim] sample:		4026.34 time, 4050.01 real, 207 MB, 53.19 load
[runlim] sample:		4036.29 time, 4060.01 real, 207 MB, 53.16 load
[runlim] sample:		4046.23 time, 4070.01 real, 207 MB, 53.13 load
[runlim] sample:		4056.18 time, 4080.01 real, 207 MB, 53.26 load
[runlim] sample:		4066.13 time, 4090.01 real, 207 MB, 53.22 load
[runlim] sample:		4076.07 time, 4100.01 real, 207 MB, 53.19 load
[runlim] sample:		4086.02 time, 4110.01 real, 207 MB, 53.23 load
[runlim] sample:		4095.96 time, 4120.01 real, 207 MB, 53.19 load
[runlim] sample:		4105.91 time, 4130.01 real, 207 MB, 53.16 load
[runlim] sample:		4115.86 time, 4140.01 real, 207 MB, 53.22 load
[runlim] sample:		4125.81 time, 4150.01 real, 207 MB, 53.18 load
[runlim] sample:		4135.75 time, 4160.01 real, 207 MB, 53.16 load
[runlim] sample:		4145.70 time, 4170.01 real, 207 MB, 53.21 load
[runlim] sample:		4155.65 time, 4180.01 real, 207 MB, 53.17 load
[runlim] sample:		4165.59 time, 4190.01 real, 207 MB, 53.15 load
[runlim] sample:		4175.54 time, 4200.01 real, 207 MB, 53.12 load
[runlim] sample:		4185.48 time, 4210.01 real, 207 MB, 53.10 load
[runlim] sample:		4195.43 time, 4220.01 real, 207 MB, 53.09 load
[runlim] sample:		4205.38 time, 4230.01 real, 207 MB, 53.15 load
[runlim] sample:		4215.33 time, 4240.01 real, 206 MB, 53.13 load
[runlim] sample:		4225.28 time, 4250.01 real, 206 MB, 53.11 load
[runlim] sample:		4235.22 time, 4260.01 real, 206 MB, 53.09 load
[runlim] sample:		4245.17 time, 4270.01 real, 206 MB, 53.08 load
[runlim] sample:		4255.11 time, 4280.01 real, 206 MB, 53.06 load
[runlim] sample:		4265.06 time, 4290.01 real, 206 MB, 53.22 load
[runlim] sample:		4275.01 time, 4300.01 real, 206 MB, 53.18 load
[runlim] sample:		4284.95 time, 4310.01 real, 206 MB, 53.15 load
[runlim] sample:		4294.90 time, 4320.01 real, 206 MB, 53.13 load
[runlim] sample:		4304.84 time, 4330.01 real, 206 MB, 53.11 load
[runlim] sample:		4314.79 time, 4340.01 real, 206 MB, 53.09 load
[runlim] sample:		4324.73 time, 4350.01 real, 207 MB, 53.16 load
[runlim] sample:		4334.68 time, 4360.01 real, 207 MB, 53.13 load
[runlim] sample:		4344.63 time, 4370.01 real, 207 MB, 53.11 load
[runlim] sample:		4354.57 time, 4380.01 real, 207 MB, 53.09 load
[runlim] sample:		4364.52 time, 4390.01 real, 207 MB, 53.08 load
[runlim] sample:		4374.47 time, 4400.01 real, 207 MB, 53.07 load
[runlim] sample:		4384.42 time, 4410.01 real, 207 MB, 53.14 load
[runlim] sample:		4394.36 time, 4420.01 real, 207 MB, 53.12 load
[runlim] sample:		4404.31 time, 4430.01 real, 207 MB, 53.18 load
[runlim] sample:		4414.26 time, 4440.01 real, 207 MB, 53.15 load
[runlim] sample:		4424.20 time, 4450.01 real, 207 MB, 53.13 load
[runlim] sample:		4434.15 time, 4460.01 real, 207 MB, 53.11 load
[runlim] sample:		4444.10 time, 4470.01 real, 207 MB, 53.17 load
[runlim] sample:		4454.04 time, 4480.01 real, 205 MB, 53.22 load
[runlim] sample:		4463.98 time, 4490.01 real, 205 MB, 53.18 load
[runlim] sample:		4473.93 time, 4500.01 real, 205 MB, 53.23 load
[runlim] sample:		4483.88 time, 4510.01 real, 205 MB, 53.41 load
[runlim] sample:		4493.82 time, 4520.01 real, 205 MB, 53.35 load
[runlim] sample:		4503.77 time, 4530.01 real, 205 MB, 53.30 load
[runlim] sample:		4513.72 time, 4540.01 real, 205 MB, 53.25 load
[runlim] sample:		4523.66 time, 4550.01 real, 205 MB, 53.21 load
[runlim] sample:		4533.61 time, 4560.01 real, 205 MB, 53.25 load
[runlim] sample:		4543.56 time, 4570.01 real, 205 MB, 53.21 load
[runlim] sample:		4553.50 time, 4580.01 real, 205 MB, 53.25 load
[runlim] sample:		4563.45 time, 4590.01 real, 205 MB, 53.21 load
[runlim] sample:		4573.41 time, 4600.01 real, 207 MB, 53.18 load
[runlim] sample:		4583.35 time, 4610.01 real, 207 MB, 53.15 load
[runlim] sample:		4593.30 time, 4620.01 real, 207 MB, 53.13 load
[runlim] sample:		4603.25 time, 4630.01 real, 207 MB, 53.11 load
[runlim] sample:		4613.19 time, 4640.01 real, 207 MB, 53.40 load
[runlim] sample:		4623.14 time, 4650.01 real, 207 MB, 53.42 load
[runlim] sample:		4633.09 time, 4660.01 real, 207 MB, 53.35 load
[runlim] sample:		4643.03 time, 4670.01 real, 207 MB, 53.30 load
[runlim] sample:		4652.98 time, 4680.01 real, 207 MB, 53.25 load
[runlim] sample:		4662.92 time, 4690.01 real, 207 MB, 53.21 load
[runlim] sample:		4672.87 time, 4700.01 real, 207 MB, 53.18 load
[runlim] sample:		4682.82 time, 4710.01 real, 207 MB, 53.15 load
[runlim] sample:		4692.76 time, 4720.01 real, 208 MB, 53.13 load
[runlim] sample:		4702.70 time, 4730.01 real, 208 MB, 53.19 load
[runlim] sample:		4712.65 time, 4740.01 real, 208 MB, 53.16 load
[runlim] sample:		4722.59 time, 4750.01 real, 208 MB, 53.13 load
[runlim] sample:		4732.54 time, 4760.01 real, 208 MB, 53.19 load
[runlim] sample:		4742.49 time, 4770.01 real, 208 MB, 53.24 load
[runlim] sample:		4752.43 time, 4780.01 real, 208 MB, 53.20 load
[runlim] sample:		4762.38 time, 4790.01 real, 208 MB, 53.25 load
[runlim] sample:		4772.32 time, 4800.01 real, 208 MB, 53.29 load
[runlim] sample:		4782.27 time, 4810.01 real, 208 MB, 53.25 load
[runlim] sample:		4792.21 time, 4820.01 real, 208 MB, 53.21 load
[runlim] sample:		4802.15 time, 4830.01 real, 208 MB, 53.26 load
[runlim] sample:		4812.09 time, 4840.01 real, 208 MB, 53.22 load
[runlim] sample:		4822.04 time, 4850.01 real, 209 MB, 53.26 load
[runlim] sample:		4831.98 time, 4860.01 real, 224 MB, 53.22 load
[runlim] sample:		4841.93 time, 4870.01 real, 224 MB, 53.19 load
[runlim] sample:		4851.87 time, 4880.01 real, 224 MB, 53.23 load
[runlim] sample:		4861.82 time, 4890.01 real, 224 MB, 53.20 load
[runlim] sample:		4871.76 time, 4900.01 real, 224 MB, 53.17 load
[runlim] sample:		4881.70 time, 4910.01 real, 224 MB, 53.22 load
[runlim] sample:		4891.65 time, 4920.01 real, 224 MB, 53.19 load
[runlim] sample:		4901.59 time, 4930.01 real, 224 MB, 53.16 load
[runlim] sample:		4911.54 time, 4940.01 real, 224 MB, 53.29 load
[runlim] sample:		4921.48 time, 4950.01 real, 224 MB, 53.25 load
[runlim] sample:		4931.43 time, 4960.01 real, 224 MB, 53.21 load
[runlim] sample:		4941.37 time, 4970.01 real, 224 MB, 53.26 load
[runlim] sample:		4951.32 time, 4980.01 real, 224 MB, 53.22 load
[runlim] sample:		4961.26 time, 4990.01 real, 218 MB, 52.55 load
[runlim] sample:		4971.20 time, 5000.01 real, 218 MB, 50.85 load
[runlim] end:			Thu Apr  9 21:55:17 2026
[runlim] status:		out of time
[runlim] result:		2
[runlim] children:		1
[runlim] processes:		2
[runlim] real:			5000.05 seconds
[runlim] time:			4971.20 seconds
[runlim] space:			286 MB
[runlim] load:			56.32 maximum
[runlim] samples:		50000
