[runlim] version:		2.0.0rc1
[runlim] host:			m06n02
[runlim] time limit:		311040000 seconds
[runlim] real time limit:	5000 seconds
[runlim] space limit:		7000 MB
[runlim] argv[0]:		./binary
[runlim] argv[1]:		-c
[runlim] argv[2]:		-r
[runlim] argv[3]:		/tmp/local-unzipped-12273038-8-461-BMS_k3_n100_m429_306.cnf
[runlim] start:			Wed Mar 25 00:29:49 2026
[runlim] child:			2910959
[runlim] sample:		9.97 time, 10.01 real, 4 MB, 7.86 load
[runlim] sample:		19.93 time, 20.01 real, 4 MB, 7.11 load
[runlim] end:			Wed Mar 25 00:30:14 2026
[runlim] status:		ok
[runlim] result:		0
[runlim] children:		1
[runlim] processes:		2
[runlim] real:			25.06 seconds
[runlim] time:			24.91 seconds
[runlim] space:			4 MB
[runlim] load:			8.38 maximum
[runlim] samples:		250
