[runlim] version:		2.0.0rc1
[runlim] host:			o02n12
[runlim] time limit:		311040000 seconds
[runlim] real time limit:	5000 seconds
[runlim] space limit:		7000 MB
[runlim] argv[0]:		./binary
[runlim] argv[1]:		-c
[runlim] argv[2]:		-r
[runlim] argv[3]:		/tmp/local-unzipped-12273038-1-57-BMS_k3_n100_m429_138.cnf
[runlim] start:			Wed Mar 25 00:28:08 2026
[runlim] child:			2114885
[runlim] sample:		9.96 time, 10.01 real, 3 MB, 7.96 load
[runlim] sample:		19.92 time, 20.01 real, 3 MB, 7.95 load
[runlim] sample:		29.88 time, 30.01 real, 3 MB, 7.65 load
[runlim] sample:		39.84 time, 40.01 real, 3 MB, 7.40 load
[runlim] sample:		49.80 time, 50.01 real, 3 MB, 7.33 load
[runlim] sample:		59.76 time, 60.01 real, 3 MB, 7.04 load
[runlim] sample:		69.72 time, 70.01 real, 3 MB, 6.65 load
[runlim] sample:		79.69 time, 80.01 real, 3 MB, 6.39 load
[runlim] sample:		89.65 time, 90.01 real, 3 MB, 6.02 load
[runlim] end:			Wed Mar 25 00:29:41 2026
[runlim] status:		ok
[runlim] result:		0
[runlim] children:		1
[runlim] processes:		2
[runlim] real:			93.65 seconds
[runlim] time:			93.24 seconds
[runlim] space:			3 MB
[runlim] load:			8.22 maximum
[runlim] samples:		936
