[runlim] version:		2.0.0rc1
[runlim] host:			o02n12
[runlim] time limit:		311040000 seconds
[runlim] real time limit:	5000 seconds
[runlim] space limit:		7000 MB
[runlim] argv[0]:		./binary
[runlim] argv[1]:		-c
[runlim] argv[2]:		-r
[runlim] argv[3]:		/tmp/local-unzipped-12273038-1-7-BMS_k3_n100_m429_392.cnf
[runlim] start:			Wed Mar 25 00:27:17 2026
[runlim] child:			2112992
[runlim] sample:		9.97 time, 10.01 real, 4 MB, 12.71 load
[runlim] sample:		19.93 time, 20.01 real, 4 MB, 11.45 load
[runlim] sample:		29.90 time, 30.01 real, 4 MB, 10.30 load
[runlim] sample:		39.87 time, 40.01 real, 4 MB, 9.41 load
[runlim] sample:		49.83 time, 50.01 real, 4 MB, 8.50 load
[runlim] sample:		59.79 time, 60.01 real, 4 MB, 8.04 load
[runlim] sample:		69.76 time, 70.01 real, 4 MB, 8.12 load
[runlim] sample:		79.72 time, 80.01 real, 4 MB, 7.79 load
[runlim] sample:		89.68 time, 90.01 real, 4 MB, 7.52 load
[runlim] sample:		99.64 time, 100.01 real, 4 MB, 7.44 load
[runlim] sample:		109.61 time, 110.01 real, 4 MB, 7.22 load
[runlim] end:			Wed Mar 25 00:29:13 2026
[runlim] status:		ok
[runlim] result:		0
[runlim] children:		1
[runlim] processes:		2
[runlim] real:			115.93 seconds
[runlim] time:			115.49 seconds
[runlim] space:			4 MB
[runlim] load:			14.38 maximum
[runlim] samples:		1159
