[runlim] version:		2.0.0rc1
[runlim] host:			o02n12
[runlim] time limit:		311040000 seconds
[runlim] real time limit:	5000 seconds
[runlim] space limit:		7000 MB
[runlim] argv[0]:		./binary
[runlim] argv[1]:		-c
[runlim] argv[2]:		-r
[runlim] argv[3]:		/tmp/local-unzipped-12273038-1-63-BMS_k3_n100_m429_436.cnf
[runlim] start:			Wed Mar 25 00:28:14 2026
[runlim] child:			2115098
[runlim] sample:		9.97 time, 10.01 real, 3 MB, 8.12 load
[runlim] sample:		19.93 time, 20.01 real, 3 MB, 7.79 load
[runlim] sample:		29.89 time, 30.01 real, 3 MB, 7.52 load
[runlim] sample:		39.84 time, 40.01 real, 4 MB, 7.44 load
[runlim] sample:		49.80 time, 50.01 real, 4 MB, 7.22 load
[runlim] end:			Wed Mar 25 00:29:05 2026
[runlim] status:		ok
[runlim] result:		0
[runlim] children:		1
[runlim] processes:		2
[runlim] real:			51.73 seconds
[runlim] time:			51.49 seconds
[runlim] space:			4 MB
[runlim] load:			8.12 maximum
[runlim] samples:		517
