[runlim] version:		2.0.0rc1
[runlim] host:			p01n03
[runlim] time limit:		311040000 seconds
[runlim] real time limit:	5000 seconds
[runlim] space limit:		7000 MB
[runlim] argv[0]:		./binary
[runlim] argv[1]:		-c
[runlim] argv[2]:		-r
[runlim] argv[3]:		/tmp/local-unzipped-12273038-3-143-BMS_k3_n100_m429_320.cnf
[runlim] start:			Wed Mar 25 00:27:25 2026
[runlim] child:			2811275
[runlim] end:			Wed Mar 25 00:27:29 2026
[runlim] status:		ok
[runlim] result:		0
[runlim] children:		1
[runlim] processes:		2
[runlim] real:			3.96 seconds
[runlim] time:			3.89 seconds
[runlim] space:			4 MB
[runlim] load:			10.41 maximum
[runlim] samples:		39
