[runlim] version:		2.0.0rc1
[runlim] host:			m06n02
[runlim] time limit:		311040000 seconds
[runlim] real time limit:	5000 seconds
[runlim] space limit:		7000 MB
[runlim] argv[0]:		./binary
[runlim] argv[1]:		-c
[runlim] argv[2]:		-r
[runlim] argv[3]:		/tmp/local-unzipped-12273038-8-483-BMS_k3_n100_m429_475.cnf
[runlim] start:			Wed Mar 25 00:30:11 2026
[runlim] child:			2911786
[runlim] end:			Wed Mar 25 00:30:11 2026
[runlim] status:		ok
[runlim] result:		0
[runlim] children:		1
[runlim] processes:		2
[runlim] real:			0.71 seconds
[runlim] time:			0.60 seconds
[runlim] space:			3 MB
[runlim] load:			6.86 maximum
[runlim] samples:		6
