[runlim] version:		2.0.0rc1
[runlim] host:			o03n05
[runlim] time limit:		311040000 seconds
[runlim] real time limit:	5000 seconds
[runlim] space limit:		7000 MB
[runlim] argv[0]:		./binary
[runlim] argv[1]:		-c
[runlim] argv[2]:		-f
[runlim] argv[3]:		/tmp/local-unzipped-12236006-6-378-BMS_k3_n100_m429_102.cnf
[runlim] start:			Fri Mar 20 14:28:58 2026
[runlim] child:			3590053
[runlim] sample:		9.95 time, 10.01 real, 3 MB, 5.17 load
[runlim] sample:		19.90 time, 20.01 real, 4 MB, 6.00 load
[runlim] sample:		29.86 time, 30.01 real, 4 MB, 6.61 load
[runlim] sample:		39.81 time, 40.01 real, 4 MB, 7.13 load
[runlim] sample:		49.76 time, 50.01 real, 4 MB, 7.58 load
[runlim] sample:		59.71 time, 60.01 real, 4 MB, 7.79 load
[runlim] sample:		69.67 time, 70.01 real, 4 MB, 7.98 load
[runlim] sample:		79.62 time, 80.01 real, 4 MB, 7.98 load
[runlim] sample:		89.57 time, 90.01 real, 4 MB, 7.99 load
[runlim] sample:		99.52 time, 100.01 real, 4 MB, 7.91 load
[runlim] sample:		109.47 time, 110.01 real, 4 MB, 7.77 load
[runlim] end:			Fri Mar 20 14:30:57 2026
[runlim] status:		ok
[runlim] result:		0
[runlim] children:		1
[runlim] processes:		2
[runlim] real:			119.24 seconds
[runlim] time:			118.63 seconds
[runlim] space:			5 MB
[runlim] load:			7.99 maximum
[runlim] samples:		1192
