[runlim] version:		2.0.0rc1
[runlim] host:			p02n05
[runlim] time limit:		311040000 seconds
[runlim] real time limit:	5000 seconds
[runlim] space limit:		7000 MB
[runlim] argv[0]:		./binary
[runlim] argv[1]:		-c
[runlim] argv[2]:		-f
[runlim] argv[3]:		/tmp/local-unzipped-12236006-7-440-BMS_k3_n100_m429_468.cnf
[runlim] start:			Fri Mar 20 14:49:28 2026
[runlim] child:			1327101
[runlim] end:			Fri Mar 20 14:49:28 2026
[runlim] status:		ok
[runlim] result:		0
[runlim] children:		1
[runlim] processes:		2
[runlim] real:			0.67 seconds
[runlim] time:			0.60 seconds
[runlim] space:			5 MB
[runlim] load:			4.50 maximum
[runlim] samples:		6
