[runlim] version:		2.0.0rc1
[runlim] host:			o03n07
[runlim] time limit:		311040000 seconds
[runlim] real time limit:	5000 seconds
[runlim] space limit:		7000 MB
[runlim] argv[0]:		./binary
[runlim] argv[1]:		-c
[runlim] argv[2]:		-f
[runlim] argv[3]:		/tmp/local-unzipped-12236006-3-192-BMS_k3_n100_m429_323.cnf
[runlim] start:			Fri Mar 20 14:03:11 2026
[runlim] child:			3827758
[runlim] sample:		9.96 time, 10.01 real, 4 MB, 4.68 load
[runlim] sample:		19.91 time, 20.01 real, 4 MB, 5.20 load
[runlim] sample:		29.86 time, 30.01 real, 4 MB, 5.63 load
[runlim] sample:		39.82 time, 40.01 real, 4 MB, 5.99 load
[runlim] end:			Fri Mar 20 14:03:57 2026
[runlim] status:		ok
[runlim] result:		0
[runlim] children:		1
[runlim] processes:		2
[runlim] real:			46.00 seconds
[runlim] time:			45.69 seconds
[runlim] space:			4 MB
[runlim] load:			6.30 maximum
[runlim] samples:		459
