[runlim] version:		2.0.0rc1
[runlim] host:			p08n10
[runlim] time limit:		311040000 seconds
[runlim] real time limit:	5000 seconds
[runlim] space limit:		7000 MB
[runlim] argv[0]:		./binary
[runlim] argv[1]:		-c
[runlim] argv[2]:		-f
[runlim] argv[3]:		/tmp/local-unzipped-12236006-8-461-BMS_k3_n100_m429_306.cnf
[runlim] start:			Fri Mar 20 14:48:44 2026
[runlim] child:			3085418
[runlim] sample:		9.96 time, 10.01 real, 3 MB, 37.93 load
[runlim] sample:		19.93 time, 20.01 real, 3 MB, 32.56 load
[runlim] end:			Fri Mar 20 14:49:14 2026
[runlim] status:		ok
[runlim] result:		0
[runlim] children:		1
[runlim] processes:		2
[runlim] real:			29.45 seconds
[runlim] time:			29.29 seconds
[runlim] space:			4 MB
[runlim] load:			44.00 maximum
[runlim] samples:		294
