[runlim] version:		2.0.0rc1
[runlim] host:			m02n04
[runlim] time limit:		311040000 seconds
[runlim] real time limit:	5000 seconds
[runlim] space limit:		7000 MB
[runlim] argv[0]:		./binary
[runlim] argv[1]:		-c
[runlim] argv[2]:		-r
[runlim] argv[3]:		-f
[runlim] argv[4]:		-s
[runlim] argv[5]:		/tmp/local-unzipped-12372161-1-10-qg5-13.cnf
[runlim] start:			Wed Apr  1 15:48:25 2026
[runlim] child:			58224
[runlim] sample:		9.95 time, 10.01 real, 15 MB, 8.41 load
[runlim] end:			Wed Apr  1 15:48:36 2026
[runlim] status:		ok
[runlim] result:		0
[runlim] children:		1
[runlim] processes:		2
[runlim] real:			11.49 seconds
[runlim] time:			11.35 seconds
[runlim] space:			20 MB
[runlim] load:			9.40 maximum
[runlim] samples:		114
