[runlim] version:		2.0.0rc1
[runlim] host:			o03n07
[runlim] time limit:		311040000 seconds
[runlim] real time limit:	5000 seconds
[runlim] space limit:		7000 MB
[runlim] argv[0]:		./binary
[runlim] argv[1]:		-c
[runlim] argv[2]:		-f
[runlim] argv[3]:		-s
[runlim] argv[4]:		/tmp/local-unzipped-12236015-8-477-BMS_k3_n100_m429_387.cnf
[runlim] start:			Fri Mar 20 15:51:22 2026
[runlim] child:			3969025
[runlim] sample:		9.96 time, 10.01 real, 5 MB, 1.74 load
[runlim] sample:		19.92 time, 20.01 real, 5 MB, 2.85 load
[runlim] sample:		29.88 time, 30.01 real, 5 MB, 3.40 load
[runlim] sample:		39.84 time, 40.01 real, 5 MB, 3.65 load
[runlim] sample:		49.80 time, 50.01 real, 5 MB, 3.86 load
[runlim] sample:		59.75 time, 60.01 real, 5 MB, 4.11 load
[runlim] sample:		69.72 time, 70.01 real, 5 MB, 4.24 load
[runlim] sample:		79.67 time, 80.01 real, 5 MB, 4.36 load
[runlim] sample:		89.63 time, 90.01 real, 5 MB, 4.46 load
[runlim] sample:		99.60 time, 100.01 real, 5 MB, 4.39 load
[runlim] sample:		109.56 time, 110.01 real, 5 MB, 4.33 load
[runlim] sample:		119.52 time, 120.01 real, 5 MB, 4.27 load
[runlim] sample:		129.48 time, 130.01 real, 5 MB, 4.08 load
[runlim] end:			Fri Mar 20 15:53:35 2026
[runlim] status:		ok
[runlim] result:		0
[runlim] children:		1
[runlim] processes:		2
[runlim] real:			132.91 seconds
[runlim] time:			132.27 seconds
[runlim] space:			5 MB
[runlim] load:			4.46 maximum
[runlim] samples:		1328
