[runlim] version:		2.0.0rc1
[runlim] host:			p02n02
[runlim] time limit:		311040000 seconds
[runlim] real time limit:	5000 seconds
[runlim] space limit:		7000 MB
[runlim] argv[0]:		./binary
[runlim] argv[1]:		-c
[runlim] argv[2]:		-f
[runlim] argv[3]:		-s
[runlim] argv[4]:		/tmp/local-unzipped-12236015-1-21-BMS_k3_n100_m429_51.cnf
[runlim] start:			Fri Mar 20 15:20:12 2026
[runlim] child:			1676163
[runlim] sample:		9.97 time, 10.01 real, 4 MB, 1.71 load
[runlim] sample:		19.93 time, 20.01 real, 4 MB, 2.06 load
[runlim] sample:		29.90 time, 30.01 real, 4 MB, 2.36 load
[runlim] end:			Fri Mar 20 15:20:47 2026
[runlim] status:		ok
[runlim] result:		0
[runlim] children:		1
[runlim] processes:		2
[runlim] real:			34.82 seconds
[runlim] time:			34.68 seconds
[runlim] space:			4 MB
[runlim] load:			2.57 maximum
[runlim] samples:		348
