[runlim] version:		2.0.0rc1
[runlim] host:			m05n09
[runlim] time limit:		311040000 seconds
[runlim] real time limit:	5000 seconds
[runlim] space limit:		7000 MB
[runlim] argv[0]:		./binary
[runlim] argv[1]:		-c
[runlim] argv[2]:		-f
[runlim] argv[3]:		-s
[runlim] argv[4]:		/tmp/local-unzipped-12236015-4-251-BMS_k3_n100_m429_336.cnf
[runlim] start:			Fri Mar 20 15:30:22 2026
[runlim] child:			1107732
[runlim] end:			Fri Mar 20 15:30:22 2026
[runlim] status:		ok
[runlim] result:		0
[runlim] children:		1
[runlim] processes:		2
[runlim] real:			0.31 seconds
[runlim] time:			0.30 seconds
[runlim] space:			5 MB
[runlim] load:			3.00 maximum
[runlim] samples:		3
