[runlim] version:		2.0.0rc1
[runlim] host:			o03n05
[runlim] time limit:		311040000 seconds
[runlim] real time limit:	5000 seconds
[runlim] space limit:		7000 MB
[runlim] argv[0]:		./binary
[runlim] argv[1]:		-c
[runlim] argv[2]:		/tmp/local-unzipped-12235997-1-58-BMS_k3_n100_m429_480.cnf
[runlim] start:			Fri Mar 20 11:50:50 2026
[runlim] child:			3370674
[runlim] sample:		9.96 time, 10.01 real, 3 MB, 3.01 load
[runlim] sample:		19.93 time, 20.01 real, 3 MB, 3.63 load
[runlim] sample:		29.89 time, 30.01 real, 3 MB, 3.99 load
[runlim] sample:		39.85 time, 40.01 real, 3 MB, 4.30 load
[runlim] sample:		49.82 time, 50.01 real, 3 MB, 4.56 load
[runlim] sample:		59.78 time, 60.01 real, 3 MB, 4.70 load
[runlim] sample:		69.75 time, 70.01 real, 3 MB, 4.67 load
[runlim] sample:		79.71 time, 80.01 real, 3 MB, 4.64 load
[runlim] sample:		89.68 time, 90.01 real, 3 MB, 4.54 load
[runlim] sample:		99.65 time, 100.01 real, 3 MB, 4.30 load
[runlim] sample:		109.61 time, 110.01 real, 3 MB, 4.10 load
[runlim] sample:		119.56 time, 120.01 real, 3 MB, 3.93 load
[runlim] sample:		129.51 time, 130.01 real, 3 MB, 3.79 load
[runlim] sample:		139.47 time, 140.01 real, 3 MB, 3.74 load
[runlim] sample:		149.42 time, 150.01 real, 3 MB, 3.63 load
[runlim] sample:		159.38 time, 160.01 real, 3 MB, 3.60 load
[runlim] sample:		169.33 time, 170.01 real, 3 MB, 3.58 load
[runlim] sample:		179.28 time, 180.01 real, 3 MB, 3.49 load
[runlim] sample:		189.24 time, 190.01 real, 3 MB, 3.42 load
[runlim] sample:		199.19 time, 200.01 real, 3 MB, 3.43 load
[runlim] sample:		209.15 time, 210.01 real, 3 MB, 3.36 load
[runlim] sample:		219.10 time, 220.01 real, 3 MB, 3.30 load
[runlim] sample:		229.05 time, 230.01 real, 3 MB, 3.26 load
[runlim] sample:		239.01 time, 240.01 real, 3 MB, 3.22 load
[runlim] sample:		248.96 time, 250.01 real, 3 MB, 3.18 load
[runlim] sample:		258.92 time, 260.01 real, 3 MB, 3.16 load
[runlim] sample:		268.87 time, 270.01 real, 3 MB, 3.13 load
[runlim] sample:		278.83 time, 280.01 real, 3 MB, 3.11 load
[runlim] sample:		288.78 time, 290.01 real, 3 MB, 3.09 load
[runlim] sample:		298.74 time, 300.01 real, 3 MB, 3.08 load
[runlim] sample:		308.69 time, 310.01 real, 3 MB, 3.07 load
[runlim] sample:		318.65 time, 320.01 real, 3 MB, 3.06 load
[runlim] sample:		328.60 time, 330.01 real, 3 MB, 3.05 load
[runlim] sample:		338.56 time, 340.01 real, 3 MB, 3.19 load
[runlim] sample:		348.51 time, 350.01 real, 3 MB, 3.16 load
[runlim] sample:		358.47 time, 360.01 real, 3 MB, 3.06 load
[runlim] sample:		368.42 time, 370.01 real, 3 MB, 2.89 load
[runlim] sample:		378.38 time, 380.01 real, 3 MB, 2.76 load
[runlim] sample:		388.34 time, 390.01 real, 3 MB, 2.64 load
[runlim] sample:		398.29 time, 400.01 real, 3 MB, 2.54 load
[runlim] sample:		408.25 time, 410.01 real, 3 MB, 2.46 load
[runlim] sample:		418.21 time, 420.01 real, 3 MB, 2.39 load
[runlim] sample:		428.16 time, 430.01 real, 3 MB, 2.33 load
[runlim] sample:		438.12 time, 440.01 real, 4 MB, 2.28 load
[runlim] sample:		448.09 time, 450.01 real, 4 MB, 2.08 load
[runlim] sample:		458.06 time, 460.01 real, 4 MB, 1.91 load
[runlim] sample:		468.03 time, 470.01 real, 4 MB, 1.77 load
[runlim] sample:		477.99 time, 480.01 real, 4 MB, 1.65 load
[runlim] sample:		487.96 time, 490.01 real, 4 MB, 1.55 load
[runlim] sample:		497.93 time, 500.01 real, 4 MB, 1.47 load
[runlim] sample:		507.90 time, 510.01 real, 4 MB, 1.39 load
[runlim] sample:		517.87 time, 520.01 real, 4 MB, 1.33 load
[runlim] sample:		527.84 time, 530.01 real, 4 MB, 1.28 load
[runlim] sample:		537.80 time, 540.01 real, 4 MB, 1.24 load
[runlim] sample:		547.77 time, 550.01 real, 4 MB, 1.20 load
[runlim] sample:		557.74 time, 560.01 real, 4 MB, 1.24 load
[runlim] sample:		567.71 time, 570.01 real, 4 MB, 1.21 load
[runlim] sample:		577.68 time, 580.01 real, 4 MB, 1.17 load
[runlim] sample:		587.64 time, 590.01 real, 4 MB, 1.23 load
[runlim] sample:		597.60 time, 600.01 real, 4 MB, 1.19 load
[runlim] sample:		607.57 time, 610.01 real, 4 MB, 1.16 load
[runlim] sample:		617.54 time, 620.01 real, 4 MB, 1.30 load
[runlim] sample:		627.51 time, 630.01 real, 4 MB, 1.25 load
[runlim] sample:		637.48 time, 640.01 real, 4 MB, 1.21 load
[runlim] sample:		647.45 time, 650.01 real, 4 MB, 1.18 load
[runlim] sample:		657.41 time, 660.01 real, 4 MB, 1.15 load
[runlim] sample:		667.38 time, 670.01 real, 4 MB, 1.13 load
[runlim] sample:		677.35 time, 680.01 real, 4 MB, 1.11 load
[runlim] sample:		687.31 time, 690.01 real, 4 MB, 1.09 load
[runlim] sample:		697.28 time, 700.01 real, 4 MB, 1.08 load
[runlim] sample:		707.25 time, 710.01 real, 4 MB, 1.06 load
[runlim] sample:		717.21 time, 720.01 real, 4 MB, 1.13 load
[runlim] sample:		727.18 time, 730.01 real, 4 MB, 1.11 load
[runlim] sample:		737.15 time, 740.01 real, 4 MB, 1.10 load
[runlim] sample:		747.12 time, 750.01 real, 4 MB, 1.08 load
[runlim] sample:		757.09 time, 760.01 real, 4 MB, 1.07 load
[runlim] sample:		767.06 time, 770.01 real, 4 MB, 1.14 load
[runlim] sample:		777.02 time, 780.01 real, 4 MB, 1.20 load
[runlim] sample:		786.99 time, 790.01 real, 4 MB, 1.16 load
[runlim] sample:		796.96 time, 800.01 real, 4 MB, 1.14 load
[runlim] sample:		806.93 time, 810.01 real, 4 MB, 1.12 load
[runlim] sample:		816.90 time, 820.01 real, 4 MB, 1.26 load
[runlim] sample:		826.87 time, 830.01 real, 4 MB, 1.37 load
[runlim] sample:		836.84 time, 840.01 real, 4 MB, 1.55 load
[runlim] sample:		846.81 time, 850.01 real, 4 MB, 1.62 load
[runlim] sample:		856.78 time, 860.01 real, 4 MB, 1.68 load
[runlim] sample:		866.75 time, 870.01 real, 4 MB, 1.89 load
[runlim] sample:		876.71 time, 880.01 real, 4 MB, 1.91 load
[runlim] sample:		886.68 time, 890.01 real, 4 MB, 1.85 load
[runlim] sample:		896.65 time, 900.01 real, 4 MB, 1.95 load
[runlim] sample:		906.62 time, 910.01 real, 4 MB, 1.96 load
[runlim] sample:		916.59 time, 920.01 real, 4 MB, 1.89 load
[runlim] sample:		926.56 time, 930.01 real, 4 MB, 1.75 load
[runlim] sample:		936.53 time, 940.01 real, 4 MB, 1.63 load
[runlim] sample:		946.50 time, 950.01 real, 4 MB, 1.54 load
[runlim] sample:		956.47 time, 960.01 real, 4 MB, 1.45 load
[runlim] sample:		966.43 time, 970.01 real, 4 MB, 1.38 load
[runlim] sample:		976.40 time, 980.01 real, 4 MB, 1.32 load
[runlim] sample:		986.37 time, 990.01 real, 4 MB, 1.27 load
[runlim] sample:		996.34 time, 1000.01 real, 4 MB, 1.23 load
[runlim] sample:		1006.31 time, 1010.01 real, 4 MB, 1.20 load
[runlim] sample:		1016.28 time, 1020.01 real, 4 MB, 1.16 load
[runlim] sample:		1026.24 time, 1030.01 real, 4 MB, 1.14 load
[runlim] sample:		1036.21 time, 1040.01 real, 4 MB, 1.12 load
[runlim] sample:		1046.18 time, 1050.01 real, 4 MB, 1.10 load
[runlim] sample:		1056.15 time, 1060.01 real, 4 MB, 1.08 load
[runlim] sample:		1066.12 time, 1070.01 real, 4 MB, 1.07 load
[runlim] sample:		1076.09 time, 1080.01 real, 4 MB, 1.06 load
[runlim] sample:		1086.06 time, 1090.01 real, 4 MB, 1.05 load
[runlim] sample:		1096.03 time, 1100.01 real, 4 MB, 1.12 load
[runlim] sample:		1106.00 time, 1110.01 real, 4 MB, 1.10 load
[runlim] sample:		1115.97 time, 1120.01 real, 4 MB, 1.08 load
[runlim] sample:		1125.94 time, 1130.01 real, 4 MB, 1.07 load
[runlim] sample:		1135.91 time, 1140.01 real, 4 MB, 1.06 load
[runlim] sample:		1145.88 time, 1150.01 real, 4 MB, 1.05 load
[runlim] sample:		1155.85 time, 1160.01 real, 4 MB, 1.04 load
[runlim] sample:		1165.82 time, 1170.01 real, 4 MB, 1.03 load
[runlim] sample:		1175.78 time, 1180.01 real, 4 MB, 1.03 load
[runlim] sample:		1185.76 time, 1190.01 real, 4 MB, 1.02 load
[runlim] sample:		1195.73 time, 1200.01 real, 4 MB, 1.02 load
[runlim] sample:		1205.69 time, 1210.01 real, 4 MB, 1.02 load
[runlim] sample:		1215.66 time, 1220.01 real, 4 MB, 1.01 load
[runlim] sample:		1225.63 time, 1230.01 real, 4 MB, 1.01 load
[runlim] sample:		1235.60 time, 1240.01 real, 4 MB, 1.01 load
[runlim] sample:		1245.57 time, 1250.01 real, 4 MB, 1.01 load
[runlim] sample:		1255.54 time, 1260.01 real, 4 MB, 1.00 load
[runlim] sample:		1265.51 time, 1270.01 real, 4 MB, 1.00 load
[runlim] sample:		1275.47 time, 1280.01 real, 4 MB, 1.00 load
[runlim] sample:		1285.44 time, 1290.01 real, 4 MB, 1.00 load
[runlim] sample:		1295.41 time, 1300.01 real, 4 MB, 1.00 load
[runlim] sample:		1305.38 time, 1310.01 real, 4 MB, 1.00 load
[runlim] sample:		1315.35 time, 1320.01 real, 4 MB, 1.00 load
[runlim] sample:		1325.32 time, 1330.01 real, 4 MB, 1.00 load
[runlim] sample:		1335.29 time, 1340.01 real, 4 MB, 1.00 load
[runlim] sample:		1345.26 time, 1350.01 real, 4 MB, 1.00 load
[runlim] sample:		1355.23 time, 1360.01 real, 4 MB, 1.00 load
[runlim] sample:		1365.20 time, 1370.01 real, 4 MB, 1.00 load
[runlim] sample:		1375.17 time, 1380.01 real, 4 MB, 1.07 load
[runlim] sample:		1385.14 time, 1390.01 real, 4 MB, 1.06 load
[runlim] sample:		1395.10 time, 1400.01 real, 4 MB, 1.05 load
[runlim] sample:		1405.07 time, 1410.01 real, 4 MB, 1.04 load
[runlim] sample:		1415.04 time, 1420.01 real, 4 MB, 1.04 load
[runlim] sample:		1425.02 time, 1430.01 real, 4 MB, 1.03 load
[runlim] sample:		1434.98 time, 1440.01 real, 4 MB, 1.10 load
[runlim] sample:		1444.95 time, 1450.01 real, 4 MB, 1.08 load
[runlim] sample:		1454.92 time, 1460.01 real, 4 MB, 1.07 load
[runlim] sample:		1464.89 time, 1470.01 real, 4 MB, 1.06 load
[runlim] sample:		1474.86 time, 1480.01 real, 4 MB, 1.05 load
[runlim] sample:		1484.82 time, 1490.01 real, 4 MB, 1.04 load
[runlim] sample:		1494.79 time, 1500.01 real, 4 MB, 1.19 load
[runlim] sample:		1504.76 time, 1510.01 real, 4 MB, 1.16 load
[runlim] sample:		1514.73 time, 1520.01 real, 4 MB, 1.13 load
[runlim] sample:		1524.70 time, 1530.01 real, 4 MB, 1.11 load
[runlim] sample:		1534.67 time, 1540.01 real, 4 MB, 1.10 load
[runlim] sample:		1544.64 time, 1550.01 real, 4 MB, 1.08 load
[runlim] sample:		1554.61 time, 1560.01 real, 4 MB, 1.07 load
[runlim] sample:		1564.58 time, 1570.01 real, 4 MB, 1.06 load
[runlim] sample:		1574.55 time, 1580.01 real, 4 MB, 1.12 load
[runlim] sample:		1584.51 time, 1590.01 real, 4 MB, 1.10 load
[runlim] sample:		1594.48 time, 1600.01 real, 4 MB, 1.09 load
[runlim] sample:		1604.45 time, 1610.01 real, 4 MB, 1.07 load
[runlim] sample:		1614.42 time, 1620.01 real, 4 MB, 1.06 load
[runlim] sample:		1624.39 time, 1630.01 real, 4 MB, 1.05 load
[runlim] sample:		1634.36 time, 1640.01 real, 4 MB, 1.04 load
[runlim] sample:		1644.33 time, 1650.01 real, 4 MB, 1.04 load
[runlim] sample:		1654.30 time, 1660.01 real, 4 MB, 1.03 load
[runlim] sample:		1664.27 time, 1670.01 real, 4 MB, 1.02 load
[runlim] sample:		1674.24 time, 1680.01 real, 4 MB, 1.02 load
[runlim] sample:		1684.21 time, 1690.01 real, 4 MB, 1.02 load
[runlim] sample:		1694.17 time, 1700.01 real, 4 MB, 1.01 load
[runlim] sample:		1704.14 time, 1710.01 real, 4 MB, 1.01 load
[runlim] sample:		1714.11 time, 1720.01 real, 4 MB, 1.01 load
[runlim] sample:		1724.08 time, 1730.01 real, 4 MB, 1.01 load
[runlim] sample:		1734.05 time, 1740.01 real, 4 MB, 1.01 load
[runlim] sample:		1744.02 time, 1750.01 real, 4 MB, 1.00 load
[runlim] sample:		1753.99 time, 1760.01 real, 4 MB, 1.00 load
[runlim] sample:		1763.96 time, 1770.01 real, 4 MB, 1.00 load
[runlim] sample:		1773.93 time, 1780.01 real, 4 MB, 1.00 load
[runlim] sample:		1783.90 time, 1790.01 real, 4 MB, 1.00 load
[runlim] sample:		1793.87 time, 1800.01 real, 4 MB, 1.08 load
[runlim] sample:		1803.84 time, 1810.01 real, 4 MB, 1.07 load
[runlim] sample:		1813.80 time, 1820.01 real, 4 MB, 1.06 load
[runlim] sample:		1823.77 time, 1830.01 real, 4 MB, 1.05 load
[runlim] sample:		1833.74 time, 1840.01 real, 4 MB, 1.04 load
[runlim] sample:		1843.71 time, 1850.01 real, 4 MB, 1.03 load
[runlim] sample:		1853.68 time, 1860.01 real, 4 MB, 1.03 load
[runlim] sample:		1863.65 time, 1870.01 real, 4 MB, 1.02 load
[runlim] sample:		1873.61 time, 1880.01 real, 4 MB, 1.02 load
[runlim] sample:		1883.58 time, 1890.01 real, 4 MB, 1.02 load
[runlim] sample:		1893.55 time, 1900.01 real, 4 MB, 1.01 load
[runlim] sample:		1903.52 time, 1910.01 real, 4 MB, 1.01 load
[runlim] sample:		1913.49 time, 1920.01 real, 4 MB, 1.01 load
[runlim] sample:		1923.45 time, 1930.01 real, 4 MB, 1.01 load
[runlim] sample:		1933.42 time, 1940.01 real, 4 MB, 1.00 load
[runlim] sample:		1943.39 time, 1950.01 real, 4 MB, 1.00 load
[runlim] sample:		1953.36 time, 1960.01 real, 4 MB, 1.00 load
[runlim] sample:		1963.33 time, 1970.01 real, 4 MB, 1.00 load
[runlim] sample:		1973.29 time, 1980.01 real, 4 MB, 1.00 load
[runlim] sample:		1983.26 time, 1990.01 real, 4 MB, 1.00 load
[runlim] sample:		1993.23 time, 2000.01 real, 4 MB, 1.00 load
[runlim] sample:		2003.20 time, 2010.01 real, 4 MB, 1.00 load
[runlim] sample:		2013.17 time, 2020.01 real, 4 MB, 1.00 load
[runlim] sample:		2023.14 time, 2030.01 real, 4 MB, 1.00 load
[runlim] sample:		2033.10 time, 2040.01 real, 4 MB, 1.00 load
[runlim] sample:		2043.07 time, 2050.01 real, 4 MB, 1.00 load
[runlim] sample:		2053.04 time, 2060.01 real, 4 MB, 1.00 load
[runlim] sample:		2063.00 time, 2070.01 real, 4 MB, 1.00 load
[runlim] sample:		2072.97 time, 2080.01 real, 4 MB, 1.00 load
[runlim] sample:		2082.94 time, 2090.01 real, 4 MB, 1.00 load
[runlim] sample:		2092.91 time, 2100.01 real, 4 MB, 1.00 load
[runlim] sample:		2102.88 time, 2110.01 real, 4 MB, 1.00 load
[runlim] sample:		2112.85 time, 2120.01 real, 4 MB, 1.00 load
[runlim] sample:		2122.81 time, 2130.01 real, 4 MB, 1.00 load
[runlim] sample:		2132.78 time, 2140.01 real, 4 MB, 1.00 load
[runlim] sample:		2142.75 time, 2150.01 real, 4 MB, 1.00 load
[runlim] sample:		2152.72 time, 2160.01 real, 4 MB, 1.00 load
[runlim] sample:		2162.69 time, 2170.01 real, 4 MB, 1.00 load
[runlim] sample:		2172.66 time, 2180.01 real, 4 MB, 1.00 load
[runlim] sample:		2182.62 time, 2190.01 real, 4 MB, 1.00 load
[runlim] sample:		2192.59 time, 2200.01 real, 4 MB, 1.00 load
[runlim] sample:		2202.56 time, 2210.01 real, 4 MB, 1.08 load
[runlim] sample:		2212.53 time, 2220.01 real, 4 MB, 1.07 load
[runlim] sample:		2222.49 time, 2230.01 real, 4 MB, 1.06 load
[runlim] sample:		2232.46 time, 2240.01 real, 4 MB, 1.05 load
[runlim] sample:		2242.43 time, 2250.01 real, 4 MB, 1.04 load
[runlim] sample:		2252.40 time, 2260.01 real, 4 MB, 1.03 load
[runlim] sample:		2262.37 time, 2270.01 real, 4 MB, 1.03 load
[runlim] sample:		2272.34 time, 2280.01 real, 4 MB, 1.02 load
[runlim] sample:		2282.30 time, 2290.01 real, 4 MB, 1.02 load
[runlim] sample:		2292.27 time, 2300.01 real, 4 MB, 1.02 load
[runlim] sample:		2302.24 time, 2310.01 real, 4 MB, 1.01 load
[runlim] sample:		2312.21 time, 2320.01 real, 4 MB, 1.01 load
[runlim] sample:		2322.18 time, 2330.01 real, 4 MB, 1.09 load
[runlim] sample:		2332.15 time, 2340.01 real, 4 MB, 1.07 load
[runlim] sample:		2342.11 time, 2350.01 real, 4 MB, 1.06 load
[runlim] sample:		2352.08 time, 2360.01 real, 4 MB, 1.05 load
[runlim] sample:		2362.05 time, 2370.01 real, 4 MB, 1.04 load
[runlim] sample:		2372.01 time, 2380.01 real, 4 MB, 1.04 load
[runlim] sample:		2381.97 time, 2390.01 real, 4 MB, 1.19 load
[runlim] sample:		2391.94 time, 2400.01 real, 4 MB, 1.16 load
[runlim] sample:		2401.91 time, 2410.01 real, 4 MB, 1.14 load
[runlim] sample:		2411.87 time, 2420.01 real, 4 MB, 1.11 load
[runlim] sample:		2421.84 time, 2430.01 real, 4 MB, 1.10 load
[runlim] sample:		2431.81 time, 2440.01 real, 4 MB, 1.08 load
[runlim] sample:		2441.77 time, 2450.01 real, 4 MB, 1.07 load
[runlim] sample:		2451.74 time, 2460.01 real, 4 MB, 1.06 load
[runlim] sample:		2461.71 time, 2470.01 real, 4 MB, 1.05 load
[runlim] sample:		2471.68 time, 2480.01 real, 4 MB, 1.04 load
[runlim] sample:		2481.65 time, 2490.01 real, 4 MB, 1.03 load
[runlim] sample:		2491.61 time, 2500.01 real, 4 MB, 1.10 load
[runlim] sample:		2501.58 time, 2510.01 real, 4 MB, 1.09 load
[runlim] sample:		2511.55 time, 2520.01 real, 4 MB, 1.07 load
[runlim] sample:		2521.52 time, 2530.01 real, 4 MB, 1.06 load
[runlim] sample:		2531.49 time, 2540.01 real, 4 MB, 1.05 load
[runlim] sample:		2541.46 time, 2550.01 real, 4 MB, 1.04 load
[runlim] sample:		2551.43 time, 2560.01 real, 4 MB, 1.04 load
[runlim] sample:		2561.40 time, 2570.01 real, 4 MB, 1.03 load
[runlim] sample:		2571.37 time, 2580.01 real, 4 MB, 1.02 load
[runlim] sample:		2581.34 time, 2590.01 real, 4 MB, 1.02 load
[runlim] sample:		2591.31 time, 2600.01 real, 4 MB, 1.02 load
[runlim] sample:		2601.28 time, 2610.01 real, 4 MB, 1.01 load
[runlim] sample:		2611.24 time, 2620.01 real, 4 MB, 1.01 load
[runlim] sample:		2621.21 time, 2630.01 real, 4 MB, 1.01 load
[runlim] sample:		2631.18 time, 2640.01 real, 4 MB, 1.01 load
[runlim] sample:		2641.15 time, 2650.01 real, 4 MB, 1.01 load
[runlim] sample:		2651.12 time, 2660.01 real, 4 MB, 1.00 load
[runlim] sample:		2661.09 time, 2670.01 real, 4 MB, 1.00 load
[runlim] sample:		2671.05 time, 2680.01 real, 4 MB, 1.00 load
[runlim] sample:		2681.02 time, 2690.01 real, 4 MB, 1.00 load
[runlim] sample:		2690.99 time, 2700.01 real, 4 MB, 1.00 load
[runlim] sample:		2700.96 time, 2710.01 real, 4 MB, 1.00 load
[runlim] sample:		2710.92 time, 2720.01 real, 4 MB, 1.00 load
[runlim] sample:		2720.89 time, 2730.01 real, 4 MB, 1.00 load
[runlim] sample:		2730.86 time, 2740.01 real, 4 MB, 1.00 load
[runlim] sample:		2740.83 time, 2750.01 real, 4 MB, 1.00 load
[runlim] sample:		2750.80 time, 2760.01 real, 4 MB, 1.00 load
[runlim] sample:		2760.77 time, 2770.01 real, 4 MB, 1.00 load
[runlim] sample:		2770.74 time, 2780.01 real, 4 MB, 1.00 load
[runlim] sample:		2780.70 time, 2790.01 real, 4 MB, 1.00 load
[runlim] sample:		2790.67 time, 2800.01 real, 4 MB, 1.00 load
[runlim] sample:		2800.64 time, 2810.01 real, 4 MB, 1.00 load
[runlim] sample:		2810.61 time, 2820.01 real, 4 MB, 1.00 load
[runlim] sample:		2820.58 time, 2830.01 real, 4 MB, 1.00 load
[runlim] sample:		2830.54 time, 2840.01 real, 4 MB, 1.00 load
[runlim] sample:		2840.51 time, 2850.01 real, 4 MB, 1.08 load
[runlim] sample:		2850.48 time, 2860.01 real, 4 MB, 1.07 load
[runlim] sample:		2860.45 time, 2870.01 real, 4 MB, 1.06 load
[runlim] sample:		2870.42 time, 2880.01 real, 4 MB, 1.05 load
[runlim] sample:		2880.39 time, 2890.01 real, 4 MB, 1.04 load
[runlim] sample:		2890.36 time, 2900.01 real, 4 MB, 1.03 load
[runlim] sample:		2900.33 time, 2910.01 real, 4 MB, 1.03 load
[runlim] sample:		2910.30 time, 2920.01 real, 4 MB, 1.02 load
[runlim] sample:		2920.27 time, 2930.01 real, 4 MB, 1.02 load
[runlim] sample:		2930.23 time, 2940.01 real, 4 MB, 1.02 load
[runlim] sample:		2940.20 time, 2950.01 real, 4 MB, 1.01 load
[runlim] sample:		2950.17 time, 2960.01 real, 4 MB, 1.01 load
[runlim] sample:		2960.14 time, 2970.01 real, 4 MB, 1.01 load
[runlim] sample:		2970.11 time, 2980.01 real, 4 MB, 1.01 load
[runlim] sample:		2980.08 time, 2990.01 real, 4 MB, 1.00 load
[runlim] sample:		2990.04 time, 3000.01 real, 4 MB, 1.00 load
[runlim] sample:		3000.01 time, 3010.01 real, 4 MB, 1.00 load
[runlim] sample:		3009.98 time, 3020.01 real, 4 MB, 1.00 load
[runlim] sample:		3019.95 time, 3030.01 real, 4 MB, 1.00 load
[runlim] sample:		3029.92 time, 3040.01 real, 4 MB, 1.00 load
[runlim] sample:		3039.89 time, 3050.01 real, 4 MB, 1.07 load
[runlim] sample:		3049.86 time, 3060.01 real, 4 MB, 1.06 load
[runlim] sample:		3059.83 time, 3070.01 real, 4 MB, 1.05 load
[runlim] sample:		3069.79 time, 3080.01 real, 4 MB, 1.04 load
[runlim] sample:		3079.76 time, 3090.01 real, 4 MB, 1.04 load
[runlim] sample:		3089.73 time, 3100.01 real, 4 MB, 1.03 load
[runlim] sample:		3099.70 time, 3110.01 real, 4 MB, 1.02 load
[runlim] sample:		3109.66 time, 3120.01 real, 4 MB, 1.02 load
[runlim] sample:		3119.63 time, 3130.01 real, 4 MB, 1.02 load
[runlim] sample:		3129.60 time, 3140.01 real, 4 MB, 1.01 load
[runlim] sample:		3139.56 time, 3150.01 real, 4 MB, 1.01 load
[runlim] sample:		3149.53 time, 3160.01 real, 4 MB, 1.01 load
[runlim] sample:		3159.50 time, 3170.01 real, 4 MB, 1.01 load
[runlim] sample:		3169.47 time, 3180.01 real, 4 MB, 1.01 load
[runlim] sample:		3179.44 time, 3190.01 real, 4 MB, 1.00 load
[runlim] sample:		3189.40 time, 3200.01 real, 4 MB, 1.00 load
[runlim] sample:		3199.37 time, 3210.01 real, 4 MB, 1.00 load
[runlim] sample:		3209.34 time, 3220.01 real, 4 MB, 1.00 load
[runlim] sample:		3219.31 time, 3230.01 real, 4 MB, 1.00 load
[runlim] sample:		3229.28 time, 3240.01 real, 4 MB, 1.00 load
[runlim] sample:		3239.25 time, 3250.01 real, 4 MB, 1.00 load
[runlim] sample:		3249.22 time, 3260.01 real, 4 MB, 1.00 load
[runlim] sample:		3259.18 time, 3270.01 real, 4 MB, 1.00 load
[runlim] sample:		3269.15 time, 3280.01 real, 4 MB, 1.07 load
[runlim] sample:		3279.11 time, 3290.01 real, 4 MB, 1.06 load
[runlim] sample:		3289.08 time, 3300.01 real, 4 MB, 1.05 load
[runlim] sample:		3299.05 time, 3310.01 real, 4 MB, 1.04 load
[runlim] sample:		3309.01 time, 3320.01 real, 4 MB, 1.04 load
[runlim] sample:		3318.98 time, 3330.01 real, 4 MB, 1.03 load
[runlim] sample:		3328.95 time, 3340.01 real, 4 MB, 1.10 load
[runlim] sample:		3338.92 time, 3350.01 real, 4 MB, 1.08 load
[runlim] sample:		3348.89 time, 3360.01 real, 4 MB, 1.07 load
[runlim] sample:		3358.85 time, 3370.01 real, 4 MB, 1.06 load
[runlim] sample:		3368.82 time, 3380.01 real, 4 MB, 1.05 load
[runlim] sample:		3378.79 time, 3390.01 real, 4 MB, 1.04 load
[runlim] sample:		3388.75 time, 3400.01 real, 4 MB, 1.11 load
[runlim] sample:		3398.72 time, 3410.01 real, 4 MB, 1.09 load
[runlim] sample:		3408.69 time, 3420.01 real, 4 MB, 1.08 load
[runlim] sample:		3418.66 time, 3430.01 real, 4 MB, 1.06 load
[runlim] sample:		3428.62 time, 3440.01 real, 4 MB, 1.05 load
[runlim] sample:		3438.59 time, 3450.01 real, 4 MB, 1.05 load
[runlim] sample:		3448.56 time, 3460.01 real, 4 MB, 1.04 load
[runlim] sample:		3458.53 time, 3470.01 real, 4 MB, 1.03 load
[runlim] sample:		3468.50 time, 3480.01 real, 4 MB, 1.10 load
[runlim] sample:		3478.46 time, 3490.01 real, 4 MB, 1.08 load
[runlim] sample:		3488.43 time, 3500.01 real, 4 MB, 1.07 load
[runlim] sample:		3498.40 time, 3510.01 real, 4 MB, 1.06 load
[runlim] sample:		3508.37 time, 3520.01 real, 4 MB, 1.05 load
[runlim] sample:		3518.34 time, 3530.01 real, 4 MB, 1.04 load
[runlim] sample:		3528.30 time, 3540.01 real, 4 MB, 1.04 load
[runlim] sample:		3538.27 time, 3550.01 real, 4 MB, 1.03 load
[runlim] sample:		3548.24 time, 3560.01 real, 4 MB, 1.02 load
[runlim] sample:		3558.21 time, 3570.01 real, 4 MB, 1.02 load
[runlim] sample:		3568.18 time, 3580.01 real, 4 MB, 1.02 load
[runlim] sample:		3578.15 time, 3590.01 real, 4 MB, 1.01 load
[runlim] sample:		3588.11 time, 3600.01 real, 4 MB, 1.01 load
[runlim] sample:		3598.08 time, 3610.01 real, 4 MB, 1.01 load
[runlim] sample:		3608.05 time, 3620.01 real, 4 MB, 1.01 load
[runlim] sample:		3618.02 time, 3630.01 real, 4 MB, 1.01 load
[runlim] sample:		3627.99 time, 3640.01 real, 4 MB, 1.00 load
[runlim] sample:		3637.96 time, 3650.01 real, 4 MB, 1.08 load
[runlim] sample:		3647.93 time, 3660.01 real, 4 MB, 1.07 load
[runlim] sample:		3657.90 time, 3670.01 real, 4 MB, 1.06 load
[runlim] sample:		3667.86 time, 3680.01 real, 4 MB, 1.12 load
[runlim] sample:		3677.83 time, 3690.01 real, 4 MB, 1.10 load
[runlim] sample:		3687.80 time, 3700.01 real, 4 MB, 1.08 load
[runlim] sample:		3697.77 time, 3710.01 real, 4 MB, 1.07 load
[runlim] sample:		3707.74 time, 3720.01 real, 4 MB, 1.06 load
[runlim] sample:		3717.71 time, 3730.01 real, 4 MB, 1.05 load
[runlim] sample:		3727.68 time, 3740.01 real, 4 MB, 1.12 load
[runlim] sample:		3737.65 time, 3750.01 real, 4 MB, 1.10 load
[runlim] sample:		3747.61 time, 3760.01 real, 4 MB, 1.08 load
[runlim] sample:		3757.58 time, 3770.01 real, 4 MB, 1.07 load
[runlim] sample:		3767.55 time, 3780.01 real, 4 MB, 1.06 load
[runlim] sample:		3777.52 time, 3790.01 real, 4 MB, 1.05 load
[runlim] sample:		3787.49 time, 3800.01 real, 4 MB, 1.11 load
[runlim] sample:		3797.46 time, 3810.01 real, 4 MB, 1.10 load
[runlim] sample:		3807.43 time, 3820.01 real, 4 MB, 1.08 load
[runlim] sample:		3817.39 time, 3830.01 real, 4 MB, 1.07 load
[runlim] sample:		3827.36 time, 3840.01 real, 4 MB, 1.06 load
[runlim] sample:		3837.33 time, 3850.01 real, 4 MB, 1.05 load
[runlim] sample:		3847.30 time, 3860.01 real, 4 MB, 1.04 load
[runlim] sample:		3857.27 time, 3870.01 real, 4 MB, 1.03 load
[runlim] sample:		3867.23 time, 3880.01 real, 4 MB, 1.03 load
[runlim] sample:		3877.20 time, 3890.01 real, 4 MB, 1.02 load
[runlim] sample:		3887.17 time, 3900.01 real, 4 MB, 1.02 load
[runlim] sample:		3897.13 time, 3910.01 real, 4 MB, 1.02 load
[runlim] sample:		3907.10 time, 3920.01 real, 4 MB, 1.01 load
[runlim] sample:		3917.07 time, 3930.01 real, 4 MB, 1.01 load
[runlim] sample:		3927.03 time, 3940.01 real, 4 MB, 1.01 load
[runlim] sample:		3937.00 time, 3950.01 real, 4 MB, 1.01 load
[runlim] sample:		3946.97 time, 3960.01 real, 4 MB, 1.00 load
[runlim] sample:		3956.94 time, 3970.01 real, 4 MB, 1.00 load
[runlim] sample:		3966.91 time, 3980.01 real, 4 MB, 1.00 load
[runlim] sample:		3976.88 time, 3990.01 real, 4 MB, 1.00 load
[runlim] sample:		3986.84 time, 4000.01 real, 4 MB, 1.08 load
[runlim] sample:		3996.81 time, 4010.01 real, 4 MB, 1.07 load
[runlim] sample:		4006.78 time, 4020.01 real, 4 MB, 1.06 load
[runlim] sample:		4016.75 time, 4030.01 real, 4 MB, 1.05 load
[runlim] sample:		4026.72 time, 4040.01 real, 4 MB, 1.04 load
[runlim] sample:		4036.68 time, 4050.01 real, 4 MB, 1.03 load
[runlim] sample:		4046.65 time, 4060.01 real, 4 MB, 1.03 load
[runlim] sample:		4056.62 time, 4070.01 real, 4 MB, 1.02 load
[runlim] sample:		4066.59 time, 4080.01 real, 4 MB, 1.09 load
[runlim] sample:		4076.56 time, 4090.01 real, 4 MB, 1.08 load
[runlim] sample:		4086.52 time, 4100.01 real, 4 MB, 1.07 load
[runlim] sample:		4096.49 time, 4110.01 real, 4 MB, 1.06 load
[runlim] sample:		4106.46 time, 4120.01 real, 4 MB, 1.05 load
[runlim] sample:		4116.43 time, 4130.01 real, 4 MB, 1.04 load
[runlim] sample:		4126.40 time, 4140.01 real, 4 MB, 1.11 load
[runlim] sample:		4136.36 time, 4150.01 real, 4 MB, 1.09 load
[runlim] sample:		4146.33 time, 4160.01 real, 4 MB, 1.08 load
[runlim] sample:		4156.30 time, 4170.01 real, 4 MB, 1.06 load
[runlim] sample:		4166.27 time, 4180.01 real, 4 MB, 1.05 load
[runlim] sample:		4176.23 time, 4190.01 real, 4 MB, 1.12 load
[runlim] sample:		4186.19 time, 4200.01 real, 4 MB, 1.17 load
[runlim] sample:		4196.16 time, 4210.01 real, 4 MB, 1.15 load
[runlim] sample:		4206.13 time, 4220.01 real, 4 MB, 1.12 load
[runlim] sample:		4216.10 time, 4230.01 real, 4 MB, 1.10 load
[runlim] sample:		4226.07 time, 4240.01 real, 4 MB, 1.09 load
[runlim] sample:		4236.03 time, 4250.01 real, 4 MB, 1.07 load
[runlim] sample:		4246.00 time, 4260.01 real, 4 MB, 1.06 load
[runlim] sample:		4255.97 time, 4270.01 real, 4 MB, 1.05 load
[runlim] sample:		4265.93 time, 4280.01 real, 4 MB, 1.12 load
[runlim] sample:		4275.90 time, 4290.01 real, 4 MB, 1.10 load
[runlim] sample:		4285.87 time, 4300.01 real, 4 MB, 1.08 load
[runlim] sample:		4295.84 time, 4310.01 real, 4 MB, 1.07 load
[runlim] sample:		4305.81 time, 4320.01 real, 4 MB, 1.06 load
[runlim] sample:		4315.78 time, 4330.01 real, 4 MB, 1.05 load
[runlim] sample:		4325.74 time, 4340.01 real, 4 MB, 1.12 load
[runlim] end:			Fri Mar 20 13:03:17 2026
[runlim] status:		ok
[runlim] result:		0
[runlim] children:		1
[runlim] processes:		2
[runlim] real:			4347.08 seconds
[runlim] time:			4332.72 seconds
[runlim] space:			4 MB
[runlim] load:			4.73 maximum
[runlim] samples:		43470
