[runlim] version:		2.0.0rc1
[runlim] host:			p05n22
[runlim] time limit:		311040000 seconds
[runlim] real time limit:	5000 seconds
[runlim] space limit:		7000 MB
[runlim] argv[0]:		./binary
[runlim] argv[1]:		-c
[runlim] argv[2]:		/tmp/local-unzipped-12235997-5-317-BMS_k3_n100_m429_299.cnf
[runlim] start:			Fri Mar 20 12:41:44 2026
[runlim] child:			4073523
[runlim] end:			Fri Mar 20 12:41:45 2026
[runlim] status:		ok
[runlim] result:		0
[runlim] children:		1
[runlim] processes:		2
[runlim] real:			0.45 seconds
[runlim] time:			0.40 seconds
[runlim] space:			4 MB
[runlim] load:			2.23 maximum
[runlim] samples:		4
