[runlim] version:		2.0.0rc1
[runlim] host:			m03n13
[runlim] time limit:		311040000 seconds
[runlim] real time limit:	5000 seconds
[runlim] space limit:		7000 MB
[runlim] argv[0]:		./binary
[runlim] argv[1]:		-c
[runlim] argv[2]:		-s
[runlim] argv[3]:		-r
[runlim] argv[4]:		/tmp/local-unzipped-12158351-7-426-BMS_k3_n100_m429_10.cnf
[runlim] start:			Sat Mar 14 16:23:53 2026
[runlim] child:			257643
[runlim] sample:		9.96 time, 10.01 real, 3 MB, 4.26 load
[runlim] sample:		19.91 time, 20.01 real, 3 MB, 5.61 load
[runlim] sample:		29.86 time, 30.01 real, 3 MB, 6.74 load
[runlim] sample:		39.82 time, 40.01 real, 3 MB, 7.23 load
[runlim] sample:		49.78 time, 50.01 real, 3 MB, 7.43 load
[runlim] end:			Sat Mar 14 16:24:47 2026
[runlim] status:		ok
[runlim] result:		0
[runlim] children:		1
[runlim] processes:		2
[runlim] real:			53.74 seconds
[runlim] time:			53.46 seconds
[runlim] space:			3 MB
[runlim] load:			7.47 maximum
[runlim] samples:		537
