[runlim] version:		2.0.0rc1
[runlim] host:			m01n14
[runlim] time limit:		311040000 seconds
[runlim] real time limit:	5000 seconds
[runlim] space limit:		7000 MB
[runlim] argv[0]:		./binary
[runlim] argv[1]:		-c
[runlim] argv[2]:		-s
[runlim] argv[3]:		-r
[runlim] argv[4]:		/tmp/local-unzipped-12158351-3-160-BMS_k3_n100_m429_262.cnf
[runlim] start:			Sat Mar 14 15:49:49 2026
[runlim] child:			559216
[runlim] end:			Sat Mar 14 15:49:55 2026
[runlim] status:		ok
[runlim] result:		0
[runlim] children:		1
[runlim] processes:		2
[runlim] real:			6.13 seconds
[runlim] time:			6.08 seconds
[runlim] space:			4 MB
[runlim] load:			1.48 maximum
[runlim] samples:		61
