[runlim] version:		2.0.0rc1
[runlim] host:			p05n22
[runlim] time limit:		311040000 seconds
[runlim] real time limit:	5000 seconds
[runlim] space limit:		7000 MB
[runlim] argv[0]:		./binary
[runlim] argv[1]:		-c
[runlim] argv[2]:		-s
[runlim] argv[3]:		-r
[runlim] argv[4]:		/tmp/local-unzipped-12158351-8-498-BMS_k3_n100_m429_368.cnf
[runlim] start:			Sat Mar 14 23:42:40 2026
[runlim] child:			1581703
[runlim] sample:		9.96 time, 10.01 real, 3 MB, 13.17 load
[runlim] sample:		19.93 time, 20.01 real, 3 MB, 12.14 load
[runlim] sample:		29.89 time, 30.01 real, 3 MB, 11.11 load
[runlim] sample:		39.84 time, 40.01 real, 3 MB, 10.17 load
[runlim] sample:		49.79 time, 50.01 real, 3 MB, 9.38 load
[runlim] sample:		59.74 time, 60.01 real, 3 MB, 8.70 load
[runlim] sample:		69.69 time, 70.01 real, 3 MB, 8.13 load
[runlim] sample:		79.64 time, 80.01 real, 3 MB, 7.57 load
[runlim] sample:		89.60 time, 90.01 real, 3 MB, 7.02 load
[runlim] sample:		99.55 time, 100.01 real, 3 MB, 6.56 load
[runlim] end:			Sat Mar 14 23:44:24 2026
[runlim] status:		ok
[runlim] result:		0
[runlim] children:		1
[runlim] processes:		2
[runlim] real:			103.94 seconds
[runlim] time:			103.44 seconds
[runlim] space:			3 MB
[runlim] load:			14.38 maximum
[runlim] samples:		1039
