[runlim] version:		2.0.0rc1
[runlim] host:			m01n06
[runlim] time limit:		311040000 seconds
[runlim] real time limit:	5000 seconds
[runlim] space limit:		7000 MB
[runlim] argv[0]:		./binary
[runlim] argv[1]:		-c
[runlim] argv[2]:		-s
[runlim] argv[3]:		-f
[runlim] argv[4]:		/tmp/local-unzipped-12273053-6-378-BMS_k3_n100_m429_102.cnf
[runlim] start:			Wed Mar 25 00:35:29 2026
[runlim] child:			3163029
[runlim] sample:		9.95 time, 10.01 real, 3 MB, 5.31 load
[runlim] sample:		19.90 time, 20.01 real, 4 MB, 5.72 load
[runlim] sample:		29.84 time, 30.01 real, 4 MB, 6.07 load
[runlim] sample:		39.79 time, 40.01 real, 4 MB, 6.37 load
[runlim] sample:		49.73 time, 50.01 real, 4 MB, 6.62 load
[runlim] end:			Wed Mar 25 00:36:20 2026
[runlim] status:		ok
[runlim] result:		0
[runlim] children:		1
[runlim] processes:		2
[runlim] real:			50.86 seconds
[runlim] time:			50.53 seconds
[runlim] space:			5 MB
[runlim] load:			6.62 maximum
[runlim] samples:		508
