[runlim] version:		2.0.0rc1
[runlim] host:			m06n02
[runlim] time limit:		311040000 seconds
[runlim] real time limit:	5000 seconds
[runlim] space limit:		7000 MB
[runlim] argv[0]:		./binary
[runlim] argv[1]:		-c
[runlim] argv[2]:		-s
[runlim] argv[3]:		-f
[runlim] argv[4]:		/tmp/local-unzipped-12273053-8-484-BMS_k3_n100_m429_248.cnf
[runlim] start:			Wed Mar 25 00:39:57 2026
[runlim] child:			2925544
[runlim] end:			Wed Mar 25 00:40:03 2026
[runlim] status:		ok
[runlim] result:		0
[runlim] children:		1
[runlim] processes:		2
[runlim] real:			6.06 seconds
[runlim] time:			5.97 seconds
[runlim] space:			4 MB
[runlim] load:			2.09 maximum
[runlim] samples:		60
