[runlim] version:		2.0.0rc1
[runlim] host:			p01n10
[runlim] time limit:		311040000 seconds
[runlim] real time limit:	5000 seconds
[runlim] space limit:		7000 MB
[runlim] argv[0]:		./binary
[runlim] argv[1]:		-c
[runlim] argv[2]:		-s
[runlim] argv[3]:		-f
[runlim] argv[4]:		/tmp/local-unzipped-12273053-2-74-BMS_k3_n100_m429_317.cnf
[runlim] start:			Wed Mar 25 00:32:14 2026
[runlim] child:			621086
[runlim] end:			Wed Mar 25 00:32:14 2026
[runlim] status:		ok
[runlim] result:		0
[runlim] children:		1
[runlim] processes:		2
[runlim] real:			0.56 seconds
[runlim] time:			0.50 seconds
[runlim] space:			4 MB
[runlim] load:			2.86 maximum
[runlim] samples:		5
