[runlim] version:		2.0.0rc1
[runlim] host:			m01n06
[runlim] time limit:		311040000 seconds
[runlim] real time limit:	5000 seconds
[runlim] space limit:		7000 MB
[runlim] argv[0]:		./binary
[runlim] argv[1]:		-c
[runlim] argv[2]:		-s
[runlim] argv[3]:		-f
[runlim] argv[4]:		/tmp/local-unzipped-12273053-6-325-BMS_k3_n100_m429_374.cnf
[runlim] start:			Wed Mar 25 00:34:36 2026
[runlim] child:			3160920
[runlim] sample:		9.96 time, 10.01 real, 4 MB, 1.29 load
[runlim] sample:		19.92 time, 20.01 real, 4 MB, 2.02 load
[runlim] sample:		29.87 time, 30.01 real, 4 MB, 3.02 load
[runlim] end:			Wed Mar 25 00:35:06 2026
[runlim] status:		ok
[runlim] result:		0
[runlim] children:		1
[runlim] processes:		2
[runlim] real:			30.66 seconds
[runlim] time:			30.47 seconds
[runlim] space:			4 MB
[runlim] load:			3.02 maximum
[runlim] samples:		306
