[runlim] version:		2.0.0rc1
[runlim] host:			p01n10
[runlim] time limit:		311040000 seconds
[runlim] real time limit:	5000 seconds
[runlim] space limit:		7000 MB
[runlim] argv[0]:		./binary
[runlim] argv[1]:		-c
[runlim] argv[2]:		-s
[runlim] argv[3]:		-f
[runlim] argv[4]:		/tmp/local-unzipped-12273053-2-67-BMS_k3_n100_m429_132.cnf
[runlim] start:			Wed Mar 25 00:32:07 2026
[runlim] child:			620824
[runlim] sample:		9.95 time, 10.01 real, 4 MB, 2.86 load
[runlim] sample:		19.90 time, 20.01 real, 4 MB, 3.42 load
[runlim] sample:		29.84 time, 30.01 real, 4 MB, 4.05 load
[runlim] sample:		39.78 time, 40.01 real, 4 MB, 4.42 load
[runlim] sample:		49.73 time, 50.01 real, 4 MB, 4.75 load
[runlim] sample:		59.67 time, 60.01 real, 4 MB, 5.09 load
[runlim] sample:		69.61 time, 70.01 real, 4 MB, 5.62 load
[runlim] sample:		79.55 time, 80.01 real, 4 MB, 5.91 load
[runlim] sample:		89.50 time, 90.01 real, 4 MB, 6.08 load
[runlim] sample:		99.44 time, 100.01 real, 4 MB, 6.22 load
[runlim] end:			Wed Mar 25 00:33:47 2026
[runlim] status:		ok
[runlim] result:		0
[runlim] children:		1
[runlim] processes:		2
[runlim] real:			100.13 seconds
[runlim] time:			99.54 seconds
[runlim] space:			4 MB
[runlim] load:			6.22 maximum
[runlim] samples:		1001
