[runlim] version:		2.0.0rc1
[runlim] host:			m01n06
[runlim] time limit:		311040000 seconds
[runlim] real time limit:	5000 seconds
[runlim] space limit:		7000 MB
[runlim] argv[0]:		./binary
[runlim] argv[1]:		-c
[runlim] argv[2]:		-s
[runlim] argv[3]:		-f
[runlim] argv[4]:		/tmp/local-unzipped-12273053-6-376-BMS_k3_n100_m429_210.cnf
[runlim] start:			Wed Mar 25 00:35:27 2026
[runlim] child:			3162957
[runlim] sample:		9.96 time, 10.01 real, 3 MB, 5.31 load
[runlim] sample:		19.92 time, 20.01 real, 3 MB, 5.72 load
[runlim] sample:		29.89 time, 30.01 real, 3 MB, 6.07 load
[runlim] sample:		39.85 time, 40.01 real, 3 MB, 6.37 load
[runlim] sample:		49.81 time, 50.01 real, 4 MB, 6.62 load
[runlim] sample:		59.77 time, 60.01 real, 4 MB, 6.75 load
[runlim] sample:		69.74 time, 70.01 real, 4 MB, 6.79 load
[runlim] sample:		79.70 time, 80.01 real, 4 MB, 6.82 load
[runlim] sample:		89.66 time, 90.01 real, 4 MB, 6.85 load
[runlim] sample:		99.63 time, 100.01 real, 4 MB, 6.87 load
[runlim] sample:		109.59 time, 110.01 real, 4 MB, 6.73 load
[runlim] sample:		119.56 time, 120.01 real, 4 MB, 6.70 load
[runlim] sample:		129.52 time, 130.01 real, 4 MB, 6.59 load
[runlim] sample:		139.49 time, 140.01 real, 4 MB, 6.50 load
[runlim] sample:		149.45 time, 150.01 real, 4 MB, 6.42 load
[runlim] sample:		159.42 time, 160.01 real, 4 MB, 6.36 load
[runlim] sample:		169.38 time, 170.01 real, 4 MB, 6.30 load
[runlim] sample:		179.34 time, 180.01 real, 4 MB, 6.17 load
[runlim] sample:		189.31 time, 190.01 real, 4 MB, 5.99 load
[runlim] sample:		199.27 time, 200.01 real, 4 MB, 5.84 load
[runlim] sample:		209.24 time, 210.01 real, 4 MB, 5.71 load
[runlim] sample:		219.21 time, 220.01 real, 4 MB, 5.60 load
[runlim] sample:		229.17 time, 230.01 real, 4 MB, 5.51 load
[runlim] sample:		239.13 time, 240.01 real, 4 MB, 5.51 load
[runlim] sample:		249.10 time, 250.01 real, 4 MB, 5.43 load
[runlim] sample:		259.07 time, 260.01 real, 4 MB, 5.36 load
[runlim] sample:		269.03 time, 270.01 real, 4 MB, 5.31 load
[runlim] sample:		279.00 time, 280.01 real, 4 MB, 5.33 load
[runlim] sample:		288.96 time, 290.01 real, 4 MB, 5.28 load
[runlim] sample:		298.93 time, 300.01 real, 4 MB, 5.16 load
[runlim] sample:		308.90 time, 310.01 real, 4 MB, 4.98 load
[runlim] sample:		318.87 time, 320.01 real, 4 MB, 4.75 load
[runlim] sample:		328.83 time, 330.01 real, 4 MB, 4.48 load
[runlim] sample:		338.80 time, 340.01 real, 4 MB, 4.25 load
[runlim] sample:		348.76 time, 350.01 real, 4 MB, 4.06 load
[runlim] sample:		358.72 time, 360.01 real, 4 MB, 3.90 load
[runlim] end:			Wed Mar 25 00:41:28 2026
[runlim] status:		ok
[runlim] result:		0
[runlim] children:		1
[runlim] processes:		2
[runlim] real:			360.87 seconds
[runlim] time:			359.52 seconds
[runlim] space:			4 MB
[runlim] load:			6.94 maximum
[runlim] samples:		3608
