[runlim] version:		2.0.0rc1
[runlim] host:			p09n16
[runlim] time limit:		311040000 seconds
[runlim] real time limit:	5000 seconds
[runlim] space limit:		7000 MB
[runlim] argv[0]:		./binary
[runlim] argv[1]:		-c
[runlim] argv[2]:		-s
[runlim] argv[3]:		/tmp/local-unzipped-12158343-6-362-BMS_k3_n100_m429_260.cnf
[runlim] start:			Sat Mar 14 15:17:55 2026
[runlim] child:			1224967
[runlim] sample:		9.96 time, 10.01 real, 3 MB, 4.47 load
[runlim] sample:		19.92 time, 20.01 real, 3 MB, 5.33 load
[runlim] sample:		29.88 time, 30.01 real, 3 MB, 6.58 load
[runlim] sample:		39.85 time, 40.01 real, 3 MB, 7.34 load
[runlim] sample:		49.81 time, 50.01 real, 3 MB, 7.82 load
[runlim] sample:		59.77 time, 60.01 real, 3 MB, 8.24 load
[runlim] sample:		69.73 time, 70.01 real, 3 MB, 8.51 load
[runlim] sample:		79.69 time, 80.01 real, 3 MB, 8.58 load
[runlim] sample:		89.65 time, 90.01 real, 3 MB, 8.73 load
[runlim] sample:		99.61 time, 100.01 real, 3 MB, 8.77 load
[runlim] end:			Sat Mar 14 15:19:40 2026
[runlim] status:		ok
[runlim] result:		0
[runlim] children:		1
[runlim] processes:		2
[runlim] real:			104.78 seconds
[runlim] time:			104.29 seconds
[runlim] space:			3 MB
[runlim] load:			8.77 maximum
[runlim] samples:		1047
