[runlim] version:		2.0.0rc1
[runlim] host:			m03n16
[runlim] time limit:		311040000 seconds
[runlim] real time limit:	5000 seconds
[runlim] space limit:		7000 MB
[runlim] argv[0]:		./binary
[runlim] argv[1]:		-c
[runlim] argv[2]:		-s
[runlim] argv[3]:		/tmp/local-unzipped-12158343-1-58-BMS_k3_n100_m429_480.cnf
[runlim] start:			Sat Mar 14 14:23:45 2026
[runlim] child:			2644627
[runlim] sample:		9.96 time, 10.01 real, 3 MB, 4.81 load
[runlim] sample:		19.92 time, 20.01 real, 3 MB, 5.37 load
[runlim] sample:		29.88 time, 30.01 real, 3 MB, 5.78 load
[runlim] sample:		39.84 time, 40.01 real, 3 MB, 6.12 load
[runlim] sample:		49.80 time, 50.01 real, 3 MB, 6.26 load
[runlim] sample:		59.76 time, 60.01 real, 3 MB, 6.22 load
[runlim] sample:		69.72 time, 70.01 real, 3 MB, 6.18 load
[runlim] sample:		79.68 time, 80.01 real, 3 MB, 6.15 load
[runlim] sample:		89.64 time, 90.01 real, 3 MB, 6.13 load
[runlim] sample:		99.60 time, 100.01 real, 3 MB, 6.03 load
[runlim] sample:		109.56 time, 110.01 real, 3 MB, 5.87 load
[runlim] sample:		119.53 time, 120.01 real, 3 MB, 5.74 load
[runlim] sample:		129.49 time, 130.01 real, 3 MB, 5.70 load
[runlim] sample:		139.45 time, 140.01 real, 3 MB, 5.59 load
[runlim] sample:		149.41 time, 150.01 real, 3 MB, 5.35 load
[runlim] sample:		159.38 time, 160.01 real, 3 MB, 5.14 load
[runlim] sample:		169.34 time, 170.01 real, 3 MB, 4.96 load
[runlim] sample:		179.31 time, 180.01 real, 3 MB, 4.66 load
[runlim] sample:		189.27 time, 190.01 real, 3 MB, 4.33 load
[runlim] sample:		199.24 time, 200.01 real, 3 MB, 3.97 load
[runlim] sample:		209.21 time, 210.01 real, 3 MB, 3.66 load
[runlim] sample:		219.18 time, 220.01 real, 3 MB, 3.41 load
[runlim] sample:		229.15 time, 230.01 real, 3 MB, 3.19 load
[runlim] sample:		239.12 time, 240.01 real, 3 MB, 3.01 load
[runlim] sample:		249.09 time, 250.01 real, 3 MB, 2.85 load
[runlim] sample:		259.06 time, 260.01 real, 3 MB, 2.72 load
[runlim] sample:		269.03 time, 270.01 real, 3 MB, 2.61 load
[runlim] sample:		279.00 time, 280.01 real, 3 MB, 2.52 load
[runlim] sample:		288.97 time, 290.01 real, 3 MB, 2.44 load
[runlim] sample:		298.94 time, 300.01 real, 3 MB, 2.37 load
[runlim] sample:		308.91 time, 310.01 real, 3 MB, 2.31 load
[runlim] sample:		318.88 time, 320.01 real, 3 MB, 2.26 load
[runlim] sample:		328.85 time, 330.01 real, 3 MB, 2.22 load
[runlim] sample:		338.82 time, 340.01 real, 3 MB, 2.26 load
[runlim] sample:		348.79 time, 350.01 real, 3 MB, 2.22 load
[runlim] sample:		358.76 time, 360.01 real, 3 MB, 2.19 load
[runlim] sample:		368.73 time, 370.01 real, 3 MB, 2.16 load
[runlim] sample:		378.70 time, 380.01 real, 3 MB, 2.13 load
[runlim] sample:		388.67 time, 390.01 real, 3 MB, 2.11 load
[runlim] sample:		398.64 time, 400.01 real, 3 MB, 2.17 load
[runlim] sample:		408.61 time, 410.01 real, 3 MB, 2.15 load
[runlim] sample:		418.58 time, 420.01 real, 3 MB, 2.12 load
[runlim] sample:		428.55 time, 430.01 real, 3 MB, 2.10 load
[runlim] sample:		438.52 time, 440.01 real, 3 MB, 2.09 load
[runlim] sample:		448.49 time, 450.01 real, 3 MB, 2.07 load
[runlim] sample:		458.46 time, 460.01 real, 3 MB, 2.06 load
[runlim] sample:		468.43 time, 470.01 real, 3 MB, 2.05 load
[runlim] sample:		478.40 time, 480.01 real, 3 MB, 2.04 load
[runlim] sample:		488.37 time, 490.01 real, 3 MB, 2.04 load
[runlim] sample:		498.34 time, 500.01 real, 3 MB, 2.03 load
[runlim] sample:		508.31 time, 510.01 real, 3 MB, 2.02 load
[runlim] sample:		518.28 time, 520.01 real, 3 MB, 2.09 load
[runlim] sample:		528.25 time, 530.01 real, 3 MB, 2.16 load
[runlim] sample:		538.22 time, 540.01 real, 3 MB, 2.13 load
[runlim] sample:		548.19 time, 550.01 real, 3 MB, 2.11 load
[runlim] sample:		558.16 time, 560.01 real, 3 MB, 2.10 load
[runlim] sample:		568.13 time, 570.01 real, 3 MB, 2.08 load
[runlim] sample:		578.10 time, 580.01 real, 3 MB, 2.07 load
[runlim] sample:		588.07 time, 590.01 real, 3 MB, 2.06 load
[runlim] sample:		598.04 time, 600.01 real, 3 MB, 2.05 load
[runlim] sample:		608.01 time, 610.01 real, 3 MB, 2.04 load
[runlim] sample:		617.98 time, 620.01 real, 3 MB, 2.03 load
[runlim] sample:		627.95 time, 630.01 real, 3 MB, 2.03 load
[runlim] sample:		637.92 time, 640.01 real, 3 MB, 2.02 load
[runlim] sample:		647.89 time, 650.01 real, 3 MB, 2.02 load
[runlim] sample:		657.86 time, 660.01 real, 3 MB, 2.02 load
[runlim] sample:		667.83 time, 670.01 real, 3 MB, 2.01 load
[runlim] sample:		677.80 time, 680.01 real, 3 MB, 2.01 load
[runlim] sample:		687.77 time, 690.01 real, 3 MB, 2.01 load
[runlim] sample:		697.74 time, 700.01 real, 3 MB, 2.01 load
[runlim] sample:		707.71 time, 710.01 real, 3 MB, 2.00 load
[runlim] sample:		717.68 time, 720.01 real, 3 MB, 2.00 load
[runlim] sample:		727.65 time, 730.01 real, 3 MB, 2.00 load
[runlim] sample:		737.63 time, 740.01 real, 3 MB, 2.00 load
[runlim] sample:		747.60 time, 750.01 real, 3 MB, 2.00 load
[runlim] sample:		757.57 time, 760.01 real, 3 MB, 2.00 load
[runlim] sample:		767.54 time, 770.01 real, 3 MB, 2.00 load
[runlim] sample:		777.51 time, 780.01 real, 3 MB, 2.00 load
[runlim] sample:		787.48 time, 790.01 real, 3 MB, 2.00 load
[runlim] sample:		797.44 time, 800.01 real, 3 MB, 2.00 load
[runlim] sample:		807.41 time, 810.01 real, 3 MB, 2.00 load
[runlim] sample:		817.37 time, 820.01 real, 3 MB, 2.00 load
[runlim] sample:		827.33 time, 830.01 real, 3 MB, 2.00 load
[runlim] sample:		837.29 time, 840.01 real, 3 MB, 2.00 load
[runlim] sample:		847.25 time, 850.01 real, 3 MB, 2.00 load
[runlim] sample:		857.21 time, 860.01 real, 3 MB, 2.00 load
[runlim] sample:		867.18 time, 870.01 real, 3 MB, 2.00 load
[runlim] sample:		877.14 time, 880.01 real, 3 MB, 2.00 load
[runlim] sample:		887.10 time, 890.01 real, 3 MB, 2.00 load
[runlim] sample:		897.07 time, 900.01 real, 3 MB, 2.00 load
[runlim] sample:		907.03 time, 910.01 real, 3 MB, 2.00 load
[runlim] sample:		916.99 time, 920.01 real, 3 MB, 2.07 load
[runlim] sample:		926.95 time, 930.01 real, 3 MB, 2.06 load
[runlim] sample:		936.91 time, 940.01 real, 3 MB, 2.05 load
[runlim] sample:		946.88 time, 950.01 real, 3 MB, 2.04 load
[runlim] sample:		956.84 time, 960.01 real, 3 MB, 2.04 load
[runlim] sample:		966.80 time, 970.01 real, 3 MB, 2.03 load
[runlim] sample:		976.76 time, 980.01 real, 3 MB, 2.02 load
[runlim] sample:		986.73 time, 990.01 real, 3 MB, 2.02 load
[runlim] sample:		996.69 time, 1000.01 real, 3 MB, 2.02 load
[runlim] sample:		1006.65 time, 1010.01 real, 3 MB, 2.01 load
[runlim] sample:		1016.62 time, 1020.01 real, 3 MB, 2.01 load
[runlim] sample:		1026.58 time, 1030.01 real, 3 MB, 2.01 load
[runlim] sample:		1036.54 time, 1040.01 real, 3 MB, 2.08 load
[runlim] sample:		1046.50 time, 1050.01 real, 3 MB, 2.07 load
[runlim] sample:		1056.46 time, 1060.01 real, 3 MB, 2.06 load
[runlim] sample:		1066.42 time, 1070.01 real, 3 MB, 2.05 load
[runlim] sample:		1076.38 time, 1080.01 real, 3 MB, 2.04 load
[runlim] sample:		1086.35 time, 1090.01 real, 3 MB, 2.03 load
[runlim] sample:		1096.31 time, 1100.01 real, 3 MB, 1.87 load
[runlim] sample:		1106.28 time, 1110.01 real, 3 MB, 1.74 load
[runlim] sample:		1116.25 time, 1120.01 real, 3 MB, 1.62 load
[runlim] sample:		1126.22 time, 1130.01 real, 3 MB, 1.61 load
[runlim] sample:		1136.19 time, 1140.01 real, 3 MB, 1.52 load
[runlim] sample:		1146.16 time, 1150.01 real, 3 MB, 1.44 load
[runlim] sample:		1156.13 time, 1160.01 real, 3 MB, 1.37 load
[runlim] sample:		1166.10 time, 1170.01 real, 3 MB, 1.31 load
[runlim] sample:		1176.07 time, 1180.01 real, 3 MB, 1.26 load
[runlim] sample:		1186.04 time, 1190.01 real, 3 MB, 1.22 load
[runlim] sample:		1196.01 time, 1200.01 real, 3 MB, 1.19 load
[runlim] sample:		1205.98 time, 1210.01 real, 3 MB, 1.16 load
[runlim] sample:		1215.95 time, 1220.01 real, 3 MB, 1.21 load
[runlim] sample:		1225.92 time, 1230.01 real, 3 MB, 1.18 load
[runlim] sample:		1235.88 time, 1240.01 real, 3 MB, 1.15 load
[runlim] sample:		1245.85 time, 1250.01 real, 3 MB, 1.13 load
[runlim] sample:		1255.82 time, 1260.01 real, 3 MB, 1.11 load
[runlim] sample:		1265.79 time, 1270.01 real, 3 MB, 1.09 load
[runlim] sample:		1275.76 time, 1280.01 real, 3 MB, 1.08 load
[runlim] sample:		1285.73 time, 1290.01 real, 3 MB, 1.06 load
[runlim] sample:		1295.70 time, 1300.01 real, 3 MB, 1.05 load
[runlim] sample:		1305.66 time, 1310.01 real, 3 MB, 1.05 load
[runlim] sample:		1315.63 time, 1320.01 real, 3 MB, 1.11 load
[runlim] sample:		1325.60 time, 1330.01 real, 3 MB, 1.09 load
[runlim] sample:		1335.57 time, 1340.01 real, 3 MB, 1.08 load
[runlim] sample:		1345.54 time, 1350.01 real, 3 MB, 1.14 load
[runlim] sample:		1355.51 time, 1360.01 real, 3 MB, 1.12 load
[runlim] sample:		1365.48 time, 1370.01 real, 3 MB, 1.10 load
[runlim] sample:		1375.45 time, 1380.01 real, 3 MB, 1.08 load
[runlim] sample:		1385.42 time, 1390.01 real, 3 MB, 1.07 load
[runlim] sample:		1395.39 time, 1400.01 real, 3 MB, 1.06 load
[runlim] sample:		1405.36 time, 1410.01 real, 3 MB, 1.05 load
[runlim] sample:		1415.33 time, 1420.01 real, 3 MB, 1.04 load
[runlim] sample:		1425.30 time, 1430.01 real, 3 MB, 1.04 load
[runlim] sample:		1435.27 time, 1440.01 real, 3 MB, 1.03 load
[runlim] sample:		1445.24 time, 1450.01 real, 3 MB, 1.02 load
[runlim] sample:		1455.21 time, 1460.01 real, 3 MB, 1.02 load
[runlim] sample:		1465.18 time, 1470.01 real, 3 MB, 1.02 load
[runlim] sample:		1475.15 time, 1480.01 real, 3 MB, 1.01 load
[runlim] sample:		1485.13 time, 1490.01 real, 3 MB, 1.01 load
[runlim] sample:		1495.10 time, 1500.01 real, 3 MB, 1.01 load
[runlim] sample:		1505.07 time, 1510.01 real, 3 MB, 1.01 load
[runlim] sample:		1515.03 time, 1520.01 real, 3 MB, 1.08 load
[runlim] sample:		1525.00 time, 1530.01 real, 3 MB, 1.07 load
[runlim] sample:		1534.97 time, 1540.01 real, 3 MB, 1.06 load
[runlim] sample:		1544.95 time, 1550.01 real, 3 MB, 1.05 load
[runlim] sample:		1554.92 time, 1560.01 real, 3 MB, 1.11 load
[runlim] sample:		1564.89 time, 1570.01 real, 3 MB, 1.10 load
[runlim] sample:		1574.85 time, 1580.01 real, 3 MB, 1.15 load
[runlim] sample:		1584.82 time, 1590.01 real, 3 MB, 1.13 load
[runlim] sample:		1594.79 time, 1600.01 real, 3 MB, 1.11 load
[runlim] sample:		1604.76 time, 1610.01 real, 3 MB, 1.09 load
[runlim] sample:		1614.73 time, 1620.01 real, 3 MB, 1.08 load
[runlim] sample:		1624.70 time, 1630.01 real, 3 MB, 1.07 load
[runlim] sample:		1634.67 time, 1640.01 real, 3 MB, 1.13 load
[runlim] sample:		1644.64 time, 1650.01 real, 3 MB, 1.11 load
[runlim] sample:		1654.61 time, 1660.01 real, 3 MB, 1.09 load
[runlim] sample:		1664.58 time, 1670.01 real, 3 MB, 1.08 load
[runlim] sample:		1674.55 time, 1680.01 real, 3 MB, 1.06 load
[runlim] sample:		1684.52 time, 1690.01 real, 3 MB, 1.05 load
[runlim] sample:		1694.49 time, 1700.01 real, 3 MB, 1.05 load
[runlim] sample:		1704.46 time, 1710.01 real, 3 MB, 1.04 load
[runlim] sample:		1714.42 time, 1720.01 real, 3 MB, 1.03 load
[runlim] sample:		1724.39 time, 1730.01 real, 3 MB, 1.03 load
[runlim] sample:		1734.36 time, 1740.01 real, 3 MB, 1.02 load
[runlim] sample:		1744.33 time, 1750.01 real, 3 MB, 1.02 load
[runlim] sample:		1754.30 time, 1760.01 real, 3 MB, 1.02 load
[runlim] sample:		1764.27 time, 1770.01 real, 3 MB, 1.01 load
[runlim] sample:		1774.24 time, 1780.01 real, 3 MB, 1.01 load
[runlim] sample:		1784.22 time, 1790.01 real, 3 MB, 1.01 load
[runlim] sample:		1794.19 time, 1800.01 real, 3 MB, 1.01 load
[runlim] sample:		1804.16 time, 1810.01 real, 3 MB, 1.00 load
[runlim] sample:		1814.13 time, 1820.01 real, 3 MB, 1.00 load
[runlim] sample:		1824.10 time, 1830.01 real, 3 MB, 1.00 load
[runlim] sample:		1834.07 time, 1840.01 real, 3 MB, 1.00 load
[runlim] sample:		1844.04 time, 1850.01 real, 3 MB, 1.00 load
[runlim] sample:		1854.01 time, 1860.01 real, 3 MB, 1.00 load
[runlim] sample:		1863.98 time, 1870.01 real, 3 MB, 1.00 load
[runlim] sample:		1873.94 time, 1880.01 real, 3 MB, 1.00 load
[runlim] sample:		1883.91 time, 1890.01 real, 3 MB, 1.00 load
[runlim] sample:		1893.88 time, 1900.01 real, 3 MB, 1.00 load
[runlim] sample:		1903.85 time, 1910.01 real, 3 MB, 1.00 load
[runlim] sample:		1913.82 time, 1920.01 real, 3 MB, 1.00 load
[runlim] sample:		1923.79 time, 1930.01 real, 3 MB, 1.00 load
[runlim] sample:		1933.75 time, 1940.01 real, 3 MB, 1.00 load
[runlim] sample:		1943.72 time, 1950.01 real, 3 MB, 1.00 load
[runlim] sample:		1953.69 time, 1960.01 real, 3 MB, 1.00 load
[runlim] sample:		1963.66 time, 1970.01 real, 3 MB, 1.00 load
[runlim] sample:		1973.63 time, 1980.01 real, 3 MB, 1.00 load
[runlim] sample:		1983.60 time, 1990.01 real, 3 MB, 1.00 load
[runlim] sample:		1993.57 time, 2000.01 real, 3 MB, 1.00 load
[runlim] sample:		2003.54 time, 2010.01 real, 3 MB, 1.00 load
[runlim] sample:		2013.51 time, 2020.01 real, 3 MB, 1.00 load
[runlim] sample:		2023.48 time, 2030.01 real, 3 MB, 1.00 load
[runlim] sample:		2033.45 time, 2040.01 real, 3 MB, 1.00 load
[runlim] sample:		2043.42 time, 2050.01 real, 3 MB, 1.00 load
[runlim] sample:		2053.39 time, 2060.01 real, 3 MB, 1.00 load
[runlim] sample:		2063.36 time, 2070.01 real, 3 MB, 1.00 load
[runlim] sample:		2073.33 time, 2080.01 real, 3 MB, 1.00 load
[runlim] sample:		2083.30 time, 2090.01 real, 3 MB, 1.00 load
[runlim] sample:		2093.27 time, 2100.01 real, 3 MB, 1.00 load
[runlim] sample:		2103.24 time, 2110.01 real, 3 MB, 1.00 load
[runlim] sample:		2113.21 time, 2120.01 real, 3 MB, 1.07 load
[runlim] sample:		2123.18 time, 2130.01 real, 3 MB, 1.06 load
[runlim] sample:		2133.15 time, 2140.01 real, 3 MB, 1.05 load
[runlim] sample:		2143.12 time, 2150.01 real, 3 MB, 1.12 load
[runlim] sample:		2153.09 time, 2160.01 real, 3 MB, 1.10 load
[runlim] sample:		2163.06 time, 2170.01 real, 3 MB, 1.09 load
[runlim] sample:		2173.03 time, 2180.01 real, 3 MB, 1.07 load
[runlim] sample:		2183.00 time, 2190.01 real, 3 MB, 1.06 load
[runlim] sample:		2192.97 time, 2200.01 real, 3 MB, 1.05 load
[runlim] sample:		2202.93 time, 2210.01 real, 3 MB, 1.12 load
[runlim] sample:		2212.90 time, 2220.01 real, 3 MB, 1.10 load
[runlim] sample:		2222.87 time, 2230.01 real, 3 MB, 1.08 load
[runlim] sample:		2232.84 time, 2240.01 real, 3 MB, 1.07 load
[runlim] sample:		2242.81 time, 2250.01 real, 3 MB, 1.06 load
[runlim] sample:		2252.78 time, 2260.01 real, 3 MB, 1.05 load
[runlim] sample:		2262.75 time, 2270.01 real, 3 MB, 1.04 load
[runlim] sample:		2272.72 time, 2280.01 real, 3 MB, 1.03 load
[runlim] sample:		2282.69 time, 2290.01 real, 3 MB, 1.03 load
[runlim] sample:		2292.66 time, 2300.01 real, 3 MB, 1.02 load
[runlim] sample:		2302.63 time, 2310.01 real, 3 MB, 1.02 load
[runlim] sample:		2312.60 time, 2320.01 real, 3 MB, 1.09 load
[runlim] sample:		2322.57 time, 2330.01 real, 3 MB, 1.16 load
[runlim] sample:		2332.54 time, 2340.01 real, 3 MB, 1.13 load
[runlim] sample:		2342.51 time, 2350.01 real, 3 MB, 1.11 load
[runlim] sample:		2352.48 time, 2360.01 real, 3 MB, 1.09 load
[runlim] sample:		2362.45 time, 2370.01 real, 3 MB, 1.08 load
[runlim] sample:		2372.42 time, 2380.01 real, 3 MB, 1.14 load
[runlim] sample:		2382.39 time, 2390.01 real, 3 MB, 1.19 load
[runlim] sample:		2392.36 time, 2400.01 real, 3 MB, 1.16 load
[runlim] sample:		2402.33 time, 2410.01 real, 3 MB, 1.14 load
[runlim] sample:		2412.30 time, 2420.01 real, 3 MB, 1.12 load
[runlim] sample:		2422.27 time, 2430.01 real, 3 MB, 1.10 load
[runlim] sample:		2432.23 time, 2440.01 real, 3 MB, 1.16 load
[runlim] sample:		2442.20 time, 2450.01 real, 3 MB, 1.21 load
[runlim] sample:		2452.18 time, 2460.01 real, 3 MB, 1.18 load
[runlim] sample:		2462.15 time, 2470.01 real, 3 MB, 1.15 load
[runlim] sample:		2472.12 time, 2480.01 real, 3 MB, 1.13 load
[runlim] sample:		2482.09 time, 2490.01 real, 3 MB, 1.11 load
[runlim] sample:		2492.06 time, 2500.01 real, 3 MB, 1.09 load
[runlim] sample:		2502.03 time, 2510.01 real, 3 MB, 1.15 load
[runlim] sample:		2512.00 time, 2520.01 real, 3 MB, 1.13 load
[runlim] sample:		2521.97 time, 2530.01 real, 3 MB, 1.11 load
[runlim] sample:		2531.93 time, 2540.01 real, 3 MB, 1.09 load
[runlim] sample:		2541.90 time, 2550.01 real, 3 MB, 1.08 load
[runlim] sample:		2551.87 time, 2560.01 real, 3 MB, 1.06 load
[runlim] sample:		2561.84 time, 2570.01 real, 3 MB, 1.13 load
[runlim] sample:		2571.81 time, 2580.01 real, 3 MB, 1.11 load
[runlim] sample:		2581.78 time, 2590.01 real, 3 MB, 1.09 load
[runlim] sample:		2591.75 time, 2600.01 real, 3 MB, 1.08 load
[runlim] sample:		2601.72 time, 2610.01 real, 3 MB, 1.06 load
[runlim] sample:		2611.69 time, 2620.01 real, 3 MB, 1.05 load
[runlim] sample:		2621.66 time, 2630.01 real, 3 MB, 1.12 load
[runlim] sample:		2631.63 time, 2640.01 real, 3 MB, 1.10 load
[runlim] sample:		2641.60 time, 2650.01 real, 3 MB, 1.08 load
[runlim] sample:		2651.57 time, 2660.01 real, 3 MB, 1.07 load
[runlim] sample:		2661.54 time, 2670.01 real, 3 MB, 1.06 load
[runlim] sample:		2671.51 time, 2680.01 real, 3 MB, 1.05 load
[runlim] sample:		2681.48 time, 2690.01 real, 3 MB, 1.04 load
[runlim] sample:		2691.45 time, 2700.01 real, 3 MB, 1.04 load
[runlim] sample:		2701.42 time, 2710.01 real, 3 MB, 1.03 load
[runlim] sample:		2711.39 time, 2720.01 real, 3 MB, 1.02 load
[runlim] sample:		2721.36 time, 2730.01 real, 3 MB, 1.02 load
[runlim] sample:		2731.33 time, 2740.01 real, 3 MB, 1.02 load
[runlim] sample:		2741.30 time, 2750.01 real, 3 MB, 1.01 load
[runlim] sample:		2751.27 time, 2760.01 real, 3 MB, 1.01 load
[runlim] sample:		2761.24 time, 2770.01 real, 3 MB, 1.01 load
[runlim] sample:		2771.21 time, 2780.01 real, 3 MB, 1.01 load
[runlim] sample:		2781.18 time, 2790.01 real, 3 MB, 1.01 load
[runlim] sample:		2791.15 time, 2800.01 real, 3 MB, 1.00 load
[runlim] sample:		2801.12 time, 2810.01 real, 3 MB, 1.00 load
[runlim] sample:		2811.08 time, 2820.01 real, 3 MB, 1.00 load
[runlim] sample:		2821.05 time, 2830.01 real, 3 MB, 1.00 load
[runlim] sample:		2831.02 time, 2840.01 real, 3 MB, 1.00 load
[runlim] sample:		2840.99 time, 2850.01 real, 3 MB, 1.00 load
[runlim] sample:		2850.96 time, 2860.01 real, 3 MB, 1.00 load
[runlim] sample:		2860.93 time, 2870.01 real, 3 MB, 1.00 load
[runlim] sample:		2870.90 time, 2880.01 real, 3 MB, 1.07 load
[runlim] sample:		2880.87 time, 2890.01 real, 3 MB, 1.06 load
[runlim] sample:		2890.84 time, 2900.01 real, 3 MB, 1.05 load
[runlim] sample:		2900.81 time, 2910.01 real, 3 MB, 1.04 load
[runlim] sample:		2910.78 time, 2920.01 real, 3 MB, 1.04 load
[runlim] sample:		2920.75 time, 2930.01 real, 3 MB, 1.03 load
[runlim] sample:		2930.72 time, 2940.01 real, 3 MB, 1.10 load
[runlim] sample:		2940.69 time, 2950.01 real, 3 MB, 1.08 load
[runlim] sample:		2950.66 time, 2960.01 real, 3 MB, 1.07 load
[runlim] sample:		2960.63 time, 2970.01 real, 3 MB, 1.06 load
[runlim] sample:		2970.60 time, 2980.01 real, 3 MB, 1.05 load
[runlim] sample:		2980.57 time, 2990.01 real, 3 MB, 1.04 load
[runlim] sample:		2990.54 time, 3000.01 real, 3 MB, 1.03 load
[runlim] sample:		3000.51 time, 3010.01 real, 3 MB, 1.03 load
[runlim] sample:		3010.48 time, 3020.01 real, 3 MB, 1.10 load
[runlim] sample:		3020.45 time, 3030.01 real, 3 MB, 1.08 load
[runlim] sample:		3030.42 time, 3040.01 real, 3 MB, 1.07 load
[runlim] sample:		3040.39 time, 3050.01 real, 3 MB, 1.06 load
[runlim] sample:		3050.36 time, 3060.01 real, 3 MB, 1.05 load
[runlim] sample:		3060.33 time, 3070.01 real, 3 MB, 1.04 load
[runlim] sample:		3070.29 time, 3080.01 real, 3 MB, 1.11 load
[runlim] sample:		3080.26 time, 3090.01 real, 3 MB, 1.09 load
[runlim] sample:		3090.23 time, 3100.01 real, 3 MB, 1.16 load
[runlim] sample:		3100.20 time, 3110.01 real, 3 MB, 1.13 load
[runlim] sample:		3110.17 time, 3120.01 real, 3 MB, 1.11 load
[runlim] sample:		3120.14 time, 3130.01 real, 3 MB, 1.09 load
[runlim] sample:		3130.11 time, 3140.01 real, 3 MB, 1.15 load
[runlim] sample:		3140.08 time, 3150.01 real, 3 MB, 1.13 load
[runlim] sample:		3150.05 time, 3160.01 real, 3 MB, 1.11 load
[runlim] sample:		3160.02 time, 3170.01 real, 3 MB, 1.09 load
[runlim] sample:		3169.99 time, 3180.01 real, 3 MB, 1.08 load
[runlim] sample:		3179.97 time, 3190.01 real, 3 MB, 1.06 load
[runlim] sample:		3189.94 time, 3200.01 real, 3 MB, 1.05 load
[runlim] sample:		3199.91 time, 3210.01 real, 3 MB, 1.05 load
[runlim] sample:		3209.88 time, 3220.01 real, 3 MB, 1.04 load
[runlim] sample:		3219.85 time, 3230.01 real, 3 MB, 1.03 load
[runlim] sample:		3229.82 time, 3240.01 real, 3 MB, 1.03 load
[runlim] sample:		3239.79 time, 3250.01 real, 3 MB, 1.02 load
[runlim] sample:		3249.76 time, 3260.01 real, 4 MB, 1.02 load
[runlim] sample:		3259.73 time, 3270.01 real, 4 MB, 1.02 load
[runlim] sample:		3269.70 time, 3280.01 real, 4 MB, 1.01 load
[runlim] sample:		3279.67 time, 3290.01 real, 4 MB, 1.01 load
[runlim] sample:		3289.64 time, 3300.01 real, 4 MB, 1.01 load
[runlim] sample:		3299.61 time, 3310.01 real, 4 MB, 1.01 load
[runlim] sample:		3309.58 time, 3320.01 real, 4 MB, 1.00 load
[runlim] sample:		3319.55 time, 3330.01 real, 4 MB, 1.00 load
[runlim] sample:		3329.52 time, 3340.01 real, 4 MB, 1.00 load
[runlim] sample:		3339.49 time, 3350.01 real, 4 MB, 1.00 load
[runlim] sample:		3349.46 time, 3360.01 real, 4 MB, 1.00 load
[runlim] sample:		3359.43 time, 3370.01 real, 4 MB, 1.00 load
[runlim] sample:		3369.40 time, 3380.01 real, 4 MB, 1.00 load
[runlim] sample:		3379.37 time, 3390.01 real, 4 MB, 1.00 load
[runlim] sample:		3389.34 time, 3400.01 real, 4 MB, 1.00 load
[runlim] sample:		3399.31 time, 3410.01 real, 4 MB, 1.00 load
[runlim] sample:		3409.28 time, 3420.01 real, 4 MB, 1.07 load
[runlim] sample:		3419.25 time, 3430.01 real, 4 MB, 1.06 load
[runlim] sample:		3429.22 time, 3440.01 real, 4 MB, 1.05 load
[runlim] sample:		3439.19 time, 3450.01 real, 4 MB, 1.04 load
[runlim] sample:		3449.16 time, 3460.01 real, 4 MB, 1.04 load
[runlim] sample:		3459.13 time, 3470.01 real, 4 MB, 1.03 load
[runlim] sample:		3469.10 time, 3480.01 real, 4 MB, 1.10 load
[runlim] sample:		3479.07 time, 3490.01 real, 4 MB, 1.08 load
[runlim] sample:		3489.04 time, 3500.01 real, 4 MB, 1.07 load
[runlim] sample:		3499.01 time, 3510.01 real, 4 MB, 1.06 load
[runlim] sample:		3508.98 time, 3520.01 real, 4 MB, 1.05 load
[runlim] sample:		3518.95 time, 3530.01 real, 4 MB, 1.04 load
[runlim] sample:		3528.92 time, 3540.01 real, 4 MB, 1.03 load
[runlim] sample:		3538.89 time, 3550.01 real, 4 MB, 1.03 load
[runlim] sample:		3548.86 time, 3560.01 real, 4 MB, 1.02 load
[runlim] sample:		3558.83 time, 3570.01 real, 4 MB, 1.02 load
[runlim] sample:		3568.80 time, 3580.01 real, 4 MB, 1.02 load
[runlim] sample:		3578.77 time, 3590.01 real, 4 MB, 1.01 load
[runlim] sample:		3588.74 time, 3600.01 real, 4 MB, 1.01 load
[runlim] sample:		3598.71 time, 3610.01 real, 4 MB, 1.01 load
[runlim] sample:		3608.67 time, 3620.01 real, 4 MB, 1.08 load
[runlim] sample:		3618.64 time, 3630.01 real, 4 MB, 1.07 load
[runlim] sample:		3628.61 time, 3640.01 real, 4 MB, 1.06 load
[runlim] sample:		3638.58 time, 3650.01 real, 4 MB, 1.12 load
[runlim] sample:		3648.55 time, 3660.01 real, 4 MB, 1.10 load
[runlim] sample:		3658.52 time, 3670.01 real, 4 MB, 1.09 load
[runlim] sample:		3668.49 time, 3680.01 real, 4 MB, 1.15 load
[runlim] sample:		3678.46 time, 3690.01 real, 4 MB, 1.20 load
[runlim] sample:		3688.43 time, 3700.01 real, 4 MB, 1.17 load
[runlim] sample:		3698.40 time, 3710.01 real, 4 MB, 1.14 load
[runlim] sample:		3708.37 time, 3720.01 real, 4 MB, 1.12 load
[runlim] sample:		3718.34 time, 3730.01 real, 4 MB, 1.10 load
[runlim] sample:		3728.31 time, 3740.01 real, 4 MB, 1.16 load
[runlim] sample:		3738.28 time, 3750.01 real, 4 MB, 1.14 load
[runlim] sample:		3748.25 time, 3760.01 real, 4 MB, 1.11 load
[runlim] sample:		3758.22 time, 3770.01 real, 4 MB, 1.10 load
[runlim] sample:		3768.18 time, 3780.01 real, 4 MB, 1.08 load
[runlim] sample:		3778.15 time, 3790.01 real, 4 MB, 1.07 load
[runlim] sample:		3788.12 time, 3800.01 real, 4 MB, 1.06 load
[runlim] sample:		3798.09 time, 3810.01 real, 4 MB, 1.05 load
[runlim] sample:		3808.06 time, 3820.01 real, 4 MB, 1.11 load
[runlim] sample:		3818.03 time, 3830.01 real, 4 MB, 1.10 load
[runlim] sample:		3828.00 time, 3840.01 real, 4 MB, 1.08 load
[runlim] sample:		3837.97 time, 3850.01 real, 4 MB, 1.07 load
[runlim] sample:		3847.94 time, 3860.01 real, 4 MB, 1.06 load
[runlim] sample:		3857.91 time, 3870.01 real, 4 MB, 1.05 load
[runlim] sample:		3867.88 time, 3880.01 real, 4 MB, 1.11 load
[runlim] sample:		3877.85 time, 3890.01 real, 4 MB, 1.10 load
[runlim] sample:		3887.82 time, 3900.01 real, 4 MB, 1.08 load
[runlim] sample:		3897.79 time, 3910.01 real, 4 MB, 1.07 load
[runlim] sample:		3907.76 time, 3920.01 real, 4 MB, 1.14 load
[runlim] sample:		3917.73 time, 3930.01 real, 4 MB, 1.12 load
[runlim] sample:		3927.69 time, 3940.01 real, 4 MB, 1.17 load
[runlim] sample:		3937.66 time, 3950.01 real, 4 MB, 1.14 load
[runlim] sample:		3947.64 time, 3960.01 real, 4 MB, 1.12 load
[runlim] sample:		3957.60 time, 3970.01 real, 4 MB, 1.10 load
[runlim] sample:		3967.57 time, 3980.01 real, 4 MB, 1.09 load
[runlim] sample:		3977.54 time, 3990.01 real, 4 MB, 1.07 load
[runlim] sample:		3987.51 time, 4000.01 real, 4 MB, 1.06 load
[runlim] sample:		3997.48 time, 4010.01 real, 4 MB, 1.05 load
[runlim] sample:		4007.45 time, 4020.01 real, 4 MB, 1.12 load
[runlim] sample:		4017.42 time, 4030.01 real, 4 MB, 1.10 load
[runlim] sample:		4027.39 time, 4040.01 real, 4 MB, 1.08 load
[runlim] sample:		4037.36 time, 4050.01 real, 4 MB, 1.07 load
[runlim] sample:		4047.33 time, 4060.01 real, 4 MB, 1.06 load
[runlim] sample:		4057.30 time, 4070.01 real, 4 MB, 1.05 load
[runlim] sample:		4067.27 time, 4080.01 real, 4 MB, 1.12 load
[runlim] sample:		4077.24 time, 4090.01 real, 4 MB, 1.10 load
[runlim] sample:		4087.21 time, 4100.01 real, 4 MB, 1.08 load
[runlim] sample:		4097.18 time, 4110.01 real, 4 MB, 1.07 load
[runlim] sample:		4107.15 time, 4120.01 real, 4 MB, 1.06 load
[runlim] sample:		4117.12 time, 4130.01 real, 4 MB, 1.05 load
[runlim] sample:		4127.09 time, 4140.01 real, 4 MB, 1.11 load
[runlim] sample:		4137.06 time, 4150.01 real, 4 MB, 1.10 load
[runlim] sample:		4147.03 time, 4160.01 real, 4 MB, 1.08 load
[runlim] sample:		4157.00 time, 4170.01 real, 4 MB, 1.07 load
[runlim] sample:		4166.97 time, 4180.01 real, 4 MB, 1.06 load
[runlim] sample:		4176.94 time, 4190.01 real, 4 MB, 1.05 load
[runlim] sample:		4186.91 time, 4200.01 real, 4 MB, 1.04 load
[runlim] sample:		4196.88 time, 4210.01 real, 4 MB, 1.03 load
[runlim] sample:		4206.85 time, 4220.01 real, 4 MB, 1.10 load
[runlim] sample:		4216.82 time, 4230.01 real, 4 MB, 1.09 load
[runlim] sample:		4226.79 time, 4240.01 real, 4 MB, 1.07 load
[runlim] sample:		4236.76 time, 4250.01 real, 4 MB, 1.06 load
[runlim] sample:		4246.73 time, 4260.01 real, 4 MB, 1.05 load
[runlim] sample:		4256.70 time, 4270.01 real, 4 MB, 1.04 load
[runlim] sample:		4266.66 time, 4280.01 real, 4 MB, 1.11 load
[runlim] sample:		4276.63 time, 4290.01 real, 4 MB, 1.09 load
[runlim] sample:		4286.61 time, 4300.01 real, 4 MB, 1.08 load
[runlim] sample:		4296.58 time, 4310.01 real, 4 MB, 1.07 load
[runlim] sample:		4306.55 time, 4320.01 real, 4 MB, 1.06 load
[runlim] sample:		4316.52 time, 4330.01 real, 4 MB, 1.05 load
[runlim] sample:		4326.48 time, 4340.01 real, 4 MB, 1.11 load
[runlim] sample:		4336.46 time, 4350.01 real, 4 MB, 1.09 load
[runlim] sample:		4346.43 time, 4360.01 real, 4 MB, 1.08 load
[runlim] sample:		4356.40 time, 4370.01 real, 4 MB, 1.07 load
[runlim] sample:		4366.37 time, 4380.01 real, 4 MB, 1.06 load
[runlim] sample:		4376.34 time, 4390.01 real, 4 MB, 1.05 load
[runlim] sample:		4386.31 time, 4400.01 real, 4 MB, 1.04 load
[runlim] sample:		4396.28 time, 4410.01 real, 4 MB, 1.03 load
[runlim] sample:		4406.25 time, 4420.01 real, 4 MB, 1.10 load
[runlim] sample:		4416.22 time, 4430.01 real, 4 MB, 1.08 load
[runlim] sample:		4426.19 time, 4440.01 real, 4 MB, 1.07 load
[runlim] sample:		4436.16 time, 4450.01 real, 4 MB, 1.06 load
[runlim] sample:		4446.12 time, 4460.01 real, 4 MB, 1.05 load
[runlim] sample:		4456.10 time, 4470.01 real, 4 MB, 1.04 load
[runlim] sample:		4466.06 time, 4480.01 real, 4 MB, 1.11 load
[runlim] sample:		4476.03 time, 4490.01 real, 4 MB, 1.09 load
[runlim] sample:		4486.01 time, 4500.01 real, 4 MB, 1.08 load
[runlim] sample:		4495.98 time, 4510.01 real, 4 MB, 1.07 load
[runlim] sample:		4505.95 time, 4520.01 real, 4 MB, 1.06 load
[runlim] sample:		4515.92 time, 4530.01 real, 4 MB, 1.05 load
[runlim] sample:		4525.89 time, 4540.01 real, 4 MB, 1.11 load
[runlim] sample:		4535.86 time, 4550.01 real, 4 MB, 1.09 load
[runlim] sample:		4545.83 time, 4560.01 real, 4 MB, 1.08 load
[runlim] sample:		4555.80 time, 4570.01 real, 4 MB, 1.07 load
[runlim] sample:		4565.77 time, 4580.01 real, 4 MB, 1.06 load
[runlim] sample:		4575.74 time, 4590.01 real, 4 MB, 1.05 load
[runlim] sample:		4585.71 time, 4600.01 real, 4 MB, 1.04 load
[runlim] sample:		4595.68 time, 4610.01 real, 4 MB, 1.11 load
[runlim] sample:		4605.65 time, 4620.01 real, 4 MB, 1.09 load
[runlim] sample:		4615.62 time, 4630.01 real, 4 MB, 1.08 load
[runlim] sample:		4625.59 time, 4640.01 real, 4 MB, 1.06 load
[runlim] sample:		4635.56 time, 4650.01 real, 4 MB, 1.05 load
[runlim] sample:		4645.52 time, 4660.01 real, 4 MB, 1.12 load
[runlim] sample:		4655.49 time, 4670.01 real, 4 MB, 1.18 load
[runlim] sample:		4665.46 time, 4680.01 real, 4 MB, 1.15 load
[runlim] sample:		4675.43 time, 4690.01 real, 4 MB, 1.13 load
[runlim] sample:		4685.40 time, 4700.01 real, 4 MB, 1.11 load
[runlim] sample:		4695.37 time, 4710.01 real, 4 MB, 1.09 load
[runlim] sample:		4705.34 time, 4720.01 real, 4 MB, 1.08 load
[runlim] sample:		4715.31 time, 4730.01 real, 4 MB, 1.14 load
[runlim] sample:		4725.28 time, 4740.01 real, 4 MB, 1.12 load
[runlim] sample:		4735.25 time, 4750.01 real, 4 MB, 1.25 load
[runlim] sample:		4745.22 time, 4760.01 real, 4 MB, 1.45 load
[runlim] sample:		4755.19 time, 4770.01 real, 4 MB, 1.54 load
[runlim] sample:		4765.16 time, 4780.01 real, 4 MB, 1.62 load
[runlim] sample:		4775.13 time, 4790.01 real, 4 MB, 1.76 load
[runlim] sample:		4785.10 time, 4800.01 real, 4 MB, 1.80 load
[runlim] sample:		4795.07 time, 4810.01 real, 4 MB, 1.76 load
[runlim] sample:		4805.04 time, 4820.01 real, 4 MB, 1.96 load
[runlim] sample:		4815.01 time, 4830.01 real, 4 MB, 2.05 load
[runlim] sample:		4824.98 time, 4840.01 real, 4 MB, 2.12 load
[runlim] sample:		4834.95 time, 4850.01 real, 4 MB, 2.41 load
[runlim] sample:		4844.92 time, 4860.01 real, 4 MB, 2.35 load
[runlim] sample:		4854.89 time, 4870.01 real, 4 MB, 2.29 load
[runlim] sample:		4864.86 time, 4880.01 real, 4 MB, 2.25 load
[runlim] sample:		4874.83 time, 4890.01 real, 4 MB, 2.29 load
[runlim] sample:		4884.79 time, 4900.01 real, 4 MB, 2.32 load
[runlim] sample:		4894.76 time, 4910.01 real, 4 MB, 2.19 load
[runlim] sample:		4904.73 time, 4920.01 real, 4 MB, 2.08 load
[runlim] sample:		4914.70 time, 4930.01 real, 4 MB, 1.91 load
[runlim] sample:		4924.67 time, 4940.01 real, 4 MB, 1.77 load
[runlim] sample:		4934.64 time, 4950.01 real, 4 MB, 1.65 load
[runlim] sample:		4944.61 time, 4960.01 real, 4 MB, 1.55 load
[runlim] sample:		4954.58 time, 4970.01 real, 4 MB, 1.47 load
[runlim] sample:		4964.54 time, 4980.01 real, 4 MB, 1.47 load
[runlim] sample:		4974.51 time, 4990.01 real, 4 MB, 1.40 load
[runlim] sample:		4984.48 time, 5000.01 real, 4 MB, 1.33 load
[runlim] end:			Sat Mar 14 15:47:05 2026
[runlim] status:		out of time
[runlim] result:		2
[runlim] children:		1
[runlim] processes:		2
[runlim] real:			5000.05 seconds
[runlim] time:			4984.48 seconds
[runlim] space:			4 MB
[runlim] load:			6.26 maximum
[runlim] samples:		50000
