[runlim] version:		2.0.0rc1
[runlim] host:			p09n16
[runlim] time limit:		311040000 seconds
[runlim] real time limit:	5000 seconds
[runlim] space limit:		7000 MB
[runlim] argv[0]:		./binary
[runlim] argv[1]:		-c
[runlim] argv[2]:		-s
[runlim] argv[3]:		/tmp/local-unzipped-12158343-6-341-BMS_k3_n100_m429_27.cnf
[runlim] start:			Sat Mar 14 15:17:34 2026
[runlim] child:			1224150
[runlim] sample:		9.95 time, 10.01 real, 4 MB, 2.92 load
[runlim] sample:		19.90 time, 20.01 real, 4 MB, 3.46 load
[runlim] sample:		29.86 time, 30.01 real, 4 MB, 4.47 load
[runlim] sample:		39.80 time, 40.01 real, 4 MB, 5.33 load
[runlim] sample:		49.75 time, 50.01 real, 4 MB, 6.58 load
[runlim] end:			Sat Mar 14 15:18:28 2026
[runlim] status:		ok
[runlim] result:		0
[runlim] children:		1
[runlim] processes:		2
[runlim] real:			54.33 seconds
[runlim] time:			54.03 seconds
[runlim] space:			4 MB
[runlim] load:			7.02 maximum
[runlim] samples:		543
