[runlim] version:		2.0.0rc1
[runlim] host:			p09n16
[runlim] time limit:		311040000 seconds
[runlim] real time limit:	5000 seconds
[runlim] space limit:		7000 MB
[runlim] argv[0]:		./binary
[runlim] argv[1]:		-c
[runlim] argv[2]:		-s
[runlim] argv[3]:		/tmp/local-unzipped-12158343-6-360-BMS_k3_n100_m429_303.cnf
[runlim] start:			Sat Mar 14 15:17:53 2026
[runlim] child:			1224892
[runlim] sample:		9.95 time, 10.01 real, 3 MB, 4.47 load
[runlim] sample:		19.90 time, 20.01 real, 3 MB, 5.33 load
[runlim] sample:		29.85 time, 30.01 real, 3 MB, 6.58 load
[runlim] sample:		39.80 time, 40.01 real, 3 MB, 7.34 load
[runlim] sample:		49.75 time, 50.01 real, 3 MB, 7.82 load
[runlim] sample:		59.70 time, 60.01 real, 3 MB, 8.24 load
[runlim] sample:		69.66 time, 70.01 real, 3 MB, 8.51 load
[runlim] sample:		79.61 time, 80.01 real, 3 MB, 8.58 load
[runlim] sample:		89.57 time, 90.01 real, 3 MB, 8.73 load
[runlim] sample:		99.52 time, 100.01 real, 3 MB, 8.77 load
[runlim] sample:		109.48 time, 110.01 real, 3 MB, 8.57 load
[runlim] sample:		119.43 time, 120.01 real, 3 MB, 8.33 load
[runlim] sample:		129.39 time, 130.01 real, 3 MB, 8.12 load
[runlim] sample:		139.35 time, 140.01 real, 3 MB, 7.95 load
[runlim] sample:		149.31 time, 150.01 real, 3 MB, 7.80 load
[runlim] sample:		159.27 time, 160.01 real, 3 MB, 7.68 load
[runlim] sample:		169.23 time, 170.01 real, 3 MB, 7.57 load
[runlim] sample:		179.19 time, 180.01 real, 3 MB, 7.33 load
[runlim] sample:		189.16 time, 190.01 real, 3 MB, 7.12 load
[runlim] sample:		199.13 time, 200.01 real, 3 MB, 6.95 load
[runlim] sample:		209.09 time, 210.01 real, 3 MB, 6.80 load
[runlim] sample:		219.06 time, 220.01 real, 3 MB, 6.68 load
[runlim] sample:		229.03 time, 230.01 real, 3 MB, 6.65 load
[runlim] sample:		239.00 time, 240.01 real, 3 MB, 6.55 load
[runlim] sample:		248.97 time, 250.01 real, 3 MB, 6.31 load
[runlim] sample:		258.94 time, 260.01 real, 3 MB, 6.11 load
[runlim] sample:		268.91 time, 270.01 real, 3 MB, 5.78 load
[runlim] sample:		278.88 time, 280.01 real, 3 MB, 5.51 load
[runlim] sample:		288.85 time, 290.01 real, 3 MB, 5.35 load
[runlim] sample:		298.82 time, 300.01 real, 3 MB, 5.14 load
[runlim] sample:		308.79 time, 310.01 real, 3 MB, 4.97 load
[runlim] sample:		318.76 time, 320.01 real, 3 MB, 4.82 load
[runlim] sample:		328.73 time, 330.01 real, 3 MB, 4.69 load
[runlim] sample:		338.70 time, 340.01 real, 3 MB, 4.58 load
[runlim] sample:		348.67 time, 350.01 real, 3 MB, 4.49 load
[runlim] sample:		358.64 time, 360.01 real, 3 MB, 4.42 load
[runlim] sample:		368.61 time, 370.01 real, 3 MB, 4.35 load
[runlim] sample:		378.58 time, 380.01 real, 3 MB, 4.30 load
[runlim] sample:		388.55 time, 390.01 real, 3 MB, 4.25 load
[runlim] sample:		398.52 time, 400.01 real, 3 MB, 4.13 load
[runlim] sample:		408.49 time, 410.01 real, 3 MB, 3.96 load
[runlim] sample:		418.45 time, 420.01 real, 3 MB, 3.81 load
[runlim] sample:		428.42 time, 430.01 real, 3 MB, 3.69 load
[runlim] sample:		438.39 time, 440.01 real, 3 MB, 3.58 load
[runlim] sample:		448.36 time, 450.01 real, 3 MB, 3.49 load
[runlim] sample:		458.33 time, 460.01 real, 3 MB, 3.41 load
[runlim] sample:		468.30 time, 470.01 real, 3 MB, 3.35 load
[runlim] sample:		478.27 time, 480.01 real, 3 MB, 3.30 load
[runlim] sample:		488.23 time, 490.01 real, 3 MB, 3.32 load
[runlim] sample:		498.20 time, 500.01 real, 3 MB, 3.27 load
[runlim] sample:		508.17 time, 510.01 real, 3 MB, 3.23 load
[runlim] sample:		518.14 time, 520.01 real, 3 MB, 3.20 load
[runlim] sample:		528.10 time, 530.01 real, 3 MB, 3.16 load
[runlim] sample:		538.07 time, 540.01 real, 3 MB, 3.14 load
[runlim] sample:		548.04 time, 550.01 real, 3 MB, 2.96 load
[runlim] sample:		558.01 time, 560.01 real, 3 MB, 2.81 load
[runlim] sample:		567.98 time, 570.01 real, 3 MB, 2.69 load
[runlim] sample:		577.95 time, 580.01 real, 3 MB, 2.58 load
[runlim] sample:		587.92 time, 590.01 real, 3 MB, 2.49 load
[runlim] sample:		597.89 time, 600.01 real, 3 MB, 2.42 load
[runlim] sample:		607.86 time, 610.01 real, 3 MB, 2.35 load
[runlim] sample:		617.83 time, 620.01 real, 3 MB, 2.38 load
[runlim] sample:		627.80 time, 630.01 real, 3 MB, 2.39 load
[runlim] sample:		637.77 time, 640.01 real, 3 MB, 2.33 load
[runlim] sample:		647.75 time, 650.01 real, 3 MB, 2.28 load
[runlim] sample:		657.72 time, 660.01 real, 3 MB, 2.24 load
[runlim] sample:		667.69 time, 670.01 real, 3 MB, 2.20 load
[runlim] sample:		677.66 time, 680.01 real, 3 MB, 2.17 load
[runlim] sample:		687.63 time, 690.01 real, 3 MB, 2.22 load
[runlim] sample:		697.60 time, 700.01 real, 3 MB, 2.18 load
[runlim] sample:		707.57 time, 710.01 real, 3 MB, 2.15 load
[runlim] sample:		717.54 time, 720.01 real, 3 MB, 2.13 load
[runlim] sample:		727.51 time, 730.01 real, 3 MB, 2.11 load
[runlim] sample:		737.48 time, 740.01 real, 3 MB, 2.09 load
[runlim] sample:		747.45 time, 750.01 real, 3 MB, 2.08 load
[runlim] sample:		757.42 time, 760.01 real, 3 MB, 2.07 load
[runlim] sample:		767.39 time, 770.01 real, 3 MB, 2.06 load
[runlim] sample:		777.36 time, 780.01 real, 3 MB, 2.12 load
[runlim] sample:		787.33 time, 790.01 real, 3 MB, 2.10 load
[runlim] sample:		797.30 time, 800.01 real, 3 MB, 2.08 load
[runlim] sample:		807.27 time, 810.01 real, 3 MB, 2.07 load
[runlim] sample:		817.24 time, 820.01 real, 3 MB, 2.06 load
[runlim] sample:		827.21 time, 830.01 real, 3 MB, 2.12 load
[runlim] sample:		837.18 time, 840.01 real, 3 MB, 2.11 load
[runlim] sample:		847.15 time, 850.01 real, 3 MB, 2.09 load
[runlim] sample:		857.12 time, 860.01 real, 3 MB, 2.07 load
[runlim] sample:		867.10 time, 870.01 real, 3 MB, 2.06 load
[runlim] sample:		877.07 time, 880.01 real, 3 MB, 2.05 load
[runlim] sample:		887.04 time, 890.01 real, 3 MB, 2.04 load
[runlim] sample:		897.01 time, 900.01 real, 3 MB, 2.04 load
[runlim] sample:		906.98 time, 910.01 real, 3 MB, 2.03 load
[runlim] sample:		916.95 time, 920.01 real, 3 MB, 2.03 load
[runlim] sample:		926.92 time, 930.01 real, 3 MB, 2.02 load
[runlim] sample:		936.89 time, 940.01 real, 3 MB, 2.02 load
[runlim] sample:		946.86 time, 950.01 real, 3 MB, 2.01 load
[runlim] sample:		956.83 time, 960.01 real, 3 MB, 2.01 load
[runlim] sample:		966.80 time, 970.01 real, 3 MB, 2.01 load
[runlim] sample:		976.77 time, 980.01 real, 3 MB, 2.01 load
[runlim] sample:		986.74 time, 990.01 real, 3 MB, 2.01 load
[runlim] sample:		996.71 time, 1000.01 real, 3 MB, 2.00 load
[runlim] sample:		1006.68 time, 1010.01 real, 3 MB, 2.00 load
[runlim] sample:		1016.66 time, 1020.01 real, 3 MB, 2.00 load
[runlim] sample:		1026.62 time, 1030.01 real, 3 MB, 2.08 load
[runlim] sample:		1036.60 time, 1040.01 real, 3 MB, 2.06 load
[runlim] sample:		1046.57 time, 1050.01 real, 3 MB, 2.05 load
[runlim] sample:		1056.54 time, 1060.01 real, 3 MB, 2.04 load
[runlim] sample:		1066.51 time, 1070.01 real, 3 MB, 2.04 load
[runlim] sample:		1076.48 time, 1080.01 real, 3 MB, 2.03 load
[runlim] sample:		1086.45 time, 1090.01 real, 3 MB, 2.10 load
[runlim] sample:		1096.42 time, 1100.01 real, 3 MB, 2.08 load
[runlim] sample:		1106.39 time, 1110.01 real, 3 MB, 2.07 load
[runlim] sample:		1116.36 time, 1120.01 real, 3 MB, 2.06 load
[runlim] sample:		1126.33 time, 1130.01 real, 3 MB, 2.05 load
[runlim] sample:		1136.30 time, 1140.01 real, 3 MB, 2.04 load
[runlim] sample:		1146.27 time, 1150.01 real, 3 MB, 2.04 load
[runlim] sample:		1156.24 time, 1160.01 real, 3 MB, 2.03 load
[runlim] sample:		1166.21 time, 1170.01 real, 3 MB, 2.02 load
[runlim] sample:		1176.18 time, 1180.01 real, 3 MB, 2.02 load
[runlim] sample:		1186.15 time, 1190.01 real, 3 MB, 2.02 load
[runlim] sample:		1196.12 time, 1200.01 real, 3 MB, 2.01 load
[runlim] sample:		1206.09 time, 1210.01 real, 3 MB, 2.01 load
[runlim] sample:		1216.06 time, 1220.01 real, 3 MB, 2.01 load
[runlim] sample:		1226.03 time, 1230.01 real, 3 MB, 2.01 load
[runlim] sample:		1236.00 time, 1240.01 real, 3 MB, 2.01 load
[runlim] sample:		1245.97 time, 1250.01 real, 3 MB, 2.00 load
[runlim] sample:		1255.94 time, 1260.01 real, 3 MB, 2.00 load
[runlim] sample:		1265.91 time, 1270.01 real, 3 MB, 2.00 load
[runlim] sample:		1275.88 time, 1280.01 real, 3 MB, 2.00 load
[runlim] sample:		1285.85 time, 1290.01 real, 3 MB, 2.07 load
[runlim] sample:		1295.82 time, 1300.01 real, 3 MB, 2.06 load
[runlim] sample:		1305.79 time, 1310.01 real, 3 MB, 2.05 load
[runlim] sample:		1315.76 time, 1320.01 real, 3 MB, 2.04 load
[runlim] sample:		1325.73 time, 1330.01 real, 3 MB, 2.04 load
[runlim] sample:		1335.70 time, 1340.01 real, 3 MB, 2.03 load
[runlim] sample:		1345.67 time, 1350.01 real, 3 MB, 2.03 load
[runlim] sample:		1355.64 time, 1360.01 real, 3 MB, 2.10 load
[runlim] sample:		1365.61 time, 1370.01 real, 3 MB, 2.08 load
[runlim] sample:		1375.58 time, 1380.01 real, 3 MB, 2.07 load
[runlim] sample:		1385.55 time, 1390.01 real, 3 MB, 2.06 load
[runlim] sample:		1395.51 time, 1400.01 real, 3 MB, 2.05 load
[runlim] sample:		1405.48 time, 1410.01 real, 3 MB, 2.04 load
[runlim] sample:		1415.45 time, 1420.01 real, 3 MB, 2.11 load
[runlim] sample:		1425.42 time, 1430.01 real, 3 MB, 2.09 load
[runlim] sample:		1435.39 time, 1440.01 real, 3 MB, 2.08 load
[runlim] sample:		1445.37 time, 1450.01 real, 3 MB, 2.06 load
[runlim] sample:		1455.34 time, 1460.01 real, 3 MB, 2.05 load
[runlim] sample:		1465.31 time, 1470.01 real, 3 MB, 2.04 load
[runlim] sample:		1475.28 time, 1480.01 real, 3 MB, 2.11 load
[runlim] sample:		1485.25 time, 1490.01 real, 3 MB, 2.09 load
[runlim] sample:		1495.22 time, 1500.01 real, 3 MB, 2.08 load
[runlim] sample:		1505.19 time, 1510.01 real, 3 MB, 2.07 load
[runlim] sample:		1515.16 time, 1520.01 real, 3 MB, 2.06 load
[runlim] sample:		1525.13 time, 1530.01 real, 3 MB, 2.05 load
[runlim] sample:		1535.10 time, 1540.01 real, 3 MB, 2.11 load
[runlim] sample:		1545.07 time, 1550.01 real, 3 MB, 2.10 load
[runlim] sample:		1555.04 time, 1560.01 real, 3 MB, 2.08 load
[runlim] sample:		1565.01 time, 1570.01 real, 3 MB, 2.07 load
[runlim] sample:		1574.98 time, 1580.01 real, 3 MB, 2.06 load
[runlim] sample:		1584.95 time, 1590.01 real, 3 MB, 2.05 load
[runlim] sample:		1594.92 time, 1600.01 real, 3 MB, 2.11 load
[runlim] sample:		1604.89 time, 1610.01 real, 3 MB, 2.10 load
[runlim] sample:		1614.86 time, 1620.01 real, 3 MB, 2.08 load
[runlim] sample:		1624.83 time, 1630.01 real, 3 MB, 2.07 load
[runlim] sample:		1634.80 time, 1640.01 real, 3 MB, 2.06 load
[runlim] sample:		1644.77 time, 1650.01 real, 3 MB, 2.05 load
[runlim] sample:		1654.74 time, 1660.01 real, 3 MB, 2.04 load
[runlim] sample:		1664.71 time, 1670.01 real, 3 MB, 2.03 load
[runlim] sample:		1674.68 time, 1680.01 real, 3 MB, 2.17 load
[runlim] sample:		1684.65 time, 1690.01 real, 3 MB, 2.15 load
[runlim] sample:		1694.62 time, 1700.01 real, 3 MB, 2.12 load
[runlim] sample:		1704.59 time, 1710.01 real, 3 MB, 2.10 load
[runlim] sample:		1714.56 time, 1720.01 real, 3 MB, 2.09 load
[runlim] sample:		1724.53 time, 1730.01 real, 3 MB, 2.15 load
[runlim] sample:		1734.50 time, 1740.01 real, 3 MB, 2.12 load
[runlim] sample:		1744.47 time, 1750.01 real, 3 MB, 2.10 load
[runlim] sample:		1754.44 time, 1760.01 real, 3 MB, 2.09 load
[runlim] sample:		1764.41 time, 1770.01 real, 3 MB, 2.07 load
[runlim] sample:		1774.38 time, 1780.01 real, 3 MB, 2.06 load
[runlim] sample:		1784.35 time, 1790.01 real, 3 MB, 2.05 load
[runlim] sample:		1794.32 time, 1800.01 real, 3 MB, 2.04 load
[runlim] sample:		1804.29 time, 1810.01 real, 3 MB, 2.04 load
[runlim] sample:		1814.26 time, 1820.01 real, 3 MB, 1.95 load
[runlim] sample:		1824.23 time, 1830.01 real, 3 MB, 1.80 load
[runlim] sample:		1834.20 time, 1840.01 real, 3 MB, 1.68 load
[runlim] sample:		1844.17 time, 1850.01 real, 3 MB, 1.57 load
[runlim] sample:		1854.14 time, 1860.01 real, 3 MB, 1.49 load
[runlim] sample:		1864.11 time, 1870.01 real, 3 MB, 1.41 load
[runlim] sample:		1874.08 time, 1880.01 real, 3 MB, 1.35 load
[runlim] sample:		1884.05 time, 1890.01 real, 3 MB, 1.29 load
[runlim] sample:		1894.02 time, 1900.01 real, 3 MB, 1.25 load
[runlim] sample:		1903.99 time, 1910.01 real, 3 MB, 1.21 load
[runlim] sample:		1913.96 time, 1920.01 real, 3 MB, 1.18 load
[runlim] sample:		1923.93 time, 1930.01 real, 3 MB, 1.22 load
[runlim] sample:		1933.90 time, 1940.01 real, 3 MB, 1.19 load
[runlim] sample:		1943.87 time, 1950.01 real, 3 MB, 1.16 load
[runlim] sample:		1953.84 time, 1960.01 real, 3 MB, 1.13 load
[runlim] sample:		1963.81 time, 1970.01 real, 3 MB, 1.11 load
[runlim] sample:		1973.78 time, 1980.01 real, 3 MB, 1.10 load
[runlim] sample:		1983.74 time, 1990.01 real, 3 MB, 1.15 load
[runlim] sample:		1993.71 time, 2000.01 real, 3 MB, 1.13 load
[runlim] sample:		2003.68 time, 2010.01 real, 3 MB, 1.11 load
[runlim] sample:		2013.66 time, 2020.01 real, 3 MB, 1.09 load
[runlim] sample:		2023.63 time, 2030.01 real, 3 MB, 1.08 load
[runlim] sample:		2033.60 time, 2040.01 real, 3 MB, 1.07 load
[runlim] sample:		2043.57 time, 2050.01 real, 3 MB, 1.06 load
[runlim] sample:		2053.54 time, 2060.01 real, 3 MB, 1.05 load
[runlim] sample:		2063.51 time, 2070.01 real, 3 MB, 1.11 load
[runlim] sample:		2073.48 time, 2080.01 real, 3 MB, 1.09 load
[runlim] sample:		2083.45 time, 2090.01 real, 3 MB, 1.08 load
[runlim] sample:		2093.42 time, 2100.01 real, 3 MB, 1.07 load
[runlim] sample:		2103.39 time, 2110.01 real, 3 MB, 1.06 load
[runlim] sample:		2113.36 time, 2120.01 real, 3 MB, 1.05 load
[runlim] sample:		2123.33 time, 2130.01 real, 3 MB, 1.11 load
[runlim] sample:		2133.30 time, 2140.01 real, 3 MB, 1.10 load
[runlim] sample:		2143.27 time, 2150.01 real, 3 MB, 1.08 load
[runlim] sample:		2153.25 time, 2160.01 real, 3 MB, 1.07 load
[runlim] sample:		2163.22 time, 2170.01 real, 3 MB, 1.06 load
[runlim] sample:		2173.19 time, 2180.01 real, 3 MB, 1.05 load
[runlim] sample:		2183.15 time, 2190.01 real, 3 MB, 1.11 load
[runlim] sample:		2193.13 time, 2200.01 real, 3 MB, 1.10 load
[runlim] sample:		2203.10 time, 2210.01 real, 3 MB, 1.08 load
[runlim] sample:		2213.07 time, 2220.01 real, 3 MB, 1.07 load
[runlim] sample:		2223.04 time, 2230.01 real, 3 MB, 1.06 load
[runlim] sample:		2233.01 time, 2240.01 real, 3 MB, 1.05 load
[runlim] sample:		2242.98 time, 2250.01 real, 3 MB, 1.04 load
[runlim] sample:		2252.95 time, 2260.01 real, 3 MB, 1.03 load
[runlim] sample:		2262.92 time, 2270.01 real, 3 MB, 1.10 load
[runlim] sample:		2272.89 time, 2280.01 real, 3 MB, 1.08 load
[runlim] sample:		2282.86 time, 2290.01 real, 3 MB, 1.07 load
[runlim] sample:		2292.83 time, 2300.01 real, 3 MB, 1.06 load
[runlim] sample:		2302.80 time, 2310.01 real, 3 MB, 1.05 load
[runlim] sample:		2312.77 time, 2320.01 real, 3 MB, 1.04 load
[runlim] sample:		2322.74 time, 2330.01 real, 3 MB, 1.11 load
[runlim] sample:		2332.71 time, 2340.01 real, 3 MB, 1.09 load
[runlim] sample:		2342.68 time, 2350.01 real, 3 MB, 1.08 load
[runlim] sample:		2352.65 time, 2360.01 real, 3 MB, 1.07 load
[runlim] sample:		2362.63 time, 2370.01 real, 3 MB, 1.06 load
[runlim] sample:		2372.60 time, 2380.01 real, 3 MB, 1.05 load
[runlim] sample:		2382.56 time, 2390.01 real, 3 MB, 1.11 load
[runlim] sample:		2392.54 time, 2400.01 real, 3 MB, 1.09 load
[runlim] sample:		2402.51 time, 2410.01 real, 3 MB, 1.08 load
[runlim] sample:		2412.47 time, 2420.01 real, 3 MB, 1.07 load
[runlim] sample:		2422.45 time, 2430.01 real, 3 MB, 1.06 load
[runlim] sample:		2432.42 time, 2440.01 real, 3 MB, 1.05 load
[runlim] sample:		2442.39 time, 2450.01 real, 3 MB, 1.04 load
[runlim] sample:		2452.36 time, 2460.01 real, 3 MB, 1.03 load
[runlim] sample:		2462.33 time, 2470.01 real, 3 MB, 1.11 load
[runlim] sample:		2472.29 time, 2480.01 real, 3 MB, 1.09 load
[runlim] sample:		2482.27 time, 2490.01 real, 3 MB, 1.08 load
[runlim] sample:		2492.24 time, 2500.01 real, 3 MB, 1.14 load
[runlim] sample:		2502.21 time, 2510.01 real, 3 MB, 1.12 load
[runlim] sample:		2512.18 time, 2520.01 real, 3 MB, 1.10 load
[runlim] sample:		2522.15 time, 2530.01 real, 3 MB, 1.24 load
[runlim] sample:		2532.12 time, 2540.01 real, 3 MB, 1.21 load
[runlim] sample:		2542.09 time, 2550.01 real, 3 MB, 1.17 load
[runlim] sample:		2552.06 time, 2560.01 real, 3 MB, 1.15 load
[runlim] sample:		2562.03 time, 2570.01 real, 3 MB, 1.12 load
[runlim] sample:		2572.00 time, 2580.01 real, 3 MB, 1.10 load
[runlim] sample:		2581.96 time, 2590.01 real, 3 MB, 1.17 load
[runlim] sample:		2591.93 time, 2600.01 real, 3 MB, 1.14 load
[runlim] sample:		2601.90 time, 2610.01 real, 3 MB, 1.12 load
[runlim] sample:		2611.87 time, 2620.01 real, 3 MB, 1.10 load
[runlim] sample:		2621.84 time, 2630.01 real, 3 MB, 1.08 load
[runlim] sample:		2631.81 time, 2640.01 real, 3 MB, 1.07 load
[runlim] sample:		2641.78 time, 2650.01 real, 3 MB, 1.06 load
[runlim] sample:		2651.75 time, 2660.01 real, 3 MB, 1.05 load
[runlim] sample:		2661.72 time, 2670.01 real, 3 MB, 1.04 load
[runlim] sample:		2671.69 time, 2680.01 real, 3 MB, 1.04 load
[runlim] sample:		2681.67 time, 2690.01 real, 3 MB, 1.03 load
[runlim] sample:		2691.64 time, 2700.01 real, 3 MB, 1.02 load
[runlim] sample:		2701.61 time, 2710.01 real, 3 MB, 1.02 load
[runlim] sample:		2711.58 time, 2720.01 real, 3 MB, 1.02 load
[runlim] sample:		2721.55 time, 2730.01 real, 3 MB, 1.16 load
[runlim] sample:		2731.52 time, 2740.01 real, 3 MB, 1.14 load
[runlim] sample:		2741.49 time, 2750.01 real, 3 MB, 1.11 load
[runlim] sample:		2751.46 time, 2760.01 real, 3 MB, 1.10 load
[runlim] sample:		2761.43 time, 2770.01 real, 3 MB, 1.08 load
[runlim] sample:		2771.40 time, 2780.01 real, 3 MB, 1.07 load
[runlim] sample:		2781.37 time, 2790.01 real, 3 MB, 1.06 load
[runlim] sample:		2791.34 time, 2800.01 real, 3 MB, 1.05 load
[runlim] sample:		2801.31 time, 2810.01 real, 3 MB, 1.11 load
[runlim] sample:		2811.28 time, 2820.01 real, 3 MB, 1.10 load
[runlim] sample:		2821.26 time, 2830.01 real, 3 MB, 1.08 load
[runlim] sample:		2831.23 time, 2840.01 real, 3 MB, 1.07 load
[runlim] sample:		2841.20 time, 2850.01 real, 3 MB, 1.06 load
[runlim] sample:		2851.17 time, 2860.01 real, 3 MB, 1.05 load
[runlim] sample:		2861.14 time, 2870.01 real, 3 MB, 1.04 load
[runlim] sample:		2871.11 time, 2880.01 real, 3 MB, 1.03 load
[runlim] sample:		2881.08 time, 2890.01 real, 3 MB, 1.03 load
[runlim] sample:		2891.05 time, 2900.01 real, 3 MB, 1.10 load
[runlim] sample:		2901.02 time, 2910.01 real, 3 MB, 1.08 load
[runlim] sample:		2910.99 time, 2920.01 real, 3 MB, 1.07 load
[runlim] sample:		2920.96 time, 2930.01 real, 3 MB, 1.06 load
[runlim] sample:		2930.93 time, 2940.01 real, 3 MB, 1.05 load
[runlim] sample:		2940.90 time, 2950.01 real, 3 MB, 1.04 load
[runlim] sample:		2950.88 time, 2960.01 real, 3 MB, 1.03 load
[runlim] sample:		2960.85 time, 2970.01 real, 3 MB, 1.27 load
[runlim] sample:		2970.82 time, 2980.01 real, 3 MB, 1.23 load
[runlim] sample:		2980.79 time, 2990.01 real, 3 MB, 1.19 load
[runlim] sample:		2990.76 time, 3000.01 real, 3 MB, 1.16 load
[runlim] sample:		3000.73 time, 3010.01 real, 3 MB, 1.14 load
[runlim] sample:		3010.70 time, 3020.01 real, 3 MB, 1.12 load
[runlim] sample:		3020.67 time, 3030.01 real, 3 MB, 1.10 load
[runlim] sample:		3030.64 time, 3040.01 real, 3 MB, 1.09 load
[runlim] sample:		3040.62 time, 3050.01 real, 3 MB, 1.07 load
[runlim] sample:		3050.59 time, 3060.01 real, 3 MB, 1.06 load
[runlim] sample:		3060.56 time, 3070.01 real, 3 MB, 1.21 load
[runlim] sample:		3070.53 time, 3080.01 real, 3 MB, 1.33 load
[runlim] sample:		3080.50 time, 3090.01 real, 3 MB, 1.44 load
[runlim] sample:		3090.47 time, 3100.01 real, 3 MB, 1.52 load
[runlim] sample:		3100.44 time, 3110.01 real, 3 MB, 1.60 load
[runlim] sample:		3110.42 time, 3120.01 real, 3 MB, 1.66 load
[runlim] sample:		3120.38 time, 3130.01 real, 3 MB, 1.71 load
[runlim] sample:		3130.35 time, 3140.01 real, 3 MB, 1.84 load
[runlim] sample:		3140.33 time, 3150.01 real, 3 MB, 1.86 load
[runlim] sample:		3150.30 time, 3160.01 real, 3 MB, 1.88 load
[runlim] sample:		3160.27 time, 3170.01 real, 3 MB, 1.75 load
[runlim] sample:		3170.24 time, 3180.01 real, 3 MB, 1.63 load
[runlim] sample:		3180.21 time, 3190.01 real, 3 MB, 1.53 load
[runlim] sample:		3190.18 time, 3200.01 real, 3 MB, 1.45 load
[runlim] sample:		3200.15 time, 3210.01 real, 3 MB, 1.38 load
[runlim] sample:		3210.12 time, 3220.01 real, 3 MB, 1.32 load
[runlim] sample:		3220.09 time, 3230.01 real, 3 MB, 1.27 load
[runlim] sample:		3230.06 time, 3240.01 real, 3 MB, 1.23 load
[runlim] sample:		3240.03 time, 3250.01 real, 3 MB, 1.19 load
[runlim] sample:		3250.00 time, 3260.01 real, 3 MB, 1.16 load
[runlim] sample:		3259.97 time, 3270.01 real, 3 MB, 1.14 load
[runlim] sample:		3269.94 time, 3280.01 real, 3 MB, 1.12 load
[runlim] sample:		3279.91 time, 3290.01 real, 3 MB, 1.10 load
[runlim] sample:		3289.89 time, 3300.01 real, 3 MB, 1.08 load
[runlim] sample:		3299.86 time, 3310.01 real, 3 MB, 1.07 load
[runlim] sample:		3309.82 time, 3320.01 real, 3 MB, 1.06 load
[runlim] sample:		3319.79 time, 3330.01 real, 3 MB, 1.05 load
[runlim] sample:		3329.76 time, 3340.01 real, 3 MB, 1.04 load
[runlim] sample:		3339.73 time, 3350.01 real, 3 MB, 1.03 load
[runlim] sample:		3349.71 time, 3360.01 real, 3 MB, 1.03 load
[runlim] sample:		3359.68 time, 3370.01 real, 3 MB, 1.02 load
[runlim] sample:		3369.64 time, 3380.01 real, 3 MB, 1.02 load
[runlim] sample:		3379.62 time, 3390.01 real, 3 MB, 1.02 load
[runlim] sample:		3389.59 time, 3400.01 real, 3 MB, 1.01 load
[runlim] sample:		3399.56 time, 3410.01 real, 3 MB, 1.01 load
[runlim] sample:		3409.53 time, 3420.01 real, 3 MB, 1.01 load
[runlim] sample:		3419.50 time, 3430.01 real, 3 MB, 1.01 load
[runlim] sample:		3429.47 time, 3440.01 real, 3 MB, 1.01 load
[runlim] sample:		3439.44 time, 3450.01 real, 3 MB, 1.00 load
[runlim] sample:		3449.41 time, 3460.01 real, 3 MB, 1.00 load
[runlim] sample:		3459.38 time, 3470.01 real, 3 MB, 1.08 load
[runlim] sample:		3469.34 time, 3480.01 real, 3 MB, 1.06 load
[runlim] sample:		3479.31 time, 3490.01 real, 3 MB, 1.05 load
[runlim] sample:		3489.28 time, 3500.01 real, 3 MB, 1.05 load
[runlim] sample:		3499.25 time, 3510.01 real, 3 MB, 1.04 load
[runlim] sample:		3509.22 time, 3520.01 real, 3 MB, 1.03 load
[runlim] sample:		3519.19 time, 3530.01 real, 3 MB, 1.03 load
[runlim] sample:		3529.16 time, 3540.01 real, 3 MB, 1.02 load
[runlim] sample:		3539.14 time, 3550.01 real, 3 MB, 1.02 load
[runlim] sample:		3549.11 time, 3560.01 real, 3 MB, 1.02 load
[runlim] sample:		3559.07 time, 3570.01 real, 3 MB, 1.01 load
[runlim] sample:		3569.04 time, 3580.01 real, 3 MB, 1.08 load
[runlim] sample:		3579.02 time, 3590.01 real, 3 MB, 1.07 load
[runlim] sample:		3588.99 time, 3600.01 real, 3 MB, 1.06 load
[runlim] sample:		3598.96 time, 3610.01 real, 3 MB, 1.05 load
[runlim] sample:		3608.93 time, 3620.01 real, 3 MB, 1.04 load
[runlim] sample:		3618.90 time, 3630.01 real, 3 MB, 1.04 load
[runlim] sample:		3628.87 time, 3640.01 real, 3 MB, 1.03 load
[runlim] sample:		3638.84 time, 3650.01 real, 3 MB, 1.02 load
[runlim] sample:		3648.81 time, 3660.01 real, 3 MB, 1.02 load
[runlim] sample:		3658.78 time, 3670.01 real, 3 MB, 1.02 load
[runlim] sample:		3668.76 time, 3680.01 real, 3 MB, 1.01 load
[runlim] sample:		3678.72 time, 3690.01 real, 3 MB, 1.01 load
[runlim] sample:		3688.70 time, 3700.01 real, 3 MB, 1.01 load
[runlim] sample:		3698.67 time, 3710.01 real, 3 MB, 1.01 load
[runlim] sample:		3708.64 time, 3720.01 real, 3 MB, 1.01 load
[runlim] sample:		3718.61 time, 3730.01 real, 3 MB, 1.00 load
[runlim] sample:		3728.58 time, 3740.01 real, 3 MB, 1.00 load
[runlim] sample:		3738.55 time, 3750.01 real, 3 MB, 1.00 load
[runlim] sample:		3748.52 time, 3760.01 real, 3 MB, 1.00 load
[runlim] sample:		3758.49 time, 3770.01 real, 3 MB, 1.00 load
[runlim] sample:		3768.46 time, 3780.01 real, 3 MB, 1.07 load
[runlim] sample:		3778.43 time, 3790.01 real, 3 MB, 1.06 load
[runlim] sample:		3788.40 time, 3800.01 real, 3 MB, 1.05 load
[runlim] sample:		3798.37 time, 3810.01 real, 3 MB, 1.04 load
[runlim] sample:		3808.34 time, 3820.01 real, 3 MB, 1.04 load
[runlim] sample:		3818.31 time, 3830.01 real, 3 MB, 1.03 load
[runlim] sample:		3828.28 time, 3840.01 real, 3 MB, 1.02 load
[runlim] sample:		3838.25 time, 3850.01 real, 3 MB, 1.02 load
[runlim] sample:		3848.22 time, 3860.01 real, 3 MB, 1.02 load
[runlim] sample:		3858.19 time, 3870.01 real, 3 MB, 1.01 load
[runlim] sample:		3868.17 time, 3880.01 real, 3 MB, 1.01 load
[runlim] sample:		3878.13 time, 3890.01 real, 3 MB, 1.01 load
[runlim] sample:		3888.10 time, 3900.01 real, 3 MB, 1.01 load
[runlim] sample:		3898.07 time, 3910.01 real, 3 MB, 1.01 load
[runlim] sample:		3908.05 time, 3920.01 real, 3 MB, 1.00 load
[runlim] sample:		3918.02 time, 3930.01 real, 3 MB, 1.00 load
[runlim] sample:		3927.99 time, 3940.01 real, 3 MB, 1.00 load
[runlim] sample:		3937.96 time, 3950.01 real, 3 MB, 1.00 load
[runlim] sample:		3947.93 time, 3960.01 real, 3 MB, 1.00 load
[runlim] sample:		3957.90 time, 3970.01 real, 3 MB, 1.00 load
[runlim] sample:		3967.87 time, 3980.01 real, 3 MB, 1.07 load
[runlim] sample:		3977.84 time, 3990.01 real, 3 MB, 1.06 load
[runlim] sample:		3987.82 time, 4000.01 real, 3 MB, 1.05 load
[runlim] sample:		3997.79 time, 4010.01 real, 3 MB, 1.04 load
[runlim] sample:		4007.76 time, 4020.01 real, 3 MB, 1.04 load
[runlim] sample:		4017.73 time, 4030.01 real, 3 MB, 1.03 load
[runlim] sample:		4027.70 time, 4040.01 real, 3 MB, 1.10 load
[runlim] sample:		4037.67 time, 4050.01 real, 3 MB, 1.08 load
[runlim] sample:		4047.64 time, 4060.01 real, 3 MB, 1.07 load
[runlim] sample:		4057.61 time, 4070.01 real, 3 MB, 1.06 load
[runlim] sample:		4067.58 time, 4080.01 real, 3 MB, 1.05 load
[runlim] sample:		4077.55 time, 4090.01 real, 3 MB, 1.04 load
[runlim] sample:		4087.52 time, 4100.01 real, 3 MB, 1.11 load
[runlim] sample:		4097.49 time, 4110.01 real, 3 MB, 1.09 load
[runlim] sample:		4107.46 time, 4120.01 real, 3 MB, 1.08 load
[runlim] sample:		4117.43 time, 4130.01 real, 3 MB, 1.06 load
[runlim] sample:		4127.40 time, 4140.01 real, 3 MB, 1.05 load
[runlim] sample:		4137.37 time, 4150.01 real, 3 MB, 1.05 load
[runlim] sample:		4147.34 time, 4160.01 real, 3 MB, 1.04 load
[runlim] sample:		4157.31 time, 4170.01 real, 3 MB, 1.03 load
[runlim] sample:		4167.28 time, 4180.01 real, 3 MB, 1.03 load
[runlim] sample:		4177.25 time, 4190.01 real, 3 MB, 1.02 load
[runlim] sample:		4187.22 time, 4200.01 real, 3 MB, 1.02 load
[runlim] sample:		4197.19 time, 4210.01 real, 3 MB, 1.02 load
[runlim] sample:		4207.16 time, 4220.01 real, 3 MB, 1.01 load
[runlim] sample:		4217.13 time, 4230.01 real, 3 MB, 1.01 load
[runlim] sample:		4227.10 time, 4240.01 real, 3 MB, 1.08 load
[runlim] sample:		4237.07 time, 4250.01 real, 3 MB, 1.07 load
[runlim] sample:		4247.05 time, 4260.01 real, 3 MB, 1.06 load
[runlim] sample:		4257.02 time, 4270.01 real, 3 MB, 1.05 load
[runlim] sample:		4266.99 time, 4280.01 real, 3 MB, 1.11 load
[runlim] sample:		4276.96 time, 4290.01 real, 3 MB, 1.10 load
[runlim] sample:		4286.93 time, 4300.01 real, 3 MB, 1.16 load
[runlim] sample:		4296.90 time, 4310.01 real, 3 MB, 1.13 load
[runlim] sample:		4306.87 time, 4320.01 real, 3 MB, 1.11 load
[runlim] sample:		4316.84 time, 4330.01 real, 3 MB, 1.09 load
[runlim] sample:		4326.81 time, 4340.01 real, 3 MB, 1.08 load
[runlim] sample:		4336.79 time, 4350.01 real, 3 MB, 1.15 load
[runlim] sample:		4346.76 time, 4360.01 real, 3 MB, 1.12 load
[runlim] sample:		4356.73 time, 4370.01 real, 3 MB, 1.10 load
[runlim] sample:		4366.69 time, 4380.01 real, 3 MB, 1.24 load
[runlim] sample:		4376.66 time, 4390.01 real, 3 MB, 1.20 load
[runlim] sample:		4386.63 time, 4400.01 real, 3 MB, 1.17 load
[runlim] sample:		4396.60 time, 4410.01 real, 3 MB, 1.15 load
[runlim] sample:		4406.57 time, 4420.01 real, 3 MB, 1.12 load
[runlim] sample:		4416.54 time, 4430.01 real, 3 MB, 1.10 load
[runlim] sample:		4426.51 time, 4440.01 real, 3 MB, 1.16 load
[runlim] sample:		4436.48 time, 4450.01 real, 3 MB, 1.14 load
[runlim] sample:		4446.45 time, 4460.01 real, 3 MB, 1.11 load
[runlim] sample:		4456.43 time, 4470.01 real, 3 MB, 1.10 load
[runlim] sample:		4466.40 time, 4480.01 real, 3 MB, 1.08 load
[runlim] sample:		4476.37 time, 4490.01 real, 3 MB, 1.07 load
[runlim] sample:		4486.34 time, 4500.01 real, 3 MB, 1.06 load
[runlim] sample:		4496.31 time, 4510.01 real, 3 MB, 1.05 load
[runlim] sample:		4506.28 time, 4520.01 real, 3 MB, 1.04 load
[runlim] sample:		4516.25 time, 4530.01 real, 3 MB, 1.03 load
[runlim] sample:		4526.22 time, 4540.01 real, 3 MB, 1.03 load
[runlim] sample:		4536.20 time, 4550.01 real, 3 MB, 1.02 load
[runlim] sample:		4546.17 time, 4560.01 real, 3 MB, 1.02 load
[runlim] sample:		4556.14 time, 4570.01 real, 3 MB, 1.02 load
[runlim] sample:		4566.11 time, 4580.01 real, 3 MB, 1.17 load
[runlim] sample:		4576.08 time, 4590.01 real, 3 MB, 1.14 load
[runlim] sample:		4586.05 time, 4600.01 real, 3 MB, 1.12 load
[runlim] sample:		4596.02 time, 4610.01 real, 3 MB, 1.10 load
[runlim] sample:		4605.99 time, 4620.01 real, 3 MB, 1.08 load
[runlim] sample:		4615.96 time, 4630.01 real, 3 MB, 1.07 load
[runlim] sample:		4625.93 time, 4640.01 real, 3 MB, 1.13 load
[runlim] sample:		4635.90 time, 4650.01 real, 3 MB, 1.11 load
[runlim] sample:		4645.88 time, 4660.01 real, 3 MB, 1.10 load
[runlim] sample:		4655.85 time, 4670.01 real, 3 MB, 1.08 load
[runlim] sample:		4665.82 time, 4680.01 real, 3 MB, 1.07 load
[runlim] sample:		4675.79 time, 4690.01 real, 3 MB, 1.06 load
[runlim] sample:		4685.76 time, 4700.01 real, 3 MB, 1.12 load
[runlim] sample:		4695.73 time, 4710.01 real, 3 MB, 1.10 load
[runlim] sample:		4705.70 time, 4720.01 real, 3 MB, 1.09 load
[runlim] sample:		4715.68 time, 4730.01 real, 3 MB, 1.07 load
[runlim] sample:		4725.65 time, 4740.01 real, 3 MB, 1.06 load
[runlim] sample:		4735.62 time, 4750.01 real, 3 MB, 1.05 load
[runlim] sample:		4745.59 time, 4760.01 real, 3 MB, 1.04 load
[runlim] sample:		4755.56 time, 4770.01 real, 3 MB, 1.04 load
[runlim] sample:		4765.53 time, 4780.01 real, 3 MB, 1.10 load
[runlim] sample:		4775.50 time, 4790.01 real, 3 MB, 1.09 load
[runlim] sample:		4785.47 time, 4800.01 real, 3 MB, 1.07 load
[runlim] sample:		4795.45 time, 4810.01 real, 3 MB, 1.06 load
[runlim] sample:		4805.42 time, 4820.01 real, 3 MB, 1.05 load
[runlim] sample:		4815.39 time, 4830.01 real, 3 MB, 1.04 load
[runlim] sample:		4825.36 time, 4840.01 real, 3 MB, 1.11 load
[runlim] sample:		4835.33 time, 4850.01 real, 3 MB, 1.09 load
[runlim] sample:		4845.30 time, 4860.01 real, 3 MB, 1.08 load
[runlim] sample:		4855.27 time, 4870.01 real, 3 MB, 1.07 load
[runlim] sample:		4865.24 time, 4880.01 real, 3 MB, 1.06 load
[runlim] sample:		4875.21 time, 4890.01 real, 3 MB, 1.05 load
[runlim] sample:		4885.18 time, 4900.01 real, 3 MB, 1.04 load
[runlim] sample:		4895.15 time, 4910.01 real, 3 MB, 1.03 load
[runlim] sample:		4905.12 time, 4920.01 real, 3 MB, 1.03 load
[runlim] sample:		4915.10 time, 4930.01 real, 3 MB, 1.02 load
[runlim] sample:		4925.07 time, 4940.01 real, 3 MB, 1.02 load
[runlim] sample:		4935.04 time, 4950.01 real, 3 MB, 1.02 load
[runlim] sample:		4945.01 time, 4960.01 real, 3 MB, 1.01 load
[runlim] sample:		4954.98 time, 4970.01 real, 3 MB, 1.01 load
[runlim] sample:		4964.95 time, 4980.01 real, 3 MB, 1.08 load
[runlim] sample:		4974.92 time, 4990.01 real, 3 MB, 1.07 load
[runlim] sample:		4984.89 time, 5000.01 real, 3 MB, 1.06 load
[runlim] end:			Sat Mar 14 16:41:13 2026
[runlim] status:		out of time
[runlim] result:		2
[runlim] children:		1
[runlim] processes:		2
[runlim] real:			5000.05 seconds
[runlim] time:			4984.89 seconds
[runlim] space:			3 MB
[runlim] load:			8.77 maximum
[runlim] samples:		50000
