[runlim] version:		2.0.0rc1
[runlim] host:			p06n20
[runlim] time limit:		311040000 seconds
[runlim] real time limit:	5000 seconds
[runlim] space limit:		7000 MB
[runlim] argv[0]:		./binary
[runlim] argv[1]:		-c
[runlim] argv[2]:		-s
[runlim] argv[3]:		/tmp/local-unzipped-12158343-3-166-BMS_k3_n100_m429_182.cnf
[runlim] start:			Sat Mar 14 14:53:35 2026
[runlim] child:			1912408
[runlim] sample:		9.96 time, 10.01 real, 3 MB, 2.77 load
[runlim] sample:		19.91 time, 20.01 real, 3 MB, 3.74 load
[runlim] sample:		29.86 time, 30.01 real, 3 MB, 4.70 load
[runlim] sample:		39.81 time, 40.01 real, 3 MB, 5.29 load
[runlim] sample:		49.77 time, 50.01 real, 3 MB, 5.71 load
[runlim] sample:		59.73 time, 60.01 real, 3 MB, 6.06 load
[runlim] sample:		69.68 time, 70.01 real, 3 MB, 6.36 load
[runlim] sample:		79.64 time, 80.01 real, 3 MB, 6.61 load
[runlim] sample:		89.60 time, 90.01 real, 3 MB, 6.75 load
[runlim] sample:		99.55 time, 100.01 real, 3 MB, 6.78 load
[runlim] sample:		109.51 time, 110.01 real, 3 MB, 6.82 load
[runlim] sample:		119.46 time, 120.01 real, 3 MB, 6.93 load
[runlim] sample:		129.43 time, 130.01 real, 3 MB, 6.94 load
[runlim] sample:		139.39 time, 140.01 real, 3 MB, 6.95 load
[runlim] end:			Sat Mar 14 14:56:03 2026
[runlim] status:		ok
[runlim] result:		0
[runlim] children:		1
[runlim] processes:		2
[runlim] real:			148.22 seconds
[runlim] time:			147.57 seconds
[runlim] space:			3 MB
[runlim] load:			6.95 maximum
[runlim] samples:		1482
