[runlim] version:		2.0.0rc1
[runlim] host:			p09n05
[runlim] time limit:		311040000 seconds
[runlim] real time limit:	5000 seconds
[runlim] space limit:		7000 MB
[runlim] argv[0]:		./binary
[runlim] argv[1]:		-c
[runlim] argv[2]:		-s
[runlim] argv[3]:		/tmp/local-unzipped-12158343-8-486-BMS_k3_n100_m429_479.cnf
[runlim] start:			Sat Mar 14 15:47:07 2026
[runlim] child:			3682906
[runlim] sample:		9.96 time, 10.01 real, 3 MB, 2.80 load
[runlim] sample:		19.92 time, 20.01 real, 3 MB, 3.59 load
[runlim] sample:		29.88 time, 30.01 real, 3 MB, 3.96 load
[runlim] sample:		39.84 time, 40.01 real, 3 MB, 4.28 load
[runlim] sample:		49.80 time, 50.01 real, 3 MB, 4.62 load
[runlim] sample:		59.76 time, 60.01 real, 3 MB, 4.83 load
[runlim] sample:		69.73 time, 70.01 real, 3 MB, 5.01 load
[runlim] sample:		79.69 time, 80.01 real, 3 MB, 5.01 load
[runlim] sample:		89.66 time, 90.01 real, 4 MB, 5.01 load
[runlim] sample:		99.62 time, 100.01 real, 4 MB, 4.85 load
[runlim] sample:		109.58 time, 110.01 real, 4 MB, 4.72 load
[runlim] sample:		119.54 time, 120.01 real, 4 MB, 4.61 load
[runlim] sample:		129.50 time, 130.01 real, 4 MB, 4.43 load
[runlim] sample:		139.46 time, 140.01 real, 4 MB, 4.21 load
[runlim] sample:		149.43 time, 150.01 real, 4 MB, 4.03 load
[runlim] sample:		159.39 time, 160.01 real, 4 MB, 3.87 load
[runlim] sample:		169.36 time, 170.01 real, 4 MB, 3.73 load
[runlim] sample:		179.31 time, 180.01 real, 4 MB, 3.70 load
[runlim] sample:		189.27 time, 190.01 real, 4 MB, 3.59 load
[runlim] sample:		199.22 time, 200.01 real, 4 MB, 3.50 load
[runlim] sample:		209.18 time, 210.01 real, 4 MB, 3.42 load
[runlim] sample:		219.13 time, 220.01 real, 4 MB, 3.36 load
[runlim] sample:		229.09 time, 230.01 real, 4 MB, 3.30 load
[runlim] sample:		239.04 time, 240.01 real, 4 MB, 3.33 load
[runlim] sample:		248.99 time, 250.01 real, 4 MB, 3.28 load
[runlim] sample:		258.95 time, 260.01 real, 4 MB, 3.08 load
[runlim] sample:		268.91 time, 270.01 real, 4 MB, 2.91 load
[runlim] sample:		278.87 time, 280.01 real, 4 MB, 2.77 load
[runlim] sample:		288.83 time, 290.01 real, 4 MB, 2.65 load
[runlim] sample:		298.80 time, 300.01 real, 4 MB, 2.55 load
[runlim] sample:		308.76 time, 310.01 real, 4 MB, 2.47 load
[runlim] sample:		318.71 time, 320.01 real, 4 MB, 2.39 load
[runlim] sample:		328.67 time, 330.01 real, 4 MB, 2.33 load
[runlim] sample:		338.63 time, 340.01 real, 4 MB, 2.28 load
[runlim] sample:		348.59 time, 350.01 real, 4 MB, 2.24 load
[runlim] sample:		358.55 time, 360.01 real, 4 MB, 2.20 load
[runlim] sample:		368.51 time, 370.01 real, 4 MB, 2.24 load
[runlim] sample:		378.46 time, 380.01 real, 4 MB, 2.21 load
[runlim] sample:		388.42 time, 390.01 real, 4 MB, 2.17 load
[runlim] sample:		398.38 time, 400.01 real, 4 MB, 2.15 load
[runlim] sample:		408.34 time, 410.01 real, 4 MB, 2.12 load
[runlim] sample:		418.30 time, 420.01 real, 4 MB, 2.10 load
[runlim] sample:		428.26 time, 430.01 real, 4 MB, 2.09 load
[runlim] sample:		438.22 time, 440.01 real, 4 MB, 2.15 load
[runlim] sample:		448.18 time, 450.01 real, 4 MB, 2.12 load
[runlim] sample:		458.15 time, 460.01 real, 4 MB, 2.10 load
[runlim] sample:		468.10 time, 470.01 real, 4 MB, 2.09 load
[runlim] sample:		478.06 time, 480.01 real, 4 MB, 2.07 load
[runlim] sample:		488.02 time, 490.01 real, 4 MB, 2.06 load
[runlim] sample:		497.98 time, 500.01 real, 4 MB, 2.05 load
[runlim] sample:		507.94 time, 510.01 real, 4 MB, 2.04 load
[runlim] sample:		517.90 time, 520.01 real, 4 MB, 2.04 load
[runlim] sample:		527.86 time, 530.01 real, 4 MB, 1.88 load
[runlim] sample:		537.83 time, 540.01 real, 4 MB, 1.74 load
[runlim] sample:		547.80 time, 550.01 real, 4 MB, 1.70 load
[runlim] sample:		557.77 time, 560.01 real, 4 MB, 1.59 load
[runlim] sample:		567.74 time, 570.01 real, 4 MB, 1.50 load
[runlim] sample:		577.71 time, 580.01 real, 4 MB, 1.50 load
[runlim] sample:		587.68 time, 590.01 real, 4 MB, 1.42 load
[runlim] sample:		597.64 time, 600.01 real, 4 MB, 1.36 load
[runlim] sample:		607.62 time, 610.01 real, 4 MB, 1.30 load
[runlim] sample:		617.58 time, 620.01 real, 4 MB, 1.25 load
[runlim] sample:		627.55 time, 630.01 real, 4 MB, 1.21 load
[runlim] sample:		637.52 time, 640.01 real, 4 MB, 1.25 load
[runlim] sample:		647.49 time, 650.01 real, 4 MB, 1.21 load
[runlim] sample:		657.46 time, 660.01 real, 4 MB, 1.18 load
[runlim] sample:		667.43 time, 670.01 real, 4 MB, 1.15 load
[runlim] sample:		677.40 time, 680.01 real, 4 MB, 1.13 load
[runlim] sample:		687.37 time, 690.01 real, 4 MB, 1.11 load
[runlim] sample:		697.34 time, 700.01 real, 4 MB, 1.09 load
[runlim] sample:		707.31 time, 710.01 real, 4 MB, 1.16 load
[runlim] sample:		717.27 time, 720.01 real, 4 MB, 1.21 load
[runlim] sample:		727.24 time, 730.01 real, 4 MB, 1.18 load
[runlim] sample:		737.21 time, 740.01 real, 4 MB, 1.15 load
[runlim] sample:		747.18 time, 750.01 real, 4 MB, 1.21 load
[runlim] sample:		757.15 time, 760.01 real, 4 MB, 1.18 load
[runlim] sample:		767.12 time, 770.01 real, 4 MB, 1.15 load
[runlim] sample:		777.08 time, 780.01 real, 4 MB, 1.21 load
[runlim] sample:		787.05 time, 790.01 real, 4 MB, 1.17 load
[runlim] sample:		797.02 time, 800.01 real, 4 MB, 1.15 load
[runlim] sample:		807.00 time, 810.01 real, 4 MB, 1.12 load
[runlim] sample:		816.97 time, 820.01 real, 4 MB, 1.10 load
[runlim] sample:		826.93 time, 830.01 real, 4 MB, 1.09 load
[runlim] sample:		836.89 time, 840.01 real, 4 MB, 1.15 load
[runlim] sample:		846.86 time, 850.01 real, 4 MB, 1.13 load
[runlim] sample:		856.83 time, 860.01 real, 4 MB, 1.11 load
[runlim] sample:		866.80 time, 870.01 real, 4 MB, 1.09 load
[runlim] sample:		876.77 time, 880.01 real, 4 MB, 1.08 load
[runlim] sample:		886.74 time, 890.01 real, 4 MB, 1.06 load
[runlim] sample:		896.71 time, 900.01 real, 4 MB, 1.05 load
[runlim] sample:		906.67 time, 910.01 real, 4 MB, 1.05 load
[runlim] sample:		916.64 time, 920.01 real, 4 MB, 1.04 load
[runlim] sample:		926.61 time, 930.01 real, 4 MB, 1.03 load
[runlim] sample:		936.59 time, 940.01 real, 4 MB, 1.03 load
[runlim] sample:		946.56 time, 950.01 real, 4 MB, 1.02 load
[runlim] sample:		956.53 time, 960.01 real, 4 MB, 1.02 load
[runlim] sample:		966.50 time, 970.01 real, 4 MB, 1.02 load
[runlim] sample:		976.46 time, 980.01 real, 4 MB, 1.01 load
[runlim] sample:		986.43 time, 990.01 real, 4 MB, 1.01 load
[runlim] sample:		996.40 time, 1000.01 real, 4 MB, 1.01 load
[runlim] sample:		1006.37 time, 1010.01 real, 4 MB, 1.01 load
[runlim] sample:		1016.34 time, 1020.01 real, 4 MB, 1.00 load
[runlim] sample:		1026.31 time, 1030.01 real, 4 MB, 1.00 load
[runlim] sample:		1036.28 time, 1040.01 real, 4 MB, 1.00 load
[runlim] sample:		1046.25 time, 1050.01 real, 4 MB, 1.08 load
[runlim] sample:		1056.22 time, 1060.01 real, 4 MB, 1.06 load
[runlim] sample:		1066.19 time, 1070.01 real, 4 MB, 1.05 load
[runlim] sample:		1076.16 time, 1080.01 real, 4 MB, 1.04 load
[runlim] sample:		1086.13 time, 1090.01 real, 4 MB, 1.04 load
[runlim] sample:		1096.10 time, 1100.01 real, 4 MB, 1.03 load
[runlim] sample:		1106.07 time, 1110.01 real, 4 MB, 1.03 load
[runlim] sample:		1116.03 time, 1120.01 real, 4 MB, 1.10 load
[runlim] sample:		1126.00 time, 1130.01 real, 4 MB, 1.09 load
[runlim] sample:		1135.97 time, 1140.01 real, 4 MB, 1.07 load
[runlim] sample:		1145.94 time, 1150.01 real, 4 MB, 1.06 load
[runlim] sample:		1155.91 time, 1160.01 real, 4 MB, 1.05 load
[runlim] sample:		1165.88 time, 1170.01 real, 4 MB, 1.04 load
[runlim] sample:		1175.85 time, 1180.01 real, 4 MB, 1.04 load
[runlim] sample:		1185.82 time, 1190.01 real, 4 MB, 1.03 load
[runlim] sample:		1195.79 time, 1200.01 real, 4 MB, 1.02 load
[runlim] sample:		1205.76 time, 1210.01 real, 4 MB, 1.02 load
[runlim] sample:		1215.72 time, 1220.01 real, 4 MB, 1.02 load
[runlim] sample:		1225.70 time, 1230.01 real, 4 MB, 1.01 load
[runlim] sample:		1235.66 time, 1240.01 real, 4 MB, 1.01 load
[runlim] sample:		1245.63 time, 1250.01 real, 4 MB, 1.01 load
[runlim] sample:		1255.60 time, 1260.01 real, 4 MB, 1.01 load
[runlim] sample:		1265.57 time, 1270.01 real, 4 MB, 1.01 load
[runlim] sample:		1275.54 time, 1280.01 real, 4 MB, 1.00 load
[runlim] sample:		1285.51 time, 1290.01 real, 4 MB, 1.00 load
[runlim] sample:		1295.48 time, 1300.01 real, 4 MB, 1.00 load
[runlim] sample:		1305.45 time, 1310.01 real, 4 MB, 1.00 load
[runlim] sample:		1315.42 time, 1320.01 real, 4 MB, 1.00 load
[runlim] sample:		1325.39 time, 1330.01 real, 4 MB, 1.07 load
[runlim] sample:		1335.36 time, 1340.01 real, 4 MB, 1.06 load
[runlim] sample:		1345.33 time, 1350.01 real, 4 MB, 1.05 load
[runlim] sample:		1355.30 time, 1360.01 real, 4 MB, 1.04 load
[runlim] sample:		1365.27 time, 1370.01 real, 4 MB, 1.04 load
[runlim] sample:		1375.23 time, 1380.01 real, 4 MB, 1.03 load
[runlim] sample:		1385.21 time, 1390.01 real, 4 MB, 1.02 load
[runlim] sample:		1395.18 time, 1400.01 real, 4 MB, 1.02 load
[runlim] sample:		1405.15 time, 1410.01 real, 4 MB, 1.02 load
[runlim] end:			Sat Mar 14 16:10:38 2026
[runlim] status:		ok
[runlim] result:		0
[runlim] children:		1
[runlim] processes:		2
[runlim] real:			1411.10 seconds
[runlim] time:			1406.15 seconds
[runlim] space:			4 MB
[runlim] load:			5.01 maximum
[runlim] samples:		14110
