[runlim] version:		2.0.0rc1
[runlim] host:			p05n22
[runlim] time limit:		311040000 seconds
[runlim] real time limit:	5000 seconds
[runlim] space limit:		7000 MB
[runlim] argv[0]:		./binary
[runlim] argv[1]:		-c
[runlim] argv[2]:		-r
[runlim] argv[3]:		/tmp/local-unzipped-12236046-4-255-BMS_k3_n100_m429_355.cnf
[runlim] start:			Fri Mar 20 17:30:46 2026
[runlim] child:			243887
[runlim] end:			Fri Mar 20 17:30:50 2026
[runlim] status:		ok
[runlim] result:		0
[runlim] children:		1
[runlim] processes:		2
[runlim] real:			3.88 seconds
[runlim] time:			3.78 seconds
[runlim] space:			4 MB
[runlim] load:			3.21 maximum
[runlim] samples:		38
