[runlim] version:		2.0.0rc1
[runlim] host:			p05n22
[runlim] time limit:		311040000 seconds
[runlim] real time limit:	5000 seconds
[runlim] space limit:		7000 MB
[runlim] argv[0]:		./binary
[runlim] argv[1]:		-c
[runlim] argv[2]:		-f
[runlim] argv[3]:		/tmp/local-unzipped-12236006-1-57-BMS_k3_n100_m429_138.cnf
[runlim] start:			Fri Mar 20 13:45:37 2026
[runlim] child:			4153237
[runlim] sample:		9.96 time, 10.01 real, 5 MB, 3.57 load
[runlim] sample:		19.92 time, 20.01 real, 5 MB, 4.10 load
[runlim] sample:		29.88 time, 30.01 real, 6 MB, 4.39 load
[runlim] sample:		39.84 time, 40.01 real, 6 MB, 4.64 load
[runlim] sample:		49.81 time, 50.01 real, 6 MB, 4.93 load
[runlim] sample:		59.77 time, 60.01 real, 6 MB, 5.09 load
[runlim] sample:		69.73 time, 70.01 real, 6 MB, 5.15 load
[runlim] sample:		79.69 time, 80.01 real, 6 MB, 5.13 load
[runlim] sample:		89.65 time, 90.01 real, 6 MB, 5.11 load
[runlim] sample:		99.62 time, 100.01 real, 6 MB, 4.94 load
[runlim] sample:		109.58 time, 110.01 real, 6 MB, 4.95 load
[runlim] sample:		119.55 time, 120.01 real, 6 MB, 4.81 load
[runlim] end:			Fri Mar 20 13:47:39 2026
[runlim] status:		ok
[runlim] result:		0
[runlim] children:		1
[runlim] processes:		2
[runlim] real:			122.08 seconds
[runlim] time:			121.54 seconds
[runlim] space:			6 MB
[runlim] load:			5.17 maximum
[runlim] samples:		1220
