[runlim] version:		2.0.0rc1
[runlim] host:			p05n14
[runlim] time limit:		311040000 seconds
[runlim] real time limit:	5000 seconds
[runlim] space limit:		7000 MB
[runlim] argv[0]:		./binary
[runlim] argv[1]:		-c
[runlim] argv[2]:		-f
[runlim] argv[3]:		/tmp/local-unzipped-12236006-4-194-BMS_k3_n100_m429_341.cnf
[runlim] start:			Fri Mar 20 14:04:18 2026
[runlim] child:			3016681
[runlim] end:			Fri Mar 20 14:04:23 2026
[runlim] status:		ok
[runlim] result:		0
[runlim] children:		1
[runlim] processes:		2
[runlim] real:			4.94 seconds
[runlim] time:			4.88 seconds
[runlim] space:			6 MB
[runlim] load:			2.28 maximum
[runlim] samples:		49
