[runlim] version:		2.0.0rc1
[runlim] host:			p05n14
[runlim] time limit:		311040000 seconds
[runlim] real time limit:	5000 seconds
[runlim] space limit:		7000 MB
[runlim] argv[0]:		./binary
[runlim] argv[1]:		-c
[runlim] argv[2]:		-f
[runlim] argv[3]:		/tmp/local-unzipped-12236006-4-234-BMS_k3_n100_m429_278.cnf
[runlim] start:			Fri Mar 20 14:04:58 2026
[runlim] child:			3018143
[runlim] sample:		9.96 time, 10.01 real, 3 MB, 3.94 load
[runlim] sample:		19.91 time, 20.01 real, 3 MB, 4.87 load
[runlim] sample:		29.88 time, 30.01 real, 4 MB, 5.19 load
[runlim] sample:		39.84 time, 40.01 real, 4 MB, 5.23 load
[runlim] sample:		49.81 time, 50.01 real, 4 MB, 4.96 load
[runlim] sample:		59.77 time, 60.01 real, 4 MB, 4.66 load
[runlim] sample:		69.74 time, 70.01 real, 4 MB, 4.55 load
[runlim] sample:		79.71 time, 80.01 real, 4 MB, 4.39 load
[runlim] sample:		89.68 time, 90.01 real, 4 MB, 4.18 load
[runlim] sample:		99.64 time, 100.01 real, 4 MB, 4.07 load
[runlim] sample:		109.61 time, 110.01 real, 4 MB, 3.82 load
[runlim] sample:		119.58 time, 120.01 real, 4 MB, 3.54 load
[runlim] sample:		129.55 time, 130.01 real, 4 MB, 3.31 load
[runlim] sample:		139.52 time, 140.01 real, 4 MB, 3.10 load
[runlim] sample:		149.48 time, 150.01 real, 4 MB, 2.93 load
[runlim] sample:		159.44 time, 160.01 real, 4 MB, 2.86 load
[runlim] sample:		169.40 time, 170.01 real, 4 MB, 2.73 load
[runlim] sample:		179.36 time, 180.01 real, 4 MB, 2.62 load
[runlim] sample:		189.32 time, 190.01 real, 4 MB, 2.52 load
[runlim] sample:		199.28 time, 200.01 real, 4 MB, 2.44 load
[runlim] sample:		209.24 time, 210.01 real, 4 MB, 2.37 load
[runlim] sample:		219.20 time, 220.01 real, 4 MB, 2.31 load
[runlim] sample:		229.16 time, 230.01 real, 4 MB, 2.27 load
[runlim] sample:		239.12 time, 240.01 real, 4 MB, 2.30 load
[runlim] sample:		249.08 time, 250.01 real, 4 MB, 2.25 load
[runlim] sample:		259.04 time, 260.01 real, 4 MB, 2.21 load
[runlim] sample:		269.00 time, 270.01 real, 4 MB, 2.18 load
[runlim] sample:		278.96 time, 280.01 real, 4 MB, 2.15 load
[runlim] sample:		288.92 time, 290.01 real, 4 MB, 2.13 load
[runlim] sample:		298.87 time, 300.01 real, 4 MB, 2.18 load
[runlim] sample:		308.83 time, 310.01 real, 4 MB, 2.15 load
[runlim] sample:		318.79 time, 320.01 real, 4 MB, 2.20 load
[runlim] sample:		328.75 time, 330.01 real, 4 MB, 2.17 load
[runlim] sample:		338.71 time, 340.01 real, 4 MB, 2.14 load
[runlim] sample:		348.67 time, 350.01 real, 4 MB, 2.12 load
[runlim] sample:		358.63 time, 360.01 real, 4 MB, 2.18 load
[runlim] sample:		368.59 time, 370.01 real, 4 MB, 2.15 load
[runlim] sample:		378.55 time, 380.01 real, 4 MB, 2.13 load
[runlim] sample:		388.51 time, 390.01 real, 4 MB, 2.11 load
[runlim] sample:		398.47 time, 400.01 real, 4 MB, 2.09 load
[runlim] sample:		408.43 time, 410.01 real, 4 MB, 2.08 load
[runlim] sample:		418.39 time, 420.01 real, 4 MB, 2.06 load
[runlim] sample:		428.35 time, 430.01 real, 4 MB, 2.05 load
[runlim] sample:		438.31 time, 440.01 real, 4 MB, 2.12 load
[runlim] sample:		448.27 time, 450.01 real, 4 MB, 2.17 load
[runlim] sample:		458.22 time, 460.01 real, 4 MB, 2.15 load
[runlim] sample:		468.18 time, 470.01 real, 4 MB, 2.12 load
[runlim] sample:		478.15 time, 480.01 real, 4 MB, 2.10 load
[runlim] sample:		488.10 time, 490.01 real, 4 MB, 2.09 load
[runlim] sample:		498.06 time, 500.01 real, 4 MB, 2.15 load
[runlim] sample:		508.02 time, 510.01 real, 4 MB, 2.12 load
[runlim] sample:		517.98 time, 520.01 real, 4 MB, 2.10 load
[runlim] sample:		527.94 time, 530.01 real, 4 MB, 2.09 load
[runlim] sample:		537.90 time, 540.01 real, 4 MB, 2.15 load
[runlim] sample:		547.86 time, 550.01 real, 4 MB, 2.28 load
[runlim] sample:		557.82 time, 560.01 real, 4 MB, 2.31 load
[runlim] sample:		567.78 time, 570.01 real, 4 MB, 2.26 load
[runlim] sample:		577.74 time, 580.01 real, 4 MB, 2.22 load
[runlim] sample:		587.70 time, 590.01 real, 4 MB, 2.19 load
[runlim] sample:		597.66 time, 600.01 real, 4 MB, 2.16 load
[runlim] sample:		607.62 time, 610.01 real, 4 MB, 2.13 load
[runlim] sample:		617.58 time, 620.01 real, 4 MB, 2.11 load
[runlim] sample:		627.54 time, 630.01 real, 4 MB, 2.24 load
[runlim] sample:		637.50 time, 640.01 real, 4 MB, 2.20 load
[runlim] sample:		647.46 time, 650.01 real, 4 MB, 2.25 load
[runlim] sample:		657.42 time, 660.01 real, 4 MB, 2.21 load
[runlim] sample:		667.38 time, 670.01 real, 4 MB, 2.18 load
[runlim] sample:		677.34 time, 680.01 real, 4 MB, 2.15 load
[runlim] sample:		687.29 time, 690.01 real, 4 MB, 2.20 load
[runlim] sample:		697.25 time, 700.01 real, 4 MB, 2.17 load
[runlim] sample:		707.21 time, 710.01 real, 4 MB, 2.14 load
[runlim] sample:		717.18 time, 720.01 real, 4 MB, 2.12 load
[runlim] sample:		727.13 time, 730.01 real, 4 MB, 2.10 load
[runlim] sample:		737.09 time, 740.01 real, 4 MB, 2.08 load
[runlim] sample:		747.05 time, 750.01 real, 4 MB, 2.15 load
[runlim] sample:		757.01 time, 760.01 real, 4 MB, 2.12 load
[runlim] sample:		766.97 time, 770.01 real, 4 MB, 2.10 load
[runlim] sample:		776.93 time, 780.01 real, 4 MB, 2.09 load
[runlim] sample:		786.89 time, 790.01 real, 4 MB, 2.07 load
[runlim] sample:		796.85 time, 800.01 real, 4 MB, 2.06 load
[runlim] sample:		806.81 time, 810.01 real, 4 MB, 2.13 load
[runlim] sample:		816.77 time, 820.01 real, 4 MB, 2.11 load
[runlim] sample:		826.73 time, 830.01 real, 4 MB, 2.09 load
[runlim] sample:		836.69 time, 840.01 real, 4 MB, 2.08 load
[runlim] sample:		846.65 time, 850.01 real, 4 MB, 2.06 load
[runlim] sample:		856.61 time, 860.01 real, 4 MB, 2.05 load
[runlim] sample:		866.56 time, 870.01 real, 4 MB, 2.20 load
[runlim] sample:		876.52 time, 880.01 real, 4 MB, 2.17 load
[runlim] sample:		886.48 time, 890.01 real, 4 MB, 2.14 load
[runlim] sample:		896.44 time, 900.01 real, 4 MB, 2.12 load
[runlim] sample:		906.40 time, 910.01 real, 4 MB, 2.10 load
[runlim] sample:		916.36 time, 920.01 real, 4 MB, 2.08 load
[runlim] sample:		926.32 time, 930.01 real, 4 MB, 2.07 load
[runlim] sample:		936.28 time, 940.01 real, 4 MB, 2.06 load
[runlim] sample:		946.24 time, 950.01 real, 4 MB, 2.05 load
[runlim] sample:		956.20 time, 960.01 real, 4 MB, 2.04 load
[runlim] sample:		966.16 time, 970.01 real, 4 MB, 2.04 load
[runlim] sample:		976.12 time, 980.01 real, 4 MB, 2.03 load
[runlim] sample:		986.08 time, 990.01 real, 4 MB, 2.02 load
[runlim] sample:		996.03 time, 1000.01 real, 4 MB, 2.02 load
[runlim] sample:		1005.99 time, 1010.01 real, 4 MB, 2.02 load
[runlim] sample:		1015.95 time, 1020.01 real, 4 MB, 2.01 load
[runlim] sample:		1025.91 time, 1030.01 real, 4 MB, 2.01 load
[runlim] sample:		1035.87 time, 1040.01 real, 4 MB, 2.01 load
[runlim] sample:		1045.83 time, 1050.01 real, 4 MB, 2.01 load
[runlim] sample:		1055.79 time, 1060.01 real, 4 MB, 2.01 load
[runlim] sample:		1065.75 time, 1070.01 real, 4 MB, 2.00 load
[runlim] sample:		1075.71 time, 1080.01 real, 4 MB, 2.00 load
[runlim] sample:		1085.67 time, 1090.01 real, 4 MB, 2.00 load
[runlim] sample:		1095.63 time, 1100.01 real, 4 MB, 2.00 load
[runlim] sample:		1105.58 time, 1110.01 real, 4 MB, 2.00 load
[runlim] sample:		1115.54 time, 1120.01 real, 4 MB, 2.00 load
[runlim] sample:		1125.50 time, 1130.01 real, 4 MB, 2.00 load
[runlim] sample:		1135.46 time, 1140.01 real, 4 MB, 2.00 load
[runlim] sample:		1145.41 time, 1150.01 real, 4 MB, 2.00 load
[runlim] sample:		1155.37 time, 1160.01 real, 4 MB, 2.00 load
[runlim] sample:		1165.33 time, 1170.01 real, 4 MB, 2.00 load
[runlim] sample:		1175.29 time, 1180.01 real, 4 MB, 2.00 load
[runlim] sample:		1185.25 time, 1190.01 real, 4 MB, 2.00 load
[runlim] sample:		1195.21 time, 1200.01 real, 4 MB, 2.00 load
[runlim] sample:		1205.16 time, 1210.01 real, 4 MB, 2.07 load
[runlim] sample:		1215.12 time, 1220.01 real, 4 MB, 2.06 load
[runlim] sample:		1225.08 time, 1230.01 real, 4 MB, 2.05 load
[runlim] sample:		1235.04 time, 1240.01 real, 4 MB, 2.04 load
[runlim] sample:		1245.00 time, 1250.01 real, 4 MB, 2.04 load
[runlim] sample:		1254.96 time, 1260.01 real, 4 MB, 2.03 load
[runlim] sample:		1264.92 time, 1270.01 real, 4 MB, 2.10 load
[runlim] sample:		1274.88 time, 1280.01 real, 4 MB, 2.08 load
[runlim] sample:		1284.84 time, 1290.01 real, 4 MB, 2.07 load
[runlim] sample:		1294.79 time, 1300.01 real, 4 MB, 2.06 load
[runlim] sample:		1304.75 time, 1310.01 real, 4 MB, 2.05 load
[runlim] sample:		1314.71 time, 1320.01 real, 4 MB, 2.04 load
[runlim] sample:		1324.67 time, 1330.01 real, 4 MB, 2.11 load
[runlim] sample:		1334.63 time, 1340.01 real, 4 MB, 2.09 load
[runlim] sample:		1344.59 time, 1350.01 real, 4 MB, 2.08 load
[runlim] sample:		1354.55 time, 1360.01 real, 4 MB, 2.06 load
[runlim] sample:		1364.51 time, 1370.01 real, 4 MB, 2.13 load
[runlim] sample:		1374.47 time, 1380.01 real, 4 MB, 2.11 load
[runlim] sample:		1384.44 time, 1390.01 real, 4 MB, 2.01 load
[runlim] sample:		1394.40 time, 1400.01 real, 4 MB, 1.86 load
[runlim] sample:		1404.37 time, 1410.01 real, 4 MB, 1.72 load
[runlim] sample:		1414.34 time, 1420.01 real, 4 MB, 1.61 load
[runlim] sample:		1424.31 time, 1430.01 real, 4 MB, 1.60 load
[runlim] sample:		1434.28 time, 1440.01 real, 4 MB, 1.50 load
[runlim] sample:		1444.24 time, 1450.01 real, 4 MB, 1.43 load
[runlim] sample:		1454.21 time, 1460.01 real, 4 MB, 1.36 load
[runlim] sample:		1464.18 time, 1470.01 real, 4 MB, 1.30 load
[runlim] sample:		1474.15 time, 1480.01 real, 4 MB, 1.26 load
[runlim] sample:		1484.12 time, 1490.01 real, 4 MB, 1.22 load
[runlim] sample:		1494.09 time, 1500.01 real, 4 MB, 1.18 load
[runlim] sample:		1504.05 time, 1510.01 real, 4 MB, 1.16 load
[runlim] sample:		1514.02 time, 1520.01 real, 4 MB, 1.13 load
[runlim] sample:		1523.99 time, 1530.01 real, 4 MB, 1.11 load
[runlim] sample:		1533.96 time, 1540.01 real, 4 MB, 1.09 load
[runlim] sample:		1543.92 time, 1550.01 real, 4 MB, 1.15 load
[runlim] sample:		1553.89 time, 1560.01 real, 4 MB, 1.13 load
[runlim] sample:		1563.86 time, 1570.01 real, 4 MB, 1.18 load
[runlim] sample:		1573.83 time, 1580.01 real, 4 MB, 1.15 load
[runlim] sample:		1583.80 time, 1590.01 real, 4 MB, 1.13 load
[runlim] sample:		1593.76 time, 1600.01 real, 4 MB, 1.18 load
[runlim] sample:		1603.73 time, 1610.01 real, 4 MB, 1.15 load
[runlim] sample:		1613.70 time, 1620.01 real, 4 MB, 1.13 load
[runlim] sample:		1623.67 time, 1630.01 real, 4 MB, 1.11 load
[runlim] sample:		1633.64 time, 1640.01 real, 4 MB, 1.09 load
[runlim] sample:		1643.61 time, 1650.01 real, 4 MB, 1.08 load
[runlim] sample:		1653.58 time, 1660.01 real, 4 MB, 1.07 load
[runlim] sample:		1663.55 time, 1670.01 real, 4 MB, 1.06 load
[runlim] sample:		1673.52 time, 1680.01 real, 4 MB, 1.05 load
[runlim] sample:		1683.49 time, 1690.01 real, 4 MB, 1.04 load
[runlim] sample:		1693.46 time, 1700.01 real, 4 MB, 1.03 load
[runlim] sample:		1703.43 time, 1710.01 real, 4 MB, 1.03 load
[runlim] sample:		1713.40 time, 1720.01 real, 4 MB, 1.02 load
[runlim] sample:		1723.37 time, 1730.01 real, 4 MB, 1.02 load
[runlim] sample:		1733.34 time, 1740.01 real, 4 MB, 1.02 load
[runlim] sample:		1743.31 time, 1750.01 real, 4 MB, 1.01 load
[runlim] sample:		1753.28 time, 1760.01 real, 4 MB, 1.01 load
[runlim] sample:		1763.25 time, 1770.01 real, 4 MB, 1.01 load
[runlim] sample:		1773.22 time, 1780.01 real, 4 MB, 1.01 load
[runlim] sample:		1783.19 time, 1790.01 real, 4 MB, 1.00 load
[runlim] sample:		1793.15 time, 1800.01 real, 4 MB, 1.08 load
[runlim] sample:		1803.12 time, 1810.01 real, 4 MB, 1.07 load
[runlim] sample:		1813.09 time, 1820.01 real, 4 MB, 1.06 load
[runlim] sample:		1823.06 time, 1830.01 real, 4 MB, 1.05 load
[runlim] sample:		1833.03 time, 1840.01 real, 4 MB, 1.04 load
[runlim] sample:		1843.00 time, 1850.01 real, 4 MB, 1.03 load
[runlim] sample:		1852.96 time, 1860.01 real, 4 MB, 1.10 load
[runlim] sample:		1862.93 time, 1870.01 real, 4 MB, 1.08 load
[runlim] sample:		1872.90 time, 1880.01 real, 4 MB, 1.07 load
[runlim] sample:		1882.87 time, 1890.01 real, 4 MB, 1.06 load
[runlim] sample:		1892.84 time, 1900.01 real, 4 MB, 1.05 load
[runlim] sample:		1902.81 time, 1910.01 real, 4 MB, 1.04 load
[runlim] sample:		1912.78 time, 1920.01 real, 4 MB, 1.04 load
[runlim] sample:		1922.75 time, 1930.01 real, 4 MB, 1.03 load
[runlim] sample:		1932.72 time, 1940.01 real, 4 MB, 1.02 load
[runlim] sample:		1942.69 time, 1950.01 real, 4 MB, 1.02 load
[runlim] sample:		1952.66 time, 1960.01 real, 4 MB, 1.02 load
[runlim] sample:		1962.63 time, 1970.01 real, 4 MB, 1.09 load
[runlim] sample:		1972.60 time, 1980.01 real, 4 MB, 1.08 load
[runlim] sample:		1982.56 time, 1990.01 real, 4 MB, 1.07 load
[runlim] sample:		1992.53 time, 2000.01 real, 4 MB, 1.06 load
[runlim] sample:		2002.50 time, 2010.01 real, 4 MB, 1.05 load
[runlim] sample:		2012.47 time, 2020.01 real, 4 MB, 1.04 load
[runlim] sample:		2022.44 time, 2030.01 real, 4 MB, 1.03 load
[runlim] sample:		2032.41 time, 2040.01 real, 4 MB, 1.03 load
[runlim] sample:		2042.38 time, 2050.01 real, 4 MB, 1.10 load
[runlim] sample:		2052.35 time, 2060.01 real, 4 MB, 1.08 load
[runlim] sample:		2062.32 time, 2070.01 real, 4 MB, 1.07 load
[runlim] sample:		2072.29 time, 2080.01 real, 4 MB, 1.06 load
[runlim] sample:		2082.26 time, 2090.01 real, 4 MB, 1.05 load
[runlim] sample:		2092.23 time, 2100.01 real, 4 MB, 1.04 load
[runlim] sample:		2102.19 time, 2110.01 real, 4 MB, 1.03 load
[runlim] sample:		2112.16 time, 2120.01 real, 4 MB, 1.03 load
[runlim] sample:		2122.13 time, 2130.01 real, 4 MB, 1.02 load
[runlim] sample:		2132.10 time, 2140.01 real, 4 MB, 1.02 load
[runlim] sample:		2142.07 time, 2150.01 real, 4 MB, 1.02 load
[runlim] sample:		2152.04 time, 2160.01 real, 4 MB, 1.01 load
[runlim] sample:		2162.01 time, 2170.01 real, 4 MB, 1.01 load
[runlim] sample:		2171.98 time, 2180.01 real, 4 MB, 1.01 load
[runlim] sample:		2181.94 time, 2190.01 real, 4 MB, 1.01 load
[runlim] sample:		2191.91 time, 2200.01 real, 4 MB, 1.00 load
[runlim] sample:		2201.88 time, 2210.01 real, 4 MB, 1.00 load
[runlim] sample:		2211.85 time, 2220.01 real, 4 MB, 1.00 load
[runlim] sample:		2221.82 time, 2230.01 real, 4 MB, 1.00 load
[runlim] sample:		2231.79 time, 2240.01 real, 4 MB, 1.00 load
[runlim] sample:		2241.76 time, 2250.01 real, 4 MB, 1.00 load
[runlim] sample:		2251.73 time, 2260.01 real, 4 MB, 1.00 load
[runlim] sample:		2261.69 time, 2270.01 real, 4 MB, 1.08 load
[runlim] sample:		2271.66 time, 2280.01 real, 4 MB, 1.07 load
[runlim] sample:		2281.63 time, 2290.01 real, 4 MB, 1.06 load
[runlim] sample:		2291.60 time, 2300.01 real, 4 MB, 1.05 load
[runlim] sample:		2301.57 time, 2310.01 real, 4 MB, 1.04 load
[runlim] sample:		2311.54 time, 2320.01 real, 4 MB, 1.03 load
[runlim] sample:		2321.50 time, 2330.01 real, 4 MB, 1.03 load
[runlim] sample:		2331.47 time, 2340.01 real, 4 MB, 1.02 load
[runlim] sample:		2341.44 time, 2350.01 real, 4 MB, 1.02 load
[runlim] sample:		2351.41 time, 2360.01 real, 4 MB, 1.02 load
[runlim] sample:		2361.38 time, 2370.01 real, 4 MB, 1.01 load
[runlim] sample:		2371.35 time, 2380.01 real, 4 MB, 1.01 load
[runlim] sample:		2381.32 time, 2390.01 real, 4 MB, 1.01 load
[runlim] sample:		2391.29 time, 2400.01 real, 4 MB, 1.01 load
[runlim] sample:		2401.26 time, 2410.01 real, 4 MB, 1.09 load
[runlim] sample:		2411.23 time, 2420.01 real, 4 MB, 1.07 load
[runlim] sample:		2421.19 time, 2430.01 real, 4 MB, 1.06 load
[runlim] sample:		2431.16 time, 2440.01 real, 4 MB, 1.05 load
[runlim] sample:		2441.12 time, 2450.01 real, 4 MB, 1.12 load
[runlim] sample:		2451.09 time, 2460.01 real, 4 MB, 1.10 load
[runlim] sample:		2461.06 time, 2470.01 real, 4 MB, 1.08 load
[runlim] sample:		2471.03 time, 2480.01 real, 4 MB, 1.07 load
[runlim] sample:		2481.00 time, 2490.01 real, 4 MB, 1.06 load
[runlim] sample:		2490.97 time, 2500.01 real, 4 MB, 1.05 load
[runlim] sample:		2500.94 time, 2510.01 real, 4 MB, 1.04 load
[runlim] sample:		2510.91 time, 2520.01 real, 4 MB, 1.03 load
[runlim] sample:		2520.88 time, 2530.01 real, 4 MB, 1.03 load
[runlim] sample:		2530.85 time, 2540.01 real, 4 MB, 1.02 load
[runlim] sample:		2540.82 time, 2550.01 real, 4 MB, 1.02 load
[runlim] sample:		2550.78 time, 2560.01 real, 4 MB, 1.09 load
[runlim] sample:		2560.75 time, 2570.01 real, 4 MB, 1.08 load
[runlim] sample:		2570.72 time, 2580.01 real, 4 MB, 1.06 load
[runlim] sample:		2580.69 time, 2590.01 real, 4 MB, 1.13 load
[runlim] sample:		2590.66 time, 2600.01 real, 4 MB, 1.11 load
[runlim] sample:		2600.63 time, 2610.01 real, 4 MB, 1.09 load
[runlim] sample:		2610.60 time, 2620.01 real, 4 MB, 1.08 load
[runlim] sample:		2620.56 time, 2630.01 real, 4 MB, 1.06 load
[runlim] sample:		2630.53 time, 2640.01 real, 4 MB, 1.05 load
[runlim] sample:		2640.50 time, 2650.01 real, 4 MB, 1.04 load
[runlim] sample:		2650.47 time, 2660.01 real, 4 MB, 1.04 load
[runlim] sample:		2660.44 time, 2670.01 real, 4 MB, 1.03 load
[runlim] sample:		2670.40 time, 2680.01 real, 4 MB, 1.03 load
[runlim] sample:		2680.37 time, 2690.01 real, 4 MB, 1.02 load
[runlim] sample:		2690.34 time, 2700.01 real, 4 MB, 1.02 load
[runlim] sample:		2700.31 time, 2710.01 real, 4 MB, 1.01 load
[runlim] sample:		2710.28 time, 2720.01 real, 4 MB, 1.01 load
[runlim] sample:		2720.25 time, 2730.01 real, 4 MB, 1.01 load
[runlim] sample:		2730.21 time, 2740.01 real, 4 MB, 1.01 load
[runlim] sample:		2740.18 time, 2750.01 real, 4 MB, 1.01 load
[runlim] sample:		2750.15 time, 2760.01 real, 4 MB, 1.00 load
[runlim] sample:		2760.12 time, 2770.01 real, 4 MB, 1.00 load
[runlim] sample:		2770.09 time, 2780.01 real, 4 MB, 1.00 load
[runlim] sample:		2780.05 time, 2790.01 real, 4 MB, 1.00 load
[runlim] sample:		2790.02 time, 2800.01 real, 4 MB, 1.00 load
[runlim] sample:		2799.99 time, 2810.01 real, 4 MB, 1.00 load
[runlim] sample:		2809.96 time, 2820.01 real, 4 MB, 1.08 load
[runlim] sample:		2819.92 time, 2830.01 real, 4 MB, 1.07 load
[runlim] sample:		2829.89 time, 2840.01 real, 4 MB, 1.06 load
[runlim] sample:		2839.86 time, 2850.01 real, 4 MB, 1.05 load
[runlim] sample:		2849.83 time, 2860.01 real, 4 MB, 1.04 load
[runlim] sample:		2859.80 time, 2870.01 real, 4 MB, 1.03 load
[runlim] sample:		2869.77 time, 2880.01 real, 4 MB, 1.03 load
[runlim] sample:		2879.73 time, 2890.01 real, 4 MB, 1.02 load
[runlim] sample:		2889.70 time, 2900.01 real, 4 MB, 1.02 load
[runlim] sample:		2899.67 time, 2910.01 real, 4 MB, 1.02 load
[runlim] sample:		2909.64 time, 2920.01 real, 4 MB, 1.01 load
[runlim] sample:		2919.61 time, 2930.01 real, 4 MB, 1.01 load
[runlim] sample:		2929.58 time, 2940.01 real, 4 MB, 1.01 load
[runlim] sample:		2939.54 time, 2950.01 real, 4 MB, 1.01 load
[runlim] sample:		2949.51 time, 2960.01 real, 4 MB, 1.00 load
[runlim] sample:		2959.48 time, 2970.01 real, 4 MB, 1.00 load
[runlim] sample:		2969.45 time, 2980.01 real, 4 MB, 1.00 load
[runlim] sample:		2979.42 time, 2990.01 real, 4 MB, 1.00 load
[runlim] sample:		2989.39 time, 3000.01 real, 4 MB, 1.00 load
[runlim] sample:		2999.36 time, 3010.01 real, 4 MB, 1.07 load
[runlim] sample:		3009.33 time, 3020.01 real, 4 MB, 1.06 load
[runlim] sample:		3019.29 time, 3030.01 real, 4 MB, 1.05 load
[runlim] sample:		3029.26 time, 3040.01 real, 4 MB, 1.04 load
[runlim] sample:		3039.23 time, 3050.01 real, 4 MB, 1.04 load
[runlim] sample:		3049.20 time, 3060.01 real, 4 MB, 1.03 load
[runlim] sample:		3059.17 time, 3070.01 real, 4 MB, 1.10 load
[runlim] sample:		3069.13 time, 3080.01 real, 4 MB, 1.08 load
[runlim] sample:		3079.10 time, 3090.01 real, 4 MB, 1.07 load
[runlim] sample:		3089.07 time, 3100.01 real, 4 MB, 1.06 load
[runlim] sample:		3099.04 time, 3110.01 real, 4 MB, 1.05 load
[runlim] sample:		3109.01 time, 3120.01 real, 4 MB, 1.04 load
[runlim] sample:		3118.97 time, 3130.01 real, 4 MB, 1.11 load
[runlim] sample:		3128.94 time, 3140.01 real, 4 MB, 1.09 load
[runlim] sample:		3138.91 time, 3150.01 real, 4 MB, 1.08 load
[runlim] sample:		3148.88 time, 3160.01 real, 4 MB, 1.07 load
[runlim] sample:		3158.85 time, 3170.01 real, 4 MB, 1.06 load
[runlim] sample:		3168.81 time, 3180.01 real, 4 MB, 1.05 load
[runlim] sample:		3178.78 time, 3190.01 real, 4 MB, 1.04 load
[runlim] sample:		3188.75 time, 3200.01 real, 4 MB, 1.03 load
[runlim] sample:		3198.72 time, 3210.01 real, 4 MB, 1.03 load
[runlim] sample:		3208.69 time, 3220.01 real, 4 MB, 1.02 load
[runlim] sample:		3218.65 time, 3230.01 real, 4 MB, 1.02 load
[runlim] sample:		3228.62 time, 3240.01 real, 4 MB, 1.02 load
[runlim] sample:		3238.59 time, 3250.01 real, 4 MB, 1.01 load
[runlim] sample:		3248.56 time, 3260.01 real, 4 MB, 1.01 load
[runlim] sample:		3258.53 time, 3270.01 real, 4 MB, 1.01 load
[runlim] sample:		3268.49 time, 3280.01 real, 4 MB, 1.01 load
[runlim] sample:		3278.46 time, 3290.01 real, 4 MB, 1.00 load
[runlim] sample:		3288.43 time, 3300.01 real, 4 MB, 1.00 load
[runlim] sample:		3298.39 time, 3310.01 real, 4 MB, 1.00 load
[runlim] sample:		3308.36 time, 3320.01 real, 4 MB, 1.00 load
[runlim] sample:		3318.33 time, 3330.01 real, 4 MB, 1.00 load
[runlim] sample:		3328.30 time, 3340.01 real, 4 MB, 1.00 load
[runlim] sample:		3338.26 time, 3350.01 real, 4 MB, 1.00 load
[runlim] sample:		3348.23 time, 3360.01 real, 4 MB, 1.15 load
[runlim] sample:		3358.20 time, 3370.01 real, 4 MB, 1.12 load
[runlim] sample:		3368.16 time, 3380.01 real, 4 MB, 1.10 load
[runlim] sample:		3378.13 time, 3390.01 real, 4 MB, 1.09 load
[runlim] sample:		3388.10 time, 3400.01 real, 4 MB, 1.07 load
[runlim] sample:		3398.07 time, 3410.01 real, 4 MB, 1.06 load
[runlim] sample:		3408.03 time, 3420.01 real, 4 MB, 1.05 load
[runlim] sample:		3418.00 time, 3430.01 real, 4 MB, 1.04 load
[runlim] sample:		3427.97 time, 3440.01 real, 4 MB, 1.04 load
[runlim] sample:		3437.94 time, 3450.01 real, 4 MB, 1.03 load
[runlim] sample:		3447.91 time, 3460.01 real, 4 MB, 1.02 load
[runlim] sample:		3457.87 time, 3470.01 real, 4 MB, 1.02 load
[runlim] sample:		3467.84 time, 3480.01 real, 4 MB, 1.02 load
[runlim] sample:		3477.81 time, 3490.01 real, 4 MB, 1.01 load
[runlim] sample:		3487.78 time, 3500.01 real, 4 MB, 1.01 load
[runlim] sample:		3497.75 time, 3510.01 real, 4 MB, 1.01 load
[runlim] sample:		3507.72 time, 3520.01 real, 4 MB, 1.01 load
[runlim] sample:		3517.68 time, 3530.01 real, 4 MB, 1.01 load
[runlim] sample:		3527.65 time, 3540.01 real, 4 MB, 1.08 load
[runlim] sample:		3537.62 time, 3550.01 real, 4 MB, 1.07 load
[runlim] sample:		3547.59 time, 3560.01 real, 4 MB, 1.06 load
[runlim] sample:		3557.56 time, 3570.01 real, 4 MB, 1.05 load
[runlim] sample:		3567.53 time, 3580.01 real, 4 MB, 1.04 load
[runlim] sample:		3577.50 time, 3590.01 real, 4 MB, 1.04 load
[runlim] sample:		3587.47 time, 3600.01 real, 4 MB, 1.03 load
[runlim] sample:		3597.43 time, 3610.01 real, 4 MB, 1.10 load
[runlim] sample:		3607.40 time, 3620.01 real, 4 MB, 1.08 load
[runlim] sample:		3617.37 time, 3630.01 real, 4 MB, 1.07 load
[runlim] sample:		3627.33 time, 3640.01 real, 4 MB, 1.06 load
[runlim] sample:		3637.30 time, 3650.01 real, 4 MB, 1.05 load
[runlim] sample:		3647.27 time, 3660.01 real, 4 MB, 1.04 load
[runlim] sample:		3657.24 time, 3670.01 real, 4 MB, 1.03 load
[runlim] sample:		3667.21 time, 3680.01 real, 4 MB, 1.10 load
[runlim] sample:		3677.17 time, 3690.01 real, 4 MB, 1.09 load
[runlim] sample:		3687.14 time, 3700.01 real, 4 MB, 1.07 load
[runlim] sample:		3697.11 time, 3710.01 real, 4 MB, 1.06 load
[runlim] sample:		3707.08 time, 3720.01 real, 4 MB, 1.05 load
[runlim] sample:		3717.05 time, 3730.01 real, 4 MB, 1.04 load
[runlim] sample:		3727.01 time, 3740.01 real, 4 MB, 1.04 load
[runlim] sample:		3736.98 time, 3750.01 real, 4 MB, 1.03 load
[runlim] sample:		3746.95 time, 3760.01 real, 4 MB, 1.02 load
[runlim] sample:		3756.92 time, 3770.01 real, 4 MB, 1.02 load
[runlim] sample:		3766.89 time, 3780.01 real, 4 MB, 1.02 load
[runlim] sample:		3776.85 time, 3790.01 real, 4 MB, 1.01 load
[runlim] sample:		3786.82 time, 3800.01 real, 4 MB, 1.01 load
[runlim] sample:		3796.79 time, 3810.01 real, 4 MB, 1.01 load
[runlim] sample:		3806.76 time, 3820.01 real, 4 MB, 1.01 load
[runlim] sample:		3816.73 time, 3830.01 real, 4 MB, 1.08 load
[runlim] sample:		3826.70 time, 3840.01 real, 4 MB, 1.07 load
[runlim] sample:		3836.66 time, 3850.01 real, 4 MB, 1.06 load
[runlim] sample:		3846.63 time, 3860.01 real, 4 MB, 1.05 load
[runlim] sample:		3856.60 time, 3870.01 real, 4 MB, 1.04 load
[runlim] sample:		3866.57 time, 3880.01 real, 4 MB, 1.03 load
[runlim] sample:		3876.54 time, 3890.01 real, 4 MB, 1.03 load
[runlim] sample:		3886.51 time, 3900.01 real, 4 MB, 1.02 load
[runlim] sample:		3896.47 time, 3910.01 real, 4 MB, 1.02 load
[runlim] sample:		3906.44 time, 3920.01 real, 4 MB, 1.02 load
[runlim] sample:		3916.41 time, 3930.01 real, 4 MB, 1.01 load
[runlim] sample:		3926.38 time, 3940.01 real, 4 MB, 1.01 load
[runlim] sample:		3936.35 time, 3950.01 real, 4 MB, 1.01 load
[runlim] sample:		3946.32 time, 3960.01 real, 4 MB, 1.01 load
[runlim] sample:		3956.29 time, 3970.01 real, 4 MB, 1.00 load
[runlim] sample:		3966.25 time, 3980.01 real, 4 MB, 1.00 load
[runlim] sample:		3976.22 time, 3990.01 real, 4 MB, 1.00 load
[runlim] sample:		3986.19 time, 4000.01 real, 4 MB, 1.00 load
[runlim] sample:		3996.16 time, 4010.01 real, 4 MB, 1.00 load
[runlim] sample:		4006.13 time, 4020.01 real, 4 MB, 1.00 load
[runlim] sample:		4016.09 time, 4030.01 real, 4 MB, 1.07 load
[runlim] sample:		4026.06 time, 4040.01 real, 4 MB, 1.06 load
[runlim] sample:		4036.03 time, 4050.01 real, 4 MB, 1.13 load
[runlim] sample:		4046.00 time, 4060.01 real, 4 MB, 1.11 load
[runlim] sample:		4055.97 time, 4070.01 real, 4 MB, 1.09 load
[runlim] sample:		4065.94 time, 4080.01 real, 4 MB, 1.08 load
[runlim] sample:		4075.91 time, 4090.01 real, 4 MB, 1.43 load
[runlim] sample:		4085.87 time, 4100.01 real, 4 MB, 1.36 load
[runlim] sample:		4095.84 time, 4110.01 real, 4 MB, 1.31 load
[runlim] sample:		4105.81 time, 4120.01 real, 4 MB, 1.26 load
[runlim] sample:		4115.78 time, 4130.01 real, 4 MB, 1.22 load
[runlim] sample:		4125.75 time, 4140.01 real, 4 MB, 1.18 load
[runlim] sample:		4135.71 time, 4150.01 real, 4 MB, 1.23 load
[runlim] sample:		4145.68 time, 4160.01 real, 4 MB, 1.19 load
[runlim] sample:		4155.65 time, 4170.01 real, 4 MB, 1.16 load
[runlim] end:			Fri Mar 20 15:14:35 2026
[runlim] status:		ok
[runlim] result:		0
[runlim] children:		1
[runlim] processes:		2
[runlim] real:			4177.50 seconds
[runlim] time:			4163.03 seconds
[runlim] space:			4 MB
[runlim] load:			5.33 maximum
[runlim] samples:		41774
