[runlim] version:		2.0.0rc1
[runlim] host:			p05n14
[runlim] time limit:		311040000 seconds
[runlim] real time limit:	5000 seconds
[runlim] space limit:		7000 MB
[runlim] argv[0]:		./binary
[runlim] argv[1]:		-c
[runlim] argv[2]:		-f
[runlim] argv[3]:		/tmp/local-unzipped-12236006-4-229-BMS_k3_n100_m429_72.cnf
[runlim] start:			Fri Mar 20 14:04:53 2026
[runlim] child:			3017963
[runlim] sample:		9.97 time, 10.01 real, 4 MB, 3.33 load
[runlim] sample:		19.92 time, 20.01 real, 4 MB, 4.51 load
[runlim] sample:		29.88 time, 30.01 real, 4 MB, 5.12 load
[runlim] end:			Fri Mar 20 14:05:31 2026
[runlim] status:		ok
[runlim] result:		0
[runlim] children:		1
[runlim] processes:		2
[runlim] real:			37.86 seconds
[runlim] time:			37.65 seconds
[runlim] space:			5 MB
[runlim] load:			5.33 maximum
[runlim] samples:		378
