[runlim] version:		2.0.0rc1
[runlim] host:			m09n03
[runlim] time limit:		311040000 seconds
[runlim] real time limit:	5000 seconds
[runlim] space limit:		7000 MB
[runlim] argv[0]:		./binary
[runlim] argv[1]:		-c
[runlim] argv[2]:		-f
[runlim] argv[3]:		/tmp/local-unzipped-12236006-2-67-BMS_k3_n100_m429_132.cnf
[runlim] start:			Fri Mar 20 14:02:09 2026
[runlim] child:			1986146
[runlim] sample:		9.96 time, 10.01 real, 3 MB, 5.41 load
[runlim] sample:		19.91 time, 20.01 real, 4 MB, 5.58 load
[runlim] sample:		29.86 time, 30.01 real, 4 MB, 5.72 load
[runlim] sample:		39.80 time, 40.01 real, 4 MB, 5.69 load
[runlim] sample:		49.75 time, 50.01 real, 4 MB, 5.89 load
[runlim] sample:		59.70 time, 60.01 real, 4 MB, 6.30 load
[runlim] sample:		69.66 time, 70.01 real, 4 MB, 6.63 load
[runlim] sample:		79.63 time, 80.01 real, 4 MB, 6.69 load
[runlim] sample:		89.59 time, 90.01 real, 4 MB, 6.74 load
[runlim] sample:		99.55 time, 100.01 real, 4 MB, 6.78 load
[runlim] sample:		109.52 time, 110.01 real, 4 MB, 6.81 load
[runlim] end:			Fri Mar 20 14:04:00 2026
[runlim] status:		ok
[runlim] result:		0
[runlim] children:		1
[runlim] processes:		2
[runlim] real:			110.82 seconds
[runlim] time:			110.32 seconds
[runlim] space:			4 MB
[runlim] load:			6.81 maximum
[runlim] samples:		1108
