[runlim] version:		2.0.0rc1
[runlim] host:			m01n14
[runlim] time limit:		311040000 seconds
[runlim] real time limit:	5000 seconds
[runlim] space limit:		7000 MB
[runlim] argv[0]:		./binary
[runlim] argv[1]:		-c
[runlim] argv[2]:		-f
[runlim] argv[3]:		-r
[runlim] argv[4]:		/tmp/local-unzipped-12158335-8-483-BMS_k3_n100_m429_475.cnf
[runlim] start:			Sat Mar 14 14:23:16 2026
[runlim] child:			448940
[runlim] end:			Sat Mar 14 14:23:18 2026
[runlim] status:		ok
[runlim] result:		0
[runlim] children:		1
[runlim] processes:		2
[runlim] real:			1.49 seconds
[runlim] time:			1.40 seconds
[runlim] space:			4 MB
[runlim] load:			2.62 maximum
[runlim] samples:		14
