[runlim] version:		2.0.0rc1
[runlim] host:			p09n11
[runlim] time limit:		311040000 seconds
[runlim] real time limit:	5000 seconds
[runlim] space limit:		7000 MB
[runlim] argv[0]:		./binary
[runlim] argv[1]:		-c
[runlim] argv[2]:		-f
[runlim] argv[3]:		-r
[runlim] argv[4]:		/tmp/local-unzipped-12158335-1-52-BMS_k3_n100_m429_408.cnf
[runlim] start:			Sat Mar 14 13:28:38 2026
[runlim] child:			3637310
[runlim] sample:		9.96 time, 10.01 real, 3 MB, 6.53 load
[runlim] sample:		19.93 time, 20.01 real, 4 MB, 6.98 load
[runlim] sample:		29.89 time, 30.01 real, 4 MB, 6.99 load
[runlim] sample:		39.85 time, 40.01 real, 4 MB, 6.99 load
[runlim] sample:		49.82 time, 50.01 real, 4 MB, 6.84 load
[runlim] sample:		59.78 time, 60.01 real, 4 MB, 6.71 load
[runlim] sample:		69.75 time, 70.01 real, 4 MB, 6.60 load
[runlim] sample:		79.71 time, 80.01 real, 4 MB, 6.51 load
[runlim] sample:		89.67 time, 90.01 real, 4 MB, 6.43 load
[runlim] sample:		99.63 time, 100.01 real, 4 MB, 6.36 load
[runlim] sample:		109.59 time, 110.01 real, 4 MB, 6.22 load
[runlim] sample:		119.55 time, 120.01 real, 4 MB, 6.11 load
[runlim] sample:		129.51 time, 130.01 real, 4 MB, 5.94 load
[runlim] sample:		139.47 time, 140.01 real, 4 MB, 5.79 load
[runlim] sample:		149.43 time, 150.01 real, 4 MB, 5.67 load
[runlim] sample:		159.40 time, 160.01 real, 4 MB, 5.57 load
[runlim] sample:		169.36 time, 170.01 real, 4 MB, 5.48 load
[runlim] sample:		179.33 time, 180.01 real, 4 MB, 5.33 load
[runlim] sample:		189.29 time, 190.01 real, 4 MB, 5.04 load
[runlim] sample:		199.26 time, 200.01 real, 4 MB, 4.73 load
[runlim] sample:		209.22 time, 210.01 real, 4 MB, 4.46 load
[runlim] sample:		219.19 time, 220.01 real, 4 MB, 4.24 load
[runlim] sample:		229.15 time, 230.01 real, 4 MB, 4.05 load
[runlim] sample:		239.12 time, 240.01 real, 4 MB, 3.96 load
[runlim] sample:		249.08 time, 250.01 real, 4 MB, 3.81 load
[runlim] sample:		259.05 time, 260.01 real, 4 MB, 3.68 load
[runlim] sample:		269.01 time, 270.01 real, 4 MB, 3.58 load
[runlim] sample:		278.98 time, 280.01 real, 4 MB, 3.49 load
[runlim] sample:		288.94 time, 290.01 real, 4 MB, 3.41 load
[runlim] sample:		298.91 time, 300.01 real, 4 MB, 3.35 load
[runlim] sample:		308.87 time, 310.01 real, 4 MB, 3.30 load
[runlim] sample:		318.83 time, 320.01 real, 4 MB, 3.32 load
[runlim] sample:		328.80 time, 330.01 real, 4 MB, 3.27 load
[runlim] sample:		338.77 time, 340.01 real, 4 MB, 3.23 load
[runlim] sample:		348.74 time, 350.01 real, 4 MB, 3.20 load
[runlim] sample:		358.71 time, 360.01 real, 4 MB, 3.16 load
[runlim] sample:		368.68 time, 370.01 real, 4 MB, 3.14 load
[runlim] sample:		378.65 time, 380.01 real, 4 MB, 3.19 load
[runlim] sample:		388.61 time, 390.01 real, 4 MB, 3.16 load
[runlim] sample:		398.58 time, 400.01 real, 4 MB, 3.14 load
[runlim] sample:		408.55 time, 410.01 real, 4 MB, 3.11 load
[runlim] sample:		418.52 time, 420.01 real, 4 MB, 3.10 load
[runlim] sample:		428.49 time, 430.01 real, 4 MB, 3.08 load
[runlim] sample:		438.45 time, 440.01 real, 4 MB, 3.07 load
[runlim] sample:		448.42 time, 450.01 real, 4 MB, 3.06 load
[runlim] sample:		458.39 time, 460.01 real, 4 MB, 3.05 load
[runlim] sample:		468.36 time, 470.01 real, 4 MB, 3.04 load
[runlim] sample:		478.33 time, 480.01 real, 4 MB, 3.03 load
[runlim] sample:		488.30 time, 490.01 real, 4 MB, 3.03 load
[runlim] sample:		498.26 time, 500.01 real, 4 MB, 3.02 load
[runlim] sample:		508.23 time, 510.01 real, 4 MB, 3.02 load
[runlim] sample:		518.20 time, 520.01 real, 4 MB, 3.09 load
[runlim] sample:		528.17 time, 530.01 real, 4 MB, 3.08 load
[runlim] sample:		538.14 time, 540.01 real, 4 MB, 3.06 load
[runlim] sample:		548.11 time, 550.01 real, 4 MB, 3.05 load
[runlim] sample:		558.07 time, 560.01 real, 4 MB, 3.04 load
[runlim] sample:		568.04 time, 570.01 real, 4 MB, 3.04 load
[runlim] sample:		578.01 time, 580.01 real, 4 MB, 3.10 load
[runlim] sample:		587.98 time, 590.01 real, 4 MB, 3.09 load
[runlim] sample:		597.95 time, 600.01 real, 4 MB, 3.07 load
[runlim] sample:		607.91 time, 610.01 real, 4 MB, 3.06 load
[runlim] sample:		617.88 time, 620.01 real, 4 MB, 3.05 load
[runlim] sample:		627.85 time, 630.01 real, 4 MB, 3.04 load
[runlim] sample:		637.82 time, 640.01 real, 4 MB, 3.11 load
[runlim] sample:		647.79 time, 650.01 real, 4 MB, 3.09 load
[runlim] sample:		657.76 time, 660.01 real, 4 MB, 3.08 load
[runlim] sample:		667.72 time, 670.01 real, 4 MB, 3.07 load
[runlim] sample:		677.69 time, 680.01 real, 4 MB, 3.06 load
[runlim] sample:		687.66 time, 690.01 real, 4 MB, 3.12 load
[runlim] sample:		697.63 time, 700.01 real, 4 MB, 3.10 load
[runlim] sample:		707.60 time, 710.01 real, 4 MB, 3.09 load
[runlim] sample:		717.57 time, 720.01 real, 4 MB, 3.07 load
[runlim] sample:		727.54 time, 730.01 real, 4 MB, 2.98 load
[runlim] sample:		737.50 time, 740.01 real, 4 MB, 2.83 load
[runlim] sample:		747.47 time, 750.01 real, 4 MB, 2.70 load
[runlim] sample:		757.44 time, 760.01 real, 4 MB, 2.59 load
[runlim] sample:		767.41 time, 770.01 real, 4 MB, 2.50 load
[runlim] sample:		777.37 time, 780.01 real, 4 MB, 2.42 load
[runlim] sample:		787.34 time, 790.01 real, 4 MB, 2.36 load
[runlim] sample:		797.31 time, 800.01 real, 4 MB, 2.30 load
[runlim] sample:		807.27 time, 810.01 real, 4 MB, 2.26 load
[runlim] sample:		817.24 time, 820.01 real, 4 MB, 2.22 load
[runlim] sample:		827.21 time, 830.01 real, 4 MB, 2.18 load
[runlim] sample:		837.17 time, 840.01 real, 4 MB, 2.15 load
[runlim] end:			Sat Mar 14 13:42:42 2026
[runlim] status:		ok
[runlim] result:		0
[runlim] children:		1
[runlim] processes:		2
[runlim] real:			843.51 seconds
[runlim] time:			840.56 seconds
[runlim] space:			4 MB
[runlim] load:			6.99 maximum
[runlim] samples:		8434
