[runlim] version:		2.0.0rc1
[runlim] host:			m01n14
[runlim] time limit:		311040000 seconds
[runlim] real time limit:	5000 seconds
[runlim] space limit:		7000 MB
[runlim] argv[0]:		./binary
[runlim] argv[1]:		-c
[runlim] argv[2]:		-f
[runlim] argv[3]:		-r
[runlim] argv[4]:		/tmp/local-unzipped-12158335-8-477-BMS_k3_n100_m429_387.cnf
[runlim] start:			Sat Mar 14 14:23:10 2026
[runlim] child:			448726
[runlim] sample:		9.97 time, 10.01 real, 4 MB, 2.62 load
[runlim] sample:		19.93 time, 20.01 real, 4 MB, 3.45 load
[runlim] sample:		29.89 time, 30.01 real, 4 MB, 4.14 load
[runlim] sample:		39.85 time, 40.01 real, 4 MB, 4.50 load
[runlim] sample:		49.82 time, 50.01 real, 4 MB, 4.58 load
[runlim] sample:		59.79 time, 60.01 real, 4 MB, 4.64 load
[runlim] sample:		69.75 time, 70.01 real, 4 MB, 4.70 load
[runlim] sample:		79.72 time, 80.01 real, 4 MB, 4.75 load
[runlim] sample:		89.69 time, 90.01 real, 4 MB, 4.79 load
[runlim] sample:		99.65 time, 100.01 real, 4 MB, 4.82 load
[runlim] sample:		109.62 time, 110.01 real, 4 MB, 4.85 load
[runlim] sample:		119.58 time, 120.01 real, 4 MB, 4.87 load
[runlim] sample:		129.54 time, 130.01 real, 4 MB, 4.89 load
[runlim] sample:		139.50 time, 140.01 real, 4 MB, 4.83 load
[runlim] sample:		149.46 time, 150.01 real, 4 MB, 4.71 load
[runlim] sample:		159.43 time, 160.01 real, 4 MB, 4.60 load
[runlim] sample:		169.39 time, 170.01 real, 4 MB, 4.50 load
[runlim] sample:		179.35 time, 180.01 real, 4 MB, 4.43 load
[runlim] sample:		189.31 time, 190.01 real, 4 MB, 4.36 load
[runlim] sample:		199.27 time, 200.01 real, 4 MB, 4.30 load
[runlim] sample:		209.23 time, 210.01 real, 4 MB, 4.10 load
[runlim] sample:		219.19 time, 220.01 real, 4 MB, 3.93 load
[runlim] sample:		229.15 time, 230.01 real, 4 MB, 3.79 load
[runlim] sample:		239.12 time, 240.01 real, 4 MB, 3.67 load
[runlim] end:			Sat Mar 14 14:27:18 2026
[runlim] status:		ok
[runlim] result:		0
[runlim] children:		1
[runlim] processes:		2
[runlim] real:			247.82 seconds
[runlim] time:			246.89 seconds
[runlim] space:			4 MB
[runlim] load:			4.89 maximum
[runlim] samples:		2478
