[runlim] version:		2.0.0rc1
[runlim] host:			m10n01
[runlim] time limit:		311040000 seconds
[runlim] real time limit:	5000 seconds
[runlim] space limit:		7000 MB
[runlim] argv[0]:		./binary
[runlim] argv[1]:		-c
[runlim] argv[2]:		-f
[runlim] argv[3]:		-r
[runlim] argv[4]:		/tmp/local-unzipped-12158335-7-397-BMS_k3_n100_m429_493.cnf
[runlim] start:			Sat Mar 14 14:22:41 2026
[runlim] child:			3132380
[runlim] sample:		9.96 time, 10.01 real, 4 MB, 1.76 load
[runlim] sample:		19.92 time, 20.01 real, 4 MB, 2.34 load
[runlim] sample:		29.87 time, 30.01 real, 4 MB, 3.37 load
[runlim] end:			Sat Mar 14 14:23:15 2026
[runlim] status:		ok
[runlim] result:		0
[runlim] children:		1
[runlim] processes:		2
[runlim] real:			33.92 seconds
[runlim] time:			33.75 seconds
[runlim] space:			4 MB
[runlim] load:			3.90 maximum
[runlim] samples:		339
