[runlim] version:		2.0.0rc1
[runlim] host:			m06n07
[runlim] time limit:		311040000 seconds
[runlim] real time limit:	5000 seconds
[runlim] space limit:		7000 MB
[runlim] argv[0]:		./binary
[runlim] argv[1]:		-c
[runlim] argv[2]:		-r
[runlim] argv[3]:		/tmp/local-unzipped-12236046-8-461-BMS_k3_n100_m429_306.cnf
[runlim] start:			Fri Mar 20 17:48:43 2026
[runlim] child:			1097539
[runlim] sample:		9.97 time, 10.01 real, 3 MB, 1.11 load
[runlim] sample:		19.94 time, 20.01 real, 3 MB, 1.33 load
[runlim] end:			Fri Mar 20 17:49:06 2026
[runlim] status:		ok
[runlim] result:		0
[runlim] children:		1
[runlim] processes:		2
[runlim] real:			23.81 seconds
[runlim] time:			23.62 seconds
[runlim] space:			3 MB
[runlim] load:			1.33 maximum
[runlim] samples:		237
