[runlim] version:		2.0.0rc1
[runlim] host:			p03n05
[runlim] time limit:		311040000 seconds
[runlim] real time limit:	5000 seconds
[runlim] space limit:		7000 MB
[runlim] argv[0]:		./binary
[runlim] argv[1]:		-c
[runlim] argv[2]:		-r
[runlim] argv[3]:		/tmp/local-unzipped-12236046-3-178-BMS_k3_n100_m429_274.cnf
[runlim] start:			Fri Mar 20 17:30:33 2026
[runlim] child:			1908405
[runlim] sample:		9.96 time, 10.01 real, 4 MB, 2.67 load
[runlim] sample:		19.92 time, 20.01 real, 4 MB, 3.56 load
[runlim] sample:		29.88 time, 30.01 real, 4 MB, 4.25 load
[runlim] sample:		39.84 time, 40.01 real, 4 MB, 4.82 load
[runlim] sample:		49.81 time, 50.01 real, 4 MB, 5.31 load
[runlim] sample:		59.77 time, 60.01 real, 4 MB, 5.57 load
[runlim] sample:		69.73 time, 70.01 real, 4 MB, 5.71 load
[runlim] sample:		79.70 time, 80.01 real, 4 MB, 5.60 load
[runlim] sample:		89.67 time, 90.01 real, 4 MB, 5.50 load
[runlim] sample:		99.63 time, 100.01 real, 4 MB, 5.43 load
[runlim] sample:		109.60 time, 110.01 real, 4 MB, 5.36 load
[runlim] sample:		119.57 time, 120.01 real, 4 MB, 5.30 load
[runlim] sample:		129.53 time, 130.01 real, 4 MB, 5.26 load
[runlim] sample:		139.50 time, 140.01 real, 4 MB, 5.22 load
[runlim] sample:		149.47 time, 150.01 real, 4 MB, 5.18 load
[runlim] sample:		159.43 time, 160.01 real, 4 MB, 5.08 load
[runlim] sample:		169.38 time, 170.01 real, 4 MB, 4.91 load
[runlim] sample:		179.34 time, 180.01 real, 4 MB, 4.77 load
[runlim] sample:		189.29 time, 190.01 real, 4 MB, 4.65 load
[runlim] sample:		199.25 time, 200.01 real, 4 MB, 4.55 load
[runlim] sample:		209.21 time, 210.01 real, 4 MB, 4.54 load
[runlim] sample:		219.16 time, 220.01 real, 4 MB, 4.46 load
[runlim] sample:		229.12 time, 230.01 real, 4 MB, 4.39 load
[runlim] sample:		239.08 time, 240.01 real, 4 MB, 4.33 load
[runlim] sample:		249.03 time, 250.01 real, 4 MB, 4.28 load
[runlim] sample:		258.99 time, 260.01 real, 4 MB, 4.31 load
[runlim] sample:		268.94 time, 270.01 real, 4 MB, 4.26 load
[runlim] sample:		278.90 time, 280.01 real, 4 MB, 4.37 load
[runlim] sample:		288.85 time, 290.01 real, 4 MB, 4.23 load
[runlim] sample:		298.81 time, 300.01 real, 4 MB, 4.04 load
[runlim] sample:		308.77 time, 310.01 real, 4 MB, 3.88 load
[runlim] sample:		318.73 time, 320.01 real, 4 MB, 3.82 load
[runlim] sample:		328.69 time, 330.01 real, 4 MB, 3.69 load
[runlim] sample:		338.65 time, 340.01 real, 4 MB, 3.59 load
[runlim] sample:		348.60 time, 350.01 real, 4 MB, 3.50 load
[runlim] sample:		358.56 time, 360.01 real, 4 MB, 3.42 load
[runlim] sample:		368.52 time, 370.01 real, 4 MB, 3.35 load
[runlim] sample:		378.47 time, 380.01 real, 4 MB, 3.37 load
[runlim] sample:		388.43 time, 390.01 real, 4 MB, 3.31 load
[runlim] sample:		398.39 time, 400.01 real, 4 MB, 3.27 load
[runlim] sample:		408.35 time, 410.01 real, 4 MB, 3.22 load
[runlim] sample:		418.31 time, 420.01 real, 4 MB, 3.04 load
[runlim] sample:		428.27 time, 430.01 real, 4 MB, 2.88 load
[runlim] sample:		438.23 time, 440.01 real, 4 MB, 2.74 load
[runlim] sample:		448.19 time, 450.01 real, 4 MB, 2.63 load
[runlim] sample:		458.14 time, 460.01 real, 4 MB, 2.53 load
[runlim] sample:		468.10 time, 470.01 real, 4 MB, 2.45 load
[runlim] sample:		478.07 time, 480.01 real, 4 MB, 2.38 load
[runlim] sample:		488.03 time, 490.01 real, 4 MB, 2.32 load
[runlim] sample:		497.99 time, 500.01 real, 4 MB, 2.27 load
[runlim] sample:		507.95 time, 510.01 real, 4 MB, 2.23 load
[runlim] sample:		517.90 time, 520.01 real, 4 MB, 2.19 load
[runlim] sample:		527.87 time, 530.01 real, 4 MB, 2.16 load
[runlim] sample:		537.83 time, 540.01 real, 4 MB, 2.14 load
[runlim] sample:		547.79 time, 550.01 real, 4 MB, 2.12 load
[runlim] sample:		557.75 time, 560.01 real, 4 MB, 2.10 load
[runlim] sample:		567.71 time, 570.01 real, 4 MB, 2.08 load
[runlim] sample:		577.66 time, 580.01 real, 4 MB, 2.07 load
[runlim] sample:		587.63 time, 590.01 real, 4 MB, 2.06 load
[runlim] sample:		597.59 time, 600.01 real, 4 MB, 2.05 load
[runlim] sample:		607.55 time, 610.01 real, 4 MB, 2.04 load
[runlim] sample:		617.51 time, 620.01 real, 4 MB, 2.03 load
[runlim] sample:		627.47 time, 630.01 real, 4 MB, 2.03 load
[runlim] sample:		637.43 time, 640.01 real, 4 MB, 2.02 load
[runlim] sample:		647.39 time, 650.01 real, 4 MB, 2.02 load
[runlim] sample:		657.35 time, 660.01 real, 4 MB, 2.02 load
[runlim] sample:		667.30 time, 670.01 real, 4 MB, 2.01 load
[runlim] sample:		677.27 time, 680.01 real, 4 MB, 2.01 load
[runlim] sample:		687.23 time, 690.01 real, 4 MB, 2.01 load
[runlim] sample:		697.19 time, 700.01 real, 4 MB, 2.01 load
[runlim] sample:		707.15 time, 710.01 real, 4 MB, 2.00 load
[runlim] sample:		717.11 time, 720.01 real, 4 MB, 2.00 load
[runlim] sample:		727.07 time, 730.01 real, 4 MB, 2.00 load
[runlim] sample:		737.03 time, 740.01 real, 4 MB, 2.00 load
[runlim] sample:		746.99 time, 750.01 real, 4 MB, 2.08 load
[runlim] sample:		756.95 time, 760.01 real, 4 MB, 2.07 load
[runlim] sample:		766.91 time, 770.01 real, 4 MB, 2.06 load
[runlim] sample:		776.87 time, 780.01 real, 4 MB, 2.05 load
[runlim] sample:		786.83 time, 790.01 real, 4 MB, 2.04 load
[runlim] sample:		796.79 time, 800.01 real, 4 MB, 2.03 load
[runlim] sample:		806.75 time, 810.01 real, 4 MB, 2.03 load
[runlim] sample:		816.71 time, 820.01 real, 4 MB, 2.02 load
[runlim] sample:		826.67 time, 830.01 real, 4 MB, 2.02 load
[runlim] sample:		836.63 time, 840.01 real, 4 MB, 2.02 load
[runlim] sample:		846.59 time, 850.01 real, 4 MB, 2.01 load
[runlim] sample:		856.55 time, 860.01 real, 4 MB, 2.09 load
[runlim] sample:		866.51 time, 870.01 real, 4 MB, 2.08 load
[runlim] sample:		876.47 time, 880.01 real, 4 MB, 2.06 load
[runlim] sample:		886.43 time, 890.01 real, 4 MB, 2.05 load
[runlim] sample:		896.39 time, 900.01 real, 4 MB, 2.05 load
[runlim] sample:		906.35 time, 910.01 real, 4 MB, 2.04 load
[runlim] sample:		916.31 time, 920.01 real, 4 MB, 2.03 load
[runlim] sample:		926.27 time, 930.01 real, 4 MB, 2.03 load
[runlim] sample:		936.23 time, 940.01 real, 4 MB, 2.02 load
[runlim] sample:		946.19 time, 950.01 real, 4 MB, 2.02 load
[runlim] sample:		956.15 time, 960.01 real, 4 MB, 2.02 load
[runlim] sample:		966.11 time, 970.01 real, 4 MB, 2.01 load
[runlim] sample:		976.07 time, 980.01 real, 4 MB, 2.01 load
[runlim] sample:		986.03 time, 990.01 real, 4 MB, 2.01 load
[runlim] sample:		995.99 time, 1000.01 real, 4 MB, 2.01 load
[runlim] sample:		1005.95 time, 1010.01 real, 4 MB, 2.00 load
[runlim] sample:		1015.91 time, 1020.01 real, 4 MB, 2.00 load
[runlim] sample:		1025.87 time, 1030.01 real, 4 MB, 2.00 load
[runlim] sample:		1035.83 time, 1040.01 real, 4 MB, 2.00 load
[runlim] sample:		1045.79 time, 1050.01 real, 4 MB, 2.00 load
[runlim] sample:		1055.75 time, 1060.01 real, 4 MB, 2.08 load
[runlim] sample:		1065.71 time, 1070.01 real, 4 MB, 2.07 load
[runlim] sample:		1075.67 time, 1080.01 real, 4 MB, 2.06 load
[runlim] sample:		1085.63 time, 1090.01 real, 4 MB, 2.05 load
[runlim] sample:		1095.59 time, 1100.01 real, 4 MB, 2.04 load
[runlim] sample:		1105.55 time, 1110.01 real, 4 MB, 2.03 load
[runlim] sample:		1115.51 time, 1120.01 real, 4 MB, 2.03 load
[runlim] sample:		1125.47 time, 1130.01 real, 4 MB, 2.02 load
[runlim] sample:		1135.43 time, 1140.01 real, 4 MB, 2.02 load
[runlim] sample:		1145.39 time, 1150.01 real, 4 MB, 2.02 load
[runlim] sample:		1155.35 time, 1160.01 real, 4 MB, 2.01 load
[runlim] sample:		1165.31 time, 1170.01 real, 4 MB, 2.01 load
[runlim] sample:		1175.27 time, 1180.01 real, 4 MB, 2.01 load
[runlim] sample:		1185.23 time, 1190.01 real, 4 MB, 2.01 load
[runlim] sample:		1195.20 time, 1200.01 real, 4 MB, 2.00 load
[runlim] sample:		1205.16 time, 1210.01 real, 4 MB, 2.00 load
[runlim] sample:		1215.12 time, 1220.01 real, 4 MB, 2.00 load
[runlim] sample:		1225.08 time, 1230.01 real, 4 MB, 2.00 load
[runlim] sample:		1235.03 time, 1240.01 real, 4 MB, 2.08 load
[runlim] sample:		1245.00 time, 1250.01 real, 4 MB, 2.07 load
[runlim] sample:		1254.96 time, 1260.01 real, 4 MB, 2.06 load
[runlim] sample:		1264.92 time, 1270.01 real, 4 MB, 2.05 load
[runlim] sample:		1274.88 time, 1280.01 real, 4 MB, 2.04 load
[runlim] sample:		1284.84 time, 1290.01 real, 4 MB, 2.03 load
[runlim] sample:		1294.80 time, 1300.01 real, 4 MB, 2.03 load
[runlim] sample:		1304.76 time, 1310.01 real, 4 MB, 2.02 load
[runlim] sample:		1314.72 time, 1320.01 real, 4 MB, 2.02 load
[runlim] sample:		1324.68 time, 1330.01 real, 4 MB, 2.02 load
[runlim] sample:		1334.64 time, 1340.01 real, 4 MB, 2.01 load
[runlim] sample:		1344.60 time, 1350.01 real, 4 MB, 2.01 load
[runlim] sample:		1354.56 time, 1360.01 real, 4 MB, 2.01 load
[runlim] sample:		1364.51 time, 1370.01 real, 4 MB, 2.08 load
[runlim] sample:		1374.48 time, 1380.01 real, 4 MB, 2.07 load
[runlim] sample:		1384.43 time, 1390.01 real, 4 MB, 2.06 load
[runlim] sample:		1394.39 time, 1400.01 real, 4 MB, 2.05 load
[runlim] sample:		1404.35 time, 1410.01 real, 4 MB, 2.04 load
[runlim] sample:		1414.31 time, 1420.01 real, 4 MB, 2.11 load
[runlim] sample:		1424.27 time, 1430.01 real, 4 MB, 2.09 load
[runlim] sample:		1434.23 time, 1440.01 real, 4 MB, 2.08 load
[runlim] sample:		1444.19 time, 1450.01 real, 4 MB, 2.06 load
[runlim] sample:		1454.15 time, 1460.01 real, 4 MB, 2.05 load
[runlim] sample:		1464.11 time, 1470.01 real, 4 MB, 2.04 load
[runlim] sample:		1474.07 time, 1480.01 real, 4 MB, 2.04 load
[runlim] sample:		1484.03 time, 1490.01 real, 4 MB, 2.10 load
[runlim] sample:		1493.99 time, 1500.01 real, 4 MB, 2.09 load
[runlim] end:			Fri Mar 20 17:55:34 2026
[runlim] status:		ok
[runlim] result:		0
[runlim] children:		1
[runlim] processes:		2
[runlim] real:			1500.93 seconds
[runlim] time:			1494.89 seconds
[runlim] space:			4 MB
[runlim] load:			5.71 maximum
[runlim] samples:		15009
