[runlim] version:		2.0.0rc1
[runlim] host:			m05n12
[runlim] time limit:		311040000 seconds
[runlim] real time limit:	5000 seconds
[runlim] space limit:		7000 MB
[runlim] argv[0]:		./binary
[runlim] argv[1]:		-c
[runlim] argv[2]:		-r
[runlim] argv[3]:		/tmp/local-unzipped-12236046-6-384-BMS_k3_n100_m429_188.cnf
[runlim] start:			Fri Mar 20 17:46:21 2026
[runlim] child:			1474384
[runlim] sample:		9.96 time, 10.01 real, 3 MB, 5.50 load
[runlim] sample:		19.92 time, 20.01 real, 4 MB, 6.19 load
[runlim] sample:		29.88 time, 30.01 real, 4 MB, 6.62 load
[runlim] sample:		39.84 time, 40.01 real, 4 MB, 7.06 load
[runlim] sample:		49.80 time, 50.01 real, 4 MB, 7.28 load
[runlim] sample:		59.76 time, 60.01 real, 4 MB, 7.39 load
[runlim] sample:		69.72 time, 70.01 real, 4 MB, 7.40 load
[runlim] sample:		79.68 time, 80.01 real, 4 MB, 7.34 load
[runlim] sample:		89.64 time, 90.01 real, 4 MB, 7.21 load
[runlim] sample:		99.59 time, 100.01 real, 4 MB, 7.18 load
[runlim] sample:		109.54 time, 110.01 real, 4 MB, 7.07 load
[runlim] sample:		119.50 time, 120.01 real, 4 MB, 6.91 load
[runlim] sample:		129.45 time, 130.01 real, 4 MB, 6.77 load
[runlim] sample:		139.40 time, 140.01 real, 4 MB, 6.65 load
[runlim] sample:		149.36 time, 150.01 real, 4 MB, 6.55 load
[runlim] sample:		159.31 time, 160.01 real, 4 MB, 6.46 load
[runlim] sample:		169.27 time, 170.01 real, 4 MB, 6.47 load
[runlim] sample:		179.22 time, 180.01 real, 4 MB, 6.40 load
[runlim] sample:		189.17 time, 190.01 real, 4 MB, 6.34 load
[runlim] sample:		199.13 time, 200.01 real, 4 MB, 6.21 load
[runlim] sample:		209.09 time, 210.01 real, 4 MB, 6.02 load
[runlim] sample:		219.04 time, 220.01 real, 4 MB, 5.86 load
[runlim] sample:		229.00 time, 230.01 real, 4 MB, 5.81 load
[runlim] sample:		238.96 time, 240.01 real, 4 MB, 5.68 load
[runlim] sample:		248.91 time, 250.01 real, 4 MB, 5.58 load
[runlim] sample:		258.87 time, 260.01 real, 4 MB, 5.49 load
[runlim] sample:		268.83 time, 270.01 real, 4 MB, 5.49 load
[runlim] sample:		278.79 time, 280.01 real, 4 MB, 5.41 load
[runlim] sample:		288.74 time, 290.01 real, 4 MB, 5.43 load
[runlim] sample:		298.70 time, 300.01 real, 4 MB, 5.36 load
[runlim] sample:		308.66 time, 310.01 real, 4 MB, 5.31 load
[runlim] end:			Fri Mar 20 17:51:36 2026
[runlim] status:		ok
[runlim] result:		0
[runlim] children:		1
[runlim] processes:		2
[runlim] real:			315.29 seconds
[runlim] time:			313.84 seconds
[runlim] space:			4 MB
[runlim] load:			7.44 maximum
[runlim] samples:		3152
