[runlim] version:		2.0.0rc1
[runlim] host:			p08n04
[runlim] time limit:		311040000 seconds
[runlim] real time limit:	5000 seconds
[runlim] space limit:		7000 MB
[runlim] argv[0]:		./binary
[runlim] argv[1]:		-c
[runlim] argv[2]:		-s
[runlim] argv[3]:		/tmp/local-unzipped-12236038-1-7-BMS_k3_n100_m429_392.cnf
[runlim] start:			Fri Mar 20 16:28:40 2026
[runlim] child:			3338247
[runlim] sample:		9.97 time, 10.01 real, 4 MB, 0.94 load
[runlim] sample:		19.94 time, 20.01 real, 4 MB, 1.19 load
[runlim] sample:		29.90 time, 30.01 real, 4 MB, 1.55 load
[runlim] sample:		39.87 time, 40.01 real, 4 MB, 1.77 load
[runlim] end:			Fri Mar 20 16:29:22 2026
[runlim] status:		ok
[runlim] result:		0
[runlim] children:		1
[runlim] processes:		2
[runlim] real:			41.72 seconds
[runlim] time:			41.56 seconds
[runlim] space:			4 MB
[runlim] load:			1.77 maximum
[runlim] samples:		417
