[runlim] version:		2.0.0rc1
[runlim] host:			p08n03
[runlim] time limit:		311040000 seconds
[runlim] real time limit:	5000 seconds
[runlim] space limit:		7000 MB
[runlim] argv[0]:		./binary
[runlim] argv[1]:		-c
[runlim] argv[2]:		-s
[runlim] argv[3]:		/tmp/local-unzipped-12236038-2-125-BMS_k3_n100_m429_87.cnf
[runlim] start:			Fri Mar 20 16:31:51 2026
[runlim] child:			2852930
[runlim] sample:		9.96 time, 10.01 real, 3 MB, 3.57 load
[runlim] sample:		19.93 time, 20.01 real, 3 MB, 3.79 load
[runlim] end:			Fri Mar 20 16:32:12 2026
[runlim] status:		ok
[runlim] result:		0
[runlim] children:		1
[runlim] processes:		2
[runlim] real:			20.33 seconds
[runlim] time:			20.23 seconds
[runlim] space:			3 MB
[runlim] load:			3.79 maximum
[runlim] samples:		203
