[runlim] version:		2.0.0rc1
[runlim] host:			m05n09
[runlim] time limit:		311040000 seconds
[runlim] real time limit:	5000 seconds
[runlim] space limit:		7000 MB
[runlim] argv[0]:		./binary
[runlim] argv[1]:		-c
[runlim] argv[2]:		-s
[runlim] argv[3]:		/tmp/local-unzipped-12236038-6-339-BMS_k3_n100_m429_161.cnf
[runlim] start:			Fri Mar 20 16:57:39 2026
[runlim] child:			1222343
[runlim] sample:		9.97 time, 10.01 real, 4 MB, 0.51 load
[runlim] sample:		19.93 time, 20.01 real, 4 MB, 0.97 load
[runlim] sample:		29.89 time, 30.01 real, 4 MB, 1.68 load
[runlim] sample:		39.84 time, 40.01 real, 4 MB, 2.42 load
[runlim] sample:		49.80 time, 50.01 real, 4 MB, 3.12 load
[runlim] sample:		59.76 time, 60.01 real, 4 MB, 3.64 load
[runlim] sample:		69.72 time, 70.01 real, 4 MB, 4.00 load
[runlim] sample:		79.68 time, 80.01 real, 4 MB, 3.92 load
[runlim] sample:		89.65 time, 90.01 real, 4 MB, 3.85 load
[runlim] sample:		99.61 time, 100.01 real, 4 MB, 3.72 load
[runlim] sample:		109.58 time, 110.01 real, 4 MB, 3.61 load
[runlim] sample:		119.54 time, 120.01 real, 4 MB, 3.44 load
[runlim] sample:		129.50 time, 130.01 real, 4 MB, 3.21 load
[runlim] sample:		139.45 time, 140.01 real, 4 MB, 3.03 load
[runlim] sample:		149.41 time, 150.01 real, 4 MB, 2.94 load
[runlim] sample:		159.38 time, 160.01 real, 4 MB, 2.80 load
[runlim] sample:		169.35 time, 170.01 real, 4 MB, 2.67 load
[runlim] sample:		179.32 time, 180.01 real, 4 MB, 2.57 load
[runlim] sample:		189.28 time, 190.01 real, 4 MB, 2.48 load
[runlim] sample:		199.25 time, 200.01 real, 4 MB, 2.41 load
[runlim] sample:		209.22 time, 210.01 real, 4 MB, 2.42 load
[runlim] sample:		219.18 time, 220.01 real, 4 MB, 2.35 load
[runlim] sample:		229.15 time, 230.01 real, 4 MB, 2.30 load
[runlim] sample:		239.12 time, 240.01 real, 4 MB, 2.25 load
[runlim] sample:		249.09 time, 250.01 real, 4 MB, 2.21 load
[runlim] sample:		259.06 time, 260.01 real, 4 MB, 2.18 load
[runlim] sample:		269.02 time, 270.01 real, 4 MB, 2.15 load
[runlim] sample:		278.97 time, 280.01 real, 4 MB, 2.20 load
[runlim] sample:		288.93 time, 290.01 real, 4 MB, 2.17 load
[runlim] sample:		298.89 time, 300.01 real, 4 MB, 2.14 load
[runlim] sample:		308.85 time, 310.01 real, 4 MB, 2.12 load
[runlim] sample:		318.80 time, 320.01 real, 4 MB, 2.10 load
[runlim] sample:		328.76 time, 330.01 real, 4 MB, 2.09 load
[runlim] sample:		338.72 time, 340.01 real, 4 MB, 2.22 load
[runlim] sample:		348.67 time, 350.01 real, 4 MB, 2.18 load
[runlim] sample:		358.63 time, 360.01 real, 4 MB, 2.24 load
[runlim] sample:		368.59 time, 370.01 real, 4 MB, 2.20 load
[runlim] sample:		378.55 time, 380.01 real, 4 MB, 2.17 load
[runlim] sample:		388.50 time, 390.01 real, 4 MB, 2.22 load
[runlim] sample:		398.46 time, 400.01 real, 4 MB, 2.26 load
[runlim] sample:		408.42 time, 410.01 real, 4 MB, 2.22 load
[runlim] sample:		418.38 time, 420.01 real, 4 MB, 2.19 load
[runlim] sample:		428.33 time, 430.01 real, 4 MB, 2.16 load
[runlim] sample:		438.29 time, 440.01 real, 4 MB, 2.13 load
[runlim] sample:		448.25 time, 450.01 real, 4 MB, 2.48 load
[runlim] sample:		458.20 time, 460.01 real, 4 MB, 2.41 load
[runlim] sample:		468.16 time, 470.01 real, 4 MB, 2.34 load
[runlim] sample:		478.12 time, 480.01 real, 4 MB, 2.36 load
[runlim] sample:		488.08 time, 490.01 real, 4 MB, 2.31 load
[runlim] sample:		498.03 time, 500.01 real, 4 MB, 2.26 load
[runlim] sample:		508.00 time, 510.01 real, 4 MB, 2.22 load
[runlim] end:			Fri Mar 20 17:06:17 2026
[runlim] status:		ok
[runlim] result:		0
[runlim] children:		1
[runlim] processes:		2
[runlim] real:			517.65 seconds
[runlim] time:			515.57 seconds
[runlim] space:			4 MB
[runlim] load:			4.00 maximum
[runlim] samples:		5176
