[runlim] version:		2.0.0rc1
[runlim] host:			p08n10
[runlim] time limit:		311040000 seconds
[runlim] real time limit:	5000 seconds
[runlim] space limit:		7000 MB
[runlim] argv[0]:		./binary
[runlim] argv[1]:		-c
[runlim] argv[2]:		-s
[runlim] argv[3]:		/tmp/local-unzipped-12236038-3-176-BMS_k3_n100_m429_498.cnf
[runlim] start:			Fri Mar 20 16:33:56 2026
[runlim] child:			3220952
[runlim] sample:		9.96 time, 10.01 real, 3 MB, 1.78 load
[runlim] sample:		19.92 time, 20.01 real, 3 MB, 2.44 load
[runlim] sample:		29.88 time, 30.01 real, 4 MB, 2.90 load
[runlim] sample:		39.84 time, 40.01 real, 4 MB, 3.07 load
[runlim] end:			Fri Mar 20 16:34:36 2026
[runlim] status:		ok
[runlim] result:		0
[runlim] children:		1
[runlim] processes:		2
[runlim] real:			40.41 seconds
[runlim] time:			40.24 seconds
[runlim] space:			4 MB
[runlim] load:			3.15 maximum
[runlim] samples:		404
