[runlim] version:		2.0.0rc1
[runlim] host:			o01n15
[runlim] time limit:		311040000 seconds
[runlim] real time limit:	5000 seconds
[runlim] space limit:		7000 MB
[runlim] argv[0]:		./binary
[runlim] argv[1]:		-c
[runlim] argv[2]:		/tmp/local-unzipped-12273021-2-126-BMS_k3_n100_m429_208.cnf
[runlim] start:			Wed Mar 25 00:15:50 2026
[runlim] child:			1382848
[runlim] sample:		9.97 time, 10.01 real, 4 MB, 6.28 load
[runlim] sample:		19.92 time, 20.01 real, 4 MB, 6.39 load
[runlim] sample:		29.87 time, 30.01 real, 4 MB, 6.57 load
[runlim] sample:		39.83 time, 40.01 real, 4 MB, 6.48 load
[runlim] sample:		49.79 time, 50.01 real, 4 MB, 6.40 load
[runlim] sample:		59.74 time, 60.01 real, 4 MB, 6.34 load
[runlim] sample:		69.70 time, 70.01 real, 4 MB, 6.29 load
[runlim] sample:		79.66 time, 80.01 real, 4 MB, 6.24 load
[runlim] sample:		89.61 time, 90.01 real, 4 MB, 6.29 load
[runlim] sample:		99.57 time, 100.01 real, 4 MB, 6.09 load
[runlim] sample:		109.53 time, 110.01 real, 4 MB, 5.92 load
[runlim] sample:		119.48 time, 120.01 real, 4 MB, 5.78 load
[runlim] sample:		129.44 time, 130.01 real, 4 MB, 5.58 load
[runlim] sample:		139.41 time, 140.01 real, 4 MB, 5.33 load
[runlim] sample:		149.37 time, 150.01 real, 4 MB, 5.13 load
[runlim] sample:		159.33 time, 160.01 real, 4 MB, 4.95 load
[runlim] sample:		169.29 time, 170.01 real, 4 MB, 4.81 load
[runlim] sample:		179.26 time, 180.01 real, 4 MB, 4.68 load
[runlim] end:			Wed Mar 25 00:18:58 2026
[runlim] status:		ok
[runlim] result:		0
[runlim] children:		1
[runlim] processes:		2
[runlim] real:			188.23 seconds
[runlim] time:			187.43 seconds
[runlim] space:			4 MB
[runlim] load:			6.57 maximum
[runlim] samples:		1882
