[runlim] version:		2.0.0rc1
[runlim] host:			o02n15
[runlim] time limit:		311040000 seconds
[runlim] real time limit:	5000 seconds
[runlim] space limit:		7000 MB
[runlim] argv[0]:		./binary
[runlim] argv[1]:		-c
[runlim] argv[2]:		/tmp/local-unzipped-12273021-7-442-BMS_k3_n100_m429_205.cnf
[runlim] start:			Wed Mar 25 00:18:23 2026
[runlim] child:			2435282
[runlim] sample:		9.96 time, 10.01 real, 3 MB, 6.69 load
[runlim] sample:		19.92 time, 20.01 real, 3 MB, 7.05 load
[runlim] sample:		29.87 time, 30.01 real, 3 MB, 7.27 load
[runlim] sample:		39.83 time, 40.01 real, 3 MB, 7.38 load
[runlim] sample:		49.80 time, 50.01 real, 3 MB, 7.32 load
[runlim] sample:		59.76 time, 60.01 real, 4 MB, 7.20 load
[runlim] sample:		69.71 time, 70.01 real, 4 MB, 7.02 load
[runlim] sample:		79.66 time, 80.01 real, 4 MB, 6.86 load
[runlim] sample:		89.62 time, 90.01 real, 4 MB, 6.73 load
[runlim] sample:		99.57 time, 100.01 real, 4 MB, 6.61 load
[runlim] sample:		109.52 time, 110.01 real, 4 MB, 6.59 load
[runlim] sample:		119.48 time, 120.01 real, 4 MB, 6.58 load
[runlim] sample:		129.43 time, 130.01 real, 4 MB, 6.49 load
[runlim] sample:		139.38 time, 140.01 real, 4 MB, 6.42 load
[runlim] sample:		149.34 time, 150.01 real, 4 MB, 6.35 load
[runlim] sample:		159.29 time, 160.01 real, 4 MB, 6.30 load
[runlim] end:			Wed Mar 25 00:21:05 2026
[runlim] status:		ok
[runlim] result:		0
[runlim] children:		1
[runlim] processes:		2
[runlim] real:			162.13 seconds
[runlim] time:			161.38 seconds
[runlim] space:			4 MB
[runlim] load:			7.38 maximum
[runlim] samples:		1621
