[runlim] version:		2.0.0rc1
[runlim] host:			o02n13
[runlim] time limit:		311040000 seconds
[runlim] real time limit:	5000 seconds
[runlim] space limit:		7000 MB
[runlim] argv[0]:		./binary
[runlim] argv[1]:		-c
[runlim] argv[2]:		/tmp/local-unzipped-12273021-6-345-BMS_k3_n100_m429_125.cnf
[runlim] start:			Wed Mar 25 00:17:49 2026
[runlim] child:			2702769
[runlim] sample:		9.96 time, 10.01 real, 3 MB, 5.92 load
[runlim] sample:		19.92 time, 20.01 real, 3 MB, 6.01 load
[runlim] sample:		29.87 time, 30.01 real, 3 MB, 6.47 load
[runlim] sample:		39.82 time, 40.01 real, 3 MB, 6.86 load
[runlim] sample:		49.78 time, 50.01 real, 3 MB, 7.35 load
[runlim] sample:		59.73 time, 60.01 real, 3 MB, 7.75 load
[runlim] sample:		69.68 time, 70.01 real, 3 MB, 8.02 load
[runlim] sample:		79.63 time, 80.01 real, 3 MB, 8.17 load
[runlim] sample:		89.58 time, 90.01 real, 3 MB, 8.30 load
[runlim] sample:		99.54 time, 100.01 real, 3 MB, 8.25 load
[runlim] sample:		109.49 time, 110.01 real, 3 MB, 8.21 load
[runlim] sample:		119.45 time, 120.01 real, 3 MB, 8.03 load
[runlim] sample:		129.41 time, 130.01 real, 3 MB, 7.87 load
[runlim] sample:		139.37 time, 140.01 real, 3 MB, 7.58 load
[runlim] sample:		149.33 time, 150.01 real, 3 MB, 7.42 load
[runlim] sample:		159.28 time, 160.01 real, 3 MB, 7.20 load
[runlim] sample:		169.25 time, 170.01 real, 3 MB, 7.01 load
[runlim] sample:		179.21 time, 180.01 real, 3 MB, 6.86 load
[runlim] sample:		189.17 time, 190.01 real, 3 MB, 6.73 load
[runlim] sample:		199.12 time, 200.01 real, 4 MB, 6.61 load
[runlim] sample:		209.08 time, 210.01 real, 4 MB, 6.60 load
[runlim] sample:		219.04 time, 220.01 real, 4 MB, 6.51 load
[runlim] sample:		229.00 time, 230.01 real, 4 MB, 6.43 load
[runlim] sample:		238.96 time, 240.01 real, 4 MB, 6.44 load
[runlim] sample:		248.91 time, 250.01 real, 4 MB, 6.21 load
[runlim] sample:		258.86 time, 260.01 real, 4 MB, 6.03 load
[runlim] sample:		268.82 time, 270.01 real, 4 MB, 5.95 load
[runlim] sample:		278.77 time, 280.01 real, 4 MB, 5.80 load
[runlim] sample:		288.72 time, 290.01 real, 4 MB, 5.68 load
[runlim] sample:		298.67 time, 300.01 real, 4 MB, 5.57 load
[runlim] sample:		308.63 time, 310.01 real, 4 MB, 5.49 load
[runlim] sample:		318.58 time, 320.01 real, 4 MB, 5.41 load
[runlim] sample:		328.53 time, 330.01 real, 4 MB, 5.43 load
[runlim] sample:		338.48 time, 340.01 real, 4 MB, 5.36 load
[runlim] sample:		348.43 time, 350.01 real, 4 MB, 5.30 load
[runlim] sample:		358.39 time, 360.01 real, 4 MB, 5.26 load
[runlim] sample:		368.34 time, 370.01 real, 4 MB, 5.14 load
[runlim] sample:		378.29 time, 380.01 real, 4 MB, 4.96 load
[runlim] sample:		388.24 time, 390.01 real, 4 MB, 4.81 load
[runlim] sample:		398.20 time, 400.01 real, 4 MB, 4.53 load
[runlim] sample:		408.16 time, 410.01 real, 4 MB, 4.30 load
[runlim] sample:		418.11 time, 420.01 real, 4 MB, 4.10 load
[runlim] sample:		428.07 time, 430.01 real, 4 MB, 3.93 load
[runlim] sample:		438.03 time, 440.01 real, 4 MB, 3.79 load
[runlim] sample:		447.98 time, 450.01 real, 4 MB, 3.75 load
[runlim] sample:		457.94 time, 460.01 real, 4 MB, 3.63 load
[runlim] sample:		467.91 time, 470.01 real, 4 MB, 3.53 load
[runlim] sample:		477.88 time, 480.01 real, 4 MB, 3.45 load
[runlim] sample:		487.84 time, 490.01 real, 4 MB, 3.38 load
[runlim] sample:		497.80 time, 500.01 real, 4 MB, 3.32 load
[runlim] sample:		507.77 time, 510.01 real, 4 MB, 3.35 load
[runlim] sample:		517.73 time, 520.01 real, 4 MB, 3.30 load
[runlim] sample:		527.69 time, 530.01 real, 4 MB, 3.25 load
[runlim] sample:		537.65 time, 540.01 real, 4 MB, 3.21 load
[runlim] sample:		547.61 time, 550.01 real, 4 MB, 3.18 load
[runlim] sample:		557.58 time, 560.01 real, 4 MB, 3.15 load
[runlim] sample:		567.54 time, 570.01 real, 4 MB, 3.21 load
[runlim] sample:		577.50 time, 580.01 real, 4 MB, 3.18 load
[runlim] sample:		587.46 time, 590.01 real, 4 MB, 3.15 load
[runlim] sample:		597.42 time, 600.01 real, 4 MB, 3.12 load
[runlim] sample:		607.39 time, 610.01 real, 4 MB, 3.11 load
[runlim] sample:		617.35 time, 620.01 real, 4 MB, 3.09 load
[runlim] sample:		627.31 time, 630.01 real, 4 MB, 3.07 load
[runlim] sample:		637.27 time, 640.01 real, 4 MB, 3.14 load
[runlim] sample:		647.23 time, 650.01 real, 4 MB, 3.12 load
[runlim] sample:		657.19 time, 660.01 real, 4 MB, 3.10 load
[runlim] sample:		667.15 time, 670.01 real, 4 MB, 3.08 load
[runlim] sample:		677.12 time, 680.01 real, 4 MB, 3.07 load
[runlim] sample:		687.08 time, 690.01 real, 4 MB, 3.06 load
[runlim] sample:		697.04 time, 700.01 real, 4 MB, 2.97 load
[runlim] end:			Wed Mar 25 00:29:30 2026
[runlim] status:		ok
[runlim] result:		0
[runlim] children:		1
[runlim] processes:		2
[runlim] real:			700.69 seconds
[runlim] time:			697.64 seconds
[runlim] space:			4 MB
[runlim] load:			8.30 maximum
[runlim] samples:		7006
