[runlim] version:		2.0.0rc1
[runlim] host:			o02n13
[runlim] time limit:		311040000 seconds
[runlim] real time limit:	5000 seconds
[runlim] space limit:		7000 MB
[runlim] argv[0]:		./binary
[runlim] argv[1]:		-c
[runlim] argv[2]:		/tmp/local-unzipped-12273021-6-352-BMS_k3_n100_m429_453.cnf
[runlim] start:			Wed Mar 25 00:17:56 2026
[runlim] child:			2703020
[runlim] sample:		9.96 time, 10.01 real, 4 MB, 5.84 load
[runlim] sample:		19.92 time, 20.01 real, 4 MB, 6.25 load
[runlim] sample:		29.88 time, 30.01 real, 4 MB, 6.68 load
[runlim] sample:		39.83 time, 40.01 real, 4 MB, 7.11 load
[runlim] sample:		49.79 time, 50.01 real, 4 MB, 7.56 load
[runlim] sample:		59.75 time, 60.01 real, 4 MB, 7.93 load
[runlim] sample:		69.70 time, 70.01 real, 4 MB, 8.10 load
[runlim] sample:		79.66 time, 80.01 real, 4 MB, 8.24 load
[runlim] end:			Wed Mar 25 00:19:18 2026
[runlim] status:		ok
[runlim] result:		0
[runlim] children:		1
[runlim] processes:		2
[runlim] real:			81.15 seconds
[runlim] time:			80.76 seconds
[runlim] space:			4 MB
[runlim] load:			8.24 maximum
[runlim] samples:		811
